44.132.181.113 - - [17/Nov/2017:00:00:05 +0000] "GET /category/books HTTP/1.1" 200 67 "-" "Mozilla/5.0 (compatible; MSIE 9.0; Windows NT 6.1; Trident/5.0)"
168.195.25.139 - - [17/Nov/2017:00:00:10 +0000] "GET /item/networking/2789 HTTP/1.1" 200 132 "/search/?c=Networking" "Mozilla/5.0 (Windows NT 6.0) AppleWebKit/535.11 (KHTML, like Gecko) Chrome/17.0.963.56 Safari/535.11"
80.45.209.74 - - [17/Nov/2017:00:00:15 +0000] "GET /category/software?from=20 HTTP/1.1" 200 86 "/category/cameras?from=20" "Mozilla/4.0 (compatible; MSIE 8.0; Windows NT 6.1; WOW64; Trident/4.0; GTB7.2; SLCC2; .NET CLR 2.0.50727; .NET CLR 3.5.30729; .NET CLR 3.0.30729; Media Center PC 6.0; .NET4.0C)"
60.192.196.122 - - [17/Nov/2017:00:00:20 +0000] "GET /category/office HTTP/1.1" 200 139 "/item/computers/3996" "Mozilla/5.0 (Windows NT 6.0; rv:10.0.1) Gecko/20100101 Firefox/10.0.1"
184.60.35.189 - - [17/Nov/2017:00:00:25 +0000] "GET /category/software HTTP/1.1" 200 104 "/item/networking/3624" "Mozilla/5.0 (Windows NT 6.1; WOW64) AppleWebKit/535.7 (KHTML, like Gecko) Chrome/16.0.912.77 Safari/535.7"
80.126.81.138 - - [17/Nov/2017:00:00:30 +0000] "GET /item/music/2069 HTTP/1.1" 200 133 "/category/office" "Mozilla/5.0 (Windows NT 6.1; WOW64) AppleWebKit/535.7 (KHTML, like Gecko) Chrome/16.0.912.77 Safari/535.7"
84.126.82.184 - - [17/Nov/2017:00:00:35 +0000] "GET /category/computers HTTP/1.1" 200 99 "/search/?c=Electronics" "Mozilla/5.0 (Macintosh; Intel Mac OS X 10.6; rv:9.0.1) Gecko/20100101 Firefox/9.0.1"
116.24.121.47 - - [17/Nov/2017:00:00:40 +0000] "GET /category/health?from=0 HTTP/1.1" 200 81 "/category/computers?from=0" "Mozilla/4.0 (compatible; MSIE 8.0; Windows NT 5.1; Trident/4.0; YTB720; GTB7.2; .NET CLR 1.1.4322; .NET CLR 2.0.50727; .NET CLR 3.0.4506.2152; .NET CLR 3.5.30729)"
204.219.223.54 - - [17/Nov/2017:00:00:45 +0000] "GET /category/networking HTTP/1.1" 200 122 "-" "Mozilla/5.0 (Windows NT 6.1; WOW64) AppleWebKit/535.7 (KHTML, like Gecko) Chrome/16.0.912.77 Safari/535.7"
96.180.146.219 - - [17/Nov/2017:00:00:50 +0000] "GET /item/office/1686 HTTP/1.1" 200 126 "/category/office" "Mozilla/5.0 (Windows NT 6.0; rv:10.0.1) Gecko/20100101 Firefox/10.0.1"
120.63.173.157 - - [17/Nov/2017:00:00:55 +0000] "GET /item/jewelry/2821 HTTP/1.1" 200 68 "-" "Mozilla/4.0 (compatible; MSIE 8.0; Windows NT 6.1; Trident/4.0; YTB730; SLCC2; .NET CLR 2.0.50727; .NET CLR 3.5.30729; .NET CLR 3.0.30729; Media Center PC 6.0; .NET4.0C)"
92.48.177.183 - - [17/Nov/2017:00:01:00 +0000] "GET /item/giftcards/4236 HTTP/1.1" 200 71 "/search/?c=Software+Software" "Mozilla/4.0 (compatible; MSIE 8.0; Windows NT 5.1; Trident/4.0; BTRS122159; GTB7.2; .NET CLR 1.1.4322; .NET CLR 2.0.50727; .NET CLR 3.0.04506.30; .NET CLR 3.0.4506.2152; .NET CLR 3.5.30729; BRI/2)"
136.81.127.192 - - [17/Nov/2017:00:01:05 +0000] "GET /category/software HTTP/1.1" 200 64 "-" "Mozilla/5.0 (Windows NT 6.0; rv:10.0.1) Gecko/20100101 Firefox/10.0.1"
28.165.95.144 - - [17/Nov/2017:00:01:10 +0000] "GET /category/garden HTTP/1.1" 200 121 "-" "Mozilla/5.0 (Macintosh; Intel Mac OS X 10.6; rv:9.0.1) Gecko/20100101 Firefox/9.0.1"
88.48.32.227 - - [17/Nov/2017:00:01:15 +0000] "POST /search/?c=Cameras+Office HTTP/1.1" 200 71 "-" "Mozilla/5.0 (Macintosh; Intel Mac OS X 10.6; rv:9.0.1) Gecko/20100101 Firefox/9.0.1"
76.177.95.159 - - [17/Nov/2017:00:01:20 +0000] "GET /category/software?from=20 HTTP/1.1" 200 49 "/search/?c=Software" "Mozilla/5.0 (Windows NT 6.0; rv:10.0.1) Gecko/20100101 Firefox/10.0.1"
172.108.215.191 - - [17/Nov/2017:00:01:25 +0000] "GET /item/software/2343 HTTP/1.1" 200 81 "/category/electronics" "Mozilla/5.0 (Windows NT 6.1; WOW64; rv:10.0.1) Gecko/20100101 Firefox/10.0.1"
36.207.70.163 - - [17/Nov/2017:00:01:30 +0000] "GET /category/games HTTP/1.1" 200 114 "-" "Mozilla/4.0 (compatible; MSIE 8.0; Windows NT 6.1; WOW64; Trident/4.0; YTB730; GTB7.2; SLCC2; .NET CLR 2.0.50727; .NET CLR 3.5.30729; .NET CLR 3.0.30729; .NET4.0C; .NET4.0E; Media Center PC 6.0)"
160.129.152.167 - - [17/Nov/2017:00:01:35 +0000] "GET /item/software/4520 HTTP/1.1" 200 75 "/category/computers" "Mozilla/5.0 (Windows NT 6.1; WOW64; rv:10.0.1) Gecko/20100101 Firefox/10.0.1"
164.126.158.215 - - [17/Nov/2017:00:01:40 +0000] "GET /category/games HTTP/1.1" 200 78 "/search/?c=Finance+Books" "Mozilla/4.0 (compatible; MSIE 8.0; Windows NT 6.1; WOW64; Trident/4.0; YTB730; GTB7.2; EasyBits GO v1.0; SLCC2; .NET CLR 2.0.50727; .NET CLR 3.5.30729; .NET CLR 3.0.30729; Media Center PC 6.0; .NET4.0C)"
148.126.188.205 - - [17/Nov/2017:00:01:45 +0000] "GET /category/games HTTP/1.1" 200 114 "-" "Mozilla/5.0 (Macintosh; Intel Mac OS X 10.6; rv:9.0.1) Gecko/20100101 Firefox/9.0.1"
88.63.121.43 - - [17/Nov/2017:00:01:50 +0000] "GET /category/jewelry HTTP/1.1" 200 77 "/category/software?from=20" "Mozilla/5.0 (Macintosh; Intel Mac OS X 10.6; rv:9.0.1) Gecko/20100101 Firefox/9.0.1"
140.120.88.217 - - [17/Nov/2017:00:01:55 +0000] "GET /category/software HTTP/1.1" 200 114 "-" "Mozilla/5.0 (Windows NT 6.0; rv:10.0.1) Gecko/20100101 Firefox/10.0.1"
196.69.125.183 - - [17/Nov/2017:00:02:00 +0000] "GET /item/software/2699 HTTP/1.1" 200 50 "/category/electronics?from=20" "Mozilla/4.0 (compatible; MSIE 8.0; Windows NT 5.1; Trident/4.0; YTB720; GTB7.2; .NET CLR 1.1.4322; .NET CLR 2.0.50727; .NET CLR 3.0.4506.2152; .NET CLR 3.5.30729)"
176.87.116.29 - - [17/Nov/2017:00:02:05 +0000] "GET /item/office/2855 HTTP/1.1" 200 52 "/item/cameras/801" "Mozilla/4.0 (compatible; MSIE 8.0; Windows NT 6.1; Trident/4.0; YTB730; SLCC2; .NET CLR 2.0.50727; .NET CLR 3.5.30729; .NET CLR 3.0.30729; Media Center PC 6.0; .NET4.0C)"
112.204.94.24 - - [17/Nov/2017:00:02:10 +0000] "GET /item/electronics/4251 HTTP/1.1" 200 139 "/search/?c=Electronics+Books" "Mozilla/5.0 (compatible; MSIE 9.0; Windows NT 6.1; WOW64; Trident/5.0)"
60.90.187.169 - - [17/Nov/2017:00:02:15 +0000] "POST /search/?c=Networking+Networking HTTP/1.1" 200 50 "-" "Mozilla/4.0 (compatible; MSIE 8.0; Windows NT 6.1; Trident/4.0; YTB730; SLCC2; .NET CLR 2.0.50727; .NET CLR 3.5.30729; .NET CLR 3.0.30729; Media Center PC 6.0; .NET4.0C)"
180.207.97.33 - - [17/Nov/2017:00:02:20 +0000] "GET /item/office/4595 HTTP/1.1" 200 137 "/category/office" "Mozilla/5.0 (Windows NT 6.0; rv:10.0.1) Gecko/20100101 Firefox/10.0.1"
104.30.165.166 - - [17/Nov/2017:00:02:25 +0000] "POST /search/?c=Cameras+Office HTTP/1.1" 200 71 "/category/electronics" "Mozilla/5.0 (compatible; MSIE 9.0; Windows NT 6.1; WOW64; Trident/5.0)"
72.225.153.31 - - [17/Nov/2017:00:02:30 +0000] "GET /category/office HTTP/1.1" 200 59 "-" "Mozilla/5.0 (Windows NT 6.0; rv:10.0.1) Gecko/20100101 Firefox/10.0.1"
72.114.161.169 - - [17/Nov/2017:00:02:35 +0000] "POST /search/?c=Music+Sports HTTP/1.1" 200 126 "-" "Mozilla/5.0 (Windows NT 6.0) AppleWebKit/535.11 (KHTML, like Gecko) Chrome/17.0.963.56 Safari/535.11"
100.219.202.52 - - [17/Nov/2017:00:02:40 +0000] "GET /category/books?from=10 HTTP/1.1" 200 99 "-" "Mozilla/4.0 (compatible; MSIE 8.0; Windows NT 6.1; WOW64; Trident/4.0; GTB7.2; SLCC2; .NET CLR 2.0.50727; .NET CLR 3.5.30729; .NET CLR 3.0.30729; Media Center PC 6.0; .NET4.0C)"
28.66.41.90 - - [17/Nov/2017:00:02:45 +0000] "GET /category/office HTTP/1.1" 200 136 "-" "Mozilla/5.0 (Macintosh; Intel Mac OS X 10.6; rv:9.0.1) Gecko/20100101 Firefox/9.0.1"
208.138.152.63 - - [17/Nov/2017:00:02:50 +0000] "POST /search/?c=Computers HTTP/1.1" 200 100 "/category/books" "Mozilla/5.0 (iPad; CPU OS 5_0_1 like Mac OS X) AppleWebKit/534.46 (KHTML, like Gecko) Version/5.1 Mobile/9A405 Safari/7534.48.3"
68.225.106.184 - - [17/Nov/2017:00:02:55 +0000] "GET /category/computers HTTP/1.1" 200 136 "-" "Mozilla/4.0 (compatible; MSIE 8.0; Windows NT 5.1; Trident/4.0; YTB720; GTB7.2; .NET CLR 1.1.4322; .NET CLR 2.0.50727; .NET CLR 3.0.4506.2152; .NET CLR 3.5.30729)"
220.102.98.97 - - [17/Nov/2017:00:03:00 +0000] "GET /item/software/992 HTTP/1.1" 200 113 "-" "Mozilla/5.0 (Macintosh; Intel Mac OS X 10.6; rv:9.0.1) Gecko/20100101 Firefox/9.0.1"
176.69.100.211 - - [17/Nov/2017:00:03:05 +0000] "GET /category/electronics HTTP/1.1" 200 115 "-" "Mozilla/5.0 (Windows NT 6.0; rv:10.0.1) Gecko/20100101 Firefox/10.0.1"
148.51.21.124 - - [17/Nov/2017:00:03:10 +0000] "GET /item/health/1329 HTTP/1.1" 200 66 "http://www.google.com/search?ie=UTF-8&q=google&sclient=psy-ab&q=Health+Books&oq=Health+Books&aq=f&aqi=g-vL1&aql=&pbx=1&bav=on.2,or.r_gc.r_pw.r_qf.,cf.osb&biw=4478&bih=454" "Mozilla/5.0 (compatible; MSIE 9.0; Windows NT 6.1; WOW64; Trident/5.0)"
136.63.21.83 - - [17/Nov/2017:00:03:15 +0000] "POST /search/?c=Electronics+Garden HTTP/1.1" 200 139 "/item/garden/4029" "Mozilla/5.0 (Windows NT 5.1) AppleWebKit/535.11 (KHTML, like Gecko) Chrome/17.0.963.46 Safari/535.11"
68.222.159.224 - - [17/Nov/2017:00:03:20 +0000] "GET /category/software HTTP/1.1" 200 68 "-" "Mozilla/4.0 (compatible; MSIE 8.0; Windows NT 6.1; WOW64; Trident/4.0; YTB730; GTB7.2; EasyBits GO v1.0; SLCC2; .NET CLR 2.0.50727; .NET CLR 3.5.30729; .NET CLR 3.0.30729; Media Center PC 6.0; .NET4.0C)"
196.195.42.66 - - [17/Nov/2017:00:03:25 +0000] "GET /category/electronics HTTP/1.1" 200 90 "-" "Mozilla/4.0 (compatible; MSIE 8.0; Windows NT 5.1; Trident/4.0; YTB720; GTB7.2; .NET CLR 1.1.4322; .NET CLR 2.0.50727; .NET CLR 3.0.4506.2152; .NET CLR 3.5.30729)"
20.60.125.37 - - [17/Nov/2017:00:03:30 +0000] "GET /category/electronics HTTP/1.1" 200 61 "/category/computers?from=0" "Mozilla/5.0 (Windows NT 6.1; WOW64) AppleWebKit/535.7 (KHTML, like Gecko) Chrome/16.0.912.77 Safari/535.7"
216.153.155.217 - - [17/Nov/2017:00:03:35 +0000] "GET /category/games HTTP/1.1" 200 107 "/category/toys" "Mozilla/4.0 (compatible; MSIE 8.0; Windows NT 6.1; WOW64; Trident/4.0; YTB730; GTB7.2; SLCC2; .NET CLR 2.0.50727; .NET CLR 3.5.30729; .NET CLR 3.0.30729; .NET4.0C; .NET4.0E; Media Center PC 6.0)"
148.102.155.163 - - [17/Nov/2017:00:03:40 +0000] "GET /category/electronics?from=20 HTTP/1.1" 200 48 "/item/software/2434" "Mozilla/5.0 (Windows NT 6.0; rv:10.0.1) Gecko/20100101 Firefox/10.0.1"
148.126.188.205 - - [17/Nov/2017:00:03:45 +0000] "GET /category/electronics HTTP/1.1" 200 138 "-" "Mozilla/5.0 (Windows NT 6.1; WOW64) AppleWebKit/535.7 (KHTML, like Gecko) Chrome/16.0.912.77 Safari/535.7"
36.33.116.55 - - [17/Nov/2017:00:03:50 +0000] "GET /item/giftcards/3907 HTTP/1.1" 200 93 "/item/electronics/3377" "Mozilla/5.0 (Windows NT 5.1) AppleWebKit/535.11 (KHTML, like Gecko) Chrome/17.0.963.46 Safari/535.11"
36.219.69.202 - - [17/Nov/2017:00:03:55 +0000] "GET /item/garden/2308 HTTP/1.1" 200 62 "-" "Mozilla/4.0 (compatible; MSIE 8.0; Windows NT 5.1; Trident/4.0; YTB720; GTB7.2; .NET CLR 1.1.4322; .NET CLR 2.0.50727; .NET CLR 3.0.4506.2152; .NET CLR 3.5.30729)"
212.156.57.223 - - [17/Nov/2017:00:04:00 +0000] "GET /item/electronics/2595 HTTP/1.1" 200 59 "-" "Mozilla/5.0 (iPad; CPU OS 5_0_1 like Mac OS X) AppleWebKit/534.46 (KHTML, like Gecko) Version/5.1 Mobile/9A405 Safari/7534.48.3"
228.111.87.205 - - [17/Nov/2017:00:04:05 +0000] "GET /category/software HTTP/1.1" 200 103 "/item/electronics/446" "Mozilla/5.0 (Windows NT 6.0; rv:10.0.1) Gecko/20100101 Firefox/10.0.1"
192.198.25.191 - - [17/Nov/2017:00:04:10 +0000] "POST /search/?c=Cameras HTTP/1.1" 200 132 "-" "Mozilla/5.0 (compatible; MSIE 9.0; Windows NT 6.1; Trident/5.0)"
36.126.180.91 - - [17/Nov/2017:00:04:15 +0000] "POST /search/?c=Software HTTP/1.1" 200 126 "-" "Mozilla/5.0 (Windows NT 6.0; rv:10.0.1) Gecko/20100101 Firefox/10.0.1"
128.63.115.118 - - [17/Nov/2017:00:04:20 +0000] "GET /category/books HTTP/1.1" 200 131 "/category/software" "Mozilla/5.0 (Windows NT 6.0; rv:10.0.1) Gecko/20100101 Firefox/10.0.1"
152.45.194.229 - - [17/Nov/2017:00:04:25 +0000] "GET /category/software HTTP/1.1" 200 50 "/category/electronics" "Mozilla/5.0 (iPhone; CPU iPhone OS 5_0_1 like Mac OS X) AppleWebKit/534.46 (KHTML, like Gecko) Version/5.1 Mobile/9A405 Safari/7534.48.3"
168.129.116.168 - - [17/Nov/2017:00:04:30 +0000] "GET /item/electronics/2825 HTTP/1.1" 200 108 "/category/electronics" "Mozilla/5.0 (compatible; Googlebot/2.1; +http://www.google.com/bot.html)"
28.81.112.82 - - [17/Nov/2017:00:04:35 +0000] "GET /category/electronics HTTP/1.1" 200 61 "-" "Mozilla/5.0 (Windows NT 6.1; WOW64) AppleWebKit/535.11 (KHTML, like Gecko) Chrome/17.0.963.56 Safari/535.11"
36.81.83.145 - - [17/Nov/2017:00:04:40 +0000] "GET /item/music/2915 HTTP/1.1" 200 106 "/search/?c=Music" "Mozilla/4.0 (compatible; MSIE 8.0; Windows NT 6.0; WOW64; Trident/4.0; GTB6; SLCC1; .NET CLR 2.0.50727; Media Center PC 5.0; .NET CLR 3.5.30729; .NET CLR 3.0.30618; .NET4.0C)"
48.183.212.212 - - [17/Nov/2017:00:04:45 +0000] "GET /item/health/961 HTTP/1.1" 200 102 "-" "Mozilla/4.0 (compatible; MSIE 8.0; Windows NT 6.1; WOW64; Trident/4.0; YTB730; GTB7.2; EasyBits GO v1.0; SLCC2; .NET CLR 2.0.50727; .NET CLR 3.5.30729; .NET CLR 3.0.30729; Media Center PC 6.0; .NET4.0C)"
172.186.119.42 - - [17/Nov/2017:00:04:50 +0000] "GET /category/software?from=0 HTTP/1.1" 200 64 "/category/jewelry" "Mozilla/5.0 (compatible; MSIE 9.0; Windows NT 6.1; WOW64; Trident/5.0)"
152.72.100.218 - - [17/Nov/2017:00:04:55 +0000] "GET /category/software HTTP/1.1" 200 70 "-" "Mozilla/5.0 (iPhone; CPU iPhone OS 5_0_1 like Mac OS X) AppleWebKit/534.46 (KHTML, like Gecko) Version/5.1 Mobile/9A405 Safari/7534.48.3"
40.33.157.65 - - [17/Nov/2017:00:05:00 +0000] "POST /search/?c=Software+Electronics HTTP/1.1" 200 97 "/category/music?from=0" "Mozilla/4.0 (compatible; MSIE 8.0; Windows NT 6.1; WOW64; Trident/4.0; GTB7.2; SLCC2; .NET CLR 2.0.50727; .NET CLR 3.5.30729; .NET CLR 3.0.30729; Media Center PC 6.0; .NET4.0C)"
168.60.226.215 - - [17/Nov/2017:00:05:05 +0000] "POST /search/?c=Electronics+Software HTTP/1.1" 200 67 "-" "Mozilla/4.0 (compatible; MSIE 8.0; Windows NT 6.1; Trident/4.0; YTB730; SLCC2; .NET CLR 2.0.50727; .NET CLR 3.5.30729; .NET CLR 3.0.30729; Media Center PC 6.0; .NET4.0C)"
216.129.86.169 - - [17/Nov/2017:00:05:10 +0000] "POST /search/?c=Software HTTP/1.1" 200 61 "-" "Mozilla/5.0 (Windows NT 6.1; WOW64) AppleWebKit/535.7 (KHTML, like Gecko) Chrome/16.0.912.77 Safari/535.7"
64.126.80.139 - - [17/Nov/2017:00:05:15 +0000] "GET /category/cameras HTTP/1.1" 200 116 "/search/?c=Software" "Mozilla/4.0 (compatible; MSIE 8.0; Windows NT 6.0; WOW64; Trident/4.0; GTB6; SLCC1; .NET CLR 2.0.50727; Media Center PC 5.0; .NET CLR 3.5.30729; .NET CLR 3.0.30618; .NET4.0C)"
28.135.217.112 - - [17/Nov/2017:00:05:20 +0000] "GET /item/health/1094 HTTP/1.1" 200 86 "http://www.google.com/search?ie=UTF-8&q=google&sclient=psy-ab&q=Health+Garden&oq=Health+Garden&aq=f&aqi=g-vL1&aql=&pbx=1&bav=on.2,or.r_gc.r_pw.r_qf.,cf.osb&biw=2&bih=425" "Mozilla/5.0 (Windows NT 6.1; WOW64) AppleWebKit/535.11 (KHTML, like Gecko) Chrome/17.0.963.56 Safari/535.11"
44.132.181.113 - - [17/Nov/2017:00:05:25 +0000] "GET /item/giftcards/3622 HTTP/1.1" 200 59 "/category/giftcards" "Mozilla/5.0 (Windows NT 6.1; WOW64) AppleWebKit/535.11 (KHTML, like Gecko) Chrome/17.0.963.56 Safari/535.11"
72.123.144.157 - - [17/Nov/2017:00:05:30 +0000] "GET /item/jewelry/2479 HTTP/1.1" 200 126 "http://www.google.com/search?ie=UTF-8&q=google&sclient=psy-ab&q=Jewelry&oq=Jewelry&aq=f&aqi=g-vL1&aql=&pbx=1&bav=on.2,or.r_gc.r_pw.r_qf.,cf.osb&biw=896&bih=28" "Mozilla/5.0 (iPhone; CPU iPhone OS 5_0_1 like Mac OS X) AppleWebKit/534.46 (KHTML, like Gecko) Version/5.1 Mobile/9A405 Safari/7534.48.3"
44.189.22.22 - - [17/Nov/2017:00:05:35 +0000] "GET /category/toys HTTP/1.1" 200 120 "-" "Mozilla/5.0 (compatible; MSIE 9.0; Windows NT 6.1; WOW64; Trident/5.0)"
228.81.180.20 - - [17/Nov/2017:00:05:40 +0000] "GET /item/software/4034 HTTP/1.1" 200 131 "/category/software" "Mozilla/5.0 (Macintosh; Intel Mac OS X 10.6; rv:9.0.1) Gecko/20100101 Firefox/9.0.1"
80.189.195.176 - - [17/Nov/2017:00:05:45 +0000] "GET /category/finance HTTP/1.1" 200 139 "/category/books?from=20" "Mozilla/4.0 (compatible; MSIE 8.0; Windows NT 5.1; Trident/4.0; BTRS122159; GTB7.2; .NET CLR 1.1.4322; .NET CLR 2.0.50727; .NET CLR 3.0.04506.30; .NET CLR 3.0.4506.2152; .NET CLR 3.5.30729; BRI/2)"
224.96.137.128 - - [17/Nov/2017:00:05:50 +0000] "GET /category/electronics HTTP/1.1" 200 48 "/item/books/4586" "Mozilla/4.0 (compatible; MSIE 8.0; Windows NT 6.1; Trident/4.0; YTB730; SLCC2; .NET CLR 2.0.50727; .NET CLR 3.5.30729; .NET CLR 3.0.30729; Media Center PC 6.0; .NET4.0C)"
208.21.55.191 - - [17/Nov/2017:00:05:55 +0000] "GET /category/software HTTP/1.1" 200 50 "/category/electronics" "Mozilla/5.0 (Windows NT 6.0; rv:10.0.1) Gecko/20100101 Firefox/10.0.1"
48.39.50.112 - - [17/Nov/2017:00:06:00 +0000] "GET /category/software HTTP/1.1" 200 119 "/item/cameras/2541" "Mozilla/4.0 (compatible; MSIE 8.0; Windows NT 6.1; WOW64; Trident/4.0; YTB730; GTB7.2; EasyBits GO v1.0; SLCC2; .NET CLR 2.0.50727; .NET CLR 3.5.30729; .NET CLR 3.0.30729; Media Center PC 6.0; .NET4.0C)"
52.153.207.187 - - [17/Nov/2017:00:06:05 +0000] "GET /category/finance HTTP/1.1" 200 135 "http://www.google.com/search?ie=UTF-8&q=google&sclient=psy-ab&q=Finance+Games&oq=Finance+Games&aq=f&aqi=g-vL1&aql=&pbx=1&bav=on.2,or.r_gc.r_pw.r_qf.,cf.osb&biw=596&bih=410" "Mozilla/5.0 (Windows NT 6.0; rv:10.0.1) Gecko/20100101 Firefox/10.0.1"
204.162.85.31 - - [17/Nov/2017:00:06:10 +0000] "GET /item/games/918 HTTP/1.1" 200 76 "/search/?c=Games+Office" "Mozilla/5.0 (compatible; MSIE 9.0; Windows NT 6.1; WOW64; Trident/5.0)"
156.189.180.223 - - [17/Nov/2017:00:06:15 +0000] "GET /item/books/4067 HTTP/1.1" 200 121 "/search/?c=Finance+Books" "Mozilla/5.0 (compatible; MSIE 9.0; Windows NT 6.1; Trident/5.0)"
48.183.212.212 - - [17/Nov/2017:00:06:20 +0000] "GET /category/computers?from=20 HTTP/1.1" 200 52 "/item/electronics/2990" "Mozilla/5.0 (Windows NT 5.1) AppleWebKit/535.11 (KHTML, like Gecko) Chrome/17.0.963.46 Safari/535.11"
144.45.41.37 - - [17/Nov/2017:00:06:25 +0000] "GET /category/electronics HTTP/1.1" 200 80 "/item/electronics/4005" "Mozilla/5.0 (iPad; CPU OS 5_0_1 like Mac OS X) AppleWebKit/534.46 (KHTML, like Gecko) Version/5.1 Mobile/9A405 Safari/7534.48.3"
216.30.210.172 - - [17/Nov/2017:00:06:30 +0000] "GET /category/software?from=0 HTTP/1.1" 200 77 "/search/?c=Software+Finance" "Mozilla/5.0 (iPhone; CPU iPhone OS 5_0_1 like Mac OS X) AppleWebKit/534.46 (KHTML, like Gecko) Version/5.1 Mobile/9A405 Safari/7534.48.3"
84.126.57.104 - - [17/Nov/2017:00:06:35 +0000] "GET /category/electronics HTTP/1.1" 200 49 "-" "Mozilla/5.0 (Windows NT 6.0; rv:10.0.1) Gecko/20100101 Firefox/10.0.1"
176.27.158.207 - - [17/Nov/2017:00:06:40 +0000] "GET /item/games/3254 HTTP/1.1" 200 41 "/item/electronics/2972" "Mozilla/5.0 (Windows NT 6.1; WOW64; rv:10.0.1) Gecko/20100101 Firefox/10.0.1"
220.57.136.83 - - [17/Nov/2017:00:06:45 +0000] "GET /category/games?from=20 HTTP/1.1" 200 119 "/item/electronics/3545" "Mozilla/4.0 (compatible; MSIE 8.0; Windows NT 5.1; Trident/4.0; YTB720; GTB7.2; .NET CLR 1.1.4322; .NET CLR 2.0.50727; .NET CLR 3.0.4506.2152; .NET CLR 3.5.30729)"
152.51.200.216 - - [17/Nov/2017:00:06:50 +0000] "GET /category/jewelry HTTP/1.1" 200 118 "/item/office/4595" "Mozilla/5.0 (compatible; MSIE 9.0; Windows NT 6.1; WOW64; Trident/5.0)"
104.207.115.95 - - [17/Nov/2017:00:06:55 +0000] "GET /category/electronics HTTP/1.1" 200 54 "-" "Mozilla/5.0 (iPhone; CPU iPhone OS 5_0_1 like Mac OS X) AppleWebKit/534.46 (KHTML, like Gecko) Version/5.1 Mobile/9A405 Safari/7534.48.3"
196.189.27.51 - - [17/Nov/2017:00:07:00 +0000] "GET /item/garden/4052 HTTP/1.1" 200 88 "/search/?c=Garden" "Mozilla/5.0 (iPad; CPU OS 5_0_1 like Mac OS X) AppleWebKit/534.46 (KHTML, like Gecko) Version/5.1 Mobile/9A405 Safari/7534.48.3"
36.183.156.215 - - [17/Nov/2017:00:07:05 +0000] "GET /item/electronics/4642 HTTP/1.1" 200 65 "/search/?c=Electronics+Office" "Mozilla/4.0 (compatible; MSIE 8.0; Windows NT 6.0; WOW64; Trident/4.0; GTB6; SLCC1; .NET CLR 2.0.50727; Media Center PC 5.0; .NET CLR 3.5.30729; .NET CLR 3.0.30618; .NET4.0C)"
20.60.125.37 - - [17/Nov/2017:00:07:10 +0000] "GET /category/cameras?from=20 HTTP/1.1" 200 133 "/category/electronics" "Mozilla/5.0 (compatible; MSIE 9.0; Windows NT 6.1; WOW64; Trident/5.0)"
100.84.214.95 - - [17/Nov/2017:00:07:15 +0000] "GET /category/office HTTP/1.1" 200 82 "-" "Mozilla/5.0 (Windows NT 6.1; WOW64) AppleWebKit/535.7 (KHTML, like Gecko) Chrome/16.0.912.77 Safari/535.7"
44.213.68.121 - - [17/Nov/2017:00:07:20 +0000] "GET /category/jewelry HTTP/1.1" 200 95 "/category/jewelry" "Mozilla/5.0 (Windows NT 6.1; WOW64) AppleWebKit/535.11 (KHTML, like Gecko) Chrome/17.0.963.56 Safari/535.11"
28.129.94.208 - - [17/Nov/2017:00:07:25 +0000] "GET /item/books/590 HTTP/1.1" 200 55 "/search/?c=Books" "Mozilla/5.0 (Windows NT 6.1; WOW64) AppleWebKit/535.11 (KHTML, like Gecko) Chrome/17.0.963.56 Safari/535.11"
208.117.69.117 - - [17/Nov/2017:00:07:30 +0000] "GET /item/networking/3831 HTTP/1.1" 200 85 "/category/books" "Mozilla/5.0 (Windows NT 6.0; rv:10.0.1) Gecko/20100101 Firefox/10.0.1"
116.99.75.204 - - [17/Nov/2017:00:07:35 +0000] "GET /category/jewelry HTTP/1.1" 200 111 "/category/electronics" "Mozilla/5.0 (Windows NT 6.0; rv:10.0.1) Gecko/20100101 Firefox/10.0.1"
176.30.78.65 - - [17/Nov/2017:00:07:40 +0000] "POST /search/?c=Books+Networking HTTP/1.1" 200 82 "/item/office/1523" "Mozilla/5.0 (Macintosh; Intel Mac OS X 10.6; rv:9.0.1) Gecko/20100101 Firefox/9.0.1"
152.87.67.123 - - [17/Nov/2017:00:07:45 +0000] "GET /item/electronics/1206 HTTP/1.1" 200 136 "/category/electronics" "Mozilla/5.0 (Windows NT 6.0; rv:10.0.1) Gecko/20100101 Firefox/10.0.1"
32.177.40.26 - - [17/Nov/2017:00:07:50 +0000] "GET /category/software HTTP/1.1" 200 85 "-" "Mozilla/4.0 (compatible; MSIE 8.0; Windows NT 6.1; WOW64; Trident/4.0; YTB730; GTB7.2; EasyBits GO v1.0; SLCC2; .NET CLR 2.0.50727; .NET CLR 3.5.30729; .NET CLR 3.0.30729; Media Center PC 6.0; .NET4.0C)"
40.126.128.141 - - [17/Nov/2017:00:07:55 +0000] "GET /category/books HTTP/1.1" 200 49 "/category/office" "Mozilla/5.0 (Windows NT 6.0; rv:10.0.1) Gecko/20100101 Firefox/10.0.1"
156.189.180.223 - - [17/Nov/2017:00:08:00 +0000] "GET /category/office HTTP/1.1" 200 133 "/item/finance/4100" "Mozilla/5.0 (Windows NT 6.0) AppleWebKit/535.11 (KHTML, like Gecko) Chrome/17.0.963.56 Safari/535.11"
192.96.212.129 - - [17/Nov/2017:00:08:05 +0000] "GET /item/garden/4383 HTTP/1.1" 200 95 "/search/?c=Garden" "Mozilla/4.0 (compatible; MSIE 8.0; Windows NT 6.1; WOW64; Trident/4.0; GTB7.2; SLCC2; .NET CLR 2.0.50727; .NET CLR 3.5.30729; .NET CLR 3.0.30729; Media Center PC 6.0; .NET4.0C)"
32.39.91.121 - - [17/Nov/2017:00:08:10 +0000] "GET /item/games/4819 HTTP/1.1" 200 115 "-" "Mozilla/5.0 (Windows NT 6.1; WOW64; rv:10.0.1) Gecko/20100101 Firefox/10.0.1"
112.57.196.125 - - [17/Nov/2017:00:08:15 +0000] "GET /category/networking HTTP/1.1" 200 53 "/search/?c=Health" "Mozilla/4.0 (compatible; MSIE 8.0; Windows NT 5.1; Trident/4.0; YTB720; GTB7.2; .NET CLR 1.1.4322; .NET CLR 2.0.50727; .NET CLR 3.0.4506.2152; .NET CLR 3.5.30729)"
28.21.175.63 - - [17/Nov/2017:00:08:20 +0000] "GET /category/office HTTP/1.1" 200 59 "-" "Mozilla/4.0 (compatible; MSIE 8.0; Windows NT 6.1; WOW64; Trident/4.0; GTB7.2; SLCC2; .NET CLR 2.0.50727; .NET CLR 3.5.30729; .NET CLR 3.0.30729; Media Center PC 6.0; .NET4.0C)"
216.30.210.172 - - [17/Nov/2017:00:08:25 +0000] "GET /category/software HTTP/1.1" 200 93 "-" "Mozilla/5.0 (Windows NT 6.1; WOW64; rv:10.0.1) Gecko/20100101 Firefox/10.0.1"
116.63.29.208 - - [17/Nov/2017:00:08:30 +0000] "GET /item/jewelry/428 HTTP/1.1" 200 53 "/category/software" "Mozilla/5.0 (Windows NT 6.1; WOW64; rv:10.0.1) Gecko/20100101 Firefox/10.0.1"
60.225.108.28 - - [17/Nov/2017:00:08:35 +0000] "GET /item/networking/973 HTTP/1.1" 200 48 "/category/books" "Mozilla/5.0 (Windows NT 6.1; WOW64; rv:10.0.1) Gecko/20100101 Firefox/10.0.1"
180.54.65.44 - - [17/Nov/2017:00:08:40 +0000] "GET /item/electronics/861 HTTP/1.1" 200 85 "-" "Mozilla/5.0 (Windows NT 6.1; WOW64) AppleWebKit/535.7 (KHTML, like Gecko) Chrome/16.0.912.77 Safari/535.7"
124.48.209.187 - - [17/Nov/2017:00:08:45 +0000] "GET /item/software/4933 HTTP/1.1" 200 52 "-" "Mozilla/5.0 (Windows NT 6.1; WOW64) AppleWebKit/535.7 (KHTML, like Gecko) Chrome/16.0.912.77 Safari/535.7"
88.195.115.100 - - [17/Nov/2017:00:08:50 +0000] "GET /item/books/4942 HTTP/1.1" 200 76 "/category/games" "Mozilla/5.0 (Windows NT 6.1; WOW64; rv:10.0.1) Gecko/20100101 Firefox/10.0.1"
108.144.39.52 - - [17/Nov/2017:00:08:55 +0000] "GET /item/books/3336 HTTP/1.1" 200 88 "/item/software/2109" "Mozilla/5.0 (Windows NT 5.1) AppleWebKit/535.11 (KHTML, like Gecko) Chrome/17.0.963.46 Safari/535.11"
128.63.115.118 - - [17/Nov/2017:00:09:00 +0000] "GET /category/software HTTP/1.1" 200 106 "-" "Mozilla/5.0 (Windows NT 6.0; rv:10.0.1) Gecko/20100101 Firefox/10.0.1"
132.84.135.35 - - [17/Nov/2017:00:09:05 +0000] "POST /search/?c=Electronics+Garden HTTP/1.1" 200 118 "-" "Mozilla/5.0 (Windows NT 6.0; rv:10.0.1) Gecko/20100101 Firefox/10.0.1"
168.216.60.85 - - [17/Nov/2017:00:09:10 +0000] "GET /item/electronics/4416 HTTP/1.1" 200 94 "/item/electronics/3972" "Mozilla/5.0 (Windows NT 6.1; WOW64) AppleWebKit/535.11 (KHTML, like Gecko) Chrome/17.0.963.56 Safari/535.11"
80.162.143.170 - - [17/Nov/2017:00:09:15 +0000] "GET /category/health HTTP/1.1" 200 103 "/search/?c=Music+Giftcards" "Mozilla/5.0 (iPad; CPU OS 5_0_1 like Mac OS X) AppleWebKit/534.46 (KHTML, like Gecko) Version/5.1 Mobile/9A405 Safari/7534.48.3"
156.105.121.202 - - [17/Nov/2017:00:09:20 +0000] "POST /search/?c=Software+Games HTTP/1.1" 200 97 "-" "Mozilla/5.0 (Windows NT 6.1; WOW64; rv:10.0.1) Gecko/20100101 Firefox/10.0.1"
112.105.131.47 - - [17/Nov/2017:00:09:25 +0000] "GET /item/networking/2789 HTTP/1.1" 200 132 "/category/cameras" "Mozilla/4.0 (compatible; MSIE 8.0; Windows NT 6.1; WOW64; Trident/4.0; YTB730; GTB7.2; SLCC2; .NET CLR 2.0.50727; .NET CLR 3.5.30729; .NET CLR 3.0.30729; .NET4.0C; .NET4.0E; Media Center PC 6.0)"
100.195.21.152 - - [17/Nov/2017:00:09:30 +0000] "GET /category/electronics HTTP/1.1" 200 61 "/category/finance?from=20" "Mozilla/4.0 (compatible; MSIE 8.0; Windows NT 6.1; Trident/4.0; YTB730; SLCC2; .NET CLR 2.0.50727; .NET CLR 3.5.30729; .NET CLR 3.0.30729; Media Center PC 6.0; .NET4.0C)"
44.132.181.113 - - [17/Nov/2017:00:09:35 +0000] "GET /item/software/880 HTTP/1.1" 200 138 "-" "Mozilla/5.0 (Windows NT 6.0; rv:10.0.1) Gecko/20100101 Firefox/10.0.1"
56.24.57.163 - - [17/Nov/2017:00:09:40 +0000] "GET /item/computers/1693 HTTP/1.1" 200 110 "-" "Mozilla/4.0 (compatible; MSIE 8.0; Windows NT 6.1; WOW64; Trident/4.0; YTB730; GTB7.2; EasyBits GO v1.0; SLCC2; .NET CLR 2.0.50727; .NET CLR 3.5.30729; .NET CLR 3.0.30729; Media Center PC 6.0; .NET4.0C)"
196.57.59.219 - - [17/Nov/2017:00:09:45 +0000] "GET /item/books/3487 HTTP/1.1" 200 92 "/category/books" "Mozilla/5.0 (iPhone; CPU iPhone OS 5_0_1 like Mac OS X) AppleWebKit/534.46 (KHTML, like Gecko) Version/5.1 Mobile/9A405 Safari/7534.48.3"
32.156.124.60 - - [17/Nov/2017:00:09:50 +0000] "GET /item/electronics/2792 HTTP/1.1" 200 114 "-" "Mozilla/5.0 (Windows NT 6.1; WOW64; rv:10.0.1) Gecko/20100101 Firefox/10.0.1"
76.138.226.38 - - [17/Nov/2017:00:09:55 +0000] "POST /search/?c=Giftcards HTTP/1.1" 200 116 "-" "Mozilla/5.0 (Windows NT 6.0; rv:10.0.1) Gecko/20100101 Firefox/10.0.1"
172.51.61.163 - - [17/Nov/2017:00:10:00 +0000] "GET /item/electronics/1089 HTTP/1.1" 200 54 "/category/electronics" "Mozilla/5.0 (Windows NT 6.1; WOW64; rv:10.0.1) Gecko/20100101 Firefox/10.0.1"
152.120.32.93 - - [17/Nov/2017:00:10:05 +0000] "GET /category/electronics?from=20 HTTP/1.1" 200 124 "/category/books" "Mozilla/4.0 (compatible; MSIE 8.0; Windows NT 6.1; Trident/4.0; YTB730; SLCC2; .NET CLR 2.0.50727; .NET CLR 3.5.30729; .NET CLR 3.0.30729; Media Center PC 6.0; .NET4.0C)"
52.153.207.187 - - [17/Nov/2017:00:10:10 +0000] "GET /category/cameras HTTP/1.1" 200 106 "-" "Mozilla/5.0 (compatible; MSIE 9.0; Windows NT 6.1; Trident/5.0)"
160.168.34.130 - - [17/Nov/2017:00:10:15 +0000] "GET /category/cameras?from=0 HTTP/1.1" 200 139 "/item/health/3531" "Mozilla/4.0 (compatible; MSIE 8.0; Windows NT 6.1; WOW64; Trident/4.0; YTB730; GTB7.2; EasyBits GO v1.0; SLCC2; .NET CLR 2.0.50727; .NET CLR 3.5.30729; .NET CLR 3.0.30729; Media Center PC 6.0; .NET4.0C)"
44.132.181.113 - - [17/Nov/2017:00:10:20 +0000] "GET /category/electronics HTTP/1.1" 200 128 "-" "Mozilla/5.0 (compatible; Googlebot/2.1; +http://www.google.com/bot.html)"
152.174.211.73 - - [17/Nov/2017:00:10:25 +0000] "GET /category/electronics HTTP/1.1" 200 65 "-" "Mozilla/5.0 (Windows NT 6.0; rv:10.0.1) Gecko/20100101 Firefox/10.0.1"
68.156.204.168 - - [17/Nov/2017:00:10:30 +0000] "GET /item/giftcards/4757 HTTP/1.1" 200 133 "/category/jewelry" "Mozilla/5.0 (Macintosh; Intel Mac OS X 10.6; rv:9.0.1) Gecko/20100101 Firefox/9.0.1"
140.63.80.89 - - [17/Nov/2017:00:10:35 +0000] "GET /category/games?from=10 HTTP/1.1" 200 124 "-" "Mozilla/5.0 (Windows NT 6.1; WOW64) AppleWebKit/535.11 (KHTML, like Gecko) Chrome/17.0.963.56 Safari/535.11"
140.150.40.81 - - [17/Nov/2017:00:10:40 +0000] "GET /item/giftcards/4757 HTTP/1.1" 200 102 "/item/electronics/2653" "Mozilla/5.0 (Windows NT 5.1) AppleWebKit/535.11 (KHTML, like Gecko) Chrome/17.0.963.46 Safari/535.11"
132.63.161.43 - - [17/Nov/2017:00:10:45 +0000] "GET /category/jewelry HTTP/1.1" 200 138 "http://www.google.com/search?ie=UTF-8&q=google&sclient=psy-ab&q=Jewelry&oq=Jewelry&aq=f&aqi=g-vL1&aql=&pbx=1&bav=on.2,or.r_gc.r_pw.r_qf.,cf.osb&biw=3037&bih=85" "Mozilla/4.0 (compatible; MSIE 8.0; Windows NT 5.1; Trident/4.0; BTRS122159; GTB7.2; .NET CLR 1.1.4322; .NET CLR 2.0.50727; .NET CLR 3.0.04506.30; .NET CLR 3.0.4506.2152; .NET CLR 3.5.30729; BRI/2)"
44.159.148.20 - - [17/Nov/2017:00:10:50 +0000] "GET /item/toys/2543 HTTP/1.1" 200 73 "/item/electronics/446" "Mozilla/5.0 (Macintosh; Intel Mac OS X 10.6; rv:9.0.1) Gecko/20100101 Firefox/9.0.1"
128.159.112.128 - - [17/Nov/2017:00:10:55 +0000] "POST /search/?c=Computers+Jewelry HTTP/1.1" 200 81 "-" "Mozilla/5.0 (Windows NT 6.1; WOW64) AppleWebKit/535.11 (KHTML, like Gecko) Chrome/17.0.963.56 Safari/535.11"
220.24.100.197 - - [17/Nov/2017:00:11:00 +0000] "GET /category/garden?from=20 HTTP/1.1" 200 69 "-" "Mozilla/5.0 (Windows NT 6.0; rv:10.0.1) Gecko/20100101 Firefox/10.0.1"
100.195.21.152 - - [17/Nov/2017:00:11:05 +0000] "GET /category/electronics?from=20 HTTP/1.1" 200 63 "/category/books" "Mozilla/5.0 (Windows NT 6.1; WOW64) AppleWebKit/535.7 (KHTML, like Gecko) Chrome/16.0.912.77 Safari/535.7"
208.183.145.211 - - [17/Nov/2017:00:11:10 +0000] "GET /category/office HTTP/1.1" 200 46 "/category/software" "Mozilla/5.0 (Windows NT 6.1; WOW64) AppleWebKit/535.11 (KHTML, like Gecko) Chrome/17.0.963.56 Safari/535.11"
60.96.221.113 - - [17/Nov/2017:00:11:15 +0000] "GET /category/books HTTP/1.1" 200 89 "/search/?c=Software+Games" "Mozilla/5.0 (Windows NT 6.1; WOW64) AppleWebKit/535.11 (KHTML, like Gecko) Chrome/17.0.963.56 Safari/535.11"
72.27.184.75 - - [17/Nov/2017:00:11:20 +0000] "GET /item/games/4604 HTTP/1.1" 200 54 "/item/giftcards/119" "Mozilla/5.0 (iPhone; CPU iPhone OS 5_0_1 like Mac OS X) AppleWebKit/534.46 (KHTML, like Gecko) Version/5.1 Mobile/9A405 Safari/7534.48.3"
192.108.192.88 - - [17/Nov/2017:00:11:25 +0000] "GET /category/software HTTP/1.1" 200 78 "/category/office" "Mozilla/5.0 (Macintosh; Intel Mac OS X 10.6; rv:9.0.1) Gecko/20100101 Firefox/9.0.1"
224.87.199.41 - - [17/Nov/2017:00:11:30 +0000] "POST /search/?c=Software HTTP/1.1" 200 50 "/search/?c=Software" "Mozilla/5.0 (Windows NT 6.0; rv:10.0.1) Gecko/20100101 Firefox/10.0.1"
184.144.144.34 - - [17/Nov/2017:00:11:35 +0000] "GET /category/health?from=10 HTTP/1.1" 200 89 "-" "Mozilla/5.0 (compatible; MSIE 9.0; Windows NT 6.1; Trident/5.0)"
156.105.121.202 - - [17/Nov/2017:00:11:40 +0000] "GET /category/electronics HTTP/1.1" 200 52 "/category/computers" "Mozilla/5.0 (Windows NT 6.1; WOW64; rv:10.0.1) Gecko/20100101 Firefox/10.0.1"
172.126.211.27 - - [17/Nov/2017:00:11:45 +0000] "GET /category/books HTTP/1.1" 200 57 "-" "Mozilla/5.0 (compatible; MSIE 9.0; Windows NT 6.1; WOW64; Trident/5.0)"
148.180.67.120 - - [17/Nov/2017:00:11:50 +0000] "POST /search/?c=Electronics+Sports HTTP/1.1" 200 139 "-" "Mozilla/5.0 (Windows NT 6.1; WOW64) AppleWebKit/535.7 (KHTML, like Gecko) Chrome/16.0.912.77 Safari/535.7"
216.123.39.202 - - [17/Nov/2017:00:11:55 +0000] "GET /item/electronics/4574 HTTP/1.1" 200 98 "-" "Mozilla/5.0 (compatible; MSIE 9.0; Windows NT 6.1; Trident/5.0)"
216.132.160.25 - - [17/Nov/2017:00:12:00 +0000] "GET /item/electronics/3393 HTTP/1.1" 404 59 "http://www.google.com/search?ie=UTF-8&q=google&sclient=psy-ab&q=Electronics+Office&oq=Electronics+Office&aq=f&aqi=g-vL1&aql=&pbx=1&bav=on.2,or.r_gc.r_pw.r_qf.,cf.osb&biw=4421&bih=308" "Mozilla/5.0 (iPad; CPU OS 5_0_1 like Mac OS X) AppleWebKit/534.46 (KHTML, like Gecko) Version/5.1 Mobile/9A405 Safari/7534.48.3"
156.81.120.91 - - [17/Nov/2017:00:12:05 +0000] "GET /item/games/918 HTTP/1.1" 200 76 "/search/?c=Games+Office" "Mozilla/5.0 (compatible; MSIE 9.0; Windows NT 6.1; Trident/5.0)"
144.159.198.187 - - [17/Nov/2017:00:12:10 +0000] "GET /item/computers/4182 HTTP/1.1" 200 50 "/category/cameras" "Mozilla/5.0 (iPad; CPU OS 5_0_1 like Mac OS X) AppleWebKit/534.46 (KHTML, like Gecko) Version/5.1 Mobile/9A405 Safari/7534.48.3"
64.207.189.196 - - [17/Nov/2017:00:12:15 +0000] "GET /item/electronics/1042 HTTP/1.1" 200 130 "/category/electronics" "Mozilla/4.0 (compatible; MSIE 8.0; Windows NT 5.1; Trident/4.0; YTB720; GTB7.2; .NET CLR 1.1.4322; .NET CLR 2.0.50727; .NET CLR 3.0.4506.2152; .NET CLR 3.5.30729)"
184.144.144.34 - - [17/Nov/2017:00:12:20 +0000] "GET /category/giftcards HTTP/1.1" 200 138 "-" "Mozilla/5.0 (compatible; MSIE 9.0; Windows NT 6.1; WOW64; Trident/5.0)"
56.48.140.129 - - [17/Nov/2017:00:12:25 +0000] "GET /item/jewelry/4114 HTTP/1.1" 404 139 "-" "Mozilla/5.0 (Windows NT 6.1; WOW64) AppleWebKit/535.11 (KHTML, like Gecko) Chrome/17.0.963.56 Safari/535.11"
172.51.88.88 - - [17/Nov/2017:00:12:30 +0000] "GET /item/music/2928 HTTP/1.1" 200 80 "/item/books/4586" "Mozilla/5.0 (Windows NT 6.0; rv:10.0.1) Gecko/20100101 Firefox/10.0.1"
32.105.122.34 - - [17/Nov/2017:00:12:35 +0000] "POST /search/?c=Giftcards+Music HTTP/1.1" 200 118 "/category/games" "Mozilla/4.0 (compatible; MSIE 8.0; Windows NT 5.1; Trident/4.0; BTRS122159; GTB7.2; .NET CLR 1.1.4322; .NET CLR 2.0.50727; .NET CLR 3.0.04506.30; .NET CLR 3.0.4506.2152; .NET CLR 3.5.30729; BRI/2)"
32.132.45.143 - - [17/Nov/2017:00:12:40 +0000] "GET /item/sports/4622 HTTP/1.1" 200 109 "-" "Mozilla/5.0 (iPad; CPU OS 5_0_1 like Mac OS X) AppleWebKit/534.46 (KHTML, like Gecko) Version/5.1 Mobile/9A405 Safari/7534.48.3"
212.174.138.139 - - [17/Nov/2017:00:12:45 +0000] "GET /category/electronics HTTP/1.1" 200 78 "/category/books" "Mozilla/5.0 (Windows NT 6.0) AppleWebKit/535.11 (KHTML, like Gecko) Chrome/17.0.963.56 Safari/535.11"
148.126.188.205 - - [17/Nov/2017:00:12:50 +0000] "GET /item/electronics/950 HTTP/1.1" 200 92 "-" "Mozilla/5.0 (Windows NT 6.1; WOW64; rv:10.0.1) Gecko/20100101 Firefox/10.0.1"
108.84.228.94 - - [17/Nov/2017:00:12:55 +0000] "GET /category/games HTTP/1.1" 200 121 "-" "Mozilla/5.0 (Macintosh; Intel Mac OS X 10.6; rv:9.0.1) Gecko/20100101 Firefox/9.0.1"
180.69.110.215 - - [17/Nov/2017:00:13:00 +0000] "GET /item/garden/231 HTTP/1.1" 200 59 "http://www.google.com/search?ie=UTF-8&q=google&sclient=psy-ab&q=Garden&oq=Garden&aq=f&aqi=g-vL1&aql=&pbx=1&bav=on.2,or.r_gc.r_pw.r_qf.,cf.osb&biw=2862&bih=106" "Mozilla/5.0 (Windows NT 6.0; rv:10.0.1) Gecko/20100101 Firefox/10.0.1"
176.180.122.216 - - [17/Nov/2017:00:13:05 +0000] "GET /category/office?from=0 HTTP/1.1" 200 50 "/item/electronics/3972" "Mozilla/5.0 (Windows NT 6.1; WOW64; rv:10.0.1) Gecko/20100101 Firefox/10.0.1"
216.111.41.52 - - [17/Nov/2017:00:13:10 +0000] "GET /category/office HTTP/1.1" 200 77 "/category/software" "Mozilla/5.0 (Windows NT 6.1; WOW64; rv:10.0.1) Gecko/20100101 Firefox/10.0.1"
80.39.194.34 - - [17/Nov/2017:00:13:15 +0000] "GET /item/software/2512 HTTP/1.1" 200 112 "-" "Mozilla/5.0 (Windows NT 6.0) AppleWebKit/535.11 (KHTML, like Gecko) Chrome/17.0.963.56 Safari/535.11"
188.78.192.171 - - [17/Nov/2017:00:13:20 +0000] "GET /category/electronics HTTP/1.1" 200 138 "-" "Mozilla/5.0 (Windows NT 6.1; WOW64) AppleWebKit/535.11 (KHTML, like Gecko) Chrome/17.0.963.56 Safari/535.11"
80.162.143.170 - - [17/Nov/2017:00:13:25 +0000] "GET /category/software HTTP/1.1" 200 73 "-" "Mozilla/5.0 (Windows NT 5.1) AppleWebKit/535.11 (KHTML, like Gecko) Chrome/17.0.963.46 Safari/535.11"
40.63.61.211 - - [17/Nov/2017:00:13:30 +0000] "GET /item/garden/4271 HTTP/1.1" 200 127 "/category/games" "Mozilla/4.0 (compatible; MSIE 8.0; Windows NT 6.0; WOW64; Trident/4.0; GTB6; SLCC1; .NET CLR 2.0.50727; Media Center PC 5.0; .NET CLR 3.5.30729; .NET CLR 3.0.30618; .NET4.0C)"
100.150.67.191 - - [17/Nov/2017:00:13:35 +0000] "GET /item/electronics/4788 HTTP/1.1" 200 46 "/item/software/3961" "Mozilla/5.0 (Macintosh; Intel Mac OS X 10.6; rv:9.0.1) Gecko/20100101 Firefox/9.0.1"
192.42.201.189 - - [17/Nov/2017:00:13:40 +0000] "GET /category/finance HTTP/1.1" 200 55 "http://www.google.com/search?ie=UTF-8&q=google&sclient=psy-ab&q=Finance&oq=Finance&aq=f&aqi=g-vL1&aql=&pbx=1&bav=on.2,or.r_gc.r_pw.r_qf.,cf.osb&biw=2464&bih=188" "Mozilla/4.0 (compatible; MSIE 8.0; Windows NT 6.1; WOW64; Trident/4.0; GTB7.2; SLCC2; .NET CLR 2.0.50727; .NET CLR 3.5.30729; .NET CLR 3.0.30729; Media Center PC 6.0; .NET4.0C)"
28.117.160.187 - - [17/Nov/2017:00:13:45 +0000] "GET /item/computers/1158 HTTP/1.1" 200 122 "/category/computers" "Mozilla/5.0 (compatible; MSIE 9.0; Windows NT 6.1; WOW64; Trident/5.0)"
132.135.20.22 - - [17/Nov/2017:00:13:50 +0000] "GET /category/books HTTP/1.1" 200 121 "-" "Mozilla/5.0 (Windows NT 6.0) AppleWebKit/535.11 (KHTML, like Gecko) Chrome/17.0.963.56 Safari/535.11"
84.117.161.61 - - [17/Nov/2017:00:13:55 +0000] "GET /item/games/3164 HTTP/1.1" 200 49 "/search/?c=Games" "Mozilla/4.0 (compatible; MSIE 8.0; Windows NT 6.1; Trident/4.0; YTB730; SLCC2; .NET CLR 2.0.50727; .NET CLR 3.5.30729; .NET CLR 3.0.30729; Media Center PC 6.0; .NET4.0C)"
28.129.94.208 - - [17/Nov/2017:00:14:00 +0000] "GET /item/finance/1639 HTTP/1.1" 200 114 "-" "Mozilla/5.0 (Windows NT 6.0; rv:10.0.1) Gecko/20100101 Firefox/10.0.1"
48.105.77.215 - - [17/Nov/2017:00:14:05 +0000] "GET /category/office HTTP/1.1" 200 42 "-" "Mozilla/4.0 (compatible; MSIE 8.0; Windows NT 6.1; WOW64; Trident/4.0; YTB730; GTB7.2; SLCC2; .NET CLR 2.0.50727; .NET CLR 3.5.30729; .NET CLR 3.0.30729; .NET4.0C; .NET4.0E; Media Center PC 6.0)"
84.153.168.36 - - [17/Nov/2017:00:14:10 +0000] "POST /search/?c=Garden HTTP/1.1" 200 120 "-" "Mozilla/5.0 (compatible; MSIE 9.0; Windows NT 6.1; WOW64; Trident/5.0)"
176.141.46.22 - - [17/Nov/2017:00:14:15 +0000] "GET /item/electronics/4251 HTTP/1.1" 200 139 "/category/books" "Mozilla/5.0 (compatible; MSIE 9.0; Windows NT 6.1; Trident/5.0)"
68.111.65.149 - - [17/Nov/2017:00:14:20 +0000] "GET /category/books?from=0 HTTP/1.1" 200 103 "/category/giftcards" "Mozilla/5.0 (Windows NT 6.1; WOW64) AppleWebKit/535.11 (KHTML, like Gecko) Chrome/17.0.963.56 Safari/535.11"
224.87.199.41 - - [17/Nov/2017:00:14:25 +0000] "GET /item/games/3422 HTTP/1.1" 200 88 "/category/sports" "Mozilla/5.0 (iPhone; CPU iPhone OS 5_0_1 like Mac OS X) AppleWebKit/534.46 (KHTML, like Gecko) Version/5.1 Mobile/9A405 Safari/7534.48.3"
24.216.171.77 - - [17/Nov/2017:00:14:30 +0000] "POST /search/?c=Books HTTP/1.1" 200 127 "-" "Mozilla/4.0 (compatible; MSIE 8.0; Windows NT 6.1; WOW64; Trident/4.0; GTB7.2; SLCC2; .NET CLR 2.0.50727; .NET CLR 3.5.30729; .NET CLR 3.0.30729; Media Center PC 6.0; .NET4.0C)"
112.18.198.226 - - [17/Nov/2017:00:14:35 +0000] "GET /item/software/3586 HTTP/1.1" 200 111 "/category/software" "Mozilla/5.0 (Macintosh; Intel Mac OS X 10.6; rv:9.0.1) Gecko/20100101 Firefox/9.0.1"
208.54.112.203 - - [17/Nov/2017:00:14:40 +0000] "GET /category/software HTTP/1.1" 200 63 "/category/cameras" "Mozilla/5.0 (compatible; MSIE 9.0; Windows NT 6.1; Trident/5.0)"
180.150.61.142 - - [17/Nov/2017:00:14:45 +0000] "GET /item/giftcards/357 HTTP/1.1" 200 92 "-" "Mozilla/4.0 (compatible; MSIE 8.0; Windows NT 6.1; WOW64; Trident/4.0; GTB7.2; SLCC2; .NET CLR 2.0.50727; .NET CLR 3.5.30729; .NET CLR 3.0.30729; Media Center PC 6.0; .NET4.0C)"
84.126.57.104 - - [17/Nov/2017:00:14:50 +0000] "GET /category/electronics?from=20 HTTP/1.1" 200 88 "-" "Mozilla/5.0 (Windows NT 6.0; rv:10.0.1) Gecko/20100101 Firefox/10.0.1"
148.108.60.129 - - [17/Nov/2017:00:14:55 +0000] "GET /category/software HTTP/1.1" 200 114 "/item/giftcards/357" "Mozilla/4.0 (compatible; MSIE 8.0; Windows NT 5.1; Trident/4.0; BTRS122159; GTB7.2; .NET CLR 1.1.4322; .NET CLR 2.0.50727; .NET CLR 3.0.04506.30; .NET CLR 3.0.4506.2152; .NET CLR 3.5.30729; BRI/2)"
92.180.180.225 - - [17/Nov/2017:00:15:00 +0000] "GET /item/giftcards/4757 HTTP/1.1" 200 102 "/category/office?from=0" "Mozilla/5.0 (iPhone; CPU iPhone OS 5_0_1 like Mac OS X) AppleWebKit/534.46 (KHTML, like Gecko) Version/5.1 Mobile/9A405 Safari/7534.48.3"
140.63.80.89 - - [17/Nov/2017:00:15:05 +0000] "GET /category/books HTTP/1.1" 200 74 "-" "Mozilla/5.0 (iPad; CPU OS 5_0_1 like Mac OS X) AppleWebKit/534.46 (KHTML, like Gecko) Version/5.1 Mobile/9A405 Safari/7534.48.3"
152.78.91.213 - - [17/Nov/2017:00:15:10 +0000] "GET /category/electronics HTTP/1.1" 200 89 "/item/electronics/4582" "Mozilla/5.0 (compatible; MSIE 9.0; Windows NT 6.1; Trident/5.0)"
100.135.99.62 - - [17/Nov/2017:00:15:15 +0000] "GET /category/software HTTP/1.1" 200 105 "/category/books?from=0" "Mozilla/5.0 (Windows NT 6.0; rv:10.0.1) Gecko/20100101 Firefox/10.0.1"
212.90.155.59 - - [17/Nov/2017:00:15:20 +0000] "GET /category/electronics HTTP/1.1" 200 79 "/item/games/4604" "Mozilla/5.0 (compatible; MSIE 9.0; Windows NT 6.1; WOW64; Trident/5.0)"
104.45.160.209 - - [17/Nov/2017:00:15:25 +0000] "GET /item/health/4533 HTTP/1.1" 200 55 "/search/?c=Jewelry" "Mozilla/5.0 (compatible; MSIE 9.0; Windows NT 6.1; WOW64; Trident/5.0)"
136.165.204.44 - - [17/Nov/2017:00:15:30 +0000] "GET /category/software HTTP/1.1" 200 99 "/item/sports/4528" "Mozilla/5.0 (Windows NT 6.0; rv:10.0.1) Gecko/20100101 Firefox/10.0.1"
228.210.130.193 - - [17/Nov/2017:00:15:35 +0000] "GET /category/finance?from=0 HTTP/1.1" 200 90 "/item/electronics/681" "Mozilla/5.0 (iPad; CPU OS 5_0_1 like Mac OS X) AppleWebKit/534.46 (KHTML, like Gecko) Version/5.1 Mobile/9A405 Safari/7534.48.3"
76.153.173.21 - - [17/Nov/2017:00:15:40 +0000] "GET /item/finance/4075 HTTP/1.1" 200 77 "/item/electronics/4807" "Mozilla/5.0 (Windows NT 6.1; WOW64; rv:10.0.1) Gecko/20100101 Firefox/10.0.1"
212.66.174.222 - - [17/Nov/2017:00:15:45 +0000] "GET /item/cameras/2541 HTTP/1.1" 200 110 "/category/health" "Mozilla/5.0 (Windows NT 6.0; rv:10.0.1) Gecko/20100101 Firefox/10.0.1"
164.228.120.56 - - [17/Nov/2017:00:15:50 +0000] "GET /item/books/4078 HTTP/1.1" 200 74 "/category/garden" "Mozilla/5.0 (compatible; MSIE 9.0; Windows NT 6.1; Trident/5.0)"
112.18.198.226 - - [17/Nov/2017:00:15:55 +0000] "GET /category/software HTTP/1.1" 200 134 "/item/jewelry/4156" "Mozilla/5.0 (Windows NT 6.0; rv:10.0.1) Gecko/20100101 Firefox/10.0.1"
180.153.208.26 - - [17/Nov/2017:00:16:00 +0000] "GET /item/games/905 HTTP/1.1" 200 55 "/item/software/4545" "Mozilla/5.0 (Windows NT 6.0) AppleWebKit/535.11 (KHTML, like Gecko) Chrome/17.0.963.56 Safari/535.11"
92.186.177.75 - - [17/Nov/2017:00:16:05 +0000] "GET /category/computers HTTP/1.1" 200 89 "-" "Mozilla/5.0 (compatible; Googlebot/2.1; +http://www.google.com/bot.html)"
60.150.49.62 - - [17/Nov/2017:00:16:10 +0000] "GET /category/office HTTP/1.1" 200 46 "/item/games/3186" "Mozilla/4.0 (compatible; MSIE 8.0; Windows NT 5.1; Trident/4.0; YTB720; GTB7.2; .NET CLR 1.1.4322; .NET CLR 2.0.50727; .NET CLR 3.0.4506.2152; .NET CLR 3.5.30729)"
200.138.201.118 - - [17/Nov/2017:00:16:15 +0000] "POST /search/?c=Software+Games HTTP/1.1" 200 124 "-" "Mozilla/5.0 (Windows NT 6.1; WOW64; rv:10.0.1) Gecko/20100101 Firefox/10.0.1"
196.81.179.31 - - [17/Nov/2017:00:16:20 +0000] "GET /item/computers/4707 HTTP/1.1" 200 115 "-" "Mozilla/5.0 (Windows NT 6.1; WOW64) AppleWebKit/535.7 (KHTML, like Gecko) Chrome/16.0.912.77 Safari/535.7"
172.186.119.42 - - [17/Nov/2017:00:16:25 +0000] "POST /search/?c=Software+Electronics HTTP/1.1" 200 99 "/item/books/4362" "Mozilla/5.0 (Windows NT 6.0; rv:10.0.1) Gecko/20100101 Firefox/10.0.1"
28.87.124.152 - - [17/Nov/2017:00:16:30 +0000] "GET /category/finance HTTP/1.1" 200 86 "-" "Mozilla/5.0 (Windows NT 6.0; rv:10.0.1) Gecko/20100101 Firefox/10.0.1"
128.72.166.105 - - [17/Nov/2017:00:16:35 +0000] "POST /search/?c=Software+Cameras HTTP/1.1" 200 60 "/category/electronics" "Mozilla/5.0 (Windows NT 6.0; rv:10.0.1) Gecko/20100101 Firefox/10.0.1"
132.66.131.85 - - [17/Nov/2017:00:16:40 +0000] "POST /search/?c=Office HTTP/1.1" 200 138 "/item/giftcards/3622" "Mozilla/5.0 (Windows NT 6.1; WOW64) AppleWebKit/535.11 (KHTML, like Gecko) Chrome/17.0.963.56 Safari/535.11"
140.69.87.26 - - [17/Nov/2017:00:16:45 +0000] "GET /category/garden HTTP/1.1" 200 87 "/category/sports?from=10" "Mozilla/4.0 (compatible; MSIE 8.0; Windows NT 6.1; WOW64; Trident/4.0; YTB730; GTB7.2; EasyBits GO v1.0; SLCC2; .NET CLR 2.0.50727; .NET CLR 3.5.30729; .NET CLR 3.0.30729; Media Center PC 6.0; .NET4.0C)"
160.216.60.23 - - [17/Nov/2017:00:16:50 +0000] "GET /item/books/515 HTTP/1.1" 200 124 "/category/software" "Mozilla/5.0 (Windows NT 6.1; WOW64) AppleWebKit/535.11 (KHTML, like Gecko) Chrome/17.0.963.56 Safari/535.11"
188.78.192.171 - - [17/Nov/2017:00:16:55 +0000] "GET /item/music/4221 HTTP/1.1" 200 94 "/search/?c=Electronics+Games" "Mozilla/4.0 (compatible; MSIE 8.0; Windows NT 5.1; Trident/4.0; BTRS122159; GTB7.2; .NET CLR 1.1.4322; .NET CLR 2.0.50727; .NET CLR 3.0.04506.30; .NET CLR 3.0.4506.2152; .NET CLR 3.5.30729; BRI/2)"
196.180.153.197 - - [17/Nov/2017:00:17:00 +0000] "GET /item/finance/3226 HTTP/1.1" 200 48 "http://www.google.com/search?ie=UTF-8&q=google&sclient=psy-ab&q=Finance+Electronics&oq=Finance+Electronics&aq=f&aqi=g-vL1&aql=&pbx=1&bav=on.2,or.r_gc.r_pw.r_qf.,cf.osb&biw=421&bih=77" "Mozilla/5.0 (compatible; MSIE 9.0; Windows NT 6.1; WOW64; Trident/5.0)"
120.129.24.195 - - [17/Nov/2017:00:17:05 +0000] "GET /category/finance?from=0 HTTP/1.1" 200 90 "/category/office" "Mozilla/5.0 (Windows NT 6.1; WOW64) AppleWebKit/535.7 (KHTML, like Gecko) Chrome/16.0.912.77 Safari/535.7"
52.147.68.57 - - [17/Nov/2017:00:17:10 +0000] "GET /item/software/2434 HTTP/1.1" 200 120 "/item/electronics/4041" "Mozilla/5.0 (Windows NT 6.0; rv:10.0.1) Gecko/20100101 Firefox/10.0.1"
224.210.40.49 - - [17/Nov/2017:00:17:15 +0000] "POST /search/?c=Computers+Electronics HTTP/1.1" 200 44 "-" "Mozilla/5.0 (compatible; Googlebot/2.1; +http://www.google.com/bot.html)"
152.129.164.95 - - [17/Nov/2017:00:17:20 +0000] "GET /item/sports/4528 HTTP/1.1" 200 43 "/search/?c=Sports+Electronics" "Mozilla/5.0 (compatible; MSIE 9.0; Windows NT 6.1; Trident/5.0)"
184.57.118.95 - - [17/Nov/2017:00:17:25 +0000] "GET /category/software HTTP/1.1" 200 89 "/search/?c=Toys" "Mozilla/5.0 (Macintosh; Intel Mac OS X 10.6; rv:9.0.1) Gecko/20100101 Firefox/9.0.1"
72.189.134.198 - - [17/Nov/2017:00:17:30 +0000] "POST /search/?c=Software+Garden HTTP/1.1" 200 98 "-" "Mozilla/5.0 (Windows NT 6.1; WOW64) AppleWebKit/535.11 (KHTML, like Gecko) Chrome/17.0.963.56 Safari/535.11"
136.60.226.41 - - [17/Nov/2017:00:17:35 +0000] "GET /item/software/875 HTTP/1.1" 200 132 "/category/software" "Mozilla/4.0 (compatible; MSIE 8.0; Windows NT 5.1; Trident/4.0; BTRS122159; GTB7.2; .NET CLR 1.1.4322; .NET CLR 2.0.50727; .NET CLR 3.0.04506.30; .NET CLR 3.0.4506.2152; .NET CLR 3.5.30729; BRI/2)"
172.186.53.43 - - [17/Nov/2017:00:17:40 +0000] "POST /search/?c=Books+Giftcards HTTP/1.1" 200 69 "/category/office" "Mozilla/5.0 (Windows NT 6.1; WOW64; rv:10.0.1) Gecko/20100101 Firefox/10.0.1"
48.63.222.76 - - [17/Nov/2017:00:17:45 +0000] "POST /search/?c=Electronics HTTP/1.1" 200 134 "-" "Mozilla/4.0 (compatible; MSIE 8.0; Windows NT 5.1; Trident/4.0; YTB720; GTB7.2; .NET CLR 1.1.4322; .NET CLR 2.0.50727; .NET CLR 3.0.4506.2152; .NET CLR 3.5.30729)"
76.114.187.160 - - [17/Nov/2017:00:17:50 +0000] "GET /category/electronics HTTP/1.1" 200 128 "-" "Mozilla/5.0 (Macintosh; Intel Mac OS X 10.6; rv:9.0.1) Gecko/20100101 Firefox/9.0.1"
24.48.22.162 - - [17/Nov/2017:00:17:55 +0000] "GET /category/electronics HTTP/1.1" 200 79 "-" "Mozilla/4.0 (compatible; MSIE 8.0; Windows NT 5.1; Trident/4.0; BTRS122159; GTB7.2; .NET CLR 1.1.4322; .NET CLR 2.0.50727; .NET CLR 3.0.04506.30; .NET CLR 3.0.4506.2152; .NET CLR 3.5.30729; BRI/2)"
68.78.197.161 - - [17/Nov/2017:00:18:00 +0000] "GET /category/computers HTTP/1.1" 200 45 "-" "Mozilla/5.0 (Windows NT 6.0; rv:10.0.1) Gecko/20100101 Firefox/10.0.1"
216.99.176.92 - - [17/Nov/2017:00:18:05 +0000] "GET /category/finance HTTP/1.1" 200 71 "/category/electronics" "Mozilla/5.0 (Windows NT 6.0) AppleWebKit/535.11 (KHTML, like Gecko) Chrome/17.0.963.56 Safari/535.11"
32.156.124.60 - - [17/Nov/2017:00:18:10 +0000] "GET /category/software HTTP/1.1" 200 116 "/item/garden/1060" "Mozilla/5.0 (Windows NT 6.1; WOW64) AppleWebKit/535.11 (KHTML, like Gecko) Chrome/17.0.963.56 Safari/535.11"
68.36.207.172 - - [17/Nov/2017:00:18:15 +0000] "GET /category/health HTTP/1.1" 200 105 "/category/electronics" "Mozilla/5.0 (compatible; MSIE 9.0; Windows NT 6.1; Trident/5.0)"
128.72.166.105 - - [17/Nov/2017:00:18:20 +0000] "GET /item/electronics/1678 HTTP/1.1" 200 108 "/item/giftcards/3166" "Mozilla/5.0 (Windows NT 6.0) AppleWebKit/535.11 (KHTML, like Gecko) Chrome/17.0.963.56 Safari/535.11"
180.228.190.87 - - [17/Nov/2017:00:18:25 +0000] "POST /search/?c=Garden+Electronics HTTP/1.1" 200 101 "-" "Mozilla/5.0 (iPhone; CPU iPhone OS 5_0_1 like Mac OS X) AppleWebKit/534.46 (KHTML, like Gecko) Version/5.1 Mobile/9A405 Safari/7534.48.3"
84.216.40.211 - - [17/Nov/2017:00:18:30 +0000] "GET /category/software HTTP/1.1" 200 121 "/search/?c=Giftcards" "Mozilla/5.0 (compatible; MSIE 9.0; Windows NT 6.1; Trident/5.0)"
180.228.190.87 - - [17/Nov/2017:00:18:35 +0000] "POST /search/?c=Books+Networking HTTP/1.1" 200 82 "-" "Mozilla/4.0 (compatible; MSIE 8.0; Windows NT 5.1; Trident/4.0; BTRS122159; GTB7.2; .NET CLR 1.1.4322; .NET CLR 2.0.50727; .NET CLR 3.0.04506.30; .NET CLR 3.0.4506.2152; .NET CLR 3.5.30729; BRI/2)"
144.129.150.26 - - [17/Nov/2017:00:18:40 +0000] "GET /category/cameras HTTP/1.1" 200 66 "-" "Mozilla/5.0 (Windows NT 6.1; WOW64) AppleWebKit/535.11 (KHTML, like Gecko) Chrome/17.0.963.56 Safari/535.11"
164.198.33.36 - - [17/Nov/2017:00:18:45 +0000] "POST /search/?c=Software HTTP/1.1" 200 61 "/item/office/2855" "Mozilla/5.0 (compatible; MSIE 9.0; Windows NT 6.1; WOW64; Trident/5.0)"
164.36.150.129 - - [17/Nov/2017:00:18:50 +0000] "GET /item/office/564 HTTP/1.1" 200 125 "/item/jewelry/2593" "Mozilla/4.0 (compatible; MSIE 8.0; Windows NT 6.0; WOW64; Trident/4.0; GTB6; SLCC1; .NET CLR 2.0.50727; Media Center PC 5.0; .NET CLR 3.5.30729; .NET CLR 3.0.30618; .NET4.0C)"
20.153.84.177 - - [17/Nov/2017:00:18:55 +0000] "GET /category/electronics HTTP/1.1" 200 118 "-" "Mozilla/5.0 (Windows NT 6.1; WOW64) AppleWebKit/535.11 (KHTML, like Gecko) Chrome/17.0.963.56 Safari/535.11"
32.213.139.23 - - [17/Nov/2017:00:19:00 +0000] "POST /search/?c=Software HTTP/1.1" 200 50 "-" "Mozilla/4.0 (compatible; MSIE 8.0; Windows NT 6.1; WOW64; Trident/4.0; GTB7.2; SLCC2; .NET CLR 2.0.50727; .NET CLR 3.5.30729; .NET CLR 3.0.30729; Media Center PC 6.0; .NET4.0C)"
104.189.169.48 - - [17/Nov/2017:00:19:05 +0000] "GET /item/electronics/1433 HTTP/1.1" 200 107 "-" "Mozilla/5.0 (compatible; MSIE 9.0; Windows NT 6.1; WOW64; Trident/5.0)"
60.54.78.101 - - [17/Nov/2017:00:19:10 +0000] "GET /category/software HTTP/1.1" 200 84 "/category/jewelry" "Mozilla/5.0 (Windows NT 6.0) AppleWebKit/535.11 (KHTML, like Gecko) Chrome/17.0.963.56 Safari/535.11"
20.153.84.177 - - [17/Nov/2017:00:19:15 +0000] "GET /category/health HTTP/1.1" 200 120 "/category/jewelry?from=20" "Mozilla/5.0 (compatible; MSIE 9.0; Windows NT 6.1; Trident/5.0)"
60.54.88.65 - - [17/Nov/2017:00:19:20 +0000] "GET /category/jewelry HTTP/1.1" 200 59 "/category/software" "Mozilla/5.0 (Windows NT 6.0; rv:10.0.1) Gecko/20100101 Firefox/10.0.1"
192.132.36.118 - - [17/Nov/2017:00:19:25 +0000] "GET /category/sports HTTP/1.1" 200 56 "/search/?c=Electronics" "Mozilla/5.0 (compatible; MSIE 9.0; Windows NT 6.1; WOW64; Trident/5.0)"
204.60.81.51 - - [17/Nov/2017:00:19:30 +0000] "GET /category/software HTTP/1.1" 200 94 "/category/books" "Mozilla/5.0 (compatible; MSIE 9.0; Windows NT 6.1; WOW64; Trident/5.0)"
152.114.173.61 - - [17/Nov/2017:00:19:35 +0000] "GET /item/jewelry/3466 HTTP/1.1" 200 130 "-" "Mozilla/5.0 (compatible; MSIE 9.0; Windows NT 6.1; Trident/5.0)"
116.144.123.207 - - [17/Nov/2017:00:19:40 +0000] "GET /item/electronics/2374 HTTP/1.1" 200 96 "-" "Mozilla/5.0 (Macintosh; Intel Mac OS X 10.6; rv:9.0.1) Gecko/20100101 Firefox/9.0.1"
36.180.97.199 - - [17/Nov/2017:00:19:45 +0000] "GET /category/electronics HTTP/1.1" 200 42 "-" "Mozilla/5.0 (Windows NT 6.0) AppleWebKit/535.11 (KHTML, like Gecko) Chrome/17.0.963.56 Safari/535.11"
100.195.21.152 - - [17/Nov/2017:00:19:50 +0000] "GET /category/jewelry?from=20 HTTP/1.1" 200 127 "/item/giftcards/3166" "Mozilla/5.0 (Windows NT 5.1) AppleWebKit/535.11 (KHTML, like Gecko) Chrome/17.0.963.46 Safari/535.11"
116.33.181.169 - - [17/Nov/2017:00:19:55 +0000] "GET /item/games/2694 HTTP/1.1" 200 90 "/item/games/152" "Mozilla/5.0 (compatible; MSIE 9.0; Windows NT 6.1; WOW64; Trident/5.0)"
156.69.192.82 - - [17/Nov/2017:00:20:00 +0000] "GET /item/books/3877 HTTP/1.1" 200 47 "/search/?c=Books" "Mozilla/5.0 (compatible; MSIE 9.0; Windows NT 6.1; WOW64; Trident/5.0)"
60.213.58.52 - - [17/Nov/2017:00:20:05 +0000] "GET /category/computers HTTP/1.1" 200 133 "-" "Mozilla/5.0 (Macintosh; Intel Mac OS X 10.6; rv:9.0.1) Gecko/20100101 Firefox/9.0.1"
144.99.170.128 - - [17/Nov/2017:00:20:10 +0000] "GET /category/finance HTTP/1.1" 200 122 "/category/music" "Mozilla/5.0 (Macintosh; Intel Mac OS X 10.6; rv:9.0.1) Gecko/20100101 Firefox/9.0.1"
120.123.162.208 - - [17/Nov/2017:00:20:15 +0000] "GET /category/software HTTP/1.1" 200 99 "/search/?c=Garden" "Mozilla/4.0 (compatible; MSIE 8.0; Windows NT 5.1; Trident/4.0; BTRS122159; GTB7.2; .NET CLR 1.1.4322; .NET CLR 2.0.50727; .NET CLR 3.0.04506.30; .NET CLR 3.0.4506.2152; .NET CLR 3.5.30729; BRI/2)"
132.195.184.30 - - [17/Nov/2017:00:20:20 +0000] "GET /category/jewelry HTTP/1.1" 200 76 "-" "Mozilla/5.0 (Macintosh; Intel Mac OS X 10.6; rv:9.0.1) Gecko/20100101 Firefox/9.0.1"
192.21.211.81 - - [17/Nov/2017:00:20:25 +0000] "GET /category/books HTTP/1.1" 200 78 "/search/?c=Giftcards+Music" "Mozilla/5.0 (iPad; CPU OS 5_0_1 like Mac OS X) AppleWebKit/534.46 (KHTML, like Gecko) Version/5.1 Mobile/9A405 Safari/7534.48.3"
64.72.99.80 - - [17/Nov/2017:00:20:30 +0000] "GET /category/games?from=20 HTTP/1.1" 200 119 "-" "Mozilla/5.0 (Windows NT 6.1; WOW64) AppleWebKit/535.7 (KHTML, like Gecko) Chrome/16.0.912.77 Safari/535.7"
180.150.61.142 - - [17/Nov/2017:00:20:35 +0000] "GET /category/games HTTP/1.1" 200 101 "-" "Mozilla/4.0 (compatible; MSIE 8.0; Windows NT 5.1; Trident/4.0; YTB720; GTB7.2; .NET CLR 1.1.4322; .NET CLR 2.0.50727; .NET CLR 3.0.4506.2152; .NET CLR 3.5.30729)"
68.24.152.91 - - [17/Nov/2017:00:20:40 +0000] "GET /item/garden/1220 HTTP/1.1" 200 112 "/category/software?from=20" "Mozilla/5.0 (Windows NT 6.0; rv:10.0.1) Gecko/20100101 Firefox/10.0.1"
72.66.199.152 - - [17/Nov/2017:00:20:45 +0000] "GET /item/electronics/3030 HTTP/1.1" 200 84 "/item/software/2109" "Mozilla/5.0 (Windows NT 6.1; WOW64; rv:10.0.1) Gecko/20100101 Firefox/10.0.1"
100.21.56.172 - - [17/Nov/2017:00:20:50 +0000] "GET /item/garden/4052 HTTP/1.1" 200 88 "/category/garden" "Mozilla/4.0 (compatible; MSIE 8.0; Windows NT 6.1; Trident/4.0; YTB730; SLCC2; .NET CLR 2.0.50727; .NET CLR 3.5.30729; .NET CLR 3.0.30729; Media Center PC 6.0; .NET4.0C)"
60.123.150.225 - - [17/Nov/2017:00:20:55 +0000] "GET /item/books/1869 HTTP/1.1" 200 134 "/category/office" "Mozilla/4.0 (compatible; MSIE 8.0; Windows NT 5.1; Trident/4.0; BTRS122159; GTB7.2; .NET CLR 1.1.4322; .NET CLR 2.0.50727; .NET CLR 3.0.04506.30; .NET CLR 3.0.4506.2152; .NET CLR 3.5.30729; BRI/2)"
140.204.32.148 - - [17/Nov/2017:00:21:00 +0000] "GET /category/books HTTP/1.1" 200 84 "-" "Mozilla/4.0 (compatible; MSIE 8.0; Windows NT 6.0; WOW64; Trident/4.0; GTB6; SLCC1; .NET CLR 2.0.50727; Media Center PC 5.0; .NET CLR 3.5.30729; .NET CLR 3.0.30618; .NET4.0C)"
132.192.89.145 - - [17/Nov/2017:00:21:05 +0000] "GET /category/cameras HTTP/1.1" 200 124 "-" "Mozilla/5.0 (compatible; Googlebot/2.1; +http://www.google.com/bot.html)"
176.120.38.36 - - [17/Nov/2017:00:21:10 +0000] "GET /category/software HTTP/1.1" 200 51 "/category/games" "Mozilla/5.0 (Windows NT 6.0) AppleWebKit/535.11 (KHTML, like Gecko) Chrome/17.0.963.56 Safari/535.11"
136.177.181.50 - - [17/Nov/2017:00:21:15 +0000] "GET /item/software/2724 HTTP/1.1" 200 123 "/search/?c=Software" "Mozilla/5.0 (iPad; CPU OS 5_0_1 like Mac OS X) AppleWebKit/534.46 (KHTML, like Gecko) Version/5.1 Mobile/9A405 Safari/7534.48.3"
76.123.219.106 - - [17/Nov/2017:00:21:20 +0000] "GET /item/software/2 HTTP/1.1" 200 139 "/category/garden" "Mozilla/5.0 (iPad; CPU OS 5_0_1 like Mac OS X) AppleWebKit/534.46 (KHTML, like Gecko) Version/5.1 Mobile/9A405 Safari/7534.48.3"
68.36.207.172 - - [17/Nov/2017:00:21:25 +0000] "GET /item/computers/811 HTTP/1.1" 200 128 "/category/computers" "Mozilla/4.0 (compatible; MSIE 8.0; Windows NT 6.1; WOW64; Trident/4.0; YTB730; GTB7.2; EasyBits GO v1.0; SLCC2; .NET CLR 2.0.50727; .NET CLR 3.5.30729; .NET CLR 3.0.30729; Media Center PC 6.0; .NET4.0C)"
36.69.107.106 - - [17/Nov/2017:00:21:30 +0000] "GET /category/electronics?from=0 HTTP/1.1" 200 112 "/category/electronics" "Mozilla/5.0 (compatible; MSIE 9.0; Windows NT 6.1; Trident/5.0)"
196.216.154.206 - - [17/Nov/2017:00:21:35 +0000] "GET /category/networking HTTP/1.1" 200 108 "/category/games" "Mozilla/5.0 (Windows NT 6.1; WOW64) AppleWebKit/535.7 (KHTML, like Gecko) Chrome/16.0.912.77 Safari/535.7"
56.51.48.185 - - [17/Nov/2017:00:21:40 +0000] "POST /search/?c=Games HTTP/1.1" 200 73 "/item/electronics/3314" "Mozilla/5.0 (Windows NT 6.0; rv:10.0.1) Gecko/20100101 Firefox/10.0.1"
20.180.93.217 - - [17/Nov/2017:00:21:45 +0000] "GET /category/health HTTP/1.1" 200 120 "-" "Mozilla/5.0 (Windows NT 6.0) AppleWebKit/535.11 (KHTML, like Gecko) Chrome/17.0.963.56 Safari/535.11"
208.174.27.69 - - [17/Nov/2017:00:21:50 +0000] "POST /search/?c=Software+Garden HTTP/1.1" 200 98 "-" "Mozilla/5.0 (Macintosh; Intel Mac OS X 10.6; rv:9.0.1) Gecko/20100101 Firefox/9.0.1"
112.192.110.197 - - [17/Nov/2017:00:21:55 +0000] "GET /category/books HTTP/1.1" 200 121 "/search/?c=Finance" "Mozilla/5.0 (Windows NT 6.0) AppleWebKit/535.11 (KHTML, like Gecko) Chrome/17.0.963.56 Safari/535.11"
128.222.178.102 - - [17/Nov/2017:00:22:00 +0000] "GET /item/games/3254 HTTP/1.1" 200 41 "/search/?c=Electronics" "Mozilla/5.0 (Windows NT 6.1; WOW64) AppleWebKit/535.11 (KHTML, like Gecko) Chrome/17.0.963.56 Safari/535.11"
80.198.63.143 - - [17/Nov/2017:00:22:05 +0000] "POST /search/?c=Books HTTP/1.1" 200 127 "/category/electronics" "Mozilla/5.0 (compatible; Googlebot/2.1; +http://www.google.com/bot.html)"
184.45.158.136 - - [17/Nov/2017:00:22:10 +0000] "GET /item/electronics/3314 HTTP/1.1" 200 46 "/item/software/4545" "Mozilla/4.0 (compatible; MSIE 8.0; Windows NT 6.1; WOW64; Trident/4.0; YTB730; GTB7.2; SLCC2; .NET CLR 2.0.50727; .NET CLR 3.5.30729; .NET CLR 3.0.30729; .NET4.0C; .NET4.0E; Media Center PC 6.0)"
56.195.124.151 - - [17/Nov/2017:00:22:15 +0000] "GET /category/electronics HTTP/1.1" 200 115 "/category/electronics" "Mozilla/4.0 (compatible; MSIE 8.0; Windows NT 5.1; Trident/4.0; YTB720; GTB7.2; .NET CLR 1.1.4322; .NET CLR 2.0.50727; .NET CLR 3.0.4506.2152; .NET CLR 3.5.30729)"
44.36.69.119 - - [17/Nov/2017:00:22:20 +0000] "GET /category/books HTTP/1.1" 200 67 "/category/music" "Mozilla/5.0 (iPhone; CPU iPhone OS 5_0_1 like Mac OS X) AppleWebKit/534.46 (KHTML, like Gecko) Version/5.1 Mobile/9A405 Safari/7534.48.3"
52.132.50.197 - - [17/Nov/2017:00:22:25 +0000] "GET /item/electronics/2451 HTTP/1.1" 200 108 "/category/electronics" "Mozilla/5.0 (Windows NT 6.0) AppleWebKit/535.11 (KHTML, like Gecko) Chrome/17.0.963.56 Safari/535.11"
60.54.78.101 - - [17/Nov/2017:00:22:30 +0000] "POST /search/?c=Games+Office HTTP/1.1" 200 72 "-" "Mozilla/5.0 (compatible; Googlebot/2.1; +http://www.google.com/bot.html)"
36.75.71.169 - - [17/Nov/2017:00:22:35 +0000] "GET /item/sports/13 HTTP/1.1" 200 100 "-" "Mozilla/5.0 (Windows NT 6.0; rv:10.0.1) Gecko/20100101 Firefox/10.0.1"
168.195.25.139 - - [17/Nov/2017:00:22:40 +0000] "GET /item/electronics/3972 HTTP/1.1" 200 114 "/category/books" "Mozilla/5.0 (iPad; CPU OS 5_0_1 like Mac OS X) AppleWebKit/534.46 (KHTML, like Gecko) Version/5.1 Mobile/9A405 Safari/7534.48.3"
40.141.85.63 - - [17/Nov/2017:00:22:45 +0000] "GET /category/software HTTP/1.1" 200 104 "/item/games/1885" "Mozilla/5.0 (compatible; Googlebot/2.1; +http://www.google.com/bot.html)"
132.66.131.85 - - [17/Nov/2017:00:22:50 +0000] "GET /category/software HTTP/1.1" 200 50 "-" "Mozilla/5.0 (Windows NT 6.1; WOW64) AppleWebKit/535.7 (KHTML, like Gecko) Chrome/16.0.912.77 Safari/535.7"
36.144.139.176 - - [17/Nov/2017:00:22:55 +0000] "GET /category/electronics HTTP/1.1" 200 115 "-" "Mozilla/5.0 (compatible; MSIE 9.0; Windows NT 6.1; Trident/5.0)"
40.36.205.118 - - [17/Nov/2017:00:23:00 +0000] "GET /category/software HTTP/1.1" 200 118 "/category/software" "Mozilla/5.0 (Windows NT 6.0; rv:10.0.1) Gecko/20100101 Firefox/10.0.1"
44.198.64.135 - - [17/Nov/2017:00:23:05 +0000] "GET /category/garden?from=0 HTTP/1.1" 200 90 "-" "Mozilla/5.0 (iPad; CPU OS 5_0_1 like Mac OS X) AppleWebKit/534.46 (KHTML, like Gecko) Version/5.1 Mobile/9A405 Safari/7534.48.3"
84.222.57.97 - - [17/Nov/2017:00:23:10 +0000] "GET /category/books HTTP/1.1" 200 88 "-" "Mozilla/5.0 (Windows NT 6.0) AppleWebKit/535.11 (KHTML, like Gecko) Chrome/17.0.963.56 Safari/535.11"
104.141.83.168 - - [17/Nov/2017:00:23:15 +0000] "POST /search/?c=Electronics+Software HTTP/1.1" 200 67 "/category/software" "Mozilla/5.0 (Macintosh; Intel Mac OS X 10.6; rv:9.0.1) Gecko/20100101 Firefox/9.0.1"
212.45.141.113 - - [17/Nov/2017:00:23:20 +0000] "GET /category/garden HTTP/1.1" 200 77 "-" "Mozilla/5.0 (Macintosh; Intel Mac OS X 10.6; rv:9.0.1) Gecko/20100101 Firefox/9.0.1"
104.30.165.166 - - [17/Nov/2017:00:23:25 +0000] "GET /item/software/4520 HTTP/1.1" 200 75 "-" "Mozilla/5.0 (iPad; CPU OS 5_0_1 like Mac OS X) AppleWebKit/534.46 (KHTML, like Gecko) Version/5.1 Mobile/9A405 Safari/7534.48.3"
136.138.110.70 - - [17/Nov/2017:00:23:30 +0000] "GET /category/software?from=0 HTTP/1.1" 200 109 "/search/?c=Music" "Mozilla/5.0 (iPhone; CPU iPhone OS 5_0_1 like Mac OS X) AppleWebKit/534.46 (KHTML, like Gecko) Version/5.1 Mobile/9A405 Safari/7534.48.3"
200.186.57.64 - - [17/Nov/2017:00:23:35 +0000] "GET /category/software?from=20 HTTP/1.1" 200 57 "/category/electronics" "Mozilla/4.0 (compatible; MSIE 8.0; Windows NT 5.1; Trident/4.0; YTB720; GTB7.2; .NET CLR 1.1.4322; .NET CLR 2.0.50727; .NET CLR 3.0.4506.2152; .NET CLR 3.5.30729)"
88.222.58.180 - - [17/Nov/2017:00:23:40 +0000] "GET /item/games/3422 HTTP/1.1" 200 88 "/item/giftcards/4236" "Mozilla/5.0 (Windows NT 6.1; WOW64) AppleWebKit/535.7 (KHTML, like Gecko) Chrome/16.0.912.77 Safari/535.7"
176.27.101.193 - - [17/Nov/2017:00:23:45 +0000] "GET /category/office HTTP/1.1" 200 60 "http://www.google.com/search?ie=UTF-8&q=google&sclient=psy-ab&q=Office&oq=Office&aq=f&aqi=g-vL1&aql=&pbx=1&bav=on.2,or.r_gc.r_pw.r_qf.,cf.osb&biw=3462&bih=567" "Mozilla/4.0 (compatible; MSIE 8.0; Windows NT 5.1; Trident/4.0; YTB720; GTB7.2; .NET CLR 1.1.4322; .NET CLR 2.0.50727; .NET CLR 3.0.4506.2152; .NET CLR 3.5.30729)"
100.42.49.57 - - [17/Nov/2017:00:23:50 +0000] "GET /item/sports/4699 HTTP/1.1" 200 130 "/search/?c=Sports+Sports" "Mozilla/5.0 (Windows NT 6.0; rv:10.0.1) Gecko/20100101 Firefox/10.0.1"
56.102.229.220 - - [17/Nov/2017:00:23:55 +0000] "POST /search/?c=Software+Books HTTP/1.1" 200 79 "/category/jewelry" "Mozilla/4.0 (compatible; MSIE 8.0; Windows NT 6.1; Trident/4.0; YTB730; SLCC2; .NET CLR 2.0.50727; .NET CLR 3.5.30729; .NET CLR 3.0.30729; Media Center PC 6.0; .NET4.0C)"
128.66.82.98 - - [17/Nov/2017:00:24:00 +0000] "GET /category/software HTTP/1.1" 200 123 "/item/electronics/3224" "Mozilla/4.0 (compatible; MSIE 8.0; Windows NT 6.1; Trident/4.0; YTB730; SLCC2; .NET CLR 2.0.50727; .NET CLR 3.5.30729; .NET CLR 3.0.30729; Media Center PC 6.0; .NET4.0C)"
32.213.139.23 - - [17/Nov/2017:00:24:05 +0000] "GET /item/giftcards/3622 HTTP/1.1" 200 59 "/category/giftcards" "Mozilla/5.0 (Windows NT 6.1; WOW64) AppleWebKit/535.11 (KHTML, like Gecko) Chrome/17.0.963.56 Safari/535.11"
140.120.215.134 - - [17/Nov/2017:00:24:10 +0000] "GET /item/jewelry/428 HTTP/1.1" 200 53 "http://www.google.com/search?ie=UTF-8&q=google&sclient=psy-ab&q=Jewelry+Cameras&oq=Jewelry+Cameras&aq=f&aqi=g-vL1&aql=&pbx=1&bav=on.2,or.r_gc.r_pw.r_qf.,cf.osb&biw=484&bih=532" "Mozilla/5.0 (Windows NT 6.1; WOW64; rv:10.0.1) Gecko/20100101 Firefox/10.0.1"
124.201.55.168 - - [17/Nov/2017:00:24:15 +0000] "GET /item/books/3977 HTTP/1.1" 200 56 "-" "Mozilla/5.0 (Windows NT 6.1; WOW64) AppleWebKit/535.11 (KHTML, like Gecko) Chrome/17.0.963.56 Safari/535.11"
72.219.156.125 - - [17/Nov/2017:00:24:20 +0000] "GET /item/computers/3585 HTTP/1.1" 200 65 "/category/software" "Mozilla/5.0 (compatible; Googlebot/2.1; +http://www.google.com/bot.html)"
84.222.57.97 - - [17/Nov/2017:00:24:25 +0000] "GET /category/electronics HTTP/1.1" 200 138 "-" "Mozilla/5.0 (Windows NT 6.0) AppleWebKit/535.11 (KHTML, like Gecko) Chrome/17.0.963.56 Safari/535.11"
92.123.218.35 - - [17/Nov/2017:00:24:30 +0000] "GET /category/cameras HTTP/1.1" 200 127 "/category/cameras" "Mozilla/5.0 (Windows NT 6.0; rv:10.0.1) Gecko/20100101 Firefox/10.0.1"
128.66.82.98 - - [17/Nov/2017:00:24:35 +0000] "GET /item/health/3590 HTTP/1.1" 200 95 "/item/electronics/3162" "Mozilla/5.0 (compatible; Googlebot/2.1; +http://www.google.com/bot.html)"
20.21.65.80 - - [17/Nov/2017:00:24:40 +0000] "GET /item/software/3887 HTTP/1.1" 200 100 "-" "Mozilla/5.0 (Windows NT 6.1; WOW64) AppleWebKit/535.7 (KHTML, like Gecko) Chrome/16.0.912.77 Safari/535.7"
128.159.112.128 - - [17/Nov/2017:00:24:45 +0000] "GET /category/electronics HTTP/1.1" 200 116 "-" "Mozilla/5.0 (Windows NT 6.0; rv:10.0.1) Gecko/20100101 Firefox/10.0.1"
32.189.72.176 - - [17/Nov/2017:00:24:50 +0000] "GET /category/software HTTP/1.1" 200 72 "http://www.google.com/search?ie=UTF-8&q=google&sclient=psy-ab&q=Software+Books&oq=Software+Books&aq=f&aqi=g-vL1&aql=&pbx=1&bav=on.2,or.r_gc.r_pw.r_qf.,cf.osb&biw=1068&bih=263" "Mozilla/5.0 (compatible; MSIE 9.0; Windows NT 6.1; WOW64; Trident/5.0)"
204.111.23.227 - - [17/Nov/2017:00:24:55 +0000] "GET /category/electronics HTTP/1.1" 200 90 "/category/electronics" "Mozilla/5.0 (Windows NT 6.1; WOW64; rv:10.0.1) Gecko/20100101 Firefox/10.0.1"
64.219.144.181 - - [17/Nov/2017:00:25:00 +0000] "GET /category/electronics HTTP/1.1" 200 42 "-" "Mozilla/5.0 (Windows NT 6.0; rv:10.0.1) Gecko/20100101 Firefox/10.0.1"
40.180.147.109 - - [17/Nov/2017:00:25:05 +0000] "GET /item/finance/1103 HTTP/1.1" 200 109 "-" "Mozilla/5.0 (compatible; Googlebot/2.1; +http://www.google.com/bot.html)"
180.183.221.119 - - [17/Nov/2017:00:25:10 +0000] "POST /search/?c=Music+Sports HTTP/1.1" 200 126 "-" "Mozilla/5.0 (Macintosh; Intel Mac OS X 10.6; rv:9.0.1) Gecko/20100101 Firefox/9.0.1"
124.66.153.212 - - [17/Nov/2017:00:25:15 +0000] "GET /category/software HTTP/1.1" 200 68 "http://www.google.com/search?ie=UTF-8&q=google&sclient=psy-ab&q=Software+Office&oq=Software+Office&aq=f&aqi=g-vL1&aql=&pbx=1&bav=on.2,or.r_gc.r_pw.r_qf.,cf.osb&biw=663&bih=586" "Mozilla/5.0 (Windows NT 6.1; WOW64) AppleWebKit/535.7 (KHTML, like Gecko) Chrome/16.0.912.77 Safari/535.7"
36.126.180.91 - - [17/Nov/2017:00:25:20 +0000] "GET /category/software?from=20 HTTP/1.1" 200 49 "/category/garden" "Mozilla/5.0 (Windows NT 6.0; rv:10.0.1) Gecko/20100101 Firefox/10.0.1"
84.21.159.189 - - [17/Nov/2017:00:25:25 +0000] "GET /item/software/1046 HTTP/1.1" 200 90 "http://www.google.com/search?ie=UTF-8&q=google&sclient=psy-ab&q=Software+Games&oq=Software+Games&aq=f&aqi=g-vL1&aql=&pbx=1&bav=on.2,or.r_gc.r_pw.r_qf.,cf.osb&biw=4664&bih=122" "Mozilla/5.0 (Macintosh; Intel Mac OS X 10.6; rv:9.0.1) Gecko/20100101 Firefox/9.0.1"
164.228.120.56 - - [17/Nov/2017:00:25:30 +0000] "GET /category/software HTTP/1.1" 200 56 "/category/electronics" "Mozilla/5.0 (compatible; Googlebot/2.1; +http://www.google.com/bot.html)"
184.210.167.77 - - [17/Nov/2017:00:25:35 +0000] "GET /category/games HTTP/1.1" 200 138 "/item/books/3877" "Mozilla/5.0 (Windows NT 6.0) AppleWebKit/535.11 (KHTML, like Gecko) Chrome/17.0.963.56 Safari/535.11"
152.225.175.76 - - [17/Nov/2017:00:25:40 +0000] "GET /item/cameras/1329 HTTP/1.1" 200 59 "/category/cameras" "Mozilla/5.0 (compatible; MSIE 9.0; Windows NT 6.1; Trident/5.0)"
104.138.92.26 - - [17/Nov/2017:00:25:45 +0000] "GET /item/games/3420 HTTP/1.1" 200 120 "/category/books" "Mozilla/5.0 (iPhone; CPU iPhone OS 5_0_1 like Mac OS X) AppleWebKit/534.46 (KHTML, like Gecko) Version/5.1 Mobile/9A405 Safari/7534.48.3"
96.69.168.141 - - [17/Nov/2017:00:25:50 +0000] "GET /category/jewelry HTTP/1.1" 200 73 "-" "Mozilla/5.0 (Macintosh; Intel Mac OS X 10.6; rv:9.0.1) Gecko/20100101 Firefox/9.0.1"
112.84.123.124 - - [17/Nov/2017:00:25:55 +0000] "GET /item/garden/2199 HTTP/1.1" 200 74 "/category/electronics?from=20" "Mozilla/5.0 (compatible; MSIE 9.0; Windows NT 6.1; Trident/5.0)"
160.135.24.226 - - [17/Nov/2017:00:26:00 +0000] "GET /item/networking/2789 HTTP/1.1" 200 132 "/category/electronics" "Mozilla/5.0 (compatible; Googlebot/2.1; +http://www.google.com/bot.html)"
80.186.195.122 - - [17/Nov/2017:00:26:05 +0000] "GET /category/games HTTP/1.1" 200 108 "-" "Mozilla/5.0 (Windows NT 6.1; WOW64; rv:10.0.1) Gecko/20100101 Firefox/10.0.1"
28.147.67.42 - - [17/Nov/2017:00:26:10 +0000] "POST /search/?c=Jewelry HTTP/1.1" 200 100 "/category/garden?from=20" "Mozilla/4.0 (compatible; MSIE 8.0; Windows NT 6.1; WOW64; Trident/4.0; GTB7.2; SLCC2; .NET CLR 2.0.50727; .NET CLR 3.5.30729; .NET CLR 3.0.30729; Media Center PC 6.0; .NET4.0C)"
100.168.223.44 - - [17/Nov/2017:00:26:15 +0000] "GET /item/games/110 HTTP/1.1" 200 48 "-" "Mozilla/4.0 (compatible; MSIE 8.0; Windows NT 6.1; WOW64; Trident/4.0; GTB7.2; SLCC2; .NET CLR 2.0.50727; .NET CLR 3.5.30729; .NET CLR 3.0.30729; Media Center PC 6.0; .NET4.0C)"
140.36.40.82 - - [17/Nov/2017:00:26:20 +0000] "GET /category/software HTTP/1.1" 200 81 "/item/networking/3979" "Mozilla/5.0 (compatible; MSIE 9.0; Windows NT 6.1; WOW64; Trident/5.0)"
52.132.50.197 - - [17/Nov/2017:00:26:25 +0000] "GET /category/software HTTP/1.1" 200 95 "-" "Mozilla/4.0 (compatible; MSIE 8.0; Windows NT 6.1; WOW64; Trident/4.0; GTB7.2; SLCC2; .NET CLR 2.0.50727; .NET CLR 3.5.30729; .NET CLR 3.0.30729; Media Center PC 6.0; .NET4.0C)"
168.201.46.220 - - [17/Nov/2017:00:26:30 +0000] "GET /category/office HTTP/1.1" 200 86 "-" "Mozilla/5.0 (Windows NT 6.0; rv:10.0.1) Gecko/20100101 Firefox/10.0.1"
48.63.222.76 - - [17/Nov/2017:00:26:35 +0000] "GET /category/networking HTTP/1.1" 200 65 "/item/books/1440" "Mozilla/4.0 (compatible; MSIE 8.0; Windows NT 6.1; WOW64; Trident/4.0; YTB730; GTB7.2; SLCC2; .NET CLR 2.0.50727; .NET CLR 3.5.30729; .NET CLR 3.0.30729; .NET4.0C; .NET4.0E; Media Center PC 6.0)"
120.111.204.203 - - [17/Nov/2017:00:26:40 +0000] "POST /search/?c=Toys HTTP/1.1" 200 96 "/category/electronics" "Mozilla/4.0 (compatible; MSIE 8.0; Windows NT 6.1; WOW64; Trident/4.0; YTB730; GTB7.2; EasyBits GO v1.0; SLCC2; .NET CLR 2.0.50727; .NET CLR 3.5.30729; .NET CLR 3.0.30729; Media Center PC 6.0; .NET4.0C)"
64.207.189.196 - - [17/Nov/2017:00:26:45 +0000] "GET /category/networking?from=20 HTTP/1.1" 200 133 "/category/networking" "Mozilla/5.0 (Windows NT 6.0; rv:10.0.1) Gecko/20100101 Firefox/10.0.1"
188.216.204.124 - - [17/Nov/2017:00:26:50 +0000] "GET /category/electronics HTTP/1.1" 200 68 "-" "Mozilla/4.0 (compatible; MSIE 8.0; Windows NT 6.1; WOW64; Trident/4.0; GTB7.2; SLCC2; .NET CLR 2.0.50727; .NET CLR 3.5.30729; .NET CLR 3.0.30729; Media Center PC 6.0; .NET4.0C)"
128.54.20.112 - - [17/Nov/2017:00:26:55 +0000] "GET /item/garden/1634 HTTP/1.1" 200 43 "/search/?c=Garden+Garden" "Mozilla/5.0 (compatible; MSIE 9.0; Windows NT 6.1; Trident/5.0)"
136.21.168.104 - - [17/Nov/2017:00:27:00 +0000] "GET /item/electronics/1876 HTTP/1.1" 200 54 "/category/music" "Mozilla/5.0 (Windows NT 6.1; WOW64; rv:10.0.1) Gecko/20100101 Firefox/10.0.1"
168.27.211.221 - - [17/Nov/2017:00:27:05 +0000] "GET /category/electronics HTTP/1.1" 200 119 "-" "Mozilla/4.0 (compatible; MSIE 8.0; Windows NT 5.1; Trident/4.0; YTB720; GTB7.2; .NET CLR 1.1.4322; .NET CLR 2.0.50727; .NET CLR 3.0.4506.2152; .NET CLR 3.5.30729)"
72.156.55.140 - - [17/Nov/2017:00:27:10 +0000] "GET /item/electronics/695 HTTP/1.1" 200 125 "/search/?c=Electronics" "Mozilla/4.0 (compatible; MSIE 8.0; Windows NT 5.1; Trident/4.0; YTB720; GTB7.2; .NET CLR 1.1.4322; .NET CLR 2.0.50727; .NET CLR 3.0.4506.2152; .NET CLR 3.5.30729)"
96.72.174.129 - - [17/Nov/2017:00:27:15 +0000] "GET /category/jewelry HTTP/1.1" 200 40 "-" "Mozilla/5.0 (Windows NT 6.0; rv:10.0.1) Gecko/20100101 Firefox/10.0.1"
160.177.125.192 - - [17/Nov/2017:00:27:20 +0000] "GET /item/electronics/4005 HTTP/1.1" 200 107 "/search/?c=Electronics+Electronics" "Mozilla/5.0 (Windows NT 6.0; rv:10.0.1) Gecko/20100101 Firefox/10.0.1"
156.81.120.91 - - [17/Nov/2017:00:27:25 +0000] "GET /category/electronics HTTP/1.1" 200 130 "-" "Mozilla/5.0 (compatible; MSIE 9.0; Windows NT 6.1; Trident/5.0)"
184.225.210.39 - - [17/Nov/2017:00:27:30 +0000] "GET /category/software HTTP/1.1" 200 72 "/category/books" "Mozilla/5.0 (compatible; MSIE 9.0; Windows NT 6.1; Trident/5.0)"
120.144.87.152 - - [17/Nov/2017:00:27:35 +0000] "GET /item/electronics/1089 HTTP/1.1" 200 54 "-" "Mozilla/5.0 (Windows NT 6.1; WOW64; rv:10.0.1) Gecko/20100101 Firefox/10.0.1"
104.147.188.161 - - [17/Nov/2017:00:27:40 +0000] "GET /item/software/3371 HTTP/1.1" 200 121 "/category/toys" "Mozilla/5.0 (Windows NT 6.1; WOW64) AppleWebKit/535.7 (KHTML, like Gecko) Chrome/16.0.912.77 Safari/535.7"
28.66.41.90 - - [17/Nov/2017:00:27:45 +0000] "GET /category/electronics HTTP/1.1" 200 82 "/category/games" "Mozilla/5.0 (iPhone; CPU iPhone OS 5_0_1 like Mac OS X) AppleWebKit/534.46 (KHTML, like Gecko) Version/5.1 Mobile/9A405 Safari/7534.48.3"
92.48.136.180 - - [17/Nov/2017:00:27:50 +0000] "GET /category/cameras?from=0 HTTP/1.1" 200 139 "/item/books/2649" "Mozilla/4.0 (compatible; MSIE 8.0; Windows NT 5.1; Trident/4.0; BTRS122159; GTB7.2; .NET CLR 1.1.4322; .NET CLR 2.0.50727; .NET CLR 3.0.04506.30; .NET CLR 3.0.4506.2152; .NET CLR 3.5.30729; BRI/2)"
172.171.155.192 - - [17/Nov/2017:00:27:55 +0000] "GET /category/computers HTTP/1.1" 200 126 "/category/finance" "Mozilla/5.0 (Macintosh; Intel Mac OS X 10.6; rv:9.0.1) Gecko/20100101 Firefox/9.0.1"
20.144.126.37 - - [17/Nov/2017:00:28:00 +0000] "GET /category/electronics HTTP/1.1" 200 61 "-" "Mozilla/5.0 (Windows NT 6.1; WOW64) AppleWebKit/535.7 (KHTML, like Gecko) Chrome/16.0.912.77 Safari/535.7"
148.84.138.22 - - [17/Nov/2017:00:28:05 +0000] "GET /category/games HTTP/1.1" 200 133 "-" "Mozilla/5.0 (Windows NT 6.0; rv:10.0.1) Gecko/20100101 Firefox/10.0.1"
128.27.162.45 - - [17/Nov/2017:00:28:10 +0000] "GET /category/electronics HTTP/1.1" 200 51 "-" "Mozilla/5.0 (Windows NT 6.0; rv:10.0.1) Gecko/20100101 Firefox/10.0.1"
28.81.112.82 - - [17/Nov/2017:00:28:15 +0000] "POST /search/?c=Office+Computers HTTP/1.1" 200 62 "-" "Mozilla/5.0 (Windows NT 6.0; rv:10.0.1) Gecko/20100101 Firefox/10.0.1"
164.45.62.175 - - [17/Nov/2017:00:28:20 +0000] "GET /item/games/1490 HTTP/1.1" 200 47 "http://www.google.com/search?ie=UTF-8&q=google&sclient=psy-ab&q=Games&oq=Games&aq=f&aqi=g-vL1&aql=&pbx=1&bav=on.2,or.r_gc.r_pw.r_qf.,cf.osb&biw=4769&bih=479" "Mozilla/4.0 (compatible; MSIE 8.0; Windows NT 5.1; Trident/4.0; BTRS122159; GTB7.2; .NET CLR 1.1.4322; .NET CLR 2.0.50727; .NET CLR 3.0.04506.30; .NET CLR 3.0.4506.2152; .NET CLR 3.5.30729; BRI/2)"
72.96.123.40 - - [17/Nov/2017:00:28:25 +0000] "GET /category/cameras HTTP/1.1" 200 66 "-" "Mozilla/4.0 (compatible; MSIE 8.0; Windows NT 6.1; Trident/4.0; YTB730; SLCC2; .NET CLR 2.0.50727; .NET CLR 3.5.30729; .NET CLR 3.0.30729; Media Center PC 6.0; .NET4.0C)"
56.222.85.33 - - [17/Nov/2017:00:28:30 +0000] "POST /search/?c=Electronics+Books HTTP/1.1" 200 134 "-" "Mozilla/5.0 (Macintosh; Intel Mac OS X 10.6; rv:9.0.1) Gecko/20100101 Firefox/9.0.1"
52.132.50.197 - - [17/Nov/2017:00:28:35 +0000] "GET /item/games/4709 HTTP/1.1" 200 43 "/category/electronics?from=10" "Mozilla/4.0 (compatible; MSIE 8.0; Windows NT 6.1; WOW64; Trident/4.0; YTB730; GTB7.2; SLCC2; .NET CLR 2.0.50727; .NET CLR 3.5.30729; .NET CLR 3.0.30729; .NET4.0C; .NET4.0E; Media Center PC 6.0)"
128.213.146.74 - - [17/Nov/2017:00:28:40 +0000] "GET /category/software HTTP/1.1" 200 56 "-" "Mozilla/5.0 (Windows NT 6.1; WOW64) AppleWebKit/535.11 (KHTML, like Gecko) Chrome/17.0.963.56 Safari/535.11"
68.156.204.168 - - [17/Nov/2017:00:28:45 +0000] "GET /item/software/2490 HTTP/1.1" 200 51 "/category/games" "Mozilla/5.0 (compatible; MSIE 9.0; Windows NT 6.1; WOW64; Trident/5.0)"
108.102.68.52 - - [17/Nov/2017:00:28:50 +0000] "GET /category/cameras HTTP/1.1" 200 106 "-" "Mozilla/5.0 (compatible; MSIE 9.0; Windows NT 6.1; WOW64; Trident/5.0)"
40.219.75.36 - - [17/Nov/2017:00:28:55 +0000] "GET /item/electronics/2426 HTTP/1.1" 200 91 "/category/software?from=10" "Mozilla/5.0 (compatible; MSIE 9.0; Windows NT 6.1; Trident/5.0)"
144.27.80.155 - - [17/Nov/2017:00:29:00 +0000] "GET /category/finance HTTP/1.1" 200 139 "/item/software/85" "Mozilla/5.0 (compatible; MSIE 9.0; Windows NT 6.1; WOW64; Trident/5.0)"
28.207.139.33 - - [17/Nov/2017:00:29:05 +0000] "GET /item/finance/4492 HTTP/1.1" 200 41 "/category/office" "Mozilla/5.0 (compatible; Googlebot/2.1; +http://www.google.com/bot.html)"
140.138.221.130 - - [17/Nov/2017:00:29:10 +0000] "GET /item/office/1867 HTTP/1.1" 200 83 "/category/books" "Mozilla/4.0 (compatible; MSIE 8.0; Windows NT 6.1; WOW64; Trident/4.0; YTB730; GTB7.2; SLCC2; .NET CLR 2.0.50727; .NET CLR 3.5.30729; .NET CLR 3.0.30729; .NET4.0C; .NET4.0E; Media Center PC 6.0)"
48.75.157.55 - - [17/Nov/2017:00:29:15 +0000] "GET /category/office HTTP/1.1" 200 117 "/category/sports" "Mozilla/5.0 (Windows NT 6.0) AppleWebKit/535.11 (KHTML, like Gecko) Chrome/17.0.963.56 Safari/535.11"
132.66.131.85 - - [17/Nov/2017:00:29:20 +0000] "GET /item/office/4792 HTTP/1.1" 200 56 "http://www.google.com/search?ie=UTF-8&q=google&sclient=psy-ab&q=Office+Office&oq=Office+Office&aq=f&aqi=g-vL1&aql=&pbx=1&bav=on.2,or.r_gc.r_pw.r_qf.,cf.osb&biw=442&bih=242" "Mozilla/5.0 (compatible; Googlebot/2.1; +http://www.google.com/bot.html)"
216.222.35.46 - - [17/Nov/2017:00:29:25 +0000] "GET /category/software?from=10 HTTP/1.1" 200 95 "/category/software" "Mozilla/5.0 (compatible; MSIE 9.0; Windows NT 6.1; WOW64; Trident/5.0)"
216.138.190.49 - - [17/Nov/2017:00:29:30 +0000] "GET /category/games HTTP/1.1" 200 69 "/item/games/2215" "Mozilla/5.0 (Windows NT 6.1; WOW64) AppleWebKit/535.7 (KHTML, like Gecko) Chrome/16.0.912.77 Safari/535.7"
216.219.89.75 - - [17/Nov/2017:00:29:35 +0000] "GET /category/electronics HTTP/1.1" 200 52 "-" "Mozilla/5.0 (Windows NT 6.1; WOW64) AppleWebKit/535.7 (KHTML, like Gecko) Chrome/16.0.912.77 Safari/535.7"
60.195.75.126 - - [17/Nov/2017:00:29:40 +0000] "GET /item/games/3284 HTTP/1.1" 200 120 "/category/office" "Mozilla/5.0 (Windows NT 6.0; rv:10.0.1) Gecko/20100101 Firefox/10.0.1"
28.117.160.187 - - [17/Nov/2017:00:29:45 +0000] "GET /item/electronics/3574 HTTP/1.1" 200 77 "/category/electronics" "Mozilla/5.0 (compatible; MSIE 9.0; Windows NT 6.1; Trident/5.0)"
212.90.155.59 - - [17/Nov/2017:00:29:50 +0000] "GET /category/software?from=0 HTTP/1.1" 200 109 "-" "Mozilla/5.0 (compatible; MSIE 9.0; Windows NT 6.1; Trident/5.0)"
168.150.74.102 - - [17/Nov/2017:00:29:55 +0000] "GET /item/software/3887 HTTP/1.1" 200 100 "/item/cameras/1329" "Mozilla/5.0 (Windows NT 6.0; rv:10.0.1) Gecko/20100101 Firefox/10.0.1"
188.24.181.91 - - [17/Nov/2017:00:30:00 +0000] "GET /category/cameras HTTP/1.1" 200 132 "/item/electronics/3842" "Mozilla/5.0 (Windows NT 6.1; WOW64) AppleWebKit/535.7 (KHTML, like Gecko) Chrome/16.0.912.77 Safari/535.7"
168.99.27.181 - - [17/Nov/2017:00:30:05 +0000] "POST /search/?c=Books+Giftcards HTTP/1.1" 200 69 "/category/books" "Mozilla/5.0 (compatible; MSIE 9.0; Windows NT 6.1; Trident/5.0)"
112.48.91.130 - - [17/Nov/2017:00:30:10 +0000] "GET /item/software/71 HTTP/1.1" 200 116 "/search/?c=Software+Office" "Mozilla/4.0 (compatible; MSIE 8.0; Windows NT 6.1; Trident/4.0; YTB730; SLCC2; .NET CLR 2.0.50727; .NET CLR 3.5.30729; .NET CLR 3.0.30729; Media Center PC 6.0; .NET4.0C)"
208.84.85.126 - - [17/Nov/2017:00:30:15 +0000] "GET /category/health HTTP/1.1" 200 133 "/search/?c=Books" "Mozilla/5.0 (Windows NT 6.1; WOW64; rv:10.0.1) Gecko/20100101 Firefox/10.0.1"
228.162.165.103 - - [17/Nov/2017:00:30:20 +0000] "GET /category/electronics HTTP/1.1" 200 115 "-" "Mozilla/5.0 (Windows NT 6.1; WOW64; rv:10.0.1) Gecko/20100101 Firefox/10.0.1"
196.162.93.51 - - [17/Nov/2017:00:30:25 +0000] "GET /category/software HTTP/1.1" 200 116 "-" "Mozilla/5.0 (Windows NT 6.1; WOW64) AppleWebKit/535.11 (KHTML, like Gecko) Chrome/17.0.963.56 Safari/535.11"
36.138.203.140 - - [17/Nov/2017:00:30:30 +0000] "GET /item/music/4221 HTTP/1.1" 200 94 "/item/software/1017" "Mozilla/5.0 (compatible; MSIE 9.0; Windows NT 6.1; Trident/5.0)"
212.93.61.84 - - [17/Nov/2017:00:30:35 +0000] "GET /category/electronics HTTP/1.1" 200 82 "http://www.google.com/search?ie=UTF-8&q=google&sclient=psy-ab&q=Electronics+Health&oq=Electronics+Health&aq=f&aqi=g-vL1&aql=&pbx=1&bav=on.2,or.r_gc.r_pw.r_qf.,cf.osb&biw=3926&bih=89" "Mozilla/5.0 (Windows NT 6.0) AppleWebKit/535.11 (KHTML, like Gecko) Chrome/17.0.963.56 Safari/535.11"
216.192.151.63 - - [17/Nov/2017:00:30:40 +0000] "GET /item/garden/1060 HTTP/1.1" 200 74 "-" "Mozilla/5.0 (Windows NT 6.1; WOW64; rv:10.0.1) Gecko/20100101 Firefox/10.0.1"
28.105.55.188 - - [17/Nov/2017:00:30:45 +0000] "GET /item/electronics/4030 HTTP/1.1" 200 111 "http://www.google.com/search?ie=UTF-8&q=google&sclient=psy-ab&q=Electronics+Finance&oq=Electronics+Finance&aq=f&aqi=g-vL1&aql=&pbx=1&bav=on.2,or.r_gc.r_pw.r_qf.,cf.osb&biw=3034&bih=420" "Mozilla/5.0 (Windows NT 6.1; WOW64; rv:10.0.1) Gecko/20100101 Firefox/10.0.1"
160.183.132.213 - - [17/Nov/2017:00:30:50 +0000] "GET /item/computers/811 HTTP/1.1" 200 128 "http://www.google.com/search?ie=UTF-8&q=google&sclient=psy-ab&q=Computers&oq=Computers&aq=f&aqi=g-vL1&aql=&pbx=1&bav=on.2,or.r_gc.r_pw.r_qf.,cf.osb&biw=4991&bih=569" "Mozilla/4.0 (compatible; MSIE 8.0; Windows NT 6.0; WOW64; Trident/4.0; GTB6; SLCC1; .NET CLR 2.0.50727; Media Center PC 5.0; .NET CLR 3.5.30729; .NET CLR 3.0.30618; .NET4.0C)"
172.186.119.42 - - [17/Nov/2017:00:30:55 +0000] "GET /category/electronics HTTP/1.1" 200 71 "http://www.google.com/search?ie=UTF-8&q=google&sclient=psy-ab&q=Electronics&oq=Electronics&aq=f&aqi=g-vL1&aql=&pbx=1&bav=on.2,or.r_gc.r_pw.r_qf.,cf.osb&biw=4006&bih=132" "Mozilla/4.0 (compatible; MSIE 8.0; Windows NT 6.1; WOW64; Trident/4.0; YTB730; GTB7.2; EasyBits GO v1.0; SLCC2; .NET CLR 2.0.50727; .NET CLR 3.5.30729; .NET CLR 3.0.30729; Media Center PC 6.0; .NET4.0C)"
68.222.159.224 - - [17/Nov/2017:00:31:00 +0000] "GET /category/garden HTTP/1.1" 200 88 "/search/?c=Software+Computers" "Mozilla/5.0 (compatible; MSIE 9.0; Windows NT 6.1; WOW64; Trident/5.0)"
212.90.155.59 - - [17/Nov/2017:00:31:05 +0000] "GET /category/electronics HTTP/1.1" 200 61 "/item/electronics/2990" "Mozilla/5.0 (Windows NT 6.1; WOW64) AppleWebKit/535.7 (KHTML, like Gecko) Chrome/16.0.912.77 Safari/535.7"
184.210.102.195 - - [17/Nov/2017:00:31:10 +0000] "GET /item/electronics/4251 HTTP/1.1" 200 139 "-" "Mozilla/5.0 (Windows NT 5.1) AppleWebKit/535.11 (KHTML, like Gecko) Chrome/17.0.963.46 Safari/535.11"
180.150.61.142 - - [17/Nov/2017:00:31:15 +0000] "GET /category/software?from=0 HTTP/1.1" 200 40 "/category/games?from=20" "Mozilla/5.0 (Macintosh; Intel Mac OS X 10.6; rv:9.0.1) Gecko/20100101 Firefox/9.0.1"
164.135.167.29 - - [17/Nov/2017:00:31:20 +0000] "GET /category/electronics HTTP/1.1" 200 73 "/category/electronics" "Mozilla/5.0 (Windows NT 6.1; WOW64; rv:10.0.1) Gecko/20100101 Firefox/10.0.1"
184.135.39.104 - - [17/Nov/2017:00:31:25 +0000] "GET /item/games/4819 HTTP/1.1" 200 115 "-" "Mozilla/5.0 (Windows NT 6.0; rv:10.0.1) Gecko/20100101 Firefox/10.0.1"
20.192.47.128 - - [17/Nov/2017:00:31:30 +0000] "GET /item/software/1271 HTTP/1.1" 200 103 "/search/?c=Software" "Mozilla/5.0 (Windows NT 6.1; WOW64) AppleWebKit/535.7 (KHTML, like Gecko) Chrome/16.0.912.77 Safari/535.7"
176.39.156.216 - - [17/Nov/2017:00:31:35 +0000] "GET /category/garden HTTP/1.1" 200 129 "/category/garden?from=20" "Mozilla/4.0 (compatible; MSIE 8.0; Windows NT 6.1; Trident/4.0; YTB730; SLCC2; .NET CLR 2.0.50727; .NET CLR 3.5.30729; .NET CLR 3.0.30729; Media Center PC 6.0; .NET4.0C)"
140.63.197.40 - - [17/Nov/2017:00:31:40 +0000] "GET /item/garden/4271 HTTP/1.1" 200 127 "/category/garden" "Mozilla/5.0 (Windows NT 6.1; WOW64) AppleWebKit/535.7 (KHTML, like Gecko) Chrome/16.0.912.77 Safari/535.7"
116.180.157.149 - - [17/Nov/2017:00:31:45 +0000] "GET /item/music/1232 HTTP/1.1" 200 62 "-" "Mozilla/5.0 (Windows NT 6.1; WOW64) AppleWebKit/535.11 (KHTML, like Gecko) Chrome/17.0.963.56 Safari/535.11"
140.183.67.108 - - [17/Nov/2017:00:31:50 +0000] "GET /category/giftcards HTTP/1.1" 200 86 "/item/software/2490" "Mozilla/5.0 (Macintosh; Intel Mac OS X 10.6; rv:9.0.1) Gecko/20100101 Firefox/9.0.1"
176.210.158.39 - - [17/Nov/2017:00:31:55 +0000] "GET /item/software/1046 HTTP/1.1" 200 90 "/category/cameras" "Mozilla/5.0 (iPad; CPU OS 5_0_1 like Mac OS X) AppleWebKit/534.46 (KHTML, like Gecko) Version/5.1 Mobile/9A405 Safari/7534.48.3"
180.96.213.98 - - [17/Nov/2017:00:32:00 +0000] "GET /category/health?from=10 HTTP/1.1" 200 124 "/category/office" "Mozilla/4.0 (compatible; MSIE 8.0; Windows NT 5.1; Trident/4.0; BTRS122159; GTB7.2; .NET CLR 1.1.4322; .NET CLR 2.0.50727; .NET CLR 3.0.04506.30; .NET CLR 3.0.4506.2152; .NET CLR 3.5.30729; BRI/2)"
84.126.82.184 - - [17/Nov/2017:00:32:05 +0000] "GET /item/sports/1656 HTTP/1.1" 200 118 "/category/sports" "Mozilla/4.0 (compatible; MSIE 8.0; Windows NT 6.1; WOW64; Trident/4.0; YTB730; GTB7.2; SLCC2; .NET CLR 2.0.50727; .NET CLR 3.5.30729; .NET CLR 3.0.30729; .NET4.0C; .NET4.0E; Media Center PC 6.0)"
156.90.180.107 - - [17/Nov/2017:00:32:10 +0000] "GET /category/games?from=20 HTTP/1.1" 200 119 "/category/garden" "Mozilla/5.0 (Macintosh; Intel Mac OS X 10.6; rv:9.0.1) Gecko/20100101 Firefox/9.0.1"
108.225.225.104 - - [17/Nov/2017:00:32:15 +0000] "GET /category/books?from=20 HTTP/1.1" 200 121 "/search/?c=Books+Giftcards" "Mozilla/5.0 (Macintosh; Intel Mac OS X 10.6; rv:9.0.1) Gecko/20100101 Firefox/9.0.1"
212.60.196.21 - - [17/Nov/2017:00:32:20 +0000] "GET /item/finance/3737 HTTP/1.1" 200 127 "/category/games" "Mozilla/5.0 (Windows NT 6.1; WOW64; rv:10.0.1) Gecko/20100101 Firefox/10.0.1"
212.192.182.120 - - [17/Nov/2017:00:32:25 +0000] "GET /item/finance/3568 HTTP/1.1" 200 126 "/item/electronics/4512" "Mozilla/5.0 (Windows NT 6.0) AppleWebKit/535.11 (KHTML, like Gecko) Chrome/17.0.963.56 Safari/535.11"
156.93.179.59 - - [17/Nov/2017:00:32:30 +0000] "GET /category/computers?from=0 HTTP/1.1" 200 40 "/item/software/2434" "Mozilla/5.0 (compatible; MSIE 9.0; Windows NT 6.1; Trident/5.0)"
28.207.139.33 - - [17/Nov/2017:00:32:35 +0000] "GET /category/software?from=0 HTTP/1.1" 200 64 "-" "Mozilla/5.0 (iPhone; CPU iPhone OS 5_0_1 like Mac OS X) AppleWebKit/534.46 (KHTML, like Gecko) Version/5.1 Mobile/9A405 Safari/7534.48.3"
224.153.72.151 - - [17/Nov/2017:00:32:40 +0000] "GET /category/books HTTP/1.1" 200 117 "/item/electronics/1344" "Mozilla/5.0 (Macintosh; Intel Mac OS X 10.6; rv:9.0.1) Gecko/20100101 Firefox/9.0.1"
196.69.125.183 - - [17/Nov/2017:00:32:45 +0000] "GET /category/software?from=0 HTTP/1.1" 200 44 "/search/?c=Software+Books" "Mozilla/5.0 (Windows NT 6.0; rv:10.0.1) Gecko/20100101 Firefox/10.0.1"
228.186.82.142 - - [17/Nov/2017:00:32:50 +0000] "GET /category/electronics HTTP/1.1" 200 128 "http://www.google.com/search?ie=UTF-8&q=google&sclient=psy-ab&q=Electronics&oq=Electronics&aq=f&aqi=g-vL1&aql=&pbx=1&bav=on.2,or.r_gc.r_pw.r_qf.,cf.osb&biw=1218&bih=256" "Mozilla/4.0 (compatible; MSIE 8.0; Windows NT 5.1; Trident/4.0; YTB720; GTB7.2; .NET CLR 1.1.4322; .NET CLR 2.0.50727; .NET CLR 3.0.4506.2152; .NET CLR 3.5.30729)"
136.126.144.37 - - [17/Nov/2017:00:32:55 +0000] "POST /search/?c=Books+Networking HTTP/1.1" 200 82 "/category/electronics" "Mozilla/5.0 (Windows NT 6.1; WOW64) AppleWebKit/535.7 (KHTML, like Gecko) Chrome/16.0.912.77 Safari/535.7"
216.33.82.203 - - [17/Nov/2017:00:33:00 +0000] "POST /search/?c=Toys HTTP/1.1" 200 96 "/category/office?from=0" "Mozilla/5.0 (compatible; Googlebot/2.1; +http://www.google.com/bot.html)"
200.186.57.64 - - [17/Nov/2017:00:33:05 +0000] "GET /item/health/4027 HTTP/1.1" 200 58 "/search/?c=Health+Electronics" "Mozilla/5.0 (iPhone; CPU iPhone OS 5_0_1 like Mac OS X) AppleWebKit/534.46 (KHTML, like Gecko) Version/5.1 Mobile/9A405 Safari/7534.48.3"
184.198.208.220 - - [17/Nov/2017:00:33:10 +0000] "GET /item/finance/2915 HTTP/1.1" 200 87 "-" "Mozilla/4.0 (compatible; MSIE 8.0; Windows NT 6.0; WOW64; Trident/4.0; GTB6; SLCC1; .NET CLR 2.0.50727; Media Center PC 5.0; .NET CLR 3.5.30729; .NET CLR 3.0.30618; .NET4.0C)"
220.81.172.204 - - [17/Nov/2017:00:33:15 +0000] "GET /category/electronics HTTP/1.1" 200 90 "/category/software" "Mozilla/5.0 (compatible; Googlebot/2.1; +http://www.google.com/bot.html)"
36.156.181.221 - - [17/Nov/2017:00:33:20 +0000] "GET /category/computers HTTP/1.1" 200 114 "-" "Mozilla/5.0 (Windows NT 6.1; WOW64) AppleWebKit/535.7 (KHTML, like Gecko) Chrome/16.0.912.77 Safari/535.7"
168.159.181.20 - - [17/Nov/2017:00:33:25 +0000] "GET /category/toys HTTP/1.1" 200 128 "-" "Mozilla/5.0 (iPhone; CPU iPhone OS 5_0_1 like Mac OS X) AppleWebKit/534.46 (KHTML, like Gecko) Version/5.1 Mobile/9A405 Safari/7534.48.3"
100.165.48.87 - - [17/Nov/2017:00:33:30 +0000] "GET /item/cameras/2822 HTTP/1.1" 200 131 "/category/software" "Mozilla/5.0 (compatible; MSIE 9.0; Windows NT 6.1; Trident/5.0)"
108.225.225.104 - - [17/Nov/2017:00:33:35 +0000] "GET /category/software HTTP/1.1" 200 121 "-" "Mozilla/5.0 (iPad; CPU OS 5_0_1 like Mac OS X) AppleWebKit/534.46 (KHTML, like Gecko) Version/5.1 Mobile/9A405 Safari/7534.48.3"
216.153.155.217 - - [17/Nov/2017:00:33:40 +0000] "GET /category/networking HTTP/1.1" 200 53 "/category/office" "Mozilla/4.0 (compatible; MSIE 8.0; Windows NT 6.1; WOW64; Trident/4.0; GTB7.2; SLCC2; .NET CLR 2.0.50727; .NET CLR 3.5.30729; .NET CLR 3.0.30729; Media Center PC 6.0; .NET4.0C)"
88.99.48.102 - - [17/Nov/2017:00:33:45 +0000] "GET /category/jewelry HTTP/1.1" 200 56 "/category/office" "Mozilla/5.0 (Windows NT 6.0; rv:10.0.1) Gecko/20100101 Firefox/10.0.1"
144.216.152.78 - - [17/Nov/2017:00:33:50 +0000] "POST /search/?c=Software+Software HTTP/1.1" 200 114 "-" "Mozilla/5.0 (Windows NT 6.0; rv:10.0.1) Gecko/20100101 Firefox/10.0.1"
188.177.87.130 - - [17/Nov/2017:00:33:55 +0000] "GET /item/games/905 HTTP/1.1" 200 55 "-" "Mozilla/5.0 (Windows NT 5.1) AppleWebKit/535.11 (KHTML, like Gecko) Chrome/17.0.963.46 Safari/535.11"
204.99.132.70 - - [17/Nov/2017:00:34:00 +0000] "GET /item/games/3420 HTTP/1.1" 200 120 "/item/garden/2199" "Mozilla/5.0 (compatible; MSIE 9.0; Windows NT 6.1; Trident/5.0)"
216.117.163.69 - - [17/Nov/2017:00:34:05 +0000] "POST /search/?c=Software+Books HTTP/1.1" 200 79 "-" "Mozilla/4.0 (compatible; MSIE 8.0; Windows NT 5.1; Trident/4.0; BTRS122159; GTB7.2; .NET CLR 1.1.4322; .NET CLR 2.0.50727; .NET CLR 3.0.04506.30; .NET CLR 3.0.4506.2152; .NET CLR 3.5.30729; BRI/2)"
20.93.216.37 - - [17/Nov/2017:00:34:10 +0000] "GET /item/cameras/3741 HTTP/1.1" 200 90 "/item/office/1168" "Mozilla/5.0 (Windows NT 6.0; rv:10.0.1) Gecko/20100101 Firefox/10.0.1"
224.129.127.102 - - [17/Nov/2017:00:34:15 +0000] "GET /category/software HTTP/1.1" 200 50 "/item/games/4058" "Mozilla/5.0 (Windows NT 6.1; WOW64) AppleWebKit/535.7 (KHTML, like Gecko) Chrome/16.0.912.77 Safari/535.7"
136.138.110.70 - - [17/Nov/2017:00:34:20 +0000] "GET /category/garden?from=0 HTTP/1.1" 200 77 "/search/?c=Garden+Books" "Mozilla/4.0 (compatible; MSIE 8.0; Windows NT 6.1; Trident/4.0; YTB730; SLCC2; .NET CLR 2.0.50727; .NET CLR 3.5.30729; .NET CLR 3.0.30729; Media Center PC 6.0; .NET4.0C)"
60.150.49.62 - - [17/Nov/2017:00:34:25 +0000] "GET /item/giftcards/4231 HTTP/1.1" 200 52 "/item/health/4533" "Mozilla/5.0 (compatible; MSIE 9.0; Windows NT 6.1; WOW64; Trident/5.0)"
152.87.67.123 - - [17/Nov/2017:00:34:30 +0000] "GET /category/computers HTTP/1.1" 200 131 "-" "Mozilla/5.0 (compatible; MSIE 9.0; Windows NT 6.1; WOW64; Trident/5.0)"
120.189.186.127 - - [17/Nov/2017:00:34:35 +0000] "GET /category/networking HTTP/1.1" 200 122 "/category/electronics" "Mozilla/5.0 (Windows NT 6.0) AppleWebKit/535.11 (KHTML, like Gecko) Chrome/17.0.963.56 Safari/535.11"
72.39.200.100 - - [17/Nov/2017:00:34:40 +0000] "GET /item/books/2829 HTTP/1.1" 200 80 "/category/jewelry" "Mozilla/5.0 (Windows NT 6.0; rv:10.0.1) Gecko/20100101 Firefox/10.0.1"
44.213.68.121 - - [17/Nov/2017:00:34:45 +0000] "GET /category/software?from=20 HTTP/1.1" 200 86 "-" "Mozilla/5.0 (Macintosh; Intel Mac OS X 10.6; rv:9.0.1) Gecko/20100101 Firefox/9.0.1"
140.72.172.206 - - [17/Nov/2017:00:34:50 +0000] "GET /category/electronics HTTP/1.1" 200 97 "http://www.google.com/search?ie=UTF-8&q=google&sclient=psy-ab&q=Electronics+Books&oq=Electronics+Books&aq=f&aqi=g-vL1&aql=&pbx=1&bav=on.2,or.r_gc.r_pw.r_qf.,cf.osb&biw=503&bih=98" "Mozilla/5.0 (Windows NT 6.1; WOW64; rv:10.0.1) Gecko/20100101 Firefox/10.0.1"
116.60.31.130 - - [17/Nov/2017:00:34:55 +0000] "GET /category/books?from=10 HTTP/1.1" 200 137 "/item/sports/3881" "Mozilla/4.0 (compatible; MSIE 8.0; Windows NT 6.1; WOW64; Trident/4.0; GTB7.2; SLCC2; .NET CLR 2.0.50727; .NET CLR 3.5.30729; .NET CLR 3.0.30729; Media Center PC 6.0; .NET4.0C)"
64.102.84.121 - - [17/Nov/2017:00:35:00 +0000] "GET /item/toys/2937 HTTP/1.1" 200 54 "/category/toys" "Mozilla/5.0 (compatible; Googlebot/2.1; +http://www.google.com/bot.html)"
200.33.165.54 - - [17/Nov/2017:00:35:05 +0000] "GET /category/giftcards HTTP/1.1" 200 113 "-" "Mozilla/5.0 (compatible; MSIE 9.0; Windows NT 6.1; Trident/5.0)"
136.60.226.41 - - [17/Nov/2017:00:35:10 +0000] "GET /item/music/1695 HTTP/1.1" 200 97 "/search/?c=Music+Electronics" "Mozilla/4.0 (compatible; MSIE 8.0; Windows NT 6.1; WOW64; Trident/4.0; YTB730; GTB7.2; EasyBits GO v1.0; SLCC2; .NET CLR 2.0.50727; .NET CLR 3.5.30729; .NET CLR 3.0.30729; Media Center PC 6.0; .NET4.0C)"
20.93.216.37 - - [17/Nov/2017:00:35:15 +0000] "GET /category/electronics HTTP/1.1" 200 44 "/search/?c=Software+Software" "Mozilla/5.0 (iPhone; CPU iPhone OS 5_0_1 like Mac OS X) AppleWebKit/534.46 (KHTML, like Gecko) Version/5.1 Mobile/9A405 Safari/7534.48.3"
216.84.184.134 - - [17/Nov/2017:00:35:20 +0000] "GET /category/electronics HTTP/1.1" 200 108 "/item/health/1329" "Mozilla/5.0 (Windows NT 6.0; rv:10.0.1) Gecko/20100101 Firefox/10.0.1"
128.87.206.114 - - [17/Nov/2017:00:35:25 +0000] "GET /category/software HTTP/1.1" 200 41 "-" "Mozilla/5.0 (Macintosh; Intel Mac OS X 10.6; rv:9.0.1) Gecko/20100101 Firefox/9.0.1"
216.192.151.63 - - [17/Nov/2017:00:35:30 +0000] "POST /search/?c=Giftcards+Games HTTP/1.1" 200 116 "-" "Mozilla/5.0 (Windows NT 6.1; WOW64) AppleWebKit/535.7 (KHTML, like Gecko) Chrome/16.0.912.77 Safari/535.7"
52.216.117.160 - - [17/Nov/2017:00:35:35 +0000] "GET /item/health/4912 HTTP/1.1" 200 105 "/category/games" "Mozilla/5.0 (Windows NT 6.0) AppleWebKit/535.11 (KHTML, like Gecko) Chrome/17.0.963.56 Safari/535.11"
164.186.39.214 - - [17/Nov/2017:00:35:40 +0000] "GET /category/office HTTP/1.1" 200 42 "-" "Mozilla/4.0 (compatible; MSIE 8.0; Windows NT 6.1; Trident/4.0; YTB730; SLCC2; .NET CLR 2.0.50727; .NET CLR 3.5.30729; .NET CLR 3.0.30729; Media Center PC 6.0; .NET4.0C)"
156.222.94.210 - - [17/Nov/2017:00:35:45 +0000] "GET /item/computers/512 HTTP/1.1" 200 97 "/category/office" "Mozilla/5.0 (compatible; MSIE 9.0; Windows NT 6.1; WOW64; Trident/5.0)"
224.210.57.35 - - [17/Nov/2017:00:35:50 +0000] "GET /category/jewelry HTTP/1.1" 200 76 "-" "Mozilla/5.0 (compatible; MSIE 9.0; Windows NT 6.1; Trident/5.0)"
164.36.150.129 - - [17/Nov/2017:00:35:55 +0000] "GET /item/software/1046 HTTP/1.1" 200 90 "/category/jewelry" "Mozilla/5.0 (Windows NT 5.1) AppleWebKit/535.11 (KHTML, like Gecko) Chrome/17.0.963.46 Safari/535.11"
140.216.102.224 - - [17/Nov/2017:00:36:00 +0000] "GET /category/office HTTP/1.1" 200 86 "/item/garden/1060" "Mozilla/5.0 (Macintosh; Intel Mac OS X 10.6; rv:9.0.1) Gecko/20100101 Firefox/9.0.1"
168.60.226.215 - - [17/Nov/2017:00:36:05 +0000] "GET /category/games HTTP/1.1" 200 107 "-" "Mozilla/5.0 (Windows NT 6.0; rv:10.0.1) Gecko/20100101 Firefox/10.0.1"
104.30.165.166 - - [17/Nov/2017:00:36:10 +0000] "GET /item/garden/348 HTTP/1.1" 200 50 "/category/garden" "Mozilla/5.0 (Macintosh; Intel Mac OS X 10.6; rv:9.0.1) Gecko/20100101 Firefox/9.0.1"
228.48.125.88 - - [17/Nov/2017:00:36:15 +0000] "GET /category/office HTTP/1.1" 200 135 "/category/jewelry" "Mozilla/5.0 (compatible; MSIE 9.0; Windows NT 6.1; Trident/5.0)"
40.219.75.36 - - [17/Nov/2017:00:36:20 +0000] "GET /category/finance HTTP/1.1" 200 132 "/category/electronics" "Mozilla/5.0 (Windows NT 6.0; rv:10.0.1) Gecko/20100101 Firefox/10.0.1"
64.24.130.157 - - [17/Nov/2017:00:36:25 +0000] "POST /search/?c=Garden+Electronics HTTP/1.1" 200 101 "-" "Mozilla/4.0 (compatible; MSIE 8.0; Windows NT 6.1; WOW64; Trident/4.0; YTB730; GTB7.2; EasyBits GO v1.0; SLCC2; .NET CLR 2.0.50727; .NET CLR 3.5.30729; .NET CLR 3.0.30729; Media Center PC 6.0; .NET4.0C)"
124.87.214.172 - - [17/Nov/2017:00:36:30 +0000] "GET /item/software/1271 HTTP/1.1" 200 103 "-" "Mozilla/5.0 (Windows NT 6.1; WOW64) AppleWebKit/535.11 (KHTML, like Gecko) Chrome/17.0.963.56 Safari/535.11"
48.195.168.33 - - [17/Nov/2017:00:36:35 +0000] "GET /category/software HTTP/1.1" 200 77 "-" "Mozilla/5.0 (Windows NT 6.1; WOW64) AppleWebKit/535.11 (KHTML, like Gecko) Chrome/17.0.963.56 Safari/535.11"
156.105.121.202 - - [17/Nov/2017:00:36:40 +0000] "GET /item/books/4619 HTTP/1.1" 200 59 "/category/games?from=0" "Mozilla/5.0 (Windows NT 6.1; WOW64) AppleWebKit/535.11 (KHTML, like Gecko) Chrome/17.0.963.56 Safari/535.11"
20.168.121.199 - - [17/Nov/2017:00:36:45 +0000] "GET /item/health/2423 HTTP/1.1" 200 131 "/category/electronics?from=10" "Mozilla/5.0 (Windows NT 6.1; WOW64; rv:10.0.1) Gecko/20100101 Firefox/10.0.1"
132.225.76.162 - - [17/Nov/2017:00:36:50 +0000] "GET /category/electronics HTTP/1.1" 200 138 "-" "Mozilla/5.0 (Windows NT 6.1; WOW64) AppleWebKit/535.7 (KHTML, like Gecko) Chrome/16.0.912.77 Safari/535.7"
164.207.101.92 - - [17/Nov/2017:00:36:55 +0000] "GET /item/cameras/2644 HTTP/1.1" 200 124 "/category/jewelry?from=20" "Mozilla/5.0 (Windows NT 5.1) AppleWebKit/535.11 (KHTML, like Gecko) Chrome/17.0.963.46 Safari/535.11"
128.39.75.36 - - [17/Nov/2017:00:37:00 +0000] "GET /category/games HTTP/1.1" 200 44 "-" "Mozilla/5.0 (Macintosh; Intel Mac OS X 10.6; rv:9.0.1) Gecko/20100101 Firefox/9.0.1"
168.201.46.220 - - [17/Nov/2017:00:37:05 +0000] "GET /item/games/2746 HTTP/1.1" 200 135 "/search/?c=Games+Games" "Mozilla/5.0 (Windows NT 6.1; WOW64) AppleWebKit/535.7 (KHTML, like Gecko) Chrome/16.0.912.77 Safari/535.7"
160.78.146.93 - - [17/Nov/2017:00:37:10 +0000] "GET /item/electronics/3298 HTTP/1.1" 200 93 "-" "Mozilla/5.0 (Windows NT 6.1; WOW64) AppleWebKit/535.11 (KHTML, like Gecko) Chrome/17.0.963.56 Safari/535.11"
140.216.85.20 - - [17/Nov/2017:00:37:15 +0000] "GET /category/health HTTP/1.1" 200 133 "-" "Mozilla/5.0 (Windows NT 6.1; WOW64; rv:10.0.1) Gecko/20100101 Firefox/10.0.1"
116.60.150.29 - - [17/Nov/2017:00:37:20 +0000] "GET /category/software HTTP/1.1" 200 100 "/category/software" "Mozilla/4.0 (compatible; MSIE 8.0; Windows NT 6.1; WOW64; Trident/4.0; YTB730; GTB7.2; SLCC2; .NET CLR 2.0.50727; .NET CLR 3.5.30729; .NET CLR 3.0.30729; .NET4.0C; .NET4.0E; Media Center PC 6.0)"
120.93.127.152 - - [17/Nov/2017:00:37:25 +0000] "GET /item/software/4034 HTTP/1.1" 200 131 "/search/?c=Software+Office" "Mozilla/5.0 (iPad; CPU OS 5_0_1 like Mac OS X) AppleWebKit/534.46 (KHTML, like Gecko) Version/5.1 Mobile/9A405 Safari/7534.48.3"
76.75.163.170 - - [17/Nov/2017:00:37:30 +0000] "GET /category/jewelry HTTP/1.1" 200 71 "-" "Mozilla/5.0 (Windows NT 6.0; rv:10.0.1) Gecko/20100101 Firefox/10.0.1"
100.165.48.87 - - [17/Nov/2017:00:37:35 +0000] "GET /item/sports/1884 HTTP/1.1" 200 105 "http://www.google.com/search?ie=UTF-8&q=google&sclient=psy-ab&q=Sports+Music&oq=Sports+Music&aq=f&aqi=g-vL1&aql=&pbx=1&bav=on.2,or.r_gc.r_pw.r_qf.,cf.osb&biw=3928&bih=406" "Mozilla/5.0 (compatible; MSIE 9.0; Windows NT 6.1; Trident/5.0)"
140.207.125.132 - - [17/Nov/2017:00:37:40 +0000] "POST /search/?c=Electronics+Software HTTP/1.1" 200 77 "-" "Mozilla/5.0 (compatible; MSIE 9.0; Windows NT 6.1; Trident/5.0)"
228.186.82.142 - - [17/Nov/2017:00:37:45 +0000] "GET /category/electronics HTTP/1.1" 200 80 "/item/books/4818" "Mozilla/5.0 (Windows NT 6.1; WOW64) AppleWebKit/535.7 (KHTML, like Gecko) Chrome/16.0.912.77 Safari/535.7"
96.159.160.163 - - [17/Nov/2017:00:37:50 +0000] "GET /item/finance/3226 HTTP/1.1" 200 48 "http://www.google.com/search?ie=UTF-8&q=google&sclient=psy-ab&q=Finance+Electronics&oq=Finance+Electronics&aq=f&aqi=g-vL1&aql=&pbx=1&bav=on.2,or.r_gc.r_pw.r_qf.,cf.osb&biw=421&bih=77" "Mozilla/5.0 (Windows NT 5.1) AppleWebKit/535.11 (KHTML, like Gecko) Chrome/17.0.963.46 Safari/535.11"
60.192.196.122 - - [17/Nov/2017:00:37:55 +0000] "GET /category/electronics HTTP/1.1" 200 61 "/category/office" "Mozilla/5.0 (iPhone; CPU iPhone OS 5_0_1 like Mac OS X) AppleWebKit/534.46 (KHTML, like Gecko) Version/5.1 Mobile/9A405 Safari/7534.48.3"
152.72.100.218 - - [17/Nov/2017:00:38:00 +0000] "GET /item/music/1695 HTTP/1.1" 200 97 "/category/games" "Mozilla/5.0 (Windows NT 6.1; WOW64) AppleWebKit/535.11 (KHTML, like Gecko) Chrome/17.0.963.56 Safari/535.11"
148.213.116.158 - - [17/Nov/2017:00:38:05 +0000] "GET /item/jewelry/2593 HTTP/1.1" 200 118 "/search/?c=Jewelry" "Mozilla/5.0 (Windows NT 6.1; WOW64; rv:10.0.1) Gecko/20100101 Firefox/10.0.1"
172.201.30.205 - - [17/Nov/2017:00:38:10 +0000] "GET /item/software/1271 HTTP/1.1" 200 103 "-" "Mozilla/4.0 (compatible; MSIE 8.0; Windows NT 6.1; Trident/4.0; YTB730; SLCC2; .NET CLR 2.0.50727; .NET CLR 3.5.30729; .NET CLR 3.0.30729; Media Center PC 6.0; .NET4.0C)"
216.222.35.46 - - [17/Nov/2017:00:38:15 +0000] "GET /category/books HTTP/1.1" 200 49 "/category/books" "Mozilla/5.0 (Windows NT 6.1; WOW64) AppleWebKit/535.7 (KHTML, like Gecko) Chrome/16.0.912.77 Safari/535.7"
220.72.103.132 - - [17/Nov/2017:00:38:20 +0000] "GET /category/games?from=0 HTTP/1.1" 200 70 "/category/software" "Mozilla/5.0 (Macintosh; Intel Mac OS X 10.6; rv:9.0.1) Gecko/20100101 Firefox/9.0.1"
168.108.171.195 - - [17/Nov/2017:00:38:25 +0000] "GET /item/finance/3226 HTTP/1.1" 200 48 "/item/giftcards/3166" "Mozilla/5.0 (Windows NT 6.0; rv:10.0.1) Gecko/20100101 Firefox/10.0.1"
108.60.40.114 - - [17/Nov/2017:00:38:30 +0000] "GET /category/electronics HTTP/1.1" 200 80 "-" "Mozilla/5.0 (Windows NT 6.1; WOW64) AppleWebKit/535.7 (KHTML, like Gecko) Chrome/16.0.912.77 Safari/535.7"
112.42.221.126 - - [17/Nov/2017:00:38:35 +0000] "GET /category/jewelry HTTP/1.1" 200 48 "/category/electronics" "Mozilla/4.0 (compatible; MSIE 8.0; Windows NT 6.1; WOW64; Trident/4.0; YTB730; GTB7.2; SLCC2; .NET CLR 2.0.50727; .NET CLR 3.5.30729; .NET CLR 3.0.30729; .NET4.0C; .NET4.0E; Media Center PC 6.0)"
204.120.171.145 - - [17/Nov/2017:00:38:40 +0000] "GET /item/networking/3236 HTTP/1.1" 200 109 "/category/garden" "Mozilla/5.0 (Windows NT 6.0; rv:10.0.1) Gecko/20100101 Firefox/10.0.1"
56.150.73.159 - - [17/Nov/2017:00:38:45 +0000] "GET /category/garden?from=0 HTTP/1.1" 200 41 "/item/electronics/3940" "Mozilla/4.0 (compatible; MSIE 8.0; Windows NT 6.1; Trident/4.0; YTB730; SLCC2; .NET CLR 2.0.50727; .NET CLR 3.5.30729; .NET CLR 3.0.30729; Media Center PC 6.0; .NET4.0C)"
20.60.125.37 - - [17/Nov/2017:00:38:50 +0000] "GET /category/health HTTP/1.1" 200 82 "/category/giftcards?from=0" "Mozilla/5.0 (Windows NT 6.1; WOW64) AppleWebKit/535.11 (KHTML, like Gecko) Chrome/17.0.963.56 Safari/535.11"
100.195.21.152 - - [17/Nov/2017:00:38:55 +0000] "GET /category/electronics HTTP/1.1" 200 51 "/category/electronics" "Mozilla/5.0 (iPhone; CPU iPhone OS 5_0_1 like Mac OS X) AppleWebKit/534.46 (KHTML, like Gecko) Version/5.1 Mobile/9A405 Safari/7534.48.3"
76.132.177.175 - - [17/Nov/2017:00:39:00 +0000] "GET /item/software/1546 HTTP/1.1" 200 45 "/search/?c=Computers+Electronics" "Mozilla/5.0 (Windows NT 6.0) AppleWebKit/535.11 (KHTML, like Gecko) Chrome/17.0.963.56 Safari/535.11"
144.168.60.186 - - [17/Nov/2017:00:39:05 +0000] "GET /item/electronics/4030 HTTP/1.1" 200 111 "/category/books" "Mozilla/5.0 (Windows NT 6.1; WOW64; rv:10.0.1) Gecko/20100101 Firefox/10.0.1"
88.27.37.78 - - [17/Nov/2017:00:39:10 +0000] "GET /category/finance?from=0 HTTP/1.1" 200 90 "/category/electronics" "Mozilla/5.0 (Windows NT 6.0; rv:10.0.1) Gecko/20100101 Firefox/10.0.1"
216.54.131.48 - - [17/Nov/2017:00:39:15 +0000] "GET /category/books HTTP/1.1" 200 91 "/category/electronics?from=20" "Mozilla/5.0 (compatible; MSIE 9.0; Windows NT 6.1; WOW64; Trident/5.0)"
72.87.167.83 - - [17/Nov/2017:00:39:20 +0000] "GET /category/office HTTP/1.1" 200 86 "/item/toys/3180" "Mozilla/4.0 (compatible; MSIE 8.0; Windows NT 6.1; WOW64; Trident/4.0; GTB7.2; SLCC2; .NET CLR 2.0.50727; .NET CLR 3.5.30729; .NET CLR 3.0.30729; Media Center PC 6.0; .NET4.0C)"
116.21.137.191 - - [17/Nov/2017:00:39:25 +0000] "GET /category/computers HTTP/1.1" 200 136 "-" "Mozilla/5.0 (Windows NT 6.1; WOW64) AppleWebKit/535.11 (KHTML, like Gecko) Chrome/17.0.963.56 Safari/535.11"
68.201.134.81 - - [17/Nov/2017:00:39:30 +0000] "GET /category/office HTTP/1.1" 200 53 "/item/electronics/2595" "Mozilla/5.0 (Macintosh; Intel Mac OS X 10.6; rv:9.0.1) Gecko/20100101 Firefox/9.0.1"
88.228.128.46 - - [17/Nov/2017:00:39:35 +0000] "GET /item/electronics/2606 HTTP/1.1" 200 138 "-" "Mozilla/5.0 (Windows NT 6.0; rv:10.0.1) Gecko/20100101 Firefox/10.0.1"
112.204.94.24 - - [17/Nov/2017:00:39:40 +0000] "GET /item/music/2069 HTTP/1.1" 200 133 "-" "Mozilla/5.0 (compatible; Googlebot/2.1; +http://www.google.com/bot.html)"
88.216.133.209 - - [17/Nov/2017:00:39:45 +0000] "GET /category/books HTTP/1.1" 200 49 "-" "Mozilla/5.0 (Windows NT 6.1; WOW64) AppleWebKit/535.11 (KHTML, like Gecko) Chrome/17.0.963.56 Safari/535.11"
180.186.35.139 - - [17/Nov/2017:00:39:50 +0000] "GET /category/games HTTP/1.1" 200 111 "-" "Mozilla/5.0 (Windows NT 6.0; rv:10.0.1) Gecko/20100101 Firefox/10.0.1"
224.186.203.56 - - [17/Nov/2017:00:39:55 +0000] "GET /category/toys HTTP/1.1" 200 126 "-" "Mozilla/5.0 (compatible; Googlebot/2.1; +http://www.google.com/bot.html)"
84.72.133.74 - - [17/Nov/2017:00:40:00 +0000] "GET /item/books/515 HTTP/1.1" 200 124 "-" "Mozilla/5.0 (Windows NT 5.1) AppleWebKit/535.11 (KHTML, like Gecko) Chrome/17.0.963.46 Safari/535.11"
168.99.27.181 - - [17/Nov/2017:00:40:05 +0000] "GET /item/computers/811 HTTP/1.1" 200 128 "-" "Mozilla/5.0 (Macintosh; Intel Mac OS X 10.6; rv:9.0.1) Gecko/20100101 Firefox/9.0.1"
216.183.77.82 - - [17/Nov/2017:00:40:10 +0000] "GET /category/electronics HTTP/1.1" 200 78 "-" "Mozilla/5.0 (compatible; MSIE 9.0; Windows NT 6.1; Trident/5.0)"
168.93.214.104 - - [17/Nov/2017:00:40:15 +0000] "GET /category/software HTTP/1.1" 200 68 "/category/books?from=10" "Mozilla/5.0 (Macintosh; Intel Mac OS X 10.6; rv:9.0.1) Gecko/20100101 Firefox/9.0.1"
188.96.51.51 - - [17/Nov/2017:00:40:20 +0000] "POST /search/?c=Networking HTTP/1.1" 200 66 "/category/electronics" "Mozilla/5.0 (compatible; MSIE 9.0; Windows NT 6.1; Trident/5.0)"
152.39.30.145 - - [17/Nov/2017:00:40:25 +0000] "GET /item/software/1802 HTTP/1.1" 200 125 "http://www.google.com/search?ie=UTF-8&q=google&sclient=psy-ab&q=Software+Cameras&oq=Software+Cameras&aq=f&aqi=g-vL1&aql=&pbx=1&bav=on.2,or.r_gc.r_pw.r_qf.,cf.osb&biw=533&bih=296" "Mozilla/5.0 (compatible; MSIE 9.0; Windows NT 6.1; Trident/5.0)"
172.51.61.163 - - [17/Nov/2017:00:40:30 +0000] "GET /item/garden/4052 HTTP/1.1" 200 88 "/search/?c=Garden" "Mozilla/5.0 (Windows NT 6.1; WOW64; rv:10.0.1) Gecko/20100101 Firefox/10.0.1"
108.171.226.164 - - [17/Nov/2017:00:40:35 +0000] "GET /category/books HTTP/1.1" 200 41 "/item/electronics/4270" "Mozilla/5.0 (Windows NT 6.0; rv:10.0.1) Gecko/20100101 Firefox/10.0.1"
176.108.47.217 - - [17/Nov/2017:00:40:40 +0000] "POST /search/?c=Games+Books HTTP/1.1" 200 68 "-" "Mozilla/5.0 (Windows NT 6.0) AppleWebKit/535.11 (KHTML, like Gecko) Chrome/17.0.963.56 Safari/535.11"
212.66.174.222 - - [17/Nov/2017:00:40:45 +0000] "GET /category/finance HTTP/1.1" 200 118 "-" "Mozilla/5.0 (Windows NT 6.0; rv:10.0.1) Gecko/20100101 Firefox/10.0.1"
148.90.219.96 - - [17/Nov/2017:00:40:50 +0000] "GET /category/books?from=0 HTTP/1.1" 200 56 "/category/books" "Mozilla/5.0 (Windows NT 6.0; rv:10.0.1) Gecko/20100101 Firefox/10.0.1"
168.108.147.195 - - [17/Nov/2017:00:40:55 +0000] "GET /category/electronics HTTP/1.1" 200 57 "-" "Mozilla/5.0 (Windows NT 6.0; rv:10.0.1) Gecko/20100101 Firefox/10.0.1"
132.132.109.164 - - [17/Nov/2017:00:41:00 +0000] "GET /category/finance HTTP/1.1" 200 111 "/category/games" "Mozilla/5.0 (Windows NT 6.0; rv:10.0.1) Gecko/20100101 Firefox/10.0.1"
132.120.217.35 - - [17/Nov/2017:00:41:05 +0000] "GET /category/music?from=10 HTTP/1.1" 200 101 "/category/electronics" "Mozilla/4.0 (compatible; MSIE 8.0; Windows NT 6.1; WOW64; Trident/4.0; GTB7.2; SLCC2; .NET CLR 2.0.50727; .NET CLR 3.5.30729; .NET CLR 3.0.30729; Media Center PC 6.0; .NET4.0C)"
96.75.214.176 - - [17/Nov/2017:00:41:10 +0000] "GET /category/software HTTP/1.1" 200 87 "-" "Mozilla/5.0 (Windows NT 6.0; rv:10.0.1) Gecko/20100101 Firefox/10.0.1"
40.180.101.220 - - [17/Nov/2017:00:41:15 +0000] "GET /category/computers HTTP/1.1" 200 131 "/search/?c=Books+Health" "Mozilla/4.0 (compatible; MSIE 8.0; Windows NT 6.1; Trident/4.0; YTB730; SLCC2; .NET CLR 2.0.50727; .NET CLR 3.5.30729; .NET CLR 3.0.30729; Media Center PC 6.0; .NET4.0C)"
172.225.223.37 - - [17/Nov/2017:00:41:20 +0000] "GET /item/sports/13 HTTP/1.1" 200 100 "/category/books" "Mozilla/5.0 (compatible; MSIE 9.0; Windows NT 6.1; Trident/5.0)"
140.63.80.89 - - [17/Nov/2017:00:41:25 +0000] "GET /item/electronics/2698 HTTP/1.1" 200 129 "/item/electronics/1216" "Mozilla/4.0 (compatible; MSIE 8.0; Windows NT 5.1; Trident/4.0; BTRS122159; GTB7.2; .NET CLR 1.1.4322; .NET CLR 2.0.50727; .NET CLR 3.0.04506.30; .NET CLR 3.0.4506.2152; .NET CLR 3.5.30729; BRI/2)"
220.126.137.81 - - [17/Nov/2017:00:41:30 +0000] "GET /category/electronics HTTP/1.1" 200 139 "-" "Mozilla/5.0 (Windows NT 6.0) AppleWebKit/535.11 (KHTML, like Gecko) Chrome/17.0.963.56 Safari/535.11"
80.144.46.167 - - [17/Nov/2017:00:41:35 +0000] "GET /category/jewelry HTTP/1.1" 200 113 "/item/books/1869" "Mozilla/5.0 (compatible; MSIE 9.0; Windows NT 6.1; Trident/5.0)"
52.51.140.109 - - [17/Nov/2017:00:41:40 +0000] "POST /search/?c=Health HTTP/1.1" 200 105 "-" "Mozilla/5.0 (compatible; Googlebot/2.1; +http://www.google.com/bot.html)"
144.228.38.65 - - [17/Nov/2017:00:41:45 +0000] "POST /search/?c=Garden HTTP/1.1" 200 114 "-" "Mozilla/5.0 (Windows NT 6.1; WOW64) AppleWebKit/535.11 (KHTML, like Gecko) Chrome/17.0.963.56 Safari/535.11"
164.87.165.83 - - [17/Nov/2017:00:41:50 +0000] "POST /search/?c=Giftcards HTTP/1.1" 200 104 "-" "Mozilla/5.0 (Windows NT 6.1; WOW64) AppleWebKit/535.7 (KHTML, like Gecko) Chrome/16.0.912.77 Safari/535.7"
100.81.22.31 - - [17/Nov/2017:00:41:55 +0000] "GET /item/finance/4100 HTTP/1.1" 200 84 "-" "Mozilla/5.0 (iPhone; CPU iPhone OS 5_0_1 like Mac OS X) AppleWebKit/534.46 (KHTML, like Gecko) Version/5.1 Mobile/9A405 Safari/7534.48.3"
152.90.227.164 - - [17/Nov/2017:00:42:00 +0000] "GET /category/books?from=20 HTTP/1.1" 200 86 "/category/books" "Mozilla/4.0 (compatible; MSIE 8.0; Windows NT 5.1; Trident/4.0; BTRS122159; GTB7.2; .NET CLR 1.1.4322; .NET CLR 2.0.50727; .NET CLR 3.0.04506.30; .NET CLR 3.0.4506.2152; .NET CLR 3.5.30729; BRI/2)"
100.45.176.200 - - [17/Nov/2017:00:42:05 +0000] "GET /item/software/3523 HTTP/1.1" 200 68 "/category/software" "Mozilla/4.0 (compatible; MSIE 8.0; Windows NT 5.1; Trident/4.0; BTRS122159; GTB7.2; .NET CLR 1.1.4322; .NET CLR 2.0.50727; .NET CLR 3.0.04506.30; .NET CLR 3.0.4506.2152; .NET CLR 3.5.30729; BRI/2)"
164.36.150.129 - - [17/Nov/2017:00:42:10 +0000] "GET /item/garden/995 HTTP/1.1" 200 77 "/category/electronics" "Mozilla/5.0 (Macintosh; Intel Mac OS X 10.6; rv:9.0.1) Gecko/20100101 Firefox/9.0.1"
88.120.125.141 - - [17/Nov/2017:00:42:15 +0000] "POST /search/?c=Computers HTTP/1.1" 200 100 "-" "Mozilla/4.0 (compatible; MSIE 8.0; Windows NT 6.1; WOW64; Trident/4.0; GTB7.2; SLCC2; .NET CLR 2.0.50727; .NET CLR 3.5.30729; .NET CLR 3.0.30729; Media Center PC 6.0; .NET4.0C)"
40.141.85.63 - - [17/Nov/2017:00:42:20 +0000] "GET /item/computers/4707 HTTP/1.1" 200 115 "/search/?c=Computers" "Mozilla/5.0 (Windows NT 6.0; rv:10.0.1) Gecko/20100101 Firefox/10.0.1"
140.150.40.81 - - [17/Nov/2017:00:42:25 +0000] "GET /item/giftcards/2452 HTTP/1.1" 200 53 "-" "Mozilla/5.0 (Windows NT 6.0) AppleWebKit/535.11 (KHTML, like Gecko) Chrome/17.0.963.56 Safari/535.11"
204.162.85.31 - - [17/Nov/2017:00:42:30 +0000] "GET /category/software HTTP/1.1" 200 83 "-" "Mozilla/4.0 (compatible; MSIE 8.0; Windows NT 5.1; Trident/4.0; YTB720; GTB7.2; .NET CLR 1.1.4322; .NET CLR 2.0.50727; .NET CLR 3.0.4506.2152; .NET CLR 3.5.30729)"
224.159.219.206 - - [17/Nov/2017:00:42:35 +0000] "GET /category/office HTTP/1.1" 200 127 "-" "Mozilla/5.0 (compatible; MSIE 9.0; Windows NT 6.1; Trident/5.0)"
140.207.125.132 - - [17/Nov/2017:00:42:40 +0000] "GET /category/giftcards HTTP/1.1" 200 55 "-" "Mozilla/5.0 (Windows NT 6.0; rv:10.0.1) Gecko/20100101 Firefox/10.0.1"
200.189.168.228 - - [17/Nov/2017:00:42:45 +0000] "GET /category/software HTTP/1.1" 200 105 "/category/electronics" "Mozilla/5.0 (compatible; MSIE 9.0; Windows NT 6.1; Trident/5.0)"
112.192.110.197 - - [17/Nov/2017:00:42:50 +0000] "GET /category/music?from=0 HTTP/1.1" 200 51 "-" "Mozilla/4.0 (compatible; MSIE 8.0; Windows NT 5.1; Trident/4.0; BTRS122159; GTB7.2; .NET CLR 1.1.4322; .NET CLR 2.0.50727; .NET CLR 3.0.04506.30; .NET CLR 3.0.4506.2152; .NET CLR 3.5.30729; BRI/2)"
112.204.94.24 - - [17/Nov/2017:00:42:55 +0000] "GET /category/health HTTP/1.1" 200 133 "/item/giftcards/4236" "Mozilla/5.0 (Macintosh; Intel Mac OS X 10.6; rv:9.0.1) Gecko/20100101 Firefox/9.0.1"
164.48.123.206 - - [17/Nov/2017:00:43:00 +0000] "GET /category/books HTTP/1.1" 200 49 "-" "Mozilla/5.0 (compatible; MSIE 9.0; Windows NT 6.1; WOW64; Trident/5.0)"
60.225.108.28 - - [17/Nov/2017:00:43:05 +0000] "GET /category/toys HTTP/1.1" 200 41 "-" "Mozilla/5.0 (compatible; MSIE 9.0; Windows NT 6.1; WOW64; Trident/5.0)"
52.51.140.109 - - [17/Nov/2017:00:43:10 +0000] "GET /item/garden/348 HTTP/1.1" 200 50 "/category/garden" "Mozilla/4.0 (compatible; MSIE 8.0; Windows NT 5.1; Trident/4.0; YTB720; GTB7.2; .NET CLR 1.1.4322; .NET CLR 2.0.50727; .NET CLR 3.0.4506.2152; .NET CLR 3.5.30729)"
216.30.210.172 - - [17/Nov/2017:00:43:15 +0000] "GET /item/electronics/1089 HTTP/1.1" 200 54 "/category/electronics" "Mozilla/5.0 (compatible; MSIE 9.0; Windows NT 6.1; Trident/5.0)"
64.132.229.177 - - [17/Nov/2017:00:43:20 +0000] "GET /item/software/85 HTTP/1.1" 200 53 "/item/software/1046" "Mozilla/5.0 (compatible; MSIE 9.0; Windows NT 6.1; Trident/5.0)"
140.54.169.166 - - [17/Nov/2017:00:43:25 +0000] "GET /item/garden/2199 HTTP/1.1" 200 74 "/search/?c=Garden+Music" "Mozilla/5.0 (compatible; MSIE 9.0; Windows NT 6.1; WOW64; Trident/5.0)"
56.48.140.129 - - [17/Nov/2017:00:43:30 +0000] "GET /category/giftcards HTTP/1.1" 200 81 "/category/electronics" "Mozilla/5.0 (compatible; MSIE 9.0; Windows NT 6.1; WOW64; Trident/5.0)"
164.87.165.83 - - [17/Nov/2017:00:43:35 +0000] "GET /category/electronics HTTP/1.1" 200 130 "/category/software?from=0" "Mozilla/4.0 (compatible; MSIE 8.0; Windows NT 5.1; Trident/4.0; YTB720; GTB7.2; .NET CLR 1.1.4322; .NET CLR 2.0.50727; .NET CLR 3.0.4506.2152; .NET CLR 3.5.30729)"
148.60.198.141 - - [17/Nov/2017:00:43:40 +0000] "GET /item/software/4520 HTTP/1.1" 200 75 "http://www.google.com/search?ie=UTF-8&q=google&sclient=psy-ab&q=Software+Games&oq=Software+Games&aq=f&aqi=g-vL1&aql=&pbx=1&bav=on.2,or.r_gc.r_pw.r_qf.,cf.osb&biw=3347&bih=207" "Mozilla/5.0 (compatible; Googlebot/2.1; +http://www.google.com/bot.html)"
84.189.135.46 - - [17/Nov/2017:00:43:45 +0000] "GET /category/software HTTP/1.1" 200 48 "-" "Mozilla/5.0 (compatible; Googlebot/2.1; +http://www.google.com/bot.html)"
84.189.135.46 - - [17/Nov/2017:00:43:50 +0000] "GET /category/health HTTP/1.1" 200 119 "/category/garden?from=0" "Mozilla/5.0 (compatible; Googlebot/2.1; +http://www.google.com/bot.html)"
116.225.31.103 - - [17/Nov/2017:00:43:55 +0000] "GET /item/electronics/229 HTTP/1.1" 200 105 "/category/books" "Mozilla/5.0 (Macintosh; Intel Mac OS X 10.6; rv:9.0.1) Gecko/20100101 Firefox/9.0.1"
128.123.38.119 - - [17/Nov/2017:00:44:00 +0000] "GET /category/health HTTP/1.1" 200 105 "-" "Mozilla/5.0 (Windows NT 6.1; WOW64) AppleWebKit/535.7 (KHTML, like Gecko) Chrome/16.0.912.77 Safari/535.7"
228.123.64.116 - - [17/Nov/2017:00:44:05 +0000] "POST /search/?c=Giftcards HTTP/1.1" 200 104 "-" "Mozilla/5.0 (Windows NT 6.1; WOW64; rv:10.0.1) Gecko/20100101 Firefox/10.0.1"
220.36.59.198 - - [17/Nov/2017:00:44:10 +0000] "GET /category/electronics?from=20 HTTP/1.1" 200 52 "/item/electronics/861" "Mozilla/5.0 (Macintosh; Intel Mac OS X 10.6; rv:9.0.1) Gecko/20100101 Firefox/9.0.1"
224.57.160.208 - - [17/Nov/2017:00:44:15 +0000] "POST /search/?c=Electronics+Garden HTTP/1.1" 200 139 "/category/software" "Mozilla/4.0 (compatible; MSIE 8.0; Windows NT 6.0; WOW64; Trident/4.0; GTB6; SLCC1; .NET CLR 2.0.50727; Media Center PC 5.0; .NET CLR 3.5.30729; .NET CLR 3.0.30618; .NET4.0C)"
228.210.130.193 - - [17/Nov/2017:00:44:20 +0000] "GET /item/software/272 HTTP/1.1" 200 71 "-" "Mozilla/5.0 (Windows NT 6.0; rv:10.0.1) Gecko/20100101 Firefox/10.0.1"
160.213.73.172 - - [17/Nov/2017:00:44:25 +0000] "GET /category/electronics HTTP/1.1" 200 73 "-" "Mozilla/5.0 (compatible; MSIE 9.0; Windows NT 6.1; WOW64; Trident/5.0)"
152.51.200.216 - - [17/Nov/2017:00:44:30 +0000] "GET /category/garden HTTP/1.1" 200 97 "/category/music?from=0" "Mozilla/5.0 (Windows NT 6.0) AppleWebKit/535.11 (KHTML, like Gecko) Chrome/17.0.963.56 Safari/535.11"
52.147.68.57 - - [17/Nov/2017:00:44:35 +0000] "GET /item/networking/435 HTTP/1.1" 200 109 "http://www.google.com/search?ie=UTF-8&q=google&sclient=psy-ab&q=Networking&oq=Networking&aq=f&aqi=g-vL1&aql=&pbx=1&bav=on.2,or.r_gc.r_pw.r_qf.,cf.osb&biw=1976&bih=3" "Mozilla/5.0 (Windows NT 6.0) AppleWebKit/535.11 (KHTML, like Gecko) Chrome/17.0.963.56 Safari/535.11"
156.81.120.91 - - [17/Nov/2017:00:44:40 +0000] "GET /category/health HTTP/1.1" 200 49 "-" "Mozilla/5.0 (Windows NT 6.0; rv:10.0.1) Gecko/20100101 Firefox/10.0.1"
112.48.147.108 - - [17/Nov/2017:00:44:45 +0000] "GET /category/giftcards HTTP/1.1" 200 117 "/search/?c=Software" "Mozilla/5.0 (compatible; MSIE 9.0; Windows NT 6.1; WOW64; Trident/5.0)"
116.24.121.47 - - [17/Nov/2017:00:44:50 +0000] "GET /category/electronics HTTP/1.1" 200 93 "-" "Mozilla/4.0 (compatible; MSIE 8.0; Windows NT 6.1; WOW64; Trident/4.0; YTB730; GTB7.2; SLCC2; .NET CLR 2.0.50727; .NET CLR 3.5.30729; .NET CLR 3.0.30729; .NET4.0C; .NET4.0E; Media Center PC 6.0)"
116.99.75.204 - - [17/Nov/2017:00:44:55 +0000] "GET /item/games/4058 HTTP/1.1" 200 94 "/search/?c=Games" "Mozilla/5.0 (Windows NT 6.1; WOW64) AppleWebKit/535.7 (KHTML, like Gecko) Chrome/16.0.912.77 Safari/535.7"
76.33.84.154 - - [17/Nov/2017:00:45:00 +0000] "GET /category/computers HTTP/1.1" 200 45 "-" "Mozilla/5.0 (Windows NT 6.1; WOW64) AppleWebKit/535.11 (KHTML, like Gecko) Chrome/17.0.963.56 Safari/535.11"
216.84.184.134 - - [17/Nov/2017:00:45:05 +0000] "POST /search/?c=Giftcards+Garden HTTP/1.1" 200 82 "/category/software" "Mozilla/5.0 (iPad; CPU OS 5_0_1 like Mac OS X) AppleWebKit/534.46 (KHTML, like Gecko) Version/5.1 Mobile/9A405 Safari/7534.48.3"
176.105.22.32 - - [17/Nov/2017:00:45:10 +0000] "POST /search/?c=Office HTTP/1.1" 200 131 "-" "Mozilla/5.0 (Windows NT 5.1) AppleWebKit/535.11 (KHTML, like Gecko) Chrome/17.0.963.46 Safari/535.11"
180.114.21.38 - - [17/Nov/2017:00:45:15 +0000] "GET /category/jewelry HTTP/1.1" 200 78 "/category/software" "Mozilla/5.0 (Windows NT 6.1; WOW64) AppleWebKit/535.11 (KHTML, like Gecko) Chrome/17.0.963.56 Safari/535.11"
40.36.205.118 - - [17/Nov/2017:00:45:20 +0000] "GET /category/games HTTP/1.1" 200 121 "-" "Mozilla/5.0 (compatible; MSIE 9.0; Windows NT 6.1; WOW64; Trident/5.0)"
136.222.62.176 - - [17/Nov/2017:00:45:25 +0000] "GET /category/books HTTP/1.1" 200 55 "-" "Mozilla/4.0 (compatible; MSIE 8.0; Windows NT 6.1; WOW64; Trident/4.0; GTB7.2; SLCC2; .NET CLR 2.0.50727; .NET CLR 3.5.30729; .NET CLR 3.0.30729; Media Center PC 6.0; .NET4.0C)"
140.108.166.217 - - [17/Nov/2017:00:45:30 +0000] "GET /item/computers/1693 HTTP/1.1" 200 110 "http://www.google.com/search?ie=UTF-8&q=google&sclient=psy-ab&q=Computers+Electronics&oq=Computers+Electronics&aq=f&aqi=g-vL1&aql=&pbx=1&bav=on.2,or.r_gc.r_pw.r_qf.,cf.osb&biw=248&bih=491" "Mozilla/5.0 (Windows NT 6.1; WOW64) AppleWebKit/535.7 (KHTML, like Gecko) Chrome/16.0.912.77 Safari/535.7"
28.111.188.194 - - [17/Nov/2017:00:45:35 +0000] "GET /item/software/2109 HTTP/1.1" 200 107 "/item/music/1760" "Mozilla/5.0 (Windows NT 6.0; rv:10.0.1) Gecko/20100101 Firefox/10.0.1"
180.39.180.68 - - [17/Nov/2017:00:45:40 +0000] "GET /category/office HTTP/1.1" 200 69 "-" "Mozilla/5.0 (Windows NT 6.0) AppleWebKit/535.11 (KHTML, like Gecko) Chrome/17.0.963.56 Safari/535.11"
176.69.100.211 - - [17/Nov/2017:00:45:45 +0000] "POST /search/?c=Games+Giftcards HTTP/1.1" 200 78 "/category/software" "Mozilla/5.0 (Windows NT 6.1; WOW64) AppleWebKit/535.11 (KHTML, like Gecko) Chrome/17.0.963.56 Safari/535.11"
220.195.117.90 - - [17/Nov/2017:00:45:50 +0000] "GET /category/garden?from=0 HTTP/1.1" 200 90 "-" "Mozilla/4.0 (compatible; MSIE 8.0; Windows NT 6.1; WOW64; Trident/4.0; YTB730; GTB7.2; EasyBits GO v1.0; SLCC2; .NET CLR 2.0.50727; .NET CLR 3.5.30729; .NET CLR 3.0.30729; Media Center PC 6.0; .NET4.0C)"
116.60.31.130 - - [17/Nov/2017:00:45:55 +0000] "GET /category/games HTTP/1.1" 200 71 "/category/computers" "Mozilla/5.0 (Windows NT 6.0; rv:10.0.1) Gecko/20100101 Firefox/10.0.1"
188.213.34.150 - - [17/Nov/2017:00:46:00 +0000] "GET /item/jewelry/4114 HTTP/1.1" 404 139 "/category/music" "Mozilla/5.0 (Windows NT 5.1) AppleWebKit/535.11 (KHTML, like Gecko) Chrome/17.0.963.46 Safari/535.11"
60.126.127.74 - - [17/Nov/2017:00:46:05 +0000] "GET /category/electronics HTTP/1.1" 200 51 "-" "Mozilla/5.0 (Windows NT 6.0) AppleWebKit/535.11 (KHTML, like Gecko) Chrome/17.0.963.56 Safari/535.11"
40.54.165.166 - - [17/Nov/2017:00:46:10 +0000] "GET /item/computers/1333 HTTP/1.1" 200 108 "-" "Mozilla/5.0 (Windows NT 6.0; rv:10.0.1) Gecko/20100101 Firefox/10.0.1"
88.102.169.148 - - [17/Nov/2017:00:46:15 +0000] "GET /category/computers HTTP/1.1" 200 45 "-" "Mozilla/5.0 (Macintosh; Intel Mac OS X 10.6; rv:9.0.1) Gecko/20100101 Firefox/9.0.1"
104.141.80.150 - - [17/Nov/2017:00:46:20 +0000] "GET /category/cameras HTTP/1.1" 200 77 "/item/giftcards/3622" "Mozilla/5.0 (compatible; Googlebot/2.1; +http://www.google.com/bot.html)"
128.87.206.114 - - [17/Nov/2017:00:46:25 +0000] "GET /item/electronics/1095 HTTP/1.1" 200 106 "/search/?c=Electronics" "Mozilla/5.0 (Windows NT 6.1; WOW64; rv:10.0.1) Gecko/20100101 Firefox/10.0.1"
124.180.126.94 - - [17/Nov/2017:00:46:30 +0000] "GET /item/garden/4153 HTTP/1.1" 200 77 "/category/office" "Mozilla/4.0 (compatible; MSIE 8.0; Windows NT 6.1; WOW64; Trident/4.0; YTB730; GTB7.2; EasyBits GO v1.0; SLCC2; .NET CLR 2.0.50727; .NET CLR 3.5.30729; .NET CLR 3.0.30729; Media Center PC 6.0; .NET4.0C)"
192.93.155.127 - - [17/Nov/2017:00:46:35 +0000] "GET /item/electronics/106 HTTP/1.1" 200 50 "/category/software" "Mozilla/5.0 (Macintosh; Intel Mac OS X 10.6; rv:9.0.1) Gecko/20100101 Firefox/9.0.1"
144.213.38.93 - - [17/Nov/2017:00:46:40 +0000] "GET /category/electronics HTTP/1.1" 200 44 "-" "Mozilla/5.0 (Windows NT 6.1; WOW64) AppleWebKit/535.11 (KHTML, like Gecko) Chrome/17.0.963.56 Safari/535.11"
112.57.196.125 - - [17/Nov/2017:00:46:45 +0000] "POST /search/?c=Electronics HTTP/1.1" 200 101 "/category/music" "Mozilla/5.0 (Windows NT 6.0; rv:10.0.1) Gecko/20100101 Firefox/10.0.1"
140.75.187.67 - - [17/Nov/2017:00:46:50 +0000] "GET /category/electronics HTTP/1.1" 200 62 "-" "Mozilla/5.0 (Windows NT 6.0; rv:10.0.1) Gecko/20100101 Firefox/10.0.1"
76.39.153.224 - - [17/Nov/2017:00:46:55 +0000] "GET /item/office/278 HTTP/1.1" 200 108 "/search/?c=Books+Health" "Mozilla/4.0 (compatible; MSIE 8.0; Windows NT 5.1; Trident/4.0; BTRS122159; GTB7.2; .NET CLR 1.1.4322; .NET CLR 2.0.50727; .NET CLR 3.0.04506.30; .NET CLR 3.0.4506.2152; .NET CLR 3.5.30729; BRI/2)"
208.30.147.227 - - [17/Nov/2017:00:47:00 +0000] "GET /item/office/863 HTTP/1.1" 200 125 "/search/?c=Software+Office" "Mozilla/5.0 (Windows NT 6.1; WOW64) AppleWebKit/535.11 (KHTML, like Gecko) Chrome/17.0.963.56 Safari/535.11"
188.96.51.51 - - [17/Nov/2017:00:47:05 +0000] "GET /category/games HTTP/1.1" 200 89 "-" "Mozilla/5.0 (Windows NT 5.1) AppleWebKit/535.11 (KHTML, like Gecko) Chrome/17.0.963.46 Safari/535.11"
188.213.34.150 - - [17/Nov/2017:00:47:10 +0000] "GET /category/electronics HTTP/1.1" 200 59 "-" "Mozilla/5.0 (Windows NT 6.1; WOW64) AppleWebKit/535.11 (KHTML, like Gecko) Chrome/17.0.963.56 Safari/535.11"
176.177.74.90 - - [17/Nov/2017:00:47:15 +0000] "GET /item/music/2928 HTTP/1.1" 200 80 "/item/music/532" "Mozilla/5.0 (compatible; MSIE 9.0; Windows NT 6.1; WOW64; Trident/5.0)"
200.225.111.124 - - [17/Nov/2017:00:47:20 +0000] "GET /category/games HTTP/1.1" 200 77 "-" "Mozilla/4.0 (compatible; MSIE 8.0; Windows NT 6.1; WOW64; Trident/4.0; GTB7.2; SLCC2; .NET CLR 2.0.50727; .NET CLR 3.5.30729; .NET CLR 3.0.30729; Media Center PC 6.0; .NET4.0C)"
80.123.121.100 - - [17/Nov/2017:00:47:25 +0000] "GET /category/software?from=0 HTTP/1.1" 200 77 "-" "Mozilla/5.0 (Windows NT 6.0; rv:10.0.1) Gecko/20100101 Firefox/10.0.1"
84.225.150.149 - - [17/Nov/2017:00:47:30 +0000] "GET /category/software HTTP/1.1" 200 64 "/category/computers" "Mozilla/5.0 (Macintosh; Intel Mac OS X 10.6; rv:9.0.1) Gecko/20100101 Firefox/9.0.1"
84.108.138.186 - - [17/Nov/2017:00:47:35 +0000] "GET /item/software/4545 HTTP/1.1" 200 135 "http://www.google.com/search?ie=UTF-8&q=google&sclient=psy-ab&q=Software&oq=Software&aq=f&aqi=g-vL1&aql=&pbx=1&bav=on.2,or.r_gc.r_pw.r_qf.,cf.osb&biw=1593&bih=187" "Mozilla/5.0 (Windows NT 6.0) AppleWebKit/535.11 (KHTML, like Gecko) Chrome/17.0.963.56 Safari/535.11"
104.93.76.126 - - [17/Nov/2017:00:47:40 +0000] "GET /category/books?from=20 HTTP/1.1" 200 80 "-" "Mozilla/4.0 (compatible; MSIE 8.0; Windows NT 5.1; Trident/4.0; BTRS122159; GTB7.2; .NET CLR 1.1.4322; .NET CLR 2.0.50727; .NET CLR 3.0.04506.30; .NET CLR 3.0.4506.2152; .NET CLR 3.5.30729; BRI/2)"
84.201.48.127 - - [17/Nov/2017:00:47:45 +0000] "GET /category/electronics HTTP/1.1" 200 130 "/category/sports" "Mozilla/5.0 (compatible; MSIE 9.0; Windows NT 6.1; WOW64; Trident/5.0)"
116.60.150.29 - - [17/Nov/2017:00:47:50 +0000] "GET /category/books?from=0 HTTP/1.1" 200 52 "/category/office" "Mozilla/4.0 (compatible; MSIE 8.0; Windows NT 6.1; WOW64; Trident/4.0; YTB730; GTB7.2; EasyBits GO v1.0; SLCC2; .NET CLR 2.0.50727; .NET CLR 3.5.30729; .NET CLR 3.0.30729; Media Center PC 6.0; .NET4.0C)"
84.189.135.46 - - [17/Nov/2017:00:47:55 +0000] "GET /category/office HTTP/1.1" 200 71 "/category/electronics" "Mozilla/5.0 (Macintosh; Intel Mac OS X 10.6; rv:9.0.1) Gecko/20100101 Firefox/9.0.1"
156.81.120.91 - - [17/Nov/2017:00:48:00 +0000] "POST /search/?c=Software+Garden HTTP/1.1" 200 98 "-" "Mozilla/5.0 (compatible; MSIE 9.0; Windows NT 6.1; WOW64; Trident/5.0)"
144.180.166.148 - - [17/Nov/2017:00:48:05 +0000] "GET /category/computers HTTP/1.1" 200 139 "-" "Mozilla/5.0 (Macintosh; Intel Mac OS X 10.6; rv:9.0.1) Gecko/20100101 Firefox/9.0.1"
208.99.126.192 - - [17/Nov/2017:00:48:10 +0000] "GET /item/computers/4451 HTTP/1.1" 200 42 "/item/games/1490" "Mozilla/4.0 (compatible; MSIE 8.0; Windows NT 6.1; WOW64; Trident/4.0; YTB730; GTB7.2; SLCC2; .NET CLR 2.0.50727; .NET CLR 3.5.30729; .NET CLR 3.0.30729; .NET4.0C; .NET4.0E; Media Center PC 6.0)"
168.150.74.102 - - [17/Nov/2017:00:48:15 +0000] "GET /item/games/526 HTTP/1.1" 200 104 "/item/software/1876" "Mozilla/5.0 (compatible; MSIE 9.0; Windows NT 6.1; WOW64; Trident/5.0)"
188.165.102.75 - - [17/Nov/2017:00:48:20 +0000] "GET /category/music HTTP/1.1" 200 53 "/category/networking?from=20" "Mozilla/5.0 (compatible; Googlebot/2.1; +http://www.google.com/bot.html)"
188.177.87.130 - - [17/Nov/2017:00:48:25 +0000] "GET /category/jewelry HTTP/1.1" 200 95 "-" "Mozilla/5.0 (Windows NT 6.0) AppleWebKit/535.11 (KHTML, like Gecko) Chrome/17.0.963.56 Safari/535.11"
64.219.70.102 - - [17/Nov/2017:00:48:30 +0000] "GET /category/office HTTP/1.1" 200 74 "-" "Mozilla/5.0 (compatible; Googlebot/2.1; +http://www.google.com/bot.html)"
212.192.182.120 - - [17/Nov/2017:00:48:35 +0000] "GET /item/sports/3881 HTTP/1.1" 200 89 "-" "Mozilla/4.0 (compatible; MSIE 8.0; Windows NT 6.1; WOW64; Trident/4.0; YTB730; GTB7.2; EasyBits GO v1.0; SLCC2; .NET CLR 2.0.50727; .NET CLR 3.5.30729; .NET CLR 3.0.30729; Media Center PC 6.0; .NET4.0C)"
188.219.65.49 - - [17/Nov/2017:00:48:40 +0000] "GET /item/garden/4383 HTTP/1.1" 200 95 "/item/electronics/2868" "Mozilla/5.0 (Windows NT 5.1) AppleWebKit/535.11 (KHTML, like Gecko) Chrome/17.0.963.46 Safari/535.11"
144.78.204.148 - - [17/Nov/2017:00:48:45 +0000] "GET /item/jewelry/2593 HTTP/1.1" 200 118 "/category/jewelry" "Mozilla/5.0 (compatible; MSIE 9.0; Windows NT 6.1; Trident/5.0)"
148.213.116.158 - - [17/Nov/2017:00:48:50 +0000] "GET /category/games HTTP/1.1" 200 135 "/item/electronics/2277" "Mozilla/5.0 (Windows NT 6.1; WOW64) AppleWebKit/535.11 (KHTML, like Gecko) Chrome/17.0.963.56 Safari/535.11"
88.222.58.180 - - [17/Nov/2017:00:48:55 +0000] "GET /item/cameras/4995 HTTP/1.1" 200 97 "http://www.google.com/search?ie=UTF-8&q=google&sclient=psy-ab&q=Cameras+Electronics&oq=Cameras+Electronics&aq=f&aqi=g-vL1&aql=&pbx=1&bav=on.2,or.r_gc.r_pw.r_qf.,cf.osb&biw=2694&bih=183" "Mozilla/5.0 (compatible; MSIE 9.0; Windows NT 6.1; Trident/5.0)"
36.24.74.155 - - [17/Nov/2017:00:49:00 +0000] "GET /category/books HTTP/1.1" 200 126 "/category/electronics" "Mozilla/5.0 (Macintosh; Intel Mac OS X 10.6; rv:9.0.1) Gecko/20100101 Firefox/9.0.1"
92.180.180.225 - - [17/Nov/2017:00:49:05 +0000] "POST /search/?c=Software+Electronics HTTP/1.1" 200 97 "-" "Mozilla/5.0 (Windows NT 6.0) AppleWebKit/535.11 (KHTML, like Gecko) Chrome/17.0.963.56 Safari/535.11"
140.150.40.81 - - [17/Nov/2017:00:49:10 +0000] "GET /category/electronics HTTP/1.1" 200 62 "/category/electronics" "Mozilla/5.0 (iPad; CPU OS 5_0_1 like Mac OS X) AppleWebKit/534.46 (KHTML, like Gecko) Version/5.1 Mobile/9A405 Safari/7534.48.3"
32.213.139.23 - - [17/Nov/2017:00:49:15 +0000] "GET /item/software/2699 HTTP/1.1" 200 50 "/search/?c=Software" "Mozilla/4.0 (compatible; MSIE 8.0; Windows NT 6.1; WOW64; Trident/4.0; YTB730; GTB7.2; SLCC2; .NET CLR 2.0.50727; .NET CLR 3.5.30729; .NET CLR 3.0.30729; .NET4.0C; .NET4.0E; Media Center PC 6.0)"
212.117.157.59 - - [17/Nov/2017:00:49:20 +0000] "GET /category/health?from=10 HTTP/1.1" 200 89 "/category/health" "Mozilla/5.0 (Windows NT 6.1; WOW64; rv:10.0.1) Gecko/20100101 Firefox/10.0.1"
212.45.141.113 - - [17/Nov/2017:00:49:25 +0000] "GET /category/software?from=20 HTTP/1.1" 200 94 "/category/software" "Mozilla/4.0 (compatible; MSIE 8.0; Windows NT 6.1; WOW64; Trident/4.0; YTB730; GTB7.2; SLCC2; .NET CLR 2.0.50727; .NET CLR 3.5.30729; .NET CLR 3.0.30729; .NET4.0C; .NET4.0E; Media Center PC 6.0)"
72.66.199.152 - - [17/Nov/2017:00:49:30 +0000] "GET /item/garden/4383 HTTP/1.1" 200 95 "http://www.google.com/search?ie=UTF-8&q=google&sclient=psy-ab&q=Garden&oq=Garden&aq=f&aqi=g-vL1&aql=&pbx=1&bav=on.2,or.r_gc.r_pw.r_qf.,cf.osb&biw=423&bih=381" "Mozilla/5.0 (Windows NT 6.0; rv:10.0.1) Gecko/20100101 Firefox/10.0.1"
136.81.21.202 - - [17/Nov/2017:00:49:35 +0000] "GET /category/electronics HTTP/1.1" 200 57 "/category/toys" "Mozilla/4.0 (compatible; MSIE 8.0; Windows NT 5.1; Trident/4.0; BTRS122159; GTB7.2; .NET CLR 1.1.4322; .NET CLR 2.0.50727; .NET CLR 3.0.04506.30; .NET CLR 3.0.4506.2152; .NET CLR 3.5.30729; BRI/2)"
20.84.216.48 - - [17/Nov/2017:00:49:40 +0000] "GET /category/jewelry HTTP/1.1" 200 111 "/search/?c=Electronics+Garden" "Mozilla/5.0 (compatible; MSIE 9.0; Windows NT 6.1; WOW64; Trident/5.0)"
96.99.105.24 - - [17/Nov/2017:00:49:45 +0000] "GET /category/games HTTP/1.1" 200 78 "-" "Mozilla/4.0 (compatible; MSIE 8.0; Windows NT 6.0; WOW64; Trident/4.0; GTB6; SLCC1; .NET CLR 2.0.50727; Media Center PC 5.0; .NET CLR 3.5.30729; .NET CLR 3.0.30618; .NET4.0C)"
80.114.224.190 - - [17/Nov/2017:00:49:50 +0000] "GET /category/computers HTTP/1.1" 200 94 "/category/software" "Mozilla/5.0 (Windows NT 6.1; WOW64) AppleWebKit/535.11 (KHTML, like Gecko) Chrome/17.0.963.56 Safari/535.11"
68.201.134.81 - - [17/Nov/2017:00:49:55 +0000] "GET /category/finance HTTP/1.1" 200 49 "/search/?c=Software" "Mozilla/5.0 (Windows NT 6.1; WOW64; rv:10.0.1) Gecko/20100101 Firefox/10.0.1"
104.72.204.155 - - [17/Nov/2017:00:50:00 +0000] "GET /category/jewelry HTTP/1.1" 200 112 "/item/garden/4383" "Mozilla/5.0 (Windows NT 6.0) AppleWebKit/535.11 (KHTML, like Gecko) Chrome/17.0.963.56 Safari/535.11"
160.177.26.162 - - [17/Nov/2017:00:50:05 +0000] "GET /category/sports HTTP/1.1" 200 137 "/category/giftcards" "Mozilla/4.0 (compatible; MSIE 8.0; Windows NT 6.1; WOW64; Trident/4.0; YTB730; GTB7.2; EasyBits GO v1.0; SLCC2; .NET CLR 2.0.50727; .NET CLR 3.5.30729; .NET CLR 3.0.30729; Media Center PC 6.0; .NET4.0C)"
100.48.203.91 - - [17/Nov/2017:00:50:10 +0000] "GET /item/cameras/2299 HTTP/1.1" 200 64 "/search/?c=Cameras" "Mozilla/5.0 (Macintosh; Intel Mac OS X 10.6; rv:9.0.1) Gecko/20100101 Firefox/9.0.1"
136.27.27.51 - - [17/Nov/2017:00:50:15 +0000] "GET /category/books HTTP/1.1" 200 50 "-" "Mozilla/5.0 (Windows NT 6.1; WOW64) AppleWebKit/535.11 (KHTML, like Gecko) Chrome/17.0.963.56 Safari/535.11"
176.210.127.134 - - [17/Nov/2017:00:50:20 +0000] "GET /item/electronics/1057 HTTP/1.1" 200 137 "/category/electronics" "Mozilla/5.0 (Windows NT 6.1; WOW64) AppleWebKit/535.11 (KHTML, like Gecko) Chrome/17.0.963.56 Safari/535.11"
116.225.31.103 - - [17/Nov/2017:00:50:25 +0000] "GET /item/health/4591 HTTP/1.1" 200 101 "-" "Mozilla/5.0 (Windows NT 6.0; rv:10.0.1) Gecko/20100101 Firefox/10.0.1"
196.180.153.197 - - [17/Nov/2017:00:50:30 +0000] "GET /category/software HTTP/1.1" 200 93 "-" "Mozilla/4.0 (compatible; MSIE 8.0; Windows NT 5.1; Trident/4.0; BTRS122159; GTB7.2; .NET CLR 1.1.4322; .NET CLR 2.0.50727; .NET CLR 3.0.04506.30; .NET CLR 3.0.4506.2152; .NET CLR 3.5.30729; BRI/2)"
104.141.83.168 - - [17/Nov/2017:00:50:35 +0000] "GET /category/electronics HTTP/1.1" 200 79 "-" "Mozilla/5.0 (Windows NT 6.0) AppleWebKit/535.11 (KHTML, like Gecko) Chrome/17.0.963.56 Safari/535.11"
100.54.120.206 - - [17/Nov/2017:00:50:40 +0000] "GET /category/networking HTTP/1.1" 200 136 "/category/electronics" "Mozilla/5.0 (Windows NT 6.1; WOW64) AppleWebKit/535.7 (KHTML, like Gecko) Chrome/16.0.912.77 Safari/535.7"
140.54.169.166 - - [17/Nov/2017:00:50:45 +0000] "GET /category/software HTTP/1.1" 200 84 "/item/electronics/2670" "Mozilla/5.0 (compatible; Googlebot/2.1; +http://www.google.com/bot.html)"
112.204.94.24 - - [17/Nov/2017:00:50:50 +0000] "GET /item/garden/2199 HTTP/1.1" 200 74 "-" "Mozilla/5.0 (Windows NT 6.1; WOW64) AppleWebKit/535.11 (KHTML, like Gecko) Chrome/17.0.963.56 Safari/535.11"
92.141.177.68 - - [17/Nov/2017:00:50:55 +0000] "GET /category/software HTTP/1.1" 200 131 "/item/games/3186" "Mozilla/4.0 (compatible; MSIE 8.0; Windows NT 6.1; WOW64; Trident/4.0; YTB730; GTB7.2; EasyBits GO v1.0; SLCC2; .NET CLR 2.0.50727; .NET CLR 3.5.30729; .NET CLR 3.0.30729; Media Center PC 6.0; .NET4.0C)"
208.180.52.36 - - [17/Nov/2017:00:51:00 +0000] "GET /category/electronics HTTP/1.1" 200 84 "-" "Mozilla/5.0 (Windows NT 6.0; rv:10.0.1) Gecko/20100101 Firefox/10.0.1"
84.126.57.104 - - [17/Nov/2017:00:51:05 +0000] "GET /category/jewelry HTTP/1.1" 200 111 "-" "Mozilla/5.0 (Windows NT 6.0) AppleWebKit/535.11 (KHTML, like Gecko) Chrome/17.0.963.56 Safari/535.11"
136.63.21.83 - - [17/Nov/2017:00:51:10 +0000] "GET /item/computers/2093 HTTP/1.1" 200 91 "/item/garden/231" "Mozilla/4.0 (compatible; MSIE 8.0; Windows NT 5.1; Trident/4.0; BTRS122159; GTB7.2; .NET CLR 1.1.4322; .NET CLR 2.0.50727; .NET CLR 3.0.04506.30; .NET CLR 3.0.4506.2152; .NET CLR 3.5.30729; BRI/2)"
88.87.28.220 - - [17/Nov/2017:00:51:15 +0000] "GET /category/electronics HTTP/1.1" 200 130 "/item/books/4942" "Mozilla/5.0 (Windows NT 6.0; rv:10.0.1) Gecko/20100101 Firefox/10.0.1"
36.126.150.23 - - [17/Nov/2017:00:51:20 +0000] "GET /category/music HTTP/1.1" 200 138 "-" "Mozilla/5.0 (iPad; CPU OS 5_0_1 like Mac OS X) AppleWebKit/534.46 (KHTML, like Gecko) Version/5.1 Mobile/9A405 Safari/7534.48.3"
80.120.169.42 - - [17/Nov/2017:00:51:25 +0000] "GET /category/sports?from=0 HTTP/1.1" 200 81 "-" "Mozilla/5.0 (Windows NT 6.1; WOW64) AppleWebKit/535.7 (KHTML, like Gecko) Chrome/16.0.912.77 Safari/535.7"
80.63.29.149 - - [17/Nov/2017:00:51:30 +0000] "POST /search/?c=Giftcards HTTP/1.1" 200 104 "/category/software" "Mozilla/5.0 (Windows NT 6.1; WOW64) AppleWebKit/535.11 (KHTML, like Gecko) Chrome/17.0.963.56 Safari/535.11"
148.81.169.77 - - [17/Nov/2017:00:51:35 +0000] "GET /item/electronics/229 HTTP/1.1" 200 105 "/category/networking" "Mozilla/5.0 (Windows NT 6.1; WOW64) AppleWebKit/535.11 (KHTML, like Gecko) Chrome/17.0.963.56 Safari/535.11"
188.96.51.51 - - [17/Nov/2017:00:51:40 +0000] "GET /category/office HTTP/1.1" 200 77 "-" "Mozilla/4.0 (compatible; MSIE 8.0; Windows NT 6.1; WOW64; Trident/4.0; GTB7.2; SLCC2; .NET CLR 2.0.50727; .NET CLR 3.5.30729; .NET CLR 3.0.30729; Media Center PC 6.0; .NET4.0C)"
196.102.21.104 - - [17/Nov/2017:00:51:45 +0000] "GET /item/electronics/2101 HTTP/1.1" 200 84 "/item/music/4004" "Mozilla/5.0 (Macintosh; Intel Mac OS X 10.6; rv:9.0.1) Gecko/20100101 Firefox/9.0.1"
168.159.154.110 - - [17/Nov/2017:00:51:50 +0000] "GET /category/electronics?from=20 HTTP/1.1" 200 52 "-" "Mozilla/4.0 (compatible; MSIE 8.0; Windows NT 6.1; WOW64; Trident/4.0; YTB730; GTB7.2; SLCC2; .NET CLR 2.0.50727; .NET CLR 3.5.30729; .NET CLR 3.0.30729; .NET4.0C; .NET4.0E; Media Center PC 6.0)"
140.72.79.22 - - [17/Nov/2017:00:51:55 +0000] "GET /item/music/4699 HTTP/1.1" 200 48 "-" "Mozilla/5.0 (Windows NT 6.1; WOW64; rv:10.0.1) Gecko/20100101 Firefox/10.0.1"
220.123.112.58 - - [17/Nov/2017:00:52:00 +0000] "GET /category/books HTTP/1.1" 200 49 "-" "Mozilla/5.0 (Windows NT 5.1) AppleWebKit/535.11 (KHTML, like Gecko) Chrome/17.0.963.46 Safari/535.11"
184.135.39.104 - - [17/Nov/2017:00:52:05 +0000] "POST /search/?c=Computers+Electronics HTTP/1.1" 200 44 "-" "Mozilla/5.0 (Windows NT 6.1; WOW64) AppleWebKit/535.7 (KHTML, like Gecko) Chrome/16.0.912.77 Safari/535.7"
188.138.65.208 - - [17/Nov/2017:00:52:10 +0000] "GET /item/electronics/2277 HTTP/1.1" 200 43 "/category/cameras" "Mozilla/5.0 (Windows NT 6.1; WOW64; rv:10.0.1) Gecko/20100101 Firefox/10.0.1"
60.99.81.68 - - [17/Nov/2017:00:52:15 +0000] "GET /category/software?from=20 HTTP/1.1" 200 94 "/search/?c=Software" "Mozilla/5.0 (compatible; MSIE 9.0; Windows NT 6.1; WOW64; Trident/5.0)"
168.195.25.139 - - [17/Nov/2017:00:52:20 +0000] "GET /item/electronics/4041 HTTP/1.1" 200 42 "/category/sports" "Mozilla/4.0 (compatible; MSIE 8.0; Windows NT 6.1; Trident/4.0; YTB730; SLCC2; .NET CLR 2.0.50727; .NET CLR 3.5.30729; .NET CLR 3.0.30729; Media Center PC 6.0; .NET4.0C)"
52.132.50.197 - - [17/Nov/2017:00:52:25 +0000] "POST /search/?c=Office+Electronics HTTP/1.1" 200 82 "-" "Mozilla/5.0 (compatible; MSIE 9.0; Windows NT 6.1; WOW64; Trident/5.0)"
24.162.227.115 - - [17/Nov/2017:00:52:30 +0000] "GET /category/games HTTP/1.1" 200 115 "/category/health" "Mozilla/5.0 (Macintosh; Intel Mac OS X 10.6; rv:9.0.1) Gecko/20100101 Firefox/9.0.1"
36.219.202.185 - - [17/Nov/2017:00:52:35 +0000] "GET /item/music/4221 HTTP/1.1" 200 94 "/search/?c=Garden" "Mozilla/4.0 (compatible; MSIE 8.0; Windows NT 6.1; WOW64; Trident/4.0; GTB7.2; SLCC2; .NET CLR 2.0.50727; .NET CLR 3.5.30729; .NET CLR 3.0.30729; Media Center PC 6.0; .NET4.0C)"
84.123.83.114 - - [17/Nov/2017:00:52:40 +0000] "GET /category/cameras HTTP/1.1" 200 114 "/category/computers" "Mozilla/5.0 (Windows NT 5.1) AppleWebKit/535.11 (KHTML, like Gecko) Chrome/17.0.963.46 Safari/535.11"
216.99.176.92 - - [17/Nov/2017:00:52:45 +0000] "GET /category/books HTTP/1.1" 200 80 "-" "Mozilla/5.0 (iPad; CPU OS 5_0_1 like Mac OS X) AppleWebKit/534.46 (KHTML, like Gecko) Version/5.1 Mobile/9A405 Safari/7534.48.3"
104.216.208.39 - - [17/Nov/2017:00:52:50 +0000] "GET /item/books/4586 HTTP/1.1" 200 130 "/category/games?from=20" "Mozilla/5.0 (Windows NT 6.1; WOW64) AppleWebKit/535.11 (KHTML, like Gecko) Chrome/17.0.963.56 Safari/535.11"
144.21.111.211 - - [17/Nov/2017:00:52:55 +0000] "POST /search/?c=Cameras+Finance HTTP/1.1" 200 49 "-" "Mozilla/4.0 (compatible; MSIE 8.0; Windows NT 6.0; WOW64; Trident/4.0; GTB6; SLCC1; .NET CLR 2.0.50727; Media Center PC 5.0; .NET CLR 3.5.30729; .NET CLR 3.0.30618; .NET4.0C)"
116.150.145.77 - - [17/Nov/2017:00:53:00 +0000] "POST /search/?c=Cameras HTTP/1.1" 200 132 "/category/games" "Mozilla/5.0 (Windows NT 6.0) AppleWebKit/535.11 (KHTML, like Gecko) Chrome/17.0.963.56 Safari/535.11"
160.45.81.35 - - [17/Nov/2017:00:53:05 +0000] "GET /category/office HTTP/1.1" 200 128 "-" "Mozilla/5.0 (compatible; MSIE 9.0; Windows NT 6.1; WOW64; Trident/5.0)"
216.48.29.169 - - [17/Nov/2017:00:53:10 +0000] "GET /category/software HTTP/1.1" 200 93 "/category/software" "Mozilla/5.0 (Windows NT 6.0) AppleWebKit/535.11 (KHTML, like Gecko) Chrome/17.0.963.56 Safari/535.11"
192.213.30.56 - - [17/Nov/2017:00:53:15 +0000] "GET /category/software HTTP/1.1" 200 93 "/item/electronics/1195" "Mozilla/5.0 (iPad; CPU OS 5_0_1 like Mac OS X) AppleWebKit/534.46 (KHTML, like Gecko) Version/5.1 Mobile/9A405 Safari/7534.48.3"
44.162.33.184 - - [17/Nov/2017:00:53:20 +0000] "GET /category/finance HTTP/1.1" 200 96 "/category/electronics" "Mozilla/4.0 (compatible; MSIE 8.0; Windows NT 6.1; WOW64; Trident/4.0; GTB7.2; SLCC2; .NET CLR 2.0.50727; .NET CLR 3.5.30729; .NET CLR 3.0.30729; Media Center PC 6.0; .NET4.0C)"
40.105.210.146 - - [17/Nov/2017:00:53:25 +0000] "GET /category/electronics HTTP/1.1" 200 97 "-" "Mozilla/5.0 (compatible; Googlebot/2.1; +http://www.google.com/bot.html)"
56.120.188.55 - - [17/Nov/2017:00:53:30 +0000] "POST /search/?c=Software HTTP/1.1" 200 126 "-" "Mozilla/5.0 (Windows NT 6.0) AppleWebKit/535.11 (KHTML, like Gecko) Chrome/17.0.963.56 Safari/535.11"
132.225.76.162 - - [17/Nov/2017:00:53:35 +0000] "GET /category/music HTTP/1.1" 200 95 "/category/books" "Mozilla/5.0 (Windows NT 6.1; WOW64; rv:10.0.1) Gecko/20100101 Firefox/10.0.1"
56.153.218.154 - - [17/Nov/2017:00:53:40 +0000] "GET /item/software/3165 HTTP/1.1" 200 63 "-" "Mozilla/5.0 (compatible; MSIE 9.0; Windows NT 6.1; Trident/5.0)"
80.120.169.42 - - [17/Nov/2017:00:53:45 +0000] "GET /item/software/1017 HTTP/1.1" 200 109 "/item/electronics/1270" "Mozilla/5.0 (compatible; Googlebot/2.1; +http://www.google.com/bot.html)"
176.177.74.90 - - [17/Nov/2017:00:53:50 +0000] "GET /category/health HTTP/1.1" 200 120 "-" "Mozilla/5.0 (Windows NT 6.1; WOW64; rv:10.0.1) Gecko/20100101 Firefox/10.0.1"
40.126.128.141 - - [17/Nov/2017:00:53:55 +0000] "GET /category/office HTTP/1.1" 200 51 "-" "Mozilla/5.0 (Windows NT 6.1; WOW64; rv:10.0.1) Gecko/20100101 Firefox/10.0.1"
176.33.111.181 - - [17/Nov/2017:00:54:00 +0000] "GET /item/electronics/287 HTTP/1.1" 200 50 "-" "Mozilla/5.0 (Windows NT 6.0; rv:10.0.1) Gecko/20100101 Firefox/10.0.1"
144.129.150.26 - - [17/Nov/2017:00:54:05 +0000] "GET /category/garden HTTP/1.1" 200 47 "/item/networking/3979" "Mozilla/5.0 (Windows NT 6.1; WOW64) AppleWebKit/535.7 (KHTML, like Gecko) Chrome/16.0.912.77 Safari/535.7"
20.120.111.64 - - [17/Nov/2017:00:54:10 +0000] "GET /category/games?from=20 HTTP/1.1" 200 42 "/item/giftcards/4032" "Mozilla/5.0 (compatible; MSIE 9.0; Windows NT 6.1; WOW64; Trident/5.0)"
44.102.49.36 - - [17/Nov/2017:00:54:15 +0000] "GET /category/sports HTTP/1.1" 200 98 "/category/health?from=10" "Mozilla/4.0 (compatible; MSIE 8.0; Windows NT 6.1; WOW64; Trident/4.0; YTB730; GTB7.2; SLCC2; .NET CLR 2.0.50727; .NET CLR 3.5.30729; .NET CLR 3.0.30729; .NET4.0C; .NET4.0E; Media Center PC 6.0)"
204.117.20.72 - - [17/Nov/2017:00:54:20 +0000] "GET /item/electronics/663 HTTP/1.1" 404 78 "/item/software/4680" "Mozilla/5.0 (Windows NT 6.0) AppleWebKit/535.11 (KHTML, like Gecko) Chrome/17.0.963.56 Safari/535.11"
28.150.146.21 - - [17/Nov/2017:00:54:25 +0000] "GET /category/jewelry HTTP/1.1" 200 48 "/category/books?from=20" "Mozilla/4.0 (compatible; MSIE 8.0; Windows NT 6.1; Trident/4.0; YTB730; SLCC2; .NET CLR 2.0.50727; .NET CLR 3.5.30729; .NET CLR 3.0.30729; Media Center PC 6.0; .NET4.0C)"
120.168.180.96 - - [17/Nov/2017:00:54:30 +0000] "GET /category/electronics HTTP/1.1" 200 113 "-" "Mozilla/5.0 (Windows NT 6.1; WOW64; rv:10.0.1) Gecko/20100101 Firefox/10.0.1"
140.159.183.92 - - [17/Nov/2017:00:54:35 +0000] "GET /item/games/4762 HTTP/1.1" 200 96 "http://www.google.com/search?ie=UTF-8&q=google&sclient=psy-ab&q=Games+Networking&oq=Games+Networking&aq=f&aqi=g-vL1&aql=&pbx=1&bav=on.2,or.r_gc.r_pw.r_qf.,cf.osb&biw=2501&bih=256" "Mozilla/5.0 (Windows NT 6.0; rv:10.0.1) Gecko/20100101 Firefox/10.0.1"
176.39.156.216 - - [17/Nov/2017:00:54:40 +0000] "GET /category/toys HTTP/1.1" 200 63 "/category/electronics" "Mozilla/5.0 (compatible; MSIE 9.0; Windows NT 6.1; WOW64; Trident/5.0)"
156.69.192.82 - - [17/Nov/2017:00:54:45 +0000] "GET /category/music HTTP/1.1" 200 92 "-" "Mozilla/4.0 (compatible; MSIE 8.0; Windows NT 6.0; WOW64; Trident/4.0; GTB6; SLCC1; .NET CLR 2.0.50727; Media Center PC 5.0; .NET CLR 3.5.30729; .NET CLR 3.0.30618; .NET4.0C)"
60.225.108.28 - - [17/Nov/2017:00:54:50 +0000] "GET /category/garden HTTP/1.1" 200 87 "/category/cameras?from=0" "Mozilla/5.0 (compatible; MSIE 9.0; Windows NT 6.1; WOW64; Trident/5.0)"
164.219.67.33 - - [17/Nov/2017:00:54:55 +0000] "GET /category/toys HTTP/1.1" 200 41 "/search/?c=Jewelry+Games" "Mozilla/4.0 (compatible; MSIE 8.0; Windows NT 6.1; WOW64; Trident/4.0; YTB730; GTB7.2; EasyBits GO v1.0; SLCC2; .NET CLR 2.0.50727; .NET CLR 3.5.30729; .NET CLR 3.0.30729; Media Center PC 6.0; .NET4.0C)"
40.21.219.95 - - [17/Nov/2017:00:55:00 +0000] "GET /category/office?from=0 HTTP/1.1" 200 50 "/category/books" "Mozilla/5.0 (Windows NT 6.0) AppleWebKit/535.11 (KHTML, like Gecko) Chrome/17.0.963.56 Safari/535.11"
160.207.59.34 - - [17/Nov/2017:00:55:05 +0000] "GET /category/cameras HTTP/1.1" 200 114 "-" "Mozilla/4.0 (compatible; MSIE 8.0; Windows NT 6.1; WOW64; Trident/4.0; YTB730; GTB7.2; SLCC2; .NET CLR 2.0.50727; .NET CLR 3.5.30729; .NET CLR 3.0.30729; .NET4.0C; .NET4.0E; Media Center PC 6.0)"
40.177.178.144 - - [17/Nov/2017:00:55:10 +0000] "GET /item/books/4586 HTTP/1.1" 200 130 "/category/electronics" "Mozilla/5.0 (compatible; MSIE 9.0; Windows NT 6.1; Trident/5.0)"
60.150.49.62 - - [17/Nov/2017:00:55:15 +0000] "GET /item/games/1885 HTTP/1.1" 200 83 "/item/electronics/3574" "Mozilla/5.0 (Windows NT 5.1) AppleWebKit/535.11 (KHTML, like Gecko) Chrome/17.0.963.46 Safari/535.11"
44.165.199.141 - - [17/Nov/2017:00:55:20 +0000] "GET /category/electronics HTTP/1.1" 200 74 "-" "Mozilla/5.0 (Windows NT 5.1) AppleWebKit/535.11 (KHTML, like Gecko) Chrome/17.0.963.46 Safari/535.11"
224.228.152.212 - - [17/Nov/2017:00:55:25 +0000] "GET /item/office/2855 HTTP/1.1" 200 52 "-" "Mozilla/4.0 (compatible; MSIE 8.0; Windows NT 6.1; WOW64; Trident/4.0; GTB7.2; SLCC2; .NET CLR 2.0.50727; .NET CLR 3.5.30729; .NET CLR 3.0.30729; Media Center PC 6.0; .NET4.0C)"
188.147.180.205 - - [17/Nov/2017:00:55:30 +0000] "GET /category/books HTTP/1.1" 200 121 "-" "Mozilla/5.0 (Windows NT 6.0; rv:10.0.1) Gecko/20100101 Firefox/10.0.1"
100.93.35.154 - - [17/Nov/2017:00:55:35 +0000] "GET /category/software HTTP/1.1" 200 134 "-" "Mozilla/5.0 (Windows NT 6.1; WOW64) AppleWebKit/535.7 (KHTML, like Gecko) Chrome/16.0.912.77 Safari/535.7"
52.57.147.82 - - [17/Nov/2017:00:55:40 +0000] "GET /category/sports HTTP/1.1" 200 98 "-" "Mozilla/5.0 (Windows NT 6.0; rv:10.0.1) Gecko/20100101 Firefox/10.0.1"
100.54.117.195 - - [17/Nov/2017:00:55:45 +0000] "GET /category/software HTTP/1.1" 200 65 "/category/music" "Mozilla/5.0 (compatible; MSIE 9.0; Windows NT 6.1; WOW64; Trident/5.0)"
140.78.40.160 - - [17/Nov/2017:00:55:50 +0000] "GET /category/electronics?from=20 HTTP/1.1" 200 45 "/category/computers" "Mozilla/4.0 (compatible; MSIE 8.0; Windows NT 6.0; WOW64; Trident/4.0; GTB6; SLCC1; .NET CLR 2.0.50727; Media Center PC 5.0; .NET CLR 3.5.30729; .NET CLR 3.0.30618; .NET4.0C)"
144.27.80.155 - - [17/Nov/2017:00:55:55 +0000] "GET /category/health HTTP/1.1" 200 105 "-" "Mozilla/4.0 (compatible; MSIE 8.0; Windows NT 6.0; WOW64; Trident/4.0; GTB6; SLCC1; .NET CLR 2.0.50727; Media Center PC 5.0; .NET CLR 3.5.30729; .NET CLR 3.0.30618; .NET4.0C)"
28.165.95.144 - - [17/Nov/2017:00:56:00 +0000] "GET /category/electronics HTTP/1.1" 200 44 "/category/jewelry" "Mozilla/5.0 (Windows NT 6.1; WOW64) AppleWebKit/535.11 (KHTML, like Gecko) Chrome/17.0.963.56 Safari/535.11"
208.150.93.221 - - [17/Nov/2017:00:56:05 +0000] "POST /search/?c=Books+Networking HTTP/1.1" 200 82 "-" "Mozilla/5.0 (Windows NT 5.1) AppleWebKit/535.11 (KHTML, like Gecko) Chrome/17.0.963.46 Safari/535.11"
200.153.109.43 - - [17/Nov/2017:00:56:10 +0000] "GET /category/music HTTP/1.1" 200 138 "/item/health/4591" "Mozilla/5.0 (Windows NT 6.1; WOW64) AppleWebKit/535.11 (KHTML, like Gecko) Chrome/17.0.963.56 Safari/535.11"
52.135.193.44 - - [17/Nov/2017:00:56:15 +0000] "GET /category/cameras HTTP/1.1" 200 48 "-" "Mozilla/5.0 (compatible; Googlebot/2.1; +http://www.google.com/bot.html)"
56.189.95.197 - - [17/Nov/2017:00:56:20 +0000] "GET /category/garden HTTP/1.1" 200 111 "-" "Mozilla/5.0 (Macintosh; Intel Mac OS X 10.6; rv:9.0.1) Gecko/20100101 Firefox/9.0.1"
44.198.64.135 - - [17/Nov/2017:00:56:25 +0000] "GET /category/finance HTTP/1.1" 200 55 "/category/games" "Mozilla/5.0 (Windows NT 6.1; WOW64) AppleWebKit/535.11 (KHTML, like Gecko) Chrome/17.0.963.56 Safari/535.11"
28.81.112.82 - - [17/Nov/2017:00:56:30 +0000] "GET /category/electronics HTTP/1.1" 200 72 "-" "Mozilla/5.0 (iPad; CPU OS 5_0_1 like Mac OS X) AppleWebKit/534.46 (KHTML, like Gecko) Version/5.1 Mobile/9A405 Safari/7534.48.3"
176.177.94.159 - - [17/Nov/2017:00:56:35 +0000] "POST /search/?c=Computers HTTP/1.1" 200 100 "-" "Mozilla/5.0 (Windows NT 6.0) AppleWebKit/535.11 (KHTML, like Gecko) Chrome/17.0.963.56 Safari/535.11"
164.120.51.110 - - [17/Nov/2017:00:56:40 +0000] "GET /item/books/335 HTTP/1.1" 200 49 "-" "Mozilla/4.0 (compatible; MSIE 8.0; Windows NT 5.1; Trident/4.0; BTRS122159; GTB7.2; .NET CLR 1.1.4322; .NET CLR 2.0.50727; .NET CLR 3.0.04506.30; .NET CLR 3.0.4506.2152; .NET CLR 3.5.30729; BRI/2)"
120.129.24.195 - - [17/Nov/2017:00:56:45 +0000] "GET /category/books HTTP/1.1" 200 122 "-" "Mozilla/4.0 (compatible; MSIE 8.0; Windows NT 6.1; WOW64; Trident/4.0; YTB730; GTB7.2; EasyBits GO v1.0; SLCC2; .NET CLR 2.0.50727; .NET CLR 3.5.30729; .NET CLR 3.0.30729; Media Center PC 6.0; .NET4.0C)"
28.63.225.191 - - [17/Nov/2017:00:56:50 +0000] "GET /category/garden HTTP/1.1" 200 126 "-" "Mozilla/5.0 (Windows NT 6.1; WOW64; rv:10.0.1) Gecko/20100101 Firefox/10.0.1"
44.36.71.120 - - [17/Nov/2017:00:56:55 +0000] "POST /search/?c=Software+Books HTTP/1.1" 200 79 "-" "Mozilla/5.0 (Macintosh; Intel Mac OS X 10.6; rv:9.0.1) Gecko/20100101 Firefox/9.0.1"
160.177.125.192 - - [17/Nov/2017:00:57:00 +0000] "GET /item/games/4819 HTTP/1.1" 200 115 "-" "Mozilla/5.0 (compatible; MSIE 9.0; Windows NT 6.1; Trident/5.0)"
192.213.24.121 - - [17/Nov/2017:00:57:05 +0000] "GET /category/software HTTP/1.1" 200 65 "-" "Mozilla/4.0 (compatible; MSIE 8.0; Windows NT 5.1; Trident/4.0; BTRS122159; GTB7.2; .NET CLR 1.1.4322; .NET CLR 2.0.50727; .NET CLR 3.0.04506.30; .NET CLR 3.0.4506.2152; .NET CLR 3.5.30729; BRI/2)"
168.216.60.85 - - [17/Nov/2017:00:57:10 +0000] "GET /item/electronics/4030 HTTP/1.1" 200 111 "/item/books/3757" "Mozilla/4.0 (compatible; MSIE 8.0; Windows NT 6.1; WOW64; Trident/4.0; YTB730; GTB7.2; EasyBits GO v1.0; SLCC2; .NET CLR 2.0.50727; .NET CLR 3.5.30729; .NET CLR 3.0.30729; Media Center PC 6.0; .NET4.0C)"
168.210.175.118 - - [17/Nov/2017:00:57:15 +0000] "GET /category/books HTTP/1.1" 200 84 "-" "Mozilla/4.0 (compatible; MSIE 8.0; Windows NT 6.1; Trident/4.0; YTB730; SLCC2; .NET CLR 2.0.50727; .NET CLR 3.5.30729; .NET CLR 3.0.30729; Media Center PC 6.0; .NET4.0C)"
168.147.219.163 - - [17/Nov/2017:00:57:20 +0000] "GET /category/electronics HTTP/1.1" 200 101 "-" "Mozilla/5.0 (Windows NT 6.1; WOW64; rv:10.0.1) Gecko/20100101 Firefox/10.0.1"
40.177.178.144 - - [17/Nov/2017:00:57:25 +0000] "GET /item/sports/1656 HTTP/1.1" 200 118 "-" "Mozilla/5.0 (Macintosh; Intel Mac OS X 10.6; rv:9.0.1) Gecko/20100101 Firefox/9.0.1"
188.219.65.49 - - [17/Nov/2017:00:57:30 +0000] "GET /item/office/84 HTTP/1.1" 200 137 "/search/?c=Giftcards+Music" "Mozilla/5.0 (Windows NT 6.0; rv:10.0.1) Gecko/20100101 Firefox/10.0.1"
196.84.86.62 - - [17/Nov/2017:00:57:35 +0000] "GET /category/office HTTP/1.1" 200 57 "-" "Mozilla/5.0 (Windows NT 6.1; WOW64) AppleWebKit/535.11 (KHTML, like Gecko) Chrome/17.0.963.56 Safari/535.11"
72.27.184.75 - - [17/Nov/2017:00:57:40 +0000] "GET /category/books?from=0 HTTP/1.1" 200 114 "/search/?c=Software" "Mozilla/5.0 (compatible; MSIE 9.0; Windows NT 6.1; Trident/5.0)"
28.135.90.185 - - [17/Nov/2017:00:57:45 +0000] "GET /category/electronics HTTP/1.1" 200 108 "/category/books" "Mozilla/5.0 (compatible; Googlebot/2.1; +http://www.google.com/bot.html)"
224.195.180.118 - - [17/Nov/2017:00:57:50 +0000] "GET /category/games HTTP/1.1" 200 87 "/category/books" "Mozilla/4.0 (compatible; MSIE 8.0; Windows NT 6.1; WOW64; Trident/4.0; YTB730; GTB7.2; SLCC2; .NET CLR 2.0.50727; .NET CLR 3.5.30729; .NET CLR 3.0.30729; .NET4.0C; .NET4.0E; Media Center PC 6.0)"
156.168.77.168 - - [17/Nov/2017:00:57:55 +0000] "GET /category/games HTTP/1.1" 200 89 "-" "Mozilla/5.0 (Macintosh; Intel Mac OS X 10.6; rv:9.0.1) Gecko/20100101 Firefox/9.0.1"
156.105.121.202 - - [17/Nov/2017:00:58:00 +0000] "GET /item/books/335 HTTP/1.1" 200 49 "/search/?c=Books" "Mozilla/5.0 (Macintosh; Intel Mac OS X 10.6; rv:9.0.1) Gecko/20100101 Firefox/9.0.1"
140.207.125.132 - - [17/Nov/2017:00:58:05 +0000] "GET /category/toys HTTP/1.1" 200 40 "/category/games" "Mozilla/5.0 (Windows NT 6.0; rv:10.0.1) Gecko/20100101 Firefox/10.0.1"
76.180.131.65 - - [17/Nov/2017:00:58:10 +0000] "GET /item/sports/933 HTTP/1.1" 200 83 "/search/?c=Software+Garden" "Mozilla/5.0 (compatible; MSIE 9.0; Windows NT 6.1; Trident/5.0)"
116.63.29.208 - - [17/Nov/2017:00:58:15 +0000] "GET /category/electronics HTTP/1.1" 200 98 "-" "Mozilla/5.0 (Windows NT 6.0; rv:10.0.1) Gecko/20100101 Firefox/10.0.1"
56.189.95.197 - - [17/Nov/2017:00:58:20 +0000] "GET /category/finance HTTP/1.1" 200 68 "-" "Mozilla/5.0 (compatible; Googlebot/2.1; +http://www.google.com/bot.html)"
160.177.26.162 - - [17/Nov/2017:00:58:25 +0000] "POST /search/?c=Electronics+Software HTTP/1.1" 200 77 "-" "Mozilla/5.0 (Windows NT 6.1; WOW64) AppleWebKit/535.11 (KHTML, like Gecko) Chrome/17.0.963.56 Safari/535.11"
116.189.197.54 - - [17/Nov/2017:00:58:30 +0000] "GET /item/electronics/2698 HTTP/1.1" 200 129 "-" "Mozilla/4.0 (compatible; MSIE 8.0; Windows NT 6.0; WOW64; Trident/4.0; GTB6; SLCC1; .NET CLR 2.0.50727; Media Center PC 5.0; .NET CLR 3.5.30729; .NET CLR 3.0.30618; .NET4.0C)"
116.123.101.195 - - [17/Nov/2017:00:58:35 +0000] "GET /category/cameras HTTP/1.1" 200 109 "/category/games" "Mozilla/5.0 (Windows NT 6.1; WOW64; rv:10.0.1) Gecko/20100101 Firefox/10.0.1"
148.63.165.61 - - [17/Nov/2017:00:58:40 +0000] "POST /search/?c=Cameras+Finance HTTP/1.1" 200 49 "-" "Mozilla/5.0 (compatible; MSIE 9.0; Windows NT 6.1; Trident/5.0)"
60.51.108.129 - - [17/Nov/2017:00:58:45 +0000] "POST /search/?c=Software+Games HTTP/1.1" 200 124 "-" "Mozilla/4.0 (compatible; MSIE 8.0; Windows NT 6.1; WOW64; Trident/4.0; GTB7.2; SLCC2; .NET CLR 2.0.50727; .NET CLR 3.5.30729; .NET CLR 3.0.30729; Media Center PC 6.0; .NET4.0C)"
80.132.181.27 - - [17/Nov/2017:00:58:50 +0000] "GET /category/networking HTTP/1.1" 200 40 "/category/electronics" "Mozilla/5.0 (Windows NT 5.1) AppleWebKit/535.11 (KHTML, like Gecko) Chrome/17.0.963.46 Safari/535.11"
120.144.87.152 - - [17/Nov/2017:00:58:55 +0000] "GET /category/electronics HTTP/1.1" 200 90 "/category/office" "Mozilla/5.0 (Windows NT 6.1; WOW64) AppleWebKit/535.11 (KHTML, like Gecko) Chrome/17.0.963.56 Safari/535.11"
112.18.198.226 - - [17/Nov/2017:00:59:00 +0000] "GET /category/office HTTP/1.1" 200 44 "/item/software/4933" "Mozilla/5.0 (Windows NT 6.0; rv:10.0.1) Gecko/20100101 Firefox/10.0.1"
20.153.84.177 - - [17/Nov/2017:00:59:05 +0000] "GET /item/electronics/1079 HTTP/1.1" 200 83 "/search/?c=Electronics" "Mozilla/5.0 (Windows NT 6.1; WOW64) AppleWebKit/535.7 (KHTML, like Gecko) Chrome/16.0.912.77 Safari/535.7"
208.150.171.60 - - [17/Nov/2017:00:59:10 +0000] "POST /search/?c=Cameras+Office HTTP/1.1" 200 71 "/item/electronics/1216" "Mozilla/5.0 (compatible; MSIE 9.0; Windows NT 6.1; WOW64; Trident/5.0)"
160.177.125.192 - - [17/Nov/2017:00:59:15 +0000] "GET /category/office HTTP/1.1" 200 51 "http://www.google.com/search?ie=UTF-8&q=google&sclient=psy-ab&q=Office+Electronics&oq=Office+Electronics&aq=f&aqi=g-vL1&aql=&pbx=1&bav=on.2,or.r_gc.r_pw.r_qf.,cf.osb&biw=4822&bih=501" "Mozilla/5.0 (Windows NT 6.0; rv:10.0.1) Gecko/20100101 Firefox/10.0.1"
76.114.187.160 - - [17/Nov/2017:00:59:20 +0000] "GET /category/music HTTP/1.1" 200 53 "-" "Mozilla/5.0 (Macintosh; Intel Mac OS X 10.6; rv:9.0.1) Gecko/20100101 Firefox/9.0.1"
164.120.163.97 - - [17/Nov/2017:00:59:25 +0000] "GET /category/office HTTP/1.1" 200 46 "-" "Mozilla/5.0 (Windows NT 6.0; rv:10.0.1) Gecko/20100101 Firefox/10.0.1"
56.195.124.151 - - [17/Nov/2017:00:59:30 +0000] "GET /category/games HTTP/1.1" 200 50 "-" "Mozilla/5.0 (Windows NT 6.0; rv:10.0.1) Gecko/20100101 Firefox/10.0.1"
28.135.90.185 - - [17/Nov/2017:00:59:35 +0000] "GET /item/games/4058 HTTP/1.1" 200 94 "-" "Mozilla/5.0 (Windows NT 6.0; rv:10.0.1) Gecko/20100101 Firefox/10.0.1"
216.81.116.200 - - [17/Nov/2017:00:59:40 +0000] "GET /category/software HTTP/1.1" 200 63 "-" "Mozilla/4.0 (compatible; MSIE 8.0; Windows NT 6.1; WOW64; Trident/4.0; GTB7.2; SLCC2; .NET CLR 2.0.50727; .NET CLR 3.5.30729; .NET CLR 3.0.30729; Media Center PC 6.0; .NET4.0C)"
172.171.155.192 - - [17/Nov/2017:00:59:45 +0000] "GET /category/electronics HTTP/1.1" 200 57 "/category/jewelry" "Mozilla/5.0 (iPhone; CPU iPhone OS 5_0_1 like Mac OS X) AppleWebKit/534.46 (KHTML, like Gecko) Version/5.1 Mobile/9A405 Safari/7534.48.3"
44.198.69.129 - - [17/Nov/2017:00:59:50 +0000] "GET /item/office/564 HTTP/1.1" 200 125 "/item/music/2915" "Mozilla/5.0 (compatible; Googlebot/2.1; +http://www.google.com/bot.html)"
20.60.125.37 - - [17/Nov/2017:00:59:55 +0000] "GET /category/software HTTP/1.1" 200 83 "/item/books/335" "Mozilla/5.0 (compatible; Googlebot/2.1; +http://www.google.com/bot.html)"
88.51.112.169 - - [17/Nov/2017:01:00:00 +0000] "GET /category/books HTTP/1.1" 200 139 "/item/software/2512" "Mozilla/5.0 (compatible; MSIE 9.0; Windows NT 6.1; Trident/5.0)"
44.165.199.141 - - [17/Nov/2017:01:00:05 +0000] "GET /item/software/1594 HTTP/1.1" 200 80 "/search/?c=Health" "Mozilla/5.0 (Windows NT 6.0; rv:10.0.1) Gecko/20100101 Firefox/10.0.1"
228.162.165.103 - - [17/Nov/2017:01:00:10 +0000] "GET /category/electronics HTTP/1.1" 200 101 "/category/software" "Mozilla/5.0 (Windows NT 6.1; WOW64) AppleWebKit/535.7 (KHTML, like Gecko) Chrome/16.0.912.77 Safari/535.7"
76.132.177.175 - - [17/Nov/2017:01:00:15 +0000] "GET /item/finance/4492 HTTP/1.1" 200 41 "http://www.google.com/search?ie=UTF-8&q=google&sclient=psy-ab&q=Finance+Software&oq=Finance+Software&aq=f&aqi=g-vL1&aql=&pbx=1&bav=on.2,or.r_gc.r_pw.r_qf.,cf.osb&biw=1090&bih=340" "Mozilla/5.0 (compatible; MSIE 9.0; Windows NT 6.1; WOW64; Trident/5.0)"
136.225.199.202 - - [17/Nov/2017:01:00:20 +0000] "GET /category/toys HTTP/1.1" 200 115 "-" "Mozilla/5.0 (compatible; MSIE 9.0; Windows NT 6.1; WOW64; Trident/5.0)"
176.27.158.207 - - [17/Nov/2017:01:00:25 +0000] "GET /category/electronics HTTP/1.1" 200 82 "/item/games/4398" "Mozilla/5.0 (Windows NT 6.0; rv:10.0.1) Gecko/20100101 Firefox/10.0.1"
172.45.84.183 - - [17/Nov/2017:01:00:30 +0000] "GET /category/jewelry HTTP/1.1" 200 95 "/category/garden" "Mozilla/4.0 (compatible; MSIE 8.0; Windows NT 6.0; WOW64; Trident/4.0; GTB6; SLCC1; .NET CLR 2.0.50727; Media Center PC 5.0; .NET CLR 3.5.30729; .NET CLR 3.0.30618; .NET4.0C)"
36.75.71.169 - - [17/Nov/2017:01:00:35 +0000] "GET /item/jewelry/1164 HTTP/1.1" 200 106 "http://www.google.com/search?ie=UTF-8&q=google&sclient=psy-ab&q=Jewelry&oq=Jewelry&aq=f&aqi=g-vL1&aql=&pbx=1&bav=on.2,or.r_gc.r_pw.r_qf.,cf.osb&biw=570&bih=223" "Mozilla/5.0 (Windows NT 6.0) AppleWebKit/535.11 (KHTML, like Gecko) Chrome/17.0.963.56 Safari/535.11"
164.78.138.100 - - [17/Nov/2017:01:00:40 +0000] "GET /category/toys HTTP/1.1" 200 109 "-" "Mozilla/4.0 (compatible; MSIE 8.0; Windows NT 6.0; WOW64; Trident/4.0; GTB6; SLCC1; .NET CLR 2.0.50727; Media Center PC 5.0; .NET CLR 3.5.30729; .NET CLR 3.0.30618; .NET4.0C)"
40.36.205.118 - - [17/Nov/2017:01:00:45 +0000] "GET /category/games HTTP/1.1" 200 99 "/category/networking" "Mozilla/5.0 (Windows NT 6.1; WOW64) AppleWebKit/535.11 (KHTML, like Gecko) Chrome/17.0.963.56 Safari/535.11"
40.126.194.206 - - [17/Nov/2017:01:00:50 +0000] "GET /category/electronics HTTP/1.1" 200 61 "-" "Mozilla/5.0 (Windows NT 6.1; WOW64) AppleWebKit/535.7 (KHTML, like Gecko) Chrome/16.0.912.77 Safari/535.7"
144.225.225.182 - - [17/Nov/2017:01:00:55 +0000] "GET /item/books/3977 HTTP/1.1" 200 56 "/search/?c=Jewelry" "Mozilla/5.0 (Windows NT 6.0; rv:10.0.1) Gecko/20100101 Firefox/10.0.1"
152.102.198.201 - - [17/Nov/2017:01:01:00 +0000] "GET /item/networking/435 HTTP/1.1" 200 109 "-" "Mozilla/5.0 (compatible; MSIE 9.0; Windows NT 6.1; WOW64; Trident/5.0)"
44.51.178.212 - - [17/Nov/2017:01:01:05 +0000] "GET /category/software HTTP/1.1" 200 109 "/category/office" "Mozilla/5.0 (Windows NT 6.0; rv:10.0.1) Gecko/20100101 Firefox/10.0.1"
88.228.108.129 - - [17/Nov/2017:01:01:10 +0000] "GET /item/games/3254 HTTP/1.1" 200 41 "/search/?c=Games+Jewelry" "Mozilla/4.0 (compatible; MSIE 8.0; Windows NT 6.1; WOW64; Trident/4.0; GTB7.2; SLCC2; .NET CLR 2.0.50727; .NET CLR 3.5.30729; .NET CLR 3.0.30729; Media Center PC 6.0; .NET4.0C)"
60.51.108.129 - - [17/Nov/2017:01:01:15 +0000] "GET /category/finance HTTP/1.1" 200 86 "-" "Mozilla/5.0 (Macintosh; Intel Mac OS X 10.6; rv:9.0.1) Gecko/20100101 Firefox/9.0.1"
76.219.110.59 - - [17/Nov/2017:01:01:20 +0000] "GET /item/cameras/2523 HTTP/1.1" 200 66 "http://www.google.com/search?ie=UTF-8&q=google&sclient=psy-ab&q=Cameras&oq=Cameras&aq=f&aqi=g-vL1&aql=&pbx=1&bav=on.2,or.r_gc.r_pw.r_qf.,cf.osb&biw=2770&bih=535" "Mozilla/5.0 (compatible; MSIE 9.0; Windows NT 6.1; WOW64; Trident/5.0)"
188.21.107.76 - - [17/Nov/2017:01:01:25 +0000] "GET /category/books?from=10 HTTP/1.1" 200 99 "/category/electronics" "Mozilla/5.0 (compatible; MSIE 9.0; Windows NT 6.1; WOW64; Trident/5.0)"
40.21.219.95 - - [17/Nov/2017:01:01:30 +0000] "GET /category/games HTTP/1.1" 200 133 "/search/?c=Health" "Mozilla/5.0 (compatible; MSIE 9.0; Windows NT 6.1; WOW64; Trident/5.0)"
124.105.200.100 - - [17/Nov/2017:01:01:35 +0000] "POST /search/?c=Music+Sports HTTP/1.1" 200 126 "/category/health" "Mozilla/5.0 (compatible; Googlebot/2.1; +http://www.google.com/bot.html)"
44.198.209.156 - - [17/Nov/2017:01:01:40 +0000] "POST /search/?c=Games+Software HTTP/1.1" 200 55 "/item/computers/4448" "Mozilla/5.0 (Macintosh; Intel Mac OS X 10.6; rv:9.0.1) Gecko/20100101 Firefox/9.0.1"
76.132.177.175 - - [17/Nov/2017:01:01:45 +0000] "GET /category/books HTTP/1.1" 200 121 "/category/computers" "Mozilla/5.0 (Windows NT 6.0) AppleWebKit/535.11 (KHTML, like Gecko) Chrome/17.0.963.56 Safari/535.11"
200.78.131.141 - - [17/Nov/2017:01:01:50 +0000] "GET /category/books HTTP/1.1" 200 126 "/item/electronics/367" "Mozilla/5.0 (compatible; MSIE 9.0; Windows NT 6.1; WOW64; Trident/5.0)"
224.207.157.219 - - [17/Nov/2017:01:01:55 +0000] "GET /item/electronics/3030 HTTP/1.1" 200 84 "http://www.google.com/search?ie=UTF-8&q=google&sclient=psy-ab&q=Electronics&oq=Electronics&aq=f&aqi=g-vL1&aql=&pbx=1&bav=on.2,or.r_gc.r_pw.r_qf.,cf.osb&biw=2227&bih=390" "Mozilla/5.0 (Macintosh; Intel Mac OS X 10.6; rv:9.0.1) Gecko/20100101 Firefox/9.0.1"
140.54.169.166 - - [17/Nov/2017:01:02:00 +0000] "GET /category/networking HTTP/1.1" 200 119 "/category/office?from=0" "Mozilla/5.0 (compatible; MSIE 9.0; Windows NT 6.1; Trident/5.0)"
116.123.101.195 - - [17/Nov/2017:01:02:05 +0000] "GET /item/finance/1207 HTTP/1.1" 200 57 "/item/electronics/2277" "Mozilla/5.0 (Windows NT 6.1; WOW64) AppleWebKit/535.11 (KHTML, like Gecko) Chrome/17.0.963.56 Safari/535.11"
148.171.78.128 - - [17/Nov/2017:01:02:10 +0000] "POST /search/?c=Software HTTP/1.1" 200 102 "-" "Mozilla/5.0 (iPhone; CPU iPhone OS 5_0_1 like Mac OS X) AppleWebKit/534.46 (KHTML, like Gecko) Version/5.1 Mobile/9A405 Safari/7534.48.3"
168.108.43.22 - - [17/Nov/2017:01:02:15 +0000] "GET /item/networking/3624 HTTP/1.1" 200 44 "/category/networking" "Mozilla/5.0 (Windows NT 6.0) AppleWebKit/535.11 (KHTML, like Gecko) Chrome/17.0.963.56 Safari/535.11"
164.135.96.20 - - [17/Nov/2017:01:02:20 +0000] "GET /category/books HTTP/1.1" 200 131 "-" "Mozilla/5.0 (iPad; CPU OS 5_0_1 like Mac OS X) AppleWebKit/534.46 (KHTML, like Gecko) Version/5.1 Mobile/9A405 Safari/7534.48.3"
164.135.167.29 - - [17/Nov/2017:01:02:25 +0000] "GET /item/electronics/3529 HTTP/1.1" 404 122 "/search/?c=Electronics+Health" "Mozilla/5.0 (Windows NT 6.1; WOW64) AppleWebKit/535.11 (KHTML, like Gecko) Chrome/17.0.963.56 Safari/535.11"
36.126.150.23 - - [17/Nov/2017:01:02:30 +0000] "POST /search/?c=Software HTTP/1.1" 200 50 "-" "Mozilla/4.0 (compatible; MSIE 8.0; Windows NT 5.1; Trident/4.0; BTRS122159; GTB7.2; .NET CLR 1.1.4322; .NET CLR 2.0.50727; .NET CLR 3.0.04506.30; .NET CLR 3.0.4506.2152; .NET CLR 3.5.30729; BRI/2)"
44.132.127.218 - - [17/Nov/2017:01:02:35 +0000] "GET /category/jewelry HTTP/1.1" 200 116 "/category/electronics" "Mozilla/5.0 (Windows NT 5.1) AppleWebKit/535.11 (KHTML, like Gecko) Chrome/17.0.963.46 Safari/535.11"
216.54.131.48 - - [17/Nov/2017:01:02:40 +0000] "GET /item/giftcards/4236 HTTP/1.1" 200 71 "-" "Mozilla/5.0 (Windows NT 6.0; rv:10.0.1) Gecko/20100101 Firefox/10.0.1"
44.132.127.218 - - [17/Nov/2017:01:02:45 +0000] "GET /category/software?from=20 HTTP/1.1" 200 86 "-" "Mozilla/5.0 (compatible; MSIE 9.0; Windows NT 6.1; WOW64; Trident/5.0)"
28.93.191.106 - - [17/Nov/2017:01:02:50 +0000] "GET /item/software/2711 HTTP/1.1" 200 89 "/category/electronics" "Mozilla/5.0 (Windows NT 6.1; WOW64; rv:10.0.1) Gecko/20100101 Firefox/10.0.1"
92.225.46.39 - - [17/Nov/2017:01:02:55 +0000] "GET /item/software/71 HTTP/1.1" 200 116 "-" "Mozilla/5.0 (Windows NT 6.0) AppleWebKit/535.11 (KHTML, like Gecko) Chrome/17.0.963.56 Safari/535.11"
112.105.131.47 - - [17/Nov/2017:01:03:00 +0000] "GET /item/books/3992 HTTP/1.1" 200 70 "/category/giftcards?from=0" "Mozilla/5.0 (Windows NT 6.1; WOW64) AppleWebKit/535.11 (KHTML, like Gecko) Chrome/17.0.963.56 Safari/535.11"
120.141.183.120 - - [17/Nov/2017:01:03:05 +0000] "GET /category/office HTTP/1.1" 200 121 "-" "Mozilla/4.0 (compatible; MSIE 8.0; Windows NT 6.1; Trident/4.0; YTB730; SLCC2; .NET CLR 2.0.50727; .NET CLR 3.5.30729; .NET CLR 3.0.30729; Media Center PC 6.0; .NET4.0C)"
92.150.116.137 - - [17/Nov/2017:01:03:10 +0000] "GET /category/networking HTTP/1.1" 200 87 "/item/electronics/2990" "Mozilla/5.0 (Macintosh; Intel Mac OS X 10.6; rv:9.0.1) Gecko/20100101 Firefox/9.0.1"
104.30.165.166 - - [17/Nov/2017:01:03:15 +0000] "GET /category/toys HTTP/1.1" 200 41 "/search/?c=Sports+Giftcards" "Mozilla/4.0 (compatible; MSIE 8.0; Windows NT 6.0; WOW64; Trident/4.0; GTB6; SLCC1; .NET CLR 2.0.50727; Media Center PC 5.0; .NET CLR 3.5.30729; .NET CLR 3.0.30618; .NET4.0C)"
124.207.71.32 - - [17/Nov/2017:01:03:20 +0000] "POST /search/?c=Garden HTTP/1.1" 200 44 "-" "Mozilla/5.0 (compatible; MSIE 9.0; Windows NT 6.1; WOW64; Trident/5.0)"
176.45.134.220 - - [17/Nov/2017:01:03:25 +0000] "POST /search/?c=Electronics HTTP/1.1" 200 134 "-" "Mozilla/5.0 (Macintosh; Intel Mac OS X 10.6; rv:9.0.1) Gecko/20100101 Firefox/9.0.1"
112.102.42.196 - - [17/Nov/2017:01:03:30 +0000] "GET /item/electronics/1195 HTTP/1.1" 200 46 "-" "Mozilla/5.0 (compatible; Googlebot/2.1; +http://www.google.com/bot.html)"
80.114.224.190 - - [17/Nov/2017:01:03:35 +0000] "GET /category/office HTTP/1.1" 200 96 "/item/software/272" "Mozilla/5.0 (Windows NT 6.1; WOW64) AppleWebKit/535.7 (KHTML, like Gecko) Chrome/16.0.912.77 Safari/535.7"
44.162.33.184 - - [17/Nov/2017:01:03:40 +0000] "GET /category/sports HTTP/1.1" 200 57 "/item/electronics/4807" "Mozilla/4.0 (compatible; MSIE 8.0; Windows NT 5.1; Trident/4.0; YTB720; GTB7.2; .NET CLR 1.1.4322; .NET CLR 2.0.50727; .NET CLR 3.0.4506.2152; .NET CLR 3.5.30729)"
204.219.223.54 - - [17/Nov/2017:01:03:45 +0000] "GET /item/books/3487 HTTP/1.1" 200 92 "/item/music/4699" "Mozilla/5.0 (Macintosh; Intel Mac OS X 10.6; rv:9.0.1) Gecko/20100101 Firefox/9.0.1"
68.36.207.172 - - [17/Nov/2017:01:03:50 +0000] "POST /search/?c=Electronics HTTP/1.1" 200 69 "-" "Mozilla/5.0 (Windows NT 6.0; rv:10.0.1) Gecko/20100101 Firefox/10.0.1"
64.108.210.186 - - [17/Nov/2017:01:03:55 +0000] "GET /item/electronics/3314 HTTP/1.1" 200 46 "/category/office" "Mozilla/4.0 (compatible; MSIE 8.0; Windows NT 6.0; WOW64; Trident/4.0; GTB6; SLCC1; .NET CLR 2.0.50727; Media Center PC 5.0; .NET CLR 3.5.30729; .NET CLR 3.0.30618; .NET4.0C)"
132.120.217.35 - - [17/Nov/2017:01:04:00 +0000] "GET /item/software/2103 HTTP/1.1" 200 73 "/search/?c=Software+Books" "Mozilla/4.0 (compatible; MSIE 8.0; Windows NT 6.1; WOW64; Trident/4.0; GTB7.2; SLCC2; .NET CLR 2.0.50727; .NET CLR 3.5.30729; .NET CLR 3.0.30729; Media Center PC 6.0; .NET4.0C)"
20.120.111.64 - - [17/Nov/2017:01:04:05 +0000] "GET /category/electronics HTTP/1.1" 200 72 "-" "Mozilla/4.0 (compatible; MSIE 8.0; Windows NT 6.1; WOW64; Trident/4.0; GTB7.2; SLCC2; .NET CLR 2.0.50727; .NET CLR 3.5.30729; .NET CLR 3.0.30729; Media Center PC 6.0; .NET4.0C)"
144.129.150.26 - - [17/Nov/2017:01:04:10 +0000] "POST /search/?c=Office HTTP/1.1" 200 138 "-" "Mozilla/4.0 (compatible; MSIE 8.0; Windows NT 6.1; WOW64; Trident/4.0; YTB730; GTB7.2; SLCC2; .NET CLR 2.0.50727; .NET CLR 3.5.30729; .NET CLR 3.0.30729; .NET4.0C; .NET4.0E; Media Center PC 6.0)"
212.219.108.195 - - [17/Nov/2017:01:04:15 +0000] "POST /search/?c=Software+Electronics HTTP/1.1" 200 99 "/category/office" "Mozilla/4.0 (compatible; MSIE 8.0; Windows NT 5.1; Trident/4.0; BTRS122159; GTB7.2; .NET CLR 1.1.4322; .NET CLR 2.0.50727; .NET CLR 3.0.04506.30; .NET CLR 3.0.4506.2152; .NET CLR 3.5.30729; BRI/2)"
152.105.117.77 - - [17/Nov/2017:01:04:20 +0000] "GET /category/electronics HTTP/1.1" 200 97 "-" "Mozilla/5.0 (iPad; CPU OS 5_0_1 like Mac OS X) AppleWebKit/534.46 (KHTML, like Gecko) Version/5.1 Mobile/9A405 Safari/7534.48.3"
200.69.111.217 - - [17/Nov/2017:01:04:25 +0000] "GET /item/computers/4182 HTTP/1.1" 200 50 "/category/software" "Mozilla/5.0 (Windows NT 6.1; WOW64) AppleWebKit/535.11 (KHTML, like Gecko) Chrome/17.0.963.56 Safari/535.11"
92.132.142.60 - - [17/Nov/2017:01:04:30 +0000] "GET /item/electronics/3377 HTTP/1.1" 200 125 "/item/finance/4100" "Mozilla/4.0 (compatible; MSIE 8.0; Windows NT 6.1; Trident/4.0; YTB730; SLCC2; .NET CLR 2.0.50727; .NET CLR 3.5.30729; .NET CLR 3.0.30729; Media Center PC 6.0; .NET4.0C)"
216.123.84.162 - - [17/Nov/2017:01:04:35 +0000] "GET /category/networking?from=20 HTTP/1.1" 200 133 "-" "Mozilla/5.0 (iPhone; CPU iPhone OS 5_0_1 like Mac OS X) AppleWebKit/534.46 (KHTML, like Gecko) Version/5.1 Mobile/9A405 Safari/7534.48.3"
60.54.78.101 - - [17/Nov/2017:01:04:40 +0000] "GET /item/music/1232 HTTP/1.1" 200 62 "/item/health/4027" "Mozilla/5.0 (Windows NT 6.0; rv:10.0.1) Gecko/20100101 Firefox/10.0.1"
120.57.151.184 - - [17/Nov/2017:01:04:45 +0000] "GET /category/books HTTP/1.1" 200 98 "/category/office" "Mozilla/5.0 (Macintosh; Intel Mac OS X 10.6; rv:9.0.1) Gecko/20100101 Firefox/9.0.1"
24.48.22.162 - - [17/Nov/2017:01:04:50 +0000] "GET /category/electronics HTTP/1.1" 200 97 "/category/electronics" "Mozilla/4.0 (compatible; MSIE 8.0; Windows NT 6.1; WOW64; Trident/4.0; YTB730; GTB7.2; EasyBits GO v1.0; SLCC2; .NET CLR 2.0.50727; .NET CLR 3.5.30729; .NET CLR 3.0.30729; Media Center PC 6.0; .NET4.0C)"
136.180.163.90 - - [17/Nov/2017:01:04:55 +0000] "GET /item/software/3371 HTTP/1.1" 200 121 "/category/software" "Mozilla/5.0 (compatible; MSIE 9.0; Windows NT 6.1; WOW64; Trident/5.0)"
128.222.178.102 - - [17/Nov/2017:01:05:00 +0000] "GET /item/giftcards/4231 HTTP/1.1" 200 52 "/category/sports?from=10" "Mozilla/5.0 (Windows NT 6.0; rv:10.0.1) Gecko/20100101 Firefox/10.0.1"
176.30.78.65 - - [17/Nov/2017:01:05:05 +0000] "GET /item/software/2724 HTTP/1.1" 200 123 "-" "Mozilla/5.0 (compatible; MSIE 9.0; Windows NT 6.1; WOW64; Trident/5.0)"
152.213.43.58 - - [17/Nov/2017:01:05:10 +0000] "GET /category/computers HTTP/1.1" 200 127 "/category/games" "Mozilla/5.0 (Windows NT 6.1; WOW64) AppleWebKit/535.11 (KHTML, like Gecko) Chrome/17.0.963.56 Safari/535.11"
124.171.169.38 - - [17/Nov/2017:01:05:15 +0000] "GET /category/jewelry HTTP/1.1" 200 77 "/category/software" "Mozilla/5.0 (Windows NT 6.0) AppleWebKit/535.11 (KHTML, like Gecko) Chrome/17.0.963.56 Safari/535.11"
136.81.21.202 - - [17/Nov/2017:01:05:20 +0000] "GET /category/games HTTP/1.1" 200 116 "/category/software?from=20" "Mozilla/5.0 (compatible; Googlebot/2.1; +http://www.google.com/bot.html)"
40.63.61.211 - - [17/Nov/2017:01:05:25 +0000] "GET /category/electronics?from=20 HTTP/1.1" 200 124 "/category/electronics" "Mozilla/5.0 (Windows NT 6.0) AppleWebKit/535.11 (KHTML, like Gecko) Chrome/17.0.963.56 Safari/535.11"
188.213.34.150 - - [17/Nov/2017:01:05:30 +0000] "GET /category/games HTTP/1.1" 200 49 "/category/networking" "Mozilla/5.0 (Windows NT 6.1; WOW64) AppleWebKit/535.11 (KHTML, like Gecko) Chrome/17.0.963.56 Safari/535.11"
144.72.194.63 - - [17/Nov/2017:01:05:35 +0000] "GET /item/cameras/801 HTTP/1.1" 200 114 "-" "Mozilla/5.0 (Windows NT 6.1; WOW64; rv:10.0.1) Gecko/20100101 Firefox/10.0.1"
152.174.211.73 - - [17/Nov/2017:01:05:40 +0000] "GET /item/software/3586 HTTP/1.1" 200 111 "/item/electronics/2805" "Mozilla/5.0 (iPhone; CPU iPhone OS 5_0_1 like Mac OS X) AppleWebKit/534.46 (KHTML, like Gecko) Version/5.1 Mobile/9A405 Safari/7534.48.3"
224.159.219.206 - - [17/Nov/2017:01:05:45 +0000] "POST /search/?c=Electronics+Toys HTTP/1.1" 200 128 "-" "Mozilla/4.0 (compatible; MSIE 8.0; Windows NT 6.1; WOW64; Trident/4.0; YTB730; GTB7.2; EasyBits GO v1.0; SLCC2; .NET CLR 2.0.50727; .NET CLR 3.5.30729; .NET CLR 3.0.30729; Media Center PC 6.0; .NET4.0C)"
180.207.97.33 - - [17/Nov/2017:01:05:50 +0000] "GET /item/electronics/379 HTTP/1.1" 200 114 "-" "Mozilla/5.0 (Windows NT 6.0; rv:10.0.1) Gecko/20100101 Firefox/10.0.1"
80.96.105.54 - - [17/Nov/2017:01:05:55 +0000] "GET /item/computers/2093 HTTP/1.1" 200 91 "-" "Mozilla/5.0 (Macintosh; Intel Mac OS X 10.6; rv:9.0.1) Gecko/20100101 Firefox/9.0.1"
28.66.41.90 - - [17/Nov/2017:01:06:00 +0000] "GET /category/games HTTP/1.1" 200 96 "/category/office" "Mozilla/5.0 (Windows NT 6.0; rv:10.0.1) Gecko/20100101 Firefox/10.0.1"
76.222.22.161 - - [17/Nov/2017:01:06:05 +0000] "GET /category/networking HTTP/1.1" 200 103 "/category/giftcards" "Mozilla/4.0 (compatible; MSIE 8.0; Windows NT 6.1; WOW64; Trident/4.0; YTB730; GTB7.2; SLCC2; .NET CLR 2.0.50727; .NET CLR 3.5.30729; .NET CLR 3.0.30729; .NET4.0C; .NET4.0E; Media Center PC 6.0)"
196.225.171.61 - - [17/Nov/2017:01:06:10 +0000] "GET /item/sports/13 HTTP/1.1" 200 100 "/category/jewelry" "Mozilla/5.0 (compatible; MSIE 9.0; Windows NT 6.1; Trident/5.0)"
56.117.147.155 - - [17/Nov/2017:01:06:15 +0000] "GET /item/books/4619 HTTP/1.1" 200 59 "-" "Mozilla/5.0 (compatible; MSIE 9.0; Windows NT 6.1; Trident/5.0)"
148.42.153.163 - - [17/Nov/2017:01:06:20 +0000] "GET /category/electronics HTTP/1.1" 200 74 "/category/electronics" "Mozilla/4.0 (compatible; MSIE 8.0; Windows NT 6.1; WOW64; Trident/4.0; YTB730; GTB7.2; EasyBits GO v1.0; SLCC2; .NET CLR 2.0.50727; .NET CLR 3.5.30729; .NET CLR 3.0.30729; Media Center PC 6.0; .NET4.0C)"
152.72.100.218 - - [17/Nov/2017:01:06:25 +0000] "GET /item/finance/3226 HTTP/1.1" 200 48 "/item/music/4221" "Mozilla/4.0 (compatible; MSIE 8.0; Windows NT 6.1; WOW64; Trident/4.0; GTB7.2; SLCC2; .NET CLR 2.0.50727; .NET CLR 3.5.30729; .NET CLR 3.0.30729; Media Center PC 6.0; .NET4.0C)"
88.27.37.78 - - [17/Nov/2017:01:06:30 +0000] "GET /category/finance HTTP/1.1" 200 118 "/category/software" "Mozilla/5.0 (Macintosh; Intel Mac OS X 10.6; rv:9.0.1) Gecko/20100101 Firefox/9.0.1"
224.93.67.44 - - [17/Nov/2017:01:06:35 +0000] "GET /item/software/1271 HTTP/1.1" 200 103 "/category/software" "Mozilla/4.0 (compatible; MSIE 8.0; Windows NT 5.1; Trident/4.0; YTB720; GTB7.2; .NET CLR 1.1.4322; .NET CLR 2.0.50727; .NET CLR 3.0.4506.2152; .NET CLR 3.5.30729)"
44.213.68.121 - - [17/Nov/2017:01:06:40 +0000] "GET /category/giftcards HTTP/1.1" 200 83 "-" "Mozilla/5.0 (Windows NT 6.0; rv:10.0.1) Gecko/20100101 Firefox/10.0.1"
160.168.34.130 - - [17/Nov/2017:01:06:45 +0000] "GET /category/garden HTTP/1.1" 200 129 "/category/books" "Mozilla/5.0 (Windows NT 6.0; rv:10.0.1) Gecko/20100101 Firefox/10.0.1"
168.60.103.103 - - [17/Nov/2017:01:06:50 +0000] "GET /category/electronics HTTP/1.1" 200 110 "-" "Mozilla/5.0 (iPhone; CPU iPhone OS 5_0_1 like Mac OS X) AppleWebKit/534.46 (KHTML, like Gecko) Version/5.1 Mobile/9A405 Safari/7534.48.3"
220.225.191.68 - - [17/Nov/2017:01:06:55 +0000] "GET /category/books HTTP/1.1" 200 89 "/category/games?from=0" "Mozilla/5.0 (Windows NT 6.1; WOW64; rv:10.0.1) Gecko/20100101 Firefox/10.0.1"
136.132.151.226 - - [17/Nov/2017:01:07:00 +0000] "GET /item/toys/2432 HTTP/1.1" 200 54 "-" "Mozilla/5.0 (compatible; Googlebot/2.1; +http://www.google.com/bot.html)"
100.84.214.95 - - [17/Nov/2017:01:07:05 +0000] "GET /item/games/3164 HTTP/1.1" 200 49 "/category/games" "Mozilla/4.0 (compatible; MSIE 8.0; Windows NT 5.1; Trident/4.0; BTRS122159; GTB7.2; .NET CLR 1.1.4322; .NET CLR 2.0.50727; .NET CLR 3.0.04506.30; .NET CLR 3.0.4506.2152; .NET CLR 3.5.30729; BRI/2)"
52.39.67.99 - - [17/Nov/2017:01:07:10 +0000] "GET /category/electronics HTTP/1.1" 200 51 "-" "Mozilla/5.0 (compatible; MSIE 9.0; Windows NT 6.1; Trident/5.0)"
144.129.150.26 - - [17/Nov/2017:01:07:15 +0000] "GET /category/computers HTTP/1.1" 200 113 "/item/games/2779" "Mozilla/5.0 (Windows NT 6.0; rv:10.0.1) Gecko/20100101 Firefox/10.0.1"
168.129.116.168 - - [17/Nov/2017:01:07:20 +0000] "GET /category/office HTTP/1.1" 200 80 "http://www.google.com/search?ie=UTF-8&q=google&sclient=psy-ab&q=Office&oq=Office&aq=f&aqi=g-vL1&aql=&pbx=1&bav=on.2,or.r_gc.r_pw.r_qf.,cf.osb&biw=1871&bih=380" "Mozilla/5.0 (Windows NT 6.0; rv:10.0.1) Gecko/20100101 Firefox/10.0.1"
104.165.180.220 - - [17/Nov/2017:01:07:25 +0000] "GET /category/games?from=10 HTTP/1.1" 200 124 "/category/games" "Mozilla/5.0 (Macintosh; Intel Mac OS X 10.6; rv:9.0.1) Gecko/20100101 Firefox/9.0.1"
52.216.117.160 - - [17/Nov/2017:01:07:30 +0000] "GET /category/games HTTP/1.1" 200 49 "/item/books/2649" "Mozilla/5.0 (Windows NT 6.0; rv:10.0.1) Gecko/20100101 Firefox/10.0.1"
112.159.38.190 - - [17/Nov/2017:01:07:35 +0000] "POST /search/?c=Books+Electronics HTTP/1.1" 200 79 "-" "Mozilla/5.0 (Windows NT 6.1; WOW64; rv:10.0.1) Gecko/20100101 Firefox/10.0.1"
72.156.55.140 - - [17/Nov/2017:01:07:40 +0000] "POST /search/?c=Health HTTP/1.1" 200 60 "/item/jewelry/3466" "Mozilla/4.0 (compatible; MSIE 8.0; Windows NT 5.1; Trident/4.0; BTRS122159; GTB7.2; .NET CLR 1.1.4322; .NET CLR 2.0.50727; .NET CLR 3.0.04506.30; .NET CLR 3.0.4506.2152; .NET CLR 3.5.30729; BRI/2)"
172.186.53.43 - - [17/Nov/2017:01:07:45 +0000] "GET /category/music HTTP/1.1" 200 117 "-" "Mozilla/4.0 (compatible; MSIE 8.0; Windows NT 6.0; WOW64; Trident/4.0; GTB6; SLCC1; .NET CLR 2.0.50727; Media Center PC 5.0; .NET CLR 3.5.30729; .NET CLR 3.0.30618; .NET4.0C)"
148.102.155.163 - - [17/Nov/2017:01:07:50 +0000] "GET /item/software/3387 HTTP/1.1" 200 121 "/item/games/3254" "Mozilla/5.0 (Windows NT 6.1; WOW64) AppleWebKit/535.11 (KHTML, like Gecko) Chrome/17.0.963.56 Safari/535.11"
64.72.99.80 - - [17/Nov/2017:01:07:55 +0000] "GET /item/finance/2915 HTTP/1.1" 200 87 "/category/office" "Mozilla/5.0 (compatible; MSIE 9.0; Windows NT 6.1; WOW64; Trident/5.0)"
124.42.157.72 - - [17/Nov/2017:01:08:00 +0000] "POST /search/?c=Games+Giftcards HTTP/1.1" 200 78 "/category/jewelry" "Mozilla/5.0 (Windows NT 6.0) AppleWebKit/535.11 (KHTML, like Gecko) Chrome/17.0.963.56 Safari/535.11"
220.195.117.90 - - [17/Nov/2017:01:08:05 +0000] "GET /item/electronics/4030 HTTP/1.1" 200 111 "/category/electronics" "Mozilla/5.0 (Macintosh; Intel Mac OS X 10.6; rv:9.0.1) Gecko/20100101 Firefox/9.0.1"
216.111.41.52 - - [17/Nov/2017:01:08:10 +0000] "GET /category/books HTTP/1.1" 200 129 "-" "Mozilla/4.0 (compatible; MSIE 8.0; Windows NT 5.1; Trident/4.0; BTRS122159; GTB7.2; .NET CLR 1.1.4322; .NET CLR 2.0.50727; .NET CLR 3.0.04506.30; .NET CLR 3.0.4506.2152; .NET CLR 3.5.30729; BRI/2)"
188.162.174.58 - - [17/Nov/2017:01:08:15 +0000] "GET /category/software?from=10 HTTP/1.1" 200 54 "/category/garden" "Mozilla/4.0 (compatible; MSIE 8.0; Windows NT 6.1; WOW64; Trident/4.0; YTB730; GTB7.2; SLCC2; .NET CLR 2.0.50727; .NET CLR 3.5.30729; .NET CLR 3.0.30729; .NET4.0C; .NET4.0E; Media Center PC 6.0)"
160.117.214.164 - - [17/Nov/2017:01:08:20 +0000] "GET /item/books/4067 HTTP/1.1" 200 121 "/category/office" "Mozilla/5.0 (Windows NT 6.1; WOW64) AppleWebKit/535.11 (KHTML, like Gecko) Chrome/17.0.963.56 Safari/535.11"
68.156.204.168 - - [17/Nov/2017:01:08:25 +0000] "GET /category/jewelry HTTP/1.1" 200 80 "/category/games" "Mozilla/4.0 (compatible; MSIE 8.0; Windows NT 6.1; WOW64; Trident/4.0; YTB730; GTB7.2; EasyBits GO v1.0; SLCC2; .NET CLR 2.0.50727; .NET CLR 3.5.30729; .NET CLR 3.0.30729; Media Center PC 6.0; .NET4.0C)"
212.228.110.108 - - [17/Nov/2017:01:08:30 +0000] "GET /item/electronics/4072 HTTP/1.1" 200 63 "/category/electronics" "Mozilla/5.0 (compatible; Googlebot/2.1; +http://www.google.com/bot.html)"
28.81.112.82 - - [17/Nov/2017:01:08:35 +0000] "GET /category/software?from=20 HTTP/1.1" 200 100 "/search/?c=Software+Electronics" "Mozilla/5.0 (Windows NT 6.0; rv:10.0.1) Gecko/20100101 Firefox/10.0.1"
160.156.210.144 - - [17/Nov/2017:01:08:40 +0000] "GET /category/electronics HTTP/1.1" 200 119 "/item/software/1017" "Mozilla/5.0 (Windows NT 6.1; WOW64) AppleWebKit/535.7 (KHTML, like Gecko) Chrome/16.0.912.77 Safari/535.7"
124.66.153.212 - - [17/Nov/2017:01:08:45 +0000] "GET /category/games HTTP/1.1" 200 96 "/category/software?from=0" "Mozilla/5.0 (Windows NT 6.0; rv:10.0.1) Gecko/20100101 Firefox/10.0.1"
188.24.181.91 - - [17/Nov/2017:01:08:50 +0000] "GET /category/games HTTP/1.1" 200 104 "/category/games" "Mozilla/5.0 (compatible; Googlebot/2.1; +http://www.google.com/bot.html)"
56.189.95.197 - - [17/Nov/2017:01:08:55 +0000] "GET /category/jewelry HTTP/1.1" 200 86 "/category/giftcards" "Mozilla/5.0 (Windows NT 6.1; WOW64) AppleWebKit/535.7 (KHTML, like Gecko) Chrome/16.0.912.77 Safari/535.7"
156.168.77.168 - - [17/Nov/2017:01:09:00 +0000] "GET /item/electronics/722 HTTP/1.1" 200 102 "/category/health?from=0" "Mozilla/4.0 (compatible; MSIE 8.0; Windows NT 6.0; WOW64; Trident/4.0; GTB6; SLCC1; .NET CLR 2.0.50727; Media Center PC 5.0; .NET CLR 3.5.30729; .NET CLR 3.0.30618; .NET4.0C)"
56.123.41.47 - - [17/Nov/2017:01:09:05 +0000] "GET /category/software HTTP/1.1" 200 106 "-" "Mozilla/5.0 (Windows NT 6.1; WOW64) AppleWebKit/535.7 (KHTML, like Gecko) Chrome/16.0.912.77 Safari/535.7"
68.24.152.91 - - [17/Nov/2017:01:09:10 +0000] "GET /category/garden HTTP/1.1" 200 117 "/category/books" "Mozilla/5.0 (compatible; MSIE 9.0; Windows NT 6.1; WOW64; Trident/5.0)"
152.159.202.129 - - [17/Nov/2017:01:09:15 +0000] "GET /item/games/3420 HTTP/1.1" 200 120 "-" "Mozilla/5.0 (compatible; MSIE 9.0; Windows NT 6.1; WOW64; Trident/5.0)"
20.135.151.124 - - [17/Nov/2017:01:09:20 +0000] "GET /category/games HTTP/1.1" 200 77 "-" "Mozilla/5.0 (Windows NT 6.0; rv:10.0.1) Gecko/20100101 Firefox/10.0.1"
216.144.153.181 - - [17/Nov/2017:01:09:25 +0000] "GET /item/garden/1912 HTTP/1.1" 200 84 "http://www.google.com/search?ie=UTF-8&q=google&sclient=psy-ab&q=Garden&oq=Garden&aq=f&aqi=g-vL1&aql=&pbx=1&bav=on.2,or.r_gc.r_pw.r_qf.,cf.osb&biw=788&bih=53" "Mozilla/5.0 (Macintosh; Intel Mac OS X 10.6; rv:9.0.1) Gecko/20100101 Firefox/9.0.1"
104.69.39.75 - - [17/Nov/2017:01:09:30 +0000] "POST /search/?c=Finance+Books HTTP/1.1" 200 54 "/category/electronics?from=20" "Mozilla/5.0 (Windows NT 6.1; WOW64) AppleWebKit/535.11 (KHTML, like Gecko) Chrome/17.0.963.56 Safari/535.11"
208.114.138.190 - - [17/Nov/2017:01:09:35 +0000] "GET /category/finance HTTP/1.1" 200 124 "-" "Mozilla/5.0 (Windows NT 6.1; WOW64) AppleWebKit/535.11 (KHTML, like Gecko) Chrome/17.0.963.56 Safari/535.11"
204.60.81.51 - - [17/Nov/2017:01:09:40 +0000] "GET /category/software HTTP/1.1" 200 77 "/category/office" "Mozilla/5.0 (Windows NT 6.0) AppleWebKit/535.11 (KHTML, like Gecko) Chrome/17.0.963.56 Safari/535.11"
108.93.215.147 - - [17/Nov/2017:01:09:45 +0000] "GET /item/games/15 HTTP/1.1" 200 128 "/item/giftcards/1901" "Mozilla/5.0 (Macintosh; Intel Mac OS X 10.6; rv:9.0.1) Gecko/20100101 Firefox/9.0.1"
68.117.130.229 - - [17/Nov/2017:01:09:50 +0000] "GET /item/games/1456 HTTP/1.1" 200 111 "-" "Mozilla/5.0 (compatible; Googlebot/2.1; +http://www.google.com/bot.html)"
72.189.134.198 - - [17/Nov/2017:01:09:55 +0000] "GET /category/electronics HTTP/1.1" 200 138 "/item/electronics/1876" "Mozilla/4.0 (compatible; MSIE 8.0; Windows NT 6.1; WOW64; Trident/4.0; YTB730; GTB7.2; SLCC2; .NET CLR 2.0.50727; .NET CLR 3.5.30729; .NET CLR 3.0.30729; .NET4.0C; .NET4.0E; Media Center PC 6.0)"
88.63.121.43 - - [17/Nov/2017:01:10:00 +0000] "GET /item/software/2487 HTTP/1.1" 200 51 "/category/office?from=0" "Mozilla/5.0 (compatible; MSIE 9.0; Windows NT 6.1; WOW64; Trident/5.0)"
172.225.223.37 - - [17/Nov/2017:01:10:05 +0000] "GET /category/software HTTP/1.1" 200 84 "-" "Mozilla/4.0 (compatible; MSIE 8.0; Windows NT 6.1; WOW64; Trident/4.0; YTB730; GTB7.2; SLCC2; .NET CLR 2.0.50727; .NET CLR 3.5.30729; .NET CLR 3.0.30729; .NET4.0C; .NET4.0E; Media Center PC 6.0)"
148.78.49.128 - - [17/Nov/2017:01:10:10 +0000] "GET /item/books/4586 HTTP/1.1" 200 130 "-" "Mozilla/5.0 (Windows NT 6.1; WOW64) AppleWebKit/535.11 (KHTML, like Gecko) Chrome/17.0.963.56 Safari/535.11"
152.120.32.93 - - [17/Nov/2017:01:10:15 +0000] "GET /item/garden/4648 HTTP/1.1" 200 76 "/category/garden" "Mozilla/5.0 (Windows NT 6.0; rv:10.0.1) Gecko/20100101 Firefox/10.0.1"
28.21.175.63 - - [17/Nov/2017:01:10:20 +0000] "GET /item/books/4586 HTTP/1.1" 200 130 "/category/games" "Mozilla/5.0 (Windows NT 6.1; WOW64) AppleWebKit/535.11 (KHTML, like Gecko) Chrome/17.0.963.56 Safari/535.11"
72.165.89.172 - - [17/Nov/2017:01:10:25 +0000] "GET /category/games HTTP/1.1" 200 59 "/category/toys" "Mozilla/5.0 (Windows NT 6.1; WOW64) AppleWebKit/535.7 (KHTML, like Gecko) Chrome/16.0.912.77 Safari/535.7"
112.177.180.133 - - [17/Nov/2017:01:10:30 +0000] "GET /category/software HTTP/1.1" 200 40 "-" "Mozilla/5.0 (compatible; MSIE 9.0; Windows NT 6.1; WOW64; Trident/5.0)"
124.162.24.47 - - [17/Nov/2017:01:10:35 +0000] "GET /item/electronics/287 HTTP/1.1" 200 50 "/item/cameras/1442" "Mozilla/5.0 (Windows NT 6.0; rv:10.0.1) Gecko/20100101 Firefox/10.0.1"
132.132.109.164 - - [17/Nov/2017:01:10:40 +0000] "POST /search/?c=Finance HTTP/1.1" 200 85 "/item/software/1594" "Mozilla/5.0 (Windows NT 6.1; WOW64) AppleWebKit/535.11 (KHTML, like Gecko) Chrome/17.0.963.56 Safari/535.11"
152.150.118.201 - - [17/Nov/2017:01:10:45 +0000] "GET /category/electronics HTTP/1.1" 200 138 "/category/electronics" "Mozilla/5.0 (compatible; Googlebot/2.1; +http://www.google.com/bot.html)"
64.132.229.177 - - [17/Nov/2017:01:10:50 +0000] "GET /category/giftcards HTTP/1.1" 200 43 "-" "Mozilla/4.0 (compatible; MSIE 8.0; Windows NT 6.1; WOW64; Trident/4.0; GTB7.2; SLCC2; .NET CLR 2.0.50727; .NET CLR 3.5.30729; .NET CLR 3.0.30729; Media Center PC 6.0; .NET4.0C)"
72.111.113.84 - - [17/Nov/2017:01:10:55 +0000] "GET /item/office/4367 HTTP/1.1" 200 64 "/search/?c=Games" "Mozilla/5.0 (compatible; MSIE 9.0; Windows NT 6.1; Trident/5.0)"
192.108.192.88 - - [17/Nov/2017:01:11:00 +0000] "GET /category/books?from=20 HTTP/1.1" 200 80 "/item/electronics/1309" "Mozilla/5.0 (compatible; MSIE 9.0; Windows NT 6.1; WOW64; Trident/5.0)"
156.189.180.223 - - [17/Nov/2017:01:11:05 +0000] "GET /category/electronics HTTP/1.1" 200 44 "/item/software/3387" "Mozilla/4.0 (compatible; MSIE 8.0; Windows NT 6.0; WOW64; Trident/4.0; GTB6; SLCC1; .NET CLR 2.0.50727; Media Center PC 5.0; .NET CLR 3.5.30729; .NET CLR 3.0.30618; .NET4.0C)"
120.180.161.107 - - [17/Nov/2017:01:11:10 +0000] "GET /category/jewelry HTTP/1.1" 200 82 "-" "Mozilla/5.0 (compatible; MSIE 9.0; Windows NT 6.1; Trident/5.0)"
48.213.177.74 - - [17/Nov/2017:01:11:15 +0000] "GET /category/games HTTP/1.1" 200 45 "/category/electronics" "Mozilla/5.0 (Windows NT 6.1; WOW64) AppleWebKit/535.7 (KHTML, like Gecko) Chrome/16.0.912.77 Safari/535.7"
100.93.35.154 - - [17/Nov/2017:01:11:20 +0000] "GET /item/electronics/2670 HTTP/1.1" 200 51 "/search/?c=Electronics" "Mozilla/5.0 (Windows NT 6.1; WOW64; rv:10.0.1) Gecko/20100101 Firefox/10.0.1"
184.144.144.34 - - [17/Nov/2017:01:11:25 +0000] "GET /category/jewelry HTTP/1.1" 200 48 "-" "Mozilla/5.0 (Windows NT 6.0) AppleWebKit/535.11 (KHTML, like Gecko) Chrome/17.0.963.56 Safari/535.11"
40.63.61.211 - - [17/Nov/2017:01:11:30 +0000] "GET /item/giftcards/1476 HTTP/1.1" 200 113 "http://www.google.com/search?ie=UTF-8&q=google&sclient=psy-ab&q=Giftcards&oq=Giftcards&aq=f&aqi=g-vL1&aql=&pbx=1&bav=on.2,or.r_gc.r_pw.r_qf.,cf.osb&biw=286&bih=76" "Mozilla/5.0 (iPhone; CPU iPhone OS 5_0_1 like Mac OS X) AppleWebKit/534.46 (KHTML, like Gecko) Version/5.1 Mobile/9A405 Safari/7534.48.3"
192.132.36.118 - - [17/Nov/2017:01:11:35 +0000] "GET /category/books HTTP/1.1" 200 83 "/category/software?from=0" "Mozilla/5.0 (Windows NT 6.1; WOW64; rv:10.0.1) Gecko/20100101 Firefox/10.0.1"
216.111.181.162 - - [17/Nov/2017:01:11:40 +0000] "GET /category/books?from=0 HTTP/1.1" 200 52 "-" "Mozilla/4.0 (compatible; MSIE 8.0; Windows NT 6.1; WOW64; Trident/4.0; YTB730; GTB7.2; SLCC2; .NET CLR 2.0.50727; .NET CLR 3.5.30729; .NET CLR 3.0.30729; .NET4.0C; .NET4.0E; Media Center PC 6.0)"
148.219.89.124 - - [17/Nov/2017:01:11:45 +0000] "GET /category/software HTTP/1.1" 200 113 "/category/office" "Mozilla/5.0 (Windows NT 5.1) AppleWebKit/535.11 (KHTML, like Gecko) Chrome/17.0.963.46 Safari/535.11"
20.63.176.160 - - [17/Nov/2017:01:11:50 +0000] "GET /category/electronics HTTP/1.1" 200 101 "-" "Mozilla/5.0 (Windows NT 6.0) AppleWebKit/535.11 (KHTML, like Gecko) Chrome/17.0.963.56 Safari/535.11"
104.93.76.126 - - [17/Nov/2017:01:11:55 +0000] "GET /category/health HTTP/1.1" 200 59 "-" "Mozilla/5.0 (compatible; MSIE 9.0; Windows NT 6.1; Trident/5.0)"
220.36.59.198 - - [17/Nov/2017:01:12:00 +0000] "GET /item/finance/1207 HTTP/1.1" 200 57 "/search/?c=Finance+Office" "Mozilla/5.0 (compatible; MSIE 9.0; Windows NT 6.1; WOW64; Trident/5.0)"
140.207.125.132 - - [17/Nov/2017:01:12:05 +0000] "POST /search/?c=Finance HTTP/1.1" 200 85 "/item/electronics/367" "Mozilla/5.0 (Windows NT 6.1; WOW64) AppleWebKit/535.11 (KHTML, like Gecko) Chrome/17.0.963.56 Safari/535.11"
40.219.75.36 - - [17/Nov/2017:01:12:10 +0000] "GET /item/books/3977 HTTP/1.1" 200 56 "/category/books" "Mozilla/5.0 (compatible; MSIE 9.0; Windows NT 6.1; Trident/5.0)"
56.162.217.61 - - [17/Nov/2017:01:12:15 +0000] "GET /item/games/2750 HTTP/1.1" 200 102 "/category/office" "Mozilla/5.0 (Windows NT 6.0; rv:10.0.1) Gecko/20100101 Firefox/10.0.1"
80.123.121.100 - - [17/Nov/2017:01:12:20 +0000] "GET /item/cameras/1442 HTTP/1.1" 200 56 "-" "Mozilla/5.0 (Macintosh; Intel Mac OS X 10.6; rv:9.0.1) Gecko/20100101 Firefox/9.0.1"
204.111.23.227 - - [17/Nov/2017:01:12:25 +0000] "GET /category/computers HTTP/1.1" 200 101 "-" "Mozilla/4.0 (compatible; MSIE 8.0; Windows NT 6.1; WOW64; Trident/4.0; GTB7.2; SLCC2; .NET CLR 2.0.50727; .NET CLR 3.5.30729; .NET CLR 3.0.30729; Media Center PC 6.0; .NET4.0C)"
160.78.146.93 - - [17/Nov/2017:01:12:30 +0000] "GET /item/toys/3743 HTTP/1.1" 200 46 "/item/networking/4174" "Mozilla/5.0 (compatible; MSIE 9.0; Windows NT 6.1; Trident/5.0)"
32.99.62.111 - - [17/Nov/2017:01:12:35 +0000] "GET /category/garden HTTP/1.1" 200 86 "/item/computers/1710" "Mozilla/5.0 (Windows NT 6.1; WOW64; rv:10.0.1) Gecko/20100101 Firefox/10.0.1"
228.162.165.103 - - [17/Nov/2017:01:12:40 +0000] "GET /item/computers/3622 HTTP/1.1" 200 110 "/item/jewelry/3466" "Mozilla/5.0 (compatible; MSIE 9.0; Windows NT 6.1; Trident/5.0)"
80.174.167.30 - - [17/Nov/2017:01:12:45 +0000] "GET /category/software HTTP/1.1" 200 114 "-" "Mozilla/5.0 (compatible; Googlebot/2.1; +http://www.google.com/bot.html)"
196.189.27.51 - - [17/Nov/2017:01:12:50 +0000] "GET /category/toys HTTP/1.1" 200 41 "-" "Mozilla/5.0 (compatible; MSIE 9.0; Windows NT 6.1; Trident/5.0)"
144.21.111.211 - - [17/Nov/2017:01:12:55 +0000] "POST /search/?c=Electronics+Electronics HTTP/1.1" 200 69 "-" "Mozilla/4.0 (compatible; MSIE 8.0; Windows NT 6.1; WOW64; Trident/4.0; GTB7.2; SLCC2; .NET CLR 2.0.50727; .NET CLR 3.5.30729; .NET CLR 3.0.30729; Media Center PC 6.0; .NET4.0C)"
44.123.149.113 - - [17/Nov/2017:01:13:00 +0000] "GET /category/cameras?from=20 HTTP/1.1" 200 99 "-" "Mozilla/5.0 (iPad; CPU OS 5_0_1 like Mac OS X) AppleWebKit/534.46 (KHTML, like Gecko) Version/5.1 Mobile/9A405 Safari/7534.48.3"
92.72.135.226 - - [17/Nov/2017:01:13:05 +0000] "POST /search/?c=Books HTTP/1.1" 200 114 "/search/?c=Garden+Electronics" "Mozilla/5.0 (compatible; Googlebot/2.1; +http://www.google.com/bot.html)"
24.216.105.63 - - [17/Nov/2017:01:13:10 +0000] "GET /item/cameras/3403 HTTP/1.1" 200 108 "/search/?c=Cameras+Games" "Mozilla/5.0 (Macintosh; Intel Mac OS X 10.6; rv:9.0.1) Gecko/20100101 Firefox/9.0.1"
116.24.121.47 - - [17/Nov/2017:01:13:15 +0000] "GET /category/networking HTTP/1.1" 200 53 "-" "Mozilla/5.0 (Windows NT 6.1; WOW64) AppleWebKit/535.11 (KHTML, like Gecko) Chrome/17.0.963.56 Safari/535.11"
176.153.215.204 - - [17/Nov/2017:01:13:20 +0000] "GET /category/music HTTP/1.1" 200 87 "-" "Mozilla/5.0 (Windows NT 6.1; WOW64) AppleWebKit/535.7 (KHTML, like Gecko) Chrome/16.0.912.77 Safari/535.7"
224.207.157.219 - - [17/Nov/2017:01:13:25 +0000] "GET /category/games?from=0 HTTP/1.1" 200 124 "/item/networking/2789" "Mozilla/5.0 (iPad; CPU OS 5_0_1 like Mac OS X) AppleWebKit/534.46 (KHTML, like Gecko) Version/5.1 Mobile/9A405 Safari/7534.48.3"
224.210.40.49 - - [17/Nov/2017:01:13:30 +0000] "GET /category/computers HTTP/1.1" 200 127 "-" "Mozilla/5.0 (compatible; Googlebot/2.1; +http://www.google.com/bot.html)"
80.21.83.68 - - [17/Nov/2017:01:13:35 +0000] "GET /category/garden HTTP/1.1" 200 111 "-" "Mozilla/4.0 (compatible; MSIE 8.0; Windows NT 6.1; WOW64; Trident/4.0; YTB730; GTB7.2; EasyBits GO v1.0; SLCC2; .NET CLR 2.0.50727; .NET CLR 3.5.30729; .NET CLR 3.0.30729; Media Center PC 6.0; .NET4.0C)"
108.84.228.94 - - [17/Nov/2017:01:13:40 +0000] "GET /category/software HTTP/1.1" 200 99 "-" "Mozilla/5.0 (Windows NT 6.1; WOW64; rv:10.0.1) Gecko/20100101 Firefox/10.0.1"
112.21.69.67 - - [17/Nov/2017:01:13:45 +0000] "GET /category/giftcards HTTP/1.1" 200 138 "/category/computers" "Mozilla/5.0 (Windows NT 6.0) AppleWebKit/535.11 (KHTML, like Gecko) Chrome/17.0.963.56 Safari/535.11"
68.24.152.91 - - [17/Nov/2017:01:13:50 +0000] "GET /category/electronics HTTP/1.1" 200 73 "-" "Mozilla/4.0 (compatible; MSIE 8.0; Windows NT 5.1; Trident/4.0; BTRS122159; GTB7.2; .NET CLR 1.1.4322; .NET CLR 2.0.50727; .NET CLR 3.0.04506.30; .NET CLR 3.0.4506.2152; .NET CLR 3.5.30729; BRI/2)"
84.126.82.184 - - [17/Nov/2017:01:13:55 +0000] "GET /category/electronics HTTP/1.1" 200 139 "/category/toys" "Mozilla/4.0 (compatible; MSIE 8.0; Windows NT 6.1; WOW64; Trident/4.0; GTB7.2; SLCC2; .NET CLR 2.0.50727; .NET CLR 3.5.30729; .NET CLR 3.0.30729; Media Center PC 6.0; .NET4.0C)"
104.138.92.26 - - [17/Nov/2017:01:14:00 +0000] "GET /category/books HTTP/1.1" 200 73 "-" "Mozilla/4.0 (compatible; MSIE 8.0; Windows NT 6.1; WOW64; Trident/4.0; YTB730; GTB7.2; SLCC2; .NET CLR 2.0.50727; .NET CLR 3.5.30729; .NET CLR 3.0.30729; .NET4.0C; .NET4.0E; Media Center PC 6.0)"
104.117.61.206 - - [17/Nov/2017:01:14:05 +0000] "GET /category/books?from=0 HTTP/1.1" 200 52 "/search/?c=Finance" "Mozilla/5.0 (Windows NT 6.0; rv:10.0.1) Gecko/20100101 Firefox/10.0.1"
176.45.198.120 - - [17/Nov/2017:01:14:10 +0000] "GET /item/finance/3226 HTTP/1.1" 200 48 "-" "Mozilla/5.0 (Windows NT 6.1; WOW64) AppleWebKit/535.11 (KHTML, like Gecko) Chrome/17.0.963.56 Safari/535.11"
104.72.204.155 - - [17/Nov/2017:01:14:15 +0000] "GET /category/software HTTP/1.1" 200 105 "-" "Mozilla/5.0 (Windows NT 6.1; WOW64) AppleWebKit/535.7 (KHTML, like Gecko) Chrome/16.0.912.77 Safari/535.7"
192.126.144.136 - - [17/Nov/2017:01:14:20 +0000] "GET /category/books HTTP/1.1" 200 67 "-" "Mozilla/4.0 (compatible; MSIE 8.0; Windows NT 6.1; Trident/4.0; YTB730; SLCC2; .NET CLR 2.0.50727; .NET CLR 3.5.30729; .NET CLR 3.0.30729; Media Center PC 6.0; .NET4.0C)"
116.33.181.169 - - [17/Nov/2017:01:14:25 +0000] "POST /search/?c=Electronics HTTP/1.1" 200 101 "-" "Mozilla/5.0 (Macintosh; Intel Mac OS X 10.6; rv:9.0.1) Gecko/20100101 Firefox/9.0.1"
32.213.139.23 - - [17/Nov/2017:01:14:30 +0000] "GET /category/software HTTP/1.1" 200 123 "-" "Mozilla/5.0 (compatible; MSIE 9.0; Windows NT 6.1; Trident/5.0)"
152.123.68.77 - - [17/Nov/2017:01:14:35 +0000] "GET /category/office HTTP/1.1" 200 79 "/category/health" "Mozilla/5.0 (Windows NT 6.0) AppleWebKit/535.11 (KHTML, like Gecko) Chrome/17.0.963.56 Safari/535.11"
36.222.81.121 - - [17/Nov/2017:01:14:40 +0000] "GET /category/cameras?from=20 HTTP/1.1" 200 133 "/item/electronics/1270" "Mozilla/5.0 (Windows NT 5.1) AppleWebKit/535.11 (KHTML, like Gecko) Chrome/17.0.963.46 Safari/535.11"
164.36.150.129 - - [17/Nov/2017:01:14:45 +0000] "GET /category/electronics HTTP/1.1" 200 52 "/category/software" "Mozilla/4.0 (compatible; MSIE 8.0; Windows NT 6.0; WOW64; Trident/4.0; GTB6; SLCC1; .NET CLR 2.0.50727; Media Center PC 5.0; .NET CLR 3.5.30729; .NET CLR 3.0.30618; .NET4.0C)"
148.198.144.149 - - [17/Nov/2017:01:14:50 +0000] "GET /item/books/3877 HTTP/1.1" 200 47 "-" "Mozilla/4.0 (compatible; MSIE 8.0; Windows NT 6.1; WOW64; Trident/4.0; YTB730; GTB7.2; EasyBits GO v1.0; SLCC2; .NET CLR 2.0.50727; .NET CLR 3.5.30729; .NET CLR 3.0.30729; Media Center PC 6.0; .NET4.0C)"
108.171.226.164 - - [17/Nov/2017:01:14:55 +0000] "GET /category/electronics HTTP/1.1" 200 89 "/category/office" "Mozilla/4.0 (compatible; MSIE 8.0; Windows NT 5.1; Trident/4.0; YTB720; GTB7.2; .NET CLR 1.1.4322; .NET CLR 2.0.50727; .NET CLR 3.0.4506.2152; .NET CLR 3.5.30729)"
224.177.225.75 - - [17/Nov/2017:01:15:00 +0000] "GET /category/books?from=10 HTTP/1.1" 200 137 "/category/books" "Mozilla/5.0 (iPad; CPU OS 5_0_1 like Mac OS X) AppleWebKit/534.46 (KHTML, like Gecko) Version/5.1 Mobile/9A405 Safari/7534.48.3"
116.198.83.162 - - [17/Nov/2017:01:15:05 +0000] "GET /category/computers HTTP/1.1" 200 114 "-" "Mozilla/5.0 (Windows NT 6.1; WOW64; rv:10.0.1) Gecko/20100101 Firefox/10.0.1"
212.189.191.81 - - [17/Nov/2017:01:15:10 +0000] "GET /item/music/2928 HTTP/1.1" 200 80 "-" "Mozilla/4.0 (compatible; MSIE 8.0; Windows NT 6.1; Trident/4.0; YTB730; SLCC2; .NET CLR 2.0.50727; .NET CLR 3.5.30729; .NET CLR 3.0.30729; Media Center PC 6.0; .NET4.0C)"
148.84.138.22 - - [17/Nov/2017:01:15:15 +0000] "GET /category/electronics HTTP/1.1" 200 72 "-" "Mozilla/5.0 (compatible; MSIE 9.0; Windows NT 6.1; Trident/5.0)"
56.186.73.100 - - [17/Nov/2017:01:15:20 +0000] "GET /category/garden?from=20 HTTP/1.1" 200 86 "-" "Mozilla/5.0 (compatible; MSIE 9.0; Windows NT 6.1; Trident/5.0)"
104.69.39.75 - - [17/Nov/2017:01:15:25 +0000] "GET /category/jewelry?from=10 HTTP/1.1" 200 106 "/category/electronics" "Mozilla/5.0 (Windows NT 6.1; WOW64) AppleWebKit/535.11 (KHTML, like Gecko) Chrome/17.0.963.56 Safari/535.11"
68.195.70.77 - - [17/Nov/2017:01:15:30 +0000] "GET /category/computers HTTP/1.1" 200 103 "-" "Mozilla/5.0 (Windows NT 5.1) AppleWebKit/535.11 (KHTML, like Gecko) Chrome/17.0.963.46 Safari/535.11"
184.144.144.34 - - [17/Nov/2017:01:15:35 +0000] "GET /category/electronics HTTP/1.1" 200 97 "-" "Mozilla/5.0 (compatible; MSIE 9.0; Windows NT 6.1; WOW64; Trident/5.0)"
100.93.35.154 - - [17/Nov/2017:01:15:40 +0000] "GET /category/games HTTP/1.1" 200 107 "-" "Mozilla/5.0 (Windows NT 6.1; WOW64) AppleWebKit/535.7 (KHTML, like Gecko) Chrome/16.0.912.77 Safari/535.7"
224.57.160.208 - - [17/Nov/2017:01:15:45 +0000] "GET /category/jewelry HTTP/1.1" 200 56 "/item/office/964" "Mozilla/4.0 (compatible; MSIE 8.0; Windows NT 6.1; WOW64; Trident/4.0; YTB730; GTB7.2; EasyBits GO v1.0; SLCC2; .NET CLR 2.0.50727; .NET CLR 3.5.30729; .NET CLR 3.0.30729; Media Center PC 6.0; .NET4.0C)"
204.111.23.227 - - [17/Nov/2017:01:15:50 +0000] "GET /category/cameras HTTP/1.1" 200 117 "-" "Mozilla/5.0 (compatible; MSIE 9.0; Windows NT 6.1; WOW64; Trident/5.0)"
44.213.68.121 - - [17/Nov/2017:01:15:55 +0000] "GET /category/electronics HTTP/1.1" 200 79 "/item/finance/1207" "Mozilla/5.0 (compatible; MSIE 9.0; Windows NT 6.1; Trident/5.0)"
180.54.65.44 - - [17/Nov/2017:01:16:00 +0000] "GET /category/jewelry HTTP/1.1" 200 111 "-" "Mozilla/4.0 (compatible; MSIE 8.0; Windows NT 5.1; Trident/4.0; YTB720; GTB7.2; .NET CLR 1.1.4322; .NET CLR 2.0.50727; .NET CLR 3.0.4506.2152; .NET CLR 3.5.30729)"
56.24.57.163 - - [17/Nov/2017:01:16:05 +0000] "GET /item/books/4062 HTTP/1.1" 200 105 "/category/books" "Mozilla/5.0 (compatible; Googlebot/2.1; +http://www.google.com/bot.html)"
196.69.125.183 - - [17/Nov/2017:01:16:10 +0000] "GET /category/networking HTTP/1.1" 200 108 "/item/networking/322" "Mozilla/4.0 (compatible; MSIE 8.0; Windows NT 6.1; WOW64; Trident/4.0; GTB7.2; SLCC2; .NET CLR 2.0.50727; .NET CLR 3.5.30729; .NET CLR 3.0.30729; Media Center PC 6.0; .NET4.0C)"
24.57.24.122 - - [17/Nov/2017:01:16:15 +0000] "GET /category/networking HTTP/1.1" 200 87 "/category/electronics?from=20" "Mozilla/5.0 (compatible; MSIE 9.0; Windows NT 6.1; Trident/5.0)"
192.54.212.194 - - [17/Nov/2017:01:16:20 +0000] "GET /category/toys HTTP/1.1" 200 115 "-" "Mozilla/4.0 (compatible; MSIE 8.0; Windows NT 6.0; WOW64; Trident/4.0; GTB6; SLCC1; .NET CLR 2.0.50727; Media Center PC 5.0; .NET CLR 3.5.30729; .NET CLR 3.0.30618; .NET4.0C)"
200.225.111.124 - - [17/Nov/2017:01:16:25 +0000] "GET /item/games/2882 HTTP/1.1" 200 130 "/item/software/272" "Mozilla/5.0 (Windows NT 6.1; WOW64; rv:10.0.1) Gecko/20100101 Firefox/10.0.1"
88.216.133.209 - - [17/Nov/2017:01:16:30 +0000] "GET /category/software?from=20 HTTP/1.1" 200 49 "/category/jewelry" "Mozilla/5.0 (Windows NT 6.0; rv:10.0.1) Gecko/20100101 Firefox/10.0.1"
40.177.178.144 - - [17/Nov/2017:01:16:35 +0000] "GET /item/computers/4707 HTTP/1.1" 200 115 "/category/jewelry" "Mozilla/5.0 (Macintosh; Intel Mac OS X 10.6; rv:9.0.1) Gecko/20100101 Firefox/9.0.1"
52.39.67.99 - - [17/Nov/2017:01:16:40 +0000] "GET /category/games HTTP/1.1" 200 100 "/category/games" "Mozilla/5.0 (Windows NT 6.1; WOW64) AppleWebKit/535.7 (KHTML, like Gecko) Chrome/16.0.912.77 Safari/535.7"
20.60.176.150 - - [17/Nov/2017:01:16:45 +0000] "GET /category/electronics HTTP/1.1" 200 63 "-" "Mozilla/5.0 (Windows NT 6.0; rv:10.0.1) Gecko/20100101 Firefox/10.0.1"
120.171.185.176 - - [17/Nov/2017:01:16:50 +0000] "GET /category/office HTTP/1.1" 200 132 "/category/games" "Mozilla/5.0 (Windows NT 6.0; rv:10.0.1) Gecko/20100101 Firefox/10.0.1"
140.78.40.160 - - [17/Nov/2017:01:16:55 +0000] "GET /item/office/964 HTTP/1.1" 200 56 "/category/office" "Mozilla/5.0 (Windows NT 6.1; WOW64) AppleWebKit/535.11 (KHTML, like Gecko) Chrome/17.0.963.56 Safari/535.11"
20.21.65.80 - - [17/Nov/2017:01:17:00 +0000] "GET /category/books HTTP/1.1" 200 55 "/category/toys" "Mozilla/4.0 (compatible; MSIE 8.0; Windows NT 5.1; Trident/4.0; BTRS122159; GTB7.2; .NET CLR 1.1.4322; .NET CLR 2.0.50727; .NET CLR 3.0.04506.30; .NET CLR 3.0.4506.2152; .NET CLR 3.5.30729; BRI/2)"
112.93.23.140 - - [17/Nov/2017:01:17:05 +0000] "GET /item/software/2 HTTP/1.1" 200 139 "-" "Mozilla/5.0 (Windows NT 6.1; WOW64) AppleWebKit/535.11 (KHTML, like Gecko) Chrome/17.0.963.56 Safari/535.11"
148.42.153.163 - - [17/Nov/2017:01:17:10 +0000] "POST /search/?c=Office+Computers HTTP/1.1" 200 62 "-" "Mozilla/5.0 (Windows NT 6.0) AppleWebKit/535.11 (KHTML, like Gecko) Chrome/17.0.963.56 Safari/535.11"
204.117.20.72 - - [17/Nov/2017:01:17:15 +0000] "GET /item/games/3390 HTTP/1.1" 200 42 "/category/software" "Mozilla/4.0 (compatible; MSIE 8.0; Windows NT 6.1; WOW64; Trident/4.0; YTB730; GTB7.2; EasyBits GO v1.0; SLCC2; .NET CLR 2.0.50727; .NET CLR 3.5.30729; .NET CLR 3.0.30729; Media Center PC 6.0; .NET4.0C)"
144.114.134.210 - - [17/Nov/2017:01:17:20 +0000] "GET /item/garden/4383 HTTP/1.1" 200 95 "http://www.google.com/search?ie=UTF-8&q=google&sclient=psy-ab&q=Garden&oq=Garden&aq=f&aqi=g-vL1&aql=&pbx=1&bav=on.2,or.r_gc.r_pw.r_qf.,cf.osb&biw=423&bih=381" "Mozilla/4.0 (compatible; MSIE 8.0; Windows NT 5.1; Trident/4.0; BTRS122159; GTB7.2; .NET CLR 1.1.4322; .NET CLR 2.0.50727; .NET CLR 3.0.04506.30; .NET CLR 3.0.4506.2152; .NET CLR 3.5.30729; BRI/2)"
32.69.59.79 - - [17/Nov/2017:01:17:25 +0000] "POST /search/?c=Books HTTP/1.1" 200 114 "/item/health/3613" "Mozilla/5.0 (Macintosh; Intel Mac OS X 10.6; rv:9.0.1) Gecko/20100101 Firefox/9.0.1"
116.150.145.77 - - [17/Nov/2017:01:17:30 +0000] "GET /category/jewelry HTTP/1.1" 200 40 "/item/electronics/2524" "Mozilla/5.0 (Windows NT 6.0) AppleWebKit/535.11 (KHTML, like Gecko) Chrome/17.0.963.56 Safari/535.11"
72.120.175.129 - - [17/Nov/2017:01:17:35 +0000] "GET /category/software?from=10 HTTP/1.1" 200 54 "/item/games/1490" "Mozilla/5.0 (Windows NT 6.0) AppleWebKit/535.11 (KHTML, like Gecko) Chrome/17.0.963.56 Safari/535.11"
124.222.42.225 - - [17/Nov/2017:01:17:40 +0000] "GET /category/jewelry HTTP/1.1" 200 48 "-" "Mozilla/4.0 (compatible; MSIE 8.0; Windows NT 6.0; WOW64; Trident/4.0; GTB6; SLCC1; .NET CLR 2.0.50727; Media Center PC 5.0; .NET CLR 3.5.30729; .NET CLR 3.0.30618; .NET4.0C)"
56.195.124.151 - - [17/Nov/2017:01:17:45 +0000] "GET /category/giftcards HTTP/1.1" 200 83 "/category/toys" "Mozilla/4.0 (compatible; MSIE 8.0; Windows NT 6.1; WOW64; Trident/4.0; GTB7.2; SLCC2; .NET CLR 2.0.50727; .NET CLR 3.5.30729; .NET CLR 3.0.30729; Media Center PC 6.0; .NET4.0C)"
104.45.160.209 - - [17/Nov/2017:01:17:50 +0000] "GET /category/software HTTP/1.1" 200 72 "/category/software" "Mozilla/5.0 (Windows NT 6.1; WOW64) AppleWebKit/535.7 (KHTML, like Gecko) Chrome/16.0.912.77 Safari/535.7"
96.75.214.176 - - [17/Nov/2017:01:17:55 +0000] "GET /item/electronics/953 HTTP/1.1" 200 59 "/category/software" "Mozilla/5.0 (compatible; Googlebot/2.1; +http://www.google.com/bot.html)"
44.132.181.113 - - [17/Nov/2017:01:18:00 +0000] "GET /item/games/526 HTTP/1.1" 200 104 "/search/?c=Toys+Games" "Mozilla/5.0 (Windows NT 6.1; WOW64) AppleWebKit/535.11 (KHTML, like Gecko) Chrome/17.0.963.56 Safari/535.11"
32.126.192.64 - - [17/Nov/2017:01:18:05 +0000] "GET /category/office HTTP/1.1" 200 85 "/search/?c=Electronics" "Mozilla/5.0 (Windows NT 6.1; WOW64) AppleWebKit/535.7 (KHTML, like Gecko) Chrome/16.0.912.77 Safari/535.7"
148.84.100.197 - - [17/Nov/2017:01:18:10 +0000] "POST /search/?c=Books+Electronics HTTP/1.1" 200 79 "-" "Mozilla/5.0 (Windows NT 6.0; rv:10.0.1) Gecko/20100101 Firefox/10.0.1"
192.126.144.136 - - [17/Nov/2017:01:18:15 +0000] "GET /category/health?from=10 HTTP/1.1" 200 124 "/search/?c=Health+Games" "Mozilla/4.0 (compatible; MSIE 8.0; Windows NT 6.0; WOW64; Trident/4.0; GTB6; SLCC1; .NET CLR 2.0.50727; Media Center PC 5.0; .NET CLR 3.5.30729; .NET CLR 3.0.30618; .NET4.0C)"
152.87.80.46 - - [17/Nov/2017:01:18:20 +0000] "GET /category/health HTTP/1.1" 200 105 "-" "Mozilla/5.0 (Windows NT 6.1; WOW64) AppleWebKit/535.7 (KHTML, like Gecko) Chrome/16.0.912.77 Safari/535.7"
156.159.223.147 - - [17/Nov/2017:01:18:25 +0000] "GET /category/finance HTTP/1.1" 200 132 "-" "Mozilla/4.0 (compatible; MSIE 8.0; Windows NT 6.1; WOW64; Trident/4.0; YTB730; GTB7.2; SLCC2; .NET CLR 2.0.50727; .NET CLR 3.5.30729; .NET CLR 3.0.30729; .NET4.0C; .NET4.0E; Media Center PC 6.0)"
168.108.147.195 - - [17/Nov/2017:01:18:30 +0000] "GET /category/cameras HTTP/1.1" 200 66 "-" "Mozilla/5.0 (iPhone; CPU iPhone OS 5_0_1 like Mac OS X) AppleWebKit/534.46 (KHTML, like Gecko) Version/5.1 Mobile/9A405 Safari/7534.48.3"
96.90.32.31 - - [17/Nov/2017:01:18:35 +0000] "GET /item/games/4277 HTTP/1.1" 200 49 "/category/software" "Mozilla/5.0 (Macintosh; Intel Mac OS X 10.6; rv:9.0.1) Gecko/20100101 Firefox/9.0.1"
208.81.168.36 - - [17/Nov/2017:01:18:40 +0000] "GET /item/electronics/3545 HTTP/1.1" 200 133 "/item/electronics/2001" "Mozilla/5.0 (Windows NT 6.1; WOW64; rv:10.0.1) Gecko/20100101 Firefox/10.0.1"
172.186.101.199 - - [17/Nov/2017:01:18:45 +0000] "GET /category/software HTTP/1.1" 200 58 "-" "Mozilla/5.0 (Windows NT 6.1; WOW64) AppleWebKit/535.7 (KHTML, like Gecko) Chrome/16.0.912.77 Safari/535.7"
136.129.115.173 - - [17/Nov/2017:01:18:50 +0000] "GET /category/office HTTP/1.1" 200 128 "/category/office" "Mozilla/5.0 (Macintosh; Intel Mac OS X 10.6; rv:9.0.1) Gecko/20100101 Firefox/9.0.1"
40.168.92.164 - - [17/Nov/2017:01:18:55 +0000] "GET /category/jewelry HTTP/1.1" 200 71 "-" "Mozilla/4.0 (compatible; MSIE 8.0; Windows NT 5.1; Trident/4.0; YTB720; GTB7.2; .NET CLR 1.1.4322; .NET CLR 2.0.50727; .NET CLR 3.0.4506.2152; .NET CLR 3.5.30729)"
144.180.57.180 - - [17/Nov/2017:01:19:00 +0000] "GET /item/toys/67 HTTP/1.1" 200 117 "/item/electronics/2104" "Mozilla/5.0 (Windows NT 6.1; WOW64) AppleWebKit/535.7 (KHTML, like Gecko) Chrome/16.0.912.77 Safari/535.7"
204.147.33.196 - - [17/Nov/2017:01:19:05 +0000] "GET /category/sports HTTP/1.1" 200 137 "/item/electronics/2277" "Mozilla/5.0 (Windows NT 6.1; WOW64) AppleWebKit/535.11 (KHTML, like Gecko) Chrome/17.0.963.56 Safari/535.11"
100.42.49.57 - - [17/Nov/2017:01:19:10 +0000] "GET /item/software/2456 HTTP/1.1" 200 77 "/category/software" "Mozilla/5.0 (Macintosh; Intel Mac OS X 10.6; rv:9.0.1) Gecko/20100101 Firefox/9.0.1"
124.222.42.225 - - [17/Nov/2017:01:19:15 +0000] "GET /category/electronics HTTP/1.1" 200 75 "/item/garden/957" "Mozilla/5.0 (Windows NT 6.1; WOW64) AppleWebKit/535.11 (KHTML, like Gecko) Chrome/17.0.963.56 Safari/535.11"
56.162.217.61 - - [17/Nov/2017:01:19:20 +0000] "GET /category/office HTTP/1.1" 200 126 "-" "Mozilla/5.0 (Macintosh; Intel Mac OS X 10.6; rv:9.0.1) Gecko/20100101 Firefox/9.0.1"
200.69.111.217 - - [17/Nov/2017:01:19:25 +0000] "GET /category/computers?from=0 HTTP/1.1" 200 40 "/category/computers" "Mozilla/5.0 (Windows NT 6.1; WOW64) AppleWebKit/535.11 (KHTML, like Gecko) Chrome/17.0.963.56 Safari/535.11"
84.219.194.27 - - [17/Nov/2017:01:19:30 +0000] "GET /category/software HTTP/1.1" 500 125 "-" "Mozilla/5.0 (Windows NT 6.1; WOW64; rv:10.0.1) Gecko/20100101 Firefox/10.0.1"
60.213.58.52 - - [17/Nov/2017:01:19:35 +0000] "POST /search/?c=Music HTTP/1.1" 200 44 "/category/jewelry" "Mozilla/5.0 (compatible; MSIE 9.0; Windows NT 6.1; Trident/5.0)"
136.165.204.44 - - [17/Nov/2017:01:19:40 +0000] "GET /category/software HTTP/1.1" 200 109 "/category/cameras" "Mozilla/5.0 (Windows NT 6.1; WOW64; rv:10.0.1) Gecko/20100101 Firefox/10.0.1"
88.216.133.209 - - [17/Nov/2017:01:19:45 +0000] "GET /item/electronics/953 HTTP/1.1" 200 59 "/search/?c=Electronics+Giftcards" "Mozilla/5.0 (Windows NT 5.1) AppleWebKit/535.11 (KHTML, like Gecko) Chrome/17.0.963.46 Safari/535.11"
188.30.222.174 - - [17/Nov/2017:01:19:50 +0000] "GET /category/software HTTP/1.1" 200 43 "-" "Mozilla/5.0 (Windows NT 6.1; WOW64) AppleWebKit/535.11 (KHTML, like Gecko) Chrome/17.0.963.56 Safari/535.11"
196.165.36.208 - - [17/Nov/2017:01:19:55 +0000] "GET /category/electronics HTTP/1.1" 200 107 "/item/music/2928" "Mozilla/5.0 (Windows NT 6.1; WOW64) AppleWebKit/535.7 (KHTML, like Gecko) Chrome/16.0.912.77 Safari/535.7"
176.27.158.207 - - [17/Nov/2017:01:20:00 +0000] "POST /search/?c=Computers HTTP/1.1" 200 100 "-" "Mozilla/4.0 (compatible; MSIE 8.0; Windows NT 5.1; Trident/4.0; BTRS122159; GTB7.2; .NET CLR 1.1.4322; .NET CLR 2.0.50727; .NET CLR 3.0.04506.30; .NET CLR 3.0.4506.2152; .NET CLR 3.5.30729; BRI/2)"
160.168.34.130 - - [17/Nov/2017:01:20:05 +0000] "GET /category/software HTTP/1.1" 200 58 "-" "Mozilla/5.0 (iPad; CPU OS 5_0_1 like Mac OS X) AppleWebKit/534.46 (KHTML, like Gecko) Version/5.1 Mobile/9A405 Safari/7534.48.3"
136.177.181.50 - - [17/Nov/2017:01:20:10 +0000] "GET /item/health/1862 HTTP/1.1" 200 89 "-" "Mozilla/5.0 (compatible; MSIE 9.0; Windows NT 6.1; WOW64; Trident/5.0)"
112.144.23.168 - - [17/Nov/2017:01:20:15 +0000] "GET /category/electronics HTTP/1.1" 200 82 "/category/office" "Mozilla/5.0 (Windows NT 6.1; WOW64) AppleWebKit/535.11 (KHTML, like Gecko) Chrome/17.0.963.56 Safari/535.11"
148.126.188.205 - - [17/Nov/2017:01:20:20 +0000] "GET /item/electronics/450 HTTP/1.1" 200 123 "-" "Mozilla/5.0 (Windows NT 6.0; rv:10.0.1) Gecko/20100101 Firefox/10.0.1"
20.153.84.177 - - [17/Nov/2017:01:20:25 +0000] "GET /category/software?from=0 HTTP/1.1" 200 44 "/category/software" "Mozilla/5.0 (Windows NT 6.0) AppleWebKit/535.11 (KHTML, like Gecko) Chrome/17.0.963.56 Safari/535.11"
144.72.194.63 - - [17/Nov/2017:01:20:30 +0000] "GET /item/games/3032 HTTP/1.1" 200 115 "/category/software" "Mozilla/5.0 (Windows NT 6.1; WOW64) AppleWebKit/535.11 (KHTML, like Gecko) Chrome/17.0.963.56 Safari/535.11"
212.189.128.184 - - [17/Nov/2017:01:20:35 +0000] "GET /category/sports HTTP/1.1" 200 48 "-" "Mozilla/5.0 (Windows NT 6.1; WOW64) AppleWebKit/535.7 (KHTML, like Gecko) Chrome/16.0.912.77 Safari/535.7"
188.144.194.102 - - [17/Nov/2017:01:20:40 +0000] "GET /category/software HTTP/1.1" 200 73 "/category/jewelry" "Mozilla/5.0 (Macintosh; Intel Mac OS X 10.6; rv:9.0.1) Gecko/20100101 Firefox/9.0.1"
216.192.41.57 - - [17/Nov/2017:01:20:45 +0000] "GET /category/computers HTTP/1.1" 200 127 "-" "Mozilla/4.0 (compatible; MSIE 8.0; Windows NT 5.1; Trident/4.0; YTB720; GTB7.2; .NET CLR 1.1.4322; .NET CLR 2.0.50727; .NET CLR 3.0.4506.2152; .NET CLR 3.5.30729)"
220.99.157.29 - - [17/Nov/2017:01:20:50 +0000] "GET /item/electronics/3821 HTTP/1.1" 200 75 "/category/jewelry?from=20" "Mozilla/5.0 (iPad; CPU OS 5_0_1 like Mac OS X) AppleWebKit/534.46 (KHTML, like Gecko) Version/5.1 Mobile/9A405 Safari/7534.48.3"
100.42.49.57 - - [17/Nov/2017:01:20:55 +0000] "GET /category/computers HTTP/1.1" 200 131 "-" "Mozilla/4.0 (compatible; MSIE 8.0; Windows NT 6.1; WOW64; Trident/4.0; GTB7.2; SLCC2; .NET CLR 2.0.50727; .NET CLR 3.5.30729; .NET CLR 3.0.30729; Media Center PC 6.0; .NET4.0C)"
216.183.77.82 - - [17/Nov/2017:01:21:00 +0000] "GET /category/games HTTP/1.1" 200 49 "-" "Mozilla/5.0 (Windows NT 6.0; rv:10.0.1) Gecko/20100101 Firefox/10.0.1"
92.186.177.75 - - [17/Nov/2017:01:21:05 +0000] "GET /category/electronics HTTP/1.1" 200 49 "/item/games/918" "Mozilla/5.0 (Windows NT 6.1; WOW64) AppleWebKit/535.11 (KHTML, like Gecko) Chrome/17.0.963.56 Safari/535.11"
48.105.77.215 - - [17/Nov/2017:01:21:10 +0000] "GET /item/software/2 HTTP/1.1" 200 139 "/search/?c=Software" "Mozilla/5.0 (Windows NT 6.0; rv:10.0.1) Gecko/20100101 Firefox/10.0.1"
36.33.116.55 - - [17/Nov/2017:01:21:15 +0000] "GET /item/sports/3881 HTTP/1.1" 200 89 "-" "Mozilla/4.0 (compatible; MSIE 8.0; Windows NT 5.1; Trident/4.0; BTRS122159; GTB7.2; .NET CLR 1.1.4322; .NET CLR 2.0.50727; .NET CLR 3.0.04506.30; .NET CLR 3.0.4506.2152; .NET CLR 3.5.30729; BRI/2)"
176.228.179.33 - - [17/Nov/2017:01:21:20 +0000] "GET /category/electronics HTTP/1.1" 200 72 "-" "Mozilla/5.0 (compatible; Googlebot/2.1; +http://www.google.com/bot.html)"
172.204.128.196 - - [17/Nov/2017:01:21:25 +0000] "GET /category/electronics HTTP/1.1" 200 67 "/category/games" "Mozilla/5.0 (Windows NT 6.1; WOW64) AppleWebKit/535.7 (KHTML, like Gecko) Chrome/16.0.912.77 Safari/535.7"
24.138.192.196 - - [17/Nov/2017:01:21:30 +0000] "GET /item/computers/1158 HTTP/1.1" 200 122 "-" "Mozilla/5.0 (Macintosh; Intel Mac OS X 10.6; rv:9.0.1) Gecko/20100101 Firefox/9.0.1"
128.27.201.209 - - [17/Nov/2017:01:21:35 +0000] "GET /item/networking/4706 HTTP/1.1" 200 61 "/category/jewelry" "Mozilla/5.0 (Windows NT 6.0) AppleWebKit/535.11 (KHTML, like Gecko) Chrome/17.0.963.56 Safari/535.11"
140.72.172.206 - - [17/Nov/2017:01:21:40 +0000] "GET /item/electronics/1216 HTTP/1.1" 200 93 "/item/games/2779" "Mozilla/5.0 (compatible; MSIE 9.0; Windows NT 6.1; Trident/5.0)"
32.78.86.157 - - [17/Nov/2017:01:21:45 +0000] "GET /category/music HTTP/1.1" 200 46 "/category/office" "Mozilla/4.0 (compatible; MSIE 8.0; Windows NT 6.1; WOW64; Trident/4.0; YTB730; GTB7.2; SLCC2; .NET CLR 2.0.50727; .NET CLR 3.5.30729; .NET CLR 3.0.30729; .NET4.0C; .NET4.0E; Media Center PC 6.0)"
32.126.192.64 - - [17/Nov/2017:01:21:50 +0000] "GET /category/computers?from=0 HTTP/1.1" 200 40 "-" "Mozilla/5.0 (Macintosh; Intel Mac OS X 10.6; rv:9.0.1) Gecko/20100101 Firefox/9.0.1"
20.63.78.107 - - [17/Nov/2017:01:21:55 +0000] "GET /category/electronics?from=20 HTTP/1.1" 200 88 "-" "Mozilla/5.0 (Windows NT 6.0; rv:10.0.1) Gecko/20100101 Firefox/10.0.1"
172.171.155.192 - - [17/Nov/2017:01:22:00 +0000] "GET /category/music HTTP/1.1" 200 51 "/category/jewelry" "Mozilla/5.0 (iPhone; CPU iPhone OS 5_0_1 like Mac OS X) AppleWebKit/534.46 (KHTML, like Gecko) Version/5.1 Mobile/9A405 Safari/7534.48.3"
136.165.204.44 - - [17/Nov/2017:01:22:05 +0000] "GET /category/books HTTP/1.1" 200 136 "/category/sports" "Mozilla/5.0 (Windows NT 6.0; rv:10.0.1) Gecko/20100101 Firefox/10.0.1"
188.129.194.215 - - [17/Nov/2017:01:22:10 +0000] "GET /category/software HTTP/1.1" 200 137 "/category/computers?from=0" "Mozilla/5.0 (Windows NT 6.1; WOW64) AppleWebKit/535.7 (KHTML, like Gecko) Chrome/16.0.912.77 Safari/535.7"
224.27.173.79 - - [17/Nov/2017:01:22:15 +0000] "GET /item/electronics/2868 HTTP/1.1" 200 41 "-" "Mozilla/5.0 (compatible; MSIE 9.0; Windows NT 6.1; Trident/5.0)"
40.54.165.166 - - [17/Nov/2017:01:22:20 +0000] "GET /category/games HTTP/1.1" 200 59 "-" "Mozilla/5.0 (Windows NT 6.0; rv:10.0.1) Gecko/20100101 Firefox/10.0.1"
96.90.32.31 - - [17/Nov/2017:01:22:25 +0000] "GET /category/electronics HTTP/1.1" 200 138 "/item/health/3590" "Mozilla/5.0 (Windows NT 6.0; rv:10.0.1) Gecko/20100101 Firefox/10.0.1"
60.51.108.129 - - [17/Nov/2017:01:22:30 +0000] "GET /category/games HTTP/1.1" 200 99 "/category/games" "Mozilla/4.0 (compatible; MSIE 8.0; Windows NT 5.1; Trident/4.0; YTB720; GTB7.2; .NET CLR 1.1.4322; .NET CLR 2.0.50727; .NET CLR 3.0.4506.2152; .NET CLR 3.5.30729)"
192.228.50.109 - - [17/Nov/2017:01:22:35 +0000] "GET /item/electronics/1678 HTTP/1.1" 200 108 "-" "Mozilla/5.0 (Windows NT 6.0; rv:10.0.1) Gecko/20100101 Firefox/10.0.1"
164.45.62.175 - - [17/Nov/2017:01:22:40 +0000] "GET /category/electronics HTTP/1.1" 200 78 "/category/books" "Mozilla/5.0 (Windows NT 6.0) AppleWebKit/535.11 (KHTML, like Gecko) Chrome/17.0.963.56 Safari/535.11"
80.21.83.68 - - [17/Nov/2017:01:22:45 +0000] "GET /category/electronics HTTP/1.1" 200 128 "-" "Mozilla/5.0 (Macintosh; Intel Mac OS X 10.6; rv:9.0.1) Gecko/20100101 Firefox/9.0.1"
88.57.117.104 - - [17/Nov/2017:01:22:50 +0000] "GET /category/electronics?from=20 HTTP/1.1" 200 124 "/category/electronics" "Mozilla/5.0 (compatible; Googlebot/2.1; +http://www.google.com/bot.html)"
156.198.60.199 - - [17/Nov/2017:01:22:55 +0000] "GET /category/office HTTP/1.1" 200 46 "/category/networking" "Mozilla/5.0 (compatible; MSIE 9.0; Windows NT 6.1; Trident/5.0)"
44.198.209.156 - - [17/Nov/2017:01:23:00 +0000] "POST /search/?c=Toys+Toys HTTP/1.1" 200 102 "-" "Mozilla/5.0 (Windows NT 6.1; WOW64) AppleWebKit/535.11 (KHTML, like Gecko) Chrome/17.0.963.56 Safari/535.11"
28.111.188.194 - - [17/Nov/2017:01:23:05 +0000] "GET /item/software/517 HTTP/1.1" 200 123 "/search/?c=Software" "Mozilla/4.0 (compatible; MSIE 8.0; Windows NT 6.1; WOW64; Trident/4.0; GTB7.2; SLCC2; .NET CLR 2.0.50727; .NET CLR 3.5.30729; .NET CLR 3.0.30729; Media Center PC 6.0; .NET4.0C)"
160.45.81.35 - - [17/Nov/2017:01:23:10 +0000] "GET /category/software HTTP/1.1" 200 106 "-" "Mozilla/5.0 (Windows NT 6.0) AppleWebKit/535.11 (KHTML, like Gecko) Chrome/17.0.963.56 Safari/535.11"
92.99.34.90 - - [17/Nov/2017:01:23:15 +0000] "GET /item/books/3101 HTTP/1.1" 200 61 "/category/software" "Mozilla/5.0 (iPhone; CPU iPhone OS 5_0_1 like Mac OS X) AppleWebKit/534.46 (KHTML, like Gecko) Version/5.1 Mobile/9A405 Safari/7534.48.3"
60.81.133.199 - - [17/Nov/2017:01:23:20 +0000] "GET /category/software HTTP/1.1" 200 103 "-" "Mozilla/5.0 (Windows NT 6.0) AppleWebKit/535.11 (KHTML, like Gecko) Chrome/17.0.963.56 Safari/535.11"
188.96.82.146 - - [17/Nov/2017:01:23:25 +0000] "GET /item/electronics/2805 HTTP/1.1" 200 55 "-" "Mozilla/5.0 (Windows NT 6.1; WOW64) AppleWebKit/535.11 (KHTML, like Gecko) Chrome/17.0.963.56 Safari/535.11"
172.54.104.144 - - [17/Nov/2017:01:23:30 +0000] "GET /category/software?from=0 HTTP/1.1" 200 66 "-" "Mozilla/4.0 (compatible; MSIE 8.0; Windows NT 5.1; Trident/4.0; BTRS122159; GTB7.2; .NET CLR 1.1.4322; .NET CLR 2.0.50727; .NET CLR 3.0.04506.30; .NET CLR 3.0.4506.2152; .NET CLR 3.5.30729; BRI/2)"
124.201.55.168 - - [17/Nov/2017:01:23:35 +0000] "GET /category/health HTTP/1.1" 200 59 "/search/?c=Books" "Mozilla/5.0 (Windows NT 6.0; rv:10.0.1) Gecko/20100101 Firefox/10.0.1"
192.102.189.187 - - [17/Nov/2017:01:23:40 +0000] "GET /item/software/530 HTTP/1.1" 200 126 "/category/software" "Mozilla/5.0 (Windows NT 6.0) AppleWebKit/535.11 (KHTML, like Gecko) Chrome/17.0.963.56 Safari/535.11"
148.180.67.120 - - [17/Nov/2017:01:23:45 +0000] "POST /search/?c=Electronics+Sports HTTP/1.1" 200 139 "-" "Mozilla/5.0 (compatible; MSIE 9.0; Windows NT 6.1; WOW64; Trident/5.0)"
152.150.118.201 - - [17/Nov/2017:01:23:50 +0000] "GET /item/cameras/1442 HTTP/1.1" 200 56 "/category/electronics" "Mozilla/4.0 (compatible; MSIE 8.0; Windows NT 6.1; WOW64; Trident/4.0; GTB7.2; SLCC2; .NET CLR 2.0.50727; .NET CLR 3.5.30729; .NET CLR 3.0.30729; Media Center PC 6.0; .NET4.0C)"
168.183.144.126 - - [17/Nov/2017:01:23:55 +0000] "GET /item/software/1046 HTTP/1.1" 200 90 "/category/games" "Mozilla/5.0 (Windows NT 6.1; WOW64) AppleWebKit/535.7 (KHTML, like Gecko) Chrome/16.0.912.77 Safari/535.7"
156.93.179.59 - - [17/Nov/2017:01:24:00 +0000] "GET /category/office HTTP/1.1" 200 86 "/item/electronics/1089" "Mozilla/5.0 (Windows NT 6.1; WOW64; rv:10.0.1) Gecko/20100101 Firefox/10.0.1"
176.141.46.22 - - [17/Nov/2017:01:24:05 +0000] "GET /category/office HTTP/1.1" 200 74 "/search/?c=Games+Electronics" "Mozilla/4.0 (compatible; MSIE 8.0; Windows NT 6.0; WOW64; Trident/4.0; GTB6; SLCC1; .NET CLR 2.0.50727; Media Center PC 5.0; .NET CLR 3.5.30729; .NET CLR 3.0.30618; .NET4.0C)"
92.36.35.38 - - [17/Nov/2017:01:24:10 +0000] "GET /item/computers/1693 HTTP/1.1" 200 110 "/search/?c=Office" "Mozilla/4.0 (compatible; MSIE 8.0; Windows NT 6.1; WOW64; Trident/4.0; GTB7.2; SLCC2; .NET CLR 2.0.50727; .NET CLR 3.5.30729; .NET CLR 3.0.30729; Media Center PC 6.0; .NET4.0C)"
60.30.37.117 - - [17/Nov/2017:01:24:15 +0000] "GET /item/books/757 HTTP/1.1" 200 90 "/search/?c=Books" "Mozilla/5.0 (compatible; MSIE 9.0; Windows NT 6.1; WOW64; Trident/5.0)"
216.123.84.162 - - [17/Nov/2017:01:24:20 +0000] "GET /category/office HTTP/1.1" 200 120 "-" "Mozilla/5.0 (compatible; MSIE 9.0; Windows NT 6.1; Trident/5.0)"
224.57.160.208 - - [17/Nov/2017:01:24:25 +0000] "GET /category/software HTTP/1.1" 200 106 "-" "Mozilla/5.0 (Windows NT 6.0) AppleWebKit/535.11 (KHTML, like Gecko) Chrome/17.0.963.56 Safari/535.11"
204.156.85.164 - - [17/Nov/2017:01:24:30 +0000] "GET /item/networking/3979 HTTP/1.1" 200 66 "-" "Mozilla/5.0 (Windows NT 6.1; WOW64) AppleWebKit/535.11 (KHTML, like Gecko) Chrome/17.0.963.56 Safari/535.11"
44.132.127.218 - - [17/Nov/2017:01:24:35 +0000] "GET /category/games?from=0 HTTP/1.1" 200 124 "/category/games" "Mozilla/5.0 (iPad; CPU OS 5_0_1 like Mac OS X) AppleWebKit/534.46 (KHTML, like Gecko) Version/5.1 Mobile/9A405 Safari/7534.48.3"
220.225.191.68 - - [17/Nov/2017:01:24:40 +0000] "GET /item/electronics/1309 HTTP/1.1" 200 133 "/item/software/2343" "Mozilla/5.0 (compatible; MSIE 9.0; Windows NT 6.1; WOW64; Trident/5.0)"
128.72.102.177 - - [17/Nov/2017:01:24:45 +0000] "GET /category/music HTTP/1.1" 200 55 "/item/games/4108" "Mozilla/5.0 (compatible; MSIE 9.0; Windows NT 6.1; Trident/5.0)"
68.36.207.172 - - [17/Nov/2017:01:24:50 +0000] "GET /category/electronics HTTP/1.1" 200 112 "/category/games" "Mozilla/5.0 (iPhone; CPU iPhone OS 5_0_1 like Mac OS X) AppleWebKit/534.46 (KHTML, like Gecko) Version/5.1 Mobile/9A405 Safari/7534.48.3"
152.45.113.47 - - [17/Nov/2017:01:24:55 +0000] "GET /item/electronics/3983 HTTP/1.1" 200 47 "/item/books/1785" "Mozilla/5.0 (Macintosh; Intel Mac OS X 10.6; rv:9.0.1) Gecko/20100101 Firefox/9.0.1"
116.123.101.195 - - [17/Nov/2017:01:25:00 +0000] "GET /category/office HTTP/1.1" 200 128 "-" "Mozilla/5.0 (compatible; MSIE 9.0; Windows NT 6.1; WOW64; Trident/5.0)"
88.120.125.141 - - [17/Nov/2017:01:25:05 +0000] "GET /item/electronics/1089 HTTP/1.1" 200 54 "http://www.google.com/search?ie=UTF-8&q=google&sclient=psy-ab&q=Electronics+Networking&oq=Electronics+Networking&aq=f&aqi=g-vL1&aql=&pbx=1&bav=on.2,or.r_gc.r_pw.r_qf.,cf.osb&biw=608&bih=198" "Mozilla/5.0 (compatible; MSIE 9.0; Windows NT 6.1; WOW64; Trident/5.0)"
140.108.166.217 - - [17/Nov/2017:01:25:10 +0000] "GET /item/software/2190 HTTP/1.1" 200 70 "/category/cameras" "Mozilla/4.0 (compatible; MSIE 8.0; Windows NT 6.0; WOW64; Trident/4.0; GTB6; SLCC1; .NET CLR 2.0.50727; Media Center PC 5.0; .NET CLR 3.5.30729; .NET CLR 3.0.30618; .NET4.0C)"
164.63.57.53 - - [17/Nov/2017:01:25:15 +0000] "GET /category/software HTTP/1.1" 200 98 "-" "Mozilla/5.0 (Windows NT 6.1; WOW64) AppleWebKit/535.7 (KHTML, like Gecko) Chrome/16.0.912.77 Safari/535.7"
108.159.46.114 - - [17/Nov/2017:01:25:20 +0000] "GET /item/software/875 HTTP/1.1" 200 132 "/item/software/3523" "Mozilla/5.0 (Windows NT 5.1) AppleWebKit/535.11 (KHTML, like Gecko) Chrome/17.0.963.46 Safari/535.11"
184.162.181.93 - - [17/Nov/2017:01:25:25 +0000] "GET /item/electronics/663 HTTP/1.1" 404 78 "-" "Mozilla/5.0 (compatible; MSIE 9.0; Windows NT 6.1; WOW64; Trident/5.0)"
52.27.56.220 - - [17/Nov/2017:01:25:30 +0000] "GET /item/music/2048 HTTP/1.1" 200 56 "/item/computers/1272" "Mozilla/5.0 (Windows NT 6.0) AppleWebKit/535.11 (KHTML, like Gecko) Chrome/17.0.963.56 Safari/535.11"
64.24.130.157 - - [17/Nov/2017:01:25:35 +0000] "GET /category/finance?from=20 HTTP/1.1" 200 122 "/search/?c=Software+Games" "Mozilla/5.0 (compatible; MSIE 9.0; Windows NT 6.1; Trident/5.0)"
20.168.121.199 - - [17/Nov/2017:01:25:40 +0000] "GET /category/software HTTP/1.1" 200 69 "-" "Mozilla/5.0 (Windows NT 6.0) AppleWebKit/535.11 (KHTML, like Gecko) Chrome/17.0.963.56 Safari/535.11"
88.123.35.97 - - [17/Nov/2017:01:25:45 +0000] "POST /search/?c=Garden+Office HTTP/1.1" 200 100 "-" "Mozilla/5.0 (compatible; MSIE 9.0; Windows NT 6.1; Trident/5.0)"
176.171.208.90 - - [17/Nov/2017:01:25:50 +0000] "GET /item/games/2746 HTTP/1.1" 200 135 "/search/?c=Games+Games" "Mozilla/5.0 (Windows NT 6.0; rv:10.0.1) Gecko/20100101 Firefox/10.0.1"
216.90.56.55 - - [17/Nov/2017:01:25:55 +0000] "GET /item/electronics/722 HTTP/1.1" 200 102 "/category/jewelry" "Mozilla/4.0 (compatible; MSIE 8.0; Windows NT 6.1; Trident/4.0; YTB730; SLCC2; .NET CLR 2.0.50727; .NET CLR 3.5.30729; .NET CLR 3.0.30729; Media Center PC 6.0; .NET4.0C)"
92.144.202.140 - - [17/Nov/2017:01:26:00 +0000] "GET /item/office/851 HTTP/1.1" 200 129 "-" "Mozilla/5.0 (Windows NT 6.1; WOW64) AppleWebKit/535.7 (KHTML, like Gecko) Chrome/16.0.912.77 Safari/535.7"
120.123.162.208 - - [17/Nov/2017:01:26:05 +0000] "POST /search/?c=Software+Software HTTP/1.1" 200 123 "-" "Mozilla/4.0 (compatible; MSIE 8.0; Windows NT 5.1; Trident/4.0; YTB720; GTB7.2; .NET CLR 1.1.4322; .NET CLR 2.0.50727; .NET CLR 3.0.4506.2152; .NET CLR 3.5.30729)"
220.123.112.58 - - [17/Nov/2017:01:26:10 +0000] "GET /item/software/1876 HTTP/1.1" 200 42 "-" "Mozilla/5.0 (iPhone; CPU iPhone OS 5_0_1 like Mac OS X) AppleWebKit/534.46 (KHTML, like Gecko) Version/5.1 Mobile/9A405 Safari/7534.48.3"
44.132.127.218 - - [17/Nov/2017:01:26:15 +0000] "POST /search/?c=Electronics+Garden HTTP/1.1" 200 104 "/category/games" "Mozilla/5.0 (compatible; MSIE 9.0; Windows NT 6.1; WOW64; Trident/5.0)"
76.177.95.159 - - [17/Nov/2017:01:26:20 +0000] "GET /category/finance HTTP/1.1" 200 68 "-" "Mozilla/5.0 (iPhone; CPU iPhone OS 5_0_1 like Mac OS X) AppleWebKit/534.46 (KHTML, like Gecko) Version/5.1 Mobile/9A405 Safari/7534.48.3"
208.150.93.221 - - [17/Nov/2017:01:26:25 +0000] "GET /category/office HTTP/1.1" 200 85 "/category/music" "Mozilla/5.0 (compatible; MSIE 9.0; Windows NT 6.1; WOW64; Trident/5.0)"
28.135.90.185 - - [17/Nov/2017:01:26:30 +0000] "GET /category/electronics HTTP/1.1" 200 115 "-" "Mozilla/4.0 (compatible; MSIE 8.0; Windows NT 6.1; Trident/4.0; YTB730; SLCC2; .NET CLR 2.0.50727; .NET CLR 3.5.30729; .NET CLR 3.0.30729; Media Center PC 6.0; .NET4.0C)"
44.198.64.135 - - [17/Nov/2017:01:26:35 +0000] "GET /item/office/84 HTTP/1.1" 200 137 "-" "Mozilla/4.0 (compatible; MSIE 8.0; Windows NT 6.1; WOW64; Trident/4.0; GTB7.2; SLCC2; .NET CLR 2.0.50727; .NET CLR 3.5.30729; .NET CLR 3.0.30729; Media Center PC 6.0; .NET4.0C)"
124.66.153.212 - - [17/Nov/2017:01:26:40 +0000] "GET /category/sports?from=0 HTTP/1.1" 200 81 "/category/sports" "Mozilla/5.0 (Windows NT 6.1; WOW64) AppleWebKit/535.11 (KHTML, like Gecko) Chrome/17.0.963.56 Safari/535.11"
140.78.40.160 - - [17/Nov/2017:01:26:45 +0000] "POST /search/?c=Games+Office HTTP/1.1" 200 72 "/item/computers/4448" "Mozilla/5.0 (Windows NT 6.1; WOW64) AppleWebKit/535.11 (KHTML, like Gecko) Chrome/17.0.963.56 Safari/535.11"
60.63.96.106 - - [17/Nov/2017:01:26:50 +0000] "GET /category/electronics?from=20 HTTP/1.1" 200 48 "/item/office/851" "Mozilla/4.0 (compatible; MSIE 8.0; Windows NT 6.1; Trident/4.0; YTB730; SLCC2; .NET CLR 2.0.50727; .NET CLR 3.5.30729; .NET CLR 3.0.30729; Media Center PC 6.0; .NET4.0C)"
200.186.57.64 - - [17/Nov/2017:01:26:55 +0000] "GET /category/jewelry HTTP/1.1" 200 40 "-" "Mozilla/5.0 (Windows NT 6.1; WOW64) AppleWebKit/535.7 (KHTML, like Gecko) Chrome/16.0.912.77 Safari/535.7"
156.123.139.120 - - [17/Nov/2017:01:27:00 +0000] "GET /category/garden?from=0 HTTP/1.1" 200 41 "/category/garden" "Mozilla/5.0 (Windows NT 6.0; rv:10.0.1) Gecko/20100101 Firefox/10.0.1"
68.192.196.217 - - [17/Nov/2017:01:27:05 +0000] "GET /category/garden HTTP/1.1" 200 138 "/item/electronics/1828" "Mozilla/5.0 (compatible; MSIE 9.0; Windows NT 6.1; Trident/5.0)"
112.60.183.55 - - [17/Nov/2017:01:27:10 +0000] "GET /item/garden/4383 HTTP/1.1" 200 95 "/category/electronics" "Mozilla/5.0 (Macintosh; Intel Mac OS X 10.6; rv:9.0.1) Gecko/20100101 Firefox/9.0.1"
104.207.115.95 - - [17/Nov/2017:01:27:15 +0000] "GET /item/electronics/4041 HTTP/1.1" 200 42 "/item/garden/231" "Mozilla/5.0 (compatible; MSIE 9.0; Windows NT 6.1; WOW64; Trident/5.0)"
56.51.48.185 - - [17/Nov/2017:01:27:20 +0000] "GET /category/jewelry HTTP/1.1" 200 86 "/category/games" "Mozilla/4.0 (compatible; MSIE 8.0; Windows NT 6.0; WOW64; Trident/4.0; GTB6; SLCC1; .NET CLR 2.0.50727; Media Center PC 5.0; .NET CLR 3.5.30729; .NET CLR 3.0.30618; .NET4.0C)"
76.177.95.159 - - [17/Nov/2017:01:27:25 +0000] "POST /search/?c=Giftcards+Games HTTP/1.1" 200 116 "/category/books" "Mozilla/5.0 (compatible; Googlebot/2.1; +http://www.google.com/bot.html)"
68.192.196.217 - - [17/Nov/2017:01:27:30 +0000] "GET /category/books HTTP/1.1" 200 117 "-" "Mozilla/5.0 (Windows NT 6.1; WOW64; rv:10.0.1) Gecko/20100101 Firefox/10.0.1"
56.120.188.55 - - [17/Nov/2017:01:27:35 +0000] "GET /category/sports HTTP/1.1" 200 59 "/category/electronics" "Mozilla/5.0 (iPad; CPU OS 5_0_1 like Mac OS X) AppleWebKit/534.46 (KHTML, like Gecko) Version/5.1 Mobile/9A405 Safari/7534.48.3"
208.207.38.30 - - [17/Nov/2017:01:27:40 +0000] "POST /search/?c=Books HTTP/1.1" 200 127 "-" "Mozilla/5.0 (Windows NT 6.0; rv:10.0.1) Gecko/20100101 Firefox/10.0.1"
116.60.150.29 - - [17/Nov/2017:01:27:45 +0000] "GET /category/computers HTTP/1.1" 200 139 "-" "Mozilla/4.0 (compatible; MSIE 8.0; Windows NT 5.1; Trident/4.0; YTB720; GTB7.2; .NET CLR 1.1.4322; .NET CLR 2.0.50727; .NET CLR 3.0.4506.2152; .NET CLR 3.5.30729)"
60.225.108.28 - - [17/Nov/2017:01:27:50 +0000] "GET /item/games/3868 HTTP/1.1" 200 98 "/category/electronics?from=0" "Mozilla/4.0 (compatible; MSIE 8.0; Windows NT 5.1; Trident/4.0; YTB720; GTB7.2; .NET CLR 1.1.4322; .NET CLR 2.0.50727; .NET CLR 3.0.4506.2152; .NET CLR 3.5.30729)"
32.189.72.176 - - [17/Nov/2017:01:27:55 +0000] "GET /item/electronics/4582 HTTP/1.1" 200 48 "-" "Mozilla/5.0 (compatible; MSIE 9.0; Windows NT 6.1; Trident/5.0)"
212.192.182.120 - - [17/Nov/2017:01:28:00 +0000] "GET /item/giftcards/4236 HTTP/1.1" 200 71 "/category/giftcards" "Mozilla/5.0 (compatible; Googlebot/2.1; +http://www.google.com/bot.html)"
80.96.105.54 - - [17/Nov/2017:01:28:05 +0000] "POST /search/?c=Health HTTP/1.1" 200 102 "-" "Mozilla/5.0 (compatible; MSIE 9.0; Windows NT 6.1; WOW64; Trident/5.0)"
52.153.118.131 - - [17/Nov/2017:01:28:10 +0000] "GET /category/software HTTP/1.1" 200 99 "-" "Mozilla/5.0 (compatible; MSIE 9.0; Windows NT 6.1; WOW64; Trident/5.0)"
36.33.116.55 - - [17/Nov/2017:01:28:15 +0000] "GET /category/computers?from=20 HTTP/1.1" 200 62 "/item/computers/3135" "Mozilla/4.0 (compatible; MSIE 8.0; Windows NT 6.1; WOW64; Trident/4.0; GTB7.2; SLCC2; .NET CLR 2.0.50727; .NET CLR 3.5.30729; .NET CLR 3.0.30729; Media Center PC 6.0; .NET4.0C)"
140.120.215.134 - - [17/Nov/2017:01:28:20 +0000] "GET /category/garden HTTP/1.1" 200 47 "-" "Mozilla/4.0 (compatible; MSIE 8.0; Windows NT 5.1; Trident/4.0; YTB720; GTB7.2; .NET CLR 1.1.4322; .NET CLR 2.0.50727; .NET CLR 3.0.4506.2152; .NET CLR 3.5.30729)"
176.39.156.216 - - [17/Nov/2017:01:28:25 +0000] "GET /category/garden HTTP/1.1" 200 117 "/category/software" "Mozilla/5.0 (Windows NT 6.1; WOW64; rv:10.0.1) Gecko/20100101 Firefox/10.0.1"
156.189.180.223 - - [17/Nov/2017:01:28:30 +0000] "GET /category/games?from=0 HTTP/1.1" 200 124 "/item/software/4520" "Mozilla/5.0 (Windows NT 6.0; rv:10.0.1) Gecko/20100101 Firefox/10.0.1"
48.183.212.212 - - [17/Nov/2017:01:28:35 +0000] "POST /search/?c=Software+Games HTTP/1.1" 200 97 "/item/electronics/3042" "Mozilla/4.0 (compatible; MSIE 8.0; Windows NT 6.0; WOW64; Trident/4.0; GTB6; SLCC1; .NET CLR 2.0.50727; Media Center PC 5.0; .NET CLR 3.5.30729; .NET CLR 3.0.30618; .NET4.0C)"
104.111.99.133 - - [17/Nov/2017:01:28:40 +0000] "GET /category/books HTTP/1.1" 200 84 "/category/health?from=10" "Mozilla/5.0 (compatible; Googlebot/2.1; +http://www.google.com/bot.html)"
64.126.80.139 - - [17/Nov/2017:01:28:45 +0000] "GET /item/electronics/379 HTTP/1.1" 200 114 "/search/?c=Electronics+Electronics" "Mozilla/5.0 (Windows NT 6.1; WOW64) AppleWebKit/535.11 (KHTML, like Gecko) Chrome/17.0.963.56 Safari/535.11"
40.126.128.141 - - [17/Nov/2017:01:28:50 +0000] "GET /category/books HTTP/1.1" 200 131 "-" "Mozilla/5.0 (Windows NT 6.1; WOW64) AppleWebKit/535.7 (KHTML, like Gecko) Chrome/16.0.912.77 Safari/535.7"
180.225.227.228 - - [17/Nov/2017:01:28:55 +0000] "GET /item/networking/4174 HTTP/1.1" 200 125 "/category/sports" "Mozilla/5.0 (Windows NT 6.1; WOW64; rv:10.0.1) Gecko/20100101 Firefox/10.0.1"
92.216.114.137 - - [17/Nov/2017:01:29:00 +0000] "GET /item/software/1017 HTTP/1.1" 200 109 "/category/software" "Mozilla/5.0 (compatible; MSIE 9.0; Windows NT 6.1; WOW64; Trident/5.0)"
88.87.28.220 - - [17/Nov/2017:01:29:05 +0000] "GET /item/games/1490 HTTP/1.1" 200 47 "/item/garden/4804" "Mozilla/5.0 (Windows NT 6.1; WOW64) AppleWebKit/535.7 (KHTML, like Gecko) Chrome/16.0.912.77 Safari/535.7"
184.54.99.170 - - [17/Nov/2017:01:29:10 +0000] "GET /item/electronics/1216 HTTP/1.1" 200 93 "-" "Mozilla/5.0 (Windows NT 6.1; WOW64) AppleWebKit/535.7 (KHTML, like Gecko) Chrome/16.0.912.77 Safari/535.7"
80.57.31.216 - - [17/Nov/2017:01:29:15 +0000] "GET /item/jewelry/2821 HTTP/1.1" 200 68 "/category/books" "Mozilla/5.0 (Windows NT 6.1; WOW64) AppleWebKit/535.11 (KHTML, like Gecko) Chrome/17.0.963.56 Safari/535.11"
144.225.225.182 - - [17/Nov/2017:01:29:20 +0000] "POST /search/?c=Toys+Games HTTP/1.1" 200 92 "-" "Mozilla/5.0 (Macintosh; Intel Mac OS X 10.6; rv:9.0.1) Gecko/20100101 Firefox/9.0.1"
224.195.180.118 - - [17/Nov/2017:01:29:25 +0000] "GET /category/electronics HTTP/1.1" 200 62 "/category/games" "Mozilla/5.0 (Windows NT 6.1; WOW64) AppleWebKit/535.11 (KHTML, like Gecko) Chrome/17.0.963.56 Safari/535.11"
224.66.34.113 - - [17/Nov/2017:01:29:30 +0000] "GET /category/software HTTP/1.1" 200 118 "-" "Mozilla/5.0 (compatible; MSIE 9.0; Windows NT 6.1; WOW64; Trident/5.0)"
104.195.68.101 - - [17/Nov/2017:01:29:35 +0000] "GET /category/games HTTP/1.1" 200 78 "/category/software" "Mozilla/5.0 (Windows NT 6.1; WOW64) AppleWebKit/535.11 (KHTML, like Gecko) Chrome/17.0.963.56 Safari/535.11"
196.57.135.222 - - [17/Nov/2017:01:29:40 +0000] "GET /category/books HTTP/1.1" 200 129 "-" "Mozilla/5.0 (Windows NT 6.1; WOW64) AppleWebKit/535.11 (KHTML, like Gecko) Chrome/17.0.963.56 Safari/535.11"
116.132.223.92 - - [17/Nov/2017:01:29:45 +0000] "GET /category/computers HTTP/1.1" 200 131 "-" "Mozilla/5.0 (Windows NT 6.0; rv:10.0.1) Gecko/20100101 Firefox/10.0.1"
124.66.153.212 - - [17/Nov/2017:01:29:50 +0000] "GET /item/books/2829 HTTP/1.1" 200 80 "-" "Mozilla/5.0 (compatible; MSIE 9.0; Windows NT 6.1; Trident/5.0)"
216.192.41.57 - - [17/Nov/2017:01:29:55 +0000] "GET /category/office HTTP/1.1" 200 100 "/category/electronics" "Mozilla/5.0 (Windows NT 6.1; WOW64; rv:10.0.1) Gecko/20100101 Firefox/10.0.1"
76.183.228.91 - - [17/Nov/2017:01:30:00 +0000] "GET /category/networking HTTP/1.1" 200 46 "-" "Mozilla/5.0 (compatible; Googlebot/2.1; +http://www.google.com/bot.html)"
92.99.104.37 - - [17/Nov/2017:01:30:05 +0000] "GET /category/software HTTP/1.1" 200 113 "-" "Mozilla/5.0 (Windows NT 6.1; WOW64; rv:10.0.1) Gecko/20100101 Firefox/10.0.1"
224.183.83.85 - - [17/Nov/2017:01:30:10 +0000] "GET /item/garden/1634 HTTP/1.1" 200 43 "-" "Mozilla/5.0 (compatible; MSIE 9.0; Windows NT 6.1; Trident/5.0)"
24.138.192.196 - - [17/Nov/2017:01:30:15 +0000] "GET /item/books/3101 HTTP/1.1" 200 61 "/search/?c=Books" "Mozilla/5.0 (iPhone; CPU iPhone OS 5_0_1 like Mac OS X) AppleWebKit/534.46 (KHTML, like Gecko) Version/5.1 Mobile/9A405 Safari/7534.48.3"
80.81.66.77 - - [17/Nov/2017:01:30:20 +0000] "GET /category/garden HTTP/1.1" 200 117 "-" "Mozilla/4.0 (compatible; MSIE 8.0; Windows NT 6.1; WOW64; Trident/4.0; YTB730; GTB7.2; EasyBits GO v1.0; SLCC2; .NET CLR 2.0.50727; .NET CLR 3.5.30729; .NET CLR 3.0.30729; Media Center PC 6.0; .NET4.0C)"
124.135.65.135 - - [17/Nov/2017:01:30:25 +0000] "GET /item/garden/4804 HTTP/1.1" 200 82 "/item/software/2103" "Mozilla/4.0 (compatible; MSIE 8.0; Windows NT 5.1; Trident/4.0; YTB720; GTB7.2; .NET CLR 1.1.4322; .NET CLR 2.0.50727; .NET CLR 3.0.4506.2152; .NET CLR 3.5.30729)"
60.33.34.174 - - [17/Nov/2017:01:30:30 +0000] "GET /category/office HTTP/1.1" 200 60 "-" "Mozilla/5.0 (iPad; CPU OS 5_0_1 like Mac OS X) AppleWebKit/534.46 (KHTML, like Gecko) Version/5.1 Mobile/9A405 Safari/7534.48.3"
196.207.160.124 - - [17/Nov/2017:01:30:35 +0000] "GET /category/software HTTP/1.1" 200 40 "/category/jewelry" "Mozilla/5.0 (Windows NT 6.1; WOW64) AppleWebKit/535.11 (KHTML, like Gecko) Chrome/17.0.963.56 Safari/535.11"
68.33.56.24 - - [17/Nov/2017:01:30:40 +0000] "GET /category/office HTTP/1.1" 200 42 "/category/electronics" "Mozilla/5.0 (iPad; CPU OS 5_0_1 like Mac OS X) AppleWebKit/534.46 (KHTML, like Gecko) Version/5.1 Mobile/9A405 Safari/7534.48.3"
36.51.149.50 - - [17/Nov/2017:01:30:45 +0000] "GET /category/software HTTP/1.1" 200 116 "/item/electronics/2426" "Mozilla/5.0 (Macintosh; Intel Mac OS X 10.6; rv:9.0.1) Gecko/20100101 Firefox/9.0.1"
84.219.194.27 - - [17/Nov/2017:01:30:50 +0000] "POST /search/?c=Giftcards+Music HTTP/1.1" 200 118 "-" "Mozilla/4.0 (compatible; MSIE 8.0; Windows NT 6.1; WOW64; Trident/4.0; YTB730; GTB7.2; SLCC2; .NET CLR 2.0.50727; .NET CLR 3.5.30729; .NET CLR 3.0.30729; .NET4.0C; .NET4.0E; Media Center PC 6.0)"
128.54.131.218 - - [17/Nov/2017:01:30:55 +0000] "POST /search/?c=Software+Games HTTP/1.1" 200 97 "-" "Mozilla/5.0 (Windows NT 6.1; WOW64) AppleWebKit/535.11 (KHTML, like Gecko) Chrome/17.0.963.56 Safari/535.11"
96.69.168.141 - - [17/Nov/2017:01:31:00 +0000] "GET /category/software?from=10 HTTP/1.1" 200 95 "/search/?c=Giftcards" "Mozilla/5.0 (compatible; MSIE 9.0; Windows NT 6.1; WOW64; Trident/5.0)"
220.102.98.97 - - [17/Nov/2017:01:31:05 +0000] "GET /item/garden/1912 HTTP/1.1" 200 84 "/category/books" "Mozilla/5.0 (compatible; MSIE 9.0; Windows NT 6.1; Trident/5.0)"
200.144.113.93 - - [17/Nov/2017:01:31:10 +0000] "GET /category/finance HTTP/1.1" 200 71 "-" "Mozilla/5.0 (Windows NT 6.0; rv:10.0.1) Gecko/20100101 Firefox/10.0.1"
204.99.132.70 - - [17/Nov/2017:01:31:15 +0000] "GET /item/toys/3509 HTTP/1.1" 200 89 "/search/?c=Toys" "Mozilla/5.0 (Windows NT 6.1; WOW64) AppleWebKit/535.11 (KHTML, like Gecko) Chrome/17.0.963.56 Safari/535.11"
216.156.23.194 - - [17/Nov/2017:01:31:20 +0000] "GET /item/software/4520 HTTP/1.1" 200 75 "/search/?c=Software+Games" "Mozilla/4.0 (compatible; MSIE 8.0; Windows NT 5.1; Trident/4.0; BTRS122159; GTB7.2; .NET CLR 1.1.4322; .NET CLR 2.0.50727; .NET CLR 3.0.04506.30; .NET CLR 3.0.4506.2152; .NET CLR 3.5.30729; BRI/2)"
212.228.110.108 - - [17/Nov/2017:01:31:25 +0000] "GET /category/toys HTTP/1.1" 200 125 "-" "Mozilla/5.0 (iPad; CPU OS 5_0_1 like Mac OS X) AppleWebKit/534.46 (KHTML, like Gecko) Version/5.1 Mobile/9A405 Safari/7534.48.3"
204.60.81.51 - - [17/Nov/2017:01:31:30 +0000] "GET /item/books/3877 HTTP/1.1" 200 47 "/category/computers" "Mozilla/5.0 (Windows NT 6.0; rv:10.0.1) Gecko/20100101 Firefox/10.0.1"
52.57.147.82 - - [17/Nov/2017:01:31:35 +0000] "GET /category/office HTTP/1.1" 200 96 "/search/?c=Games+Software" "Mozilla/5.0 (Macintosh; Intel Mac OS X 10.6; rv:9.0.1) Gecko/20100101 Firefox/9.0.1"
56.189.95.197 - - [17/Nov/2017:01:31:40 +0000] "GET /category/office HTTP/1.1" 200 117 "/search/?c=Office+Computers" "Mozilla/5.0 (compatible; Googlebot/2.1; +http://www.google.com/bot.html)"
104.72.204.155 - - [17/Nov/2017:01:31:45 +0000] "GET /item/electronics/3393 HTTP/1.1" 404 59 "/search/?c=Electronics+Office" "Mozilla/5.0 (Windows NT 6.0; rv:10.0.1) Gecko/20100101 Firefox/10.0.1"
108.60.40.114 - - [17/Nov/2017:01:31:50 +0000] "GET /item/games/4709 HTTP/1.1" 200 43 "-" "Mozilla/4.0 (compatible; MSIE 8.0; Windows NT 6.1; WOW64; Trident/4.0; YTB730; GTB7.2; EasyBits GO v1.0; SLCC2; .NET CLR 2.0.50727; .NET CLR 3.5.30729; .NET CLR 3.0.30729; Media Center PC 6.0; .NET4.0C)"
64.30.21.149 - - [17/Nov/2017:01:31:55 +0000] "GET /category/jewelry HTTP/1.1" 200 76 "/category/games?from=20" "Mozilla/5.0 (Windows NT 6.1; WOW64) AppleWebKit/535.11 (KHTML, like Gecko) Chrome/17.0.963.56 Safari/535.11"
192.228.189.65 - - [17/Nov/2017:01:32:00 +0000] "GET /category/books HTTP/1.1" 200 126 "/category/jewelry" "Mozilla/4.0 (compatible; MSIE 8.0; Windows NT 6.1; WOW64; Trident/4.0; YTB730; GTB7.2; SLCC2; .NET CLR 2.0.50727; .NET CLR 3.5.30729; .NET CLR 3.0.30729; .NET4.0C; .NET4.0E; Media Center PC 6.0)"
176.45.198.120 - - [17/Nov/2017:01:32:05 +0000] "GET /category/games HTTP/1.1" 200 100 "/item/software/1876" "Mozilla/5.0 (Windows NT 6.1; WOW64) AppleWebKit/535.11 (KHTML, like Gecko) Chrome/17.0.963.56 Safari/535.11"
172.171.155.192 - - [17/Nov/2017:01:32:10 +0000] "GET /category/sports HTTP/1.1" 200 118 "-" "Mozilla/5.0 (compatible; MSIE 9.0; Windows NT 6.1; Trident/5.0)"
44.132.127.218 - - [17/Nov/2017:01:32:15 +0000] "GET /item/office/84 HTTP/1.1" 200 137 "-" "Mozilla/5.0 (iPad; CPU OS 5_0_1 like Mac OS X) AppleWebKit/534.46 (KHTML, like Gecko) Version/5.1 Mobile/9A405 Safari/7534.48.3"
184.99.31.112 - - [17/Nov/2017:01:32:20 +0000] "GET /category/books HTTP/1.1" 200 136 "/category/software" "Mozilla/5.0 (Macintosh; Intel Mac OS X 10.6; rv:9.0.1) Gecko/20100101 Firefox/9.0.1"
184.57.118.95 - - [17/Nov/2017:01:32:25 +0000] "GET /item/giftcards/4757 HTTP/1.1" 200 102 "/category/office" "Mozilla/4.0 (compatible; MSIE 8.0; Windows NT 6.1; WOW64; Trident/4.0; YTB730; GTB7.2; EasyBits GO v1.0; SLCC2; .NET CLR 2.0.50727; .NET CLR 3.5.30729; .NET CLR 3.0.30729; Media Center PC 6.0; .NET4.0C)"
216.192.151.63 - - [17/Nov/2017:01:32:30 +0000] "GET /category/games HTTP/1.1" 200 114 "-" "Mozilla/5.0 (Windows NT 6.0) AppleWebKit/535.11 (KHTML, like Gecko) Chrome/17.0.963.56 Safari/535.11"
200.195.153.115 - - [17/Nov/2017:01:32:35 +0000] "GET /item/electronics/3972 HTTP/1.1" 200 114 "/category/electronics" "Mozilla/5.0 (iPhone; CPU iPhone OS 5_0_1 like Mac OS X) AppleWebKit/534.46 (KHTML, like Gecko) Version/5.1 Mobile/9A405 Safari/7534.48.3"
220.126.137.81 - - [17/Nov/2017:01:32:40 +0000] "GET /item/electronics/4041 HTTP/1.1" 200 42 "-" "Mozilla/5.0 (Macintosh; Intel Mac OS X 10.6; rv:9.0.1) Gecko/20100101 Firefox/9.0.1"
192.108.192.88 - - [17/Nov/2017:01:32:45 +0000] "POST /search/?c=Electronics+Software HTTP/1.1" 200 67 "-" "Mozilla/4.0 (compatible; MSIE 8.0; Windows NT 5.1; Trident/4.0; BTRS122159; GTB7.2; .NET CLR 1.1.4322; .NET CLR 2.0.50727; .NET CLR 3.0.04506.30; .NET CLR 3.0.4506.2152; .NET CLR 3.5.30729; BRI/2)"
168.210.175.118 - - [17/Nov/2017:01:32:50 +0000] "GET /item/office/512 HTTP/1.1" 200 41 "/item/health/3590" "Mozilla/5.0 (compatible; Googlebot/2.1; +http://www.google.com/bot.html)"
216.81.116.200 - - [17/Nov/2017:01:32:55 +0000] "POST /search/?c=Health HTTP/1.1" 200 60 "/category/games" "Mozilla/5.0 (Windows NT 6.1; WOW64) AppleWebKit/535.7 (KHTML, like Gecko) Chrome/16.0.912.77 Safari/535.7"
140.159.183.92 - - [17/Nov/2017:01:33:00 +0000] "GET /item/toys/3743 HTTP/1.1" 200 46 "-" "Mozilla/4.0 (compatible; MSIE 8.0; Windows NT 6.1; WOW64; Trident/4.0; YTB730; GTB7.2; EasyBits GO v1.0; SLCC2; .NET CLR 2.0.50727; .NET CLR 3.5.30729; .NET CLR 3.0.30729; Media Center PC 6.0; .NET4.0C)"
212.174.139.73 - - [17/Nov/2017:01:33:05 +0000] "GET /item/finance/3568 HTTP/1.1" 200 126 "/category/jewelry?from=10" "Mozilla/5.0 (compatible; MSIE 9.0; Windows NT 6.1; Trident/5.0)"
188.24.181.91 - - [17/Nov/2017:01:33:10 +0000] "GET /category/sports HTTP/1.1" 200 49 "/category/cameras" "Mozilla/5.0 (compatible; Googlebot/2.1; +http://www.google.com/bot.html)"
184.45.158.136 - - [17/Nov/2017:01:33:15 +0000] "GET /category/jewelry HTTP/1.1" 200 60 "-" "Mozilla/4.0 (compatible; MSIE 8.0; Windows NT 6.1; WOW64; Trident/4.0; YTB730; GTB7.2; EasyBits GO v1.0; SLCC2; .NET CLR 2.0.50727; .NET CLR 3.5.30729; .NET CLR 3.0.30729; Media Center PC 6.0; .NET4.0C)"
132.120.123.35 - - [17/Nov/2017:01:33:20 +0000] "GET /category/office HTTP/1.1" 200 117 "/category/books?from=10" "Mozilla/4.0 (compatible; MSIE 8.0; Windows NT 5.1; Trident/4.0; BTRS122159; GTB7.2; .NET CLR 1.1.4322; .NET CLR 2.0.50727; .NET CLR 3.0.04506.30; .NET CLR 3.0.4506.2152; .NET CLR 3.5.30729; BRI/2)"
180.201.91.218 - - [17/Nov/2017:01:33:25 +0000] "GET /item/electronics/3271 HTTP/1.1" 200 138 "/item/books/3487" "Mozilla/5.0 (Windows NT 6.1; WOW64) AppleWebKit/535.11 (KHTML, like Gecko) Chrome/17.0.963.56 Safari/535.11"
196.168.130.146 - - [17/Nov/2017:01:33:30 +0000] "GET /item/computers/1693 HTTP/1.1" 200 110 "/item/sports/1884" "Mozilla/5.0 (Windows NT 6.0; rv:10.0.1) Gecko/20100101 Firefox/10.0.1"
60.147.125.150 - - [17/Nov/2017:01:33:35 +0000] "GET /item/electronics/450 HTTP/1.1" 200 123 "/category/books" "Mozilla/5.0 (compatible; Googlebot/2.1; +http://www.google.com/bot.html)"
156.90.25.118 - - [17/Nov/2017:01:33:40 +0000] "GET /category/music HTTP/1.1" 200 46 "/item/computers/3135" "Mozilla/5.0 (Windows NT 6.1; WOW64) AppleWebKit/535.7 (KHTML, like Gecko) Chrome/16.0.912.77 Safari/535.7"
20.60.125.37 - - [17/Nov/2017:01:33:45 +0000] "GET /item/music/4403 HTTP/1.1" 200 96 "-" "Mozilla/5.0 (compatible; MSIE 9.0; Windows NT 6.1; WOW64; Trident/5.0)"
68.222.159.224 - - [17/Nov/2017:01:33:50 +0000] "GET /item/computers/3259 HTTP/1.1" 200 112 "/category/electronics?from=20" "Mozilla/5.0 (compatible; MSIE 9.0; Windows NT 6.1; Trident/5.0)"
112.186.182.189 - - [17/Nov/2017:01:33:55 +0000] "GET /category/electronics HTTP/1.1" 200 78 "/category/electronics" "Mozilla/5.0 (Windows NT 5.1) AppleWebKit/535.11 (KHTML, like Gecko) Chrome/17.0.963.46 Safari/535.11"
60.192.196.122 - - [17/Nov/2017:01:34:00 +0000] "GET /item/electronics/3574 HTTP/1.1" 200 77 "-" "Mozilla/5.0 (Windows NT 6.0) AppleWebKit/535.11 (KHTML, like Gecko) Chrome/17.0.963.56 Safari/535.11"
212.45.141.113 - - [17/Nov/2017:01:34:05 +0000] "GET /item/electronics/1 HTTP/1.1" 200 128 "-" "Mozilla/5.0 (Windows NT 6.0) AppleWebKit/535.11 (KHTML, like Gecko) Chrome/17.0.963.56 Safari/535.11"
92.102.204.173 - - [17/Nov/2017:01:34:10 +0000] "GET /item/giftcards/119 HTTP/1.1" 200 93 "/category/garden" "Mozilla/5.0 (Windows NT 5.1) AppleWebKit/535.11 (KHTML, like Gecko) Chrome/17.0.963.46 Safari/535.11"
180.183.221.119 - - [17/Nov/2017:01:34:15 +0000] "GET /category/garden HTTP/1.1" 200 114 "/item/games/2694" "Mozilla/5.0 (Windows NT 5.1) AppleWebKit/535.11 (KHTML, like Gecko) Chrome/17.0.963.46 Safari/535.11"
104.156.80.128 - - [17/Nov/2017:01:34:20 +0000] "POST /search/?c=Software+Electronics HTTP/1.1" 200 99 "-" "Mozilla/5.0 (iPad; CPU OS 5_0_1 like Mac OS X) AppleWebKit/534.46 (KHTML, like Gecko) Version/5.1 Mobile/9A405 Safari/7534.48.3"
96.99.105.24 - - [17/Nov/2017:01:34:25 +0000] "GET /category/books?from=20 HTTP/1.1" 200 121 "/category/electronics" "Mozilla/5.0 (Windows NT 6.0; rv:10.0.1) Gecko/20100101 Firefox/10.0.1"
152.150.62.199 - - [17/Nov/2017:01:34:30 +0000] "POST /search/?c=Electronics+Software HTTP/1.1" 200 67 "-" "Mozilla/4.0 (compatible; MSIE 8.0; Windows NT 6.1; Trident/4.0; YTB730; SLCC2; .NET CLR 2.0.50727; .NET CLR 3.5.30729; .NET CLR 3.0.30729; Media Center PC 6.0; .NET4.0C)"
48.57.65.104 - - [17/Nov/2017:01:34:35 +0000] "GET /category/electronics HTTP/1.1" 200 138 "-" "Mozilla/5.0 (Macintosh; Intel Mac OS X 10.6; rv:9.0.1) Gecko/20100101 Firefox/9.0.1"
28.129.126.21 - - [17/Nov/2017:01:34:40 +0000] "GET /category/jewelry HTTP/1.1" 200 78 "/item/games/3868" "Mozilla/4.0 (compatible; MSIE 8.0; Windows NT 6.1; WOW64; Trident/4.0; GTB7.2; SLCC2; .NET CLR 2.0.50727; .NET CLR 3.5.30729; .NET CLR 3.0.30729; Media Center PC 6.0; .NET4.0C)"
144.114.134.210 - - [17/Nov/2017:01:34:45 +0000] "GET /category/electronics HTTP/1.1" 200 130 "-" "Mozilla/5.0 (Macintosh; Intel Mac OS X 10.6; rv:9.0.1) Gecko/20100101 Firefox/9.0.1"
200.195.153.115 - - [17/Nov/2017:01:34:50 +0000] "GET /category/electronics HTTP/1.1" 200 125 "-" "Mozilla/5.0 (Macintosh; Intel Mac OS X 10.6; rv:9.0.1) Gecko/20100101 Firefox/9.0.1"
200.39.205.215 - - [17/Nov/2017:01:34:55 +0000] "GET /item/computers/1158 HTTP/1.1" 200 122 "-" "Mozilla/4.0 (compatible; MSIE 8.0; Windows NT 5.1; Trident/4.0; BTRS122159; GTB7.2; .NET CLR 1.1.4322; .NET CLR 2.0.50727; .NET CLR 3.0.04506.30; .NET CLR 3.0.4506.2152; .NET CLR 3.5.30729; BRI/2)"
20.60.125.37 - - [17/Nov/2017:01:35:00 +0000] "GET /item/electronics/4251 HTTP/1.1" 200 139 "-" "Mozilla/5.0 (Windows NT 6.1; WOW64) AppleWebKit/535.7 (KHTML, like Gecko) Chrome/16.0.912.77 Safari/535.7"
160.45.81.35 - - [17/Nov/2017:01:35:05 +0000] "GET /category/networking HTTP/1.1" 200 65 "/category/giftcards" "Mozilla/5.0 (compatible; Googlebot/2.1; +http://www.google.com/bot.html)"
132.141.158.51 - - [17/Nov/2017:01:35:10 +0000] "GET /category/office HTTP/1.1" 200 68 "-" "Mozilla/5.0 (compatible; MSIE 9.0; Windows NT 6.1; WOW64; Trident/5.0)"
100.81.22.31 - - [17/Nov/2017:01:35:15 +0000] "POST /search/?c=Books HTTP/1.1" 200 85 "/category/sports" "Mozilla/5.0 (Macintosh; Intel Mac OS X 10.6; rv:9.0.1) Gecko/20100101 Firefox/9.0.1"
196.96.50.86 - - [17/Nov/2017:01:35:20 +0000] "GET /category/garden HTTP/1.1" 200 77 "-" "Mozilla/5.0 (Windows NT 6.0) AppleWebKit/535.11 (KHTML, like Gecko) Chrome/17.0.963.56 Safari/535.11"
168.69.212.143 - - [17/Nov/2017:01:35:25 +0000] "GET /item/electronics/4248 HTTP/1.1" 200 48 "/item/electronics/705" "Mozilla/4.0 (compatible; MSIE 8.0; Windows NT 6.1; WOW64; Trident/4.0; YTB730; GTB7.2; SLCC2; .NET CLR 2.0.50727; .NET CLR 3.5.30729; .NET CLR 3.0.30729; .NET4.0C; .NET4.0E; Media Center PC 6.0)"
56.51.48.185 - - [17/Nov/2017:01:35:30 +0000] "GET /item/cameras/2644 HTTP/1.1" 200 124 "/search/?c=Health" "Mozilla/5.0 (iPad; CPU OS 5_0_1 like Mac OS X) AppleWebKit/534.46 (KHTML, like Gecko) Version/5.1 Mobile/9A405 Safari/7534.48.3"
216.210.62.164 - - [17/Nov/2017:01:35:35 +0000] "GET /category/games HTTP/1.1" 200 57 "-" "Mozilla/5.0 (Windows NT 6.0; rv:10.0.1) Gecko/20100101 Firefox/10.0.1"
36.33.116.55 - - [17/Nov/2017:01:35:40 +0000] "GET /item/games/4604 HTTP/1.1" 200 54 "-" "Mozilla/4.0 (compatible; MSIE 8.0; Windows NT 6.1; WOW64; Trident/4.0; YTB730; GTB7.2; EasyBits GO v1.0; SLCC2; .NET CLR 2.0.50727; .NET CLR 3.5.30729; .NET CLR 3.0.30729; Media Center PC 6.0; .NET4.0C)"
220.81.172.204 - - [17/Nov/2017:01:35:45 +0000] "GET /item/office/1867 HTTP/1.1" 200 83 "/item/books/3336" "Mozilla/5.0 (Macintosh; Intel Mac OS X 10.6; rv:9.0.1) Gecko/20100101 Firefox/9.0.1"
120.63.173.157 - - [17/Nov/2017:01:35:50 +0000] "GET /category/electronics HTTP/1.1" 200 101 "-" "Mozilla/5.0 (Windows NT 6.0) AppleWebKit/535.11 (KHTML, like Gecko) Chrome/17.0.963.56 Safari/535.11"
108.144.39.52 - - [17/Nov/2017:01:35:55 +0000] "GET /item/music/2069 HTTP/1.1" 200 133 "/category/software" "Mozilla/5.0 (Macintosh; Intel Mac OS X 10.6; rv:9.0.1) Gecko/20100101 Firefox/9.0.1"
92.117.27.32 - - [17/Nov/2017:01:36:00 +0000] "GET /item/electronics/4041 HTTP/1.1" 200 42 "/category/software?from=20" "Mozilla/5.0 (Macintosh; Intel Mac OS X 10.6; rv:9.0.1) Gecko/20100101 Firefox/9.0.1"
220.195.117.90 - - [17/Nov/2017:01:36:05 +0000] "GET /item/cameras/2822 HTTP/1.1" 200 131 "-" "Mozilla/5.0 (Windows NT 6.0; rv:10.0.1) Gecko/20100101 Firefox/10.0.1"
140.75.187.67 - - [17/Nov/2017:01:36:10 +0000] "GET /category/books HTTP/1.1" 200 91 "-" "Mozilla/5.0 (compatible; Googlebot/2.1; +http://www.google.com/bot.html)"
40.219.75.36 - - [17/Nov/2017:01:36:15 +0000] "GET /category/health HTTP/1.1" 200 95 "/category/computers?from=20" "Mozilla/4.0 (compatible; MSIE 8.0; Windows NT 6.1; WOW64; Trident/4.0; YTB730; GTB7.2; EasyBits GO v1.0; SLCC2; .NET CLR 2.0.50727; .NET CLR 3.5.30729; .NET CLR 3.0.30729; Media Center PC 6.0; .NET4.0C)"
96.144.218.175 - - [17/Nov/2017:01:36:20 +0000] "GET /category/software HTTP/1.1" 200 93 "/item/electronics/2277" "Mozilla/5.0 (Windows NT 6.1; WOW64) AppleWebKit/535.7 (KHTML, like Gecko) Chrome/16.0.912.77 Safari/535.7"
152.207.187.181 - - [17/Nov/2017:01:36:25 +0000] "GET /category/electronics HTTP/1.1" 200 82 "-" "Mozilla/5.0 (Windows NT 6.1; WOW64; rv:10.0.1) Gecko/20100101 Firefox/10.0.1"
196.195.42.66 - - [17/Nov/2017:01:36:30 +0000] "GET /item/health/3531 HTTP/1.1" 200 50 "/category/electronics" "Mozilla/5.0 (iPhone; CPU iPhone OS 5_0_1 like Mac OS X) AppleWebKit/534.46 (KHTML, like Gecko) Version/5.1 Mobile/9A405 Safari/7534.48.3"
20.60.176.150 - - [17/Nov/2017:01:36:35 +0000] "GET /category/health HTTP/1.1" 200 119 "-" "Mozilla/5.0 (Windows NT 5.1) AppleWebKit/535.11 (KHTML, like Gecko) Chrome/17.0.963.46 Safari/535.11"
208.150.70.225 - - [17/Nov/2017:01:36:40 +0000] "GET /category/office HTTP/1.1" 200 68 "/category/garden" "Mozilla/5.0 (Macintosh; Intel Mac OS X 10.6; rv:9.0.1) Gecko/20100101 Firefox/9.0.1"
176.210.158.39 - - [17/Nov/2017:01:36:45 +0000] "POST /search/?c=Books HTTP/1.1" 200 114 "/search/?c=Electronics+Software" "Mozilla/5.0 (Windows NT 6.1; WOW64; rv:10.0.1) Gecko/20100101 Firefox/10.0.1"
220.72.103.132 - - [17/Nov/2017:01:36:50 +0000] "GET /category/finance HTTP/1.1" 200 46 "-" "Mozilla/5.0 (Windows NT 6.0) AppleWebKit/535.11 (KHTML, like Gecko) Chrome/17.0.963.56 Safari/535.11"
144.129.150.26 - - [17/Nov/2017:01:36:55 +0000] "GET /category/books HTTP/1.1" 200 80 "/category/computers" "Mozilla/4.0 (compatible; MSIE 8.0; Windows NT 6.1; WOW64; Trident/4.0; YTB730; GTB7.2; SLCC2; .NET CLR 2.0.50727; .NET CLR 3.5.30729; .NET CLR 3.0.30729; .NET4.0C; .NET4.0E; Media Center PC 6.0)"
208.180.75.49 - - [17/Nov/2017:01:37:00 +0000] "GET /category/electronics HTTP/1.1" 200 79 "-" "Mozilla/5.0 (Windows NT 6.1; WOW64) AppleWebKit/535.11 (KHTML, like Gecko) Chrome/17.0.963.56 Safari/535.11"
28.135.217.112 - - [17/Nov/2017:01:37:05 +0000] "GET /item/electronics/3444 HTTP/1.1" 200 131 "-" "Mozilla/5.0 (Windows NT 6.1; WOW64) AppleWebKit/535.11 (KHTML, like Gecko) Chrome/17.0.963.56 Safari/535.11"
216.210.207.165 - - [17/Nov/2017:01:37:10 +0000] "GET /category/cameras HTTP/1.1" 200 116 "/category/software?from=20" "Mozilla/5.0 (iPhone; CPU iPhone OS 5_0_1 like Mac OS X) AppleWebKit/534.46 (KHTML, like Gecko) Version/5.1 Mobile/9A405 Safari/7534.48.3"
224.228.152.212 - - [17/Nov/2017:01:37:15 +0000] "GET /category/jewelry?from=20 HTTP/1.1" 200 107 "/category/jewelry" "Mozilla/5.0 (Macintosh; Intel Mac OS X 10.6; rv:9.0.1) Gecko/20100101 Firefox/9.0.1"
128.147.75.132 - - [17/Nov/2017:01:37:20 +0000] "GET /item/giftcards/4231 HTTP/1.1" 200 52 "http://www.google.com/search?ie=UTF-8&q=google&sclient=psy-ab&q=Giftcards+Books&oq=Giftcards+Books&aq=f&aqi=g-vL1&aql=&pbx=1&bav=on.2,or.r_gc.r_pw.r_qf.,cf.osb&biw=3256&bih=251" "Mozilla/5.0 (Windows NT 6.1; WOW64) AppleWebKit/535.7 (KHTML, like Gecko) Chrome/16.0.912.77 Safari/535.7"
168.159.154.110 - - [17/Nov/2017:01:37:25 +0000] "GET /item/software/992 HTTP/1.1" 200 113 "-" "Mozilla/5.0 (compatible; MSIE 9.0; Windows NT 6.1; Trident/5.0)"
140.183.67.108 - - [17/Nov/2017:01:37:30 +0000] "GET /category/electronics HTTP/1.1" 200 83 "-" "Mozilla/5.0 (iPhone; CPU iPhone OS 5_0_1 like Mac OS X) AppleWebKit/534.46 (KHTML, like Gecko) Version/5.1 Mobile/9A405 Safari/7534.48.3"
160.93.50.158 - - [17/Nov/2017:01:37:35 +0000] "GET /item/health/1983 HTTP/1.1" 200 59 "/category/health" "Mozilla/5.0 (Windows NT 6.0; rv:10.0.1) Gecko/20100101 Firefox/10.0.1"
88.120.125.141 - - [17/Nov/2017:01:37:40 +0000] "GET /category/software HTTP/1.1" 200 76 "-" "Mozilla/5.0 (Windows NT 6.0; rv:10.0.1) Gecko/20100101 Firefox/10.0.1"
72.45.161.107 - - [17/Nov/2017:01:37:45 +0000] "GET /item/software/85 HTTP/1.1" 200 53 "-" "Mozilla/5.0 (Windows NT 6.1; WOW64) AppleWebKit/535.11 (KHTML, like Gecko) Chrome/17.0.963.56 Safari/535.11"
36.219.69.202 - - [17/Nov/2017:01:37:50 +0000] "GET /item/office/84 HTTP/1.1" 200 137 "-" "Mozilla/5.0 (compatible; Googlebot/2.1; +http://www.google.com/bot.html)"
188.69.32.39 - - [17/Nov/2017:01:37:55 +0000] "GET /category/electronics HTTP/1.1" 200 138 "/category/electronics" "Mozilla/5.0 (Windows NT 5.1) AppleWebKit/535.11 (KHTML, like Gecko) Chrome/17.0.963.46 Safari/535.11"
144.51.141.192 - - [17/Nov/2017:01:38:00 +0000] "GET /category/garden HTTP/1.1" 200 88 "http://www.google.com/search?ie=UTF-8&q=google&sclient=psy-ab&q=Garden&oq=Garden&aq=f&aqi=g-vL1&aql=&pbx=1&bav=on.2,or.r_gc.r_pw.r_qf.,cf.osb&biw=4002&bih=389" "Mozilla/5.0 (Windows NT 6.0; rv:10.0.1) Gecko/20100101 Firefox/10.0.1"
88.51.212.158 - - [17/Nov/2017:01:38:05 +0000] "GET /category/software HTTP/1.1" 200 137 "/item/software/2512" "Mozilla/4.0 (compatible; MSIE 8.0; Windows NT 6.1; WOW64; Trident/4.0; GTB7.2; SLCC2; .NET CLR 2.0.50727; .NET CLR 3.5.30729; .NET CLR 3.0.30729; Media Center PC 6.0; .NET4.0C)"
116.210.150.60 - - [17/Nov/2017:01:38:10 +0000] "GET /category/electronics HTTP/1.1" 200 115 "-" "Mozilla/5.0 (iPhone; CPU iPhone OS 5_0_1 like Mac OS X) AppleWebKit/534.46 (KHTML, like Gecko) Version/5.1 Mobile/9A405 Safari/7534.48.3"
68.192.196.217 - - [17/Nov/2017:01:38:15 +0000] "POST /search/?c=Garden HTTP/1.1" 200 114 "-" "Mozilla/5.0 (compatible; MSIE 9.0; Windows NT 6.1; WOW64; Trident/5.0)"
84.117.111.177 - - [17/Nov/2017:01:38:20 +0000] "GET /item/computers/770 HTTP/1.1" 200 105 "/category/networking" "Mozilla/5.0 (Windows NT 6.1; WOW64; rv:10.0.1) Gecko/20100101 Firefox/10.0.1"
28.132.108.116 - - [17/Nov/2017:01:38:25 +0000] "POST /search/?c=Electronics HTTP/1.1" 200 69 "-" "Mozilla/4.0 (compatible; MSIE 8.0; Windows NT 6.1; WOW64; Trident/4.0; GTB7.2; SLCC2; .NET CLR 2.0.50727; .NET CLR 3.5.30729; .NET CLR 3.0.30729; Media Center PC 6.0; .NET4.0C)"
76.153.22.87 - - [17/Nov/2017:01:38:30 +0000] "GET /category/electronics HTTP/1.1" 200 93 "/item/office/512" "Mozilla/4.0 (compatible; MSIE 8.0; Windows NT 6.1; WOW64; Trident/4.0; YTB730; GTB7.2; SLCC2; .NET CLR 2.0.50727; .NET CLR 3.5.30729; .NET CLR 3.0.30729; .NET4.0C; .NET4.0E; Media Center PC 6.0)"
200.168.160.120 - - [17/Nov/2017:01:38:35 +0000] "GET /item/jewelry/428 HTTP/1.1" 200 53 "http://www.google.com/search?ie=UTF-8&q=google&sclient=psy-ab&q=Jewelry+Cameras&oq=Jewelry+Cameras&aq=f&aqi=g-vL1&aql=&pbx=1&bav=on.2,or.r_gc.r_pw.r_qf.,cf.osb&biw=484&bih=532" "Mozilla/5.0 (Windows NT 6.1; WOW64) AppleWebKit/535.11 (KHTML, like Gecko) Chrome/17.0.963.56 Safari/535.11"
216.123.84.162 - - [17/Nov/2017:01:38:40 +0000] "GET /item/electronics/722 HTTP/1.1" 200 102 "/category/software" "Mozilla/5.0 (Macintosh; Intel Mac OS X 10.6; rv:9.0.1) Gecko/20100101 Firefox/9.0.1"
216.183.77.82 - - [17/Nov/2017:01:38:45 +0000] "GET /category/finance HTTP/1.1" 200 86 "-" "Mozilla/4.0 (compatible; MSIE 8.0; Windows NT 6.1; Trident/4.0; YTB730; SLCC2; .NET CLR 2.0.50727; .NET CLR 3.5.30729; .NET CLR 3.0.30729; Media Center PC 6.0; .NET4.0C)"
212.156.57.223 - - [17/Nov/2017:01:38:50 +0000] "GET /category/jewelry HTTP/1.1" 200 73 "/category/electronics?from=10" "Mozilla/4.0 (compatible; MSIE 8.0; Windows NT 5.1; Trident/4.0; BTRS122159; GTB7.2; .NET CLR 1.1.4322; .NET CLR 2.0.50727; .NET CLR 3.0.04506.30; .NET CLR 3.0.4506.2152; .NET CLR 3.5.30729; BRI/2)"
80.120.169.42 - - [17/Nov/2017:01:38:55 +0000] "GET /item/garden/2308 HTTP/1.1" 200 62 "http://www.google.com/search?ie=UTF-8&q=google&sclient=psy-ab&q=Garden+Electronics&oq=Garden+Electronics&aq=f&aqi=g-vL1&aql=&pbx=1&bav=on.2,or.r_gc.r_pw.r_qf.,cf.osb&biw=3296&bih=441" "Mozilla/5.0 (Windows NT 6.1; WOW64) AppleWebKit/535.7 (KHTML, like Gecko) Chrome/16.0.912.77 Safari/535.7"
176.33.111.181 - - [17/Nov/2017:01:39:00 +0000] "GET /category/software?from=0 HTTP/1.1" 200 64 "-" "Mozilla/5.0 (compatible; MSIE 9.0; Windows NT 6.1; WOW64; Trident/5.0)"
128.54.20.112 - - [17/Nov/2017:01:39:05 +0000] "GET /category/software HTTP/1.1" 200 114 "-" "Mozilla/5.0 (Windows NT 6.1; WOW64) AppleWebKit/535.7 (KHTML, like Gecko) Chrome/16.0.912.77 Safari/535.7"
224.57.160.208 - - [17/Nov/2017:01:39:10 +0000] "GET /item/garden/995 HTTP/1.1" 200 77 "/search/?c=Books" "Mozilla/4.0 (compatible; MSIE 8.0; Windows NT 6.1; WOW64; Trident/4.0; GTB7.2; SLCC2; .NET CLR 2.0.50727; .NET CLR 3.5.30729; .NET CLR 3.0.30729; Media Center PC 6.0; .NET4.0C)"
160.117.214.164 - - [17/Nov/2017:01:39:15 +0000] "GET /category/jewelry HTTP/1.1" 200 112 "/category/software" "Mozilla/5.0 (Windows NT 5.1) AppleWebKit/535.11 (KHTML, like Gecko) Chrome/17.0.963.46 Safari/535.11"
144.129.128.24 - - [17/Nov/2017:01:39:20 +0000] "GET /category/finance HTTP/1.1" 200 86 "-" "Mozilla/5.0 (Windows NT 6.1; WOW64; rv:10.0.1) Gecko/20100101 Firefox/10.0.1"
188.96.82.146 - - [17/Nov/2017:01:39:25 +0000] "GET /item/sports/4528 HTTP/1.1" 200 43 "/item/books/4322" "Mozilla/5.0 (compatible; MSIE 9.0; Windows NT 6.1; Trident/5.0)"
224.228.152.212 - - [17/Nov/2017:01:39:30 +0000] "GET /category/networking HTTP/1.1" 200 65 "/item/cameras/590" "Mozilla/5.0 (Macintosh; Intel Mac OS X 10.6; rv:9.0.1) Gecko/20100101 Firefox/9.0.1"
208.150.70.225 - - [17/Nov/2017:01:39:35 +0000] "GET /category/electronics HTTP/1.1" 200 82 "/category/electronics" "Mozilla/5.0 (compatible; MSIE 9.0; Windows NT 6.1; WOW64; Trident/5.0)"
208.180.46.35 - - [17/Nov/2017:01:39:40 +0000] "GET /category/electronics HTTP/1.1" 200 79 "/item/health/2423" "Mozilla/5.0 (compatible; MSIE 9.0; Windows NT 6.1; Trident/5.0)"
100.186.30.119 - - [17/Nov/2017:01:39:45 +0000] "GET /category/software HTTP/1.1" 200 116 "/search/?c=Music" "Mozilla/4.0 (compatible; MSIE 8.0; Windows NT 6.1; WOW64; Trident/4.0; YTB730; GTB7.2; SLCC2; .NET CLR 2.0.50727; .NET CLR 3.5.30729; .NET CLR 3.0.30729; .NET4.0C; .NET4.0E; Media Center PC 6.0)"
136.108.176.209 - - [17/Nov/2017:01:39:50 +0000] "GET /category/electronics HTTP/1.1" 200 62 "/category/games" "Mozilla/5.0 (Macintosh; Intel Mac OS X 10.6; rv:9.0.1) Gecko/20100101 Firefox/9.0.1"
120.168.180.96 - - [17/Nov/2017:01:39:55 +0000] "GET /category/music?from=0 HTTP/1.1" 200 51 "/category/software" "Mozilla/5.0 (Windows NT 6.0; rv:10.0.1) Gecko/20100101 Firefox/10.0.1"
176.177.74.90 - - [17/Nov/2017:01:40:00 +0000] "GET /category/electronics HTTP/1.1" 200 101 "/item/electronics/1667" "Mozilla/4.0 (compatible; MSIE 8.0; Windows NT 6.0; WOW64; Trident/4.0; GTB6; SLCC1; .NET CLR 2.0.50727; Media Center PC 5.0; .NET CLR 3.5.30729; .NET CLR 3.0.30618; .NET4.0C)"
68.210.170.88 - - [17/Nov/2017:01:40:05 +0000] "GET /category/books HTTP/1.1" 200 51 "-" "Mozilla/5.0 (compatible; Googlebot/2.1; +http://www.google.com/bot.html)"
188.219.65.49 - - [17/Nov/2017:01:40:10 +0000] "GET /item/electronics/4339 HTTP/1.1" 200 55 "/category/electronics" "Mozilla/4.0 (compatible; MSIE 8.0; Windows NT 6.0; WOW64; Trident/4.0; GTB6; SLCC1; .NET CLR 2.0.50727; Media Center PC 5.0; .NET CLR 3.5.30729; .NET CLR 3.0.30618; .NET4.0C)"
220.57.136.83 - - [17/Nov/2017:01:40:15 +0000] "GET /item/finance/2915 HTTP/1.1" 200 87 "/item/sports/3881" "Mozilla/4.0 (compatible; MSIE 8.0; Windows NT 6.1; WOW64; Trident/4.0; YTB730; GTB7.2; SLCC2; .NET CLR 2.0.50727; .NET CLR 3.5.30729; .NET CLR 3.0.30729; .NET4.0C; .NET4.0E; Media Center PC 6.0)"
88.48.32.227 - - [17/Nov/2017:01:40:20 +0000] "GET /item/music/1695 HTTP/1.1" 200 97 "/category/electronics?from=20" "Mozilla/4.0 (compatible; MSIE 8.0; Windows NT 6.1; WOW64; Trident/4.0; GTB7.2; SLCC2; .NET CLR 2.0.50727; .NET CLR 3.5.30729; .NET CLR 3.0.30729; Media Center PC 6.0; .NET4.0C)"
196.138.160.145 - - [17/Nov/2017:01:40:25 +0000] "GET /category/electronics HTTP/1.1" 200 125 "/item/computers/3996" "Mozilla/5.0 (Windows NT 6.1; WOW64) AppleWebKit/535.11 (KHTML, like Gecko) Chrome/17.0.963.56 Safari/535.11"
216.210.62.164 - - [17/Nov/2017:01:40:30 +0000] "GET /category/books HTTP/1.1" 200 78 "http://www.google.com/search?ie=UTF-8&q=google&sclient=psy-ab&q=Books&oq=Books&aq=f&aqi=g-vL1&aql=&pbx=1&bav=on.2,or.r_gc.r_pw.r_qf.,cf.osb&biw=4638&bih=188" "Mozilla/5.0 (compatible; MSIE 9.0; Windows NT 6.1; WOW64; Trident/5.0)"
144.126.86.47 - - [17/Nov/2017:01:40:35 +0000] "GET /category/books HTTP/1.1" 200 106 "/item/software/517" "Mozilla/5.0 (compatible; Googlebot/2.1; +http://www.google.com/bot.html)"
104.195.68.101 - - [17/Nov/2017:01:40:40 +0000] "GET /category/toys?from=10 HTTP/1.1" 200 96 "/category/music" "Mozilla/5.0 (compatible; Googlebot/2.1; +http://www.google.com/bot.html)"
184.198.208.220 - - [17/Nov/2017:01:40:45 +0000] "GET /category/music HTTP/1.1" 200 87 "-" "Mozilla/4.0 (compatible; MSIE 8.0; Windows NT 5.1; Trident/4.0; YTB720; GTB7.2; .NET CLR 1.1.4322; .NET CLR 2.0.50727; .NET CLR 3.0.4506.2152; .NET CLR 3.5.30729)"
172.126.211.27 - - [17/Nov/2017:01:40:50 +0000] "GET /item/computers/1158 HTTP/1.1" 200 122 "-" "Mozilla/5.0 (compatible; MSIE 9.0; Windows NT 6.1; Trident/5.0)"
220.102.98.97 - - [17/Nov/2017:01:40:55 +0000] "GET /category/jewelry HTTP/1.1" 200 80 "/category/electronics" "Mozilla/5.0 (Windows NT 6.0; rv:10.0.1) Gecko/20100101 Firefox/10.0.1"
52.189.168.94 - - [17/Nov/2017:01:41:00 +0000] "POST /search/?c=Toys+Games HTTP/1.1" 200 92 "/category/software" "Mozilla/5.0 (Windows NT 6.1; WOW64) AppleWebKit/535.7 (KHTML, like Gecko) Chrome/16.0.912.77 Safari/535.7"
92.57.122.229 - - [17/Nov/2017:01:41:05 +0000] "GET /category/electronics HTTP/1.1" 200 59 "-" "Mozilla/4.0 (compatible; MSIE 8.0; Windows NT 6.1; Trident/4.0; YTB730; SLCC2; .NET CLR 2.0.50727; .NET CLR 3.5.30729; .NET CLR 3.0.30729; Media Center PC 6.0; .NET4.0C)"
192.24.229.108 - - [17/Nov/2017:01:41:10 +0000] "GET /category/software HTTP/1.1" 200 89 "-" "Mozilla/5.0 (compatible; MSIE 9.0; Windows NT 6.1; Trident/5.0)"
140.144.140.227 - - [17/Nov/2017:01:41:15 +0000] "POST /search/?c=Garden HTTP/1.1" 200 114 "-" "Mozilla/5.0 (compatible; Googlebot/2.1; +http://www.google.com/bot.html)"
184.189.139.105 - - [17/Nov/2017:01:41:20 +0000] "GET /category/finance HTTP/1.1" 200 68 "-" "Mozilla/4.0 (compatible; MSIE 8.0; Windows NT 5.1; Trident/4.0; YTB720; GTB7.2; .NET CLR 1.1.4322; .NET CLR 2.0.50727; .NET CLR 3.0.4506.2152; .NET CLR 3.5.30729)"
108.78.41.69 - - [17/Nov/2017:01:41:25 +0000] "GET /item/toys/1283 HTTP/1.1" 200 49 "-" "Mozilla/5.0 (Windows NT 6.0; rv:10.0.1) Gecko/20100101 Firefox/10.0.1"
212.204.212.109 - - [17/Nov/2017:01:41:30 +0000] "GET /category/software HTTP/1.1" 200 109 "/item/cameras/3320" "Mozilla/5.0 (compatible; MSIE 9.0; Windows NT 6.1; WOW64; Trident/5.0)"
216.183.77.82 - - [17/Nov/2017:01:41:35 +0000] "GET /category/finance HTTP/1.1" 200 71 "-" "Mozilla/5.0 (compatible; Googlebot/2.1; +http://www.google.com/bot.html)"
76.168.181.34 - - [17/Nov/2017:01:41:40 +0000] "GET /category/finance HTTP/1.1" 200 71 "-" "Mozilla/5.0 (Windows NT 6.0; rv:10.0.1) Gecko/20100101 Firefox/10.0.1"
88.27.37.78 - - [17/Nov/2017:01:41:45 +0000] "GET /item/software/992 HTTP/1.1" 200 113 "/search/?c=Software" "Mozilla/5.0 (Windows NT 6.1; WOW64) AppleWebKit/535.11 (KHTML, like Gecko) Chrome/17.0.963.56 Safari/535.11"
20.117.120.97 - - [17/Nov/2017:01:41:50 +0000] "GET /category/finance HTTP/1.1" 200 68 "-" "Mozilla/4.0 (compatible; MSIE 8.0; Windows NT 5.1; Trident/4.0; BTRS122159; GTB7.2; .NET CLR 1.1.4322; .NET CLR 2.0.50727; .NET CLR 3.0.04506.30; .NET CLR 3.0.4506.2152; .NET CLR 3.5.30729; BRI/2)"
176.204.131.157 - - [17/Nov/2017:01:41:55 +0000] "GET /item/music/2915 HTTP/1.1" 200 106 "-" "Mozilla/4.0 (compatible; MSIE 8.0; Windows NT 5.1; Trident/4.0; YTB720; GTB7.2; .NET CLR 1.1.4322; .NET CLR 2.0.50727; .NET CLR 3.0.4506.2152; .NET CLR 3.5.30729)"
112.33.59.25 - - [17/Nov/2017:01:42:00 +0000] "GET /category/sports HTTP/1.1" 200 59 "-" "Mozilla/5.0 (iPhone; CPU iPhone OS 5_0_1 like Mac OS X) AppleWebKit/534.46 (KHTML, like Gecko) Version/5.1 Mobile/9A405 Safari/7534.48.3"
72.138.35.193 - - [17/Nov/2017:01:42:05 +0000] "GET /item/books/4255 HTTP/1.1" 200 108 "-" "Mozilla/5.0 (iPhone; CPU iPhone OS 5_0_1 like Mac OS X) AppleWebKit/534.46 (KHTML, like Gecko) Version/5.1 Mobile/9A405 Safari/7534.48.3"
120.111.204.203 - - [17/Nov/2017:01:42:10 +0000] "GET /category/software HTTP/1.1" 200 85 "http://www.google.com/search?ie=UTF-8&q=google&sclient=psy-ab&q=Software+Books&oq=Software+Books&aq=f&aqi=g-vL1&aql=&pbx=1&bav=on.2,or.r_gc.r_pw.r_qf.,cf.osb&biw=3088&bih=47" "Mozilla/4.0 (compatible; MSIE 8.0; Windows NT 6.1; WOW64; Trident/4.0; YTB730; GTB7.2; SLCC2; .NET CLR 2.0.50727; .NET CLR 3.5.30729; .NET CLR 3.0.30729; .NET4.0C; .NET4.0E; Media Center PC 6.0)"
76.114.187.160 - - [17/Nov/2017:01:42:15 +0000] "GET /category/electronics HTTP/1.1" 200 68 "-" "Mozilla/5.0 (compatible; MSIE 9.0; Windows NT 6.1; Trident/5.0)"
172.165.66.62 - - [17/Nov/2017:01:42:20 +0000] "GET /item/electronics/3393 HTTP/1.1" 404 59 "http://www.google.com/search?ie=UTF-8&q=google&sclient=psy-ab&q=Electronics+Office&oq=Electronics+Office&aq=f&aqi=g-vL1&aql=&pbx=1&bav=on.2,or.r_gc.r_pw.r_qf.,cf.osb&biw=4421&bih=308" "Mozilla/5.0 (Windows NT 6.0; rv:10.0.1) Gecko/20100101 Firefox/10.0.1"
192.228.50.109 - - [17/Nov/2017:01:42:25 +0000] "GET /item/electronics/722 HTTP/1.1" 200 102 "-" "Mozilla/5.0 (Windows NT 6.1; WOW64) AppleWebKit/535.11 (KHTML, like Gecko) Chrome/17.0.963.56 Safari/535.11"
48.168.148.167 - - [17/Nov/2017:01:42:30 +0000] "GET /item/games/4762 HTTP/1.1" 200 96 "/search/?c=Games+Networking" "Mozilla/5.0 (Windows NT 6.1; WOW64) AppleWebKit/535.11 (KHTML, like Gecko) Chrome/17.0.963.56 Safari/535.11"
200.114.202.134 - - [17/Nov/2017:01:42:35 +0000] "GET /category/games HTTP/1.1" 200 50 "/item/sports/13" "Mozilla/4.0 (compatible; MSIE 8.0; Windows NT 6.0; WOW64; Trident/4.0; GTB6; SLCC1; .NET CLR 2.0.50727; Media Center PC 5.0; .NET CLR 3.5.30729; .NET CLR 3.0.30618; .NET4.0C)"
40.36.205.118 - - [17/Nov/2017:01:42:40 +0000] "GET /item/software/2434 HTTP/1.1" 200 120 "/item/books/469" "Mozilla/4.0 (compatible; MSIE 8.0; Windows NT 6.0; WOW64; Trident/4.0; GTB6; SLCC1; .NET CLR 2.0.50727; Media Center PC 5.0; .NET CLR 3.5.30729; .NET CLR 3.0.30618; .NET4.0C)"
192.21.211.81 - - [17/Nov/2017:01:42:45 +0000] "GET /category/cameras HTTP/1.1" 200 80 "-" "Mozilla/4.0 (compatible; MSIE 8.0; Windows NT 6.1; WOW64; Trident/4.0; YTB730; GTB7.2; SLCC2; .NET CLR 2.0.50727; .NET CLR 3.5.30729; .NET CLR 3.0.30729; .NET4.0C; .NET4.0E; Media Center PC 6.0)"
124.171.169.38 - - [17/Nov/2017:01:42:50 +0000] "GET /item/health/4301 HTTP/1.1" 200 104 "http://www.google.com/search?ie=UTF-8&q=google&sclient=psy-ab&q=Health&oq=Health&aq=f&aqi=g-vL1&aql=&pbx=1&bav=on.2,or.r_gc.r_pw.r_qf.,cf.osb&biw=431&bih=540" "Mozilla/5.0 (iPhone; CPU iPhone OS 5_0_1 like Mac OS X) AppleWebKit/534.46 (KHTML, like Gecko) Version/5.1 Mobile/9A405 Safari/7534.48.3"
172.48.138.173 - - [17/Nov/2017:01:42:55 +0000] "GET /item/software/1831 HTTP/1.1" 200 69 "/category/games" "Mozilla/5.0 (Macintosh; Intel Mac OS X 10.6; rv:9.0.1) Gecko/20100101 Firefox/9.0.1"
104.93.76.126 - - [17/Nov/2017:01:43:00 +0000] "GET /item/electronics/2034 HTTP/1.1" 200 100 "/category/electronics" "Mozilla/5.0 (Windows NT 6.1; WOW64) AppleWebKit/535.7 (KHTML, like Gecko) Chrome/16.0.912.77 Safari/535.7"
24.138.192.196 - - [17/Nov/2017:01:43:05 +0000] "POST /search/?c=Finance+Books HTTP/1.1" 200 54 "/category/health" "Mozilla/5.0 (Windows NT 6.1; WOW64) AppleWebKit/535.7 (KHTML, like Gecko) Chrome/16.0.912.77 Safari/535.7"
140.72.172.206 - - [17/Nov/2017:01:43:10 +0000] "POST /search/?c=Computers+Electronics HTTP/1.1" 200 44 "/item/electronics/1706" "Mozilla/4.0 (compatible; MSIE 8.0; Windows NT 6.0; WOW64; Trident/4.0; GTB6; SLCC1; .NET CLR 2.0.50727; Media Center PC 5.0; .NET CLR 3.5.30729; .NET CLR 3.0.30618; .NET4.0C)"
128.123.38.119 - - [17/Nov/2017:01:43:15 +0000] "POST /search/?c=Office+Office HTTP/1.1" 200 86 "-" "Mozilla/5.0 (iPhone; CPU iPhone OS 5_0_1 like Mac OS X) AppleWebKit/534.46 (KHTML, like Gecko) Version/5.1 Mobile/9A405 Safari/7534.48.3"
224.27.173.79 - - [17/Nov/2017:01:43:20 +0000] "GET /category/finance HTTP/1.1" 200 98 "/item/office/964" "Mozilla/5.0 (Windows NT 6.1; WOW64; rv:10.0.1) Gecko/20100101 Firefox/10.0.1"
216.177.75.217 - - [17/Nov/2017:01:43:25 +0000] "GET /category/health HTTP/1.1" 200 100 "/category/software" "Mozilla/4.0 (compatible; MSIE 8.0; Windows NT 6.0; WOW64; Trident/4.0; GTB6; SLCC1; .NET CLR 2.0.50727; Media Center PC 5.0; .NET CLR 3.5.30729; .NET CLR 3.0.30618; .NET4.0C)"
52.189.217.120 - - [17/Nov/2017:01:43:30 +0000] "POST /search/?c=Computers+Electronics HTTP/1.1" 200 136 "/search/?c=Electronics+Software" "Mozilla/5.0 (compatible; MSIE 9.0; Windows NT 6.1; Trident/5.0)"
40.141.85.63 - - [17/Nov/2017:01:43:35 +0000] "GET /item/finance/1103 HTTP/1.1" 200 109 "/item/electronics/1042" "Mozilla/4.0 (compatible; MSIE 8.0; Windows NT 6.1; Trident/4.0; YTB730; SLCC2; .NET CLR 2.0.50727; .NET CLR 3.5.30729; .NET CLR 3.0.30729; Media Center PC 6.0; .NET4.0C)"
52.219.45.68 - - [17/Nov/2017:01:43:40 +0000] "GET /category/electronics HTTP/1.1" 200 44 "/category/cameras?from=0" "Mozilla/5.0 (Macintosh; Intel Mac OS X 10.6; rv:9.0.1) Gecko/20100101 Firefox/9.0.1"
88.99.48.102 - - [17/Nov/2017:01:43:45 +0000] "GET /category/electronics HTTP/1.1" 200 93 "/category/games" "Mozilla/4.0 (compatible; MSIE 8.0; Windows NT 6.1; WOW64; Trident/4.0; YTB730; GTB7.2; SLCC2; .NET CLR 2.0.50727; .NET CLR 3.5.30729; .NET CLR 3.0.30729; .NET4.0C; .NET4.0E; Media Center PC 6.0)"
44.36.71.120 - - [17/Nov/2017:01:43:50 +0000] "GET /category/jewelry?from=20 HTTP/1.1" 200 127 "/category/software" "Mozilla/4.0 (compatible; MSIE 8.0; Windows NT 6.0; WOW64; Trident/4.0; GTB6; SLCC1; .NET CLR 2.0.50727; Media Center PC 5.0; .NET CLR 3.5.30729; .NET CLR 3.0.30618; .NET4.0C)"
200.102.224.162 - - [17/Nov/2017:01:43:55 +0000] "POST /search/?c=Games+Software HTTP/1.1" 200 55 "/category/books" "Mozilla/5.0 (compatible; Googlebot/2.1; +http://www.google.com/bot.html)"
224.57.160.208 - - [17/Nov/2017:01:44:00 +0000] "GET /category/music HTTP/1.1" 200 46 "/category/jewelry" "Mozilla/5.0 (Windows NT 6.0) AppleWebKit/535.11 (KHTML, like Gecko) Chrome/17.0.963.56 Safari/535.11"
188.111.114.167 - - [17/Nov/2017:01:44:05 +0000] "GET /item/books/4818 HTTP/1.1" 200 71 "/category/games" "Mozilla/4.0 (compatible; MSIE 8.0; Windows NT 6.1; WOW64; Trident/4.0; YTB730; GTB7.2; EasyBits GO v1.0; SLCC2; .NET CLR 2.0.50727; .NET CLR 3.5.30729; .NET CLR 3.0.30729; Media Center PC 6.0; .NET4.0C)"
60.117.58.163 - - [17/Nov/2017:01:44:10 +0000] "GET /category/electronics?from=20 HTTP/1.1" 200 124 "/category/electronics" "Mozilla/5.0 (Windows NT 6.0; rv:10.0.1) Gecko/20100101 Firefox/10.0.1"
24.216.171.77 - - [17/Nov/2017:01:44:15 +0000] "GET /item/electronics/1216 HTTP/1.1" 200 93 "-" "Mozilla/5.0 (Windows NT 6.1; WOW64; rv:10.0.1) Gecko/20100101 Firefox/10.0.1"
140.72.79.22 - - [17/Nov/2017:01:44:20 +0000] "GET /category/games HTTP/1.1" 200 114 "-" "Mozilla/5.0 (Windows NT 6.1; WOW64) AppleWebKit/535.7 (KHTML, like Gecko) Chrome/16.0.912.77 Safari/535.7"
212.222.165.164 - - [17/Nov/2017:01:44:25 +0000] "GET /category/jewelry HTTP/1.1" 200 122 "-" "Mozilla/5.0 (Windows NT 6.0; rv:10.0.1) Gecko/20100101 Firefox/10.0.1"
96.108.78.226 - - [17/Nov/2017:01:44:30 +0000] "GET /category/books HTTP/1.1" 200 74 "/category/garden" "Mozilla/5.0 (Windows NT 6.1; WOW64) AppleWebKit/535.11 (KHTML, like Gecko) Chrome/17.0.963.56 Safari/535.11"
160.177.125.192 - - [17/Nov/2017:01:44:35 +0000] "GET /item/games/3284 HTTP/1.1" 200 120 "/category/electronics" "Mozilla/5.0 (Windows NT 5.1) AppleWebKit/535.11 (KHTML, like Gecko) Chrome/17.0.963.46 Safari/535.11"
28.63.225.191 - - [17/Nov/2017:01:44:40 +0000] "GET /category/software HTTP/1.1" 200 85 "-" "Mozilla/5.0 (compatible; MSIE 9.0; Windows NT 6.1; Trident/5.0)"
216.48.29.169 - - [17/Nov/2017:01:44:45 +0000] "GET /category/software HTTP/1.1" 200 92 "-" "Mozilla/5.0 (Windows NT 6.1; WOW64; rv:10.0.1) Gecko/20100101 Firefox/10.0.1"
56.186.73.100 - - [17/Nov/2017:01:44:50 +0000] "POST /search/?c=Software+Software HTTP/1.1" 200 123 "-" "Mozilla/5.0 (compatible; MSIE 9.0; Windows NT 6.1; Trident/5.0)"
148.84.138.22 - - [17/Nov/2017:01:44:55 +0000] "GET /item/giftcards/357 HTTP/1.1" 200 92 "-" "Mozilla/5.0 (Windows NT 6.0; rv:10.0.1) Gecko/20100101 Firefox/10.0.1"
160.45.81.35 - - [17/Nov/2017:01:45:00 +0000] "GET /item/electronics/4642 HTTP/1.1" 200 65 "/category/health?from=10" "Mozilla/5.0 (Windows NT 5.1) AppleWebKit/535.11 (KHTML, like Gecko) Chrome/17.0.963.46 Safari/535.11"
168.69.212.143 - - [17/Nov/2017:01:45:05 +0000] "GET /item/electronics/3036 HTTP/1.1" 200 49 "/item/health/3590" "Mozilla/5.0 (compatible; MSIE 9.0; Windows NT 6.1; Trident/5.0)"
20.63.176.160 - - [17/Nov/2017:01:45:10 +0000] "GET /category/software HTTP/1.1" 200 113 "-" "Mozilla/5.0 (Windows NT 6.0; rv:10.0.1) Gecko/20100101 Firefox/10.0.1"
64.138.87.214 - - [17/Nov/2017:01:45:15 +0000] "GET /item/computers/1943 HTTP/1.1" 200 77 "/category/software" "Mozilla/4.0 (compatible; MSIE 8.0; Windows NT 5.1; Trident/4.0; YTB720; GTB7.2; .NET CLR 1.1.4322; .NET CLR 2.0.50727; .NET CLR 3.0.4506.2152; .NET CLR 3.5.30729)"
192.51.157.22 - - [17/Nov/2017:01:45:20 +0000] "GET /item/garden/473 HTTP/1.1" 200 137 "-" "Mozilla/5.0 (compatible; Googlebot/2.1; +http://www.google.com/bot.html)"
116.189.197.54 - - [17/Nov/2017:01:45:25 +0000] "GET /item/office/4792 HTTP/1.1" 200 56 "/item/music/1760" "Mozilla/4.0 (compatible; MSIE 8.0; Windows NT 6.1; WOW64; Trident/4.0; YTB730; GTB7.2; EasyBits GO v1.0; SLCC2; .NET CLR 2.0.50727; .NET CLR 3.5.30729; .NET CLR 3.0.30729; Media Center PC 6.0; .NET4.0C)"
20.192.47.128 - - [17/Nov/2017:01:45:30 +0000] "GET /item/electronics/4807 HTTP/1.1" 200 121 "-" "Mozilla/5.0 (Windows NT 6.1; WOW64) AppleWebKit/535.7 (KHTML, like Gecko) Chrome/16.0.912.77 Safari/535.7"
88.216.133.209 - - [17/Nov/2017:01:45:35 +0000] "GET /item/health/3613 HTTP/1.1" 200 90 "/category/jewelry" "Mozilla/4.0 (compatible; MSIE 8.0; Windows NT 6.1; WOW64; Trident/4.0; YTB730; GTB7.2; SLCC2; .NET CLR 2.0.50727; .NET CLR 3.5.30729; .NET CLR 3.0.30729; .NET4.0C; .NET4.0E; Media Center PC 6.0)"
192.228.189.65 - - [17/Nov/2017:01:45:40 +0000] "GET /item/electronics/4574 HTTP/1.1" 200 98 "/category/music" "Mozilla/5.0 (compatible; MSIE 9.0; Windows NT 6.1; WOW64; Trident/5.0)"
168.147.219.163 - - [17/Nov/2017:01:45:45 +0000] "GET /category/software HTTP/1.1" 200 104 "-" "Mozilla/5.0 (Windows NT 6.1; WOW64) AppleWebKit/535.11 (KHTML, like Gecko) Chrome/17.0.963.56 Safari/535.11"
80.81.66.77 - - [17/Nov/2017:01:45:50 +0000] "GET /item/books/3757 HTTP/1.1" 200 115 "/category/books" "Mozilla/5.0 (Windows NT 6.1; WOW64) AppleWebKit/535.11 (KHTML, like Gecko) Chrome/17.0.963.56 Safari/535.11"
44.213.68.121 - - [17/Nov/2017:01:45:55 +0000] "GET /item/cameras/2541 HTTP/1.1" 200 110 "/search/?c=Cameras+Software" "Mozilla/5.0 (Macintosh; Intel Mac OS X 10.6; rv:9.0.1) Gecko/20100101 Firefox/9.0.1"
224.153.72.151 - - [17/Nov/2017:01:46:00 +0000] "GET /category/jewelry HTTP/1.1" 200 118 "/item/cameras/1329" "Mozilla/5.0 (Windows NT 6.1; WOW64) AppleWebKit/535.11 (KHTML, like Gecko) Chrome/17.0.963.56 Safari/535.11"
164.219.72.37 - - [17/Nov/2017:01:46:05 +0000] "GET /category/software HTTP/1.1" 200 95 "-" "Mozilla/4.0 (compatible; MSIE 8.0; Windows NT 5.1; Trident/4.0; YTB720; GTB7.2; .NET CLR 1.1.4322; .NET CLR 2.0.50727; .NET CLR 3.0.4506.2152; .NET CLR 3.5.30729)"
24.48.22.162 - - [17/Nov/2017:01:46:10 +0000] "GET /item/giftcards/119 HTTP/1.1" 200 93 "-" "Mozilla/5.0 (Windows NT 6.1; WOW64) AppleWebKit/535.11 (KHTML, like Gecko) Chrome/17.0.963.56 Safari/535.11"
168.108.171.195 - - [17/Nov/2017:01:46:15 +0000] "GET /item/games/3186 HTTP/1.1" 200 47 "-" "Mozilla/5.0 (Macintosh; Intel Mac OS X 10.6; rv:9.0.1) Gecko/20100101 Firefox/9.0.1"
196.57.59.219 - - [17/Nov/2017:01:46:20 +0000] "GET /category/computers HTTP/1.1" 200 131 "/item/games/3186" "Mozilla/5.0 (Windows NT 6.1; WOW64; rv:10.0.1) Gecko/20100101 Firefox/10.0.1"
220.30.157.208 - - [17/Nov/2017:01:46:25 +0000] "POST /search/?c=Toys+Toys HTTP/1.1" 200 69 "-" "Mozilla/5.0 (Windows NT 6.0) AppleWebKit/535.11 (KHTML, like Gecko) Chrome/17.0.963.56 Safari/535.11"
132.132.109.164 - - [17/Nov/2017:01:46:30 +0000] "GET /category/cameras HTTP/1.1" 200 99 "/item/books/180" "Mozilla/5.0 (Windows NT 6.1; WOW64; rv:10.0.1) Gecko/20100101 Firefox/10.0.1"
216.156.23.194 - - [17/Nov/2017:01:46:35 +0000] "GET /category/music HTTP/1.1" 200 84 "-" "Mozilla/4.0 (compatible; MSIE 8.0; Windows NT 6.1; WOW64; Trident/4.0; YTB730; GTB7.2; EasyBits GO v1.0; SLCC2; .NET CLR 2.0.50727; .NET CLR 3.5.30729; .NET CLR 3.0.30729; Media Center PC 6.0; .NET4.0C)"
128.72.102.177 - - [17/Nov/2017:01:46:40 +0000] "GET /item/books/3101 HTTP/1.1" 200 61 "/category/books" "Mozilla/5.0 (Windows NT 6.1; WOW64) AppleWebKit/535.11 (KHTML, like Gecko) Chrome/17.0.963.56 Safari/535.11"
104.93.76.126 - - [17/Nov/2017:01:46:45 +0000] "GET /category/electronics HTTP/1.1" 200 118 "-" "Mozilla/5.0 (Windows NT 6.1; WOW64; rv:10.0.1) Gecko/20100101 Firefox/10.0.1"
184.99.31.112 - - [17/Nov/2017:01:46:50 +0000] "GET /category/electronics HTTP/1.1" 200 72 "-" "Mozilla/4.0 (compatible; MSIE 8.0; Windows NT 6.1; WOW64; Trident/4.0; YTB730; GTB7.2; EasyBits GO v1.0; SLCC2; .NET CLR 2.0.50727; .NET CLR 3.5.30729; .NET CLR 3.0.30729; Media Center PC 6.0; .NET4.0C)"
116.33.181.169 - - [17/Nov/2017:01:46:55 +0000] "GET /item/giftcards/2263 HTTP/1.1" 200 78 "/item/garden/3631" "Mozilla/4.0 (compatible; MSIE 8.0; Windows NT 5.1; Trident/4.0; YTB720; GTB7.2; .NET CLR 1.1.4322; .NET CLR 2.0.50727; .NET CLR 3.0.4506.2152; .NET CLR 3.5.30729)"
220.102.98.97 - - [17/Nov/2017:01:47:00 +0000] "GET /category/finance HTTP/1.1" 200 139 "-" "Mozilla/4.0 (compatible; MSIE 8.0; Windows NT 6.1; Trident/4.0; YTB730; SLCC2; .NET CLR 2.0.50727; .NET CLR 3.5.30729; .NET CLR 3.0.30729; Media Center PC 6.0; .NET4.0C)"
72.216.45.153 - - [17/Nov/2017:01:47:05 +0000] "GET /category/finance HTTP/1.1" 200 76 "-" "Mozilla/4.0 (compatible; MSIE 8.0; Windows NT 6.1; WOW64; Trident/4.0; YTB730; GTB7.2; EasyBits GO v1.0; SLCC2; .NET CLR 2.0.50727; .NET CLR 3.5.30729; .NET CLR 3.0.30729; Media Center PC 6.0; .NET4.0C)"
140.216.85.20 - - [17/Nov/2017:01:47:10 +0000] "GET /item/toys/3509 HTTP/1.1" 200 89 "/item/cameras/4995" "Mozilla/5.0 (compatible; MSIE 9.0; Windows NT 6.1; WOW64; Trident/5.0)"
156.90.180.107 - - [17/Nov/2017:01:47:15 +0000] "POST /search/?c=Electronics HTTP/1.1" 200 130 "/category/office?from=0" "Mozilla/4.0 (compatible; MSIE 8.0; Windows NT 5.1; Trident/4.0; YTB720; GTB7.2; .NET CLR 1.1.4322; .NET CLR 2.0.50727; .NET CLR 3.0.4506.2152; .NET CLR 3.5.30729)"
224.57.160.208 - - [17/Nov/2017:01:47:20 +0000] "GET /category/software HTTP/1.1" 200 109 "/category/books" "Mozilla/4.0 (compatible; MSIE 8.0; Windows NT 6.0; WOW64; Trident/4.0; GTB6; SLCC1; .NET CLR 2.0.50727; Media Center PC 5.0; .NET CLR 3.5.30729; .NET CLR 3.0.30618; .NET4.0C)"
132.120.217.35 - - [17/Nov/2017:01:47:25 +0000] "GET /category/software?from=20 HTTP/1.1" 200 64 "/category/electronics?from=0" "Mozilla/4.0 (compatible; MSIE 8.0; Windows NT 6.1; WOW64; Trident/4.0; YTB730; GTB7.2; EasyBits GO v1.0; SLCC2; .NET CLR 2.0.50727; .NET CLR 3.5.30729; .NET CLR 3.0.30729; Media Center PC 6.0; .NET4.0C)"
156.159.223.147 - - [17/Nov/2017:01:47:30 +0000] "GET /category/software HTTP/1.1" 200 56 "/search/?c=Health" "Mozilla/5.0 (Windows NT 6.0; rv:10.0.1) Gecko/20100101 Firefox/10.0.1"
164.210.109.27 - - [17/Nov/2017:01:47:35 +0000] "GET /category/cameras HTTP/1.1" 200 124 "/item/electronics/1206" "Mozilla/5.0 (Windows NT 6.0; rv:10.0.1) Gecko/20100101 Firefox/10.0.1"
208.126.73.169 - - [17/Nov/2017:01:47:40 +0000] "GET /item/books/1573 HTTP/1.1" 200 72 "/category/games" "Mozilla/5.0 (Windows NT 6.0; rv:10.0.1) Gecko/20100101 Firefox/10.0.1"
168.183.144.126 - - [17/Nov/2017:01:47:45 +0000] "GET /category/games HTTP/1.1" 200 96 "-" "Mozilla/5.0 (compatible; MSIE 9.0; Windows NT 6.1; WOW64; Trident/5.0)"
100.84.214.95 - - [17/Nov/2017:01:47:50 +0000] "GET /category/giftcards HTTP/1.1" 200 49 "/category/garden" "Mozilla/5.0 (compatible; Googlebot/2.1; +http://www.google.com/bot.html)"
120.144.87.152 - - [17/Nov/2017:01:47:55 +0000] "GET /category/games HTTP/1.1" 200 47 "/category/music?from=10" "Mozilla/5.0 (Windows NT 6.0) AppleWebKit/535.11 (KHTML, like Gecko) Chrome/17.0.963.56 Safari/535.11"
148.63.165.61 - - [17/Nov/2017:01:48:00 +0000] "GET /category/software HTTP/1.1" 200 114 "-" "Mozilla/4.0 (compatible; MSIE 8.0; Windows NT 6.0; WOW64; Trident/4.0; GTB6; SLCC1; .NET CLR 2.0.50727; Media Center PC 5.0; .NET CLR 3.5.30729; .NET CLR 3.0.30618; .NET4.0C)"
96.153.159.129 - - [17/Nov/2017:01:48:05 +0000] "GET /category/office HTTP/1.1" 200 124 "/item/games/3254" "Mozilla/4.0 (compatible; MSIE 8.0; Windows NT 6.1; WOW64; Trident/4.0; YTB730; GTB7.2; SLCC2; .NET CLR 2.0.50727; .NET CLR 3.5.30729; .NET CLR 3.0.30729; .NET4.0C; .NET4.0E; Media Center PC 6.0)"
32.69.59.79 - - [17/Nov/2017:01:48:10 +0000] "GET /item/books/4078 HTTP/1.1" 200 74 "/search/?c=Books+Software" "Mozilla/5.0 (compatible; MSIE 9.0; Windows NT 6.1; WOW64; Trident/5.0)"
216.111.41.52 - - [17/Nov/2017:01:48:15 +0000] "GET /item/electronics/1 HTTP/1.1" 200 128 "-" "Mozilla/5.0 (Windows NT 6.0) AppleWebKit/535.11 (KHTML, like Gecko) Chrome/17.0.963.56 Safari/535.11"
212.183.136.225 - - [17/Nov/2017:01:48:20 +0000] "GET /category/garden HTTP/1.1" 200 134 "/item/software/2343" "Mozilla/4.0 (compatible; MSIE 8.0; Windows NT 5.1; Trident/4.0; BTRS122159; GTB7.2; .NET CLR 1.1.4322; .NET CLR 2.0.50727; .NET CLR 3.0.04506.30; .NET CLR 3.0.4506.2152; .NET CLR 3.5.30729; BRI/2)"
120.171.185.176 - - [17/Nov/2017:01:48:25 +0000] "GET /category/software?from=20 HTTP/1.1" 200 94 "/search/?c=Software" "Mozilla/5.0 (Macintosh; Intel Mac OS X 10.6; rv:9.0.1) Gecko/20100101 Firefox/9.0.1"
180.153.208.26 - - [17/Nov/2017:01:48:30 +0000] "GET /item/software/2629 HTTP/1.1" 200 61 "/category/health" "Mozilla/4.0 (compatible; MSIE 8.0; Windows NT 6.1; WOW64; Trident/4.0; YTB730; GTB7.2; EasyBits GO v1.0; SLCC2; .NET CLR 2.0.50727; .NET CLR 3.5.30729; .NET CLR 3.0.30729; Media Center PC 6.0; .NET4.0C)"
212.171.62.26 - - [17/Nov/2017:01:48:35 +0000] "GET /category/electronics HTTP/1.1" 200 78 "-" "Mozilla/5.0 (compatible; MSIE 9.0; Windows NT 6.1; Trident/5.0)"
132.132.44.91 - - [17/Nov/2017:01:48:40 +0000] "GET /item/software/1950 HTTP/1.1" 200 117 "-" "Mozilla/5.0 (Windows NT 6.1; WOW64) AppleWebKit/535.11 (KHTML, like Gecko) Chrome/17.0.963.56 Safari/535.11"
144.129.150.26 - - [17/Nov/2017:01:48:45 +0000] "GET /category/books HTTP/1.1" 200 139 "/category/computers?from=20" "Mozilla/4.0 (compatible; MSIE 8.0; Windows NT 6.1; WOW64; Trident/4.0; YTB730; GTB7.2; SLCC2; .NET CLR 2.0.50727; .NET CLR 3.5.30729; .NET CLR 3.0.30729; .NET4.0C; .NET4.0E; Media Center PC 6.0)"
120.168.180.96 - - [17/Nov/2017:01:48:50 +0000] "GET /item/health/3531 HTTP/1.1" 200 50 "/item/music/1760" "Mozilla/4.0 (compatible; MSIE 8.0; Windows NT 6.1; WOW64; Trident/4.0; GTB7.2; SLCC2; .NET CLR 2.0.50727; .NET CLR 3.5.30729; .NET CLR 3.0.30729; Media Center PC 6.0; .NET4.0C)"
108.132.126.119 - - [17/Nov/2017:01:48:55 +0000] "GET /category/cameras HTTP/1.1" 200 106 "-" "Mozilla/5.0 (Windows NT 6.1; WOW64) AppleWebKit/535.7 (KHTML, like Gecko) Chrome/16.0.912.77 Safari/535.7"
92.225.46.39 - - [17/Nov/2017:01:49:00 +0000] "GET /item/office/278 HTTP/1.1" 200 108 "/category/software?from=0" "Mozilla/4.0 (compatible; MSIE 8.0; Windows NT 5.1; Trident/4.0; BTRS122159; GTB7.2; .NET CLR 1.1.4322; .NET CLR 2.0.50727; .NET CLR 3.0.04506.30; .NET CLR 3.0.4506.2152; .NET CLR 3.5.30729; BRI/2)"
72.123.67.110 - - [17/Nov/2017:01:49:05 +0000] "GET /category/electronics HTTP/1.1" 200 137 "/item/garden/1912" "Mozilla/4.0 (compatible; MSIE 8.0; Windows NT 6.1; WOW64; Trident/4.0; YTB730; GTB7.2; SLCC2; .NET CLR 2.0.50727; .NET CLR 3.5.30729; .NET CLR 3.0.30729; .NET4.0C; .NET4.0E; Media Center PC 6.0)"
204.60.81.51 - - [17/Nov/2017:01:49:10 +0000] "GET /category/finance HTTP/1.1" 200 52 "/category/books" "Mozilla/5.0 (compatible; MSIE 9.0; Windows NT 6.1; WOW64; Trident/5.0)"
100.69.57.39 - - [17/Nov/2017:01:49:15 +0000] "GET /item/finance/3479 HTTP/1.1" 200 85 "/category/jewelry" "Mozilla/4.0 (compatible; MSIE 8.0; Windows NT 6.1; Trident/4.0; YTB730; SLCC2; .NET CLR 2.0.50727; .NET CLR 3.5.30729; .NET CLR 3.0.30729; Media Center PC 6.0; .NET4.0C)"
148.84.100.197 - - [17/Nov/2017:01:49:20 +0000] "GET /category/toys HTTP/1.1" 200 126 "http://www.google.com/search?ie=UTF-8&q=google&sclient=psy-ab&q=Toys&oq=Toys&aq=f&aqi=g-vL1&aql=&pbx=1&bav=on.2,or.r_gc.r_pw.r_qf.,cf.osb&biw=3137&bih=294" "Mozilla/5.0 (Windows NT 6.0) AppleWebKit/535.11 (KHTML, like Gecko) Chrome/17.0.963.56 Safari/535.11"
48.222.150.132 - - [17/Nov/2017:01:49:25 +0000] "GET /category/electronics HTTP/1.1" 200 75 "-" "Mozilla/5.0 (Windows NT 6.0) AppleWebKit/535.11 (KHTML, like Gecko) Chrome/17.0.963.56 Safari/535.11"
176.84.117.57 - - [17/Nov/2017:01:49:30 +0000] "GET /category/electronics HTTP/1.1" 200 62 "/item/books/4362" "Mozilla/5.0 (Windows NT 6.1; WOW64) AppleWebKit/535.7 (KHTML, like Gecko) Chrome/16.0.912.77 Safari/535.7"
96.219.205.43 - - [17/Nov/2017:01:49:35 +0000] "GET /category/books HTTP/1.1" 200 51 "/category/networking?from=10" "Mozilla/5.0 (Windows NT 6.0; rv:10.0.1) Gecko/20100101 Firefox/10.0.1"
124.186.126.51 - - [17/Nov/2017:01:49:40 +0000] "GET /category/books HTTP/1.1" 200 136 "-" "Mozilla/5.0 (iPad; CPU OS 5_0_1 like Mac OS X) AppleWebKit/534.46 (KHTML, like Gecko) Version/5.1 Mobile/9A405 Safari/7534.48.3"
200.39.205.215 - - [17/Nov/2017:01:49:45 +0000] "POST /search/?c=Electronics+Software HTTP/1.1" 200 77 "-" "Mozilla/4.0 (compatible; MSIE 8.0; Windows NT 6.0; WOW64; Trident/4.0; GTB6; SLCC1; .NET CLR 2.0.50727; Media Center PC 5.0; .NET CLR 3.5.30729; .NET CLR 3.0.30618; .NET4.0C)"
152.87.67.123 - - [17/Nov/2017:01:49:50 +0000] "GET /item/jewelry/2821 HTTP/1.1" 200 68 "-" "Mozilla/5.0 (Windows NT 6.0; rv:10.0.1) Gecko/20100101 Firefox/10.0.1"
216.156.23.194 - - [17/Nov/2017:01:49:55 +0000] "GET /category/toys HTTP/1.1" 200 93 "-" "Mozilla/5.0 (Windows NT 6.1; WOW64) AppleWebKit/535.11 (KHTML, like Gecko) Chrome/17.0.963.56 Safari/535.11"
140.144.140.227 - - [17/Nov/2017:01:50:00 +0000] "GET /item/networking/2266 HTTP/1.1" 404 75 "/category/cameras" "Mozilla/5.0 (compatible; MSIE 9.0; Windows NT 6.1; Trident/5.0)"
32.99.62.111 - - [17/Nov/2017:01:50:05 +0000] "GET /category/electronics HTTP/1.1" 200 99 "/category/health" "Mozilla/5.0 (Windows NT 6.1; WOW64) AppleWebKit/535.11 (KHTML, like Gecko) Chrome/17.0.963.56 Safari/535.11"
88.57.117.104 - - [17/Nov/2017:01:50:10 +0000] "GET /category/electronics HTTP/1.1" 200 128 "-" "Mozilla/5.0 (Macintosh; Intel Mac OS X 10.6; rv:9.0.1) Gecko/20100101 Firefox/9.0.1"
84.189.117.50 - - [17/Nov/2017:01:50:15 +0000] "GET /item/electronics/2001 HTTP/1.1" 200 90 "-" "Mozilla/5.0 (compatible; MSIE 9.0; Windows NT 6.1; WOW64; Trident/5.0)"
28.150.146.21 - - [17/Nov/2017:01:50:20 +0000] "GET /item/software/3371 HTTP/1.1" 200 121 "/search/?c=Software+Electronics" "Mozilla/5.0 (Macintosh; Intel Mac OS X 10.6; rv:9.0.1) Gecko/20100101 Firefox/9.0.1"
24.150.142.226 - - [17/Nov/2017:01:50:25 +0000] "GET /category/cameras HTTP/1.1" 200 115 "-" "Mozilla/5.0 (compatible; MSIE 9.0; Windows NT 6.1; WOW64; Trident/5.0)"
224.66.34.113 - - [17/Nov/2017:01:50:30 +0000] "GET /category/networking HTTP/1.1" 200 108 "-" "Mozilla/5.0 (compatible; MSIE 9.0; Windows NT 6.1; WOW64; Trident/5.0)"
40.42.114.155 - - [17/Nov/2017:01:50:35 +0000] "POST /search/?c=Networking HTTP/1.1" 200 66 "/category/software" "Mozilla/5.0 (Macintosh; Intel Mac OS X 10.6; rv:9.0.1) Gecko/20100101 Firefox/9.0.1"
220.72.103.132 - - [17/Nov/2017:01:50:40 +0000] "GET /item/books/1440 HTTP/1.1" 200 108 "/category/software" "Mozilla/5.0 (compatible; MSIE 9.0; Windows NT 6.1; Trident/5.0)"
44.51.178.212 - - [17/Nov/2017:01:50:45 +0000] "GET /category/software?from=10 HTTP/1.1" 200 67 "/item/games/4108" "Mozilla/5.0 (Macintosh; Intel Mac OS X 10.6; rv:9.0.1) Gecko/20100101 Firefox/9.0.1"
60.30.169.122 - - [17/Nov/2017:01:50:50 +0000] "GET /category/toys HTTP/1.1" 200 109 "-" "Mozilla/4.0 (compatible; MSIE 8.0; Windows NT 5.1; Trident/4.0; BTRS122159; GTB7.2; .NET CLR 1.1.4322; .NET CLR 2.0.50727; .NET CLR 3.0.04506.30; .NET CLR 3.0.4506.2152; .NET CLR 3.5.30729; BRI/2)"
160.117.214.164 - - [17/Nov/2017:01:50:55 +0000] "GET /item/office/964 HTTP/1.1" 200 56 "/category/office" "Mozilla/5.0 (Windows NT 6.0; rv:10.0.1) Gecko/20100101 Firefox/10.0.1"
80.63.29.149 - - [17/Nov/2017:01:51:00 +0000] "GET /category/electronics HTTP/1.1" 200 44 "-" "Mozilla/5.0 (iPhone; CPU iPhone OS 5_0_1 like Mac OS X) AppleWebKit/534.46 (KHTML, like Gecko) Version/5.1 Mobile/9A405 Safari/7534.48.3"
172.126.211.27 - - [17/Nov/2017:01:51:05 +0000] "GET /item/software/530 HTTP/1.1" 200 126 "-" "Mozilla/5.0 (iPad; CPU OS 5_0_1 like Mac OS X) AppleWebKit/534.46 (KHTML, like Gecko) Version/5.1 Mobile/9A405 Safari/7534.48.3"
168.210.175.118 - - [17/Nov/2017:01:51:10 +0000] "GET /item/health/1329 HTTP/1.1" 200 66 "/category/electronics" "Mozilla/4.0 (compatible; MSIE 8.0; Windows NT 6.1; Trident/4.0; YTB730; SLCC2; .NET CLR 2.0.50727; .NET CLR 3.5.30729; .NET CLR 3.0.30729; Media Center PC 6.0; .NET4.0C)"
36.75.71.169 - - [17/Nov/2017:01:51:15 +0000] "POST /search/?c=Electronics HTTP/1.1" 200 73 "/item/electronics/861" "Mozilla/5.0 (iPhone; CPU iPhone OS 5_0_1 like Mac OS X) AppleWebKit/534.46 (KHTML, like Gecko) Version/5.1 Mobile/9A405 Safari/7534.48.3"
108.225.225.104 - - [17/Nov/2017:01:51:20 +0000] "GET /item/jewelry/2479 HTTP/1.1" 200 126 "http://www.google.com/search?ie=UTF-8&q=google&sclient=psy-ab&q=Jewelry&oq=Jewelry&aq=f&aqi=g-vL1&aql=&pbx=1&bav=on.2,or.r_gc.r_pw.r_qf.,cf.osb&biw=896&bih=28" "Mozilla/4.0 (compatible; MSIE 8.0; Windows NT 6.1; WOW64; Trident/4.0; GTB7.2; SLCC2; .NET CLR 2.0.50727; .NET CLR 3.5.30729; .NET CLR 3.0.30729; Media Center PC 6.0; .NET4.0C)"
84.117.68.27 - - [17/Nov/2017:01:51:25 +0000] "GET /category/software HTTP/1.1" 200 51 "-" "Mozilla/4.0 (compatible; MSIE 8.0; Windows NT 6.1; WOW64; Trident/4.0; YTB730; GTB7.2; EasyBits GO v1.0; SLCC2; .NET CLR 2.0.50727; .NET CLR 3.5.30729; .NET CLR 3.0.30729; Media Center PC 6.0; .NET4.0C)"
120.57.151.184 - - [17/Nov/2017:01:51:30 +0000] "GET /category/finance HTTP/1.1" 200 68 "-" "Mozilla/5.0 (Windows NT 6.0) AppleWebKit/535.11 (KHTML, like Gecko) Chrome/17.0.963.56 Safari/535.11"
124.78.114.122 - - [17/Nov/2017:01:51:35 +0000] "GET /category/jewelry HTTP/1.1" 200 60 "/category/garden" "Mozilla/5.0 (compatible; MSIE 9.0; Windows NT 6.1; Trident/5.0)"
20.132.185.140 - - [17/Nov/2017:01:51:40 +0000] "GET /category/health HTTP/1.1" 200 133 "/search/?c=Games" "Mozilla/4.0 (compatible; MSIE 8.0; Windows NT 6.0; WOW64; Trident/4.0; GTB6; SLCC1; .NET CLR 2.0.50727; Media Center PC 5.0; .NET CLR 3.5.30729; .NET CLR 3.0.30618; .NET4.0C)"
112.105.131.47 - - [17/Nov/2017:01:51:45 +0000] "GET /category/finance HTTP/1.1" 200 96 "/category/health" "Mozilla/5.0 (Macintosh; Intel Mac OS X 10.6; rv:9.0.1) Gecko/20100101 Firefox/9.0.1"
208.183.145.211 - - [17/Nov/2017:01:51:50 +0000] "GET /category/software?from=0 HTTP/1.1" 200 64 "-" "Mozilla/5.0 (compatible; MSIE 9.0; Windows NT 6.1; WOW64; Trident/5.0)"
104.225.169.202 - - [17/Nov/2017:01:51:55 +0000] "GET /item/electronics/1706 HTTP/1.1" 200 119 "/category/books?from=0" "Mozilla/5.0 (Macintosh; Intel Mac OS X 10.6; rv:9.0.1) Gecko/20100101 Firefox/9.0.1"
176.45.198.120 - - [17/Nov/2017:01:52:00 +0000] "GET /item/jewelry/1981 HTTP/1.1" 200 89 "/search/?c=Jewelry" "Mozilla/5.0 (Windows NT 6.1; WOW64) AppleWebKit/535.7 (KHTML, like Gecko) Chrome/16.0.912.77 Safari/535.7"
140.102.40.156 - - [17/Nov/2017:01:52:05 +0000] "GET /category/electronics HTTP/1.1" 200 107 "-" "Mozilla/5.0 (compatible; MSIE 9.0; Windows NT 6.1; WOW64; Trident/5.0)"
216.222.35.46 - - [17/Nov/2017:01:52:10 +0000] "GET /item/networking/2266 HTTP/1.1" 404 75 "/item/office/1686" "Mozilla/5.0 (Windows NT 6.1; WOW64) AppleWebKit/535.7 (KHTML, like Gecko) Chrome/16.0.912.77 Safari/535.7"
88.48.32.227 - - [17/Nov/2017:01:52:15 +0000] "GET /category/books HTTP/1.1" 200 96 "-" "Mozilla/4.0 (compatible; MSIE 8.0; Windows NT 6.1; WOW64; Trident/4.0; GTB7.2; SLCC2; .NET CLR 2.0.50727; .NET CLR 3.5.30729; .NET CLR 3.0.30729; Media Center PC 6.0; .NET4.0C)"
208.84.85.126 - - [17/Nov/2017:01:52:20 +0000] "POST /search/?c=Electronics HTTP/1.1" 200 99 "-" "Mozilla/5.0 (iPhone; CPU iPhone OS 5_0_1 like Mac OS X) AppleWebKit/534.46 (KHTML, like Gecko) Version/5.1 Mobile/9A405 Safari/7534.48.3"
140.51.85.207 - - [17/Nov/2017:01:52:25 +0000] "GET /category/electronics HTTP/1.1" 200 96 "/search/?c=Giftcards" "Mozilla/4.0 (compatible; MSIE 8.0; Windows NT 6.1; Trident/4.0; YTB730; SLCC2; .NET CLR 2.0.50727; .NET CLR 3.5.30729; .NET CLR 3.0.30729; Media Center PC 6.0; .NET4.0C)"
72.216.215.73 - - [17/Nov/2017:01:52:30 +0000] "GET /category/software HTTP/1.1" 200 131 "/item/computers/1710" "Mozilla/4.0 (compatible; MSIE 8.0; Windows NT 5.1; Trident/4.0; BTRS122159; GTB7.2; .NET CLR 1.1.4322; .NET CLR 2.0.50727; .NET CLR 3.0.04506.30; .NET CLR 3.0.4506.2152; .NET CLR 3.5.30729; BRI/2)"
152.150.62.199 - - [17/Nov/2017:01:52:35 +0000] "GET /category/electronics?from=20 HTTP/1.1" 200 45 "/category/electronics" "Mozilla/5.0 (Windows NT 6.0; rv:10.0.1) Gecko/20100101 Firefox/10.0.1"
208.21.55.191 - - [17/Nov/2017:01:52:40 +0000] "GET /item/electronics/3271 HTTP/1.1" 200 138 "/search/?c=Toys+Games" "Mozilla/4.0 (compatible; MSIE 8.0; Windows NT 5.1; Trident/4.0; YTB720; GTB7.2; .NET CLR 1.1.4322; .NET CLR 2.0.50727; .NET CLR 3.0.4506.2152; .NET CLR 3.5.30729)"
152.21.213.161 - - [17/Nov/2017:01:52:45 +0000] "GET /category/toys HTTP/1.1" 200 109 "-" "Mozilla/5.0 (iPad; CPU OS 5_0_1 like Mac OS X) AppleWebKit/534.46 (KHTML, like Gecko) Version/5.1 Mobile/9A405 Safari/7534.48.3"
180.192.53.62 - - [17/Nov/2017:01:52:50 +0000] "GET /category/software HTTP/1.1" 200 123 "/item/electronics/1216" "Mozilla/5.0 (Windows NT 6.0) AppleWebKit/535.11 (KHTML, like Gecko) Chrome/17.0.963.56 Safari/535.11"
76.153.173.21 - - [17/Nov/2017:01:52:55 +0000] "GET /item/garden/1634 HTTP/1.1" 200 43 "http://www.google.com/search?ie=UTF-8&q=google&sclient=psy-ab&q=Garden+Garden&oq=Garden+Garden&aq=f&aqi=g-vL1&aql=&pbx=1&bav=on.2,or.r_gc.r_pw.r_qf.,cf.osb&biw=1159&bih=510" "Mozilla/5.0 (compatible; MSIE 9.0; Windows NT 6.1; Trident/5.0)"
160.213.73.172 - - [17/Nov/2017:01:53:00 +0000] "GET /item/office/564 HTTP/1.1" 200 125 "/item/toys/3743" "Mozilla/5.0 (Windows NT 6.0; rv:10.0.1) Gecko/20100101 Firefox/10.0.1"
28.135.90.185 - - [17/Nov/2017:01:53:05 +0000] "GET /category/finance HTTP/1.1" 200 136 "-" "Mozilla/5.0 (Windows NT 5.1) AppleWebKit/535.11 (KHTML, like Gecko) Chrome/17.0.963.46 Safari/535.11"
208.54.112.203 - - [17/Nov/2017:01:53:10 +0000] "GET /item/games/2694 HTTP/1.1" 200 90 "/search/?c=Games" "Mozilla/5.0 (Windows NT 6.0; rv:10.0.1) Gecko/20100101 Firefox/10.0.1"
168.216.60.85 - - [17/Nov/2017:01:53:15 +0000] "GET /category/software HTTP/1.1" 200 81 "http://www.google.com/search?ie=UTF-8&q=google&sclient=psy-ab&q=Software+Giftcards&oq=Software+Giftcards&aq=f&aqi=g-vL1&aql=&pbx=1&bav=on.2,or.r_gc.r_pw.r_qf.,cf.osb&biw=1082&bih=320" "Mozilla/5.0 (Windows NT 6.1; WOW64) AppleWebKit/535.7 (KHTML, like Gecko) Chrome/16.0.912.77 Safari/535.7"
184.57.118.95 - - [17/Nov/2017:01:53:20 +0000] "GET /category/electronics?from=20 HTTP/1.1" 200 45 "/category/electronics" "Mozilla/5.0 (Windows NT 6.1; WOW64) AppleWebKit/535.11 (KHTML, like Gecko) Chrome/17.0.963.56 Safari/535.11"
144.132.101.155 - - [17/Nov/2017:01:53:25 +0000] "GET /item/games/2694 HTTP/1.1" 200 90 "/search/?c=Networking+Networking" "Mozilla/5.0 (compatible; MSIE 9.0; Windows NT 6.1; WOW64; Trident/5.0)"
136.111.189.48 - - [17/Nov/2017:01:53:30 +0000] "GET /item/electronics/2426 HTTP/1.1" 200 91 "http://www.google.com/search?ie=UTF-8&q=google&sclient=psy-ab&q=Electronics+Sports&oq=Electronics+Sports&aq=f&aqi=g-vL1&aql=&pbx=1&bav=on.2,or.r_gc.r_pw.r_qf.,cf.osb&biw=1630&bih=580" "Mozilla/5.0 (compatible; MSIE 9.0; Windows NT 6.1; WOW64; Trident/5.0)"
172.51.88.88 - - [17/Nov/2017:01:53:35 +0000] "GET /category/electronics?from=10 HTTP/1.1" 200 119 "/category/electronics" "Mozilla/4.0 (compatible; MSIE 8.0; Windows NT 6.1; WOW64; Trident/4.0; GTB7.2; SLCC2; .NET CLR 2.0.50727; .NET CLR 3.5.30729; .NET CLR 3.0.30729; Media Center PC 6.0; .NET4.0C)"
20.93.216.37 - - [17/Nov/2017:01:53:40 +0000] "GET /item/electronics/2653 HTTP/1.1" 200 139 "/item/toys/3901" "Mozilla/5.0 (Windows NT 6.1; WOW64) AppleWebKit/535.11 (KHTML, like Gecko) Chrome/17.0.963.56 Safari/535.11"
216.129.86.169 - - [17/Nov/2017:01:53:45 +0000] "GET /category/books HTTP/1.1" 200 139 "-" "Mozilla/5.0 (Windows NT 6.1; WOW64; rv:10.0.1) Gecko/20100101 Firefox/10.0.1"
116.210.150.60 - - [17/Nov/2017:01:53:50 +0000] "POST /search/?c=Giftcards+Music HTTP/1.1" 200 118 "/search/?c=Computers+Electronics" "Mozilla/5.0 (compatible; MSIE 9.0; Windows NT 6.1; WOW64; Trident/5.0)"
44.57.212.87 - - [17/Nov/2017:01:53:55 +0000] "GET /item/electronics/1 HTTP/1.1" 200 128 "/item/electronics/2653" "Mozilla/5.0 (Windows NT 6.0; rv:10.0.1) Gecko/20100101 Firefox/10.0.1"
224.192.171.198 - - [17/Nov/2017:01:54:00 +0000] "GET /category/software HTTP/1.1" 200 126 "/item/books/3156" "Mozilla/5.0 (compatible; MSIE 9.0; Windows NT 6.1; WOW64; Trident/5.0)"
80.198.63.143 - - [17/Nov/2017:01:54:05 +0000] "GET /category/computers HTTP/1.1" 200 136 "/item/cameras/590" "Mozilla/4.0 (compatible; MSIE 8.0; Windows NT 6.1; WOW64; Trident/4.0; GTB7.2; SLCC2; .NET CLR 2.0.50727; .NET CLR 3.5.30729; .NET CLR 3.0.30729; Media Center PC 6.0; .NET4.0C)"
192.213.24.121 - - [17/Nov/2017:01:54:10 +0000] "GET /category/electronics HTTP/1.1" 200 105 "-" "Mozilla/5.0 (Windows NT 6.1; WOW64) AppleWebKit/535.11 (KHTML, like Gecko) Chrome/17.0.963.56 Safari/535.11"
140.150.40.81 - - [17/Nov/2017:01:54:15 +0000] "POST /search/?c=Software HTTP/1.1" 200 50 "/category/games" "Mozilla/5.0 (Macintosh; Intel Mac OS X 10.6; rv:9.0.1) Gecko/20100101 Firefox/9.0.1"
104.30.165.166 - - [17/Nov/2017:01:54:20 +0000] "GET /category/electronics HTTP/1.1" 200 82 "-" "Mozilla/5.0 (compatible; MSIE 9.0; Windows NT 6.1; WOW64; Trident/5.0)"
72.123.67.110 - - [17/Nov/2017:01:54:25 +0000] "GET /category/electronics HTTP/1.1" 200 56 "-" "Mozilla/5.0 (compatible; MSIE 9.0; Windows NT 6.1; Trident/5.0)"
220.72.103.132 - - [17/Nov/2017:01:54:30 +0000] "GET /category/software HTTP/1.1" 200 64 "/category/giftcards?from=10" "Mozilla/5.0 (Windows NT 6.0; rv:10.0.1) Gecko/20100101 Firefox/10.0.1"
80.126.81.138 - - [17/Nov/2017:01:54:35 +0000] "GET /category/cameras HTTP/1.1" 200 99 "/category/software" "Mozilla/5.0 (Macintosh; Intel Mac OS X 10.6; rv:9.0.1) Gecko/20100101 Firefox/9.0.1"
216.132.160.25 - - [17/Nov/2017:01:54:40 +0000] "GET /category/games HTTP/1.1" 200 104 "-" "Mozilla/5.0 (Macintosh; Intel Mac OS X 10.6; rv:9.0.1) Gecko/20100101 Firefox/9.0.1"
88.222.58.180 - - [17/Nov/2017:01:54:45 +0000] "GET /category/cameras HTTP/1.1" 200 109 "-" "Mozilla/5.0 (Windows NT 6.1; WOW64) AppleWebKit/535.7 (KHTML, like Gecko) Chrome/16.0.912.77 Safari/535.7"
192.108.192.88 - - [17/Nov/2017:01:54:50 +0000] "GET /item/software/3371 HTTP/1.1" 200 121 "/category/software" "Mozilla/4.0 (compatible; MSIE 8.0; Windows NT 6.1; WOW64; Trident/4.0; GTB7.2; SLCC2; .NET CLR 2.0.50727; .NET CLR 3.5.30729; .NET CLR 3.0.30729; Media Center PC 6.0; .NET4.0C)"
160.129.152.167 - - [17/Nov/2017:01:54:55 +0000] "POST /search/?c=Electronics+Books HTTP/1.1" 200 96 "/category/networking" "Mozilla/5.0 (Windows NT 6.0; rv:10.0.1) Gecko/20100101 Firefox/10.0.1"
20.120.111.64 - - [17/Nov/2017:01:55:00 +0000] "GET /category/giftcards HTTP/1.1" 200 60 "-" "Mozilla/4.0 (compatible; MSIE 8.0; Windows NT 5.1; Trident/4.0; BTRS122159; GTB7.2; .NET CLR 1.1.4322; .NET CLR 2.0.50727; .NET CLR 3.0.04506.30; .NET CLR 3.0.4506.2152; .NET CLR 3.5.30729; BRI/2)"
184.99.31.112 - - [17/Nov/2017:01:55:05 +0000] "GET /item/toys/3509 HTTP/1.1" 200 89 "-" "Mozilla/5.0 (Windows NT 6.1; WOW64) AppleWebKit/535.7 (KHTML, like Gecko) Chrome/16.0.912.77 Safari/535.7"
180.114.21.38 - - [17/Nov/2017:01:55:10 +0000] "GET /item/health/2887 HTTP/1.1" 200 65 "-" "Mozilla/4.0 (compatible; MSIE 8.0; Windows NT 6.1; WOW64; Trident/4.0; YTB730; GTB7.2; EasyBits GO v1.0; SLCC2; .NET CLR 2.0.50727; .NET CLR 3.5.30729; .NET CLR 3.0.30729; Media Center PC 6.0; .NET4.0C)"
140.27.85.29 - - [17/Nov/2017:01:55:15 +0000] "POST /search/?c=Books+Finance HTTP/1.1" 200 93 "/item/electronics/2563" "Mozilla/5.0 (Windows NT 6.0; rv:10.0.1) Gecko/20100101 Firefox/10.0.1"
116.48.59.21 - - [17/Nov/2017:01:55:20 +0000] "GET /category/software HTTP/1.1" 200 77 "http://www.google.com/search?ie=UTF-8&q=google&sclient=psy-ab&q=Software+Sports&oq=Software+Sports&aq=f&aqi=g-vL1&aql=&pbx=1&bav=on.2,or.r_gc.r_pw.r_qf.,cf.osb&biw=3705&bih=456" "Mozilla/5.0 (Windows NT 6.1; WOW64; rv:10.0.1) Gecko/20100101 Firefox/10.0.1"
120.33.154.173 - - [17/Nov/2017:01:55:25 +0000] "GET /category/office HTTP/1.1" 200 127 "http://www.google.com/search?ie=UTF-8&q=google&sclient=psy-ab&q=Office&oq=Office&aq=f&aqi=g-vL1&aql=&pbx=1&bav=on.2,or.r_gc.r_pw.r_qf.,cf.osb&biw=1648&bih=195" "Mozilla/4.0 (compatible; MSIE 8.0; Windows NT 6.1; WOW64; Trident/4.0; YTB730; GTB7.2; SLCC2; .NET CLR 2.0.50727; .NET CLR 3.5.30729; .NET CLR 3.0.30729; .NET4.0C; .NET4.0E; Media Center PC 6.0)"
144.132.101.155 - - [17/Nov/2017:01:55:30 +0000] "GET /category/office HTTP/1.1" 200 42 "/item/electronics/4025" "Mozilla/4.0 (compatible; MSIE 8.0; Windows NT 6.1; Trident/4.0; YTB730; SLCC2; .NET CLR 2.0.50727; .NET CLR 3.5.30729; .NET CLR 3.0.30729; Media Center PC 6.0; .NET4.0C)"
144.45.41.37 - - [17/Nov/2017:01:55:35 +0000] "GET /item/games/743 HTTP/1.1" 200 128 "-" "Mozilla/5.0 (Windows NT 6.1; WOW64; rv:10.0.1) Gecko/20100101 Firefox/10.0.1"
132.66.131.85 - - [17/Nov/2017:01:55:40 +0000] "GET /category/electronics HTTP/1.1" 200 125 "/item/electronics/3410" "Mozilla/4.0 (compatible; MSIE 8.0; Windows NT 6.0; WOW64; Trident/4.0; GTB6; SLCC1; .NET CLR 2.0.50727; Media Center PC 5.0; .NET CLR 3.5.30729; .NET CLR 3.0.30618; .NET4.0C)"
92.57.122.229 - - [17/Nov/2017:01:55:45 +0000] "GET /item/books/2649 HTTP/1.1" 200 60 "/search/?c=Books" "Mozilla/5.0 (Windows NT 6.1; WOW64) AppleWebKit/535.11 (KHTML, like Gecko) Chrome/17.0.963.56 Safari/535.11"
216.84.184.134 - - [17/Nov/2017:01:55:50 +0000] "GET /category/electronics HTTP/1.1" 200 112 "-" "Mozilla/5.0 (Windows NT 6.0; rv:10.0.1) Gecko/20100101 Firefox/10.0.1"
36.75.71.169 - - [17/Nov/2017:01:55:55 +0000] "GET /category/software?from=20 HTTP/1.1" 200 100 "-" "Mozilla/5.0 (Windows NT 6.1; WOW64; rv:10.0.1) Gecko/20100101 Firefox/10.0.1"
116.132.223.92 - - [17/Nov/2017:01:56:00 +0000] "GET /category/giftcards HTTP/1.1" 200 83 "-" "Mozilla/5.0 (Macintosh; Intel Mac OS X 10.6; rv:9.0.1) Gecko/20100101 Firefox/9.0.1"
172.54.104.144 - - [17/Nov/2017:01:56:05 +0000] "POST /search/?c=Cameras+Finance HTTP/1.1" 200 49 "/category/software" "Mozilla/5.0 (compatible; MSIE 9.0; Windows NT 6.1; WOW64; Trident/5.0)"
140.204.32.148 - - [17/Nov/2017:01:56:10 +0000] "GET /category/electronics HTTP/1.1" 200 79 "/category/software" "Mozilla/4.0 (compatible; MSIE 8.0; Windows NT 5.1; Trident/4.0; BTRS122159; GTB7.2; .NET CLR 1.1.4322; .NET CLR 2.0.50727; .NET CLR 3.0.04506.30; .NET CLR 3.0.4506.2152; .NET CLR 3.5.30729; BRI/2)"
148.75.141.188 - - [17/Nov/2017:01:56:15 +0000] "GET /category/games HTTP/1.1" 200 137 "/item/office/2035" "Mozilla/5.0 (Windows NT 6.1; WOW64) AppleWebKit/535.11 (KHTML, like Gecko) Chrome/17.0.963.56 Safari/535.11"
84.108.138.186 - - [17/Nov/2017:01:56:20 +0000] "GET /category/electronics HTTP/1.1" 200 68 "/category/giftcards" "Mozilla/4.0 (compatible; MSIE 8.0; Windows NT 6.0; WOW64; Trident/4.0; GTB6; SLCC1; .NET CLR 2.0.50727; Media Center PC 5.0; .NET CLR 3.5.30729; .NET CLR 3.0.30618; .NET4.0C)"
156.69.192.82 - - [17/Nov/2017:01:56:25 +0000] "GET /item/books/2649 HTTP/1.1" 200 60 "/item/books/4255" "Mozilla/4.0 (compatible; MSIE 8.0; Windows NT 6.1; WOW64; Trident/4.0; YTB730; GTB7.2; SLCC2; .NET CLR 2.0.50727; .NET CLR 3.5.30729; .NET CLR 3.0.30729; .NET4.0C; .NET4.0E; Media Center PC 6.0)"
164.228.120.56 - - [17/Nov/2017:01:56:30 +0000] "GET /item/electronics/4807 HTTP/1.1" 200 121 "/category/networking" "Mozilla/5.0 (Windows NT 6.0; rv:10.0.1) Gecko/20100101 Firefox/10.0.1"
148.171.78.128 - - [17/Nov/2017:01:56:35 +0000] "GET /category/giftcards HTTP/1.1" 200 120 "-" "Mozilla/5.0 (Windows NT 6.1; WOW64) AppleWebKit/535.11 (KHTML, like Gecko) Chrome/17.0.963.56 Safari/535.11"
112.159.47.221 - - [17/Nov/2017:01:56:40 +0000] "GET /item/cameras/1329 HTTP/1.1" 200 59 "/search/?c=Cameras+Sports" "Mozilla/5.0 (Windows NT 6.0; rv:10.0.1) Gecko/20100101 Firefox/10.0.1"
184.162.181.93 - - [17/Nov/2017:01:56:45 +0000] "GET /category/software HTTP/1.1" 200 83 "-" "Mozilla/5.0 (Windows NT 6.1; WOW64; rv:10.0.1) Gecko/20100101 Firefox/10.0.1"
104.72.204.155 - - [17/Nov/2017:01:56:50 +0000] "POST /search/?c=Electronics+Toys HTTP/1.1" 200 128 "/item/office/4595" "Mozilla/5.0 (Windows NT 6.1; WOW64) AppleWebKit/535.7 (KHTML, like Gecko) Chrome/16.0.912.77 Safari/535.7"
172.48.138.173 - - [17/Nov/2017:01:56:55 +0000] "GET /category/software HTTP/1.1" 200 70 "/item/computers/4448" "Mozilla/5.0 (compatible; Googlebot/2.1; +http://www.google.com/bot.html)"
184.186.89.120 - - [17/Nov/2017:01:57:00 +0000] "POST /search/?c=Software+Games HTTP/1.1" 200 124 "/category/games" "Mozilla/5.0 (compatible; Googlebot/2.1; +http://www.google.com/bot.html)"
212.84.86.22 - - [17/Nov/2017:01:57:05 +0000] "GET /category/books HTTP/1.1" 200 48 "/item/games/1547" "Mozilla/5.0 (Windows NT 6.0; rv:10.0.1) Gecko/20100101 Firefox/10.0.1"
80.45.35.178 - - [17/Nov/2017:01:57:10 +0000] "GET /item/games/4398 HTTP/1.1" 200 112 "/item/office/393" "Mozilla/4.0 (compatible; MSIE 8.0; Windows NT 6.1; WOW64; Trident/4.0; YTB730; GTB7.2; SLCC2; .NET CLR 2.0.50727; .NET CLR 3.5.30729; .NET CLR 3.0.30729; .NET4.0C; .NET4.0E; Media Center PC 6.0)"
20.165.89.171 - - [17/Nov/2017:01:57:15 +0000] "GET /category/music HTTP/1.1" 200 138 "/item/health/4027" "Mozilla/5.0 (Windows NT 6.0) AppleWebKit/535.11 (KHTML, like Gecko) Chrome/17.0.963.56 Safari/535.11"
64.72.99.80 - - [17/Nov/2017:01:57:20 +0000] "GET /category/cameras HTTP/1.1" 200 106 "/item/electronics/1433" "Mozilla/5.0 (Windows NT 6.0; rv:10.0.1) Gecko/20100101 Firefox/10.0.1"
208.180.46.35 - - [17/Nov/2017:01:57:25 +0000] "GET /category/books?from=20 HTTP/1.1" 200 121 "-" "Mozilla/4.0 (compatible; MSIE 8.0; Windows NT 5.1; Trident/4.0; YTB720; GTB7.2; .NET CLR 1.1.4322; .NET CLR 2.0.50727; .NET CLR 3.0.4506.2152; .NET CLR 3.5.30729)"
196.216.204.193 - - [17/Nov/2017:01:57:30 +0000] "GET /item/electronics/1911 HTTP/1.1" 200 122 "-" "Mozilla/5.0 (compatible; MSIE 9.0; Windows NT 6.1; WOW64; Trident/5.0)"
100.45.176.200 - - [17/Nov/2017:01:57:35 +0000] "GET /category/software HTTP/1.1" 200 129 "/item/software/2724" "Mozilla/5.0 (Windows NT 5.1) AppleWebKit/535.11 (KHTML, like Gecko) Chrome/17.0.963.46 Safari/535.11"
56.153.218.154 - - [17/Nov/2017:01:57:40 +0000] "GET /category/office HTTP/1.1" 200 82 "-" "Mozilla/5.0 (Windows NT 5.1) AppleWebKit/535.11 (KHTML, like Gecko) Chrome/17.0.963.46 Safari/535.11"
100.186.30.119 - - [17/Nov/2017:01:57:45 +0000] "GET /category/electronics HTTP/1.1" 200 79 "/category/office" "Mozilla/5.0 (compatible; MSIE 9.0; Windows NT 6.1; WOW64; Trident/5.0)"
164.126.158.215 - - [17/Nov/2017:01:57:50 +0000] "GET /category/sports?from=0 HTTP/1.1" 200 81 "/category/sports" "Mozilla/5.0 (compatible; MSIE 9.0; Windows NT 6.1; Trident/5.0)"
220.93.97.101 - - [17/Nov/2017:01:57:55 +0000] "GET /category/computers?from=20 HTTP/1.1" 200 52 "/category/jewelry" "Mozilla/4.0 (compatible; MSIE 8.0; Windows NT 5.1; Trident/4.0; BTRS122159; GTB7.2; .NET CLR 1.1.4322; .NET CLR 2.0.50727; .NET CLR 3.0.04506.30; .NET CLR 3.0.4506.2152; .NET CLR 3.5.30729; BRI/2)"
88.120.125.141 - - [17/Nov/2017:01:58:00 +0000] "GET /item/electronics/1466 HTTP/1.1" 200 67 "/item/health/4027" "Mozilla/5.0 (Windows NT 6.0; rv:10.0.1) Gecko/20100101 Firefox/10.0.1"
168.159.181.20 - - [17/Nov/2017:01:58:05 +0000] "GET /category/networking HTTP/1.1" 200 87 "/category/software" "Mozilla/5.0 (compatible; MSIE 9.0; Windows NT 6.1; WOW64; Trident/5.0)"
220.72.103.132 - - [17/Nov/2017:01:58:10 +0000] "GET /item/games/2751 HTTP/1.1" 200 43 "/search/?c=Games" "Mozilla/5.0 (Windows NT 6.0) AppleWebKit/535.11 (KHTML, like Gecko) Chrome/17.0.963.56 Safari/535.11"
172.51.88.88 - - [17/Nov/2017:01:58:15 +0000] "GET /category/cameras?from=10 HTTP/1.1" 200 72 "/category/office" "Mozilla/5.0 (compatible; Googlebot/2.1; +http://www.google.com/bot.html)"
100.45.176.200 - - [17/Nov/2017:01:58:20 +0000] "GET /category/electronics HTTP/1.1" 200 59 "-" "Mozilla/5.0 (Windows NT 6.1; WOW64) AppleWebKit/535.7 (KHTML, like Gecko) Chrome/16.0.912.77 Safari/535.7"
28.96.205.110 - - [17/Nov/2017:01:58:25 +0000] "POST /search/?c=Music+Sports HTTP/1.1" 200 126 "/category/toys" "Mozilla/5.0 (Macintosh; Intel Mac OS X 10.6; rv:9.0.1) Gecko/20100101 Firefox/9.0.1"
88.228.108.129 - - [17/Nov/2017:01:58:30 +0000] "GET /item/office/863 HTTP/1.1" 200 125 "-" "Mozilla/4.0 (compatible; MSIE 8.0; Windows NT 6.1; WOW64; Trident/4.0; YTB730; GTB7.2; SLCC2; .NET CLR 2.0.50727; .NET CLR 3.5.30729; .NET CLR 3.0.30729; .NET4.0C; .NET4.0E; Media Center PC 6.0)"
224.129.127.102 - - [17/Nov/2017:01:58:35 +0000] "GET /item/toys/2543 HTTP/1.1" 200 73 "/category/software" "Mozilla/5.0 (compatible; Googlebot/2.1; +http://www.google.com/bot.html)"
148.126.188.205 - - [17/Nov/2017:01:58:40 +0000] "GET /item/garden/2971 HTTP/1.1" 200 116 "/category/garden" "Mozilla/5.0 (Windows NT 6.1; WOW64; rv:10.0.1) Gecko/20100101 Firefox/10.0.1"
172.45.84.183 - - [17/Nov/2017:01:58:45 +0000] "GET /category/games HTTP/1.1" 200 114 "-" "Mozilla/4.0 (compatible; MSIE 8.0; Windows NT 6.1; WOW64; Trident/4.0; YTB730; GTB7.2; SLCC2; .NET CLR 2.0.50727; .NET CLR 3.5.30729; .NET CLR 3.0.30729; .NET4.0C; .NET4.0E; Media Center PC 6.0)"
172.126.211.27 - - [17/Nov/2017:01:58:50 +0000] "GET /item/software/2487 HTTP/1.1" 200 51 "/search/?c=Software" "Mozilla/4.0 (compatible; MSIE 8.0; Windows NT 6.0; WOW64; Trident/4.0; GTB6; SLCC1; .NET CLR 2.0.50727; Media Center PC 5.0; .NET CLR 3.5.30729; .NET CLR 3.0.30618; .NET4.0C)"
96.33.37.61 - - [17/Nov/2017:01:58:55 +0000] "GET /category/health HTTP/1.1" 200 49 "-" "Mozilla/5.0 (Windows NT 6.0) AppleWebKit/535.11 (KHTML, like Gecko) Chrome/17.0.963.56 Safari/535.11"
156.111.173.188 - - [17/Nov/2017:01:59:00 +0000] "GET /category/health HTTP/1.1" 200 42 "/item/books/1440" "Mozilla/5.0 (Windows NT 6.0) AppleWebKit/535.11 (KHTML, like Gecko) Chrome/17.0.963.56 Safari/535.11"
32.198.203.102 - - [17/Nov/2017:01:59:05 +0000] "GET /category/software HTTP/1.1" 200 58 "-" "Mozilla/5.0 (compatible; Googlebot/2.1; +http://www.google.com/bot.html)"
164.120.51.110 - - [17/Nov/2017:01:59:10 +0000] "GET /category/cameras?from=10 HTTP/1.1" 200 72 "/category/finance" "Mozilla/5.0 (Macintosh; Intel Mac OS X 10.6; rv:9.0.1) Gecko/20100101 Firefox/9.0.1"
56.150.202.109 - - [17/Nov/2017:01:59:15 +0000] "GET /category/games HTTP/1.1" 200 50 "/item/computers/1943" "Mozilla/4.0 (compatible; MSIE 8.0; Windows NT 5.1; Trident/4.0; BTRS122159; GTB7.2; .NET CLR 1.1.4322; .NET CLR 2.0.50727; .NET CLR 3.0.04506.30; .NET CLR 3.0.4506.2152; .NET CLR 3.5.30729; BRI/2)"
116.132.223.92 - - [17/Nov/2017:01:59:20 +0000] "GET /item/books/939 HTTP/1.1" 200 48 "/item/networking/3831" "Mozilla/5.0 (Windows NT 6.1; WOW64; rv:10.0.1) Gecko/20100101 Firefox/10.0.1"
164.87.165.83 - - [17/Nov/2017:01:59:25 +0000] "GET /category/sports HTTP/1.1" 200 137 "-" "Mozilla/5.0 (Windows NT 6.0) AppleWebKit/535.11 (KHTML, like Gecko) Chrome/17.0.963.56 Safari/535.11"
204.225.98.113 - - [17/Nov/2017:01:59:30 +0000] "GET /category/books HTTP/1.1" 200 117 "/item/sports/4699" "Mozilla/5.0 (compatible; MSIE 9.0; Windows NT 6.1; WOW64; Trident/5.0)"
52.198.156.151 - - [17/Nov/2017:01:59:35 +0000] "GET /category/finance?from=0 HTTP/1.1" 200 90 "/search/?c=Toys" "Mozilla/5.0 (Windows NT 6.1; WOW64; rv:10.0.1) Gecko/20100101 Firefox/10.0.1"
176.210.158.39 - - [17/Nov/2017:01:59:40 +0000] "POST /search/?c=Toys+Toys HTTP/1.1" 200 69 "-" "Mozilla/5.0 (Macintosh; Intel Mac OS X 10.6; rv:9.0.1) Gecko/20100101 Firefox/9.0.1"
196.144.108.166 - - [17/Nov/2017:01:59:45 +0000] "POST /search/?c=Giftcards+Garden HTTP/1.1" 200 82 "-" "Mozilla/5.0 (iPhone; CPU iPhone OS 5_0_1 like Mac OS X) AppleWebKit/534.46 (KHTML, like Gecko) Version/5.1 Mobile/9A405 Safari/7534.48.3"
136.222.62.176 - - [17/Nov/2017:01:59:50 +0000] "GET /item/games/2694 HTTP/1.1" 200 90 "/search/?c=Games" "Mozilla/5.0 (Windows NT 6.0; rv:10.0.1) Gecko/20100101 Firefox/10.0.1"
184.123.73.180 - - [17/Nov/2017:01:59:55 +0000] "GET /item/electronics/287 HTTP/1.1" 200 50 "/search/?c=Electronics" "Mozilla/5.0 (Windows NT 6.0) AppleWebKit/535.11 (KHTML, like Gecko) Chrome/17.0.963.56 Safari/535.11"
200.189.168.228 - - [17/Nov/2017:02:00:00 +0000] "GET /category/electronics HTTP/1.1" 200 83 "-" "Mozilla/5.0 (compatible; Googlebot/2.1; +http://www.google.com/bot.html)"
164.228.120.56 - - [17/Nov/2017:02:00:05 +0000] "GET /category/electronics HTTP/1.1" 200 96 "/item/computers/4182" "Mozilla/5.0 (compatible; Googlebot/2.1; +http://www.google.com/bot.html)"
76.33.84.154 - - [17/Nov/2017:02:00:10 +0000] "GET /category/software HTTP/1.1" 200 58 "/category/giftcards" "Mozilla/4.0 (compatible; MSIE 8.0; Windows NT 5.1; Trident/4.0; BTRS122159; GTB7.2; .NET CLR 1.1.4322; .NET CLR 2.0.50727; .NET CLR 3.0.04506.30; .NET CLR 3.0.4506.2152; .NET CLR 3.5.30729; BRI/2)"
100.18.93.108 - - [17/Nov/2017:02:00:15 +0000] "GET /category/electronics HTTP/1.1" 200 114 "/category/games" "Mozilla/5.0 (Windows NT 6.0) AppleWebKit/535.11 (KHTML, like Gecko) Chrome/17.0.963.56 Safari/535.11"
216.192.151.63 - - [17/Nov/2017:02:00:20 +0000] "GET /category/cameras HTTP/1.1" 200 77 "/category/networking?from=20" "Mozilla/5.0 (Windows NT 6.1; WOW64) AppleWebKit/535.11 (KHTML, like Gecko) Chrome/17.0.963.56 Safari/535.11"
68.117.130.229 - - [17/Nov/2017:02:00:25 +0000] "GET /item/giftcards/2263 HTTP/1.1" 200 78 "/category/electronics?from=20" "Mozilla/5.0 (Windows NT 5.1) AppleWebKit/535.11 (KHTML, like Gecko) Chrome/17.0.963.46 Safari/535.11"
164.42.137.37 - - [17/Nov/2017:02:00:30 +0000] "GET /category/games HTTP/1.1" 200 50 "http://www.google.com/search?ie=UTF-8&q=google&sclient=psy-ab&q=Games&oq=Games&aq=f&aqi=g-vL1&aql=&pbx=1&bav=on.2,or.r_gc.r_pw.r_qf.,cf.osb&biw=1014&bih=18" "Mozilla/4.0 (compatible; MSIE 8.0; Windows NT 6.1; WOW64; Trident/4.0; YTB730; GTB7.2; SLCC2; .NET CLR 2.0.50727; .NET CLR 3.5.30729; .NET CLR 3.0.30729; .NET4.0C; .NET4.0E; Media Center PC 6.0)"
200.78.216.173 - - [17/Nov/2017:02:00:35 +0000] "POST /search/?c=Software+Computers HTTP/1.1" 200 93 "/category/books?from=0" "Mozilla/4.0 (compatible; MSIE 8.0; Windows NT 6.1; Trident/4.0; YTB730; SLCC2; .NET CLR 2.0.50727; .NET CLR 3.5.30729; .NET CLR 3.0.30729; Media Center PC 6.0; .NET4.0C)"
132.120.217.35 - - [17/Nov/2017:02:00:40 +0000] "GET /category/sports HTTP/1.1" 200 137 "-" "Mozilla/5.0 (Windows NT 6.1; WOW64) AppleWebKit/535.7 (KHTML, like Gecko) Chrome/16.0.912.77 Safari/535.7"
152.174.211.73 - - [17/Nov/2017:02:00:45 +0000] "GET /category/finance HTTP/1.1" 200 132 "/item/music/4699" "Mozilla/5.0 (compatible; MSIE 9.0; Windows NT 6.1; Trident/5.0)"
224.87.199.41 - - [17/Nov/2017:02:00:50 +0000] "GET /category/computers HTTP/1.1" 200 113 "/item/toys/2543" "Mozilla/5.0 (Windows NT 6.1; WOW64) AppleWebKit/535.7 (KHTML, like Gecko) Chrome/16.0.912.77 Safari/535.7"
72.111.113.84 - - [17/Nov/2017:02:00:55 +0000] "POST /search/?c=Giftcards HTTP/1.1" 200 116 "-" "Mozilla/5.0 (compatible; Googlebot/2.1; +http://www.google.com/bot.html)"
224.57.160.208 - - [17/Nov/2017:02:01:00 +0000] "GET /category/electronics HTTP/1.1" 200 130 "-" "Mozilla/4.0 (compatible; MSIE 8.0; Windows NT 6.0; WOW64; Trident/4.0; GTB6; SLCC1; .NET CLR 2.0.50727; Media Center PC 5.0; .NET CLR 3.5.30729; .NET CLR 3.0.30618; .NET4.0C)"
108.78.86.154 - - [17/Nov/2017:02:01:05 +0000] "GET /category/office HTTP/1.1" 200 120 "-" "Mozilla/5.0 (Windows NT 6.1; WOW64) AppleWebKit/535.7 (KHTML, like Gecko) Chrome/16.0.912.77 Safari/535.7"
168.183.144.126 - - [17/Nov/2017:02:01:10 +0000] "GET /category/games HTTP/1.1" 200 116 "-" "Mozilla/5.0 (Macintosh; Intel Mac OS X 10.6; rv:9.0.1) Gecko/20100101 Firefox/9.0.1"
164.45.62.175 - - [17/Nov/2017:02:01:15 +0000] "GET /category/office HTTP/1.1" 200 68 "-" "Mozilla/5.0 (Windows NT 6.0; rv:10.0.1) Gecko/20100101 Firefox/10.0.1"
216.33.82.203 - - [17/Nov/2017:02:01:20 +0000] "GET /category/health HTTP/1.1" 200 133 "http://www.google.com/search?ie=UTF-8&q=google&sclient=psy-ab&q=Health+Software&oq=Health+Software&aq=f&aqi=g-vL1&aql=&pbx=1&bav=on.2,or.r_gc.r_pw.r_qf.,cf.osb&biw=4415&bih=539" "Mozilla/4.0 (compatible; MSIE 8.0; Windows NT 5.1; Trident/4.0; YTB720; GTB7.2; .NET CLR 1.1.4322; .NET CLR 2.0.50727; .NET CLR 3.0.4506.2152; .NET CLR 3.5.30729)"
184.198.208.220 - - [17/Nov/2017:02:01:25 +0000] "GET /item/electronics/681 HTTP/1.1" 200 64 "/category/office" "Mozilla/5.0 (Windows NT 5.1) AppleWebKit/535.11 (KHTML, like Gecko) Chrome/17.0.963.46 Safari/535.11"
156.90.25.118 - - [17/Nov/2017:02:01:30 +0000] "POST /search/?c=Garden+Electronics HTTP/1.1" 200 101 "-" "Mozilla/5.0 (Windows NT 6.0; rv:10.0.1) Gecko/20100101 Firefox/10.0.1"
104.216.208.39 - - [17/Nov/2017:02:01:35 +0000] "GET /item/health/2887 HTTP/1.1" 200 65 "/item/books/3977" "Mozilla/5.0 (Windows NT 6.1; WOW64) AppleWebKit/535.11 (KHTML, like Gecko) Chrome/17.0.963.56 Safari/535.11"
164.63.57.53 - - [17/Nov/2017:02:01:40 +0000] "GET /item/games/2827 HTTP/1.1" 200 113 "/category/games" "Mozilla/5.0 (Windows NT 6.1; WOW64) AppleWebKit/535.7 (KHTML, like Gecko) Chrome/16.0.912.77 Safari/535.7"
140.57.182.120 - - [17/Nov/2017:02:01:45 +0000] "GET /item/toys/1733 HTTP/1.1" 200 117 "-" "Mozilla/5.0 (Windows NT 6.0) AppleWebKit/535.11 (KHTML, like Gecko) Chrome/17.0.963.56 Safari/535.11"
104.72.204.155 - - [17/Nov/2017:02:01:50 +0000] "GET /item/electronics/1095 HTTP/1.1" 200 106 "/item/electronics/1466" "Mozilla/5.0 (Windows NT 6.1; WOW64) AppleWebKit/535.7 (KHTML, like Gecko) Chrome/16.0.912.77 Safari/535.7"
148.213.116.158 - - [17/Nov/2017:02:01:55 +0000] "GET /category/electronics HTTP/1.1" 200 62 "-" "Mozilla/5.0 (iPhone; CPU iPhone OS 5_0_1 like Mac OS X) AppleWebKit/534.46 (KHTML, like Gecko) Version/5.1 Mobile/9A405 Safari/7534.48.3"
60.195.75.126 - - [17/Nov/2017:02:02:00 +0000] "GET /item/finance/3901 HTTP/1.1" 200 107 "http://www.google.com/search?ie=UTF-8&q=google&sclient=psy-ab&q=Finance&oq=Finance&aq=f&aqi=g-vL1&aql=&pbx=1&bav=on.2,or.r_gc.r_pw.r_qf.,cf.osb&biw=507&bih=452" "Mozilla/5.0 (Macintosh; Intel Mac OS X 10.6; rv:9.0.1) Gecko/20100101 Firefox/9.0.1"
176.210.71.83 - - [17/Nov/2017:02:02:05 +0000] "POST /search/?c=Electronics+Garden HTTP/1.1" 200 53 "/category/garden" "Mozilla/5.0 (Windows NT 6.1; WOW64; rv:10.0.1) Gecko/20100101 Firefox/10.0.1"
140.144.140.227 - - [17/Nov/2017:02:02:10 +0000] "GET /category/electronics HTTP/1.1" 200 49 "/search/?c=Health" "Mozilla/4.0 (compatible; MSIE 8.0; Windows NT 6.0; WOW64; Trident/4.0; GTB6; SLCC1; .NET CLR 2.0.50727; Media Center PC 5.0; .NET CLR 3.5.30729; .NET CLR 3.0.30618; .NET4.0C)"
224.177.34.186 - - [17/Nov/2017:02:02:15 +0000] "GET /item/books/1869 HTTP/1.1" 200 134 "/item/sports/933" "Mozilla/5.0 (compatible; MSIE 9.0; Windows NT 6.1; WOW64; Trident/5.0)"
120.141.183.120 - - [17/Nov/2017:02:02:20 +0000] "GET /item/health/1983 HTTP/1.1" 200 59 "/item/giftcards/3907" "Mozilla/5.0 (Windows NT 6.0; rv:10.0.1) Gecko/20100101 Firefox/10.0.1"
188.177.87.130 - - [17/Nov/2017:02:02:25 +0000] "POST /search/?c=Software HTTP/1.1" 200 98 "/category/books" "Mozilla/5.0 (Windows NT 6.0; rv:10.0.1) Gecko/20100101 Firefox/10.0.1"
152.48.198.194 - - [17/Nov/2017:02:02:30 +0000] "GET /item/music/1695 HTTP/1.1" 200 97 "/search/?c=Music+Electronics" "Mozilla/4.0 (compatible; MSIE 8.0; Windows NT 6.1; WOW64; Trident/4.0; YTB730; GTB7.2; EasyBits GO v1.0; SLCC2; .NET CLR 2.0.50727; .NET CLR 3.5.30729; .NET CLR 3.0.30729; Media Center PC 6.0; .NET4.0C)"
100.81.22.31 - - [17/Nov/2017:02:02:35 +0000] "GET /category/electronics HTTP/1.1" 200 78 "/category/jewelry" "Mozilla/4.0 (compatible; MSIE 8.0; Windows NT 6.1; WOW64; Trident/4.0; YTB730; GTB7.2; EasyBits GO v1.0; SLCC2; .NET CLR 2.0.50727; .NET CLR 3.5.30729; .NET CLR 3.0.30729; Media Center PC 6.0; .NET4.0C)"
116.198.83.162 - - [17/Nov/2017:02:02:40 +0000] "GET /item/garden/4029 HTTP/1.1" 200 64 "/search/?c=Electronics+Books" "Mozilla/5.0 (Macintosh; Intel Mac OS X 10.6; rv:9.0.1) Gecko/20100101 Firefox/9.0.1"
92.36.35.38 - - [17/Nov/2017:02:02:45 +0000] "GET /category/electronics HTTP/1.1" 200 62 "/category/computers" "Mozilla/5.0 (Windows NT 6.0; rv:10.0.1) Gecko/20100101 Firefox/10.0.1"
220.36.59.198 - - [17/Nov/2017:02:02:50 +0000] "GET /item/software/4657 HTTP/1.1" 200 136 "/category/electronics" "Mozilla/5.0 (compatible; MSIE 9.0; Windows NT 6.1; WOW64; Trident/5.0)"
188.42.152.136 - - [17/Nov/2017:02:02:55 +0000] "GET /item/software/272 HTTP/1.1" 200 71 "http://www.google.com/search?ie=UTF-8&q=google&sclient=psy-ab&q=Software&oq=Software&aq=f&aqi=g-vL1&aql=&pbx=1&bav=on.2,or.r_gc.r_pw.r_qf.,cf.osb&biw=3961&bih=264" "Mozilla/5.0 (Windows NT 6.0) AppleWebKit/535.11 (KHTML, like Gecko) Chrome/17.0.963.56 Safari/535.11"
32.30.60.100 - - [17/Nov/2017:02:03:00 +0000] "GET /category/books HTTP/1.1" 200 139 "/category/music" "Mozilla/4.0 (compatible; MSIE 8.0; Windows NT 5.1; Trident/4.0; BTRS122159; GTB7.2; .NET CLR 1.1.4322; .NET CLR 2.0.50727; .NET CLR 3.0.04506.30; .NET CLR 3.0.4506.2152; .NET CLR 3.5.30729; BRI/2)"
180.69.110.215 - - [17/Nov/2017:02:03:05 +0000] "GET /item/electronics/229 HTTP/1.1" 200 105 "/category/electronics" "Mozilla/5.0 (iPhone; CPU iPhone OS 5_0_1 like Mac OS X) AppleWebKit/534.46 (KHTML, like Gecko) Version/5.1 Mobile/9A405 Safari/7534.48.3"
188.117.206.31 - - [17/Nov/2017:02:03:10 +0000] "GET /item/health/4533 HTTP/1.1" 200 55 "/item/jewelry/2593" "Mozilla/5.0 (Windows NT 6.1; WOW64; rv:10.0.1) Gecko/20100101 Firefox/10.0.1"
180.147.87.207 - - [17/Nov/2017:02:03:15 +0000] "GET /category/finance HTTP/1.1" 200 76 "-" "Mozilla/5.0 (Macintosh; Intel Mac OS X 10.6; rv:9.0.1) Gecko/20100101 Firefox/9.0.1"
188.171.194.118 - - [17/Nov/2017:02:03:20 +0000] "GET /category/electronics HTTP/1.1" 200 137 "/search/?c=Books" "Mozilla/4.0 (compatible; MSIE 8.0; Windows NT 6.1; Trident/4.0; YTB730; SLCC2; .NET CLR 2.0.50727; .NET CLR 3.5.30729; .NET CLR 3.0.30729; Media Center PC 6.0; .NET4.0C)"
196.57.135.222 - - [17/Nov/2017:02:03:25 +0000] "GET /category/electronics HTTP/1.1" 200 115 "-" "Mozilla/4.0 (compatible; MSIE 8.0; Windows NT 6.0; WOW64; Trident/4.0; GTB6; SLCC1; .NET CLR 2.0.50727; Media Center PC 5.0; .NET CLR 3.5.30729; .NET CLR 3.0.30618; .NET4.0C)"
128.72.102.177 - - [17/Nov/2017:02:03:30 +0000] "GET /category/music HTTP/1.1" 200 61 "-" "Mozilla/4.0 (compatible; MSIE 8.0; Windows NT 6.1; WOW64; Trident/4.0; YTB730; GTB7.2; EasyBits GO v1.0; SLCC2; .NET CLR 2.0.50727; .NET CLR 3.5.30729; .NET CLR 3.0.30729; Media Center PC 6.0; .NET4.0C)"
168.69.212.143 - - [17/Nov/2017:02:03:35 +0000] "GET /category/garden HTTP/1.1" 200 134 "/item/electronics/1679" "Mozilla/5.0 (compatible; MSIE 9.0; Windows NT 6.1; WOW64; Trident/5.0)"
180.150.61.142 - - [17/Nov/2017:02:03:40 +0000] "GET /category/office HTTP/1.1" 200 71 "-" "Mozilla/5.0 (compatible; MSIE 9.0; Windows NT 6.1; WOW64; Trident/5.0)"
96.72.174.129 - - [17/Nov/2017:02:03:45 +0000] "GET /item/jewelry/4114 HTTP/1.1" 404 139 "http://www.google.com/search?ie=UTF-8&q=google&sclient=psy-ab&q=Jewelry&oq=Jewelry&aq=f&aqi=g-vL1&aql=&pbx=1&bav=on.2,or.r_gc.r_pw.r_qf.,cf.osb&biw=4881&bih=529" "Mozilla/4.0 (compatible; MSIE 8.0; Windows NT 6.1; WOW64; Trident/4.0; GTB7.2; SLCC2; .NET CLR 2.0.50727; .NET CLR 3.5.30729; .NET CLR 3.0.30729; Media Center PC 6.0; .NET4.0C)"
28.93.191.106 - - [17/Nov/2017:02:03:50 +0000] "GET /item/books/4586 HTTP/1.1" 200 130 "/category/finance" "Mozilla/5.0 (Windows NT 6.1; WOW64) AppleWebKit/535.11 (KHTML, like Gecko) Chrome/17.0.963.56 Safari/535.11"
96.135.141.175 - - [17/Nov/2017:02:03:55 +0000] "GET /item/games/15 HTTP/1.1" 200 128 "/category/software" "Mozilla/5.0 (Windows NT 6.1; WOW64) AppleWebKit/535.11 (KHTML, like Gecko) Chrome/17.0.963.56 Safari/535.11"
28.129.126.21 - - [17/Nov/2017:02:04:00 +0000] "POST /search/?c=Electronics+Garden HTTP/1.1" 200 53 "-" "Mozilla/5.0 (Windows NT 6.1; WOW64; rv:10.0.1) Gecko/20100101 Firefox/10.0.1"
160.198.155.53 - - [17/Nov/2017:02:04:05 +0000] "GET /item/office/4367 HTTP/1.1" 200 64 "http://www.google.com/search?ie=UTF-8&q=google&sclient=psy-ab&q=Office+Books&oq=Office+Books&aq=f&aqi=g-vL1&aql=&pbx=1&bav=on.2,or.r_gc.r_pw.r_qf.,cf.osb&biw=1594&bih=479" "Mozilla/4.0 (compatible; MSIE 8.0; Windows NT 6.1; WOW64; Trident/4.0; GTB7.2; SLCC2; .NET CLR 2.0.50727; .NET CLR 3.5.30729; .NET CLR 3.0.30729; Media Center PC 6.0; .NET4.0C)"
64.99.106.139 - - [17/Nov/2017:02:04:10 +0000] "GET /item/electronics/950 HTTP/1.1" 200 92 "/search/?c=Electronics" "Mozilla/5.0 (Windows NT 6.0; rv:10.0.1) Gecko/20100101 Firefox/10.0.1"
196.180.153.197 - - [17/Nov/2017:02:04:15 +0000] "GET /item/books/1573 HTTP/1.1" 200 72 "-" "Mozilla/5.0 (Macintosh; Intel Mac OS X 10.6; rv:9.0.1) Gecko/20100101 Firefox/9.0.1"
220.36.59.198 - - [17/Nov/2017:02:04:20 +0000] "GET /item/office/394 HTTP/1.1" 200 65 "-" "Mozilla/5.0 (Windows NT 6.0) AppleWebKit/535.11 (KHTML, like Gecko) Chrome/17.0.963.56 Safari/535.11"
108.135.211.36 - - [17/Nov/2017:02:04:25 +0000] "GET /item/books/4362 HTTP/1.1" 200 42 "/category/finance" "Mozilla/5.0 (iPhone; CPU iPhone OS 5_0_1 like Mac OS X) AppleWebKit/534.46 (KHTML, like Gecko) Version/5.1 Mobile/9A405 Safari/7534.48.3"
216.210.207.165 - - [17/Nov/2017:02:04:30 +0000] "GET /category/networking HTTP/1.1" 200 53 "-" "Mozilla/4.0 (compatible; MSIE 8.0; Windows NT 6.1; WOW64; Trident/4.0; YTB730; GTB7.2; EasyBits GO v1.0; SLCC2; .NET CLR 2.0.50727; .NET CLR 3.5.30729; .NET CLR 3.0.30729; Media Center PC 6.0; .NET4.0C)"
32.105.122.34 - - [17/Nov/2017:02:04:35 +0000] "GET /category/office HTTP/1.1" 200 117 "/category/jewelry" "Mozilla/4.0 (compatible; MSIE 8.0; Windows NT 6.1; WOW64; Trident/4.0; GTB7.2; SLCC2; .NET CLR 2.0.50727; .NET CLR 3.5.30729; .NET CLR 3.0.30729; Media Center PC 6.0; .NET4.0C)"
128.222.178.102 - - [17/Nov/2017:02:04:40 +0000] "GET /category/cameras HTTP/1.1" 200 47 "/item/software/2711" "Mozilla/5.0 (compatible; MSIE 9.0; Windows NT 6.1; Trident/5.0)"
60.27.59.177 - - [17/Nov/2017:02:04:45 +0000] "GET /category/office HTTP/1.1" 200 132 "/search/?c=Games+Office" "Mozilla/5.0 (Macintosh; Intel Mac OS X 10.6; rv:9.0.1) Gecko/20100101 Firefox/9.0.1"
88.228.128.46 - - [17/Nov/2017:02:04:50 +0000] "GET /category/electronics HTTP/1.1" 200 52 "/category/books?from=10" "Mozilla/5.0 (compatible; MSIE 9.0; Windows NT 6.1; WOW64; Trident/5.0)"
176.69.100.211 - - [17/Nov/2017:02:04:55 +0000] "GET /category/software?from=20 HTTP/1.1" 200 64 "/item/networking/3236" "Mozilla/5.0 (Windows NT 5.1) AppleWebKit/535.11 (KHTML, like Gecko) Chrome/17.0.963.46 Safari/535.11"
60.225.108.28 - - [17/Nov/2017:02:05:00 +0000] "GET /category/electronics HTTP/1.1" 200 72 "/category/software" "Mozilla/4.0 (compatible; MSIE 8.0; Windows NT 5.1; Trident/4.0; YTB720; GTB7.2; .NET CLR 1.1.4322; .NET CLR 2.0.50727; .NET CLR 3.0.4506.2152; .NET CLR 3.5.30729)"
120.171.185.176 - - [17/Nov/2017:02:05:05 +0000] "GET /category/books HTTP/1.1" 200 109 "/category/jewelry" "Mozilla/4.0 (compatible; MSIE 8.0; Windows NT 6.0; WOW64; Trident/4.0; GTB6; SLCC1; .NET CLR 2.0.50727; Media Center PC 5.0; .NET CLR 3.5.30729; .NET CLR 3.0.30618; .NET4.0C)"
24.189.103.60 - - [17/Nov/2017:02:05:10 +0000] "GET /category/garden HTTP/1.1" 200 52 "/category/electronics" "Mozilla/5.0 (compatible; MSIE 9.0; Windows NT 6.1; WOW64; Trident/5.0)"
92.186.177.75 - - [17/Nov/2017:02:05:15 +0000] "GET /item/giftcards/905 HTTP/1.1" 200 94 "/category/giftcards" "Mozilla/4.0 (compatible; MSIE 8.0; Windows NT 5.1; Trident/4.0; BTRS122159; GTB7.2; .NET CLR 1.1.4322; .NET CLR 2.0.50727; .NET CLR 3.0.04506.30; .NET CLR 3.0.4506.2152; .NET CLR 3.5.30729; BRI/2)"
84.150.155.34 - - [17/Nov/2017:02:05:20 +0000] "POST /search/?c=Toys+Toys HTTP/1.1" 200 102 "/category/finance" "Mozilla/5.0 (Windows NT 6.1; WOW64; rv:10.0.1) Gecko/20100101 Firefox/10.0.1"
184.156.203.71 - - [17/Nov/2017:02:05:25 +0000] "GET /category/networking HTTP/1.1" 200 136 "/category/software" "Mozilla/5.0 (Windows NT 6.1; WOW64) AppleWebKit/535.7 (KHTML, like Gecko) Chrome/16.0.912.77 Safari/535.7"
216.99.176.92 - - [17/Nov/2017:02:05:30 +0000] "GET /item/electronics/287 HTTP/1.1" 200 50 "-" "Mozilla/5.0 (Windows NT 6.1; WOW64) AppleWebKit/535.11 (KHTML, like Gecko) Chrome/17.0.963.56 Safari/535.11"
48.123.171.122 - - [17/Nov/2017:02:05:35 +0000] "GET /item/software/2 HTTP/1.1" 200 139 "-" "Mozilla/4.0 (compatible; MSIE 8.0; Windows NT 6.0; WOW64; Trident/4.0; GTB6; SLCC1; .NET CLR 2.0.50727; Media Center PC 5.0; .NET CLR 3.5.30729; .NET CLR 3.0.30618; .NET4.0C)"
116.225.31.103 - - [17/Nov/2017:02:05:40 +0000] "GET /item/electronics/3410 HTTP/1.1" 200 123 "/item/toys/2432" "Mozilla/5.0 (Windows NT 5.1) AppleWebKit/535.11 (KHTML, like Gecko) Chrome/17.0.963.46 Safari/535.11"
152.225.175.76 - - [17/Nov/2017:02:05:45 +0000] "GET /item/electronics/2426 HTTP/1.1" 200 91 "-" "Mozilla/5.0 (Windows NT 6.1; WOW64) AppleWebKit/535.11 (KHTML, like Gecko) Chrome/17.0.963.56 Safari/535.11"
184.156.203.71 - - [17/Nov/2017:02:05:50 +0000] "GET /category/finance HTTP/1.1" 200 124 "-" "Mozilla/5.0 (Windows NT 6.0; rv:10.0.1) Gecko/20100101 Firefox/10.0.1"
208.114.138.190 - - [17/Nov/2017:02:05:55 +0000] "GET /category/electronics HTTP/1.1" 200 61 "/category/giftcards?from=10" "Mozilla/5.0 (Macintosh; Intel Mac OS X 10.6; rv:9.0.1) Gecko/20100101 Firefox/9.0.1"
144.105.154.81 - - [17/Nov/2017:02:06:00 +0000] "GET /category/electronics HTTP/1.1" 200 113 "/category/games" "Mozilla/5.0 (Windows NT 6.1; WOW64; rv:10.0.1) Gecko/20100101 Firefox/10.0.1"
200.225.159.107 - - [17/Nov/2017:02:06:05 +0000] "GET /item/games/110 HTTP/1.1" 200 48 "/item/garden/2971" "Mozilla/5.0 (Windows NT 6.1; WOW64; rv:10.0.1) Gecko/20100101 Firefox/10.0.1"
92.99.34.90 - - [17/Nov/2017:02:06:10 +0000] "GET /item/giftcards/357 HTTP/1.1" 200 92 "-" "Mozilla/4.0 (compatible; MSIE 8.0; Windows NT 6.1; WOW64; Trident/4.0; GTB7.2; SLCC2; .NET CLR 2.0.50727; .NET CLR 3.5.30729; .NET CLR 3.0.30729; Media Center PC 6.0; .NET4.0C)"
212.222.165.164 - - [17/Nov/2017:02:06:15 +0000] "GET /item/cameras/2644 HTTP/1.1" 200 124 "/category/electronics?from=0" "Mozilla/5.0 (Windows NT 6.1; WOW64; rv:10.0.1) Gecko/20100101 Firefox/10.0.1"
52.39.67.99 - - [17/Nov/2017:02:06:20 +0000] "GET /item/games/3868 HTTP/1.1" 200 98 "/item/finance/1103" "Mozilla/5.0 (iPad; CPU OS 5_0_1 like Mac OS X) AppleWebKit/534.46 (KHTML, like Gecko) Version/5.1 Mobile/9A405 Safari/7534.48.3"
92.57.122.229 - - [17/Nov/2017:02:06:25 +0000] "GET /category/sports?from=0 HTTP/1.1" 200 81 "-" "Mozilla/5.0 (Windows NT 6.1; WOW64; rv:10.0.1) Gecko/20100101 Firefox/10.0.1"
84.162.134.68 - - [17/Nov/2017:02:06:30 +0000] "GET /category/electronics HTTP/1.1" 200 137 "/category/finance" "Mozilla/5.0 (Macintosh; Intel Mac OS X 10.6; rv:9.0.1) Gecko/20100101 Firefox/9.0.1"
184.189.139.105 - - [17/Nov/2017:02:06:35 +0000] "GET /item/garden/1220 HTTP/1.1" 200 112 "/search/?c=Garden+Cameras" "Mozilla/5.0 (Macintosh; Intel Mac OS X 10.6; rv:9.0.1) Gecko/20100101 Firefox/9.0.1"
148.90.219.96 - - [17/Nov/2017:02:06:40 +0000] "GET /item/toys/3743 HTTP/1.1" 200 46 "/search/?c=Toys+Games" "Mozilla/5.0 (Windows NT 6.0; rv:10.0.1) Gecko/20100101 Firefox/10.0.1"
224.96.137.128 - - [17/Nov/2017:02:06:45 +0000] "GET /category/software?from=10 HTTP/1.1" 200 95 "/search/?c=Games" "Mozilla/5.0 (Windows NT 6.1; WOW64) AppleWebKit/535.7 (KHTML, like Gecko) Chrome/16.0.912.77 Safari/535.7"
128.27.162.45 - - [17/Nov/2017:02:06:50 +0000] "GET /item/software/1017 HTTP/1.1" 200 109 "/item/giftcards/3275" "Mozilla/5.0 (Windows NT 6.0) AppleWebKit/535.11 (KHTML, like Gecko) Chrome/17.0.963.56 Safari/535.11"
212.225.203.50 - - [17/Nov/2017:02:06:55 +0000] "GET /item/toys/67 HTTP/1.1" 200 117 "-" "Mozilla/5.0 (Windows NT 6.1; WOW64) AppleWebKit/535.11 (KHTML, like Gecko) Chrome/17.0.963.56 Safari/535.11"
192.51.157.22 - - [17/Nov/2017:02:07:00 +0000] "GET /item/books/1869 HTTP/1.1" 200 134 "/item/games/3868" "Mozilla/5.0 (Windows NT 6.1; WOW64; rv:10.0.1) Gecko/20100101 Firefox/10.0.1"
80.63.29.149 - - [17/Nov/2017:02:07:05 +0000] "GET /category/electronics HTTP/1.1" 200 80 "/item/music/532" "Mozilla/4.0 (compatible; MSIE 8.0; Windows NT 6.1; Trident/4.0; YTB730; SLCC2; .NET CLR 2.0.50727; .NET CLR 3.5.30729; .NET CLR 3.0.30729; Media Center PC 6.0; .NET4.0C)"
104.189.169.48 - - [17/Nov/2017:02:07:10 +0000] "GET /item/health/1983 HTTP/1.1" 200 59 "-" "Mozilla/5.0 (Windows NT 6.0; rv:10.0.1) Gecko/20100101 Firefox/10.0.1"
120.129.24.195 - - [17/Nov/2017:02:07:15 +0000] "GET /category/electronics HTTP/1.1" 200 101 "/category/games" "Mozilla/5.0 (Windows NT 6.1; WOW64) AppleWebKit/535.7 (KHTML, like Gecko) Chrome/16.0.912.77 Safari/535.7"
116.21.137.191 - - [17/Nov/2017:02:07:20 +0000] "GET /category/software HTTP/1.1" 200 130 "-" "Mozilla/4.0 (compatible; MSIE 8.0; Windows NT 6.1; WOW64; Trident/4.0; YTB730; GTB7.2; SLCC2; .NET CLR 2.0.50727; .NET CLR 3.5.30729; .NET CLR 3.0.30729; .NET4.0C; .NET4.0E; Media Center PC 6.0)"
44.162.33.184 - - [17/Nov/2017:02:07:25 +0000] "GET /category/electronics HTTP/1.1" 200 90 "-" "Mozilla/5.0 (Macintosh; Intel Mac OS X 10.6; rv:9.0.1) Gecko/20100101 Firefox/9.0.1"
72.123.144.157 - - [17/Nov/2017:02:07:30 +0000] "GET /category/networking?from=20 HTTP/1.1" 200 133 "-" "Mozilla/5.0 (Macintosh; Intel Mac OS X 10.6; rv:9.0.1) Gecko/20100101 Firefox/9.0.1"
212.156.57.223 - - [17/Nov/2017:02:07:35 +0000] "GET /item/electronics/2034 HTTP/1.1" 200 100 "/category/electronics" "Mozilla/4.0 (compatible; MSIE 8.0; Windows NT 5.1; Trident/4.0; YTB720; GTB7.2; .NET CLR 1.1.4322; .NET CLR 2.0.50727; .NET CLR 3.0.4506.2152; .NET CLR 3.5.30729)"
72.123.67.110 - - [17/Nov/2017:02:07:40 +0000] "GET /item/games/2746 HTTP/1.1" 200 135 "/item/computers/1333" "Mozilla/5.0 (Windows NT 6.1; WOW64) AppleWebKit/535.11 (KHTML, like Gecko) Chrome/17.0.963.56 Safari/535.11"
80.162.143.170 - - [17/Nov/2017:02:07:45 +0000] "GET /category/electronics HTTP/1.1" 200 101 "-" "Mozilla/5.0 (Macintosh; Intel Mac OS X 10.6; rv:9.0.1) Gecko/20100101 Firefox/9.0.1"
112.219.145.202 - - [17/Nov/2017:02:07:50 +0000] "GET /item/garden/1060 HTTP/1.1" 200 74 "/category/garden" "Mozilla/5.0 (Windows NT 6.0; rv:10.0.1) Gecko/20100101 Firefox/10.0.1"
84.216.173.176 - - [17/Nov/2017:02:07:55 +0000] "GET /category/toys HTTP/1.1" 200 126 "-" "Mozilla/5.0 (compatible; MSIE 9.0; Windows NT 6.1; WOW64; Trident/5.0)"
156.132.137.129 - - [17/Nov/2017:02:08:00 +0000] "GET /category/toys HTTP/1.1" 200 40 "-" "Mozilla/5.0 (Windows NT 6.0; rv:10.0.1) Gecko/20100101 Firefox/10.0.1"
112.186.182.189 - - [17/Nov/2017:02:08:05 +0000] "POST /search/?c=Toys+Toys HTTP/1.1" 200 69 "/item/electronics/950" "Mozilla/5.0 (compatible; MSIE 9.0; Windows NT 6.1; WOW64; Trident/5.0)"
216.33.82.203 - - [17/Nov/2017:02:08:10 +0000] "GET /category/software HTTP/1.1" 200 104 "-" "Mozilla/4.0 (compatible; MSIE 8.0; Windows NT 6.0; WOW64; Trident/4.0; GTB6; SLCC1; .NET CLR 2.0.50727; Media Center PC 5.0; .NET CLR 3.5.30729; .NET CLR 3.0.30618; .NET4.0C)"
92.180.180.225 - - [17/Nov/2017:02:08:15 +0000] "GET /category/electronics HTTP/1.1" 200 137 "-" "Mozilla/5.0 (Windows NT 6.0; rv:10.0.1) Gecko/20100101 Firefox/10.0.1"
196.216.154.206 - - [17/Nov/2017:02:08:20 +0000] "GET /category/office HTTP/1.1" 200 139 "-" "Mozilla/4.0 (compatible; MSIE 8.0; Windows NT 6.1; WOW64; Trident/4.0; YTB730; GTB7.2; EasyBits GO v1.0; SLCC2; .NET CLR 2.0.50727; .NET CLR 3.5.30729; .NET CLR 3.0.30729; Media Center PC 6.0; .NET4.0C)"
72.39.200.100 - - [17/Nov/2017:02:08:25 +0000] "GET /item/garden/1634 HTTP/1.1" 200 43 "http://www.google.com/search?ie=UTF-8&q=google&sclient=psy-ab&q=Garden+Garden&oq=Garden+Garden&aq=f&aqi=g-vL1&aql=&pbx=1&bav=on.2,or.r_gc.r_pw.r_qf.,cf.osb&biw=1159&bih=510" "Mozilla/5.0 (Windows NT 6.0) AppleWebKit/535.11 (KHTML, like Gecko) Chrome/17.0.963.56 Safari/535.11"
20.153.84.177 - - [17/Nov/2017:02:08:30 +0000] "GET /category/office HTTP/1.1" 200 118 "/category/games" "Mozilla/5.0 (Windows NT 6.1; WOW64) AppleWebKit/535.7 (KHTML, like Gecko) Chrome/16.0.912.77 Safari/535.7"
216.177.42.228 - - [17/Nov/2017:02:08:35 +0000] "GET /category/networking HTTP/1.1" 200 46 "-" "Mozilla/5.0 (compatible; Googlebot/2.1; +http://www.google.com/bot.html)"
140.51.85.207 - - [17/Nov/2017:02:08:40 +0000] "GET /item/software/1546 HTTP/1.1" 200 45 "-" "Mozilla/5.0 (Windows NT 6.0) AppleWebKit/535.11 (KHTML, like Gecko) Chrome/17.0.963.56 Safari/535.11"
136.72.86.184 - - [17/Nov/2017:02:08:45 +0000] "GET /category/networking HTTP/1.1" 200 82 "/item/computers/2093" "Mozilla/5.0 (Windows NT 6.0; rv:10.0.1) Gecko/20100101 Firefox/10.0.1"
216.84.184.134 - - [17/Nov/2017:02:08:50 +0000] "GET /item/garden/1912 HTTP/1.1" 200 84 "/category/sports" "Mozilla/5.0 (Windows NT 6.1; WOW64) AppleWebKit/535.11 (KHTML, like Gecko) Chrome/17.0.963.56 Safari/535.11"
156.105.121.202 - - [17/Nov/2017:02:08:55 +0000] "GET /item/electronics/3882 HTTP/1.1" 200 94 "/item/music/2069" "Mozilla/5.0 (Windows NT 6.1; WOW64; rv:10.0.1) Gecko/20100101 Firefox/10.0.1"
176.39.156.216 - - [17/Nov/2017:02:09:00 +0000] "GET /item/software/1527 HTTP/1.1" 200 64 "-" "Mozilla/5.0 (compatible; MSIE 9.0; Windows NT 6.1; Trident/5.0)"
120.189.186.127 - - [17/Nov/2017:02:09:05 +0000] "GET /item/games/3868 HTTP/1.1" 200 98 "/category/games" "Mozilla/5.0 (iPhone; CPU iPhone OS 5_0_1 like Mac OS X) AppleWebKit/534.46 (KHTML, like Gecko) Version/5.1 Mobile/9A405 Safari/7534.48.3"
208.207.38.30 - - [17/Nov/2017:02:09:10 +0000] "GET /item/garden/4383 HTTP/1.1" 200 95 "/item/electronics/1206" "Mozilla/5.0 (compatible; MSIE 9.0; Windows NT 6.1; WOW64; Trident/5.0)"
28.132.108.116 - - [17/Nov/2017:02:09:15 +0000] "GET /category/electronics HTTP/1.1" 200 50 "-" "Mozilla/5.0 (compatible; MSIE 9.0; Windows NT 6.1; Trident/5.0)"
140.57.182.120 - - [17/Nov/2017:02:09:20 +0000] "POST /search/?c=Jewelry HTTP/1.1" 200 100 "-" "Mozilla/4.0 (compatible; MSIE 8.0; Windows NT 5.1; Trident/4.0; BTRS122159; GTB7.2; .NET CLR 1.1.4322; .NET CLR 2.0.50727; .NET CLR 3.0.04506.30; .NET CLR 3.0.4506.2152; .NET CLR 3.5.30729; BRI/2)"
112.69.33.49 - - [17/Nov/2017:02:09:25 +0000] "GET /category/books HTTP/1.1" 200 73 "/item/games/2746" "Mozilla/5.0 (Windows NT 6.1; WOW64; rv:10.0.1) Gecko/20100101 Firefox/10.0.1"
80.162.143.170 - - [17/Nov/2017:02:09:30 +0000] "GET /item/books/3757 HTTP/1.1" 200 115 "/category/books" "Mozilla/5.0 (Macintosh; Intel Mac OS X 10.6; rv:9.0.1) Gecko/20100101 Firefox/9.0.1"
152.90.220.86 - - [17/Nov/2017:02:09:35 +0000] "GET /item/games/2746 HTTP/1.1" 200 135 "http://www.google.com/search?ie=UTF-8&q=google&sclient=psy-ab&q=Games+Games&oq=Games+Games&aq=f&aqi=g-vL1&aql=&pbx=1&bav=on.2,or.r_gc.r_pw.r_qf.,cf.osb&biw=4490&bih=352" "Mozilla/4.0 (compatible; MSIE 8.0; Windows NT 6.1; WOW64; Trident/4.0; YTB730; GTB7.2; EasyBits GO v1.0; SLCC2; .NET CLR 2.0.50727; .NET CLR 3.5.30729; .NET CLR 3.0.30729; Media Center PC 6.0; .NET4.0C)"
176.30.78.65 - - [17/Nov/2017:02:09:40 +0000] "GET /category/games HTTP/1.1" 200 114 "/item/books/3101" "Mozilla/5.0 (compatible; MSIE 9.0; Windows NT 6.1; WOW64; Trident/5.0)"
92.180.25.27 - - [17/Nov/2017:02:09:45 +0000] "GET /category/electronics HTTP/1.1" 200 91 "/category/games" "Mozilla/5.0 (Windows NT 6.1; WOW64; rv:10.0.1) Gecko/20100101 Firefox/10.0.1"
144.228.38.65 - - [17/Nov/2017:02:09:50 +0000] "GET /item/electronics/4642 HTTP/1.1" 200 65 "/item/office/84" "Mozilla/5.0 (Macintosh; Intel Mac OS X 10.6; rv:9.0.1) Gecko/20100101 Firefox/9.0.1"
96.99.84.183 - - [17/Nov/2017:02:09:55 +0000] "GET /category/electronics HTTP/1.1" 200 80 "/category/networking" "Mozilla/5.0 (Windows NT 5.1) AppleWebKit/535.11 (KHTML, like Gecko) Chrome/17.0.963.46 Safari/535.11"
124.135.65.135 - - [17/Nov/2017:02:10:00 +0000] "GET /item/software/2724 HTTP/1.1" 200 123 "/category/software" "Mozilla/4.0 (compatible; MSIE 8.0; Windows NT 6.1; Trident/4.0; YTB730; SLCC2; .NET CLR 2.0.50727; .NET CLR 3.5.30729; .NET CLR 3.0.30729; Media Center PC 6.0; .NET4.0C)"
216.153.155.217 - - [17/Nov/2017:02:10:05 +0000] "GET /item/games/4762 HTTP/1.1" 200 96 "-" "Mozilla/5.0 (Windows NT 6.0) AppleWebKit/535.11 (KHTML, like Gecko) Chrome/17.0.963.56 Safari/535.11"
24.216.105.63 - - [17/Nov/2017:02:10:10 +0000] "GET /item/office/851 HTTP/1.1" 200 129 "-" "Mozilla/4.0 (compatible; MSIE 8.0; Windows NT 5.1; Trident/4.0; BTRS122159; GTB7.2; .NET CLR 1.1.4322; .NET CLR 2.0.50727; .NET CLR 3.0.04506.30; .NET CLR 3.0.4506.2152; .NET CLR 3.5.30729; BRI/2)"
32.99.62.111 - - [17/Nov/2017:02:10:15 +0000] "GET /item/garden/473 HTTP/1.1" 200 137 "/item/finance/4492" "Mozilla/5.0 (Windows NT 6.1; WOW64; rv:10.0.1) Gecko/20100101 Firefox/10.0.1"
60.117.58.163 - - [17/Nov/2017:02:10:20 +0000] "GET /item/electronics/4025 HTTP/1.1" 200 124 "/search/?c=Electronics" "Mozilla/5.0 (compatible; MSIE 9.0; Windows NT 6.1; WOW64; Trident/5.0)"
56.102.229.220 - - [17/Nov/2017:02:10:25 +0000] "GET /category/electronics?from=20 HTTP/1.1" 200 45 "/search/?c=Electronics+Software" "Mozilla/5.0 (Windows NT 6.1; WOW64; rv:10.0.1) Gecko/20100101 Firefox/10.0.1"
20.180.93.217 - - [17/Nov/2017:02:10:30 +0000] "GET /category/sports?from=0 HTTP/1.1" 200 81 "/category/music" "Mozilla/4.0 (compatible; MSIE 8.0; Windows NT 6.1; WOW64; Trident/4.0; YTB730; GTB7.2; SLCC2; .NET CLR 2.0.50727; .NET CLR 3.5.30729; .NET CLR 3.0.30729; .NET4.0C; .NET4.0E; Media Center PC 6.0)"
56.162.217.61 - - [17/Nov/2017:02:10:35 +0000] "GET /category/software HTTP/1.1" 200 86 "/category/electronics?from=20" "Mozilla/5.0 (Windows NT 6.1; WOW64) AppleWebKit/535.11 (KHTML, like Gecko) Chrome/17.0.963.56 Safari/535.11"
212.186.23.183 - - [17/Nov/2017:02:10:40 +0000] "GET /category/office HTTP/1.1" 200 60 "-" "Mozilla/5.0 (Windows NT 6.0; rv:10.0.1) Gecko/20100101 Firefox/10.0.1"
80.39.121.152 - - [17/Nov/2017:02:10:45 +0000] "GET /category/office HTTP/1.1" 200 86 "-" "Mozilla/5.0 (Windows NT 6.1; WOW64) AppleWebKit/535.11 (KHTML, like Gecko) Chrome/17.0.963.56 Safari/535.11"
112.60.139.35 - - [17/Nov/2017:02:10:50 +0000] "GET /category/toys HTTP/1.1" 200 47 "/item/software/2434" "Mozilla/4.0 (compatible; MSIE 8.0; Windows NT 6.1; Trident/4.0; YTB730; SLCC2; .NET CLR 2.0.50727; .NET CLR 3.5.30729; .NET CLR 3.0.30729; Media Center PC 6.0; .NET4.0C)"
172.51.61.163 - - [17/Nov/2017:02:10:55 +0000] "POST /search/?c=Computers HTTP/1.1" 200 41 "-" "Mozilla/4.0 (compatible; MSIE 8.0; Windows NT 6.1; Trident/4.0; YTB730; SLCC2; .NET CLR 2.0.50727; .NET CLR 3.5.30729; .NET CLR 3.0.30729; Media Center PC 6.0; .NET4.0C)"
176.210.158.39 - - [17/Nov/2017:02:11:00 +0000] "GET /category/garden?from=20 HTTP/1.1" 200 69 "/item/electronics/4582" "Mozilla/5.0 (Windows NT 6.1; WOW64) AppleWebKit/535.11 (KHTML, like Gecko) Chrome/17.0.963.56 Safari/535.11"
180.174.143.124 - - [17/Nov/2017:02:11:05 +0000] "GET /category/sports HTTP/1.1" 200 48 "-" "Mozilla/5.0 (compatible; MSIE 9.0; Windows NT 6.1; WOW64; Trident/5.0)"
188.165.102.75 - - [17/Nov/2017:02:11:10 +0000] "GET /category/games HTTP/1.1" 200 135 "-" "Mozilla/5.0 (Windows NT 6.0) AppleWebKit/535.11 (KHTML, like Gecko) Chrome/17.0.963.56 Safari/535.11"
180.150.61.142 - - [17/Nov/2017:02:11:15 +0000] "GET /item/electronics/4248 HTTP/1.1" 200 48 "/category/electronics" "Mozilla/5.0 (compatible; MSIE 9.0; Windows NT 6.1; WOW64; Trident/5.0)"
148.126.188.205 - - [17/Nov/2017:02:11:20 +0000] "GET /category/sports HTTP/1.1" 200 61 "-" "Mozilla/5.0 (Windows NT 6.0; rv:10.0.1) Gecko/20100101 Firefox/10.0.1"
144.90.208.217 - - [17/Nov/2017:02:11:25 +0000] "GET /item/electronics/4251 HTTP/1.1" 200 139 "/search/?c=Electronics+Books" "Mozilla/5.0 (compatible; Googlebot/2.1; +http://www.google.com/bot.html)"
160.177.26.162 - - [17/Nov/2017:02:11:30 +0000] "GET /category/electronics?from=0 HTTP/1.1" 200 112 "/category/electronics" "Mozilla/5.0 (compatible; MSIE 9.0; Windows NT 6.1; Trident/5.0)"
52.39.67.99 - - [17/Nov/2017:02:11:35 +0000] "GET /item/books/4322 HTTP/1.1" 200 44 "/search/?c=Books+Books" "Mozilla/5.0 (Windows NT 5.1) AppleWebKit/535.11 (KHTML, like Gecko) Chrome/17.0.963.46 Safari/535.11"
132.111.91.221 - - [17/Nov/2017:02:11:40 +0000] "GET /item/garden/4052 HTTP/1.1" 200 88 "/item/software/71" "Mozilla/5.0 (Windows NT 6.1; WOW64) AppleWebKit/535.7 (KHTML, like Gecko) Chrome/16.0.912.77 Safari/535.7"
216.159.84.36 - - [17/Nov/2017:02:11:45 +0000] "GET /category/office HTTP/1.1" 200 71 "-" "Mozilla/5.0 (iPad; CPU OS 5_0_1 like Mac OS X) AppleWebKit/534.46 (KHTML, like Gecko) Version/5.1 Mobile/9A405 Safari/7534.48.3"
84.219.194.27 - - [17/Nov/2017:02:11:50 +0000] "GET /category/music HTTP/1.1" 200 87 "-" "Mozilla/5.0 (compatible; MSIE 9.0; Windows NT 6.1; WOW64; Trident/5.0)"
144.216.152.78 - - [17/Nov/2017:02:11:55 +0000] "GET /category/books HTTP/1.1" 200 55 "/item/giftcards/2757" "Mozilla/4.0 (compatible; MSIE 8.0; Windows NT 5.1; Trident/4.0; YTB720; GTB7.2; .NET CLR 1.1.4322; .NET CLR 2.0.50727; .NET CLR 3.0.4506.2152; .NET CLR 3.5.30729)"
104.189.169.48 - - [17/Nov/2017:02:12:00 +0000] "POST /search/?c=Music+Music HTTP/1.1" 200 119 "-" "Mozilla/5.0 (Windows NT 6.1; WOW64) AppleWebKit/535.11 (KHTML, like Gecko) Chrome/17.0.963.56 Safari/535.11"
20.27.98.157 - - [17/Nov/2017:02:12:05 +0000] "POST /search/?c=Electronics+Garden HTTP/1.1" 200 118 "/category/electronics" "Mozilla/5.0 (compatible; MSIE 9.0; Windows NT 6.1; Trident/5.0)"
216.54.131.48 - - [17/Nov/2017:02:12:10 +0000] "GET /category/software HTTP/1.1" 200 123 "/item/games/152" "Mozilla/5.0 (compatible; MSIE 9.0; Windows NT 6.1; Trident/5.0)"
108.78.86.154 - - [17/Nov/2017:02:12:15 +0000] "GET /category/finance HTTP/1.1" 200 136 "/item/games/3491" "Mozilla/5.0 (Windows NT 6.0) AppleWebKit/535.11 (KHTML, like Gecko) Chrome/17.0.963.56 Safari/535.11"
84.30.118.31 - - [17/Nov/2017:02:12:20 +0000] "GET /item/games/1490 HTTP/1.1" 200 47 "/category/electronics" "Mozilla/4.0 (compatible; MSIE 8.0; Windows NT 6.1; WOW64; Trident/4.0; GTB7.2; SLCC2; .NET CLR 2.0.50727; .NET CLR 3.5.30729; .NET CLR 3.0.30729; Media Center PC 6.0; .NET4.0C)"
20.45.200.182 - - [17/Nov/2017:02:12:25 +0000] "POST /search/?c=Networking HTTP/1.1" 200 110 "/item/electronics/229" "Mozilla/5.0 (Windows NT 6.0) AppleWebKit/535.11 (KHTML, like Gecko) Chrome/17.0.963.56 Safari/535.11"
172.204.128.196 - - [17/Nov/2017:02:12:30 +0000] "GET /item/software/4680 HTTP/1.1" 200 89 "/category/books" "Mozilla/5.0 (Windows NT 6.0; rv:10.0.1) Gecko/20100101 Firefox/10.0.1"
144.201.149.141 - - [17/Nov/2017:02:12:35 +0000] "GET /item/books/4362 HTTP/1.1" 200 42 "/item/electronics/1706" "Mozilla/5.0 (compatible; MSIE 9.0; Windows NT 6.1; WOW64; Trident/5.0)"
136.63.21.83 - - [17/Nov/2017:02:12:40 +0000] "GET /category/jewelry?from=20 HTTP/1.1" 200 107 "/search/?c=Jewelry" "Mozilla/5.0 (compatible; MSIE 9.0; Windows NT 6.1; WOW64; Trident/5.0)"
44.102.75.27 - - [17/Nov/2017:02:12:45 +0000] "GET /category/networking HTTP/1.1" 200 94 "/category/books" "Mozilla/5.0 (Windows NT 6.1; WOW64) AppleWebKit/535.11 (KHTML, like Gecko) Chrome/17.0.963.56 Safari/535.11"
32.198.203.102 - - [17/Nov/2017:02:12:50 +0000] "GET /item/sports/3851 HTTP/1.1" 200 49 "/item/finance/4075" "Mozilla/5.0 (Windows NT 6.0) AppleWebKit/535.11 (KHTML, like Gecko) Chrome/17.0.963.56 Safari/535.11"
28.27.177.180 - - [17/Nov/2017:02:12:55 +0000] "GET /item/networking/2789 HTTP/1.1" 200 132 "-" "Mozilla/5.0 (compatible; MSIE 9.0; Windows NT 6.1; WOW64; Trident/5.0)"
220.153.74.79 - - [17/Nov/2017:02:13:00 +0000] "GET /category/networking HTTP/1.1" 200 119 "/category/software" "Mozilla/4.0 (compatible; MSIE 8.0; Windows NT 5.1; Trident/4.0; YTB720; GTB7.2; .NET CLR 1.1.4322; .NET CLR 2.0.50727; .NET CLR 3.0.4506.2152; .NET CLR 3.5.30729)"
164.219.67.33 - - [17/Nov/2017:02:13:05 +0000] "GET /item/software/875 HTTP/1.1" 200 132 "http://www.google.com/search?ie=UTF-8&q=google&sclient=psy-ab&q=Software&oq=Software&aq=f&aqi=g-vL1&aql=&pbx=1&bav=on.2,or.r_gc.r_pw.r_qf.,cf.osb&biw=816&bih=471" "Mozilla/4.0 (compatible; MSIE 8.0; Windows NT 6.1; WOW64; Trident/4.0; YTB730; GTB7.2; SLCC2; .NET CLR 2.0.50727; .NET CLR 3.5.30729; .NET CLR 3.0.30729; .NET4.0C; .NET4.0E; Media Center PC 6.0)"
152.213.199.56 - - [17/Nov/2017:02:13:10 +0000] "GET /category/computers HTTP/1.1" 200 131 "http://www.google.com/search?ie=UTF-8&q=google&sclient=psy-ab&q=Computers&oq=Computers&aq=f&aqi=g-vL1&aql=&pbx=1&bav=on.2,or.r_gc.r_pw.r_qf.,cf.osb&biw=2512&bih=576" "Mozilla/4.0 (compatible; MSIE 8.0; Windows NT 5.1; Trident/4.0; BTRS122159; GTB7.2; .NET CLR 1.1.4322; .NET CLR 2.0.50727; .NET CLR 3.0.04506.30; .NET CLR 3.0.4506.2152; .NET CLR 3.5.30729; BRI/2)"
80.39.194.34 - - [17/Nov/2017:02:13:15 +0000] "POST /search/?c=Games+Software HTTP/1.1" 200 55 "-" "Mozilla/4.0 (compatible; MSIE 8.0; Windows NT 6.1; WOW64; Trident/4.0; YTB730; GTB7.2; SLCC2; .NET CLR 2.0.50727; .NET CLR 3.5.30729; .NET CLR 3.0.30729; .NET4.0C; .NET4.0E; Media Center PC 6.0)"
64.24.130.157 - - [17/Nov/2017:02:13:20 +0000] "GET /item/software/4520 HTTP/1.1" 200 75 "-" "Mozilla/5.0 (Windows NT 6.0) AppleWebKit/535.11 (KHTML, like Gecko) Chrome/17.0.963.56 Safari/535.11"
112.21.69.67 - - [17/Nov/2017:02:13:25 +0000] "GET /category/games HTTP/1.1" 200 135 "/category/electronics" "Mozilla/4.0 (compatible; MSIE 8.0; Windows NT 6.0; WOW64; Trident/4.0; GTB6; SLCC1; .NET CLR 2.0.50727; Media Center PC 5.0; .NET CLR 3.5.30729; .NET CLR 3.0.30618; .NET4.0C)"
208.150.70.225 - - [17/Nov/2017:02:13:30 +0000] "GET /item/games/4398 HTTP/1.1" 200 112 "/category/games" "Mozilla/4.0 (compatible; MSIE 8.0; Windows NT 5.1; Trident/4.0; BTRS122159; GTB7.2; .NET CLR 1.1.4322; .NET CLR 2.0.50727; .NET CLR 3.0.04506.30; .NET CLR 3.0.4506.2152; .NET CLR 3.5.30729; BRI/2)"
224.69.88.152 - - [17/Nov/2017:02:13:35 +0000] "GET /category/cameras?from=20 HTTP/1.1" 200 114 "/category/electronics" "Mozilla/5.0 (Macintosh; Intel Mac OS X 10.6; rv:9.0.1) Gecko/20100101 Firefox/9.0.1"
212.90.155.59 - - [17/Nov/2017:02:13:40 +0000] "GET /category/finance HTTP/1.1" 200 76 "-" "Mozilla/5.0 (Windows NT 6.0; rv:10.0.1) Gecko/20100101 Firefox/10.0.1"
212.90.155.59 - - [17/Nov/2017:02:13:45 +0000] "GET /item/garden/4804 HTTP/1.1" 200 82 "/category/garden" "Mozilla/5.0 (compatible; MSIE 9.0; Windows NT 6.1; Trident/5.0)"
52.147.207.228 - - [17/Nov/2017:02:13:50 +0000] "POST /search/?c=Books+Networking HTTP/1.1" 200 82 "/category/games" "Mozilla/5.0 (compatible; Googlebot/2.1; +http://www.google.com/bot.html)"
180.225.135.58 - - [17/Nov/2017:02:13:55 +0000] "GET /category/health?from=10 HTTP/1.1" 200 89 "-" "Mozilla/4.0 (compatible; MSIE 8.0; Windows NT 6.0; WOW64; Trident/4.0; GTB6; SLCC1; .NET CLR 2.0.50727; Media Center PC 5.0; .NET CLR 3.5.30729; .NET CLR 3.0.30618; .NET4.0C)"
212.174.139.73 - - [17/Nov/2017:02:14:00 +0000] "GET /item/books/237 HTTP/1.1" 200 95 "-" "Mozilla/4.0 (compatible; MSIE 8.0; Windows NT 5.1; Trident/4.0; BTRS122159; GTB7.2; .NET CLR 1.1.4322; .NET CLR 2.0.50727; .NET CLR 3.0.04506.30; .NET CLR 3.0.4506.2152; .NET CLR 3.5.30729; BRI/2)"
212.60.196.21 - - [17/Nov/2017:02:14:05 +0000] "GET /category/software?from=20 HTTP/1.1" 200 94 "/search/?c=Software" "Mozilla/4.0 (compatible; MSIE 8.0; Windows NT 6.1; Trident/4.0; YTB730; SLCC2; .NET CLR 2.0.50727; .NET CLR 3.5.30729; .NET CLR 3.0.30729; Media Center PC 6.0; .NET4.0C)"
216.153.155.217 - - [17/Nov/2017:02:14:10 +0000] "GET /category/office HTTP/1.1" 200 88 "/category/software" "Mozilla/5.0 (Windows NT 6.0) AppleWebKit/535.11 (KHTML, like Gecko) Chrome/17.0.963.56 Safari/535.11"
140.120.88.217 - - [17/Nov/2017:02:14:15 +0000] "GET /category/software HTTP/1.1" 200 131 "/category/software?from=20" "Mozilla/5.0 (Windows NT 6.1; WOW64; rv:10.0.1) Gecko/20100101 Firefox/10.0.1"
124.222.42.225 - - [17/Nov/2017:02:14:20 +0000] "POST /search/?c=Software HTTP/1.1" 200 42 "/item/computers/1158" "Mozilla/5.0 (compatible; MSIE 9.0; Windows NT 6.1; Trident/5.0)"
84.207.145.22 - - [17/Nov/2017:02:14:25 +0000] "GET /item/toys/2432 HTTP/1.1" 200 54 "/search/?c=Toys+Sports" "Mozilla/4.0 (compatible; MSIE 8.0; Windows NT 6.1; WOW64; Trident/4.0; GTB7.2; SLCC2; .NET CLR 2.0.50727; .NET CLR 3.5.30729; .NET CLR 3.0.30729; Media Center PC 6.0; .NET4.0C)"
212.189.191.81 - - [17/Nov/2017:02:14:30 +0000] "GET /item/jewelry/1473 HTTP/1.1" 200 48 "-" "Mozilla/4.0 (compatible; MSIE 8.0; Windows NT 5.1; Trident/4.0; BTRS122159; GTB7.2; .NET CLR 1.1.4322; .NET CLR 2.0.50727; .NET CLR 3.0.04506.30; .NET CLR 3.0.4506.2152; .NET CLR 3.5.30729; BRI/2)"
220.93.97.101 - - [17/Nov/2017:02:14:35 +0000] "GET /category/jewelry HTTP/1.1" 200 116 "-" "Mozilla/5.0 (iPhone; CPU iPhone OS 5_0_1 like Mac OS X) AppleWebKit/534.46 (KHTML, like Gecko) Version/5.1 Mobile/9A405 Safari/7534.48.3"
72.96.123.40 - - [17/Nov/2017:02:14:40 +0000] "GET /category/office HTTP/1.1" 200 51 "-" "Mozilla/5.0 (Windows NT 6.0) AppleWebKit/535.11 (KHTML, like Gecko) Chrome/17.0.963.56 Safari/535.11"
120.141.183.120 - - [17/Nov/2017:02:14:45 +0000] "GET /category/electronics HTTP/1.1" 200 79 "-" "Mozilla/5.0 (compatible; MSIE 9.0; Windows NT 6.1; WOW64; Trident/5.0)"
196.207.160.124 - - [17/Nov/2017:02:14:50 +0000] "GET /item/games/1547 HTTP/1.1" 200 113 "-" "Mozilla/5.0 (Windows NT 6.0) AppleWebKit/535.11 (KHTML, like Gecko) Chrome/17.0.963.56 Safari/535.11"
196.24.211.196 - - [17/Nov/2017:02:14:55 +0000] "GET /category/software HTTP/1.1" 200 81 "-" "Mozilla/5.0 (compatible; Googlebot/2.1; +http://www.google.com/bot.html)"
192.54.221.227 - - [17/Nov/2017:02:15:00 +0000] "GET /item/electronics/379 HTTP/1.1" 200 114 "/search/?c=Electronics+Electronics" "Mozilla/5.0 (Windows NT 6.1; WOW64) AppleWebKit/535.7 (KHTML, like Gecko) Chrome/16.0.912.77 Safari/535.7"
68.36.207.172 - - [17/Nov/2017:02:15:05 +0000] "GET /category/games HTTP/1.1" 200 59 "/category/electronics" "Mozilla/5.0 (iPhone; CPU iPhone OS 5_0_1 like Mac OS X) AppleWebKit/534.46 (KHTML, like Gecko) Version/5.1 Mobile/9A405 Safari/7534.48.3"
28.132.108.116 - - [17/Nov/2017:02:15:10 +0000] "POST /search/?c=Networking+Networking HTTP/1.1" 200 50 "/search/?c=Music+Giftcards" "Mozilla/5.0 (Windows NT 6.0) AppleWebKit/535.11 (KHTML, like Gecko) Chrome/17.0.963.56 Safari/535.11"
196.195.42.66 - - [17/Nov/2017:02:15:15 +0000] "POST /search/?c=Computers+Electronics HTTP/1.1" 200 136 "/category/software" "Mozilla/5.0 (compatible; Googlebot/2.1; +http://www.google.com/bot.html)"
176.69.100.211 - - [17/Nov/2017:02:15:20 +0000] "GET /item/finance/4075 HTTP/1.1" 200 77 "-" "Mozilla/5.0 (Windows NT 6.1; WOW64) AppleWebKit/535.11 (KHTML, like Gecko) Chrome/17.0.963.56 Safari/535.11"
84.21.159.189 - - [17/Nov/2017:02:15:25 +0000] "GET /category/office HTTP/1.1" 200 127 "/search/?c=Electronics+Books" "Mozilla/5.0 (Windows NT 6.0) AppleWebKit/535.11 (KHTML, like Gecko) Chrome/17.0.963.56 Safari/535.11"
32.213.174.79 - - [17/Nov/2017:02:15:30 +0000] "GET /category/electronics HTTP/1.1" 200 64 "/category/electronics" "Mozilla/5.0 (compatible; MSIE 9.0; Windows NT 6.1; Trident/5.0)"
192.93.155.127 - - [17/Nov/2017:02:15:35 +0000] "GET /category/electronics HTTP/1.1" 200 139 "/category/electronics?from=20" "Mozilla/5.0 (Macintosh; Intel Mac OS X 10.6; rv:9.0.1) Gecko/20100101 Firefox/9.0.1"
216.183.77.82 - - [17/Nov/2017:02:15:40 +0000] "GET /category/music HTTP/1.1" 200 44 "/category/electronics" "Mozilla/5.0 (compatible; MSIE 9.0; Windows NT 6.1; Trident/5.0)"
28.111.188.194 - - [17/Nov/2017:02:15:45 +0000] "GET /item/electronics/3882 HTTP/1.1" 200 94 "/search/?c=Electronics+Games" "Mozilla/5.0 (Macintosh; Intel Mac OS X 10.6; rv:9.0.1) Gecko/20100101 Firefox/9.0.1"
224.171.159.48 - - [17/Nov/2017:02:15:50 +0000] "GET /item/books/4062 HTTP/1.1" 200 105 "/category/books" "Mozilla/5.0 (compatible; Googlebot/2.1; +http://www.google.com/bot.html)"
100.165.48.87 - - [17/Nov/2017:02:15:55 +0000] "GET /category/software HTTP/1.1" 200 89 "http://www.google.com/search?ie=UTF-8&q=google&sclient=psy-ab&q=Software&oq=Software&aq=f&aqi=g-vL1&aql=&pbx=1&bav=on.2,or.r_gc.r_pw.r_qf.,cf.osb&biw=2774&bih=578" "Mozilla/4.0 (compatible; MSIE 8.0; Windows NT 5.1; Trident/4.0; BTRS122159; GTB7.2; .NET CLR 1.1.4322; .NET CLR 2.0.50727; .NET CLR 3.0.04506.30; .NET CLR 3.0.4506.2152; .NET CLR 3.5.30729; BRI/2)"
60.54.78.101 - - [17/Nov/2017:02:16:00 +0000] "GET /item/software/3586 HTTP/1.1" 200 111 "/category/jewelry" "Mozilla/5.0 (Windows NT 6.1; WOW64) AppleWebKit/535.7 (KHTML, like Gecko) Chrome/16.0.912.77 Safari/535.7"
184.225.210.39 - - [17/Nov/2017:02:16:05 +0000] "GET /category/sports HTTP/1.1" 200 59 "-" "Mozilla/5.0 (Macintosh; Intel Mac OS X 10.6; rv:9.0.1) Gecko/20100101 Firefox/9.0.1"
224.171.144.182 - - [17/Nov/2017:02:16:10 +0000] "GET /category/software HTTP/1.1" 200 64 "/item/cameras/2299" "Mozilla/4.0 (compatible; MSIE 8.0; Windows NT 5.1; Trident/4.0; BTRS122159; GTB7.2; .NET CLR 1.1.4322; .NET CLR 2.0.50727; .NET CLR 3.0.04506.30; .NET CLR 3.0.4506.2152; .NET CLR 3.5.30729; BRI/2)"
24.201.68.49 - - [17/Nov/2017:02:16:15 +0000] "GET /category/music HTTP/1.1" 200 138 "-" "Mozilla/4.0 (compatible; MSIE 8.0; Windows NT 6.0; WOW64; Trident/4.0; GTB6; SLCC1; .NET CLR 2.0.50727; Media Center PC 5.0; .NET CLR 3.5.30729; .NET CLR 3.0.30618; .NET4.0C)"
60.33.34.174 - - [17/Nov/2017:02:16:20 +0000] "GET /category/games HTTP/1.1" 200 49 "-" "Mozilla/5.0 (Macintosh; Intel Mac OS X 10.6; rv:9.0.1) Gecko/20100101 Firefox/9.0.1"
184.93.57.135 - - [17/Nov/2017:02:16:25 +0000] "GET /item/games/3420 HTTP/1.1" 200 120 "/category/finance" "Mozilla/5.0 (Windows NT 6.0; rv:10.0.1) Gecko/20100101 Firefox/10.0.1"
192.207.80.72 - - [17/Nov/2017:02:16:30 +0000] "GET /category/games HTTP/1.1" 200 135 "-" "Mozilla/5.0 (Macintosh; Intel Mac OS X 10.6; rv:9.0.1) Gecko/20100101 Firefox/9.0.1"
112.48.147.108 - - [17/Nov/2017:02:16:35 +0000] "GET /item/electronics/229 HTTP/1.1" 200 105 "/search/?c=Electronics+Cameras" "Mozilla/4.0 (compatible; MSIE 8.0; Windows NT 6.1; Trident/4.0; YTB730; SLCC2; .NET CLR 2.0.50727; .NET CLR 3.5.30729; .NET CLR 3.0.30729; Media Center PC 6.0; .NET4.0C)"
128.63.115.118 - - [17/Nov/2017:02:16:40 +0000] "GET /category/software?from=0 HTTP/1.1" 200 40 "/category/giftcards" "Mozilla/5.0 (compatible; MSIE 9.0; Windows NT 6.1; WOW64; Trident/5.0)"
140.120.88.217 - - [17/Nov/2017:02:16:45 +0000] "GET /category/books HTTP/1.1" 200 129 "/category/finance" "Mozilla/4.0 (compatible; MSIE 8.0; Windows NT 6.1; WOW64; Trident/4.0; YTB730; GTB7.2; SLCC2; .NET CLR 2.0.50727; .NET CLR 3.5.30729; .NET CLR 3.0.30729; .NET4.0C; .NET4.0E; Media Center PC 6.0)"
124.42.157.72 - - [17/Nov/2017:02:16:50 +0000] "GET /item/software/3387 HTTP/1.1" 200 121 "-" "Mozilla/4.0 (compatible; MSIE 8.0; Windows NT 6.1; WOW64; Trident/4.0; YTB730; GTB7.2; SLCC2; .NET CLR 2.0.50727; .NET CLR 3.5.30729; .NET CLR 3.0.30729; .NET4.0C; .NET4.0E; Media Center PC 6.0)"
156.189.180.223 - - [17/Nov/2017:02:16:55 +0000] "GET /category/finance HTTP/1.1" 200 136 "/item/sports/933" "Mozilla/4.0 (compatible; MSIE 8.0; Windows NT 6.0; WOW64; Trident/4.0; GTB6; SLCC1; .NET CLR 2.0.50727; Media Center PC 5.0; .NET CLR 3.5.30729; .NET CLR 3.0.30618; .NET4.0C)"
148.63.165.61 - - [17/Nov/2017:02:17:00 +0000] "GET /item/electronics/4574 HTTP/1.1" 200 98 "/category/electronics" "Mozilla/5.0 (iPad; CPU OS 5_0_1 like Mac OS X) AppleWebKit/534.46 (KHTML, like Gecko) Version/5.1 Mobile/9A405 Safari/7534.48.3"
152.216.71.152 - - [17/Nov/2017:02:17:05 +0000] "POST /search/?c=Electronics HTTP/1.1" 200 73 "-" "Mozilla/4.0 (compatible; MSIE 8.0; Windows NT 6.1; WOW64; Trident/4.0; YTB730; GTB7.2; SLCC2; .NET CLR 2.0.50727; .NET CLR 3.5.30729; .NET CLR 3.0.30729; .NET4.0C; .NET4.0E; Media Center PC 6.0)"
164.207.101.92 - - [17/Nov/2017:02:17:10 +0000] "GET /item/sports/933 HTTP/1.1" 200 83 "-" "Mozilla/5.0 (compatible; MSIE 9.0; Windows NT 6.1; Trident/5.0)"
224.78.220.39 - - [17/Nov/2017:02:17:15 +0000] "GET /item/software/2103 HTTP/1.1" 200 73 "/category/giftcards" "Mozilla/5.0 (compatible; MSIE 9.0; Windows NT 6.1; WOW64; Trident/5.0)"
220.126.137.81 - - [17/Nov/2017:02:17:20 +0000] "GET /category/electronics HTTP/1.1" 200 110 "/search/?c=Electronics" "Mozilla/5.0 (compatible; MSIE 9.0; Windows NT 6.1; Trident/5.0)"
180.150.61.142 - - [17/Nov/2017:02:17:25 +0000] "GET /category/software?from=0 HTTP/1.1" 200 66 "-" "Mozilla/4.0 (compatible; MSIE 8.0; Windows NT 6.1; WOW64; Trident/4.0; GTB7.2; SLCC2; .NET CLR 2.0.50727; .NET CLR 3.5.30729; .NET CLR 3.0.30729; Media Center PC 6.0; .NET4.0C)"
140.120.88.217 - - [17/Nov/2017:02:17:30 +0000] "GET /category/giftcards HTTP/1.1" 200 81 "/search/?c=Electronics" "Mozilla/5.0 (Windows NT 6.1; WOW64; rv:10.0.1) Gecko/20100101 Firefox/10.0.1"
24.114.164.152 - - [17/Nov/2017:02:17:35 +0000] "GET /category/computers HTTP/1.1" 200 131 "/category/software" "Mozilla/5.0 (Windows NT 5.1) AppleWebKit/535.11 (KHTML, like Gecko) Chrome/17.0.963.46 Safari/535.11"
112.159.38.190 - - [17/Nov/2017:02:17:40 +0000] "GET /category/software HTTP/1.1" 200 82 "-" "Mozilla/5.0 (Windows NT 6.0; rv:10.0.1) Gecko/20100101 Firefox/10.0.1"
28.147.67.42 - - [17/Nov/2017:02:17:45 +0000] "GET /item/books/4942 HTTP/1.1" 200 76 "/item/health/1983" "Mozilla/5.0 (Windows NT 6.0; rv:10.0.1) Gecko/20100101 Firefox/10.0.1"
36.192.126.32 - - [17/Nov/2017:02:17:50 +0000] "POST /search/?c=Cameras HTTP/1.1" 200 132 "-" "Mozilla/5.0 (Windows NT 6.0; rv:10.0.1) Gecko/20100101 Firefox/10.0.1"
168.210.175.118 - - [17/Nov/2017:02:17:55 +0000] "GET /item/music/4221 HTTP/1.1" 200 94 "/category/computers" "Mozilla/5.0 (compatible; MSIE 9.0; Windows NT 6.1; WOW64; Trident/5.0)"
92.99.34.90 - - [17/Nov/2017:02:18:00 +0000] "GET /item/electronics/2670 HTTP/1.1" 200 51 "/category/health" "Mozilla/5.0 (Windows NT 6.1; WOW64; rv:10.0.1) Gecko/20100101 Firefox/10.0.1"
136.81.21.202 - - [17/Nov/2017:02:18:05 +0000] "GET /item/toys/1283 HTTP/1.1" 200 49 "-" "Mozilla/5.0 (Windows NT 6.1; WOW64) AppleWebKit/535.7 (KHTML, like Gecko) Chrome/16.0.912.77 Safari/535.7"
216.81.116.200 - - [17/Nov/2017:02:18:10 +0000] "GET /category/office?from=0 HTTP/1.1" 200 50 "/search/?c=Office" "Mozilla/5.0 (Windows NT 6.1; WOW64) AppleWebKit/535.7 (KHTML, like Gecko) Chrome/16.0.912.77 Safari/535.7"
124.135.65.135 - - [17/Nov/2017:02:18:15 +0000] "GET /item/software/3887 HTTP/1.1" 200 100 "/category/computers" "Mozilla/4.0 (compatible; MSIE 8.0; Windows NT 6.1; WOW64; Trident/4.0; GTB7.2; SLCC2; .NET CLR 2.0.50727; .NET CLR 3.5.30729; .NET CLR 3.0.30729; Media Center PC 6.0; .NET4.0C)"
212.186.23.183 - - [17/Nov/2017:02:18:20 +0000] "GET /category/books?from=0 HTTP/1.1" 200 103 "/category/books" "Mozilla/5.0 (Macintosh; Intel Mac OS X 10.6; rv:9.0.1) Gecko/20100101 Firefox/9.0.1"
124.66.153.212 - - [17/Nov/2017:02:18:25 +0000] "GET /category/software HTTP/1.1" 200 105 "-" "Mozilla/5.0 (Windows NT 6.1; WOW64) AppleWebKit/535.11 (KHTML, like Gecko) Chrome/17.0.963.56 Safari/535.11"
144.228.38.65 - - [17/Nov/2017:02:18:30 +0000] "GET /category/cameras HTTP/1.1" 200 77 "-" "Mozilla/5.0 (compatible; MSIE 9.0; Windows NT 6.1; Trident/5.0)"
224.219.86.184 - - [17/Nov/2017:02:18:35 +0000] "GET /category/sports HTTP/1.1" 200 48 "/item/games/4398" "Mozilla/4.0 (compatible; MSIE 8.0; Windows NT 6.1; WOW64; Trident/4.0; YTB730; GTB7.2; SLCC2; .NET CLR 2.0.50727; .NET CLR 3.5.30729; .NET CLR 3.0.30729; .NET4.0C; .NET4.0E; Media Center PC 6.0)"
160.24.68.124 - - [17/Nov/2017:02:18:40 +0000] "GET /item/garden/473 HTTP/1.1" 200 137 "/category/toys" "Mozilla/5.0 (Windows NT 6.1; WOW64) AppleWebKit/535.11 (KHTML, like Gecko) Chrome/17.0.963.56 Safari/535.11"
176.105.22.32 - - [17/Nov/2017:02:18:45 +0000] "GET /item/games/2215 HTTP/1.1" 200 64 "/item/books/3588" "Mozilla/4.0 (compatible; MSIE 8.0; Windows NT 5.1; Trident/4.0; BTRS122159; GTB7.2; .NET CLR 1.1.4322; .NET CLR 2.0.50727; .NET CLR 3.0.04506.30; .NET CLR 3.0.4506.2152; .NET CLR 3.5.30729; BRI/2)"
72.87.167.83 - - [17/Nov/2017:02:18:50 +0000] "POST /search/?c=Music+Music HTTP/1.1" 200 119 "-" "Mozilla/5.0 (Windows NT 6.0; rv:10.0.1) Gecko/20100101 Firefox/10.0.1"
132.183.166.198 - - [17/Nov/2017:02:18:55 +0000] "GET /category/electronics HTTP/1.1" 200 83 "-" "Mozilla/5.0 (Windows NT 6.0; rv:10.0.1) Gecko/20100101 Firefox/10.0.1"
52.54.64.167 - - [17/Nov/2017:02:19:00 +0000] "GET /item/office/4792 HTTP/1.1" 200 56 "-" "Mozilla/5.0 (Windows NT 6.0; rv:10.0.1) Gecko/20100101 Firefox/10.0.1"
24.216.105.63 - - [17/Nov/2017:02:19:05 +0000] "GET /item/computers/3259 HTTP/1.1" 200 112 "-" "Mozilla/5.0 (compatible; MSIE 9.0; Windows NT 6.1; Trident/5.0)"
84.21.159.189 - - [17/Nov/2017:02:19:10 +0000] "GET /item/health/1983 HTTP/1.1" 200 59 "/item/toys/67" "Mozilla/5.0 (Windows NT 6.1; WOW64; rv:10.0.1) Gecko/20100101 Firefox/10.0.1"
104.216.208.39 - - [17/Nov/2017:02:19:15 +0000] "GET /category/finance HTTP/1.1" 200 52 "/category/electronics" "Mozilla/5.0 (Macintosh; Intel Mac OS X 10.6; rv:9.0.1) Gecko/20100101 Firefox/9.0.1"
124.210.121.29 - - [17/Nov/2017:02:19:20 +0000] "GET /category/electronics HTTP/1.1" 200 65 "-" "Mozilla/5.0 (iPad; CPU OS 5_0_1 like Mac OS X) AppleWebKit/534.46 (KHTML, like Gecko) Version/5.1 Mobile/9A405 Safari/7534.48.3"
136.177.181.50 - - [17/Nov/2017:02:19:25 +0000] "POST /search/?c=Software+Computers HTTP/1.1" 200 93 "-" "Mozilla/5.0 (compatible; Googlebot/2.1; +http://www.google.com/bot.html)"
100.18.93.108 - - [17/Nov/2017:02:19:30 +0000] "GET /item/software/1531 HTTP/1.1" 200 102 "http://www.google.com/search?ie=UTF-8&q=google&sclient=psy-ab&q=Software+Software&oq=Software+Software&aq=f&aqi=g-vL1&aql=&pbx=1&bav=on.2,or.r_gc.r_pw.r_qf.,cf.osb&biw=4958&bih=152" "Mozilla/5.0 (Windows NT 6.1; WOW64) AppleWebKit/535.11 (KHTML, like Gecko) Chrome/17.0.963.56 Safari/535.11"
168.195.218.121 - - [17/Nov/2017:02:19:35 +0000] "GET /category/software HTTP/1.1" 200 129 "/item/electronics/695" "Mozilla/5.0 (Windows NT 6.1; WOW64) AppleWebKit/535.7 (KHTML, like Gecko) Chrome/16.0.912.77 Safari/535.7"
128.123.134.69 - - [17/Nov/2017:02:19:40 +0000] "GET /category/giftcards?from=0 HTTP/1.1" 200 81 "/category/garden" "Mozilla/5.0 (compatible; MSIE 9.0; Windows NT 6.1; Trident/5.0)"
180.183.221.119 - - [17/Nov/2017:02:19:45 +0000] "GET /category/cameras?from=0 HTTP/1.1" 200 139 "/search/?c=Cameras" "Mozilla/4.0 (compatible; MSIE 8.0; Windows NT 5.1; Trident/4.0; YTB720; GTB7.2; .NET CLR 1.1.4322; .NET CLR 2.0.50727; .NET CLR 3.0.4506.2152; .NET CLR 3.5.30729)"
88.57.117.104 - - [17/Nov/2017:02:19:50 +0000] "GET /item/electronics/4248 HTTP/1.1" 200 48 "/category/software" "Mozilla/5.0 (Windows NT 6.0) AppleWebKit/535.11 (KHTML, like Gecko) Chrome/17.0.963.56 Safari/535.11"
140.27.162.195 - - [17/Nov/2017:02:19:55 +0000] "GET /category/toys HTTP/1.1" 200 115 "/category/cameras" "Mozilla/5.0 (Windows NT 6.1; WOW64) AppleWebKit/535.11 (KHTML, like Gecko) Chrome/17.0.963.56 Safari/535.11"
216.222.35.46 - - [17/Nov/2017:02:20:00 +0000] "GET /item/networking/3831 HTTP/1.1" 200 85 "/category/electronics" "Mozilla/5.0 (Windows NT 6.1; WOW64) AppleWebKit/535.11 (KHTML, like Gecko) Chrome/17.0.963.56 Safari/535.11"
196.57.59.219 - - [17/Nov/2017:02:20:05 +0000] "GET /category/electronics HTTP/1.1" 200 104 "/item/games/2215" "Mozilla/4.0 (compatible; MSIE 8.0; Windows NT 5.1; Trident/4.0; BTRS122159; GTB7.2; .NET CLR 1.1.4322; .NET CLR 2.0.50727; .NET CLR 3.0.04506.30; .NET CLR 3.0.4506.2152; .NET CLR 3.5.30729; BRI/2)"
168.69.212.143 - - [17/Nov/2017:02:20:10 +0000] "POST /search/?c=Software+Books HTTP/1.1" 200 79 "-" "Mozilla/5.0 (Windows NT 5.1) AppleWebKit/535.11 (KHTML, like Gecko) Chrome/17.0.963.46 Safari/535.11"
164.63.56.171 - - [17/Nov/2017:02:20:15 +0000] "POST /search/?c=Electronics HTTP/1.1" 200 69 "/item/office/1523" "Mozilla/5.0 (Macintosh; Intel Mac OS X 10.6; rv:9.0.1) Gecko/20100101 Firefox/9.0.1"
224.210.173.173 - - [17/Nov/2017:02:20:20 +0000] "GET /category/jewelry HTTP/1.1" 200 56 "http://www.google.com/search?ie=UTF-8&q=google&sclient=psy-ab&q=Jewelry+Computers&oq=Jewelry+Computers&aq=f&aqi=g-vL1&aql=&pbx=1&bav=on.2,or.r_gc.r_pw.r_qf.,cf.osb&biw=4753&bih=50" "Mozilla/5.0 (Windows NT 6.1; WOW64) AppleWebKit/535.11 (KHTML, like Gecko) Chrome/17.0.963.56 Safari/535.11"
40.111.117.84 - - [17/Nov/2017:02:20:25 +0000] "GET /item/electronics/2670 HTTP/1.1" 200 51 "/category/finance" "Mozilla/5.0 (Windows NT 5.1) AppleWebKit/535.11 (KHTML, like Gecko) Chrome/17.0.963.46 Safari/535.11"
76.114.187.160 - - [17/Nov/2017:02:20:30 +0000] "GET /category/books HTTP/1.1" 200 74 "-" "Mozilla/5.0 (compatible; MSIE 9.0; Windows NT 6.1; Trident/5.0)"
212.219.108.195 - - [17/Nov/2017:02:20:35 +0000] "GET /item/books/2829 HTTP/1.1" 200 80 "-" "Mozilla/5.0 (Windows NT 6.1; WOW64; rv:10.0.1) Gecko/20100101 Firefox/10.0.1"
100.69.57.39 - - [17/Nov/2017:02:20:40 +0000] "GET /item/finance/2872 HTTP/1.1" 200 40 "/category/finance" "Mozilla/5.0 (compatible; MSIE 9.0; Windows NT 6.1; WOW64; Trident/5.0)"
52.216.117.160 - - [17/Nov/2017:02:20:45 +0000] "GET /category/software HTTP/1.1" 200 105 "/category/toys" "Mozilla/5.0 (Windows NT 5.1) AppleWebKit/535.11 (KHTML, like Gecko) Chrome/17.0.963.46 Safari/535.11"
48.120.174.143 - - [17/Nov/2017:02:20:50 +0000] "GET /category/books HTTP/1.1" 200 93 "-" "Mozilla/5.0 (Macintosh; Intel Mac OS X 10.6; rv:9.0.1) Gecko/20100101 Firefox/9.0.1"
144.78.204.148 - - [17/Nov/2017:02:20:55 +0000] "GET /category/games HTTP/1.1" 200 45 "/category/electronics" "Mozilla/5.0 (Windows NT 6.0; rv:10.0.1) Gecko/20100101 Firefox/10.0.1"
76.48.201.164 - - [17/Nov/2017:02:21:00 +0000] "GET /category/games HTTP/1.1" 200 83 "/category/software" "Mozilla/5.0 (Windows NT 6.1; WOW64) AppleWebKit/535.11 (KHTML, like Gecko) Chrome/17.0.963.56 Safari/535.11"
152.153.163.83 - - [17/Nov/2017:02:21:05 +0000] "GET /item/office/964 HTTP/1.1" 200 56 "/category/electronics" "Mozilla/4.0 (compatible; MSIE 8.0; Windows NT 6.1; WOW64; Trident/4.0; YTB730; GTB7.2; SLCC2; .NET CLR 2.0.50727; .NET CLR 3.5.30729; .NET CLR 3.0.30729; .NET4.0C; .NET4.0E; Media Center PC 6.0)"
56.162.217.61 - - [17/Nov/2017:02:21:10 +0000] "GET /category/books HTTP/1.1" 200 49 "http://www.google.com/search?ie=UTF-8&q=google&sclient=psy-ab&q=Books&oq=Books&aq=f&aqi=g-vL1&aql=&pbx=1&bav=on.2,or.r_gc.r_pw.r_qf.,cf.osb&biw=2097&bih=492" "Mozilla/5.0 (Windows NT 6.1; WOW64; rv:10.0.1) Gecko/20100101 Firefox/10.0.1"
208.171.196.220 - - [17/Nov/2017:02:21:15 +0000] "GET /item/office/4637 HTTP/1.1" 200 70 "/item/office/4637" "Mozilla/5.0 (compatible; MSIE 9.0; Windows NT 6.1; WOW64; Trident/5.0)"
136.21.168.104 - - [17/Nov/2017:02:21:20 +0000] "GET /item/sports/2911 HTTP/1.1" 200 130 "/category/garden" "Mozilla/4.0 (compatible; MSIE 8.0; Windows NT 6.1; Trident/4.0; YTB730; SLCC2; .NET CLR 2.0.50727; .NET CLR 3.5.30729; .NET CLR 3.0.30729; Media Center PC 6.0; .NET4.0C)"
184.93.57.135 - - [17/Nov/2017:02:21:25 +0000] "GET /item/health/2423 HTTP/1.1" 200 131 "/category/health" "Mozilla/5.0 (compatible; Googlebot/2.1; +http://www.google.com/bot.html)"
64.108.210.186 - - [17/Nov/2017:02:21:30 +0000] "GET /category/books HTTP/1.1" 200 121 "-" "Mozilla/5.0 (compatible; Googlebot/2.1; +http://www.google.com/bot.html)"
228.54.175.57 - - [17/Nov/2017:02:21:35 +0000] "GET /category/books HTTP/1.1" 200 121 "/item/electronics/106" "Mozilla/5.0 (Windows NT 6.0; rv:10.0.1) Gecko/20100101 Firefox/10.0.1"
68.183.57.183 - - [17/Nov/2017:02:21:40 +0000] "GET /category/electronics?from=10 HTTP/1.1" 200 88 "/category/games" "Mozilla/4.0 (compatible; MSIE 8.0; Windows NT 6.0; WOW64; Trident/4.0; GTB6; SLCC1; .NET CLR 2.0.50727; Media Center PC 5.0; .NET CLR 3.5.30729; .NET CLR 3.0.30618; .NET4.0C)"
112.21.69.67 - - [17/Nov/2017:02:21:45 +0000] "GET /category/electronics HTTP/1.1" 200 79 "/item/health/4301" "Mozilla/5.0 (compatible; MSIE 9.0; Windows NT 6.1; WOW64; Trident/5.0)"
28.147.67.42 - - [17/Nov/2017:02:21:50 +0000] "GET /category/software?from=0 HTTP/1.1" 200 137 "/category/software" "Mozilla/5.0 (iPhone; CPU iPhone OS 5_0_1 like Mac OS X) AppleWebKit/534.46 (KHTML, like Gecko) Version/5.1 Mobile/9A405 Safari/7534.48.3"
44.132.127.218 - - [17/Nov/2017:02:21:55 +0000] "GET /item/software/2724 HTTP/1.1" 200 123 "/search/?c=Software" "Mozilla/5.0 (Windows NT 5.1) AppleWebKit/535.11 (KHTML, like Gecko) Chrome/17.0.963.46 Safari/535.11"
104.189.169.48 - - [17/Nov/2017:02:22:00 +0000] "GET /item/garden/2199 HTTP/1.1" 200 74 "-" "Mozilla/4.0 (compatible; MSIE 8.0; Windows NT 6.1; WOW64; Trident/4.0; YTB730; GTB7.2; EasyBits GO v1.0; SLCC2; .NET CLR 2.0.50727; .NET CLR 3.5.30729; .NET CLR 3.0.30729; Media Center PC 6.0; .NET4.0C)"
20.45.119.184 - - [17/Nov/2017:02:22:05 +0000] "POST /search/?c=Electronics+Toys HTTP/1.1" 200 128 "/item/games/3032" "Mozilla/5.0 (Windows NT 6.0; rv:10.0.1) Gecko/20100101 Firefox/10.0.1"
72.87.167.83 - - [17/Nov/2017:02:22:10 +0000] "POST /search/?c=Computers+Electronics HTTP/1.1" 200 44 "/search/?c=Computers" "Mozilla/5.0 (Macintosh; Intel Mac OS X 10.6; rv:9.0.1) Gecko/20100101 Firefox/9.0.1"
112.132.152.220 - - [17/Nov/2017:02:22:15 +0000] "GET /item/software/1802 HTTP/1.1" 200 125 "-" "Mozilla/5.0 (Windows NT 6.1; WOW64) AppleWebKit/535.11 (KHTML, like Gecko) Chrome/17.0.963.56 Safari/535.11"
88.102.169.148 - - [17/Nov/2017:02:22:20 +0000] "GET /item/computers/3996 HTTP/1.1" 200 70 "/search/?c=Computers+Software" "Mozilla/5.0 (Windows NT 5.1) AppleWebKit/535.11 (KHTML, like Gecko) Chrome/17.0.963.46 Safari/535.11"
148.81.169.77 - - [17/Nov/2017:02:22:25 +0000] "GET /category/office?from=0 HTTP/1.1" 200 59 "/item/health/1983" "Mozilla/5.0 (Macintosh; Intel Mac OS X 10.6; rv:9.0.1) Gecko/20100101 Firefox/9.0.1"
76.153.173.21 - - [17/Nov/2017:02:22:30 +0000] "GET /item/health/3613 HTTP/1.1" 200 90 "/item/electronics/1" "Mozilla/5.0 (Windows NT 6.1; WOW64) AppleWebKit/535.11 (KHTML, like Gecko) Chrome/17.0.963.56 Safari/535.11"
220.105.182.218 - - [17/Nov/2017:02:22:35 +0000] "GET /item/electronics/2972 HTTP/1.1" 200 130 "/search/?c=Electronics" "Mozilla/4.0 (compatible; MSIE 8.0; Windows NT 6.1; WOW64; Trident/4.0; GTB7.2; SLCC2; .NET CLR 2.0.50727; .NET CLR 3.5.30729; .NET CLR 3.0.30729; Media Center PC 6.0; .NET4.0C)"
96.225.24.124 - - [17/Nov/2017:02:22:40 +0000] "GET /category/games HTTP/1.1" 200 110 "/item/electronics/3030" "Mozilla/5.0 (compatible; MSIE 9.0; Windows NT 6.1; WOW64; Trident/5.0)"
156.51.157.126 - - [17/Nov/2017:02:22:45 +0000] "GET /category/books HTTP/1.1" 200 57 "-" "Mozilla/5.0 (Windows NT 6.0; rv:10.0.1) Gecko/20100101 Firefox/10.0.1"
220.81.172.204 - - [17/Nov/2017:02:22:50 +0000] "GET /item/health/2403 HTTP/1.1" 200 112 "-" "Mozilla/5.0 (compatible; MSIE 9.0; Windows NT 6.1; WOW64; Trident/5.0)"
40.105.210.146 - - [17/Nov/2017:02:22:55 +0000] "GET /item/toys/67 HTTP/1.1" 200 117 "/category/toys" "Mozilla/5.0 (Windows NT 6.1; WOW64) AppleWebKit/535.11 (KHTML, like Gecko) Chrome/17.0.963.56 Safari/535.11"
204.162.85.31 - - [17/Nov/2017:02:23:00 +0000] "POST /search/?c=Garden HTTP/1.1" 200 120 "/item/garden/2971" "Mozilla/5.0 (Windows NT 6.0; rv:10.0.1) Gecko/20100101 Firefox/10.0.1"
108.93.207.173 - - [17/Nov/2017:02:23:05 +0000] "GET /category/games HTTP/1.1" 200 133 "-" "Mozilla/5.0 (Macintosh; Intel Mac OS X 10.6; rv:9.0.1) Gecko/20100101 Firefox/9.0.1"
136.30.65.186 - - [17/Nov/2017:02:23:10 +0000] "GET /item/sports/3851 HTTP/1.1" 200 49 "/search/?c=Sports" "Mozilla/5.0 (Windows NT 6.1; WOW64) AppleWebKit/535.7 (KHTML, like Gecko) Chrome/16.0.912.77 Safari/535.7"
156.159.223.147 - - [17/Nov/2017:02:23:15 +0000] "GET /item/health/1094 HTTP/1.1" 200 86 "/search/?c=Garden" "Mozilla/5.0 (Windows NT 6.1; WOW64; rv:10.0.1) Gecko/20100101 Firefox/10.0.1"
140.54.169.166 - - [17/Nov/2017:02:23:20 +0000] "GET /category/books HTTP/1.1" 200 73 "-" "Mozilla/5.0 (compatible; MSIE 9.0; Windows NT 6.1; WOW64; Trident/5.0)"
92.132.142.60 - - [17/Nov/2017:02:23:25 +0000] "GET /category/music HTTP/1.1" 200 138 "/category/garden" "Mozilla/5.0 (Windows NT 6.1; WOW64) AppleWebKit/535.11 (KHTML, like Gecko) Chrome/17.0.963.56 Safari/535.11"
100.168.183.82 - - [17/Nov/2017:02:23:30 +0000] "POST /search/?c=Books+Jewelry HTTP/1.1" 200 61 "-" "Mozilla/5.0 (Windows NT 6.0) AppleWebKit/535.11 (KHTML, like Gecko) Chrome/17.0.963.56 Safari/535.11"
180.114.21.38 - - [17/Nov/2017:02:23:35 +0000] "GET /category/networking HTTP/1.1" 200 82 "-" "Mozilla/5.0 (Windows NT 5.1) AppleWebKit/535.11 (KHTML, like Gecko) Chrome/17.0.963.46 Safari/535.11"
112.159.47.221 - - [17/Nov/2017:02:23:40 +0000] "GET /category/garden HTTP/1.1" 200 52 "-" "Mozilla/5.0 (Windows NT 6.1; WOW64; rv:10.0.1) Gecko/20100101 Firefox/10.0.1"
136.72.86.184 - - [17/Nov/2017:02:23:45 +0000] "GET /category/music HTTP/1.1" 200 82 "http://www.google.com/search?ie=UTF-8&q=google&sclient=psy-ab&q=Music&oq=Music&aq=f&aqi=g-vL1&aql=&pbx=1&bav=on.2,or.r_gc.r_pw.r_qf.,cf.osb&biw=1992&bih=255" "Mozilla/5.0 (Windows NT 6.0; rv:10.0.1) Gecko/20100101 Firefox/10.0.1"
216.108.51.187 - - [17/Nov/2017:02:23:50 +0000] "GET /item/electronics/2792 HTTP/1.1" 200 114 "-" "Mozilla/5.0 (compatible; MSIE 9.0; Windows NT 6.1; WOW64; Trident/5.0)"
204.117.20.72 - - [17/Nov/2017:02:23:55 +0000] "GET /item/electronics/4248 HTTP/1.1" 200 48 "-" "Mozilla/5.0 (Windows NT 6.0; rv:10.0.1) Gecko/20100101 Firefox/10.0.1"
152.207.144.27 - - [17/Nov/2017:02:24:00 +0000] "GET /category/games HTTP/1.1" 200 115 "/item/giftcards/3166" "Mozilla/5.0 (Windows NT 6.0) AppleWebKit/535.11 (KHTML, like Gecko) Chrome/17.0.963.56 Safari/535.11"
152.39.30.145 - - [17/Nov/2017:02:24:05 +0000] "POST /search/?c=Software+Games HTTP/1.1" 200 124 "-" "Mozilla/5.0 (Windows NT 6.1; WOW64) AppleWebKit/535.7 (KHTML, like Gecko) Chrome/16.0.912.77 Safari/535.7"
44.165.199.141 - - [17/Nov/2017:02:24:10 +0000] "GET /item/health/3531 HTTP/1.1" 200 50 "/category/books" "Mozilla/5.0 (iPad; CPU OS 5_0_1 like Mac OS X) AppleWebKit/534.46 (KHTML, like Gecko) Version/5.1 Mobile/9A405 Safari/7534.48.3"
152.87.80.46 - - [17/Nov/2017:02:24:15 +0000] "POST /search/?c=Cameras HTTP/1.1" 200 132 "/item/sports/3881" "Mozilla/5.0 (Windows NT 6.0; rv:10.0.1) Gecko/20100101 Firefox/10.0.1"
184.57.118.95 - - [17/Nov/2017:02:24:20 +0000] "GET /item/games/4058 HTTP/1.1" 200 94 "/item/software/3523" "Mozilla/5.0 (Windows NT 6.0; rv:10.0.1) Gecko/20100101 Firefox/10.0.1"
200.195.153.115 - - [17/Nov/2017:02:24:25 +0000] "GET /item/electronics/4582 HTTP/1.1" 200 48 "/search/?c=Electronics" "Mozilla/5.0 (Windows NT 6.1; WOW64) AppleWebKit/535.7 (KHTML, like Gecko) Chrome/16.0.912.77 Safari/535.7"
180.36.176.29 - - [17/Nov/2017:02:24:30 +0000] "POST /search/?c=Software HTTP/1.1" 200 102 "/item/books/570" "Mozilla/5.0 (Windows NT 6.0) AppleWebKit/535.11 (KHTML, like Gecko) Chrome/17.0.963.56 Safari/535.11"
196.168.130.146 - - [17/Nov/2017:02:24:35 +0000] "GET /category/jewelry HTTP/1.1" 200 112 "-" "Mozilla/5.0 (Windows NT 6.1; WOW64) AppleWebKit/535.11 (KHTML, like Gecko) Chrome/17.0.963.56 Safari/535.11"
116.123.101.195 - - [17/Nov/2017:02:24:40 +0000] "GET /item/giftcards/4757 HTTP/1.1" 200 102 "/search/?c=Giftcards" "Mozilla/4.0 (compatible; MSIE 8.0; Windows NT 6.1; WOW64; Trident/4.0; YTB730; GTB7.2; SLCC2; .NET CLR 2.0.50727; .NET CLR 3.5.30729; .NET CLR 3.0.30729; .NET4.0C; .NET4.0E; Media Center PC 6.0)"
140.120.88.217 - - [17/Nov/2017:02:24:45 +0000] "GET /item/electronics/1057 HTTP/1.1" 200 137 "/category/electronics" "Mozilla/5.0 (Windows NT 6.1; WOW64; rv:10.0.1) Gecko/20100101 Firefox/10.0.1"
28.129.126.21 - - [17/Nov/2017:02:24:50 +0000] "GET /category/office?from=0 HTTP/1.1" 200 93 "-" "Mozilla/5.0 (Windows NT 6.0; rv:10.0.1) Gecko/20100101 Firefox/10.0.1"
88.222.58.180 - - [17/Nov/2017:02:24:55 +0000] "GET /category/electronics HTTP/1.1" 200 44 "-" "Mozilla/5.0 (Windows NT 6.1; WOW64) AppleWebKit/535.7 (KHTML, like Gecko) Chrome/16.0.912.77 Safari/535.7"
164.63.56.171 - - [17/Nov/2017:02:25:00 +0000] "GET /item/office/394 HTTP/1.1" 200 65 "/category/office" "Mozilla/4.0 (compatible; MSIE 8.0; Windows NT 6.1; Trident/4.0; YTB730; SLCC2; .NET CLR 2.0.50727; .NET CLR 3.5.30729; .NET CLR 3.0.30729; Media Center PC 6.0; .NET4.0C)"
108.78.41.69 - - [17/Nov/2017:02:25:05 +0000] "POST /search/?c=Toys HTTP/1.1" 200 96 "/category/software" "Mozilla/5.0 (Windows NT 6.0; rv:10.0.1) Gecko/20100101 Firefox/10.0.1"
92.48.177.183 - - [17/Nov/2017:02:25:10 +0000] "GET /category/cameras HTTP/1.1" 200 48 "-" "Mozilla/5.0 (compatible; MSIE 9.0; Windows NT 6.1; WOW64; Trident/5.0)"
120.33.154.173 - - [17/Nov/2017:02:25:15 +0000] "GET /category/games?from=20 HTTP/1.1" 200 119 "/item/electronics/4025" "Mozilla/5.0 (Windows NT 6.1; WOW64; rv:10.0.1) Gecko/20100101 Firefox/10.0.1"
32.99.62.111 - - [17/Nov/2017:02:25:20 +0000] "POST /search/?c=Giftcards HTTP/1.1" 200 104 "/category/jewelry" "Mozilla/5.0 (Windows NT 6.0; rv:10.0.1) Gecko/20100101 Firefox/10.0.1"
96.33.37.61 - - [17/Nov/2017:02:25:25 +0000] "GET /item/electronics/3030 HTTP/1.1" 200 84 "/search/?c=Finance" "Mozilla/5.0 (Windows NT 6.0) AppleWebKit/535.11 (KHTML, like Gecko) Chrome/17.0.963.56 Safari/535.11"
136.30.65.186 - - [17/Nov/2017:02:25:30 +0000] "GET /category/books HTTP/1.1" 200 55 "/item/finance/4100" "Mozilla/5.0 (iPhone; CPU iPhone OS 5_0_1 like Mac OS X) AppleWebKit/534.46 (KHTML, like Gecko) Version/5.1 Mobile/9A405 Safari/7534.48.3"
152.159.202.129 - - [17/Nov/2017:02:25:35 +0000] "GET /item/finance/3479 HTTP/1.1" 200 85 "/search/?c=Toys+Toys" "Mozilla/5.0 (compatible; Googlebot/2.1; +http://www.google.com/bot.html)"
164.63.56.171 - - [17/Nov/2017:02:25:40 +0000] "GET /category/books?from=10 HTTP/1.1" 200 137 "/category/electronics" "Mozilla/5.0 (Windows NT 6.1; WOW64) AppleWebKit/535.7 (KHTML, like Gecko) Chrome/16.0.912.77 Safari/535.7"
60.99.81.68 - - [17/Nov/2017:02:25:45 +0000] "GET /category/software HTTP/1.1" 200 81 "-" "Mozilla/4.0 (compatible; MSIE 8.0; Windows NT 6.1; WOW64; Trident/4.0; YTB730; GTB7.2; SLCC2; .NET CLR 2.0.50727; .NET CLR 3.5.30729; .NET CLR 3.0.30729; .NET4.0C; .NET4.0E; Media Center PC 6.0)"
108.84.228.94 - - [17/Nov/2017:02:25:50 +0000] "GET /category/electronics HTTP/1.1" 200 138 "/category/electronics" "Mozilla/5.0 (Windows NT 6.1; WOW64) AppleWebKit/535.11 (KHTML, like Gecko) Chrome/17.0.963.56 Safari/535.11"
136.111.189.48 - - [17/Nov/2017:02:25:55 +0000] "GET /category/giftcards HTTP/1.1" 200 83 "/item/electronics/1" "Mozilla/5.0 (Windows NT 6.0; rv:10.0.1) Gecko/20100101 Firefox/10.0.1"
224.183.83.85 - - [17/Nov/2017:02:26:00 +0000] "GET /item/electronics/106 HTTP/1.1" 200 50 "/category/electronics" "Mozilla/4.0 (compatible; MSIE 8.0; Windows NT 6.1; Trident/4.0; YTB730; SLCC2; .NET CLR 2.0.50727; .NET CLR 3.5.30729; .NET CLR 3.0.30729; Media Center PC 6.0; .NET4.0C)"
44.39.69.128 - - [17/Nov/2017:02:26:05 +0000] "GET /category/books?from=0 HTTP/1.1" 200 52 "-" "Mozilla/5.0 (Windows NT 6.1; WOW64) AppleWebKit/535.7 (KHTML, like Gecko) Chrome/16.0.912.77 Safari/535.7"
76.114.187.160 - - [17/Nov/2017:02:26:10 +0000] "GET /category/books HTTP/1.1" 200 73 "/search/?c=Software" "Mozilla/5.0 (compatible; MSIE 9.0; Windows NT 6.1; Trident/5.0)"
152.207.187.181 - - [17/Nov/2017:02:26:15 +0000] "GET /item/games/2827 HTTP/1.1" 200 113 "/item/networking/3979" "Mozilla/5.0 (Windows NT 5.1) AppleWebKit/535.11 (KHTML, like Gecko) Chrome/17.0.963.46 Safari/535.11"
60.54.88.65 - - [17/Nov/2017:02:26:20 +0000] "GET /item/cameras/4995 HTTP/1.1" 200 97 "/category/office" "Mozilla/5.0 (Windows NT 5.1) AppleWebKit/535.11 (KHTML, like Gecko) Chrome/17.0.963.46 Safari/535.11"
168.147.219.163 - - [17/Nov/2017:02:26:25 +0000] "GET /category/books?from=0 HTTP/1.1" 200 52 "/search/?c=Electronics" "Mozilla/5.0 (Macintosh; Intel Mac OS X 10.6; rv:9.0.1) Gecko/20100101 Firefox/9.0.1"
168.129.116.168 - - [17/Nov/2017:02:26:30 +0000] "GET /item/books/4942 HTTP/1.1" 200 76 "/category/jewelry" "Mozilla/5.0 (Windows NT 6.1; WOW64) AppleWebKit/535.11 (KHTML, like Gecko) Chrome/17.0.963.56 Safari/535.11"
56.186.73.100 - - [17/Nov/2017:02:26:35 +0000] "GET /category/electronics HTTP/1.1" 200 82 "/category/electronics" "Mozilla/5.0 (compatible; MSIE 9.0; Windows NT 6.1; Trident/5.0)"
204.78.117.193 - - [17/Nov/2017:02:26:40 +0000] "GET /category/software HTTP/1.1" 200 65 "-" "Mozilla/5.0 (Windows NT 6.0) AppleWebKit/535.11 (KHTML, like Gecko) Chrome/17.0.963.56 Safari/535.11"
188.213.129.190 - - [17/Nov/2017:02:26:45 +0000] "GET /item/books/1869 HTTP/1.1" 200 134 "/category/electronics?from=20" "Mozilla/5.0 (Windows NT 6.1; WOW64) AppleWebKit/535.7 (KHTML, like Gecko) Chrome/16.0.912.77 Safari/535.7"
124.48.209.187 - - [17/Nov/2017:02:26:50 +0000] "GET /category/electronics HTTP/1.1" 200 82 "-" "Mozilla/5.0 (Windows NT 6.1; WOW64) AppleWebKit/535.11 (KHTML, like Gecko) Chrome/17.0.963.56 Safari/535.11"
152.90.220.86 - - [17/Nov/2017:02:26:55 +0000] "GET /category/giftcards HTTP/1.1" 200 83 "-" "Mozilla/5.0 (Windows NT 6.0; rv:10.0.1) Gecko/20100101 Firefox/10.0.1"
216.129.86.169 - - [17/Nov/2017:02:27:00 +0000] "GET /item/office/84 HTTP/1.1" 200 137 "/search/?c=Office+Cameras" "Mozilla/5.0 (Windows NT 6.1; WOW64) AppleWebKit/535.11 (KHTML, like Gecko) Chrome/17.0.963.56 Safari/535.11"
76.48.201.164 - - [17/Nov/2017:02:27:05 +0000] "GET /category/cameras?from=20 HTTP/1.1" 200 114 "/category/toys" "Mozilla/4.0 (compatible; MSIE 8.0; Windows NT 6.1; WOW64; Trident/4.0; GTB7.2; SLCC2; .NET CLR 2.0.50727; .NET CLR 3.5.30729; .NET CLR 3.0.30729; Media Center PC 6.0; .NET4.0C)"
116.60.150.29 - - [17/Nov/2017:02:27:10 +0000] "GET /category/computers HTTP/1.1" 200 131 "-" "Mozilla/5.0 (compatible; MSIE 9.0; Windows NT 6.1; Trident/5.0)"
148.108.60.129 - - [17/Nov/2017:02:27:15 +0000] "GET /category/electronics HTTP/1.1" 200 84 "-" "Mozilla/4.0 (compatible; MSIE 8.0; Windows NT 6.1; WOW64; Trident/4.0; YTB730; GTB7.2; EasyBits GO v1.0; SLCC2; .NET CLR 2.0.50727; .NET CLR 3.5.30729; .NET CLR 3.0.30729; Media Center PC 6.0; .NET4.0C)"
172.45.84.183 - - [17/Nov/2017:02:27:20 +0000] "GET /category/jewelry HTTP/1.1" 200 86 "/category/electronics" "Mozilla/4.0 (compatible; MSIE 8.0; Windows NT 6.1; WOW64; Trident/4.0; YTB730; GTB7.2; SLCC2; .NET CLR 2.0.50727; .NET CLR 3.5.30729; .NET CLR 3.0.30729; .NET4.0C; .NET4.0E; Media Center PC 6.0)"
80.51.95.186 - - [17/Nov/2017:02:27:25 +0000] "POST /search/?c=Finance+Books HTTP/1.1" 200 54 "-" "Mozilla/4.0 (compatible; MSIE 8.0; Windows NT 6.0; WOW64; Trident/4.0; GTB6; SLCC1; .NET CLR 2.0.50727; Media Center PC 5.0; .NET CLR 3.5.30729; .NET CLR 3.0.30618; .NET4.0C)"
40.54.165.166 - - [17/Nov/2017:02:27:30 +0000] "GET /item/office/4792 HTTP/1.1" 200 56 "/category/jewelry" "Mozilla/5.0 (iPad; CPU OS 5_0_1 like Mac OS X) AppleWebKit/534.46 (KHTML, like Gecko) Version/5.1 Mobile/9A405 Safari/7534.48.3"
60.165.28.148 - - [17/Nov/2017:02:27:35 +0000] "GET /category/health HTTP/1.1" 200 82 "-" "Mozilla/5.0 (Windows NT 6.0; rv:10.0.1) Gecko/20100101 Firefox/10.0.1"
168.27.211.221 - - [17/Nov/2017:02:27:40 +0000] "GET /category/music HTTP/1.1" 200 54 "/category/software" "Mozilla/5.0 (Windows NT 6.1; WOW64; rv:10.0.1) Gecko/20100101 Firefox/10.0.1"
212.225.203.50 - - [17/Nov/2017:02:27:45 +0000] "GET /category/sports HTTP/1.1" 200 121 "-" "Mozilla/5.0 (Windows NT 6.1; WOW64) AppleWebKit/535.11 (KHTML, like Gecko) Chrome/17.0.963.56 Safari/535.11"
52.147.207.228 - - [17/Nov/2017:02:27:50 +0000] "GET /category/books HTTP/1.1" 200 131 "-" "Mozilla/5.0 (iPhone; CPU iPhone OS 5_0_1 like Mac OS X) AppleWebKit/534.46 (KHTML, like Gecko) Version/5.1 Mobile/9A405 Safari/7534.48.3"
144.90.208.217 - - [17/Nov/2017:02:27:55 +0000] "GET /item/electronics/705 HTTP/1.1" 200 92 "/category/office" "Mozilla/4.0 (compatible; MSIE 8.0; Windows NT 6.1; Trident/4.0; YTB730; SLCC2; .NET CLR 2.0.50727; .NET CLR 3.5.30729; .NET CLR 3.0.30729; Media Center PC 6.0; .NET4.0C)"
20.45.119.184 - - [17/Nov/2017:02:28:00 +0000] "GET /item/music/1232 HTTP/1.1" 200 62 "/search/?c=Music+Health" "Mozilla/5.0 (compatible; MSIE 9.0; Windows NT 6.1; WOW64; Trident/5.0)"
44.102.49.36 - - [17/Nov/2017:02:28:05 +0000] "GET /category/garden HTTP/1.1" 200 78 "-" "Mozilla/5.0 (Windows NT 6.0; rv:10.0.1) Gecko/20100101 Firefox/10.0.1"
204.213.121.181 - - [17/Nov/2017:02:28:10 +0000] "GET /item/garden/4804 HTTP/1.1" 200 82 "/item/games/4277" "Mozilla/5.0 (iPhone; CPU iPhone OS 5_0_1 like Mac OS X) AppleWebKit/534.46 (KHTML, like Gecko) Version/5.1 Mobile/9A405 Safari/7534.48.3"
24.150.47.136 - - [17/Nov/2017:02:28:15 +0000] "GET /item/toys/2937 HTTP/1.1" 200 54 "/category/electronics" "Mozilla/5.0 (Macintosh; Intel Mac OS X 10.6; rv:9.0.1) Gecko/20100101 Firefox/9.0.1"
136.111.189.48 - - [17/Nov/2017:02:28:20 +0000] "GET /category/software?from=10 HTTP/1.1" 200 54 "-" "Mozilla/5.0 (Macintosh; Intel Mac OS X 10.6; rv:9.0.1) Gecko/20100101 Firefox/9.0.1"
84.189.117.50 - - [17/Nov/2017:02:28:25 +0000] "GET /item/cameras/2299 HTTP/1.1" 200 64 "/item/books/3977" "Mozilla/4.0 (compatible; MSIE 8.0; Windows NT 6.1; Trident/4.0; YTB730; SLCC2; .NET CLR 2.0.50727; .NET CLR 3.5.30729; .NET CLR 3.0.30729; Media Center PC 6.0; .NET4.0C)"
160.177.125.192 - - [17/Nov/2017:02:28:30 +0000] "GET /category/software HTTP/1.1" 200 104 "/item/electronics/2101" "Mozilla/5.0 (Windows NT 6.0; rv:10.0.1) Gecko/20100101 Firefox/10.0.1"
168.210.175.118 - - [17/Nov/2017:02:28:35 +0000] "GET /category/software HTTP/1.1" 200 87 "/item/networking/322" "Mozilla/5.0 (compatible; MSIE 9.0; Windows NT 6.1; WOW64; Trident/5.0)"
84.117.68.27 - - [17/Nov/2017:02:28:40 +0000] "POST /search/?c=Computers+Electronics HTTP/1.1" 200 44 "/search/?c=Electronics" "Mozilla/5.0 (Windows NT 6.1; WOW64; rv:10.0.1) Gecko/20100101 Firefox/10.0.1"
196.225.171.61 - - [17/Nov/2017:02:28:45 +0000] "GET /category/office HTTP/1.1" 200 127 "/category/software" "Mozilla/5.0 (compatible; MSIE 9.0; Windows NT 6.1; WOW64; Trident/5.0)"
100.165.48.87 - - [17/Nov/2017:02:28:50 +0000] "GET /category/electronics HTTP/1.1" 200 97 "/item/software/2036" "Mozilla/4.0 (compatible; MSIE 8.0; Windows NT 6.0; WOW64; Trident/4.0; GTB6; SLCC1; .NET CLR 2.0.50727; Media Center PC 5.0; .NET CLR 3.5.30729; .NET CLR 3.0.30618; .NET4.0C)"
216.54.131.48 - - [17/Nov/2017:02:28:55 +0000] "GET /category/electronics?from=20 HTTP/1.1" 200 48 "-" "Mozilla/5.0 (Windows NT 5.1) AppleWebKit/535.11 (KHTML, like Gecko) Chrome/17.0.963.46 Safari/535.11"
36.207.70.163 - - [17/Nov/2017:02:29:00 +0000] "GET /category/software HTTP/1.1" 200 103 "-" "Mozilla/5.0 (Windows NT 6.0; rv:10.0.1) Gecko/20100101 Firefox/10.0.1"
60.165.28.148 - - [17/Nov/2017:02:29:05 +0000] "GET /category/garden?from=0 HTTP/1.1" 200 77 "/search/?c=Garden+Books" "Mozilla/5.0 (Windows NT 6.1; WOW64; rv:10.0.1) Gecko/20100101 Firefox/10.0.1"
152.90.220.86 - - [17/Nov/2017:02:29:10 +0000] "POST /search/?c=Garden+Networking HTTP/1.1" 200 130 "-" "Mozilla/4.0 (compatible; MSIE 8.0; Windows NT 5.1; Trident/4.0; BTRS122159; GTB7.2; .NET CLR 1.1.4322; .NET CLR 2.0.50727; .NET CLR 3.0.04506.30; .NET CLR 3.0.4506.2152; .NET CLR 3.5.30729; BRI/2)"
28.135.217.112 - - [17/Nov/2017:02:29:15 +0000] "GET /item/games/3422 HTTP/1.1" 200 88 "/category/books?from=20" "Mozilla/5.0 (Windows NT 6.1; WOW64) AppleWebKit/535.7 (KHTML, like Gecko) Chrome/16.0.912.77 Safari/535.7"
28.147.67.42 - - [17/Nov/2017:02:29:20 +0000] "GET /item/electronics/2595 HTTP/1.1" 200 59 "http://www.google.com/search?ie=UTF-8&q=google&sclient=psy-ab&q=Electronics&oq=Electronics&aq=f&aqi=g-vL1&aql=&pbx=1&bav=on.2,or.r_gc.r_pw.r_qf.,cf.osb&biw=4623&bih=403" "Mozilla/4.0 (compatible; MSIE 8.0; Windows NT 5.1; Trident/4.0; YTB720; GTB7.2; .NET CLR 1.1.4322; .NET CLR 2.0.50727; .NET CLR 3.0.4506.2152; .NET CLR 3.5.30729)"
96.225.24.124 - - [17/Nov/2017:02:29:25 +0000] "GET /category/software HTTP/1.1" 200 58 "-" "Mozilla/4.0 (compatible; MSIE 8.0; Windows NT 6.1; WOW64; Trident/4.0; YTB730; GTB7.2; SLCC2; .NET CLR 2.0.50727; .NET CLR 3.5.30729; .NET CLR 3.0.30729; .NET4.0C; .NET4.0E; Media Center PC 6.0)"
220.225.191.68 - - [17/Nov/2017:02:29:30 +0000] "GET /category/electronics HTTP/1.1" 200 44 "-" "Mozilla/4.0 (compatible; MSIE 8.0; Windows NT 5.1; Trident/4.0; BTRS122159; GTB7.2; .NET CLR 1.1.4322; .NET CLR 2.0.50727; .NET CLR 3.0.04506.30; .NET CLR 3.0.4506.2152; .NET CLR 3.5.30729; BRI/2)"
220.36.59.198 - - [17/Nov/2017:02:29:35 +0000] "GET /item/games/1456 HTTP/1.1" 200 111 "http://www.google.com/search?ie=UTF-8&q=google&sclient=psy-ab&q=Games&oq=Games&aq=f&aqi=g-vL1&aql=&pbx=1&bav=on.2,or.r_gc.r_pw.r_qf.,cf.osb&biw=3246&bih=387" "Mozilla/5.0 (compatible; MSIE 9.0; Windows NT 6.1; WOW64; Trident/5.0)"
212.213.59.205 - - [17/Nov/2017:02:29:40 +0000] "GET /category/cameras HTTP/1.1" 200 77 "-" "Mozilla/5.0 (Macintosh; Intel Mac OS X 10.6; rv:9.0.1) Gecko/20100101 Firefox/9.0.1"
172.108.215.191 - - [17/Nov/2017:02:29:45 +0000] "GET /category/electronics HTTP/1.1" 200 73 "/item/software/2190" "Mozilla/5.0 (Windows NT 6.1; WOW64) AppleWebKit/535.11 (KHTML, like Gecko) Chrome/17.0.963.56 Safari/535.11"
148.60.198.141 - - [17/Nov/2017:02:29:50 +0000] "POST /search/?c=Electronics+Garden HTTP/1.1" 200 139 "/item/finance/4492" "Mozilla/5.0 (Windows NT 6.0) AppleWebKit/535.11 (KHTML, like Gecko) Chrome/17.0.963.56 Safari/535.11"
184.45.158.136 - - [17/Nov/2017:02:29:55 +0000] "POST /search/?c=Books+Health HTTP/1.1" 200 114 "-" "Mozilla/5.0 (Windows NT 6.0; rv:10.0.1) Gecko/20100101 Firefox/10.0.1"
44.39.69.128 - - [17/Nov/2017:02:30:00 +0000] "GET /category/jewelry HTTP/1.1" 200 112 "/category/software" "Mozilla/5.0 (compatible; Googlebot/2.1; +http://www.google.com/bot.html)"
212.228.110.108 - - [17/Nov/2017:02:30:05 +0000] "GET /category/music HTTP/1.1" 200 54 "-" "Mozilla/4.0 (compatible; MSIE 8.0; Windows NT 6.1; WOW64; Trident/4.0; GTB7.2; SLCC2; .NET CLR 2.0.50727; .NET CLR 3.5.30729; .NET CLR 3.0.30729; Media Center PC 6.0; .NET4.0C)"
128.123.38.119 - - [17/Nov/2017:02:30:10 +0000] "GET /category/jewelry?from=20 HTTP/1.1" 200 107 "/category/finance" "Mozilla/4.0 (compatible; MSIE 8.0; Windows NT 6.0; WOW64; Trident/4.0; GTB6; SLCC1; .NET CLR 2.0.50727; Media Center PC 5.0; .NET CLR 3.5.30729; .NET CLR 3.0.30618; .NET4.0C)"
128.54.131.218 - - [17/Nov/2017:02:30:15 +0000] "POST /search/?c=Games+Electronics HTTP/1.1" 200 52 "/category/electronics" "Mozilla/5.0 (Windows NT 6.0; rv:10.0.1) Gecko/20100101 Firefox/10.0.1"
140.93.196.122 - - [17/Nov/2017:02:30:20 +0000] "GET /item/electronics/106 HTTP/1.1" 200 50 "-" "Mozilla/5.0 (Windows NT 6.1; WOW64) AppleWebKit/535.11 (KHTML, like Gecko) Chrome/17.0.963.56 Safari/535.11"
64.138.87.214 - - [17/Nov/2017:02:30:25 +0000] "GET /item/games/2882 HTTP/1.1" 200 130 "/search/?c=Games+Games" "Mozilla/5.0 (iPad; CPU OS 5_0_1 like Mac OS X) AppleWebKit/534.46 (KHTML, like Gecko) Version/5.1 Mobile/9A405 Safari/7534.48.3"
216.99.176.92 - - [17/Nov/2017:02:30:30 +0000] "POST /search/?c=Music+Giftcards HTTP/1.1" 200 113 "/category/books" "Mozilla/5.0 (compatible; Googlebot/2.1; +http://www.google.com/bot.html)"
108.174.61.62 - - [17/Nov/2017:02:30:35 +0000] "GET /category/electronics HTTP/1.1" 200 51 "-" "Mozilla/4.0 (compatible; MSIE 8.0; Windows NT 6.1; WOW64; Trident/4.0; YTB730; GTB7.2; SLCC2; .NET CLR 2.0.50727; .NET CLR 3.5.30729; .NET CLR 3.0.30729; .NET4.0C; .NET4.0E; Media Center PC 6.0)"
208.30.147.227 - - [17/Nov/2017:02:30:40 +0000] "POST /search/?c=Networking HTTP/1.1" 200 110 "/item/giftcards/4757" "Mozilla/5.0 (iPad; CPU OS 5_0_1 like Mac OS X) AppleWebKit/534.46 (KHTML, like Gecko) Version/5.1 Mobile/9A405 Safari/7534.48.3"
168.201.46.220 - - [17/Nov/2017:02:30:45 +0000] "GET /item/electronics/4788 HTTP/1.1" 200 46 "-" "Mozilla/5.0 (Windows NT 6.1; WOW64) AppleWebKit/535.7 (KHTML, like Gecko) Chrome/16.0.912.77 Safari/535.7"
160.222.46.45 - - [17/Nov/2017:02:30:50 +0000] "GET /category/electronics HTTP/1.1" 200 128 "/item/electronics/261" "Mozilla/5.0 (Windows NT 6.0) AppleWebKit/535.11 (KHTML, like Gecko) Chrome/17.0.963.56 Safari/535.11"
156.90.25.118 - - [17/Nov/2017:02:30:55 +0000] "GET /item/garden/473 HTTP/1.1" 200 137 "/category/software" "Mozilla/4.0 (compatible; MSIE 8.0; Windows NT 6.1; WOW64; Trident/4.0; YTB730; GTB7.2; SLCC2; .NET CLR 2.0.50727; .NET CLR 3.5.30729; .NET CLR 3.0.30729; .NET4.0C; .NET4.0E; Media Center PC 6.0)"
140.120.88.217 - - [17/Nov/2017:02:31:00 +0000] "GET /item/computers/512 HTTP/1.1" 200 97 "/category/office" "Mozilla/4.0 (compatible; MSIE 8.0; Windows NT 6.1; WOW64; Trident/4.0; YTB730; GTB7.2; SLCC2; .NET CLR 2.0.50727; .NET CLR 3.5.30729; .NET CLR 3.0.30729; .NET4.0C; .NET4.0E; Media Center PC 6.0)"
216.138.190.49 - - [17/Nov/2017:02:31:05 +0000] "GET /item/books/3101 HTTP/1.1" 200 61 "http://www.google.com/search?ie=UTF-8&q=google&sclient=psy-ab&q=Books&oq=Books&aq=f&aqi=g-vL1&aql=&pbx=1&bav=on.2,or.r_gc.r_pw.r_qf.,cf.osb&biw=1437&bih=448" "Mozilla/5.0 (iPhone; CPU iPhone OS 5_0_1 like Mac OS X) AppleWebKit/534.46 (KHTML, like Gecko) Version/5.1 Mobile/9A405 Safari/7534.48.3"
84.201.48.127 - - [17/Nov/2017:02:31:10 +0000] "GET /category/garden HTTP/1.1" 200 86 "/category/electronics" "Mozilla/5.0 (Macintosh; Intel Mac OS X 10.6; rv:9.0.1) Gecko/20100101 Firefox/9.0.1"
80.75.100.166 - - [17/Nov/2017:02:31:15 +0000] "GET /item/electronics/1309 HTTP/1.1" 200 133 "/category/sports?from=0" "Mozilla/4.0 (compatible; MSIE 8.0; Windows NT 6.1; WOW64; Trident/4.0; YTB730; GTB7.2; EasyBits GO v1.0; SLCC2; .NET CLR 2.0.50727; .NET CLR 3.5.30729; .NET CLR 3.0.30729; Media Center PC 6.0; .NET4.0C)"
176.30.78.65 - - [17/Nov/2017:02:31:20 +0000] "GET /category/electronics HTTP/1.1" 200 73 "-" "Mozilla/5.0 (Windows NT 6.0; rv:10.0.1) Gecko/20100101 Firefox/10.0.1"
224.177.34.186 - - [17/Nov/2017:02:31:25 +0000] "GET /item/games/2215 HTTP/1.1" 200 64 "/category/games" "Mozilla/5.0 (compatible; MSIE 9.0; Windows NT 6.1; Trident/5.0)"
200.144.113.93 - - [17/Nov/2017:02:31:30 +0000] "GET /category/health HTTP/1.1" 200 42 "-" "Mozilla/5.0 (compatible; MSIE 9.0; Windows NT 6.1; WOW64; Trident/5.0)"
212.174.139.73 - - [17/Nov/2017:02:31:35 +0000] "GET /item/games/1021 HTTP/1.1" 200 124 "/category/books" "Mozilla/4.0 (compatible; MSIE 8.0; Windows NT 6.1; WOW64; Trident/4.0; YTB730; GTB7.2; EasyBits GO v1.0; SLCC2; .NET CLR 2.0.50727; .NET CLR 3.5.30729; .NET CLR 3.0.30729; Media Center PC 6.0; .NET4.0C)"
176.210.158.39 - - [17/Nov/2017:02:31:40 +0000] "GET /item/office/278 HTTP/1.1" 200 108 "/search/?c=Toys+Toys" "Mozilla/5.0 (Macintosh; Intel Mac OS X 10.6; rv:9.0.1) Gecko/20100101 Firefox/9.0.1"
64.108.210.186 - - [17/Nov/2017:02:31:45 +0000] "GET /category/office HTTP/1.1" 200 74 "/item/games/526" "Mozilla/4.0 (compatible; MSIE 8.0; Windows NT 5.1; Trident/4.0; YTB720; GTB7.2; .NET CLR 1.1.4322; .NET CLR 2.0.50727; .NET CLR 3.0.4506.2152; .NET CLR 3.5.30729)"
164.126.158.215 - - [17/Nov/2017:02:31:50 +0000] "GET /category/software HTTP/1.1" 200 118 "/item/jewelry/1164" "Mozilla/5.0 (iPhone; CPU iPhone OS 5_0_1 like Mac OS X) AppleWebKit/534.46 (KHTML, like Gecko) Version/5.1 Mobile/9A405 Safari/7534.48.3"
136.54.219.130 - - [17/Nov/2017:02:31:55 +0000] "GET /category/cameras HTTP/1.1" 200 66 "/category/garden" "Mozilla/4.0 (compatible; MSIE 8.0; Windows NT 6.0; WOW64; Trident/4.0; GTB6; SLCC1; .NET CLR 2.0.50727; Media Center PC 5.0; .NET CLR 3.5.30729; .NET CLR 3.0.30618; .NET4.0C)"
132.132.109.164 - - [17/Nov/2017:02:32:00 +0000] "GET /category/health HTTP/1.1" 200 137 "-" "Mozilla/5.0 (Windows NT 6.1; WOW64) AppleWebKit/535.11 (KHTML, like Gecko) Chrome/17.0.963.56 Safari/535.11"
160.222.46.45 - - [17/Nov/2017:02:32:05 +0000] "GET /item/software/3523 HTTP/1.1" 200 68 "/category/software" "Mozilla/5.0 (Windows NT 5.1) AppleWebKit/535.11 (KHTML, like Gecko) Chrome/17.0.963.46 Safari/535.11"
224.183.83.85 - - [17/Nov/2017:02:32:10 +0000] "GET /category/computers HTTP/1.1" 200 94 "/search/?c=Health" "Mozilla/5.0 (Windows NT 6.1; WOW64) AppleWebKit/535.7 (KHTML, like Gecko) Chrome/16.0.912.77 Safari/535.7"
84.117.161.61 - - [17/Nov/2017:02:32:15 +0000] "GET /category/office HTTP/1.1" 200 85 "-" "Mozilla/4.0 (compatible; MSIE 8.0; Windows NT 5.1; Trident/4.0; BTRS122159; GTB7.2; .NET CLR 1.1.4322; .NET CLR 2.0.50727; .NET CLR 3.0.04506.30; .NET CLR 3.0.4506.2152; .NET CLR 3.5.30729; BRI/2)"
124.171.169.38 - - [17/Nov/2017:02:32:20 +0000] "GET /category/computers HTTP/1.1" 200 126 "/category/health" "Mozilla/5.0 (iPad; CPU OS 5_0_1 like Mac OS X) AppleWebKit/534.46 (KHTML, like Gecko) Version/5.1 Mobile/9A405 Safari/7534.48.3"
208.138.152.63 - - [17/Nov/2017:02:32:25 +0000] "GET /item/giftcards/1901 HTTP/1.1" 200 63 "-" "Mozilla/4.0 (compatible; MSIE 8.0; Windows NT 5.1; Trident/4.0; YTB720; GTB7.2; .NET CLR 1.1.4322; .NET CLR 2.0.50727; .NET CLR 3.0.4506.2152; .NET CLR 3.5.30729)"
216.111.181.162 - - [17/Nov/2017:02:32:30 +0000] "GET /item/games/2746 HTTP/1.1" 200 135 "-" "Mozilla/5.0 (Windows NT 6.0; rv:10.0.1) Gecko/20100101 Firefox/10.0.1"
172.54.104.144 - - [17/Nov/2017:02:32:35 +0000] "GET /category/giftcards HTTP/1.1" 200 83 "-" "Mozilla/4.0 (compatible; MSIE 8.0; Windows NT 6.1; WOW64; Trident/4.0; YTB730; GTB7.2; EasyBits GO v1.0; SLCC2; .NET CLR 2.0.50727; .NET CLR 3.5.30729; .NET CLR 3.0.30729; Media Center PC 6.0; .NET4.0C)"
112.48.91.130 - - [17/Nov/2017:02:32:40 +0000] "GET /item/games/905 HTTP/1.1" 200 55 "-" "Mozilla/5.0 (compatible; MSIE 9.0; Windows NT 6.1; Trident/5.0)"
196.225.41.136 - - [17/Nov/2017:02:32:45 +0000] "GET /category/software HTTP/1.1" 200 98 "/category/electronics" "Mozilla/5.0 (Macintosh; Intel Mac OS X 10.6; rv:9.0.1) Gecko/20100101 Firefox/9.0.1"
212.156.57.223 - - [17/Nov/2017:02:32:50 +0000] "GET /category/cameras?from=20 HTTP/1.1" 200 63 "/search/?c=Cameras" "Mozilla/5.0 (compatible; MSIE 9.0; Windows NT 6.1; WOW64; Trident/5.0)"
112.222.91.42 - - [17/Nov/2017:02:32:55 +0000] "GET /item/electronics/4030 HTTP/1.1" 200 111 "/item/software/3371" "Mozilla/5.0 (compatible; MSIE 9.0; Windows NT 6.1; WOW64; Trident/5.0)"
32.81.139.201 - - [17/Nov/2017:02:33:00 +0000] "GET /item/electronics/3162 HTTP/1.1" 200 71 "/search/?c=Software+Books" "Mozilla/5.0 (iPhone; CPU iPhone OS 5_0_1 like Mac OS X) AppleWebKit/534.46 (KHTML, like Gecko) Version/5.1 Mobile/9A405 Safari/7534.48.3"
140.138.221.130 - - [17/Nov/2017:02:33:05 +0000] "GET /item/cameras/3320 HTTP/1.1" 200 109 "/category/books" "Mozilla/5.0 (Windows NT 6.0) AppleWebKit/535.11 (KHTML, like Gecko) Chrome/17.0.963.56 Safari/535.11"
80.120.169.42 - - [17/Nov/2017:02:33:10 +0000] "GET /item/books/4322 HTTP/1.1" 200 44 "/search/?c=Books+Books" "Mozilla/5.0 (Windows NT 6.1; WOW64; rv:10.0.1) Gecko/20100101 Firefox/10.0.1"
112.21.69.67 - - [17/Nov/2017:02:33:15 +0000] "GET /item/games/4709 HTTP/1.1" 200 43 "/search/?c=Games" "Mozilla/5.0 (Windows NT 6.0) AppleWebKit/535.11 (KHTML, like Gecko) Chrome/17.0.963.56 Safari/535.11"
112.132.152.220 - - [17/Nov/2017:02:33:20 +0000] "GET /category/books HTTP/1.1" 200 51 "-" "Mozilla/5.0 (iPad; CPU OS 5_0_1 like Mac OS X) AppleWebKit/534.46 (KHTML, like Gecko) Version/5.1 Mobile/9A405 Safari/7534.48.3"
80.39.121.152 - - [17/Nov/2017:02:33:25 +0000] "GET /category/electronics HTTP/1.1" 200 51 "/category/electronics" "Mozilla/5.0 (compatible; MSIE 9.0; Windows NT 6.1; Trident/5.0)"
124.66.153.212 - - [17/Nov/2017:02:33:30 +0000] "GET /item/toys/3509 HTTP/1.1" 200 89 "http://www.google.com/search?ie=UTF-8&q=google&sclient=psy-ab&q=Toys&oq=Toys&aq=f&aqi=g-vL1&aql=&pbx=1&bav=on.2,or.r_gc.r_pw.r_qf.,cf.osb&biw=920&bih=376" "Mozilla/5.0 (compatible; MSIE 9.0; Windows NT 6.1; Trident/5.0)"
20.21.65.80 - - [17/Nov/2017:02:33:35 +0000] "GET /category/garden HTTP/1.1" 200 47 "/search/?c=Cameras+Finance" "Mozilla/5.0 (compatible; MSIE 9.0; Windows NT 6.1; Trident/5.0)"
224.210.40.49 - - [17/Nov/2017:02:33:40 +0000] "GET /category/music HTTP/1.1" 200 117 "-" "Mozilla/5.0 (Windows NT 6.1; WOW64) AppleWebKit/535.11 (KHTML, like Gecko) Chrome/17.0.963.56 Safari/535.11"
216.159.84.36 - - [17/Nov/2017:02:33:45 +0000] "GET /category/office HTTP/1.1" 200 71 "-" "Mozilla/5.0 (Windows NT 6.0) AppleWebKit/535.11 (KHTML, like Gecko) Chrome/17.0.963.56 Safari/535.11"
76.138.226.38 - - [17/Nov/2017:02:33:50 +0000] "GET /item/books/3487 HTTP/1.1" 200 92 "-" "Mozilla/5.0 (Windows NT 6.1; WOW64; rv:10.0.1) Gecko/20100101 Firefox/10.0.1"
212.174.138.139 - - [17/Nov/2017:02:33:55 +0000] "GET /category/books HTTP/1.1" 200 49 "http://www.google.com/search?ie=UTF-8&q=google&sclient=psy-ab&q=Books+Networking&oq=Books+Networking&aq=f&aqi=g-vL1&aql=&pbx=1&bav=on.2,or.r_gc.r_pw.r_qf.,cf.osb&biw=2498&bih=106" "Mozilla/5.0 (Windows NT 6.0; rv:10.0.1) Gecko/20100101 Firefox/10.0.1"
128.120.138.51 - - [17/Nov/2017:02:34:00 +0000] "GET /category/books HTTP/1.1" 200 94 "/item/office/394" "Mozilla/5.0 (Windows NT 6.1; WOW64; rv:10.0.1) Gecko/20100101 Firefox/10.0.1"
140.57.182.120 - - [17/Nov/2017:02:34:05 +0000] "GET /category/electronics HTTP/1.1" 200 91 "/category/books" "Mozilla/5.0 (Windows NT 6.0) AppleWebKit/535.11 (KHTML, like Gecko) Chrome/17.0.963.56 Safari/535.11"
92.102.204.173 - - [17/Nov/2017:02:34:10 +0000] "GET /category/music HTTP/1.1" 200 44 "/item/office/4595" "Mozilla/5.0 (compatible; MSIE 9.0; Windows NT 6.1; WOW64; Trident/5.0)"
84.30.118.31 - - [17/Nov/2017:02:34:15 +0000] "GET /item/toys/67 HTTP/1.1" 200 117 "http://www.google.com/search?ie=UTF-8&q=google&sclient=psy-ab&q=Toys&oq=Toys&aq=f&aqi=g-vL1&aql=&pbx=1&bav=on.2,or.r_gc.r_pw.r_qf.,cf.osb&biw=3846&bih=409" "Mozilla/5.0 (compatible; MSIE 9.0; Windows NT 6.1; Trident/5.0)"
80.174.167.30 - - [17/Nov/2017:02:34:20 +0000] "GET /category/electronics HTTP/1.1" 200 78 "/category/software" "Mozilla/5.0 (compatible; MSIE 9.0; Windows NT 6.1; WOW64; Trident/5.0)"
216.129.164.166 - - [17/Nov/2017:02:34:25 +0000] "GET /category/garden HTTP/1.1" 200 135 "-" "Mozilla/5.0 (compatible; MSIE 9.0; Windows NT 6.1; WOW64; Trident/5.0)"
40.219.75.36 - - [17/Nov/2017:02:34:30 +0000] "POST /search/?c=Software HTTP/1.1" 200 126 "/category/cameras" "Mozilla/5.0 (Windows NT 6.0; rv:10.0.1) Gecko/20100101 Firefox/10.0.1"
188.144.194.102 - - [17/Nov/2017:02:34:35 +0000] "GET /item/computers/512 HTTP/1.1" 200 97 "/search/?c=Computers" "Mozilla/5.0 (Windows NT 6.0; rv:10.0.1) Gecko/20100101 Firefox/10.0.1"
220.72.103.132 - - [17/Nov/2017:02:34:40 +0000] "GET /item/electronics/1911 HTTP/1.1" 200 122 "-" "Mozilla/5.0 (Windows NT 6.0) AppleWebKit/535.11 (KHTML, like Gecko) Chrome/17.0.963.56 Safari/535.11"
76.33.84.154 - - [17/Nov/2017:02:34:45 +0000] "GET /category/games HTTP/1.1" 200 59 "/item/office/1686" "Mozilla/5.0 (compatible; Googlebot/2.1; +http://www.google.com/bot.html)"
76.222.22.161 - - [17/Nov/2017:02:34:50 +0000] "GET /item/jewelry/1164 HTTP/1.1" 200 106 "/category/cameras" "Mozilla/5.0 (compatible; MSIE 9.0; Windows NT 6.1; WOW64; Trident/5.0)"
164.42.137.37 - - [17/Nov/2017:02:34:55 +0000] "GET /category/office?from=0 HTTP/1.1" 200 93 "-" "Mozilla/5.0 (Windows NT 6.1; WOW64) AppleWebKit/535.11 (KHTML, like Gecko) Chrome/17.0.963.56 Safari/535.11"
56.222.85.33 - - [17/Nov/2017:02:35:00 +0000] "GET /category/books HTTP/1.1" 200 81 "/category/software" "Mozilla/5.0 (compatible; MSIE 9.0; Windows NT 6.1; Trident/5.0)"
160.207.59.34 - - [17/Nov/2017:02:35:05 +0000] "GET /category/books HTTP/1.1" 200 122 "/category/giftcards" "Mozilla/4.0 (compatible; MSIE 8.0; Windows NT 5.1; Trident/4.0; BTRS122159; GTB7.2; .NET CLR 1.1.4322; .NET CLR 2.0.50727; .NET CLR 3.0.04506.30; .NET CLR 3.0.4506.2152; .NET CLR 3.5.30729; BRI/2)"
116.72.59.134 - - [17/Nov/2017:02:35:10 +0000] "GET /item/electronics/3410 HTTP/1.1" 200 123 "/category/electronics" "Mozilla/5.0 (Windows NT 6.0) AppleWebKit/535.11 (KHTML, like Gecko) Chrome/17.0.963.56 Safari/535.11"
152.102.198.201 - - [17/Nov/2017:02:35:15 +0000] "GET /category/garden HTTP/1.1" 200 52 "/item/books/4062" "Mozilla/5.0 (Macintosh; Intel Mac OS X 10.6; rv:9.0.1) Gecko/20100101 Firefox/9.0.1"
152.102.198.201 - - [17/Nov/2017:02:35:20 +0000] "GET /category/jewelry HTTP/1.1" 200 40 "http://www.google.com/search?ie=UTF-8&q=google&sclient=psy-ab&q=Jewelry+Networking&oq=Jewelry+Networking&aq=f&aqi=g-vL1&aql=&pbx=1&bav=on.2,or.r_gc.r_pw.r_qf.,cf.osb&biw=2299&bih=121" "Mozilla/5.0 (Windows NT 6.1; WOW64) AppleWebKit/535.11 (KHTML, like Gecko) Chrome/17.0.963.56 Safari/535.11"
28.129.126.21 - - [17/Nov/2017:02:35:25 +0000] "GET /item/electronics/3393 HTTP/1.1" 404 59 "/category/finance" "Mozilla/5.0 (compatible; Googlebot/2.1; +http://www.google.com/bot.html)"
28.201.26.192 - - [17/Nov/2017:02:35:30 +0000] "GET /item/books/2649 HTTP/1.1" 200 60 "/category/toys" "Mozilla/5.0 (Windows NT 6.1; WOW64) AppleWebKit/535.7 (KHTML, like Gecko) Chrome/16.0.912.77 Safari/535.7"
188.111.114.167 - - [17/Nov/2017:02:35:35 +0000] "GET /category/software HTTP/1.1" 200 119 "/item/cameras/1329" "Mozilla/5.0 (Windows NT 6.1; WOW64; rv:10.0.1) Gecko/20100101 Firefox/10.0.1"
196.138.160.145 - - [17/Nov/2017:02:35:40 +0000] "GET /category/jewelry HTTP/1.1" 200 113 "-" "Mozilla/5.0 (Windows NT 6.0; rv:10.0.1) Gecko/20100101 Firefox/10.0.1"
192.54.221.227 - - [17/Nov/2017:02:35:45 +0000] "GET /category/health HTTP/1.1" 200 59 "/category/electronics" "Mozilla/5.0 (compatible; MSIE 9.0; Windows NT 6.1; WOW64; Trident/5.0)"
20.168.121.199 - - [17/Nov/2017:02:35:50 +0000] "GET /category/software HTTP/1.1" 200 87 "-" "Mozilla/5.0 (Windows NT 6.1; WOW64) AppleWebKit/535.11 (KHTML, like Gecko) Chrome/17.0.963.56 Safari/535.11"
64.219.70.102 - - [17/Nov/2017:02:35:55 +0000] "GET /category/computers HTTP/1.1" 200 48 "/item/networking/4174" "Mozilla/5.0 (compatible; MSIE 9.0; Windows NT 6.1; WOW64; Trident/5.0)"
144.126.86.47 - - [17/Nov/2017:02:36:00 +0000] "POST /search/?c=Garden HTTP/1.1" 200 114 "/item/cameras/2644" "Mozilla/5.0 (Windows NT 6.0; rv:10.0.1) Gecko/20100101 Firefox/10.0.1"
148.84.20.175 - - [17/Nov/2017:02:36:05 +0000] "POST /search/?c=Books+Health HTTP/1.1" 200 114 "/item/electronics/1679" "Mozilla/5.0 (Windows NT 6.1; WOW64) AppleWebKit/535.11 (KHTML, like Gecko) Chrome/17.0.963.56 Safari/535.11"
140.27.85.29 - - [17/Nov/2017:02:36:10 +0000] "GET /item/software/4545 HTTP/1.1" 200 135 "/category/sports" "Mozilla/4.0 (compatible; MSIE 8.0; Windows NT 5.1; Trident/4.0; YTB720; GTB7.2; .NET CLR 1.1.4322; .NET CLR 2.0.50727; .NET CLR 3.0.4506.2152; .NET CLR 3.5.30729)"
128.147.75.132 - - [17/Nov/2017:02:36:15 +0000] "GET /category/software HTTP/1.1" 200 121 "-" "Mozilla/5.0 (Windows NT 6.0) AppleWebKit/535.11 (KHTML, like Gecko) Chrome/17.0.963.56 Safari/535.11"
176.153.215.204 - - [17/Nov/2017:02:36:20 +0000] "GET /category/books?from=20 HTTP/1.1" 200 86 "/search/?c=Books+Software" "Mozilla/4.0 (compatible; MSIE 8.0; Windows NT 6.1; Trident/4.0; YTB730; SLCC2; .NET CLR 2.0.50727; .NET CLR 3.5.30729; .NET CLR 3.0.30729; Media Center PC 6.0; .NET4.0C)"
96.99.84.183 - - [17/Nov/2017:02:36:25 +0000] "GET /category/office HTTP/1.1" 200 71 "/item/office/1523" "Mozilla/5.0 (Windows NT 6.1; WOW64) AppleWebKit/535.11 (KHTML, like Gecko) Chrome/17.0.963.56 Safari/535.11"
180.225.135.58 - - [17/Nov/2017:02:36:30 +0000] "GET /item/networking/4421 HTTP/1.1" 200 47 "-" "Mozilla/5.0 (compatible; MSIE 9.0; Windows NT 6.1; Trident/5.0)"
76.180.131.65 - - [17/Nov/2017:02:36:35 +0000] "GET /category/games HTTP/1.1" 200 110 "/category/software" "Mozilla/4.0 (compatible; MSIE 8.0; Windows NT 5.1; Trident/4.0; BTRS122159; GTB7.2; .NET CLR 1.1.4322; .NET CLR 2.0.50727; .NET CLR 3.0.04506.30; .NET CLR 3.0.4506.2152; .NET CLR 3.5.30729; BRI/2)"
108.60.40.114 - - [17/Nov/2017:02:36:40 +0000] "GET /category/jewelry HTTP/1.1" 200 59 "/item/electronics/681" "Mozilla/5.0 (Windows NT 6.1; WOW64) AppleWebKit/535.7 (KHTML, like Gecko) Chrome/16.0.912.77 Safari/535.7"
120.123.162.208 - - [17/Nov/2017:02:36:45 +0000] "GET /category/electronics HTTP/1.1" 200 101 "/item/computers/1943" "Mozilla/5.0 (Windows NT 6.1; WOW64; rv:10.0.1) Gecko/20100101 Firefox/10.0.1"
92.147.222.43 - - [17/Nov/2017:02:36:50 +0000] "GET /item/games/110 HTTP/1.1" 200 48 "/item/garden/995" "Mozilla/4.0 (compatible; MSIE 8.0; Windows NT 6.1; WOW64; Trident/4.0; GTB7.2; SLCC2; .NET CLR 2.0.50727; .NET CLR 3.5.30729; .NET CLR 3.0.30729; Media Center PC 6.0; .NET4.0C)"
76.93.187.155 - - [17/Nov/2017:02:36:55 +0000] "GET /category/books HTTP/1.1" 200 131 "/item/electronics/1195" "Mozilla/4.0 (compatible; MSIE 8.0; Windows NT 6.1; Trident/4.0; YTB730; SLCC2; .NET CLR 2.0.50727; .NET CLR 3.5.30729; .NET CLR 3.0.30729; Media Center PC 6.0; .NET4.0C)"
60.213.58.52 - - [17/Nov/2017:02:37:00 +0000] "GET /item/electronics/2374 HTTP/1.1" 200 96 "/category/games" "Mozilla/5.0 (compatible; Googlebot/2.1; +http://www.google.com/bot.html)"
32.189.72.176 - - [17/Nov/2017:02:37:05 +0000] "GET /category/jewelry HTTP/1.1" 200 102 "/category/books" "Mozilla/4.0 (compatible; MSIE 8.0; Windows NT 6.0; WOW64; Trident/4.0; GTB6; SLCC1; .NET CLR 2.0.50727; Media Center PC 5.0; .NET CLR 3.5.30729; .NET CLR 3.0.30618; .NET4.0C)"
76.39.153.224 - - [17/Nov/2017:02:37:10 +0000] "GET /category/electronics HTTP/1.1" 200 82 "-" "Mozilla/4.0 (compatible; MSIE 8.0; Windows NT 6.0; WOW64; Trident/4.0; GTB6; SLCC1; .NET CLR 2.0.50727; Media Center PC 5.0; .NET CLR 3.5.30729; .NET CLR 3.0.30618; .NET4.0C)"
196.225.171.61 - - [17/Nov/2017:02:37:15 +0000] "GET /item/office/564 HTTP/1.1" 200 125 "/category/software" "Mozilla/4.0 (compatible; MSIE 8.0; Windows NT 6.1; WOW64; Trident/4.0; YTB730; GTB7.2; SLCC2; .NET CLR 2.0.50727; .NET CLR 3.5.30729; .NET CLR 3.0.30729; .NET4.0C; .NET4.0E; Media Center PC 6.0)"
20.180.93.217 - - [17/Nov/2017:02:37:20 +0000] "GET /category/games HTTP/1.1" 200 47 "-" "Mozilla/4.0 (compatible; MSIE 8.0; Windows NT 5.1; Trident/4.0; YTB720; GTB7.2; .NET CLR 1.1.4322; .NET CLR 2.0.50727; .NET CLR 3.0.4506.2152; .NET CLR 3.5.30729)"
220.159.151.36 - - [17/Nov/2017:02:37:25 +0000] "GET /category/software HTTP/1.1" 200 69 "/category/cameras" "Mozilla/5.0 (compatible; Googlebot/2.1; +http://www.google.com/bot.html)"
112.48.147.108 - - [17/Nov/2017:02:37:30 +0000] "GET /category/garden HTTP/1.1" 200 114 "/category/software?from=0" "Mozilla/5.0 (Windows NT 6.0; rv:10.0.1) Gecko/20100101 Firefox/10.0.1"
132.132.109.164 - - [17/Nov/2017:02:37:35 +0000] "POST /search/?c=Books HTTP/1.1" 200 40 "/search/?c=Office+Computers" "Mozilla/5.0 (Windows NT 6.0; rv:10.0.1) Gecko/20100101 Firefox/10.0.1"
124.186.126.51 - - [17/Nov/2017:02:37:40 +0000] "GET /category/software HTTP/1.1" 200 82 "/item/games/2215" "Mozilla/5.0 (Macintosh; Intel Mac OS X 10.6; rv:9.0.1) Gecko/20100101 Firefox/9.0.1"
212.96.91.36 - - [17/Nov/2017:02:37:45 +0000] "GET /category/office?from=0 HTTP/1.1" 200 50 "-" "Mozilla/5.0 (Windows NT 6.0; rv:10.0.1) Gecko/20100101 Firefox/10.0.1"
144.168.60.186 - - [17/Nov/2017:02:37:50 +0000] "GET /category/books?from=20 HTTP/1.1" 200 121 "-" "Mozilla/4.0 (compatible; MSIE 8.0; Windows NT 5.1; Trident/4.0; YTB720; GTB7.2; .NET CLR 1.1.4322; .NET CLR 2.0.50727; .NET CLR 3.0.4506.2152; .NET CLR 3.5.30729)"
32.198.203.102 - - [17/Nov/2017:02:37:55 +0000] "GET /category/games HTTP/1.1" 200 111 "-" "Mozilla/4.0 (compatible; MSIE 8.0; Windows NT 6.1; WOW64; Trident/4.0; GTB7.2; SLCC2; .NET CLR 2.0.50727; .NET CLR 3.5.30729; .NET CLR 3.0.30729; Media Center PC 6.0; .NET4.0C)"
72.120.175.129 - - [17/Nov/2017:02:38:00 +0000] "GET /item/office/964 HTTP/1.1" 200 56 "/category/cameras" "Mozilla/5.0 (Macintosh; Intel Mac OS X 10.6; rv:9.0.1) Gecko/20100101 Firefox/9.0.1"
168.93.214.104 - - [17/Nov/2017:02:38:05 +0000] "GET /item/giftcards/4757 HTTP/1.1" 200 102 "/category/electronics" "Mozilla/5.0 (iPad; CPU OS 5_0_1 like Mac OS X) AppleWebKit/534.46 (KHTML, like Gecko) Version/5.1 Mobile/9A405 Safari/7534.48.3"
192.198.25.191 - - [17/Nov/2017:02:38:10 +0000] "GET /category/office HTTP/1.1" 200 57 "/category/networking" "Mozilla/5.0 (iPad; CPU OS 5_0_1 like Mac OS X) AppleWebKit/534.46 (KHTML, like Gecko) Version/5.1 Mobile/9A405 Safari/7534.48.3"
56.222.85.33 - - [17/Nov/2017:02:38:15 +0000] "POST /search/?c=Networking+Networking HTTP/1.1" 200 50 "/item/computers/512" "Mozilla/5.0 (Macintosh; Intel Mac OS X 10.6; rv:9.0.1) Gecko/20100101 Firefox/9.0.1"
200.195.153.115 - - [17/Nov/2017:02:38:20 +0000] "GET /category/office HTTP/1.1" 200 136 "-" "Mozilla/5.0 (compatible; Googlebot/2.1; +http://www.google.com/bot.html)"
136.60.226.41 - - [17/Nov/2017:02:38:25 +0000] "GET /category/software HTTP/1.1" 200 92 "/category/books" "Mozilla/5.0 (Windows NT 6.1; WOW64) AppleWebKit/535.11 (KHTML, like Gecko) Chrome/17.0.963.56 Safari/535.11"
96.213.225.72 - - [17/Nov/2017:02:38:30 +0000] "GET /item/giftcards/4709 HTTP/1.1" 200 53 "/item/software/2487" "Mozilla/4.0 (compatible; MSIE 8.0; Windows NT 6.1; WOW64; Trident/4.0; YTB730; GTB7.2; EasyBits GO v1.0; SLCC2; .NET CLR 2.0.50727; .NET CLR 3.5.30729; .NET CLR 3.0.30729; Media Center PC 6.0; .NET4.0C)"
144.123.122.206 - - [17/Nov/2017:02:38:35 +0000] "GET /category/books HTTP/1.1" 200 139 "/category/books" "Mozilla/5.0 (Windows NT 6.1; WOW64) AppleWebKit/535.7 (KHTML, like Gecko) Chrome/16.0.912.77 Safari/535.7"
212.210.55.128 - - [17/Nov/2017:02:38:40 +0000] "GET /category/electronics HTTP/1.1" 200 104 "/category/giftcards" "Mozilla/5.0 (compatible; MSIE 9.0; Windows NT 6.1; WOW64; Trident/5.0)"
188.213.129.190 - - [17/Nov/2017:02:38:45 +0000] "GET /item/health/4533 HTTP/1.1" 200 55 "/search/?c=Health+Electronics" "Mozilla/5.0 (Windows NT 6.1; WOW64) AppleWebKit/535.7 (KHTML, like Gecko) Chrome/16.0.912.77 Safari/535.7"
128.147.75.132 - - [17/Nov/2017:02:38:50 +0000] "GET /category/health HTTP/1.1" 200 137 "/item/finance/3226" "Mozilla/5.0 (Macintosh; Intel Mac OS X 10.6; rv:9.0.1) Gecko/20100101 Firefox/9.0.1"
44.198.64.135 - - [17/Nov/2017:02:38:55 +0000] "POST /search/?c=Electronics HTTP/1.1" 200 69 "-" "Mozilla/5.0 (Windows NT 6.1; WOW64; rv:10.0.1) Gecko/20100101 Firefox/10.0.1"
64.189.132.112 - - [17/Nov/2017:02:39:00 +0000] "GET /category/games HTTP/1.1" 200 104 "/category/games" "Mozilla/4.0 (compatible; MSIE 8.0; Windows NT 6.1; WOW64; Trident/4.0; YTB730; GTB7.2; SLCC2; .NET CLR 2.0.50727; .NET CLR 3.5.30729; .NET CLR 3.0.30729; .NET4.0C; .NET4.0E; Media Center PC 6.0)"
64.30.173.72 - - [17/Nov/2017:02:39:05 +0000] "GET /category/toys HTTP/1.1" 200 128 "/category/jewelry" "Mozilla/5.0 (compatible; MSIE 9.0; Windows NT 6.1; Trident/5.0)"
196.195.42.66 - - [17/Nov/2017:02:39:10 +0000] "GET /category/garden HTTP/1.1" 200 97 "/item/electronics/2001" "Mozilla/5.0 (compatible; MSIE 9.0; Windows NT 6.1; WOW64; Trident/5.0)"
68.183.57.183 - - [17/Nov/2017:02:39:15 +0000] "GET /category/books HTTP/1.1" 200 83 "-" "Mozilla/5.0 (compatible; MSIE 9.0; Windows NT 6.1; Trident/5.0)"
108.150.20.229 - - [17/Nov/2017:02:39:20 +0000] "GET /item/toys/3901 HTTP/1.1" 200 122 "/category/electronics" "Mozilla/4.0 (compatible; MSIE 8.0; Windows NT 6.1; Trident/4.0; YTB730; SLCC2; .NET CLR 2.0.50727; .NET CLR 3.5.30729; .NET CLR 3.0.30729; Media Center PC 6.0; .NET4.0C)"
164.213.39.153 - - [17/Nov/2017:02:39:25 +0000] "GET /category/software HTTP/1.1" 200 109 "-" "Mozilla/4.0 (compatible; MSIE 8.0; Windows NT 5.1; Trident/4.0; YTB720; GTB7.2; .NET CLR 1.1.4322; .NET CLR 2.0.50727; .NET CLR 3.0.4506.2152; .NET CLR 3.5.30729)"
168.99.27.181 - - [17/Nov/2017:02:39:30 +0000] "GET /item/electronics/953 HTTP/1.1" 200 59 "/search/?c=Electronics+Giftcards" "Mozilla/4.0 (compatible; MSIE 8.0; Windows NT 6.1; WOW64; Trident/4.0; YTB730; GTB7.2; EasyBits GO v1.0; SLCC2; .NET CLR 2.0.50727; .NET CLR 3.5.30729; .NET CLR 3.0.30729; Media Center PC 6.0; .NET4.0C)"
224.210.173.173 - - [17/Nov/2017:02:39:35 +0000] "GET /item/software/1323 HTTP/1.1" 200 74 "-" "Mozilla/4.0 (compatible; MSIE 8.0; Windows NT 6.0; WOW64; Trident/4.0; GTB6; SLCC1; .NET CLR 2.0.50727; Media Center PC 5.0; .NET CLR 3.5.30729; .NET CLR 3.0.30618; .NET4.0C)"
156.90.180.107 - - [17/Nov/2017:02:39:40 +0000] "GET /item/software/4520 HTTP/1.1" 200 75 "/category/music" "Mozilla/5.0 (Windows NT 6.1; WOW64) AppleWebKit/535.11 (KHTML, like Gecko) Chrome/17.0.963.56 Safari/535.11"
108.135.211.36 - - [17/Nov/2017:02:39:45 +0000] "GET /category/electronics HTTP/1.1" 200 54 "-" "Mozilla/5.0 (Windows NT 6.0; rv:10.0.1) Gecko/20100101 Firefox/10.0.1"
28.129.94.208 - - [17/Nov/2017:02:39:50 +0000] "GET /category/software HTTP/1.1" 200 64 "/category/office" "Mozilla/5.0 (Macintosh; Intel Mac OS X 10.6; rv:9.0.1) Gecko/20100101 Firefox/9.0.1"
172.165.188.104 - - [17/Nov/2017:02:39:55 +0000] "GET /category/cameras HTTP/1.1" 200 99 "/category/software" "Mozilla/5.0 (compatible; Googlebot/2.1; +http://www.google.com/bot.html)"
80.114.67.84 - - [17/Nov/2017:02:40:00 +0000] "GET /item/electronics/2374 HTTP/1.1" 200 96 "/category/electronics" "Mozilla/5.0 (compatible; Googlebot/2.1; +http://www.google.com/bot.html)"
160.216.60.23 - - [17/Nov/2017:02:40:05 +0000] "GET /category/garden HTTP/1.1" 200 134 "-" "Mozilla/5.0 (compatible; MSIE 9.0; Windows NT 6.1; WOW64; Trident/5.0)"
52.54.64.167 - - [17/Nov/2017:02:40:10 +0000] "GET /category/jewelry HTTP/1.1" 200 82 "-" "Mozilla/4.0 (compatible; MSIE 8.0; Windows NT 6.0; WOW64; Trident/4.0; GTB6; SLCC1; .NET CLR 2.0.50727; Media Center PC 5.0; .NET CLR 3.5.30729; .NET CLR 3.0.30618; .NET4.0C)"
168.39.135.79 - - [17/Nov/2017:02:40:15 +0000] "GET /item/finance/3901 HTTP/1.1" 200 107 "/category/software" "Mozilla/5.0 (Windows NT 6.0; rv:10.0.1) Gecko/20100101 Firefox/10.0.1"
92.48.177.183 - - [17/Nov/2017:02:40:20 +0000] "GET /category/toys HTTP/1.1" 200 77 "-" "Mozilla/5.0 (compatible; MSIE 9.0; Windows NT 6.1; WOW64; Trident/5.0)"
52.93.144.151 - - [17/Nov/2017:02:40:25 +0000] "GET /category/books HTTP/1.1" 200 55 "-" "Mozilla/5.0 (Macintosh; Intel Mac OS X 10.6; rv:9.0.1) Gecko/20100101 Firefox/9.0.1"
124.135.65.135 - - [17/Nov/2017:02:40:30 +0000] "GET /item/electronics/2104 HTTP/1.1" 200 59 "/item/books/2649" "Mozilla/5.0 (Macintosh; Intel Mac OS X 10.6; rv:9.0.1) Gecko/20100101 Firefox/9.0.1"
36.51.149.50 - - [17/Nov/2017:02:40:35 +0000] "GET /category/electronics HTTP/1.1" 200 96 "/category/electronics" "Mozilla/4.0 (compatible; MSIE 8.0; Windows NT 6.1; WOW64; Trident/4.0; GTB7.2; SLCC2; .NET CLR 2.0.50727; .NET CLR 3.5.30729; .NET CLR 3.0.30729; Media Center PC 6.0; .NET4.0C)"
32.78.86.157 - - [17/Nov/2017:02:40:40 +0000] "GET /category/office?from=0 HTTP/1.1" 200 50 "/search/?c=Office" "Mozilla/5.0 (Windows NT 5.1) AppleWebKit/535.11 (KHTML, like Gecko) Chrome/17.0.963.46 Safari/535.11"
100.186.30.119 - - [17/Nov/2017:02:40:45 +0000] "GET /category/books HTTP/1.1" 200 74 "/item/games/1456" "Mozilla/5.0 (Windows NT 6.0; rv:10.0.1) Gecko/20100101 Firefox/10.0.1"
112.204.94.24 - - [17/Nov/2017:02:40:50 +0000] "GET /item/finance/2549 HTTP/1.1" 200 114 "/item/books/4818" "Mozilla/5.0 (Macintosh; Intel Mac OS X 10.6; rv:9.0.1) Gecko/20100101 Firefox/9.0.1"
176.27.158.207 - - [17/Nov/2017:02:40:55 +0000] "POST /search/?c=Electronics HTTP/1.1" 200 99 "-" "Mozilla/5.0 (compatible; MSIE 9.0; Windows NT 6.1; WOW64; Trident/5.0)"
80.174.167.30 - - [17/Nov/2017:02:41:00 +0000] "GET /category/garden HTTP/1.1" 200 52 "/category/finance" "Mozilla/5.0 (compatible; Googlebot/2.1; +http://www.google.com/bot.html)"
212.189.47.176 - - [17/Nov/2017:02:41:05 +0000] "GET /category/finance HTTP/1.1" 200 52 "-" "Mozilla/5.0 (Windows NT 6.1; WOW64) AppleWebKit/535.11 (KHTML, like Gecko) Chrome/17.0.963.56 Safari/535.11"
60.150.49.62 - - [17/Nov/2017:02:41:10 +0000] "GET /item/networking/4696 HTTP/1.1" 200 138 "/search/?c=Networking+Sports" "Mozilla/5.0 (Windows NT 6.1; WOW64) AppleWebKit/535.7 (KHTML, like Gecko) Chrome/16.0.912.77 Safari/535.7"
100.66.170.80 - - [17/Nov/2017:02:41:15 +0000] "GET /category/software HTTP/1.1" 200 116 "/category/games" "Mozilla/4.0 (compatible; MSIE 8.0; Windows NT 6.1; WOW64; Trident/4.0; YTB730; GTB7.2; SLCC2; .NET CLR 2.0.50727; .NET CLR 3.5.30729; .NET CLR 3.0.30729; .NET4.0C; .NET4.0E; Media Center PC 6.0)"
52.147.207.228 - - [17/Nov/2017:02:41:20 +0000] "GET /category/giftcards HTTP/1.1" 200 81 "/category/books" "Mozilla/5.0 (Windows NT 6.0; rv:10.0.1) Gecko/20100101 Firefox/10.0.1"
36.183.156.215 - - [17/Nov/2017:02:41:25 +0000] "GET /item/sports/4528 HTTP/1.1" 200 43 "-" "Mozilla/5.0 (Windows NT 6.0; rv:10.0.1) Gecko/20100101 Firefox/10.0.1"
180.96.213.98 - - [17/Nov/2017:02:41:30 +0000] "GET /item/music/2048 HTTP/1.1" 200 56 "/search/?c=Music+Office" "Mozilla/4.0 (compatible; MSIE 8.0; Windows NT 5.1; Trident/4.0; YTB720; GTB7.2; .NET CLR 1.1.4322; .NET CLR 2.0.50727; .NET CLR 3.0.4506.2152; .NET CLR 3.5.30729)"
88.228.128.46 - - [17/Nov/2017:02:41:35 +0000] "GET /category/software HTTP/1.1" 200 98 "-" "Mozilla/5.0 (Windows NT 6.0) AppleWebKit/535.11 (KHTML, like Gecko) Chrome/17.0.963.56 Safari/535.11"
64.108.210.186 - - [17/Nov/2017:02:41:40 +0000] "GET /item/networking/322 HTTP/1.1" 200 86 "/item/electronics/1679" "Mozilla/4.0 (compatible; MSIE 8.0; Windows NT 5.1; Trident/4.0; YTB720; GTB7.2; .NET CLR 1.1.4322; .NET CLR 2.0.50727; .NET CLR 3.0.4506.2152; .NET CLR 3.5.30729)"
216.90.56.55 - - [17/Nov/2017:02:41:45 +0000] "GET /category/books HTTP/1.1" 200 117 "/category/electronics" "Mozilla/5.0 (Windows NT 6.0; rv:10.0.1) Gecko/20100101 Firefox/10.0.1"
180.225.135.58 - - [17/Nov/2017:02:41:50 +0000] "GET /category/electronics?from=0 HTTP/1.1" 200 71 "/item/giftcards/3275" "Mozilla/5.0 (Windows NT 6.1; WOW64) AppleWebKit/535.11 (KHTML, like Gecko) Chrome/17.0.963.56 Safari/535.11"
216.177.42.228 - - [17/Nov/2017:02:41:55 +0000] "GET /category/toys HTTP/1.1" 200 129 "/item/software/1271" "Mozilla/4.0 (compatible; MSIE 8.0; Windows NT 6.1; WOW64; Trident/4.0; YTB730; GTB7.2; SLCC2; .NET CLR 2.0.50727; .NET CLR 3.5.30729; .NET CLR 3.0.30729; .NET4.0C; .NET4.0E; Media Center PC 6.0)"
52.135.193.44 - - [17/Nov/2017:02:42:00 +0000] "GET /category/computers HTTP/1.1" 200 87 "/item/games/3491" "Mozilla/5.0 (Windows NT 6.0; rv:10.0.1) Gecko/20100101 Firefox/10.0.1"
212.84.86.22 - - [17/Nov/2017:02:42:05 +0000] "GET /category/books HTTP/1.1" 200 68 "-" "Mozilla/5.0 (Windows NT 6.0) AppleWebKit/535.11 (KHTML, like Gecko) Chrome/17.0.963.56 Safari/535.11"
20.93.216.37 - - [17/Nov/2017:02:42:10 +0000] "GET /category/electronics HTTP/1.1" 200 83 "-" "Mozilla/5.0 (compatible; MSIE 9.0; Windows NT 6.1; WOW64; Trident/5.0)"
28.129.53.32 - - [17/Nov/2017:02:42:15 +0000] "GET /item/electronics/2895 HTTP/1.1" 200 47 "/category/finance" "Mozilla/5.0 (Windows NT 6.1; WOW64) AppleWebKit/535.11 (KHTML, like Gecko) Chrome/17.0.963.56 Safari/535.11"
216.210.207.165 - - [17/Nov/2017:02:42:20 +0000] "GET /category/software HTTP/1.1" 200 56 "/category/books" "Mozilla/5.0 (Macintosh; Intel Mac OS X 10.6; rv:9.0.1) Gecko/20100101 Firefox/9.0.1"
40.180.147.109 - - [17/Nov/2017:02:42:25 +0000] "GET /category/cameras HTTP/1.1" 200 114 "/item/electronics/3842" "Mozilla/5.0 (Windows NT 6.1; WOW64) AppleWebKit/535.11 (KHTML, like Gecko) Chrome/17.0.963.56 Safari/535.11"
160.207.59.34 - - [17/Nov/2017:02:42:30 +0000] "GET /category/books HTTP/1.1" 200 40 "/category/books" "Mozilla/4.0 (compatible; MSIE 8.0; Windows NT 5.1; Trident/4.0; YTB720; GTB7.2; .NET CLR 1.1.4322; .NET CLR 2.0.50727; .NET CLR 3.0.4506.2152; .NET CLR 3.5.30729)"
88.216.133.209 - - [17/Nov/2017:02:42:35 +0000] "GET /category/electronics HTTP/1.1" 200 62 "-" "Mozilla/5.0 (Windows NT 6.1; WOW64) AppleWebKit/535.11 (KHTML, like Gecko) Chrome/17.0.963.56 Safari/535.11"
120.141.183.120 - - [17/Nov/2017:02:42:40 +0000] "GET /category/electronics?from=10 HTTP/1.1" 200 119 "-" "Mozilla/5.0 (Windows NT 6.0; rv:10.0.1) Gecko/20100101 Firefox/10.0.1"
56.180.108.75 - - [17/Nov/2017:02:42:45 +0000] "GET /item/books/953 HTTP/1.1" 200 97 "/item/software/2103" "Mozilla/5.0 (iPad; CPU OS 5_0_1 like Mac OS X) AppleWebKit/534.46 (KHTML, like Gecko) Version/5.1 Mobile/9A405 Safari/7534.48.3"
172.33.83.66 - - [17/Nov/2017:02:42:50 +0000] "GET /item/games/2694 HTTP/1.1" 200 90 "/item/music/4699" "Mozilla/5.0 (Windows NT 6.1; WOW64) AppleWebKit/535.11 (KHTML, like Gecko) Chrome/17.0.963.56 Safari/535.11"
88.189.31.220 - - [17/Nov/2017:02:42:55 +0000] "GET /category/garden HTTP/1.1" 200 78 "-" "Mozilla/5.0 (Windows NT 6.0; rv:10.0.1) Gecko/20100101 Firefox/10.0.1"
212.210.55.128 - - [17/Nov/2017:02:43:00 +0000] "GET /item/software/1531 HTTP/1.1" 200 102 "http://www.google.com/search?ie=UTF-8&q=google&sclient=psy-ab&q=Software+Software&oq=Software+Software&aq=f&aqi=g-vL1&aql=&pbx=1&bav=on.2,or.r_gc.r_pw.r_qf.,cf.osb&biw=4958&bih=152" "Mozilla/5.0 (compatible; MSIE 9.0; Windows NT 6.1; Trident/5.0)"
60.54.88.65 - - [17/Nov/2017:02:43:05 +0000] "GET /category/books?from=10 HTTP/1.1" 200 89 "/category/books" "Mozilla/5.0 (compatible; MSIE 9.0; Windows NT 6.1; Trident/5.0)"
156.90.25.118 - - [17/Nov/2017:02:43:10 +0000] "GET /category/office HTTP/1.1" 200 57 "/item/software/155" "Mozilla/5.0 (Windows NT 6.1; WOW64) AppleWebKit/535.11 (KHTML, like Gecko) Chrome/17.0.963.56 Safari/535.11"
36.126.180.91 - - [17/Nov/2017:02:43:15 +0000] "GET /category/cameras HTTP/1.1" 200 132 "-" "Mozilla/5.0 (Windows NT 6.0; rv:10.0.1) Gecko/20100101 Firefox/10.0.1"
32.63.131.213 - - [17/Nov/2017:02:43:20 +0000] "GET /category/office HTTP/1.1" 200 96 "-" "Mozilla/4.0 (compatible; MSIE 8.0; Windows NT 5.1; Trident/4.0; YTB720; GTB7.2; .NET CLR 1.1.4322; .NET CLR 2.0.50727; .NET CLR 3.0.4506.2152; .NET CLR 3.5.30729)"
172.186.119.42 - - [17/Nov/2017:02:43:25 +0000] "GET /category/toys HTTP/1.1" 200 93 "-" "Mozilla/5.0 (compatible; MSIE 9.0; Windows NT 6.1; Trident/5.0)"
60.192.196.122 - - [17/Nov/2017:02:43:30 +0000] "GET /category/electronics HTTP/1.1" 200 71 "http://www.google.com/search?ie=UTF-8&q=google&sclient=psy-ab&q=Electronics&oq=Electronics&aq=f&aqi=g-vL1&aql=&pbx=1&bav=on.2,or.r_gc.r_pw.r_qf.,cf.osb&biw=4006&bih=132" "Mozilla/5.0 (Windows NT 6.0; rv:10.0.1) Gecko/20100101 Firefox/10.0.1"
20.93.216.37 - - [17/Nov/2017:02:43:35 +0000] "GET /item/office/564 HTTP/1.1" 200 125 "/item/computers/1943" "Mozilla/5.0 (Windows NT 6.0; rv:10.0.1) Gecko/20100101 Firefox/10.0.1"
184.57.80.221 - - [17/Nov/2017:02:43:40 +0000] "GET /item/electronics/4947 HTTP/1.1" 200 124 "/category/electronics" "Mozilla/4.0 (compatible; MSIE 8.0; Windows NT 5.1; Trident/4.0; BTRS122159; GTB7.2; .NET CLR 1.1.4322; .NET CLR 2.0.50727; .NET CLR 3.0.04506.30; .NET CLR 3.0.4506.2152; .NET CLR 3.5.30729; BRI/2)"
164.228.120.56 - - [17/Nov/2017:02:43:45 +0000] "GET /category/software HTTP/1.1" 200 78 "-" "Mozilla/5.0 (compatible; MSIE 9.0; Windows NT 6.1; Trident/5.0)"
48.120.174.143 - - [17/Nov/2017:02:43:50 +0000] "GET /category/electronics HTTP/1.1" 200 61 "-" "Mozilla/5.0 (Windows NT 6.0; rv:10.0.1) Gecko/20100101 Firefox/10.0.1"
208.180.75.49 - - [17/Nov/2017:02:43:55 +0000] "GET /category/electronics HTTP/1.1" 200 91 "-" "Mozilla/5.0 (Windows NT 6.0; rv:10.0.1) Gecko/20100101 Firefox/10.0.1"
72.129.64.28 - - [17/Nov/2017:02:44:00 +0000] "GET /item/health/1862 HTTP/1.1" 200 89 "-" "Mozilla/4.0 (compatible; MSIE 8.0; Windows NT 6.1; WOW64; Trident/4.0; GTB7.2; SLCC2; .NET CLR 2.0.50727; .NET CLR 3.5.30729; .NET CLR 3.0.30729; Media Center PC 6.0; .NET4.0C)"
148.66.143.65 - - [17/Nov/2017:02:44:05 +0000] "GET /category/giftcards HTTP/1.1" 200 113 "/item/electronics/1216" "Mozilla/4.0 (compatible; MSIE 8.0; Windows NT 6.1; WOW64; Trident/4.0; YTB730; GTB7.2; SLCC2; .NET CLR 2.0.50727; .NET CLR 3.5.30729; .NET CLR 3.0.30729; .NET4.0C; .NET4.0E; Media Center PC 6.0)"
120.171.185.176 - - [17/Nov/2017:02:44:10 +0000] "GET /category/finance HTTP/1.1" 200 71 "-" "Mozilla/5.0 (Macintosh; Intel Mac OS X 10.6; rv:9.0.1) Gecko/20100101 Firefox/9.0.1"
148.27.172.38 - - [17/Nov/2017:02:44:15 +0000] "GET /category/health HTTP/1.1" 200 101 "/item/networking/973" "Mozilla/5.0 (Macintosh; Intel Mac OS X 10.6; rv:9.0.1) Gecko/20100101 Firefox/9.0.1"
180.147.87.207 - - [17/Nov/2017:02:44:20 +0000] "GET /category/electronics?from=20 HTTP/1.1" 200 52 "/category/electronics" "Mozilla/5.0 (Windows NT 6.0; rv:10.0.1) Gecko/20100101 Firefox/10.0.1"
132.120.123.35 - - [17/Nov/2017:02:44:25 +0000] "GET /item/computers/1943 HTTP/1.1" 200 77 "/item/electronics/1270" "Mozilla/5.0 (Windows NT 6.1; WOW64) AppleWebKit/535.7 (KHTML, like Gecko) Chrome/16.0.912.77 Safari/535.7"
96.153.159.129 - - [17/Nov/2017:02:44:30 +0000] "GET /category/finance HTTP/1.1" 200 135 "/category/cameras" "Mozilla/5.0 (Windows NT 6.1; WOW64) AppleWebKit/535.11 (KHTML, like Gecko) Chrome/17.0.963.56 Safari/535.11"
204.111.23.227 - - [17/Nov/2017:02:44:35 +0000] "GET /category/cameras HTTP/1.1" 200 115 "/item/networking/2789" "Mozilla/4.0 (compatible; MSIE 8.0; Windows NT 6.1; Trident/4.0; YTB730; SLCC2; .NET CLR 2.0.50727; .NET CLR 3.5.30729; .NET CLR 3.0.30729; Media Center PC 6.0; .NET4.0C)"
84.192.102.111 - - [17/Nov/2017:02:44:40 +0000] "GET /item/computers/2093 HTTP/1.1" 200 91 "-" "Mozilla/4.0 (compatible; MSIE 8.0; Windows NT 6.1; WOW64; Trident/4.0; YTB730; GTB7.2; EasyBits GO v1.0; SLCC2; .NET CLR 2.0.50727; .NET CLR 3.5.30729; .NET CLR 3.0.30729; Media Center PC 6.0; .NET4.0C)"
216.111.41.52 - - [17/Nov/2017:02:44:45 +0000] "GET /category/software HTTP/1.1" 200 104 "/item/electronics/367" "Mozilla/5.0 (Macintosh; Intel Mac OS X 10.6; rv:9.0.1) Gecko/20100101 Firefox/9.0.1"
164.198.33.36 - - [17/Nov/2017:02:44:50 +0000] "GET /category/office HTTP/1.1" 200 132 "-" "Mozilla/5.0 (Windows NT 6.1; WOW64) AppleWebKit/535.11 (KHTML, like Gecko) Chrome/17.0.963.56 Safari/535.11"
32.222.29.160 - - [17/Nov/2017:02:44:55 +0000] "GET /category/office HTTP/1.1" 200 87 "-" "Mozilla/4.0 (compatible; MSIE 8.0; Windows NT 6.0; WOW64; Trident/4.0; GTB6; SLCC1; .NET CLR 2.0.50727; Media Center PC 5.0; .NET CLR 3.5.30729; .NET CLR 3.0.30618; .NET4.0C)"
216.60.81.167 - - [17/Nov/2017:02:45:00 +0000] "GET /item/electronics/3298 HTTP/1.1" 200 93 "/category/games?from=20" "Mozilla/4.0 (compatible; MSIE 8.0; Windows NT 5.1; Trident/4.0; YTB720; GTB7.2; .NET CLR 1.1.4322; .NET CLR 2.0.50727; .NET CLR 3.0.4506.2152; .NET CLR 3.5.30729)"
148.63.165.61 - - [17/Nov/2017:02:45:05 +0000] "GET /item/networking/3624 HTTP/1.1" 200 44 "/search/?c=Toys+Toys" "Mozilla/5.0 (Macintosh; Intel Mac OS X 10.6; rv:9.0.1) Gecko/20100101 Firefox/9.0.1"
72.216.215.73 - - [17/Nov/2017:02:45:10 +0000] "GET /category/software HTTP/1.1" 200 77 "-" "Mozilla/5.0 (iPad; CPU OS 5_0_1 like Mac OS X) AppleWebKit/534.46 (KHTML, like Gecko) Version/5.1 Mobile/9A405 Safari/7534.48.3"
128.147.75.132 - - [17/Nov/2017:02:45:15 +0000] "GET /category/books HTTP/1.1" 200 139 "-" "Mozilla/4.0 (compatible; MSIE 8.0; Windows NT 6.1; Trident/4.0; YTB730; SLCC2; .NET CLR 2.0.50727; .NET CLR 3.5.30729; .NET CLR 3.0.30729; Media Center PC 6.0; .NET4.0C)"
148.102.155.163 - - [17/Nov/2017:02:45:20 +0000] "GET /category/garden HTTP/1.1" 200 117 "/category/garden" "Mozilla/5.0 (compatible; Googlebot/2.1; +http://www.google.com/bot.html)"
152.129.164.95 - - [17/Nov/2017:02:45:25 +0000] "GET /category/office HTTP/1.1" 200 77 "/category/garden" "Mozilla/4.0 (compatible; MSIE 8.0; Windows NT 5.1; Trident/4.0; YTB720; GTB7.2; .NET CLR 1.1.4322; .NET CLR 2.0.50727; .NET CLR 3.0.4506.2152; .NET CLR 3.5.30729)"
80.75.100.166 - - [17/Nov/2017:02:45:30 +0000] "GET /category/cameras HTTP/1.1" 200 117 "-" "Mozilla/5.0 (compatible; Googlebot/2.1; +http://www.google.com/bot.html)"
132.141.158.51 - - [17/Nov/2017:02:45:35 +0000] "GET /item/office/2904 HTTP/1.1" 200 59 "/category/giftcards" "Mozilla/5.0 (Windows NT 5.1) AppleWebKit/535.11 (KHTML, like Gecko) Chrome/17.0.963.46 Safari/535.11"
72.165.89.172 - - [17/Nov/2017:02:45:40 +0000] "GET /category/electronics HTTP/1.1" 200 91 "/item/games/905" "Mozilla/5.0 (iPad; CPU OS 5_0_1 like Mac OS X) AppleWebKit/534.46 (KHTML, like Gecko) Version/5.1 Mobile/9A405 Safari/7534.48.3"
116.72.59.134 - - [17/Nov/2017:02:45:45 +0000] "GET /category/giftcards HTTP/1.1" 200 83 "/category/games" "Mozilla/5.0 (Windows NT 6.0; rv:10.0.1) Gecko/20100101 Firefox/10.0.1"
112.30.36.35 - - [17/Nov/2017:02:45:50 +0000] "GET /category/electronics HTTP/1.1" 200 82 "/category/software?from=20" "Mozilla/5.0 (Windows NT 6.1; WOW64) AppleWebKit/535.11 (KHTML, like Gecko) Chrome/17.0.963.56 Safari/535.11"
44.102.49.36 - - [17/Nov/2017:02:45:55 +0000] "GET /category/software HTTP/1.1" 200 104 "/category/electronics" "Mozilla/5.0 (Windows NT 6.0; rv:10.0.1) Gecko/20100101 Firefox/10.0.1"
192.96.212.129 - - [17/Nov/2017:02:46:00 +0000] "GET /item/electronics/1089 HTTP/1.1" 200 54 "/search/?c=Games" "Mozilla/5.0 (iPad; CPU OS 5_0_1 like Mac OS X) AppleWebKit/534.46 (KHTML, like Gecko) Version/5.1 Mobile/9A405 Safari/7534.48.3"
32.213.139.23 - - [17/Nov/2017:02:46:05 +0000] "GET /category/books HTTP/1.1" 200 117 "/item/computers/770" "Mozilla/4.0 (compatible; MSIE 8.0; Windows NT 6.1; WOW64; Trident/4.0; YTB730; GTB7.2; SLCC2; .NET CLR 2.0.50727; .NET CLR 3.5.30729; .NET CLR 3.0.30729; .NET4.0C; .NET4.0E; Media Center PC 6.0)"
192.24.229.108 - - [17/Nov/2017:02:46:10 +0000] "GET /category/electronics HTTP/1.1" 200 104 "/category/networking" "Mozilla/4.0 (compatible; MSIE 8.0; Windows NT 6.1; WOW64; Trident/4.0; GTB7.2; SLCC2; .NET CLR 2.0.50727; .NET CLR 3.5.30729; .NET CLR 3.0.30729; Media Center PC 6.0; .NET4.0C)"
164.63.57.53 - - [17/Nov/2017:02:46:15 +0000] "GET /item/electronics/2426 HTTP/1.1" 200 91 "-" "Mozilla/5.0 (Windows NT 6.1; WOW64; rv:10.0.1) Gecko/20100101 Firefox/10.0.1"
40.42.114.155 - - [17/Nov/2017:02:46:20 +0000] "GET /category/office HTTP/1.1" 200 87 "-" "Mozilla/4.0 (compatible; MSIE 8.0; Windows NT 5.1; Trident/4.0; YTB720; GTB7.2; .NET CLR 1.1.4322; .NET CLR 2.0.50727; .NET CLR 3.0.4506.2152; .NET CLR 3.5.30729)"
108.78.41.69 - - [17/Nov/2017:02:46:25 +0000] "GET /category/finance HTTP/1.1" 200 139 "/category/electronics" "Mozilla/5.0 (compatible; MSIE 9.0; Windows NT 6.1; WOW64; Trident/5.0)"
224.153.72.151 - - [17/Nov/2017:02:46:30 +0000] "GET /item/books/1869 HTTP/1.1" 200 134 "/search/?c=Books+Electronics" "Mozilla/5.0 (Windows NT 5.1) AppleWebKit/535.11 (KHTML, like Gecko) Chrome/17.0.963.46 Safari/535.11"
108.102.68.52 - - [17/Nov/2017:02:46:35 +0000] "GET /category/computers HTTP/1.1" 200 48 "/category/music" "Mozilla/5.0 (Windows NT 6.1; WOW64; rv:10.0.1) Gecko/20100101 Firefox/10.0.1"
188.69.32.39 - - [17/Nov/2017:02:46:40 +0000] "GET /category/electronics HTTP/1.1" 200 42 "/item/networking/322" "Mozilla/5.0 (compatible; MSIE 9.0; Windows NT 6.1; WOW64; Trident/5.0)"
164.210.109.27 - - [17/Nov/2017:02:46:45 +0000] "GET /item/electronics/4582 HTTP/1.1" 200 48 "-" "Mozilla/5.0 (Windows NT 6.0; rv:10.0.1) Gecko/20100101 Firefox/10.0.1"
184.99.31.112 - - [17/Nov/2017:02:46:50 +0000] "GET /category/books HTTP/1.1" 200 89 "/item/computers/3585" "Mozilla/5.0 (compatible; Googlebot/2.1; +http://www.google.com/bot.html)"
80.120.169.42 - - [17/Nov/2017:02:46:55 +0000] "GET /item/office/1686 HTTP/1.1" 200 126 "-" "Mozilla/5.0 (compatible; Googlebot/2.1; +http://www.google.com/bot.html)"
28.201.26.192 - - [17/Nov/2017:02:47:00 +0000] "GET /category/music?from=20 HTTP/1.1" 200 40 "/item/toys/1044" "Mozilla/5.0 (Windows NT 6.1; WOW64) AppleWebKit/535.11 (KHTML, like Gecko) Chrome/17.0.963.56 Safari/535.11"
212.189.191.81 - - [17/Nov/2017:02:47:05 +0000] "GET /category/books HTTP/1.1" 200 139 "/search/?c=Games+Office" "Mozilla/5.0 (Macintosh; Intel Mac OS X 10.6; rv:9.0.1) Gecko/20100101 Firefox/9.0.1"
84.216.173.176 - - [17/Nov/2017:02:47:10 +0000] "GET /category/software HTTP/1.1" 200 50 "/category/sports" "Mozilla/5.0 (compatible; MSIE 9.0; Windows NT 6.1; WOW64; Trident/5.0)"
24.216.171.77 - - [17/Nov/2017:02:47:15 +0000] "GET /category/software?from=0 HTTP/1.1" 200 126 "-" "Mozilla/4.0 (compatible; MSIE 8.0; Windows NT 6.1; WOW64; Trident/4.0; GTB7.2; SLCC2; .NET CLR 2.0.50727; .NET CLR 3.5.30729; .NET CLR 3.0.30729; Media Center PC 6.0; .NET4.0C)"
80.63.29.149 - - [17/Nov/2017:02:47:20 +0000] "GET /item/software/4545 HTTP/1.1" 200 135 "/category/computers" "Mozilla/5.0 (Windows NT 6.1; WOW64) AppleWebKit/535.7 (KHTML, like Gecko) Chrome/16.0.912.77 Safari/535.7"
160.177.26.162 - - [17/Nov/2017:02:47:25 +0000] "GET /category/books HTTP/1.1" 200 49 "-" "Mozilla/5.0 (Windows NT 6.1; WOW64) AppleWebKit/535.7 (KHTML, like Gecko) Chrome/16.0.912.77 Safari/535.7"
148.81.169.77 - - [17/Nov/2017:02:47:30 +0000] "GET /item/games/2882 HTTP/1.1" 200 130 "/category/electronics" "Mozilla/4.0 (compatible; MSIE 8.0; Windows NT 5.1; Trident/4.0; YTB720; GTB7.2; .NET CLR 1.1.4322; .NET CLR 2.0.50727; .NET CLR 3.0.4506.2152; .NET CLR 3.5.30729)"
176.39.95.81 - - [17/Nov/2017:02:47:35 +0000] "GET /item/music/2928 HTTP/1.1" 200 80 "-" "Mozilla/5.0 (compatible; MSIE 9.0; Windows NT 6.1; WOW64; Trident/5.0)"
140.75.187.67 - - [17/Nov/2017:02:47:40 +0000] "GET /category/networking HTTP/1.1" 200 46 "/item/electronics/3036" "Mozilla/5.0 (compatible; MSIE 9.0; Windows NT 6.1; WOW64; Trident/5.0)"
28.105.55.188 - - [17/Nov/2017:02:47:45 +0000] "POST /search/?c=Books HTTP/1.1" 200 40 "-" "Mozilla/5.0 (Windows NT 6.0; rv:10.0.1) Gecko/20100101 Firefox/10.0.1"
132.111.91.221 - - [17/Nov/2017:02:47:50 +0000] "GET /category/networking HTTP/1.1" 200 83 "/category/books" "Mozilla/5.0 (iPhone; CPU iPhone OS 5_0_1 like Mac OS X) AppleWebKit/534.46 (KHTML, like Gecko) Version/5.1 Mobile/9A405 Safari/7534.48.3"
196.81.179.31 - - [17/Nov/2017:02:47:55 +0000] "GET /item/office/394 HTTP/1.1" 200 65 "/category/giftcards?from=0" "Mozilla/5.0 (Macintosh; Intel Mac OS X 10.6; rv:9.0.1) Gecko/20100101 Firefox/9.0.1"
176.186.192.119 - - [17/Nov/2017:02:48:00 +0000] "GET /category/software HTTP/1.1" 200 76 "/item/electronics/3975" "Mozilla/5.0 (iPhone; CPU iPhone OS 5_0_1 like Mac OS X) AppleWebKit/534.46 (KHTML, like Gecko) Version/5.1 Mobile/9A405 Safari/7534.48.3"
220.195.117.90 - - [17/Nov/2017:02:48:05 +0000] "GET /category/office HTTP/1.1" 200 136 "-" "Mozilla/5.0 (Windows NT 6.0; rv:10.0.1) Gecko/20100101 Firefox/10.0.1"
52.132.50.197 - - [17/Nov/2017:02:48:10 +0000] "GET /category/books HTTP/1.1" 200 55 "/category/books?from=20" "Mozilla/4.0 (compatible; MSIE 8.0; Windows NT 6.1; WOW64; Trident/4.0; GTB7.2; SLCC2; .NET CLR 2.0.50727; .NET CLR 3.5.30729; .NET CLR 3.0.30729; Media Center PC 6.0; .NET4.0C)"
104.207.115.95 - - [17/Nov/2017:02:48:15 +0000] "GET /category/software?from=20 HTTP/1.1" 200 100 "/category/electronics" "Mozilla/4.0 (compatible; MSIE 8.0; Windows NT 6.0; WOW64; Trident/4.0; GTB6; SLCC1; .NET CLR 2.0.50727; Media Center PC 5.0; .NET CLR 3.5.30729; .NET CLR 3.0.30618; .NET4.0C)"
104.189.169.48 - - [17/Nov/2017:02:48:20 +0000] "GET /item/books/4255 HTTP/1.1" 200 108 "http://www.google.com/search?ie=UTF-8&q=google&sclient=psy-ab&q=Books&oq=Books&aq=f&aqi=g-vL1&aql=&pbx=1&bav=on.2,or.r_gc.r_pw.r_qf.,cf.osb&biw=620&bih=308" "Mozilla/5.0 (Windows NT 6.0; rv:10.0.1) Gecko/20100101 Firefox/10.0.1"
60.123.32.130 - - [17/Nov/2017:02:48:25 +0000] "GET /category/electronics HTTP/1.1" 200 67 "-" "Mozilla/5.0 (Windows NT 6.0; rv:10.0.1) Gecko/20100101 Firefox/10.0.1"
116.144.123.207 - - [17/Nov/2017:02:48:30 +0000] "POST /search/?c=Garden+Electronics HTTP/1.1" 200 101 "/category/computers" "Mozilla/5.0 (Windows NT 6.0; rv:10.0.1) Gecko/20100101 Firefox/10.0.1"
80.51.95.186 - - [17/Nov/2017:02:48:35 +0000] "GET /category/software HTTP/1.1" 200 123 "/item/office/4595" "Mozilla/4.0 (compatible; MSIE 8.0; Windows NT 6.0; WOW64; Trident/4.0; GTB6; SLCC1; .NET CLR 2.0.50727; Media Center PC 5.0; .NET CLR 3.5.30729; .NET CLR 3.0.30618; .NET4.0C)"
140.204.32.148 - - [17/Nov/2017:02:48:40 +0000] "GET /category/software HTTP/1.1" 200 85 "-" "Mozilla/5.0 (compatible; MSIE 9.0; Windows NT 6.1; Trident/5.0)"
112.132.152.220 - - [17/Nov/2017:02:48:45 +0000] "GET /category/books?from=0 HTTP/1.1" 200 74 "-" "Mozilla/5.0 (Windows NT 6.1; WOW64; rv:10.0.1) Gecko/20100101 Firefox/10.0.1"
80.189.195.176 - - [17/Nov/2017:02:48:50 +0000] "POST /search/?c=Jewelry HTTP/1.1" 200 100 "/item/office/1523" "Mozilla/5.0 (Windows NT 6.1; WOW64) AppleWebKit/535.11 (KHTML, like Gecko) Chrome/17.0.963.56 Safari/535.11"
132.81.165.167 - - [17/Nov/2017:02:48:55 +0000] "GET /item/books/4067 HTTP/1.1" 200 121 "/category/electronics" "Mozilla/4.0 (compatible; MSIE 8.0; Windows NT 6.1; WOW64; Trident/4.0; YTB730; GTB7.2; SLCC2; .NET CLR 2.0.50727; .NET CLR 3.5.30729; .NET CLR 3.0.30729; .NET4.0C; .NET4.0E; Media Center PC 6.0)"
200.201.187.211 - - [17/Nov/2017:02:49:00 +0000] "GET /category/health HTTP/1.1" 200 59 "-" "Mozilla/5.0 (compatible; Googlebot/2.1; +http://www.google.com/bot.html)"
60.213.58.52 - - [17/Nov/2017:02:49:05 +0000] "GET /category/software HTTP/1.1" 200 105 "/item/health/4912" "Mozilla/5.0 (iPhone; CPU iPhone OS 5_0_1 like Mac OS X) AppleWebKit/534.46 (KHTML, like Gecko) Version/5.1 Mobile/9A405 Safari/7534.48.3"
92.48.136.180 - - [17/Nov/2017:02:49:10 +0000] "GET /category/books HTTP/1.1" 200 121 "/item/books/757" "Mozilla/5.0 (compatible; MSIE 9.0; Windows NT 6.1; WOW64; Trident/5.0)"
120.216.45.120 - - [17/Nov/2017:02:49:15 +0000] "GET /item/garden/4153 HTTP/1.1" 200 77 "-" "Mozilla/4.0 (compatible; MSIE 8.0; Windows NT 6.1; WOW64; Trident/4.0; YTB730; GTB7.2; SLCC2; .NET CLR 2.0.50727; .NET CLR 3.5.30729; .NET CLR 3.0.30729; .NET4.0C; .NET4.0E; Media Center PC 6.0)"
184.210.167.77 - - [17/Nov/2017:02:49:20 +0000] "GET /item/finance/3479 HTTP/1.1" 200 85 "/item/office/2035" "Mozilla/5.0 (iPhone; CPU iPhone OS 5_0_1 like Mac OS X) AppleWebKit/534.46 (KHTML, like Gecko) Version/5.1 Mobile/9A405 Safari/7534.48.3"
144.21.111.211 - - [17/Nov/2017:02:49:25 +0000] "POST /search/?c=Software+Software HTTP/1.1" 200 114 "-" "Mozilla/5.0 (iPhone; CPU iPhone OS 5_0_1 like Mac OS X) AppleWebKit/534.46 (KHTML, like Gecko) Version/5.1 Mobile/9A405 Safari/7534.48.3"
112.102.42.196 - - [17/Nov/2017:02:49:30 +0000] "GET /category/electronics HTTP/1.1" 200 51 "/category/electronics" "Mozilla/4.0 (compatible; MSIE 8.0; Windows NT 6.1; Trident/4.0; YTB730; SLCC2; .NET CLR 2.0.50727; .NET CLR 3.5.30729; .NET CLR 3.0.30729; Media Center PC 6.0; .NET4.0C)"
40.123.201.66 - - [17/Nov/2017:02:49:35 +0000] "GET /category/toys HTTP/1.1" 200 47 "/item/networking/67" "Mozilla/5.0 (Windows NT 6.0) AppleWebKit/535.11 (KHTML, like Gecko) Chrome/17.0.963.56 Safari/535.11"
32.171.95.119 - - [17/Nov/2017:02:49:40 +0000] "GET /category/jewelry HTTP/1.1" 200 40 "/search/?c=Sports+Giftcards" "Mozilla/5.0 (Windows NT 6.0; rv:10.0.1) Gecko/20100101 Firefox/10.0.1"
168.195.25.139 - - [17/Nov/2017:02:49:45 +0000] "GET /category/networking HTTP/1.1" 200 82 "/item/books/4942" "Mozilla/5.0 (Macintosh; Intel Mac OS X 10.6; rv:9.0.1) Gecko/20100101 Firefox/9.0.1"
128.177.137.56 - - [17/Nov/2017:02:49:50 +0000] "GET /item/software/3586 HTTP/1.1" 200 111 "/category/books" "Mozilla/5.0 (Windows NT 6.1; WOW64; rv:10.0.1) Gecko/20100101 Firefox/10.0.1"
200.39.205.215 - - [17/Nov/2017:02:49:55 +0000] "GET /category/electronics HTTP/1.1" 200 47 "/category/books" "Mozilla/5.0 (Windows NT 5.1) AppleWebKit/535.11 (KHTML, like Gecko) Chrome/17.0.963.46 Safari/535.11"
164.195.181.157 - - [17/Nov/2017:02:50:00 +0000] "GET /category/electronics HTTP/1.1" 200 97 "-" "Mozilla/5.0 (Windows NT 6.1; WOW64; rv:10.0.1) Gecko/20100101 Firefox/10.0.1"
72.27.184.75 - - [17/Nov/2017:02:50:05 +0000] "GET /category/office HTTP/1.1" 200 58 "/category/music" "Mozilla/5.0 (Windows NT 6.0; rv:10.0.1) Gecko/20100101 Firefox/10.0.1"
68.24.152.91 - - [17/Nov/2017:02:50:10 +0000] "POST /search/?c=Cameras+Finance HTTP/1.1" 200 49 "/item/software/1768" "Mozilla/5.0 (compatible; MSIE 9.0; Windows NT 6.1; WOW64; Trident/5.0)"
156.69.192.82 - - [17/Nov/2017:02:50:15 +0000] "GET /item/computers/3259 HTTP/1.1" 200 112 "/search/?c=Computers+Games" "Mozilla/4.0 (compatible; MSIE 8.0; Windows NT 6.1; WOW64; Trident/4.0; GTB7.2; SLCC2; .NET CLR 2.0.50727; .NET CLR 3.5.30729; .NET CLR 3.0.30729; Media Center PC 6.0; .NET4.0C)"
80.162.143.170 - - [17/Nov/2017:02:50:20 +0000] "GET /category/software HTTP/1.1" 200 84 "-" "Mozilla/5.0 (Windows NT 5.1) AppleWebKit/535.11 (KHTML, like Gecko) Chrome/17.0.963.46 Safari/535.11"
112.48.91.130 - - [17/Nov/2017:02:50:25 +0000] "GET /item/office/851 HTTP/1.1" 200 129 "/item/electronics/2049" "Mozilla/4.0 (compatible; MSIE 8.0; Windows NT 5.1; Trident/4.0; YTB720; GTB7.2; .NET CLR 1.1.4322; .NET CLR 2.0.50727; .NET CLR 3.0.4506.2152; .NET CLR 3.5.30729)"
180.225.135.58 - - [17/Nov/2017:02:50:30 +0000] "GET /category/office HTTP/1.1" 200 57 "/category/games" "Mozilla/5.0 (Windows NT 6.1; WOW64; rv:10.0.1) Gecko/20100101 Firefox/10.0.1"
196.78.91.172 - - [17/Nov/2017:02:50:35 +0000] "GET /category/finance HTTP/1.1" 200 122 "/category/health" "Mozilla/5.0 (Windows NT 6.1; WOW64; rv:10.0.1) Gecko/20100101 Firefox/10.0.1"
148.51.21.124 - - [17/Nov/2017:02:50:40 +0000] "GET /category/health HTTP/1.1" 200 103 "-" "Mozilla/5.0 (Windows NT 6.0; rv:10.0.1) Gecko/20100101 Firefox/10.0.1"
132.225.76.162 - - [17/Nov/2017:02:50:45 +0000] "GET /category/games HTTP/1.1" 200 99 "-" "Mozilla/5.0 (Macintosh; Intel Mac OS X 10.6; rv:9.0.1) Gecko/20100101 Firefox/9.0.1"
76.216.93.173 - - [17/Nov/2017:02:50:50 +0000] "GET /category/electronics HTTP/1.1" 200 44 "-" "Mozilla/5.0 (Windows NT 6.0; rv:10.0.1) Gecko/20100101 Firefox/10.0.1"
84.216.40.211 - - [17/Nov/2017:02:50:55 +0000] "GET /item/games/4762 HTTP/1.1" 200 96 "/item/books/757" "Mozilla/5.0 (Windows NT 6.1; WOW64) AppleWebKit/535.11 (KHTML, like Gecko) Chrome/17.0.963.56 Safari/535.11"
40.54.165.166 - - [17/Nov/2017:02:51:00 +0000] "GET /category/electronics HTTP/1.1" 200 101 "-" "Mozilla/5.0 (Windows NT 6.0; rv:10.0.1) Gecko/20100101 Firefox/10.0.1"
216.60.81.167 - - [17/Nov/2017:02:51:05 +0000] "GET /item/electronics/1216 HTTP/1.1" 200 93 "/category/toys" "Mozilla/5.0 (Windows NT 6.1; WOW64) AppleWebKit/535.7 (KHTML, like Gecko) Chrome/16.0.912.77 Safari/535.7"
204.147.33.196 - - [17/Nov/2017:02:51:10 +0000] "GET /category/software?from=20 HTTP/1.1" 200 49 "-" "Mozilla/5.0 (Macintosh; Intel Mac OS X 10.6; rv:9.0.1) Gecko/20100101 Firefox/9.0.1"
44.36.69.119 - - [17/Nov/2017:02:51:15 +0000] "GET /category/electronics?from=0 HTTP/1.1" 200 101 "/category/cameras" "Mozilla/5.0 (compatible; MSIE 9.0; Windows NT 6.1; Trident/5.0)"
224.177.225.75 - - [17/Nov/2017:02:51:20 +0000] "GET /item/electronics/266 HTTP/1.1" 200 95 "/category/software" "Mozilla/5.0 (iPad; CPU OS 5_0_1 like Mac OS X) AppleWebKit/534.46 (KHTML, like Gecko) Version/5.1 Mobile/9A405 Safari/7534.48.3"
140.183.67.108 - - [17/Nov/2017:02:51:25 +0000] "POST /search/?c=Games+Electronics HTTP/1.1" 200 81 "/category/giftcards" "Mozilla/5.0 (Macintosh; Intel Mac OS X 10.6; rv:9.0.1) Gecko/20100101 Firefox/9.0.1"
76.183.228.91 - - [17/Nov/2017:02:51:30 +0000] "GET /item/software/880 HTTP/1.1" 200 138 "/category/electronics" "Mozilla/4.0 (compatible; MSIE 8.0; Windows NT 5.1; Trident/4.0; BTRS122159; GTB7.2; .NET CLR 1.1.4322; .NET CLR 2.0.50727; .NET CLR 3.0.04506.30; .NET CLR 3.0.4506.2152; .NET CLR 3.5.30729; BRI/2)"
104.45.160.209 - - [17/Nov/2017:02:51:35 +0000] "GET /item/games/4058 HTTP/1.1" 200 94 "/search/?c=Games" "Mozilla/5.0 (Windows NT 6.1; WOW64; rv:10.0.1) Gecko/20100101 Firefox/10.0.1"
112.48.91.130 - - [17/Nov/2017:02:51:40 +0000] "GET /item/electronics/663 HTTP/1.1" 404 78 "/search/?c=Electronics" "Mozilla/5.0 (iPad; CPU OS 5_0_1 like Mac OS X) AppleWebKit/534.46 (KHTML, like Gecko) Version/5.1 Mobile/9A405 Safari/7534.48.3"
136.177.181.50 - - [17/Nov/2017:02:51:45 +0000] "GET /category/software HTTP/1.1" 200 105 "/category/electronics" "Mozilla/5.0 (iPad; CPU OS 5_0_1 like Mac OS X) AppleWebKit/534.46 (KHTML, like Gecko) Version/5.1 Mobile/9A405 Safari/7534.48.3"
152.63.117.36 - - [17/Nov/2017:02:51:50 +0000] "GET /category/music HTTP/1.1" 200 84 "/category/finance" "Mozilla/5.0 (iPhone; CPU iPhone OS 5_0_1 like Mac OS X) AppleWebKit/534.46 (KHTML, like Gecko) Version/5.1 Mobile/9A405 Safari/7534.48.3"
172.108.215.191 - - [17/Nov/2017:02:51:55 +0000] "GET /category/health HTTP/1.1" 200 133 "/category/finance?from=20" "Mozilla/5.0 (Macintosh; Intel Mac OS X 10.6; rv:9.0.1) Gecko/20100101 Firefox/9.0.1"
20.132.185.140 - - [17/Nov/2017:02:52:00 +0000] "GET /category/jewelry HTTP/1.1" 200 77 "-" "Mozilla/5.0 (compatible; Googlebot/2.1; +http://www.google.com/bot.html)"
92.204.226.50 - - [17/Nov/2017:02:52:05 +0000] "POST /search/?c=Health HTTP/1.1" 200 60 "-" "Mozilla/5.0 (compatible; Googlebot/2.1; +http://www.google.com/bot.html)"
68.78.152.172 - - [17/Nov/2017:02:52:10 +0000] "GET /category/software HTTP/1.1" 200 87 "/category/health" "Mozilla/5.0 (Macintosh; Intel Mac OS X 10.6; rv:9.0.1) Gecko/20100101 Firefox/9.0.1"
180.174.143.124 - - [17/Nov/2017:02:52:15 +0000] "GET /item/computers/1106 HTTP/1.1" 200 57 "/category/electronics" "Mozilla/4.0 (compatible; MSIE 8.0; Windows NT 6.1; Trident/4.0; YTB730; SLCC2; .NET CLR 2.0.50727; .NET CLR 3.5.30729; .NET CLR 3.0.30729; Media Center PC 6.0; .NET4.0C)"
96.33.37.61 - - [17/Nov/2017:02:52:20 +0000] "GET /category/software HTTP/1.1" 200 94 "-" "Mozilla/5.0 (compatible; MSIE 9.0; Windows NT 6.1; WOW64; Trident/5.0)"
144.21.111.211 - - [17/Nov/2017:02:52:25 +0000] "GET /category/electronics HTTP/1.1" 200 128 "/category/books" "Mozilla/5.0 (Macintosh; Intel Mac OS X 10.6; rv:9.0.1) Gecko/20100101 Firefox/9.0.1"
176.210.158.39 - - [17/Nov/2017:02:52:30 +0000] "GET /item/office/1867 HTTP/1.1" 200 83 "/category/electronics" "Mozilla/5.0 (Macintosh; Intel Mac OS X 10.6; rv:9.0.1) Gecko/20100101 Firefox/9.0.1"
192.102.189.187 - - [17/Nov/2017:02:52:35 +0000] "GET /item/books/3156 HTTP/1.1" 200 102 "-" "Mozilla/4.0 (compatible; MSIE 8.0; Windows NT 6.1; Trident/4.0; YTB730; SLCC2; .NET CLR 2.0.50727; .NET CLR 3.5.30729; .NET CLR 3.0.30729; Media Center PC 6.0; .NET4.0C)"
140.216.85.20 - - [17/Nov/2017:02:52:40 +0000] "GET /category/electronics HTTP/1.1" 200 97 "-" "Mozilla/5.0 (Windows NT 6.0; rv:10.0.1) Gecko/20100101 Firefox/10.0.1"
168.93.214.104 - - [17/Nov/2017:02:52:45 +0000] "GET /category/books HTTP/1.1" 200 91 "-" "Mozilla/4.0 (compatible; MSIE 8.0; Windows NT 6.0; WOW64; Trident/4.0; GTB6; SLCC1; .NET CLR 2.0.50727; Media Center PC 5.0; .NET CLR 3.5.30729; .NET CLR 3.0.30618; .NET4.0C)"
152.45.194.229 - - [17/Nov/2017:02:52:50 +0000] "GET /item/software/880 HTTP/1.1" 200 138 "/category/office" "Mozilla/5.0 (Windows NT 6.0) AppleWebKit/535.11 (KHTML, like Gecko) Chrome/17.0.963.56 Safari/535.11"
224.87.199.41 - - [17/Nov/2017:02:52:55 +0000] "GET /category/office HTTP/1.1" 200 79 "-" "Mozilla/5.0 (Windows NT 6.0; rv:10.0.1) Gecko/20100101 Firefox/10.0.1"
164.126.158.215 - - [17/Nov/2017:02:53:00 +0000] "GET /category/games HTTP/1.1" 200 59 "-" "Mozilla/4.0 (compatible; MSIE 8.0; Windows NT 6.1; WOW64; Trident/4.0; GTB7.2; SLCC2; .NET CLR 2.0.50727; .NET CLR 3.5.30729; .NET CLR 3.0.30729; Media Center PC 6.0; .NET4.0C)"
144.27.80.155 - - [17/Nov/2017:02:53:05 +0000] "GET /category/games HTTP/1.1" 200 99 "-" "Mozilla/5.0 (Windows NT 6.1; WOW64; rv:10.0.1) Gecko/20100101 Firefox/10.0.1"
212.45.141.113 - - [17/Nov/2017:02:53:10 +0000] "GET /category/electronics HTTP/1.1" 200 119 "-" "Mozilla/5.0 (Windows NT 6.1; WOW64) AppleWebKit/535.11 (KHTML, like Gecko) Chrome/17.0.963.56 Safari/535.11"
128.159.112.128 - - [17/Nov/2017:02:53:15 +0000] "GET /category/cameras?from=20 HTTP/1.1" 200 114 "/item/finance/4175" "Mozilla/5.0 (compatible; MSIE 9.0; Windows NT 6.1; Trident/5.0)"
152.78.91.213 - - [17/Nov/2017:02:53:20 +0000] "GET /item/software/1323 HTTP/1.1" 200 74 "/category/electronics" "Mozilla/5.0 (compatible; MSIE 9.0; Windows NT 6.1; WOW64; Trident/5.0)"
132.195.184.30 - - [17/Nov/2017:02:53:25 +0000] "GET /category/electronics?from=20 HTTP/1.1" 200 48 "-" "Mozilla/5.0 (Macintosh; Intel Mac OS X 10.6; rv:9.0.1) Gecko/20100101 Firefox/9.0.1"
148.84.100.197 - - [17/Nov/2017:02:53:30 +0000] "GET /category/electronics HTTP/1.1" 200 65 "-" "Mozilla/5.0 (compatible; MSIE 9.0; Windows NT 6.1; WOW64; Trident/5.0)"
172.108.215.191 - - [17/Nov/2017:02:53:35 +0000] "POST /search/?c=Computers HTTP/1.1" 200 41 "-" "Mozilla/4.0 (compatible; MSIE 8.0; Windows NT 5.1; Trident/4.0; YTB720; GTB7.2; .NET CLR 1.1.4322; .NET CLR 2.0.50727; .NET CLR 3.0.4506.2152; .NET CLR 3.5.30729)"
48.201.198.145 - - [17/Nov/2017:02:53:40 +0000] "POST /search/?c=Electronics+Sports HTTP/1.1" 200 139 "/item/electronics/229" "Mozilla/4.0 (compatible; MSIE 8.0; Windows NT 6.0; WOW64; Trident/4.0; GTB6; SLCC1; .NET CLR 2.0.50727; Media Center PC 5.0; .NET CLR 3.5.30729; .NET CLR 3.0.30618; .NET4.0C)"
44.198.64.135 - - [17/Nov/2017:02:53:45 +0000] "GET /category/software HTTP/1.1" 200 50 "/search/?c=Electronics" "Mozilla/5.0 (Windows NT 6.1; WOW64) AppleWebKit/535.11 (KHTML, like Gecko) Chrome/17.0.963.56 Safari/535.11"
88.132.208.162 - - [17/Nov/2017:02:53:50 +0000] "GET /item/software/1831 HTTP/1.1" 200 69 "-" "Mozilla/5.0 (Windows NT 6.1; WOW64) AppleWebKit/535.11 (KHTML, like Gecko) Chrome/17.0.963.56 Safari/535.11"
216.120.179.55 - - [17/Nov/2017:02:53:55 +0000] "GET /category/office?from=10 HTTP/1.1" 200 88 "-" "Mozilla/4.0 (compatible; MSIE 8.0; Windows NT 5.1; Trident/4.0; BTRS122159; GTB7.2; .NET CLR 1.1.4322; .NET CLR 2.0.50727; .NET CLR 3.0.04506.30; .NET CLR 3.0.4506.2152; .NET CLR 3.5.30729; BRI/2)"
92.117.27.32 - - [17/Nov/2017:02:54:00 +0000] "GET /category/books HTTP/1.1" 200 96 "-" "Mozilla/5.0 (Windows NT 5.1) AppleWebKit/535.11 (KHTML, like Gecko) Chrome/17.0.963.46 Safari/535.11"
196.57.59.219 - - [17/Nov/2017:02:54:05 +0000] "GET /category/books HTTP/1.1" 200 57 "/category/jewelry" "Mozilla/4.0 (compatible; MSIE 8.0; Windows NT 6.0; WOW64; Trident/4.0; GTB6; SLCC1; .NET CLR 2.0.50727; Media Center PC 5.0; .NET CLR 3.5.30729; .NET CLR 3.0.30618; .NET4.0C)"
212.174.139.73 - - [17/Nov/2017:02:54:10 +0000] "GET /category/music HTTP/1.1" 200 82 "-" "Mozilla/5.0 (Windows NT 6.1; WOW64) AppleWebKit/535.7 (KHTML, like Gecko) Chrome/16.0.912.77 Safari/535.7"
144.27.80.155 - - [17/Nov/2017:02:54:15 +0000] "GET /item/sports/4622 HTTP/1.1" 200 109 "/item/jewelry/4114" "Mozilla/4.0 (compatible; MSIE 8.0; Windows NT 6.1; WOW64; Trident/4.0; GTB7.2; SLCC2; .NET CLR 2.0.50727; .NET CLR 3.5.30729; .NET CLR 3.0.30729; Media Center PC 6.0; .NET4.0C)"
80.114.67.84 - - [17/Nov/2017:02:54:20 +0000] "GET /category/giftcards HTTP/1.1" 200 59 "-" "Mozilla/4.0 (compatible; MSIE 8.0; Windows NT 6.1; WOW64; Trident/4.0; YTB730; GTB7.2; SLCC2; .NET CLR 2.0.50727; .NET CLR 3.5.30729; .NET CLR 3.0.30729; .NET4.0C; .NET4.0E; Media Center PC 6.0)"
216.138.190.49 - - [17/Nov/2017:02:54:25 +0000] "GET /item/books/1503 HTTP/1.1" 200 49 "-" "Mozilla/5.0 (compatible; MSIE 9.0; Windows NT 6.1; Trident/5.0)"
80.75.100.166 - - [17/Nov/2017:02:54:30 +0000] "GET /category/software?from=10 HTTP/1.1" 200 95 "/search/?c=Software" "Mozilla/5.0 (Macintosh; Intel Mac OS X 10.6; rv:9.0.1) Gecko/20100101 Firefox/9.0.1"
60.177.133.24 - - [17/Nov/2017:02:54:35 +0000] "GET /category/finance HTTP/1.1" 200 91 "/category/electronics" "Mozilla/4.0 (compatible; MSIE 8.0; Windows NT 5.1; Trident/4.0; YTB720; GTB7.2; .NET CLR 1.1.4322; .NET CLR 2.0.50727; .NET CLR 3.0.4506.2152; .NET CLR 3.5.30729)"
224.177.225.75 - - [17/Nov/2017:02:54:40 +0000] "GET /category/games HTTP/1.1" 200 104 "/item/games/4108" "Mozilla/5.0 (iPhone; CPU iPhone OS 5_0_1 like Mac OS X) AppleWebKit/534.46 (KHTML, like Gecko) Version/5.1 Mobile/9A405 Safari/7534.48.3"
208.201.84.127 - - [17/Nov/2017:02:54:45 +0000] "GET /item/electronics/3529 HTTP/1.1" 404 122 "-" "Mozilla/5.0 (Windows NT 6.1; WOW64) AppleWebKit/535.7 (KHTML, like Gecko) Chrome/16.0.912.77 Safari/535.7"
112.66.219.85 - - [17/Nov/2017:02:54:50 +0000] "POST /search/?c=Games+Electronics HTTP/1.1" 200 52 "/item/software/992" "Mozilla/5.0 (compatible; Googlebot/2.1; +http://www.google.com/bot.html)"
188.69.32.39 - - [17/Nov/2017:02:54:55 +0000] "GET /item/networking/3624 HTTP/1.1" 200 44 "/category/electronics" "Mozilla/4.0 (compatible; MSIE 8.0; Windows NT 6.0; WOW64; Trident/4.0; GTB6; SLCC1; .NET CLR 2.0.50727; Media Center PC 5.0; .NET CLR 3.5.30729; .NET CLR 3.0.30618; .NET4.0C)"
116.33.181.169 - - [17/Nov/2017:02:55:00 +0000] "GET /category/office HTTP/1.1" 200 120 "/category/software" "Mozilla/4.0 (compatible; MSIE 8.0; Windows NT 6.1; WOW64; Trident/4.0; YTB730; GTB7.2; EasyBits GO v1.0; SLCC2; .NET CLR 2.0.50727; .NET CLR 3.5.30729; .NET CLR 3.0.30729; Media Center PC 6.0; .NET4.0C)"
24.189.103.60 - - [17/Nov/2017:02:55:05 +0000] "GET /item/electronics/2792 HTTP/1.1" 200 114 "/item/software/1546" "Mozilla/5.0 (iPad; CPU OS 5_0_1 like Mac OS X) AppleWebKit/534.46 (KHTML, like Gecko) Version/5.1 Mobile/9A405 Safari/7534.48.3"
164.36.150.129 - - [17/Nov/2017:02:55:10 +0000] "GET /category/health?from=10 HTTP/1.1" 200 89 "/category/books" "Mozilla/5.0 (Macintosh; Intel Mac OS X 10.6; rv:9.0.1) Gecko/20100101 Firefox/9.0.1"
64.126.80.139 - - [17/Nov/2017:02:55:15 +0000] "GET /category/health HTTP/1.1" 200 103 "-" "Mozilla/5.0 (Windows NT 6.1; WOW64) AppleWebKit/535.11 (KHTML, like Gecko) Chrome/17.0.963.56 Safari/535.11"
112.144.23.168 - - [17/Nov/2017:02:55:20 +0000] "GET /category/games HTTP/1.1" 200 50 "-" "Mozilla/5.0 (Macintosh; Intel Mac OS X 10.6; rv:9.0.1) Gecko/20100101 Firefox/9.0.1"
92.180.180.225 - - [17/Nov/2017:02:55:25 +0000] "GET /item/giftcards/202 HTTP/1.1" 200 51 "/item/electronics/2699" "Mozilla/5.0 (Macintosh; Intel Mac OS X 10.6; rv:9.0.1) Gecko/20100101 Firefox/9.0.1"
220.153.74.79 - - [17/Nov/2017:02:55:30 +0000] "GET /category/jewelry HTTP/1.1" 200 95 "-" "Mozilla/5.0 (Windows NT 6.1; WOW64) AppleWebKit/535.11 (KHTML, like Gecko) Chrome/17.0.963.56 Safari/535.11"
44.213.68.121 - - [17/Nov/2017:02:55:35 +0000] "GET /category/electronics HTTP/1.1" 200 139 "/category/music" "Mozilla/5.0 (Macintosh; Intel Mac OS X 10.6; rv:9.0.1) Gecko/20100101 Firefox/9.0.1"
56.180.108.75 - - [17/Nov/2017:02:55:40 +0000] "GET /category/games HTTP/1.1" 200 58 "-" "Mozilla/5.0 (Windows NT 6.1; WOW64) AppleWebKit/535.11 (KHTML, like Gecko) Chrome/17.0.963.56 Safari/535.11"
124.108.42.189 - - [17/Nov/2017:02:55:45 +0000] "GET /item/office/512 HTTP/1.1" 200 41 "-" "Mozilla/5.0 (compatible; MSIE 9.0; Windows NT 6.1; WOW64; Trident/5.0)"
60.165.28.148 - - [17/Nov/2017:02:55:50 +0000] "GET /category/office HTTP/1.1" 200 100 "/category/office" "Mozilla/5.0 (Windows NT 6.0) AppleWebKit/535.11 (KHTML, like Gecko) Chrome/17.0.963.56 Safari/535.11"
36.192.126.32 - - [17/Nov/2017:02:55:55 +0000] "GET /category/jewelry HTTP/1.1" 200 77 "-" "Mozilla/5.0 (Windows NT 6.0; rv:10.0.1) Gecko/20100101 Firefox/10.0.1"
172.108.215.191 - - [17/Nov/2017:02:56:00 +0000] "GET /category/music HTTP/1.1" 200 46 "/category/computers" "Mozilla/5.0 (Windows NT 6.1; WOW64; rv:10.0.1) Gecko/20100101 Firefox/10.0.1"
140.33.212.195 - - [17/Nov/2017:02:56:05 +0000] "GET /category/garden HTTP/1.1" 200 135 "/item/cameras/2644" "Mozilla/5.0 (Windows NT 6.0) AppleWebKit/535.11 (KHTML, like Gecko) Chrome/17.0.963.56 Safari/535.11"
52.216.117.160 - - [17/Nov/2017:02:56:10 +0000] "GET /category/software HTTP/1.1" 200 65 "/search/?c=Software+Books" "Mozilla/5.0 (Windows NT 6.1; WOW64) AppleWebKit/535.11 (KHTML, like Gecko) Chrome/17.0.963.56 Safari/535.11"
60.81.144.143 - - [17/Nov/2017:02:56:15 +0000] "GET /item/software/272 HTTP/1.1" 200 71 "/category/cameras" "Mozilla/5.0 (Macintosh; Intel Mac OS X 10.6; rv:9.0.1) Gecko/20100101 Firefox/9.0.1"
44.198.102.63 - - [17/Nov/2017:02:56:20 +0000] "GET /category/health?from=10 HTTP/1.1" 200 89 "-" "Mozilla/4.0 (compatible; MSIE 8.0; Windows NT 5.1; Trident/4.0; YTB720; GTB7.2; .NET CLR 1.1.4322; .NET CLR 2.0.50727; .NET CLR 3.0.4506.2152; .NET CLR 3.5.30729)"
124.66.153.212 - - [17/Nov/2017:02:56:25 +0000] "GET /item/music/4004 HTTP/1.1" 200 64 "/category/health" "Mozilla/5.0 (compatible; MSIE 9.0; Windows NT 6.1; Trident/5.0)"
60.225.108.28 - - [17/Nov/2017:02:56:30 +0000] "GET /item/books/237 HTTP/1.1" 200 95 "-" "Mozilla/4.0 (compatible; MSIE 8.0; Windows NT 5.1; Trident/4.0; YTB720; GTB7.2; .NET CLR 1.1.4322; .NET CLR 2.0.50727; .NET CLR 3.0.4506.2152; .NET CLR 3.5.30729)"
216.138.190.49 - - [17/Nov/2017:02:56:35 +0000] "GET /category/jewelry HTTP/1.1" 200 113 "/item/giftcards/2452" "Mozilla/5.0 (Macintosh; Intel Mac OS X 10.6; rv:9.0.1) Gecko/20100101 Firefox/9.0.1"
144.216.152.78 - - [17/Nov/2017:02:56:40 +0000] "GET /category/music HTTP/1.1" 200 92 "/category/garden" "Mozilla/5.0 (compatible; MSIE 9.0; Windows NT 6.1; WOW64; Trident/5.0)"
204.75.217.225 - - [17/Nov/2017:02:56:45 +0000] "GET /category/electronics HTTP/1.1" 200 101 "/item/computers/4707" "Mozilla/4.0 (compatible; MSIE 8.0; Windows NT 6.1; WOW64; Trident/4.0; YTB730; GTB7.2; EasyBits GO v1.0; SLCC2; .NET CLR 2.0.50727; .NET CLR 3.5.30729; .NET CLR 3.0.30729; Media Center PC 6.0; .NET4.0C)"
136.126.144.37 - - [17/Nov/2017:02:56:50 +0000] "GET /category/games HTTP/1.1" 200 135 "-" "Mozilla/5.0 (compatible; MSIE 9.0; Windows NT 6.1; WOW64; Trident/5.0)"
56.120.188.55 - - [17/Nov/2017:02:56:55 +0000] "GET /category/garden HTTP/1.1" 200 47 "http://www.google.com/search?ie=UTF-8&q=google&sclient=psy-ab&q=Garden&oq=Garden&aq=f&aqi=g-vL1&aql=&pbx=1&bav=on.2,or.r_gc.r_pw.r_qf.,cf.osb&biw=3740&bih=590" "Mozilla/5.0 (compatible; MSIE 9.0; Windows NT 6.1; WOW64; Trident/5.0)"
84.219.194.27 - - [17/Nov/2017:02:57:00 +0000] "GET /category/sports HTTP/1.1" 200 57 "-" "Mozilla/5.0 (Windows NT 6.0) AppleWebKit/535.11 (KHTML, like Gecko) Chrome/17.0.963.56 Safari/535.11"
56.24.57.163 - - [17/Nov/2017:02:57:05 +0000] "GET /item/cameras/2822 HTTP/1.1" 200 131 "-" "Mozilla/5.0 (Windows NT 6.0) AppleWebKit/535.11 (KHTML, like Gecko) Chrome/17.0.963.56 Safari/535.11"
200.225.111.124 - - [17/Nov/2017:02:57:10 +0000] "GET /category/toys HTTP/1.1" 200 77 "/item/cameras/3741" "Mozilla/5.0 (Windows NT 6.0) AppleWebKit/535.11 (KHTML, like Gecko) Chrome/17.0.963.56 Safari/535.11"
68.156.204.168 - - [17/Nov/2017:02:57:15 +0000] "GET /category/software?from=20 HTTP/1.1" 200 100 "/item/garden/4052" "Mozilla/5.0 (Windows NT 5.1) AppleWebKit/535.11 (KHTML, like Gecko) Chrome/17.0.963.46 Safari/535.11"
196.180.153.197 - - [17/Nov/2017:02:57:20 +0000] "GET /category/electronics HTTP/1.1" 200 52 "-" "Mozilla/5.0 (Windows NT 6.1; WOW64; rv:10.0.1) Gecko/20100101 Firefox/10.0.1"
168.69.28.43 - - [17/Nov/2017:02:57:25 +0000] "GET /item/electronics/681 HTTP/1.1" 200 64 "/item/electronics/2868" "Mozilla/4.0 (compatible; MSIE 8.0; Windows NT 6.1; Trident/4.0; YTB730; SLCC2; .NET CLR 2.0.50727; .NET CLR 3.5.30729; .NET CLR 3.0.30729; Media Center PC 6.0; .NET4.0C)"
216.177.75.217 - - [17/Nov/2017:02:57:30 +0000] "GET /category/books HTTP/1.1" 200 49 "-" "Mozilla/4.0 (compatible; MSIE 8.0; Windows NT 5.1; Trident/4.0; YTB720; GTB7.2; .NET CLR 1.1.4322; .NET CLR 2.0.50727; .NET CLR 3.0.4506.2152; .NET CLR 3.5.30729)"
176.108.47.217 - - [17/Nov/2017:02:57:35 +0000] "GET /item/computers/1693 HTTP/1.1" 200 110 "-" "Mozilla/5.0 (Windows NT 5.1) AppleWebKit/535.11 (KHTML, like Gecko) Chrome/17.0.963.46 Safari/535.11"
168.150.74.102 - - [17/Nov/2017:02:57:40 +0000] "GET /category/electronics HTTP/1.1" 200 79 "-" "Mozilla/5.0 (Windows NT 6.0) AppleWebKit/535.11 (KHTML, like Gecko) Chrome/17.0.963.56 Safari/535.11"
84.225.150.149 - - [17/Nov/2017:02:57:45 +0000] "GET /item/electronics/3314 HTTP/1.1" 200 46 "-" "Mozilla/4.0 (compatible; MSIE 8.0; Windows NT 5.1; Trident/4.0; YTB720; GTB7.2; .NET CLR 1.1.4322; .NET CLR 2.0.50727; .NET CLR 3.0.4506.2152; .NET CLR 3.5.30729)"
208.84.85.126 - - [17/Nov/2017:02:57:50 +0000] "POST /search/?c=Garden HTTP/1.1" 200 44 "/category/computers" "Mozilla/5.0 (Macintosh; Intel Mac OS X 10.6; rv:9.0.1) Gecko/20100101 Firefox/9.0.1"
128.123.134.69 - - [17/Nov/2017:02:57:55 +0000] "GET /category/jewelry HTTP/1.1" 200 112 "-" "Mozilla/5.0 (Windows NT 6.0) AppleWebKit/535.11 (KHTML, like Gecko) Chrome/17.0.963.56 Safari/535.11"
52.57.147.82 - - [17/Nov/2017:02:58:00 +0000] "GET /category/software HTTP/1.1" 200 68 "-" "Mozilla/5.0 (iPhone; CPU iPhone OS 5_0_1 like Mac OS X) AppleWebKit/534.46 (KHTML, like Gecko) Version/5.1 Mobile/9A405 Safari/7534.48.3"
20.63.176.160 - - [17/Nov/2017:02:58:05 +0000] "GET /item/games/4709 HTTP/1.1" 200 43 "/category/garden" "Mozilla/5.0 (compatible; Googlebot/2.1; +http://www.google.com/bot.html)"
196.81.179.31 - - [17/Nov/2017:02:58:10 +0000] "GET /category/jewelry HTTP/1.1" 200 73 "-" "Mozilla/4.0 (compatible; MSIE 8.0; Windows NT 6.0; WOW64; Trident/4.0; GTB6; SLCC1; .NET CLR 2.0.50727; Media Center PC 5.0; .NET CLR 3.5.30729; .NET CLR 3.0.30618; .NET4.0C)"
220.225.191.68 - - [17/Nov/2017:02:58:15 +0000] "GET /category/games?from=20 HTTP/1.1" 200 101 "/item/networking/4696" "Mozilla/5.0 (Windows NT 6.0; rv:10.0.1) Gecko/20100101 Firefox/10.0.1"
116.60.150.29 - - [17/Nov/2017:02:58:20 +0000] "GET /category/music HTTP/1.1" 200 55 "/category/books" "Mozilla/4.0 (compatible; MSIE 8.0; Windows NT 5.1; Trident/4.0; YTB720; GTB7.2; .NET CLR 1.1.4322; .NET CLR 2.0.50727; .NET CLR 3.0.4506.2152; .NET CLR 3.5.30729)"
160.222.46.45 - - [17/Nov/2017:02:58:25 +0000] "GET /item/electronics/2595 HTTP/1.1" 200 59 "/item/books/2829" "Mozilla/5.0 (compatible; MSIE 9.0; Windows NT 6.1; WOW64; Trident/5.0)"
60.99.81.68 - - [17/Nov/2017:02:58:30 +0000] "GET /item/jewelry/1473 HTTP/1.1" 200 48 "/category/music" "Mozilla/5.0 (compatible; MSIE 9.0; Windows NT 6.1; Trident/5.0)"
136.111.189.48 - - [17/Nov/2017:02:58:35 +0000] "GET /category/giftcards HTTP/1.1" 200 93 "/item/giftcards/3622" "Mozilla/5.0 (compatible; Googlebot/2.1; +http://www.google.com/bot.html)"
176.105.22.32 - - [17/Nov/2017:02:58:40 +0000] "GET /category/health HTTP/1.1" 200 49 "/item/software/2343" "Mozilla/4.0 (compatible; MSIE 8.0; Windows NT 6.1; Trident/4.0; YTB730; SLCC2; .NET CLR 2.0.50727; .NET CLR 3.5.30729; .NET CLR 3.0.30729; Media Center PC 6.0; .NET4.0C)"
176.204.131.157 - - [17/Nov/2017:02:58:45 +0000] "GET /item/electronics/2606 HTTP/1.1" 200 138 "/search/?c=Electronics+Health" "Mozilla/5.0 (compatible; MSIE 9.0; Windows NT 6.1; Trident/5.0)"
60.30.84.168 - - [17/Nov/2017:02:58:50 +0000] "POST /search/?c=Software HTTP/1.1" 200 126 "-" "Mozilla/5.0 (Windows NT 6.0) AppleWebKit/535.11 (KHTML, like Gecko) Chrome/17.0.963.56 Safari/535.11"
208.99.126.192 - - [17/Nov/2017:02:58:55 +0000] "GET /category/software HTTP/1.1" 200 104 "/category/software" "Mozilla/5.0 (iPad; CPU OS 5_0_1 like Mac OS X) AppleWebKit/534.46 (KHTML, like Gecko) Version/5.1 Mobile/9A405 Safari/7534.48.3"
192.213.24.121 - - [17/Nov/2017:02:59:00 +0000] "GET /item/garden/348 HTTP/1.1" 200 50 "/category/cameras" "Mozilla/5.0 (iPad; CPU OS 5_0_1 like Mac OS X) AppleWebKit/534.46 (KHTML, like Gecko) Version/5.1 Mobile/9A405 Safari/7534.48.3"
176.63.110.119 - - [17/Nov/2017:02:59:05 +0000] "GET /category/software HTTP/1.1" 200 99 "-" "Mozilla/5.0 (Windows NT 6.0; rv:10.0.1) Gecko/20100101 Firefox/10.0.1"
84.30.118.31 - - [17/Nov/2017:02:59:10 +0000] "GET /category/books HTTP/1.1" 200 93 "/category/electronics" "Mozilla/5.0 (Macintosh; Intel Mac OS X 10.6; rv:9.0.1) Gecko/20100101 Firefox/9.0.1"
212.219.212.37 - - [17/Nov/2017:02:59:15 +0000] "GET /item/garden/4052 HTTP/1.1" 200 88 "/category/books" "Mozilla/5.0 (Windows NT 6.0) AppleWebKit/535.11 (KHTML, like Gecko) Chrome/17.0.963.56 Safari/535.11"
188.219.65.49 - - [17/Nov/2017:02:59:20 +0000] "POST /search/?c=Electronics+Garden HTTP/1.1" 200 104 "/category/garden?from=0" "Mozilla/4.0 (compatible; MSIE 8.0; Windows NT 6.1; Trident/4.0; YTB730; SLCC2; .NET CLR 2.0.50727; .NET CLR 3.5.30729; .NET CLR 3.0.30729; Media Center PC 6.0; .NET4.0C)"
56.48.140.129 - - [17/Nov/2017:02:59:25 +0000] "GET /category/electronics HTTP/1.1" 200 110 "-" "Mozilla/4.0 (compatible; MSIE 8.0; Windows NT 6.0; WOW64; Trident/4.0; GTB6; SLCC1; .NET CLR 2.0.50727; Media Center PC 5.0; .NET CLR 3.5.30729; .NET CLR 3.0.30618; .NET4.0C)"
216.129.164.166 - - [17/Nov/2017:02:59:30 +0000] "GET /category/electronics HTTP/1.1" 200 115 "/category/electronics" "Mozilla/5.0 (Windows NT 6.1; WOW64) AppleWebKit/535.7 (KHTML, like Gecko) Chrome/16.0.912.77 Safari/535.7"
36.69.107.106 - - [17/Nov/2017:02:59:35 +0000] "GET /category/games HTTP/1.1" 200 91 "/category/giftcards" "Mozilla/5.0 (iPad; CPU OS 5_0_1 like Mac OS X) AppleWebKit/534.46 (KHTML, like Gecko) Version/5.1 Mobile/9A405 Safari/7534.48.3"
60.213.58.52 - - [17/Nov/2017:02:59:40 +0000] "GET /category/office HTTP/1.1" 200 133 "-" "Mozilla/5.0 (Macintosh; Intel Mac OS X 10.6; rv:9.0.1) Gecko/20100101 Firefox/9.0.1"
120.123.162.208 - - [17/Nov/2017:02:59:45 +0000] "GET /item/electronics/4251 HTTP/1.1" 200 139 "-" "Mozilla/5.0 (Windows NT 6.0) AppleWebKit/535.11 (KHTML, like Gecko) Chrome/17.0.963.56 Safari/535.11"
224.78.220.39 - - [17/Nov/2017:02:59:50 +0000] "GET /item/cameras/4503 HTTP/1.1" 200 92 "/search/?c=Electronics" "Mozilla/5.0 (compatible; MSIE 9.0; Windows NT 6.1; WOW64; Trident/5.0)"
160.135.24.226 - - [17/Nov/2017:02:59:55 +0000] "POST /search/?c=Software+Electronics HTTP/1.1" 200 97 "-" "Mozilla/4.0 (compatible; MSIE 8.0; Windows NT 6.1; WOW64; Trident/4.0; YTB730; GTB7.2; SLCC2; .NET CLR 2.0.50727; .NET CLR 3.5.30729; .NET CLR 3.0.30729; .NET4.0C; .NET4.0E; Media Center PC 6.0)"
164.165.47.101 - - [17/Nov/2017:03:00:00 +0000] "GET /category/giftcards HTTP/1.1" 200 60 "-" "Mozilla/5.0 (Windows NT 6.1; WOW64) AppleWebKit/535.11 (KHTML, like Gecko) Chrome/17.0.963.56 Safari/535.11"
36.75.71.169 - - [17/Nov/2017:03:00:05 +0000] "GET /item/books/4619 HTTP/1.1" 200 59 "/category/office" "Mozilla/5.0 (Windows NT 6.0; rv:10.0.1) Gecko/20100101 Firefox/10.0.1"
140.78.40.160 - - [17/Nov/2017:03:00:10 +0000] "GET /category/office HTTP/1.1" 200 121 "-" "Mozilla/5.0 (Macintosh; Intel Mac OS X 10.6; rv:9.0.1) Gecko/20100101 Firefox/9.0.1"
56.24.57.163 - - [17/Nov/2017:03:00:15 +0000] "GET /item/games/2827 HTTP/1.1" 200 113 "/item/giftcards/4757" "Mozilla/5.0 (Windows NT 6.1; WOW64; rv:10.0.1) Gecko/20100101 Firefox/10.0.1"
164.75.155.177 - - [17/Nov/2017:03:00:20 +0000] "POST /search/?c=Games+Books HTTP/1.1" 200 68 "/item/office/564" "Mozilla/4.0 (compatible; MSIE 8.0; Windows NT 6.1; WOW64; Trident/4.0; YTB730; GTB7.2; SLCC2; .NET CLR 2.0.50727; .NET CLR 3.5.30729; .NET CLR 3.0.30729; .NET4.0C; .NET4.0E; Media Center PC 6.0)"
188.213.129.190 - - [17/Nov/2017:03:00:25 +0000] "GET /category/health HTTP/1.1" 200 59 "-" "Mozilla/4.0 (compatible; MSIE 8.0; Windows NT 6.1; WOW64; Trident/4.0; GTB7.2; SLCC2; .NET CLR 2.0.50727; .NET CLR 3.5.30729; .NET CLR 3.0.30729; Media Center PC 6.0; .NET4.0C)"
52.93.144.151 - - [17/Nov/2017:03:00:30 +0000] "GET /item/games/4058 HTTP/1.1" 200 94 "/category/electronics" "Mozilla/5.0 (Windows NT 6.1; WOW64) AppleWebKit/535.11 (KHTML, like Gecko) Chrome/17.0.963.56 Safari/535.11"
64.102.84.121 - - [17/Nov/2017:03:00:35 +0000] "GET /category/giftcards HTTP/1.1" 200 113 "-" "Mozilla/5.0 (Windows NT 6.0; rv:10.0.1) Gecko/20100101 Firefox/10.0.1"
200.42.228.158 - - [17/Nov/2017:03:00:40 +0000] "GET /category/computers HTTP/1.1" 200 87 "/category/software" "Mozilla/5.0 (compatible; MSIE 9.0; Windows NT 6.1; Trident/5.0)"
48.63.222.76 - - [17/Nov/2017:03:00:45 +0000] "GET /item/software/1831 HTTP/1.1" 200 69 "/item/games/3032" "Mozilla/5.0 (Windows NT 6.0; rv:10.0.1) Gecko/20100101 Firefox/10.0.1"
112.159.47.221 - - [17/Nov/2017:03:00:50 +0000] "GET /item/electronics/266 HTTP/1.1" 200 95 "/search/?c=Books+Electronics" "Mozilla/5.0 (Windows NT 6.0; rv:10.0.1) Gecko/20100101 Firefox/10.0.1"
56.24.223.76 - - [17/Nov/2017:03:00:55 +0000] "GET /category/electronics HTTP/1.1" 200 43 "-" "Mozilla/5.0 (compatible; MSIE 9.0; Windows NT 6.1; WOW64; Trident/5.0)"
84.117.111.177 - - [17/Nov/2017:03:01:00 +0000] "GET /category/software HTTP/1.1" 200 76 "-" "Mozilla/5.0 (Windows NT 6.0) AppleWebKit/535.11 (KHTML, like Gecko) Chrome/17.0.963.56 Safari/535.11"
216.81.116.200 - - [17/Nov/2017:03:01:05 +0000] "GET /item/electronics/670 HTTP/1.1" 200 66 "/search/?c=Electronics+Electronics" "Mozilla/5.0 (Windows NT 6.1; WOW64) AppleWebKit/535.7 (KHTML, like Gecko) Chrome/16.0.912.77 Safari/535.7"
32.39.91.121 - - [17/Nov/2017:03:01:10 +0000] "GET /item/electronics/3821 HTTP/1.1" 200 75 "-" "Mozilla/5.0 (compatible; MSIE 9.0; Windows NT 6.1; WOW64; Trident/5.0)"
84.150.50.150 - - [17/Nov/2017:03:01:15 +0000] "GET /item/books/3156 HTTP/1.1" 200 102 "/category/jewelry" "Mozilla/4.0 (compatible; MSIE 8.0; Windows NT 6.1; WOW64; Trident/4.0; GTB7.2; SLCC2; .NET CLR 2.0.50727; .NET CLR 3.5.30729; .NET CLR 3.0.30729; Media Center PC 6.0; .NET4.0C)"
140.144.63.69 - - [17/Nov/2017:03:01:20 +0000] "GET /category/software HTTP/1.1" 200 58 "/category/software" "Mozilla/5.0 (Macintosh; Intel Mac OS X 10.6; rv:9.0.1) Gecko/20100101 Firefox/9.0.1"
228.111.87.205 - - [17/Nov/2017:03:01:25 +0000] "GET /category/garden?from=20 HTTP/1.1" 200 69 "/item/games/2746" "Mozilla/5.0 (Windows NT 6.0; rv:10.0.1) Gecko/20100101 Firefox/10.0.1"
144.159.198.187 - - [17/Nov/2017:03:01:30 +0000] "GET /category/books HTTP/1.1" 200 99 "http://www.google.com/search?ie=UTF-8&q=google&sclient=psy-ab&q=Books&oq=Books&aq=f&aqi=g-vL1&aql=&pbx=1&bav=on.2,or.r_gc.r_pw.r_qf.,cf.osb&biw=1770&bih=26" "Mozilla/4.0 (compatible; MSIE 8.0; Windows NT 6.0; WOW64; Trident/4.0; GTB6; SLCC1; .NET CLR 2.0.50727; Media Center PC 5.0; .NET CLR 3.5.30729; .NET CLR 3.0.30618; .NET4.0C)"
160.78.146.93 - - [17/Nov/2017:03:01:35 +0000] "GET /category/software?from=0 HTTP/1.1" 200 64 "/item/jewelry/4114" "Mozilla/4.0 (compatible; MSIE 8.0; Windows NT 6.0; WOW64; Trident/4.0; GTB6; SLCC1; .NET CLR 2.0.50727; Media Center PC 5.0; .NET CLR 3.5.30729; .NET CLR 3.0.30618; .NET4.0C)"
216.153.155.217 - - [17/Nov/2017:03:01:40 +0000] "GET /category/computers HTTP/1.1" 200 117 "/search/?c=Electronics+Garden" "Mozilla/5.0 (Windows NT 6.0) AppleWebKit/535.11 (KHTML, like Gecko) Chrome/17.0.963.56 Safari/535.11"
72.39.200.100 - - [17/Nov/2017:03:01:45 +0000] "GET /item/music/2048 HTTP/1.1" 200 56 "/category/giftcards?from=0" "Mozilla/5.0 (Windows NT 6.0; rv:10.0.1) Gecko/20100101 Firefox/10.0.1"
216.99.176.92 - - [17/Nov/2017:03:01:50 +0000] "GET /category/software HTTP/1.1" 200 56 "-" "Mozilla/5.0 (iPad; CPU OS 5_0_1 like Mac OS X) AppleWebKit/534.46 (KHTML, like Gecko) Version/5.1 Mobile/9A405 Safari/7534.48.3"
20.63.78.107 - - [17/Nov/2017:03:01:55 +0000] "GET /item/giftcards/2757 HTTP/1.1" 200 50 "-" "Mozilla/5.0 (Windows NT 6.1; WOW64) AppleWebKit/535.11 (KHTML, like Gecko) Chrome/17.0.963.56 Safari/535.11"
192.213.228.212 - - [17/Nov/2017:03:02:00 +0000] "GET /item/sports/4528 HTTP/1.1" 200 43 "-" "Mozilla/5.0 (Macintosh; Intel Mac OS X 10.6; rv:9.0.1) Gecko/20100101 Firefox/9.0.1"
64.156.78.228 - - [17/Nov/2017:03:02:05 +0000] "GET /item/health/2887 HTTP/1.1" 200 65 "/search/?c=Health" "Mozilla/4.0 (compatible; MSIE 8.0; Windows NT 5.1; Trident/4.0; YTB720; GTB7.2; .NET CLR 1.1.4322; .NET CLR 2.0.50727; .NET CLR 3.0.4506.2152; .NET CLR 3.5.30729)"
160.213.73.172 - - [17/Nov/2017:03:02:10 +0000] "GET /category/books HTTP/1.1" 200 81 "/item/software/1046" "Mozilla/5.0 (Windows NT 6.1; WOW64) AppleWebKit/535.7 (KHTML, like Gecko) Chrome/16.0.912.77 Safari/535.7"
96.90.32.31 - - [17/Nov/2017:03:02:15 +0000] "GET /category/electronics HTTP/1.1" 200 101 "-" "Mozilla/5.0 (iPhone; CPU iPhone OS 5_0_1 like Mac OS X) AppleWebKit/534.46 (KHTML, like Gecko) Version/5.1 Mobile/9A405 Safari/7534.48.3"
140.57.182.120 - - [17/Nov/2017:03:02:20 +0000] "GET /category/electronics HTTP/1.1" 200 128 "http://www.google.com/search?ie=UTF-8&q=google&sclient=psy-ab&q=Electronics&oq=Electronics&aq=f&aqi=g-vL1&aql=&pbx=1&bav=on.2,or.r_gc.r_pw.r_qf.,cf.osb&biw=1218&bih=256" "Mozilla/4.0 (compatible; MSIE 8.0; Windows NT 6.1; WOW64; Trident/4.0; GTB7.2; SLCC2; .NET CLR 2.0.50727; .NET CLR 3.5.30729; .NET CLR 3.0.30729; Media Center PC 6.0; .NET4.0C)"
64.24.130.157 - - [17/Nov/2017:03:02:25 +0000] "GET /category/software HTTP/1.1" 200 125 "-" "Mozilla/5.0 (Windows NT 6.1; WOW64) AppleWebKit/535.7 (KHTML, like Gecko) Chrome/16.0.912.77 Safari/535.7"
24.156.128.139 - - [17/Nov/2017:03:02:30 +0000] "GET /category/electronics HTTP/1.1" 200 116 "-" "Mozilla/5.0 (iPhone; CPU iPhone OS 5_0_1 like Mac OS X) AppleWebKit/534.46 (KHTML, like Gecko) Version/5.1 Mobile/9A405 Safari/7534.48.3"
172.204.128.196 - - [17/Nov/2017:03:02:35 +0000] "GET /category/electronics HTTP/1.1" 200 118 "-" "Mozilla/5.0 (Macintosh; Intel Mac OS X 10.6; rv:9.0.1) Gecko/20100101 Firefox/9.0.1"
52.153.207.187 - - [17/Nov/2017:03:02:40 +0000] "GET /item/finance/1295 HTTP/1.1" 200 105 "/category/software" "Mozilla/5.0 (Windows NT 6.1; WOW64; rv:10.0.1) Gecko/20100101 Firefox/10.0.1"
188.96.51.51 - - [17/Nov/2017:03:02:45 +0000] "GET /category/games HTTP/1.1" 200 59 "-" "Mozilla/4.0 (compatible; MSIE 8.0; Windows NT 6.1; WOW64; Trident/4.0; YTB730; GTB7.2; SLCC2; .NET CLR 2.0.50727; .NET CLR 3.5.30729; .NET CLR 3.0.30729; .NET4.0C; .NET4.0E; Media Center PC 6.0)"
148.27.172.38 - - [17/Nov/2017:03:02:50 +0000] "GET /item/electronics/3444 HTTP/1.1" 200 131 "-" "Mozilla/5.0 (iPhone; CPU iPhone OS 5_0_1 like Mac OS X) AppleWebKit/534.46 (KHTML, like Gecko) Version/5.1 Mobile/9A405 Safari/7534.48.3"
80.114.151.203 - - [17/Nov/2017:03:02:55 +0000] "GET /category/electronics HTTP/1.1" 200 84 "-" "Mozilla/5.0 (Windows NT 6.0; rv:10.0.1) Gecko/20100101 Firefox/10.0.1"
208.201.84.127 - - [17/Nov/2017:03:03:00 +0000] "GET /category/office?from=0 HTTP/1.1" 200 93 "/category/cameras" "Mozilla/5.0 (Windows NT 6.1; WOW64) AppleWebKit/535.11 (KHTML, like Gecko) Chrome/17.0.963.56 Safari/535.11"
60.51.108.129 - - [17/Nov/2017:03:03:05 +0000] "GET /item/computers/1710 HTTP/1.1" 200 47 "-" "Mozilla/5.0 (Macintosh; Intel Mac OS X 10.6; rv:9.0.1) Gecko/20100101 Firefox/9.0.1"
204.162.85.31 - - [17/Nov/2017:03:03:10 +0000] "GET /item/office/4367 HTTP/1.1" 200 64 "-" "Mozilla/5.0 (compatible; MSIE 9.0; Windows NT 6.1; Trident/5.0)"
152.90.220.86 - - [17/Nov/2017:03:03:15 +0000] "GET /category/electronics HTTP/1.1" 200 138 "-" "Mozilla/5.0 (Windows NT 6.1; WOW64; rv:10.0.1) Gecko/20100101 Firefox/10.0.1"
32.99.62.111 - - [17/Nov/2017:03:03:20 +0000] "GET /category/games HTTP/1.1" 200 133 "-" "Mozilla/5.0 (Windows NT 6.0; rv:10.0.1) Gecko/20100101 Firefox/10.0.1"
88.228.128.46 - - [17/Nov/2017:03:03:25 +0000] "GET /item/software/2434 HTTP/1.1" 200 120 "/search/?c=Software" "Mozilla/5.0 (Windows NT 6.0; rv:10.0.1) Gecko/20100101 Firefox/10.0.1"
128.36.120.25 - - [17/Nov/2017:03:03:30 +0000] "GET /category/jewelry HTTP/1.1" 200 60 "/category/electronics" "Mozilla/5.0 (Windows NT 6.1; WOW64; rv:10.0.1) Gecko/20100101 Firefox/10.0.1"
228.186.82.142 - - [17/Nov/2017:03:03:35 +0000] "GET /item/electronics/4807 HTTP/1.1" 200 121 "-" "Mozilla/5.0 (Macintosh; Intel Mac OS X 10.6; rv:9.0.1) Gecko/20100101 Firefox/9.0.1"
228.81.180.20 - - [17/Nov/2017:03:03:40 +0000] "GET /item/software/3586 HTTP/1.1" 200 111 "/category/electronics" "Mozilla/5.0 (Windows NT 6.0; rv:10.0.1) Gecko/20100101 Firefox/10.0.1"
32.78.107.79 - - [17/Nov/2017:03:03:45 +0000] "GET /category/electronics?from=20 HTTP/1.1" 200 45 "/category/electronics" "Mozilla/5.0 (Windows NT 6.1; WOW64) AppleWebKit/535.11 (KHTML, like Gecko) Chrome/17.0.963.56 Safari/535.11"
216.33.82.203 - - [17/Nov/2017:03:03:50 +0000] "GET /category/garden HTTP/1.1" 200 138 "/category/software" "Mozilla/5.0 (iPad; CPU OS 5_0_1 like Mac OS X) AppleWebKit/534.46 (KHTML, like Gecko) Version/5.1 Mobile/9A405 Safari/7534.48.3"
40.33.157.65 - - [17/Nov/2017:03:03:55 +0000] "GET /item/garden/4271 HTTP/1.1" 200 127 "-" "Mozilla/4.0 (compatible; MSIE 8.0; Windows NT 6.1; WOW64; Trident/4.0; YTB730; GTB7.2; SLCC2; .NET CLR 2.0.50727; .NET CLR 3.5.30729; .NET CLR 3.0.30729; .NET4.0C; .NET4.0E; Media Center PC 6.0)"
192.108.192.88 - - [17/Nov/2017:03:04:00 +0000] "GET /category/computers HTTP/1.1" 200 126 "/category/cameras" "Mozilla/4.0 (compatible; MSIE 8.0; Windows NT 5.1; Trident/4.0; BTRS122159; GTB7.2; .NET CLR 1.1.4322; .NET CLR 2.0.50727; .NET CLR 3.0.04506.30; .NET CLR 3.0.4506.2152; .NET CLR 3.5.30729; BRI/2)"
188.78.192.171 - - [17/Nov/2017:03:04:05 +0000] "GET /category/giftcards HTTP/1.1" 200 55 "http://www.google.com/search?ie=UTF-8&q=google&sclient=psy-ab&q=Giftcards+Garden&oq=Giftcards+Garden&aq=f&aqi=g-vL1&aql=&pbx=1&bav=on.2,or.r_gc.r_pw.r_qf.,cf.osb&biw=2238&bih=487" "Mozilla/4.0 (compatible; MSIE 8.0; Windows NT 5.1; Trident/4.0; YTB720; GTB7.2; .NET CLR 1.1.4322; .NET CLR 2.0.50727; .NET CLR 3.0.4506.2152; .NET CLR 3.5.30729)"
152.87.163.219 - - [17/Nov/2017:03:04:10 +0000] "GET /category/books HTTP/1.1" 200 126 "-" "Mozilla/5.0 (Windows NT 6.0) AppleWebKit/535.11 (KHTML, like Gecko) Chrome/17.0.963.56 Safari/535.11"
44.138.105.89 - - [17/Nov/2017:03:04:15 +0000] "GET /item/software/2512 HTTP/1.1" 200 112 "-" "Mozilla/5.0 (compatible; MSIE 9.0; Windows NT 6.1; WOW64; Trident/5.0)"
76.123.219.106 - - [17/Nov/2017:03:04:20 +0000] "GET /item/software/2711 HTTP/1.1" 200 89 "/category/computers" "Mozilla/5.0 (compatible; MSIE 9.0; Windows NT 6.1; WOW64; Trident/5.0)"
112.66.219.85 - - [17/Nov/2017:03:04:25 +0000] "GET /category/finance HTTP/1.1" 200 91 "/category/toys" "Mozilla/4.0 (compatible; MSIE 8.0; Windows NT 5.1; Trident/4.0; YTB720; GTB7.2; .NET CLR 1.1.4322; .NET CLR 2.0.50727; .NET CLR 3.0.4506.2152; .NET CLR 3.5.30729)"
212.219.108.195 - - [17/Nov/2017:03:04:30 +0000] "GET /category/finance HTTP/1.1" 200 49 "-" "Mozilla/5.0 (Windows NT 6.1; WOW64) AppleWebKit/535.7 (KHTML, like Gecko) Chrome/16.0.912.77 Safari/535.7"
92.99.34.90 - - [17/Nov/2017:03:04:35 +0000] "GET /category/cameras HTTP/1.1" 200 109 "-" "Mozilla/5.0 (compatible; Googlebot/2.1; +http://www.google.com/bot.html)"
68.195.70.77 - - [17/Nov/2017:03:04:40 +0000] "POST /search/?c=Games+Software HTTP/1.1" 200 55 "/category/computers" "Mozilla/5.0 (compatible; MSIE 9.0; Windows NT 6.1; WOW64; Trident/5.0)"
24.225.171.131 - - [17/Nov/2017:03:04:45 +0000] "GET /item/electronics/3377 HTTP/1.1" 200 125 "/item/games/2750" "Mozilla/5.0 (Windows NT 6.1; WOW64; rv:10.0.1) Gecko/20100101 Firefox/10.0.1"
76.180.131.65 - - [17/Nov/2017:03:04:50 +0000] "GET /item/electronics/3314 HTTP/1.1" 200 46 "/category/music" "Mozilla/5.0 (compatible; MSIE 9.0; Windows NT 6.1; Trident/5.0)"
120.111.204.203 - - [17/Nov/2017:03:04:55 +0000] "GET /category/software HTTP/1.1" 200 70 "-" "Mozilla/5.0 (compatible; MSIE 9.0; Windows NT 6.1; Trident/5.0)"
176.45.134.220 - - [17/Nov/2017:03:05:00 +0000] "GET /category/cameras?from=20 HTTP/1.1" 200 99 "/search/?c=Cameras" "Mozilla/5.0 (Macintosh; Intel Mac OS X 10.6; rv:9.0.1) Gecko/20100101 Firefox/9.0.1"
40.36.205.118 - - [17/Nov/2017:03:05:05 +0000] "GET /category/sports HTTP/1.1" 200 137 "-" "Mozilla/5.0 (Windows NT 6.0; rv:10.0.1) Gecko/20100101 Firefox/10.0.1"
68.24.152.91 - - [17/Nov/2017:03:05:10 +0000] "GET /category/finance HTTP/1.1" 200 98 "-" "Mozilla/5.0 (Windows NT 6.0; rv:10.0.1) Gecko/20100101 Firefox/10.0.1"
196.168.130.146 - - [17/Nov/2017:03:05:15 +0000] "GET /category/books HTTP/1.1" 200 122 "/search/?c=Electronics" "Mozilla/5.0 (compatible; MSIE 9.0; Windows NT 6.1; WOW64; Trident/5.0)"
144.165.175.190 - - [17/Nov/2017:03:05:20 +0000] "POST /search/?c=Software HTTP/1.1" 200 126 "-" "Mozilla/5.0 (Windows NT 6.1; WOW64; rv:10.0.1) Gecko/20100101 Firefox/10.0.1"
76.132.177.175 - - [17/Nov/2017:03:05:25 +0000] "GET /item/music/1760 HTTP/1.1" 200 112 "/search/?c=Music+Electronics" "Mozilla/5.0 (compatible; MSIE 9.0; Windows NT 6.1; WOW64; Trident/5.0)"
216.210.62.164 - - [17/Nov/2017:03:05:30 +0000] "GET /category/office HTTP/1.1" 200 43 "-" "Mozilla/5.0 (compatible; Googlebot/2.1; +http://www.google.com/bot.html)"
120.171.185.176 - - [17/Nov/2017:03:05:35 +0000] "GET /category/games HTTP/1.1" 200 97 "-" "Mozilla/5.0 (Macintosh; Intel Mac OS X 10.6; rv:9.0.1) Gecko/20100101 Firefox/9.0.1"
168.93.214.104 - - [17/Nov/2017:03:05:40 +0000] "GET /category/books HTTP/1.1" 200 67 "-" "Mozilla/4.0 (compatible; MSIE 8.0; Windows NT 6.1; Trident/4.0; YTB730; SLCC2; .NET CLR 2.0.50727; .NET CLR 3.5.30729; .NET CLR 3.0.30729; Media Center PC 6.0; .NET4.0C)"
180.114.21.38 - - [17/Nov/2017:03:05:45 +0000] "GET /category/software HTTP/1.1" 200 81 "/category/office" "Mozilla/5.0 (iPhone; CPU iPhone OS 5_0_1 like Mac OS X) AppleWebKit/534.46 (KHTML, like Gecko) Version/5.1 Mobile/9A405 Safari/7534.48.3"
168.129.116.168 - - [17/Nov/2017:03:05:50 +0000] "GET /category/software HTTP/1.1" 200 50 "-" "Mozilla/5.0 (Macintosh; Intel Mac OS X 10.6; rv:9.0.1) Gecko/20100101 Firefox/9.0.1"
140.69.87.26 - - [17/Nov/2017:03:05:55 +0000] "GET /item/books/3757 HTTP/1.1" 200 115 "/category/cameras" "Mozilla/5.0 (Windows NT 6.1; WOW64) AppleWebKit/535.11 (KHTML, like Gecko) Chrome/17.0.963.56 Safari/535.11"
112.222.91.42 - - [17/Nov/2017:03:06:00 +0000] "POST /search/?c=Toys+Games HTTP/1.1" 200 92 "-" "Mozilla/5.0 (Macintosh; Intel Mac OS X 10.6; rv:9.0.1) Gecko/20100101 Firefox/9.0.1"
140.138.221.130 - - [17/Nov/2017:03:06:05 +0000] "GET /category/office HTTP/1.1" 200 51 "-" "Mozilla/5.0 (Windows NT 6.1; WOW64; rv:10.0.1) Gecko/20100101 Firefox/10.0.1"
160.183.132.213 - - [17/Nov/2017:03:06:10 +0000] "GET /category/health HTTP/1.1" 200 132 "-" "Mozilla/5.0 (Macintosh; Intel Mac OS X 10.6; rv:9.0.1) Gecko/20100101 Firefox/9.0.1"
80.39.194.34 - - [17/Nov/2017:03:06:15 +0000] "GET /category/office HTTP/1.1" 200 139 "-" "Mozilla/5.0 (Macintosh; Intel Mac OS X 10.6; rv:9.0.1) Gecko/20100101 Firefox/9.0.1"
164.45.62.175 - - [17/Nov/2017:03:06:20 +0000] "GET /item/electronics/2101 HTTP/1.1" 200 84 "/item/games/1490" "Mozilla/5.0 (Macintosh; Intel Mac OS X 10.6; rv:9.0.1) Gecko/20100101 Firefox/9.0.1"
148.141.150.198 - - [17/Nov/2017:03:06:25 +0000] "GET /item/electronics/4807 HTTP/1.1" 200 121 "/category/office" "Mozilla/4.0 (compatible; MSIE 8.0; Windows NT 6.1; WOW64; Trident/4.0; YTB730; GTB7.2; EasyBits GO v1.0; SLCC2; .NET CLR 2.0.50727; .NET CLR 3.5.30729; .NET CLR 3.0.30729; Media Center PC 6.0; .NET4.0C)"
212.186.212.20 - - [17/Nov/2017:03:06:30 +0000] "GET /category/office?from=0 HTTP/1.1" 200 93 "/search/?c=Cameras+Office" "Mozilla/5.0 (Macintosh; Intel Mac OS X 10.6; rv:9.0.1) Gecko/20100101 Firefox/9.0.1"
172.186.119.42 - - [17/Nov/2017:03:06:35 +0000] "GET /category/garden HTTP/1.1" 200 117 "/category/jewelry" "Mozilla/5.0 (Windows NT 6.0; rv:10.0.1) Gecko/20100101 Firefox/10.0.1"
128.27.201.209 - - [17/Nov/2017:03:06:40 +0000] "GET /category/software HTTP/1.1" 200 121 "-" "Mozilla/5.0 (Windows NT 6.0; rv:10.0.1) Gecko/20100101 Firefox/10.0.1"
104.165.180.220 - - [17/Nov/2017:03:06:45 +0000] "GET /item/finance/1639 HTTP/1.1" 200 114 "/item/garden/3051" "Mozilla/5.0 (Windows NT 6.1; WOW64) AppleWebKit/535.11 (KHTML, like Gecko) Chrome/17.0.963.56 Safari/535.11"
224.159.219.206 - - [17/Nov/2017:03:06:50 +0000] "GET /item/computers/770 HTTP/1.1" 200 105 "/item/electronics/4512" "Mozilla/5.0 (Windows NT 6.1; WOW64; rv:10.0.1) Gecko/20100101 Firefox/10.0.1"
92.123.218.35 - - [17/Nov/2017:03:06:55 +0000] "GET /category/software?from=0 HTTP/1.1" 200 40 "-" "Mozilla/5.0 (compatible; MSIE 9.0; Windows NT 6.1; WOW64; Trident/5.0)"
96.72.174.129 - - [17/Nov/2017:03:07:00 +0000] "GET /item/office/2035 HTTP/1.1" 200 120 "/item/games/2746" "Mozilla/4.0 (compatible; MSIE 8.0; Windows NT 6.1; WOW64; Trident/4.0; GTB7.2; SLCC2; .NET CLR 2.0.50727; .NET CLR 3.5.30729; .NET CLR 3.0.30729; Media Center PC 6.0; .NET4.0C)"
96.99.105.24 - - [17/Nov/2017:03:07:05 +0000] "GET /item/office/4367 HTTP/1.1" 200 64 "/search/?c=Books+Health" "Mozilla/5.0 (Windows NT 6.0; rv:10.0.1) Gecko/20100101 Firefox/10.0.1"
148.141.150.198 - - [17/Nov/2017:03:07:10 +0000] "GET /category/electronics HTTP/1.1" 200 113 "-" "Mozilla/4.0 (compatible; MSIE 8.0; Windows NT 5.1; Trident/4.0; YTB720; GTB7.2; .NET CLR 1.1.4322; .NET CLR 2.0.50727; .NET CLR 3.0.4506.2152; .NET CLR 3.5.30729)"
48.222.150.132 - - [17/Nov/2017:03:07:15 +0000] "GET /item/software/1546 HTTP/1.1" 200 45 "/item/software/3165" "Mozilla/5.0 (compatible; MSIE 9.0; Windows NT 6.1; WOW64; Trident/5.0)"
176.27.101.193 - - [17/Nov/2017:03:07:20 +0000] "GET /item/computers/770 HTTP/1.1" 200 105 "-" "Mozilla/5.0 (Macintosh; Intel Mac OS X 10.6; rv:9.0.1) Gecko/20100101 Firefox/9.0.1"
108.135.211.36 - - [17/Nov/2017:03:07:25 +0000] "GET /item/software/1271 HTTP/1.1" 200 103 "/category/electronics" "Mozilla/5.0 (compatible; MSIE 9.0; Windows NT 6.1; Trident/5.0)"
168.60.103.103 - - [17/Nov/2017:03:07:30 +0000] "GET /item/networking/4421 HTTP/1.1" 200 47 "/item/finance/3901" "Mozilla/4.0 (compatible; MSIE 8.0; Windows NT 5.1; Trident/4.0; YTB720; GTB7.2; .NET CLR 1.1.4322; .NET CLR 2.0.50727; .NET CLR 3.0.4506.2152; .NET CLR 3.5.30729)"
36.156.149.92 - - [17/Nov/2017:03:07:35 +0000] "GET /item/books/4322 HTTP/1.1" 200 44 "/category/books" "Mozilla/4.0 (compatible; MSIE 8.0; Windows NT 6.1; Trident/4.0; YTB730; SLCC2; .NET CLR 2.0.50727; .NET CLR 3.5.30729; .NET CLR 3.0.30729; Media Center PC 6.0; .NET4.0C)"
212.66.174.222 - - [17/Nov/2017:03:07:40 +0000] "GET /item/electronics/2895 HTTP/1.1" 200 47 "/item/electronics/2128" "Mozilla/5.0 (Macintosh; Intel Mac OS X 10.6; rv:9.0.1) Gecko/20100101 Firefox/9.0.1"
196.57.59.219 - - [17/Nov/2017:03:07:45 +0000] "GET /category/electronics HTTP/1.1" 200 61 "/item/electronics/2990" "Mozilla/5.0 (Windows NT 6.1; WOW64; rv:10.0.1) Gecko/20100101 Firefox/10.0.1"
140.216.85.20 - - [17/Nov/2017:03:07:50 +0000] "GET /category/electronics?from=10 HTTP/1.1" 200 119 "/item/electronics/3972" "Mozilla/4.0 (compatible; MSIE 8.0; Windows NT 6.1; WOW64; Trident/4.0; YTB730; GTB7.2; EasyBits GO v1.0; SLCC2; .NET CLR 2.0.50727; .NET CLR 3.5.30729; .NET CLR 3.0.30729; Media Center PC 6.0; .NET4.0C)"
188.30.222.174 - - [17/Nov/2017:03:07:55 +0000] "GET /category/finance HTTP/1.1" 200 76 "-" "Mozilla/4.0 (compatible; MSIE 8.0; Windows NT 6.1; WOW64; Trident/4.0; GTB7.2; SLCC2; .NET CLR 2.0.50727; .NET CLR 3.5.30729; .NET CLR 3.0.30729; Media Center PC 6.0; .NET4.0C)"
192.180.36.138 - - [17/Nov/2017:03:08:00 +0000] "GET /category/electronics HTTP/1.1" 200 108 "-" "Mozilla/5.0 (iPhone; CPU iPhone OS 5_0_1 like Mac OS X) AppleWebKit/534.46 (KHTML, like Gecko) Version/5.1 Mobile/9A405 Safari/7534.48.3"
180.201.91.218 - - [17/Nov/2017:03:08:05 +0000] "GET /item/networking/4174 HTTP/1.1" 200 125 "-" "Mozilla/4.0 (compatible; MSIE 8.0; Windows NT 6.1; WOW64; Trident/4.0; YTB730; GTB7.2; EasyBits GO v1.0; SLCC2; .NET CLR 2.0.50727; .NET CLR 3.5.30729; .NET CLR 3.0.30729; Media Center PC 6.0; .NET4.0C)"
176.45.134.220 - - [17/Nov/2017:03:08:10 +0000] "POST /search/?c=Finance HTTP/1.1" 200 122 "/search/?c=Electronics" "Mozilla/5.0 (Windows NT 6.0) AppleWebKit/535.11 (KHTML, like Gecko) Chrome/17.0.963.56 Safari/535.11"
84.150.155.34 - - [17/Nov/2017:03:08:15 +0000] "GET /item/books/3336 HTTP/1.1" 200 88 "/category/electronics" "Mozilla/5.0 (compatible; MSIE 9.0; Windows NT 6.1; Trident/5.0)"
164.63.57.53 - - [17/Nov/2017:03:08:20 +0000] "GET /category/office HTTP/1.1" 200 121 "/category/software" "Mozilla/4.0 (compatible; MSIE 8.0; Windows NT 6.1; WOW64; Trident/4.0; YTB730; GTB7.2; SLCC2; .NET CLR 2.0.50727; .NET CLR 3.5.30729; .NET CLR 3.0.30729; .NET4.0C; .NET4.0E; Media Center PC 6.0)"
144.51.141.192 - - [17/Nov/2017:03:08:25 +0000] "GET /item/software/517 HTTP/1.1" 200 123 "/category/software?from=20" "Mozilla/4.0 (compatible; MSIE 8.0; Windows NT 6.0; WOW64; Trident/4.0; GTB6; SLCC1; .NET CLR 2.0.50727; Media Center PC 5.0; .NET CLR 3.5.30729; .NET CLR 3.0.30618; .NET4.0C)"
208.138.152.63 - - [17/Nov/2017:03:08:30 +0000] "GET /item/music/1760 HTTP/1.1" 200 112 "/category/electronics" "Mozilla/5.0 (Macintosh; Intel Mac OS X 10.6; rv:9.0.1) Gecko/20100101 Firefox/9.0.1"
76.216.93.173 - - [17/Nov/2017:03:08:35 +0000] "GET /category/office HTTP/1.1" 200 80 "-" "Mozilla/4.0 (compatible; MSIE 8.0; Windows NT 6.1; WOW64; Trident/4.0; YTB730; GTB7.2; SLCC2; .NET CLR 2.0.50727; .NET CLR 3.5.30729; .NET CLR 3.0.30729; .NET4.0C; .NET4.0E; Media Center PC 6.0)"
152.45.113.47 - - [17/Nov/2017:03:08:40 +0000] "POST /search/?c=Books+Networking HTTP/1.1" 200 82 "-" "Mozilla/5.0 (Windows NT 6.1; WOW64) AppleWebKit/535.11 (KHTML, like Gecko) Chrome/17.0.963.56 Safari/535.11"
44.39.69.128 - - [17/Nov/2017:03:08:45 +0000] "GET /category/games HTTP/1.1" 200 87 "/category/health" "Mozilla/4.0 (compatible; MSIE 8.0; Windows NT 6.1; Trident/4.0; YTB730; SLCC2; .NET CLR 2.0.50727; .NET CLR 3.5.30729; .NET CLR 3.0.30729; Media Center PC 6.0; .NET4.0C)"
216.111.41.52 - - [17/Nov/2017:03:08:50 +0000] "GET /item/electronics/2868 HTTP/1.1" 200 41 "-" "Mozilla/5.0 (Macintosh; Intel Mac OS X 10.6; rv:9.0.1) Gecko/20100101 Firefox/9.0.1"
180.201.91.218 - - [17/Nov/2017:03:08:55 +0000] "GET /item/books/3101 HTTP/1.1" 200 61 "/category/health" "Mozilla/5.0 (Windows NT 6.0; rv:10.0.1) Gecko/20100101 Firefox/10.0.1"
152.207.187.181 - - [17/Nov/2017:03:09:00 +0000] "GET /category/computers HTTP/1.1" 200 117 "/category/games" "Mozilla/4.0 (compatible; MSIE 8.0; Windows NT 6.1; WOW64; Trident/4.0; YTB730; GTB7.2; SLCC2; .NET CLR 2.0.50727; .NET CLR 3.5.30729; .NET CLR 3.0.30729; .NET4.0C; .NET4.0E; Media Center PC 6.0)"
60.99.81.68 - - [17/Nov/2017:03:09:05 +0000] "GET /category/software HTTP/1.1" 200 72 "/category/books" "Mozilla/5.0 (Macintosh; Intel Mac OS X 10.6; rv:9.0.1) Gecko/20100101 Firefox/9.0.1"
140.144.140.227 - - [17/Nov/2017:03:09:10 +0000] "GET /category/electronics HTTP/1.1" 200 57 "/item/electronics/4947" "Mozilla/5.0 (Windows NT 6.1; WOW64; rv:10.0.1) Gecko/20100101 Firefox/10.0.1"
112.204.94.24 - - [17/Nov/2017:03:09:15 +0000] "GET /item/networking/973 HTTP/1.1" 200 48 "/item/office/1168" "Mozilla/5.0 (compatible; MSIE 9.0; Windows NT 6.1; WOW64; Trident/5.0)"
128.123.134.69 - - [17/Nov/2017:03:09:20 +0000] "POST /search/?c=Cameras+Office HTTP/1.1" 200 71 "-" "Mozilla/5.0 (compatible; MSIE 9.0; Windows NT 6.1; Trident/5.0)"
80.126.81.138 - - [17/Nov/2017:03:09:25 +0000] "GET /item/office/1686 HTTP/1.1" 200 126 "/category/jewelry" "Mozilla/4.0 (compatible; MSIE 8.0; Windows NT 6.1; WOW64; Trident/4.0; YTB730; GTB7.2; SLCC2; .NET CLR 2.0.50727; .NET CLR 3.5.30729; .NET CLR 3.0.30729; .NET4.0C; .NET4.0E; Media Center PC 6.0)"
224.210.173.173 - - [17/Nov/2017:03:09:30 +0000] "GET /category/electronics HTTP/1.1" 200 98 "/category/finance" "Mozilla/5.0 (iPhone; CPU iPhone OS 5_0_1 like Mac OS X) AppleWebKit/534.46 (KHTML, like Gecko) Version/5.1 Mobile/9A405 Safari/7534.48.3"
52.27.56.220 - - [17/Nov/2017:03:09:35 +0000] "GET /item/software/1831 HTTP/1.1" 200 69 "-" "Mozilla/5.0 (compatible; MSIE 9.0; Windows NT 6.1; WOW64; Trident/5.0)"
140.54.169.166 - - [17/Nov/2017:03:09:40 +0000] "GET /category/electronics HTTP/1.1" 200 62 "-" "Mozilla/5.0 (compatible; Googlebot/2.1; +http://www.google.com/bot.html)"
136.222.62.176 - - [17/Nov/2017:03:09:45 +0000] "GET /category/garden HTTP/1.1" 200 94 "/category/sports" "Mozilla/5.0 (compatible; MSIE 9.0; Windows NT 6.1; Trident/5.0)"
116.219.67.62 - - [17/Nov/2017:03:09:50 +0000] "GET /category/software HTTP/1.1" 200 72 "/item/networking/2266" "Mozilla/5.0 (Windows NT 6.1; WOW64; rv:10.0.1) Gecko/20100101 Firefox/10.0.1"
136.81.21.202 - - [17/Nov/2017:03:09:55 +0000] "GET /category/jewelry HTTP/1.1" 200 138 "/category/electronics" "Mozilla/5.0 (Windows NT 6.0; rv:10.0.1) Gecko/20100101 Firefox/10.0.1"
36.51.160.119 - - [17/Nov/2017:03:10:00 +0000] "GET /item/software/530 HTTP/1.1" 200 126 "/category/software" "Mozilla/5.0 (compatible; MSIE 9.0; Windows NT 6.1; Trident/5.0)"
156.129.86.124 - - [17/Nov/2017:03:10:05 +0000] "GET /category/software HTTP/1.1" 200 66 "/item/software/2036" "Mozilla/5.0 (Windows NT 6.0) AppleWebKit/535.11 (KHTML, like Gecko) Chrome/17.0.963.56 Safari/535.11"
168.69.28.43 - - [17/Nov/2017:03:10:10 +0000] "POST /search/?c=Books HTTP/1.1" 200 85 "-" "Mozilla/5.0 (Windows NT 5.1) AppleWebKit/535.11 (KHTML, like Gecko) Chrome/17.0.963.46 Safari/535.11"
32.126.192.64 - - [17/Nov/2017:03:10:15 +0000] "GET /category/health HTTP/1.1" 200 119 "/category/electronics" "Mozilla/4.0 (compatible; MSIE 8.0; Windows NT 6.1; WOW64; Trident/4.0; GTB7.2; SLCC2; .NET CLR 2.0.50727; .NET CLR 3.5.30729; .NET CLR 3.0.30729; Media Center PC 6.0; .NET4.0C)"
112.48.91.130 - - [17/Nov/2017:03:10:20 +0000] "GET /item/software/85 HTTP/1.1" 200 53 "/category/software" "Mozilla/5.0 (iPad; CPU OS 5_0_1 like Mac OS X) AppleWebKit/534.46 (KHTML, like Gecko) Version/5.1 Mobile/9A405 Safari/7534.48.3"
128.72.102.177 - - [17/Nov/2017:03:10:25 +0000] "GET /category/software HTTP/1.1" 200 108 "/item/software/992" "Mozilla/5.0 (Windows NT 6.0; rv:10.0.1) Gecko/20100101 Firefox/10.0.1"
208.54.69.174 - - [17/Nov/2017:03:10:30 +0000] "GET /item/music/4221 HTTP/1.1" 200 94 "/category/software" "Mozilla/5.0 (Windows NT 6.1; WOW64; rv:10.0.1) Gecko/20100101 Firefox/10.0.1"
76.156.48.156 - - [17/Nov/2017:03:10:35 +0000] "GET /category/books HTTP/1.1" 200 49 "/category/electronics" "Mozilla/5.0 (Windows NT 6.1; WOW64; rv:10.0.1) Gecko/20100101 Firefox/10.0.1"
192.213.30.56 - - [17/Nov/2017:03:10:40 +0000] "GET /category/software?from=0 HTTP/1.1" 200 40 "-" "Mozilla/5.0 (Macintosh; Intel Mac OS X 10.6; rv:9.0.1) Gecko/20100101 Firefox/9.0.1"
28.165.95.144 - - [17/Nov/2017:03:10:45 +0000] "GET /item/electronics/2374 HTTP/1.1" 200 96 "/search/?c=Electronics+Electronics" "Mozilla/5.0 (compatible; MSIE 9.0; Windows NT 6.1; Trident/5.0)"
152.150.62.199 - - [17/Nov/2017:03:10:50 +0000] "GET /item/software/2343 HTTP/1.1" 200 81 "-" "Mozilla/5.0 (compatible; MSIE 9.0; Windows NT 6.1; WOW64; Trident/5.0)"
160.135.24.226 - - [17/Nov/2017:03:10:55 +0000] "GET /category/electronics HTTP/1.1" 200 138 "/item/software/875" "Mozilla/4.0 (compatible; MSIE 8.0; Windows NT 6.0; WOW64; Trident/4.0; GTB6; SLCC1; .NET CLR 2.0.50727; Media Center PC 5.0; .NET CLR 3.5.30729; .NET CLR 3.0.30618; .NET4.0C)"
216.111.181.162 - - [17/Nov/2017:03:11:00 +0000] "GET /category/garden HTTP/1.1" 200 114 "/category/health?from=10" "Mozilla/5.0 (compatible; MSIE 9.0; Windows NT 6.1; WOW64; Trident/5.0)"
120.93.127.152 - - [17/Nov/2017:03:11:05 +0000] "GET /item/giftcards/3166 HTTP/1.1" 200 108 "/category/giftcards" "Mozilla/5.0 (Windows NT 6.0; rv:10.0.1) Gecko/20100101 Firefox/10.0.1"
100.21.56.172 - - [17/Nov/2017:03:11:10 +0000] "GET /category/finance HTTP/1.1" 200 111 "/category/music" "Mozilla/5.0 (compatible; MSIE 9.0; Windows NT 6.1; Trident/5.0)"
40.21.219.95 - - [17/Nov/2017:03:11:15 +0000] "GET /category/software HTTP/1.1" 200 77 "http://www.google.com/search?ie=UTF-8&q=google&sclient=psy-ab&q=Software&oq=Software&aq=f&aqi=g-vL1&aql=&pbx=1&bav=on.2,or.r_gc.r_pw.r_qf.,cf.osb&biw=3891&bih=359" "Mozilla/5.0 (compatible; MSIE 9.0; Windows NT 6.1; Trident/5.0)"
196.36.158.223 - - [17/Nov/2017:03:11:20 +0000] "GET /category/garden HTTP/1.1" 200 129 "/category/jewelry" "Mozilla/4.0 (compatible; MSIE 8.0; Windows NT 5.1; Trident/4.0; YTB720; GTB7.2; .NET CLR 1.1.4322; .NET CLR 2.0.50727; .NET CLR 3.0.4506.2152; .NET CLR 3.5.30729)"
176.120.38.36 - - [17/Nov/2017:03:11:25 +0000] "GET /item/finance/3737 HTTP/1.1" 200 127 "/search/?c=Finance" "Mozilla/5.0 (compatible; MSIE 9.0; Windows NT 6.1; WOW64; Trident/5.0)"
164.135.167.29 - - [17/Nov/2017:03:11:30 +0000] "POST /search/?c=Software HTTP/1.1" 200 61 "-" "Mozilla/4.0 (compatible; MSIE 8.0; Windows NT 5.1; Trident/4.0; YTB720; GTB7.2; .NET CLR 1.1.4322; .NET CLR 2.0.50727; .NET CLR 3.0.4506.2152; .NET CLR 3.5.30729)"
140.108.166.217 - - [17/Nov/2017:03:11:35 +0000] "GET /category/software HTTP/1.1" 200 66 "/item/electronics/2128" "Mozilla/5.0 (compatible; MSIE 9.0; Windows NT 6.1; WOW64; Trident/5.0)"
204.156.85.164 - - [17/Nov/2017:03:11:40 +0000] "GET /item/office/4637 HTTP/1.1" 200 70 "/search/?c=Office+Toys" "Mozilla/5.0 (Windows NT 6.1; WOW64; rv:10.0.1) Gecko/20100101 Firefox/10.0.1"
48.39.50.112 - - [17/Nov/2017:03:11:45 +0000] "GET /item/software/1546 HTTP/1.1" 200 45 "/category/software" "Mozilla/5.0 (compatible; MSIE 9.0; Windows NT 6.1; WOW64; Trident/5.0)"
112.48.147.108 - - [17/Nov/2017:03:11:50 +0000] "GET /category/garden HTTP/1.1" 200 122 "-" "Mozilla/5.0 (Windows NT 6.1; WOW64) AppleWebKit/535.11 (KHTML, like Gecko) Chrome/17.0.963.56 Safari/535.11"
160.156.210.144 - - [17/Nov/2017:03:11:55 +0000] "GET /category/software HTTP/1.1" 200 108 "-" "Mozilla/5.0 (Windows NT 6.0; rv:10.0.1) Gecko/20100101 Firefox/10.0.1"
100.81.22.31 - - [17/Nov/2017:03:12:00 +0000] "GET /item/electronics/4574 HTTP/1.1" 200 98 "/category/electronics" "Mozilla/5.0 (compatible; MSIE 9.0; Windows NT 6.1; Trident/5.0)"
64.111.228.178 - - [17/Nov/2017:03:12:05 +0000] "GET /category/garden HTTP/1.1" 200 114 "-" "Mozilla/4.0 (compatible; MSIE 8.0; Windows NT 6.0; WOW64; Trident/4.0; GTB6; SLCC1; .NET CLR 2.0.50727; Media Center PC 5.0; .NET CLR 3.5.30729; .NET CLR 3.0.30618; .NET4.0C)"
128.123.38.119 - - [17/Nov/2017:03:12:10 +0000] "GET /category/cameras?from=0 HTTP/1.1" 200 139 "/item/jewelry/2479" "Mozilla/5.0 (Windows NT 5.1) AppleWebKit/535.11 (KHTML, like Gecko) Chrome/17.0.963.46 Safari/535.11"
148.108.60.129 - - [17/Nov/2017:03:12:15 +0000] "GET /category/office HTTP/1.1" 200 77 "-" "Mozilla/4.0 (compatible; MSIE 8.0; Windows NT 6.1; WOW64; Trident/4.0; YTB730; GTB7.2; SLCC2; .NET CLR 2.0.50727; .NET CLR 3.5.30729; .NET CLR 3.0.30729; .NET4.0C; .NET4.0E; Media Center PC 6.0)"
116.36.140.116 - - [17/Nov/2017:03:12:20 +0000] "GET /category/books?from=0 HTTP/1.1" 200 114 "/category/sports?from=20" "Mozilla/5.0 (Windows NT 6.0; rv:10.0.1) Gecko/20100101 Firefox/10.0.1"
24.216.171.77 - - [17/Nov/2017:03:12:25 +0000] "GET /category/office HTTP/1.1" 200 133 "/category/books" "Mozilla/5.0 (Macintosh; Intel Mac OS X 10.6; rv:9.0.1) Gecko/20100101 Firefox/9.0.1"
184.54.99.170 - - [17/Nov/2017:03:12:30 +0000] "GET /item/software/4657 HTTP/1.1" 200 136 "/search/?c=Software" "Mozilla/5.0 (compatible; Googlebot/2.1; +http://www.google.com/bot.html)"
196.36.158.223 - - [17/Nov/2017:03:12:35 +0000] "GET /category/electronics HTTP/1.1" 200 51 "-" "Mozilla/5.0 (Windows NT 6.0) AppleWebKit/535.11 (KHTML, like Gecko) Chrome/17.0.963.56 Safari/535.11"
84.168.145.91 - - [17/Nov/2017:03:12:40 +0000] "GET /item/cameras/3320 HTTP/1.1" 200 109 "/category/cameras" "Mozilla/5.0 (Macintosh; Intel Mac OS X 10.6; rv:9.0.1) Gecko/20100101 Firefox/9.0.1"
64.156.78.228 - - [17/Nov/2017:03:12:45 +0000] "GET /category/finance HTTP/1.1" 200 86 "-" "Mozilla/5.0 (Windows NT 6.1; WOW64) AppleWebKit/535.7 (KHTML, like Gecko) Chrome/16.0.912.77 Safari/535.7"
220.195.117.90 - - [17/Nov/2017:03:12:50 +0000] "GET /category/sports HTTP/1.1" 200 57 "/item/software/2343" "Mozilla/5.0 (Macintosh; Intel Mac OS X 10.6; rv:9.0.1) Gecko/20100101 Firefox/9.0.1"
100.195.21.152 - - [17/Nov/2017:03:12:55 +0000] "GET /item/garden/231 HTTP/1.1" 200 59 "/category/sports" "Mozilla/5.0 (Windows NT 6.1; WOW64) AppleWebKit/535.7 (KHTML, like Gecko) Chrome/16.0.912.77 Safari/535.7"
168.60.103.103 - - [17/Nov/2017:03:13:00 +0000] "GET /category/games HTTP/1.1" 200 115 "/category/games" "Mozilla/5.0 (Windows NT 6.0; rv:10.0.1) Gecko/20100101 Firefox/10.0.1"
20.60.125.37 - - [17/Nov/2017:03:13:05 +0000] "GET /category/electronics HTTP/1.1" 200 82 "-" "Mozilla/5.0 (Windows NT 6.1; WOW64) AppleWebKit/535.11 (KHTML, like Gecko) Chrome/17.0.963.56 Safari/535.11"
148.219.89.124 - - [17/Nov/2017:03:13:10 +0000] "GET /category/electronics HTTP/1.1" 200 113 "/item/electronics/1433" "Mozilla/5.0 (Windows NT 6.0; rv:10.0.1) Gecko/20100101 Firefox/10.0.1"
60.147.125.150 - - [17/Nov/2017:03:13:15 +0000] "GET /item/electronics/2653 HTTP/1.1" 200 139 "-" "Mozilla/5.0 (compatible; MSIE 9.0; Windows NT 6.1; WOW64; Trident/5.0)"
108.132.126.119 - - [17/Nov/2017:03:13:20 +0000] "GET /category/finance?from=20 HTTP/1.1" 200 122 "/category/software" "Mozilla/4.0 (compatible; MSIE 8.0; Windows NT 6.0; WOW64; Trident/4.0; GTB6; SLCC1; .NET CLR 2.0.50727; Media Center PC 5.0; .NET CLR 3.5.30729; .NET CLR 3.0.30618; .NET4.0C)"
100.171.120.84 - - [17/Nov/2017:03:13:25 +0000] "GET /category/software?from=0 HTTP/1.1" 200 66 "/search/?c=Software+Electronics" "Mozilla/5.0 (compatible; Googlebot/2.1; +http://www.google.com/bot.html)"
212.141.30.226 - - [17/Nov/2017:03:13:30 +0000] "GET /item/electronics/2868 HTTP/1.1" 200 41 "-" "Mozilla/5.0 (Windows NT 6.1; WOW64; rv:10.0.1) Gecko/20100101 Firefox/10.0.1"
224.69.88.152 - - [17/Nov/2017:03:13:35 +0000] "GET /category/electronics HTTP/1.1" 200 139 "-" "Mozilla/5.0 (Windows NT 6.1; WOW64) AppleWebKit/535.11 (KHTML, like Gecko) Chrome/17.0.963.56 Safari/535.11"
184.198.208.220 - - [17/Nov/2017:03:13:40 +0000] "GET /item/books/953 HTTP/1.1" 200 97 "/category/books" "Mozilla/5.0 (Windows NT 6.0; rv:10.0.1) Gecko/20100101 Firefox/10.0.1"
116.36.140.116 - - [17/Nov/2017:03:13:45 +0000] "GET /item/office/4637 HTTP/1.1" 200 70 "/search/?c=Books" "Mozilla/5.0 (Windows NT 6.0) AppleWebKit/535.11 (KHTML, like Gecko) Chrome/17.0.963.56 Safari/535.11"
108.78.86.154 - - [17/Nov/2017:03:13:50 +0000] "GET /category/electronics HTTP/1.1" 200 112 "-" "Mozilla/5.0 (compatible; MSIE 9.0; Windows NT 6.1; Trident/5.0)"
20.45.119.184 - - [17/Nov/2017:03:13:55 +0000] "GET /item/games/2694 HTTP/1.1" 200 90 "/category/games" "Mozilla/5.0 (Macintosh; Intel Mac OS X 10.6; rv:9.0.1) Gecko/20100101 Firefox/9.0.1"
136.225.199.202 - - [17/Nov/2017:03:14:00 +0000] "GET /item/books/4255 HTTP/1.1" 200 108 "/item/electronics/4005" "Mozilla/5.0 (iPhone; CPU iPhone OS 5_0_1 like Mac OS X) AppleWebKit/534.46 (KHTML, like Gecko) Version/5.1 Mobile/9A405 Safari/7534.48.3"
224.210.57.35 - - [17/Nov/2017:03:14:05 +0000] "GET /category/sports HTTP/1.1" 200 137 "/category/books" "Mozilla/5.0 (Windows NT 6.0; rv:10.0.1) Gecko/20100101 Firefox/10.0.1"
128.54.20.112 - - [17/Nov/2017:03:14:10 +0000] "GET /category/finance HTTP/1.1" 200 76 "http://www.google.com/search?ie=UTF-8&q=google&sclient=psy-ab&q=Finance&oq=Finance&aq=f&aqi=g-vL1&aql=&pbx=1&bav=on.2,or.r_gc.r_pw.r_qf.,cf.osb&biw=1041&bih=505" "Mozilla/4.0 (compatible; MSIE 8.0; Windows NT 6.1; WOW64; Trident/4.0; GTB7.2; SLCC2; .NET CLR 2.0.50727; .NET CLR 3.5.30729; .NET CLR 3.0.30729; Media Center PC 6.0; .NET4.0C)"
192.21.211.81 - - [17/Nov/2017:03:14:15 +0000] "GET /item/finance/1639 HTTP/1.1" 200 114 "/category/finance" "Mozilla/5.0 (Windows NT 6.0) AppleWebKit/535.11 (KHTML, like Gecko) Chrome/17.0.963.56 Safari/535.11"
132.66.131.85 - - [17/Nov/2017:03:14:20 +0000] "GET /category/giftcards HTTP/1.1" 200 55 "-" "Mozilla/5.0 (Windows NT 6.1; WOW64) AppleWebKit/535.7 (KHTML, like Gecko) Chrome/16.0.912.77 Safari/535.7"
120.93.127.152 - - [17/Nov/2017:03:14:25 +0000] "GET /category/books?from=0 HTTP/1.1" 200 103 "/search/?c=Books+Jewelry" "Mozilla/5.0 (compatible; MSIE 9.0; Windows NT 6.1; WOW64; Trident/5.0)"
92.180.180.225 - - [17/Nov/2017:03:14:30 +0000] "GET /category/electronics HTTP/1.1" 200 82 "/category/books" "Mozilla/5.0 (Windows NT 6.0) AppleWebKit/535.11 (KHTML, like Gecko) Chrome/17.0.963.56 Safari/535.11"
176.177.94.159 - - [17/Nov/2017:03:14:35 +0000] "GET /item/software/4933 HTTP/1.1" 200 52 "/category/office" "Mozilla/5.0 (Windows NT 6.1; WOW64) AppleWebKit/535.7 (KHTML, like Gecko) Chrome/16.0.912.77 Safari/535.7"
208.21.55.191 - - [17/Nov/2017:03:14:40 +0000] "GET /category/office HTTP/1.1" 200 100 "-" "Mozilla/5.0 (iPad; CPU OS 5_0_1 like Mac OS X) AppleWebKit/534.46 (KHTML, like Gecko) Version/5.1 Mobile/9A405 Safari/7534.48.3"
48.39.50.112 - - [17/Nov/2017:03:14:45 +0000] "GET /item/music/4699 HTTP/1.1" 200 48 "/category/finance" "Mozilla/5.0 (compatible; MSIE 9.0; Windows NT 6.1; WOW64; Trident/5.0)"
120.189.186.127 - - [17/Nov/2017:03:14:50 +0000] "GET /item/health/1862 HTTP/1.1" 200 89 "/search/?c=Health" "Mozilla/5.0 (Macintosh; Intel Mac OS X 10.6; rv:9.0.1) Gecko/20100101 Firefox/9.0.1"
160.198.155.53 - - [17/Nov/2017:03:14:55 +0000] "GET /item/games/4762 HTTP/1.1" 200 96 "http://www.google.com/search?ie=UTF-8&q=google&sclient=psy-ab&q=Games+Networking&oq=Games+Networking&aq=f&aqi=g-vL1&aql=&pbx=1&bav=on.2,or.r_gc.r_pw.r_qf.,cf.osb&biw=2501&bih=256" "Mozilla/5.0 (compatible; Googlebot/2.1; +http://www.google.com/bot.html)"
64.138.87.214 - - [17/Nov/2017:03:15:00 +0000] "GET /item/electronics/4629 HTTP/1.1" 200 83 "/category/electronics" "Mozilla/5.0 (Windows NT 6.1; WOW64) AppleWebKit/535.11 (KHTML, like Gecko) Chrome/17.0.963.56 Safari/535.11"
148.198.144.149 - - [17/Nov/2017:03:15:05 +0000] "GET /item/jewelry/4114 HTTP/1.1" 404 139 "/item/computers/4707" "Mozilla/5.0 (Windows NT 6.0; rv:10.0.1) Gecko/20100101 Firefox/10.0.1"
24.162.227.115 - - [17/Nov/2017:03:15:10 +0000] "GET /category/electronics HTTP/1.1" 200 113 "/item/books/1503" "Mozilla/5.0 (Windows NT 6.1; WOW64) AppleWebKit/535.11 (KHTML, like Gecko) Chrome/17.0.963.56 Safari/535.11"
100.21.56.172 - - [17/Nov/2017:03:15:15 +0000] "GET /item/electronics/4807 HTTP/1.1" 200 121 "-" "Mozilla/5.0 (compatible; MSIE 9.0; Windows NT 6.1; WOW64; Trident/5.0)"
200.144.113.93 - - [17/Nov/2017:03:15:20 +0000] "GET /category/giftcards HTTP/1.1" 200 83 "-" "Mozilla/5.0 (Windows NT 6.1; WOW64; rv:10.0.1) Gecko/20100101 Firefox/10.0.1"
72.96.123.40 - - [17/Nov/2017:03:15:25 +0000] "POST /search/?c=Books+Networking HTTP/1.1" 200 82 "/item/cameras/1442" "Mozilla/5.0 (Windows NT 6.0) AppleWebKit/535.11 (KHTML, like Gecko) Chrome/17.0.963.56 Safari/535.11"
152.63.117.36 - - [17/Nov/2017:03:15:30 +0000] "GET /category/health HTTP/1.1" 200 119 "-" "Mozilla/5.0 (Windows NT 6.1; WOW64) AppleWebKit/535.11 (KHTML, like Gecko) Chrome/17.0.963.56 Safari/535.11"
136.165.204.44 - - [17/Nov/2017:03:15:35 +0000] "GET /item/garden/1912 HTTP/1.1" 200 84 "/search/?c=Garden" "Mozilla/5.0 (Windows NT 6.0; rv:10.0.1) Gecko/20100101 Firefox/10.0.1"
148.99.211.139 - - [17/Nov/2017:03:15:40 +0000] "GET /category/jewelry HTTP/1.1" 200 95 "-" "Mozilla/5.0 (Windows NT 6.1; WOW64) AppleWebKit/535.7 (KHTML, like Gecko) Chrome/16.0.912.77 Safari/535.7"
60.30.169.122 - - [17/Nov/2017:03:15:45 +0000] "GET /item/electronics/266 HTTP/1.1" 200 95 "-" "Mozilla/4.0 (compatible; MSIE 8.0; Windows NT 6.1; WOW64; Trident/4.0; GTB7.2; SLCC2; .NET CLR 2.0.50727; .NET CLR 3.5.30729; .NET CLR 3.0.30729; Media Center PC 6.0; .NET4.0C)"
76.39.153.224 - - [17/Nov/2017:03:15:50 +0000] "GET /item/music/1695 HTTP/1.1" 200 97 "-" "Mozilla/4.0 (compatible; MSIE 8.0; Windows NT 6.1; WOW64; Trident/4.0; GTB7.2; SLCC2; .NET CLR 2.0.50727; .NET CLR 3.5.30729; .NET CLR 3.0.30729; Media Center PC 6.0; .NET4.0C)"
24.48.22.162 - - [17/Nov/2017:03:15:55 +0000] "GET /item/software/2487 HTTP/1.1" 200 51 "-" "Mozilla/5.0 (compatible; MSIE 9.0; Windows NT 6.1; WOW64; Trident/5.0)"
76.168.181.34 - - [17/Nov/2017:03:16:00 +0000] "GET /category/electronics HTTP/1.1" 200 68 "http://www.google.com/search?ie=UTF-8&q=google&sclient=psy-ab&q=Electronics+Jewelry&oq=Electronics+Jewelry&aq=f&aqi=g-vL1&aql=&pbx=1&bav=on.2,or.r_gc.r_pw.r_qf.,cf.osb&biw=1592&bih=492" "Mozilla/5.0 (Windows NT 5.1) AppleWebKit/535.11 (KHTML, like Gecko) Chrome/17.0.963.46 Safari/535.11"
136.222.62.176 - - [17/Nov/2017:03:16:05 +0000] "GET /item/software/530 HTTP/1.1" 200 126 "-" "Mozilla/5.0 (Windows NT 6.0; rv:10.0.1) Gecko/20100101 Firefox/10.0.1"
24.138.192.196 - - [17/Nov/2017:03:16:10 +0000] "GET /category/sports HTTP/1.1" 200 72 "-" "Mozilla/5.0 (Windows NT 6.1; WOW64; rv:10.0.1) Gecko/20100101 Firefox/10.0.1"
156.198.60.199 - - [17/Nov/2017:03:16:15 +0000] "GET /category/electronics HTTP/1.1" 200 128 "/category/office" "Mozilla/4.0 (compatible; MSIE 8.0; Windows NT 6.1; WOW64; Trident/4.0; YTB730; GTB7.2; SLCC2; .NET CLR 2.0.50727; .NET CLR 3.5.30729; .NET CLR 3.0.30729; .NET4.0C; .NET4.0E; Media Center PC 6.0)"
96.90.32.31 - - [17/Nov/2017:03:16:20 +0000] "GET /item/giftcards/3907 HTTP/1.1" 200 93 "/category/books" "Mozilla/5.0 (Windows NT 5.1) AppleWebKit/535.11 (KHTML, like Gecko) Chrome/17.0.963.46 Safari/535.11"
216.177.75.217 - - [17/Nov/2017:03:16:25 +0000] "GET /item/sports/4528 HTTP/1.1" 200 43 "/search/?c=Sports+Electronics" "Mozilla/5.0 (Macintosh; Intel Mac OS X 10.6; rv:9.0.1) Gecko/20100101 Firefox/9.0.1"
60.126.127.74 - - [17/Nov/2017:03:16:30 +0000] "GET /category/networking HTTP/1.1" 200 65 "-" "Mozilla/5.0 (Windows NT 6.1; WOW64) AppleWebKit/535.11 (KHTML, like Gecko) Chrome/17.0.963.56 Safari/535.11"
188.111.114.167 - - [17/Nov/2017:03:16:35 +0000] "GET /item/electronics/1344 HTTP/1.1" 200 61 "/search/?c=Electronics+Office" "Mozilla/5.0 (compatible; Googlebot/2.1; +http://www.google.com/bot.html)"
184.45.158.136 - - [17/Nov/2017:03:16:40 +0000] "GET /item/electronics/4005 HTTP/1.1" 200 107 "/category/electronics" "Mozilla/5.0 (Windows NT 6.1; WOW64; rv:10.0.1) Gecko/20100101 Firefox/10.0.1"
216.84.184.134 - - [17/Nov/2017:03:16:45 +0000] "GET /item/games/526 HTTP/1.1" 200 104 "/category/jewelry" "Mozilla/5.0 (iPad; CPU OS 5_0_1 like Mac OS X) AppleWebKit/534.46 (KHTML, like Gecko) Version/5.1 Mobile/9A405 Safari/7534.48.3"
172.225.223.37 - - [17/Nov/2017:03:16:50 +0000] "GET /category/games HTTP/1.1" 200 89 "-" "Mozilla/4.0 (compatible; MSIE 8.0; Windows NT 6.1; WOW64; Trident/4.0; YTB730; GTB7.2; EasyBits GO v1.0; SLCC2; .NET CLR 2.0.50727; .NET CLR 3.5.30729; .NET CLR 3.0.30729; Media Center PC 6.0; .NET4.0C)"
148.27.172.38 - - [17/Nov/2017:03:16:55 +0000] "POST /search/?c=Health HTTP/1.1" 200 105 "/item/computers/3622" "Mozilla/5.0 (compatible; MSIE 9.0; Windows NT 6.1; WOW64; Trident/5.0)"
136.27.27.51 - - [17/Nov/2017:03:17:00 +0000] "GET /category/finance HTTP/1.1" 200 71 "/search/?c=Office+Office" "Mozilla/5.0 (iPad; CPU OS 5_0_1 like Mac OS X) AppleWebKit/534.46 (KHTML, like Gecko) Version/5.1 Mobile/9A405 Safari/7534.48.3"
112.186.182.189 - - [17/Nov/2017:03:17:05 +0000] "GET /category/software HTTP/1.1" 200 83 "/category/health" "Mozilla/5.0 (iPad; CPU OS 5_0_1 like Mac OS X) AppleWebKit/534.46 (KHTML, like Gecko) Version/5.1 Mobile/9A405 Safari/7534.48.3"
72.138.197.227 - - [17/Nov/2017:03:17:10 +0000] "POST /search/?c=Electronics+Garden HTTP/1.1" 200 139 "-" "Mozilla/5.0 (compatible; Googlebot/2.1; +http://www.google.com/bot.html)"
188.171.194.118 - - [17/Nov/2017:03:17:15 +0000] "GET /item/electronics/2451 HTTP/1.1" 200 108 "/category/electronics" "Mozilla/4.0 (compatible; MSIE 8.0; Windows NT 6.1; WOW64; Trident/4.0; YTB730; GTB7.2; SLCC2; .NET CLR 2.0.50727; .NET CLR 3.5.30729; .NET CLR 3.0.30729; .NET4.0C; .NET4.0E; Media Center PC 6.0)"
76.93.187.155 - - [17/Nov/2017:03:17:20 +0000] "GET /item/electronics/2104 HTTP/1.1" 200 59 "/item/games/1547" "Mozilla/5.0 (Windows NT 6.1; WOW64) AppleWebKit/535.7 (KHTML, like Gecko) Chrome/16.0.912.77 Safari/535.7"
104.30.165.166 - - [17/Nov/2017:03:17:25 +0000] "GET /item/electronics/2426 HTTP/1.1" 200 91 "-" "Mozilla/5.0 (Macintosh; Intel Mac OS X 10.6; rv:9.0.1) Gecko/20100101 Firefox/9.0.1"
136.81.21.202 - - [17/Nov/2017:03:17:30 +0000] "GET /category/books HTTP/1.1" 200 74 "/item/books/335" "Mozilla/5.0 (compatible; Googlebot/2.1; +http://www.google.com/bot.html)"
188.138.65.208 - - [17/Nov/2017:03:17:35 +0000] "GET /item/electronics/2001 HTTP/1.1" 200 90 "/item/electronics/3574" "Mozilla/4.0 (compatible; MSIE 8.0; Windows NT 5.1; Trident/4.0; YTB720; GTB7.2; .NET CLR 1.1.4322; .NET CLR 2.0.50727; .NET CLR 3.0.4506.2152; .NET CLR 3.5.30729)"
156.198.60.199 - - [17/Nov/2017:03:17:40 +0000] "GET /category/electronics HTTP/1.1" 200 79 "-" "Mozilla/5.0 (compatible; MSIE 9.0; Windows NT 6.1; WOW64; Trident/5.0)"
56.186.73.100 - - [17/Nov/2017:03:17:45 +0000] "GET /category/health HTTP/1.1" 200 120 "/item/office/4792" "Mozilla/5.0 (Windows NT 6.1; WOW64) AppleWebKit/535.7 (KHTML, like Gecko) Chrome/16.0.912.77 Safari/535.7"
152.63.117.36 - - [17/Nov/2017:03:17:50 +0000] "GET /category/sports HTTP/1.1" 200 57 "-" "Mozilla/5.0 (Windows NT 6.1; WOW64; rv:10.0.1) Gecko/20100101 Firefox/10.0.1"
136.108.176.209 - - [17/Nov/2017:03:17:55 +0000] "GET /category/toys HTTP/1.1" 200 126 "/item/games/152" "Mozilla/5.0 (Windows NT 6.1; WOW64) AppleWebKit/535.11 (KHTML, like Gecko) Chrome/17.0.963.56 Safari/535.11"
88.141.158.50 - - [17/Nov/2017:03:18:00 +0000] "GET /item/jewelry/2479 HTTP/1.1" 200 126 "/category/garden?from=20" "Mozilla/4.0 (compatible; MSIE 8.0; Windows NT 6.1; WOW64; Trident/4.0; GTB7.2; SLCC2; .NET CLR 2.0.50727; .NET CLR 3.5.30729; .NET CLR 3.0.30729; Media Center PC 6.0; .NET4.0C)"
192.198.24.209 - - [17/Nov/2017:03:18:05 +0000] "GET /item/software/2487 HTTP/1.1" 200 51 "/search/?c=Software+Electronics" "Mozilla/5.0 (Windows NT 6.0) AppleWebKit/535.11 (KHTML, like Gecko) Chrome/17.0.963.56 Safari/535.11"
212.204.212.109 - - [17/Nov/2017:03:18:10 +0000] "GET /category/cameras HTTP/1.1" 200 77 "-" "Mozilla/4.0 (compatible; MSIE 8.0; Windows NT 6.1; WOW64; Trident/4.0; YTB730; GTB7.2; SLCC2; .NET CLR 2.0.50727; .NET CLR 3.5.30729; .NET CLR 3.0.30729; .NET4.0C; .NET4.0E; Media Center PC 6.0)"
52.192.158.142 - - [17/Nov/2017:03:18:15 +0000] "GET /category/computers HTTP/1.1" 200 127 "/category/software" "Mozilla/5.0 (Windows NT 6.0) AppleWebKit/535.11 (KHTML, like Gecko) Chrome/17.0.963.56 Safari/535.11"
196.57.59.219 - - [17/Nov/2017:03:18:20 +0000] "GET /item/computers/1158 HTTP/1.1" 200 122 "-" "Mozilla/4.0 (compatible; MSIE 8.0; Windows NT 6.0; WOW64; Trident/4.0; GTB6; SLCC1; .NET CLR 2.0.50727; Media Center PC 5.0; .NET CLR 3.5.30729; .NET CLR 3.0.30618; .NET4.0C)"
212.219.212.37 - - [17/Nov/2017:03:18:25 +0000] "GET /category/games HTTP/1.1" 200 96 "/category/finance?from=0" "Mozilla/5.0 (compatible; Googlebot/2.1; +http://www.google.com/bot.html)"
224.189.104.73 - - [17/Nov/2017:03:18:30 +0000] "GET /category/games HTTP/1.1" 200 42 "-" "Mozilla/5.0 (Windows NT 6.0; rv:10.0.1) Gecko/20100101 Firefox/10.0.1"
216.111.181.162 - - [17/Nov/2017:03:18:35 +0000] "GET /item/games/3422 HTTP/1.1" 200 88 "/item/jewelry/2821" "Mozilla/5.0 (compatible; MSIE 9.0; Windows NT 6.1; WOW64; Trident/5.0)"
116.123.101.195 - - [17/Nov/2017:03:18:40 +0000] "GET /item/garden/4271 HTTP/1.1" 200 127 "/search/?c=Garden+Finance" "Mozilla/4.0 (compatible; MSIE 8.0; Windows NT 6.1; WOW64; Trident/4.0; YTB730; GTB7.2; SLCC2; .NET CLR 2.0.50727; .NET CLR 3.5.30729; .NET CLR 3.0.30729; .NET4.0C; .NET4.0E; Media Center PC 6.0)"
148.60.198.141 - - [17/Nov/2017:03:18:45 +0000] "GET /category/electronics HTTP/1.1" 200 47 "-" "Mozilla/5.0 (compatible; MSIE 9.0; Windows NT 6.1; WOW64; Trident/5.0)"
44.57.212.87 - - [17/Nov/2017:03:18:50 +0000] "GET /category/games HTTP/1.1" 200 88 "-" "Mozilla/4.0 (compatible; MSIE 8.0; Windows NT 5.1; Trident/4.0; BTRS122159; GTB7.2; .NET CLR 1.1.4322; .NET CLR 2.0.50727; .NET CLR 3.0.04506.30; .NET CLR 3.0.4506.2152; .NET CLR 3.5.30729; BRI/2)"
68.207.95.201 - - [17/Nov/2017:03:18:55 +0000] "GET /category/software HTTP/1.1" 200 51 "-" "Mozilla/5.0 (Windows NT 6.0; rv:10.0.1) Gecko/20100101 Firefox/10.0.1"
136.72.86.184 - - [17/Nov/2017:03:19:00 +0000] "GET /category/networking HTTP/1.1" 200 46 "/item/books/3977" "Mozilla/5.0 (Windows NT 6.0; rv:10.0.1) Gecko/20100101 Firefox/10.0.1"
60.117.58.163 - - [17/Nov/2017:03:19:05 +0000] "GET /category/jewelry HTTP/1.1" 200 40 "-" "Mozilla/4.0 (compatible; MSIE 8.0; Windows NT 6.0; WOW64; Trident/4.0; GTB6; SLCC1; .NET CLR 2.0.50727; Media Center PC 5.0; .NET CLR 3.5.30729; .NET CLR 3.0.30618; .NET4.0C)"
88.99.48.102 - - [17/Nov/2017:03:19:10 +0000] "GET /item/finance/3737 HTTP/1.1" 200 127 "/search/?c=Finance" "Mozilla/5.0 (Macintosh; Intel Mac OS X 10.6; rv:9.0.1) Gecko/20100101 Firefox/9.0.1"
204.213.121.181 - - [17/Nov/2017:03:19:15 +0000] "GET /category/jewelry HTTP/1.1" 200 40 "/category/electronics" "Mozilla/5.0 (Windows NT 6.0) AppleWebKit/535.11 (KHTML, like Gecko) Chrome/17.0.963.56 Safari/535.11"
32.99.62.111 - - [17/Nov/2017:03:19:20 +0000] "POST /search/?c=Music+Sports HTTP/1.1" 200 126 "-" "Mozilla/5.0 (Windows NT 6.1; WOW64) AppleWebKit/535.11 (KHTML, like Gecko) Chrome/17.0.963.56 Safari/535.11"
224.27.47.136 - - [17/Nov/2017:03:19:25 +0000] "GET /category/health HTTP/1.1" 200 94 "-" "Mozilla/4.0 (compatible; MSIE 8.0; Windows NT 6.1; WOW64; Trident/4.0; GTB7.2; SLCC2; .NET CLR 2.0.50727; .NET CLR 3.5.30729; .NET CLR 3.0.30729; Media Center PC 6.0; .NET4.0C)"
164.63.56.171 - - [17/Nov/2017:03:19:30 +0000] "GET /item/music/1760 HTTP/1.1" 200 112 "/category/electronics" "Mozilla/4.0 (compatible; MSIE 8.0; Windows NT 5.1; Trident/4.0; YTB720; GTB7.2; .NET CLR 1.1.4322; .NET CLR 2.0.50727; .NET CLR 3.0.4506.2152; .NET CLR 3.5.30729)"
44.57.212.87 - - [17/Nov/2017:03:19:35 +0000] "GET /category/finance HTTP/1.1" 200 55 "-" "Mozilla/4.0 (compatible; MSIE 8.0; Windows NT 5.1; Trident/4.0; YTB720; GTB7.2; .NET CLR 1.1.4322; .NET CLR 2.0.50727; .NET CLR 3.0.4506.2152; .NET CLR 3.5.30729)"
64.207.189.196 - - [17/Nov/2017:03:19:40 +0000] "GET /category/sports HTTP/1.1" 200 57 "http://www.google.com/search?ie=UTF-8&q=google&sclient=psy-ab&q=Sports+Electronics&oq=Sports+Electronics&aq=f&aqi=g-vL1&aql=&pbx=1&bav=on.2,or.r_gc.r_pw.r_qf.,cf.osb&biw=3728&bih=15" "Mozilla/5.0 (compatible; MSIE 9.0; Windows NT 6.1; Trident/5.0)"
28.129.53.32 - - [17/Nov/2017:03:19:45 +0000] "GET /item/software/3887 HTTP/1.1" 200 100 "/item/books/4062" "Mozilla/5.0 (Windows NT 6.1; WOW64) AppleWebKit/535.11 (KHTML, like Gecko) Chrome/17.0.963.56 Safari/535.11"
212.60.196.21 - - [17/Nov/2017:03:19:50 +0000] "GET /category/garden HTTP/1.1" 200 78 "/category/games" "Mozilla/5.0 (Macintosh; Intel Mac OS X 10.6; rv:9.0.1) Gecko/20100101 Firefox/9.0.1"
136.180.163.90 - - [17/Nov/2017:03:19:55 +0000] "GET /category/games HTTP/1.1" 200 83 "-" "Mozilla/4.0 (compatible; MSIE 8.0; Windows NT 5.1; Trident/4.0; YTB720; GTB7.2; .NET CLR 1.1.4322; .NET CLR 2.0.50727; .NET CLR 3.0.4506.2152; .NET CLR 3.5.30729)"
156.51.157.126 - - [17/Nov/2017:03:20:00 +0000] "GET /item/electronics/3940 HTTP/1.1" 200 139 "/category/software" "Mozilla/4.0 (compatible; MSIE 8.0; Windows NT 6.0; WOW64; Trident/4.0; GTB6; SLCC1; .NET CLR 2.0.50727; Media Center PC 5.0; .NET CLR 3.5.30729; .NET CLR 3.0.30618; .NET4.0C)"
204.225.98.113 - - [17/Nov/2017:03:20:05 +0000] "GET /category/games HTTP/1.1" 200 57 "-" "Mozilla/5.0 (Windows NT 6.1; WOW64) AppleWebKit/535.11 (KHTML, like Gecko) Chrome/17.0.963.56 Safari/535.11"
144.216.152.78 - - [17/Nov/2017:03:20:10 +0000] "GET /item/networking/2266 HTTP/1.1" 404 75 "/category/electronics?from=10" "Mozilla/5.0 (compatible; MSIE 9.0; Windows NT 6.1; WOW64; Trident/5.0)"
172.51.88.88 - - [17/Nov/2017:03:20:15 +0000] "GET /category/finance HTTP/1.1" 200 132 "/item/toys/3180" "Mozilla/4.0 (compatible; MSIE 8.0; Windows NT 5.1; Trident/4.0; YTB720; GTB7.2; .NET CLR 1.1.4322; .NET CLR 2.0.50727; .NET CLR 3.0.4506.2152; .NET CLR 3.5.30729)"
196.96.50.86 - - [17/Nov/2017:03:20:20 +0000] "GET /category/finance?from=20 HTTP/1.1" 200 116 "/category/toys" "Mozilla/5.0 (Windows NT 6.0) AppleWebKit/535.11 (KHTML, like Gecko) Chrome/17.0.963.56 Safari/535.11"
48.54.101.46 - - [17/Nov/2017:03:20:25 +0000] "GET /category/books?from=10 HTTP/1.1" 200 89 "/search/?c=Books+Giftcards" "Mozilla/5.0 (Windows NT 6.0; rv:10.0.1) Gecko/20100101 Firefox/10.0.1"
196.189.27.51 - - [17/Nov/2017:03:20:30 +0000] "GET /category/giftcards HTTP/1.1" 200 126 "/category/books" "Mozilla/4.0 (compatible; MSIE 8.0; Windows NT 6.1; WOW64; Trident/4.0; YTB730; GTB7.2; EasyBits GO v1.0; SLCC2; .NET CLR 2.0.50727; .NET CLR 3.5.30729; .NET CLR 3.0.30729; Media Center PC 6.0; .NET4.0C)"
188.177.87.130 - - [17/Nov/2017:03:20:35 +0000] "GET /item/software/1323 HTTP/1.1" 200 74 "/category/finance?from=10" "Mozilla/5.0 (Windows NT 6.1; WOW64) AppleWebKit/535.7 (KHTML, like Gecko) Chrome/16.0.912.77 Safari/535.7"
144.162.184.30 - - [17/Nov/2017:03:20:40 +0000] "GET /category/electronics HTTP/1.1" 200 84 "/category/networking?from=10" "Mozilla/5.0 (Windows NT 5.1) AppleWebKit/535.11 (KHTML, like Gecko) Chrome/17.0.963.46 Safari/535.11"
216.159.84.36 - - [17/Nov/2017:03:20:45 +0000] "GET /item/health/4912 HTTP/1.1" 200 105 "/category/games" "Mozilla/4.0 (compatible; MSIE 8.0; Windows NT 6.1; Trident/4.0; YTB730; SLCC2; .NET CLR 2.0.50727; .NET CLR 3.5.30729; .NET CLR 3.0.30729; Media Center PC 6.0; .NET4.0C)"
124.222.42.225 - - [17/Nov/2017:03:20:50 +0000] "GET /category/cameras HTTP/1.1" 200 127 "/search/?c=Garden" "Mozilla/5.0 (Macintosh; Intel Mac OS X 10.6; rv:9.0.1) Gecko/20100101 Firefox/9.0.1"
84.189.135.46 - - [17/Nov/2017:03:20:55 +0000] "GET /item/software/155 HTTP/1.1" 200 61 "-" "Mozilla/4.0 (compatible; MSIE 8.0; Windows NT 6.1; WOW64; Trident/4.0; GTB7.2; SLCC2; .NET CLR 2.0.50727; .NET CLR 3.5.30729; .NET CLR 3.0.30729; Media Center PC 6.0; .NET4.0C)"
52.219.45.68 - - [17/Nov/2017:03:21:00 +0000] "GET /category/software HTTP/1.1" 200 131 "-" "Mozilla/5.0 (Windows NT 6.0) AppleWebKit/535.11 (KHTML, like Gecko) Chrome/17.0.963.56 Safari/535.11"
200.186.57.64 - - [17/Nov/2017:03:21:05 +0000] "GET /category/electronics HTTP/1.1" 200 115 "-" "Mozilla/5.0 (iPhone; CPU iPhone OS 5_0_1 like Mac OS X) AppleWebKit/534.46 (KHTML, like Gecko) Version/5.1 Mobile/9A405 Safari/7534.48.3"
80.69.198.127 - - [17/Nov/2017:03:21:10 +0000] "GET /item/finance/4075 HTTP/1.1" 200 77 "/category/electronics?from=20" "Mozilla/5.0 (Windows NT 6.0) AppleWebKit/535.11 (KHTML, like Gecko) Chrome/17.0.963.56 Safari/535.11"
188.54.62.28 - - [17/Nov/2017:03:21:15 +0000] "GET /item/electronics/4574 HTTP/1.1" 200 98 "/item/software/3887" "Mozilla/5.0 (Windows NT 6.0) AppleWebKit/535.11 (KHTML, like Gecko) Chrome/17.0.963.56 Safari/535.11"
80.186.195.122 - - [17/Nov/2017:03:21:20 +0000] "GET /category/electronics HTTP/1.1" 200 64 "/category/electronics" "Mozilla/5.0 (Windows NT 6.1; WOW64) AppleWebKit/535.11 (KHTML, like Gecko) Chrome/17.0.963.56 Safari/535.11"
128.213.146.74 - - [17/Nov/2017:03:21:25 +0000] "GET /category/books HTTP/1.1" 200 41 "-" "Mozilla/4.0 (compatible; MSIE 8.0; Windows NT 5.1; Trident/4.0; YTB720; GTB7.2; .NET CLR 1.1.4322; .NET CLR 2.0.50727; .NET CLR 3.0.4506.2152; .NET CLR 3.5.30729)"
116.63.29.208 - - [17/Nov/2017:03:21:30 +0000] "GET /item/sports/4622 HTTP/1.1" 200 109 "http://www.google.com/search?ie=UTF-8&q=google&sclient=psy-ab&q=Sports+Electronics&oq=Sports+Electronics&aq=f&aqi=g-vL1&aql=&pbx=1&bav=on.2,or.r_gc.r_pw.r_qf.,cf.osb&biw=4434&bih=178" "Mozilla/5.0 (iPad; CPU OS 5_0_1 like Mac OS X) AppleWebKit/534.46 (KHTML, like Gecko) Version/5.1 Mobile/9A405 Safari/7534.48.3"
128.54.131.218 - - [17/Nov/2017:03:21:35 +0000] "GET /item/toys/2543 HTTP/1.1" 200 73 "-" "Mozilla/5.0 (Windows NT 6.0; rv:10.0.1) Gecko/20100101 Firefox/10.0.1"
52.159.188.199 - - [17/Nov/2017:03:21:40 +0000] "GET /category/electronics HTTP/1.1" 200 107 "-" "Mozilla/5.0 (compatible; MSIE 9.0; Windows NT 6.1; WOW64; Trident/5.0)"
184.27.50.181 - - [17/Nov/2017:03:21:45 +0000] "GET /category/electronics HTTP/1.1" 200 50 "/item/books/4067" "Mozilla/5.0 (Macintosh; Intel Mac OS X 10.6; rv:9.0.1) Gecko/20100101 Firefox/9.0.1"
208.30.147.227 - - [17/Nov/2017:03:21:50 +0000] "GET /category/garden HTTP/1.1" 200 86 "/category/books" "Mozilla/5.0 (compatible; MSIE 9.0; Windows NT 6.1; WOW64; Trident/5.0)"
44.39.69.128 - - [17/Nov/2017:03:21:55 +0000] "GET /category/electronics?from=0 HTTP/1.1" 200 102 "/category/games" "Mozilla/5.0 (Macintosh; Intel Mac OS X 10.6; rv:9.0.1) Gecko/20100101 Firefox/9.0.1"
136.222.62.176 - - [17/Nov/2017:03:22:00 +0000] "GET /item/games/4058 HTTP/1.1" 200 94 "/item/sports/1884" "Mozilla/4.0 (compatible; MSIE 8.0; Windows NT 6.1; WOW64; Trident/4.0; GTB7.2; SLCC2; .NET CLR 2.0.50727; .NET CLR 3.5.30729; .NET CLR 3.0.30729; Media Center PC 6.0; .NET4.0C)"
168.183.144.126 - - [17/Nov/2017:03:22:05 +0000] "GET /category/jewelry HTTP/1.1" 200 116 "/item/jewelry/428" "Mozilla/5.0 (compatible; Googlebot/2.1; +http://www.google.com/bot.html)"
48.222.150.132 - - [17/Nov/2017:03:22:10 +0000] "GET /category/software HTTP/1.1" 200 63 "/category/software?from=0" "Mozilla/5.0 (Windows NT 6.0; rv:10.0.1) Gecko/20100101 Firefox/10.0.1"
128.213.146.74 - - [17/Nov/2017:03:22:15 +0000] "GET /item/software/2109 HTTP/1.1" 200 107 "-" "Mozilla/5.0 (compatible; MSIE 9.0; Windows NT 6.1; WOW64; Trident/5.0)"
68.33.56.24 - - [17/Nov/2017:03:22:20 +0000] "GET /category/jewelry HTTP/1.1" 200 138 "/item/games/4108" "Mozilla/5.0 (iPhone; CPU iPhone OS 5_0_1 like Mac OS X) AppleWebKit/534.46 (KHTML, like Gecko) Version/5.1 Mobile/9A405 Safari/7534.48.3"
72.153.193.186 - - [17/Nov/2017:03:22:25 +0000] "GET /category/electronics HTTP/1.1" 200 110 "-" "Mozilla/4.0 (compatible; MSIE 8.0; Windows NT 6.1; WOW64; Trident/4.0; YTB730; GTB7.2; EasyBits GO v1.0; SLCC2; .NET CLR 2.0.50727; .NET CLR 3.5.30729; .NET CLR 3.0.30729; Media Center PC 6.0; .NET4.0C)"
84.108.138.186 - - [17/Nov/2017:03:22:30 +0000] "POST /search/?c=Toys+Toys HTTP/1.1" 200 102 "-" "Mozilla/5.0 (compatible; MSIE 9.0; Windows NT 6.1; WOW64; Trident/5.0)"
24.225.171.131 - - [17/Nov/2017:03:22:35 +0000] "GET /category/giftcards HTTP/1.1" 200 93 "-" "Mozilla/4.0 (compatible; MSIE 8.0; Windows NT 6.1; Trident/4.0; YTB730; SLCC2; .NET CLR 2.0.50727; .NET CLR 3.5.30729; .NET CLR 3.0.30729; Media Center PC 6.0; .NET4.0C)"
212.210.55.128 - - [17/Nov/2017:03:22:40 +0000] "GET /item/computers/4448 HTTP/1.1" 200 100 "/search/?c=Computers" "Mozilla/5.0 (compatible; MSIE 9.0; Windows NT 6.1; Trident/5.0)"
24.156.218.186 - - [17/Nov/2017:03:22:45 +0000] "GET /item/software/4933 HTTP/1.1" 200 52 "/category/software" "Mozilla/5.0 (iPad; CPU OS 5_0_1 like Mac OS X) AppleWebKit/534.46 (KHTML, like Gecko) Version/5.1 Mobile/9A405 Safari/7534.48.3"
164.186.39.214 - - [17/Nov/2017:03:22:50 +0000] "GET /category/computers?from=0 HTTP/1.1" 200 85 "-" "Mozilla/5.0 (Windows NT 6.1; WOW64) AppleWebKit/535.11 (KHTML, like Gecko) Chrome/17.0.963.56 Safari/535.11"
64.132.229.177 - - [17/Nov/2017:03:22:55 +0000] "GET /category/networking HTTP/1.1" 200 83 "/category/books" "Mozilla/5.0 (Windows NT 6.1; WOW64) AppleWebKit/535.11 (KHTML, like Gecko) Chrome/17.0.963.56 Safari/535.11"
120.189.102.122 - - [17/Nov/2017:03:23:00 +0000] "POST /search/?c=Electronics HTTP/1.1" 200 73 "-" "Mozilla/4.0 (compatible; MSIE 8.0; Windows NT 6.1; WOW64; Trident/4.0; YTB730; GTB7.2; SLCC2; .NET CLR 2.0.50727; .NET CLR 3.5.30729; .NET CLR 3.0.30729; .NET4.0C; .NET4.0E; Media Center PC 6.0)"
88.51.112.169 - - [17/Nov/2017:03:23:05 +0000] "GET /category/office HTTP/1.1" 200 42 "/search/?c=Software" "Mozilla/5.0 (Windows NT 6.0; rv:10.0.1) Gecko/20100101 Firefox/10.0.1"
224.186.203.56 - - [17/Nov/2017:03:23:10 +0000] "GET /category/cameras HTTP/1.1" 200 55 "http://www.google.com/search?ie=UTF-8&q=google&sclient=psy-ab&q=Cameras&oq=Cameras&aq=f&aqi=g-vL1&aql=&pbx=1&bav=on.2,or.r_gc.r_pw.r_qf.,cf.osb&biw=4944&bih=271" "Mozilla/5.0 (Macintosh; Intel Mac OS X 10.6; rv:9.0.1) Gecko/20100101 Firefox/9.0.1"
104.69.39.75 - - [17/Nov/2017:03:23:15 +0000] "GET /item/finance/1207 HTTP/1.1" 200 57 "/category/office" "Mozilla/5.0 (Windows NT 6.1; WOW64) AppleWebKit/535.11 (KHTML, like Gecko) Chrome/17.0.963.56 Safari/535.11"
196.36.158.223 - - [17/Nov/2017:03:23:20 +0000] "GET /item/books/3156 HTTP/1.1" 200 102 "/category/sports" "Mozilla/5.0 (Windows NT 6.1; WOW64) AppleWebKit/535.11 (KHTML, like Gecko) Chrome/17.0.963.56 Safari/535.11"
116.222.179.198 - - [17/Nov/2017:03:23:25 +0000] "GET /item/games/905 HTTP/1.1" 200 55 "/category/games" "Mozilla/5.0 (Windows NT 5.1) AppleWebKit/535.11 (KHTML, like Gecko) Chrome/17.0.963.46 Safari/535.11"
72.216.215.73 - - [17/Nov/2017:03:23:30 +0000] "GET /item/music/1695 HTTP/1.1" 200 97 "/search/?c=Music+Electronics" "Mozilla/4.0 (compatible; MSIE 8.0; Windows NT 6.1; Trident/4.0; YTB730; SLCC2; .NET CLR 2.0.50727; .NET CLR 3.5.30729; .NET CLR 3.0.30729; Media Center PC 6.0; .NET4.0C)"
144.21.111.211 - - [17/Nov/2017:03:23:35 +0000] "GET /item/garden/4383 HTTP/1.1" 200 95 "-" "Mozilla/4.0 (compatible; MSIE 8.0; Windows NT 6.1; WOW64; Trident/4.0; GTB7.2; SLCC2; .NET CLR 2.0.50727; .NET CLR 3.5.30729; .NET CLR 3.0.30729; Media Center PC 6.0; .NET4.0C)"
100.93.35.154 - - [17/Nov/2017:03:23:40 +0000] "GET /category/office HTTP/1.1" 200 46 "/item/toys/2937" "Mozilla/5.0 (Windows NT 6.0; rv:10.0.1) Gecko/20100101 Firefox/10.0.1"
148.18.219.25 - - [17/Nov/2017:03:23:45 +0000] "GET /category/software HTTP/1.1" 200 116 "http://www.google.com/search?ie=UTF-8&q=google&sclient=psy-ab&q=Software+Computers&oq=Software+Computers&aq=f&aqi=g-vL1&aql=&pbx=1&bav=on.2,or.r_gc.r_pw.r_qf.,cf.osb&biw=4969&bih=212" "Mozilla/5.0 (Windows NT 6.0; rv:10.0.1) Gecko/20100101 Firefox/10.0.1"
112.33.59.25 - - [17/Nov/2017:03:23:50 +0000] "GET /category/jewelry HTTP/1.1" 200 116 "/item/cameras/1442" "Mozilla/5.0 (Windows NT 6.0) AppleWebKit/535.11 (KHTML, like Gecko) Chrome/17.0.963.56 Safari/535.11"
100.69.57.39 - - [17/Nov/2017:03:23:55 +0000] "GET /category/books HTTP/1.1" 200 139 "/category/giftcards" "Mozilla/5.0 (Windows NT 6.0; rv:10.0.1) Gecko/20100101 Firefox/10.0.1"
216.111.41.52 - - [17/Nov/2017:03:24:00 +0000] "POST /search/?c=Software+Electronics HTTP/1.1" 200 97 "-" "Mozilla/4.0 (compatible; MSIE 8.0; Windows NT 5.1; Trident/4.0; BTRS122159; GTB7.2; .NET CLR 1.1.4322; .NET CLR 2.0.50727; .NET CLR 3.0.04506.30; .NET CLR 3.0.4506.2152; .NET CLR 3.5.30729; BRI/2)"
192.213.228.212 - - [17/Nov/2017:03:24:05 +0000] "GET /category/electronics HTTP/1.1" 200 91 "/category/garden" "Mozilla/5.0 (Windows NT 6.0) AppleWebKit/535.11 (KHTML, like Gecko) Chrome/17.0.963.56 Safari/535.11"
40.141.85.63 - - [17/Nov/2017:03:24:10 +0000] "GET /item/garden/4383 HTTP/1.1" 200 95 "/search/?c=Garden" "Mozilla/5.0 (Windows NT 5.1) AppleWebKit/535.11 (KHTML, like Gecko) Chrome/17.0.963.46 Safari/535.11"
72.87.167.83 - - [17/Nov/2017:03:24:15 +0000] "GET /item/networking/322 HTTP/1.1" 200 86 "http://www.google.com/search?ie=UTF-8&q=google&sclient=psy-ab&q=Networking+Software&oq=Networking+Software&aq=f&aqi=g-vL1&aql=&pbx=1&bav=on.2,or.r_gc.r_pw.r_qf.,cf.osb&biw=3270&bih=313" "Mozilla/5.0 (compatible; MSIE 9.0; Windows NT 6.1; Trident/5.0)"
120.93.127.152 - - [17/Nov/2017:03:24:20 +0000] "GET /category/games HTTP/1.1" 200 42 "-" "Mozilla/5.0 (Windows NT 6.1; WOW64) AppleWebKit/535.7 (KHTML, like Gecko) Chrome/16.0.912.77 Safari/535.7"
92.36.35.38 - - [17/Nov/2017:03:24:25 +0000] "GET /category/office HTTP/1.1" 200 53 "-" "Mozilla/4.0 (compatible; MSIE 8.0; Windows NT 6.1; WOW64; Trident/4.0; YTB730; GTB7.2; EasyBits GO v1.0; SLCC2; .NET CLR 2.0.50727; .NET CLR 3.5.30729; .NET CLR 3.0.30729; Media Center PC 6.0; .NET4.0C)"
164.177.22.225 - - [17/Nov/2017:03:24:30 +0000] "GET /category/networking?from=10 HTTP/1.1" 200 59 "-" "Mozilla/4.0 (compatible; MSIE 8.0; Windows NT 6.0; WOW64; Trident/4.0; GTB6; SLCC1; .NET CLR 2.0.50727; Media Center PC 5.0; .NET CLR 3.5.30729; .NET CLR 3.0.30618; .NET4.0C)"
44.72.104.147 - - [17/Nov/2017:03:24:35 +0000] "GET /category/finance HTTP/1.1" 200 52 "-" "Mozilla/5.0 (Windows NT 6.0; rv:10.0.1) Gecko/20100101 Firefox/10.0.1"
228.162.165.103 - - [17/Nov/2017:03:24:40 +0000] "GET /item/computers/770 HTTP/1.1" 200 105 "/category/computers" "Mozilla/5.0 (Windows NT 6.1; WOW64) AppleWebKit/535.11 (KHTML, like Gecko) Chrome/17.0.963.56 Safari/535.11"
120.147.115.60 - - [17/Nov/2017:03:24:45 +0000] "GET /category/software HTTP/1.1" 200 78 "-" "Mozilla/5.0 (Windows NT 6.1; WOW64) AppleWebKit/535.7 (KHTML, like Gecko) Chrome/16.0.912.77 Safari/535.7"
64.189.132.112 - - [17/Nov/2017:03:24:50 +0000] "GET /category/office HTTP/1.1" 200 51 "/category/jewelry" "Mozilla/5.0 (compatible; Googlebot/2.1; +http://www.google.com/bot.html)"
164.75.155.177 - - [17/Nov/2017:03:24:55 +0000] "GET /category/software HTTP/1.1" 200 63 "/item/cameras/3403" "Mozilla/4.0 (compatible; MSIE 8.0; Windows NT 6.1; Trident/4.0; YTB730; SLCC2; .NET CLR 2.0.50727; .NET CLR 3.5.30729; .NET CLR 3.0.30729; Media Center PC 6.0; .NET4.0C)"
48.183.212.212 - - [17/Nov/2017:03:25:00 +0000] "GET /category/health HTTP/1.1" 200 105 "-" "Mozilla/5.0 (Windows NT 6.0) AppleWebKit/535.11 (KHTML, like Gecko) Chrome/17.0.963.56 Safari/535.11"
128.147.75.132 - - [17/Nov/2017:03:25:05 +0000] "GET /category/electronics HTTP/1.1" 200 108 "/category/garden?from=20" "Mozilla/5.0 (Windows NT 6.1; WOW64) AppleWebKit/535.7 (KHTML, like Gecko) Chrome/16.0.912.77 Safari/535.7"
208.180.52.36 - - [17/Nov/2017:03:25:10 +0000] "POST /search/?c=Books+Giftcards HTTP/1.1" 200 69 "/item/garden/957" "Mozilla/5.0 (Macintosh; Intel Mac OS X 10.6; rv:9.0.1) Gecko/20100101 Firefox/9.0.1"
32.63.131.213 - - [17/Nov/2017:03:25:15 +0000] "GET /item/office/2904 HTTP/1.1" 200 59 "/category/software" "Mozilla/5.0 (Windows NT 6.0) AppleWebKit/535.11 (KHTML, like Gecko) Chrome/17.0.963.56 Safari/535.11"
96.69.168.141 - - [17/Nov/2017:03:25:20 +0000] "GET /category/electronics?from=20 HTTP/1.1" 200 97 "-" "Mozilla/4.0 (compatible; MSIE 8.0; Windows NT 6.0; WOW64; Trident/4.0; GTB6; SLCC1; .NET CLR 2.0.50727; Media Center PC 5.0; .NET CLR 3.5.30729; .NET CLR 3.0.30618; .NET4.0C)"
128.72.166.105 - - [17/Nov/2017:03:25:25 +0000] "GET /item/networking/435 HTTP/1.1" 200 109 "/search/?c=Networking" "Mozilla/4.0 (compatible; MSIE 8.0; Windows NT 6.1; Trident/4.0; YTB730; SLCC2; .NET CLR 2.0.50727; .NET CLR 3.5.30729; .NET CLR 3.0.30729; Media Center PC 6.0; .NET4.0C)"
36.192.196.184 - - [17/Nov/2017:03:25:30 +0000] "GET /category/software HTTP/1.1" 200 129 "/item/electronics/2653" "Mozilla/5.0 (Windows NT 6.0; rv:10.0.1) Gecko/20100101 Firefox/10.0.1"
48.201.198.145 - - [17/Nov/2017:03:25:35 +0000] "GET /item/health/4591 HTTP/1.1" 200 101 "/item/electronics/695" "Mozilla/4.0 (compatible; MSIE 8.0; Windows NT 6.1; WOW64; Trident/4.0; GTB7.2; SLCC2; .NET CLR 2.0.50727; .NET CLR 3.5.30729; .NET CLR 3.0.30729; Media Center PC 6.0; .NET4.0C)"
96.90.32.31 - - [17/Nov/2017:03:25:40 +0000] "GET /item/electronics/1667 HTTP/1.1" 200 121 "/category/computers" "Mozilla/5.0 (Macintosh; Intel Mac OS X 10.6; rv:9.0.1) Gecko/20100101 Firefox/9.0.1"
84.216.173.176 - - [17/Nov/2017:03:25:45 +0000] "GET /item/software/2487 HTTP/1.1" 200 51 "/category/jewelry" "Mozilla/5.0 (compatible; MSIE 9.0; Windows NT 6.1; Trident/5.0)"
28.135.217.112 - - [17/Nov/2017:03:25:50 +0000] "GET /category/electronics HTTP/1.1" 200 104 "-" "Mozilla/5.0 (iPhone; CPU iPhone OS 5_0_1 like Mac OS X) AppleWebKit/534.46 (KHTML, like Gecko) Version/5.1 Mobile/9A405 Safari/7534.48.3"
24.156.218.186 - - [17/Nov/2017:03:25:55 +0000] "GET /category/garden?from=0 HTTP/1.1" 200 90 "/item/health/961" "Mozilla/5.0 (compatible; MSIE 9.0; Windows NT 6.1; WOW64; Trident/5.0)"
124.108.42.189 - - [17/Nov/2017:03:26:00 +0000] "GET /category/electronics HTTP/1.1" 200 116 "-" "Mozilla/5.0 (Windows NT 6.0; rv:10.0.1) Gecko/20100101 Firefox/10.0.1"
168.201.46.220 - - [17/Nov/2017:03:26:05 +0000] "GET /category/giftcards HTTP/1.1" 200 59 "-" "Mozilla/5.0 (Macintosh; Intel Mac OS X 10.6; rv:9.0.1) Gecko/20100101 Firefox/9.0.1"
116.153.59.162 - - [17/Nov/2017:03:26:10 +0000] "GET /category/games HTTP/1.1" 200 47 "/item/electronics/1466" "Mozilla/5.0 (Windows NT 6.0; rv:10.0.1) Gecko/20100101 Firefox/10.0.1"
116.225.31.103 - - [17/Nov/2017:03:26:15 +0000] "GET /category/electronics HTTP/1.1" 200 50 "/category/software" "Mozilla/5.0 (Windows NT 6.0; rv:10.0.1) Gecko/20100101 Firefox/10.0.1"
140.72.172.206 - - [17/Nov/2017:03:26:20 +0000] "GET /category/networking?from=20 HTTP/1.1" 200 133 "/category/health" "Mozilla/5.0 (Windows NT 5.1) AppleWebKit/535.11 (KHTML, like Gecko) Chrome/17.0.963.46 Safari/535.11"
100.168.183.82 - - [17/Nov/2017:03:26:25 +0000] "GET /category/software HTTP/1.1" 200 50 "-" "Mozilla/5.0 (Windows NT 6.0; rv:10.0.1) Gecko/20100101 Firefox/10.0.1"
196.69.125.183 - - [17/Nov/2017:03:26:30 +0000] "GET /item/giftcards/4709 HTTP/1.1" 200 53 "/category/games" "Mozilla/5.0 (iPad; CPU OS 5_0_1 like Mac OS X) AppleWebKit/534.46 (KHTML, like Gecko) Version/5.1 Mobile/9A405 Safari/7534.48.3"
168.69.212.143 - - [17/Nov/2017:03:26:35 +0000] "GET /category/games HTTP/1.1" 200 49 "/item/garden/4648" "Mozilla/4.0 (compatible; MSIE 8.0; Windows NT 6.1; WOW64; Trident/4.0; YTB730; GTB7.2; SLCC2; .NET CLR 2.0.50727; .NET CLR 3.5.30729; .NET CLR 3.0.30729; .NET4.0C; .NET4.0E; Media Center PC 6.0)"
88.141.158.50 - - [17/Nov/2017:03:26:40 +0000] "POST /search/?c=Books HTTP/1.1" 200 85 "-" "Mozilla/5.0 (compatible; MSIE 9.0; Windows NT 6.1; WOW64; Trident/5.0)"
48.183.212.212 - - [17/Nov/2017:03:26:45 +0000] "GET /category/electronics HTTP/1.1" 200 126 "/item/cameras/3403" "Mozilla/5.0 (Windows NT 6.0) AppleWebKit/535.11 (KHTML, like Gecko) Chrome/17.0.963.56 Safari/535.11"
132.132.109.164 - - [17/Nov/2017:03:26:50 +0000] "GET /category/software?from=0 HTTP/1.1" 200 73 "/item/cameras/1329" "Mozilla/5.0 (Windows NT 6.1; WOW64) AppleWebKit/535.11 (KHTML, like Gecko) Chrome/17.0.963.56 Safari/535.11"
204.147.33.196 - - [17/Nov/2017:03:26:55 +0000] "GET /category/software HTTP/1.1" 200 94 "-" "Mozilla/5.0 (compatible; Googlebot/2.1; +http://www.google.com/bot.html)"
128.123.134.69 - - [17/Nov/2017:03:27:00 +0000] "POST /search/?c=Office+Computers HTTP/1.1" 200 62 "-" "Mozilla/5.0 (Windows NT 6.0) AppleWebKit/535.11 (KHTML, like Gecko) Chrome/17.0.963.56 Safari/535.11"
140.27.162.195 - - [17/Nov/2017:03:27:05 +0000] "GET /category/games HTTP/1.1" 200 49 "/search/?c=Office+Electronics" "Mozilla/5.0 (Windows NT 6.1; WOW64) AppleWebKit/535.7 (KHTML, like Gecko) Chrome/16.0.912.77 Safari/535.7"
92.150.116.137 - - [17/Nov/2017:03:27:10 +0000] "GET /category/toys HTTP/1.1" 200 128 "-" "Mozilla/5.0 (Macintosh; Intel Mac OS X 10.6; rv:9.0.1) Gecko/20100101 Firefox/9.0.1"
224.195.180.118 - - [17/Nov/2017:03:27:15 +0000] "GET /category/electronics HTTP/1.1" 200 82 "-" "Mozilla/5.0 (Windows NT 6.1; WOW64) AppleWebKit/535.7 (KHTML, like Gecko) Chrome/16.0.912.77 Safari/535.7"
112.192.110.197 - - [17/Nov/2017:03:27:20 +0000] "GET /category/books HTTP/1.1" 200 88 "/item/office/84" "Mozilla/5.0 (Windows NT 6.1; WOW64; rv:10.0.1) Gecko/20100101 Firefox/10.0.1"
124.78.114.122 - - [17/Nov/2017:03:27:25 +0000] "GET /category/software?from=10 HTTP/1.1" 200 67 "/category/software" "Mozilla/4.0 (compatible; MSIE 8.0; Windows NT 5.1; Trident/4.0; YTB720; GTB7.2; .NET CLR 1.1.4322; .NET CLR 2.0.50727; .NET CLR 3.0.4506.2152; .NET CLR 3.5.30729)"
96.75.214.176 - - [17/Nov/2017:03:27:30 +0000] "GET /category/software HTTP/1.1" 200 110 "-" "Mozilla/5.0 (Windows NT 6.1; WOW64; rv:10.0.1) Gecko/20100101 Firefox/10.0.1"
60.72.43.103 - - [17/Nov/2017:03:27:35 +0000] "GET /category/books?from=20 HTTP/1.1" 200 86 "-" "Mozilla/5.0 (Windows NT 6.1; WOW64) AppleWebKit/535.11 (KHTML, like Gecko) Chrome/17.0.963.56 Safari/535.11"
48.120.174.143 - - [17/Nov/2017:03:27:40 +0000] "GET /category/giftcards HTTP/1.1" 200 113 "-" "Mozilla/4.0 (compatible; MSIE 8.0; Windows NT 6.1; Trident/4.0; YTB730; SLCC2; .NET CLR 2.0.50727; .NET CLR 3.5.30729; .NET CLR 3.0.30729; Media Center PC 6.0; .NET4.0C)"
156.198.60.199 - - [17/Nov/2017:03:27:45 +0000] "GET /item/electronics/1667 HTTP/1.1" 200 121 "/category/electronics" "Mozilla/5.0 (Windows NT 6.0; rv:10.0.1) Gecko/20100101 Firefox/10.0.1"
224.210.40.49 - - [17/Nov/2017:03:27:50 +0000] "POST /search/?c=Electronics+Electronics HTTP/1.1" 200 69 "/category/software" "Mozilla/4.0 (compatible; MSIE 8.0; Windows NT 5.1; Trident/4.0; YTB720; GTB7.2; .NET CLR 1.1.4322; .NET CLR 2.0.50727; .NET CLR 3.0.4506.2152; .NET CLR 3.5.30729)"
216.99.176.92 - - [17/Nov/2017:03:27:55 +0000] "GET /category/cameras HTTP/1.1" 200 114 "/category/jewelry" "Mozilla/5.0 (Windows NT 6.0) AppleWebKit/535.11 (KHTML, like Gecko) Chrome/17.0.963.56 Safari/535.11"
128.87.206.114 - - [17/Nov/2017:03:28:00 +0000] "GET /category/electronics HTTP/1.1" 200 93 "-" "Mozilla/5.0 (Windows NT 6.0; rv:10.0.1) Gecko/20100101 Firefox/10.0.1"
120.111.204.203 - - [17/Nov/2017:03:28:05 +0000] "GET /item/electronics/4947 HTTP/1.1" 200 124 "/search/?c=Electronics+Networking" "Mozilla/5.0 (compatible; MSIE 9.0; Windows NT 6.1; WOW64; Trident/5.0)"
80.51.95.186 - - [17/Nov/2017:03:28:10 +0000] "GET /item/networking/3624 HTTP/1.1" 200 44 "/category/networking" "Mozilla/5.0 (Macintosh; Intel Mac OS X 10.6; rv:9.0.1) Gecko/20100101 Firefox/9.0.1"
60.225.108.28 - - [17/Nov/2017:03:28:15 +0000] "GET /item/games/3164 HTTP/1.1" 200 49 "-" "Mozilla/5.0 (Windows NT 6.1; WOW64; rv:10.0.1) Gecko/20100101 Firefox/10.0.1"
156.222.94.210 - - [17/Nov/2017:03:28:20 +0000] "GET /category/electronics HTTP/1.1" 200 82 "/category/office" "Mozilla/5.0 (iPhone; CPU iPhone OS 5_0_1 like Mac OS X) AppleWebKit/534.46 (KHTML, like Gecko) Version/5.1 Mobile/9A405 Safari/7534.48.3"
92.132.142.60 - - [17/Nov/2017:03:28:25 +0000] "GET /category/electronics?from=20 HTTP/1.1" 200 88 "-" "Mozilla/5.0 (Windows NT 6.1; WOW64) AppleWebKit/535.7 (KHTML, like Gecko) Chrome/16.0.912.77 Safari/535.7"
84.225.150.149 - - [17/Nov/2017:03:28:30 +0000] "GET /category/software HTTP/1.1" 200 129 "/category/games" "Mozilla/5.0 (Windows NT 6.1; WOW64) AppleWebKit/535.11 (KHTML, like Gecko) Chrome/17.0.963.56 Safari/535.11"
172.45.84.183 - - [17/Nov/2017:03:28:35 +0000] "GET /item/computers/1333 HTTP/1.1" 200 108 "/category/electronics" "Mozilla/4.0 (compatible; MSIE 8.0; Windows NT 5.1; Trident/4.0; BTRS122159; GTB7.2; .NET CLR 1.1.4322; .NET CLR 2.0.50727; .NET CLR 3.0.04506.30; .NET CLR 3.0.4506.2152; .NET CLR 3.5.30729; BRI/2)"
140.27.85.29 - - [17/Nov/2017:03:28:40 +0000] "GET /category/toys HTTP/1.1" 200 125 "/category/office" "Mozilla/5.0 (iPhone; CPU iPhone OS 5_0_1 like Mac OS X) AppleWebKit/534.46 (KHTML, like Gecko) Version/5.1 Mobile/9A405 Safari/7534.48.3"
60.99.81.68 - - [17/Nov/2017:03:28:45 +0000] "GET /item/cameras/2822 HTTP/1.1" 200 131 "/item/electronics/3975" "Mozilla/5.0 (Macintosh; Intel Mac OS X 10.6; rv:9.0.1) Gecko/20100101 Firefox/9.0.1"
104.111.99.133 - - [17/Nov/2017:03:28:50 +0000] "POST /search/?c=Software HTTP/1.1" 200 50 "-" "Mozilla/5.0 (compatible; Googlebot/2.1; +http://www.google.com/bot.html)"
96.33.37.61 - - [17/Nov/2017:03:28:55 +0000] "GET /category/electronics HTTP/1.1" 200 102 "/item/computers/3585" "Mozilla/5.0 (compatible; MSIE 9.0; Windows NT 6.1; WOW64; Trident/5.0)"
56.222.85.33 - - [17/Nov/2017:03:29:00 +0000] "GET /item/software/4034 HTTP/1.1" 200 131 "-" "Mozilla/4.0 (compatible; MSIE 8.0; Windows NT 6.0; WOW64; Trident/4.0; GTB6; SLCC1; .NET CLR 2.0.50727; Media Center PC 5.0; .NET CLR 3.5.30729; .NET CLR 3.0.30618; .NET4.0C)"
216.156.23.194 - - [17/Nov/2017:03:29:05 +0000] "GET /category/networking HTTP/1.1" 200 65 "/category/electronics" "Mozilla/5.0 (Macintosh; Intel Mac OS X 10.6; rv:9.0.1) Gecko/20100101 Firefox/9.0.1"
144.78.204.148 - - [17/Nov/2017:03:29:10 +0000] "GET /item/health/3590 HTTP/1.1" 200 95 "/category/books" "Mozilla/5.0 (Windows NT 6.0) AppleWebKit/535.11 (KHTML, like Gecko) Chrome/17.0.963.56 Safari/535.11"
212.225.203.50 - - [17/Nov/2017:03:29:15 +0000] "GET /category/electronics HTTP/1.1" 200 42 "-" "Mozilla/5.0 (Windows NT 5.1) AppleWebKit/535.11 (KHTML, like Gecko) Chrome/17.0.963.46 Safari/535.11"
76.138.226.38 - - [17/Nov/2017:03:29:20 +0000] "GET /category/cameras HTTP/1.1" 200 69 "/category/electronics" "Mozilla/5.0 (Windows NT 6.0; rv:10.0.1) Gecko/20100101 Firefox/10.0.1"
140.72.172.206 - - [17/Nov/2017:03:29:25 +0000] "GET /category/software?from=0 HTTP/1.1" 200 91 "/search/?c=Software+Electronics" "Mozilla/5.0 (Windows NT 6.1; WOW64; rv:10.0.1) Gecko/20100101 Firefox/10.0.1"
168.150.74.102 - - [17/Nov/2017:03:29:30 +0000] "GET /category/games HTTP/1.1" 200 88 "/category/garden" "Mozilla/5.0 (Windows NT 6.0; rv:10.0.1) Gecko/20100101 Firefox/10.0.1"
172.45.84.183 - - [17/Nov/2017:03:29:35 +0000] "GET /category/health HTTP/1.1" 200 59 "-" "Mozilla/4.0 (compatible; MSIE 8.0; Windows NT 6.1; WOW64; Trident/4.0; YTB730; GTB7.2; SLCC2; .NET CLR 2.0.50727; .NET CLR 3.5.30729; .NET CLR 3.0.30729; .NET4.0C; .NET4.0E; Media Center PC 6.0)"
168.93.214.104 - - [17/Nov/2017:03:29:40 +0000] "GET /category/garden HTTP/1.1" 200 88 "http://www.google.com/search?ie=UTF-8&q=google&sclient=psy-ab&q=Garden&oq=Garden&aq=f&aqi=g-vL1&aql=&pbx=1&bav=on.2,or.r_gc.r_pw.r_qf.,cf.osb&biw=4002&bih=389" "Mozilla/5.0 (Macintosh; Intel Mac OS X 10.6; rv:9.0.1) Gecko/20100101 Firefox/9.0.1"
108.63.102.146 - - [17/Nov/2017:03:29:45 +0000] "GET /category/computers HTTP/1.1" 200 136 "http://www.google.com/search?ie=UTF-8&q=google&sclient=psy-ab&q=Computers+Giftcards&oq=Computers+Giftcards&aq=f&aqi=g-vL1&aql=&pbx=1&bav=on.2,or.r_gc.r_pw.r_qf.,cf.osb&biw=1761&bih=345" "Mozilla/4.0 (compatible; MSIE 8.0; Windows NT 5.1; Trident/4.0; YTB720; GTB7.2; .NET CLR 1.1.4322; .NET CLR 2.0.50727; .NET CLR 3.0.4506.2152; .NET CLR 3.5.30729)"
192.207.80.72 - - [17/Nov/2017:03:29:50 +0000] "GET /category/office HTTP/1.1" 200 132 "-" "Mozilla/5.0 (compatible; MSIE 9.0; Windows NT 6.1; Trident/5.0)"
144.72.194.63 - - [17/Nov/2017:03:29:55 +0000] "GET /item/jewelry/1164 HTTP/1.1" 200 106 "/category/finance?from=0" "Mozilla/5.0 (Windows NT 6.1; WOW64) AppleWebKit/535.7 (KHTML, like Gecko) Chrome/16.0.912.77 Safari/535.7"
48.168.148.167 - - [17/Nov/2017:03:30:00 +0000] "GET /item/software/1271 HTTP/1.1" 200 103 "/category/books?from=20" "Mozilla/5.0 (Windows NT 6.1; WOW64) AppleWebKit/535.11 (KHTML, like Gecko) Chrome/17.0.963.56 Safari/535.11"
108.174.61.62 - - [17/Nov/2017:03:30:05 +0000] "GET /category/music HTTP/1.1" 200 84 "/category/books" "Mozilla/5.0 (compatible; MSIE 9.0; Windows NT 6.1; WOW64; Trident/5.0)"
108.78.41.69 - - [17/Nov/2017:03:30:10 +0000] "POST /search/?c=Electronics HTTP/1.1" 200 69 "/category/cameras" "Mozilla/5.0 (compatible; MSIE 9.0; Windows NT 6.1; WOW64; Trident/5.0)"
52.78.205.139 - - [17/Nov/2017:03:30:15 +0000] "GET /item/toys/4220 HTTP/1.1" 200 102 "-" "Mozilla/5.0 (Macintosh; Intel Mac OS X 10.6; rv:9.0.1) Gecko/20100101 Firefox/9.0.1"
40.126.128.141 - - [17/Nov/2017:03:30:20 +0000] "GET /category/books?from=10 HTTP/1.1" 200 86 "-" "Mozilla/5.0 (compatible; Googlebot/2.1; +http://www.google.com/bot.html)"
168.195.218.121 - - [17/Nov/2017:03:30:25 +0000] "GET /item/electronics/2653 HTTP/1.1" 200 139 "-" "Mozilla/4.0 (compatible; MSIE 8.0; Windows NT 6.0; WOW64; Trident/4.0; GTB6; SLCC1; .NET CLR 2.0.50727; Media Center PC 5.0; .NET CLR 3.5.30729; .NET CLR 3.0.30618; .NET4.0C)"
144.168.60.186 - - [17/Nov/2017:03:30:30 +0000] "GET /item/electronics/2049 HTTP/1.1" 200 101 "/category/electronics" "Mozilla/5.0 (Windows NT 6.0; rv:10.0.1) Gecko/20100101 Firefox/10.0.1"
80.198.63.143 - - [17/Nov/2017:03:30:35 +0000] "GET /item/electronics/261 HTTP/1.1" 200 70 "-" "Mozilla/5.0 (iPhone; CPU iPhone OS 5_0_1 like Mac OS X) AppleWebKit/534.46 (KHTML, like Gecko) Version/5.1 Mobile/9A405 Safari/7534.48.3"
84.189.117.50 - - [17/Nov/2017:03:30:40 +0000] "GET /category/electronics?from=0 HTTP/1.1" 200 101 "/category/electronics" "Mozilla/5.0 (Windows NT 5.1) AppleWebKit/535.11 (KHTML, like Gecko) Chrome/17.0.963.46 Safari/535.11"
128.39.75.36 - - [17/Nov/2017:03:30:45 +0000] "GET /item/computers/3259 HTTP/1.1" 200 112 "/search/?c=Computers+Games" "Mozilla/5.0 (Windows NT 6.0; rv:10.0.1) Gecko/20100101 Firefox/10.0.1"
124.201.55.168 - - [17/Nov/2017:03:30:50 +0000] "GET /item/games/905 HTTP/1.1" 200 55 "/search/?c=Games" "Mozilla/5.0 (Windows NT 6.1; WOW64; rv:10.0.1) Gecko/20100101 Firefox/10.0.1"
128.66.82.98 - - [17/Nov/2017:03:30:55 +0000] "GET /item/office/393 HTTP/1.1" 200 128 "http://www.google.com/search?ie=UTF-8&q=google&sclient=psy-ab&q=Office&oq=Office&aq=f&aqi=g-vL1&aql=&pbx=1&bav=on.2,or.r_gc.r_pw.r_qf.,cf.osb&biw=920&bih=145" "Mozilla/5.0 (Windows NT 6.0; rv:10.0.1) Gecko/20100101 Firefox/10.0.1"
120.147.115.60 - - [17/Nov/2017:03:31:00 +0000] "GET /category/office HTTP/1.1" 200 126 "/category/music" "Mozilla/5.0 (Windows NT 6.1; WOW64) AppleWebKit/535.7 (KHTML, like Gecko) Chrome/16.0.912.77 Safari/535.7"
184.93.57.135 - - [17/Nov/2017:03:31:05 +0000] "GET /category/electronics HTTP/1.1" 200 61 "/search/?c=Giftcards+Games" "Mozilla/5.0 (Macintosh; Intel Mac OS X 10.6; rv:9.0.1) Gecko/20100101 Firefox/9.0.1"
128.87.206.114 - - [17/Nov/2017:03:31:10 +0000] "GET /category/office HTTP/1.1" 200 43 "/category/electronics" "Mozilla/5.0 (Windows NT 6.0; rv:10.0.1) Gecko/20100101 Firefox/10.0.1"
92.204.226.50 - - [17/Nov/2017:03:31:15 +0000] "GET /category/software HTTP/1.1" 200 70 "-" "Mozilla/5.0 (Windows NT 5.1) AppleWebKit/535.11 (KHTML, like Gecko) Chrome/17.0.963.46 Safari/535.11"
216.177.42.228 - - [17/Nov/2017:03:31:20 +0000] "GET /item/garden/1060 HTTP/1.1" 200 74 "/search/?c=Garden+Books" "Mozilla/5.0 (Windows NT 6.1; WOW64) AppleWebKit/535.7 (KHTML, like Gecko) Chrome/16.0.912.77 Safari/535.7"
92.186.177.75 - - [17/Nov/2017:03:31:25 +0000] "GET /category/games?from=10 HTTP/1.1" 200 124 "/category/games?from=10" "Mozilla/5.0 (Windows NT 6.0; rv:10.0.1) Gecko/20100101 Firefox/10.0.1"
84.30.95.135 - - [17/Nov/2017:03:31:30 +0000] "GET /category/health HTTP/1.1" 200 92 "/category/cameras?from=20" "Mozilla/5.0 (Windows NT 6.0) AppleWebKit/535.11 (KHTML, like Gecko) Chrome/17.0.963.56 Safari/535.11"
212.210.55.128 - - [17/Nov/2017:03:31:35 +0000] "POST /search/?c=Garden+Electronics HTTP/1.1" 200 101 "-" "Mozilla/4.0 (compatible; MSIE 8.0; Windows NT 6.1; WOW64; Trident/4.0; YTB730; GTB7.2; SLCC2; .NET CLR 2.0.50727; .NET CLR 3.5.30729; .NET CLR 3.0.30729; .NET4.0C; .NET4.0E; Media Center PC 6.0)"
136.60.226.41 - - [17/Nov/2017:03:31:40 +0000] "GET /category/software HTTP/1.1" 200 134 "-" "Mozilla/5.0 (Windows NT 6.0; rv:10.0.1) Gecko/20100101 Firefox/10.0.1"
52.189.168.94 - - [17/Nov/2017:03:31:45 +0000] "GET /category/jewelry HTTP/1.1" 200 137 "/item/software/2629" "Mozilla/5.0 (compatible; MSIE 9.0; Windows NT 6.1; WOW64; Trident/5.0)"
164.63.56.171 - - [17/Nov/2017:03:31:50 +0000] "GET /category/networking HTTP/1.1" 200 94 "-" "Mozilla/4.0 (compatible; MSIE 8.0; Windows NT 5.1; Trident/4.0; YTB720; GTB7.2; .NET CLR 1.1.4322; .NET CLR 2.0.50727; .NET CLR 3.0.4506.2152; .NET CLR 3.5.30729)"
212.66.174.222 - - [17/Nov/2017:03:31:55 +0000] "GET /category/software HTTP/1.1" 200 105 "-" "Mozilla/5.0 (iPad; CPU OS 5_0_1 like Mac OS X) AppleWebKit/534.46 (KHTML, like Gecko) Version/5.1 Mobile/9A405 Safari/7534.48.3"
24.114.164.152 - - [17/Nov/2017:03:32:00 +0000] "GET /item/office/378 HTTP/1.1" 200 57 "-" "Mozilla/5.0 (Windows NT 6.0; rv:10.0.1) Gecko/20100101 Firefox/10.0.1"
32.189.72.176 - - [17/Nov/2017:03:32:05 +0000] "GET /item/networking/4696 HTTP/1.1" 200 138 "/search/?c=Networking+Sports" "Mozilla/5.0 (Macintosh; Intel Mac OS X 10.6; rv:9.0.1) Gecko/20100101 Firefox/9.0.1"
84.162.134.68 - - [17/Nov/2017:03:32:10 +0000] "GET /item/software/3165 HTTP/1.1" 200 63 "/item/office/863" "Mozilla/5.0 (compatible; MSIE 9.0; Windows NT 6.1; Trident/5.0)"
52.90.30.181 - - [17/Nov/2017:03:32:15 +0000] "GET /category/computers HTTP/1.1" 200 94 "-" "Mozilla/4.0 (compatible; MSIE 8.0; Windows NT 6.1; WOW64; Trident/4.0; YTB730; GTB7.2; SLCC2; .NET CLR 2.0.50727; .NET CLR 3.5.30729; .NET CLR 3.0.30729; .NET4.0C; .NET4.0E; Media Center PC 6.0)"
88.222.58.180 - - [17/Nov/2017:03:32:20 +0000] "GET /item/electronics/2104 HTTP/1.1" 200 59 "/item/electronics/3444" "Mozilla/5.0 (Windows NT 6.1; WOW64) AppleWebKit/535.7 (KHTML, like Gecko) Chrome/16.0.912.77 Safari/535.7"
188.216.204.124 - - [17/Nov/2017:03:32:25 +0000] "GET /item/garden/4271 HTTP/1.1" 200 127 "/item/computers/770" "Mozilla/5.0 (Windows NT 6.1; WOW64) AppleWebKit/535.11 (KHTML, like Gecko) Chrome/17.0.963.56 Safari/535.11"
104.111.99.133 - - [17/Nov/2017:03:32:30 +0000] "GET /category/software HTTP/1.1" 200 84 "/category/software" "Mozilla/5.0 (Windows NT 6.1; WOW64) AppleWebKit/535.11 (KHTML, like Gecko) Chrome/17.0.963.56 Safari/535.11"
116.123.101.195 - - [17/Nov/2017:03:32:35 +0000] "GET /category/giftcards HTTP/1.1" 200 81 "-" "Mozilla/4.0 (compatible; MSIE 8.0; Windows NT 6.1; WOW64; Trident/4.0; YTB730; GTB7.2; SLCC2; .NET CLR 2.0.50727; .NET CLR 3.5.30729; .NET CLR 3.0.30729; .NET4.0C; .NET4.0E; Media Center PC 6.0)"
196.225.171.61 - - [17/Nov/2017:03:32:40 +0000] "GET /item/networking/2266 HTTP/1.1" 404 75 "/item/electronics/3162" "Mozilla/5.0 (iPhone; CPU iPhone OS 5_0_1 like Mac OS X) AppleWebKit/534.46 (KHTML, like Gecko) Version/5.1 Mobile/9A405 Safari/7534.48.3"
68.33.56.24 - - [17/Nov/2017:03:32:45 +0000] "GET /category/software HTTP/1.1" 200 131 "-" "Mozilla/5.0 (Windows NT 6.0; rv:10.0.1) Gecko/20100101 Firefox/10.0.1"
168.108.43.22 - - [17/Nov/2017:03:32:50 +0000] "POST /search/?c=Books HTTP/1.1" 200 127 "-" "Mozilla/4.0 (compatible; MSIE 8.0; Windows NT 5.1; Trident/4.0; BTRS122159; GTB7.2; .NET CLR 1.1.4322; .NET CLR 2.0.50727; .NET CLR 3.0.04506.30; .NET CLR 3.0.4506.2152; .NET CLR 3.5.30729; BRI/2)"
220.102.98.97 - - [17/Nov/2017:03:32:55 +0000] "GET /item/electronics/4025 HTTP/1.1" 200 124 "/search/?c=Electronics" "Mozilla/5.0 (compatible; MSIE 9.0; Windows NT 6.1; Trident/5.0)"
92.117.27.32 - - [17/Nov/2017:03:33:00 +0000] "GET /category/electronics HTTP/1.1" 200 137 "/search/?c=Garden+Electronics" "Mozilla/5.0 (compatible; MSIE 9.0; Windows NT 6.1; WOW64; Trident/5.0)"
100.54.120.206 - - [17/Nov/2017:03:33:05 +0000] "GET /item/health/1094 HTTP/1.1" 200 86 "-" "Mozilla/5.0 (iPad; CPU OS 5_0_1 like Mac OS X) AppleWebKit/534.46 (KHTML, like Gecko) Version/5.1 Mobile/9A405 Safari/7534.48.3"
156.105.121.202 - - [17/Nov/2017:03:33:10 +0000] "GET /item/books/1568 HTTP/1.1" 200 79 "/category/books" "Mozilla/5.0 (Windows NT 6.1; WOW64; rv:10.0.1) Gecko/20100101 Firefox/10.0.1"
176.33.111.181 - - [17/Nov/2017:03:33:15 +0000] "GET /category/jewelry HTTP/1.1" 200 60 "-" "Mozilla/4.0 (compatible; MSIE 8.0; Windows NT 6.1; WOW64; Trident/4.0; YTB730; GTB7.2; EasyBits GO v1.0; SLCC2; .NET CLR 2.0.50727; .NET CLR 3.5.30729; .NET CLR 3.0.30729; Media Center PC 6.0; .NET4.0C)"
164.165.47.101 - - [17/Nov/2017:03:33:20 +0000] "GET /item/software/2 HTTP/1.1" 200 139 "/category/electronics?from=0" "Mozilla/5.0 (iPhone; CPU iPhone OS 5_0_1 like Mac OS X) AppleWebKit/534.46 (KHTML, like Gecko) Version/5.1 Mobile/9A405 Safari/7534.48.3"
152.87.67.123 - - [17/Nov/2017:03:33:25 +0000] "POST /search/?c=Electronics+Software HTTP/1.1" 200 77 "-" "Mozilla/5.0 (Windows NT 6.1; WOW64) AppleWebKit/535.7 (KHTML, like Gecko) Chrome/16.0.912.77 Safari/535.7"
72.156.55.140 - - [17/Nov/2017:03:33:30 +0000] "GET /item/games/1885 HTTP/1.1" 200 83 "/category/books" "Mozilla/5.0 (compatible; MSIE 9.0; Windows NT 6.1; WOW64; Trident/5.0)"
204.111.23.227 - - [17/Nov/2017:03:33:35 +0000] "GET /category/office HTTP/1.1" 200 128 "/item/software/2490" "Mozilla/5.0 (compatible; MSIE 9.0; Windows NT 6.1; WOW64; Trident/5.0)"
40.63.61.211 - - [17/Nov/2017:03:33:40 +0000] "GET /item/electronics/861 HTTP/1.1" 200 85 "/category/sports?from=10" "Mozilla/4.0 (compatible; MSIE 8.0; Windows NT 5.1; Trident/4.0; YTB720; GTB7.2; .NET CLR 1.1.4322; .NET CLR 2.0.50727; .NET CLR 3.0.4506.2152; .NET CLR 3.5.30729)"
72.114.161.169 - - [17/Nov/2017:03:33:45 +0000] "GET /category/office HTTP/1.1" 200 118 "/item/electronics/2034" "Mozilla/5.0 (Windows NT 6.0) AppleWebKit/535.11 (KHTML, like Gecko) Chrome/17.0.963.56 Safari/535.11"
28.117.160.187 - - [17/Nov/2017:03:33:50 +0000] "POST /search/?c=Sports+Giftcards HTTP/1.1" 200 117 "-" "Mozilla/5.0 (Windows NT 6.1; WOW64; rv:10.0.1) Gecko/20100101 Firefox/10.0.1"
56.222.85.33 - - [17/Nov/2017:03:33:55 +0000] "GET /category/software HTTP/1.1" 200 109 "-" "Mozilla/5.0 (compatible; MSIE 9.0; Windows NT 6.1; Trident/5.0)"
84.192.102.111 - - [17/Nov/2017:03:34:00 +0000] "POST /search/?c=Software HTTP/1.1" 200 102 "-" "Mozilla/5.0 (iPad; CPU OS 5_0_1 like Mac OS X) AppleWebKit/534.46 (KHTML, like Gecko) Version/5.1 Mobile/9A405 Safari/7534.48.3"
212.45.141.113 - - [17/Nov/2017:03:34:05 +0000] "GET /category/books?from=0 HTTP/1.1" 200 103 "-" "Mozilla/4.0 (compatible; MSIE 8.0; Windows NT 6.1; WOW64; Trident/4.0; YTB730; GTB7.2; SLCC2; .NET CLR 2.0.50727; .NET CLR 3.5.30729; .NET CLR 3.0.30729; .NET4.0C; .NET4.0E; Media Center PC 6.0)"
144.132.101.155 - - [17/Nov/2017:03:34:10 +0000] "POST /search/?c=Software HTTP/1.1" 200 61 "-" "Mozilla/5.0 (compatible; MSIE 9.0; Windows NT 6.1; WOW64; Trident/5.0)"
100.192.111.52 - - [17/Nov/2017:03:34:15 +0000] "GET /item/toys/3180 HTTP/1.1" 200 46 "/category/office?from=0" "Mozilla/5.0 (Windows NT 6.1; WOW64; rv:10.0.1) Gecko/20100101 Firefox/10.0.1"
108.84.228.94 - - [17/Nov/2017:03:34:20 +0000] "GET /category/networking HTTP/1.1" 200 119 "-" "Mozilla/5.0 (Windows NT 6.0; rv:10.0.1) Gecko/20100101 Firefox/10.0.1"
208.21.55.191 - - [17/Nov/2017:03:34:25 +0000] "GET /category/games HTTP/1.1" 200 50 "-" "Mozilla/5.0 (compatible; Googlebot/2.1; +http://www.google.com/bot.html)"
148.108.60.129 - - [17/Nov/2017:03:34:30 +0000] "GET /item/finance/3901 HTTP/1.1" 200 107 "/item/games/2882" "Mozilla/5.0 (Windows NT 6.0; rv:10.0.1) Gecko/20100101 Firefox/10.0.1"
144.132.101.155 - - [17/Nov/2017:03:34:35 +0000] "GET /category/office HTTP/1.1" 200 44 "/search/?c=Toys+Games" "Mozilla/5.0 (Windows NT 6.1; WOW64) AppleWebKit/535.11 (KHTML, like Gecko) Chrome/17.0.963.56 Safari/535.11"
56.162.217.61 - - [17/Nov/2017:03:34:40 +0000] "GET /category/networking HTTP/1.1" 200 82 "/item/garden/1634" "Mozilla/5.0 (Windows NT 6.1; WOW64; rv:10.0.1) Gecko/20100101 Firefox/10.0.1"
52.219.45.68 - - [17/Nov/2017:03:34:45 +0000] "GET /category/sports HTTP/1.1" 200 137 "-" "Mozilla/5.0 (Windows NT 6.1; WOW64) AppleWebKit/535.11 (KHTML, like Gecko) Chrome/17.0.963.56 Safari/535.11"
208.138.152.63 - - [17/Nov/2017:03:34:50 +0000] "GET /item/games/4819 HTTP/1.1" 200 115 "-" "Mozilla/5.0 (Windows NT 6.0; rv:10.0.1) Gecko/20100101 Firefox/10.0.1"
192.36.167.103 - - [17/Nov/2017:03:34:55 +0000] "GET /category/electronics?from=20 HTTP/1.1" 200 52 "/category/electronics" "Mozilla/5.0 (compatible; MSIE 9.0; Windows NT 6.1; WOW64; Trident/5.0)"
160.24.68.124 - - [17/Nov/2017:03:35:00 +0000] "GET /category/software HTTP/1.1" 200 98 "-" "Mozilla/5.0 (Windows NT 6.1; WOW64) AppleWebKit/535.11 (KHTML, like Gecko) Chrome/17.0.963.56 Safari/535.11"
224.183.83.85 - - [17/Nov/2017:03:35:05 +0000] "GET /category/electronics?from=0 HTTP/1.1" 200 112 "-" "Mozilla/5.0 (compatible; Googlebot/2.1; +http://www.google.com/bot.html)"
188.165.102.75 - - [17/Nov/2017:03:35:10 +0000] "GET /category/software HTTP/1.1" 200 64 "/item/sports/3881" "Mozilla/5.0 (Windows NT 6.1; WOW64) AppleWebKit/535.7 (KHTML, like Gecko) Chrome/16.0.912.77 Safari/535.7"
216.159.84.36 - - [17/Nov/2017:03:35:15 +0000] "GET /item/garden/473 HTTP/1.1" 200 137 "/category/music" "Mozilla/4.0 (compatible; MSIE 8.0; Windows NT 6.1; WOW64; Trident/4.0; YTB730; GTB7.2; SLCC2; .NET CLR 2.0.50727; .NET CLR 3.5.30729; .NET CLR 3.0.30729; .NET4.0C; .NET4.0E; Media Center PC 6.0)"
144.228.38.65 - - [17/Nov/2017:03:35:20 +0000] "GET /category/books HTTP/1.1" 200 57 "-" "Mozilla/4.0 (compatible; MSIE 8.0; Windows NT 5.1; Trident/4.0; YTB720; GTB7.2; .NET CLR 1.1.4322; .NET CLR 2.0.50727; .NET CLR 3.0.4506.2152; .NET CLR 3.5.30729)"
188.216.204.124 - - [17/Nov/2017:03:35:25 +0000] "POST /search/?c=Software+Networking HTTP/1.1" 200 104 "/category/cameras" "Mozilla/5.0 (Windows NT 5.1) AppleWebKit/535.11 (KHTML, like Gecko) Chrome/17.0.963.46 Safari/535.11"
112.222.91.42 - - [17/Nov/2017:03:35:30 +0000] "GET /item/sports/4699 HTTP/1.1" 200 130 "http://www.google.com/search?ie=UTF-8&q=google&sclient=psy-ab&q=Sports+Sports&oq=Sports+Sports&aq=f&aqi=g-vL1&aql=&pbx=1&bav=on.2,or.r_gc.r_pw.r_qf.,cf.osb&biw=1254&bih=411" "Mozilla/5.0 (Windows NT 6.0; rv:10.0.1) Gecko/20100101 Firefox/10.0.1"
48.84.25.228 - - [17/Nov/2017:03:35:35 +0000] "GET /category/garden?from=0 HTTP/1.1" 200 77 "/category/software" "Mozilla/4.0 (compatible; MSIE 8.0; Windows NT 6.1; WOW64; Trident/4.0; YTB730; GTB7.2; EasyBits GO v1.0; SLCC2; .NET CLR 2.0.50727; .NET CLR 3.5.30729; .NET CLR 3.0.30729; Media Center PC 6.0; .NET4.0C)"
176.69.100.211 - - [17/Nov/2017:03:35:40 +0000] "GET /category/books HTTP/1.1" 200 117 "/category/cameras" "Mozilla/5.0 (Windows NT 5.1) AppleWebKit/535.11 (KHTML, like Gecko) Chrome/17.0.963.46 Safari/535.11"
76.48.201.164 - - [17/Nov/2017:03:35:45 +0000] "GET /category/garden HTTP/1.1" 200 126 "/search/?c=Networking" "Mozilla/5.0 (Windows NT 6.1; WOW64; rv:10.0.1) Gecko/20100101 Firefox/10.0.1"
208.99.126.192 - - [17/Nov/2017:03:35:50 +0000] "GET /category/software HTTP/1.1" 200 103 "-" "Mozilla/4.0 (compatible; MSIE 8.0; Windows NT 5.1; Trident/4.0; YTB720; GTB7.2; .NET CLR 1.1.4322; .NET CLR 2.0.50727; .NET CLR 3.0.4506.2152; .NET CLR 3.5.30729)"
136.63.21.83 - - [17/Nov/2017:03:35:55 +0000] "GET /category/software HTTP/1.1" 200 51 "-" "Mozilla/4.0 (compatible; MSIE 8.0; Windows NT 6.1; WOW64; Trident/4.0; YTB730; GTB7.2; EasyBits GO v1.0; SLCC2; .NET CLR 2.0.50727; .NET CLR 3.5.30729; .NET CLR 3.0.30729; Media Center PC 6.0; .NET4.0C)"
60.123.150.225 - - [17/Nov/2017:03:36:00 +0000] "GET /item/electronics/1667 HTTP/1.1" 200 121 "-" "Mozilla/5.0 (iPhone; CPU iPhone OS 5_0_1 like Mac OS X) AppleWebKit/534.46 (KHTML, like Gecko) Version/5.1 Mobile/9A405 Safari/7534.48.3"
132.195.184.30 - - [17/Nov/2017:03:36:05 +0000] "GET /category/electronics?from=0 HTTP/1.1" 200 101 "/search/?c=Electronics" "Mozilla/5.0 (compatible; MSIE 9.0; Windows NT 6.1; Trident/5.0)"
128.36.120.25 - - [17/Nov/2017:03:36:10 +0000] "GET /category/health HTTP/1.1" 200 82 "/category/networking" "Mozilla/5.0 (Windows NT 6.1; WOW64; rv:10.0.1) Gecko/20100101 Firefox/10.0.1"
60.96.221.113 - - [17/Nov/2017:03:36:15 +0000] "GET /category/jewelry HTTP/1.1" 200 113 "/search/?c=Networking+Networking" "Mozilla/5.0 (Windows NT 6.1; WOW64; rv:10.0.1) Gecko/20100101 Firefox/10.0.1"
152.21.213.161 - - [17/Nov/2017:03:36:20 +0000] "GET /item/electronics/3444 HTTP/1.1" 200 131 "/search/?c=Electronics+Jewelry" "Mozilla/5.0 (Windows NT 6.1; WOW64) AppleWebKit/535.7 (KHTML, like Gecko) Chrome/16.0.912.77 Safari/535.7"
32.69.59.79 - - [17/Nov/2017:03:36:25 +0000] "GET /category/networking?from=20 HTTP/1.1" 200 133 "/search/?c=Networking" "Mozilla/5.0 (Windows NT 6.1; WOW64; rv:10.0.1) Gecko/20100101 Firefox/10.0.1"
104.210.132.59 - - [17/Nov/2017:03:36:30 +0000] "GET /item/software/1046 HTTP/1.1" 200 90 "/item/games/3491" "Mozilla/5.0 (compatible; Googlebot/2.1; +http://www.google.com/bot.html)"
136.108.176.209 - - [17/Nov/2017:03:36:35 +0000] "POST /search/?c=Electronics+Books HTTP/1.1" 200 134 "/category/books?from=10" "Mozilla/5.0 (Windows NT 6.0; rv:10.0.1) Gecko/20100101 Firefox/10.0.1"
52.132.139.46 - - [17/Nov/2017:03:36:40 +0000] "GET /item/electronics/3545 HTTP/1.1" 200 133 "/item/networking/4421" "Mozilla/5.0 (Windows NT 6.0; rv:10.0.1) Gecko/20100101 Firefox/10.0.1"
152.90.220.86 - - [17/Nov/2017:03:36:45 +0000] "GET /category/office HTTP/1.1" 200 121 "/search/?c=Toys" "Mozilla/5.0 (Windows NT 6.1; WOW64; rv:10.0.1) Gecko/20100101 Firefox/10.0.1"
24.189.103.60 - - [17/Nov/2017:03:36:50 +0000] "GET /category/sports?from=0 HTTP/1.1" 200 81 "/search/?c=Sports+Networking" "Mozilla/5.0 (Windows NT 6.1; WOW64) AppleWebKit/535.11 (KHTML, like Gecko) Chrome/17.0.963.56 Safari/535.11"
84.126.57.104 - - [17/Nov/2017:03:36:55 +0000] "GET /category/computers HTTP/1.1" 200 94 "/item/electronics/4642" "Mozilla/5.0 (Macintosh; Intel Mac OS X 10.6; rv:9.0.1) Gecko/20100101 Firefox/9.0.1"
48.123.171.122 - - [17/Nov/2017:03:37:00 +0000] "GET /category/software HTTP/1.1" 200 55 "-" "Mozilla/5.0 (Windows NT 6.0; rv:10.0.1) Gecko/20100101 Firefox/10.0.1"
108.132.126.119 - - [17/Nov/2017:03:37:05 +0000] "GET /category/finance HTTP/1.1" 200 71 "-" "Mozilla/5.0 (Windows NT 6.1; WOW64) AppleWebKit/535.11 (KHTML, like Gecko) Chrome/17.0.963.56 Safari/535.11"
160.78.146.93 - - [17/Nov/2017:03:37:10 +0000] "GET /item/electronics/3410 HTTP/1.1" 200 123 "/category/books" "Mozilla/5.0 (compatible; Googlebot/2.1; +http://www.google.com/bot.html)"
96.195.97.48 - - [17/Nov/2017:03:37:15 +0000] "GET /category/books HTTP/1.1" 200 49 "/category/jewelry" "Mozilla/5.0 (compatible; MSIE 9.0; Windows NT 6.1; Trident/5.0)"
184.57.118.95 - - [17/Nov/2017:03:37:20 +0000] "GET /category/electronics HTTP/1.1" 200 44 "/item/games/3422" "Mozilla/5.0 (Macintosh; Intel Mac OS X 10.6; rv:9.0.1) Gecko/20100101 Firefox/9.0.1"
120.123.162.208 - - [17/Nov/2017:03:37:25 +0000] "GET /item/health/3601 HTTP/1.1" 200 64 "/category/electronics?from=20" "Mozilla/4.0 (compatible; MSIE 8.0; Windows NT 5.1; Trident/4.0; BTRS122159; GTB7.2; .NET CLR 1.1.4322; .NET CLR 2.0.50727; .NET CLR 3.0.04506.30; .NET CLR 3.0.4506.2152; .NET CLR 3.5.30729; BRI/2)"
20.45.119.184 - - [17/Nov/2017:03:37:30 +0000] "GET /item/cameras/4995 HTTP/1.1" 200 97 "http://www.google.com/search?ie=UTF-8&q=google&sclient=psy-ab&q=Cameras+Electronics&oq=Cameras+Electronics&aq=f&aqi=g-vL1&aql=&pbx=1&bav=on.2,or.r_gc.r_pw.r_qf.,cf.osb&biw=2694&bih=183" "Mozilla/4.0 (compatible; MSIE 8.0; Windows NT 6.1; WOW64; Trident/4.0; YTB730; GTB7.2; EasyBits GO v1.0; SLCC2; .NET CLR 2.0.50727; .NET CLR 3.5.30729; .NET CLR 3.0.30729; Media Center PC 6.0; .NET4.0C)"
24.114.164.152 - - [17/Nov/2017:03:37:35 +0000] "GET /category/finance?from=0 HTTP/1.1" 200 90 "/category/finance" "Mozilla/5.0 (Windows NT 6.1; WOW64) AppleWebKit/535.7 (KHTML, like Gecko) Chrome/16.0.912.77 Safari/535.7"
88.195.115.100 - - [17/Nov/2017:03:37:40 +0000] "GET /item/networking/4421 HTTP/1.1" 200 47 "/search/?c=Networking+Jewelry" "Mozilla/5.0 (compatible; MSIE 9.0; Windows NT 6.1; WOW64; Trident/5.0)"
96.159.160.163 - - [17/Nov/2017:03:37:45 +0000] "GET /category/computers HTTP/1.1" 200 106 "/category/electronics" "Mozilla/5.0 (Windows NT 6.0; rv:10.0.1) Gecko/20100101 Firefox/10.0.1"
220.81.172.204 - - [17/Nov/2017:03:37:50 +0000] "GET /category/office HTTP/1.1" 200 118 "-" "Mozilla/4.0 (compatible; MSIE 8.0; Windows NT 6.1; WOW64; Trident/4.0; GTB7.2; SLCC2; .NET CLR 2.0.50727; .NET CLR 3.5.30729; .NET CLR 3.0.30729; Media Center PC 6.0; .NET4.0C)"
40.105.210.146 - - [17/Nov/2017:03:37:55 +0000] "GET /item/software/1625 HTTP/1.1" 200 82 "/item/software/3523" "Mozilla/5.0 (Windows NT 6.1; WOW64) AppleWebKit/535.11 (KHTML, like Gecko) Chrome/17.0.963.56 Safari/535.11"
208.99.126.192 - - [17/Nov/2017:03:38:00 +0000] "GET /item/networking/3236 HTTP/1.1" 200 109 "/item/electronics/2374" "Mozilla/5.0 (compatible; Googlebot/2.1; +http://www.google.com/bot.html)"
96.75.214.176 - - [17/Nov/2017:03:38:05 +0000] "POST /search/?c=Games+Office HTTP/1.1" 200 72 "/category/software" "Mozilla/5.0 (Windows NT 5.1) AppleWebKit/535.11 (KHTML, like Gecko) Chrome/17.0.963.46 Safari/535.11"
180.39.180.68 - - [17/Nov/2017:03:38:10 +0000] "GET /category/giftcards?from=10 HTTP/1.1" 200 100 "-" "Mozilla/4.0 (compatible; MSIE 8.0; Windows NT 5.1; Trident/4.0; YTB720; GTB7.2; .NET CLR 1.1.4322; .NET CLR 2.0.50727; .NET CLR 3.0.4506.2152; .NET CLR 3.5.30729)"
44.36.69.119 - - [17/Nov/2017:03:38:15 +0000] "GET /category/health HTTP/1.1" 200 79 "/item/health/4301" "Mozilla/5.0 (Windows NT 6.1; WOW64) AppleWebKit/535.7 (KHTML, like Gecko) Chrome/16.0.912.77 Safari/535.7"
224.210.57.35 - - [17/Nov/2017:03:38:20 +0000] "GET /category/electronics HTTP/1.1" 200 47 "-" "Mozilla/5.0 (compatible; MSIE 9.0; Windows NT 6.1; WOW64; Trident/5.0)"
80.96.105.54 - - [17/Nov/2017:03:38:25 +0000] "POST /search/?c=Computers HTTP/1.1" 200 41 "-" "Mozilla/5.0 (compatible; MSIE 9.0; Windows NT 6.1; WOW64; Trident/5.0)"
200.78.131.141 - - [17/Nov/2017:03:38:30 +0000] "GET /category/music HTTP/1.1" 200 61 "/item/office/1168" "Mozilla/5.0 (compatible; MSIE 9.0; Windows NT 6.1; WOW64; Trident/5.0)"
216.132.160.25 - - [17/Nov/2017:03:38:35 +0000] "GET /category/software HTTP/1.1" 200 70 "http://www.google.com/search?ie=UTF-8&q=google&sclient=psy-ab&q=Software&oq=Software&aq=f&aqi=g-vL1&aql=&pbx=1&bav=on.2,or.r_gc.r_pw.r_qf.,cf.osb&biw=1587&bih=480" "Mozilla/4.0 (compatible; MSIE 8.0; Windows NT 6.1; WOW64; Trident/4.0; YTB730; GTB7.2; SLCC2; .NET CLR 2.0.50727; .NET CLR 3.5.30729; .NET CLR 3.0.30729; .NET4.0C; .NET4.0E; Media Center PC 6.0)"
48.168.148.167 - - [17/Nov/2017:03:38:40 +0000] "POST /search/?c=Networking HTTP/1.1" 200 66 "-" "Mozilla/5.0 (Windows NT 6.0; rv:10.0.1) Gecko/20100101 Firefox/10.0.1"
20.45.119.184 - - [17/Nov/2017:03:38:45 +0000] "GET /category/giftcards HTTP/1.1" 200 120 "/category/electronics" "Mozilla/5.0 (Macintosh; Intel Mac OS X 10.6; rv:9.0.1) Gecko/20100101 Firefox/9.0.1"
68.171.43.168 - - [17/Nov/2017:03:38:50 +0000] "GET /item/office/278 HTTP/1.1" 200 108 "-" "Mozilla/4.0 (compatible; MSIE 8.0; Windows NT 5.1; Trident/4.0; YTB720; GTB7.2; .NET CLR 1.1.4322; .NET CLR 2.0.50727; .NET CLR 3.0.4506.2152; .NET CLR 3.5.30729)"
56.186.73.100 - - [17/Nov/2017:03:38:55 +0000] "GET /category/giftcards HTTP/1.1" 200 43 "/category/books?from=0" "Mozilla/5.0 (compatible; MSIE 9.0; Windows NT 6.1; Trident/5.0)"
196.207.160.124 - - [17/Nov/2017:03:39:00 +0000] "GET /category/software HTTP/1.1" 200 93 "http://www.google.com/search?ie=UTF-8&q=google&sclient=psy-ab&q=Software+Software&oq=Software+Software&aq=f&aqi=g-vL1&aql=&pbx=1&bav=on.2,or.r_gc.r_pw.r_qf.,cf.osb&biw=3809&bih=57" "Mozilla/5.0 (compatible; MSIE 9.0; Windows NT 6.1; WOW64; Trident/5.0)"
36.126.180.91 - - [17/Nov/2017:03:39:05 +0000] "GET /item/books/4322 HTTP/1.1" 200 44 "/search/?c=Books+Books" "Mozilla/5.0 (Windows NT 6.0; rv:10.0.1) Gecko/20100101 Firefox/10.0.1"
208.54.69.174 - - [17/Nov/2017:03:39:10 +0000] "GET /category/electronics HTTP/1.1" 200 62 "/category/jewelry" "Mozilla/5.0 (Macintosh; Intel Mac OS X 10.6; rv:9.0.1) Gecko/20100101 Firefox/9.0.1"
132.141.158.51 - - [17/Nov/2017:03:39:15 +0000] "GET /category/computers HTTP/1.1" 200 131 "-" "Mozilla/5.0 (compatible; Googlebot/2.1; +http://www.google.com/bot.html)"
152.72.100.218 - - [17/Nov/2017:03:39:20 +0000] "GET /category/books HTTP/1.1" 200 68 "/item/computers/3259" "Mozilla/5.0 (Windows NT 6.1; WOW64) AppleWebKit/535.7 (KHTML, like Gecko) Chrome/16.0.912.77 Safari/535.7"
144.90.208.217 - - [17/Nov/2017:03:39:25 +0000] "GET /item/electronics/3972 HTTP/1.1" 200 114 "-" "Mozilla/5.0 (Windows NT 6.1; WOW64; rv:10.0.1) Gecko/20100101 Firefox/10.0.1"
144.162.184.30 - - [17/Nov/2017:03:39:30 +0000] "GET /item/toys/1733 HTTP/1.1" 200 117 "/category/office?from=10" "Mozilla/5.0 (Windows NT 6.1; WOW64) AppleWebKit/535.7 (KHTML, like Gecko) Chrome/16.0.912.77 Safari/535.7"
72.216.215.73 - - [17/Nov/2017:03:39:35 +0000] "POST /search/?c=Jewelry+Games HTTP/1.1" 200 129 "/item/toys/2937" "Mozilla/4.0 (compatible; MSIE 8.0; Windows NT 5.1; Trident/4.0; BTRS122159; GTB7.2; .NET CLR 1.1.4322; .NET CLR 2.0.50727; .NET CLR 3.0.04506.30; .NET CLR 3.0.4506.2152; .NET CLR 3.5.30729; BRI/2)"
44.102.75.27 - - [17/Nov/2017:03:39:40 +0000] "GET /item/sports/4528 HTTP/1.1" 200 43 "-" "Mozilla/5.0 (compatible; Googlebot/2.1; +http://www.google.com/bot.html)"
140.51.85.207 - - [17/Nov/2017:03:39:45 +0000] "GET /category/electronics HTTP/1.1" 200 67 "-" "Mozilla/5.0 (compatible; MSIE 9.0; Windows NT 6.1; Trident/5.0)"
100.18.93.108 - - [17/Nov/2017:03:39:50 +0000] "GET /category/electronics HTTP/1.1" 200 116 "/category/books" "Mozilla/5.0 (compatible; MSIE 9.0; Windows NT 6.1; WOW64; Trident/5.0)"
148.42.153.163 - - [17/Nov/2017:03:39:55 +0000] "GET /category/garden?from=0 HTTP/1.1" 200 41 "/item/giftcards/1476" "Mozilla/5.0 (compatible; MSIE 9.0; Windows NT 6.1; WOW64; Trident/5.0)"
148.180.67.120 - - [17/Nov/2017:03:40:00 +0000] "GET /category/toys HTTP/1.1" 200 130 "-" "Mozilla/4.0 (compatible; MSIE 8.0; Windows NT 5.1; Trident/4.0; BTRS122159; GTB7.2; .NET CLR 1.1.4322; .NET CLR 2.0.50727; .NET CLR 3.0.04506.30; .NET CLR 3.0.4506.2152; .NET CLR 3.5.30729; BRI/2)"
112.84.123.124 - - [17/Nov/2017:03:40:05 +0000] "POST /search/?c=Electronics+Toys HTTP/1.1" 200 128 "-" "Mozilla/5.0 (Windows NT 6.1; WOW64) AppleWebKit/535.7 (KHTML, like Gecko) Chrome/16.0.912.77 Safari/535.7"
128.123.134.69 - - [17/Nov/2017:03:40:10 +0000] "GET /category/software HTTP/1.1" 200 92 "-" "Mozilla/5.0 (Windows NT 6.0) AppleWebKit/535.11 (KHTML, like Gecko) Chrome/17.0.963.56 Safari/535.11"
152.72.100.218 - - [17/Nov/2017:03:40:15 +0000] "GET /item/software/1271 HTTP/1.1" 200 103 "/category/networking" "Mozilla/4.0 (compatible; MSIE 8.0; Windows NT 6.1; WOW64; Trident/4.0; GTB7.2; SLCC2; .NET CLR 2.0.50727; .NET CLR 3.5.30729; .NET CLR 3.0.30729; Media Center PC 6.0; .NET4.0C)"
48.57.162.127 - - [17/Nov/2017:03:40:20 +0000] "GET /category/finance HTTP/1.1" 200 68 "-" "Mozilla/5.0 (iPhone; CPU iPhone OS 5_0_1 like Mac OS X) AppleWebKit/534.46 (KHTML, like Gecko) Version/5.1 Mobile/9A405 Safari/7534.48.3"
76.219.110.59 - - [17/Nov/2017:03:40:25 +0000] "GET /item/electronics/1876 HTTP/1.1" 200 54 "-" "Mozilla/5.0 (Windows NT 5.1) AppleWebKit/535.11 (KHTML, like Gecko) Chrome/17.0.963.46 Safari/535.11"
132.120.217.35 - - [17/Nov/2017:03:40:30 +0000] "GET /category/cameras HTTP/1.1" 200 116 "/category/jewelry?from=20" "Mozilla/4.0 (compatible; MSIE 8.0; Windows NT 6.1; WOW64; Trident/4.0; GTB7.2; SLCC2; .NET CLR 2.0.50727; .NET CLR 3.5.30729; .NET CLR 3.0.30729; Media Center PC 6.0; .NET4.0C)"
224.186.203.56 - - [17/Nov/2017:03:40:35 +0000] "POST /search/?c=Software+Garden HTTP/1.1" 200 98 "/category/giftcards" "Mozilla/5.0 (Windows NT 5.1) AppleWebKit/535.11 (KHTML, like Gecko) Chrome/17.0.963.46 Safari/535.11"
128.177.137.56 - - [17/Nov/2017:03:40:40 +0000] "GET /category/garden HTTP/1.1" 200 117 "/category/sports" "Mozilla/5.0 (Macintosh; Intel Mac OS X 10.6; rv:9.0.1) Gecko/20100101 Firefox/9.0.1"
188.120.42.55 - - [17/Nov/2017:03:40:45 +0000] "GET /item/finance/4100 HTTP/1.1" 200 84 "-" "Mozilla/4.0 (compatible; MSIE 8.0; Windows NT 5.1; Trident/4.0; BTRS122159; GTB7.2; .NET CLR 1.1.4322; .NET CLR 2.0.50727; .NET CLR 3.0.04506.30; .NET CLR 3.0.4506.2152; .NET CLR 3.5.30729; BRI/2)"
116.39.203.186 - - [17/Nov/2017:03:40:50 +0000] "GET /item/games/1885 HTTP/1.1" 200 83 "/category/finance" "Mozilla/5.0 (compatible; MSIE 9.0; Windows NT 6.1; WOW64; Trident/5.0)"
44.102.75.27 - - [17/Nov/2017:03:40:55 +0000] "GET /category/cameras HTTP/1.1" 200 114 "/item/books/1440" "Mozilla/4.0 (compatible; MSIE 8.0; Windows NT 6.1; WOW64; Trident/4.0; YTB730; GTB7.2; EasyBits GO v1.0; SLCC2; .NET CLR 2.0.50727; .NET CLR 3.5.30729; .NET CLR 3.0.30729; Media Center PC 6.0; .NET4.0C)"
116.144.123.207 - - [17/Nov/2017:03:41:00 +0000] "GET /category/garden HTTP/1.1" 200 77 "/item/electronics/4629" "Mozilla/4.0 (compatible; MSIE 8.0; Windows NT 6.1; WOW64; Trident/4.0; YTB730; GTB7.2; SLCC2; .NET CLR 2.0.50727; .NET CLR 3.5.30729; .NET CLR 3.0.30729; .NET4.0C; .NET4.0E; Media Center PC 6.0)"
108.93.207.173 - - [17/Nov/2017:03:41:05 +0000] "GET /item/computers/3622 HTTP/1.1" 200 110 "/category/office" "Mozilla/4.0 (compatible; MSIE 8.0; Windows NT 6.1; WOW64; Trident/4.0; YTB730; GTB7.2; SLCC2; .NET CLR 2.0.50727; .NET CLR 3.5.30729; .NET CLR 3.0.30729; .NET4.0C; .NET4.0E; Media Center PC 6.0)"
180.147.87.207 - - [17/Nov/2017:03:41:10 +0000] "GET /category/office HTTP/1.1" 200 128 "/item/finance/4075" "Mozilla/5.0 (Windows NT 5.1) AppleWebKit/535.11 (KHTML, like Gecko) Chrome/17.0.963.46 Safari/535.11"
76.39.153.224 - - [17/Nov/2017:03:41:15 +0000] "POST /search/?c=Software+Garden HTTP/1.1" 200 98 "-" "Mozilla/5.0 (compatible; MSIE 9.0; Windows NT 6.1; Trident/5.0)"
196.225.41.136 - - [17/Nov/2017:03:41:20 +0000] "GET /item/software/3586 HTTP/1.1" 200 111 "-" "Mozilla/5.0 (compatible; MSIE 9.0; Windows NT 6.1; Trident/5.0)"
116.21.137.191 - - [17/Nov/2017:03:41:25 +0000] "GET /category/books HTTP/1.1" 200 74 "/search/?c=Electronics+Software" "Mozilla/5.0 (Windows NT 6.1; WOW64) AppleWebKit/535.7 (KHTML, like Gecko) Chrome/16.0.912.77 Safari/535.7"
140.36.89.127 - - [17/Nov/2017:03:41:30 +0000] "GET /item/electronics/3393 HTTP/1.1" 404 59 "/search/?c=Electronics+Office" "Mozilla/5.0 (Windows NT 6.0; rv:10.0.1) Gecko/20100101 Firefox/10.0.1"
228.54.175.57 - - [17/Nov/2017:03:41:35 +0000] "GET /item/garden/348 HTTP/1.1" 200 50 "/item/electronics/3042" "Mozilla/5.0 (Windows NT 6.1; WOW64; rv:10.0.1) Gecko/20100101 Firefox/10.0.1"
216.222.35.46 - - [17/Nov/2017:03:41:40 +0000] "GET /category/computers HTTP/1.1" 200 114 "-" "Mozilla/5.0 (Windows NT 6.1; WOW64) AppleWebKit/535.11 (KHTML, like Gecko) Chrome/17.0.963.56 Safari/535.11"
80.39.220.94 - - [17/Nov/2017:03:41:45 +0000] "POST /search/?c=Cameras+Finance HTTP/1.1" 200 49 "-" "Mozilla/5.0 (Windows NT 6.0) AppleWebKit/535.11 (KHTML, like Gecko) Chrome/17.0.963.56 Safari/535.11"
96.99.105.24 - - [17/Nov/2017:03:41:50 +0000] "GET /category/sports HTTP/1.1" 200 59 "/category/finance" "Mozilla/5.0 (Windows NT 6.0; rv:10.0.1) Gecko/20100101 Firefox/10.0.1"
140.27.85.29 - - [17/Nov/2017:03:41:55 +0000] "GET /item/electronics/3298 HTTP/1.1" 200 93 "-" "Mozilla/4.0 (compatible; MSIE 8.0; Windows NT 6.1; WOW64; Trident/4.0; GTB7.2; SLCC2; .NET CLR 2.0.50727; .NET CLR 3.5.30729; .NET CLR 3.0.30729; Media Center PC 6.0; .NET4.0C)"
32.63.131.213 - - [17/Nov/2017:03:42:00 +0000] "GET /item/garden/1912 HTTP/1.1" 200 84 "/search/?c=Garden" "Mozilla/5.0 (Windows NT 6.0; rv:10.0.1) Gecko/20100101 Firefox/10.0.1"
188.111.114.167 - - [17/Nov/2017:03:42:05 +0000] "GET /item/finance/1207 HTTP/1.1" 200 57 "/search/?c=Finance+Office" "Mozilla/5.0 (Windows NT 6.1; WOW64; rv:10.0.1) Gecko/20100101 Firefox/10.0.1"
192.96.212.129 - - [17/Nov/2017:03:42:10 +0000] "GET /item/office/2855 HTTP/1.1" 200 52 "-" "Mozilla/5.0 (Windows NT 6.1; WOW64; rv:10.0.1) Gecko/20100101 Firefox/10.0.1"
212.174.139.73 - - [17/Nov/2017:03:42:15 +0000] "POST /search/?c=Software+Networking HTTP/1.1" 200 104 "-" "Mozilla/5.0 (Windows NT 6.1; WOW64) AppleWebKit/535.7 (KHTML, like Gecko) Chrome/16.0.912.77 Safari/535.7"
88.63.121.43 - - [17/Nov/2017:03:42:20 +0000] "GET /category/computers HTTP/1.1" 200 48 "/category/giftcards" "Mozilla/4.0 (compatible; MSIE 8.0; Windows NT 6.0; WOW64; Trident/4.0; GTB6; SLCC1; .NET CLR 2.0.50727; Media Center PC 5.0; .NET CLR 3.5.30729; .NET CLR 3.0.30618; .NET4.0C)"
148.27.172.38 - - [17/Nov/2017:03:42:25 +0000] "GET /category/office HTTP/1.1" 200 46 "/category/jewelry" "Mozilla/5.0 (Macintosh; Intel Mac OS X 10.6; rv:9.0.1) Gecko/20100101 Firefox/9.0.1"
80.120.169.42 - - [17/Nov/2017:03:42:30 +0000] "GET /category/electronics HTTP/1.1" 200 51 "/item/electronics/2049" "Mozilla/5.0 (Windows NT 6.1; WOW64; rv:10.0.1) Gecko/20100101 Firefox/10.0.1"
192.228.189.65 - - [17/Nov/2017:03:42:35 +0000] "GET /item/sports/2911 HTTP/1.1" 200 130 "/category/electronics" "Mozilla/5.0 (Windows NT 6.1; WOW64) AppleWebKit/535.7 (KHTML, like Gecko) Chrome/16.0.912.77 Safari/535.7"
152.21.213.161 - - [17/Nov/2017:03:42:40 +0000] "POST /search/?c=Jewelry HTTP/1.1" 200 89 "-" "Mozilla/5.0 (compatible; MSIE 9.0; Windows NT 6.1; Trident/5.0)"
24.156.218.186 - - [17/Nov/2017:03:42:45 +0000] "GET /category/health HTTP/1.1" 200 59 "-" "Mozilla/5.0 (Windows NT 6.0; rv:10.0.1) Gecko/20100101 Firefox/10.0.1"
60.213.58.52 - - [17/Nov/2017:03:42:50 +0000] "GET /category/jewelry HTTP/1.1" 200 77 "-" "Mozilla/5.0 (Macintosh; Intel Mac OS X 10.6; rv:9.0.1) Gecko/20100101 Firefox/9.0.1"
100.45.176.200 - - [17/Nov/2017:03:42:55 +0000] "GET /category/electronics?from=20 HTTP/1.1" 200 52 "/item/software/2343" "Mozilla/5.0 (Windows NT 6.1; WOW64) AppleWebKit/535.11 (KHTML, like Gecko) Chrome/17.0.963.56 Safari/535.11"
64.189.132.112 - - [17/Nov/2017:03:43:00 +0000] "GET /category/toys HTTP/1.1" 200 109 "/item/office/84" "Mozilla/4.0 (compatible; MSIE 8.0; Windows NT 6.1; WOW64; Trident/4.0; YTB730; GTB7.2; EasyBits GO v1.0; SLCC2; .NET CLR 2.0.50727; .NET CLR 3.5.30729; .NET CLR 3.0.30729; Media Center PC 6.0; .NET4.0C)"
80.96.105.54 - - [17/Nov/2017:03:43:05 +0000] "GET /item/electronics/2699 HTTP/1.1" 200 124 "/search/?c=Electronics" "Mozilla/5.0 (Windows NT 6.1; WOW64) AppleWebKit/535.7 (KHTML, like Gecko) Chrome/16.0.912.77 Safari/535.7"
32.213.174.79 - - [17/Nov/2017:03:43:10 +0000] "GET /category/software HTTP/1.1" 200 82 "-" "Mozilla/5.0 (Windows NT 6.0) AppleWebKit/535.11 (KHTML, like Gecko) Chrome/17.0.963.56 Safari/535.11"
128.120.138.51 - - [17/Nov/2017:03:43:15 +0000] "GET /category/cameras HTTP/1.1" 200 77 "/category/networking" "Mozilla/5.0 (compatible; MSIE 9.0; Windows NT 6.1; WOW64; Trident/5.0)"
124.78.114.122 - - [17/Nov/2017:03:43:20 +0000] "GET /category/cameras HTTP/1.1" 200 116 "/category/cameras" "Mozilla/5.0 (Windows NT 6.0; rv:10.0.1) Gecko/20100101 Firefox/10.0.1"
176.87.116.29 - - [17/Nov/2017:03:43:25 +0000] "POST /search/?c=Electronics HTTP/1.1" 200 101 "-" "Mozilla/4.0 (compatible; MSIE 8.0; Windows NT 6.1; WOW64; Trident/4.0; YTB730; GTB7.2; EasyBits GO v1.0; SLCC2; .NET CLR 2.0.50727; .NET CLR 3.5.30729; .NET CLR 3.0.30729; Media Center PC 6.0; .NET4.0C)"
108.78.41.69 - - [17/Nov/2017:03:43:30 +0000] "GET /category/networking HTTP/1.1" 200 82 "/category/garden" "Mozilla/5.0 (Windows NT 6.0; rv:10.0.1) Gecko/20100101 Firefox/10.0.1"
204.117.20.72 - - [17/Nov/2017:03:43:35 +0000] "POST /search/?c=Computers HTTP/1.1" 200 100 "-" "Mozilla/5.0 (compatible; Googlebot/2.1; +http://www.google.com/bot.html)"
212.174.138.139 - - [17/Nov/2017:03:43:40 +0000] "GET /category/books HTTP/1.1" 200 129 "-" "Mozilla/5.0 (Macintosh; Intel Mac OS X 10.6; rv:9.0.1) Gecko/20100101 Firefox/9.0.1"
116.180.157.149 - - [17/Nov/2017:03:43:45 +0000] "GET /item/computers/4707 HTTP/1.1" 200 115 "-" "Mozilla/5.0 (Windows NT 6.1; WOW64) AppleWebKit/535.7 (KHTML, like Gecko) Chrome/16.0.912.77 Safari/535.7"
52.189.217.120 - - [17/Nov/2017:03:43:50 +0000] "GET /item/office/851 HTTP/1.1" 200 129 "/category/cameras" "Mozilla/5.0 (Windows NT 6.1; WOW64; rv:10.0.1) Gecko/20100101 Firefox/10.0.1"
60.126.223.156 - - [17/Nov/2017:03:43:55 +0000] "POST /search/?c=Toys HTTP/1.1" 200 72 "-" "Mozilla/5.0 (Windows NT 5.1) AppleWebKit/535.11 (KHTML, like Gecko) Chrome/17.0.963.46 Safari/535.11"
108.141.179.49 - - [17/Nov/2017:03:44:00 +0000] "GET /category/software HTTP/1.1" 200 70 "/item/health/1862" "Mozilla/5.0 (Windows NT 6.0) AppleWebKit/535.11 (KHTML, like Gecko) Chrome/17.0.963.56 Safari/535.11"
212.66.174.222 - - [17/Nov/2017:03:44:05 +0000] "GET /category/cameras HTTP/1.1" 200 106 "-" "Mozilla/5.0 (Macintosh; Intel Mac OS X 10.6; rv:9.0.1) Gecko/20100101 Firefox/9.0.1"
188.165.183.191 - - [17/Nov/2017:03:44:10 +0000] "GET /category/electronics HTTP/1.1" 200 93 "/item/office/393" "Mozilla/5.0 (Windows NT 6.0; rv:10.0.1) Gecko/20100101 Firefox/10.0.1"
104.195.68.101 - - [17/Nov/2017:03:44:15 +0000] "GET /category/books HTTP/1.1" 200 54 "-" "Mozilla/5.0 (Windows NT 6.1; WOW64) AppleWebKit/535.11 (KHTML, like Gecko) Chrome/17.0.963.56 Safari/535.11"
208.174.27.69 - - [17/Nov/2017:03:44:20 +0000] "GET /category/health HTTP/1.1" 200 101 "-" "Mozilla/5.0 (Windows NT 6.1; WOW64; rv:10.0.1) Gecko/20100101 Firefox/10.0.1"
216.210.62.164 - - [17/Nov/2017:03:44:25 +0000] "POST /search/?c=Software+Electronics HTTP/1.1" 200 97 "-" "Mozilla/4.0 (compatible; MSIE 8.0; Windows NT 6.1; WOW64; Trident/4.0; YTB730; GTB7.2; EasyBits GO v1.0; SLCC2; .NET CLR 2.0.50727; .NET CLR 3.5.30729; .NET CLR 3.0.30729; Media Center PC 6.0; .NET4.0C)"
28.156.128.90 - - [17/Nov/2017:03:44:30 +0000] "GET /item/electronics/3444 HTTP/1.1" 200 131 "/category/music" "Mozilla/4.0 (compatible; MSIE 8.0; Windows NT 5.1; Trident/4.0; YTB720; GTB7.2; .NET CLR 1.1.4322; .NET CLR 2.0.50727; .NET CLR 3.0.4506.2152; .NET CLR 3.5.30729)"
80.96.105.54 - - [17/Nov/2017:03:44:35 +0000] "GET /category/electronics HTTP/1.1" 200 138 "/item/games/1456" "Mozilla/5.0 (Windows NT 6.1; WOW64) AppleWebKit/535.7 (KHTML, like Gecko) Chrome/16.0.912.77 Safari/535.7"
100.174.103.32 - - [17/Nov/2017:03:44:40 +0000] "POST /search/?c=Networking HTTP/1.1" 200 66 "-" "Mozilla/5.0 (Windows NT 6.0) AppleWebKit/535.11 (KHTML, like Gecko) Chrome/17.0.963.56 Safari/535.11"
172.45.84.183 - - [17/Nov/2017:03:44:45 +0000] "GET /category/electronics HTTP/1.1" 200 51 "-" "Mozilla/4.0 (compatible; MSIE 8.0; Windows NT 5.1; Trident/4.0; BTRS122159; GTB7.2; .NET CLR 1.1.4322; .NET CLR 2.0.50727; .NET CLR 3.0.04506.30; .NET CLR 3.0.4506.2152; .NET CLR 3.5.30729; BRI/2)"
60.192.196.122 - - [17/Nov/2017:03:44:50 +0000] "GET /item/software/1271 HTTP/1.1" 200 103 "/search/?c=Electronics" "Mozilla/5.0 (Windows NT 6.0; rv:10.0.1) Gecko/20100101 Firefox/10.0.1"
176.177.74.90 - - [17/Nov/2017:03:44:55 +0000] "GET /category/software HTTP/1.1" 200 121 "-" "Mozilla/5.0 (Windows NT 6.1; WOW64) AppleWebKit/535.11 (KHTML, like Gecko) Chrome/17.0.963.56 Safari/535.11"
80.81.66.77 - - [17/Nov/2017:03:45:00 +0000] "GET /item/electronics/3972 HTTP/1.1" 200 114 "-" "Mozilla/5.0 (Windows NT 6.0) AppleWebKit/535.11 (KHTML, like Gecko) Chrome/17.0.963.56 Safari/535.11"
28.93.191.106 - - [17/Nov/2017:03:45:05 +0000] "GET /category/software HTTP/1.1" 200 51 "/category/office" "Mozilla/5.0 (compatible; MSIE 9.0; Windows NT 6.1; Trident/5.0)"
100.18.93.108 - - [17/Nov/2017:03:45:10 +0000] "GET /category/games HTTP/1.1" 200 47 "-" "Mozilla/5.0 (Windows NT 6.0) AppleWebKit/535.11 (KHTML, like Gecko) Chrome/17.0.963.56 Safari/535.11"
164.219.72.37 - - [17/Nov/2017:03:45:15 +0000] "GET /category/electronics HTTP/1.1" 200 89 "-" "Mozilla/5.0 (compatible; MSIE 9.0; Windows NT 6.1; WOW64; Trident/5.0)"
168.195.218.121 - - [17/Nov/2017:03:45:20 +0000] "GET /item/electronics/4512 HTTP/1.1" 200 41 "-" "Mozilla/5.0 (iPad; CPU OS 5_0_1 like Mac OS X) AppleWebKit/534.46 (KHTML, like Gecko) Version/5.1 Mobile/9A405 Safari/7534.48.3"
80.114.67.84 - - [17/Nov/2017:03:45:25 +0000] "GET /category/electronics?from=20 HTTP/1.1" 200 124 "/item/electronics/266" "Mozilla/5.0 (compatible; MSIE 9.0; Windows NT 6.1; WOW64; Trident/5.0)"
172.186.101.199 - - [17/Nov/2017:03:45:30 +0000] "GET /item/electronics/4947 HTTP/1.1" 200 124 "/category/cameras" "Mozilla/5.0 (compatible; MSIE 9.0; Windows NT 6.1; WOW64; Trident/5.0)"
228.48.125.88 - - [17/Nov/2017:03:45:35 +0000] "POST /search/?c=Cameras+Office HTTP/1.1" 200 71 "/item/networking/2266" "Mozilla/5.0 (Windows NT 6.1; WOW64; rv:10.0.1) Gecko/20100101 Firefox/10.0.1"
68.72.35.74 - - [17/Nov/2017:03:45:40 +0000] "POST /search/?c=Electronics HTTP/1.1" 200 73 "-" "Mozilla/4.0 (compatible; MSIE 8.0; Windows NT 6.1; Trident/4.0; YTB730; SLCC2; .NET CLR 2.0.50727; .NET CLR 3.5.30729; .NET CLR 3.0.30729; Media Center PC 6.0; .NET4.0C)"
208.120.110.135 - - [17/Nov/2017:03:45:45 +0000] "GET /item/garden/1220 HTTP/1.1" 200 112 "-" "Mozilla/5.0 (Windows NT 6.1; WOW64; rv:10.0.1) Gecko/20100101 Firefox/10.0.1"
28.66.41.90 - - [17/Nov/2017:03:45:50 +0000] "GET /category/office HTTP/1.1" 200 77 "/category/electronics?from=20" "Mozilla/5.0 (Windows NT 6.0) AppleWebKit/535.11 (KHTML, like Gecko) Chrome/17.0.963.56 Safari/535.11"
168.39.135.79 - - [17/Nov/2017:03:45:55 +0000] "GET /item/finance/4175 HTTP/1.1" 200 42 "/search/?c=Electronics+Garden" "Mozilla/5.0 (compatible; MSIE 9.0; Windows NT 6.1; Trident/5.0)"
36.81.83.145 - - [17/Nov/2017:03:46:00 +0000] "GET /item/networking/3624 HTTP/1.1" 200 44 "/item/computers/4451" "Mozilla/4.0 (compatible; MSIE 8.0; Windows NT 5.1; Trident/4.0; BTRS122159; GTB7.2; .NET CLR 1.1.4322; .NET CLR 2.0.50727; .NET CLR 3.0.04506.30; .NET CLR 3.0.4506.2152; .NET CLR 3.5.30729; BRI/2)"
108.78.86.154 - - [17/Nov/2017:03:46:05 +0000] "GET /category/jewelry HTTP/1.1" 200 111 "/category/finance" "Mozilla/4.0 (compatible; MSIE 8.0; Windows NT 6.0; WOW64; Trident/4.0; GTB6; SLCC1; .NET CLR 2.0.50727; Media Center PC 5.0; .NET CLR 3.5.30729; .NET CLR 3.0.30618; .NET4.0C)"
208.138.152.63 - - [17/Nov/2017:03:46:10 +0000] "GET /category/health HTTP/1.1" 200 132 "-" "Mozilla/5.0 (Windows NT 6.0; rv:10.0.1) Gecko/20100101 Firefox/10.0.1"
144.99.170.128 - - [17/Nov/2017:03:46:15 +0000] "GET /item/software/2456 HTTP/1.1" 200 77 "/category/cameras" "Mozilla/5.0 (iPad; CPU OS 5_0_1 like Mac OS X) AppleWebKit/534.46 (KHTML, like Gecko) Version/5.1 Mobile/9A405 Safari/7534.48.3"
100.135.99.62 - - [17/Nov/2017:03:46:20 +0000] "GET /category/software HTTP/1.1" 200 82 "-" "Mozilla/5.0 (compatible; MSIE 9.0; Windows NT 6.1; WOW64; Trident/5.0)"
88.195.115.100 - - [17/Nov/2017:03:46:25 +0000] "GET /item/sports/1884 HTTP/1.1" 200 105 "-" "Mozilla/5.0 (compatible; MSIE 9.0; Windows NT 6.1; Trident/5.0)"
224.192.71.37 - - [17/Nov/2017:03:46:30 +0000] "GET /category/garden HTTP/1.1" 200 138 "/search/?c=Office+Office" "Mozilla/5.0 (Windows NT 6.0; rv:10.0.1) Gecko/20100101 Firefox/10.0.1"
196.63.209.217 - - [17/Nov/2017:03:46:35 +0000] "GET /category/books HTTP/1.1" 200 98 "/category/office" "Mozilla/5.0 (Macintosh; Intel Mac OS X 10.6; rv:9.0.1) Gecko/20100101 Firefox/9.0.1"
72.153.193.186 - - [17/Nov/2017:03:46:40 +0000] "POST /search/?c=Office HTTP/1.1" 200 138 "-" "Mozilla/4.0 (compatible; MSIE 8.0; Windows NT 6.1; Trident/4.0; YTB730; SLCC2; .NET CLR 2.0.50727; .NET CLR 3.5.30729; .NET CLR 3.0.30729; Media Center PC 6.0; .NET4.0C)"
192.93.155.127 - - [17/Nov/2017:03:46:45 +0000] "GET /category/software HTTP/1.1" 200 82 "/category/finance" "Mozilla/5.0 (Windows NT 5.1) AppleWebKit/535.11 (KHTML, like Gecko) Chrome/17.0.963.46 Safari/535.11"
44.57.212.87 - - [17/Nov/2017:03:46:50 +0000] "GET /item/garden/2971 HTTP/1.1" 200 116 "http://www.google.com/search?ie=UTF-8&q=google&sclient=psy-ab&q=Garden&oq=Garden&aq=f&aqi=g-vL1&aql=&pbx=1&bav=on.2,or.r_gc.r_pw.r_qf.,cf.osb&biw=2977&bih=332" "Mozilla/5.0 (compatible; MSIE 9.0; Windows NT 6.1; WOW64; Trident/5.0)"
108.171.226.164 - - [17/Nov/2017:03:46:55 +0000] "GET /category/sports HTTP/1.1" 200 98 "/category/health" "Mozilla/5.0 (Macintosh; Intel Mac OS X 10.6; rv:9.0.1) Gecko/20100101 Firefox/9.0.1"
216.138.190.49 - - [17/Nov/2017:03:47:00 +0000] "GET /category/electronics HTTP/1.1" 200 79 "/category/health" "Mozilla/5.0 (Windows NT 6.1; WOW64) AppleWebKit/535.7 (KHTML, like Gecko) Chrome/16.0.912.77 Safari/535.7"
56.150.202.109 - - [17/Nov/2017:03:47:05 +0000] "GET /category/software HTTP/1.1" 200 87 "-" "Mozilla/4.0 (compatible; MSIE 8.0; Windows NT 5.1; Trident/4.0; YTB720; GTB7.2; .NET CLR 1.1.4322; .NET CLR 2.0.50727; .NET CLR 3.0.4506.2152; .NET CLR 3.5.30729)"
140.27.162.195 - - [17/Nov/2017:03:47:10 +0000] "GET /item/office/2035 HTTP/1.1" 200 120 "/item/office/2904" "Mozilla/5.0 (Macintosh; Intel Mac OS X 10.6; rv:9.0.1) Gecko/20100101 Firefox/9.0.1"
60.54.78.101 - - [17/Nov/2017:03:47:15 +0000] "POST /search/?c=Electronics+Books HTTP/1.1" 200 134 "-" "Mozilla/5.0 (Windows NT 6.0; rv:10.0.1) Gecko/20100101 Firefox/10.0.1"
88.126.130.26 - - [17/Nov/2017:03:47:20 +0000] "POST /search/?c=Electronics+Books HTTP/1.1" 200 96 "/item/books/1440" "Mozilla/5.0 (Windows NT 6.1; WOW64) AppleWebKit/535.11 (KHTML, like Gecko) Chrome/17.0.963.56 Safari/535.11"
212.183.136.225 - - [17/Nov/2017:03:47:25 +0000] "GET /category/finance HTTP/1.1" 200 132 "-" "Mozilla/5.0 (Windows NT 6.0) AppleWebKit/535.11 (KHTML, like Gecko) Chrome/17.0.963.56 Safari/535.11"
64.189.132.112 - - [17/Nov/2017:03:47:30 +0000] "GET /item/electronics/2805 HTTP/1.1" 200 55 "/item/office/4595" "Mozilla/5.0 (Macintosh; Intel Mac OS X 10.6; rv:9.0.1) Gecko/20100101 Firefox/9.0.1"
224.210.40.49 - - [17/Nov/2017:03:47:35 +0000] "GET /category/giftcards?from=0 HTTP/1.1" 200 81 "/item/books/4067" "Mozilla/5.0 (compatible; Googlebot/2.1; +http://www.google.com/bot.html)"
112.159.38.190 - - [17/Nov/2017:03:47:40 +0000] "POST /search/?c=Books+Electronics HTTP/1.1" 200 79 "-" "Mozilla/5.0 (compatible; Googlebot/2.1; +http://www.google.com/bot.html)"
24.57.24.122 - - [17/Nov/2017:03:47:45 +0000] "GET /category/software?from=0 HTTP/1.1" 200 44 "-" "Mozilla/4.0 (compatible; MSIE 8.0; Windows NT 6.1; WOW64; Trident/4.0; GTB7.2; SLCC2; .NET CLR 2.0.50727; .NET CLR 3.5.30729; .NET CLR 3.0.30729; Media Center PC 6.0; .NET4.0C)"
40.174.209.108 - - [17/Nov/2017:03:47:50 +0000] "GET /category/finance HTTP/1.1" 200 46 "-" "Mozilla/5.0 (Windows NT 6.0; rv:10.0.1) Gecko/20100101 Firefox/10.0.1"
112.60.183.55 - - [17/Nov/2017:03:47:55 +0000] "GET /item/books/1503 HTTP/1.1" 200 49 "/category/giftcards?from=10" "Mozilla/5.0 (Windows NT 6.1; WOW64; rv:10.0.1) Gecko/20100101 Firefox/10.0.1"
144.216.152.78 - - [17/Nov/2017:03:48:00 +0000] "GET /item/office/4595 HTTP/1.1" 200 137 "/search/?c=Office" "Mozilla/4.0 (compatible; MSIE 8.0; Windows NT 5.1; Trident/4.0; YTB720; GTB7.2; .NET CLR 1.1.4322; .NET CLR 2.0.50727; .NET CLR 3.0.4506.2152; .NET CLR 3.5.30729)"
140.144.63.69 - - [17/Nov/2017:03:48:05 +0000] "GET /item/sports/4622 HTTP/1.1" 200 109 "/item/cameras/4503" "Mozilla/5.0 (Windows NT 6.0) AppleWebKit/535.11 (KHTML, like Gecko) Chrome/17.0.963.56 Safari/535.11"
172.186.53.43 - - [17/Nov/2017:03:48:10 +0000] "POST /search/?c=Books+Health HTTP/1.1" 200 114 "-" "Mozilla/5.0 (Windows NT 6.1; WOW64) AppleWebKit/535.11 (KHTML, like Gecko) Chrome/17.0.963.56 Safari/535.11"
24.216.105.63 - - [17/Nov/2017:03:48:15 +0000] "GET /category/office HTTP/1.1" 200 74 "/category/sports" "Mozilla/5.0 (Windows NT 5.1) AppleWebKit/535.11 (KHTML, like Gecko) Chrome/17.0.963.46 Safari/535.11"
228.162.165.103 - - [17/Nov/2017:03:48:20 +0000] "GET /category/networking HTTP/1.1" 200 82 "-" "Mozilla/5.0 (Windows NT 6.1; WOW64) AppleWebKit/535.7 (KHTML, like Gecko) Chrome/16.0.912.77 Safari/535.7"
72.27.184.75 - - [17/Nov/2017:03:48:25 +0000] "GET /category/garden HTTP/1.1" 200 126 "/search/?c=Garden" "Mozilla/5.0 (Windows NT 6.1; WOW64) AppleWebKit/535.11 (KHTML, like Gecko) Chrome/17.0.963.56 Safari/535.11"
32.135.88.43 - - [17/Nov/2017:03:48:30 +0000] "POST /search/?c=Cameras+Finance HTTP/1.1" 200 49 "/category/games" "Mozilla/5.0 (Windows NT 6.1; WOW64) AppleWebKit/535.11 (KHTML, like Gecko) Chrome/17.0.963.56 Safari/535.11"
120.171.185.176 - - [17/Nov/2017:03:48:35 +0000] "GET /item/health/961 HTTP/1.1" 200 102 "/item/giftcards/4757" "Mozilla/5.0 (Macintosh; Intel Mac OS X 10.6; rv:9.0.1) Gecko/20100101 Firefox/9.0.1"
152.225.175.76 - - [17/Nov/2017:03:48:40 +0000] "GET /item/electronics/1911 HTTP/1.1" 200 122 "/item/electronics/379" "Mozilla/5.0 (Macintosh; Intel Mac OS X 10.6; rv:9.0.1) Gecko/20100101 Firefox/9.0.1"
176.69.100.211 - - [17/Nov/2017:03:48:45 +0000] "GET /item/garden/1220 HTTP/1.1" 200 112 "-" "Mozilla/5.0 (Windows NT 6.0; rv:10.0.1) Gecko/20100101 Firefox/10.0.1"
100.45.176.200 - - [17/Nov/2017:03:48:50 +0000] "GET /item/software/272 HTTP/1.1" 200 71 "/category/software" "Mozilla/4.0 (compatible; MSIE 8.0; Windows NT 5.1; Trident/4.0; BTRS122159; GTB7.2; .NET CLR 1.1.4322; .NET CLR 2.0.50727; .NET CLR 3.0.04506.30; .NET CLR 3.0.4506.2152; .NET CLR 3.5.30729; BRI/2)"
88.123.35.97 - - [17/Nov/2017:03:48:55 +0000] "POST /search/?c=Networking+Networking HTTP/1.1" 200 50 "-" "Mozilla/5.0 (Windows NT 6.1; WOW64) AppleWebKit/535.11 (KHTML, like Gecko) Chrome/17.0.963.56 Safari/535.11"
192.198.24.209 - - [17/Nov/2017:03:49:00 +0000] "GET /item/electronics/2104 HTTP/1.1" 200 59 "/search/?c=Electronics" "Mozilla/5.0 (iPad; CPU OS 5_0_1 like Mac OS X) AppleWebKit/534.46 (KHTML, like Gecko) Version/5.1 Mobile/9A405 Safari/7534.48.3"
112.204.94.24 - - [17/Nov/2017:03:49:05 +0000] "GET /category/sports HTTP/1.1" 200 118 "/item/books/4067" "Mozilla/5.0 (compatible; Googlebot/2.1; +http://www.google.com/bot.html)"
196.57.135.222 - - [17/Nov/2017:03:49:10 +0000] "GET /category/electronics HTTP/1.1" 200 78 "-" "Mozilla/5.0 (compatible; Googlebot/2.1; +http://www.google.com/bot.html)"
152.39.30.145 - - [17/Nov/2017:03:49:15 +0000] "GET /item/garden/2971 HTTP/1.1" 200 116 "-" "Mozilla/5.0 (Macintosh; Intel Mac OS X 10.6; rv:9.0.1) Gecko/20100101 Firefox/9.0.1"
224.210.57.35 - - [17/Nov/2017:03:49:20 +0000] "GET /category/networking HTTP/1.1" 200 82 "-" "Mozilla/5.0 (Windows NT 6.1; WOW64) AppleWebKit/535.11 (KHTML, like Gecko) Chrome/17.0.963.56 Safari/535.11"
60.123.32.130 - - [17/Nov/2017:03:49:25 +0000] "GET /item/software/517 HTTP/1.1" 200 123 "/item/electronics/3377" "Mozilla/5.0 (compatible; MSIE 9.0; Windows NT 6.1; WOW64; Trident/5.0)"
32.135.88.43 - - [17/Nov/2017:03:49:30 +0000] "GET /category/games HTTP/1.1" 200 133 "-" "Mozilla/4.0 (compatible; MSIE 8.0; Windows NT 5.1; Trident/4.0; YTB720; GTB7.2; .NET CLR 1.1.4322; .NET CLR 2.0.50727; .NET CLR 3.0.4506.2152; .NET CLR 3.5.30729)"
192.168.159.47 - - [17/Nov/2017:03:49:35 +0000] "GET /category/books?from=10 HTTP/1.1" 200 99 "/search/?c=Books" "Mozilla/5.0 (Windows NT 6.1; WOW64) AppleWebKit/535.11 (KHTML, like Gecko) Chrome/17.0.963.56 Safari/535.11"
96.183.135.66 - - [17/Nov/2017:03:49:40 +0000] "GET /item/electronics/953 HTTP/1.1" 200 59 "-" "Mozilla/5.0 (Windows NT 6.1; WOW64; rv:10.0.1) Gecko/20100101 Firefox/10.0.1"
60.195.75.126 - - [17/Nov/2017:03:49:45 +0000] "GET /category/jewelry HTTP/1.1" 200 82 "http://www.google.com/search?ie=UTF-8&q=google&sclient=psy-ab&q=Jewelry&oq=Jewelry&aq=f&aqi=g-vL1&aql=&pbx=1&bav=on.2,or.r_gc.r_pw.r_qf.,cf.osb&biw=4031&bih=269" "Mozilla/5.0 (Windows NT 6.0) AppleWebKit/535.11 (KHTML, like Gecko) Chrome/17.0.963.56 Safari/535.11"
92.141.177.68 - - [17/Nov/2017:03:49:50 +0000] "GET /category/office?from=10 HTTP/1.1" 200 88 "/item/electronics/3162" "Mozilla/4.0 (compatible; MSIE 8.0; Windows NT 5.1; Trident/4.0; YTB720; GTB7.2; .NET CLR 1.1.4322; .NET CLR 2.0.50727; .NET CLR 3.0.4506.2152; .NET CLR 3.5.30729)"
160.183.132.213 - - [17/Nov/2017:03:49:55 +0000] "GET /category/electronics HTTP/1.1" 200 63 "/item/software/2629" "Mozilla/5.0 (Windows NT 6.1; WOW64) AppleWebKit/535.11 (KHTML, like Gecko) Chrome/17.0.963.56 Safari/535.11"
180.174.143.124 - - [17/Nov/2017:03:50:00 +0000] "GET /item/sports/13 HTTP/1.1" 200 100 "-" "Mozilla/5.0 (compatible; MSIE 9.0; Windows NT 6.1; WOW64; Trident/5.0)"
104.72.204.155 - - [17/Nov/2017:03:50:05 +0000] "GET /category/games HTTP/1.1" 200 100 "/item/books/2829" "Mozilla/5.0 (Windows NT 6.0) AppleWebKit/535.11 (KHTML, like Gecko) Chrome/17.0.963.56 Safari/535.11"
184.30.98.141 - - [17/Nov/2017:03:50:10 +0000] "POST /search/?c=Software HTTP/1.1" 200 61 "-" "Mozilla/5.0 (iPhone; CPU iPhone OS 5_0_1 like Mac OS X) AppleWebKit/534.46 (KHTML, like Gecko) Version/5.1 Mobile/9A405 Safari/7534.48.3"
20.45.119.184 - - [17/Nov/2017:03:50:15 +0000] "GET /item/electronics/4030 HTTP/1.1" 200 111 "/category/garden" "Mozilla/5.0 (Windows NT 6.0; rv:10.0.1) Gecko/20100101 Firefox/10.0.1"
92.147.59.203 - - [17/Nov/2017:03:50:20 +0000] "GET /category/electronics HTTP/1.1" 200 116 "/category/software" "Mozilla/5.0 (Windows NT 6.1; WOW64) AppleWebKit/535.7 (KHTML, like Gecko) Chrome/16.0.912.77 Safari/535.7"
32.189.72.176 - - [17/Nov/2017:03:50:25 +0000] "GET /category/office HTTP/1.1" 200 100 "-" "Mozilla/4.0 (compatible; MSIE 8.0; Windows NT 6.0; WOW64; Trident/4.0; GTB6; SLCC1; .NET CLR 2.0.50727; Media Center PC 5.0; .NET CLR 3.5.30729; .NET CLR 3.0.30618; .NET4.0C)"
76.132.177.175 - - [17/Nov/2017:03:50:30 +0000] "POST /search/?c=Software+Games HTTP/1.1" 200 124 "/item/health/2887" "Mozilla/5.0 (compatible; MSIE 9.0; Windows NT 6.1; WOW64; Trident/5.0)"
120.225.200.117 - - [17/Nov/2017:03:50:35 +0000] "GET /category/games HTTP/1.1" 200 66 "-" "Mozilla/5.0 (compatible; MSIE 9.0; Windows NT 6.1; WOW64; Trident/5.0)"
168.195.25.139 - - [17/Nov/2017:03:50:40 +0000] "GET /category/games HTTP/1.1" 200 110 "/item/finance/3901" "Mozilla/4.0 (compatible; MSIE 8.0; Windows NT 6.1; Trident/4.0; YTB730; SLCC2; .NET CLR 2.0.50727; .NET CLR 3.5.30729; .NET CLR 3.0.30729; Media Center PC 6.0; .NET4.0C)"
176.153.215.204 - - [17/Nov/2017:03:50:45 +0000] "GET /category/books HTTP/1.1" 200 131 "-" "Mozilla/5.0 (iPhone; CPU iPhone OS 5_0_1 like Mac OS X) AppleWebKit/534.46 (KHTML, like Gecko) Version/5.1 Mobile/9A405 Safari/7534.48.3"
196.207.160.124 - - [17/Nov/2017:03:50:50 +0000] "GET /category/electronics HTTP/1.1" 200 115 "-" "Mozilla/5.0 (compatible; MSIE 9.0; Windows NT 6.1; Trident/5.0)"
136.198.147.93 - - [17/Nov/2017:03:50:55 +0000] "GET /item/electronics/663 HTTP/1.1" 404 78 "-" "Mozilla/5.0 (Windows NT 6.1; WOW64; rv:10.0.1) Gecko/20100101 Firefox/10.0.1"
76.90.203.178 - - [17/Nov/2017:03:51:00 +0000] "GET /category/health HTTP/1.1" 200 59 "-" "Mozilla/5.0 (Macintosh; Intel Mac OS X 10.6; rv:9.0.1) Gecko/20100101 Firefox/9.0.1"
36.75.71.169 - - [17/Nov/2017:03:51:05 +0000] "GET /category/networking HTTP/1.1" 200 65 "-" "Mozilla/5.0 (iPhone; CPU iPhone OS 5_0_1 like Mac OS X) AppleWebKit/534.46 (KHTML, like Gecko) Version/5.1 Mobile/9A405 Safari/7534.48.3"
28.129.53.32 - - [17/Nov/2017:03:51:10 +0000] "GET /category/giftcards HTTP/1.1" 200 59 "/category/books" "Mozilla/5.0 (Macintosh; Intel Mac OS X 10.6; rv:9.0.1) Gecko/20100101 Firefox/9.0.1"
156.90.25.118 - - [17/Nov/2017:03:51:15 +0000] "GET /category/garden HTTP/1.1" 200 138 "-" "Mozilla/5.0 (Windows NT 6.1; WOW64) AppleWebKit/535.7 (KHTML, like Gecko) Chrome/16.0.912.77 Safari/535.7"
216.159.84.36 - - [17/Nov/2017:03:51:20 +0000] "GET /category/software HTTP/1.1" 200 55 "-" "Mozilla/4.0 (compatible; MSIE 8.0; Windows NT 6.1; Trident/4.0; YTB730; SLCC2; .NET CLR 2.0.50727; .NET CLR 3.5.30729; .NET CLR 3.0.30729; Media Center PC 6.0; .NET4.0C)"
156.174.158.57 - - [17/Nov/2017:03:51:25 +0000] "GET /item/finance/1103 HTTP/1.1" 200 109 "-" "Mozilla/5.0 (Windows NT 6.0; rv:10.0.1) Gecko/20100101 Firefox/10.0.1"
196.81.179.31 - - [17/Nov/2017:03:51:30 +0000] "GET /item/sports/3851 HTTP/1.1" 200 49 "-" "Mozilla/5.0 (compatible; Googlebot/2.1; +http://www.google.com/bot.html)"
180.228.190.87 - - [17/Nov/2017:03:51:35 +0000] "GET /item/networking/3236 HTTP/1.1" 200 109 "/item/giftcards/3166" "Mozilla/4.0 (compatible; MSIE 8.0; Windows NT 5.1; Trident/4.0; YTB720; GTB7.2; .NET CLR 1.1.4322; .NET CLR 2.0.50727; .NET CLR 3.0.4506.2152; .NET CLR 3.5.30729)"
40.63.61.211 - - [17/Nov/2017:03:51:40 +0000] "GET /item/software/3961 HTTP/1.1" 200 86 "/item/finance/3737" "Mozilla/4.0 (compatible; MSIE 8.0; Windows NT 6.0; WOW64; Trident/4.0; GTB6; SLCC1; .NET CLR 2.0.50727; Media Center PC 5.0; .NET CLR 3.5.30729; .NET CLR 3.0.30618; .NET4.0C)"
36.24.74.155 - - [17/Nov/2017:03:51:45 +0000] "GET /item/electronics/2670 HTTP/1.1" 200 51 "/category/finance" "Mozilla/4.0 (compatible; MSIE 8.0; Windows NT 5.1; Trident/4.0; YTB720; GTB7.2; .NET CLR 1.1.4322; .NET CLR 2.0.50727; .NET CLR 3.0.4506.2152; .NET CLR 3.5.30729)"
84.222.57.97 - - [17/Nov/2017:03:51:50 +0000] "GET /category/computers HTTP/1.1" 200 131 "/item/software/2699" "Mozilla/5.0 (Windows NT 5.1) AppleWebKit/535.11 (KHTML, like Gecko) Chrome/17.0.963.46 Safari/535.11"
216.117.163.69 - - [17/Nov/2017:03:51:55 +0000] "GET /item/office/4637 HTTP/1.1" 200 70 "/category/music?from=10" "Mozilla/4.0 (compatible; MSIE 8.0; Windows NT 6.1; WOW64; Trident/4.0; GTB7.2; SLCC2; .NET CLR 2.0.50727; .NET CLR 3.5.30729; .NET CLR 3.0.30729; Media Center PC 6.0; .NET4.0C)"
196.180.153.197 - - [17/Nov/2017:03:52:00 +0000] "GET /category/books HTTP/1.1" 200 50 "-" "Mozilla/5.0 (Windows NT 6.1; WOW64; rv:10.0.1) Gecko/20100101 Firefox/10.0.1"
196.24.211.196 - - [17/Nov/2017:03:52:05 +0000] "GET /category/music HTTP/1.1" 200 92 "/category/software" "Mozilla/5.0 (Windows NT 5.1) AppleWebKit/535.11 (KHTML, like Gecko) Chrome/17.0.963.46 Safari/535.11"
228.186.82.142 - - [17/Nov/2017:03:52:10 +0000] "GET /item/books/1533 HTTP/1.1" 200 97 "/category/electronics" "Mozilla/5.0 (compatible; MSIE 9.0; Windows NT 6.1; WOW64; Trident/5.0)"
120.123.162.208 - - [17/Nov/2017:03:52:15 +0000] "GET /category/software?from=20 HTTP/1.1" 200 100 "-" "Mozilla/4.0 (compatible; MSIE 8.0; Windows NT 5.1; Trident/4.0; YTB720; GTB7.2; .NET CLR 1.1.4322; .NET CLR 2.0.50727; .NET CLR 3.0.4506.2152; .NET CLR 3.5.30729)"
20.45.119.184 - - [17/Nov/2017:03:52:20 +0000] "GET /category/software HTTP/1.1" 200 69 "/item/electronics/446" "Mozilla/5.0 (Windows NT 6.0; rv:10.0.1) Gecko/20100101 Firefox/10.0.1"
116.60.150.29 - - [17/Nov/2017:03:52:25 +0000] "GET /category/giftcards HTTP/1.1" 200 83 "-" "Mozilla/4.0 (compatible; MSIE 8.0; Windows NT 6.1; WOW64; Trident/4.0; YTB730; GTB7.2; EasyBits GO v1.0; SLCC2; .NET CLR 2.0.50727; .NET CLR 3.5.30729; .NET CLR 3.0.30729; Media Center PC 6.0; .NET4.0C)"
84.192.102.111 - - [17/Nov/2017:03:52:30 +0000] "POST /search/?c=Computers+Electronics HTTP/1.1" 200 136 "-" "Mozilla/5.0 (compatible; MSIE 9.0; Windows NT 6.1; Trident/5.0)"
148.126.188.205 - - [17/Nov/2017:03:52:35 +0000] "GET /category/jewelry?from=20 HTTP/1.1" 200 127 "-" "Mozilla/5.0 (Macintosh; Intel Mac OS X 10.6; rv:9.0.1) Gecko/20100101 Firefox/9.0.1"
208.150.171.60 - - [17/Nov/2017:03:52:40 +0000] "GET /category/cameras HTTP/1.1" 200 124 "/category/toys" "Mozilla/5.0 (Windows NT 6.1; WOW64) AppleWebKit/535.7 (KHTML, like Gecko) Chrome/16.0.912.77 Safari/535.7"
148.63.165.61 - - [17/Nov/2017:03:52:45 +0000] "GET /category/electronics HTTP/1.1" 200 49 "-" "Mozilla/5.0 (compatible; MSIE 9.0; Windows NT 6.1; Trident/5.0)"
116.225.31.103 - - [17/Nov/2017:03:52:50 +0000] "POST /search/?c=Networking HTTP/1.1" 200 110 "-" "Mozilla/5.0 (Windows NT 5.1) AppleWebKit/535.11 (KHTML, like Gecko) Chrome/17.0.963.46 Safari/535.11"
220.57.136.83 - - [17/Nov/2017:03:52:55 +0000] "GET /category/jewelry?from=20 HTTP/1.1" 200 107 "/category/software" "Mozilla/5.0 (Macintosh; Intel Mac OS X 10.6; rv:9.0.1) Gecko/20100101 Firefox/9.0.1"
80.132.181.27 - - [17/Nov/2017:03:53:00 +0000] "GET /item/jewelry/1981 HTTP/1.1" 200 89 "/category/health" "Mozilla/5.0 (Macintosh; Intel Mac OS X 10.6; rv:9.0.1) Gecko/20100101 Firefox/9.0.1"
96.153.159.129 - - [17/Nov/2017:03:53:05 +0000] "GET /category/toys HTTP/1.1" 200 128 "-" "Mozilla/5.0 (iPhone; CPU iPhone OS 5_0_1 like Mac OS X) AppleWebKit/534.46 (KHTML, like Gecko) Version/5.1 Mobile/9A405 Safari/7534.48.3"
220.126.137.81 - - [17/Nov/2017:03:53:10 +0000] "POST /search/?c=Electronics+Garden HTTP/1.1" 200 118 "-" "Mozilla/5.0 (Macintosh; Intel Mac OS X 10.6; rv:9.0.1) Gecko/20100101 Firefox/9.0.1"
88.27.37.78 - - [17/Nov/2017:03:53:15 +0000] "GET /item/electronics/2277 HTTP/1.1" 200 43 "/category/toys" "Mozilla/5.0 (compatible; MSIE 9.0; Windows NT 6.1; Trident/5.0)"
176.177.74.90 - - [17/Nov/2017:03:53:20 +0000] "GET /item/games/1885 HTTP/1.1" 200 83 "/item/finance/1295" "Mozilla/5.0 (compatible; MSIE 9.0; Windows NT 6.1; WOW64; Trident/5.0)"
172.126.211.27 - - [17/Nov/2017:03:53:25 +0000] "GET /item/health/1329 HTTP/1.1" 200 66 "-" "Mozilla/5.0 (compatible; MSIE 9.0; Windows NT 6.1; Trident/5.0)"
112.93.23.140 - - [17/Nov/2017:03:53:30 +0000] "POST /search/?c=Software+Computers HTTP/1.1" 200 93 "/item/electronics/2524" "Mozilla/5.0 (Windows NT 6.0; rv:10.0.1) Gecko/20100101 Firefox/10.0.1"
104.216.208.39 - - [17/Nov/2017:03:53:35 +0000] "GET /category/garden HTTP/1.1" 200 78 "/category/garden" "Mozilla/5.0 (Windows NT 5.1) AppleWebKit/535.11 (KHTML, like Gecko) Chrome/17.0.963.46 Safari/535.11"
60.30.37.117 - - [17/Nov/2017:03:53:40 +0000] "GET /item/books/953 HTTP/1.1" 200 97 "/category/electronics" "Mozilla/5.0 (Windows NT 6.1; WOW64) AppleWebKit/535.11 (KHTML, like Gecko) Chrome/17.0.963.56 Safari/535.11"
212.66.174.222 - - [17/Nov/2017:03:53:45 +0000] "GET /category/toys HTTP/1.1" 200 115 "/category/finance" "Mozilla/5.0 (iPad; CPU OS 5_0_1 like Mac OS X) AppleWebKit/534.46 (KHTML, like Gecko) Version/5.1 Mobile/9A405 Safari/7534.48.3"
60.30.37.117 - - [17/Nov/2017:03:53:50 +0000] "GET /category/computers HTTP/1.1" 200 106 "/category/books" "Mozilla/5.0 (Windows NT 6.0; rv:10.0.1) Gecko/20100101 Firefox/10.0.1"
100.48.203.91 - - [17/Nov/2017:03:53:55 +0000] "GET /item/electronics/2990 HTTP/1.1" 200 69 "/item/office/84" "Mozilla/4.0 (compatible; MSIE 8.0; Windows NT 6.1; Trident/4.0; YTB730; SLCC2; .NET CLR 2.0.50727; .NET CLR 3.5.30729; .NET CLR 3.0.30729; Media Center PC 6.0; .NET4.0C)"
152.213.199.56 - - [17/Nov/2017:03:54:00 +0000] "GET /category/software HTTP/1.1" 200 130 "/category/software" "Mozilla/5.0 (Windows NT 6.1; WOW64) AppleWebKit/535.11 (KHTML, like Gecko) Chrome/17.0.963.56 Safari/535.11"
144.129.150.26 - - [17/Nov/2017:03:54:05 +0000] "GET /category/electronics HTTP/1.1" 200 50 "/category/computers" "Mozilla/5.0 (Windows NT 6.1; WOW64) AppleWebKit/535.11 (KHTML, like Gecko) Chrome/17.0.963.56 Safari/535.11"
36.144.139.176 - - [17/Nov/2017:03:54:10 +0000] "GET /category/music?from=0 HTTP/1.1" 200 51 "/category/music" "Mozilla/4.0 (compatible; MSIE 8.0; Windows NT 5.1; Trident/4.0; BTRS122159; GTB7.2; .NET CLR 1.1.4322; .NET CLR 2.0.50727; .NET CLR 3.0.04506.30; .NET CLR 3.0.4506.2152; .NET CLR 3.5.30729; BRI/2)"
136.126.144.37 - - [17/Nov/2017:03:54:15 +0000] "GET /category/books?from=0 HTTP/1.1" 200 103 "/category/software" "Mozilla/5.0 (compatible; MSIE 9.0; Windows NT 6.1; WOW64; Trident/5.0)"
32.135.88.43 - - [17/Nov/2017:03:54:20 +0000] "GET /category/electronics HTTP/1.1" 200 50 "/item/garden/473" "Mozilla/5.0 (compatible; Googlebot/2.1; +http://www.google.com/bot.html)"
116.72.59.134 - - [17/Nov/2017:03:54:25 +0000] "GET /item/electronics/4251 HTTP/1.1" 200 139 "http://www.google.com/search?ie=UTF-8&q=google&sclient=psy-ab&q=Electronics+Books&oq=Electronics+Books&aq=f&aqi=g-vL1&aql=&pbx=1&bav=on.2,or.r_gc.r_pw.r_qf.,cf.osb&biw=4832&bih=507" "Mozilla/5.0 (compatible; Googlebot/2.1; +http://www.google.com/bot.html)"
80.39.121.152 - - [17/Nov/2017:03:54:30 +0000] "GET /item/electronics/229 HTTP/1.1" 200 105 "-" "Mozilla/5.0 (Windows NT 5.1) AppleWebKit/535.11 (KHTML, like Gecko) Chrome/17.0.963.46 Safari/535.11"
56.222.168.46 - - [17/Nov/2017:03:54:35 +0000] "GET /category/games HTTP/1.1" 200 49 "/category/electronics" "Mozilla/5.0 (Windows NT 6.1; WOW64) AppleWebKit/535.11 (KHTML, like Gecko) Chrome/17.0.963.56 Safari/535.11"
192.213.24.121 - - [17/Nov/2017:03:54:40 +0000] "GET /item/books/590 HTTP/1.1" 200 55 "-" "Mozilla/5.0 (Windows NT 6.1; WOW64) AppleWebKit/535.11 (KHTML, like Gecko) Chrome/17.0.963.56 Safari/535.11"
168.129.116.168 - - [17/Nov/2017:03:54:45 +0000] "GET /category/garden HTTP/1.1" 200 41 "/category/jewelry" "Mozilla/5.0 (Windows NT 6.1; WOW64) AppleWebKit/535.11 (KHTML, like Gecko) Chrome/17.0.963.56 Safari/535.11"
120.144.87.152 - - [17/Nov/2017:03:54:50 +0000] "POST /search/?c=Books+Jewelry HTTP/1.1" 200 61 "/category/software" "Mozilla/5.0 (iPad; CPU OS 5_0_1 like Mac OS X) AppleWebKit/534.46 (KHTML, like Gecko) Version/5.1 Mobile/9A405 Safari/7534.48.3"
228.123.64.116 - - [17/Nov/2017:03:54:55 +0000] "GET /category/garden?from=20 HTTP/1.1" 200 86 "-" "Mozilla/4.0 (compatible; MSIE 8.0; Windows NT 6.1; WOW64; Trident/4.0; GTB7.2; SLCC2; .NET CLR 2.0.50727; .NET CLR 3.5.30729; .NET CLR 3.0.30729; Media Center PC 6.0; .NET4.0C)"
68.222.159.224 - - [17/Nov/2017:03:55:00 +0000] "GET /category/jewelry HTTP/1.1" 200 48 "-" "Mozilla/5.0 (Windows NT 6.1; WOW64; rv:10.0.1) Gecko/20100101 Firefox/10.0.1"
68.171.43.168 - - [17/Nov/2017:03:55:05 +0000] "GET /category/computers HTTP/1.1" 200 136 "/category/books" "Mozilla/5.0 (Windows NT 6.0; rv:10.0.1) Gecko/20100101 Firefox/10.0.1"
116.63.29.208 - - [17/Nov/2017:03:55:10 +0000] "GET /category/software?from=0 HTTP/1.1" 200 137 "-" "Mozilla/5.0 (Windows NT 6.1; WOW64; rv:10.0.1) Gecko/20100101 Firefox/10.0.1"
96.72.174.129 - - [17/Nov/2017:03:55:15 +0000] "GET /item/electronics/3162 HTTP/1.1" 200 71 "/search/?c=Software" "Mozilla/4.0 (compatible; MSIE 8.0; Windows NT 6.1; WOW64; Trident/4.0; YTB730; GTB7.2; SLCC2; .NET CLR 2.0.50727; .NET CLR 3.5.30729; .NET CLR 3.0.30729; .NET4.0C; .NET4.0E; Media Center PC 6.0)"
216.177.42.228 - - [17/Nov/2017:03:55:20 +0000] "GET /category/electronics HTTP/1.1" 200 77 "/item/finance/1639" "Mozilla/5.0 (iPad; CPU OS 5_0_1 like Mac OS X) AppleWebKit/534.46 (KHTML, like Gecko) Version/5.1 Mobile/9A405 Safari/7534.48.3"
140.78.40.160 - - [17/Nov/2017:03:55:25 +0000] "GET /item/electronics/1828 HTTP/1.1" 200 57 "/category/giftcards" "Mozilla/4.0 (compatible; MSIE 8.0; Windows NT 6.0; WOW64; Trident/4.0; GTB6; SLCC1; .NET CLR 2.0.50727; Media Center PC 5.0; .NET CLR 3.5.30729; .NET CLR 3.0.30618; .NET4.0C)"
144.78.204.148 - - [17/Nov/2017:03:55:30 +0000] "GET /item/cameras/4503 HTTP/1.1" 200 92 "/category/electronics" "Mozilla/5.0 (compatible; MSIE 9.0; Windows NT 6.1; WOW64; Trident/5.0)"
228.54.175.57 - - [17/Nov/2017:03:55:35 +0000] "GET /item/garden/1060 HTTP/1.1" 200 74 "/item/electronics/1628" "Mozilla/4.0 (compatible; MSIE 8.0; Windows NT 6.1; WOW64; Trident/4.0; YTB730; GTB7.2; SLCC2; .NET CLR 2.0.50727; .NET CLR 3.5.30729; .NET CLR 3.0.30729; .NET4.0C; .NET4.0E; Media Center PC 6.0)"
132.132.109.164 - - [17/Nov/2017:03:55:40 +0000] "GET /item/electronics/4025 HTTP/1.1" 200 124 "/category/books" "Mozilla/5.0 (Windows NT 6.1; WOW64) AppleWebKit/535.11 (KHTML, like Gecko) Chrome/17.0.963.56 Safari/535.11"
152.123.68.77 - - [17/Nov/2017:03:55:45 +0000] "GET /category/games HTTP/1.1" 200 91 "/category/garden" "Mozilla/5.0 (compatible; MSIE 9.0; Windows NT 6.1; WOW64; Trident/5.0)"
128.72.166.105 - - [17/Nov/2017:03:55:50 +0000] "GET /category/software HTTP/1.1" 200 87 "-" "Mozilla/5.0 (compatible; MSIE 9.0; Windows NT 6.1; Trident/5.0)"
44.165.199.141 - - [17/Nov/2017:03:55:55 +0000] "GET /category/garden HTTP/1.1" 200 47 "-" "Mozilla/5.0 (compatible; MSIE 9.0; Windows NT 6.1; WOW64; Trident/5.0)"
20.21.65.80 - - [17/Nov/2017:03:56:00 +0000] "GET /item/cameras/3741 HTTP/1.1" 200 90 "/item/games/152" "Mozilla/5.0 (Windows NT 6.1; WOW64) AppleWebKit/535.7 (KHTML, like Gecko) Chrome/16.0.912.77 Safari/535.7"
160.24.68.124 - - [17/Nov/2017:03:56:05 +0000] "POST /search/?c=Cameras+Finance HTTP/1.1" 200 49 "/search/?c=Electronics" "Mozilla/5.0 (Windows NT 6.0; rv:10.0.1) Gecko/20100101 Firefox/10.0.1"
140.57.182.120 - - [17/Nov/2017:03:56:10 +0000] "POST /search/?c=Office HTTP/1.1" 200 138 "/search/?c=Music+Sports" "Mozilla/5.0 (Windows NT 6.0) AppleWebKit/535.11 (KHTML, like Gecko) Chrome/17.0.963.56 Safari/535.11"
84.150.155.34 - - [17/Nov/2017:03:56:15 +0000] "GET /category/garden?from=20 HTTP/1.1" 200 69 "/item/giftcards/119" "Mozilla/5.0 (compatible; MSIE 9.0; Windows NT 6.1; Trident/5.0)"
76.144.80.172 - - [17/Nov/2017:03:56:20 +0000] "POST /search/?c=Computers+Electronics HTTP/1.1" 200 44 "-" "Mozilla/5.0 (Windows NT 6.0; rv:10.0.1) Gecko/20100101 Firefox/10.0.1"
28.93.191.106 - - [17/Nov/2017:03:56:25 +0000] "GET /item/software/4933 HTTP/1.1" 200 52 "/category/electronics" "Mozilla/5.0 (Windows NT 6.1; WOW64; rv:10.0.1) Gecko/20100101 Firefox/10.0.1"
212.60.196.21 - - [17/Nov/2017:03:56:30 +0000] "GET /item/books/1573 HTTP/1.1" 200 72 "/search/?c=Electronics" "Mozilla/5.0 (Windows NT 6.0; rv:10.0.1) Gecko/20100101 Firefox/10.0.1"
76.126.75.166 - - [17/Nov/2017:03:56:35 +0000] "GET /category/software HTTP/1.1" 200 99 "/category/books" "Mozilla/5.0 (Windows NT 6.0) AppleWebKit/535.11 (KHTML, like Gecko) Chrome/17.0.963.56 Safari/535.11"
40.135.213.74 - - [17/Nov/2017:03:56:40 +0000] "GET /item/sports/2911 HTTP/1.1" 200 130 "-" "Mozilla/5.0 (compatible; Googlebot/2.1; +http://www.google.com/bot.html)"
64.102.84.121 - - [17/Nov/2017:03:56:45 +0000] "GET /category/software HTTP/1.1" 200 137 "-" "Mozilla/5.0 (Windows NT 5.1) AppleWebKit/535.11 (KHTML, like Gecko) Chrome/17.0.963.46 Safari/535.11"
160.78.211.42 - - [17/Nov/2017:03:56:50 +0000] "GET /item/finance/2549 HTTP/1.1" 200 114 "/category/cameras" "Mozilla/5.0 (Windows NT 6.0) AppleWebKit/535.11 (KHTML, like Gecko) Chrome/17.0.963.56 Safari/535.11"
168.147.219.163 - - [17/Nov/2017:03:56:55 +0000] "POST /search/?c=Electronics+Games HTTP/1.1" 200 88 "-" "Mozilla/5.0 (Windows NT 6.0) AppleWebKit/535.11 (KHTML, like Gecko) Chrome/17.0.963.56 Safari/535.11"
140.120.88.217 - - [17/Nov/2017:03:57:00 +0000] "GET /item/office/278 HTTP/1.1" 200 108 "-" "Mozilla/5.0 (Windows NT 6.0; rv:10.0.1) Gecko/20100101 Firefox/10.0.1"
144.168.60.186 - - [17/Nov/2017:03:57:05 +0000] "GET /category/games?from=0 HTTP/1.1" 200 124 "/search/?c=Networking+Networking" "Mozilla/5.0 (Macintosh; Intel Mac OS X 10.6; rv:9.0.1) Gecko/20100101 Firefox/9.0.1"
188.120.42.55 - - [17/Nov/2017:03:57:10 +0000] "GET /category/software HTTP/1.1" 200 63 "-" "Mozilla/4.0 (compatible; MSIE 8.0; Windows NT 6.1; WOW64; Trident/4.0; YTB730; GTB7.2; SLCC2; .NET CLR 2.0.50727; .NET CLR 3.5.30729; .NET CLR 3.0.30729; .NET4.0C; .NET4.0E; Media Center PC 6.0)"
108.78.86.154 - - [17/Nov/2017:03:57:15 +0000] "GET /category/books HTTP/1.1" 200 136 "-" "Mozilla/5.0 (Windows NT 6.0) AppleWebKit/535.11 (KHTML, like Gecko) Chrome/17.0.963.56 Safari/535.11"
216.210.207.165 - - [17/Nov/2017:03:57:20 +0000] "GET /category/games HTTP/1.1" 200 91 "/category/jewelry" "Mozilla/5.0 (iPhone; CPU iPhone OS 5_0_1 like Mac OS X) AppleWebKit/534.46 (KHTML, like Gecko) Version/5.1 Mobile/9A405 Safari/7534.48.3"
172.48.138.173 - - [17/Nov/2017:03:57:25 +0000] "GET /item/garden/4153 HTTP/1.1" 200 77 "/item/finance/4175" "Mozilla/5.0 (Windows NT 6.1; WOW64) AppleWebKit/535.7 (KHTML, like Gecko) Chrome/16.0.912.77 Safari/535.7"
172.225.223.37 - - [17/Nov/2017:03:57:30 +0000] "POST /search/?c=Office+Electronics HTTP/1.1" 200 82 "/category/giftcards" "Mozilla/4.0 (compatible; MSIE 8.0; Windows NT 6.1; WOW64; Trident/4.0; YTB730; GTB7.2; SLCC2; .NET CLR 2.0.50727; .NET CLR 3.5.30729; .NET CLR 3.0.30729; .NET4.0C; .NET4.0E; Media Center PC 6.0)"
132.81.165.167 - - [17/Nov/2017:03:57:35 +0000] "GET /category/electronics?from=0 HTTP/1.1" 200 112 "-" "Mozilla/5.0 (Windows NT 6.1; WOW64) AppleWebKit/535.7 (KHTML, like Gecko) Chrome/16.0.912.77 Safari/535.7"
208.171.120.182 - - [17/Nov/2017:03:57:40 +0000] "GET /item/software/4933 HTTP/1.1" 200 52 "/search/?c=Software" "Mozilla/5.0 (compatible; Googlebot/2.1; +http://www.google.com/bot.html)"
48.195.168.33 - - [17/Nov/2017:03:57:45 +0000] "GET /item/finance/3479 HTTP/1.1" 200 85 "http://www.google.com/search?ie=UTF-8&q=google&sclient=psy-ab&q=Finance+Computers&oq=Finance+Computers&aq=f&aqi=g-vL1&aql=&pbx=1&bav=on.2,or.r_gc.r_pw.r_qf.,cf.osb&biw=3621&bih=135" "Mozilla/5.0 (Windows NT 6.1; WOW64; rv:10.0.1) Gecko/20100101 Firefox/10.0.1"
100.174.103.32 - - [17/Nov/2017:03:57:50 +0000] "GET /item/finance/4175 HTTP/1.1" 200 42 "/item/electronics/4072" "Mozilla/4.0 (compatible; MSIE 8.0; Windows NT 6.1; Trident/4.0; YTB730; SLCC2; .NET CLR 2.0.50727; .NET CLR 3.5.30729; .NET CLR 3.0.30729; Media Center PC 6.0; .NET4.0C)"
220.93.97.101 - - [17/Nov/2017:03:57:55 +0000] "GET /item/electronics/2972 HTTP/1.1" 200 130 "http://www.google.com/search?ie=UTF-8&q=google&sclient=psy-ab&q=Electronics&oq=Electronics&aq=f&aqi=g-vL1&aql=&pbx=1&bav=on.2,or.r_gc.r_pw.r_qf.,cf.osb&biw=3273&bih=75" "Mozilla/5.0 (compatible; MSIE 9.0; Windows NT 6.1; Trident/5.0)"
124.180.126.94 - - [17/Nov/2017:03:58:00 +0000] "POST /search/?c=Software+Office HTTP/1.1" 200 103 "/item/books/515" "Mozilla/4.0 (compatible; MSIE 8.0; Windows NT 6.1; WOW64; Trident/4.0; GTB7.2; SLCC2; .NET CLR 2.0.50727; .NET CLR 3.5.30729; .NET CLR 3.0.30729; Media Center PC 6.0; .NET4.0C)"
164.186.39.214 - - [17/Nov/2017:03:58:05 +0000] "GET /category/office HTTP/1.1" 200 72 "/item/software/1802" "Mozilla/4.0 (compatible; MSIE 8.0; Windows NT 6.1; WOW64; Trident/4.0; YTB730; GTB7.2; SLCC2; .NET CLR 2.0.50727; .NET CLR 3.5.30729; .NET CLR 3.0.30729; .NET4.0C; .NET4.0E; Media Center PC 6.0)"
136.129.115.173 - - [17/Nov/2017:03:58:10 +0000] "GET /category/games HTTP/1.1" 200 91 "/category/garden" "Mozilla/5.0 (compatible; MSIE 9.0; Windows NT 6.1; Trident/5.0)"
196.165.36.208 - - [17/Nov/2017:03:58:15 +0000] "GET /category/office HTTP/1.1" 200 58 "-" "Mozilla/5.0 (Windows NT 6.1; WOW64) AppleWebKit/535.11 (KHTML, like Gecko) Chrome/17.0.963.56 Safari/535.11"
188.24.181.91 - - [17/Nov/2017:03:58:20 +0000] "POST /search/?c=Office+Computers HTTP/1.1" 200 62 "-" "Mozilla/5.0 (Windows NT 6.1; WOW64) AppleWebKit/535.11 (KHTML, like Gecko) Chrome/17.0.963.56 Safari/535.11"
136.222.62.176 - - [17/Nov/2017:03:58:25 +0000] "GET /category/electronics HTTP/1.1" 200 82 "-" "Mozilla/5.0 (Windows NT 6.0; rv:10.0.1) Gecko/20100101 Firefox/10.0.1"
88.120.125.141 - - [17/Nov/2017:03:58:30 +0000] "GET /item/electronics/3882 HTTP/1.1" 200 94 "/category/toys" "Mozilla/4.0 (compatible; MSIE 8.0; Windows NT 6.1; WOW64; Trident/4.0; GTB7.2; SLCC2; .NET CLR 2.0.50727; .NET CLR 3.5.30729; .NET CLR 3.0.30729; Media Center PC 6.0; .NET4.0C)"
136.72.86.184 - - [17/Nov/2017:03:58:35 +0000] "POST /search/?c=Garden+Office HTTP/1.1" 200 100 "/item/software/85" "Mozilla/5.0 (Windows NT 6.1; WOW64; rv:10.0.1) Gecko/20100101 Firefox/10.0.1"
128.123.38.119 - - [17/Nov/2017:03:58:40 +0000] "GET /category/electronics HTTP/1.1" 200 65 "-" "Mozilla/5.0 (iPhone; CPU iPhone OS 5_0_1 like Mac OS X) AppleWebKit/534.46 (KHTML, like Gecko) Version/5.1 Mobile/9A405 Safari/7534.48.3"
216.210.62.164 - - [17/Nov/2017:03:58:45 +0000] "POST /search/?c=Electronics+Books HTTP/1.1" 200 96 "-" "Mozilla/5.0 (Windows NT 6.0; rv:10.0.1) Gecko/20100101 Firefox/10.0.1"
132.63.161.43 - - [17/Nov/2017:03:58:50 +0000] "GET /item/computers/811 HTTP/1.1" 200 128 "/category/games" "Mozilla/5.0 (Macintosh; Intel Mac OS X 10.6; rv:9.0.1) Gecko/20100101 Firefox/9.0.1"
144.78.204.148 - - [17/Nov/2017:03:58:55 +0000] "GET /item/games/4058 HTTP/1.1" 200 94 "/search/?c=Games" "Mozilla/5.0 (Windows NT 6.0; rv:10.0.1) Gecko/20100101 Firefox/10.0.1"
112.60.183.55 - - [17/Nov/2017:03:59:00 +0000] "GET /category/garden HTTP/1.1" 200 129 "/item/music/2915" "Mozilla/4.0 (compatible; MSIE 8.0; Windows NT 6.1; Trident/4.0; YTB730; SLCC2; .NET CLR 2.0.50727; .NET CLR 3.5.30729; .NET CLR 3.0.30729; Media Center PC 6.0; .NET4.0C)"
88.132.208.162 - - [17/Nov/2017:03:59:05 +0000] "GET /category/software HTTP/1.1" 200 99 "/category/software?from=0" "Mozilla/4.0 (compatible; MSIE 8.0; Windows NT 6.1; Trident/4.0; YTB730; SLCC2; .NET CLR 2.0.50727; .NET CLR 3.5.30729; .NET CLR 3.0.30729; Media Center PC 6.0; .NET4.0C)"
36.192.196.184 - - [17/Nov/2017:03:59:10 +0000] "POST /search/?c=Health HTTP/1.1" 200 105 "/item/games/1547" "Mozilla/5.0 (iPhone; CPU iPhone OS 5_0_1 like Mac OS X) AppleWebKit/534.46 (KHTML, like Gecko) Version/5.1 Mobile/9A405 Safari/7534.48.3"
144.90.208.217 - - [17/Nov/2017:03:59:15 +0000] "GET /category/electronics HTTP/1.1" 200 115 "/item/cameras/801" "Mozilla/5.0 (Windows NT 6.0) AppleWebKit/535.11 (KHTML, like Gecko) Chrome/17.0.963.56 Safari/535.11"
164.87.165.83 - - [17/Nov/2017:03:59:20 +0000] "GET /category/electronics HTTP/1.1" 200 65 "/category/toys" "Mozilla/5.0 (Windows NT 6.1; WOW64; rv:10.0.1) Gecko/20100101 Firefox/10.0.1"
196.24.211.196 - - [17/Nov/2017:03:59:25 +0000] "GET /item/electronics/266 HTTP/1.1" 200 95 "-" "Mozilla/5.0 (Windows NT 5.1) AppleWebKit/535.11 (KHTML, like Gecko) Chrome/17.0.963.46 Safari/535.11"
56.24.223.76 - - [17/Nov/2017:03:59:30 +0000] "GET /item/toys/1283 HTTP/1.1" 200 49 "http://www.google.com/search?ie=UTF-8&q=google&sclient=psy-ab&q=Toys&oq=Toys&aq=f&aqi=g-vL1&aql=&pbx=1&bav=on.2,or.r_gc.r_pw.r_qf.,cf.osb&biw=1038&bih=164" "Mozilla/4.0 (compatible; MSIE 8.0; Windows NT 6.1; Trident/4.0; YTB730; SLCC2; .NET CLR 2.0.50727; .NET CLR 3.5.30729; .NET CLR 3.0.30729; Media Center PC 6.0; .NET4.0C)"
216.33.82.203 - - [17/Nov/2017:03:59:35 +0000] "GET /item/giftcards/4236 HTTP/1.1" 200 71 "http://www.google.com/search?ie=UTF-8&q=google&sclient=psy-ab&q=Giftcards&oq=Giftcards&aq=f&aqi=g-vL1&aql=&pbx=1&bav=on.2,or.r_gc.r_pw.r_qf.,cf.osb&biw=4156&bih=5" "Mozilla/5.0 (iPad; CPU OS 5_0_1 like Mac OS X) AppleWebKit/534.46 (KHTML, like Gecko) Version/5.1 Mobile/9A405 Safari/7534.48.3"
160.93.50.158 - - [17/Nov/2017:03:59:40 +0000] "GET /category/cameras HTTP/1.1" 200 114 "/category/games" "Mozilla/4.0 (compatible; MSIE 8.0; Windows NT 6.1; WOW64; Trident/4.0; YTB730; GTB7.2; EasyBits GO v1.0; SLCC2; .NET CLR 2.0.50727; .NET CLR 3.5.30729; .NET CLR 3.0.30729; Media Center PC 6.0; .NET4.0C)"
96.24.145.93 - - [17/Nov/2017:03:59:45 +0000] "GET /category/computers HTTP/1.1" 200 106 "/item/games/3284" "Mozilla/4.0 (compatible; MSIE 8.0; Windows NT 6.1; Trident/4.0; YTB730; SLCC2; .NET CLR 2.0.50727; .NET CLR 3.5.30729; .NET CLR 3.0.30729; Media Center PC 6.0; .NET4.0C)"
96.33.37.61 - - [17/Nov/2017:03:59:50 +0000] "GET /item/networking/3979 HTTP/1.1" 200 66 "-" "Mozilla/5.0 (compatible; MSIE 9.0; Windows NT 6.1; WOW64; Trident/5.0)"
60.165.28.148 - - [17/Nov/2017:03:59:55 +0000] "GET /category/jewelry HTTP/1.1" 200 78 "/item/toys/3509" "Mozilla/5.0 (Macintosh; Intel Mac OS X 10.6; rv:9.0.1) Gecko/20100101 Firefox/9.0.1"
44.123.149.113 - - [17/Nov/2017:04:00:00 +0000] "GET /item/electronics/4416 HTTP/1.1" 200 94 "/category/office" "Mozilla/5.0 (Windows NT 6.1; WOW64; rv:10.0.1) Gecko/20100101 Firefox/10.0.1"
116.48.59.21 - - [17/Nov/2017:04:00:05 +0000] "GET /category/toys HTTP/1.1" 200 57 "-" "Mozilla/5.0 (Windows NT 5.1) AppleWebKit/535.11 (KHTML, like Gecko) Chrome/17.0.963.46 Safari/535.11"
200.207.132.97 - - [17/Nov/2017:04:00:10 +0000] "GET /category/office?from=0 HTTP/1.1" 200 93 "/category/games" "Mozilla/4.0 (compatible; MSIE 8.0; Windows NT 5.1; Trident/4.0; BTRS122159; GTB7.2; .NET CLR 1.1.4322; .NET CLR 2.0.50727; .NET CLR 3.0.04506.30; .NET CLR 3.0.4506.2152; .NET CLR 3.5.30729; BRI/2)"
216.210.62.164 - - [17/Nov/2017:04:00:15 +0000] "POST /search/?c=Electronics HTTP/1.1" 200 101 "/category/office" "Mozilla/5.0 (compatible; Googlebot/2.1; +http://www.google.com/bot.html)"
84.153.168.36 - - [17/Nov/2017:04:00:20 +0000] "GET /category/software HTTP/1.1" 200 81 "-" "Mozilla/5.0 (compatible; MSIE 9.0; Windows NT 6.1; WOW64; Trident/5.0)"
104.147.188.161 - - [17/Nov/2017:04:00:25 +0000] "GET /item/electronics/1679 HTTP/1.1" 200 70 "/category/games" "Mozilla/5.0 (Windows NT 6.0; rv:10.0.1) Gecko/20100101 Firefox/10.0.1"
28.156.128.90 - - [17/Nov/2017:04:00:30 +0000] "GET /category/networking HTTP/1.1" 200 119 "-" "Mozilla/4.0 (compatible; MSIE 8.0; Windows NT 6.1; WOW64; Trident/4.0; GTB7.2; SLCC2; .NET CLR 2.0.50727; .NET CLR 3.5.30729; .NET CLR 3.0.30729; Media Center PC 6.0; .NET4.0C)"
180.147.87.207 - - [17/Nov/2017:04:00:35 +0000] "GET /category/jewelry HTTP/1.1" 200 116 "/item/games/3032" "Mozilla/4.0 (compatible; MSIE 8.0; Windows NT 6.1; WOW64; Trident/4.0; YTB730; GTB7.2; EasyBits GO v1.0; SLCC2; .NET CLR 2.0.50727; .NET CLR 3.5.30729; .NET CLR 3.0.30729; Media Center PC 6.0; .NET4.0C)"
128.213.146.74 - - [17/Nov/2017:04:00:40 +0000] "GET /category/software HTTP/1.1" 200 50 "/category/giftcards" "Mozilla/5.0 (Windows NT 6.0; rv:10.0.1) Gecko/20100101 Firefox/10.0.1"
88.51.212.158 - - [17/Nov/2017:04:00:45 +0000] "GET /category/networking HTTP/1.1" 200 74 "-" "Mozilla/5.0 (Windows NT 6.1; WOW64) AppleWebKit/535.7 (KHTML, like Gecko) Chrome/16.0.912.77 Safari/535.7"
216.129.86.169 - - [17/Nov/2017:04:00:50 +0000] "GET /item/software/2711 HTTP/1.1" 200 89 "-" "Mozilla/5.0 (compatible; MSIE 9.0; Windows NT 6.1; WOW64; Trident/5.0)"
44.198.102.63 - - [17/Nov/2017:04:00:55 +0000] "GET /item/electronics/1466 HTTP/1.1" 200 67 "/category/books" "Mozilla/4.0 (compatible; MSIE 8.0; Windows NT 6.0; WOW64; Trident/4.0; GTB6; SLCC1; .NET CLR 2.0.50727; Media Center PC 5.0; .NET CLR 3.5.30729; .NET CLR 3.0.30618; .NET4.0C)"
116.225.31.103 - - [17/Nov/2017:04:01:00 +0000] "GET /item/games/526 HTTP/1.1" 200 104 "-" "Mozilla/5.0 (Windows NT 6.0; rv:10.0.1) Gecko/20100101 Firefox/10.0.1"
124.186.126.51 - - [17/Nov/2017:04:01:05 +0000] "GET /category/electronics HTTP/1.1" 200 115 "-" "Mozilla/5.0 (Windows NT 6.1; WOW64; rv:10.0.1) Gecko/20100101 Firefox/10.0.1"
104.189.169.48 - - [17/Nov/2017:04:01:10 +0000] "GET /item/computers/3622 HTTP/1.1" 200 110 "/category/computers" "Mozilla/4.0 (compatible; MSIE 8.0; Windows NT 6.1; WOW64; Trident/4.0; YTB730; GTB7.2; EasyBits GO v1.0; SLCC2; .NET CLR 2.0.50727; .NET CLR 3.5.30729; .NET CLR 3.0.30729; Media Center PC 6.0; .NET4.0C)"
60.150.49.62 - - [17/Nov/2017:04:01:15 +0000] "GET /category/electronics HTTP/1.1" 200 128 "-" "Mozilla/5.0 (compatible; MSIE 9.0; Windows NT 6.1; WOW64; Trident/5.0)"
172.186.53.43 - - [17/Nov/2017:04:01:20 +0000] "GET /item/toys/3180 HTTP/1.1" 200 46 "/category/software" "Mozilla/5.0 (compatible; MSIE 9.0; Windows NT 6.1; Trident/5.0)"
224.96.137.128 - - [17/Nov/2017:04:01:25 +0000] "GET /category/electronics HTTP/1.1" 200 61 "-" "Mozilla/5.0 (Windows NT 6.0; rv:10.0.1) Gecko/20100101 Firefox/10.0.1"
112.144.23.168 - - [17/Nov/2017:04:01:30 +0000] "GET /item/games/110 HTTP/1.1" 200 48 "-" "Mozilla/5.0 (iPhone; CPU iPhone OS 5_0_1 like Mac OS X) AppleWebKit/534.46 (KHTML, like Gecko) Version/5.1 Mobile/9A405 Safari/7534.48.3"
176.180.122.216 - - [17/Nov/2017:04:01:35 +0000] "GET /item/electronics/681 HTTP/1.1" 200 64 "/category/games" "Mozilla/5.0 (Windows NT 6.0) AppleWebKit/535.11 (KHTML, like Gecko) Chrome/17.0.963.56 Safari/535.11"
176.228.179.33 - - [17/Nov/2017:04:01:40 +0000] "GET /category/jewelry HTTP/1.1" 200 82 "-" "Mozilla/5.0 (compatible; MSIE 9.0; Windows NT 6.1; WOW64; Trident/5.0)"
220.30.157.208 - - [17/Nov/2017:04:01:45 +0000] "GET /category/electronics HTTP/1.1" 200 115 "/category/electronics" "Mozilla/5.0 (compatible; MSIE 9.0; Windows NT 6.1; Trident/5.0)"
224.87.180.175 - - [17/Nov/2017:04:01:50 +0000] "GET /category/giftcards HTTP/1.1" 200 138 "-" "Mozilla/5.0 (compatible; Googlebot/2.1; +http://www.google.com/bot.html)"
216.192.41.57 - - [17/Nov/2017:04:01:55 +0000] "GET /category/electronics HTTP/1.1" 200 78 "-" "Mozilla/5.0 (compatible; MSIE 9.0; Windows NT 6.1; Trident/5.0)"
72.189.134.198 - - [17/Nov/2017:04:02:00 +0000] "GET /item/office/2035 HTTP/1.1" 200 120 "/category/software" "Mozilla/5.0 (compatible; Googlebot/2.1; +http://www.google.com/bot.html)"
172.186.119.42 - - [17/Nov/2017:04:02:05 +0000] "GET /category/software HTTP/1.1" 200 131 "-" "Mozilla/5.0 (compatible; MSIE 9.0; Windows NT 6.1; Trident/5.0)"
148.90.219.96 - - [17/Nov/2017:04:02:10 +0000] "GET /item/electronics/4030 HTTP/1.1" 200 111 "/item/electronics/3972" "Mozilla/5.0 (Windows NT 6.1; WOW64) AppleWebKit/535.11 (KHTML, like Gecko) Chrome/17.0.963.56 Safari/535.11"
156.189.180.223 - - [17/Nov/2017:04:02:15 +0000] "GET /category/games HTTP/1.1" 200 116 "/category/books" "Mozilla/4.0 (compatible; MSIE 8.0; Windows NT 6.0; WOW64; Trident/4.0; GTB6; SLCC1; .NET CLR 2.0.50727; Media Center PC 5.0; .NET CLR 3.5.30729; .NET CLR 3.0.30618; .NET4.0C)"
208.99.126.192 - - [17/Nov/2017:04:02:20 +0000] "GET /category/office HTTP/1.1" 200 121 "-" "Mozilla/5.0 (iPad; CPU OS 5_0_1 like Mac OS X) AppleWebKit/534.46 (KHTML, like Gecko) Version/5.1 Mobile/9A405 Safari/7534.48.3"
92.186.177.75 - - [17/Nov/2017:04:02:25 +0000] "GET /category/software?from=20 HTTP/1.1" 200 100 "/category/garden" "Mozilla/5.0 (Windows NT 6.1; WOW64) AppleWebKit/535.11 (KHTML, like Gecko) Chrome/17.0.963.56 Safari/535.11"
100.48.146.116 - - [17/Nov/2017:04:02:30 +0000] "GET /category/electronics HTTP/1.1" 200 128 "-" "Mozilla/5.0 (Windows NT 6.1; WOW64; rv:10.0.1) Gecko/20100101 Firefox/10.0.1"
196.168.130.146 - - [17/Nov/2017:04:02:35 +0000] "GET /category/books HTTP/1.1" 200 81 "/item/music/2915" "Mozilla/4.0 (compatible; MSIE 8.0; Windows NT 6.1; Trident/4.0; YTB730; SLCC2; .NET CLR 2.0.50727; .NET CLR 3.5.30729; .NET CLR 3.0.30729; Media Center PC 6.0; .NET4.0C)"
216.90.56.55 - - [17/Nov/2017:04:02:40 +0000] "GET /category/garden HTTP/1.1" 200 117 "/category/electronics" "Mozilla/5.0 (compatible; MSIE 9.0; Windows NT 6.1; Trident/5.0)"
52.132.50.197 - - [17/Nov/2017:04:02:45 +0000] "GET /item/garden/3631 HTTP/1.1" 200 102 "/item/computers/3135" "Mozilla/5.0 (Windows NT 6.0) AppleWebKit/535.11 (KHTML, like Gecko) Chrome/17.0.963.56 Safari/535.11"
212.60.196.21 - - [17/Nov/2017:04:02:50 +0000] "POST /search/?c=Giftcards HTTP/1.1" 200 104 "-" "Mozilla/4.0 (compatible; MSIE 8.0; Windows NT 6.1; Trident/4.0; YTB730; SLCC2; .NET CLR 2.0.50727; .NET CLR 3.5.30729; .NET CLR 3.0.30729; Media Center PC 6.0; .NET4.0C)"
88.132.208.162 - - [17/Nov/2017:04:02:55 +0000] "GET /item/electronics/1628 HTTP/1.1" 200 139 "/category/software" "Mozilla/5.0 (Windows NT 6.0; rv:10.0.1) Gecko/20100101 Firefox/10.0.1"
176.105.22.32 - - [17/Nov/2017:04:03:00 +0000] "GET /category/cameras?from=20 HTTP/1.1" 200 133 "/search/?c=Cameras" "Mozilla/4.0 (compatible; MSIE 8.0; Windows NT 6.0; WOW64; Trident/4.0; GTB6; SLCC1; .NET CLR 2.0.50727; Media Center PC 5.0; .NET CLR 3.5.30729; .NET CLR 3.0.30618; .NET4.0C)"
84.30.95.135 - - [17/Nov/2017:04:03:05 +0000] "GET /item/books/3877 HTTP/1.1" 200 47 "/search/?c=Books" "Mozilla/5.0 (Windows NT 6.1; WOW64) AppleWebKit/535.11 (KHTML, like Gecko) Chrome/17.0.963.56 Safari/535.11"
152.153.163.83 - - [17/Nov/2017:04:03:10 +0000] "GET /item/electronics/3314 HTTP/1.1" 200 46 "/category/jewelry" "Mozilla/4.0 (compatible; MSIE 8.0; Windows NT 6.1; WOW64; Trident/4.0; GTB7.2; SLCC2; .NET CLR 2.0.50727; .NET CLR 3.5.30729; .NET CLR 3.0.30729; Media Center PC 6.0; .NET4.0C)"
112.57.196.125 - - [17/Nov/2017:04:03:15 +0000] "GET /category/giftcards HTTP/1.1" 200 86 "/category/software" "Mozilla/5.0 (compatible; Googlebot/2.1; +http://www.google.com/bot.html)"
24.138.192.196 - - [17/Nov/2017:04:03:20 +0000] "GET /category/jewelry HTTP/1.1" 200 76 "-" "Mozilla/5.0 (Windows NT 6.1; WOW64; rv:10.0.1) Gecko/20100101 Firefox/10.0.1"
88.51.112.169 - - [17/Nov/2017:04:03:25 +0000] "GET /category/office HTTP/1.1" 200 80 "/category/books" "Mozilla/5.0 (Windows NT 6.0; rv:10.0.1) Gecko/20100101 Firefox/10.0.1"
32.39.91.121 - - [17/Nov/2017:04:03:30 +0000] "GET /category/health HTTP/1.1" 200 59 "/category/electronics" "Mozilla/5.0 (Windows NT 6.0) AppleWebKit/535.11 (KHTML, like Gecko) Chrome/17.0.963.56 Safari/535.11"
204.189.85.23 - - [17/Nov/2017:04:03:35 +0000] "GET /item/computers/1272 HTTP/1.1" 200 98 "/category/software" "Mozilla/5.0 (compatible; MSIE 9.0; Windows NT 6.1; Trident/5.0)"
140.72.79.22 - - [17/Nov/2017:04:03:40 +0000] "GET /item/electronics/2595 HTTP/1.1" 200 59 "-" "Mozilla/4.0 (compatible; MSIE 8.0; Windows NT 6.1; Trident/4.0; YTB730; SLCC2; .NET CLR 2.0.50727; .NET CLR 3.5.30729; .NET CLR 3.0.30729; Media Center PC 6.0; .NET4.0C)"
88.189.31.220 - - [17/Nov/2017:04:03:45 +0000] "GET /category/software HTTP/1.1" 200 109 "/item/software/1017" "Mozilla/5.0 (compatible; MSIE 9.0; Windows NT 6.1; WOW64; Trident/5.0)"
192.228.50.109 - - [17/Nov/2017:04:03:50 +0000] "GET /item/health/1862 HTTP/1.1" 200 89 "/search/?c=Health" "Mozilla/5.0 (iPad; CPU OS 5_0_1 like Mac OS X) AppleWebKit/534.46 (KHTML, like Gecko) Version/5.1 Mobile/9A405 Safari/7534.48.3"
212.93.61.84 - - [17/Nov/2017:04:03:55 +0000] "GET /category/office?from=0 HTTP/1.1" 200 50 "/category/health" "Mozilla/5.0 (Windows NT 5.1) AppleWebKit/535.11 (KHTML, like Gecko) Chrome/17.0.963.46 Safari/535.11"
76.153.22.87 - - [17/Nov/2017:04:04:00 +0000] "GET /item/software/2036 HTTP/1.1" 200 55 "-" "Mozilla/5.0 (Windows NT 6.0; rv:10.0.1) Gecko/20100101 Firefox/10.0.1"
140.120.215.134 - - [17/Nov/2017:04:04:05 +0000] "GET /category/software?from=0 HTTP/1.1" 200 137 "/item/electronics/1667" "Mozilla/5.0 (Windows NT 6.1; WOW64) AppleWebKit/535.7 (KHTML, like Gecko) Chrome/16.0.912.77 Safari/535.7"
204.162.85.31 - - [17/Nov/2017:04:04:10 +0000] "GET /category/books HTTP/1.1" 200 88 "-" "Mozilla/4.0 (compatible; MSIE 8.0; Windows NT 5.1; Trident/4.0; YTB720; GTB7.2; .NET CLR 1.1.4322; .NET CLR 2.0.50727; .NET CLR 3.0.4506.2152; .NET CLR 3.5.30729)"
80.39.194.34 - - [17/Nov/2017:04:04:15 +0000] "GET /category/software?from=10 HTTP/1.1" 200 67 "/item/jewelry/1981" "Mozilla/5.0 (compatible; MSIE 9.0; Windows NT 6.1; WOW64; Trident/5.0)"
84.225.150.149 - - [17/Nov/2017:04:04:20 +0000] "GET /category/cameras HTTP/1.1" 200 115 "/category/office" "Mozilla/4.0 (compatible; MSIE 8.0; Windows NT 6.1; WOW64; Trident/4.0; GTB7.2; SLCC2; .NET CLR 2.0.50727; .NET CLR 3.5.30729; .NET CLR 3.0.30729; Media Center PC 6.0; .NET4.0C)"
52.39.67.99 - - [17/Nov/2017:04:04:25 +0000] "GET /category/software?from=0 HTTP/1.1" 200 77 "/category/computers" "Mozilla/5.0 (iPad; CPU OS 5_0_1 like Mac OS X) AppleWebKit/534.46 (KHTML, like Gecko) Version/5.1 Mobile/9A405 Safari/7534.48.3"
52.93.144.151 - - [17/Nov/2017:04:04:30 +0000] "GET /item/electronics/1270 HTTP/1.1" 200 107 "/category/software" "Mozilla/4.0 (compatible; MSIE 8.0; Windows NT 6.0; WOW64; Trident/4.0; GTB6; SLCC1; .NET CLR 2.0.50727; Media Center PC 5.0; .NET CLR 3.5.30729; .NET CLR 3.0.30618; .NET4.0C)"
120.93.127.152 - - [17/Nov/2017:04:04:35 +0000] "GET /category/electronics HTTP/1.1" 200 52 "-" "Mozilla/5.0 (compatible; MSIE 9.0; Windows NT 6.1; WOW64; Trident/5.0)"
152.90.220.86 - - [17/Nov/2017:04:04:40 +0000] "GET /category/electronics HTTP/1.1" 200 130 "/category/jewelry" "Mozilla/5.0 (Windows NT 6.0; rv:10.0.1) Gecko/20100101 Firefox/10.0.1"
164.48.123.206 - - [17/Nov/2017:04:04:45 +0000] "GET /category/software HTTP/1.1" 200 58 "/item/electronics/1628" "Mozilla/5.0 (compatible; MSIE 9.0; Windows NT 6.1; WOW64; Trident/5.0)"
104.30.165.166 - - [17/Nov/2017:04:04:50 +0000] "GET /category/garden HTTP/1.1" 200 78 "/item/electronics/4512" "Mozilla/5.0 (iPad; CPU OS 5_0_1 like Mac OS X) AppleWebKit/534.46 (KHTML, like Gecko) Version/5.1 Mobile/9A405 Safari/7534.48.3"
152.225.175.76 - - [17/Nov/2017:04:04:55 +0000] "GET /category/cameras HTTP/1.1" 200 115 "-" "Mozilla/4.0 (compatible; MSIE 8.0; Windows NT 6.1; WOW64; Trident/4.0; YTB730; GTB7.2; EasyBits GO v1.0; SLCC2; .NET CLR 2.0.50727; .NET CLR 3.5.30729; .NET CLR 3.0.30729; Media Center PC 6.0; .NET4.0C)"
60.63.96.106 - - [17/Nov/2017:04:05:00 +0000] "POST /search/?c=Finance HTTP/1.1" 200 85 "-" "Mozilla/5.0 (Macintosh; Intel Mac OS X 10.6; rv:9.0.1) Gecko/20100101 Firefox/9.0.1"
48.105.77.215 - - [17/Nov/2017:04:05:05 +0000] "GET /item/health/4533 HTTP/1.1" 200 55 "-" "Mozilla/5.0 (compatible; MSIE 9.0; Windows NT 6.1; WOW64; Trident/5.0)"
96.135.141.175 - - [17/Nov/2017:04:05:10 +0000] "GET /item/finance/3226 HTTP/1.1" 200 48 "/category/music" "Mozilla/5.0 (compatible; MSIE 9.0; Windows NT 6.1; Trident/5.0)"
216.60.81.167 - - [17/Nov/2017:04:05:15 +0000] "GET /category/music HTTP/1.1" 200 46 "/item/games/3284" "Mozilla/5.0 (Windows NT 6.1; WOW64; rv:10.0.1) Gecko/20100101 Firefox/10.0.1"
212.189.128.184 - - [17/Nov/2017:04:05:20 +0000] "GET /category/finance HTTP/1.1" 200 46 "-" "Mozilla/5.0 (Windows NT 6.0; rv:10.0.1) Gecko/20100101 Firefox/10.0.1"
212.174.138.139 - - [17/Nov/2017:04:05:25 +0000] "GET /category/electronics HTTP/1.1" 200 62 "/category/jewelry" "Mozilla/5.0 (Macintosh; Intel Mac OS X 10.6; rv:9.0.1) Gecko/20100101 Firefox/9.0.1"
56.150.202.109 - - [17/Nov/2017:04:05:30 +0000] "GET /category/health HTTP/1.1" 200 42 "/category/electronics" "Mozilla/5.0 (Windows NT 6.1; WOW64) AppleWebKit/535.11 (KHTML, like Gecko) Chrome/17.0.963.56 Safari/535.11"
60.165.28.148 - - [17/Nov/2017:04:05:35 +0000] "GET /category/giftcards HTTP/1.1" 200 99 "-" "Mozilla/5.0 (Windows NT 6.1; WOW64; rv:10.0.1) Gecko/20100101 Firefox/10.0.1"
88.99.48.102 - - [17/Nov/2017:04:05:40 +0000] "GET /category/software?from=10 HTTP/1.1" 200 54 "-" "Mozilla/5.0 (compatible; MSIE 9.0; Windows NT 6.1; WOW64; Trident/5.0)"
92.147.59.203 - - [17/Nov/2017:04:05:45 +0000] "POST /search/?c=Software HTTP/1.1" 200 50 "/search/?c=Music+Giftcards" "Mozilla/5.0 (Windows NT 6.0; rv:10.0.1) Gecko/20100101 Firefox/10.0.1"
224.171.159.48 - - [17/Nov/2017:04:05:50 +0000] "GET /item/books/3336 HTTP/1.1" 200 88 "http://www.google.com/search?ie=UTF-8&q=google&sclient=psy-ab&q=Books&oq=Books&aq=f&aqi=g-vL1&aql=&pbx=1&bav=on.2,or.r_gc.r_pw.r_qf.,cf.osb&biw=3665&bih=548" "Mozilla/4.0 (compatible; MSIE 8.0; Windows NT 5.1; Trident/4.0; YTB720; GTB7.2; .NET CLR 1.1.4322; .NET CLR 2.0.50727; .NET CLR 3.0.4506.2152; .NET CLR 3.5.30729)"
28.147.67.42 - - [17/Nov/2017:04:05:55 +0000] "GET /category/books HTTP/1.1" 200 88 "/category/games" "Mozilla/5.0 (Windows NT 6.0; rv:10.0.1) Gecko/20100101 Firefox/10.0.1"
36.213.156.170 - - [17/Nov/2017:04:06:00 +0000] "GET /category/electronics HTTP/1.1" 200 115 "-" "Mozilla/5.0 (compatible; MSIE 9.0; Windows NT 6.1; Trident/5.0)"
40.39.105.229 - - [17/Nov/2017:04:06:05 +0000] "POST /search/?c=Electronics+Toys HTTP/1.1" 200 128 "/item/garden/4383" "Mozilla/4.0 (compatible; MSIE 8.0; Windows NT 6.0; WOW64; Trident/4.0; GTB6; SLCC1; .NET CLR 2.0.50727; Media Center PC 5.0; .NET CLR 3.5.30729; .NET CLR 3.0.30618; .NET4.0C)"
112.165.201.203 - - [17/Nov/2017:04:06:10 +0000] "GET /category/electronics HTTP/1.1" 200 83 "/category/books" "Mozilla/4.0 (compatible; MSIE 8.0; Windows NT 5.1; Trident/4.0; YTB720; GTB7.2; .NET CLR 1.1.4322; .NET CLR 2.0.50727; .NET CLR 3.0.4506.2152; .NET CLR 3.5.30729)"
212.228.110.108 - - [17/Nov/2017:04:06:15 +0000] "GET /category/garden HTTP/1.1" 200 117 "-" "Mozilla/5.0 (iPhone; CPU iPhone OS 5_0_1 like Mac OS X) AppleWebKit/534.46 (KHTML, like Gecko) Version/5.1 Mobile/9A405 Safari/7534.48.3"
212.189.128.184 - - [17/Nov/2017:04:06:20 +0000] "GET /category/jewelry HTTP/1.1" 200 111 "-" "Mozilla/4.0 (compatible; MSIE 8.0; Windows NT 6.1; WOW64; Trident/4.0; YTB730; GTB7.2; EasyBits GO v1.0; SLCC2; .NET CLR 2.0.50727; .NET CLR 3.5.30729; .NET CLR 3.0.30729; Media Center PC 6.0; .NET4.0C)"
80.114.224.190 - - [17/Nov/2017:04:06:25 +0000] "GET /category/electronics HTTP/1.1" 200 63 "/item/software/2699" "Mozilla/4.0 (compatible; MSIE 8.0; Windows NT 6.1; WOW64; Trident/4.0; GTB7.2; SLCC2; .NET CLR 2.0.50727; .NET CLR 3.5.30729; .NET CLR 3.0.30729; Media Center PC 6.0; .NET4.0C)"
152.39.30.145 - - [17/Nov/2017:04:06:30 +0000] "GET /category/health?from=10 HTTP/1.1" 200 124 "/category/health" "Mozilla/5.0 (Windows NT 6.0; rv:10.0.1) Gecko/20100101 Firefox/10.0.1"
132.195.184.30 - - [17/Nov/2017:04:06:35 +0000] "GET /item/computers/1106 HTTP/1.1" 200 57 "/search/?c=Computers+Books" "Mozilla/5.0 (Windows NT 5.1) AppleWebKit/535.11 (KHTML, like Gecko) Chrome/17.0.963.46 Safari/535.11"
108.150.20.229 - - [17/Nov/2017:04:06:40 +0000] "GET /category/garden HTTP/1.1" 200 97 "-" "Mozilla/5.0 (iPad; CPU OS 5_0_1 like Mac OS X) AppleWebKit/534.46 (KHTML, like Gecko) Version/5.1 Mobile/9A405 Safari/7534.48.3"
128.123.38.119 - - [17/Nov/2017:04:06:45 +0000] "GET /item/electronics/4030 HTTP/1.1" 200 111 "http://www.google.com/search?ie=UTF-8&q=google&sclient=psy-ab&q=Electronics+Finance&oq=Electronics+Finance&aq=f&aqi=g-vL1&aql=&pbx=1&bav=on.2,or.r_gc.r_pw.r_qf.,cf.osb&biw=3034&bih=420" "Mozilla/5.0 (Windows NT 6.1; WOW64) AppleWebKit/535.7 (KHTML, like Gecko) Chrome/16.0.912.77 Safari/535.7"
40.33.157.65 - - [17/Nov/2017:04:06:50 +0000] "GET /item/electronics/1 HTTP/1.1" 200 128 "-" "Mozilla/5.0 (compatible; MSIE 9.0; Windows NT 6.1; Trident/5.0)"
144.165.175.190 - - [17/Nov/2017:04:06:55 +0000] "GET /item/electronics/953 HTTP/1.1" 200 59 "http://www.google.com/search?ie=UTF-8&q=google&sclient=psy-ab&q=Electronics+Giftcards&oq=Electronics+Giftcards&aq=f&aqi=g-vL1&aql=&pbx=1&bav=on.2,or.r_gc.r_pw.r_qf.,cf.osb&biw=2983&bih=484" "Mozilla/5.0 (Windows NT 6.0; rv:10.0.1) Gecko/20100101 Firefox/10.0.1"
148.171.78.128 - - [17/Nov/2017:04:07:00 +0000] "GET /item/electronics/3574 HTTP/1.1" 200 77 "/item/garden/3051" "Mozilla/4.0 (compatible; MSIE 8.0; Windows NT 6.1; WOW64; Trident/4.0; GTB7.2; SLCC2; .NET CLR 2.0.50727; .NET CLR 3.5.30729; .NET CLR 3.0.30729; Media Center PC 6.0; .NET4.0C)"
164.219.72.37 - - [17/Nov/2017:04:07:05 +0000] "GET /category/health HTTP/1.1" 200 105 "/item/electronics/1195" "Mozilla/5.0 (Windows NT 6.1; WOW64; rv:10.0.1) Gecko/20100101 Firefox/10.0.1"
196.51.65.141 - - [17/Nov/2017:04:07:10 +0000] "GET /item/electronics/3162 HTTP/1.1" 200 71 "http://www.google.com/search?ie=UTF-8&q=google&sclient=psy-ab&q=Electronics&oq=Electronics&aq=f&aqi=g-vL1&aql=&pbx=1&bav=on.2,or.r_gc.r_pw.r_qf.,cf.osb&biw=2491&bih=179" "Mozilla/5.0 (compatible; MSIE 9.0; Windows NT 6.1; Trident/5.0)"
168.108.43.22 - - [17/Nov/2017:04:07:15 +0000] "GET /category/electronics HTTP/1.1" 200 50 "-" "Mozilla/5.0 (Windows NT 6.1; WOW64) AppleWebKit/535.11 (KHTML, like Gecko) Chrome/17.0.963.56 Safari/535.11"
196.138.160.145 - - [17/Nov/2017:04:07:20 +0000] "GET /category/books?from=10 HTTP/1.1" 200 99 "/search/?c=Books+Electronics" "Mozilla/5.0 (Macintosh; Intel Mac OS X 10.6; rv:9.0.1) Gecko/20100101 Firefox/9.0.1"
148.213.116.158 - - [17/Nov/2017:04:07:25 +0000] "GET /category/networking HTTP/1.1" 200 127 "-" "Mozilla/5.0 (compatible; Googlebot/2.1; +http://www.google.com/bot.html)"
92.216.114.137 - - [17/Nov/2017:04:07:30 +0000] "GET /category/office?from=0 HTTP/1.1" 200 50 "/category/games" "Mozilla/5.0 (iPad; CPU OS 5_0_1 like Mac OS X) AppleWebKit/534.46 (KHTML, like Gecko) Version/5.1 Mobile/9A405 Safari/7534.48.3"
72.156.55.140 - - [17/Nov/2017:04:07:35 +0000] "GET /category/software HTTP/1.1" 200 45 "/category/games" "Mozilla/5.0 (compatible; Googlebot/2.1; +http://www.google.com/bot.html)"
140.27.85.29 - - [17/Nov/2017:04:07:40 +0000] "GET /item/giftcards/4709 HTTP/1.1" 200 53 "-" "Mozilla/5.0 (Windows NT 6.0; rv:10.0.1) Gecko/20100101 Firefox/10.0.1"
192.96.212.129 - - [17/Nov/2017:04:07:45 +0000] "GET /category/health HTTP/1.1" 200 49 "/search/?c=Computers+Electronics" "Mozilla/5.0 (iPhone; CPU iPhone OS 5_0_1 like Mac OS X) AppleWebKit/534.46 (KHTML, like Gecko) Version/5.1 Mobile/9A405 Safari/7534.48.3"
108.78.86.154 - - [17/Nov/2017:04:07:50 +0000] "GET /category/electronics HTTP/1.1" 200 116 "-" "Mozilla/5.0 (compatible; MSIE 9.0; Windows NT 6.1; Trident/5.0)"
140.144.63.69 - - [17/Nov/2017:04:07:55 +0000] "GET /item/books/4255 HTTP/1.1" 200 108 "/category/cameras" "Mozilla/5.0 (compatible; MSIE 9.0; Windows NT 6.1; WOW64; Trident/5.0)"
52.93.144.151 - - [17/Nov/2017:04:08:00 +0000] "GET /category/computers HTTP/1.1" 200 45 "/category/office" "Mozilla/5.0 (compatible; MSIE 9.0; Windows NT 6.1; Trident/5.0)"
44.189.22.22 - - [17/Nov/2017:04:08:05 +0000] "GET /category/electronics HTTP/1.1" 200 98 "/item/music/1232" "Mozilla/5.0 (Windows NT 6.1; WOW64) AppleWebKit/535.7 (KHTML, like Gecko) Chrome/16.0.912.77 Safari/535.7"
216.123.84.162 - - [17/Nov/2017:04:08:10 +0000] "GET /category/music HTTP/1.1" 200 138 "/search/?c=Electronics+Books" "Mozilla/5.0 (Windows NT 6.0) AppleWebKit/535.11 (KHTML, like Gecko) Chrome/17.0.963.56 Safari/535.11"
140.207.125.132 - - [17/Nov/2017:04:08:15 +0000] "GET /category/jewelry HTTP/1.1" 200 40 "/category/music" "Mozilla/5.0 (Windows NT 6.0; rv:10.0.1) Gecko/20100101 Firefox/10.0.1"
136.54.219.130 - - [17/Nov/2017:04:08:20 +0000] "GET /category/music HTTP/1.1" 200 51 "-" "Mozilla/5.0 (Windows NT 6.1; WOW64; rv:10.0.1) Gecko/20100101 Firefox/10.0.1"
188.66.87.61 - - [17/Nov/2017:04:08:25 +0000] "GET /category/health HTTP/1.1" 200 118 "/item/electronics/1828" "Mozilla/5.0 (Windows NT 6.1; WOW64; rv:10.0.1) Gecko/20100101 Firefox/10.0.1"
160.183.132.213 - - [17/Nov/2017:04:08:30 +0000] "GET /category/books HTTP/1.1" 200 139 "-" "Mozilla/4.0 (compatible; MSIE 8.0; Windows NT 6.1; Trident/4.0; YTB730; SLCC2; .NET CLR 2.0.50727; .NET CLR 3.5.30729; .NET CLR 3.0.30729; Media Center PC 6.0; .NET4.0C)"
168.225.50.133 - - [17/Nov/2017:04:08:35 +0000] "POST /search/?c=Electronics HTTP/1.1" 200 130 "/category/cameras" "Mozilla/4.0 (compatible; MSIE 8.0; Windows NT 6.1; WOW64; Trident/4.0; GTB7.2; SLCC2; .NET CLR 2.0.50727; .NET CLR 3.5.30729; .NET CLR 3.0.30729; Media Center PC 6.0; .NET4.0C)"
20.60.125.37 - - [17/Nov/2017:04:08:40 +0000] "GET /category/games HTTP/1.1" 200 100 "/item/finance/1295" "Mozilla/5.0 (Windows NT 6.1; WOW64) AppleWebKit/535.11 (KHTML, like Gecko) Chrome/17.0.963.56 Safari/535.11"
96.138.127.49 - - [17/Nov/2017:04:08:45 +0000] "GET /category/books HTTP/1.1" 200 65 "/item/software/1531" "Mozilla/5.0 (compatible; Googlebot/2.1; +http://www.google.com/bot.html)"
44.57.212.87 - - [17/Nov/2017:04:08:50 +0000] "GET /category/electronics HTTP/1.1" 200 119 "-" "Mozilla/4.0 (compatible; MSIE 8.0; Windows NT 5.1; Trident/4.0; BTRS122159; GTB7.2; .NET CLR 1.1.4322; .NET CLR 2.0.50727; .NET CLR 3.0.04506.30; .NET CLR 3.0.4506.2152; .NET CLR 3.5.30729; BRI/2)"
68.33.56.24 - - [17/Nov/2017:04:08:55 +0000] "GET /item/electronics/3529 HTTP/1.1" 404 122 "/search/?c=Electronics+Health" "Mozilla/5.0 (Windows NT 6.1; WOW64) AppleWebKit/535.11 (KHTML, like Gecko) Chrome/17.0.963.56 Safari/535.11"
212.183.136.225 - - [17/Nov/2017:04:09:00 +0000] "GET /item/games/2751 HTTP/1.1" 200 43 "/category/books?from=20" "Mozilla/5.0 (Macintosh; Intel Mac OS X 10.6; rv:9.0.1) Gecko/20100101 Firefox/9.0.1"
24.162.227.115 - - [17/Nov/2017:04:09:05 +0000] "GET /category/books HTTP/1.1" 200 122 "/category/cameras" "Mozilla/5.0 (Windows NT 6.0; rv:10.0.1) Gecko/20100101 Firefox/10.0.1"
204.162.54.90 - - [17/Nov/2017:04:09:10 +0000] "GET /category/books HTTP/1.1" 200 129 "-" "Mozilla/5.0 (Windows NT 6.0; rv:10.0.1) Gecko/20100101 Firefox/10.0.1"
100.93.35.154 - - [17/Nov/2017:04:09:15 +0000] "GET /category/sports HTTP/1.1" 200 72 "/search/?c=Software+Office" "Mozilla/5.0 (Windows NT 6.1; WOW64; rv:10.0.1) Gecko/20100101 Firefox/10.0.1"
148.78.49.128 - - [17/Nov/2017:04:09:20 +0000] "GET /item/toys/3509 HTTP/1.1" 200 89 "/item/music/1695" "Mozilla/5.0 (Windows NT 6.1; WOW64) AppleWebKit/535.11 (KHTML, like Gecko) Chrome/17.0.963.56 Safari/535.11"
136.108.176.209 - - [17/Nov/2017:04:09:25 +0000] "GET /category/books HTTP/1.1" 200 137 "/item/software/85" "Mozilla/5.0 (Windows NT 6.1; WOW64; rv:10.0.1) Gecko/20100101 Firefox/10.0.1"
168.39.135.79 - - [17/Nov/2017:04:09:30 +0000] "GET /category/music HTTP/1.1" 200 54 "/item/networking/4174" "Mozilla/5.0 (Macintosh; Intel Mac OS X 10.6; rv:9.0.1) Gecko/20100101 Firefox/9.0.1"
172.48.138.173 - - [17/Nov/2017:04:09:35 +0000] "GET /category/software HTTP/1.1" 200 70 "-" "Mozilla/5.0 (Macintosh; Intel Mac OS X 10.6; rv:9.0.1) Gecko/20100101 Firefox/9.0.1"
56.186.73.100 - - [17/Nov/2017:04:09:40 +0000] "GET /item/networking/4421 HTTP/1.1" 200 47 "/item/electronics/663" "Mozilla/5.0 (Windows NT 6.1; WOW64) AppleWebKit/535.7 (KHTML, like Gecko) Chrome/16.0.912.77 Safari/535.7"
164.165.47.101 - - [17/Nov/2017:04:09:45 +0000] "POST /search/?c=Health HTTP/1.1" 200 60 "/category/electronics" "Mozilla/5.0 (iPhone; CPU iPhone OS 5_0_1 like Mac OS X) AppleWebKit/534.46 (KHTML, like Gecko) Version/5.1 Mobile/9A405 Safari/7534.48.3"
36.126.180.91 - - [17/Nov/2017:04:09:50 +0000] "GET /category/software HTTP/1.1" 200 40 "-" "Mozilla/5.0 (Windows NT 6.0; rv:10.0.1) Gecko/20100101 Firefox/10.0.1"
184.162.181.93 - - [17/Nov/2017:04:09:55 +0000] "GET /item/software/880 HTTP/1.1" 200 138 "-" "Mozilla/5.0 (Windows NT 5.1) AppleWebKit/535.11 (KHTML, like Gecko) Chrome/17.0.963.46 Safari/535.11"
76.144.80.172 - - [17/Nov/2017:04:10:00 +0000] "GET /category/games HTTP/1.1" 200 66 "-" "Mozilla/4.0 (compatible; MSIE 8.0; Windows NT 6.1; WOW64; Trident/4.0; YTB730; GTB7.2; EasyBits GO v1.0; SLCC2; .NET CLR 2.0.50727; .NET CLR 3.5.30729; .NET CLR 3.0.30729; Media Center PC 6.0; .NET4.0C)"
140.72.79.22 - - [17/Nov/2017:04:10:05 +0000] "GET /category/networking HTTP/1.1" 200 46 "-" "Mozilla/4.0 (compatible; MSIE 8.0; Windows NT 6.1; WOW64; Trident/4.0; YTB730; GTB7.2; SLCC2; .NET CLR 2.0.50727; .NET CLR 3.5.30729; .NET CLR 3.0.30729; .NET4.0C; .NET4.0E; Media Center PC 6.0)"
224.129.127.102 - - [17/Nov/2017:04:10:10 +0000] "POST /search/?c=Games+Electronics HTTP/1.1" 200 81 "-" "Mozilla/4.0 (compatible; MSIE 8.0; Windows NT 5.1; Trident/4.0; YTB720; GTB7.2; .NET CLR 1.1.4322; .NET CLR 2.0.50727; .NET CLR 3.0.4506.2152; .NET CLR 3.5.30729)"
92.123.218.35 - - [17/Nov/2017:04:10:15 +0000] "GET /category/books HTTP/1.1" 200 93 "/category/software" "Mozilla/5.0 (Windows NT 6.1; WOW64) AppleWebKit/535.11 (KHTML, like Gecko) Chrome/17.0.963.56 Safari/535.11"
168.150.74.102 - - [17/Nov/2017:04:10:20 +0000] "GET /category/finance HTTP/1.1" 200 96 "/item/books/953" "Mozilla/5.0 (Windows NT 6.0; rv:10.0.1) Gecko/20100101 Firefox/10.0.1"
72.153.193.186 - - [17/Nov/2017:04:10:25 +0000] "GET /category/software HTTP/1.1" 200 137 "/item/electronics/2792" "Mozilla/5.0 (Macintosh; Intel Mac OS X 10.6; rv:9.0.1) Gecko/20100101 Firefox/9.0.1"
140.183.67.108 - - [17/Nov/2017:04:10:30 +0000] "GET /category/electronics HTTP/1.1" 200 61 "/item/electronics/229" "Mozilla/5.0 (iPad; CPU OS 5_0_1 like Mac OS X) AppleWebKit/534.46 (KHTML, like Gecko) Version/5.1 Mobile/9A405 Safari/7534.48.3"
168.150.74.102 - - [17/Nov/2017:04:10:35 +0000] "GET /category/electronics HTTP/1.1" 200 78 "-" "Mozilla/5.0 (Windows NT 6.0) AppleWebKit/535.11 (KHTML, like Gecko) Chrome/17.0.963.56 Safari/535.11"
56.189.95.197 - - [17/Nov/2017:04:10:40 +0000] "GET /item/games/2827 HTTP/1.1" 200 113 "/category/office" "Mozilla/5.0 (compatible; Googlebot/2.1; +http://www.google.com/bot.html)"
108.63.102.146 - - [17/Nov/2017:04:10:45 +0000] "GET /category/networking HTTP/1.1" 200 136 "-" "Mozilla/5.0 (compatible; MSIE 9.0; Windows NT 6.1; Trident/5.0)"
144.129.128.24 - - [17/Nov/2017:04:10:50 +0000] "GET /item/computers/811 HTTP/1.1" 200 128 "/search/?c=Computers" "Mozilla/5.0 (Windows NT 6.1; WOW64) AppleWebKit/535.7 (KHTML, like Gecko) Chrome/16.0.912.77 Safari/535.7"
36.126.150.23 - - [17/Nov/2017:04:10:55 +0000] "GET /category/software HTTP/1.1" 200 68 "/item/software/2456" "Mozilla/5.0 (iPhone; CPU iPhone OS 5_0_1 like Mac OS X) AppleWebKit/534.46 (KHTML, like Gecko) Version/5.1 Mobile/9A405 Safari/7534.48.3"
124.99.44.123 - - [17/Nov/2017:04:11:00 +0000] "GET /item/cameras/1442 HTTP/1.1" 200 56 "/search/?c=Cameras+Software" "Mozilla/5.0 (Windows NT 6.0; rv:10.0.1) Gecko/20100101 Firefox/10.0.1"
44.198.64.135 - - [17/Nov/2017:04:11:05 +0000] "GET /category/networking HTTP/1.1" 200 82 "/category/electronics" "Mozilla/5.0 (iPad; CPU OS 5_0_1 like Mac OS X) AppleWebKit/534.46 (KHTML, like Gecko) Version/5.1 Mobile/9A405 Safari/7534.48.3"
112.69.33.49 - - [17/Nov/2017:04:11:10 +0000] "GET /category/networking HTTP/1.1" 200 74 "-" "Mozilla/5.0 (Macintosh; Intel Mac OS X 10.6; rv:9.0.1) Gecko/20100101 Firefox/9.0.1"
136.63.21.83 - - [17/Nov/2017:04:11:15 +0000] "GET /category/books HTTP/1.1" 200 41 "-" "Mozilla/5.0 (Windows NT 5.1) AppleWebKit/535.11 (KHTML, like Gecko) Chrome/17.0.963.46 Safari/535.11"
212.225.203.50 - - [17/Nov/2017:04:11:20 +0000] "GET /category/books?from=20 HTTP/1.1" 200 88 "-" "Mozilla/5.0 (compatible; MSIE 9.0; Windows NT 6.1; WOW64; Trident/5.0)"
208.150.93.221 - - [17/Nov/2017:04:11:25 +0000] "GET /category/jewelry HTTP/1.1" 200 107 "-" "Mozilla/5.0 (compatible; MSIE 9.0; Windows NT 6.1; Trident/5.0)"
160.24.68.124 - - [17/Nov/2017:04:11:30 +0000] "GET /category/electronics HTTP/1.1" 200 51 "/search/?c=Office+Office" "Mozilla/5.0 (compatible; MSIE 9.0; Windows NT 6.1; WOW64; Trident/5.0)"
100.135.99.62 - - [17/Nov/2017:04:11:35 +0000] "POST /search/?c=Toys HTTP/1.1" 200 72 "-" "Mozilla/5.0 (Windows NT 6.0) AppleWebKit/535.11 (KHTML, like Gecko) Chrome/17.0.963.56 Safari/535.11"
184.93.57.135 - - [17/Nov/2017:04:11:40 +0000] "GET /category/garden HTTP/1.1" 200 134 "-" "Mozilla/5.0 (Macintosh; Intel Mac OS X 10.6; rv:9.0.1) Gecko/20100101 Firefox/9.0.1"
116.60.150.29 - - [17/Nov/2017:04:11:45 +0000] "GET /category/music HTTP/1.1" 200 61 "-" "Mozilla/4.0 (compatible; MSIE 8.0; Windows NT 5.1; Trident/4.0; YTB720; GTB7.2; .NET CLR 1.1.4322; .NET CLR 2.0.50727; .NET CLR 3.0.4506.2152; .NET CLR 3.5.30729)"
224.27.173.79 - - [17/Nov/2017:04:11:50 +0000] "GET /item/giftcards/1476 HTTP/1.1" 200 113 "/category/software" "Mozilla/5.0 (Windows NT 6.0; rv:10.0.1) Gecko/20100101 Firefox/10.0.1"
40.168.92.164 - - [17/Nov/2017:04:11:55 +0000] "GET /item/sports/4699 HTTP/1.1" 200 130 "/category/sports" "Mozilla/5.0 (iPhone; CPU iPhone OS 5_0_1 like Mac OS X) AppleWebKit/534.46 (KHTML, like Gecko) Version/5.1 Mobile/9A405 Safari/7534.48.3"
176.27.101.193 - - [17/Nov/2017:04:12:00 +0000] "GET /item/toys/3901 HTTP/1.1" 200 122 "http://www.google.com/search?ie=UTF-8&q=google&sclient=psy-ab&q=Toys+Software&oq=Toys+Software&aq=f&aqi=g-vL1&aql=&pbx=1&bav=on.2,or.r_gc.r_pw.r_qf.,cf.osb&biw=881&bih=168" "Mozilla/5.0 (Windows NT 6.1; WOW64; rv:10.0.1) Gecko/20100101 Firefox/10.0.1"
36.180.97.199 - - [17/Nov/2017:04:12:05 +0000] "GET /category/software HTTP/1.1" 200 84 "/category/health" "Mozilla/4.0 (compatible; MSIE 8.0; Windows NT 6.1; Trident/4.0; YTB730; SLCC2; .NET CLR 2.0.50727; .NET CLR 3.5.30729; .NET CLR 3.0.30729; Media Center PC 6.0; .NET4.0C)"
192.213.24.121 - - [17/Nov/2017:04:12:10 +0000] "POST /search/?c=Electronics+Books HTTP/1.1" 200 96 "-" "Mozilla/5.0 (Windows NT 6.1; WOW64) AppleWebKit/535.11 (KHTML, like Gecko) Chrome/17.0.963.56 Safari/535.11"
72.66.199.152 - - [17/Nov/2017:04:12:15 +0000] "GET /category/office HTTP/1.1" 200 109 "-" "Mozilla/5.0 (Windows NT 6.1; WOW64) AppleWebKit/535.7 (KHTML, like Gecko) Chrome/16.0.912.77 Safari/535.7"
84.30.95.135 - - [17/Nov/2017:04:12:20 +0000] "GET /item/books/3877 HTTP/1.1" 200 47 "-" "Mozilla/4.0 (compatible; MSIE 8.0; Windows NT 6.1; WOW64; Trident/4.0; GTB7.2; SLCC2; .NET CLR 2.0.50727; .NET CLR 3.5.30729; .NET CLR 3.0.30729; Media Center PC 6.0; .NET4.0C)"
152.87.67.123 - - [17/Nov/2017:04:12:25 +0000] "GET /category/electronics?from=20 HTTP/1.1" 200 48 "/category/electronics" "Mozilla/5.0 (Windows NT 6.1; WOW64) AppleWebKit/535.7 (KHTML, like Gecko) Chrome/16.0.912.77 Safari/535.7"
36.126.150.23 - - [17/Nov/2017:04:12:30 +0000] "GET /item/computers/2093 HTTP/1.1" 200 91 "http://www.google.com/search?ie=UTF-8&q=google&sclient=psy-ab&q=Computers+Cameras&oq=Computers+Cameras&aq=f&aqi=g-vL1&aql=&pbx=1&bav=on.2,or.r_gc.r_pw.r_qf.,cf.osb&biw=3655&bih=242" "Mozilla/4.0 (compatible; MSIE 8.0; Windows NT 6.1; WOW64; Trident/4.0; YTB730; GTB7.2; SLCC2; .NET CLR 2.0.50727; .NET CLR 3.5.30729; .NET CLR 3.0.30729; .NET4.0C; .NET4.0E; Media Center PC 6.0)"
216.99.176.92 - - [17/Nov/2017:04:12:35 +0000] "POST /search/?c=Electronics+Books HTTP/1.1" 200 134 "/item/electronics/2563" "Mozilla/5.0 (Windows NT 6.1; WOW64) AppleWebKit/535.11 (KHTML, like Gecko) Chrome/17.0.963.56 Safari/535.11"
168.108.147.195 - - [17/Nov/2017:04:12:40 +0000] "GET /item/jewelry/4114 HTTP/1.1" 404 139 "/search/?c=Jewelry" "Mozilla/5.0 (Windows NT 6.1; WOW64) AppleWebKit/535.7 (KHTML, like Gecko) Chrome/16.0.912.77 Safari/535.7"
172.33.83.66 - - [17/Nov/2017:04:12:45 +0000] "GET /category/finance HTTP/1.1" 200 122 "/category/electronics" "Mozilla/4.0 (compatible; MSIE 8.0; Windows NT 5.1; Trident/4.0; BTRS122159; GTB7.2; .NET CLR 1.1.4322; .NET CLR 2.0.50727; .NET CLR 3.0.04506.30; .NET CLR 3.0.4506.2152; .NET CLR 3.5.30729; BRI/2)"
32.171.95.119 - - [17/Nov/2017:04:12:50 +0000] "GET /item/books/3156 HTTP/1.1" 200 102 "-" "Mozilla/5.0 (compatible; MSIE 9.0; Windows NT 6.1; WOW64; Trident/5.0)"
120.57.151.184 - - [17/Nov/2017:04:12:55 +0000] "GET /item/books/4067 HTTP/1.1" 200 121 "-" "Mozilla/5.0 (Windows NT 6.0; rv:10.0.1) Gecko/20100101 Firefox/10.0.1"
120.225.200.117 - - [17/Nov/2017:04:13:00 +0000] "GET /item/office/1686 HTTP/1.1" 200 126 "-" "Mozilla/4.0 (compatible; MSIE 8.0; Windows NT 5.1; Trident/4.0; YTB720; GTB7.2; .NET CLR 1.1.4322; .NET CLR 2.0.50727; .NET CLR 3.0.4506.2152; .NET CLR 3.5.30729)"
40.141.85.63 - - [17/Nov/2017:04:13:05 +0000] "GET /item/software/1594 HTTP/1.1" 200 80 "http://www.google.com/search?ie=UTF-8&q=google&sclient=psy-ab&q=Software&oq=Software&aq=f&aqi=g-vL1&aql=&pbx=1&bav=on.2,or.r_gc.r_pw.r_qf.,cf.osb&biw=2839&bih=441" "Mozilla/4.0 (compatible; MSIE 8.0; Windows NT 6.1; Trident/4.0; YTB730; SLCC2; .NET CLR 2.0.50727; .NET CLR 3.5.30729; .NET CLR 3.0.30729; Media Center PC 6.0; .NET4.0C)"
180.207.97.33 - - [17/Nov/2017:04:13:10 +0000] "GET /item/health/1329 HTTP/1.1" 200 66 "/item/games/1547" "Mozilla/4.0 (compatible; MSIE 8.0; Windows NT 6.0; WOW64; Trident/4.0; GTB6; SLCC1; .NET CLR 2.0.50727; Media Center PC 5.0; .NET CLR 3.5.30729; .NET CLR 3.0.30618; .NET4.0C)"
196.195.42.66 - - [17/Nov/2017:04:13:15 +0000] "GET /item/games/4108 HTTP/1.1" 200 60 "/search/?c=Games+Office" "Mozilla/5.0 (compatible; Googlebot/2.1; +http://www.google.com/bot.html)"
148.171.78.128 - - [17/Nov/2017:04:13:20 +0000] "GET /category/garden HTTP/1.1" 200 88 "/category/software" "Mozilla/5.0 (Windows NT 6.1; WOW64) AppleWebKit/535.11 (KHTML, like Gecko) Chrome/17.0.963.56 Safari/535.11"
60.54.88.65 - - [17/Nov/2017:04:13:25 +0000] "POST /search/?c=Books HTTP/1.1" 200 127 "/category/software" "Mozilla/5.0 (Windows NT 6.1; WOW64) AppleWebKit/535.11 (KHTML, like Gecko) Chrome/17.0.963.56 Safari/535.11"
80.126.81.138 - - [17/Nov/2017:04:13:30 +0000] "GET /category/toys?from=20 HTTP/1.1" 200 70 "/search/?c=Electronics+Garden" "Mozilla/5.0 (Macintosh; Intel Mac OS X 10.6; rv:9.0.1) Gecko/20100101 Firefox/9.0.1"
164.210.109.27 - - [17/Nov/2017:04:13:35 +0000] "GET /item/software/1950 HTTP/1.1" 200 117 "/category/games" "Mozilla/5.0 (Windows NT 6.0; rv:10.0.1) Gecko/20100101 Firefox/10.0.1"
116.60.150.29 - - [17/Nov/2017:04:13:40 +0000] "GET /category/games HTTP/1.1" 200 101 "-" "Mozilla/4.0 (compatible; MSIE 8.0; Windows NT 5.1; Trident/4.0; YTB720; GTB7.2; .NET CLR 1.1.4322; .NET CLR 2.0.50727; .NET CLR 3.0.4506.2152; .NET CLR 3.5.30729)"
200.42.228.158 - - [17/Nov/2017:04:13:45 +0000] "GET /category/finance HTTP/1.1" 200 139 "-" "Mozilla/5.0 (Windows NT 6.0) AppleWebKit/535.11 (KHTML, like Gecko) Chrome/17.0.963.56 Safari/535.11"
20.63.78.107 - - [17/Nov/2017:04:13:50 +0000] "GET /item/electronics/3574 HTTP/1.1" 200 77 "-" "Mozilla/5.0 (Macintosh; Intel Mac OS X 10.6; rv:9.0.1) Gecko/20100101 Firefox/9.0.1"
40.195.97.189 - - [17/Nov/2017:04:13:55 +0000] "GET /category/computers HTTP/1.1" 200 126 "-" "Mozilla/5.0 (Windows NT 6.0) AppleWebKit/535.11 (KHTML, like Gecko) Chrome/17.0.963.56 Safari/535.11"
168.108.171.195 - - [17/Nov/2017:04:14:00 +0000] "GET /category/electronics HTTP/1.1" 200 77 "-" "Mozilla/5.0 (Macintosh; Intel Mac OS X 10.6; rv:9.0.1) Gecko/20100101 Firefox/9.0.1"
68.78.152.172 - - [17/Nov/2017:04:14:05 +0000] "GET /category/health HTTP/1.1" 200 95 "/item/networking/3624" "Mozilla/5.0 (compatible; MSIE 9.0; Windows NT 6.1; WOW64; Trident/5.0)"
192.90.171.212 - - [17/Nov/2017:04:14:10 +0000] "GET /item/games/3164 HTTP/1.1" 200 49 "-" "Mozilla/5.0 (Windows NT 6.1; WOW64) AppleWebKit/535.11 (KHTML, like Gecko) Chrome/17.0.963.56 Safari/535.11"
104.93.76.126 - - [17/Nov/2017:04:14:15 +0000] "GET /category/software HTTP/1.1" 200 73 "-" "Mozilla/5.0 (Windows NT 6.1; WOW64; rv:10.0.1) Gecko/20100101 Firefox/10.0.1"
156.105.121.202 - - [17/Nov/2017:04:14:20 +0000] "GET /category/jewelry HTTP/1.1" 200 107 "-" "Mozilla/5.0 (Macintosh; Intel Mac OS X 10.6; rv:9.0.1) Gecko/20100101 Firefox/9.0.1"
60.33.34.174 - - [17/Nov/2017:04:14:25 +0000] "GET /category/books HTTP/1.1" 200 65 "/item/books/1785" "Mozilla/5.0 (Windows NT 5.1) AppleWebKit/535.11 (KHTML, like Gecko) Chrome/17.0.963.46 Safari/535.11"
124.192.214.79 - - [17/Nov/2017:04:14:30 +0000] "GET /category/books HTTP/1.1" 200 89 "/item/health/2887" "Mozilla/5.0 (compatible; Googlebot/2.1; +http://www.google.com/bot.html)"
224.27.58.174 - - [17/Nov/2017:04:14:35 +0000] "GET /item/games/3186 HTTP/1.1" 200 47 "-" "Mozilla/5.0 (Windows NT 6.1; WOW64; rv:10.0.1) Gecko/20100101 Firefox/10.0.1"
80.114.151.203 - - [17/Nov/2017:04:14:40 +0000] "GET /item/software/2103 HTTP/1.1" 200 73 "/item/cameras/3320" "Mozilla/5.0 (Windows NT 6.1; WOW64) AppleWebKit/535.11 (KHTML, like Gecko) Chrome/17.0.963.56 Safari/535.11"
20.60.125.37 - - [17/Nov/2017:04:14:45 +0000] "GET /category/games HTTP/1.1" 200 135 "/category/books" "Mozilla/5.0 (compatible; MSIE 9.0; Windows NT 6.1; WOW64; Trident/5.0)"
80.180.214.20 - - [17/Nov/2017:04:14:50 +0000] "GET /category/office HTTP/1.1" 200 53 "/item/finance/3568" "Mozilla/5.0 (Windows NT 6.0; rv:10.0.1) Gecko/20100101 Firefox/10.0.1"
92.99.34.90 - - [17/Nov/2017:04:14:55 +0000] "GET /category/computers HTTP/1.1" 200 48 "/search/?c=Sports+Giftcards" "Mozilla/5.0 (Windows NT 6.1; WOW64; rv:10.0.1) Gecko/20100101 Firefox/10.0.1"
216.129.164.166 - - [17/Nov/2017:04:15:00 +0000] "GET /category/games HTTP/1.1" 200 111 "-" "Mozilla/5.0 (Windows NT 6.0; rv:10.0.1) Gecko/20100101 Firefox/10.0.1"
32.105.122.34 - - [17/Nov/2017:04:15:05 +0000] "GET /category/software HTTP/1.1" 200 105 "-" "Mozilla/5.0 (compatible; MSIE 9.0; Windows NT 6.1; WOW64; Trident/5.0)"
72.165.89.172 - - [17/Nov/2017:04:15:10 +0000] "GET /category/office HTTP/1.1" 200 82 "-" "Mozilla/5.0 (compatible; Googlebot/2.1; +http://www.google.com/bot.html)"
60.30.169.122 - - [17/Nov/2017:04:15:15 +0000] "GET /category/electronics HTTP/1.1" 200 56 "-" "Mozilla/4.0 (compatible; MSIE 8.0; Windows NT 6.1; WOW64; Trident/4.0; YTB730; GTB7.2; EasyBits GO v1.0; SLCC2; .NET CLR 2.0.50727; .NET CLR 3.5.30729; .NET CLR 3.0.30729; Media Center PC 6.0; .NET4.0C)"
28.87.124.152 - - [17/Nov/2017:04:15:20 +0000] "GET /category/software HTTP/1.1" 200 121 "http://www.google.com/search?ie=UTF-8&q=google&sclient=psy-ab&q=Software&oq=Software&aq=f&aqi=g-vL1&aql=&pbx=1&bav=on.2,or.r_gc.r_pw.r_qf.,cf.osb&biw=4632&bih=387" "Mozilla/5.0 (Windows NT 6.1; WOW64) AppleWebKit/535.11 (KHTML, like Gecko) Chrome/17.0.963.56 Safari/535.11"
124.78.114.122 - - [17/Nov/2017:04:15:25 +0000] "GET /category/software?from=20 HTTP/1.1" 200 94 "/item/jewelry/428" "Mozilla/4.0 (compatible; MSIE 8.0; Windows NT 6.1; WOW64; Trident/4.0; GTB7.2; SLCC2; .NET CLR 2.0.50727; .NET CLR 3.5.30729; .NET CLR 3.0.30729; Media Center PC 6.0; .NET4.0C)"
172.165.188.104 - - [17/Nov/2017:04:15:30 +0000] "GET /item/finance/3568 HTTP/1.1" 200 126 "/category/jewelry" "Mozilla/5.0 (Macintosh; Intel Mac OS X 10.6; rv:9.0.1) Gecko/20100101 Firefox/9.0.1"
44.213.68.121 - - [17/Nov/2017:04:15:35 +0000] "GET /item/games/2882 HTTP/1.1" 200 130 "-" "Mozilla/5.0 (compatible; MSIE 9.0; Windows NT 6.1; Trident/5.0)"
92.216.114.137 - - [17/Nov/2017:04:15:40 +0000] "GET /category/books HTTP/1.1" 200 67 "/category/software" "Mozilla/5.0 (Windows NT 6.0) AppleWebKit/535.11 (KHTML, like Gecko) Chrome/17.0.963.56 Safari/535.11"
216.60.81.167 - - [17/Nov/2017:04:15:45 +0000] "GET /category/electronics HTTP/1.1" 200 67 "-" "Mozilla/5.0 (compatible; MSIE 9.0; Windows NT 6.1; WOW64; Trident/5.0)"
212.90.155.59 - - [17/Nov/2017:04:15:50 +0000] "POST /search/?c=Cameras+Books HTTP/1.1" 200 87 "-" "Mozilla/5.0 (Windows NT 6.0; rv:10.0.1) Gecko/20100101 Firefox/10.0.1"
124.162.24.47 - - [17/Nov/2017:04:15:55 +0000] "GET /item/health/4301 HTTP/1.1" 200 104 "-" "Mozilla/5.0 (Windows NT 6.0; rv:10.0.1) Gecko/20100101 Firefox/10.0.1"
168.129.116.168 - - [17/Nov/2017:04:16:00 +0000] "GET /category/software HTTP/1.1" 200 116 "/item/books/3487" "Mozilla/5.0 (Windows NT 6.1; WOW64) AppleWebKit/535.11 (KHTML, like Gecko) Chrome/17.0.963.56 Safari/535.11"
196.168.199.146 - - [17/Nov/2017:04:16:05 +0000] "GET /category/games HTTP/1.1" 200 133 "/search/?c=Electronics+Software" "Mozilla/4.0 (compatible; MSIE 8.0; Windows NT 6.1; WOW64; Trident/4.0; YTB730; GTB7.2; SLCC2; .NET CLR 2.0.50727; .NET CLR 3.5.30729; .NET CLR 3.0.30729; .NET4.0C; .NET4.0E; Media Center PC 6.0)"
92.117.108.135 - - [17/Nov/2017:04:16:10 +0000] "GET /category/electronics HTTP/1.1" 200 71 "-" "Mozilla/5.0 (Windows NT 6.1; WOW64) AppleWebKit/535.11 (KHTML, like Gecko) Chrome/17.0.963.56 Safari/535.11"
132.132.109.164 - - [17/Nov/2017:04:16:15 +0000] "GET /category/books?from=20 HTTP/1.1" 200 86 "-" "Mozilla/5.0 (Windows NT 6.0; rv:10.0.1) Gecko/20100101 Firefox/10.0.1"
164.207.101.92 - - [17/Nov/2017:04:16:20 +0000] "GET /item/networking/2789 HTTP/1.1" 200 132 "/search/?c=Networking" "Mozilla/5.0 (Windows NT 6.1; WOW64) AppleWebKit/535.11 (KHTML, like Gecko) Chrome/17.0.963.56 Safari/535.11"
204.162.54.90 - - [17/Nov/2017:04:16:25 +0000] "GET /category/books HTTP/1.1" 200 131 "/category/books" "Mozilla/5.0 (Windows NT 6.1; WOW64) AppleWebKit/535.7 (KHTML, like Gecko) Chrome/16.0.912.77 Safari/535.7"
188.66.87.61 - - [17/Nov/2017:04:16:30 +0000] "GET /category/electronics HTTP/1.1" 200 78 "-" "Mozilla/5.0 (Windows NT 6.0; rv:10.0.1) Gecko/20100101 Firefox/10.0.1"
220.162.66.229 - - [17/Nov/2017:04:16:35 +0000] "GET /category/games?from=20 HTTP/1.1" 200 42 "/item/electronics/1667" "Mozilla/5.0 (Windows NT 6.0; rv:10.0.1) Gecko/20100101 Firefox/10.0.1"
112.18.198.226 - - [17/Nov/2017:04:16:40 +0000] "POST /search/?c=Music+Giftcards HTTP/1.1" 200 113 "/category/games" "Mozilla/5.0 (Windows NT 6.0; rv:10.0.1) Gecko/20100101 Firefox/10.0.1"
136.27.27.51 - - [17/Nov/2017:04:16:45 +0000] "GET /category/games HTTP/1.1" 200 135 "-" "Mozilla/5.0 (Windows NT 6.1; WOW64) AppleWebKit/535.7 (KHTML, like Gecko) Chrome/16.0.912.77 Safari/535.7"
216.210.207.165 - - [17/Nov/2017:04:16:50 +0000] "GET /category/health HTTP/1.1" 200 95 "/search/?c=Health" "Mozilla/5.0 (iPhone; CPU iPhone OS 5_0_1 like Mac OS X) AppleWebKit/534.46 (KHTML, like Gecko) Version/5.1 Mobile/9A405 Safari/7534.48.3"
164.198.33.36 - - [17/Nov/2017:04:16:55 +0000] "GET /category/jewelry HTTP/1.1" 200 76 "-" "Mozilla/5.0 (iPad; CPU OS 5_0_1 like Mac OS X) AppleWebKit/534.46 (KHTML, like Gecko) Version/5.1 Mobile/9A405 Safari/7534.48.3"
220.72.103.132 - - [17/Nov/2017:04:17:00 +0000] "GET /category/jewelry HTTP/1.1" 200 138 "-" "Mozilla/5.0 (Macintosh; Intel Mac OS X 10.6; rv:9.0.1) Gecko/20100101 Firefox/9.0.1"
104.207.115.95 - - [17/Nov/2017:04:17:05 +0000] "GET /item/electronics/2795 HTTP/1.1" 200 52 "-" "Mozilla/5.0 (Macintosh; Intel Mac OS X 10.6; rv:9.0.1) Gecko/20100101 Firefox/9.0.1"
160.45.81.35 - - [17/Nov/2017:04:17:10 +0000] "GET /category/garden HTTP/1.1" 200 78 "/item/books/4818" "Mozilla/5.0 (compatible; Googlebot/2.1; +http://www.google.com/bot.html)"
112.144.23.168 - - [17/Nov/2017:04:17:15 +0000] "GET /category/games HTTP/1.1" 200 111 "/category/office" "Mozilla/4.0 (compatible; MSIE 8.0; Windows NT 6.1; WOW64; Trident/4.0; YTB730; GTB7.2; EasyBits GO v1.0; SLCC2; .NET CLR 2.0.50727; .NET CLR 3.5.30729; .NET CLR 3.0.30729; Media Center PC 6.0; .NET4.0C)"
36.51.149.50 - - [17/Nov/2017:04:17:20 +0000] "GET /category/electronics HTTP/1.1" 200 84 "-" "Mozilla/5.0 (iPhone; CPU iPhone OS 5_0_1 like Mac OS X) AppleWebKit/534.46 (KHTML, like Gecko) Version/5.1 Mobile/9A405 Safari/7534.48.3"
48.57.162.127 - - [17/Nov/2017:04:17:25 +0000] "GET /item/giftcards/1476 HTTP/1.1" 200 113 "-" "Mozilla/4.0 (compatible; MSIE 8.0; Windows NT 6.0; WOW64; Trident/4.0; GTB6; SLCC1; .NET CLR 2.0.50727; Media Center PC 5.0; .NET CLR 3.5.30729; .NET CLR 3.0.30618; .NET4.0C)"
72.138.197.227 - - [17/Nov/2017:04:17:30 +0000] "GET /item/garden/995 HTTP/1.1" 200 77 "-" "Mozilla/5.0 (Windows NT 6.0; rv:10.0.1) Gecko/20100101 Firefox/10.0.1"
76.33.84.154 - - [17/Nov/2017:04:17:35 +0000] "GET /item/computers/3622 HTTP/1.1" 200 110 "-" "Mozilla/5.0 (Windows NT 6.1; WOW64) AppleWebKit/535.11 (KHTML, like Gecko) Chrome/17.0.963.56 Safari/535.11"
148.102.155.163 - - [17/Nov/2017:04:17:40 +0000] "GET /item/electronics/2792 HTTP/1.1" 200 114 "/category/electronics" "Mozilla/4.0 (compatible; MSIE 8.0; Windows NT 6.1; WOW64; Trident/4.0; YTB730; GTB7.2; EasyBits GO v1.0; SLCC2; .NET CLR 2.0.50727; .NET CLR 3.5.30729; .NET CLR 3.0.30729; Media Center PC 6.0; .NET4.0C)"
132.81.165.167 - - [17/Nov/2017:04:17:45 +0000] "GET /category/office HTTP/1.1" 200 132 "-" "Mozilla/5.0 (Macintosh; Intel Mac OS X 10.6; rv:9.0.1) Gecko/20100101 Firefox/9.0.1"
120.216.45.120 - - [17/Nov/2017:04:17:50 +0000] "GET /item/sports/1656 HTTP/1.1" 200 118 "-" "Mozilla/5.0 (Windows NT 6.0; rv:10.0.1) Gecko/20100101 Firefox/10.0.1"
216.60.81.167 - - [17/Nov/2017:04:17:55 +0000] "GET /item/electronics/261 HTTP/1.1" 200 70 "/search/?c=Electronics" "Mozilla/5.0 (compatible; MSIE 9.0; Windows NT 6.1; WOW64; Trident/5.0)"
32.189.72.176 - - [17/Nov/2017:04:18:00 +0000] "GET /category/jewelry HTTP/1.1" 200 102 "/category/electronics" "Mozilla/5.0 (compatible; MSIE 9.0; Windows NT 6.1; WOW64; Trident/5.0)"
224.186.203.56 - - [17/Nov/2017:04:18:05 +0000] "GET /item/office/1168 HTTP/1.1" 200 135 "/item/garden/4052" "Mozilla/5.0 (Windows NT 6.1; WOW64) AppleWebKit/535.11 (KHTML, like Gecko) Chrome/17.0.963.56 Safari/535.11"
148.18.219.25 - - [17/Nov/2017:04:18:10 +0000] "GET /category/toys HTTP/1.1" 200 125 "/category/networking" "Mozilla/5.0 (Windows NT 6.0; rv:10.0.1) Gecko/20100101 Firefox/10.0.1"
128.147.75.132 - - [17/Nov/2017:04:18:15 +0000] "GET /category/software HTTP/1.1" 200 85 "-" "Mozilla/5.0 (Windows NT 6.0) AppleWebKit/535.11 (KHTML, like Gecko) Chrome/17.0.963.56 Safari/535.11"
56.222.168.46 - - [17/Nov/2017:04:18:20 +0000] "GET /category/health HTTP/1.1" 200 133 "-" "Mozilla/5.0 (Windows NT 6.0) AppleWebKit/535.11 (KHTML, like Gecko) Chrome/17.0.963.56 Safari/535.11"
176.153.215.204 - - [17/Nov/2017:04:18:25 +0000] "GET /item/garden/348 HTTP/1.1" 200 50 "/category/software" "Mozilla/5.0 (Windows NT 6.0) AppleWebKit/535.11 (KHTML, like Gecko) Chrome/17.0.963.56 Safari/535.11"
144.105.154.81 - - [17/Nov/2017:04:18:30 +0000] "GET /category/software HTTP/1.1" 200 104 "/item/books/757" "Mozilla/5.0 (Macintosh; Intel Mac OS X 10.6; rv:9.0.1) Gecko/20100101 Firefox/9.0.1"
104.117.61.206 - - [17/Nov/2017:04:18:35 +0000] "POST /search/?c=Books+Electronics HTTP/1.1" 200 79 "/item/software/1046" "Mozilla/5.0 (compatible; MSIE 9.0; Windows NT 6.1; Trident/5.0)"
68.33.56.24 - - [17/Nov/2017:04:18:40 +0000] "GET /item/electronics/2101 HTTP/1.1" 200 84 "/category/books?from=0" "Mozilla/5.0 (Windows NT 6.1; WOW64) AppleWebKit/535.11 (KHTML, like Gecko) Chrome/17.0.963.56 Safari/535.11"
36.126.150.23 - - [17/Nov/2017:04:18:45 +0000] "GET /category/electronics HTTP/1.1" 200 63 "/category/games" "Mozilla/4.0 (compatible; MSIE 8.0; Windows NT 5.1; Trident/4.0; BTRS122159; GTB7.2; .NET CLR 1.1.4322; .NET CLR 2.0.50727; .NET CLR 3.0.04506.30; .NET CLR 3.0.4506.2152; .NET CLR 3.5.30729; BRI/2)"
72.129.64.28 - - [17/Nov/2017:04:18:50 +0000] "GET /category/games HTTP/1.1" 200 115 "/item/office/1686" "Mozilla/5.0 (Macintosh; Intel Mac OS X 10.6; rv:9.0.1) Gecko/20100101 Firefox/9.0.1"
140.159.183.92 - - [17/Nov/2017:04:18:55 +0000] "GET /category/jewelry HTTP/1.1" 200 137 "http://www.google.com/search?ie=UTF-8&q=google&sclient=psy-ab&q=Jewelry+Software&oq=Jewelry+Software&aq=f&aqi=g-vL1&aql=&pbx=1&bav=on.2,or.r_gc.r_pw.r_qf.,cf.osb&biw=4781&bih=337" "Mozilla/5.0 (Windows NT 6.0) AppleWebKit/535.11 (KHTML, like Gecko) Chrome/17.0.963.56 Safari/535.11"
168.159.181.20 - - [17/Nov/2017:04:19:00 +0000] "GET /item/jewelry/2593 HTTP/1.1" 200 118 "/item/giftcards/4032" "Mozilla/5.0 (Windows NT 6.1; WOW64; rv:10.0.1) Gecko/20100101 Firefox/10.0.1"
164.36.150.129 - - [17/Nov/2017:04:19:05 +0000] "GET /item/health/4591 HTTP/1.1" 200 101 "/category/software" "Mozilla/4.0 (compatible; MSIE 8.0; Windows NT 6.0; WOW64; Trident/4.0; GTB6; SLCC1; .NET CLR 2.0.50727; Media Center PC 5.0; .NET CLR 3.5.30729; .NET CLR 3.0.30618; .NET4.0C)"
216.33.82.203 - - [17/Nov/2017:04:19:10 +0000] "GET /item/health/4912 HTTP/1.1" 200 105 "/search/?c=Health+Networking" "Mozilla/4.0 (compatible; MSIE 8.0; Windows NT 6.0; WOW64; Trident/4.0; GTB6; SLCC1; .NET CLR 2.0.50727; Media Center PC 5.0; .NET CLR 3.5.30729; .NET CLR 3.0.30618; .NET4.0C)"
44.102.75.27 - - [17/Nov/2017:04:19:15 +0000] "GET /category/jewelry HTTP/1.1" 200 80 "-" "Mozilla/5.0 (Windows NT 6.0; rv:10.0.1) Gecko/20100101 Firefox/10.0.1"
56.153.218.154 - - [17/Nov/2017:04:19:20 +0000] "GET /category/software HTTP/1.1" 200 73 "-" "Mozilla/5.0 (compatible; MSIE 9.0; Windows NT 6.1; WOW64; Trident/5.0)"
88.27.37.78 - - [17/Nov/2017:04:19:25 +0000] "GET /item/electronics/4416 HTTP/1.1" 200 94 "-" "Mozilla/5.0 (Windows NT 6.1; WOW64) AppleWebKit/535.11 (KHTML, like Gecko) Chrome/17.0.963.56 Safari/535.11"
120.168.180.96 - - [17/Nov/2017:04:19:30 +0000] "GET /category/garden HTTP/1.1" 200 94 "-" "Mozilla/5.0 (iPad; CPU OS 5_0_1 like Mac OS X) AppleWebKit/534.46 (KHTML, like Gecko) Version/5.1 Mobile/9A405 Safari/7534.48.3"
36.69.107.106 - - [17/Nov/2017:04:19:35 +0000] "GET /category/software HTTP/1.1" 200 94 "http://www.google.com/search?ie=UTF-8&q=google&sclient=psy-ab&q=Software&oq=Software&aq=f&aqi=g-vL1&aql=&pbx=1&bav=on.2,or.r_gc.r_pw.r_qf.,cf.osb&biw=1570&bih=25" "Mozilla/5.0 (Windows NT 6.0; rv:10.0.1) Gecko/20100101 Firefox/10.0.1"
208.183.145.211 - - [17/Nov/2017:04:19:40 +0000] "GET /item/networking/2789 HTTP/1.1" 200 132 "/search/?c=Networking" "Mozilla/5.0 (Windows NT 6.1; WOW64) AppleWebKit/535.7 (KHTML, like Gecko) Chrome/16.0.912.77 Safari/535.7"
84.219.194.27 - - [17/Nov/2017:04:19:45 +0000] "GET /category/books HTTP/1.1" 200 126 "/category/electronics" "Mozilla/5.0 (Windows NT 6.1; WOW64; rv:10.0.1) Gecko/20100101 Firefox/10.0.1"
52.51.140.109 - - [17/Nov/2017:04:19:50 +0000] "GET /category/electronics HTTP/1.1" 200 62 "-" "Mozilla/4.0 (compatible; MSIE 8.0; Windows NT 6.1; WOW64; Trident/4.0; GTB7.2; SLCC2; .NET CLR 2.0.50727; .NET CLR 3.5.30729; .NET CLR 3.0.30729; Media Center PC 6.0; .NET4.0C)"
128.123.134.69 - - [17/Nov/2017:04:19:55 +0000] "GET /category/computers HTTP/1.1" 200 77 "http://www.google.com/search?ie=UTF-8&q=google&sclient=psy-ab&q=Computers&oq=Computers&aq=f&aqi=g-vL1&aql=&pbx=1&bav=on.2,or.r_gc.r_pw.r_qf.,cf.osb&biw=617&bih=60" "Mozilla/5.0 (Windows NT 6.0) AppleWebKit/535.11 (KHTML, like Gecko) Chrome/17.0.963.56 Safari/535.11"
48.195.168.33 - - [17/Nov/2017:04:20:00 +0000] "GET /category/cameras?from=20 HTTP/1.1" 200 114 "/category/cameras" "Mozilla/5.0 (compatible; Googlebot/2.1; +http://www.google.com/bot.html)"
176.153.215.204 - - [17/Nov/2017:04:20:05 +0000] "GET /category/games HTTP/1.1" 200 66 "/item/books/335" "Mozilla/5.0 (Windows NT 6.0) AppleWebKit/535.11 (KHTML, like Gecko) Chrome/17.0.963.56 Safari/535.11"
228.162.165.103 - - [17/Nov/2017:04:20:10 +0000] "GET /category/software HTTP/1.1" 200 104 "/category/giftcards?from=10" "Mozilla/5.0 (compatible; MSIE 9.0; Windows NT 6.1; Trident/5.0)"
128.123.134.69 - - [17/Nov/2017:04:20:15 +0000] "POST /search/?c=Cameras+Books HTTP/1.1" 200 87 "-" "Mozilla/5.0 (Windows NT 6.0) AppleWebKit/535.11 (KHTML, like Gecko) Chrome/17.0.963.56 Safari/535.11"
88.48.32.227 - - [17/Nov/2017:04:20:20 +0000] "GET /item/networking/4696 HTTP/1.1" 200 138 "-" "Mozilla/4.0 (compatible; MSIE 8.0; Windows NT 6.1; WOW64; Trident/4.0; YTB730; GTB7.2; EasyBits GO v1.0; SLCC2; .NET CLR 2.0.50727; .NET CLR 3.5.30729; .NET CLR 3.0.30729; Media Center PC 6.0; .NET4.0C)"
56.117.147.155 - - [17/Nov/2017:04:20:25 +0000] "GET /item/electronics/3882 HTTP/1.1" 200 94 "/search/?c=Electronics+Games" "Mozilla/4.0 (compatible; MSIE 8.0; Windows NT 6.0; WOW64; Trident/4.0; GTB6; SLCC1; .NET CLR 2.0.50727; Media Center PC 5.0; .NET CLR 3.5.30729; .NET CLR 3.0.30618; .NET4.0C)"
40.180.101.220 - - [17/Nov/2017:04:20:30 +0000] "GET /item/electronics/4030 HTTP/1.1" 200 111 "/search/?c=Electronics+Finance" "Mozilla/5.0 (Windows NT 5.1) AppleWebKit/535.11 (KHTML, like Gecko) Chrome/17.0.963.46 Safari/535.11"
180.96.213.98 - - [17/Nov/2017:04:20:35 +0000] "GET /category/software HTTP/1.1" 200 110 "-" "Mozilla/5.0 (Windows NT 6.1; WOW64; rv:10.0.1) Gecko/20100101 Firefox/10.0.1"
196.69.125.183 - - [17/Nov/2017:04:20:40 +0000] "GET /category/cameras HTTP/1.1" 200 124 "/item/finance/3568" "Mozilla/5.0 (Windows NT 6.0; rv:10.0.1) Gecko/20100101 Firefox/10.0.1"
24.138.192.196 - - [17/Nov/2017:04:20:45 +0000] "GET /category/health HTTP/1.1" 200 94 "/category/games" "Mozilla/5.0 (Windows NT 6.1; WOW64; rv:10.0.1) Gecko/20100101 Firefox/10.0.1"
72.45.161.107 - - [17/Nov/2017:04:20:50 +0000] "GET /category/electronics HTTP/1.1" 200 46 "/category/electronics" "Mozilla/5.0 (compatible; MSIE 9.0; Windows NT 6.1; WOW64; Trident/5.0)"
72.27.184.75 - - [17/Nov/2017:04:20:55 +0000] "GET /item/software/1625 HTTP/1.1" 200 82 "/category/games" "Mozilla/5.0 (iPhone; CPU iPhone OS 5_0_1 like Mac OS X) AppleWebKit/534.46 (KHTML, like Gecko) Version/5.1 Mobile/9A405 Safari/7534.48.3"
28.93.191.106 - - [17/Nov/2017:04:21:00 +0000] "GET /category/finance HTTP/1.1" 200 135 "/category/garden?from=0" "Mozilla/5.0 (Windows NT 6.1; WOW64; rv:10.0.1) Gecko/20100101 Firefox/10.0.1"
188.165.183.191 - - [17/Nov/2017:04:21:05 +0000] "GET /category/electronics HTTP/1.1" 200 91 "/search/?c=Books+Networking" "Mozilla/5.0 (compatible; MSIE 9.0; Windows NT 6.1; Trident/5.0)"
48.222.150.132 - - [17/Nov/2017:04:21:10 +0000] "GET /category/sports HTTP/1.1" 200 59 "/category/electronics" "Mozilla/4.0 (compatible; MSIE 8.0; Windows NT 5.1; Trident/4.0; YTB720; GTB7.2; .NET CLR 1.1.4322; .NET CLR 2.0.50727; .NET CLR 3.0.4506.2152; .NET CLR 3.5.30729)"
152.21.213.161 - - [17/Nov/2017:04:21:15 +0000] "GET /item/computers/4448 HTTP/1.1" 200 100 "-" "Mozilla/5.0 (iPad; CPU OS 5_0_1 like Mac OS X) AppleWebKit/534.46 (KHTML, like Gecko) Version/5.1 Mobile/9A405 Safari/7534.48.3"
228.165.180.112 - - [17/Nov/2017:04:21:20 +0000] "POST /search/?c=Electronics HTTP/1.1" 200 73 "/item/software/1531" "Mozilla/4.0 (compatible; MSIE 8.0; Windows NT 5.1; Trident/4.0; BTRS122159; GTB7.2; .NET CLR 1.1.4322; .NET CLR 2.0.50727; .NET CLR 3.0.04506.30; .NET CLR 3.0.4506.2152; .NET CLR 3.5.30729; BRI/2)"
140.75.187.67 - - [17/Nov/2017:04:21:25 +0000] "GET /category/sports HTTP/1.1" 200 95 "-" "Mozilla/5.0 (Windows NT 5.1) AppleWebKit/535.11 (KHTML, like Gecko) Chrome/17.0.963.46 Safari/535.11"
148.99.211.139 - - [17/Nov/2017:04:21:30 +0000] "GET /category/software HTTP/1.1" 200 56 "/item/games/1490" "Mozilla/4.0 (compatible; MSIE 8.0; Windows NT 6.1; WOW64; Trident/4.0; YTB730; GTB7.2; SLCC2; .NET CLR 2.0.50727; .NET CLR 3.5.30729; .NET CLR 3.0.30729; .NET4.0C; .NET4.0E; Media Center PC 6.0)"
84.117.111.177 - - [17/Nov/2017:04:21:35 +0000] "GET /category/electronics HTTP/1.1" 200 57 "/item/electronics/953" "Mozilla/5.0 (Windows NT 6.0; rv:10.0.1) Gecko/20100101 Firefox/10.0.1"
56.198.171.175 - - [17/Nov/2017:04:21:40 +0000] "GET /item/garden/4052 HTTP/1.1" 200 88 "/item/electronics/1466" "Mozilla/5.0 (Macintosh; Intel Mac OS X 10.6; rv:9.0.1) Gecko/20100101 Firefox/9.0.1"
156.105.121.202 - - [17/Nov/2017:04:21:45 +0000] "GET /item/computers/4801 HTTP/1.1" 200 128 "-" "Mozilla/5.0 (Windows NT 6.1; WOW64) AppleWebKit/535.11 (KHTML, like Gecko) Chrome/17.0.963.56 Safari/535.11"
100.219.202.52 - - [17/Nov/2017:04:21:50 +0000] "GET /item/computers/809 HTTP/1.1" 200 128 "/category/software" "Mozilla/5.0 (Windows NT 6.0; rv:10.0.1) Gecko/20100101 Firefox/10.0.1"
60.30.84.168 - - [17/Nov/2017:04:21:55 +0000] "GET /category/games HTTP/1.1" 200 115 "/category/jewelry" "Mozilla/5.0 (Windows NT 6.0) AppleWebKit/535.11 (KHTML, like Gecko) Chrome/17.0.963.56 Safari/535.11"
100.45.176.200 - - [17/Nov/2017:04:22:00 +0000] "GET /category/electronics HTTP/1.1" 200 75 "/item/books/3977" "Mozilla/4.0 (compatible; MSIE 8.0; Windows NT 5.1; Trident/4.0; BTRS122159; GTB7.2; .NET CLR 1.1.4322; .NET CLR 2.0.50727; .NET CLR 3.0.04506.30; .NET CLR 3.0.4506.2152; .NET CLR 3.5.30729; BRI/2)"
124.162.24.47 - - [17/Nov/2017:04:22:05 +0000] "GET /category/jewelry HTTP/1.1" 200 138 "-" "Mozilla/5.0 (compatible; MSIE 9.0; Windows NT 6.1; WOW64; Trident/5.0)"
184.54.99.170 - - [17/Nov/2017:04:22:10 +0000] "GET /category/garden HTTP/1.1" 200 126 "-" "Mozilla/5.0 (Windows NT 6.1; WOW64) AppleWebKit/535.7 (KHTML, like Gecko) Chrome/16.0.912.77 Safari/535.7"
180.54.65.44 - - [17/Nov/2017:04:22:15 +0000] "GET /category/software HTTP/1.1" 200 94 "-" "Mozilla/5.0 (Windows NT 6.1; WOW64) AppleWebKit/535.11 (KHTML, like Gecko) Chrome/17.0.963.56 Safari/535.11"
48.105.184.168 - - [17/Nov/2017:04:22:20 +0000] "GET /category/music HTTP/1.1" 200 92 "/category/electronics" "Mozilla/4.0 (compatible; MSIE 8.0; Windows NT 6.1; WOW64; Trident/4.0; YTB730; GTB7.2; SLCC2; .NET CLR 2.0.50727; .NET CLR 3.5.30729; .NET CLR 3.0.30729; .NET4.0C; .NET4.0E; Media Center PC 6.0)"
140.144.63.69 - - [17/Nov/2017:04:22:25 +0000] "POST /search/?c=Electronics HTTP/1.1" 200 130 "/category/software" "Mozilla/5.0 (compatible; MSIE 9.0; Windows NT 6.1; WOW64; Trident/5.0)"
200.195.153.115 - - [17/Nov/2017:04:22:30 +0000] "POST /search/?c=Software+Games HTTP/1.1" 200 97 "/category/music" "Mozilla/5.0 (iPhone; CPU iPhone OS 5_0_1 like Mac OS X) AppleWebKit/534.46 (KHTML, like Gecko) Version/5.1 Mobile/9A405 Safari/7534.48.3"
120.168.180.96 - - [17/Nov/2017:04:22:35 +0000] "GET /category/toys HTTP/1.1" 200 63 "-" "Mozilla/5.0 (Windows NT 6.1; WOW64; rv:10.0.1) Gecko/20100101 Firefox/10.0.1"
120.93.127.152 - - [17/Nov/2017:04:22:40 +0000] "GET /item/games/3284 HTTP/1.1" 200 120 "/category/electronics" "Mozilla/5.0 (compatible; MSIE 9.0; Windows NT 6.1; WOW64; Trident/5.0)"
116.33.181.169 - - [17/Nov/2017:04:22:45 +0000] "GET /item/electronics/3545 HTTP/1.1" 200 133 "/search/?c=Electronics+Software" "Mozilla/4.0 (compatible; MSIE 8.0; Windows NT 6.1; WOW64; Trident/4.0; YTB730; GTB7.2; EasyBits GO v1.0; SLCC2; .NET CLR 2.0.50727; .NET CLR 3.5.30729; .NET CLR 3.0.30729; Media Center PC 6.0; .NET4.0C)"
20.84.216.48 - - [17/Nov/2017:04:22:50 +0000] "GET /item/electronics/2698 HTTP/1.1" 200 129 "-" "Mozilla/5.0 (Macintosh; Intel Mac OS X 10.6; rv:9.0.1) Gecko/20100101 Firefox/9.0.1"
216.129.164.166 - - [17/Nov/2017:04:22:55 +0000] "GET /category/electronics HTTP/1.1" 200 43 "-" "Mozilla/5.0 (Windows NT 6.1; WOW64) AppleWebKit/535.11 (KHTML, like Gecko) Chrome/17.0.963.56 Safari/535.11"
100.93.35.154 - - [17/Nov/2017:04:23:00 +0000] "GET /category/software HTTP/1.1" 200 42 "-" "Mozilla/5.0 (Windows NT 6.0; rv:10.0.1) Gecko/20100101 Firefox/10.0.1"
152.87.163.219 - - [17/Nov/2017:04:23:05 +0000] "GET /category/giftcards HTTP/1.1" 200 113 "/category/finance" "Mozilla/5.0 (Windows NT 6.0; rv:10.0.1) Gecko/20100101 Firefox/10.0.1"
36.33.116.55 - - [17/Nov/2017:04:23:10 +0000] "GET /category/games?from=0 HTTP/1.1" 200 124 "/category/garden" "Mozilla/4.0 (compatible; MSIE 8.0; Windows NT 6.1; WOW64; Trident/4.0; GTB7.2; SLCC2; .NET CLR 2.0.50727; .NET CLR 3.5.30729; .NET CLR 3.0.30729; Media Center PC 6.0; .NET4.0C)"
156.123.139.120 - - [17/Nov/2017:04:23:15 +0000] "GET /item/computers/4451 HTTP/1.1" 200 42 "/category/computers" "Mozilla/4.0 (compatible; MSIE 8.0; Windows NT 5.1; Trident/4.0; BTRS122159; GTB7.2; .NET CLR 1.1.4322; .NET CLR 2.0.50727; .NET CLR 3.0.04506.30; .NET CLR 3.0.4506.2152; .NET CLR 3.5.30729; BRI/2)"
168.159.181.20 - - [17/Nov/2017:04:23:20 +0000] "GET /category/games HTTP/1.1" 200 91 "-" "Mozilla/4.0 (compatible; MSIE 8.0; Windows NT 6.1; WOW64; Trident/4.0; YTB730; GTB7.2; EasyBits GO v1.0; SLCC2; .NET CLR 2.0.50727; .NET CLR 3.5.30729; .NET CLR 3.0.30729; Media Center PC 6.0; .NET4.0C)"
144.129.128.24 - - [17/Nov/2017:04:23:25 +0000] "GET /category/jewelry HTTP/1.1" 200 56 "-" "Mozilla/5.0 (iPhone; CPU iPhone OS 5_0_1 like Mac OS X) AppleWebKit/534.46 (KHTML, like Gecko) Version/5.1 Mobile/9A405 Safari/7534.48.3"
208.180.75.49 - - [17/Nov/2017:04:23:30 +0000] "GET /category/garden?from=0 HTTP/1.1" 200 41 "/item/electronics/4251" "Mozilla/5.0 (Windows NT 6.0; rv:10.0.1) Gecko/20100101 Firefox/10.0.1"
216.117.163.69 - - [17/Nov/2017:04:23:35 +0000] "GET /item/electronics/2128 HTTP/1.1" 200 128 "/item/health/3601" "Mozilla/5.0 (compatible; MSIE 9.0; Windows NT 6.1; WOW64; Trident/5.0)"
216.129.164.166 - - [17/Nov/2017:04:23:40 +0000] "GET /category/software HTTP/1.1" 200 99 "/category/cameras?from=20" "Mozilla/5.0 (Windows NT 6.1; WOW64) AppleWebKit/535.7 (KHTML, like Gecko) Chrome/16.0.912.77 Safari/535.7"
180.114.21.38 - - [17/Nov/2017:04:23:45 +0000] "GET /category/jewelry HTTP/1.1" 200 80 "/item/networking/3979" "Mozilla/4.0 (compatible; MSIE 8.0; Windows NT 6.1; WOW64; Trident/4.0; YTB730; GTB7.2; EasyBits GO v1.0; SLCC2; .NET CLR 2.0.50727; .NET CLR 3.5.30729; .NET CLR 3.0.30729; Media Center PC 6.0; .NET4.0C)"
224.87.180.175 - - [17/Nov/2017:04:23:50 +0000] "GET /category/software HTTP/1.1" 200 134 "/category/office" "Mozilla/5.0 (Windows NT 6.1; WOW64) AppleWebKit/535.7 (KHTML, like Gecko) Chrome/16.0.912.77 Safari/535.7"
96.183.135.66 - - [17/Nov/2017:04:23:55 +0000] "GET /item/games/1547 HTTP/1.1" 200 113 "-" "Mozilla/5.0 (iPhone; CPU iPhone OS 5_0_1 like Mac OS X) AppleWebKit/534.46 (KHTML, like Gecko) Version/5.1 Mobile/9A405 Safari/7534.48.3"
216.183.77.82 - - [17/Nov/2017:04:24:00 +0000] "GET /item/computers/1106 HTTP/1.1" 200 57 "/search/?c=Computers+Books" "Mozilla/5.0 (compatible; MSIE 9.0; Windows NT 6.1; Trident/5.0)"
120.57.151.184 - - [17/Nov/2017:04:24:05 +0000] "GET /category/electronics HTTP/1.1" 200 62 "/category/electronics" "Mozilla/5.0 (iPhone; CPU iPhone OS 5_0_1 like Mac OS X) AppleWebKit/534.46 (KHTML, like Gecko) Version/5.1 Mobile/9A405 Safari/7534.48.3"
72.156.195.112 - - [17/Nov/2017:04:24:10 +0000] "GET /category/music HTTP/1.1" 200 84 "/category/music" "Mozilla/4.0 (compatible; MSIE 8.0; Windows NT 5.1; Trident/4.0; YTB720; GTB7.2; .NET CLR 1.1.4322; .NET CLR 2.0.50727; .NET CLR 3.0.4506.2152; .NET CLR 3.5.30729)"
80.69.198.127 - - [17/Nov/2017:04:24:15 +0000] "GET /item/books/3757 HTTP/1.1" 200 115 "/category/giftcards" "Mozilla/4.0 (compatible; MSIE 8.0; Windows NT 6.1; WOW64; Trident/4.0; YTB730; GTB7.2; EasyBits GO v1.0; SLCC2; .NET CLR 2.0.50727; .NET CLR 3.5.30729; .NET CLR 3.0.30729; Media Center PC 6.0; .NET4.0C)"
32.177.40.26 - - [17/Nov/2017:04:24:20 +0000] "GET /item/sports/4622 HTTP/1.1" 200 109 "/category/music" "Mozilla/4.0 (compatible; MSIE 8.0; Windows NT 5.1; Trident/4.0; BTRS122159; GTB7.2; .NET CLR 1.1.4322; .NET CLR 2.0.50727; .NET CLR 3.0.04506.30; .NET CLR 3.0.4506.2152; .NET CLR 3.5.30729; BRI/2)"
140.33.212.195 - - [17/Nov/2017:04:24:25 +0000] "GET /category/electronics HTTP/1.1" 200 82 "-" "Mozilla/4.0 (compatible; MSIE 8.0; Windows NT 6.1; WOW64; Trident/4.0; YTB730; GTB7.2; SLCC2; .NET CLR 2.0.50727; .NET CLR 3.5.30729; .NET CLR 3.0.30729; .NET4.0C; .NET4.0E; Media Center PC 6.0)"
200.153.109.43 - - [17/Nov/2017:04:24:30 +0000] "GET /item/music/4221 HTTP/1.1" 200 94 "http://www.google.com/search?ie=UTF-8&q=google&sclient=psy-ab&q=Music&oq=Music&aq=f&aqi=g-vL1&aql=&pbx=1&bav=on.2,or.r_gc.r_pw.r_qf.,cf.osb&biw=3714&bih=9" "Mozilla/5.0 (compatible; Googlebot/2.1; +http://www.google.com/bot.html)"
48.63.222.76 - - [17/Nov/2017:04:24:35 +0000] "GET /category/electronics HTTP/1.1" 200 52 "-" "Mozilla/4.0 (compatible; MSIE 8.0; Windows NT 6.1; Trident/4.0; YTB730; SLCC2; .NET CLR 2.0.50727; .NET CLR 3.5.30729; .NET CLR 3.0.30729; Media Center PC 6.0; .NET4.0C)"
20.165.89.171 - - [17/Nov/2017:04:24:40 +0000] "GET /category/garden HTTP/1.1" 200 41 "/category/sports" "Mozilla/4.0 (compatible; MSIE 8.0; Windows NT 6.1; WOW64; Trident/4.0; YTB730; GTB7.2; SLCC2; .NET CLR 2.0.50727; .NET CLR 3.5.30729; .NET CLR 3.0.30729; .NET4.0C; .NET4.0E; Media Center PC 6.0)"
108.78.41.69 - - [17/Nov/2017:04:24:45 +0000] "GET /item/software/992 HTTP/1.1" 200 113 "/item/electronics/4512" "Mozilla/5.0 (Windows NT 6.0; rv:10.0.1) Gecko/20100101 Firefox/10.0.1"
224.87.199.41 - - [17/Nov/2017:04:24:50 +0000] "POST /search/?c=Finance HTTP/1.1" 200 122 "-" "Mozilla/5.0 (iPhone; CPU iPhone OS 5_0_1 like Mac OS X) AppleWebKit/534.46 (KHTML, like Gecko) Version/5.1 Mobile/9A405 Safari/7534.48.3"
120.111.204.203 - - [17/Nov/2017:04:24:55 +0000] "GET /item/networking/2266 HTTP/1.1" 404 75 "/category/finance" "Mozilla/5.0 (compatible; MSIE 9.0; Windows NT 6.1; WOW64; Trident/5.0)"
140.33.212.195 - - [17/Nov/2017:04:25:00 +0000] "GET /category/electronics HTTP/1.1" 200 75 "-" "Mozilla/5.0 (Windows NT 6.1; WOW64) AppleWebKit/535.7 (KHTML, like Gecko) Chrome/16.0.912.77 Safari/535.7"
32.189.72.176 - - [17/Nov/2017:04:25:05 +0000] "GET /item/networking/435 HTTP/1.1" 200 109 "/item/office/564" "Mozilla/4.0 (compatible; MSIE 8.0; Windows NT 6.0; WOW64; Trident/4.0; GTB6; SLCC1; .NET CLR 2.0.50727; Media Center PC 5.0; .NET CLR 3.5.30729; .NET CLR 3.0.30618; .NET4.0C)"
24.150.142.226 - - [17/Nov/2017:04:25:10 +0000] "POST /search/?c=Software+Books HTTP/1.1" 200 79 "/category/software" "Mozilla/4.0 (compatible; MSIE 8.0; Windows NT 6.0; WOW64; Trident/4.0; GTB6; SLCC1; .NET CLR 2.0.50727; Media Center PC 5.0; .NET CLR 3.5.30729; .NET CLR 3.0.30618; .NET4.0C)"
192.24.229.108 - - [17/Nov/2017:04:25:15 +0000] "GET /category/electronics HTTP/1.1" 200 103 "/category/software" "Mozilla/4.0 (compatible; MSIE 8.0; Windows NT 6.1; Trident/4.0; YTB730; SLCC2; .NET CLR 2.0.50727; .NET CLR 3.5.30729; .NET CLR 3.0.30729; Media Center PC 6.0; .NET4.0C)"
196.57.59.219 - - [17/Nov/2017:04:25:20 +0000] "GET /item/books/3877 HTTP/1.1" 200 47 "-" "Mozilla/5.0 (iPhone; CPU iPhone OS 5_0_1 like Mac OS X) AppleWebKit/534.46 (KHTML, like Gecko) Version/5.1 Mobile/9A405 Safari/7534.48.3"
36.192.126.32 - - [17/Nov/2017:04:25:25 +0000] "GET /item/games/2215 HTTP/1.1" 200 64 "/category/software" "Mozilla/4.0 (compatible; MSIE 8.0; Windows NT 6.1; WOW64; Trident/4.0; GTB7.2; SLCC2; .NET CLR 2.0.50727; .NET CLR 3.5.30729; .NET CLR 3.0.30729; Media Center PC 6.0; .NET4.0C)"
160.207.59.34 - - [17/Nov/2017:04:25:30 +0000] "GET /category/finance HTTP/1.1" 200 68 "/item/finance/1295" "Mozilla/5.0 (Macintosh; Intel Mac OS X 10.6; rv:9.0.1) Gecko/20100101 Firefox/9.0.1"
20.45.119.184 - - [17/Nov/2017:04:25:35 +0000] "GET /category/electronics?from=20 HTTP/1.1" 200 88 "/search/?c=Electronics+Software" "Mozilla/4.0 (compatible; MSIE 8.0; Windows NT 6.1; WOW64; Trident/4.0; YTB730; GTB7.2; EasyBits GO v1.0; SLCC2; .NET CLR 2.0.50727; .NET CLR 3.5.30729; .NET CLR 3.0.30729; Media Center PC 6.0; .NET4.0C)"
112.159.47.221 - - [17/Nov/2017:04:25:40 +0000] "GET /item/books/3992 HTTP/1.1" 200 70 "http://www.google.com/search?ie=UTF-8&q=google&sclient=psy-ab&q=Books+Cameras&oq=Books+Cameras&aq=f&aqi=g-vL1&aql=&pbx=1&bav=on.2,or.r_gc.r_pw.r_qf.,cf.osb&biw=97&bih=114" "Mozilla/5.0 (Windows NT 6.1; WOW64) AppleWebKit/535.7 (KHTML, like Gecko) Chrome/16.0.912.77 Safari/535.7"
44.60.152.105 - - [17/Nov/2017:04:25:45 +0000] "POST /search/?c=Software+Books HTTP/1.1" 200 79 "/category/software" "Mozilla/5.0 (Windows NT 6.0; rv:10.0.1) Gecko/20100101 Firefox/10.0.1"
184.57.118.95 - - [17/Nov/2017:04:25:50 +0000] "POST /search/?c=Toys+Games HTTP/1.1" 200 92 "/category/sports" "Mozilla/5.0 (Macintosh; Intel Mac OS X 10.6; rv:9.0.1) Gecko/20100101 Firefox/9.0.1"
164.48.123.206 - - [17/Nov/2017:04:25:55 +0000] "GET /category/electronics HTTP/1.1" 200 105 "-" "Mozilla/4.0 (compatible; MSIE 8.0; Windows NT 6.0; WOW64; Trident/4.0; GTB6; SLCC1; .NET CLR 2.0.50727; Media Center PC 5.0; .NET CLR 3.5.30729; .NET CLR 3.0.30618; .NET4.0C)"
76.216.93.173 - - [17/Nov/2017:04:26:00 +0000] "GET /category/toys HTTP/1.1" 200 93 "/search/?c=Games+Software" "Mozilla/5.0 (compatible; Googlebot/2.1; +http://www.google.com/bot.html)"
220.222.196.154 - - [17/Nov/2017:04:26:05 +0000] "GET /category/books HTTP/1.1" 200 126 "-" "Mozilla/4.0 (compatible; MSIE 8.0; Windows NT 5.1; Trident/4.0; YTB720; GTB7.2; .NET CLR 1.1.4322; .NET CLR 2.0.50727; .NET CLR 3.0.4506.2152; .NET CLR 3.5.30729)"
64.138.87.214 - - [17/Nov/2017:04:26:10 +0000] "GET /item/electronics/4947 HTTP/1.1" 200 124 "/category/electronics" "Mozilla/5.0 (compatible; MSIE 9.0; Windows NT 6.1; WOW64; Trident/5.0)"
40.54.165.166 - - [17/Nov/2017:04:26:15 +0000] "GET /category/computers?from=20 HTTP/1.1" 200 52 "/category/electronics" "Mozilla/5.0 (Windows NT 6.0; rv:10.0.1) Gecko/20100101 Firefox/10.0.1"
212.60.196.21 - - [17/Nov/2017:04:26:20 +0000] "GET /item/electronics/2868 HTTP/1.1" 200 41 "-" "Mozilla/5.0 (Windows NT 6.1; WOW64; rv:10.0.1) Gecko/20100101 Firefox/10.0.1"
208.120.110.135 - - [17/Nov/2017:04:26:25 +0000] "GET /item/electronics/2868 HTTP/1.1" 200 41 "-" "Mozilla/4.0 (compatible; MSIE 8.0; Windows NT 6.1; WOW64; Trident/4.0; YTB730; GTB7.2; EasyBits GO v1.0; SLCC2; .NET CLR 2.0.50727; .NET CLR 3.5.30729; .NET CLR 3.0.30729; Media Center PC 6.0; .NET4.0C)"
44.213.68.121 - - [17/Nov/2017:04:26:30 +0000] "GET /item/sports/1884 HTTP/1.1" 200 105 "/category/networking" "Mozilla/5.0 (Windows NT 6.1; WOW64) AppleWebKit/535.11 (KHTML, like Gecko) Chrome/17.0.963.56 Safari/535.11"
212.66.174.222 - - [17/Nov/2017:04:26:35 +0000] "GET /item/software/4520 HTTP/1.1" 200 75 "/search/?c=Software+Games" "Mozilla/5.0 (iPad; CPU OS 5_0_1 like Mac OS X) AppleWebKit/534.46 (KHTML, like Gecko) Version/5.1 Mobile/9A405 Safari/7534.48.3"
124.210.121.29 - - [17/Nov/2017:04:26:40 +0000] "GET /category/electronics HTTP/1.1" 200 61 "-" "Mozilla/4.0 (compatible; MSIE 8.0; Windows NT 6.1; WOW64; Trident/4.0; GTB7.2; SLCC2; .NET CLR 2.0.50727; .NET CLR 3.5.30729; .NET CLR 3.0.30729; Media Center PC 6.0; .NET4.0C)"
128.213.146.74 - - [17/Nov/2017:04:26:45 +0000] "GET /item/office/851 HTTP/1.1" 200 129 "/category/health" "Mozilla/4.0 (compatible; MSIE 8.0; Windows NT 5.1; Trident/4.0; YTB720; GTB7.2; .NET CLR 1.1.4322; .NET CLR 2.0.50727; .NET CLR 3.0.4506.2152; .NET CLR 3.5.30729)"
224.195.180.118 - - [17/Nov/2017:04:26:50 +0000] "GET /category/books HTTP/1.1" 200 65 "-" "Mozilla/5.0 (compatible; MSIE 9.0; Windows NT 6.1; WOW64; Trident/5.0)"
76.48.201.164 - - [17/Nov/2017:04:26:55 +0000] "GET /category/giftcards HTTP/1.1" 200 86 "-" "Mozilla/4.0 (compatible; MSIE 8.0; Windows NT 5.1; Trident/4.0; BTRS122159; GTB7.2; .NET CLR 1.1.4322; .NET CLR 2.0.50727; .NET CLR 3.0.04506.30; .NET CLR 3.0.4506.2152; .NET CLR 3.5.30729; BRI/2)"
72.156.55.140 - - [17/Nov/2017:04:27:00 +0000] "GET /category/health HTTP/1.1" 200 132 "/item/books/335" "Mozilla/5.0 (compatible; Googlebot/2.1; +http://www.google.com/bot.html)"
44.198.102.63 - - [17/Nov/2017:04:27:05 +0000] "GET /category/electronics HTTP/1.1" 200 101 "/category/electronics" "Mozilla/5.0 (Windows NT 6.0; rv:10.0.1) Gecko/20100101 Firefox/10.0.1"
44.189.22.22 - - [17/Nov/2017:04:27:10 +0000] "GET /category/electronics HTTP/1.1" 200 61 "/category/office" "Mozilla/5.0 (Windows NT 6.0; rv:10.0.1) Gecko/20100101 Firefox/10.0.1"
188.96.82.146 - - [17/Nov/2017:04:27:15 +0000] "GET /category/computers HTTP/1.1" 200 131 "-" "Mozilla/5.0 (Macintosh; Intel Mac OS X 10.6; rv:9.0.1) Gecko/20100101 Firefox/9.0.1"
196.216.204.193 - - [17/Nov/2017:04:27:20 +0000] "GET /item/office/4792 HTTP/1.1" 200 56 "-" "Mozilla/5.0 (Windows NT 6.1; WOW64) AppleWebKit/535.7 (KHTML, like Gecko) Chrome/16.0.912.77 Safari/535.7"
224.66.34.113 - - [17/Nov/2017:04:27:25 +0000] "GET /item/games/3420 HTTP/1.1" 200 120 "-" "Mozilla/5.0 (compatible; MSIE 9.0; Windows NT 6.1; WOW64; Trident/5.0)"
40.174.209.108 - - [17/Nov/2017:04:27:30 +0000] "GET /category/games HTTP/1.1" 200 45 "/category/games" "Mozilla/5.0 (Windows NT 6.0) AppleWebKit/535.11 (KHTML, like Gecko) Chrome/17.0.963.56 Safari/535.11"
136.54.219.130 - - [17/Nov/2017:04:27:35 +0000] "GET /category/jewelry HTTP/1.1" 200 112 "/category/office" "Mozilla/5.0 (compatible; MSIE 9.0; Windows NT 6.1; Trident/5.0)"
172.33.83.66 - - [17/Nov/2017:04:27:40 +0000] "GET /category/software HTTP/1.1" 200 100 "/category/giftcards" "Mozilla/5.0 (compatible; Googlebot/2.1; +http://www.google.com/bot.html)"
112.186.182.189 - - [17/Nov/2017:04:27:45 +0000] "GET /category/jewelry HTTP/1.1" 200 59 "-" "Mozilla/5.0 (compatible; MSIE 9.0; Windows NT 6.1; WOW64; Trident/5.0)"
172.219.78.39 - - [17/Nov/2017:04:27:50 +0000] "GET /category/cameras?from=10 HTTP/1.1" 200 72 "/item/electronics/1679" "Mozilla/4.0 (compatible; MSIE 8.0; Windows NT 6.0; WOW64; Trident/4.0; GTB6; SLCC1; .NET CLR 2.0.50727; Media Center PC 5.0; .NET CLR 3.5.30729; .NET CLR 3.0.30618; .NET4.0C)"
100.93.108.122 - - [17/Nov/2017:04:27:55 +0000] "GET /category/electronics?from=20 HTTP/1.1" 200 48 "-" "Mozilla/5.0 (Windows NT 6.1; WOW64; rv:10.0.1) Gecko/20100101 Firefox/10.0.1"
64.132.229.177 - - [17/Nov/2017:04:28:00 +0000] "GET /item/electronics/3410 HTTP/1.1" 200 123 "/category/software" "Mozilla/5.0 (Windows NT 6.1; WOW64) AppleWebKit/535.7 (KHTML, like Gecko) Chrome/16.0.912.77 Safari/535.7"
168.69.28.43 - - [17/Nov/2017:04:28:05 +0000] "GET /item/computers/809 HTTP/1.1" 200 128 "/item/electronics/1679" "Mozilla/5.0 (Macintosh; Intel Mac OS X 10.6; rv:9.0.1) Gecko/20100101 Firefox/9.0.1"
224.189.104.73 - - [17/Nov/2017:04:28:10 +0000] "GET /category/books?from=20 HTTP/1.1" 200 88 "/item/electronics/3821" "Mozilla/4.0 (compatible; MSIE 8.0; Windows NT 6.0; WOW64; Trident/4.0; GTB6; SLCC1; .NET CLR 2.0.50727; Media Center PC 5.0; .NET CLR 3.5.30729; .NET CLR 3.0.30618; .NET4.0C)"
104.45.160.209 - - [17/Nov/2017:04:28:15 +0000] "GET /category/office HTTP/1.1" 200 59 "/item/networking/2266" "Mozilla/5.0 (compatible; Googlebot/2.1; +http://www.google.com/bot.html)"
88.87.28.220 - - [17/Nov/2017:04:28:20 +0000] "POST /search/?c=Games+Books HTTP/1.1" 200 68 "/item/software/1527" "Mozilla/5.0 (Windows NT 6.1; WOW64) AppleWebKit/535.11 (KHTML, like Gecko) Chrome/17.0.963.56 Safari/535.11"
84.150.50.150 - - [17/Nov/2017:04:28:25 +0000] "GET /category/games HTTP/1.1" 200 137 "-" "Mozilla/5.0 (Windows NT 6.1; WOW64) AppleWebKit/535.11 (KHTML, like Gecko) Chrome/17.0.963.56 Safari/535.11"
92.141.177.68 - - [17/Nov/2017:04:28:30 +0000] "GET /category/software HTTP/1.1" 200 109 "-" "Mozilla/4.0 (compatible; MSIE 8.0; Windows NT 6.1; WOW64; Trident/4.0; YTB730; GTB7.2; EasyBits GO v1.0; SLCC2; .NET CLR 2.0.50727; .NET CLR 3.5.30729; .NET CLR 3.0.30729; Media Center PC 6.0; .NET4.0C)"
20.165.89.171 - - [17/Nov/2017:04:28:35 +0000] "GET /category/jewelry HTTP/1.1" 200 113 "-" "Mozilla/4.0 (compatible; MSIE 8.0; Windows NT 5.1; Trident/4.0; BTRS122159; GTB7.2; .NET CLR 1.1.4322; .NET CLR 2.0.50727; .NET CLR 3.0.04506.30; .NET CLR 3.0.4506.2152; .NET CLR 3.5.30729; BRI/2)"
208.117.69.117 - - [17/Nov/2017:04:28:40 +0000] "GET /category/electronics HTTP/1.1" 200 72 "/item/electronics/2805" "Mozilla/5.0 (compatible; MSIE 9.0; Windows NT 6.1; Trident/5.0)"
164.63.56.171 - - [17/Nov/2017:04:28:45 +0000] "POST /search/?c=Software+Software HTTP/1.1" 200 123 "/item/networking/3624" "Mozilla/5.0 (Windows NT 6.1; WOW64) AppleWebKit/535.7 (KHTML, like Gecko) Chrome/16.0.912.77 Safari/535.7"
112.192.110.197 - - [17/Nov/2017:04:28:50 +0000] "GET /category/electronics HTTP/1.1" 200 67 "-" "Mozilla/5.0 (Windows NT 6.1; WOW64) AppleWebKit/535.7 (KHTML, like Gecko) Chrome/16.0.912.77 Safari/535.7"
136.180.163.90 - - [17/Nov/2017:04:28:55 +0000] "POST /search/?c=Computers HTTP/1.1" 200 41 "/item/software/71" "Mozilla/5.0 (Windows NT 6.0; rv:10.0.1) Gecko/20100101 Firefox/10.0.1"
104.54.191.185 - - [17/Nov/2017:04:29:00 +0000] "GET /category/books HTTP/1.1" 200 72 "-" "Mozilla/4.0 (compatible; MSIE 8.0; Windows NT 6.1; WOW64; Trident/4.0; YTB730; GTB7.2; EasyBits GO v1.0; SLCC2; .NET CLR 2.0.50727; .NET CLR 3.5.30729; .NET CLR 3.0.30729; Media Center PC 6.0; .NET4.0C)"
72.27.184.75 - - [17/Nov/2017:04:29:05 +0000] "GET /category/electronics HTTP/1.1" 200 58 "-" "Mozilla/5.0 (iPhone; CPU iPhone OS 5_0_1 like Mac OS X) AppleWebKit/534.46 (KHTML, like Gecko) Version/5.1 Mobile/9A405 Safari/7534.48.3"
164.228.120.56 - - [17/Nov/2017:04:29:10 +0000] "GET /item/health/2423 HTTP/1.1" 200 131 "/category/giftcards" "Mozilla/5.0 (compatible; Googlebot/2.1; +http://www.google.com/bot.html)"
112.48.147.108 - - [17/Nov/2017:04:29:15 +0000] "GET /category/cameras?from=20 HTTP/1.1" 200 133 "/category/electronics" "Mozilla/4.0 (compatible; MSIE 8.0; Windows NT 6.1; Trident/4.0; YTB730; SLCC2; .NET CLR 2.0.50727; .NET CLR 3.5.30729; .NET CLR 3.0.30729; Media Center PC 6.0; .NET4.0C)"
188.129.194.215 - - [17/Nov/2017:04:29:20 +0000] "GET /category/toys HTTP/1.1" 200 57 "-" "Mozilla/5.0 (compatible; MSIE 9.0; Windows NT 6.1; Trident/5.0)"
112.33.59.25 - - [17/Nov/2017:04:29:25 +0000] "GET /item/software/517 HTTP/1.1" 200 123 "/item/office/4637" "Mozilla/4.0 (compatible; MSIE 8.0; Windows NT 5.1; Trident/4.0; YTB720; GTB7.2; .NET CLR 1.1.4322; .NET CLR 2.0.50727; .NET CLR 3.0.4506.2152; .NET CLR 3.5.30729)"
180.147.87.207 - - [17/Nov/2017:04:29:30 +0000] "GET /item/garden/231 HTTP/1.1" 200 59 "/category/software" "Mozilla/5.0 (Macintosh; Intel Mac OS X 10.6; rv:9.0.1) Gecko/20100101 Firefox/9.0.1"
184.27.50.181 - - [17/Nov/2017:04:29:35 +0000] "GET /category/electronics HTTP/1.1" 200 62 "-" "Mozilla/5.0 (iPad; CPU OS 5_0_1 like Mac OS X) AppleWebKit/534.46 (KHTML, like Gecko) Version/5.1 Mobile/9A405 Safari/7534.48.3"
164.36.150.129 - - [17/Nov/2017:04:29:40 +0000] "GET /category/computers HTTP/1.1" 200 131 "-" "Mozilla/5.0 (Macintosh; Intel Mac OS X 10.6; rv:9.0.1) Gecko/20100101 Firefox/9.0.1"
184.144.144.34 - - [17/Nov/2017:04:29:45 +0000] "GET /category/electronics HTTP/1.1" 200 93 "/item/giftcards/3622" "Mozilla/5.0 (compatible; MSIE 9.0; Windows NT 6.1; Trident/5.0)"
148.66.143.65 - - [17/Nov/2017:04:29:50 +0000] "GET /item/health/3613 HTTP/1.1" 200 90 "/item/giftcards/3622" "Mozilla/5.0 (compatible; Googlebot/2.1; +http://www.google.com/bot.html)"
88.189.31.220 - - [17/Nov/2017:04:29:55 +0000] "GET /category/cameras HTTP/1.1" 200 48 "-" "Mozilla/5.0 (Windows NT 6.1; WOW64) AppleWebKit/535.7 (KHTML, like Gecko) Chrome/16.0.912.77 Safari/535.7"
24.225.171.131 - - [17/Nov/2017:04:30:00 +0000] "GET /category/games HTTP/1.1" 200 101 "-" "Mozilla/5.0 (Windows NT 6.1; WOW64) AppleWebKit/535.11 (KHTML, like Gecko) Chrome/17.0.963.56 Safari/535.11"
60.213.58.52 - - [17/Nov/2017:04:30:05 +0000] "GET /category/software?from=0 HTTP/1.1" 200 137 "/item/electronics/4025" "Mozilla/5.0 (compatible; Googlebot/2.1; +http://www.google.com/bot.html)"
108.144.39.52 - - [17/Nov/2017:04:30:10 +0000] "GET /category/cameras HTTP/1.1" 200 116 "-" "Mozilla/5.0 (Windows NT 6.1; WOW64) AppleWebKit/535.11 (KHTML, like Gecko) Chrome/17.0.963.56 Safari/535.11"
112.132.152.220 - - [17/Nov/2017:04:30:15 +0000] "GET /category/software HTTP/1.1" 200 104 "-" "Mozilla/5.0 (Windows NT 6.1; WOW64) AppleWebKit/535.11 (KHTML, like Gecko) Chrome/17.0.963.56 Safari/535.11"
168.108.147.195 - - [17/Nov/2017:04:30:20 +0000] "GET /item/electronics/2034 HTTP/1.1" 200 100 "http://www.google.com/search?ie=UTF-8&q=google&sclient=psy-ab&q=Electronics+Toys&oq=Electronics+Toys&aq=f&aqi=g-vL1&aql=&pbx=1&bav=on.2,or.r_gc.r_pw.r_qf.,cf.osb&biw=4028&bih=339" "Mozilla/5.0 (Windows NT 6.1; WOW64) AppleWebKit/535.7 (KHTML, like Gecko) Chrome/16.0.912.77 Safari/535.7"
196.63.209.217 - - [17/Nov/2017:04:30:25 +0000] "GET /item/games/4108 HTTP/1.1" 200 60 "/category/books" "Mozilla/5.0 (Windows NT 6.0) AppleWebKit/535.11 (KHTML, like Gecko) Chrome/17.0.963.56 Safari/535.11"
208.180.75.49 - - [17/Nov/2017:04:30:30 +0000] "GET /category/books?from=20 HTTP/1.1" 200 88 "/item/networking/3979" "Mozilla/5.0 (Windows NT 6.0) AppleWebKit/535.11 (KHTML, like Gecko) Chrome/17.0.963.56 Safari/535.11"
192.24.229.108 - - [17/Nov/2017:04:30:35 +0000] "GET /category/sports HTTP/1.1" 200 98 "-" "Mozilla/5.0 (Windows NT 6.0; rv:10.0.1) Gecko/20100101 Firefox/10.0.1"
32.69.59.79 - - [17/Nov/2017:04:30:40 +0000] "GET /category/books HTTP/1.1" 200 67 "-" "Mozilla/5.0 (Windows NT 5.1) AppleWebKit/535.11 (KHTML, like Gecko) Chrome/17.0.963.46 Safari/535.11"
188.66.87.61 - - [17/Nov/2017:04:30:45 +0000] "GET /category/games HTTP/1.1" 200 95 "-" "Mozilla/5.0 (Windows NT 6.1; WOW64) AppleWebKit/535.7 (KHTML, like Gecko) Chrome/16.0.912.77 Safari/535.7"
104.45.160.209 - - [17/Nov/2017:04:30:50 +0000] "GET /category/electronics HTTP/1.1" 200 82 "/item/electronics/2972" "Mozilla/5.0 (Windows NT 6.1; WOW64) AppleWebKit/535.7 (KHTML, like Gecko) Chrome/16.0.912.77 Safari/535.7"
156.198.60.199 - - [17/Nov/2017:04:30:55 +0000] "GET /item/giftcards/3622 HTTP/1.1" 200 59 "-" "Mozilla/4.0 (compatible; MSIE 8.0; Windows NT 6.1; WOW64; Trident/4.0; YTB730; GTB7.2; SLCC2; .NET CLR 2.0.50727; .NET CLR 3.5.30729; .NET CLR 3.0.30729; .NET4.0C; .NET4.0E; Media Center PC 6.0)"
212.192.182.120 - - [17/Nov/2017:04:31:00 +0000] "GET /item/jewelry/4114 HTTP/1.1" 404 139 "/category/books" "Mozilla/5.0 (compatible; MSIE 9.0; Windows NT 6.1; Trident/5.0)"
140.75.187.67 - - [17/Nov/2017:04:31:05 +0000] "GET /category/jewelry HTTP/1.1" 200 111 "-" "Mozilla/5.0 (Windows NT 6.0; rv:10.0.1) Gecko/20100101 Firefox/10.0.1"
56.102.229.220 - - [17/Nov/2017:04:31:10 +0000] "GET /category/garden HTTP/1.1" 200 97 "/category/computers" "Mozilla/5.0 (Macintosh; Intel Mac OS X 10.6; rv:9.0.1) Gecko/20100101 Firefox/9.0.1"
60.186.25.54 - - [17/Nov/2017:04:31:15 +0000] "GET /category/books HTTP/1.1" 200 121 "/category/health" "Mozilla/5.0 (Windows NT 6.1; WOW64; rv:10.0.1) Gecko/20100101 Firefox/10.0.1"
176.45.198.120 - - [17/Nov/2017:04:31:20 +0000] "GET /category/software HTTP/1.1" 200 40 "-" "Mozilla/5.0 (compatible; MSIE 9.0; Windows NT 6.1; WOW64; Trident/5.0)"
56.150.73.159 - - [17/Nov/2017:04:31:25 +0000] "GET /category/office HTTP/1.1" 200 57 "-" "Mozilla/5.0 (compatible; MSIE 9.0; Windows NT 6.1; Trident/5.0)"
92.132.142.60 - - [17/Nov/2017:04:31:30 +0000] "POST /search/?c=Electronics+Games HTTP/1.1" 200 88 "/category/games" "Mozilla/5.0 (iPad; CPU OS 5_0_1 like Mac OS X) AppleWebKit/534.46 (KHTML, like Gecko) Version/5.1 Mobile/9A405 Safari/7534.48.3"
120.111.204.203 - - [17/Nov/2017:04:31:35 +0000] "GET /category/office HTTP/1.1" 200 80 "/item/games/3186" "Mozilla/4.0 (compatible; MSIE 8.0; Windows NT 6.1; WOW64; Trident/4.0; YTB730; GTB7.2; SLCC2; .NET CLR 2.0.50727; .NET CLR 3.5.30729; .NET CLR 3.0.30729; .NET4.0C; .NET4.0E; Media Center PC 6.0)"
96.99.84.183 - - [17/Nov/2017:04:31:40 +0000] "GET /item/electronics/2698 HTTP/1.1" 200 129 "/category/software" "Mozilla/5.0 (iPhone; CPU iPhone OS 5_0_1 like Mac OS X) AppleWebKit/534.46 (KHTML, like Gecko) Version/5.1 Mobile/9A405 Safari/7534.48.3"
44.102.75.27 - - [17/Nov/2017:04:31:45 +0000] "GET /category/jewelry HTTP/1.1" 200 102 "/category/software" "Mozilla/5.0 (Windows NT 6.1; WOW64) AppleWebKit/535.11 (KHTML, like Gecko) Chrome/17.0.963.56 Safari/535.11"
116.132.223.92 - - [17/Nov/2017:04:31:50 +0000] "GET /category/books?from=20 HTTP/1.1" 200 88 "-" "Mozilla/5.0 (Windows NT 6.1; WOW64; rv:10.0.1) Gecko/20100101 Firefox/10.0.1"
56.180.108.75 - - [17/Nov/2017:04:31:55 +0000] "GET /category/cameras HTTP/1.1" 200 114 "/item/networking/973" "Mozilla/5.0 (Windows NT 6.1; WOW64) AppleWebKit/535.11 (KHTML, like Gecko) Chrome/17.0.963.56 Safari/535.11"
96.69.168.141 - - [17/Nov/2017:04:32:00 +0000] "GET /item/cameras/2523 HTTP/1.1" 200 66 "/category/garden?from=0" "Mozilla/5.0 (Windows NT 6.1; WOW64) AppleWebKit/535.11 (KHTML, like Gecko) Chrome/17.0.963.56 Safari/535.11"
44.57.212.87 - - [17/Nov/2017:04:32:05 +0000] "GET /category/office HTTP/1.1" 200 42 "-" "Mozilla/4.0 (compatible; MSIE 8.0; Windows NT 5.1; Trident/4.0; BTRS122159; GTB7.2; .NET CLR 1.1.4322; .NET CLR 2.0.50727; .NET CLR 3.0.04506.30; .NET CLR 3.0.4506.2152; .NET CLR 3.5.30729; BRI/2)"
40.42.114.155 - - [17/Nov/2017:04:32:10 +0000] "GET /category/electronics HTTP/1.1" 200 128 "/category/electronics" "Mozilla/5.0 (Macintosh; Intel Mac OS X 10.6; rv:9.0.1) Gecko/20100101 Firefox/9.0.1"
20.180.93.217 - - [17/Nov/2017:04:32:15 +0000] "GET /item/books/590 HTTP/1.1" 200 55 "-" "Mozilla/4.0 (compatible; MSIE 8.0; Windows NT 6.1; Trident/4.0; YTB730; SLCC2; .NET CLR 2.0.50727; .NET CLR 3.5.30729; .NET CLR 3.0.30729; Media Center PC 6.0; .NET4.0C)"
28.63.225.191 - - [17/Nov/2017:04:32:20 +0000] "GET /category/computers HTTP/1.1" 200 127 "-" "Mozilla/5.0 (Windows NT 6.1; WOW64) AppleWebKit/535.7 (KHTML, like Gecko) Chrome/16.0.912.77 Safari/535.7"
200.189.168.228 - - [17/Nov/2017:04:32:25 +0000] "GET /category/electronics HTTP/1.1" 200 101 "-" "Mozilla/4.0 (compatible; MSIE 8.0; Windows NT 5.1; Trident/4.0; BTRS122159; GTB7.2; .NET CLR 1.1.4322; .NET CLR 2.0.50727; .NET CLR 3.0.04506.30; .NET CLR 3.0.4506.2152; .NET CLR 3.5.30729; BRI/2)"
192.183.227.24 - - [17/Nov/2017:04:32:30 +0000] "GET /category/giftcards HTTP/1.1" 200 59 "/category/electronics" "Mozilla/5.0 (Windows NT 6.0; rv:10.0.1) Gecko/20100101 Firefox/10.0.1"
156.174.158.57 - - [17/Nov/2017:04:32:35 +0000] "GET /category/finance HTTP/1.1" 200 125 "/category/office" "Mozilla/4.0 (compatible; MSIE 8.0; Windows NT 6.0; WOW64; Trident/4.0; GTB6; SLCC1; .NET CLR 2.0.50727; Media Center PC 5.0; .NET CLR 3.5.30729; .NET CLR 3.0.30618; .NET4.0C)"
204.117.20.72 - - [17/Nov/2017:04:32:40 +0000] "GET /category/electronics HTTP/1.1" 200 90 "/category/cameras" "Mozilla/4.0 (compatible; MSIE 8.0; Windows NT 6.1; WOW64; Trident/4.0; YTB730; GTB7.2; EasyBits GO v1.0; SLCC2; .NET CLR 2.0.50727; .NET CLR 3.5.30729; .NET CLR 3.0.30729; Media Center PC 6.0; .NET4.0C)"
100.171.120.84 - - [17/Nov/2017:04:32:45 +0000] "GET /category/software HTTP/1.1" 200 121 "-" "Mozilla/5.0 (compatible; MSIE 9.0; Windows NT 6.1; Trident/5.0)"
188.165.183.191 - - [17/Nov/2017:04:32:50 +0000] "GET /category/books HTTP/1.1" 200 131 "/category/electronics?from=20" "Mozilla/4.0 (compatible; MSIE 8.0; Windows NT 6.1; WOW64; Trident/4.0; YTB730; GTB7.2; SLCC2; .NET CLR 2.0.50727; .NET CLR 3.5.30729; .NET CLR 3.0.30729; .NET4.0C; .NET4.0E; Media Center PC 6.0)"
56.150.73.159 - - [17/Nov/2017:04:32:55 +0000] "GET /category/electronics HTTP/1.1" 200 89 "-" "Mozilla/5.0 (compatible; MSIE 9.0; Windows NT 6.1; WOW64; Trident/5.0)"
72.138.197.227 - - [17/Nov/2017:04:33:00 +0000] "POST /search/?c=Games+Electronics HTTP/1.1" 200 81 "-" "Mozilla/5.0 (Windows NT 6.1; WOW64) AppleWebKit/535.11 (KHTML, like Gecko) Chrome/17.0.963.56 Safari/535.11"
180.183.221.119 - - [17/Nov/2017:04:33:05 +0000] "GET /category/jewelry HTTP/1.1" 200 60 "-" "Mozilla/5.0 (compatible; Googlebot/2.1; +http://www.google.com/bot.html)"
48.219.110.88 - - [17/Nov/2017:04:33:10 +0000] "GET /category/software HTTP/1.1" 200 108 "/search/?c=Jewelry+Games" "Mozilla/5.0 (iPad; CPU OS 5_0_1 like Mac OS X) AppleWebKit/534.46 (KHTML, like Gecko) Version/5.1 Mobile/9A405 Safari/7534.48.3"
20.192.47.128 - - [17/Nov/2017:04:33:15 +0000] "GET /item/software/272 HTTP/1.1" 200 71 "-" "Mozilla/5.0 (Windows NT 6.0) AppleWebKit/535.11 (KHTML, like Gecko) Chrome/17.0.963.56 Safari/535.11"
44.102.75.27 - - [17/Nov/2017:04:33:20 +0000] "GET /category/games?from=0 HTTP/1.1" 200 72 "/category/games" "Mozilla/5.0 (Windows NT 6.0; rv:10.0.1) Gecko/20100101 Firefox/10.0.1"
200.69.111.217 - - [17/Nov/2017:04:33:25 +0000] "GET /item/books/1440 HTTP/1.1" 200 108 "/item/electronics/2426" "Mozilla/5.0 (compatible; MSIE 9.0; Windows NT 6.1; Trident/5.0)"
192.207.80.72 - - [17/Nov/2017:04:33:30 +0000] "GET /category/electronics HTTP/1.1" 200 68 "/category/books" "Mozilla/5.0 (Windows NT 6.0; rv:10.0.1) Gecko/20100101 Firefox/10.0.1"
72.138.197.227 - - [17/Nov/2017:04:33:35 +0000] "GET /category/office HTTP/1.1" 200 46 "/item/games/3186" "Mozilla/4.0 (compatible; MSIE 8.0; Windows NT 5.1; Trident/4.0; YTB720; GTB7.2; .NET CLR 1.1.4322; .NET CLR 2.0.50727; .NET CLR 3.0.4506.2152; .NET CLR 3.5.30729)"
56.150.73.159 - - [17/Nov/2017:04:33:40 +0000] "GET /item/games/3254 HTTP/1.1" 200 41 "/item/electronics/1309" "Mozilla/5.0 (iPad; CPU OS 5_0_1 like Mac OS X) AppleWebKit/534.46 (KHTML, like Gecko) Version/5.1 Mobile/9A405 Safari/7534.48.3"
36.132.162.159 - - [17/Nov/2017:04:33:45 +0000] "POST /search/?c=Books+Electronics HTTP/1.1" 200 79 "/search/?c=Games+Electronics" "Mozilla/5.0 (Macintosh; Intel Mac OS X 10.6; rv:9.0.1) Gecko/20100101 Firefox/9.0.1"
164.27.150.182 - - [17/Nov/2017:04:33:50 +0000] "GET /item/electronics/3972 HTTP/1.1" 200 114 "-" "Mozilla/5.0 (Macintosh; Intel Mac OS X 10.6; rv:9.0.1) Gecko/20100101 Firefox/9.0.1"
224.195.180.118 - - [17/Nov/2017:04:33:55 +0000] "GET /item/networking/3831 HTTP/1.1" 200 85 "/category/toys" "Mozilla/5.0 (Windows NT 6.1; WOW64) AppleWebKit/535.11 (KHTML, like Gecko) Chrome/17.0.963.56 Safari/535.11"
172.165.66.62 - - [17/Nov/2017:04:34:00 +0000] "GET /category/books HTTP/1.1" 200 122 "/item/toys/4220" "Mozilla/5.0 (Windows NT 6.1; WOW64; rv:10.0.1) Gecko/20100101 Firefox/10.0.1"
112.33.59.25 - - [17/Nov/2017:04:34:05 +0000] "GET /category/books?from=0 HTTP/1.1" 200 114 "/item/software/4933" "Mozilla/5.0 (Windows NT 6.1; WOW64) AppleWebKit/535.11 (KHTML, like Gecko) Chrome/17.0.963.56 Safari/535.11"
32.132.45.143 - - [17/Nov/2017:04:34:10 +0000] "GET /category/office HTTP/1.1" 200 79 "-" "Mozilla/5.0 (Windows NT 6.1; WOW64; rv:10.0.1) Gecko/20100101 Firefox/10.0.1"
188.147.180.205 - - [17/Nov/2017:04:34:15 +0000] "GET /item/electronics/1206 HTTP/1.1" 200 136 "/category/electronics" "Mozilla/5.0 (compatible; Googlebot/2.1; +http://www.google.com/bot.html)"
224.36.20.68 - - [17/Nov/2017:04:34:20 +0000] "GET /category/electronics HTTP/1.1" 200 61 "-" "Mozilla/5.0 (compatible; Googlebot/2.1; +http://www.google.com/bot.html)"
220.102.98.97 - - [17/Nov/2017:04:34:25 +0000] "GET /item/electronics/2670 HTTP/1.1" 200 51 "/item/giftcards/2757" "Mozilla/5.0 (Macintosh; Intel Mac OS X 10.6; rv:9.0.1) Gecko/20100101 Firefox/9.0.1"
116.189.197.54 - - [17/Nov/2017:04:34:30 +0000] "GET /category/finance?from=0 HTTP/1.1" 200 90 "/category/finance" "Mozilla/4.0 (compatible; MSIE 8.0; Windows NT 5.1; Trident/4.0; BTRS122159; GTB7.2; .NET CLR 1.1.4322; .NET CLR 2.0.50727; .NET CLR 3.0.04506.30; .NET CLR 3.0.4506.2152; .NET CLR 3.5.30729; BRI/2)"
148.180.67.120 - - [17/Nov/2017:04:34:35 +0000] "GET /item/electronics/3842 HTTP/1.1" 200 50 "-" "Mozilla/4.0 (compatible; MSIE 8.0; Windows NT 6.1; WOW64; Trident/4.0; YTB730; GTB7.2; EasyBits GO v1.0; SLCC2; .NET CLR 2.0.50727; .NET CLR 3.5.30729; .NET CLR 3.0.30729; Media Center PC 6.0; .NET4.0C)"
104.147.188.161 - - [17/Nov/2017:04:34:40 +0000] "GET /category/health HTTP/1.1" 200 94 "/category/electronics" "Mozilla/5.0 (compatible; MSIE 9.0; Windows NT 6.1; WOW64; Trident/5.0)"
24.90.183.170 - - [17/Nov/2017:04:34:45 +0000] "GET /category/office HTTP/1.1" 200 60 "/category/electronics" "Mozilla/5.0 (Windows NT 6.1; WOW64) AppleWebKit/535.11 (KHTML, like Gecko) Chrome/17.0.963.56 Safari/535.11"
200.153.109.43 - - [17/Nov/2017:04:34:50 +0000] "GET /category/electronics HTTP/1.1" 200 61 "/category/games?from=20" "Mozilla/5.0 (Windows NT 6.1; WOW64; rv:10.0.1) Gecko/20100101 Firefox/10.0.1"
212.60.196.21 - - [17/Nov/2017:04:34:55 +0000] "GET /category/electronics HTTP/1.1" 200 44 "/search/?c=Office+Office" "Mozilla/5.0 (Windows NT 6.0; rv:10.0.1) Gecko/20100101 Firefox/10.0.1"
20.21.65.80 - - [17/Nov/2017:04:35:00 +0000] "GET /category/software HTTP/1.1" 200 93 "-" "Mozilla/4.0 (compatible; MSIE 8.0; Windows NT 5.1; Trident/4.0; BTRS122159; GTB7.2; .NET CLR 1.1.4322; .NET CLR 2.0.50727; .NET CLR 3.0.04506.30; .NET CLR 3.0.4506.2152; .NET CLR 3.5.30729; BRI/2)"
72.66.199.152 - - [17/Nov/2017:04:35:05 +0000] "GET /category/toys HTTP/1.1" 200 77 "-" "Mozilla/4.0 (compatible; MSIE 8.0; Windows NT 6.0; WOW64; Trident/4.0; GTB6; SLCC1; .NET CLR 2.0.50727; Media Center PC 5.0; .NET CLR 3.5.30729; .NET CLR 3.0.30618; .NET4.0C)"
64.138.87.214 - - [17/Nov/2017:04:35:10 +0000] "GET /category/games HTTP/1.1" 200 47 "http://www.google.com/search?ie=UTF-8&q=google&sclient=psy-ab&q=Games&oq=Games&aq=f&aqi=g-vL1&aql=&pbx=1&bav=on.2,or.r_gc.r_pw.r_qf.,cf.osb&biw=320&bih=581" "Mozilla/5.0 (compatible; MSIE 9.0; Windows NT 6.1; WOW64; Trident/5.0)"
80.63.29.149 - - [17/Nov/2017:04:35:15 +0000] "POST /search/?c=Games HTTP/1.1" 200 48 "/category/games" "Mozilla/5.0 (Windows NT 6.1; WOW64) AppleWebKit/535.11 (KHTML, like Gecko) Chrome/17.0.963.56 Safari/535.11"
160.135.24.226 - - [17/Nov/2017:04:35:20 +0000] "GET /category/software HTTP/1.1" 200 85 "/search/?c=Toys+Toys" "Mozilla/5.0 (compatible; Googlebot/2.1; +http://www.google.com/bot.html)"
24.156.218.186 - - [17/Nov/2017:04:35:25 +0000] "GET /category/electronics HTTP/1.1" 200 108 "/search/?c=Software+Software" "Mozilla/5.0 (Windows NT 6.0; rv:10.0.1) Gecko/20100101 Firefox/10.0.1"
212.117.157.59 - - [17/Nov/2017:04:35:30 +0000] "GET /category/games HTTP/1.1" 200 110 "/category/software" "Mozilla/5.0 (compatible; Googlebot/2.1; +http://www.google.com/bot.html)"
136.147.227.152 - - [17/Nov/2017:04:35:35 +0000] "GET /item/electronics/3574 HTTP/1.1" 200 77 "/category/cameras?from=0" "Mozilla/4.0 (compatible; MSIE 8.0; Windows NT 6.1; WOW64; Trident/4.0; YTB730; GTB7.2; SLCC2; .NET CLR 2.0.50727; .NET CLR 3.5.30729; .NET CLR 3.0.30729; .NET4.0C; .NET4.0E; Media Center PC 6.0)"
124.108.42.189 - - [17/Nov/2017:04:35:40 +0000] "GET /item/software/4545 HTTP/1.1" 200 135 "/category/software" "Mozilla/5.0 (Windows NT 6.0; rv:10.0.1) Gecko/20100101 Firefox/10.0.1"
44.138.105.89 - - [17/Nov/2017:04:35:45 +0000] "GET /category/electronics HTTP/1.1" 200 44 "-" "Mozilla/5.0 (Windows NT 6.1; WOW64) AppleWebKit/535.7 (KHTML, like Gecko) Chrome/16.0.912.77 Safari/535.7"
36.51.160.119 - - [17/Nov/2017:04:35:50 +0000] "GET /item/games/2882 HTTP/1.1" 200 130 "/category/software" "Mozilla/5.0 (compatible; Googlebot/2.1; +http://www.google.com/bot.html)"
212.90.155.59 - - [17/Nov/2017:04:35:55 +0000] "GET /category/books HTTP/1.1" 200 65 "/category/jewelry?from=10" "Mozilla/5.0 (compatible; MSIE 9.0; Windows NT 6.1; Trident/5.0)"
136.63.21.83 - - [17/Nov/2017:04:36:00 +0000] "GET /item/garden/2166 HTTP/1.1" 200 139 "/category/electronics" "Mozilla/4.0 (compatible; MSIE 8.0; Windows NT 6.1; WOW64; Trident/4.0; YTB730; GTB7.2; EasyBits GO v1.0; SLCC2; .NET CLR 2.0.50727; .NET CLR 3.5.30729; .NET CLR 3.0.30729; Media Center PC 6.0; .NET4.0C)"
128.54.20.112 - - [17/Nov/2017:04:36:05 +0000] "GET /item/electronics/663 HTTP/1.1" 404 78 "/category/electronics" "Mozilla/5.0 (compatible; MSIE 9.0; Windows NT 6.1; WOW64; Trident/5.0)"
96.150.113.225 - - [17/Nov/2017:04:36:10 +0000] "GET /category/software HTTP/1.1" 200 64 "-" "Mozilla/5.0 (Windows NT 6.1; WOW64) AppleWebKit/535.11 (KHTML, like Gecko) Chrome/17.0.963.56 Safari/535.11"
52.132.50.197 - - [17/Nov/2017:04:36:15 +0000] "GET /category/health HTTP/1.1" 200 103 "-" "Mozilla/4.0 (compatible; MSIE 8.0; Windows NT 6.1; WOW64; Trident/4.0; GTB7.2; SLCC2; .NET CLR 2.0.50727; .NET CLR 3.5.30729; .NET CLR 3.0.30729; Media Center PC 6.0; .NET4.0C)"
48.105.184.168 - - [17/Nov/2017:04:36:20 +0000] "GET /category/office HTTP/1.1" 200 68 "/item/computers/3622" "Mozilla/5.0 (iPad; CPU OS 5_0_1 like Mac OS X) AppleWebKit/534.46 (KHTML, like Gecko) Version/5.1 Mobile/9A405 Safari/7534.48.3"
28.150.146.21 - - [17/Nov/2017:04:36:25 +0000] "GET /item/networking/3236 HTTP/1.1" 200 109 "-" "Mozilla/5.0 (Windows NT 6.1; WOW64; rv:10.0.1) Gecko/20100101 Firefox/10.0.1"
28.135.90.185 - - [17/Nov/2017:04:36:30 +0000] "GET /category/software HTTP/1.1" 200 114 "-" "Mozilla/5.0 (compatible; Googlebot/2.1; +http://www.google.com/bot.html)"
220.102.98.97 - - [17/Nov/2017:04:36:35 +0000] "GET /item/computers/4451 HTTP/1.1" 200 42 "/category/games" "Mozilla/4.0 (compatible; MSIE 8.0; Windows NT 6.1; Trident/4.0; YTB730; SLCC2; .NET CLR 2.0.50727; .NET CLR 3.5.30729; .NET CLR 3.0.30729; Media Center PC 6.0; .NET4.0C)"
96.24.145.93 - - [17/Nov/2017:04:36:40 +0000] "GET /category/jewelry HTTP/1.1" 200 76 "-" "Mozilla/5.0 (iPad; CPU OS 5_0_1 like Mac OS X) AppleWebKit/534.46 (KHTML, like Gecko) Version/5.1 Mobile/9A405 Safari/7534.48.3"
172.51.61.163 - - [17/Nov/2017:04:36:45 +0000] "GET /category/electronics HTTP/1.1" 200 51 "/category/games?from=20" "Mozilla/5.0 (Windows NT 6.0) AppleWebKit/535.11 (KHTML, like Gecko) Chrome/17.0.963.56 Safari/535.11"
144.129.150.26 - - [17/Nov/2017:04:36:50 +0000] "GET /category/music HTTP/1.1" 200 54 "/category/jewelry" "Mozilla/4.0 (compatible; MSIE 8.0; Windows NT 6.1; WOW64; Trident/4.0; YTB730; GTB7.2; SLCC2; .NET CLR 2.0.50727; .NET CLR 3.5.30729; .NET CLR 3.0.30729; .NET4.0C; .NET4.0E; Media Center PC 6.0)"
140.51.85.207 - - [17/Nov/2017:04:36:55 +0000] "GET /category/software HTTP/1.1" 200 65 "/search/?c=Electronics+Garden" "Mozilla/5.0 (Windows NT 6.1; WOW64) AppleWebKit/535.11 (KHTML, like Gecko) Chrome/17.0.963.56 Safari/535.11"
84.117.111.177 - - [17/Nov/2017:04:37:00 +0000] "GET /category/cameras?from=20 HTTP/1.1" 200 133 "/search/?c=Cameras" "Mozilla/5.0 (Macintosh; Intel Mac OS X 10.6; rv:9.0.1) Gecko/20100101 Firefox/9.0.1"
220.162.66.229 - - [17/Nov/2017:04:37:05 +0000] "GET /category/computers HTTP/1.1" 200 106 "-" "Mozilla/5.0 (Windows NT 6.0; rv:10.0.1) Gecko/20100101 Firefox/10.0.1"
212.228.110.108 - - [17/Nov/2017:04:37:10 +0000] "GET /item/toys/2937 HTTP/1.1" 200 54 "-" "Mozilla/5.0 (compatible; Googlebot/2.1; +http://www.google.com/bot.html)"
164.177.22.225 - - [17/Nov/2017:04:37:15 +0000] "GET /category/software HTTP/1.1" 200 107 "/category/electronics" "Mozilla/5.0 (Macintosh; Intel Mac OS X 10.6; rv:9.0.1) Gecko/20100101 Firefox/9.0.1"
40.180.147.109 - - [17/Nov/2017:04:37:20 +0000] "GET /category/software?from=20 HTTP/1.1" 200 78 "/category/computers" "Mozilla/4.0 (compatible; MSIE 8.0; Windows NT 6.0; WOW64; Trident/4.0; GTB6; SLCC1; .NET CLR 2.0.50727; Media Center PC 5.0; .NET CLR 3.5.30729; .NET CLR 3.0.30618; .NET4.0C)"
84.189.117.50 - - [17/Nov/2017:04:37:25 +0000] "GET /category/health?from=0 HTTP/1.1" 200 81 "/item/office/4595" "Mozilla/5.0 (Macintosh; Intel Mac OS X 10.6; rv:9.0.1) Gecko/20100101 Firefox/9.0.1"
108.93.207.173 - - [17/Nov/2017:04:37:30 +0000] "GET /item/electronics/229 HTTP/1.1" 200 105 "/category/games" "Mozilla/5.0 (Macintosh; Intel Mac OS X 10.6; rv:9.0.1) Gecko/20100101 Firefox/9.0.1"
36.51.149.50 - - [17/Nov/2017:04:37:35 +0000] "GET /category/electronics HTTP/1.1" 200 79 "-" "Mozilla/5.0 (Windows NT 6.1; WOW64) AppleWebKit/535.11 (KHTML, like Gecko) Chrome/17.0.963.56 Safari/535.11"
224.87.199.41 - - [17/Nov/2017:04:37:40 +0000] "GET /category/electronics HTTP/1.1" 200 84 "-" "Mozilla/5.0 (Windows NT 6.1; WOW64) AppleWebKit/535.7 (KHTML, like Gecko) Chrome/16.0.912.77 Safari/535.7"
228.54.175.57 - - [17/Nov/2017:04:37:45 +0000] "GET /item/giftcards/2263 HTTP/1.1" 200 78 "/item/office/84" "Mozilla/5.0 (compatible; MSIE 9.0; Windows NT 6.1; WOW64; Trident/5.0)"
104.189.169.48 - - [17/Nov/2017:04:37:50 +0000] "GET /category/games HTTP/1.1" 200 42 "-" "Mozilla/4.0 (compatible; MSIE 8.0; Windows NT 6.1; WOW64; Trident/4.0; YTB730; GTB7.2; EasyBits GO v1.0; SLCC2; .NET CLR 2.0.50727; .NET CLR 3.5.30729; .NET CLR 3.0.30729; Media Center PC 6.0; .NET4.0C)"
152.51.200.216 - - [17/Nov/2017:04:37:55 +0000] "POST /search/?c=Games+Office HTTP/1.1" 200 72 "-" "Mozilla/5.0 (Windows NT 6.0; rv:10.0.1) Gecko/20100101 Firefox/10.0.1"
128.159.112.128 - - [17/Nov/2017:04:38:00 +0000] "GET /category/networking HTTP/1.1" 200 103 "/category/software" "Mozilla/5.0 (Windows NT 5.1) AppleWebKit/535.11 (KHTML, like Gecko) Chrome/17.0.963.46 Safari/535.11"
148.102.155.163 - - [17/Nov/2017:04:38:05 +0000] "GET /category/software HTTP/1.1" 200 90 "-" "Mozilla/5.0 (compatible; Googlebot/2.1; +http://www.google.com/bot.html)"
40.63.61.211 - - [17/Nov/2017:04:38:10 +0000] "GET /category/computers HTTP/1.1" 200 103 "-" "Mozilla/4.0 (compatible; MSIE 8.0; Windows NT 5.1; Trident/4.0; YTB720; GTB7.2; .NET CLR 1.1.4322; .NET CLR 2.0.50727; .NET CLR 3.0.4506.2152; .NET CLR 3.5.30729)"
196.228.54.212 - - [17/Nov/2017:04:38:15 +0000] "GET /category/electronics HTTP/1.1" 200 139 "-" "Mozilla/5.0 (Macintosh; Intel Mac OS X 10.6; rv:9.0.1) Gecko/20100101 Firefox/9.0.1"
188.138.65.208 - - [17/Nov/2017:04:38:20 +0000] "GET /category/games?from=20 HTTP/1.1" 200 119 "-" "Mozilla/5.0 (compatible; MSIE 9.0; Windows NT 6.1; WOW64; Trident/5.0)"
52.198.156.151 - - [17/Nov/2017:04:38:25 +0000] "GET /item/computers/4801 HTTP/1.1" 200 128 "-" "Mozilla/4.0 (compatible; MSIE 8.0; Windows NT 6.1; Trident/4.0; YTB730; SLCC2; .NET CLR 2.0.50727; .NET CLR 3.5.30729; .NET CLR 3.0.30729; Media Center PC 6.0; .NET4.0C)"
204.117.20.72 - - [17/Nov/2017:04:38:30 +0000] "GET /category/software HTTP/1.1" 200 76 "/category/computers?from=20" "Mozilla/5.0 (Windows NT 6.0; rv:10.0.1) Gecko/20100101 Firefox/10.0.1"
164.36.150.129 - - [17/Nov/2017:04:38:35 +0000] "GET /category/electronics HTTP/1.1" 200 103 "-" "Mozilla/5.0 (Macintosh; Intel Mac OS X 10.6; rv:9.0.1) Gecko/20100101 Firefox/9.0.1"
128.159.112.128 - - [17/Nov/2017:04:38:40 +0000] "GET /category/electronics HTTP/1.1" 200 71 "/item/electronics/3574" "Mozilla/5.0 (Windows NT 6.0; rv:10.0.1) Gecko/20100101 Firefox/10.0.1"
196.102.21.104 - - [17/Nov/2017:04:38:45 +0000] "GET /item/music/2915 HTTP/1.1" 200 106 "-" "Mozilla/4.0 (compatible; MSIE 8.0; Windows NT 6.1; WOW64; Trident/4.0; YTB730; GTB7.2; EasyBits GO v1.0; SLCC2; .NET CLR 2.0.50727; .NET CLR 3.5.30729; .NET CLR 3.0.30729; Media Center PC 6.0; .NET4.0C)"
20.192.47.128 - - [17/Nov/2017:04:38:50 +0000] "GET /category/electronics HTTP/1.1" 200 79 "-" "Mozilla/4.0 (compatible; MSIE 8.0; Windows NT 6.1; Trident/4.0; YTB730; SLCC2; .NET CLR 2.0.50727; .NET CLR 3.5.30729; .NET CLR 3.0.30729; Media Center PC 6.0; .NET4.0C)"
176.204.131.157 - - [17/Nov/2017:04:38:55 +0000] "GET /item/computers/3135 HTTP/1.1" 200 107 "/category/software" "Mozilla/5.0 (compatible; Googlebot/2.1; +http://www.google.com/bot.html)"
64.102.84.121 - - [17/Nov/2017:04:39:00 +0000] "GET /category/electronics HTTP/1.1" 200 68 "-" "Mozilla/5.0 (Windows NT 6.1; WOW64) AppleWebKit/535.11 (KHTML, like Gecko) Chrome/17.0.963.56 Safari/535.11"
88.222.58.180 - - [17/Nov/2017:04:39:05 +0000] "GET /category/toys HTTP/1.1" 200 77 "-" "Mozilla/5.0 (compatible; MSIE 9.0; Windows NT 6.1; Trident/5.0)"
64.207.189.196 - - [17/Nov/2017:04:39:10 +0000] "GET /category/music HTTP/1.1" 200 55 "/item/electronics/446" "Mozilla/5.0 (compatible; Googlebot/2.1; +http://www.google.com/bot.html)"
92.150.116.137 - - [17/Nov/2017:04:39:15 +0000] "GET /category/games HTTP/1.1" 200 135 "/category/software" "Mozilla/5.0 (Macintosh; Intel Mac OS X 10.6; rv:9.0.1) Gecko/20100101 Firefox/9.0.1"
212.117.157.59 - - [17/Nov/2017:04:39:20 +0000] "GET /category/sports HTTP/1.1" 200 95 "/category/cameras" "Mozilla/5.0 (compatible; MSIE 9.0; Windows NT 6.1; Trident/5.0)"
160.213.73.172 - - [17/Nov/2017:04:39:25 +0000] "GET /item/giftcards/119 HTTP/1.1" 200 93 "/category/jewelry" "Mozilla/5.0 (Windows NT 6.1; WOW64) AppleWebKit/535.11 (KHTML, like Gecko) Chrome/17.0.963.56 Safari/535.11"
120.57.151.184 - - [17/Nov/2017:04:39:30 +0000] "GET /item/sports/13 HTTP/1.1" 200 100 "-" "Mozilla/5.0 (Windows NT 6.0) AppleWebKit/535.11 (KHTML, like Gecko) Chrome/17.0.963.56 Safari/535.11"
72.45.161.107 - - [17/Nov/2017:04:39:35 +0000] "GET /item/sports/1656 HTTP/1.1" 200 118 "/search/?c=Sports" "Mozilla/5.0 (Windows NT 6.1; WOW64) AppleWebKit/535.7 (KHTML, like Gecko) Chrome/16.0.912.77 Safari/535.7"
60.186.25.54 - - [17/Nov/2017:04:39:40 +0000] "GET /category/electronics HTTP/1.1" 200 84 "/category/health" "Mozilla/5.0 (Windows NT 6.1; WOW64; rv:10.0.1) Gecko/20100101 Firefox/10.0.1"
212.222.165.164 - - [17/Nov/2017:04:39:45 +0000] "GET /item/books/3992 HTTP/1.1" 200 70 "-" "Mozilla/5.0 (Macintosh; Intel Mac OS X 10.6; rv:9.0.1) Gecko/20100101 Firefox/9.0.1"
104.72.204.155 - - [17/Nov/2017:04:39:50 +0000] "GET /category/software HTTP/1.1" 200 123 "/category/electronics" "Mozilla/5.0 (Windows NT 6.0) AppleWebKit/535.11 (KHTML, like Gecko) Chrome/17.0.963.56 Safari/535.11"
148.63.165.61 - - [17/Nov/2017:04:39:55 +0000] "GET /category/music HTTP/1.1" 200 46 "/item/jewelry/428" "Mozilla/5.0 (Macintosh; Intel Mac OS X 10.6; rv:9.0.1) Gecko/20100101 Firefox/9.0.1"
128.213.146.74 - - [17/Nov/2017:04:40:00 +0000] "GET /category/software HTTP/1.1" 200 89 "-" "Mozilla/5.0 (Windows NT 6.0; rv:10.0.1) Gecko/20100101 Firefox/10.0.1"
128.27.201.209 - - [17/Nov/2017:04:40:05 +0000] "GET /item/finance/1207 HTTP/1.1" 200 57 "/category/software?from=20" "Mozilla/4.0 (compatible; MSIE 8.0; Windows NT 5.1; Trident/4.0; YTB720; GTB7.2; .NET CLR 1.1.4322; .NET CLR 2.0.50727; .NET CLR 3.0.4506.2152; .NET CLR 3.5.30729)"
40.21.219.95 - - [17/Nov/2017:04:40:10 +0000] "GET /item/books/3101 HTTP/1.1" 200 61 "/search/?c=Books" "Mozilla/5.0 (Windows NT 6.0) AppleWebKit/535.11 (KHTML, like Gecko) Chrome/17.0.963.56 Safari/535.11"
120.33.154.173 - - [17/Nov/2017:04:40:15 +0000] "GET /category/garden HTTP/1.1" 200 87 "-" "Mozilla/5.0 (Windows NT 6.0; rv:10.0.1) Gecko/20100101 Firefox/10.0.1"
140.204.32.148 - - [17/Nov/2017:04:40:20 +0000] "GET /category/electronics HTTP/1.1" 200 47 "-" "Mozilla/5.0 (iPad; CPU OS 5_0_1 like Mac OS X) AppleWebKit/534.46 (KHTML, like Gecko) Version/5.1 Mobile/9A405 Safari/7534.48.3"
80.126.81.138 - - [17/Nov/2017:04:40:25 +0000] "POST /search/?c=Music HTTP/1.1" 200 44 "/search/?c=Garden+Electronics" "Mozilla/5.0 (Windows NT 6.1; WOW64) AppleWebKit/535.7 (KHTML, like Gecko) Chrome/16.0.912.77 Safari/535.7"
164.198.33.36 - - [17/Nov/2017:04:40:30 +0000] "GET /category/giftcards HTTP/1.1" 200 126 "/category/software" "Mozilla/5.0 (Macintosh; Intel Mac OS X 10.6; rv:9.0.1) Gecko/20100101 Firefox/9.0.1"
36.156.181.221 - - [17/Nov/2017:04:40:35 +0000] "GET /item/health/2423 HTTP/1.1" 200 131 "/category/software?from=0" "Mozilla/5.0 (Macintosh; Intel Mac OS X 10.6; rv:9.0.1) Gecko/20100101 Firefox/9.0.1"
56.48.140.129 - - [17/Nov/2017:04:40:40 +0000] "GET /category/cameras HTTP/1.1" 200 106 "/item/software/1527" "Mozilla/5.0 (compatible; MSIE 9.0; Windows NT 6.1; WOW64; Trident/5.0)"
92.99.34.90 - - [17/Nov/2017:04:40:45 +0000] "GET /category/networking HTTP/1.1" 200 87 "/category/books" "Mozilla/4.0 (compatible; MSIE 8.0; Windows NT 6.1; WOW64; Trident/4.0; GTB7.2; SLCC2; .NET CLR 2.0.50727; .NET CLR 3.5.30729; .NET CLR 3.0.30729; Media Center PC 6.0; .NET4.0C)"
188.144.194.102 - - [17/Nov/2017:04:40:50 +0000] "GET /item/electronics/3444 HTTP/1.1" 200 131 "/item/toys/1044" "Mozilla/5.0 (Windows NT 6.0; rv:10.0.1) Gecko/20100101 Firefox/10.0.1"
92.180.180.225 - - [17/Nov/2017:04:40:55 +0000] "GET /item/software/3165 HTTP/1.1" 200 63 "http://www.google.com/search?ie=UTF-8&q=google&sclient=psy-ab&q=Software&oq=Software&aq=f&aqi=g-vL1&aql=&pbx=1&bav=on.2,or.r_gc.r_pw.r_qf.,cf.osb&biw=2486&bih=98" "Mozilla/5.0 (Macintosh; Intel Mac OS X 10.6; rv:9.0.1) Gecko/20100101 Firefox/9.0.1"
216.54.131.48 - - [17/Nov/2017:04:41:00 +0000] "GET /category/office HTTP/1.1" 200 135 "/item/games/4819" "Mozilla/5.0 (Windows NT 5.1) AppleWebKit/535.11 (KHTML, like Gecko) Chrome/17.0.963.46 Safari/535.11"
196.168.130.146 - - [17/Nov/2017:04:41:05 +0000] "GET /category/computers HTTP/1.1" 200 133 "/category/electronics?from=20" "Mozilla/4.0 (compatible; MSIE 8.0; Windows NT 6.1; Trident/4.0; YTB730; SLCC2; .NET CLR 2.0.50727; .NET CLR 3.5.30729; .NET CLR 3.0.30729; Media Center PC 6.0; .NET4.0C)"
104.141.80.150 - - [17/Nov/2017:04:41:10 +0000] "GET /category/finance HTTP/1.1" 200 135 "-" "Mozilla/5.0 (compatible; MSIE 9.0; Windows NT 6.1; WOW64; Trident/5.0)"
88.228.128.46 - - [17/Nov/2017:04:41:15 +0000] "GET /category/software HTTP/1.1" 200 134 "/item/cameras/2541" "Mozilla/5.0 (Windows NT 6.0; rv:10.0.1) Gecko/20100101 Firefox/10.0.1"
52.189.168.94 - - [17/Nov/2017:04:41:20 +0000] "GET /category/electronics HTTP/1.1" 200 90 "-" "Mozilla/5.0 (Windows NT 6.0; rv:10.0.1) Gecko/20100101 Firefox/10.0.1"
224.219.86.184 - - [17/Nov/2017:04:41:25 +0000] "GET /category/software HTTP/1.1" 200 109 "-" "Mozilla/5.0 (compatible; MSIE 9.0; Windows NT 6.1; Trident/5.0)"
52.153.118.131 - - [17/Nov/2017:04:41:30 +0000] "GET /item/computers/3135 HTTP/1.1" 200 107 "/category/software" "Mozilla/5.0 (Macintosh; Intel Mac OS X 10.6; rv:9.0.1) Gecko/20100101 Firefox/9.0.1"
188.177.87.130 - - [17/Nov/2017:04:41:35 +0000] "GET /category/software?from=10 HTTP/1.1" 200 95 "/category/software" "Mozilla/5.0 (Windows NT 6.0) AppleWebKit/535.11 (KHTML, like Gecko) Chrome/17.0.963.56 Safari/535.11"
176.39.95.81 - - [17/Nov/2017:04:41:40 +0000] "GET /category/software HTTP/1.1" 200 127 "/item/books/3992" "Mozilla/5.0 (compatible; MSIE 9.0; Windows NT 6.1; WOW64; Trident/5.0)"
124.171.169.38 - - [17/Nov/2017:04:41:45 +0000] "GET /item/giftcards/3622 HTTP/1.1" 200 59 "-" "Mozilla/5.0 (compatible; MSIE 9.0; Windows NT 6.1; Trident/5.0)"
52.132.139.46 - - [17/Nov/2017:04:41:50 +0000] "GET /category/sports HTTP/1.1" 200 56 "/category/garden" "Mozilla/4.0 (compatible; MSIE 8.0; Windows NT 6.1; WOW64; Trident/4.0; YTB730; GTB7.2; EasyBits GO v1.0; SLCC2; .NET CLR 2.0.50727; .NET CLR 3.5.30729; .NET CLR 3.0.30729; Media Center PC 6.0; .NET4.0C)"
84.162.134.68 - - [17/Nov/2017:04:41:55 +0000] "GET /item/books/3101 HTTP/1.1" 200 61 "/category/toys" "Mozilla/4.0 (compatible; MSIE 8.0; Windows NT 5.1; Trident/4.0; BTRS122159; GTB7.2; .NET CLR 1.1.4322; .NET CLR 2.0.50727; .NET CLR 3.0.04506.30; .NET CLR 3.0.4506.2152; .NET CLR 3.5.30729; BRI/2)"
32.63.131.213 - - [17/Nov/2017:04:42:00 +0000] "GET /item/games/1697 HTTP/1.1" 200 63 "/search/?c=Giftcards" "Mozilla/5.0 (iPhone; CPU iPhone OS 5_0_1 like Mac OS X) AppleWebKit/534.46 (KHTML, like Gecko) Version/5.1 Mobile/9A405 Safari/7534.48.3"
208.117.69.117 - - [17/Nov/2017:04:42:05 +0000] "GET /item/software/2036 HTTP/1.1" 200 55 "-" "Mozilla/5.0 (Windows NT 6.1; WOW64) AppleWebKit/535.7 (KHTML, like Gecko) Chrome/16.0.912.77 Safari/535.7"
196.36.158.223 - - [17/Nov/2017:04:42:10 +0000] "GET /category/health HTTP/1.1" 200 59 "/item/toys/3509" "Mozilla/5.0 (iPad; CPU OS 5_0_1 like Mac OS X) AppleWebKit/534.46 (KHTML, like Gecko) Version/5.1 Mobile/9A405 Safari/7534.48.3"
52.159.188.199 - - [17/Nov/2017:04:42:15 +0000] "GET /category/electronics HTTP/1.1" 200 107 "/item/electronics/2972" "Mozilla/4.0 (compatible; MSIE 8.0; Windows NT 6.1; Trident/4.0; YTB730; SLCC2; .NET CLR 2.0.50727; .NET CLR 3.5.30729; .NET CLR 3.0.30729; Media Center PC 6.0; .NET4.0C)"
148.27.172.38 - - [17/Nov/2017:04:42:20 +0000] "GET /category/office HTTP/1.1" 200 132 "/item/health/1862" "Mozilla/5.0 (compatible; MSIE 9.0; Windows NT 6.1; WOW64; Trident/5.0)"
160.222.46.45 - - [17/Nov/2017:04:42:25 +0000] "GET /category/software HTTP/1.1" 200 130 "-" "Mozilla/4.0 (compatible; MSIE 8.0; Windows NT 5.1; Trident/4.0; YTB720; GTB7.2; .NET CLR 1.1.4322; .NET CLR 2.0.50727; .NET CLR 3.0.4506.2152; .NET CLR 3.5.30729)"
96.75.214.176 - - [17/Nov/2017:04:42:30 +0000] "GET /category/office HTTP/1.1" 200 139 "/item/electronics/2104" "Mozilla/5.0 (compatible; Googlebot/2.1; +http://www.google.com/bot.html)"
92.225.46.39 - - [17/Nov/2017:04:42:35 +0000] "GET /item/finance/1207 HTTP/1.1" 200 57 "/category/cameras" "Mozilla/5.0 (Windows NT 6.1; WOW64) AppleWebKit/535.7 (KHTML, like Gecko) Chrome/16.0.912.77 Safari/535.7"
212.93.61.84 - - [17/Nov/2017:04:42:40 +0000] "GET /category/electronics?from=0 HTTP/1.1" 200 101 "-" "Mozilla/5.0 (compatible; MSIE 9.0; Windows NT 6.1; Trident/5.0)"
200.186.57.64 - - [17/Nov/2017:04:42:45 +0000] "GET /category/electronics HTTP/1.1" 200 67 "-" "Mozilla/5.0 (iPhone; CPU iPhone OS 5_0_1 like Mac OS X) AppleWebKit/534.46 (KHTML, like Gecko) Version/5.1 Mobile/9A405 Safari/7534.48.3"
52.147.207.228 - - [17/Nov/2017:04:42:50 +0000] "GET /category/health HTTP/1.1" 200 104 "/category/games" "Mozilla/5.0 (compatible; MSIE 9.0; Windows NT 6.1; WOW64; Trident/5.0)"
216.144.153.181 - - [17/Nov/2017:04:42:55 +0000] "GET /item/electronics/2670 HTTP/1.1" 200 51 "/item/software/1046" "Mozilla/5.0 (compatible; Googlebot/2.1; +http://www.google.com/bot.html)"
84.72.133.74 - - [17/Nov/2017:04:43:00 +0000] "GET /category/games HTTP/1.1" 200 78 "/category/software" "Mozilla/5.0 (Windows NT 6.0) AppleWebKit/535.11 (KHTML, like Gecko) Chrome/17.0.963.56 Safari/535.11"
176.180.122.216 - - [17/Nov/2017:04:43:05 +0000] "GET /item/games/3164 HTTP/1.1" 200 49 "/search/?c=Finance" "Mozilla/5.0 (compatible; MSIE 9.0; Windows NT 6.1; WOW64; Trident/5.0)"
28.207.155.107 - - [17/Nov/2017:04:43:10 +0000] "GET /item/office/1867 HTTP/1.1" 200 83 "http://www.google.com/search?ie=UTF-8&q=google&sclient=psy-ab&q=Office+Office&oq=Office+Office&aq=f&aqi=g-vL1&aql=&pbx=1&bav=on.2,or.r_gc.r_pw.r_qf.,cf.osb&biw=2257&bih=376" "Mozilla/5.0 (Windows NT 6.0) AppleWebKit/535.11 (KHTML, like Gecko) Chrome/17.0.963.56 Safari/535.11"
116.72.59.134 - - [17/Nov/2017:04:43:15 +0000] "GET /category/health?from=0 HTTP/1.1" 200 81 "/search/?c=Health+Software" "Mozilla/5.0 (Windows NT 6.1; WOW64; rv:10.0.1) Gecko/20100101 Firefox/10.0.1"
56.102.229.220 - - [17/Nov/2017:04:43:20 +0000] "GET /category/networking?from=10 HTTP/1.1" 200 59 "-" "Mozilla/5.0 (Windows NT 6.1; WOW64) AppleWebKit/535.11 (KHTML, like Gecko) Chrome/17.0.963.56 Safari/535.11"
48.183.212.212 - - [17/Nov/2017:04:43:25 +0000] "POST /search/?c=Sports+Giftcards HTTP/1.1" 200 117 "-" "Mozilla/5.0 (Windows NT 6.0) AppleWebKit/535.11 (KHTML, like Gecko) Chrome/17.0.963.56 Safari/535.11"
200.138.201.118 - - [17/Nov/2017:04:43:30 +0000] "GET /category/electronics HTTP/1.1" 200 79 "-" "Mozilla/5.0 (Windows NT 6.0; rv:10.0.1) Gecko/20100101 Firefox/10.0.1"
80.114.224.190 - - [17/Nov/2017:04:43:35 +0000] "POST /search/?c=Office+Office HTTP/1.1" 200 86 "/category/toys" "Mozilla/5.0 (Windows NT 6.0) AppleWebKit/535.11 (KHTML, like Gecko) Chrome/17.0.963.56 Safari/535.11"
196.102.21.104 - - [17/Nov/2017:04:43:40 +0000] "GET /item/electronics/4642 HTTP/1.1" 200 65 "/item/computers/1943" "Mozilla/5.0 (Windows NT 6.0) AppleWebKit/535.11 (KHTML, like Gecko) Chrome/17.0.963.56 Safari/535.11"
56.24.223.76 - - [17/Nov/2017:04:43:45 +0000] "GET /category/books HTTP/1.1" 200 83 "-" "Mozilla/4.0 (compatible; MSIE 8.0; Windows NT 6.1; Trident/4.0; YTB730; SLCC2; .NET CLR 2.0.50727; .NET CLR 3.5.30729; .NET CLR 3.0.30729; Media Center PC 6.0; .NET4.0C)"
144.165.175.190 - - [17/Nov/2017:04:43:50 +0000] "GET /item/electronics/1089 HTTP/1.1" 200 54 "-" "Mozilla/5.0 (Macintosh; Intel Mac OS X 10.6; rv:9.0.1) Gecko/20100101 Firefox/9.0.1"
188.24.181.91 - - [17/Nov/2017:04:43:55 +0000] "GET /category/office HTTP/1.1" 200 118 "-" "Mozilla/5.0 (Windows NT 6.1; WOW64) AppleWebKit/535.7 (KHTML, like Gecko) Chrome/16.0.912.77 Safari/535.7"
36.75.71.169 - - [17/Nov/2017:04:44:00 +0000] "GET /category/electronics HTTP/1.1" 200 83 "/category/games" "Mozilla/5.0 (Windows NT 6.0; rv:10.0.1) Gecko/20100101 Firefox/10.0.1"
92.72.135.226 - - [17/Nov/2017:04:44:05 +0000] "GET /category/software HTTP/1.1" 200 99 "-" "Mozilla/5.0 (Windows NT 6.0; rv:10.0.1) Gecko/20100101 Firefox/10.0.1"
100.174.103.32 - - [17/Nov/2017:04:44:10 +0000] "POST /search/?c=Books+Finance HTTP/1.1" 200 93 "/category/garden?from=0" "Mozilla/4.0 (compatible; MSIE 8.0; Windows NT 6.1; WOW64; Trident/4.0; GTB7.2; SLCC2; .NET CLR 2.0.50727; .NET CLR 3.5.30729; .NET CLR 3.0.30729; Media Center PC 6.0; .NET4.0C)"
176.186.192.119 - - [17/Nov/2017:04:44:15 +0000] "GET /item/health/2887 HTTP/1.1" 200 65 "http://www.google.com/search?ie=UTF-8&q=google&sclient=psy-ab&q=Health&oq=Health&aq=f&aqi=g-vL1&aql=&pbx=1&bav=on.2,or.r_gc.r_pw.r_qf.,cf.osb&biw=4525&bih=507" "Mozilla/5.0 (Windows NT 6.0; rv:10.0.1) Gecko/20100101 Firefox/10.0.1"
140.63.80.89 - - [17/Nov/2017:04:44:20 +0000] "GET /item/networking/3236 HTTP/1.1" 200 109 "-" "Mozilla/5.0 (Windows NT 6.1; WOW64) AppleWebKit/535.7 (KHTML, like Gecko) Chrome/16.0.912.77 Safari/535.7"
160.213.73.172 - - [17/Nov/2017:04:44:25 +0000] "GET /category/jewelry HTTP/1.1" 200 116 "-" "Mozilla/5.0 (compatible; MSIE 9.0; Windows NT 6.1; WOW64; Trident/5.0)"
76.225.209.116 - - [17/Nov/2017:04:44:30 +0000] "GET /item/computers/1272 HTTP/1.1" 200 98 "/item/software/3961" "Mozilla/4.0 (compatible; MSIE 8.0; Windows NT 6.1; WOW64; Trident/4.0; YTB730; GTB7.2; SLCC2; .NET CLR 2.0.50727; .NET CLR 3.5.30729; .NET CLR 3.0.30729; .NET4.0C; .NET4.0E; Media Center PC 6.0)"
148.84.100.197 - - [17/Nov/2017:04:44:35 +0000] "GET /category/office HTTP/1.1" 200 139 "/category/electronics" "Mozilla/5.0 (compatible; MSIE 9.0; Windows NT 6.1; WOW64; Trident/5.0)"
108.84.228.94 - - [17/Nov/2017:04:44:40 +0000] "GET /item/toys/67 HTTP/1.1" 200 117 "/item/electronics/1042" "Mozilla/5.0 (Windows NT 6.1; WOW64) AppleWebKit/535.11 (KHTML, like Gecko) Chrome/17.0.963.56 Safari/535.11"
108.144.39.52 - - [17/Nov/2017:04:44:45 +0000] "POST /search/?c=Software+Garden HTTP/1.1" 200 98 "-" "Mozilla/4.0 (compatible; MSIE 8.0; Windows NT 5.1; Trident/4.0; YTB720; GTB7.2; .NET CLR 1.1.4322; .NET CLR 2.0.50727; .NET CLR 3.0.4506.2152; .NET CLR 3.5.30729)"
48.222.150.132 - - [17/Nov/2017:04:44:50 +0000] "GET /item/electronics/2128 HTTP/1.1" 200 128 "-" "Mozilla/4.0 (compatible; MSIE 8.0; Windows NT 5.1; Trident/4.0; YTB720; GTB7.2; .NET CLR 1.1.4322; .NET CLR 2.0.50727; .NET CLR 3.0.4506.2152; .NET CLR 3.5.30729)"
60.186.25.54 - - [17/Nov/2017:04:44:55 +0000] "GET /category/games HTTP/1.1" 200 77 "/category/books" "Mozilla/4.0 (compatible; MSIE 8.0; Windows NT 5.1; Trident/4.0; YTB720; GTB7.2; .NET CLR 1.1.4322; .NET CLR 2.0.50727; .NET CLR 3.0.4506.2152; .NET CLR 3.5.30729)"
120.129.24.195 - - [17/Nov/2017:04:45:00 +0000] "POST /search/?c=Electronics HTTP/1.1" 200 73 "/category/office" "Mozilla/5.0 (Windows NT 6.0; rv:10.0.1) Gecko/20100101 Firefox/10.0.1"
120.171.185.176 - - [17/Nov/2017:04:45:05 +0000] "GET /category/finance HTTP/1.1" 200 71 "/category/software" "Mozilla/5.0 (Windows NT 6.0; rv:10.0.1) Gecko/20100101 Firefox/10.0.1"
188.36.41.47 - - [17/Nov/2017:04:45:10 +0000] "GET /category/games HTTP/1.1" 200 138 "-" "Mozilla/5.0 (iPad; CPU OS 5_0_1 like Mac OS X) AppleWebKit/534.46 (KHTML, like Gecko) Version/5.1 Mobile/9A405 Safari/7534.48.3"
96.150.113.225 - - [17/Nov/2017:04:45:15 +0000] "GET /item/books/4078 HTTP/1.1" 200 74 "/category/books" "Mozilla/5.0 (Windows NT 6.0) AppleWebKit/535.11 (KHTML, like Gecko) Chrome/17.0.963.56 Safari/535.11"
32.105.122.34 - - [17/Nov/2017:04:45:20 +0000] "GET /category/sports HTTP/1.1" 200 59 "/item/software/1527" "Mozilla/5.0 (Windows NT 6.0; rv:10.0.1) Gecko/20100101 Firefox/10.0.1"
140.183.67.108 - - [17/Nov/2017:04:45:25 +0000] "GET /category/games HTTP/1.1" 200 87 "-" "Mozilla/5.0 (iPad; CPU OS 5_0_1 like Mac OS X) AppleWebKit/534.46 (KHTML, like Gecko) Version/5.1 Mobile/9A405 Safari/7534.48.3"
132.132.109.164 - - [17/Nov/2017:04:45:30 +0000] "GET /item/health/2423 HTTP/1.1" 200 131 "/category/software" "Mozilla/5.0 (Windows NT 6.1; WOW64) AppleWebKit/535.11 (KHTML, like Gecko) Chrome/17.0.963.56 Safari/535.11"
140.63.80.89 - - [17/Nov/2017:04:45:35 +0000] "GET /category/games?from=20 HTTP/1.1" 200 119 "/category/books" "Mozilla/5.0 (iPad; CPU OS 5_0_1 like Mac OS X) AppleWebKit/534.46 (KHTML, like Gecko) Version/5.1 Mobile/9A405 Safari/7534.48.3"
192.168.214.196 - - [17/Nov/2017:04:45:40 +0000] "GET /category/electronics HTTP/1.1" 200 86 "-" "Mozilla/4.0 (compatible; MSIE 8.0; Windows NT 6.1; Trident/4.0; YTB730; SLCC2; .NET CLR 2.0.50727; .NET CLR 3.5.30729; .NET CLR 3.0.30729; Media Center PC 6.0; .NET4.0C)"
212.189.191.81 - - [17/Nov/2017:04:45:45 +0000] "POST /search/?c=Electronics+Toys HTTP/1.1" 200 128 "-" "Mozilla/5.0 (Macintosh; Intel Mac OS X 10.6; rv:9.0.1) Gecko/20100101 Firefox/9.0.1"
52.54.64.167 - - [17/Nov/2017:04:45:50 +0000] "GET /item/jewelry/2593 HTTP/1.1" 200 118 "/category/jewelry" "Mozilla/5.0 (Macintosh; Intel Mac OS X 10.6; rv:9.0.1) Gecko/20100101 Firefox/9.0.1"
180.150.61.142 - - [17/Nov/2017:04:45:55 +0000] "GET /category/electronics HTTP/1.1" 200 137 "/item/books/3757" "Mozilla/4.0 (compatible; MSIE 8.0; Windows NT 6.1; WOW64; Trident/4.0; GTB7.2; SLCC2; .NET CLR 2.0.50727; .NET CLR 3.5.30729; .NET CLR 3.0.30729; Media Center PC 6.0; .NET4.0C)"
168.27.211.221 - - [17/Nov/2017:04:46:00 +0000] "GET /category/software HTTP/1.1" 200 89 "/item/games/2751" "Mozilla/5.0 (Windows NT 6.0) AppleWebKit/535.11 (KHTML, like Gecko) Chrome/17.0.963.56 Safari/535.11"
52.39.67.99 - - [17/Nov/2017:04:46:05 +0000] "POST /search/?c=Computers+Electronics HTTP/1.1" 200 44 "-" "Mozilla/5.0 (Windows NT 6.1; WOW64) AppleWebKit/535.7 (KHTML, like Gecko) Chrome/16.0.912.77 Safari/535.7"
132.171.86.44 - - [17/Nov/2017:04:46:10 +0000] "GET /item/garden/2199 HTTP/1.1" 200 74 "-" "Mozilla/5.0 (iPad; CPU OS 5_0_1 like Mac OS X) AppleWebKit/534.46 (KHTML, like Gecko) Version/5.1 Mobile/9A405 Safari/7534.48.3"
196.225.171.61 - - [17/Nov/2017:04:46:15 +0000] "POST /search/?c=Electronics HTTP/1.1" 200 69 "/item/electronics/3314" "Mozilla/5.0 (compatible; MSIE 9.0; Windows NT 6.1; Trident/5.0)"
96.225.24.124 - - [17/Nov/2017:04:46:20 +0000] "GET /category/software HTTP/1.1" 200 121 "/category/office" "Mozilla/5.0 (Windows NT 6.1; WOW64) AppleWebKit/535.11 (KHTML, like Gecko) Chrome/17.0.963.56 Safari/535.11"
224.171.144.182 - - [17/Nov/2017:04:46:25 +0000] "POST /search/?c=Games HTTP/1.1" 200 73 "-" "Mozilla/5.0 (Windows NT 6.0; rv:10.0.1) Gecko/20100101 Firefox/10.0.1"
152.45.113.47 - - [17/Nov/2017:04:46:30 +0000] "GET /item/electronics/2104 HTTP/1.1" 200 59 "/category/giftcards?from=0" "Mozilla/5.0 (Windows NT 6.1; WOW64) AppleWebKit/535.7 (KHTML, like Gecko) Chrome/16.0.912.77 Safari/535.7"
36.156.149.92 - - [17/Nov/2017:04:46:35 +0000] "GET /item/books/3336 HTTP/1.1" 200 88 "-" "Mozilla/5.0 (Windows NT 6.0) AppleWebKit/535.11 (KHTML, like Gecko) Chrome/17.0.963.56 Safari/535.11"
176.63.110.119 - - [17/Nov/2017:04:46:40 +0000] "POST /search/?c=Garden HTTP/1.1" 200 120 "-" "Mozilla/4.0 (compatible; MSIE 8.0; Windows NT 5.1; Trident/4.0; YTB720; GTB7.2; .NET CLR 1.1.4322; .NET CLR 2.0.50727; .NET CLR 3.0.4506.2152; .NET CLR 3.5.30729)"
116.219.67.62 - - [17/Nov/2017:04:46:45 +0000] "GET /category/finance HTTP/1.1" 200 125 "/item/books/1869" "Mozilla/5.0 (Windows NT 6.0; rv:10.0.1) Gecko/20100101 Firefox/10.0.1"
84.30.118.31 - - [17/Nov/2017:04:46:50 +0000] "GET /category/electronics HTTP/1.1" 200 118 "-" "Mozilla/5.0 (Macintosh; Intel Mac OS X 10.6; rv:9.0.1) Gecko/20100101 Firefox/9.0.1"
184.144.144.34 - - [17/Nov/2017:04:46:55 +0000] "GET /item/electronics/1089 HTTP/1.1" 200 54 "/category/jewelry" "Mozilla/5.0 (Windows NT 6.0) AppleWebKit/535.11 (KHTML, like Gecko) Chrome/17.0.963.56 Safari/535.11"
136.126.144.37 - - [17/Nov/2017:04:47:00 +0000] "GET /item/electronics/2792 HTTP/1.1" 200 114 "http://www.google.com/search?ie=UTF-8&q=google&sclient=psy-ab&q=Electronics+Networking&oq=Electronics+Networking&aq=f&aqi=g-vL1&aql=&pbx=1&bav=on.2,or.r_gc.r_pw.r_qf.,cf.osb&biw=3524&bih=298" "Mozilla/4.0 (compatible; MSIE 8.0; Windows NT 6.1; WOW64; Trident/4.0; GTB7.2; SLCC2; .NET CLR 2.0.50727; .NET CLR 3.5.30729; .NET CLR 3.0.30729; Media Center PC 6.0; .NET4.0C)"
28.45.145.192 - - [17/Nov/2017:04:47:05 +0000] "GET /category/software HTTP/1.1" 200 79 "-" "Mozilla/5.0 (Macintosh; Intel Mac OS X 10.6; rv:9.0.1) Gecko/20100101 Firefox/9.0.1"
156.159.223.147 - - [17/Nov/2017:04:47:10 +0000] "GET /item/finance/4100 HTTP/1.1" 200 84 "/item/games/4108" "Mozilla/4.0 (compatible; MSIE 8.0; Windows NT 6.1; Trident/4.0; YTB730; SLCC2; .NET CLR 2.0.50727; .NET CLR 3.5.30729; .NET CLR 3.0.30729; Media Center PC 6.0; .NET4.0C)"
120.63.173.157 - - [17/Nov/2017:04:47:15 +0000] "POST /search/?c=Computers HTTP/1.1" 200 41 "/item/electronics/3036" "Mozilla/5.0 (iPad; CPU OS 5_0_1 like Mac OS X) AppleWebKit/534.46 (KHTML, like Gecko) Version/5.1 Mobile/9A405 Safari/7534.48.3"
152.45.194.229 - - [17/Nov/2017:04:47:20 +0000] "GET /item/cameras/2523 HTTP/1.1" 200 66 "/search/?c=Software" "Mozilla/5.0 (Windows NT 6.1; WOW64) AppleWebKit/535.7 (KHTML, like Gecko) Chrome/16.0.912.77 Safari/535.7"
28.105.55.188 - - [17/Nov/2017:04:47:25 +0000] "GET /item/jewelry/3466 HTTP/1.1" 200 130 "/category/computers" "Mozilla/4.0 (compatible; MSIE 8.0; Windows NT 6.1; WOW64; Trident/4.0; YTB730; GTB7.2; SLCC2; .NET CLR 2.0.50727; .NET CLR 3.5.30729; .NET CLR 3.0.30729; .NET4.0C; .NET4.0E; Media Center PC 6.0)"
152.87.163.219 - - [17/Nov/2017:04:47:30 +0000] "GET /item/electronics/3972 HTTP/1.1" 200 114 "/category/sports" "Mozilla/5.0 (Windows NT 6.1; WOW64; rv:10.0.1) Gecko/20100101 Firefox/10.0.1"
104.210.132.59 - - [17/Nov/2017:04:47:35 +0000] "POST /search/?c=Books+Networking HTTP/1.1" 200 82 "/category/garden" "Mozilla/5.0 (compatible; Googlebot/2.1; +http://www.google.com/bot.html)"
128.90.218.42 - - [17/Nov/2017:04:47:40 +0000] "GET /item/electronics/1628 HTTP/1.1" 200 139 "-" "Mozilla/5.0 (compatible; Googlebot/2.1; +http://www.google.com/bot.html)"
152.39.30.145 - - [17/Nov/2017:04:47:45 +0000] "GET /item/software/1768 HTTP/1.1" 200 96 "-" "Mozilla/5.0 (Macintosh; Intel Mac OS X 10.6; rv:9.0.1) Gecko/20100101 Firefox/9.0.1"
36.222.81.121 - - [17/Nov/2017:04:47:50 +0000] "GET /category/computers HTTP/1.1" 200 101 "/category/networking" "Mozilla/5.0 (compatible; Googlebot/2.1; +http://www.google.com/bot.html)"
164.27.150.182 - - [17/Nov/2017:04:47:55 +0000] "GET /category/software HTTP/1.1" 200 71 "/item/garden/957" "Mozilla/5.0 (compatible; Googlebot/2.1; +http://www.google.com/bot.html)"
84.162.134.68 - - [17/Nov/2017:04:48:00 +0000] "GET /item/electronics/3545 HTTP/1.1" 200 133 "/category/electronics" "Mozilla/5.0 (compatible; MSIE 9.0; Windows NT 6.1; WOW64; Trident/5.0)"
36.198.198.61 - - [17/Nov/2017:04:48:05 +0000] "GET /item/books/3101 HTTP/1.1" 200 61 "/category/office" "Mozilla/5.0 (Windows NT 6.0; rv:10.0.1) Gecko/20100101 Firefox/10.0.1"
40.63.61.211 - - [17/Nov/2017:04:48:10 +0000] "GET /category/software HTTP/1.1" 200 93 "/item/books/515" "Mozilla/4.0 (compatible; MSIE 8.0; Windows NT 5.1; Trident/4.0; YTB720; GTB7.2; .NET CLR 1.1.4322; .NET CLR 2.0.50727; .NET CLR 3.0.4506.2152; .NET CLR 3.5.30729)"
64.219.70.102 - - [17/Nov/2017:04:48:15 +0000] "GET /item/music/2048 HTTP/1.1" 200 56 "-" "Mozilla/5.0 (Macintosh; Intel Mac OS X 10.6; rv:9.0.1) Gecko/20100101 Firefox/9.0.1"
60.117.58.163 - - [17/Nov/2017:04:48:20 +0000] "GET /item/electronics/1876 HTTP/1.1" 200 54 "/item/giftcards/905" "Mozilla/5.0 (compatible; MSIE 9.0; Windows NT 6.1; Trident/5.0)"
148.102.155.163 - - [17/Nov/2017:04:48:25 +0000] "GET /item/books/1785 HTTP/1.1" 200 80 "-" "Mozilla/4.0 (compatible; MSIE 8.0; Windows NT 6.1; WOW64; Trident/4.0; YTB730; GTB7.2; EasyBits GO v1.0; SLCC2; .NET CLR 2.0.50727; .NET CLR 3.5.30729; .NET CLR 3.0.30729; Media Center PC 6.0; .NET4.0C)"
40.111.117.84 - - [17/Nov/2017:04:48:30 +0000] "GET /category/health HTTP/1.1" 200 82 "/category/electronics" "Mozilla/5.0 (Windows NT 6.0; rv:10.0.1) Gecko/20100101 Firefox/10.0.1"
188.54.62.28 - - [17/Nov/2017:04:48:35 +0000] "GET /category/software HTTP/1.1" 200 119 "-" "Mozilla/5.0 (compatible; MSIE 9.0; Windows NT 6.1; Trident/5.0)"
112.57.196.125 - - [17/Nov/2017:04:48:40 +0000] "GET /category/electronics HTTP/1.1" 200 83 "-" "Mozilla/5.0 (Windows NT 6.1; WOW64) AppleWebKit/535.7 (KHTML, like Gecko) Chrome/16.0.912.77 Safari/535.7"
44.198.209.156 - - [17/Nov/2017:04:48:45 +0000] "GET /category/office HTTP/1.1" 200 132 "-" "Mozilla/4.0 (compatible; MSIE 8.0; Windows NT 6.1; Trident/4.0; YTB730; SLCC2; .NET CLR 2.0.50727; .NET CLR 3.5.30729; .NET CLR 3.0.30729; Media Center PC 6.0; .NET4.0C)"
44.60.152.105 - - [17/Nov/2017:04:48:50 +0000] "GET /category/health HTTP/1.1" 200 82 "/category/computers" "Mozilla/4.0 (compatible; MSIE 8.0; Windows NT 6.1; Trident/4.0; YTB730; SLCC2; .NET CLR 2.0.50727; .NET CLR 3.5.30729; .NET CLR 3.0.30729; Media Center PC 6.0; .NET4.0C)"
32.162.92.58 - - [17/Nov/2017:04:48:55 +0000] "GET /category/software HTTP/1.1" 200 110 "-" "Mozilla/5.0 (Windows NT 6.1; WOW64) AppleWebKit/535.7 (KHTML, like Gecko) Chrome/16.0.912.77 Safari/535.7"
164.87.165.83 - - [17/Nov/2017:04:49:00 +0000] "POST /search/?c=Finance+Books HTTP/1.1" 200 54 "/item/cameras/1442" "Mozilla/5.0 (Windows NT 6.0) AppleWebKit/535.11 (KHTML, like Gecko) Chrome/17.0.963.56 Safari/535.11"
108.78.41.69 - - [17/Nov/2017:04:49:05 +0000] "GET /category/networking HTTP/1.1" 200 82 "/item/electronics/4339" "Mozilla/5.0 (compatible; MSIE 9.0; Windows NT 6.1; WOW64; Trident/5.0)"
64.108.210.186 - - [17/Nov/2017:04:49:10 +0000] "GET /item/jewelry/1981 HTTP/1.1" 200 89 "-" "Mozilla/4.0 (compatible; MSIE 8.0; Windows NT 5.1; Trident/4.0; YTB720; GTB7.2; .NET CLR 1.1.4322; .NET CLR 2.0.50727; .NET CLR 3.0.4506.2152; .NET CLR 3.5.30729)"
152.87.67.123 - - [17/Nov/2017:04:49:15 +0000] "GET /item/sports/2911 HTTP/1.1" 200 130 "/item/electronics/2101" "Mozilla/5.0 (Windows NT 6.1; WOW64) AppleWebKit/535.7 (KHTML, like Gecko) Chrome/16.0.912.77 Safari/535.7"
180.225.166.107 - - [17/Nov/2017:04:49:20 +0000] "GET /category/finance HTTP/1.1" 200 136 "http://www.google.com/search?ie=UTF-8&q=google&sclient=psy-ab&q=Finance+Toys&oq=Finance+Toys&aq=f&aqi=g-vL1&aql=&pbx=1&bav=on.2,or.r_gc.r_pw.r_qf.,cf.osb&biw=1208&bih=163" "Mozilla/5.0 (Windows NT 6.0) AppleWebKit/535.11 (KHTML, like Gecko) Chrome/17.0.963.56 Safari/535.11"
172.45.84.183 - - [17/Nov/2017:04:49:25 +0000] "GET /category/office HTTP/1.1" 200 135 "-" "Mozilla/4.0 (compatible; MSIE 8.0; Windows NT 5.1; Trident/4.0; BTRS122159; GTB7.2; .NET CLR 1.1.4322; .NET CLR 2.0.50727; .NET CLR 3.0.04506.30; .NET CLR 3.0.4506.2152; .NET CLR 3.5.30729; BRI/2)"
136.129.115.173 - - [17/Nov/2017:04:49:30 +0000] "GET /category/computers?from=0 HTTP/1.1" 200 40 "/item/cameras/1442" "Mozilla/5.0 (Windows NT 6.0; rv:10.0.1) Gecko/20100101 Firefox/10.0.1"
136.225.199.202 - - [17/Nov/2017:04:49:35 +0000] "GET /item/jewelry/428 HTTP/1.1" 200 53 "/category/office" "Mozilla/5.0 (compatible; MSIE 9.0; Windows NT 6.1; Trident/5.0)"
192.21.211.81 - - [17/Nov/2017:04:49:40 +0000] "GET /category/giftcards HTTP/1.1" 200 55 "/category/sports" "Mozilla/5.0 (compatible; MSIE 9.0; Windows NT 6.1; Trident/5.0)"
84.216.173.176 - - [17/Nov/2017:04:49:45 +0000] "POST /search/?c=Office HTTP/1.1" 200 131 "/item/electronics/261" "Mozilla/5.0 (compatible; MSIE 9.0; Windows NT 6.1; Trident/5.0)"
124.99.44.123 - - [17/Nov/2017:04:49:50 +0000] "GET /category/toys HTTP/1.1" 200 40 "/category/electronics?from=20" "Mozilla/5.0 (compatible; MSIE 9.0; Windows NT 6.1; Trident/5.0)"
80.126.81.138 - - [17/Nov/2017:04:49:55 +0000] "GET /category/sports HTTP/1.1" 200 72 "/category/software" "Mozilla/5.0 (Windows NT 6.1; WOW64) AppleWebKit/535.7 (KHTML, like Gecko) Chrome/16.0.912.77 Safari/535.7"
116.60.150.29 - - [17/Nov/2017:04:50:00 +0000] "GET /category/books HTTP/1.1" 200 49 "/item/finance/1207" "Mozilla/4.0 (compatible; MSIE 8.0; Windows NT 5.1; Trident/4.0; YTB720; GTB7.2; .NET CLR 1.1.4322; .NET CLR 2.0.50727; .NET CLR 3.0.4506.2152; .NET CLR 3.5.30729)"
36.75.71.169 - - [17/Nov/2017:04:50:05 +0000] "GET /category/finance HTTP/1.1" 200 136 "/item/software/2711" "Mozilla/5.0 (Windows NT 6.0; rv:10.0.1) Gecko/20100101 Firefox/10.0.1"
176.27.101.193 - - [17/Nov/2017:04:50:10 +0000] "GET /category/books HTTP/1.1" 200 57 "-" "Mozilla/5.0 (Windows NT 6.1; WOW64) AppleWebKit/535.7 (KHTML, like Gecko) Chrome/16.0.912.77 Safari/535.7"
96.153.159.129 - - [17/Nov/2017:04:50:15 +0000] "GET /category/games HTTP/1.1" 200 99 "/category/garden?from=0" "Mozilla/4.0 (compatible; MSIE 8.0; Windows NT 5.1; Trident/4.0; YTB720; GTB7.2; .NET CLR 1.1.4322; .NET CLR 2.0.50727; .NET CLR 3.0.4506.2152; .NET CLR 3.5.30729)"
124.48.209.187 - - [17/Nov/2017:04:50:20 +0000] "GET /category/sports HTTP/1.1" 200 72 "/item/giftcards/905" "Mozilla/4.0 (compatible; MSIE 8.0; Windows NT 5.1; Trident/4.0; YTB720; GTB7.2; .NET CLR 1.1.4322; .NET CLR 2.0.50727; .NET CLR 3.0.4506.2152; .NET CLR 3.5.30729)"
20.27.98.157 - - [17/Nov/2017:04:50:25 +0000] "GET /item/electronics/1309 HTTP/1.1" 200 133 "/category/games" "Mozilla/5.0 (Windows NT 5.1) AppleWebKit/535.11 (KHTML, like Gecko) Chrome/17.0.963.46 Safari/535.11"
80.123.121.100 - - [17/Nov/2017:04:50:30 +0000] "POST /search/?c=Garden HTTP/1.1" 200 114 "/category/jewelry" "Mozilla/5.0 (Windows NT 6.0; rv:10.0.1) Gecko/20100101 Firefox/10.0.1"
172.225.223.37 - - [17/Nov/2017:04:50:35 +0000] "GET /category/games HTTP/1.1" 200 121 "-" "Mozilla/4.0 (compatible; MSIE 8.0; Windows NT 6.1; WOW64; Trident/4.0; YTB730; GTB7.2; SLCC2; .NET CLR 2.0.50727; .NET CLR 3.5.30729; .NET CLR 3.0.30729; .NET4.0C; .NET4.0E; Media Center PC 6.0)"
28.156.128.90 - - [17/Nov/2017:04:50:40 +0000] "GET /item/toys/1044 HTTP/1.1" 200 40 "/item/jewelry/3466" "Mozilla/4.0 (compatible; MSIE 8.0; Windows NT 5.1; Trident/4.0; YTB720; GTB7.2; .NET CLR 1.1.4322; .NET CLR 2.0.50727; .NET CLR 3.0.4506.2152; .NET CLR 3.5.30729)"
132.135.20.22 - - [17/Nov/2017:04:50:45 +0000] "GET /category/sports?from=20 HTTP/1.1" 200 98 "-" "Mozilla/5.0 (Windows NT 5.1) AppleWebKit/535.11 (KHTML, like Gecko) Chrome/17.0.963.46 Safari/535.11"
180.69.110.215 - - [17/Nov/2017:04:50:50 +0000] "GET /category/software HTTP/1.1" 200 98 "/category/finance" "Mozilla/5.0 (Windows NT 6.1; WOW64) AppleWebKit/535.11 (KHTML, like Gecko) Chrome/17.0.963.56 Safari/535.11"
148.84.138.22 - - [17/Nov/2017:04:50:55 +0000] "GET /category/software?from=0 HTTP/1.1" 200 66 "/category/office" "Mozilla/4.0 (compatible; MSIE 8.0; Windows NT 5.1; Trident/4.0; YTB720; GTB7.2; .NET CLR 1.1.4322; .NET CLR 2.0.50727; .NET CLR 3.0.4506.2152; .NET CLR 3.5.30729)"
128.213.146.74 - - [17/Nov/2017:04:51:00 +0000] "GET /item/electronics/4574 HTTP/1.1" 200 98 "/search/?c=Electronics+Garden" "Mozilla/4.0 (compatible; MSIE 8.0; Windows NT 5.1; Trident/4.0; YTB720; GTB7.2; .NET CLR 1.1.4322; .NET CLR 2.0.50727; .NET CLR 3.0.4506.2152; .NET CLR 3.5.30729)"
28.81.112.82 - - [17/Nov/2017:04:51:05 +0000] "GET /item/finance/4100 HTTP/1.1" 200 84 "/category/health" "Mozilla/5.0 (Windows NT 6.1; WOW64) AppleWebKit/535.11 (KHTML, like Gecko) Chrome/17.0.963.56 Safari/535.11"
132.225.76.162 - - [17/Nov/2017:04:51:10 +0000] "GET /category/books HTTP/1.1" 200 106 "-" "Mozilla/5.0 (compatible; MSIE 9.0; Windows NT 6.1; Trident/5.0)"
164.45.62.175 - - [17/Nov/2017:04:51:15 +0000] "GET /category/books HTTP/1.1" 200 117 "-" "Mozilla/5.0 (Windows NT 6.0) AppleWebKit/535.11 (KHTML, like Gecko) Chrome/17.0.963.56 Safari/535.11"
164.195.181.157 - - [17/Nov/2017:04:51:20 +0000] "GET /category/computers HTTP/1.1" 200 101 "http://www.google.com/search?ie=UTF-8&q=google&sclient=psy-ab&q=Computers+Games&oq=Computers+Games&aq=f&aqi=g-vL1&aql=&pbx=1&bav=on.2,or.r_gc.r_pw.r_qf.,cf.osb&biw=1182&bih=189" "Mozilla/5.0 (compatible; MSIE 9.0; Windows NT 6.1; Trident/5.0)"
192.108.192.88 - - [17/Nov/2017:04:51:25 +0000] "GET /category/software HTTP/1.1" 200 68 "/category/health" "Mozilla/5.0 (Macintosh; Intel Mac OS X 10.6; rv:9.0.1) Gecko/20100101 Firefox/9.0.1"
124.99.44.123 - - [17/Nov/2017:04:51:30 +0000] "GET /category/software HTTP/1.1" 200 113 "/category/software" "Mozilla/5.0 (Windows NT 6.1; WOW64) AppleWebKit/535.7 (KHTML, like Gecko) Chrome/16.0.912.77 Safari/535.7"
124.162.24.47 - - [17/Nov/2017:04:51:35 +0000] "GET /category/electronics HTTP/1.1" 200 43 "/category/music?from=10" "Mozilla/5.0 (iPad; CPU OS 5_0_1 like Mac OS X) AppleWebKit/534.46 (KHTML, like Gecko) Version/5.1 Mobile/9A405 Safari/7534.48.3"
48.120.174.143 - - [17/Nov/2017:04:51:40 +0000] "GET /item/software/272 HTTP/1.1" 200 71 "/search/?c=Software" "Mozilla/5.0 (Windows NT 6.0) AppleWebKit/535.11 (KHTML, like Gecko) Chrome/17.0.963.56 Safari/535.11"
144.129.128.24 - - [17/Nov/2017:04:51:45 +0000] "GET /item/electronics/3393 HTTP/1.1" 404 59 "-" "Mozilla/4.0 (compatible; MSIE 8.0; Windows NT 6.1; WOW64; Trident/4.0; YTB730; GTB7.2; SLCC2; .NET CLR 2.0.50727; .NET CLR 3.5.30729; .NET CLR 3.0.30729; .NET4.0C; .NET4.0E; Media Center PC 6.0)"
212.219.108.195 - - [17/Nov/2017:04:51:50 +0000] "GET /category/electronics HTTP/1.1" 200 67 "/category/office" "Mozilla/5.0 (compatible; MSIE 9.0; Windows NT 6.1; Trident/5.0)"
68.192.196.217 - - [17/Nov/2017:04:51:55 +0000] "GET /item/games/3284 HTTP/1.1" 200 120 "-" "Mozilla/5.0 (Windows NT 6.1; WOW64) AppleWebKit/535.11 (KHTML, like Gecko) Chrome/17.0.963.56 Safari/535.11"
156.129.86.124 - - [17/Nov/2017:04:52:00 +0000] "GET /category/giftcards HTTP/1.1" 200 93 "/category/giftcards" "Mozilla/5.0 (Windows NT 6.1; WOW64; rv:10.0.1) Gecko/20100101 Firefox/10.0.1"
120.180.161.107 - - [17/Nov/2017:04:52:05 +0000] "GET /category/cameras HTTP/1.1" 200 48 "http://www.google.com/search?ie=UTF-8&q=google&sclient=psy-ab&q=Cameras&oq=Cameras&aq=f&aqi=g-vL1&aql=&pbx=1&bav=on.2,or.r_gc.r_pw.r_qf.,cf.osb&biw=4206&bih=46" "Mozilla/5.0 (Windows NT 6.1; WOW64) AppleWebKit/535.11 (KHTML, like Gecko) Chrome/17.0.963.56 Safari/535.11"
220.195.117.90 - - [17/Nov/2017:04:52:10 +0000] "GET /item/health/4027 HTTP/1.1" 200 58 "-" "Mozilla/5.0 (Windows NT 6.0; rv:10.0.1) Gecko/20100101 Firefox/10.0.1"
164.207.101.92 - - [17/Nov/2017:04:52:15 +0000] "GET /item/software/1768 HTTP/1.1" 200 96 "/item/music/1232" "Mozilla/5.0 (Windows NT 6.1; WOW64) AppleWebKit/535.7 (KHTML, like Gecko) Chrome/16.0.912.77 Safari/535.7"
164.195.181.157 - - [17/Nov/2017:04:52:20 +0000] "GET /category/books HTTP/1.1" 200 136 "-" "Mozilla/4.0 (compatible; MSIE 8.0; Windows NT 6.0; WOW64; Trident/4.0; GTB6; SLCC1; .NET CLR 2.0.50727; Media Center PC 5.0; .NET CLR 3.5.30729; .NET CLR 3.0.30618; .NET4.0C)"
116.132.223.92 - - [17/Nov/2017:04:52:25 +0000] "GET /category/toys HTTP/1.1" 200 130 "-" "Mozilla/5.0 (Windows NT 6.1; WOW64; rv:10.0.1) Gecko/20100101 Firefox/10.0.1"
28.147.67.42 - - [17/Nov/2017:04:52:30 +0000] "GET /category/software HTTP/1.1" 200 72 "/item/toys/3509" "Mozilla/5.0 (iPhone; CPU iPhone OS 5_0_1 like Mac OS X) AppleWebKit/534.46 (KHTML, like Gecko) Version/5.1 Mobile/9A405 Safari/7534.48.3"
168.27.211.221 - - [17/Nov/2017:04:52:35 +0000] "GET /category/books HTTP/1.1" 200 84 "-" "Mozilla/5.0 (compatible; MSIE 9.0; Windows NT 6.1; Trident/5.0)"
88.228.128.46 - - [17/Nov/2017:04:52:40 +0000] "GET /category/electronics HTTP/1.1" 200 46 "http://www.google.com/search?ie=UTF-8&q=google&sclient=psy-ab&q=Electronics&oq=Electronics&aq=f&aqi=g-vL1&aql=&pbx=1&bav=on.2,or.r_gc.r_pw.r_qf.,cf.osb&biw=917&bih=434" "Mozilla/5.0 (Windows NT 6.0; rv:10.0.1) Gecko/20100101 Firefox/10.0.1"
196.63.209.217 - - [17/Nov/2017:04:52:45 +0000] "GET /item/electronics/2001 HTTP/1.1" 200 90 "-" "Mozilla/5.0 (compatible; MSIE 9.0; Windows NT 6.1; Trident/5.0)"
36.81.83.145 - - [17/Nov/2017:04:52:50 +0000] "GET /category/software HTTP/1.1" 200 109 "/category/games" "Mozilla/5.0 (Windows NT 6.0; rv:10.0.1) Gecko/20100101 Firefox/10.0.1"
116.24.121.47 - - [17/Nov/2017:04:52:55 +0000] "GET /item/software/2711 HTTP/1.1" 200 89 "/category/software" "Mozilla/5.0 (Windows NT 6.1; WOW64) AppleWebKit/535.11 (KHTML, like Gecko) Chrome/17.0.963.56 Safari/535.11"
100.135.99.62 - - [17/Nov/2017:04:53:00 +0000] "GET /category/electronics HTTP/1.1" 200 97 "-" "Mozilla/5.0 (Windows NT 6.1; WOW64) AppleWebKit/535.11 (KHTML, like Gecko) Chrome/17.0.963.56 Safari/535.11"
100.168.183.82 - - [17/Nov/2017:04:53:05 +0000] "GET /category/electronics HTTP/1.1" 200 61 "-" "Mozilla/5.0 (Windows NT 6.0; rv:10.0.1) Gecko/20100101 Firefox/10.0.1"
212.168.228.88 - - [17/Nov/2017:04:53:10 +0000] "GET /category/electronics HTTP/1.1" 200 78 "-" "Mozilla/4.0 (compatible; MSIE 8.0; Windows NT 6.0; WOW64; Trident/4.0; GTB6; SLCC1; .NET CLR 2.0.50727; Media Center PC 5.0; .NET CLR 3.5.30729; .NET CLR 3.0.30618; .NET4.0C)"
224.195.180.118 - - [17/Nov/2017:04:53:15 +0000] "GET /category/software HTTP/1.1" 200 81 "/search/?c=Books+Jewelry" "Mozilla/5.0 (Windows NT 6.1; WOW64) AppleWebKit/535.7 (KHTML, like Gecko) Chrome/16.0.912.77 Safari/535.7"
140.120.215.134 - - [17/Nov/2017:04:53:20 +0000] "GET /item/games/3390 HTTP/1.1" 200 42 "/category/software" "Mozilla/5.0 (Windows NT 6.1; WOW64) AppleWebKit/535.7 (KHTML, like Gecko) Chrome/16.0.912.77 Safari/535.7"
96.183.135.66 - - [17/Nov/2017:04:53:25 +0000] "GET /category/books HTTP/1.1" 200 122 "/category/music?from=10" "Mozilla/5.0 (Windows NT 6.1; WOW64) AppleWebKit/535.7 (KHTML, like Gecko) Chrome/16.0.912.77 Safari/535.7"
224.87.180.175 - - [17/Nov/2017:04:53:30 +0000] "GET /category/cameras HTTP/1.1" 200 127 "/category/software" "Mozilla/5.0 (Windows NT 6.1; WOW64) AppleWebKit/535.11 (KHTML, like Gecko) Chrome/17.0.963.56 Safari/535.11"
196.57.135.222 - - [17/Nov/2017:04:53:35 +0000] "GET /item/games/3491 HTTP/1.1" 200 100 "/category/games" "Mozilla/5.0 (Windows NT 6.1; WOW64; rv:10.0.1) Gecko/20100101 Firefox/10.0.1"
208.120.110.135 - - [17/Nov/2017:04:53:40 +0000] "GET /item/electronics/2001 HTTP/1.1" 200 90 "-" "Mozilla/5.0 (compatible; Googlebot/2.1; +http://www.google.com/bot.html)"
76.75.163.170 - - [17/Nov/2017:04:53:45 +0000] "GET /category/health HTTP/1.1" 200 104 "http://www.google.com/search?ie=UTF-8&q=google&sclient=psy-ab&q=Health&oq=Health&aq=f&aqi=g-vL1&aql=&pbx=1&bav=on.2,or.r_gc.r_pw.r_qf.,cf.osb&biw=1474&bih=221" "Mozilla/5.0 (Windows NT 6.1; WOW64; rv:10.0.1) Gecko/20100101 Firefox/10.0.1"
124.99.44.123 - - [17/Nov/2017:04:53:50 +0000] "GET /item/toys/3743 HTTP/1.1" 200 46 "-" "Mozilla/5.0 (Windows NT 5.1) AppleWebKit/535.11 (KHTML, like Gecko) Chrome/17.0.963.46 Safari/535.11"
108.219.222.220 - - [17/Nov/2017:04:53:55 +0000] "POST /search/?c=Garden HTTP/1.1" 200 114 "-" "Mozilla/4.0 (compatible; MSIE 8.0; Windows NT 5.1; Trident/4.0; BTRS122159; GTB7.2; .NET CLR 1.1.4322; .NET CLR 2.0.50727; .NET CLR 3.0.04506.30; .NET CLR 3.0.4506.2152; .NET CLR 3.5.30729; BRI/2)"
204.225.98.113 - - [17/Nov/2017:04:54:00 +0000] "GET /item/games/918 HTTP/1.1" 200 76 "/item/electronics/4582" "Mozilla/5.0 (Windows NT 6.1; WOW64; rv:10.0.1) Gecko/20100101 Firefox/10.0.1"
28.129.126.21 - - [17/Nov/2017:04:54:05 +0000] "GET /item/electronics/2034 HTTP/1.1" 200 100 "/category/jewelry" "Mozilla/5.0 (Windows NT 6.0; rv:10.0.1) Gecko/20100101 Firefox/10.0.1"
104.63.161.214 - - [17/Nov/2017:04:54:10 +0000] "GET /item/software/1625 HTTP/1.1" 200 82 "/search/?c=Computers+Electronics" "Mozilla/5.0 (Windows NT 6.0; rv:10.0.1) Gecko/20100101 Firefox/10.0.1"
72.225.153.31 - - [17/Nov/2017:04:54:15 +0000] "POST /search/?c=Games+Books HTTP/1.1" 200 68 "/item/music/1232" "Mozilla/5.0 (Windows NT 6.1; WOW64) AppleWebKit/535.7 (KHTML, like Gecko) Chrome/16.0.912.77 Safari/535.7"
52.57.147.82 - - [17/Nov/2017:04:54:20 +0000] "GET /item/electronics/266 HTTP/1.1" 200 95 "-" "Mozilla/5.0 (compatible; MSIE 9.0; Windows NT 6.1; Trident/5.0)"
152.39.30.145 - - [17/Nov/2017:04:54:25 +0000] "POST /search/?c=Software HTTP/1.1" 200 42 "-" "Mozilla/5.0 (Macintosh; Intel Mac OS X 10.6; rv:9.0.1) Gecko/20100101 Firefox/9.0.1"
60.54.78.101 - - [17/Nov/2017:04:54:30 +0000] "GET /item/books/4322 HTTP/1.1" 200 44 "/category/music" "Mozilla/5.0 (Windows NT 6.1; WOW64) AppleWebKit/535.7 (KHTML, like Gecko) Chrome/16.0.912.77 Safari/535.7"
224.210.173.173 - - [17/Nov/2017:04:54:35 +0000] "GET /category/software?from=10 HTTP/1.1" 200 54 "/category/software" "Mozilla/5.0 (Windows NT 6.1; WOW64) AppleWebKit/535.11 (KHTML, like Gecko) Chrome/17.0.963.56 Safari/535.11"
176.84.117.57 - - [17/Nov/2017:04:54:40 +0000] "GET /category/office HTTP/1.1" 200 53 "-" "Mozilla/4.0 (compatible; MSIE 8.0; Windows NT 5.1; Trident/4.0; YTB720; GTB7.2; .NET CLR 1.1.4322; .NET CLR 2.0.50727; .NET CLR 3.0.4506.2152; .NET CLR 3.5.30729)"
92.57.122.229 - - [17/Nov/2017:04:54:45 +0000] "POST /search/?c=Electronics+Games HTTP/1.1" 200 138 "-" "Mozilla/5.0 (compatible; MSIE 9.0; Windows NT 6.1; WOW64; Trident/5.0)"
28.165.95.144 - - [17/Nov/2017:04:54:50 +0000] "GET /item/office/393 HTTP/1.1" 200 128 "/category/electronics?from=20" "Mozilla/5.0 (compatible; MSIE 9.0; Windows NT 6.1; Trident/5.0)"
148.180.67.120 - - [17/Nov/2017:04:54:55 +0000] "GET /category/software HTTP/1.1" 200 51 "/item/jewelry/3466" "Mozilla/4.0 (compatible; MSIE 8.0; Windows NT 6.1; WOW64; Trident/4.0; YTB730; GTB7.2; EasyBits GO v1.0; SLCC2; .NET CLR 2.0.50727; .NET CLR 3.5.30729; .NET CLR 3.0.30729; Media Center PC 6.0; .NET4.0C)"
72.156.55.140 - - [17/Nov/2017:04:55:00 +0000] "GET /category/jewelry HTTP/1.1" 200 138 "/category/software" "Mozilla/4.0 (compatible; MSIE 8.0; Windows NT 5.1; Trident/4.0; BTRS122159; GTB7.2; .NET CLR 1.1.4322; .NET CLR 2.0.50727; .NET CLR 3.0.04506.30; .NET CLR 3.0.4506.2152; .NET CLR 3.5.30729; BRI/2)"
164.219.72.37 - - [17/Nov/2017:04:55:05 +0000] "GET /category/software HTTP/1.1" 200 110 "-" "Mozilla/5.0 (Windows NT 6.0; rv:10.0.1) Gecko/20100101 Firefox/10.0.1"
144.90.208.217 - - [17/Nov/2017:04:55:10 +0000] "GET /category/finance HTTP/1.1" 200 139 "/category/electronics" "Mozilla/4.0 (compatible; MSIE 8.0; Windows NT 6.1; Trident/4.0; YTB730; SLCC2; .NET CLR 2.0.50727; .NET CLR 3.5.30729; .NET CLR 3.0.30729; Media Center PC 6.0; .NET4.0C)"
228.123.64.116 - - [17/Nov/2017:04:55:15 +0000] "GET /category/toys HTTP/1.1" 200 57 "-" "Mozilla/5.0 (Windows NT 6.1; WOW64; rv:10.0.1) Gecko/20100101 Firefox/10.0.1"
132.171.86.44 - - [17/Nov/2017:04:55:20 +0000] "GET /category/games HTTP/1.1" 200 71 "/category/health" "Mozilla/5.0 (Macintosh; Intel Mac OS X 10.6; rv:9.0.1) Gecko/20100101 Firefox/9.0.1"
44.213.68.121 - - [17/Nov/2017:04:55:25 +0000] "GET /category/computers HTTP/1.1" 200 89 "/search/?c=Games+Books" "Mozilla/5.0 (Windows NT 6.0; rv:10.0.1) Gecko/20100101 Firefox/10.0.1"
108.144.39.52 - - [17/Nov/2017:04:55:30 +0000] "GET /item/giftcards/2263 HTTP/1.1" 200 78 "/search/?c=Giftcards+Computers" "Mozilla/4.0 (compatible; MSIE 8.0; Windows NT 5.1; Trident/4.0; YTB720; GTB7.2; .NET CLR 1.1.4322; .NET CLR 2.0.50727; .NET CLR 3.0.4506.2152; .NET CLR 3.5.30729)"
224.195.180.118 - - [17/Nov/2017:04:55:35 +0000] "GET /item/giftcards/119 HTTP/1.1" 200 93 "http://www.google.com/search?ie=UTF-8&q=google&sclient=psy-ab&q=Giftcards&oq=Giftcards&aq=f&aqi=g-vL1&aql=&pbx=1&bav=on.2,or.r_gc.r_pw.r_qf.,cf.osb&biw=3376&bih=550" "Mozilla/5.0 (Windows NT 6.1; WOW64) AppleWebKit/535.11 (KHTML, like Gecko) Chrome/17.0.963.56 Safari/535.11"
176.63.34.227 - - [17/Nov/2017:04:55:40 +0000] "GET /item/networking/435 HTTP/1.1" 200 109 "/item/toys/3901" "Mozilla/5.0 (Windows NT 6.0) AppleWebKit/535.11 (KHTML, like Gecko) Chrome/17.0.963.56 Safari/535.11"
156.111.173.188 - - [17/Nov/2017:04:55:45 +0000] "GET /item/music/4699 HTTP/1.1" 200 48 "http://www.google.com/search?ie=UTF-8&q=google&sclient=psy-ab&q=Music&oq=Music&aq=f&aqi=g-vL1&aql=&pbx=1&bav=on.2,or.r_gc.r_pw.r_qf.,cf.osb&biw=962&bih=495" "Mozilla/5.0 (Windows NT 6.0) AppleWebKit/535.11 (KHTML, like Gecko) Chrome/17.0.963.56 Safari/535.11"
112.69.33.49 - - [17/Nov/2017:04:55:50 +0000] "GET /category/electronics?from=20 HTTP/1.1" 200 45 "/item/electronics/3271" "Mozilla/5.0 (Windows NT 6.1; WOW64; rv:10.0.1) Gecko/20100101 Firefox/10.0.1"
28.147.67.42 - - [17/Nov/2017:04:55:55 +0000] "GET /category/electronics HTTP/1.1" 200 67 "-" "Mozilla/4.0 (compatible; MSIE 8.0; Windows NT 5.1; Trident/4.0; YTB720; GTB7.2; .NET CLR 1.1.4322; .NET CLR 2.0.50727; .NET CLR 3.0.4506.2152; .NET CLR 3.5.30729)"
224.195.180.118 - - [17/Nov/2017:04:56:00 +0000] "GET /item/office/2035 HTTP/1.1" 200 120 "-" "Mozilla/5.0 (compatible; MSIE 9.0; Windows NT 6.1; WOW64; Trident/5.0)"
228.186.82.142 - - [17/Nov/2017:04:56:05 +0000] "GET /category/games HTTP/1.1" 200 57 "-" "Mozilla/4.0 (compatible; MSIE 8.0; Windows NT 5.1; Trident/4.0; YTB720; GTB7.2; .NET CLR 1.1.4322; .NET CLR 2.0.50727; .NET CLR 3.0.4506.2152; .NET CLR 3.5.30729)"
36.138.203.140 - - [17/Nov/2017:04:56:10 +0000] "GET /category/finance HTTP/1.1" 200 76 "http://www.google.com/search?ie=UTF-8&q=google&sclient=psy-ab&q=Finance&oq=Finance&aq=f&aqi=g-vL1&aql=&pbx=1&bav=on.2,or.r_gc.r_pw.r_qf.,cf.osb&biw=1041&bih=505" "Mozilla/5.0 (compatible; Googlebot/2.1; +http://www.google.com/bot.html)"
100.48.203.91 - - [17/Nov/2017:04:56:15 +0000] "GET /category/software HTTP/1.1" 200 76 "/category/electronics" "Mozilla/5.0 (Windows NT 6.1; WOW64) AppleWebKit/535.11 (KHTML, like Gecko) Chrome/17.0.963.56 Safari/535.11"
108.84.228.94 - - [17/Nov/2017:04:56:20 +0000] "GET /category/giftcards HTTP/1.1" 200 93 "-" "Mozilla/5.0 (Windows NT 6.0; rv:10.0.1) Gecko/20100101 Firefox/10.0.1"
68.192.196.217 - - [17/Nov/2017:04:56:25 +0000] "GET /category/giftcards HTTP/1.1" 200 126 "-" "Mozilla/5.0 (compatible; MSIE 9.0; Windows NT 6.1; Trident/5.0)"
176.177.74.90 - - [17/Nov/2017:04:56:30 +0000] "GET /item/cameras/2822 HTTP/1.1" 200 131 "-" "Mozilla/4.0 (compatible; MSIE 8.0; Windows NT 6.0; WOW64; Trident/4.0; GTB6; SLCC1; .NET CLR 2.0.50727; Media Center PC 5.0; .NET CLR 3.5.30729; .NET CLR 3.0.30618; .NET4.0C)"
132.132.109.164 - - [17/Nov/2017:04:56:35 +0000] "GET /category/software HTTP/1.1" 200 43 "/category/networking" "Mozilla/5.0 (Windows NT 6.1; WOW64; rv:10.0.1) Gecko/20100101 Firefox/10.0.1"
116.144.123.207 - - [17/Nov/2017:04:56:40 +0000] "GET /category/health HTTP/1.1" 200 133 "/item/finance/1207" "Mozilla/5.0 (Macintosh; Intel Mac OS X 10.6; rv:9.0.1) Gecko/20100101 Firefox/9.0.1"
44.132.181.113 - - [17/Nov/2017:04:56:45 +0000] "GET /category/office HTTP/1.1" 200 136 "/search/?c=Toys+Toys" "Mozilla/5.0 (Windows NT 6.0; rv:10.0.1) Gecko/20100101 Firefox/10.0.1"
60.96.221.113 - - [17/Nov/2017:04:56:50 +0000] "GET /category/computers?from=20 HTTP/1.1" 200 62 "/item/games/3272" "Mozilla/5.0 (Windows NT 6.0; rv:10.0.1) Gecko/20100101 Firefox/10.0.1"
200.114.202.134 - - [17/Nov/2017:04:56:55 +0000] "GET /category/games?from=0 HTTP/1.1" 200 72 "/category/giftcards" "Mozilla/4.0 (compatible; MSIE 8.0; Windows NT 6.1; Trident/4.0; YTB730; SLCC2; .NET CLR 2.0.50727; .NET CLR 3.5.30729; .NET CLR 3.0.30729; Media Center PC 6.0; .NET4.0C)"
144.78.204.148 - - [17/Nov/2017:04:57:00 +0000] "GET /item/sports/1884 HTTP/1.1" 200 105 "/search/?c=Software+Garden" "Mozilla/5.0 (compatible; MSIE 9.0; Windows NT 6.1; Trident/5.0)"
176.27.101.193 - - [17/Nov/2017:04:57:05 +0000] "GET /item/computers/4801 HTTP/1.1" 200 128 "-" "Mozilla/5.0 (Windows NT 6.1; WOW64) AppleWebKit/535.7 (KHTML, like Gecko) Chrome/16.0.912.77 Safari/535.7"
220.72.103.132 - - [17/Nov/2017:04:57:10 +0000] "GET /item/computers/1158 HTTP/1.1" 200 122 "/search/?c=Computers+Books" "Mozilla/5.0 (compatible; MSIE 9.0; Windows NT 6.1; Trident/5.0)"
192.180.36.138 - - [17/Nov/2017:04:57:15 +0000] "GET /item/games/1021 HTTP/1.1" 200 124 "-" "Mozilla/5.0 (Windows NT 6.0; rv:10.0.1) Gecko/20100101 Firefox/10.0.1"
160.183.132.213 - - [17/Nov/2017:04:57:20 +0000] "GET /item/games/2750 HTTP/1.1" 200 102 "/category/books" "Mozilla/4.0 (compatible; MSIE 8.0; Windows NT 6.1; Trident/4.0; YTB730; SLCC2; .NET CLR 2.0.50727; .NET CLR 3.5.30729; .NET CLR 3.0.30729; Media Center PC 6.0; .NET4.0C)"
148.78.49.128 - - [17/Nov/2017:04:57:25 +0000] "GET /category/office HTTP/1.1" 200 109 "http://www.google.com/search?ie=UTF-8&q=google&sclient=psy-ab&q=Office+Electronics&oq=Office+Electronics&aq=f&aqi=g-vL1&aql=&pbx=1&bav=on.2,or.r_gc.r_pw.r_qf.,cf.osb&biw=2914&bih=191" "Mozilla/4.0 (compatible; MSIE 8.0; Windows NT 6.1; WOW64; Trident/4.0; YTB730; GTB7.2; EasyBits GO v1.0; SLCC2; .NET CLR 2.0.50727; .NET CLR 3.5.30729; .NET CLR 3.0.30729; Media Center PC 6.0; .NET4.0C)"
52.27.56.220 - - [17/Nov/2017:04:57:30 +0000] "GET /item/electronics/1911 HTTP/1.1" 200 122 "/search/?c=Electronics+Electronics" "Mozilla/4.0 (compatible; MSIE 8.0; Windows NT 6.1; WOW64; Trident/4.0; YTB730; GTB7.2; SLCC2; .NET CLR 2.0.50727; .NET CLR 3.5.30729; .NET CLR 3.0.30729; .NET4.0C; .NET4.0E; Media Center PC 6.0)"
192.198.25.191 - - [17/Nov/2017:04:57:35 +0000] "GET /category/software HTTP/1.1" 200 56 "-" "Mozilla/5.0 (Windows NT 6.1; WOW64) AppleWebKit/535.11 (KHTML, like Gecko) Chrome/17.0.963.56 Safari/535.11"
24.114.164.152 - - [17/Nov/2017:04:57:40 +0000] "POST /search/?c=Garden+Networking HTTP/1.1" 200 130 "/item/cameras/4995" "Mozilla/5.0 (Windows NT 6.1; WOW64) AppleWebKit/535.7 (KHTML, like Gecko) Chrome/16.0.912.77 Safari/535.7"
204.147.33.196 - - [17/Nov/2017:04:57:45 +0000] "GET /category/electronics HTTP/1.1" 200 108 "-" "Mozilla/5.0 (Macintosh; Intel Mac OS X 10.6; rv:9.0.1) Gecko/20100101 Firefox/9.0.1"
188.24.181.91 - - [17/Nov/2017:04:57:50 +0000] "GET /category/books HTTP/1.1" 200 72 "-" "Mozilla/5.0 (compatible; Googlebot/2.1; +http://www.google.com/bot.html)"
112.18.198.226 - - [17/Nov/2017:04:57:55 +0000] "GET /category/electronics HTTP/1.1" 200 110 "-" "Mozilla/5.0 (Windows NT 6.0; rv:10.0.1) Gecko/20100101 Firefox/10.0.1"
180.201.91.218 - - [17/Nov/2017:04:58:00 +0000] "GET /item/giftcards/4236 HTTP/1.1" 200 71 "/item/office/1168" "Mozilla/4.0 (compatible; MSIE 8.0; Windows NT 5.1; Trident/4.0; BTRS122159; GTB7.2; .NET CLR 1.1.4322; .NET CLR 2.0.50727; .NET CLR 3.0.04506.30; .NET CLR 3.0.4506.2152; .NET CLR 3.5.30729; BRI/2)"
128.123.38.119 - - [17/Nov/2017:04:58:05 +0000] "GET /item/electronics/379 HTTP/1.1" 200 114 "/item/computers/4182" "Mozilla/5.0 (iPhone; CPU iPhone OS 5_0_1 like Mac OS X) AppleWebKit/534.46 (KHTML, like Gecko) Version/5.1 Mobile/9A405 Safari/7534.48.3"
148.84.100.197 - - [17/Nov/2017:04:58:10 +0000] "GET /category/electronics HTTP/1.1" 200 56 "/item/software/2512" "Mozilla/5.0 (Windows NT 6.0) AppleWebKit/535.11 (KHTML, like Gecko) Chrome/17.0.963.56 Safari/535.11"
196.78.91.172 - - [17/Nov/2017:04:58:15 +0000] "GET /category/cameras?from=10 HTTP/1.1" 200 72 "-" "Mozilla/5.0 (iPad; CPU OS 5_0_1 like Mac OS X) AppleWebKit/534.46 (KHTML, like Gecko) Version/5.1 Mobile/9A405 Safari/7534.48.3"
168.201.46.220 - - [17/Nov/2017:04:58:20 +0000] "GET /item/electronics/2698 HTTP/1.1" 200 129 "/item/health/961" "Mozilla/5.0 (Windows NT 6.0; rv:10.0.1) Gecko/20100101 Firefox/10.0.1"
224.36.38.130 - - [17/Nov/2017:04:58:25 +0000] "POST /search/?c=Cameras+Office HTTP/1.1" 200 71 "-" "Mozilla/5.0 (Windows NT 6.1; WOW64) AppleWebKit/535.11 (KHTML, like Gecko) Chrome/17.0.963.56 Safari/535.11"
36.51.149.50 - - [17/Nov/2017:04:58:30 +0000] "GET /item/software/4657 HTTP/1.1" 200 136 "/category/games" "Mozilla/5.0 (Macintosh; Intel Mac OS X 10.6; rv:9.0.1) Gecko/20100101 Firefox/9.0.1"
156.111.173.188 - - [17/Nov/2017:04:58:35 +0000] "GET /item/electronics/3842 HTTP/1.1" 200 50 "/item/computers/1106" "Mozilla/5.0 (Windows NT 6.0) AppleWebKit/535.11 (KHTML, like Gecko) Chrome/17.0.963.56 Safari/535.11"
108.159.46.114 - - [17/Nov/2017:04:58:40 +0000] "GET /category/software HTTP/1.1" 200 58 "/category/electronics?from=20" "Mozilla/4.0 (compatible; MSIE 8.0; Windows NT 6.1; WOW64; Trident/4.0; YTB730; GTB7.2; EasyBits GO v1.0; SLCC2; .NET CLR 2.0.50727; .NET CLR 3.5.30729; .NET CLR 3.0.30729; Media Center PC 6.0; .NET4.0C)"
188.198.226.23 - - [17/Nov/2017:04:58:45 +0000] "GET /category/music HTTP/1.1" 200 92 "/category/games" "Mozilla/5.0 (compatible; MSIE 9.0; Windows NT 6.1; WOW64; Trident/5.0)"
60.81.133.199 - - [17/Nov/2017:04:58:50 +0000] "GET /category/electronics HTTP/1.1" 200 86 "/category/garden" "Mozilla/5.0 (iPhone; CPU iPhone OS 5_0_1 like Mac OS X) AppleWebKit/534.46 (KHTML, like Gecko) Version/5.1 Mobile/9A405 Safari/7534.48.3"
152.90.220.86 - - [17/Nov/2017:04:58:55 +0000] "GET /item/electronics/1206 HTTP/1.1" 200 136 "/item/jewelry/1164" "Mozilla/5.0 (Windows NT 6.1; WOW64; rv:10.0.1) Gecko/20100101 Firefox/10.0.1"
56.117.147.155 - - [17/Nov/2017:04:59:00 +0000] "GET /item/electronics/1706 HTTP/1.1" 200 119 "/item/computers/4182" "Mozilla/5.0 (Windows NT 6.0; rv:10.0.1) Gecko/20100101 Firefox/10.0.1"
76.144.80.172 - - [17/Nov/2017:04:59:05 +0000] "GET /category/software HTTP/1.1" 200 82 "-" "Mozilla/5.0 (compatible; MSIE 9.0; Windows NT 6.1; Trident/5.0)"
88.57.117.104 - - [17/Nov/2017:04:59:10 +0000] "GET /item/electronics/867 HTTP/1.1" 200 83 "/category/electronics" "Mozilla/5.0 (Windows NT 6.0; rv:10.0.1) Gecko/20100101 Firefox/10.0.1"
156.129.86.124 - - [17/Nov/2017:04:59:15 +0000] "GET /category/software HTTP/1.1" 200 85 "/category/software" "Mozilla/4.0 (compatible; MSIE 8.0; Windows NT 5.1; Trident/4.0; YTB720; GTB7.2; .NET CLR 1.1.4322; .NET CLR 2.0.50727; .NET CLR 3.0.4506.2152; .NET CLR 3.5.30729)"
140.72.79.22 - - [17/Nov/2017:04:59:20 +0000] "GET /category/computers HTTP/1.1" 200 48 "-" "Mozilla/5.0 (Windows NT 6.1; WOW64; rv:10.0.1) Gecko/20100101 Firefox/10.0.1"
208.150.93.221 - - [17/Nov/2017:04:59:25 +0000] "GET /category/finance HTTP/1.1" 200 86 "/item/networking/2789" "Mozilla/5.0 (Windows NT 6.1; WOW64; rv:10.0.1) Gecko/20100101 Firefox/10.0.1"
112.165.201.203 - - [17/Nov/2017:04:59:30 +0000] "GET /category/software HTTP/1.1" 200 109 "-" "Mozilla/5.0 (Windows NT 6.0) AppleWebKit/535.11 (KHTML, like Gecko) Chrome/17.0.963.56 Safari/535.11"
172.48.138.173 - - [17/Nov/2017:04:59:35 +0000] "GET /item/electronics/2699 HTTP/1.1" 200 124 "/category/electronics" "Mozilla/5.0 (compatible; Googlebot/2.1; +http://www.google.com/bot.html)"
164.135.167.29 - - [17/Nov/2017:04:59:40 +0000] "GET /category/sports HTTP/1.1" 200 118 "-" "Mozilla/4.0 (compatible; MSIE 8.0; Windows NT 5.1; Trident/4.0; YTB720; GTB7.2; .NET CLR 1.1.4322; .NET CLR 2.0.50727; .NET CLR 3.0.4506.2152; .NET CLR 3.5.30729)"
92.180.180.225 - - [17/Nov/2017:04:59:45 +0000] "GET /category/software HTTP/1.1" 200 113 "/category/games" "Mozilla/5.0 (Macintosh; Intel Mac OS X 10.6; rv:9.0.1) Gecko/20100101 Firefox/9.0.1"
180.225.227.228 - - [17/Nov/2017:04:59:50 +0000] "GET /category/office HTTP/1.1" 200 132 "/category/games" "Mozilla/4.0 (compatible; MSIE 8.0; Windows NT 6.1; WOW64; Trident/4.0; YTB730; GTB7.2; EasyBits GO v1.0; SLCC2; .NET CLR 2.0.50727; .NET CLR 3.5.30729; .NET CLR 3.0.30729; Media Center PC 6.0; .NET4.0C)"
148.213.116.158 - - [17/Nov/2017:04:59:55 +0000] "POST /search/?c=Games HTTP/1.1" 200 42 "/category/electronics" "Mozilla/5.0 (compatible; Googlebot/2.1; +http://www.google.com/bot.html)"
116.63.29.208 - - [17/Nov/2017:05:00:00 +0000] "GET /category/electronics HTTP/1.1" 200 101 "/category/electronics" "Mozilla/5.0 (Windows NT 6.1; WOW64; rv:10.0.1) Gecko/20100101 Firefox/10.0.1"
28.129.53.32 - - [17/Nov/2017:05:00:05 +0000] "GET /item/software/1531 HTTP/1.1" 200 102 "/search/?c=Software+Software" "Mozilla/5.0 (Windows NT 6.1; WOW64) AppleWebKit/535.11 (KHTML, like Gecko) Chrome/17.0.963.56 Safari/535.11"
136.177.181.50 - - [17/Nov/2017:05:00:10 +0000] "GET /item/software/4545 HTTP/1.1" 200 135 "http://www.google.com/search?ie=UTF-8&q=google&sclient=psy-ab&q=Software&oq=Software&aq=f&aqi=g-vL1&aql=&pbx=1&bav=on.2,or.r_gc.r_pw.r_qf.,cf.osb&biw=1593&bih=187" "Mozilla/5.0 (iPad; CPU OS 5_0_1 like Mac OS X) AppleWebKit/534.46 (KHTML, like Gecko) Version/5.1 Mobile/9A405 Safari/7534.48.3"
164.126.158.215 - - [17/Nov/2017:05:00:15 +0000] "POST /search/?c=Finance HTTP/1.1" 200 85 "-" "Mozilla/5.0 (compatible; MSIE 9.0; Windows NT 6.1; Trident/5.0)"
60.117.58.163 - - [17/Nov/2017:05:00:20 +0000] "POST /search/?c=Cameras+Books HTTP/1.1" 200 87 "/item/garden/4271" "Mozilla/5.0 (compatible; MSIE 9.0; Windows NT 6.1; WOW64; Trident/5.0)"
56.198.171.175 - - [17/Nov/2017:05:00:25 +0000] "GET /category/cameras HTTP/1.1" 200 77 "/search/?c=Computers" "Mozilla/5.0 (Windows NT 6.1; WOW64; rv:10.0.1) Gecko/20100101 Firefox/10.0.1"
72.87.167.83 - - [17/Nov/2017:05:00:30 +0000] "GET /item/toys/3901 HTTP/1.1" 200 122 "/search/?c=Toys+Software" "Mozilla/5.0 (compatible; MSIE 9.0; Windows NT 6.1; Trident/5.0)"
96.33.37.61 - - [17/Nov/2017:05:00:35 +0000] "POST /search/?c=Jewelry HTTP/1.1" 200 89 "-" "Mozilla/5.0 (compatible; MSIE 9.0; Windows NT 6.1; WOW64; Trident/5.0)"
196.96.50.86 - - [17/Nov/2017:05:00:40 +0000] "GET /category/music HTTP/1.1" 200 82 "-" "Mozilla/4.0 (compatible; MSIE 8.0; Windows NT 6.1; WOW64; Trident/4.0; YTB730; GTB7.2; SLCC2; .NET CLR 2.0.50727; .NET CLR 3.5.30729; .NET CLR 3.0.30729; .NET4.0C; .NET4.0E; Media Center PC 6.0)"
212.75.227.45 - - [17/Nov/2017:05:00:45 +0000] "GET /item/computers/1106 HTTP/1.1" 200 57 "/item/electronics/4788" "Mozilla/5.0 (Windows NT 6.1; WOW64) AppleWebKit/535.11 (KHTML, like Gecko) Chrome/17.0.963.56 Safari/535.11"
120.147.115.60 - - [17/Nov/2017:05:00:50 +0000] "GET /category/electronics HTTP/1.1" 200 50 "/item/electronics/4416" "Mozilla/5.0 (Windows NT 6.0; rv:10.0.1) Gecko/20100101 Firefox/10.0.1"
152.87.80.46 - - [17/Nov/2017:05:00:55 +0000] "GET /item/electronics/2606 HTTP/1.1" 200 138 "-" "Mozilla/5.0 (Windows NT 6.1; WOW64) AppleWebKit/535.7 (KHTML, like Gecko) Chrome/16.0.912.77 Safari/535.7"
96.153.159.129 - - [17/Nov/2017:05:01:00 +0000] "GET /category/electronics HTTP/1.1" 200 74 "/category/finance" "Mozilla/4.0 (compatible; MSIE 8.0; Windows NT 5.1; Trident/4.0; YTB720; GTB7.2; .NET CLR 1.1.4322; .NET CLR 2.0.50727; .NET CLR 3.0.4506.2152; .NET CLR 3.5.30729)"
172.51.61.163 - - [17/Nov/2017:05:01:05 +0000] "GET /item/networking/4696 HTTP/1.1" 200 138 "/category/books" "Mozilla/5.0 (Windows NT 6.1; WOW64; rv:10.0.1) Gecko/20100101 Firefox/10.0.1"
152.213.43.58 - - [17/Nov/2017:05:01:10 +0000] "GET /category/garden HTTP/1.1" 200 78 "/item/games/3186" "Mozilla/5.0 (Windows NT 6.0; rv:10.0.1) Gecko/20100101 Firefox/10.0.1"
216.210.62.164 - - [17/Nov/2017:05:01:15 +0000] "GET /item/software/1046 HTTP/1.1" 200 90 "/category/health" "Mozilla/5.0 (compatible; MSIE 9.0; Windows NT 6.1; WOW64; Trident/5.0)"
176.141.46.22 - - [17/Nov/2017:05:01:20 +0000] "GET /category/networking?from=10 HTTP/1.1" 200 127 "-" "Mozilla/4.0 (compatible; MSIE 8.0; Windows NT 6.1; WOW64; Trident/4.0; YTB730; GTB7.2; EasyBits GO v1.0; SLCC2; .NET CLR 2.0.50727; .NET CLR 3.5.30729; .NET CLR 3.0.30729; Media Center PC 6.0; .NET4.0C)"
200.153.109.43 - - [17/Nov/2017:05:01:25 +0000] "GET /category/toys HTTP/1.1" 200 47 "/category/health" "Mozilla/5.0 (Windows NT 6.0; rv:10.0.1) Gecko/20100101 Firefox/10.0.1"
116.99.75.204 - - [17/Nov/2017:05:01:30 +0000] "GET /item/software/4680 HTTP/1.1" 200 89 "/category/games" "Mozilla/5.0 (Windows NT 6.0; rv:10.0.1) Gecko/20100101 Firefox/10.0.1"
84.225.150.149 - - [17/Nov/2017:05:01:35 +0000] "GET /category/finance HTTP/1.1" 200 46 "-" "Mozilla/4.0 (compatible; MSIE 8.0; Windows NT 5.1; Trident/4.0; YTB720; GTB7.2; .NET CLR 1.1.4322; .NET CLR 2.0.50727; .NET CLR 3.0.4506.2152; .NET CLR 3.5.30729)"
148.84.138.22 - - [17/Nov/2017:05:01:40 +0000] "GET /category/books HTTP/1.1" 200 80 "/category/electronics" "Mozilla/5.0 (Windows NT 6.0; rv:10.0.1) Gecko/20100101 Firefox/10.0.1"
80.189.195.176 - - [17/Nov/2017:05:01:45 +0000] "POST /search/?c=Software+Games HTTP/1.1" 200 97 "-" "Mozilla/5.0 (compatible; Googlebot/2.1; +http://www.google.com/bot.html)"
124.99.44.123 - - [17/Nov/2017:05:01:50 +0000] "GET /category/toys HTTP/1.1" 200 126 "/category/books?from=0" "Mozilla/5.0 (compatible; MSIE 9.0; Windows NT 6.1; Trident/5.0)"
92.132.142.60 - - [17/Nov/2017:05:01:55 +0000] "GET /item/books/4586 HTTP/1.1" 200 130 "-" "Mozilla/5.0 (iPad; CPU OS 5_0_1 like Mac OS X) AppleWebKit/534.46 (KHTML, like Gecko) Version/5.1 Mobile/9A405 Safari/7534.48.3"
72.45.161.107 - - [17/Nov/2017:05:02:00 +0000] "GET /item/computers/512 HTTP/1.1" 200 97 "-" "Mozilla/5.0 (Windows NT 6.0) AppleWebKit/535.11 (KHTML, like Gecko) Chrome/17.0.963.56 Safari/535.11"
24.57.24.122 - - [17/Nov/2017:05:02:05 +0000] "POST /search/?c=Office+Computers HTTP/1.1" 200 62 "/category/jewelry" "Mozilla/4.0 (compatible; MSIE 8.0; Windows NT 6.1; WOW64; Trident/4.0; YTB730; GTB7.2; EasyBits GO v1.0; SLCC2; .NET CLR 2.0.50727; .NET CLR 3.5.30729; .NET CLR 3.0.30729; Media Center PC 6.0; .NET4.0C)"
36.138.203.140 - - [17/Nov/2017:05:02:10 +0000] "POST /search/?c=Software+Cameras HTTP/1.1" 200 60 "-" "Mozilla/5.0 (Windows NT 6.0; rv:10.0.1) Gecko/20100101 Firefox/10.0.1"
220.153.74.79 - - [17/Nov/2017:05:02:15 +0000] "GET /item/cameras/3403 HTTP/1.1" 200 108 "/category/cameras" "Mozilla/4.0 (compatible; MSIE 8.0; Windows NT 6.1; WOW64; Trident/4.0; YTB730; GTB7.2; SLCC2; .NET CLR 2.0.50727; .NET CLR 3.5.30729; .NET CLR 3.0.30729; .NET4.0C; .NET4.0E; Media Center PC 6.0)"
88.132.208.162 - - [17/Nov/2017:05:02:20 +0000] "GET /category/electronics HTTP/1.1" 200 51 "/category/books" "Mozilla/4.0 (compatible; MSIE 8.0; Windows NT 6.1; WOW64; Trident/4.0; YTB730; GTB7.2; SLCC2; .NET CLR 2.0.50727; .NET CLR 3.5.30729; .NET CLR 3.0.30729; .NET4.0C; .NET4.0E; Media Center PC 6.0)"
224.27.47.136 - - [17/Nov/2017:05:02:25 +0000] "GET /category/computers HTTP/1.1" 200 106 "/category/games" "Mozilla/5.0 (iPhone; CPU iPhone OS 5_0_1 like Mac OS X) AppleWebKit/534.46 (KHTML, like Gecko) Version/5.1 Mobile/9A405 Safari/7534.48.3"
100.54.120.206 - - [17/Nov/2017:05:02:30 +0000] "GET /item/electronics/3842 HTTP/1.1" 200 50 "/search/?c=Electronics" "Mozilla/5.0 (compatible; MSIE 9.0; Windows NT 6.1; Trident/5.0)"
196.216.154.206 - - [17/Nov/2017:05:02:35 +0000] "GET /category/software HTTP/1.1" 200 118 "-" "Mozilla/5.0 (Windows NT 6.1; WOW64) AppleWebKit/535.11 (KHTML, like Gecko) Chrome/17.0.963.56 Safari/535.11"
216.108.51.187 - - [17/Nov/2017:05:02:40 +0000] "GET /category/finance HTTP/1.1" 200 91 "/category/books?from=0" "Mozilla/4.0 (compatible; MSIE 8.0; Windows NT 5.1; Trident/4.0; BTRS122159; GTB7.2; .NET CLR 1.1.4322; .NET CLR 2.0.50727; .NET CLR 3.0.04506.30; .NET CLR 3.0.4506.2152; .NET CLR 3.5.30729; BRI/2)"
60.123.32.130 - - [17/Nov/2017:05:02:45 +0000] "GET /category/electronics HTTP/1.1" 200 58 "http://www.google.com/search?ie=UTF-8&q=google&sclient=psy-ab&q=Electronics+Garden&oq=Electronics+Garden&aq=f&aqi=g-vL1&aql=&pbx=1&bav=on.2,or.r_gc.r_pw.r_qf.,cf.osb&biw=18&bih=214" "Mozilla/5.0 (Macintosh; Intel Mac OS X 10.6; rv:9.0.1) Gecko/20100101 Firefox/9.0.1"
192.198.24.209 - - [17/Nov/2017:05:02:50 +0000] "GET /category/books HTTP/1.1" 200 65 "-" "Mozilla/5.0 (Macintosh; Intel Mac OS X 10.6; rv:9.0.1) Gecko/20100101 Firefox/9.0.1"
40.126.194.206 - - [17/Nov/2017:05:02:55 +0000] "GET /category/jewelry HTTP/1.1" 200 71 "/item/electronics/1079" "Mozilla/5.0 (compatible; MSIE 9.0; Windows NT 6.1; WOW64; Trident/5.0)"
180.96.213.98 - - [17/Nov/2017:05:03:00 +0000] "GET /category/books HTTP/1.1" 200 91 "-" "Mozilla/5.0 (Macintosh; Intel Mac OS X 10.6; rv:9.0.1) Gecko/20100101 Firefox/9.0.1"
108.174.61.62 - - [17/Nov/2017:05:03:05 +0000] "GET /category/music HTTP/1.1" 200 138 "-" "Mozilla/5.0 (Windows NT 6.0) AppleWebKit/535.11 (KHTML, like Gecko) Chrome/17.0.963.56 Safari/535.11"
60.126.223.156 - - [17/Nov/2017:05:03:10 +0000] "GET /category/books HTTP/1.1" 200 50 "-" "Mozilla/4.0 (compatible; MSIE 8.0; Windows NT 6.0; WOW64; Trident/4.0; GTB6; SLCC1; .NET CLR 2.0.50727; Media Center PC 5.0; .NET CLR 3.5.30729; .NET CLR 3.0.30618; .NET4.0C)"
204.219.223.54 - - [17/Nov/2017:05:03:15 +0000] "GET /category/software HTTP/1.1" 200 58 "/category/books" "Mozilla/5.0 (compatible; MSIE 9.0; Windows NT 6.1; Trident/5.0)"
60.123.150.225 - - [17/Nov/2017:05:03:20 +0000] "GET /category/office HTTP/1.1" 200 57 "-" "Mozilla/5.0 (iPhone; CPU iPhone OS 5_0_1 like Mac OS X) AppleWebKit/534.46 (KHTML, like Gecko) Version/5.1 Mobile/9A405 Safari/7534.48.3"
60.165.28.148 - - [17/Nov/2017:05:03:25 +0000] "GET /item/electronics/3545 HTTP/1.1" 200 133 "/category/electronics" "Mozilla/5.0 (Macintosh; Intel Mac OS X 10.6; rv:9.0.1) Gecko/20100101 Firefox/9.0.1"
172.51.61.163 - - [17/Nov/2017:05:03:30 +0000] "POST /search/?c=Software+Office HTTP/1.1" 200 103 "-" "Mozilla/5.0 (Windows NT 6.1; WOW64; rv:10.0.1) Gecko/20100101 Firefox/10.0.1"
100.66.170.80 - - [17/Nov/2017:05:03:35 +0000] "GET /category/electronics HTTP/1.1" 200 63 "/category/games" "Mozilla/4.0 (compatible; MSIE 8.0; Windows NT 6.0; WOW64; Trident/4.0; GTB6; SLCC1; .NET CLR 2.0.50727; Media Center PC 5.0; .NET CLR 3.5.30729; .NET CLR 3.0.30618; .NET4.0C)"
76.168.181.34 - - [17/Nov/2017:05:03:40 +0000] "GET /category/jewelry HTTP/1.1" 200 48 "-" "Mozilla/5.0 (compatible; Googlebot/2.1; +http://www.google.com/bot.html)"
72.138.197.227 - - [17/Nov/2017:05:03:45 +0000] "GET /category/games HTTP/1.1" 200 115 "-" "Mozilla/4.0 (compatible; MSIE 8.0; Windows NT 5.1; Trident/4.0; YTB720; GTB7.2; .NET CLR 1.1.4322; .NET CLR 2.0.50727; .NET CLR 3.0.4506.2152; .NET CLR 3.5.30729)"
188.111.114.167 - - [17/Nov/2017:05:03:50 +0000] "GET /item/networking/2266 HTTP/1.1" 404 75 "/category/electronics?from=20" "Mozilla/4.0 (compatible; MSIE 8.0; Windows NT 6.1; WOW64; Trident/4.0; YTB730; GTB7.2; EasyBits GO v1.0; SLCC2; .NET CLR 2.0.50727; .NET CLR 3.5.30729; .NET CLR 3.0.30729; Media Center PC 6.0; .NET4.0C)"
28.96.205.110 - - [17/Nov/2017:05:03:55 +0000] "GET /item/giftcards/4236 HTTP/1.1" 200 71 "-" "Mozilla/4.0 (compatible; MSIE 8.0; Windows NT 5.1; Trident/4.0; BTRS122159; GTB7.2; .NET CLR 1.1.4322; .NET CLR 2.0.50727; .NET CLR 3.0.04506.30; .NET CLR 3.0.4506.2152; .NET CLR 3.5.30729; BRI/2)"
128.27.201.209 - - [17/Nov/2017:05:04:00 +0000] "POST /search/?c=Software+Games HTTP/1.1" 200 124 "-" "Mozilla/5.0 (compatible; MSIE 9.0; Windows NT 6.1; WOW64; Trident/5.0)"
80.162.143.170 - - [17/Nov/2017:05:04:05 +0000] "GET /item/electronics/722 HTTP/1.1" 200 102 "-" "Mozilla/5.0 (Macintosh; Intel Mac OS X 10.6; rv:9.0.1) Gecko/20100101 Firefox/9.0.1"
216.129.164.166 - - [17/Nov/2017:05:04:10 +0000] "GET /category/electronics HTTP/1.1" 200 138 "http://www.google.com/search?ie=UTF-8&q=google&sclient=psy-ab&q=Electronics&oq=Electronics&aq=f&aqi=g-vL1&aql=&pbx=1&bav=on.2,or.r_gc.r_pw.r_qf.,cf.osb&biw=4196&bih=208" "Mozilla/5.0 (compatible; MSIE 9.0; Windows NT 6.1; WOW64; Trident/5.0)"
224.36.38.130 - - [17/Nov/2017:05:04:15 +0000] "POST /search/?c=Networking+Networking HTTP/1.1" 200 50 "/item/office/512" "Mozilla/5.0 (Windows NT 6.0) AppleWebKit/535.11 (KHTML, like Gecko) Chrome/17.0.963.56 Safari/535.11"
108.159.46.114 - - [17/Nov/2017:05:04:20 +0000] "POST /search/?c=Office HTTP/1.1" 200 138 "/category/jewelry" "Mozilla/5.0 (Macintosh; Intel Mac OS X 10.6; rv:9.0.1) Gecko/20100101 Firefox/9.0.1"
180.225.227.228 - - [17/Nov/2017:05:04:25 +0000] "GET /category/office HTTP/1.1" 200 135 "/category/sports" "Mozilla/4.0 (compatible; MSIE 8.0; Windows NT 6.1; WOW64; Trident/4.0; GTB7.2; SLCC2; .NET CLR 2.0.50727; .NET CLR 3.5.30729; .NET CLR 3.0.30729; Media Center PC 6.0; .NET4.0C)"
56.198.171.175 - - [17/Nov/2017:05:04:30 +0000] "GET /item/games/3868 HTTP/1.1" 200 98 "/item/garden/957" "Mozilla/5.0 (Windows NT 6.1; WOW64) AppleWebKit/535.11 (KHTML, like Gecko) Chrome/17.0.963.56 Safari/535.11"
20.45.119.184 - - [17/Nov/2017:05:04:35 +0000] "GET /item/toys/1283 HTTP/1.1" 200 49 "/item/electronics/3298" "Mozilla/5.0 (Windows NT 6.0; rv:10.0.1) Gecko/20100101 Firefox/10.0.1"
40.63.61.211 - - [17/Nov/2017:05:04:40 +0000] "GET /category/software HTTP/1.1" 200 121 "/item/software/2699" "Mozilla/4.0 (compatible; MSIE 8.0; Windows NT 5.1; Trident/4.0; YTB720; GTB7.2; .NET CLR 1.1.4322; .NET CLR 2.0.50727; .NET CLR 3.0.4506.2152; .NET CLR 3.5.30729)"
164.207.101.92 - - [17/Nov/2017:05:04:45 +0000] "GET /item/electronics/705 HTTP/1.1" 200 92 "/category/software?from=20" "Mozilla/5.0 (compatible; MSIE 9.0; Windows NT 6.1; Trident/5.0)"
24.150.47.136 - - [17/Nov/2017:05:04:50 +0000] "GET /category/office HTTP/1.1" 200 96 "/category/finance" "Mozilla/5.0 (Macintosh; Intel Mac OS X 10.6; rv:9.0.1) Gecko/20100101 Firefox/9.0.1"
28.201.26.192 - - [17/Nov/2017:05:04:55 +0000] "GET /category/jewelry HTTP/1.1" 200 59 "-" "Mozilla/5.0 (compatible; Googlebot/2.1; +http://www.google.com/bot.html)"
136.132.151.226 - - [17/Nov/2017:05:05:00 +0000] "POST /search/?c=Books+Jewelry HTTP/1.1" 200 61 "/item/toys/2937" "Mozilla/5.0 (iPad; CPU OS 5_0_1 like Mac OS X) AppleWebKit/534.46 (KHTML, like Gecko) Version/5.1 Mobile/9A405 Safari/7534.48.3"
196.69.125.183 - - [17/Nov/2017:05:05:05 +0000] "GET /category/finance?from=20 HTTP/1.1" 200 122 "-" "Mozilla/5.0 (iPad; CPU OS 5_0_1 like Mac OS X) AppleWebKit/534.46 (KHTML, like Gecko) Version/5.1 Mobile/9A405 Safari/7534.48.3"
164.165.47.101 - - [17/Nov/2017:05:05:10 +0000] "GET /category/software HTTP/1.1" 200 110 "/category/toys" "Mozilla/5.0 (Windows NT 6.1; WOW64) AppleWebKit/535.7 (KHTML, like Gecko) Chrome/16.0.912.77 Safari/535.7"
96.69.168.141 - - [17/Nov/2017:05:05:15 +0000] "GET /item/electronics/2653 HTTP/1.1" 200 139 "/search/?c=Electronics" "Mozilla/5.0 (Macintosh; Intel Mac OS X 10.6; rv:9.0.1) Gecko/20100101 Firefox/9.0.1"
188.177.87.130 - - [17/Nov/2017:05:05:20 +0000] "GET /item/books/4062 HTTP/1.1" 200 105 "/search/?c=Books+Electronics" "Mozilla/5.0 (Windows NT 6.0; rv:10.0.1) Gecko/20100101 Firefox/10.0.1"
156.132.137.129 - - [17/Nov/2017:05:05:25 +0000] "POST /search/?c=Games HTTP/1.1" 200 48 "/category/books" "Mozilla/5.0 (compatible; Googlebot/2.1; +http://www.google.com/bot.html)"
204.147.33.196 - - [17/Nov/2017:05:05:30 +0000] "GET /item/books/1503 HTTP/1.1" 200 49 "/category/electronics" "Mozilla/5.0 (compatible; Googlebot/2.1; +http://www.google.com/bot.html)"
200.153.109.43 - - [17/Nov/2017:05:05:35 +0000] "GET /item/electronics/1628 HTTP/1.1" 200 139 "/category/finance" "Mozilla/5.0 (compatible; Googlebot/2.1; +http://www.google.com/bot.html)"
36.219.69.202 - - [17/Nov/2017:05:05:40 +0000] "GET /category/office HTTP/1.1" 200 120 "-" "Mozilla/4.0 (compatible; MSIE 8.0; Windows NT 5.1; Trident/4.0; BTRS122159; GTB7.2; .NET CLR 1.1.4322; .NET CLR 2.0.50727; .NET CLR 3.0.04506.30; .NET CLR 3.0.4506.2152; .NET CLR 3.5.30729; BRI/2)"
192.180.36.138 - - [17/Nov/2017:05:05:45 +0000] "GET /category/books?from=10 HTTP/1.1" 200 89 "/item/giftcards/2757" "Mozilla/5.0 (Macintosh; Intel Mac OS X 10.6; rv:9.0.1) Gecko/20100101 Firefox/9.0.1"
56.195.124.151 - - [17/Nov/2017:05:05:50 +0000] "GET /item/health/4591 HTTP/1.1" 200 101 "/item/games/3186" "Mozilla/5.0 (Macintosh; Intel Mac OS X 10.6; rv:9.0.1) Gecko/20100101 Firefox/9.0.1"
176.27.158.207 - - [17/Nov/2017:05:05:55 +0000] "POST /search/?c=Electronics+Garden HTTP/1.1" 200 139 "/category/music?from=20" "Mozilla/5.0 (compatible; MSIE 9.0; Windows NT 6.1; WOW64; Trident/5.0)"
84.126.57.104 - - [17/Nov/2017:05:06:00 +0000] "GET /item/games/2268 HTTP/1.1" 200 100 "/search/?c=Health" "Mozilla/5.0 (Windows NT 6.0) AppleWebKit/535.11 (KHTML, like Gecko) Chrome/17.0.963.56 Safari/535.11"
212.189.47.176 - - [17/Nov/2017:05:06:05 +0000] "GET /item/music/4221 HTTP/1.1" 200 94 "-" "Mozilla/5.0 (Windows NT 6.1; WOW64) AppleWebKit/535.11 (KHTML, like Gecko) Chrome/17.0.963.56 Safari/535.11"
168.60.103.103 - - [17/Nov/2017:05:06:10 +0000] "GET /category/games HTTP/1.1" 200 49 "/category/toys" "Mozilla/5.0 (Windows NT 6.0) AppleWebKit/535.11 (KHTML, like Gecko) Chrome/17.0.963.56 Safari/535.11"
72.216.45.153 - - [17/Nov/2017:05:06:15 +0000] "GET /item/office/1523 HTTP/1.1" 200 98 "/search/?c=Office+Sports" "Mozilla/5.0 (compatible; MSIE 9.0; Windows NT 6.1; Trident/5.0)"
136.198.147.93 - - [17/Nov/2017:05:06:20 +0000] "GET /item/health/3590 HTTP/1.1" 200 95 "/search/?c=Health+Software" "Mozilla/5.0 (Windows NT 6.1; WOW64; rv:10.0.1) Gecko/20100101 Firefox/10.0.1"
88.51.112.169 - - [17/Nov/2017:05:06:25 +0000] "GET /item/toys/1044 HTTP/1.1" 200 40 "/category/office" "Mozilla/5.0 (Windows NT 5.1) AppleWebKit/535.11 (KHTML, like Gecko) Chrome/17.0.963.46 Safari/535.11"
88.48.32.227 - - [17/Nov/2017:05:06:30 +0000] "GET /item/electronics/2034 HTTP/1.1" 200 100 "/item/software/2487" "Mozilla/5.0 (Macintosh; Intel Mac OS X 10.6; rv:9.0.1) Gecko/20100101 Firefox/9.0.1"
52.159.188.199 - - [17/Nov/2017:05:06:35 +0000] "GET /item/electronics/2792 HTTP/1.1" 200 114 "-" "Mozilla/5.0 (compatible; Googlebot/2.1; +http://www.google.com/bot.html)"
40.123.201.66 - - [17/Nov/2017:05:06:40 +0000] "GET /category/software HTTP/1.1" 200 87 "-" "Mozilla/5.0 (iPad; CPU OS 5_0_1 like Mac OS X) AppleWebKit/534.46 (KHTML, like Gecko) Version/5.1 Mobile/9A405 Safari/7534.48.3"
144.51.141.192 - - [17/Nov/2017:05:06:45 +0000] "POST /search/?c=Software+Garden HTTP/1.1" 200 98 "-" "Mozilla/5.0 (compatible; MSIE 9.0; Windows NT 6.1; WOW64; Trident/5.0)"
144.180.166.148 - - [17/Nov/2017:05:06:50 +0000] "GET /category/software HTTP/1.1" 200 94 "-" "Mozilla/5.0 (Windows NT 6.1; WOW64) AppleWebKit/535.11 (KHTML, like Gecko) Chrome/17.0.963.56 Safari/535.11"
24.138.192.196 - - [17/Nov/2017:05:06:55 +0000] "GET /category/software HTTP/1.1" 200 137 "/item/books/4067" "Mozilla/5.0 (iPhone; CPU iPhone OS 5_0_1 like Mac OS X) AppleWebKit/534.46 (KHTML, like Gecko) Version/5.1 Mobile/9A405 Safari/7534.48.3"
24.156.128.139 - - [17/Nov/2017:05:07:00 +0000] "POST /search/?c=Electronics+Books HTTP/1.1" 200 96 "/category/books" "Mozilla/5.0 (Windows NT 6.0; rv:10.0.1) Gecko/20100101 Firefox/10.0.1"
72.114.161.169 - - [17/Nov/2017:05:07:05 +0000] "GET /category/software HTTP/1.1" 200 125 "/category/books?from=20" "Mozilla/5.0 (iPad; CPU OS 5_0_1 like Mac OS X) AppleWebKit/534.46 (KHTML, like Gecko) Version/5.1 Mobile/9A405 Safari/7534.48.3"
84.126.57.104 - - [17/Nov/2017:05:07:10 +0000] "POST /search/?c=Music HTTP/1.1" 200 44 "-" "Mozilla/5.0 (Windows NT 6.0; rv:10.0.1) Gecko/20100101 Firefox/10.0.1"
180.36.176.29 - - [17/Nov/2017:05:07:15 +0000] "GET /item/garden/4271 HTTP/1.1" 200 127 "-" "Mozilla/5.0 (Windows NT 6.0; rv:10.0.1) Gecko/20100101 Firefox/10.0.1"
188.69.32.39 - - [17/Nov/2017:05:07:20 +0000] "GET /category/software?from=0 HTTP/1.1" 200 73 "/item/toys/3743" "Mozilla/5.0 (iPhone; CPU iPhone OS 5_0_1 like Mac OS X) AppleWebKit/534.46 (KHTML, like Gecko) Version/5.1 Mobile/9A405 Safari/7534.48.3"
120.144.87.152 - - [17/Nov/2017:05:07:25 +0000] "GET /category/office HTTP/1.1" 200 57 "http://www.google.com/search?ie=UTF-8&q=google&sclient=psy-ab&q=Office&oq=Office&aq=f&aqi=g-vL1&aql=&pbx=1&bav=on.2,or.r_gc.r_pw.r_qf.,cf.osb&biw=2778&bih=302" "Mozilla/5.0 (Windows NT 6.0) AppleWebKit/535.11 (KHTML, like Gecko) Chrome/17.0.963.56 Safari/535.11"
200.78.216.173 - - [17/Nov/2017:05:07:30 +0000] "GET /item/office/863 HTTP/1.1" 200 125 "/search/?c=Office+Electronics" "Mozilla/5.0 (compatible; MSIE 9.0; Windows NT 6.1; WOW64; Trident/5.0)"
224.87.199.41 - - [17/Nov/2017:05:07:35 +0000] "GET /item/sports/4528 HTTP/1.1" 200 43 "/search/?c=Sports+Electronics" "Mozilla/5.0 (Windows NT 6.1; WOW64) AppleWebKit/535.7 (KHTML, like Gecko) Chrome/16.0.912.77 Safari/535.7"
208.180.75.49 - - [17/Nov/2017:05:07:40 +0000] "GET /item/games/3868 HTTP/1.1" 200 98 "/category/electronics" "Mozilla/5.0 (Windows NT 6.0; rv:10.0.1) Gecko/20100101 Firefox/10.0.1"
188.138.65.208 - - [17/Nov/2017:05:07:45 +0000] "POST /search/?c=Giftcards+Music HTTP/1.1" 200 118 "-" "Mozilla/5.0 (compatible; MSIE 9.0; Windows NT 6.1; Trident/5.0)"
184.57.118.95 - - [17/Nov/2017:05:07:50 +0000] "GET /item/giftcards/4236 HTTP/1.1" 200 71 "-" "Mozilla/5.0 (Windows NT 6.1; WOW64) AppleWebKit/535.11 (KHTML, like Gecko) Chrome/17.0.963.56 Safari/535.11"
160.78.211.42 - - [17/Nov/2017:05:07:55 +0000] "GET /category/software HTTP/1.1" 200 84 "-" "Mozilla/5.0 (compatible; MSIE 9.0; Windows NT 6.1; Trident/5.0)"
80.96.105.54 - - [17/Nov/2017:05:08:00 +0000] "GET /category/sports HTTP/1.1" 200 118 "/category/books" "Mozilla/5.0 (compatible; MSIE 9.0; Windows NT 6.1; WOW64; Trident/5.0)"
44.198.64.135 - - [17/Nov/2017:05:08:05 +0000] "GET /category/office?from=0 HTTP/1.1" 200 50 "-" "Mozilla/4.0 (compatible; MSIE 8.0; Windows NT 6.1; WOW64; Trident/4.0; GTB7.2; SLCC2; .NET CLR 2.0.50727; .NET CLR 3.5.30729; .NET CLR 3.0.30729; Media Center PC 6.0; .NET4.0C)"
80.120.169.42 - - [17/Nov/2017:05:08:10 +0000] "GET /item/software/2 HTTP/1.1" 200 139 "/category/software" "Mozilla/5.0 (Windows NT 6.1; WOW64; rv:10.0.1) Gecko/20100101 Firefox/10.0.1"
188.36.41.47 - - [17/Nov/2017:05:08:15 +0000] "GET /category/jewelry HTTP/1.1" 200 137 "/category/books" "Mozilla/4.0 (compatible; MSIE 8.0; Windows NT 6.0; WOW64; Trident/4.0; GTB6; SLCC1; .NET CLR 2.0.50727; Media Center PC 5.0; .NET CLR 3.5.30729; .NET CLR 3.0.30618; .NET4.0C)"
36.183.156.215 - - [17/Nov/2017:05:08:20 +0000] "GET /category/music HTTP/1.1" 200 138 "-" "Mozilla/5.0 (Windows NT 6.0) AppleWebKit/535.11 (KHTML, like Gecko) Chrome/17.0.963.56 Safari/535.11"
60.186.25.54 - - [17/Nov/2017:05:08:25 +0000] "GET /category/electronics HTTP/1.1" 200 128 "-" "Mozilla/5.0 (compatible; Googlebot/2.1; +http://www.google.com/bot.html)"
24.57.24.122 - - [17/Nov/2017:05:08:30 +0000] "POST /search/?c=Electronics+Games HTTP/1.1" 200 138 "-" "Mozilla/5.0 (compatible; MSIE 9.0; Windows NT 6.1; WOW64; Trident/5.0)"
64.102.84.121 - - [17/Nov/2017:05:08:35 +0000] "GET /category/jewelry HTTP/1.1" 200 111 "http://www.google.com/search?ie=UTF-8&q=google&sclient=psy-ab&q=Jewelry+Computers&oq=Jewelry+Computers&aq=f&aqi=g-vL1&aql=&pbx=1&bav=on.2,or.r_gc.r_pw.r_qf.,cf.osb&biw=1284&bih=2" "Mozilla/5.0 (Windows NT 6.1; WOW64) AppleWebKit/535.11 (KHTML, like Gecko) Chrome/17.0.963.56 Safari/535.11"
188.96.51.51 - - [17/Nov/2017:05:08:40 +0000] "GET /category/books HTTP/1.1" 200 121 "/item/giftcards/2452" "Mozilla/5.0 (Windows NT 5.1) AppleWebKit/535.11 (KHTML, like Gecko) Chrome/17.0.963.46 Safari/535.11"
204.57.93.50 - - [17/Nov/2017:05:08:45 +0000] "GET /category/networking HTTP/1.1" 200 136 "-" "Mozilla/5.0 (Macintosh; Intel Mac OS X 10.6; rv:9.0.1) Gecko/20100101 Firefox/9.0.1"
212.66.174.222 - - [17/Nov/2017:05:08:50 +0000] "GET /category/jewelry HTTP/1.1" 200 82 "/search/?c=Giftcards+Music" "Mozilla/5.0 (Macintosh; Intel Mac OS X 10.6; rv:9.0.1) Gecko/20100101 Firefox/9.0.1"
72.216.215.73 - - [17/Nov/2017:05:08:55 +0000] "GET /item/electronics/4788 HTTP/1.1" 200 46 "-" "Mozilla/4.0 (compatible; MSIE 8.0; Windows NT 6.1; Trident/4.0; YTB730; SLCC2; .NET CLR 2.0.50727; .NET CLR 3.5.30729; .NET CLR 3.0.30729; Media Center PC 6.0; .NET4.0C)"
224.36.20.68 - - [17/Nov/2017:05:09:00 +0000] "GET /item/electronics/1270 HTTP/1.1" 200 107 "/category/electronics" "Mozilla/5.0 (iPad; CPU OS 5_0_1 like Mac OS X) AppleWebKit/534.46 (KHTML, like Gecko) Version/5.1 Mobile/9A405 Safari/7534.48.3"
24.48.22.162 - - [17/Nov/2017:05:09:05 +0000] "GET /category/toys HTTP/1.1" 200 63 "-" "Mozilla/5.0 (compatible; MSIE 9.0; Windows NT 6.1; WOW64; Trident/5.0)"
228.186.82.142 - - [17/Nov/2017:05:09:10 +0000] "GET /category/games HTTP/1.1" 200 114 "-" "Mozilla/5.0 (Macintosh; Intel Mac OS X 10.6; rv:9.0.1) Gecko/20100101 Firefox/9.0.1"
180.186.35.139 - - [17/Nov/2017:05:09:15 +0000] "GET /category/games?from=20 HTTP/1.1" 200 119 "/category/office" "Mozilla/5.0 (compatible; Googlebot/2.1; +http://www.google.com/bot.html)"
172.126.211.27 - - [17/Nov/2017:05:09:20 +0000] "GET /category/software HTTP/1.1" 200 81 "-" "Mozilla/4.0 (compatible; MSIE 8.0; Windows NT 6.0; WOW64; Trident/4.0; GTB6; SLCC1; .NET CLR 2.0.50727; Media Center PC 5.0; .NET CLR 3.5.30729; .NET CLR 3.0.30618; .NET4.0C)"
196.96.50.86 - - [17/Nov/2017:05:09:25 +0000] "GET /category/electronics HTTP/1.1" 200 68 "/item/electronics/3410" "Mozilla/5.0 (compatible; MSIE 9.0; Windows NT 6.1; WOW64; Trident/5.0)"
80.57.31.216 - - [17/Nov/2017:05:09:30 +0000] "GET /category/books HTTP/1.1" 200 101 "-" "Mozilla/5.0 (compatible; Googlebot/2.1; +http://www.google.com/bot.html)"
72.138.35.193 - - [17/Nov/2017:05:09:35 +0000] "POST /search/?c=Games+Giftcards HTTP/1.1" 200 78 "/category/software" "Mozilla/5.0 (Windows NT 6.1; WOW64; rv:10.0.1) Gecko/20100101 Firefox/10.0.1"
168.108.171.195 - - [17/Nov/2017:05:09:40 +0000] "GET /category/electronics HTTP/1.1" 200 62 "/item/toys/2543" "Mozilla/5.0 (Windows NT 6.1; WOW64) AppleWebKit/535.11 (KHTML, like Gecko) Chrome/17.0.963.56 Safari/535.11"
212.96.91.36 - - [17/Nov/2017:05:09:45 +0000] "GET /category/software HTTP/1.1" 200 123 "/category/networking" "Mozilla/4.0 (compatible; MSIE 8.0; Windows NT 6.1; WOW64; Trident/4.0; YTB730; GTB7.2; EasyBits GO v1.0; SLCC2; .NET CLR 2.0.50727; .NET CLR 3.5.30729; .NET CLR 3.0.30729; Media Center PC 6.0; .NET4.0C)"
56.117.147.155 - - [17/Nov/2017:05:09:50 +0000] "POST /search/?c=Toys HTTP/1.1" 200 96 "-" "Mozilla/5.0 (compatible; Googlebot/2.1; +http://www.google.com/bot.html)"
112.165.201.203 - - [17/Nov/2017:05:09:55 +0000] "GET /category/software?from=0 HTTP/1.1" 200 64 "/category/networking" "Mozilla/4.0 (compatible; MSIE 8.0; Windows NT 6.1; WOW64; Trident/4.0; YTB730; GTB7.2; EasyBits GO v1.0; SLCC2; .NET CLR 2.0.50727; .NET CLR 3.5.30729; .NET CLR 3.0.30729; Media Center PC 6.0; .NET4.0C)"
156.129.86.124 - - [17/Nov/2017:05:10:00 +0000] "GET /category/sports HTTP/1.1" 200 98 "-" "Mozilla/5.0 (compatible; MSIE 9.0; Windows NT 6.1; Trident/5.0)"
144.159.198.187 - - [17/Nov/2017:05:10:05 +0000] "GET /category/books HTTP/1.1" 200 78 "-" "Mozilla/4.0 (compatible; MSIE 8.0; Windows NT 6.1; WOW64; Trident/4.0; GTB7.2; SLCC2; .NET CLR 2.0.50727; .NET CLR 3.5.30729; .NET CLR 3.0.30729; Media Center PC 6.0; .NET4.0C)"
172.204.128.196 - - [17/Nov/2017:05:10:10 +0000] "GET /item/electronics/2990 HTTP/1.1" 200 69 "/search/?c=Giftcards+Garden" "Mozilla/5.0 (Windows NT 6.1; WOW64) AppleWebKit/535.11 (KHTML, like Gecko) Chrome/17.0.963.56 Safari/535.11"
112.192.110.197 - - [17/Nov/2017:05:10:15 +0000] "GET /item/software/1831 HTTP/1.1" 200 69 "-" "Mozilla/4.0 (compatible; MSIE 8.0; Windows NT 5.1; Trident/4.0; BTRS122159; GTB7.2; .NET CLR 1.1.4322; .NET CLR 2.0.50727; .NET CLR 3.0.04506.30; .NET CLR 3.0.4506.2152; .NET CLR 3.5.30729; BRI/2)"
128.114.217.21 - - [17/Nov/2017:05:10:20 +0000] "GET /category/computers HTTP/1.1" 200 101 "-" "Mozilla/5.0 (iPhone; CPU iPhone OS 5_0_1 like Mac OS X) AppleWebKit/534.46 (KHTML, like Gecko) Version/5.1 Mobile/9A405 Safari/7534.48.3"
60.51.108.129 - - [17/Nov/2017:05:10:25 +0000] "GET /category/software HTTP/1.1" 200 134 "-" "Mozilla/4.0 (compatible; MSIE 8.0; Windows NT 5.1; Trident/4.0; YTB720; GTB7.2; .NET CLR 1.1.4322; .NET CLR 2.0.50727; .NET CLR 3.0.4506.2152; .NET CLR 3.5.30729)"
60.81.133.199 - - [17/Nov/2017:05:10:30 +0000] "POST /search/?c=Garden+Electronics HTTP/1.1" 200 101 "/category/giftcards" "Mozilla/5.0 (Windows NT 6.0; rv:10.0.1) Gecko/20100101 Firefox/10.0.1"
84.207.145.22 - - [17/Nov/2017:05:10:35 +0000] "GET /item/jewelry/4156 HTTP/1.1" 200 71 "-" "Mozilla/5.0 (compatible; MSIE 9.0; Windows NT 6.1; WOW64; Trident/5.0)"
48.54.101.46 - - [17/Nov/2017:05:10:40 +0000] "GET /category/electronics HTTP/1.1" 200 43 "/category/toys" "Mozilla/5.0 (Windows NT 6.0; rv:10.0.1) Gecko/20100101 Firefox/10.0.1"
176.228.179.33 - - [17/Nov/2017:05:10:45 +0000] "GET /item/software/1017 HTTP/1.1" 200 109 "/category/software" "Mozilla/4.0 (compatible; MSIE 8.0; Windows NT 5.1; Trident/4.0; YTB720; GTB7.2; .NET CLR 1.1.4322; .NET CLR 2.0.50727; .NET CLR 3.0.4506.2152; .NET CLR 3.5.30729)"
152.114.173.61 - - [17/Nov/2017:05:10:50 +0000] "GET /category/music HTTP/1.1" 200 117 "-" "Mozilla/4.0 (compatible; MSIE 8.0; Windows NT 5.1; Trident/4.0; YTB720; GTB7.2; .NET CLR 1.1.4322; .NET CLR 2.0.50727; .NET CLR 3.0.4506.2152; .NET CLR 3.5.30729)"
220.72.103.132 - - [17/Nov/2017:05:10:55 +0000] "GET /category/electronics HTTP/1.1" 200 61 "/category/office" "Mozilla/5.0 (compatible; MSIE 9.0; Windows NT 6.1; Trident/5.0)"
108.78.86.154 - - [17/Nov/2017:05:11:00 +0000] "GET /category/games HTTP/1.1" 200 47 "/item/finance/2549" "Mozilla/5.0 (Windows NT 6.0) AppleWebKit/535.11 (KHTML, like Gecko) Chrome/17.0.963.56 Safari/535.11"
204.111.23.227 - - [17/Nov/2017:05:11:05 +0000] "GET /category/networking?from=10 HTTP/1.1" 200 59 "/item/sports/13" "Mozilla/4.0 (compatible; MSIE 8.0; Windows NT 6.1; Trident/4.0; YTB730; SLCC2; .NET CLR 2.0.50727; .NET CLR 3.5.30729; .NET CLR 3.0.30729; Media Center PC 6.0; .NET4.0C)"
56.48.140.129 - - [17/Nov/2017:05:11:10 +0000] "GET /item/electronics/695 HTTP/1.1" 200 125 "/category/electronics" "Mozilla/5.0 (compatible; MSIE 9.0; Windows NT 6.1; WOW64; Trident/5.0)"
112.66.219.85 - - [17/Nov/2017:05:11:15 +0000] "GET /category/software HTTP/1.1" 200 84 "/item/electronics/2699" "Mozilla/5.0 (compatible; Googlebot/2.1; +http://www.google.com/bot.html)"
52.216.223.224 - - [17/Nov/2017:05:11:20 +0000] "GET /category/finance HTTP/1.1" 200 76 "/item/electronics/950" "Mozilla/5.0 (Windows NT 6.0; rv:10.0.1) Gecko/20100101 Firefox/10.0.1"
52.51.140.109 - - [17/Nov/2017:05:11:25 +0000] "GET /category/software?from=20 HTTP/1.1" 200 49 "/search/?c=Software" "Mozilla/5.0 (Macintosh; Intel Mac OS X 10.6; rv:9.0.1) Gecko/20100101 Firefox/9.0.1"
56.123.71.53 - - [17/Nov/2017:05:11:30 +0000] "GET /category/electronics HTTP/1.1" 200 84 "-" "Mozilla/5.0 (Macintosh; Intel Mac OS X 10.6; rv:9.0.1) Gecko/20100101 Firefox/9.0.1"
172.186.53.43 - - [17/Nov/2017:05:11:35 +0000] "GET /category/electronics?from=0 HTTP/1.1" 200 101 "-" "Mozilla/5.0 (Windows NT 6.1; WOW64) AppleWebKit/535.11 (KHTML, like Gecko) Chrome/17.0.963.56 Safari/535.11"
128.159.112.128 - - [17/Nov/2017:05:11:40 +0000] "GET /category/networking HTTP/1.1" 200 83 "-" "Mozilla/5.0 (compatible; MSIE 9.0; Windows NT 6.1; Trident/5.0)"
160.168.34.130 - - [17/Nov/2017:05:11:45 +0000] "GET /category/networking HTTP/1.1" 200 119 "/category/electronics" "Mozilla/4.0 (compatible; MSIE 8.0; Windows NT 6.1; WOW64; Trident/4.0; YTB730; GTB7.2; SLCC2; .NET CLR 2.0.50727; .NET CLR 3.5.30729; .NET CLR 3.0.30729; .NET4.0C; .NET4.0E; Media Center PC 6.0)"
168.108.171.195 - - [17/Nov/2017:05:11:50 +0000] "GET /item/electronics/1876 HTTP/1.1" 200 54 "/category/cameras" "Mozilla/5.0 (Windows NT 6.0; rv:10.0.1) Gecko/20100101 Firefox/10.0.1"
100.54.117.195 - - [17/Nov/2017:05:11:55 +0000] "GET /category/music HTTP/1.1" 200 56 "/item/books/1573" "Mozilla/5.0 (iPhone; CPU iPhone OS 5_0_1 like Mac OS X) AppleWebKit/534.46 (KHTML, like Gecko) Version/5.1 Mobile/9A405 Safari/7534.48.3"
208.183.145.211 - - [17/Nov/2017:05:12:00 +0000] "GET /category/games HTTP/1.1" 200 97 "/category/finance?from=20" "Mozilla/5.0 (Windows NT 6.0) AppleWebKit/535.11 (KHTML, like Gecko) Chrome/17.0.963.56 Safari/535.11"
48.195.168.33 - - [17/Nov/2017:05:12:05 +0000] "GET /item/games/1547 HTTP/1.1" 200 113 "/search/?c=Giftcards+Music" "Mozilla/4.0 (compatible; MSIE 8.0; Windows NT 6.1; WOW64; Trident/4.0; YTB730; GTB7.2; EasyBits GO v1.0; SLCC2; .NET CLR 2.0.50727; .NET CLR 3.5.30729; .NET CLR 3.0.30729; Media Center PC 6.0; .NET4.0C)"
116.39.203.186 - - [17/Nov/2017:05:12:10 +0000] "GET /category/jewelry HTTP/1.1" 200 114 "-" "Mozilla/5.0 (Windows NT 6.1; WOW64) AppleWebKit/535.7 (KHTML, like Gecko) Chrome/16.0.912.77 Safari/535.7"
120.93.127.152 - - [17/Nov/2017:05:12:15 +0000] "GET /category/books HTTP/1.1" 200 109 "-" "Mozilla/5.0 (Windows NT 6.1; WOW64) AppleWebKit/535.7 (KHTML, like Gecko) Chrome/16.0.912.77 Safari/535.7"
220.222.196.154 - - [17/Nov/2017:05:12:20 +0000] "GET /category/electronics HTTP/1.1" 200 104 "/item/office/2855" "Mozilla/5.0 (compatible; MSIE 9.0; Windows NT 6.1; Trident/5.0)"
204.156.85.164 - - [17/Nov/2017:05:12:25 +0000] "GET /item/software/1017 HTTP/1.1" 200 109 "/search/?c=Software" "Mozilla/5.0 (Windows NT 6.0) AppleWebKit/535.11 (KHTML, like Gecko) Chrome/17.0.963.56 Safari/535.11"
100.165.48.87 - - [17/Nov/2017:05:12:30 +0000] "POST /search/?c=Electronics+Software HTTP/1.1" 200 67 "/item/electronics/4251" "Mozilla/5.0 (compatible; MSIE 9.0; Windows NT 6.1; Trident/5.0)"
20.60.176.150 - - [17/Nov/2017:05:12:35 +0000] "GET /category/games HTTP/1.1" 200 107 "-" "Mozilla/5.0 (compatible; MSIE 9.0; Windows NT 6.1; WOW64; Trident/5.0)"
116.21.137.191 - - [17/Nov/2017:05:12:40 +0000] "GET /category/finance?from=20 HTTP/1.1" 200 116 "/item/books/4586" "Mozilla/5.0 (Windows NT 6.1; WOW64) AppleWebKit/535.7 (KHTML, like Gecko) Chrome/16.0.912.77 Safari/535.7"
132.120.217.35 - - [17/Nov/2017:05:12:45 +0000] "GET /category/books HTTP/1.1" 200 41 "-" "Mozilla/4.0 (compatible; MSIE 8.0; Windows NT 6.1; WOW64; Trident/4.0; GTB7.2; SLCC2; .NET CLR 2.0.50727; .NET CLR 3.5.30729; .NET CLR 3.0.30729; Media Center PC 6.0; .NET4.0C)"
112.132.152.220 - - [17/Nov/2017:05:12:50 +0000] "GET /category/software HTTP/1.1" 200 58 "-" "Mozilla/5.0 (Windows NT 6.1; WOW64; rv:10.0.1) Gecko/20100101 Firefox/10.0.1"
104.207.115.95 - - [17/Nov/2017:05:12:55 +0000] "GET /category/software HTTP/1.1" 200 70 "/category/electronics" "Mozilla/5.0 (iPhone; CPU iPhone OS 5_0_1 like Mac OS X) AppleWebKit/534.46 (KHTML, like Gecko) Version/5.1 Mobile/9A405 Safari/7534.48.3"
68.24.152.91 - - [17/Nov/2017:05:13:00 +0000] "GET /category/electronics HTTP/1.1" 200 138 "/item/electronics/4574" "Mozilla/4.0 (compatible; MSIE 8.0; Windows NT 5.1; Trident/4.0; BTRS122159; GTB7.2; .NET CLR 1.1.4322; .NET CLR 2.0.50727; .NET CLR 3.0.04506.30; .NET CLR 3.0.4506.2152; .NET CLR 3.5.30729; BRI/2)"
128.72.166.105 - - [17/Nov/2017:05:13:05 +0000] "GET /category/electronics HTTP/1.1" 200 62 "-" "Mozilla/5.0 (Windows NT 6.0) AppleWebKit/535.11 (KHTML, like Gecko) Chrome/17.0.963.56 Safari/535.11"
120.189.186.127 - - [17/Nov/2017:05:13:10 +0000] "POST /search/?c=Office HTTP/1.1" 200 138 "/category/books?from=10" "Mozilla/5.0 (Macintosh; Intel Mac OS X 10.6; rv:9.0.1) Gecko/20100101 Firefox/9.0.1"
156.69.192.82 - - [17/Nov/2017:05:13:15 +0000] "GET /item/health/3590 HTTP/1.1" 200 95 "/category/software" "Mozilla/5.0 (compatible; MSIE 9.0; Windows NT 6.1; WOW64; Trident/5.0)"
68.72.35.74 - - [17/Nov/2017:05:13:20 +0000] "GET /category/cameras HTTP/1.1" 200 124 "/category/books" "Mozilla/4.0 (compatible; MSIE 8.0; Windows NT 6.1; Trident/4.0; YTB730; SLCC2; .NET CLR 2.0.50727; .NET CLR 3.5.30729; .NET CLR 3.0.30729; Media Center PC 6.0; .NET4.0C)"
152.129.164.95 - - [17/Nov/2017:05:13:25 +0000] "GET /category/games HTTP/1.1" 200 116 "/category/books" "Mozilla/5.0 (Macintosh; Intel Mac OS X 10.6; rv:9.0.1) Gecko/20100101 Firefox/9.0.1"
72.123.144.157 - - [17/Nov/2017:05:13:30 +0000] "GET /category/games HTTP/1.1" 200 107 "-" "Mozilla/5.0 (Windows NT 6.1; WOW64) AppleWebKit/535.11 (KHTML, like Gecko) Chrome/17.0.963.56 Safari/535.11"
72.189.134.198 - - [17/Nov/2017:05:13:35 +0000] "GET /category/software?from=0 HTTP/1.1" 200 66 "/item/software/71" "Mozilla/5.0 (compatible; Googlebot/2.1; +http://www.google.com/bot.html)"
156.189.180.223 - - [17/Nov/2017:05:13:40 +0000] "POST /search/?c=Software+Garden HTTP/1.1" 200 98 "/category/electronics?from=0" "Mozilla/5.0 (compatible; MSIE 9.0; Windows NT 6.1; Trident/5.0)"
48.105.184.168 - - [17/Nov/2017:05:13:45 +0000] "GET /category/books HTTP/1.1" 200 41 "/item/garden/995" "Mozilla/4.0 (compatible; MSIE 8.0; Windows NT 6.1; Trident/4.0; YTB730; SLCC2; .NET CLR 2.0.50727; .NET CLR 3.5.30729; .NET CLR 3.0.30729; Media Center PC 6.0; .NET4.0C)"
136.21.168.104 - - [17/Nov/2017:05:13:50 +0000] "GET /item/garden/4383 HTTP/1.1" 200 95 "http://www.google.com/search?ie=UTF-8&q=google&sclient=psy-ab&q=Garden&oq=Garden&aq=f&aqi=g-vL1&aql=&pbx=1&bav=on.2,or.r_gc.r_pw.r_qf.,cf.osb&biw=423&bih=381" "Mozilla/4.0 (compatible; MSIE 8.0; Windows NT 6.1; WOW64; Trident/4.0; YTB730; GTB7.2; EasyBits GO v1.0; SLCC2; .NET CLR 2.0.50727; .NET CLR 3.5.30729; .NET CLR 3.0.30729; Media Center PC 6.0; .NET4.0C)"
200.138.201.118 - - [17/Nov/2017:05:13:55 +0000] "GET /item/software/2487 HTTP/1.1" 200 51 "-" "Mozilla/4.0 (compatible; MSIE 8.0; Windows NT 5.1; Trident/4.0; YTB720; GTB7.2; .NET CLR 1.1.4322; .NET CLR 2.0.50727; .NET CLR 3.0.4506.2152; .NET CLR 3.5.30729)"
52.153.207.187 - - [17/Nov/2017:05:14:00 +0000] "GET /category/software?from=0 HTTP/1.1" 200 137 "/category/software" "Mozilla/4.0 (compatible; MSIE 8.0; Windows NT 6.1; Trident/4.0; YTB730; SLCC2; .NET CLR 2.0.50727; .NET CLR 3.5.30729; .NET CLR 3.0.30729; Media Center PC 6.0; .NET4.0C)"
208.180.75.49 - - [17/Nov/2017:05:14:05 +0000] "POST /search/?c=Giftcards+Garden HTTP/1.1" 200 82 "/category/music" "Mozilla/5.0 (Windows NT 6.0; rv:10.0.1) Gecko/20100101 Firefox/10.0.1"
180.48.74.50 - - [17/Nov/2017:05:14:10 +0000] "GET /category/electronics HTTP/1.1" 200 67 "/category/electronics" "Mozilla/5.0 (Macintosh; Intel Mac OS X 10.6; rv:9.0.1) Gecko/20100101 Firefox/9.0.1"
156.111.173.188 - - [17/Nov/2017:05:14:15 +0000] "POST /search/?c=Sports+Giftcards HTTP/1.1" 200 117 "-" "Mozilla/5.0 (iPad; CPU OS 5_0_1 like Mac OS X) AppleWebKit/534.46 (KHTML, like Gecko) Version/5.1 Mobile/9A405 Safari/7534.48.3"
92.117.27.32 - - [17/Nov/2017:05:14:20 +0000] "POST /search/?c=Electronics+Software HTTP/1.1" 200 77 "-" "Mozilla/5.0 (Windows NT 6.1; WOW64; rv:10.0.1) Gecko/20100101 Firefox/10.0.1"
80.126.81.138 - - [17/Nov/2017:05:14:25 +0000] "GET /item/games/2827 HTTP/1.1" 200 113 "-" "Mozilla/5.0 (Macintosh; Intel Mac OS X 10.6; rv:9.0.1) Gecko/20100101 Firefox/9.0.1"
88.141.158.50 - - [17/Nov/2017:05:14:30 +0000] "GET /item/electronics/3940 HTTP/1.1" 200 139 "/item/software/4933" "Mozilla/5.0 (compatible; MSIE 9.0; Windows NT 6.1; Trident/5.0)"
92.204.226.50 - - [17/Nov/2017:05:14:35 +0000] "GET /category/games?from=0 HTTP/1.1" 200 124 "/item/games/2215" "Mozilla/5.0 (compatible; MSIE 9.0; Windows NT 6.1; Trident/5.0)"
48.75.157.55 - - [17/Nov/2017:05:14:40 +0000] "GET /category/games HTTP/1.1" 200 57 "/category/games" "Mozilla/5.0 (Macintosh; Intel Mac OS X 10.6; rv:9.0.1) Gecko/20100101 Firefox/9.0.1"
168.27.211.221 - - [17/Nov/2017:05:14:45 +0000] "GET /category/games HTTP/1.1" 200 59 "/item/games/110" "Mozilla/5.0 (compatible; MSIE 9.0; Windows NT 6.1; Trident/5.0)"
228.123.64.116 - - [17/Nov/2017:05:14:50 +0000] "GET /category/office HTTP/1.1" 200 69 "-" "Mozilla/5.0 (Macintosh; Intel Mac OS X 10.6; rv:9.0.1) Gecko/20100101 Firefox/9.0.1"
96.135.141.175 - - [17/Nov/2017:05:14:55 +0000] "GET /category/electronics HTTP/1.1" 200 75 "-" "Mozilla/5.0 (compatible; MSIE 9.0; Windows NT 6.1; Trident/5.0)"
56.24.57.163 - - [17/Nov/2017:05:15:00 +0000] "GET /category/software HTTP/1.1" 200 105 "/category/books" "Mozilla/4.0 (compatible; MSIE 8.0; Windows NT 6.1; WOW64; Trident/4.0; YTB730; GTB7.2; EasyBits GO v1.0; SLCC2; .NET CLR 2.0.50727; .NET CLR 3.5.30729; .NET CLR 3.0.30729; Media Center PC 6.0; .NET4.0C)"
124.48.209.187 - - [17/Nov/2017:05:15:05 +0000] "GET /category/cameras HTTP/1.1" 200 124 "/item/electronics/4339" "Mozilla/5.0 (compatible; MSIE 9.0; Windows NT 6.1; Trident/5.0)"
164.45.62.175 - - [17/Nov/2017:05:15:10 +0000] "GET /item/books/4062 HTTP/1.1" 200 105 "/category/sports" "Mozilla/5.0 (Macintosh; Intel Mac OS X 10.6; rv:9.0.1) Gecko/20100101 Firefox/9.0.1"
108.132.126.119 - - [17/Nov/2017:05:15:15 +0000] "GET /category/finance HTTP/1.1" 200 55 "/category/software" "Mozilla/4.0 (compatible; MSIE 8.0; Windows NT 5.1; Trident/4.0; BTRS122159; GTB7.2; .NET CLR 1.1.4322; .NET CLR 2.0.50727; .NET CLR 3.0.04506.30; .NET CLR 3.0.4506.2152; .NET CLR 3.5.30729; BRI/2)"
72.123.67.110 - - [17/Nov/2017:05:15:20 +0000] "GET /category/software HTTP/1.1" 200 105 "-" "Mozilla/5.0 (iPhone; CPU iPhone OS 5_0_1 like Mac OS X) AppleWebKit/534.46 (KHTML, like Gecko) Version/5.1 Mobile/9A405 Safari/7534.48.3"
20.63.176.160 - - [17/Nov/2017:05:15:25 +0000] "GET /category/sports?from=10 HTTP/1.1" 200 52 "/search/?c=Software+Books" "Mozilla/5.0 (Windows NT 5.1) AppleWebKit/535.11 (KHTML, like Gecko) Chrome/17.0.963.46 Safari/535.11"
176.39.95.81 - - [17/Nov/2017:05:15:30 +0000] "GET /item/electronics/4788 HTTP/1.1" 200 46 "/search/?c=Electronics" "Mozilla/5.0 (Windows NT 6.0; rv:10.0.1) Gecko/20100101 Firefox/10.0.1"
88.222.58.180 - - [17/Nov/2017:05:15:35 +0000] "GET /category/cameras HTTP/1.1" 200 124 "-" "Mozilla/5.0 (Windows NT 6.1; WOW64) AppleWebKit/535.7 (KHTML, like Gecko) Chrome/16.0.912.77 Safari/535.7"
52.147.207.228 - - [17/Nov/2017:05:15:40 +0000] "GET /item/office/378 HTTP/1.1" 200 57 "/category/software" "Mozilla/5.0 (compatible; MSIE 9.0; Windows NT 6.1; WOW64; Trident/5.0)"
224.195.180.118 - - [17/Nov/2017:05:15:45 +0000] "GET /category/electronics HTTP/1.1" 200 79 "/item/giftcards/4757" "Mozilla/5.0 (Windows NT 6.1; WOW64) AppleWebKit/535.11 (KHTML, like Gecko) Chrome/17.0.963.56 Safari/535.11"
60.90.187.169 - - [17/Nov/2017:05:15:50 +0000] "GET /category/health HTTP/1.1" 200 118 "http://www.google.com/search?ie=UTF-8&q=google&sclient=psy-ab&q=Health&oq=Health&aq=f&aqi=g-vL1&aql=&pbx=1&bav=on.2,or.r_gc.r_pw.r_qf.,cf.osb&biw=2904&bih=570" "Mozilla/5.0 (compatible; MSIE 9.0; Windows NT 6.1; WOW64; Trident/5.0)"
160.24.68.124 - - [17/Nov/2017:05:15:55 +0000] "GET /category/office HTTP/1.1" 200 132 "-" "Mozilla/5.0 (Windows NT 6.0; rv:10.0.1) Gecko/20100101 Firefox/10.0.1"
84.72.133.74 - - [17/Nov/2017:05:16:00 +0000] "GET /category/toys HTTP/1.1" 200 57 "/category/jewelry" "Mozilla/5.0 (Windows NT 6.1; WOW64; rv:10.0.1) Gecko/20100101 Firefox/10.0.1"
96.105.101.123 - - [17/Nov/2017:05:16:05 +0000] "GET /item/jewelry/1473 HTTP/1.1" 200 48 "-" "Mozilla/4.0 (compatible; MSIE 8.0; Windows NT 6.1; WOW64; Trident/4.0; GTB7.2; SLCC2; .NET CLR 2.0.50727; .NET CLR 3.5.30729; .NET CLR 3.0.30729; Media Center PC 6.0; .NET4.0C)"
36.144.139.176 - - [17/Nov/2017:05:16:10 +0000] "GET /item/electronics/663 HTTP/1.1" 404 78 "/category/sports" "Mozilla/4.0 (compatible; MSIE 8.0; Windows NT 5.1; Trident/4.0; YTB720; GTB7.2; .NET CLR 1.1.4322; .NET CLR 2.0.50727; .NET CLR 3.0.4506.2152; .NET CLR 3.5.30729)"
228.165.180.112 - - [17/Nov/2017:05:16:15 +0000] "GET /category/cameras HTTP/1.1" 200 69 "/category/giftcards" "Mozilla/5.0 (Windows NT 6.1; WOW64) AppleWebKit/535.7 (KHTML, like Gecko) Chrome/16.0.912.77 Safari/535.7"
224.177.225.75 - - [17/Nov/2017:05:16:20 +0000] "GET /item/electronics/3574 HTTP/1.1" 200 77 "-" "Mozilla/5.0 (Windows NT 5.1) AppleWebKit/535.11 (KHTML, like Gecko) Chrome/17.0.963.46 Safari/535.11"
196.168.130.146 - - [17/Nov/2017:05:16:25 +0000] "GET /item/garden/4153 HTTP/1.1" 200 77 "http://www.google.com/search?ie=UTF-8&q=google&sclient=psy-ab&q=Garden+Games&oq=Garden+Games&aq=f&aqi=g-vL1&aql=&pbx=1&bav=on.2,or.r_gc.r_pw.r_qf.,cf.osb&biw=1171&bih=204" "Mozilla/5.0 (compatible; MSIE 9.0; Windows NT 6.1; WOW64; Trident/5.0)"
192.213.30.56 - - [17/Nov/2017:05:16:30 +0000] "GET /item/software/2434 HTTP/1.1" 200 120 "-" "Mozilla/5.0 (Windows NT 6.0; rv:10.0.1) Gecko/20100101 Firefox/10.0.1"
44.213.68.121 - - [17/Nov/2017:05:16:35 +0000] "GET /category/office HTTP/1.1" 200 79 "-" "Mozilla/5.0 (Windows NT 6.1; WOW64) AppleWebKit/535.11 (KHTML, like Gecko) Chrome/17.0.963.56 Safari/535.11"
184.189.139.105 - - [17/Nov/2017:05:16:40 +0000] "GET /category/electronics HTTP/1.1" 200 108 "/item/software/71" "Mozilla/5.0 (Windows NT 6.1; WOW64) AppleWebKit/535.11 (KHTML, like Gecko) Chrome/17.0.963.56 Safari/535.11"
180.147.87.207 - - [17/Nov/2017:05:16:45 +0000] "GET /category/software HTTP/1.1" 200 56 "/category/software" "Mozilla/5.0 (Macintosh; Intel Mac OS X 10.6; rv:9.0.1) Gecko/20100101 Firefox/9.0.1"
44.36.69.119 - - [17/Nov/2017:05:16:50 +0000] "GET /category/sports HTTP/1.1" 200 59 "-" "Mozilla/5.0 (Windows NT 6.1; WOW64; rv:10.0.1) Gecko/20100101 Firefox/10.0.1"
208.81.168.36 - - [17/Nov/2017:05:16:55 +0000] "GET /category/jewelry HTTP/1.1" 200 40 "/search/?c=Music+Giftcards" "Mozilla/5.0 (compatible; MSIE 9.0; Windows NT 6.1; Trident/5.0)"
144.213.38.93 - - [17/Nov/2017:05:17:00 +0000] "GET /category/books HTTP/1.1" 200 73 "/category/electronics" "Mozilla/5.0 (compatible; MSIE 9.0; Windows NT 6.1; WOW64; Trident/5.0)"
96.195.97.48 - - [17/Nov/2017:05:17:05 +0000] "GET /category/books HTTP/1.1" 200 106 "/item/electronics/4030" "Mozilla/5.0 (Windows NT 6.0; rv:10.0.1) Gecko/20100101 Firefox/10.0.1"
152.87.80.46 - - [17/Nov/2017:05:17:10 +0000] "GET /category/giftcards HTTP/1.1" 200 93 "/category/cameras?from=10" "Mozilla/4.0 (compatible; MSIE 8.0; Windows NT 6.1; WOW64; Trident/4.0; YTB730; GTB7.2; EasyBits GO v1.0; SLCC2; .NET CLR 2.0.50727; .NET CLR 3.5.30729; .NET CLR 3.0.30729; Media Center PC 6.0; .NET4.0C)"
36.69.107.106 - - [17/Nov/2017:05:17:15 +0000] "GET /category/cameras HTTP/1.1" 200 115 "/search/?c=Garden+Networking" "Mozilla/5.0 (Windows NT 6.1; WOW64; rv:10.0.1) Gecko/20100101 Firefox/10.0.1"
68.225.106.184 - - [17/Nov/2017:05:17:20 +0000] "GET /category/garden HTTP/1.1" 200 117 "/category/electronics" "Mozilla/5.0 (compatible; MSIE 9.0; Windows NT 6.1; WOW64; Trident/5.0)"
176.120.38.36 - - [17/Nov/2017:05:17:25 +0000] "GET /category/electronics HTTP/1.1" 200 112 "/category/garden" "Mozilla/5.0 (compatible; Googlebot/2.1; +http://www.google.com/bot.html)"
80.45.209.74 - - [17/Nov/2017:05:17:30 +0000] "GET /item/toys/2543 HTTP/1.1" 200 73 "-" "Mozilla/5.0 (compatible; MSIE 9.0; Windows NT 6.1; WOW64; Trident/5.0)"
176.84.117.57 - - [17/Nov/2017:05:17:35 +0000] "GET /item/software/992 HTTP/1.1" 200 113 "/item/electronics/2670" "Mozilla/5.0 (iPad; CPU OS 5_0_1 like Mac OS X) AppleWebKit/534.46 (KHTML, like Gecko) Version/5.1 Mobile/9A405 Safari/7534.48.3"
128.213.155.67 - - [17/Nov/2017:05:17:40 +0000] "GET /item/sports/3851 HTTP/1.1" 200 49 "/search/?c=Sports" "Mozilla/5.0 (Windows NT 6.0; rv:10.0.1) Gecko/20100101 Firefox/10.0.1"
44.132.127.218 - - [17/Nov/2017:05:17:45 +0000] "GET /item/electronics/1270 HTTP/1.1" 200 107 "/search/?c=Cameras+Books" "Mozilla/5.0 (compatible; MSIE 9.0; Windows NT 6.1; WOW64; Trident/5.0)"
212.222.165.164 - - [17/Nov/2017:05:17:50 +0000] "GET /item/finance/2549 HTTP/1.1" 200 114 "/search/?c=Giftcards+Games" "Mozilla/5.0 (Macintosh; Intel Mac OS X 10.6; rv:9.0.1) Gecko/20100101 Firefox/9.0.1"
20.135.151.124 - - [17/Nov/2017:05:17:55 +0000] "GET /category/software HTTP/1.1" 200 106 "/category/electronics" "Mozilla/5.0 (Windows NT 6.1; WOW64; rv:10.0.1) Gecko/20100101 Firefox/10.0.1"
140.213.200.225 - - [17/Nov/2017:05:18:00 +0000] "GET /item/games/3422 HTTP/1.1" 200 88 "http://www.google.com/search?ie=UTF-8&q=google&sclient=psy-ab&q=Games&oq=Games&aq=f&aqi=g-vL1&aql=&pbx=1&bav=on.2,or.r_gc.r_pw.r_qf.,cf.osb&biw=932&bih=231" "Mozilla/5.0 (Windows NT 6.0; rv:10.0.1) Gecko/20100101 Firefox/10.0.1"
88.57.117.104 - - [17/Nov/2017:05:18:05 +0000] "GET /item/computers/2093 HTTP/1.1" 200 91 "/search/?c=Games" "Mozilla/5.0 (Windows NT 6.0; rv:10.0.1) Gecko/20100101 Firefox/10.0.1"
136.165.204.44 - - [17/Nov/2017:05:18:10 +0000] "GET /item/electronics/2104 HTTP/1.1" 200 59 "/category/finance" "Mozilla/5.0 (Windows NT 6.0; rv:10.0.1) Gecko/20100101 Firefox/10.0.1"
84.219.194.27 - - [17/Nov/2017:05:18:15 +0000] "GET /category/electronics HTTP/1.1" 200 79 "-" "Mozilla/4.0 (compatible; MSIE 8.0; Windows NT 6.1; WOW64; Trident/4.0; YTB730; GTB7.2; SLCC2; .NET CLR 2.0.50727; .NET CLR 3.5.30729; .NET CLR 3.0.30729; .NET4.0C; .NET4.0E; Media Center PC 6.0)"
28.129.126.21 - - [17/Nov/2017:05:18:20 +0000] "GET /category/finance HTTP/1.1" 200 49 "-" "Mozilla/5.0 (Windows NT 6.0; rv:10.0.1) Gecko/20100101 Firefox/10.0.1"
140.36.89.127 - - [17/Nov/2017:05:18:25 +0000] "GET /item/electronics/229 HTTP/1.1" 200 105 "/search/?c=Electronics+Cameras" "Mozilla/4.0 (compatible; MSIE 8.0; Windows NT 6.0; WOW64; Trident/4.0; GTB6; SLCC1; .NET CLR 2.0.50727; Media Center PC 5.0; .NET CLR 3.5.30729; .NET CLR 3.0.30618; .NET4.0C)"
68.192.196.217 - - [17/Nov/2017:05:18:30 +0000] "GET /item/garden/4052 HTTP/1.1" 200 88 "/item/games/1490" "Mozilla/5.0 (Windows NT 6.1; WOW64; rv:10.0.1) Gecko/20100101 Firefox/10.0.1"
188.78.192.171 - - [17/Nov/2017:05:18:35 +0000] "GET /item/electronics/705 HTTP/1.1" 200 92 "/category/electronics" "Mozilla/5.0 (Windows NT 6.0; rv:10.0.1) Gecko/20100101 Firefox/10.0.1"
36.207.70.163 - - [17/Nov/2017:05:18:40 +0000] "GET /item/games/743 HTTP/1.1" 200 128 "/item/electronics/705" "Mozilla/5.0 (iPhone; CPU iPhone OS 5_0_1 like Mac OS X) AppleWebKit/534.46 (KHTML, like Gecko) Version/5.1 Mobile/9A405 Safari/7534.48.3"
152.153.163.83 - - [17/Nov/2017:05:18:45 +0000] "GET /item/books/4942 HTTP/1.1" 200 76 "-" "Mozilla/5.0 (Windows NT 6.1; WOW64) AppleWebKit/535.11 (KHTML, like Gecko) Chrome/17.0.963.56 Safari/535.11"
168.39.135.79 - - [17/Nov/2017:05:18:50 +0000] "GET /category/books HTTP/1.1" 200 54 "-" "Mozilla/5.0 (Windows NT 6.1; WOW64) AppleWebKit/535.7 (KHTML, like Gecko) Chrome/16.0.912.77 Safari/535.7"
64.219.144.181 - - [17/Nov/2017:05:18:55 +0000] "POST /search/?c=Games+Electronics HTTP/1.1" 200 81 "/category/books" "Mozilla/5.0 (iPhone; CPU iPhone OS 5_0_1 like Mac OS X) AppleWebKit/534.46 (KHTML, like Gecko) Version/5.1 Mobile/9A405 Safari/7534.48.3"
136.177.181.50 - - [17/Nov/2017:05:19:00 +0000] "GET /item/finance/4100 HTTP/1.1" 200 84 "/category/jewelry?from=10" "Mozilla/5.0 (iPad; CPU OS 5_0_1 like Mac OS X) AppleWebKit/534.46 (KHTML, like Gecko) Version/5.1 Mobile/9A405 Safari/7534.48.3"
52.54.64.167 - - [17/Nov/2017:05:19:05 +0000] "GET /category/electronics HTTP/1.1" 200 139 "/search/?c=Games+Giftcards" "Mozilla/5.0 (Windows NT 6.1; WOW64) AppleWebKit/535.11 (KHTML, like Gecko) Chrome/17.0.963.56 Safari/535.11"
36.192.126.32 - - [17/Nov/2017:05:19:10 +0000] "GET /item/giftcards/119 HTTP/1.1" 200 93 "-" "Mozilla/5.0 (Windows NT 5.1) AppleWebKit/535.11 (KHTML, like Gecko) Chrome/17.0.963.46 Safari/535.11"
68.183.57.183 - - [17/Nov/2017:05:19:15 +0000] "GET /category/games HTTP/1.1" 200 77 "http://www.google.com/search?ie=UTF-8&q=google&sclient=psy-ab&q=Games&oq=Games&aq=f&aqi=g-vL1&aql=&pbx=1&bav=on.2,or.r_gc.r_pw.r_qf.,cf.osb&biw=4900&bih=32" "Mozilla/4.0 (compatible; MSIE 8.0; Windows NT 6.1; WOW64; Trident/4.0; GTB7.2; SLCC2; .NET CLR 2.0.50727; .NET CLR 3.5.30729; .NET CLR 3.0.30729; Media Center PC 6.0; .NET4.0C)"
144.90.208.217 - - [17/Nov/2017:05:19:20 +0000] "GET /category/games HTTP/1.1" 200 114 "-" "Mozilla/5.0 (Windows NT 6.1; WOW64; rv:10.0.1) Gecko/20100101 Firefox/10.0.1"
84.150.155.34 - - [17/Nov/2017:05:19:25 +0000] "GET /item/finance/4075 HTTP/1.1" 200 77 "/category/garden" "Mozilla/5.0 (compatible; MSIE 9.0; Windows NT 6.1; WOW64; Trident/5.0)"
152.90.227.164 - - [17/Nov/2017:05:19:30 +0000] "GET /item/electronics/2001 HTTP/1.1" 200 90 "/category/electronics" "Mozilla/5.0 (Windows NT 6.1; WOW64) AppleWebKit/535.7 (KHTML, like Gecko) Chrome/16.0.912.77 Safari/535.7"
160.24.68.124 - - [17/Nov/2017:05:19:35 +0000] "GET /item/giftcards/119 HTTP/1.1" 200 93 "/search/?c=Giftcards" "Mozilla/5.0 (compatible; MSIE 9.0; Windows NT 6.1; WOW64; Trident/5.0)"
152.63.117.36 - - [17/Nov/2017:05:19:40 +0000] "GET /item/software/1527 HTTP/1.1" 200 64 "/search/?c=Software+Office" "Mozilla/4.0 (compatible; MSIE 8.0; Windows NT 5.1; Trident/4.0; BTRS122159; GTB7.2; .NET CLR 1.1.4322; .NET CLR 2.0.50727; .NET CLR 3.0.04506.30; .NET CLR 3.0.4506.2152; .NET CLR 3.5.30729; BRI/2)"
220.189.195.98 - - [17/Nov/2017:05:19:45 +0000] "GET /category/books HTTP/1.1" 200 121 "-" "Mozilla/4.0 (compatible; MSIE 8.0; Windows NT 5.1; Trident/4.0; YTB720; GTB7.2; .NET CLR 1.1.4322; .NET CLR 2.0.50727; .NET CLR 3.0.4506.2152; .NET CLR 3.5.30729)"
68.225.106.184 - - [17/Nov/2017:05:19:50 +0000] "GET /category/games HTTP/1.1" 200 100 "/item/games/2779" "Mozilla/5.0 (compatible; MSIE 9.0; Windows NT 6.1; Trident/5.0)"
68.207.95.201 - - [17/Nov/2017:05:19:55 +0000] "GET /category/games HTTP/1.1" 200 47 "-" "Mozilla/5.0 (Windows NT 6.1; WOW64) AppleWebKit/535.7 (KHTML, like Gecko) Chrome/16.0.912.77 Safari/535.7"
80.120.169.42 - - [17/Nov/2017:05:20:00 +0000] "GET /item/electronics/3975 HTTP/1.1" 200 122 "/item/electronics/2001" "Mozilla/5.0 (Windows NT 6.1; WOW64; rv:10.0.1) Gecko/20100101 Firefox/10.0.1"
28.132.108.116 - - [17/Nov/2017:05:20:05 +0000] "GET /item/computers/1106 HTTP/1.1" 200 57 "-" "Mozilla/5.0 (iPad; CPU OS 5_0_1 like Mac OS X) AppleWebKit/534.46 (KHTML, like Gecko) Version/5.1 Mobile/9A405 Safari/7534.48.3"
84.216.173.176 - - [17/Nov/2017:05:20:10 +0000] "GET /category/computers HTTP/1.1" 200 87 "/item/games/4762" "Mozilla/5.0 (compatible; MSIE 9.0; Windows NT 6.1; WOW64; Trident/5.0)"
60.123.150.225 - - [17/Nov/2017:05:20:15 +0000] "POST /search/?c=Cameras+Books HTTP/1.1" 200 87 "/category/computers?from=0" "Mozilla/5.0 (Windows NT 6.1; WOW64) AppleWebKit/535.11 (KHTML, like Gecko) Chrome/17.0.963.56 Safari/535.11"
88.228.108.129 - - [17/Nov/2017:05:20:20 +0000] "POST /search/?c=Books+Networking HTTP/1.1" 200 82 "-" "Mozilla/4.0 (compatible; MSIE 8.0; Windows NT 5.1; Trident/4.0; BTRS122159; GTB7.2; .NET CLR 1.1.4322; .NET CLR 2.0.50727; .NET CLR 3.0.04506.30; .NET CLR 3.0.4506.2152; .NET CLR 3.5.30729; BRI/2)"
144.51.141.192 - - [17/Nov/2017:05:20:25 +0000] "GET /category/software HTTP/1.1" 200 130 "-" "Mozilla/5.0 (Macintosh; Intel Mac OS X 10.6; rv:9.0.1) Gecko/20100101 Firefox/9.0.1"
112.42.221.126 - - [17/Nov/2017:05:20:30 +0000] "GET /category/computers HTTP/1.1" 200 131 "/item/electronics/3940" "Mozilla/4.0 (compatible; MSIE 8.0; Windows NT 5.1; Trident/4.0; YTB720; GTB7.2; .NET CLR 1.1.4322; .NET CLR 2.0.50727; .NET CLR 3.0.4506.2152; .NET CLR 3.5.30729)"
184.60.35.189 - - [17/Nov/2017:05:20:35 +0000] "GET /category/computers HTTP/1.1" 200 127 "/category/electronics" "Mozilla/5.0 (iPhone; CPU iPhone OS 5_0_1 like Mac OS X) AppleWebKit/534.46 (KHTML, like Gecko) Version/5.1 Mobile/9A405 Safari/7534.48.3"
128.66.82.98 - - [17/Nov/2017:05:20:40 +0000] "GET /category/health HTTP/1.1" 200 59 "/category/electronics" "Mozilla/5.0 (compatible; Googlebot/2.1; +http://www.google.com/bot.html)"
188.144.194.102 - - [17/Nov/2017:05:20:45 +0000] "GET /category/computers HTTP/1.1" 200 127 "-" "Mozilla/4.0 (compatible; MSIE 8.0; Windows NT 6.1; WOW64; Trident/4.0; YTB730; GTB7.2; EasyBits GO v1.0; SLCC2; .NET CLR 2.0.50727; .NET CLR 3.5.30729; .NET CLR 3.0.30729; Media Center PC 6.0; .NET4.0C)"
104.54.191.185 - - [17/Nov/2017:05:20:50 +0000] "GET /category/software?from=20 HTTP/1.1" 200 86 "-" "Mozilla/5.0 (Windows NT 6.1; WOW64) AppleWebKit/535.11 (KHTML, like Gecko) Chrome/17.0.963.56 Safari/535.11"
28.135.217.112 - - [17/Nov/2017:05:20:55 +0000] "GET /category/music HTTP/1.1" 200 138 "-" "Mozilla/5.0 (Windows NT 6.1; WOW64) AppleWebKit/535.11 (KHTML, like Gecko) Chrome/17.0.963.56 Safari/535.11"
108.84.228.94 - - [17/Nov/2017:05:21:00 +0000] "GET /category/electronics HTTP/1.1" 200 116 "http://www.google.com/search?ie=UTF-8&q=google&sclient=psy-ab&q=Electronics&oq=Electronics&aq=f&aqi=g-vL1&aql=&pbx=1&bav=on.2,or.r_gc.r_pw.r_qf.,cf.osb&biw=2913&bih=340" "Mozilla/5.0 (Windows NT 6.1; WOW64) AppleWebKit/535.11 (KHTML, like Gecko) Chrome/17.0.963.56 Safari/535.11"
108.135.211.36 - - [17/Nov/2017:05:21:05 +0000] "GET /item/finance/1295 HTTP/1.1" 200 105 "http://www.google.com/search?ie=UTF-8&q=google&sclient=psy-ab&q=Finance&oq=Finance&aq=f&aqi=g-vL1&aql=&pbx=1&bav=on.2,or.r_gc.r_pw.r_qf.,cf.osb&biw=284&bih=97" "Mozilla/5.0 (compatible; Googlebot/2.1; +http://www.google.com/bot.html)"
136.165.204.44 - - [17/Nov/2017:05:21:10 +0000] "GET /category/electronics HTTP/1.1" 200 104 "-" "Mozilla/5.0 (Windows NT 6.1; WOW64; rv:10.0.1) Gecko/20100101 Firefox/10.0.1"
28.135.90.185 - - [17/Nov/2017:05:21:15 +0000] "GET /item/books/4942 HTTP/1.1" 200 76 "/item/games/1456" "Mozilla/5.0 (Windows NT 6.0; rv:10.0.1) Gecko/20100101 Firefox/10.0.1"
172.54.104.144 - - [17/Nov/2017:05:21:20 +0000] "GET /category/electronics HTTP/1.1" 200 52 "/category/electronics" "Mozilla/5.0 (Windows NT 6.1; WOW64) AppleWebKit/535.7 (KHTML, like Gecko) Chrome/16.0.912.77 Safari/535.7"
144.21.111.211 - - [17/Nov/2017:05:21:25 +0000] "GET /item/electronics/3972 HTTP/1.1" 200 114 "-" "Mozilla/5.0 (Macintosh; Intel Mac OS X 10.6; rv:9.0.1) Gecko/20100101 Firefox/9.0.1"
216.222.35.46 - - [17/Nov/2017:05:21:30 +0000] "GET /category/electronics HTTP/1.1" 200 64 "/category/electronics" "Mozilla/5.0 (Windows NT 6.1; WOW64) AppleWebKit/535.7 (KHTML, like Gecko) Chrome/16.0.912.77 Safari/535.7"
188.129.194.215 - - [17/Nov/2017:05:21:35 +0000] "GET /item/electronics/2805 HTTP/1.1" 200 55 "-" "Mozilla/5.0 (Windows NT 6.1; WOW64) AppleWebKit/535.11 (KHTML, like Gecko) Chrome/17.0.963.56 Safari/535.11"
176.171.208.90 - - [17/Nov/2017:05:21:40 +0000] "GET /item/software/4520 HTTP/1.1" 200 75 "-" "Mozilla/5.0 (compatible; Googlebot/2.1; +http://www.google.com/bot.html)"
140.207.125.132 - - [17/Nov/2017:05:21:45 +0000] "GET /category/jewelry HTTP/1.1" 200 48 "/item/toys/4220" "Mozilla/5.0 (Windows NT 6.0; rv:10.0.1) Gecko/20100101 Firefox/10.0.1"
164.135.167.29 - - [17/Nov/2017:05:21:50 +0000] "GET /item/networking/3979 HTTP/1.1" 200 66 "-" "Mozilla/4.0 (compatible; MSIE 8.0; Windows NT 5.1; Trident/4.0; YTB720; GTB7.2; .NET CLR 1.1.4322; .NET CLR 2.0.50727; .NET CLR 3.0.4506.2152; .NET CLR 3.5.30729)"
124.192.214.79 - - [17/Nov/2017:05:21:55 +0000] "GET /item/networking/4174 HTTP/1.1" 200 125 "/search/?c=Garden" "Mozilla/5.0 (Macintosh; Intel Mac OS X 10.6; rv:9.0.1) Gecko/20100101 Firefox/9.0.1"
144.180.57.180 - - [17/Nov/2017:05:22:00 +0000] "GET /category/games HTTP/1.1" 200 83 "/category/software" "Mozilla/5.0 (Windows NT 6.0) AppleWebKit/535.11 (KHTML, like Gecko) Chrome/17.0.963.56 Safari/535.11"
140.144.63.69 - - [17/Nov/2017:05:22:05 +0000] "GET /item/electronics/1433 HTTP/1.1" 200 107 "/item/garden/4271" "Mozilla/5.0 (Macintosh; Intel Mac OS X 10.6; rv:9.0.1) Gecko/20100101 Firefox/9.0.1"
60.117.58.163 - - [17/Nov/2017:05:22:10 +0000] "GET /category/electronics HTTP/1.1" 200 64 "-" "Mozilla/5.0 (Windows NT 6.0; rv:10.0.1) Gecko/20100101 Firefox/10.0.1"
100.165.48.87 - - [17/Nov/2017:05:22:15 +0000] "GET /item/computers/3135 HTTP/1.1" 200 107 "/search/?c=Computers" "Mozilla/5.0 (compatible; MSIE 9.0; Windows NT 6.1; Trident/5.0)"
160.78.146.93 - - [17/Nov/2017:05:22:20 +0000] "GET /item/software/1531 HTTP/1.1" 200 102 "/category/software" "Mozilla/5.0 (Windows NT 6.1; WOW64) AppleWebKit/535.11 (KHTML, like Gecko) Chrome/17.0.963.56 Safari/535.11"
204.75.217.225 - - [17/Nov/2017:05:22:25 +0000] "GET /item/giftcards/357 HTTP/1.1" 200 92 "/search/?c=Giftcards+Toys" "Mozilla/5.0 (Windows NT 6.0) AppleWebKit/535.11 (KHTML, like Gecko) Chrome/17.0.963.56 Safari/535.11"
164.219.67.33 - - [17/Nov/2017:05:22:30 +0000] "GET /item/software/272 HTTP/1.1" 200 71 "http://www.google.com/search?ie=UTF-8&q=google&sclient=psy-ab&q=Software&oq=Software&aq=f&aqi=g-vL1&aql=&pbx=1&bav=on.2,or.r_gc.r_pw.r_qf.,cf.osb&biw=3961&bih=264" "Mozilla/5.0 (Macintosh; Intel Mac OS X 10.6; rv:9.0.1) Gecko/20100101 Firefox/9.0.1"
88.63.121.43 - - [17/Nov/2017:05:22:35 +0000] "GET /category/sports HTTP/1.1" 200 57 "-" "Mozilla/5.0 (Windows NT 6.1; WOW64) AppleWebKit/535.11 (KHTML, like Gecko) Chrome/17.0.963.56 Safari/535.11"
172.201.30.205 - - [17/Nov/2017:05:22:40 +0000] "POST /search/?c=Cameras+Finance HTTP/1.1" 200 49 "-" "Mozilla/4.0 (compatible; MSIE 8.0; Windows NT 6.1; WOW64; Trident/4.0; YTB730; GTB7.2; EasyBits GO v1.0; SLCC2; .NET CLR 2.0.50727; .NET CLR 3.5.30729; .NET CLR 3.0.30729; Media Center PC 6.0; .NET4.0C)"
116.72.59.134 - - [17/Nov/2017:05:22:45 +0000] "GET /item/electronics/2374 HTTP/1.1" 200 96 "-" "Mozilla/5.0 (compatible; Googlebot/2.1; +http://www.google.com/bot.html)"
152.51.200.216 - - [17/Nov/2017:05:22:50 +0000] "GET /item/garden/231 HTTP/1.1" 200 59 "/category/electronics" "Mozilla/5.0 (Windows NT 6.0) AppleWebKit/535.11 (KHTML, like Gecko) Chrome/17.0.963.56 Safari/535.11"
176.30.78.65 - - [17/Nov/2017:05:22:55 +0000] "GET /category/finance HTTP/1.1" 200 86 "/category/games" "Mozilla/5.0 (Windows NT 6.0; rv:10.0.1) Gecko/20100101 Firefox/10.0.1"
156.111.173.188 - - [17/Nov/2017:05:23:00 +0000] "GET /item/games/3868 HTTP/1.1" 200 98 "/search/?c=Games+Office" "Mozilla/5.0 (Windows NT 6.0) AppleWebKit/535.11 (KHTML, like Gecko) Chrome/17.0.963.56 Safari/535.11"
156.105.121.202 - - [17/Nov/2017:05:23:05 +0000] "GET /item/sports/3851 HTTP/1.1" 200 49 "/item/electronics/2451" "Mozilla/5.0 (Windows NT 6.1; WOW64; rv:10.0.1) Gecko/20100101 Firefox/10.0.1"
44.213.68.121 - - [17/Nov/2017:05:23:10 +0000] "GET /item/electronics/2277 HTTP/1.1" 200 43 "-" "Mozilla/5.0 (Macintosh; Intel Mac OS X 10.6; rv:9.0.1) Gecko/20100101 Firefox/9.0.1"
44.51.178.212 - - [17/Nov/2017:05:23:15 +0000] "GET /category/software?from=10 HTTP/1.1" 200 54 "/category/software" "Mozilla/5.0 (Macintosh; Intel Mac OS X 10.6; rv:9.0.1) Gecko/20100101 Firefox/9.0.1"
172.54.104.144 - - [17/Nov/2017:05:23:20 +0000] "GET /category/finance HTTP/1.1" 200 132 "/category/garden?from=0" "Mozilla/4.0 (compatible; MSIE 8.0; Windows NT 5.1; Trident/4.0; BTRS122159; GTB7.2; .NET CLR 1.1.4322; .NET CLR 2.0.50727; .NET CLR 3.0.04506.30; .NET CLR 3.0.4506.2152; .NET CLR 3.5.30729; BRI/2)"
100.45.176.200 - - [17/Nov/2017:05:23:25 +0000] "GET /category/sports?from=0 HTTP/1.1" 200 81 "/search/?c=Sports+Networking" "Mozilla/5.0 (Windows NT 6.1; WOW64) AppleWebKit/535.11 (KHTML, like Gecko) Chrome/17.0.963.56 Safari/535.11"
136.21.168.104 - - [17/Nov/2017:05:23:30 +0000] "GET /item/office/1867 HTTP/1.1" 200 83 "/search/?c=Software" "Mozilla/5.0 (Macintosh; Intel Mac OS X 10.6; rv:9.0.1) Gecko/20100101 Firefox/9.0.1"
168.195.25.139 - - [17/Nov/2017:05:23:35 +0000] "GET /category/books HTTP/1.1" 200 131 "-" "Mozilla/4.0 (compatible; MSIE 8.0; Windows NT 6.1; Trident/4.0; YTB730; SLCC2; .NET CLR 2.0.50727; .NET CLR 3.5.30729; .NET CLR 3.0.30729; Media Center PC 6.0; .NET4.0C)"
80.186.195.122 - - [17/Nov/2017:05:23:40 +0000] "GET /category/office HTTP/1.1" 200 86 "/category/software" "Mozilla/5.0 (Windows NT 6.0) AppleWebKit/535.11 (KHTML, like Gecko) Chrome/17.0.963.56 Safari/535.11"
100.48.203.91 - - [17/Nov/2017:05:23:45 +0000] "GET /category/electronics HTTP/1.1" 200 71 "/item/sports/2911" "Mozilla/5.0 (compatible; MSIE 9.0; Windows NT 6.1; WOW64; Trident/5.0)"
88.63.121.43 - - [17/Nov/2017:05:23:50 +0000] "GET /item/games/2215 HTTP/1.1" 200 64 "/category/electronics?from=20" "Mozilla/5.0 (Windows NT 6.1; WOW64) AppleWebKit/535.11 (KHTML, like Gecko) Chrome/17.0.963.56 Safari/535.11"
224.171.144.182 - - [17/Nov/2017:05:23:55 +0000] "GET /item/electronics/3444 HTTP/1.1" 200 131 "/category/books" "Mozilla/5.0 (Windows NT 6.0; rv:10.0.1) Gecko/20100101 Firefox/10.0.1"
208.171.120.182 - - [17/Nov/2017:05:24:00 +0000] "GET /item/jewelry/1164 HTTP/1.1" 200 106 "/item/office/964" "Mozilla/4.0 (compatible; MSIE 8.0; Windows NT 6.1; WOW64; Trident/4.0; YTB730; GTB7.2; EasyBits GO v1.0; SLCC2; .NET CLR 2.0.50727; .NET CLR 3.5.30729; .NET CLR 3.0.30729; Media Center PC 6.0; .NET4.0C)"
60.27.59.177 - - [17/Nov/2017:05:24:05 +0000] "GET /item/computers/3259 HTTP/1.1" 200 112 "/search/?c=Computers+Games" "Mozilla/5.0 (compatible; MSIE 9.0; Windows NT 6.1; WOW64; Trident/5.0)"
40.126.50.218 - - [17/Nov/2017:05:24:10 +0000] "POST /search/?c=Computers HTTP/1.1" 200 41 "/category/finance" "Mozilla/5.0 (Windows NT 6.0) AppleWebKit/535.11 (KHTML, like Gecko) Chrome/17.0.963.56 Safari/535.11"
152.123.68.77 - - [17/Nov/2017:05:24:15 +0000] "GET /item/office/2035 HTTP/1.1" 200 120 "/search/?c=Office" "Mozilla/5.0 (Windows NT 6.1; WOW64) AppleWebKit/535.11 (KHTML, like Gecko) Chrome/17.0.963.56 Safari/535.11"
28.150.146.21 - - [17/Nov/2017:05:24:20 +0000] "GET /category/electronics HTTP/1.1" 200 54 "-" "Mozilla/5.0 (compatible; Googlebot/2.1; +http://www.google.com/bot.html)"
40.36.91.188 - - [17/Nov/2017:05:24:25 +0000] "GET /item/toys/3743 HTTP/1.1" 200 46 "/item/computers/3135" "Mozilla/5.0 (compatible; Googlebot/2.1; +http://www.google.com/bot.html)"
104.147.188.161 - - [17/Nov/2017:05:24:30 +0000] "GET /item/electronics/695 HTTP/1.1" 200 125 "http://www.google.com/search?ie=UTF-8&q=google&sclient=psy-ab&q=Electronics&oq=Electronics&aq=f&aqi=g-vL1&aql=&pbx=1&bav=on.2,or.r_gc.r_pw.r_qf.,cf.osb&biw=3588&bih=16" "Mozilla/5.0 (compatible; MSIE 9.0; Windows NT 6.1; WOW64; Trident/5.0)"
40.135.213.74 - - [17/Nov/2017:05:24:35 +0000] "POST /search/?c=Software+Software HTTP/1.1" 200 114 "-" "Mozilla/5.0 (Windows NT 6.1; WOW64) AppleWebKit/535.7 (KHTML, like Gecko) Chrome/16.0.912.77 Safari/535.7"
224.36.20.68 - - [17/Nov/2017:05:24:40 +0000] "GET /category/electronics HTTP/1.1" 200 42 "/category/health" "Mozilla/5.0 (compatible; MSIE 9.0; Windows NT 6.1; WOW64; Trident/5.0)"
224.78.220.39 - - [17/Nov/2017:05:24:45 +0000] "GET /category/books HTTP/1.1" 200 109 "/item/electronics/3882" "Mozilla/5.0 (Windows NT 6.0; rv:10.0.1) Gecko/20100101 Firefox/10.0.1"
224.171.159.48 - - [17/Nov/2017:05:24:50 +0000] "GET /category/games HTTP/1.1" 200 83 "/search/?c=Office" "Mozilla/5.0 (Windows NT 6.1; WOW64) AppleWebKit/535.11 (KHTML, like Gecko) Chrome/17.0.963.56 Safari/535.11"
108.135.211.36 - - [17/Nov/2017:05:24:55 +0000] "GET /item/garden/3631 HTTP/1.1" 200 102 "/item/electronics/106" "Mozilla/5.0 (compatible; Googlebot/2.1; +http://www.google.com/bot.html)"
64.138.87.214 - - [17/Nov/2017:05:25:00 +0000] "GET /category/electronics HTTP/1.1" 200 91 "http://www.google.com/search?ie=UTF-8&q=google&sclient=psy-ab&q=Electronics+Networking&oq=Electronics+Networking&aq=f&aqi=g-vL1&aql=&pbx=1&bav=on.2,or.r_gc.r_pw.r_qf.,cf.osb&biw=1082&bih=263" "Mozilla/5.0 (compatible; MSIE 9.0; Windows NT 6.1; WOW64; Trident/5.0)"
172.126.211.27 - - [17/Nov/2017:05:25:05 +0000] "GET /category/electronics HTTP/1.1" 200 93 "-" "Mozilla/4.0 (compatible; MSIE 8.0; Windows NT 6.0; WOW64; Trident/4.0; GTB6; SLCC1; .NET CLR 2.0.50727; Media Center PC 5.0; .NET CLR 3.5.30729; .NET CLR 3.0.30618; .NET4.0C)"
92.123.218.35 - - [17/Nov/2017:05:25:10 +0000] "GET /category/software HTTP/1.1" 200 71 "/category/garden" "Mozilla/5.0 (compatible; MSIE 9.0; Windows NT 6.1; WOW64; Trident/5.0)"
88.48.32.227 - - [17/Nov/2017:05:25:15 +0000] "GET /category/software?from=0 HTTP/1.1" 200 109 "/category/electronics" "Mozilla/4.0 (compatible; MSIE 8.0; Windows NT 6.1; WOW64; Trident/4.0; YTB730; GTB7.2; EasyBits GO v1.0; SLCC2; .NET CLR 2.0.50727; .NET CLR 3.5.30729; .NET CLR 3.0.30729; Media Center PC 6.0; .NET4.0C)"
140.204.32.148 - - [17/Nov/2017:05:25:20 +0000] "GET /category/software HTTP/1.1" 200 87 "/search/?c=Toys+Toys" "Mozilla/5.0 (iPad; CPU OS 5_0_1 like Mac OS X) AppleWebKit/534.46 (KHTML, like Gecko) Version/5.1 Mobile/9A405 Safari/7534.48.3"
176.84.117.57 - - [17/Nov/2017:05:25:25 +0000] "POST /search/?c=Jewelry HTTP/1.1" 200 89 "-" "Mozilla/5.0 (compatible; MSIE 9.0; Windows NT 6.1; WOW64; Trident/5.0)"
36.138.203.140 - - [17/Nov/2017:05:25:30 +0000] "GET /item/electronics/2795 HTTP/1.1" 200 52 "/search/?c=Electronics" "Mozilla/5.0 (Windows NT 6.1; WOW64) AppleWebKit/535.7 (KHTML, like Gecko) Chrome/16.0.912.77 Safari/535.7"
224.210.173.173 - - [17/Nov/2017:05:25:35 +0000] "GET /item/jewelry/4114 HTTP/1.1" 404 139 "-" "Mozilla/5.0 (Windows NT 6.1; WOW64) AppleWebKit/535.11 (KHTML, like Gecko) Chrome/17.0.963.56 Safari/535.11"
168.159.154.110 - - [17/Nov/2017:05:25:40 +0000] "POST /search/?c=Books+Finance HTTP/1.1" 200 93 "/item/electronics/4416" "Mozilla/5.0 (Windows NT 6.0; rv:10.0.1) Gecko/20100101 Firefox/10.0.1"
196.78.91.172 - - [17/Nov/2017:05:25:45 +0000] "GET /item/finance/4175 HTTP/1.1" 200 42 "/category/toys" "Mozilla/4.0 (compatible; MSIE 8.0; Windows NT 5.1; Trident/4.0; YTB720; GTB7.2; .NET CLR 1.1.4322; .NET CLR 2.0.50727; .NET CLR 3.0.4506.2152; .NET CLR 3.5.30729)"
108.63.102.146 - - [17/Nov/2017:05:25:50 +0000] "GET /category/software HTTP/1.1" 200 82 "/category/games" "Mozilla/5.0 (compatible; MSIE 9.0; Windows NT 6.1; WOW64; Trident/5.0)"
84.126.57.104 - - [17/Nov/2017:05:25:55 +0000] "POST /search/?c=Electronics+Garden HTTP/1.1" 200 118 "-" "Mozilla/5.0 (Windows NT 6.0; rv:10.0.1) Gecko/20100101 Firefox/10.0.1"
28.96.205.110 - - [17/Nov/2017:05:26:00 +0000] "GET /category/music HTTP/1.1" 200 117 "/item/electronics/1095" "Mozilla/5.0 (Windows NT 6.1; WOW64) AppleWebKit/535.11 (KHTML, like Gecko) Chrome/17.0.963.56 Safari/535.11"
76.222.22.161 - - [17/Nov/2017:05:26:05 +0000] "GET /item/electronics/3271 HTTP/1.1" 200 138 "/category/games" "Mozilla/5.0 (compatible; MSIE 9.0; Windows NT 6.1; WOW64; Trident/5.0)"
112.159.47.221 - - [17/Nov/2017:05:26:10 +0000] "GET /category/music?from=0 HTTP/1.1" 200 51 "/category/books" "Mozilla/5.0 (Windows NT 6.0; rv:10.0.1) Gecko/20100101 Firefox/10.0.1"
196.216.154.206 - - [17/Nov/2017:05:26:15 +0000] "GET /item/books/3977 HTTP/1.1" 200 56 "-" "Mozilla/5.0 (Macintosh; Intel Mac OS X 10.6; rv:9.0.1) Gecko/20100101 Firefox/9.0.1"
224.210.40.49 - - [17/Nov/2017:05:26:20 +0000] "GET /item/health/1862 HTTP/1.1" 200 89 "-" "Mozilla/5.0 (compatible; Googlebot/2.1; +http://www.google.com/bot.html)"
96.39.228.165 - - [17/Nov/2017:05:26:25 +0000] "GET /item/books/4078 HTTP/1.1" 200 74 "http://www.google.com/search?ie=UTF-8&q=google&sclient=psy-ab&q=Books+Software&oq=Books+Software&aq=f&aqi=g-vL1&aql=&pbx=1&bav=on.2,or.r_gc.r_pw.r_qf.,cf.osb&biw=3837&bih=343" "Mozilla/5.0 (compatible; MSIE 9.0; Windows NT 6.1; WOW64; Trident/5.0)"
124.159.56.90 - - [17/Nov/2017:05:26:30 +0000] "GET /category/books HTTP/1.1" 200 84 "/item/garden/1634" "Mozilla/4.0 (compatible; MSIE 8.0; Windows NT 6.1; Trident/4.0; YTB730; SLCC2; .NET CLR 2.0.50727; .NET CLR 3.5.30729; .NET CLR 3.0.30729; Media Center PC 6.0; .NET4.0C)"
212.186.212.20 - - [17/Nov/2017:05:26:35 +0000] "POST /search/?c=Electronics+Garden HTTP/1.1" 200 104 "-" "Mozilla/5.0 (Windows NT 6.1; WOW64) AppleWebKit/535.11 (KHTML, like Gecko) Chrome/17.0.963.56 Safari/535.11"
72.225.153.31 - - [17/Nov/2017:05:26:40 +0000] "GET /item/games/2694 HTTP/1.1" 200 90 "-" "Mozilla/5.0 (compatible; MSIE 9.0; Windows NT 6.1; Trident/5.0)"
208.93.164.196 - - [17/Nov/2017:05:26:45 +0000] "GET /item/networking/4174 HTTP/1.1" 200 125 "/category/software?from=0" "Mozilla/5.0 (compatible; Googlebot/2.1; +http://www.google.com/bot.html)"
76.114.187.160 - - [17/Nov/2017:05:26:50 +0000] "GET /category/sports?from=0 HTTP/1.1" 200 81 "/category/office" "Mozilla/5.0 (Macintosh; Intel Mac OS X 10.6; rv:9.0.1) Gecko/20100101 Firefox/9.0.1"
220.162.66.229 - - [17/Nov/2017:05:26:55 +0000] "GET /category/cameras HTTP/1.1" 200 124 "-" "Mozilla/5.0 (Windows NT 6.0; rv:10.0.1) Gecko/20100101 Firefox/10.0.1"
200.33.165.54 - - [17/Nov/2017:05:27:00 +0000] "GET /category/games?from=10 HTTP/1.1" 200 124 "/search/?c=Garden" "Mozilla/5.0 (Windows NT 6.1; WOW64) AppleWebKit/535.7 (KHTML, like Gecko) Chrome/16.0.912.77 Safari/535.7"
140.183.67.108 - - [17/Nov/2017:05:27:05 +0000] "GET /category/giftcards HTTP/1.1" 200 117 "-" "Mozilla/5.0 (Macintosh; Intel Mac OS X 10.6; rv:9.0.1) Gecko/20100101 Firefox/9.0.1"
28.87.124.152 - - [17/Nov/2017:05:27:10 +0000] "GET /category/garden?from=20 HTTP/1.1" 200 86 "-" "Mozilla/5.0 (Windows NT 6.1; WOW64) AppleWebKit/535.7 (KHTML, like Gecko) Chrome/16.0.912.77 Safari/535.7"
92.120.192.181 - - [17/Nov/2017:05:27:15 +0000] "GET /item/electronics/3393 HTTP/1.1" 404 59 "/category/music" "Mozilla/5.0 (Windows NT 6.1; WOW64) AppleWebKit/535.7 (KHTML, like Gecko) Chrome/16.0.912.77 Safari/535.7"
128.177.137.56 - - [17/Nov/2017:05:27:20 +0000] "GET /category/electronics HTTP/1.1" 200 79 "-" "Mozilla/5.0 (Windows NT 6.0; rv:10.0.1) Gecko/20100101 Firefox/10.0.1"
104.165.180.220 - - [17/Nov/2017:05:27:25 +0000] "GET /category/networking HTTP/1.1" 200 119 "/category/computers" "Mozilla/5.0 (compatible; MSIE 9.0; Windows NT 6.1; Trident/5.0)"
44.102.75.27 - - [17/Nov/2017:05:27:30 +0000] "GET /item/music/4004 HTTP/1.1" 200 64 "-" "Mozilla/5.0 (Windows NT 6.1; WOW64) AppleWebKit/535.11 (KHTML, like Gecko) Chrome/17.0.963.56 Safari/535.11"
28.87.124.152 - - [17/Nov/2017:05:27:35 +0000] "GET /category/electronics HTTP/1.1" 200 82 "-" "Mozilla/5.0 (Windows NT 6.0; rv:10.0.1) Gecko/20100101 Firefox/10.0.1"
176.171.208.90 - - [17/Nov/2017:05:27:40 +0000] "GET /category/books?from=20 HTTP/1.1" 200 80 "/item/health/3590" "Mozilla/5.0 (compatible; Googlebot/2.1; +http://www.google.com/bot.html)"
76.180.131.65 - - [17/Nov/2017:05:27:45 +0000] "GET /category/cameras?from=10 HTTP/1.1" 200 72 "/item/software/1271" "Mozilla/5.0 (Windows NT 6.0; rv:10.0.1) Gecko/20100101 Firefox/10.0.1"
212.213.59.205 - - [17/Nov/2017:05:27:50 +0000] "GET /category/electronics HTTP/1.1" 200 130 "-" "Mozilla/5.0 (Windows NT 6.1; WOW64) AppleWebKit/535.11 (KHTML, like Gecko) Chrome/17.0.963.56 Safari/535.11"
148.84.100.197 - - [17/Nov/2017:05:27:55 +0000] "GET /item/sports/933 HTTP/1.1" 200 83 "http://www.google.com/search?ie=UTF-8&q=google&sclient=psy-ab&q=Sports&oq=Sports&aq=f&aqi=g-vL1&aql=&pbx=1&bav=on.2,or.r_gc.r_pw.r_qf.,cf.osb&biw=1733&bih=379" "Mozilla/5.0 (Windows NT 6.0; rv:10.0.1) Gecko/20100101 Firefox/10.0.1"
72.111.113.84 - - [17/Nov/2017:05:28:00 +0000] "GET /item/computers/3996 HTTP/1.1" 200 70 "http://www.google.com/search?ie=UTF-8&q=google&sclient=psy-ab&q=Computers+Software&oq=Computers+Software&aq=f&aqi=g-vL1&aql=&pbx=1&bav=on.2,or.r_gc.r_pw.r_qf.,cf.osb&biw=2724&bih=435" "Mozilla/5.0 (Macintosh; Intel Mac OS X 10.6; rv:9.0.1) Gecko/20100101 Firefox/9.0.1"
160.207.59.34 - - [17/Nov/2017:05:28:05 +0000] "POST /search/?c=Games HTTP/1.1" 200 42 "-" "Mozilla/4.0 (compatible; MSIE 8.0; Windows NT 5.1; Trident/4.0; BTRS122159; GTB7.2; .NET CLR 1.1.4322; .NET CLR 2.0.50727; .NET CLR 3.0.04506.30; .NET CLR 3.0.4506.2152; .NET CLR 3.5.30729; BRI/2)"
152.21.213.161 - - [17/Nov/2017:05:28:10 +0000] "GET /category/software HTTP/1.1" 200 108 "-" "Mozilla/5.0 (Windows NT 6.1; WOW64) AppleWebKit/535.7 (KHTML, like Gecko) Chrome/16.0.912.77 Safari/535.7"
76.132.177.175 - - [17/Nov/2017:05:28:15 +0000] "GET /category/software HTTP/1.1" 200 42 "/category/software?from=20" "Mozilla/5.0 (Windows NT 6.0) AppleWebKit/535.11 (KHTML, like Gecko) Chrome/17.0.963.56 Safari/535.11"
132.171.86.44 - - [17/Nov/2017:05:28:20 +0000] "GET /category/finance HTTP/1.1" 200 46 "-" "Mozilla/5.0 (Windows NT 6.0; rv:10.0.1) Gecko/20100101 Firefox/10.0.1"
64.210.40.162 - - [17/Nov/2017:05:28:25 +0000] "GET /item/electronics/4041 HTTP/1.1" 200 42 "-" "Mozilla/5.0 (compatible; MSIE 9.0; Windows NT 6.1; Trident/5.0)"
84.192.102.111 - - [17/Nov/2017:05:28:30 +0000] "GET /category/electronics HTTP/1.1" 200 72 "http://www.google.com/search?ie=UTF-8&q=google&sclient=psy-ab&q=Electronics+Electronics&oq=Electronics+Electronics&aq=f&aqi=g-vL1&aql=&pbx=1&bav=on.2,or.r_gc.r_pw.r_qf.,cf.osb&biw=799&bih=105" "Mozilla/5.0 (compatible; MSIE 9.0; Windows NT 6.1; Trident/5.0)"
80.120.169.42 - - [17/Nov/2017:05:28:35 +0000] "GET /category/games HTTP/1.1" 200 59 "-" "Mozilla/5.0 (Windows NT 6.1; WOW64) AppleWebKit/535.7 (KHTML, like Gecko) Chrome/16.0.912.77 Safari/535.7"
104.54.191.185 - - [17/Nov/2017:05:28:40 +0000] "GET /category/software HTTP/1.1" 200 72 "-" "Mozilla/4.0 (compatible; MSIE 8.0; Windows NT 6.1; WOW64; Trident/4.0; YTB730; GTB7.2; EasyBits GO v1.0; SLCC2; .NET CLR 2.0.50727; .NET CLR 3.5.30729; .NET CLR 3.0.30729; Media Center PC 6.0; .NET4.0C)"
96.33.37.61 - - [17/Nov/2017:05:28:45 +0000] "GET /item/electronics/1678 HTTP/1.1" 200 108 "/item/games/2694" "Mozilla/5.0 (compatible; MSIE 9.0; Windows NT 6.1; WOW64; Trident/5.0)"
32.39.91.121 - - [17/Nov/2017:05:28:50 +0000] "GET /item/jewelry/428 HTTP/1.1" 200 53 "/category/jewelry" "Mozilla/5.0 (Windows NT 6.0; rv:10.0.1) Gecko/20100101 Firefox/10.0.1"
52.57.147.82 - - [17/Nov/2017:05:28:55 +0000] "GET /category/music?from=20 HTTP/1.1" 200 40 "/search/?c=Music+Software" "Mozilla/5.0 (compatible; MSIE 9.0; Windows NT 6.1; Trident/5.0)"
128.120.138.51 - - [17/Nov/2017:05:29:00 +0000] "GET /item/electronics/3393 HTTP/1.1" 404 59 "-" "Mozilla/5.0 (Windows NT 6.0) AppleWebKit/535.11 (KHTML, like Gecko) Chrome/17.0.963.56 Safari/535.11"
40.39.105.229 - - [17/Nov/2017:05:29:05 +0000] "GET /item/games/2215 HTTP/1.1" 200 64 "/search/?c=Games+Networking" "Mozilla/5.0 (Windows NT 6.1; WOW64) AppleWebKit/535.11 (KHTML, like Gecko) Chrome/17.0.963.56 Safari/535.11"
192.198.24.209 - - [17/Nov/2017:05:29:10 +0000] "GET /category/electronics HTTP/1.1" 200 128 "http://www.google.com/search?ie=UTF-8&q=google&sclient=psy-ab&q=Electronics+Software&oq=Electronics+Software&aq=f&aqi=g-vL1&aql=&pbx=1&bav=on.2,or.r_gc.r_pw.r_qf.,cf.osb&biw=1846&bih=259" "Mozilla/5.0 (Windows NT 6.0) AppleWebKit/535.11 (KHTML, like Gecko) Chrome/17.0.963.56 Safari/535.11"
36.33.116.55 - - [17/Nov/2017:05:29:15 +0000] "POST /search/?c=Games HTTP/1.1" 200 48 "/category/cameras" "Mozilla/4.0 (compatible; MSIE 8.0; Windows NT 6.1; WOW64; Trident/4.0; YTB730; GTB7.2; EasyBits GO v1.0; SLCC2; .NET CLR 2.0.50727; .NET CLR 3.5.30729; .NET CLR 3.0.30729; Media Center PC 6.0; .NET4.0C)"
212.96.91.36 - - [17/Nov/2017:05:29:20 +0000] "GET /item/jewelry/1981 HTTP/1.1" 200 89 "/search/?c=Networking" "Mozilla/5.0 (Windows NT 6.0) AppleWebKit/535.11 (KHTML, like Gecko) Chrome/17.0.963.56 Safari/535.11"
72.123.144.157 - - [17/Nov/2017:05:29:25 +0000] "GET /category/software HTTP/1.1" 200 94 "-" "Mozilla/4.0 (compatible; MSIE 8.0; Windows NT 5.1; Trident/4.0; BTRS122159; GTB7.2; .NET CLR 1.1.4322; .NET CLR 2.0.50727; .NET CLR 3.0.04506.30; .NET CLR 3.0.4506.2152; .NET CLR 3.5.30729; BRI/2)"
152.225.175.76 - - [17/Nov/2017:05:29:30 +0000] "GET /category/software HTTP/1.1" 200 121 "/category/electronics" "Mozilla/5.0 (Windows NT 6.1; WOW64) AppleWebKit/535.11 (KHTML, like Gecko) Chrome/17.0.963.56 Safari/535.11"
64.72.99.80 - - [17/Nov/2017:05:29:35 +0000] "GET /category/music HTTP/1.1" 200 92 "-" "Mozilla/5.0 (Windows NT 6.0; rv:10.0.1) Gecko/20100101 Firefox/10.0.1"
124.48.209.187 - - [17/Nov/2017:05:29:40 +0000] "GET /category/books HTTP/1.1" 200 121 "/category/office" "Mozilla/5.0 (Windows NT 6.1; WOW64) AppleWebKit/535.11 (KHTML, like Gecko) Chrome/17.0.963.56 Safari/535.11"
128.54.20.112 - - [17/Nov/2017:05:29:45 +0000] "GET /category/computers HTTP/1.1" 200 103 "/category/cameras" "Mozilla/5.0 (compatible; MSIE 9.0; Windows NT 6.1; WOW64; Trident/5.0)"
216.159.84.36 - - [17/Nov/2017:05:29:50 +0000] "GET /item/networking/2266 HTTP/1.1" 404 75 "/category/office" "Mozilla/5.0 (iPad; CPU OS 5_0_1 like Mac OS X) AppleWebKit/534.46 (KHTML, like Gecko) Version/5.1 Mobile/9A405 Safari/7534.48.3"
180.225.135.58 - - [17/Nov/2017:05:29:55 +0000] "GET /category/cameras HTTP/1.1" 200 124 "-" "Mozilla/5.0 (Windows NT 6.1; WOW64) AppleWebKit/535.11 (KHTML, like Gecko) Chrome/17.0.963.56 Safari/535.11"
192.213.24.121 - - [17/Nov/2017:05:30:00 +0000] "POST /search/?c=Garden+Electronics HTTP/1.1" 200 101 "-" "Mozilla/5.0 (iPad; CPU OS 5_0_1 like Mac OS X) AppleWebKit/534.46 (KHTML, like Gecko) Version/5.1 Mobile/9A405 Safari/7534.48.3"
44.39.69.128 - - [17/Nov/2017:05:30:05 +0000] "GET /item/networking/3831 HTTP/1.1" 200 85 "-" "Mozilla/4.0 (compatible; MSIE 8.0; Windows NT 6.1; Trident/4.0; YTB730; SLCC2; .NET CLR 2.0.50727; .NET CLR 3.5.30729; .NET CLR 3.0.30729; Media Center PC 6.0; .NET4.0C)"
140.138.221.130 - - [17/Nov/2017:05:30:10 +0000] "GET /category/software HTTP/1.1" 200 123 "/item/music/2915" "Mozilla/5.0 (Windows NT 6.0; rv:10.0.1) Gecko/20100101 Firefox/10.0.1"
216.177.42.228 - - [17/Nov/2017:05:30:15 +0000] "GET /category/electronics HTTP/1.1" 200 82 "-" "Mozilla/5.0 (Windows NT 6.1; WOW64) AppleWebKit/535.7 (KHTML, like Gecko) Chrome/16.0.912.77 Safari/535.7"
160.222.46.45 - - [17/Nov/2017:05:30:20 +0000] "GET /item/toys/3509 HTTP/1.1" 200 89 "-" "Mozilla/5.0 (compatible; MSIE 9.0; Windows NT 6.1; WOW64; Trident/5.0)"
152.90.220.86 - - [17/Nov/2017:05:30:25 +0000] "GET /item/cameras/3320 HTTP/1.1" 200 109 "-" "Mozilla/4.0 (compatible; MSIE 8.0; Windows NT 5.1; Trident/4.0; BTRS122159; GTB7.2; .NET CLR 1.1.4322; .NET CLR 2.0.50727; .NET CLR 3.0.04506.30; .NET CLR 3.0.4506.2152; .NET CLR 3.5.30729; BRI/2)"
184.162.181.93 - - [17/Nov/2017:05:30:30 +0000] "GET /category/books HTTP/1.1" 200 88 "-" "Mozilla/5.0 (Windows NT 6.1; WOW64) AppleWebKit/535.11 (KHTML, like Gecko) Chrome/17.0.963.56 Safari/535.11"
28.111.188.194 - - [17/Nov/2017:05:30:35 +0000] "GET /item/games/152 HTTP/1.1" 200 133 "-" "Mozilla/5.0 (Macintosh; Intel Mac OS X 10.6; rv:9.0.1) Gecko/20100101 Firefox/9.0.1"
20.84.216.48 - - [17/Nov/2017:05:30:40 +0000] "GET /item/software/3371 HTTP/1.1" 200 121 "/item/electronics/287" "Mozilla/5.0 (compatible; Googlebot/2.1; +http://www.google.com/bot.html)"
216.192.41.57 - - [17/Nov/2017:05:30:45 +0000] "GET /category/software HTTP/1.1" 200 94 "/category/electronics" "Mozilla/5.0 (Windows NT 6.1; WOW64; rv:10.0.1) Gecko/20100101 Firefox/10.0.1"
60.123.150.225 - - [17/Nov/2017:05:30:50 +0000] "GET /category/sports HTTP/1.1" 200 98 "/category/giftcards" "Mozilla/5.0 (iPhone; CPU iPhone OS 5_0_1 like Mac OS X) AppleWebKit/534.46 (KHTML, like Gecko) Version/5.1 Mobile/9A405 Safari/7534.48.3"
72.138.197.227 - - [17/Nov/2017:05:30:55 +0000] "GET /item/software/2711 HTTP/1.1" 200 89 "/search/?c=Computers" "Mozilla/5.0 (Windows NT 6.0; rv:10.0.1) Gecko/20100101 Firefox/10.0.1"
48.84.25.228 - - [17/Nov/2017:05:31:00 +0000] "GET /category/software?from=0 HTTP/1.1" 200 91 "-" "Mozilla/5.0 (compatible; Googlebot/2.1; +http://www.google.com/bot.html)"
64.24.130.157 - - [17/Nov/2017:05:31:05 +0000] "GET /item/garden/4052 HTTP/1.1" 200 88 "/item/books/3757" "Mozilla/5.0 (Windows NT 6.0) AppleWebKit/535.11 (KHTML, like Gecko) Chrome/17.0.963.56 Safari/535.11"
64.207.189.196 - - [17/Nov/2017:05:31:10 +0000] "GET /item/games/4604 HTTP/1.1" 200 54 "-" "Mozilla/5.0 (compatible; MSIE 9.0; Windows NT 6.1; Trident/5.0)"
212.183.136.225 - - [17/Nov/2017:05:31:15 +0000] "GET /category/electronics HTTP/1.1" 200 83 "-" "Mozilla/4.0 (compatible; MSIE 8.0; Windows NT 5.1; Trident/4.0; YTB720; GTB7.2; .NET CLR 1.1.4322; .NET CLR 2.0.50727; .NET CLR 3.0.4506.2152; .NET CLR 3.5.30729)"
40.36.91.188 - - [17/Nov/2017:05:31:20 +0000] "GET /category/software HTTP/1.1" 200 56 "-" "Mozilla/5.0 (Windows NT 6.0; rv:10.0.1) Gecko/20100101 Firefox/10.0.1"
92.48.177.183 - - [17/Nov/2017:05:31:25 +0000] "GET /category/books HTTP/1.1" 200 41 "-" "Mozilla/5.0 (iPhone; CPU iPhone OS 5_0_1 like Mac OS X) AppleWebKit/534.46 (KHTML, like Gecko) Version/5.1 Mobile/9A405 Safari/7534.48.3"
160.183.132.213 - - [17/Nov/2017:05:31:30 +0000] "GET /item/electronics/3821 HTTP/1.1" 200 75 "-" "Mozilla/4.0 (compatible; MSIE 8.0; Windows NT 6.1; Trident/4.0; YTB730; SLCC2; .NET CLR 2.0.50727; .NET CLR 3.5.30729; .NET CLR 3.0.30729; Media Center PC 6.0; .NET4.0C)"
32.213.174.79 - - [17/Nov/2017:05:31:35 +0000] "GET /category/garden HTTP/1.1" 200 135 "-" "Mozilla/4.0 (compatible; MSIE 8.0; Windows NT 6.1; WOW64; Trident/4.0; GTB7.2; SLCC2; .NET CLR 2.0.50727; .NET CLR 3.5.30729; .NET CLR 3.0.30729; Media Center PC 6.0; .NET4.0C)"
168.195.25.139 - - [17/Nov/2017:05:31:40 +0000] "GET /category/software HTTP/1.1" 200 81 "-" "Mozilla/4.0 (compatible; MSIE 8.0; Windows NT 6.1; Trident/4.0; YTB730; SLCC2; .NET CLR 2.0.50727; .NET CLR 3.5.30729; .NET CLR 3.0.30729; Media Center PC 6.0; .NET4.0C)"
216.123.39.202 - - [17/Nov/2017:05:31:45 +0000] "GET /item/software/880 HTTP/1.1" 200 138 "/category/health" "Mozilla/4.0 (compatible; MSIE 8.0; Windows NT 5.1; Trident/4.0; BTRS122159; GTB7.2; .NET CLR 1.1.4322; .NET CLR 2.0.50727; .NET CLR 3.0.04506.30; .NET CLR 3.0.4506.2152; .NET CLR 3.5.30729; BRI/2)"
140.204.32.148 - - [17/Nov/2017:05:31:50 +0000] "GET /category/finance HTTP/1.1" 200 124 "-" "Mozilla/4.0 (compatible; MSIE 8.0; Windows NT 5.1; Trident/4.0; BTRS122159; GTB7.2; .NET CLR 1.1.4322; .NET CLR 2.0.50727; .NET CLR 3.0.04506.30; .NET CLR 3.0.4506.2152; .NET CLR 3.5.30729; BRI/2)"
52.153.118.131 - - [17/Nov/2017:05:31:55 +0000] "GET /category/books HTTP/1.1" 200 139 "-" "Mozilla/5.0 (compatible; Googlebot/2.1; +http://www.google.com/bot.html)"
160.177.26.162 - - [17/Nov/2017:05:32:00 +0000] "GET /item/software/3523 HTTP/1.1" 200 68 "/item/electronics/2374" "Mozilla/4.0 (compatible; MSIE 8.0; Windows NT 6.1; WOW64; Trident/4.0; YTB730; GTB7.2; EasyBits GO v1.0; SLCC2; .NET CLR 2.0.50727; .NET CLR 3.5.30729; .NET CLR 3.0.30729; Media Center PC 6.0; .NET4.0C)"
88.141.158.50 - - [17/Nov/2017:05:32:05 +0000] "POST /search/?c=Books HTTP/1.1" 200 127 "-" "Mozilla/5.0 (Macintosh; Intel Mac OS X 10.6; rv:9.0.1) Gecko/20100101 Firefox/9.0.1"
92.150.116.137 - - [17/Nov/2017:05:32:10 +0000] "GET /item/jewelry/1981 HTTP/1.1" 200 89 "-" "Mozilla/5.0 (Windows NT 6.1; WOW64) AppleWebKit/535.11 (KHTML, like Gecko) Chrome/17.0.963.56 Safari/535.11"
176.33.111.181 - - [17/Nov/2017:05:32:15 +0000] "GET /category/software?from=20 HTTP/1.1" 200 57 "/category/software" "Mozilla/5.0 (Macintosh; Intel Mac OS X 10.6; rv:9.0.1) Gecko/20100101 Firefox/9.0.1"
140.120.215.134 - - [17/Nov/2017:05:32:20 +0000] "GET /category/software HTTP/1.1" 200 75 "/category/cameras" "Mozilla/5.0 (Windows NT 6.1; WOW64) AppleWebKit/535.7 (KHTML, like Gecko) Chrome/16.0.912.77 Safari/535.7"
100.54.117.195 - - [17/Nov/2017:05:32:25 +0000] "GET /category/software HTTP/1.1" 200 73 "/item/electronics/3529" "Mozilla/5.0 (compatible; MSIE 9.0; Windows NT 6.1; Trident/5.0)"
204.78.117.193 - - [17/Nov/2017:05:32:30 +0000] "GET /category/garden?from=20 HTTP/1.1" 200 69 "/category/electronics" "Mozilla/5.0 (compatible; MSIE 9.0; Windows NT 6.1; WOW64; Trident/5.0)"
212.75.227.45 - - [17/Nov/2017:05:32:35 +0000] "GET /category/books HTTP/1.1" 200 131 "-" "Mozilla/5.0 (iPhone; CPU iPhone OS 5_0_1 like Mac OS X) AppleWebKit/534.46 (KHTML, like Gecko) Version/5.1 Mobile/9A405 Safari/7534.48.3"
68.36.207.172 - - [17/Nov/2017:05:32:40 +0000] "GET /category/health HTTP/1.1" 200 132 "-" "Mozilla/5.0 (compatible; MSIE 9.0; Windows NT 6.1; Trident/5.0)"
32.99.62.111 - - [17/Nov/2017:05:32:45 +0000] "GET /category/finance HTTP/1.1" 200 68 "/category/finance" "Mozilla/5.0 (Windows NT 6.1; WOW64; rv:10.0.1) Gecko/20100101 Firefox/10.0.1"
164.120.51.110 - - [17/Nov/2017:05:32:50 +0000] "GET /item/garden/2971 HTTP/1.1" 200 116 "/category/music" "Mozilla/5.0 (Windows NT 6.0) AppleWebKit/535.11 (KHTML, like Gecko) Chrome/17.0.963.56 Safari/535.11"
156.111.173.188 - - [17/Nov/2017:05:32:55 +0000] "GET /category/electronics HTTP/1.1" 200 57 "/category/health" "Mozilla/5.0 (iPad; CPU OS 5_0_1 like Mac OS X) AppleWebKit/534.46 (KHTML, like Gecko) Version/5.1 Mobile/9A405 Safari/7534.48.3"
180.54.65.44 - - [17/Nov/2017:05:33:00 +0000] "GET /category/sports HTTP/1.1" 200 72 "-" "Mozilla/5.0 (Macintosh; Intel Mac OS X 10.6; rv:9.0.1) Gecko/20100101 Firefox/9.0.1"
40.135.213.74 - - [17/Nov/2017:05:33:05 +0000] "POST /search/?c=Software+Networking HTTP/1.1" 200 104 "/category/electronics" "Mozilla/5.0 (iPad; CPU OS 5_0_1 like Mac OS X) AppleWebKit/534.46 (KHTML, like Gecko) Version/5.1 Mobile/9A405 Safari/7534.48.3"
160.177.26.162 - - [17/Nov/2017:05:33:10 +0000] "GET /item/garden/1060 HTTP/1.1" 200 74 "/item/finance/3479" "Mozilla/4.0 (compatible; MSIE 8.0; Windows NT 6.1; WOW64; Trident/4.0; YTB730; GTB7.2; EasyBits GO v1.0; SLCC2; .NET CLR 2.0.50727; .NET CLR 3.5.30729; .NET CLR 3.0.30729; Media Center PC 6.0; .NET4.0C)"
132.120.123.35 - - [17/Nov/2017:05:33:15 +0000] "GET /category/toys HTTP/1.1" 200 130 "-" "Mozilla/5.0 (compatible; MSIE 9.0; Windows NT 6.1; WOW64; Trident/5.0)"
20.60.176.150 - - [17/Nov/2017:05:33:20 +0000] "GET /item/computers/1106 HTTP/1.1" 200 57 "-" "Mozilla/5.0 (compatible; MSIE 9.0; Windows NT 6.1; Trident/5.0)"
52.219.45.68 - - [17/Nov/2017:05:33:25 +0000] "GET /item/music/532 HTTP/1.1" 200 43 "-" "Mozilla/4.0 (compatible; MSIE 8.0; Windows NT 6.1; WOW64; Trident/4.0; YTB730; GTB7.2; SLCC2; .NET CLR 2.0.50727; .NET CLR 3.5.30729; .NET CLR 3.0.30729; .NET4.0C; .NET4.0E; Media Center PC 6.0)"
128.39.75.36 - - [17/Nov/2017:05:33:30 +0000] "GET /category/health HTTP/1.1" 200 100 "/category/cameras" "Mozilla/5.0 (Macintosh; Intel Mac OS X 10.6; rv:9.0.1) Gecko/20100101 Firefox/9.0.1"
168.60.226.215 - - [17/Nov/2017:05:33:35 +0000] "GET /category/books HTTP/1.1" 200 106 "/item/books/570" "Mozilla/5.0 (Windows NT 6.1; WOW64) AppleWebKit/535.11 (KHTML, like Gecko) Chrome/17.0.963.56 Safari/535.11"
164.219.67.33 - - [17/Nov/2017:05:33:40 +0000] "GET /category/office HTTP/1.1" 200 128 "-" "Mozilla/5.0 (compatible; MSIE 9.0; Windows NT 6.1; WOW64; Trident/5.0)"
164.135.167.29 - - [17/Nov/2017:05:33:45 +0000] "GET /item/toys/4220 HTTP/1.1" 200 102 "/category/software" "Mozilla/4.0 (compatible; MSIE 8.0; Windows NT 5.1; Trident/4.0; YTB720; GTB7.2; .NET CLR 1.1.4322; .NET CLR 2.0.50727; .NET CLR 3.0.4506.2152; .NET CLR 3.5.30729)"
188.54.62.28 - - [17/Nov/2017:05:33:50 +0000] "GET /category/computers HTTP/1.1" 200 117 "/category/music" "Mozilla/4.0 (compatible; MSIE 8.0; Windows NT 6.0; WOW64; Trident/4.0; GTB6; SLCC1; .NET CLR 2.0.50727; Media Center PC 5.0; .NET CLR 3.5.30729; .NET CLR 3.0.30618; .NET4.0C)"
40.36.205.118 - - [17/Nov/2017:05:33:55 +0000] "GET /category/electronics HTTP/1.1" 200 84 "-" "Mozilla/5.0 (Windows NT 6.0; rv:10.0.1) Gecko/20100101 Firefox/10.0.1"
64.72.99.80 - - [17/Nov/2017:05:34:00 +0000] "POST /search/?c=Books HTTP/1.1" 200 40 "/category/jewelry" "Mozilla/5.0 (Windows NT 6.0; rv:10.0.1) Gecko/20100101 Firefox/10.0.1"
72.96.123.40 - - [17/Nov/2017:05:34:05 +0000] "GET /category/electronics HTTP/1.1" 200 128 "/category/books" "Mozilla/5.0 (Windows NT 6.1; WOW64) AppleWebKit/535.11 (KHTML, like Gecko) Chrome/17.0.963.56 Safari/535.11"
164.45.62.175 - - [17/Nov/2017:05:34:10 +0000] "GET /item/software/4520 HTTP/1.1" 200 75 "/search/?c=Cameras+Books" "Mozilla/5.0 (Macintosh; Intel Mac OS X 10.6; rv:9.0.1) Gecko/20100101 Firefox/9.0.1"
212.204.212.109 - - [17/Nov/2017:05:34:15 +0000] "GET /item/sports/2911 HTTP/1.1" 200 130 "/category/health" "Mozilla/5.0 (Macintosh; Intel Mac OS X 10.6; rv:9.0.1) Gecko/20100101 Firefox/9.0.1"
172.126.211.27 - - [17/Nov/2017:05:34:20 +0000] "GET /category/toys HTTP/1.1" 200 120 "-" "Mozilla/5.0 (compatible; MSIE 9.0; Windows NT 6.1; WOW64; Trident/5.0)"
208.126.73.169 - - [17/Nov/2017:05:34:25 +0000] "POST /search/?c=Electronics+Games HTTP/1.1" 200 138 "/category/books" "Mozilla/5.0 (Windows NT 6.0; rv:10.0.1) Gecko/20100101 Firefox/10.0.1"
140.207.125.132 - - [17/Nov/2017:05:34:30 +0000] "GET /category/music HTTP/1.1" 200 138 "-" "Mozilla/5.0 (Windows NT 6.0; rv:10.0.1) Gecko/20100101 Firefox/10.0.1"
40.126.194.206 - - [17/Nov/2017:05:34:35 +0000] "GET /category/books HTTP/1.1" 200 80 "-" "Mozilla/5.0 (Windows NT 6.0) AppleWebKit/535.11 (KHTML, like Gecko) Chrome/17.0.963.56 Safari/535.11"
164.198.33.36 - - [17/Nov/2017:05:34:40 +0000] "POST /search/?c=Electronics+Electronics HTTP/1.1" 200 69 "/item/electronics/2104" "Mozilla/5.0 (Macintosh; Intel Mac OS X 10.6; rv:9.0.1) Gecko/20100101 Firefox/9.0.1"
84.72.133.74 - - [17/Nov/2017:05:34:45 +0000] "GET /category/games HTTP/1.1" 200 77 "/category/toys?from=10" "Mozilla/5.0 (Windows NT 5.1) AppleWebKit/535.11 (KHTML, like Gecko) Chrome/17.0.963.46 Safari/535.11"
60.126.223.156 - - [17/Nov/2017:05:34:50 +0000] "GET /category/office HTTP/1.1" 200 82 "/item/office/2855" "Mozilla/5.0 (Windows NT 6.0; rv:10.0.1) Gecko/20100101 Firefox/10.0.1"
196.180.153.197 - - [17/Nov/2017:05:34:55 +0000] "GET /category/software HTTP/1.1" 200 66 "-" "Mozilla/5.0 (Windows NT 6.1; WOW64; rv:10.0.1) Gecko/20100101 Firefox/10.0.1"
148.75.141.188 - - [17/Nov/2017:05:35:00 +0000] "GET /category/finance HTTP/1.1" 200 132 "/item/toys/3180" "Mozilla/4.0 (compatible; MSIE 8.0; Windows NT 5.1; Trident/4.0; YTB720; GTB7.2; .NET CLR 1.1.4322; .NET CLR 2.0.50727; .NET CLR 3.0.4506.2152; .NET CLR 3.5.30729)"
60.123.150.225 - - [17/Nov/2017:05:35:05 +0000] "GET /item/electronics/2940 HTTP/1.1" 200 103 "-" "Mozilla/4.0 (compatible; MSIE 8.0; Windows NT 5.1; Trident/4.0; BTRS122159; GTB7.2; .NET CLR 1.1.4322; .NET CLR 2.0.50727; .NET CLR 3.0.04506.30; .NET CLR 3.0.4506.2152; .NET CLR 3.5.30729; BRI/2)"
20.132.185.140 - - [17/Nov/2017:05:35:10 +0000] "GET /category/books HTTP/1.1" 200 49 "/category/games" "Mozilla/4.0 (compatible; MSIE 8.0; Windows NT 6.1; WOW64; Trident/4.0; YTB730; GTB7.2; SLCC2; .NET CLR 2.0.50727; .NET CLR 3.5.30729; .NET CLR 3.0.30729; .NET4.0C; .NET4.0E; Media Center PC 6.0)"
84.219.194.27 - - [17/Nov/2017:05:35:15 +0000] "POST /search/?c=Networking HTTP/1.1" 200 66 "-" "Mozilla/5.0 (Windows NT 6.1; WOW64; rv:10.0.1) Gecko/20100101 Firefox/10.0.1"
80.96.105.54 - - [17/Nov/2017:05:35:20 +0000] "GET /category/cameras?from=20 HTTP/1.1" 200 99 "-" "Mozilla/5.0 (Macintosh; Intel Mac OS X 10.6; rv:9.0.1) Gecko/20100101 Firefox/9.0.1"
196.162.93.51 - - [17/Nov/2017:05:35:25 +0000] "GET /category/office HTTP/1.1" 200 58 "/item/electronics/4072" "Mozilla/5.0 (Windows NT 5.1) AppleWebKit/535.11 (KHTML, like Gecko) Chrome/17.0.963.46 Safari/535.11"
144.159.198.187 - - [17/Nov/2017:05:35:30 +0000] "GET /item/software/4933 HTTP/1.1" 200 52 "/search/?c=Cameras+Office" "Mozilla/5.0 (Windows NT 6.0) AppleWebKit/535.11 (KHTML, like Gecko) Chrome/17.0.963.56 Safari/535.11"
220.81.172.204 - - [17/Nov/2017:05:35:35 +0000] "GET /category/books HTTP/1.1" 200 41 "-" "Mozilla/5.0 (compatible; MSIE 9.0; Windows NT 6.1; WOW64; Trident/5.0)"
224.87.180.175 - - [17/Nov/2017:05:35:40 +0000] "GET /category/electronics?from=0 HTTP/1.1" 200 102 "/category/games" "Mozilla/5.0 (Windows NT 6.0) AppleWebKit/535.11 (KHTML, like Gecko) Chrome/17.0.963.56 Safari/535.11"
120.168.187.112 - - [17/Nov/2017:05:35:45 +0000] "GET /item/office/2035 HTTP/1.1" 200 120 "-" "Mozilla/5.0 (Windows NT 6.1; WOW64) AppleWebKit/535.11 (KHTML, like Gecko) Chrome/17.0.963.56 Safari/535.11"
224.27.173.79 - - [17/Nov/2017:05:35:50 +0000] "GET /item/books/3487 HTTP/1.1" 200 92 "/search/?c=Books+Finance" "Mozilla/5.0 (Macintosh; Intel Mac OS X 10.6; rv:9.0.1) Gecko/20100101 Firefox/9.0.1"
28.207.139.33 - - [17/Nov/2017:05:35:55 +0000] "GET /category/software HTTP/1.1" 200 65 "-" "Mozilla/5.0 (compatible; MSIE 9.0; Windows NT 6.1; Trident/5.0)"
204.147.33.196 - - [17/Nov/2017:05:36:00 +0000] "GET /category/jewelry HTTP/1.1" 200 48 "-" "Mozilla/5.0 (Macintosh; Intel Mac OS X 10.6; rv:9.0.1) Gecko/20100101 Firefox/9.0.1"
20.60.125.37 - - [17/Nov/2017:05:36:05 +0000] "GET /category/software HTTP/1.1" 200 72 "-" "Mozilla/5.0 (Windows NT 6.1; WOW64) AppleWebKit/535.7 (KHTML, like Gecko) Chrome/16.0.912.77 Safari/535.7"
104.207.115.95 - - [17/Nov/2017:05:36:10 +0000] "GET /category/electronics?from=0 HTTP/1.1" 200 101 "/search/?c=Electronics" "Mozilla/5.0 (Macintosh; Intel Mac OS X 10.6; rv:9.0.1) Gecko/20100101 Firefox/9.0.1"
188.162.174.58 - - [17/Nov/2017:05:36:15 +0000] "GET /item/electronics/3298 HTTP/1.1" 200 93 "-" "Mozilla/5.0 (Windows NT 6.1; WOW64) AppleWebKit/535.7 (KHTML, like Gecko) Chrome/16.0.912.77 Safari/535.7"
36.132.162.159 - - [17/Nov/2017:05:36:20 +0000] "GET /item/electronics/2451 HTTP/1.1" 200 108 "/category/games" "Mozilla/4.0 (compatible; MSIE 8.0; Windows NT 6.1; WOW64; Trident/4.0; YTB730; GTB7.2; EasyBits GO v1.0; SLCC2; .NET CLR 2.0.50727; .NET CLR 3.5.30729; .NET CLR 3.0.30729; Media Center PC 6.0; .NET4.0C)"
60.72.43.103 - - [17/Nov/2017:05:36:25 +0000] "GET /category/software HTTP/1.1" 200 77 "http://www.google.com/search?ie=UTF-8&q=google&sclient=psy-ab&q=Software&oq=Software&aq=f&aqi=g-vL1&aql=&pbx=1&bav=on.2,or.r_gc.r_pw.r_qf.,cf.osb&biw=3891&bih=359" "Mozilla/5.0 (Windows NT 6.1; WOW64) AppleWebKit/535.7 (KHTML, like Gecko) Chrome/16.0.912.77 Safari/535.7"
144.201.149.141 - - [17/Nov/2017:05:36:30 +0000] "GET /category/networking HTTP/1.1" 200 108 "/item/cameras/1329" "Mozilla/5.0 (Macintosh; Intel Mac OS X 10.6; rv:9.0.1) Gecko/20100101 Firefox/9.0.1"
112.159.47.221 - - [17/Nov/2017:05:36:35 +0000] "GET /item/networking/3979 HTTP/1.1" 200 66 "/item/books/1869" "Mozilla/5.0 (Windows NT 6.1; WOW64; rv:10.0.1) Gecko/20100101 Firefox/10.0.1"
76.90.203.178 - - [17/Nov/2017:05:36:40 +0000] "GET /category/software HTTP/1.1" 200 108 "-" "Mozilla/5.0 (Windows NT 6.1; WOW64) AppleWebKit/535.7 (KHTML, like Gecko) Chrome/16.0.912.77 Safari/535.7"
64.207.189.196 - - [17/Nov/2017:05:36:45 +0000] "GET /category/software HTTP/1.1" 200 114 "/category/toys" "Mozilla/5.0 (Windows NT 6.0; rv:10.0.1) Gecko/20100101 Firefox/10.0.1"
160.129.152.167 - - [17/Nov/2017:05:36:50 +0000] "GET /item/garden/995 HTTP/1.1" 200 77 "/search/?c=Garden+Cameras" "Mozilla/5.0 (Windows NT 6.1; WOW64; rv:10.0.1) Gecko/20100101 Firefox/10.0.1"
124.180.126.94 - - [17/Nov/2017:05:36:55 +0000] "GET /item/finance/1207 HTTP/1.1" 200 57 "http://www.google.com/search?ie=UTF-8&q=google&sclient=psy-ab&q=Finance+Office&oq=Finance+Office&aq=f&aqi=g-vL1&aql=&pbx=1&bav=on.2,or.r_gc.r_pw.r_qf.,cf.osb&biw=4152&bih=552" "Mozilla/4.0 (compatible; MSIE 8.0; Windows NT 6.1; WOW64; Trident/4.0; YTB730; GTB7.2; SLCC2; .NET CLR 2.0.50727; .NET CLR 3.5.30729; .NET CLR 3.0.30729; .NET4.0C; .NET4.0E; Media Center PC 6.0)"
196.96.50.86 - - [17/Nov/2017:05:37:00 +0000] "GET /item/music/4403 HTTP/1.1" 200 96 "/category/electronics" "Mozilla/5.0 (Windows NT 6.0) AppleWebKit/535.11 (KHTML, like Gecko) Chrome/17.0.963.56 Safari/535.11"
200.114.202.134 - - [17/Nov/2017:05:37:05 +0000] "GET /item/giftcards/202 HTTP/1.1" 200 51 "/category/giftcards" "Mozilla/4.0 (compatible; MSIE 8.0; Windows NT 6.0; WOW64; Trident/4.0; GTB6; SLCC1; .NET CLR 2.0.50727; Media Center PC 5.0; .NET CLR 3.5.30729; .NET CLR 3.0.30618; .NET4.0C)"
224.87.180.175 - - [17/Nov/2017:05:37:10 +0000] "GET /item/computers/2093 HTTP/1.1" 200 91 "/search/?c=Computers+Cameras" "Mozilla/5.0 (Windows NT 6.1; WOW64) AppleWebKit/535.7 (KHTML, like Gecko) Chrome/16.0.912.77 Safari/535.7"
216.90.56.55 - - [17/Nov/2017:05:37:15 +0000] "GET /category/electronics HTTP/1.1" 200 104 "/category/music" "Mozilla/5.0 (compatible; MSIE 9.0; Windows NT 6.1; WOW64; Trident/5.0)"
52.192.158.142 - - [17/Nov/2017:05:37:20 +0000] "GET /item/office/1867 HTTP/1.1" 200 83 "-" "Mozilla/5.0 (Windows NT 6.1; WOW64) AppleWebKit/535.7 (KHTML, like Gecko) Chrome/16.0.912.77 Safari/535.7"
84.117.68.27 - - [17/Nov/2017:05:37:25 +0000] "GET /category/electronics HTTP/1.1" 200 99 "/category/software" "Mozilla/5.0 (Windows NT 6.0) AppleWebKit/535.11 (KHTML, like Gecko) Chrome/17.0.963.56 Safari/535.11"
68.225.106.184 - - [17/Nov/2017:05:37:30 +0000] "GET /category/giftcards HTTP/1.1" 200 49 "-" "Mozilla/5.0 (Windows NT 6.0; rv:10.0.1) Gecko/20100101 Firefox/10.0.1"
44.36.69.119 - - [17/Nov/2017:05:37:35 +0000] "GET /item/software/880 HTTP/1.1" 200 138 "/category/giftcards" "Mozilla/5.0 (Windows NT 6.1; WOW64) AppleWebKit/535.7 (KHTML, like Gecko) Chrome/16.0.912.77 Safari/535.7"
112.204.94.24 - - [17/Nov/2017:05:37:40 +0000] "GET /category/electronics HTTP/1.1" 200 96 "-" "Mozilla/5.0 (compatible; MSIE 9.0; Windows NT 6.1; WOW64; Trident/5.0)"
224.66.34.113 - - [17/Nov/2017:05:37:45 +0000] "GET /category/software HTTP/1.1" 200 108 "/category/games" "Mozilla/5.0 (Windows NT 6.0; rv:10.0.1) Gecko/20100101 Firefox/10.0.1"
100.168.183.82 - - [17/Nov/2017:05:37:50 +0000] "GET /category/software HTTP/1.1" 200 78 "-" "Mozilla/5.0 (Windows NT 6.1; WOW64) AppleWebKit/535.11 (KHTML, like Gecko) Chrome/17.0.963.56 Safari/535.11"
40.42.114.155 - - [17/Nov/2017:05:37:55 +0000] "GET /category/jewelry HTTP/1.1" 200 77 "/category/garden" "Mozilla/5.0 (compatible; Googlebot/2.1; +http://www.google.com/bot.html)"
220.126.137.81 - - [17/Nov/2017:05:38:00 +0000] "GET /category/software HTTP/1.1" 200 128 "-" "Mozilla/5.0 (Macintosh; Intel Mac OS X 10.6; rv:9.0.1) Gecko/20100101 Firefox/9.0.1"
48.219.110.88 - - [17/Nov/2017:05:38:05 +0000] "GET /category/software HTTP/1.1" 200 49 "/category/games" "Mozilla/5.0 (Macintosh; Intel Mac OS X 10.6; rv:9.0.1) Gecko/20100101 Firefox/9.0.1"
140.150.40.81 - - [17/Nov/2017:05:38:10 +0000] "GET /item/computers/2093 HTTP/1.1" 200 91 "/item/sports/3881" "Mozilla/5.0 (Windows NT 6.0) AppleWebKit/535.11 (KHTML, like Gecko) Chrome/17.0.963.56 Safari/535.11"
192.168.159.47 - - [17/Nov/2017:05:38:15 +0000] "GET /category/software HTTP/1.1" 200 114 "-" "Mozilla/5.0 (Macintosh; Intel Mac OS X 10.6; rv:9.0.1) Gecko/20100101 Firefox/9.0.1"
48.201.198.145 - - [17/Nov/2017:05:38:20 +0000] "GET /category/electronics HTTP/1.1" 200 84 "-" "Mozilla/4.0 (compatible; MSIE 8.0; Windows NT 5.1; Trident/4.0; BTRS122159; GTB7.2; .NET CLR 1.1.4322; .NET CLR 2.0.50727; .NET CLR 3.0.04506.30; .NET CLR 3.0.4506.2152; .NET CLR 3.5.30729; BRI/2)"
180.147.87.207 - - [17/Nov/2017:05:38:25 +0000] "GET /category/finance HTTP/1.1" 200 49 "/category/networking" "Mozilla/5.0 (Macintosh; Intel Mac OS X 10.6; rv:9.0.1) Gecko/20100101 Firefox/9.0.1"
92.48.136.180 - - [17/Nov/2017:05:38:30 +0000] "POST /search/?c=Health HTTP/1.1" 200 60 "-" "Mozilla/5.0 (Windows NT 6.1; WOW64) AppleWebKit/535.11 (KHTML, like Gecko) Chrome/17.0.963.56 Safari/535.11"
48.105.184.168 - - [17/Nov/2017:05:38:35 +0000] "GET /category/health HTTP/1.1" 200 92 "/item/electronics/2792" "Mozilla/5.0 (Windows NT 6.0) AppleWebKit/535.11 (KHTML, like Gecko) Chrome/17.0.963.56 Safari/535.11"
172.165.66.62 - - [17/Nov/2017:05:38:40 +0000] "POST /search/?c=Games+Electronics HTTP/1.1" 200 52 "/category/computers" "Mozilla/5.0 (compatible; MSIE 9.0; Windows NT 6.1; WOW64; Trident/5.0)"
140.63.197.40 - - [17/Nov/2017:05:38:45 +0000] "GET /category/electronics HTTP/1.1" 200 50 "-" "Mozilla/5.0 (Windows NT 6.0; rv:10.0.1) Gecko/20100101 Firefox/10.0.1"
224.27.47.136 - - [17/Nov/2017:05:38:50 +0000] "POST /search/?c=Music HTTP/1.1" 200 44 "/category/music" "Mozilla/5.0 (Windows NT 6.1; WOW64) AppleWebKit/535.7 (KHTML, like Gecko) Chrome/16.0.912.77 Safari/535.7"
84.150.50.150 - - [17/Nov/2017:05:38:55 +0000] "GET /category/cameras HTTP/1.1" 200 109 "/category/books" "Mozilla/5.0 (iPhone; CPU iPhone OS 5_0_1 like Mac OS X) AppleWebKit/534.46 (KHTML, like Gecko) Version/5.1 Mobile/9A405 Safari/7534.48.3"
136.108.176.209 - - [17/Nov/2017:05:39:00 +0000] "GET /item/electronics/1466 HTTP/1.1" 200 67 "-" "Mozilla/5.0 (Windows NT 6.1; WOW64) AppleWebKit/535.11 (KHTML, like Gecko) Chrome/17.0.963.56 Safari/535.11"
200.201.187.211 - - [17/Nov/2017:05:39:05 +0000] "GET /category/electronics HTTP/1.1" 200 63 "/item/finance/4492" "Mozilla/4.0 (compatible; MSIE 8.0; Windows NT 5.1; Trident/4.0; BTRS122159; GTB7.2; .NET CLR 1.1.4322; .NET CLR 2.0.50727; .NET CLR 3.0.04506.30; .NET CLR 3.0.4506.2152; .NET CLR 3.5.30729; BRI/2)"
40.111.117.84 - - [17/Nov/2017:05:39:10 +0000] "GET /item/electronics/1309 HTTP/1.1" 200 133 "/category/electronics" "Mozilla/5.0 (compatible; Googlebot/2.1; +http://www.google.com/bot.html)"
124.180.126.94 - - [17/Nov/2017:05:39:15 +0000] "GET /item/electronics/3444 HTTP/1.1" 200 131 "-" "Mozilla/5.0 (compatible; MSIE 9.0; Windows NT 6.1; Trident/5.0)"
144.90.208.217 - - [17/Nov/2017:05:39:20 +0000] "POST /search/?c=Electronics+Software HTTP/1.1" 200 67 "-" "Mozilla/5.0 (compatible; Googlebot/2.1; +http://www.google.com/bot.html)"
20.180.93.217 - - [17/Nov/2017:05:39:25 +0000] "GET /category/computers?from=20 HTTP/1.1" 200 62 "/category/books?from=0" "Mozilla/4.0 (compatible; MSIE 8.0; Windows NT 6.1; Trident/4.0; YTB730; SLCC2; .NET CLR 2.0.50727; .NET CLR 3.5.30729; .NET CLR 3.0.30729; Media Center PC 6.0; .NET4.0C)"
28.132.108.116 - - [17/Nov/2017:05:39:30 +0000] "GET /item/giftcards/2263 HTTP/1.1" 200 78 "/category/books" "Mozilla/4.0 (compatible; MSIE 8.0; Windows NT 6.1; WOW64; Trident/4.0; GTB7.2; SLCC2; .NET CLR 2.0.50727; .NET CLR 3.5.30729; .NET CLR 3.0.30729; Media Center PC 6.0; .NET4.0C)"
152.51.72.184 - - [17/Nov/2017:05:39:35 +0000] "GET /item/games/526 HTTP/1.1" 200 104 "/category/electronics" "Mozilla/4.0 (compatible; MSIE 8.0; Windows NT 6.1; WOW64; Trident/4.0; YTB730; GTB7.2; EasyBits GO v1.0; SLCC2; .NET CLR 2.0.50727; .NET CLR 3.5.30729; .NET CLR 3.0.30729; Media Center PC 6.0; .NET4.0C)"
196.36.158.223 - - [17/Nov/2017:05:39:40 +0000] "GET /item/software/4034 HTTP/1.1" 200 131 "/category/networking" "Mozilla/5.0 (iPad; CPU OS 5_0_1 like Mac OS X) AppleWebKit/534.46 (KHTML, like Gecko) Version/5.1 Mobile/9A405 Safari/7534.48.3"
132.81.165.167 - - [17/Nov/2017:05:39:45 +0000] "GET /category/computers HTTP/1.1" 200 139 "/item/books/3156" "Mozilla/5.0 (Windows NT 6.0; rv:10.0.1) Gecko/20100101 Firefox/10.0.1"
32.222.29.160 - - [17/Nov/2017:05:39:50 +0000] "GET /item/health/961 HTTP/1.1" 200 102 "-" "Mozilla/5.0 (compatible; Googlebot/2.1; +http://www.google.com/bot.html)"
80.96.105.54 - - [17/Nov/2017:05:39:55 +0000] "GET /item/electronics/950 HTTP/1.1" 200 92 "/category/electronics" "Mozilla/5.0 (compatible; MSIE 9.0; Windows NT 6.1; WOW64; Trident/5.0)"
160.177.125.192 - - [17/Nov/2017:05:40:00 +0000] "GET /category/cameras HTTP/1.1" 200 99 "/search/?c=Computers" "Mozilla/5.0 (Windows NT 6.0; rv:10.0.1) Gecko/20100101 Firefox/10.0.1"
60.147.125.150 - - [17/Nov/2017:05:40:05 +0000] "GET /item/jewelry/4156 HTTP/1.1" 200 71 "/category/giftcards" "Mozilla/5.0 (iPad; CPU OS 5_0_1 like Mac OS X) AppleWebKit/534.46 (KHTML, like Gecko) Version/5.1 Mobile/9A405 Safari/7534.48.3"
208.150.171.60 - - [17/Nov/2017:05:40:10 +0000] "GET /category/electronics HTTP/1.1" 200 72 "-" "Mozilla/5.0 (Windows NT 6.0; rv:10.0.1) Gecko/20100101 Firefox/10.0.1"
128.159.112.128 - - [17/Nov/2017:05:40:15 +0000] "POST /search/?c=Giftcards+Games HTTP/1.1" 200 116 "-" "Mozilla/5.0 (Windows NT 6.0; rv:10.0.1) Gecko/20100101 Firefox/10.0.1"
68.222.159.224 - - [17/Nov/2017:05:40:20 +0000] "GET /category/electronics HTTP/1.1" 200 79 "-" "Mozilla/4.0 (compatible; MSIE 8.0; Windows NT 6.1; WOW64; Trident/4.0; YTB730; GTB7.2; EasyBits GO v1.0; SLCC2; .NET CLR 2.0.50727; .NET CLR 3.5.30729; .NET CLR 3.0.30729; Media Center PC 6.0; .NET4.0C)"
204.60.81.51 - - [17/Nov/2017:05:40:25 +0000] "GET /category/electronics HTTP/1.1" 200 113 "/search/?c=Giftcards" "Mozilla/5.0 (Windows NT 6.0; rv:10.0.1) Gecko/20100101 Firefox/10.0.1"
112.18.198.226 - - [17/Nov/2017:05:40:30 +0000] "GET /category/electronics HTTP/1.1" 200 101 "/category/garden?from=20" "Mozilla/5.0 (Macintosh; Intel Mac OS X 10.6; rv:9.0.1) Gecko/20100101 Firefox/9.0.1"
80.189.195.176 - - [17/Nov/2017:05:40:35 +0000] "GET /item/office/393 HTTP/1.1" 200 128 "-" "Mozilla/4.0 (compatible; MSIE 8.0; Windows NT 6.1; WOW64; Trident/4.0; GTB7.2; SLCC2; .NET CLR 2.0.50727; .NET CLR 3.5.30729; .NET CLR 3.0.30729; Media Center PC 6.0; .NET4.0C)"
76.93.187.155 - - [17/Nov/2017:05:40:40 +0000] "GET /item/electronics/4030 HTTP/1.1" 200 111 "-" "Mozilla/4.0 (compatible; MSIE 8.0; Windows NT 6.1; Trident/4.0; YTB730; SLCC2; .NET CLR 2.0.50727; .NET CLR 3.5.30729; .NET CLR 3.0.30729; Media Center PC 6.0; .NET4.0C)"
176.45.198.120 - - [17/Nov/2017:05:40:45 +0000] "GET /item/giftcards/3907 HTTP/1.1" 200 93 "/search/?c=Giftcards" "Mozilla/5.0 (Windows NT 6.1; WOW64) AppleWebKit/535.7 (KHTML, like Gecko) Chrome/16.0.912.77 Safari/535.7"
132.171.86.44 - - [17/Nov/2017:05:40:50 +0000] "GET /item/games/2215 HTTP/1.1" 200 64 "/search/?c=Games+Networking" "Mozilla/5.0 (Windows NT 6.0; rv:10.0.1) Gecko/20100101 Firefox/10.0.1"
132.60.108.133 - - [17/Nov/2017:05:40:55 +0000] "GET /category/software HTTP/1.1" 200 43 "-" "Mozilla/5.0 (Windows NT 6.0) AppleWebKit/535.11 (KHTML, like Gecko) Chrome/17.0.963.56 Safari/535.11"
144.123.122.206 - - [17/Nov/2017:05:41:00 +0000] "GET /category/computers HTTP/1.1" 200 103 "-" "Mozilla/5.0 (Macintosh; Intel Mac OS X 10.6; rv:9.0.1) Gecko/20100101 Firefox/9.0.1"
176.171.208.90 - - [17/Nov/2017:05:41:05 +0000] "GET /item/sports/3851 HTTP/1.1" 200 49 "http://www.google.com/search?ie=UTF-8&q=google&sclient=psy-ab&q=Sports&oq=Sports&aq=f&aqi=g-vL1&aql=&pbx=1&bav=on.2,or.r_gc.r_pw.r_qf.,cf.osb&biw=2532&bih=67" "Mozilla/5.0 (iPad; CPU OS 5_0_1 like Mac OS X) AppleWebKit/534.46 (KHTML, like Gecko) Version/5.1 Mobile/9A405 Safari/7534.48.3"
92.120.192.181 - - [17/Nov/2017:05:41:10 +0000] "GET /category/cameras?from=20 HTTP/1.1" 200 99 "/search/?c=Toys+Toys" "Mozilla/5.0 (Windows NT 6.1; WOW64) AppleWebKit/535.11 (KHTML, like Gecko) Chrome/17.0.963.56 Safari/535.11"
52.153.118.131 - - [17/Nov/2017:05:41:15 +0000] "GET /category/toys HTTP/1.1" 200 77 "-" "Mozilla/5.0 (compatible; Googlebot/2.1; +http://www.google.com/bot.html)"
184.210.102.195 - - [17/Nov/2017:05:41:20 +0000] "GET /category/finance HTTP/1.1" 200 122 "-" "Mozilla/4.0 (compatible; MSIE 8.0; Windows NT 5.1; Trident/4.0; YTB720; GTB7.2; .NET CLR 1.1.4322; .NET CLR 2.0.50727; .NET CLR 3.0.4506.2152; .NET CLR 3.5.30729)"
196.144.108.166 - - [17/Nov/2017:05:41:25 +0000] "GET /category/jewelry HTTP/1.1" 200 138 "-" "Mozilla/5.0 (Windows NT 6.1; WOW64) AppleWebKit/535.7 (KHTML, like Gecko) Chrome/16.0.912.77 Safari/535.7"
32.99.62.111 - - [17/Nov/2017:05:41:30 +0000] "GET /category/software HTTP/1.1" 200 55 "/category/games" "Mozilla/5.0 (Windows NT 6.1; WOW64) AppleWebKit/535.11 (KHTML, like Gecko) Chrome/17.0.963.56 Safari/535.11"
164.195.181.157 - - [17/Nov/2017:05:41:35 +0000] "POST /search/?c=Electronics+Games HTTP/1.1" 200 88 "-" "Mozilla/5.0 (compatible; MSIE 9.0; Windows NT 6.1; WOW64; Trident/5.0)"
52.192.158.142 - - [17/Nov/2017:05:41:40 +0000] "GET /category/health HTTP/1.1" 200 100 "-" "Mozilla/5.0 (compatible; MSIE 9.0; Windows NT 6.1; WOW64; Trident/5.0)"
188.69.32.39 - - [17/Nov/2017:05:41:45 +0000] "GET /item/electronics/681 HTTP/1.1" 200 64 "/item/software/517" "Mozilla/4.0 (compatible; MSIE 8.0; Windows NT 6.0; WOW64; Trident/4.0; GTB6; SLCC1; .NET CLR 2.0.50727; Media Center PC 5.0; .NET CLR 3.5.30729; .NET CLR 3.0.30618; .NET4.0C)"
80.132.181.27 - - [17/Nov/2017:05:41:50 +0000] "GET /category/electronics HTTP/1.1" 200 79 "-" "Mozilla/5.0 (Windows NT 6.1; WOW64; rv:10.0.1) Gecko/20100101 Firefox/10.0.1"
92.123.218.35 - - [17/Nov/2017:05:41:55 +0000] "GET /category/software HTTP/1.1" 200 99 "/category/giftcards" "Mozilla/5.0 (Windows NT 6.1; WOW64) AppleWebKit/535.11 (KHTML, like Gecko) Chrome/17.0.963.56 Safari/535.11"
84.117.68.27 - - [17/Nov/2017:05:42:00 +0000] "GET /item/office/2855 HTTP/1.1" 200 52 "/category/electronics" "Mozilla/5.0 (Windows NT 6.1; WOW64; rv:10.0.1) Gecko/20100101 Firefox/10.0.1"
76.219.110.59 - - [17/Nov/2017:05:42:05 +0000] "GET /category/sports HTTP/1.1" 200 61 "/category/giftcards" "Mozilla/5.0 (iPad; CPU OS 5_0_1 like Mac OS X) AppleWebKit/534.46 (KHTML, like Gecko) Version/5.1 Mobile/9A405 Safari/7534.48.3"
72.123.144.157 - - [17/Nov/2017:05:42:10 +0000] "GET /category/garden HTTP/1.1" 200 114 "/category/software" "Mozilla/5.0 (Windows NT 6.1; WOW64) AppleWebKit/535.11 (KHTML, like Gecko) Chrome/17.0.963.56 Safari/535.11"
84.117.111.177 - - [17/Nov/2017:05:42:15 +0000] "GET /item/electronics/722 HTTP/1.1" 200 102 "/search/?c=Electronics+Electronics" "Mozilla/5.0 (Windows NT 6.0) AppleWebKit/535.11 (KHTML, like Gecko) Chrome/17.0.963.56 Safari/535.11"
36.222.81.121 - - [17/Nov/2017:05:42:20 +0000] "POST /search/?c=Software HTTP/1.1" 200 126 "/category/office" "Mozilla/4.0 (compatible; MSIE 8.0; Windows NT 6.1; WOW64; Trident/4.0; GTB7.2; SLCC2; .NET CLR 2.0.50727; .NET CLR 3.5.30729; .NET CLR 3.0.30729; Media Center PC 6.0; .NET4.0C)"
32.126.192.64 - - [17/Nov/2017:05:42:25 +0000] "POST /search/?c=Software HTTP/1.1" 200 61 "-" "Mozilla/4.0 (compatible; MSIE 8.0; Windows NT 6.1; WOW64; Trident/4.0; YTB730; GTB7.2; SLCC2; .NET CLR 2.0.50727; .NET CLR 3.5.30729; .NET CLR 3.0.30729; .NET4.0C; .NET4.0E; Media Center PC 6.0)"
24.150.142.226 - - [17/Nov/2017:05:42:30 +0000] "GET /item/games/3868 HTTP/1.1" 200 98 "/item/games/3390" "Mozilla/5.0 (Windows NT 6.0; rv:10.0.1) Gecko/20100101 Firefox/10.0.1"
108.150.20.229 - - [17/Nov/2017:05:42:35 +0000] "GET /category/books HTTP/1.1" 200 129 "/category/jewelry" "Mozilla/5.0 (Windows NT 6.0; rv:10.0.1) Gecko/20100101 Firefox/10.0.1"
176.117.229.92 - - [17/Nov/2017:05:42:40 +0000] "GET /category/software?from=0 HTTP/1.1" 200 126 "-" "Mozilla/5.0 (Windows NT 6.0) AppleWebKit/535.11 (KHTML, like Gecko) Chrome/17.0.963.56 Safari/535.11"
92.147.59.203 - - [17/Nov/2017:05:42:45 +0000] "GET /category/software HTTP/1.1" 200 130 "-" "Mozilla/5.0 (compatible; MSIE 9.0; Windows NT 6.1; WOW64; Trident/5.0)"
180.96.213.98 - - [17/Nov/2017:05:42:50 +0000] "GET /category/office HTTP/1.1" 200 57 "/item/finance/3226" "Mozilla/4.0 (compatible; MSIE 8.0; Windows NT 5.1; Trident/4.0; YTB720; GTB7.2; .NET CLR 1.1.4322; .NET CLR 2.0.50727; .NET CLR 3.0.4506.2152; .NET CLR 3.5.30729)"
152.90.227.164 - - [17/Nov/2017:05:42:55 +0000] "GET /category/toys HTTP/1.1" 200 77 "-" "Mozilla/5.0 (Macintosh; Intel Mac OS X 10.6; rv:9.0.1) Gecko/20100101 Firefox/9.0.1"
24.216.105.63 - - [17/Nov/2017:05:43:00 +0000] "GET /category/software HTTP/1.1" 200 129 "-" "Mozilla/5.0 (Windows NT 5.1) AppleWebKit/535.11 (KHTML, like Gecko) Chrome/17.0.963.46 Safari/535.11"
108.144.39.52 - - [17/Nov/2017:05:43:05 +0000] "GET /item/giftcards/2263 HTTP/1.1" 200 78 "http://www.google.com/search?ie=UTF-8&q=google&sclient=psy-ab&q=Giftcards+Computers&oq=Giftcards+Computers&aq=f&aqi=g-vL1&aql=&pbx=1&bav=on.2,or.r_gc.r_pw.r_qf.,cf.osb&biw=1031&bih=274" "Mozilla/4.0 (compatible; MSIE 8.0; Windows NT 5.1; Trident/4.0; YTB720; GTB7.2; .NET CLR 1.1.4322; .NET CLR 2.0.50727; .NET CLR 3.0.4506.2152; .NET CLR 3.5.30729)"
92.150.116.137 - - [17/Nov/2017:05:43:10 +0000] "GET /item/finance/4492 HTTP/1.1" 200 41 "/search/?c=Finance+Software" "Mozilla/5.0 (Macintosh; Intel Mac OS X 10.6; rv:9.0.1) Gecko/20100101 Firefox/9.0.1"
88.51.212.158 - - [17/Nov/2017:05:43:15 +0000] "GET /category/electronics?from=20 HTTP/1.1" 200 45 "/item/books/3588" "Mozilla/5.0 (Windows NT 6.1; WOW64) AppleWebKit/535.11 (KHTML, like Gecko) Chrome/17.0.963.56 Safari/535.11"
112.93.23.140 - - [17/Nov/2017:05:43:20 +0000] "GET /category/computers?from=20 HTTP/1.1" 200 52 "/item/office/863" "Mozilla/5.0 (Windows NT 6.0; rv:10.0.1) Gecko/20100101 Firefox/10.0.1"
112.102.42.196 - - [17/Nov/2017:05:43:25 +0000] "GET /category/software?from=20 HTTP/1.1" 200 57 "-" "Mozilla/4.0 (compatible; MSIE 8.0; Windows NT 5.1; Trident/4.0; YTB720; GTB7.2; .NET CLR 1.1.4322; .NET CLR 2.0.50727; .NET CLR 3.0.4506.2152; .NET CLR 3.5.30729)"
100.192.111.52 - - [17/Nov/2017:05:43:30 +0000] "GET /item/electronics/4416 HTTP/1.1" 200 94 "/category/electronics" "Mozilla/4.0 (compatible; MSIE 8.0; Windows NT 5.1; Trident/4.0; YTB720; GTB7.2; .NET CLR 1.1.4322; .NET CLR 2.0.50727; .NET CLR 3.0.4506.2152; .NET CLR 3.5.30729)"
188.96.51.51 - - [17/Nov/2017:05:43:35 +0000] "GET /category/games HTTP/1.1" 200 42 "/category/sports" "Mozilla/5.0 (Windows NT 5.1) AppleWebKit/535.11 (KHTML, like Gecko) Chrome/17.0.963.46 Safari/535.11"
220.162.66.229 - - [17/Nov/2017:05:43:40 +0000] "GET /item/books/1869 HTTP/1.1" 200 134 "-" "Mozilla/5.0 (compatible; MSIE 9.0; Windows NT 6.1; WOW64; Trident/5.0)"
88.126.130.26 - - [17/Nov/2017:05:43:45 +0000] "POST /search/?c=Software+Software HTTP/1.1" 200 123 "-" "Mozilla/5.0 (Windows NT 6.0; rv:10.0.1) Gecko/20100101 Firefox/10.0.1"
96.225.24.124 - - [17/Nov/2017:05:43:50 +0000] "GET /item/electronics/1678 HTTP/1.1" 200 108 "/item/electronics/1344" "Mozilla/5.0 (Windows NT 6.0) AppleWebKit/535.11 (KHTML, like Gecko) Chrome/17.0.963.56 Safari/535.11"
36.180.97.199 - - [17/Nov/2017:05:43:55 +0000] "GET /item/software/2490 HTTP/1.1" 200 51 "/item/music/4004" "Mozilla/5.0 (Windows NT 6.0) AppleWebKit/535.11 (KHTML, like Gecko) Chrome/17.0.963.56 Safari/535.11"
56.48.89.225 - - [17/Nov/2017:05:44:00 +0000] "GET /item/health/1329 HTTP/1.1" 200 66 "/item/electronics/1309" "Mozilla/5.0 (Windows NT 6.1; WOW64) AppleWebKit/535.7 (KHTML, like Gecko) Chrome/16.0.912.77 Safari/535.7"
180.207.97.33 - - [17/Nov/2017:05:44:05 +0000] "GET /category/giftcards HTTP/1.1" 200 117 "/item/finance/3226" "Mozilla/5.0 (Windows NT 6.1; WOW64) AppleWebKit/535.11 (KHTML, like Gecko) Chrome/17.0.963.56 Safari/535.11"
200.186.57.64 - - [17/Nov/2017:05:44:10 +0000] "GET /item/software/1625 HTTP/1.1" 200 82 "/category/books" "Mozilla/5.0 (iPhone; CPU iPhone OS 5_0_1 like Mac OS X) AppleWebKit/534.46 (KHTML, like Gecko) Version/5.1 Mobile/9A405 Safari/7534.48.3"
52.216.223.224 - - [17/Nov/2017:05:44:15 +0000] "GET /item/sports/4699 HTTP/1.1" 200 130 "/category/games" "Mozilla/5.0 (iPhone; CPU iPhone OS 5_0_1 like Mac OS X) AppleWebKit/534.46 (KHTML, like Gecko) Version/5.1 Mobile/9A405 Safari/7534.48.3"
60.51.108.129 - - [17/Nov/2017:05:44:20 +0000] "GET /item/finance/4688 HTTP/1.1" 200 96 "/search/?c=Finance+Games" "Mozilla/5.0 (Macintosh; Intel Mac OS X 10.6; rv:9.0.1) Gecko/20100101 Firefox/9.0.1"
188.213.34.150 - - [17/Nov/2017:05:44:25 +0000] "GET /category/music HTTP/1.1" 200 87 "/category/electronics?from=20" "Mozilla/5.0 (Windows NT 6.0; rv:10.0.1) Gecko/20100101 Firefox/10.0.1"
88.87.28.220 - - [17/Nov/2017:05:44:30 +0000] "GET /category/garden?from=20 HTTP/1.1" 200 86 "/search/?c=Software+Garden" "Mozilla/5.0 (Windows NT 6.0; rv:10.0.1) Gecko/20100101 Firefox/10.0.1"
32.78.107.79 - - [17/Nov/2017:05:44:35 +0000] "GET /item/networking/4174 HTTP/1.1" 200 125 "/search/?c=Networking+Electronics" "Mozilla/5.0 (Windows NT 6.1; WOW64; rv:10.0.1) Gecko/20100101 Firefox/10.0.1"
68.192.196.217 - - [17/Nov/2017:05:44:40 +0000] "GET /category/electronics HTTP/1.1" 200 78 "/category/health" "Mozilla/5.0 (compatible; MSIE 9.0; Windows NT 6.1; WOW64; Trident/5.0)"
148.141.150.198 - - [17/Nov/2017:05:44:45 +0000] "GET /item/software/3523 HTTP/1.1" 200 68 "/category/garden" "Mozilla/5.0 (compatible; MSIE 9.0; Windows NT 6.1; WOW64; Trident/5.0)"
196.225.171.61 - - [17/Nov/2017:05:44:50 +0000] "GET /item/electronics/722 HTTP/1.1" 200 102 "-" "Mozilla/4.0 (compatible; MSIE 8.0; Windows NT 6.1; WOW64; Trident/4.0; YTB730; GTB7.2; SLCC2; .NET CLR 2.0.50727; .NET CLR 3.5.30729; .NET CLR 3.0.30729; .NET4.0C; .NET4.0E; Media Center PC 6.0)"
164.195.181.157 - - [17/Nov/2017:05:44:55 +0000] "GET /item/electronics/2653 HTTP/1.1" 200 139 "/category/jewelry?from=20" "Mozilla/5.0 (compatible; MSIE 9.0; Windows NT 6.1; WOW64; Trident/5.0)"
68.207.95.201 - - [17/Nov/2017:05:45:00 +0000] "GET /category/garden HTTP/1.1" 200 121 "/category/music" "Mozilla/4.0 (compatible; MSIE 8.0; Windows NT 5.1; Trident/4.0; YTB720; GTB7.2; .NET CLR 1.1.4322; .NET CLR 2.0.50727; .NET CLR 3.0.4506.2152; .NET CLR 3.5.30729)"
128.123.38.119 - - [17/Nov/2017:05:45:05 +0000] "GET /category/software HTTP/1.1" 200 109 "-" "Mozilla/5.0 (Windows NT 5.1) AppleWebKit/535.11 (KHTML, like Gecko) Chrome/17.0.963.46 Safari/535.11"
196.36.158.223 - - [17/Nov/2017:05:45:10 +0000] "GET /item/sports/13 HTTP/1.1" 200 100 "-" "Mozilla/5.0 (Windows NT 6.1; WOW64) AppleWebKit/535.11 (KHTML, like Gecko) Chrome/17.0.963.56 Safari/535.11"
32.162.92.58 - - [17/Nov/2017:05:45:15 +0000] "GET /category/software?from=0 HTTP/1.1" 200 44 "/category/computers" "Mozilla/5.0 (Windows NT 6.1; WOW64) AppleWebKit/535.7 (KHTML, like Gecko) Chrome/16.0.912.77 Safari/535.7"
60.123.150.225 - - [17/Nov/2017:05:45:20 +0000] "GET /item/networking/3624 HTTP/1.1" 200 44 "/category/cameras" "Mozilla/4.0 (compatible; MSIE 8.0; Windows NT 5.1; Trident/4.0; BTRS122159; GTB7.2; .NET CLR 1.1.4322; .NET CLR 2.0.50727; .NET CLR 3.0.04506.30; .NET CLR 3.0.4506.2152; .NET CLR 3.5.30729; BRI/2)"
32.63.131.213 - - [17/Nov/2017:05:45:25 +0000] "GET /category/electronics HTTP/1.1" 200 61 "-" "Mozilla/5.0 (Windows NT 6.0) AppleWebKit/535.11 (KHTML, like Gecko) Chrome/17.0.963.56 Safari/535.11"
136.198.147.93 - - [17/Nov/2017:05:45:30 +0000] "GET /item/garden/348 HTTP/1.1" 200 50 "-" "Mozilla/5.0 (compatible; MSIE 9.0; Windows NT 6.1; WOW64; Trident/5.0)"
52.216.223.224 - - [17/Nov/2017:05:45:35 +0000] "GET /category/software?from=0 HTTP/1.1" 200 137 "/category/office" "Mozilla/5.0 (compatible; MSIE 9.0; Windows NT 6.1; WOW64; Trident/5.0)"
228.186.82.142 - - [17/Nov/2017:05:45:40 +0000] "GET /category/office?from=0 HTTP/1.1" 200 50 "-" "Mozilla/4.0 (compatible; MSIE 8.0; Windows NT 5.1; Trident/4.0; YTB720; GTB7.2; .NET CLR 1.1.4322; .NET CLR 2.0.50727; .NET CLR 3.0.4506.2152; .NET CLR 3.5.30729)"
152.207.187.181 - - [17/Nov/2017:05:45:45 +0000] "POST /search/?c=Electronics+Garden HTTP/1.1" 200 104 "-" "Mozilla/5.0 (Windows NT 6.1; WOW64) AppleWebKit/535.11 (KHTML, like Gecko) Chrome/17.0.963.56 Safari/535.11"
168.150.74.102 - - [17/Nov/2017:05:45:50 +0000] "GET /item/games/3186 HTTP/1.1" 200 47 "/search/?c=Games+Books" "Mozilla/5.0 (Windows NT 6.0; rv:10.0.1) Gecko/20100101 Firefox/10.0.1"
152.87.67.123 - - [17/Nov/2017:05:45:55 +0000] "GET /category/software HTTP/1.1" 200 73 "-" "Mozilla/5.0 (Windows NT 6.0; rv:10.0.1) Gecko/20100101 Firefox/10.0.1"
72.66.199.152 - - [17/Nov/2017:05:46:00 +0000] "GET /item/games/3186 HTTP/1.1" 200 47 "-" "Mozilla/5.0 (Windows NT 6.0; rv:10.0.1) Gecko/20100101 Firefox/10.0.1"
64.99.106.139 - - [17/Nov/2017:05:46:05 +0000] "GET /item/electronics/1706 HTTP/1.1" 200 119 "-" "Mozilla/5.0 (Macintosh; Intel Mac OS X 10.6; rv:9.0.1) Gecko/20100101 Firefox/9.0.1"
96.75.214.176 - - [17/Nov/2017:05:46:10 +0000] "POST /search/?c=Games HTTP/1.1" 200 73 "-" "Mozilla/5.0 (Windows NT 6.0; rv:10.0.1) Gecko/20100101 Firefox/10.0.1"
180.39.180.68 - - [17/Nov/2017:05:46:15 +0000] "POST /search/?c=Software HTTP/1.1" 200 102 "-" "Mozilla/5.0 (compatible; MSIE 9.0; Windows NT 6.1; Trident/5.0)"
220.72.103.132 - - [17/Nov/2017:05:46:20 +0000] "GET /category/toys HTTP/1.1" 200 109 "-" "Mozilla/5.0 (Windows NT 6.0; rv:10.0.1) Gecko/20100101 Firefox/10.0.1"
220.189.195.98 - - [17/Nov/2017:05:46:25 +0000] "GET /category/books?from=20 HTTP/1.1" 200 86 "/search/?c=Books+Software" "Mozilla/5.0 (iPhone; CPU iPhone OS 5_0_1 like Mac OS X) AppleWebKit/534.46 (KHTML, like Gecko) Version/5.1 Mobile/9A405 Safari/7534.48.3"
56.150.73.159 - - [17/Nov/2017:05:46:30 +0000] "GET /category/software?from=20 HTTP/1.1" 200 78 "/category/software" "Mozilla/5.0 (compatible; MSIE 9.0; Windows NT 6.1; Trident/5.0)"
220.72.103.132 - - [17/Nov/2017:05:46:35 +0000] "GET /category/books HTTP/1.1" 200 88 "-" "Mozilla/5.0 (Windows NT 6.0; rv:10.0.1) Gecko/20100101 Firefox/10.0.1"
128.147.75.132 - - [17/Nov/2017:05:46:40 +0000] "GET /category/office HTTP/1.1" 200 96 "-" "Mozilla/4.0 (compatible; MSIE 8.0; Windows NT 6.1; Trident/4.0; YTB730; SLCC2; .NET CLR 2.0.50727; .NET CLR 3.5.30729; .NET CLR 3.0.30729; Media Center PC 6.0; .NET4.0C)"
48.183.212.212 - - [17/Nov/2017:05:46:45 +0000] "GET /item/garden/231 HTTP/1.1" 200 59 "/search/?c=Garden" "Mozilla/4.0 (compatible; MSIE 8.0; Windows NT 6.1; WOW64; Trident/4.0; YTB730; GTB7.2; EasyBits GO v1.0; SLCC2; .NET CLR 2.0.50727; .NET CLR 3.5.30729; .NET CLR 3.0.30729; Media Center PC 6.0; .NET4.0C)"
128.159.112.128 - - [17/Nov/2017:05:46:50 +0000] "GET /category/software HTTP/1.1" 200 58 "/category/books" "Mozilla/5.0 (Windows NT 5.1) AppleWebKit/535.11 (KHTML, like Gecko) Chrome/17.0.963.46 Safari/535.11"
144.213.38.93 - - [17/Nov/2017:05:46:55 +0000] "GET /item/books/180 HTTP/1.1" 200 126 "-" "Mozilla/5.0 (Windows NT 6.0; rv:10.0.1) Gecko/20100101 Firefox/10.0.1"
108.174.61.62 - - [17/Nov/2017:05:47:00 +0000] "GET /category/electronics HTTP/1.1" 200 64 "/search/?c=Music+Giftcards" "Mozilla/4.0 (compatible; MSIE 8.0; Windows NT 5.1; Trident/4.0; YTB720; GTB7.2; .NET CLR 1.1.4322; .NET CLR 2.0.50727; .NET CLR 3.0.4506.2152; .NET CLR 3.5.30729)"
208.174.27.69 - - [17/Nov/2017:05:47:05 +0000] "GET /category/electronics HTTP/1.1" 200 139 "-" "Mozilla/5.0 (compatible; MSIE 9.0; Windows NT 6.1; Trident/5.0)"
80.51.95.186 - - [17/Nov/2017:05:47:10 +0000] "GET /category/software HTTP/1.1" 200 83 "/item/software/4933" "Mozilla/5.0 (compatible; MSIE 9.0; Windows NT 6.1; WOW64; Trident/5.0)"
176.27.158.207 - - [17/Nov/2017:05:47:15 +0000] "GET /item/games/4604 HTTP/1.1" 200 54 "/category/games" "Mozilla/4.0 (compatible; MSIE 8.0; Windows NT 5.1; Trident/4.0; BTRS122159; GTB7.2; .NET CLR 1.1.4322; .NET CLR 2.0.50727; .NET CLR 3.0.04506.30; .NET CLR 3.0.4506.2152; .NET CLR 3.5.30729; BRI/2)"
108.174.61.62 - - [17/Nov/2017:05:47:20 +0000] "GET /category/software HTTP/1.1" 200 100 "-" "Mozilla/4.0 (compatible; MSIE 8.0; Windows NT 6.1; WOW64; Trident/4.0; YTB730; GTB7.2; SLCC2; .NET CLR 2.0.50727; .NET CLR 3.5.30729; .NET CLR 3.0.30729; .NET4.0C; .NET4.0E; Media Center PC 6.0)"
216.129.164.166 - - [17/Nov/2017:05:47:25 +0000] "GET /category/books HTTP/1.1" 200 65 "-" "Mozilla/5.0 (Windows NT 6.1; WOW64) AppleWebKit/535.7 (KHTML, like Gecko) Chrome/16.0.912.77 Safari/535.7"
152.150.118.201 - - [17/Nov/2017:05:47:30 +0000] "POST /search/?c=Software+Electronics HTTP/1.1" 200 97 "-" "Mozilla/5.0 (Windows NT 6.1; WOW64) AppleWebKit/535.7 (KHTML, like Gecko) Chrome/16.0.912.77 Safari/535.7"
136.132.151.226 - - [17/Nov/2017:05:47:35 +0000] "GET /category/garden HTTP/1.1" 200 134 "/search/?c=Giftcards" "Mozilla/5.0 (Windows NT 6.1; WOW64; rv:10.0.1) Gecko/20100101 Firefox/10.0.1"
180.147.87.207 - - [17/Nov/2017:05:47:40 +0000] "GET /category/electronics HTTP/1.1" 200 137 "/category/software" "Mozilla/5.0 (Macintosh; Intel Mac OS X 10.6; rv:9.0.1) Gecko/20100101 Firefox/9.0.1"
156.111.173.188 - - [17/Nov/2017:05:47:45 +0000] "GET /category/games HTTP/1.1" 200 44 "-" "Mozilla/5.0 (Windows NT 6.0) AppleWebKit/535.11 (KHTML, like Gecko) Chrome/17.0.963.56 Safari/535.11"
224.219.86.184 - - [17/Nov/2017:05:47:50 +0000] "GET /category/electronics HTTP/1.1" 200 49 "/category/finance" "Mozilla/5.0 (Windows NT 6.1; WOW64; rv:10.0.1) Gecko/20100101 Firefox/10.0.1"
184.189.139.105 - - [17/Nov/2017:05:47:55 +0000] "GET /category/electronics HTTP/1.1" 200 44 "/item/books/1568" "Mozilla/5.0 (compatible; Googlebot/2.1; +http://www.google.com/bot.html)"
84.108.138.186 - - [17/Nov/2017:05:48:00 +0000] "POST /search/?c=Software+Networking HTTP/1.1" 200 104 "/category/office" "Mozilla/5.0 (Windows NT 6.0; rv:10.0.1) Gecko/20100101 Firefox/10.0.1"
168.216.60.85 - - [17/Nov/2017:05:48:05 +0000] "GET /category/books HTTP/1.1" 200 65 "/item/networking/67" "Mozilla/5.0 (compatible; Googlebot/2.1; +http://www.google.com/bot.html)"
120.189.102.122 - - [17/Nov/2017:05:48:10 +0000] "GET /item/cameras/2822 HTTP/1.1" 200 131 "/item/electronics/2595" "Mozilla/5.0 (Windows NT 6.1; WOW64) AppleWebKit/535.7 (KHTML, like Gecko) Chrome/16.0.912.77 Safari/535.7"
116.60.31.130 - - [17/Nov/2017:05:48:15 +0000] "GET /category/computers HTTP/1.1" 200 45 "-" "Mozilla/5.0 (Windows NT 6.0; rv:10.0.1) Gecko/20100101 Firefox/10.0.1"
216.144.153.181 - - [17/Nov/2017:05:48:20 +0000] "GET /item/electronics/681 HTTP/1.1" 200 64 "-" "Mozilla/5.0 (Windows NT 6.1; WOW64) AppleWebKit/535.11 (KHTML, like Gecko) Chrome/17.0.963.56 Safari/535.11"
172.54.104.144 - - [17/Nov/2017:05:48:25 +0000] "GET /category/computers HTTP/1.1" 200 131 "-" "Mozilla/4.0 (compatible; MSIE 8.0; Windows NT 6.1; WOW64; Trident/4.0; YTB730; GTB7.2; EasyBits GO v1.0; SLCC2; .NET CLR 2.0.50727; .NET CLR 3.5.30729; .NET CLR 3.0.30729; Media Center PC 6.0; .NET4.0C)"
116.144.123.207 - - [17/Nov/2017:05:48:30 +0000] "GET /item/software/2490 HTTP/1.1" 200 51 "/item/games/3422" "Mozilla/4.0 (compatible; MSIE 8.0; Windows NT 6.1; WOW64; Trident/4.0; YTB730; GTB7.2; SLCC2; .NET CLR 2.0.50727; .NET CLR 3.5.30729; .NET CLR 3.0.30729; .NET4.0C; .NET4.0E; Media Center PC 6.0)"
112.84.123.124 - - [17/Nov/2017:05:48:35 +0000] "GET /category/software HTTP/1.1" 200 134 "/item/games/2268" "Mozilla/5.0 (compatible; Googlebot/2.1; +http://www.google.com/bot.html)"
140.138.221.130 - - [17/Nov/2017:05:48:40 +0000] "GET /item/electronics/2101 HTTP/1.1" 200 84 "/category/office" "Mozilla/4.0 (compatible; MSIE 8.0; Windows NT 6.1; WOW64; Trident/4.0; YTB730; GTB7.2; SLCC2; .NET CLR 2.0.50727; .NET CLR 3.5.30729; .NET CLR 3.0.30729; .NET4.0C; .NET4.0E; Media Center PC 6.0)"
100.93.35.154 - - [17/Nov/2017:05:48:45 +0000] "GET /item/books/4362 HTTP/1.1" 200 42 "http://www.google.com/search?ie=UTF-8&q=google&sclient=psy-ab&q=Books&oq=Books&aq=f&aqi=g-vL1&aql=&pbx=1&bav=on.2,or.r_gc.r_pw.r_qf.,cf.osb&biw=2522&bih=72" "Mozilla/5.0 (Windows NT 6.1; WOW64; rv:10.0.1) Gecko/20100101 Firefox/10.0.1"
204.78.117.193 - - [17/Nov/2017:05:48:50 +0000] "GET /category/office HTTP/1.1" 200 117 "/category/software" "Mozilla/5.0 (Windows NT 6.0; rv:10.0.1) Gecko/20100101 Firefox/10.0.1"
204.225.98.113 - - [17/Nov/2017:05:48:55 +0000] "POST /search/?c=Electronics HTTP/1.1" 200 73 "/item/networking/2789" "Mozilla/5.0 (Macintosh; Intel Mac OS X 10.6; rv:9.0.1) Gecko/20100101 Firefox/9.0.1"
40.126.128.141 - - [17/Nov/2017:05:49:00 +0000] "GET /category/electronics HTTP/1.1" 200 91 "/item/computers/1943" "Mozilla/5.0 (Windows NT 6.1; WOW64; rv:10.0.1) Gecko/20100101 Firefox/10.0.1"
124.99.44.123 - - [17/Nov/2017:05:49:05 +0000] "GET /item/software/2512 HTTP/1.1" 200 112 "http://www.google.com/search?ie=UTF-8&q=google&sclient=psy-ab&q=Software+Books&oq=Software+Books&aq=f&aqi=g-vL1&aql=&pbx=1&bav=on.2,or.r_gc.r_pw.r_qf.,cf.osb&biw=123&bih=570" "Mozilla/5.0 (Windows NT 5.1) AppleWebKit/535.11 (KHTML, like Gecko) Chrome/17.0.963.46 Safari/535.11"
148.171.78.128 - - [17/Nov/2017:05:49:10 +0000] "GET /item/games/905 HTTP/1.1" 200 55 "-" "Mozilla/5.0 (iPhone; CPU iPhone OS 5_0_1 like Mac OS X) AppleWebKit/534.46 (KHTML, like Gecko) Version/5.1 Mobile/9A405 Safari/7534.48.3"
116.150.145.77 - - [17/Nov/2017:05:49:15 +0000] "GET /category/cameras HTTP/1.1" 200 53 "-" "Mozilla/5.0 (Windows NT 6.0; rv:10.0.1) Gecko/20100101 Firefox/10.0.1"
80.21.83.68 - - [17/Nov/2017:05:49:20 +0000] "GET /category/software HTTP/1.1" 200 125 "-" "Mozilla/5.0 (compatible; Googlebot/2.1; +http://www.google.com/bot.html)"
112.132.152.220 - - [17/Nov/2017:05:49:25 +0000] "POST /search/?c=Computers HTTP/1.1" 200 100 "-" "Mozilla/5.0 (Windows NT 6.1; WOW64; rv:10.0.1) Gecko/20100101 Firefox/10.0.1"
40.105.210.146 - - [17/Nov/2017:05:49:30 +0000] "GET /item/giftcards/4757 HTTP/1.1" 200 102 "-" "Mozilla/5.0 (Macintosh; Intel Mac OS X 10.6; rv:9.0.1) Gecko/20100101 Firefox/9.0.1"
52.216.223.224 - - [17/Nov/2017:05:49:35 +0000] "GET /category/electronics HTTP/1.1" 200 80 "/category/music" "Mozilla/5.0 (iPhone; CPU iPhone OS 5_0_1 like Mac OS X) AppleWebKit/534.46 (KHTML, like Gecko) Version/5.1 Mobile/9A405 Safari/7534.48.3"
192.213.30.56 - - [17/Nov/2017:05:49:40 +0000] "GET /item/finance/4075 HTTP/1.1" 200 77 "/item/jewelry/2593" "Mozilla/5.0 (Windows NT 6.1; WOW64) AppleWebKit/535.7 (KHTML, like Gecko) Chrome/16.0.912.77 Safari/535.7"
200.42.228.158 - - [17/Nov/2017:05:49:45 +0000] "GET /item/games/2750 HTTP/1.1" 200 102 "/category/toys" "Mozilla/5.0 (compatible; MSIE 9.0; Windows NT 6.1; WOW64; Trident/5.0)"
84.216.173.176 - - [17/Nov/2017:05:49:50 +0000] "GET /category/games HTTP/1.1" 200 42 "-" "Mozilla/5.0 (compatible; MSIE 9.0; Windows NT 6.1; WOW64; Trident/5.0)"
108.93.215.147 - - [17/Nov/2017:05:49:55 +0000] "GET /item/games/1456 HTTP/1.1" 200 111 "/category/jewelry" "Mozilla/5.0 (Windows NT 6.0; rv:10.0.1) Gecko/20100101 Firefox/10.0.1"
76.156.48.156 - - [17/Nov/2017:05:50:00 +0000] "GET /category/books HTTP/1.1" 200 106 "/item/garden/1220" "Mozilla/5.0 (Windows NT 6.0; rv:10.0.1) Gecko/20100101 Firefox/10.0.1"
28.21.175.63 - - [17/Nov/2017:05:50:05 +0000] "GET /item/software/2711 HTTP/1.1" 200 89 "-" "Mozilla/5.0 (compatible; MSIE 9.0; Windows NT 6.1; WOW64; Trident/5.0)"
144.51.141.192 - - [17/Nov/2017:05:50:10 +0000] "GET /category/books HTTP/1.1" 200 112 "-" "Mozilla/5.0 (compatible; MSIE 9.0; Windows NT 6.1; WOW64; Trident/5.0)"
24.90.183.170 - - [17/Nov/2017:05:50:15 +0000] "GET /item/music/532 HTTP/1.1" 200 43 "/item/music/1760" "Mozilla/5.0 (Windows NT 6.1; WOW64; rv:10.0.1) Gecko/20100101 Firefox/10.0.1"
144.162.184.30 - - [17/Nov/2017:05:50:20 +0000] "GET /item/office/378 HTTP/1.1" 200 57 "-" "Mozilla/4.0 (compatible; MSIE 8.0; Windows NT 5.1; Trident/4.0; BTRS122159; GTB7.2; .NET CLR 1.1.4322; .NET CLR 2.0.50727; .NET CLR 3.0.04506.30; .NET CLR 3.0.4506.2152; .NET CLR 3.5.30729; BRI/2)"
64.219.70.102 - - [17/Nov/2017:05:50:25 +0000] "GET /item/books/3977 HTTP/1.1" 200 56 "-" "Mozilla/5.0 (compatible; MSIE 9.0; Windows NT 6.1; WOW64; Trident/5.0)"
96.33.37.61 - - [17/Nov/2017:05:50:30 +0000] "GET /item/jewelry/1164 HTTP/1.1" 200 106 "http://www.google.com/search?ie=UTF-8&q=google&sclient=psy-ab&q=Jewelry&oq=Jewelry&aq=f&aqi=g-vL1&aql=&pbx=1&bav=on.2,or.r_gc.r_pw.r_qf.,cf.osb&biw=570&bih=223" "Mozilla/5.0 (compatible; MSIE 9.0; Windows NT 6.1; WOW64; Trident/5.0)"
128.27.162.45 - - [17/Nov/2017:05:50:35 +0000] "GET /category/books HTTP/1.1" 200 139 "-" "Mozilla/5.0 (Windows NT 6.1; WOW64) AppleWebKit/535.7 (KHTML, like Gecko) Chrome/16.0.912.77 Safari/535.7"
36.69.107.106 - - [17/Nov/2017:05:50:40 +0000] "GET /category/music HTTP/1.1" 200 51 "-" "Mozilla/5.0 (compatible; MSIE 9.0; Windows NT 6.1; Trident/5.0)"
188.69.32.39 - - [17/Nov/2017:05:50:45 +0000] "GET /category/jewelry HTTP/1.1" 200 114 "-" "Mozilla/5.0 (Windows NT 5.1) AppleWebKit/535.11 (KHTML, like Gecko) Chrome/17.0.963.46 Safari/535.11"
32.78.86.157 - - [17/Nov/2017:05:50:50 +0000] "GET /category/electronics HTTP/1.1" 200 113 "/item/software/1323" "Mozilla/4.0 (compatible; MSIE 8.0; Windows NT 5.1; Trident/4.0; YTB720; GTB7.2; .NET CLR 1.1.4322; .NET CLR 2.0.50727; .NET CLR 3.0.4506.2152; .NET CLR 3.5.30729)"
96.69.168.141 - - [17/Nov/2017:05:50:55 +0000] "GET /item/office/2904 HTTP/1.1" 200 59 "-" "Mozilla/5.0 (Windows NT 6.1; WOW64) AppleWebKit/535.11 (KHTML, like Gecko) Chrome/17.0.963.56 Safari/535.11"
192.21.211.81 - - [17/Nov/2017:05:51:00 +0000] "GET /category/electronics HTTP/1.1" 200 62 "/category/toys?from=10" "Mozilla/5.0 (Windows NT 6.0) AppleWebKit/535.11 (KHTML, like Gecko) Chrome/17.0.963.56 Safari/535.11"
116.99.75.204 - - [17/Nov/2017:05:51:05 +0000] "GET /item/toys/2543 HTTP/1.1" 200 73 "-" "Mozilla/5.0 (Windows NT 6.1; WOW64) AppleWebKit/535.11 (KHTML, like Gecko) Chrome/17.0.963.56 Safari/535.11"
116.123.101.195 - - [17/Nov/2017:05:51:10 +0000] "GET /category/cameras HTTP/1.1" 200 117 "/category/jewelry" "Mozilla/5.0 (Windows NT 6.1; WOW64; rv:10.0.1) Gecko/20100101 Firefox/10.0.1"
32.222.29.160 - - [17/Nov/2017:05:51:15 +0000] "GET /item/office/84 HTTP/1.1" 200 137 "/search/?c=Office+Cameras" "Mozilla/5.0 (Macintosh; Intel Mac OS X 10.6; rv:9.0.1) Gecko/20100101 Firefox/9.0.1"
52.153.118.131 - - [17/Nov/2017:05:51:20 +0000] "GET /item/games/918 HTTP/1.1" 200 76 "/category/software" "Mozilla/5.0 (compatible; Googlebot/2.1; +http://www.google.com/bot.html)"
60.90.187.169 - - [17/Nov/2017:05:51:25 +0000] "GET /category/electronics HTTP/1.1" 200 63 "/item/computers/1710" "Mozilla/5.0 (Macintosh; Intel Mac OS X 10.6; rv:9.0.1) Gecko/20100101 Firefox/9.0.1"
172.186.119.42 - - [17/Nov/2017:05:51:30 +0000] "GET /item/toys/3180 HTTP/1.1" 200 46 "/category/electronics" "Mozilla/5.0 (compatible; MSIE 9.0; Windows NT 6.1; Trident/5.0)"
152.87.80.46 - - [17/Nov/2017:05:51:35 +0000] "GET /category/software HTTP/1.1" 200 77 "-" "Mozilla/5.0 (Windows NT 6.0; rv:10.0.1) Gecko/20100101 Firefox/10.0.1"
124.186.126.51 - - [17/Nov/2017:05:51:40 +0000] "POST /search/?c=Books+Networking HTTP/1.1" 200 82 "/category/electronics" "Mozilla/5.0 (Windows NT 6.1; WOW64; rv:10.0.1) Gecko/20100101 Firefox/10.0.1"
104.210.132.59 - - [17/Nov/2017:05:51:45 +0000] "GET /category/software HTTP/1.1" 200 110 "-" "Mozilla/5.0 (Windows NT 6.0; rv:10.0.1) Gecko/20100101 Firefox/10.0.1"
224.186.203.56 - - [17/Nov/2017:05:51:50 +0000] "GET /category/electronics HTTP/1.1" 200 78 "/category/electronics" "Mozilla/5.0 (Windows NT 5.1) AppleWebKit/535.11 (KHTML, like Gecko) Chrome/17.0.963.46 Safari/535.11"
76.138.226.38 - - [17/Nov/2017:05:51:55 +0000] "POST /search/?c=Jewelry+Games HTTP/1.1" 200 129 "/item/health/1983" "Mozilla/4.0 (compatible; MSIE 8.0; Windows NT 5.1; Trident/4.0; BTRS122159; GTB7.2; .NET CLR 1.1.4322; .NET CLR 2.0.50727; .NET CLR 3.0.04506.30; .NET CLR 3.0.4506.2152; .NET CLR 3.5.30729; BRI/2)"
180.36.176.29 - - [17/Nov/2017:05:52:00 +0000] "GET /category/computers HTTP/1.1" 200 117 "-" "Mozilla/5.0 (Macintosh; Intel Mac OS X 10.6; rv:9.0.1) Gecko/20100101 Firefox/9.0.1"
60.63.96.106 - - [17/Nov/2017:05:52:05 +0000] "GET /item/sports/3881 HTTP/1.1" 200 89 "-" "Mozilla/4.0 (compatible; MSIE 8.0; Windows NT 6.1; WOW64; Trident/4.0; YTB730; GTB7.2; SLCC2; .NET CLR 2.0.50727; .NET CLR 3.5.30729; .NET CLR 3.0.30729; .NET4.0C; .NET4.0E; Media Center PC 6.0)"
36.126.150.23 - - [17/Nov/2017:05:52:10 +0000] "GET /item/health/1094 HTTP/1.1" 200 86 "-" "Mozilla/5.0 (iPhone; CPU iPhone OS 5_0_1 like Mac OS X) AppleWebKit/534.46 (KHTML, like Gecko) Version/5.1 Mobile/9A405 Safari/7534.48.3"
100.18.93.108 - - [17/Nov/2017:05:52:15 +0000] "GET /category/software?from=0 HTTP/1.1" 200 91 "/category/software" "Mozilla/5.0 (compatible; MSIE 9.0; Windows NT 6.1; WOW64; Trident/5.0)"
148.189.181.127 - - [17/Nov/2017:05:52:20 +0000] "POST /search/?c=Software HTTP/1.1" 200 98 "-" "Mozilla/4.0 (compatible; MSIE 8.0; Windows NT 5.1; Trident/4.0; YTB720; GTB7.2; .NET CLR 1.1.4322; .NET CLR 2.0.50727; .NET CLR 3.0.4506.2152; .NET CLR 3.5.30729)"
196.36.158.223 - - [17/Nov/2017:05:52:25 +0000] "GET /category/software HTTP/1.1" 200 58 "-" "Mozilla/5.0 (iPad; CPU OS 5_0_1 like Mac OS X) AppleWebKit/534.46 (KHTML, like Gecko) Version/5.1 Mobile/9A405 Safari/7534.48.3"
164.48.123.206 - - [17/Nov/2017:05:52:30 +0000] "GET /category/sports HTTP/1.1" 200 57 "-" "Mozilla/5.0 (Windows NT 6.1; WOW64; rv:10.0.1) Gecko/20100101 Firefox/10.0.1"
72.216.215.73 - - [17/Nov/2017:05:52:35 +0000] "POST /search/?c=Games HTTP/1.1" 200 48 "-" "Mozilla/4.0 (compatible; MSIE 8.0; Windows NT 6.1; Trident/4.0; YTB730; SLCC2; .NET CLR 2.0.50727; .NET CLR 3.5.30729; .NET CLR 3.0.30729; Media Center PC 6.0; .NET4.0C)"
120.168.180.96 - - [17/Nov/2017:05:52:40 +0000] "GET /category/toys HTTP/1.1" 200 125 "http://www.google.com/search?ie=UTF-8&q=google&sclient=psy-ab&q=Toys&oq=Toys&aq=f&aqi=g-vL1&aql=&pbx=1&bav=on.2,or.r_gc.r_pw.r_qf.,cf.osb&biw=1631&bih=169" "Mozilla/5.0 (iPad; CPU OS 5_0_1 like Mac OS X) AppleWebKit/534.46 (KHTML, like Gecko) Version/5.1 Mobile/9A405 Safari/7534.48.3"
188.66.87.61 - - [17/Nov/2017:05:52:45 +0000] "GET /category/toys HTTP/1.1" 200 129 "http://www.google.com/search?ie=UTF-8&q=google&sclient=psy-ab&q=Toys&oq=Toys&aq=f&aqi=g-vL1&aql=&pbx=1&bav=on.2,or.r_gc.r_pw.r_qf.,cf.osb&biw=3300&bih=503" "Mozilla/5.0 (Macintosh; Intel Mac OS X 10.6; rv:9.0.1) Gecko/20100101 Firefox/9.0.1"
164.120.163.97 - - [17/Nov/2017:05:52:50 +0000] "GET /category/cameras?from=0 HTTP/1.1" 200 139 "-" "Mozilla/5.0 (Windows NT 6.1; WOW64) AppleWebKit/535.7 (KHTML, like Gecko) Chrome/16.0.912.77 Safari/535.7"
168.159.154.110 - - [17/Nov/2017:05:52:55 +0000] "GET /category/finance HTTP/1.1" 200 125 "/category/books" "Mozilla/5.0 (iPhone; CPU iPhone OS 5_0_1 like Mac OS X) AppleWebKit/534.46 (KHTML, like Gecko) Version/5.1 Mobile/9A405 Safari/7534.48.3"
76.114.187.160 - - [17/Nov/2017:05:53:00 +0000] "GET /category/books HTTP/1.1" 200 93 "-" "Mozilla/5.0 (Macintosh; Intel Mac OS X 10.6; rv:9.0.1) Gecko/20100101 Firefox/9.0.1"
140.69.87.26 - - [17/Nov/2017:05:53:05 +0000] "GET /item/sports/2911 HTTP/1.1" 200 130 "/category/sports" "Mozilla/4.0 (compatible; MSIE 8.0; Windows NT 6.1; WOW64; Trident/4.0; GTB7.2; SLCC2; .NET CLR 2.0.50727; .NET CLR 3.5.30729; .NET CLR 3.0.30729; Media Center PC 6.0; .NET4.0C)"
212.210.55.128 - - [17/Nov/2017:05:53:10 +0000] "GET /category/garden HTTP/1.1" 200 114 "-" "Mozilla/5.0 (compatible; MSIE 9.0; Windows NT 6.1; Trident/5.0)"
60.54.78.101 - - [17/Nov/2017:05:53:15 +0000] "GET /item/books/1533 HTTP/1.1" 200 97 "/item/garden/4804" "Mozilla/5.0 (Windows NT 6.1; WOW64) AppleWebKit/535.7 (KHTML, like Gecko) Chrome/16.0.912.77 Safari/535.7"
84.162.134.68 - - [17/Nov/2017:05:53:20 +0000] "GET /item/electronics/3972 HTTP/1.1" 200 114 "/item/books/4942" "Mozilla/5.0 (compatible; MSIE 9.0; Windows NT 6.1; WOW64; Trident/5.0)"
72.96.123.40 - - [17/Nov/2017:05:53:25 +0000] "GET /item/electronics/2104 HTTP/1.1" 200 59 "/search/?c=Electronics" "Mozilla/4.0 (compatible; MSIE 8.0; Windows NT 6.1; Trident/4.0; YTB730; SLCC2; .NET CLR 2.0.50727; .NET CLR 3.5.30729; .NET CLR 3.0.30729; Media Center PC 6.0; .NET4.0C)"
72.120.175.129 - - [17/Nov/2017:05:53:30 +0000] "GET /category/electronics HTTP/1.1" 200 115 "-" "Mozilla/5.0 (compatible; MSIE 9.0; Windows NT 6.1; WOW64; Trident/5.0)"
112.21.69.67 - - [17/Nov/2017:05:53:35 +0000] "GET /category/office HTTP/1.1" 200 124 "-" "Mozilla/4.0 (compatible; MSIE 8.0; Windows NT 6.0; WOW64; Trident/4.0; GTB6; SLCC1; .NET CLR 2.0.50727; Media Center PC 5.0; .NET CLR 3.5.30729; .NET CLR 3.0.30618; .NET4.0C)"
84.72.133.74 - - [17/Nov/2017:05:53:40 +0000] "GET /category/electronics?from=0 HTTP/1.1" 200 71 "/category/health" "Mozilla/5.0 (Windows NT 5.1) AppleWebKit/535.11 (KHTML, like Gecko) Chrome/17.0.963.46 Safari/535.11"
80.162.143.170 - - [17/Nov/2017:05:53:45 +0000] "GET /item/electronics/1079 HTTP/1.1" 200 83 "/category/software?from=10" "Mozilla/5.0 (Macintosh; Intel Mac OS X 10.6; rv:9.0.1) Gecko/20100101 Firefox/9.0.1"
176.204.131.157 - - [17/Nov/2017:05:53:50 +0000] "GET /category/software HTTP/1.1" 200 58 "/search/?c=Software" "Mozilla/5.0 (compatible; MSIE 9.0; Windows NT 6.1; Trident/5.0)"
44.198.209.156 - - [17/Nov/2017:05:53:55 +0000] "GET /item/electronics/3444 HTTP/1.1" 200 131 "-" "Mozilla/5.0 (Windows NT 6.1; WOW64) AppleWebKit/535.11 (KHTML, like Gecko) Chrome/17.0.963.56 Safari/535.11"
136.126.144.37 - - [17/Nov/2017:05:54:00 +0000] "GET /category/games HTTP/1.1" 200 59 "-" "Mozilla/5.0 (compatible; MSIE 9.0; Windows NT 6.1; WOW64; Trident/5.0)"
184.99.31.112 - - [17/Nov/2017:05:54:05 +0000] "GET /category/books HTTP/1.1" 200 74 "/category/games" "Mozilla/5.0 (Windows NT 6.1; WOW64) AppleWebKit/535.7 (KHTML, like Gecko) Chrome/16.0.912.77 Safari/535.7"
60.30.84.168 - - [17/Nov/2017:05:54:10 +0000] "GET /category/electronics HTTP/1.1" 200 48 "-" "Mozilla/5.0 (Macintosh; Intel Mac OS X 10.6; rv:9.0.1) Gecko/20100101 Firefox/9.0.1"
212.189.191.81 - - [17/Nov/2017:05:54:15 +0000] "GET /item/office/512 HTTP/1.1" 200 41 "/category/software" "Mozilla/5.0 (Macintosh; Intel Mac OS X 10.6; rv:9.0.1) Gecko/20100101 Firefox/9.0.1"
44.213.68.121 - - [17/Nov/2017:05:54:20 +0000] "GET /category/games HTTP/1.1" 200 88 "/item/garden/4029" "Mozilla/5.0 (Windows NT 6.0; rv:10.0.1) Gecko/20100101 Firefox/10.0.1"
32.30.60.100 - - [17/Nov/2017:05:54:25 +0000] "GET /category/computers HTTP/1.1" 200 117 "-" "Mozilla/5.0 (Windows NT 6.1; WOW64; rv:10.0.1) Gecko/20100101 Firefox/10.0.1"
52.147.207.228 - - [17/Nov/2017:05:54:30 +0000] "GET /category/games HTTP/1.1" 200 47 "/category/software?from=0" "Mozilla/5.0 (compatible; Googlebot/2.1; +http://www.google.com/bot.html)"
36.126.150.23 - - [17/Nov/2017:05:54:35 +0000] "GET /item/sports/3851 HTTP/1.1" 200 49 "-" "Mozilla/5.0 (iPhone; CPU iPhone OS 5_0_1 like Mac OS X) AppleWebKit/534.46 (KHTML, like Gecko) Version/5.1 Mobile/9A405 Safari/7534.48.3"
80.189.195.176 - - [17/Nov/2017:05:54:40 +0000] "GET /item/computers/770 HTTP/1.1" 200 105 "/category/computers" "Mozilla/4.0 (compatible; MSIE 8.0; Windows NT 6.1; WOW64; Trident/4.0; GTB7.2; SLCC2; .NET CLR 2.0.50727; .NET CLR 3.5.30729; .NET CLR 3.0.30729; Media Center PC 6.0; .NET4.0C)"
72.114.161.169 - - [17/Nov/2017:05:54:45 +0000] "POST /search/?c=Cameras+Office HTTP/1.1" 200 71 "/search/?c=Electronics" "Mozilla/5.0 (compatible; MSIE 9.0; Windows NT 6.1; Trident/5.0)"
104.189.169.48 - - [17/Nov/2017:05:54:50 +0000] "GET /category/electronics HTTP/1.1" 200 52 "-" "Mozilla/5.0 (Windows NT 6.0; rv:10.0.1) Gecko/20100101 Firefox/10.0.1"
68.72.35.74 - - [17/Nov/2017:05:54:55 +0000] "GET /item/giftcards/3907 HTTP/1.1" 200 93 "/search/?c=Giftcards" "Mozilla/5.0 (compatible; MSIE 9.0; Windows NT 6.1; WOW64; Trident/5.0)"
64.30.173.72 - - [17/Nov/2017:05:55:00 +0000] "GET /item/sports/13 HTTP/1.1" 200 100 "/item/software/2711" "Mozilla/5.0 (Windows NT 6.1; WOW64) AppleWebKit/535.11 (KHTML, like Gecko) Chrome/17.0.963.56 Safari/535.11"
224.210.40.49 - - [17/Nov/2017:05:55:05 +0000] "GET /category/garden?from=20 HTTP/1.1" 200 69 "/category/software?from=20" "Mozilla/5.0 (Windows NT 6.1; WOW64) AppleWebKit/535.11 (KHTML, like Gecko) Chrome/17.0.963.56 Safari/535.11"
128.90.218.42 - - [17/Nov/2017:05:55:10 +0000] "GET /category/electronics HTTP/1.1" 200 51 "/category/games" "Mozilla/4.0 (compatible; MSIE 8.0; Windows NT 5.1; Trident/4.0; YTB720; GTB7.2; .NET CLR 1.1.4322; .NET CLR 2.0.50727; .NET CLR 3.0.4506.2152; .NET CLR 3.5.30729)"
228.54.175.57 - - [17/Nov/2017:05:55:15 +0000] "GET /item/office/1523 HTTP/1.1" 200 98 "/item/garden/3051" "Mozilla/5.0 (compatible; MSIE 9.0; Windows NT 6.1; WOW64; Trident/5.0)"
116.99.75.204 - - [17/Nov/2017:05:55:20 +0000] "GET /category/garden HTTP/1.1" 200 117 "-" "Mozilla/5.0 (Windows NT 6.0; rv:10.0.1) Gecko/20100101 Firefox/10.0.1"
36.81.83.145 - - [17/Nov/2017:05:55:25 +0000] "GET /item/electronics/663 HTTP/1.1" 404 78 "/category/books" "Mozilla/4.0 (compatible; MSIE 8.0; Windows NT 6.0; WOW64; Trident/4.0; GTB6; SLCC1; .NET CLR 2.0.50727; Media Center PC 5.0; .NET CLR 3.5.30729; .NET CLR 3.0.30618; .NET4.0C)"
164.36.150.129 - - [17/Nov/2017:05:55:30 +0000] "GET /category/electronics HTTP/1.1" 200 96 "/category/office" "Mozilla/4.0 (compatible; MSIE 8.0; Windows NT 6.0; WOW64; Trident/4.0; GTB6; SLCC1; .NET CLR 2.0.50727; Media Center PC 5.0; .NET CLR 3.5.30729; .NET CLR 3.0.30618; .NET4.0C)"
220.225.191.68 - - [17/Nov/2017:05:55:35 +0000] "GET /category/office HTTP/1.1" 200 118 "-" "Mozilla/5.0 (Windows NT 6.1; WOW64; rv:10.0.1) Gecko/20100101 Firefox/10.0.1"
40.78.48.94 - - [17/Nov/2017:05:55:40 +0000] "GET /item/health/2887 HTTP/1.1" 200 65 "http://www.google.com/search?ie=UTF-8&q=google&sclient=psy-ab&q=Health&oq=Health&aq=f&aqi=g-vL1&aql=&pbx=1&bav=on.2,or.r_gc.r_pw.r_qf.,cf.osb&biw=4525&bih=507" "Mozilla/4.0 (compatible; MSIE 8.0; Windows NT 6.1; WOW64; Trident/4.0; YTB730; GTB7.2; SLCC2; .NET CLR 2.0.50727; .NET CLR 3.5.30729; .NET CLR 3.0.30729; .NET4.0C; .NET4.0E; Media Center PC 6.0)"
52.147.68.57 - - [17/Nov/2017:05:55:45 +0000] "GET /item/software/1625 HTTP/1.1" 200 82 "-" "Mozilla/5.0 (Windows NT 6.1; WOW64) AppleWebKit/535.7 (KHTML, like Gecko) Chrome/16.0.912.77 Safari/535.7"
152.102.198.201 - - [17/Nov/2017:05:55:50 +0000] "GET /item/electronics/4947 HTTP/1.1" 200 124 "/item/games/2882" "Mozilla/5.0 (compatible; MSIE 9.0; Windows NT 6.1; Trident/5.0)"
152.90.220.86 - - [17/Nov/2017:05:55:55 +0000] "POST /search/?c=Cameras+Office HTTP/1.1" 200 71 "-" "Mozilla/4.0 (compatible; MSIE 8.0; Windows NT 5.1; Trident/4.0; BTRS122159; GTB7.2; .NET CLR 1.1.4322; .NET CLR 2.0.50727; .NET CLR 3.0.04506.30; .NET CLR 3.0.4506.2152; .NET CLR 3.5.30729; BRI/2)"
92.147.59.203 - - [17/Nov/2017:05:56:00 +0000] "GET /category/giftcards?from=0 HTTP/1.1" 200 81 "/search/?c=Software+Networking" "Mozilla/5.0 (Windows NT 6.1; WOW64) AppleWebKit/535.11 (KHTML, like Gecko) Chrome/17.0.963.56 Safari/535.11"
96.99.84.183 - - [17/Nov/2017:05:56:05 +0000] "GET /category/office HTTP/1.1" 200 132 "-" "Mozilla/5.0 (Windows NT 6.1; WOW64; rv:10.0.1) Gecko/20100101 Firefox/10.0.1"
172.165.66.62 - - [17/Nov/2017:05:56:10 +0000] "GET /item/computers/4182 HTTP/1.1" 200 50 "/item/software/4034" "Mozilla/4.0 (compatible; MSIE 8.0; Windows NT 5.1; Trident/4.0; YTB720; GTB7.2; .NET CLR 1.1.4322; .NET CLR 2.0.50727; .NET CLR 3.0.4506.2152; .NET CLR 3.5.30729)"
68.33.56.24 - - [17/Nov/2017:05:56:15 +0000] "GET /category/office HTTP/1.1" 200 124 "-" "Mozilla/5.0 (Windows NT 6.1; WOW64) AppleWebKit/535.11 (KHTML, like Gecko) Chrome/17.0.963.56 Safari/535.11"
100.186.30.119 - - [17/Nov/2017:05:56:20 +0000] "GET /item/software/4680 HTTP/1.1" 200 89 "/category/office" "Mozilla/5.0 (compatible; MSIE 9.0; Windows NT 6.1; WOW64; Trident/5.0)"
204.111.23.227 - - [17/Nov/2017:05:56:25 +0000] "GET /category/books?from=0 HTTP/1.1" 200 56 "/category/music" "Mozilla/4.0 (compatible; MSIE 8.0; Windows NT 6.1; Trident/4.0; YTB730; SLCC2; .NET CLR 2.0.50727; .NET CLR 3.5.30729; .NET CLR 3.0.30729; Media Center PC 6.0; .NET4.0C)"
196.63.209.217 - - [17/Nov/2017:05:56:30 +0000] "GET /item/garden/1634 HTTP/1.1" 200 43 "/search/?c=Software+Games" "Mozilla/5.0 (compatible; MSIE 9.0; Windows NT 6.1; WOW64; Trident/5.0)"
100.144.219.108 - - [17/Nov/2017:05:56:35 +0000] "GET /category/finance HTTP/1.1" 200 111 "/category/games" "Mozilla/5.0 (Windows NT 6.1; WOW64) AppleWebKit/535.11 (KHTML, like Gecko) Chrome/17.0.963.56 Safari/535.11"
168.210.175.118 - - [17/Nov/2017:05:56:40 +0000] "GET /category/electronics HTTP/1.1" 200 97 "-" "Mozilla/5.0 (compatible; Googlebot/2.1; +http://www.google.com/bot.html)"
60.54.78.101 - - [17/Nov/2017:05:56:45 +0000] "GET /item/cameras/4995 HTTP/1.1" 200 97 "/search/?c=Cameras+Electronics" "Mozilla/5.0 (Windows NT 6.1; WOW64) AppleWebKit/535.7 (KHTML, like Gecko) Chrome/16.0.912.77 Safari/535.7"
132.132.109.164 - - [17/Nov/2017:05:56:50 +0000] "GET /category/electronics?from=10 HTTP/1.1" 200 88 "/search/?c=Electronics+Networking" "Mozilla/5.0 (Windows NT 6.1; WOW64; rv:10.0.1) Gecko/20100101 Firefox/10.0.1"
108.135.211.36 - - [17/Nov/2017:05:56:55 +0000] "GET /item/networking/435 HTTP/1.1" 200 109 "/category/games?from=20" "Mozilla/5.0 (compatible; Googlebot/2.1; +http://www.google.com/bot.html)"
156.174.158.57 - - [17/Nov/2017:05:57:00 +0000] "GET /category/toys HTTP/1.1" 200 63 "-" "Mozilla/5.0 (Windows NT 6.0; rv:10.0.1) Gecko/20100101 Firefox/10.0.1"
32.189.72.176 - - [17/Nov/2017:05:57:05 +0000] "GET /category/electronics HTTP/1.1" 200 97 "/category/jewelry?from=10" "Mozilla/5.0 (compatible; MSIE 9.0; Windows NT 6.1; Trident/5.0)"
180.48.74.50 - - [17/Nov/2017:05:57:10 +0000] "GET /item/books/3977 HTTP/1.1" 200 56 "/category/finance" "Mozilla/4.0 (compatible; MSIE 8.0; Windows NT 5.1; Trident/4.0; BTRS122159; GTB7.2; .NET CLR 1.1.4322; .NET CLR 2.0.50727; .NET CLR 3.0.04506.30; .NET CLR 3.0.4506.2152; .NET CLR 3.5.30729; BRI/2)"
220.159.151.36 - - [17/Nov/2017:05:57:15 +0000] "POST /search/?c=Electronics+Sports HTTP/1.1" 200 139 "/category/garden" "Mozilla/4.0 (compatible; MSIE 8.0; Windows NT 6.1; WOW64; Trident/4.0; YTB730; GTB7.2; EasyBits GO v1.0; SLCC2; .NET CLR 2.0.50727; .NET CLR 3.5.30729; .NET CLR 3.0.30729; Media Center PC 6.0; .NET4.0C)"
128.39.75.36 - - [17/Nov/2017:05:57:20 +0000] "GET /category/office HTTP/1.1" 200 77 "/category/software" "Mozilla/4.0 (compatible; MSIE 8.0; Windows NT 6.0; WOW64; Trident/4.0; GTB6; SLCC1; .NET CLR 2.0.50727; Media Center PC 5.0; .NET CLR 3.5.30729; .NET CLR 3.0.30618; .NET4.0C)"
140.27.162.195 - - [17/Nov/2017:05:57:25 +0000] "GET /category/cameras HTTP/1.1" 200 127 "/item/games/15" "Mozilla/5.0 (Macintosh; Intel Mac OS X 10.6; rv:9.0.1) Gecko/20100101 Firefox/9.0.1"
144.168.60.186 - - [17/Nov/2017:05:57:30 +0000] "GET /item/health/4533 HTTP/1.1" 200 55 "/search/?c=Health+Electronics" "Mozilla/4.0 (compatible; MSIE 8.0; Windows NT 5.1; Trident/4.0; YTB720; GTB7.2; .NET CLR 1.1.4322; .NET CLR 2.0.50727; .NET CLR 3.0.4506.2152; .NET CLR 3.5.30729)"
104.72.204.155 - - [17/Nov/2017:05:57:35 +0000] "GET /category/software HTTP/1.1" 200 94 "-" "Mozilla/5.0 (Windows NT 6.1; WOW64) AppleWebKit/535.7 (KHTML, like Gecko) Chrome/16.0.912.77 Safari/535.7"
132.183.166.198 - - [17/Nov/2017:05:57:40 +0000] "GET /category/books HTTP/1.1" 200 57 "/item/software/71" "Mozilla/5.0 (Windows NT 6.1; WOW64; rv:10.0.1) Gecko/20100101 Firefox/10.0.1"
212.174.139.73 - - [17/Nov/2017:05:57:45 +0000] "GET /item/computers/770 HTTP/1.1" 200 105 "/item/music/4004" "Mozilla/4.0 (compatible; MSIE 8.0; Windows NT 6.1; WOW64; Trident/4.0; YTB730; GTB7.2; EasyBits GO v1.0; SLCC2; .NET CLR 2.0.50727; .NET CLR 3.5.30729; .NET CLR 3.0.30729; Media Center PC 6.0; .NET4.0C)"
140.204.32.148 - - [17/Nov/2017:05:57:50 +0000] "GET /category/books HTTP/1.1" 200 80 "/category/giftcards" "Mozilla/4.0 (compatible; MSIE 8.0; Windows NT 6.0; WOW64; Trident/4.0; GTB6; SLCC1; .NET CLR 2.0.50727; Media Center PC 5.0; .NET CLR 3.5.30729; .NET CLR 3.0.30618; .NET4.0C)"
108.141.179.49 - - [17/Nov/2017:05:57:55 +0000] "GET /category/books?from=0 HTTP/1.1" 200 74 "/item/software/2103" "Mozilla/4.0 (compatible; MSIE 8.0; Windows NT 5.1; Trident/4.0; BTRS122159; GTB7.2; .NET CLR 1.1.4322; .NET CLR 2.0.50727; .NET CLR 3.0.04506.30; .NET CLR 3.0.4506.2152; .NET CLR 3.5.30729; BRI/2)"
88.27.37.78 - - [17/Nov/2017:05:58:00 +0000] "GET /item/sports/1656 HTTP/1.1" 200 118 "/item/sports/4528" "Mozilla/5.0 (Macintosh; Intel Mac OS X 10.6; rv:9.0.1) Gecko/20100101 Firefox/9.0.1"
100.195.21.152 - - [17/Nov/2017:05:58:05 +0000] "GET /item/networking/3979 HTTP/1.1" 200 66 "-" "Mozilla/5.0 (Windows NT 5.1) AppleWebKit/535.11 (KHTML, like Gecko) Chrome/17.0.963.46 Safari/535.11"
72.153.193.186 - - [17/Nov/2017:05:58:10 +0000] "GET /item/networking/4696 HTTP/1.1" 200 138 "/category/networking" "Mozilla/5.0 (Windows NT 6.1; WOW64) AppleWebKit/535.11 (KHTML, like Gecko) Chrome/17.0.963.56 Safari/535.11"
216.99.176.92 - - [17/Nov/2017:05:58:15 +0000] "GET /item/software/2487 HTTP/1.1" 200 51 "-" "Mozilla/5.0 (Windows NT 6.0) AppleWebKit/535.11 (KHTML, like Gecko) Chrome/17.0.963.56 Safari/535.11"
208.126.73.169 - - [17/Nov/2017:05:58:20 +0000] "GET /item/toys/2937 HTTP/1.1" 200 54 "/category/toys" "Mozilla/5.0 (iPad; CPU OS 5_0_1 like Mac OS X) AppleWebKit/534.46 (KHTML, like Gecko) Version/5.1 Mobile/9A405 Safari/7534.48.3"
220.165.214.67 - - [17/Nov/2017:05:58:25 +0000] "POST /search/?c=Sports+Giftcards HTTP/1.1" 200 117 "/item/software/3961" "Mozilla/5.0 (compatible; MSIE 9.0; Windows NT 6.1; WOW64; Trident/5.0)"
224.177.34.186 - - [17/Nov/2017:05:58:30 +0000] "GET /category/software HTTP/1.1" 200 41 "/category/software" "Mozilla/4.0 (compatible; MSIE 8.0; Windows NT 5.1; Trident/4.0; BTRS122159; GTB7.2; .NET CLR 1.1.4322; .NET CLR 2.0.50727; .NET CLR 3.0.04506.30; .NET CLR 3.0.4506.2152; .NET CLR 3.5.30729; BRI/2)"
204.132.57.59 - - [17/Nov/2017:05:58:35 +0000] "GET /item/music/532 HTTP/1.1" 200 43 "-" "Mozilla/4.0 (compatible; MSIE 8.0; Windows NT 5.1; Trident/4.0; BTRS122159; GTB7.2; .NET CLR 1.1.4322; .NET CLR 2.0.50727; .NET CLR 3.0.04506.30; .NET CLR 3.0.4506.2152; .NET CLR 3.5.30729; BRI/2)"
224.207.157.219 - - [17/Nov/2017:05:58:40 +0000] "GET /category/games HTTP/1.1" 200 97 "/category/electronics" "Mozilla/5.0 (iPad; CPU OS 5_0_1 like Mac OS X) AppleWebKit/534.46 (KHTML, like Gecko) Version/5.1 Mobile/9A405 Safari/7534.48.3"
164.213.39.153 - - [17/Nov/2017:05:58:45 +0000] "GET /item/games/3422 HTTP/1.1" 200 88 "/category/games" "Mozilla/5.0 (Windows NT 6.0) AppleWebKit/535.11 (KHTML, like Gecko) Chrome/17.0.963.56 Safari/535.11"
216.108.51.187 - - [17/Nov/2017:05:58:50 +0000] "POST /search/?c=Games HTTP/1.1" 200 48 "/item/computers/1710" "Mozilla/4.0 (compatible; MSIE 8.0; Windows NT 6.1; WOW64; Trident/4.0; YTB730; GTB7.2; SLCC2; .NET CLR 2.0.50727; .NET CLR 3.5.30729; .NET CLR 3.0.30729; .NET4.0C; .NET4.0E; Media Center PC 6.0)"
64.138.87.214 - - [17/Nov/2017:05:58:55 +0000] "GET /item/electronics/1270 HTTP/1.1" 200 107 "/item/games/4108" "Mozilla/5.0 (iPad; CPU OS 5_0_1 like Mac OS X) AppleWebKit/534.46 (KHTML, like Gecko) Version/5.1 Mobile/9A405 Safari/7534.48.3"
224.36.38.130 - - [17/Nov/2017:05:59:00 +0000] "POST /search/?c=Sports+Giftcards HTTP/1.1" 200 117 "/category/office" "Mozilla/5.0 (Windows NT 6.1; WOW64; rv:10.0.1) Gecko/20100101 Firefox/10.0.1"
20.168.121.199 - - [17/Nov/2017:05:59:05 +0000] "GET /category/software?from=20 HTTP/1.1" 200 100 "/category/cameras" "Mozilla/5.0 (iPhone; CPU iPhone OS 5_0_1 like Mac OS X) AppleWebKit/534.46 (KHTML, like Gecko) Version/5.1 Mobile/9A405 Safari/7534.48.3"
84.168.145.91 - - [17/Nov/2017:05:59:10 +0000] "GET /item/electronics/3314 HTTP/1.1" 200 46 "/item/electronics/2001" "Mozilla/5.0 (Windows NT 6.1; WOW64) AppleWebKit/535.7 (KHTML, like Gecko) Chrome/16.0.912.77 Safari/535.7"
200.207.132.97 - - [17/Nov/2017:05:59:15 +0000] "GET /category/software HTTP/1.1" 200 131 "http://www.google.com/search?ie=UTF-8&q=google&sclient=psy-ab&q=Software+Electronics&oq=Software+Electronics&aq=f&aqi=g-vL1&aql=&pbx=1&bav=on.2,or.r_gc.r_pw.r_qf.,cf.osb&biw=1983&bih=582" "Mozilla/5.0 (Macintosh; Intel Mac OS X 10.6; rv:9.0.1) Gecko/20100101 Firefox/9.0.1"
68.171.43.168 - - [17/Nov/2017:05:59:20 +0000] "GET /item/computers/4451 HTTP/1.1" 200 42 "/category/computers" "Mozilla/5.0 (Windows NT 6.1; WOW64) AppleWebKit/535.7 (KHTML, like Gecko) Chrome/16.0.912.77 Safari/535.7"
136.225.199.202 - - [17/Nov/2017:05:59:25 +0000] "GET /item/electronics/4339 HTTP/1.1" 200 55 "http://www.google.com/search?ie=UTF-8&q=google&sclient=psy-ab&q=Electronics&oq=Electronics&aq=f&aqi=g-vL1&aql=&pbx=1&bav=on.2,or.r_gc.r_pw.r_qf.,cf.osb&biw=3112&bih=184" "Mozilla/5.0 (Windows NT 6.0; rv:10.0.1) Gecko/20100101 Firefox/10.0.1"
96.24.145.93 - - [17/Nov/2017:05:59:30 +0000] "GET /category/software HTTP/1.1" 200 105 "-" "Mozilla/5.0 (compatible; Googlebot/2.1; +http://www.google.com/bot.html)"
188.78.192.171 - - [17/Nov/2017:05:59:35 +0000] "GET /item/giftcards/4757 HTTP/1.1" 200 102 "/category/electronics?from=20" "Mozilla/5.0 (Windows NT 6.1; WOW64) AppleWebKit/535.11 (KHTML, like Gecko) Chrome/17.0.963.56 Safari/535.11"
68.222.159.224 - - [17/Nov/2017:05:59:40 +0000] "POST /search/?c=Electronics+Sports HTTP/1.1" 200 139 "/category/sports" "Mozilla/5.0 (compatible; MSIE 9.0; Windows NT 6.1; Trident/5.0)"
52.216.223.224 - - [17/Nov/2017:05:59:45 +0000] "GET /category/software HTTP/1.1" 200 63 "/category/networking" "Mozilla/5.0 (iPhone; CPU iPhone OS 5_0_1 like Mac OS X) AppleWebKit/534.46 (KHTML, like Gecko) Version/5.1 Mobile/9A405 Safari/7534.48.3"
152.90.220.86 - - [17/Nov/2017:05:59:50 +0000] "GET /item/electronics/2104 HTTP/1.1" 200 59 "/search/?c=Electronics" "Mozilla/4.0 (compatible; MSIE 8.0; Windows NT 5.1; Trident/4.0; BTRS122159; GTB7.2; .NET CLR 1.1.4322; .NET CLR 2.0.50727; .NET CLR 3.0.04506.30; .NET CLR 3.0.4506.2152; .NET CLR 3.5.30729; BRI/2)"
108.93.207.173 - - [17/Nov/2017:05:59:55 +0000] "GET /category/cameras HTTP/1.1" 200 116 "/item/finance/2872" "Mozilla/5.0 (compatible; Googlebot/2.1; +http://www.google.com/bot.html)"
20.60.125.37 - - [17/Nov/2017:06:00:00 +0000] "GET /category/finance HTTP/1.1" 200 118 "/category/electronics" "Mozilla/5.0 (Windows NT 6.1; WOW64) AppleWebKit/535.7 (KHTML, like Gecko) Chrome/16.0.912.77 Safari/535.7"
144.213.38.93 - - [17/Nov/2017:06:00:05 +0000] "GET /category/software HTTP/1.1" 200 50 "/item/office/2904" "Mozilla/5.0 (compatible; MSIE 9.0; Windows NT 6.1; WOW64; Trident/5.0)"
176.39.95.81 - - [17/Nov/2017:06:00:10 +0000] "GET /category/finance HTTP/1.1" 200 86 "-" "Mozilla/5.0 (compatible; MSIE 9.0; Windows NT 6.1; Trident/5.0)"
196.144.108.166 - - [17/Nov/2017:06:00:15 +0000] "GET /item/office/851 HTTP/1.1" 200 129 "/category/software" "Mozilla/5.0 (compatible; Googlebot/2.1; +http://www.google.com/bot.html)"
224.36.38.130 - - [17/Nov/2017:06:00:20 +0000] "GET /item/music/2069 HTTP/1.1" 200 133 "-" "Mozilla/5.0 (Windows NT 6.0; rv:10.0.1) Gecko/20100101 Firefox/10.0.1"
88.48.32.227 - - [17/Nov/2017:06:00:25 +0000] "POST /search/?c=Software HTTP/1.1" 200 50 "/category/software?from=0" "Mozilla/5.0 (Macintosh; Intel Mac OS X 10.6; rv:9.0.1) Gecko/20100101 Firefox/9.0.1"
92.99.34.90 - - [17/Nov/2017:06:00:30 +0000] "GET /item/electronics/4025 HTTP/1.1" 200 124 "/search/?c=Garden" "Mozilla/4.0 (compatible; MSIE 8.0; Windows NT 6.1; WOW64; Trident/4.0; GTB7.2; SLCC2; .NET CLR 2.0.50727; .NET CLR 3.5.30729; .NET CLR 3.0.30729; Media Center PC 6.0; .NET4.0C)"
32.171.95.119 - - [17/Nov/2017:06:00:35 +0000] "GET /item/garden/1912 HTTP/1.1" 200 84 "-" "Mozilla/4.0 (compatible; MSIE 8.0; Windows NT 5.1; Trident/4.0; BTRS122159; GTB7.2; .NET CLR 1.1.4322; .NET CLR 2.0.50727; .NET CLR 3.0.04506.30; .NET CLR 3.0.4506.2152; .NET CLR 3.5.30729; BRI/2)"
116.99.75.204 - - [17/Nov/2017:06:00:40 +0000] "GET /category/games HTTP/1.1" 200 77 "-" "Mozilla/5.0 (Windows NT 6.0; rv:10.0.1) Gecko/20100101 Firefox/10.0.1"
144.210.145.43 - - [17/Nov/2017:06:00:45 +0000] "GET /category/electronics?from=0 HTTP/1.1" 200 40 "/category/electronics" "Mozilla/4.0 (compatible; MSIE 8.0; Windows NT 6.1; WOW64; Trident/4.0; YTB730; GTB7.2; SLCC2; .NET CLR 2.0.50727; .NET CLR 3.5.30729; .NET CLR 3.0.30729; .NET4.0C; .NET4.0E; Media Center PC 6.0)"
84.72.133.74 - - [17/Nov/2017:06:00:50 +0000] "GET /category/software HTTP/1.1" 200 109 "-" "Mozilla/5.0 (Windows NT 5.1) AppleWebKit/535.11 (KHTML, like Gecko) Chrome/17.0.963.46 Safari/535.11"
144.51.141.192 - - [17/Nov/2017:06:00:55 +0000] "GET /category/cameras HTTP/1.1" 200 80 "/item/electronics/1042" "Mozilla/5.0 (Windows NT 6.0; rv:10.0.1) Gecko/20100101 Firefox/10.0.1"
88.51.212.158 - - [17/Nov/2017:06:01:00 +0000] "GET /category/games HTTP/1.1" 200 99 "/category/electronics" "Mozilla/5.0 (Macintosh; Intel Mac OS X 10.6; rv:9.0.1) Gecko/20100101 Firefox/9.0.1"
208.180.52.36 - - [17/Nov/2017:06:01:05 +0000] "GET /category/games HTTP/1.1" 200 105 "-" "Mozilla/5.0 (Windows NT 6.0; rv:10.0.1) Gecko/20100101 Firefox/10.0.1"
192.207.80.72 - - [17/Nov/2017:06:01:10 +0000] "GET /category/office HTTP/1.1" 200 85 "-" "Mozilla/4.0 (compatible; MSIE 8.0; Windows NT 6.1; WOW64; Trident/4.0; YTB730; GTB7.2; EasyBits GO v1.0; SLCC2; .NET CLR 2.0.50727; .NET CLR 3.5.30729; .NET CLR 3.0.30729; Media Center PC 6.0; .NET4.0C)"
208.180.75.49 - - [17/Nov/2017:06:01:15 +0000] "GET /item/software/4933 HTTP/1.1" 200 52 "/category/software" "Mozilla/5.0 (Windows NT 6.0) AppleWebKit/535.11 (KHTML, like Gecko) Chrome/17.0.963.56 Safari/535.11"
200.207.132.97 - - [17/Nov/2017:06:01:20 +0000] "GET /item/cameras/2299 HTTP/1.1" 200 64 "/item/music/2048" "Mozilla/5.0 (Windows NT 6.0) AppleWebKit/535.11 (KHTML, like Gecko) Chrome/17.0.963.56 Safari/535.11"
84.207.145.22 - - [17/Nov/2017:06:01:25 +0000] "GET /item/garden/3051 HTTP/1.1" 200 40 "/category/books" "Mozilla/5.0 (Windows NT 6.1; WOW64) AppleWebKit/535.11 (KHTML, like Gecko) Chrome/17.0.963.56 Safari/535.11"
24.150.47.136 - - [17/Nov/2017:06:01:30 +0000] "GET /category/finance HTTP/1.1" 200 135 "/item/giftcards/4231" "Mozilla/5.0 (Macintosh; Intel Mac OS X 10.6; rv:9.0.1) Gecko/20100101 Firefox/9.0.1"
96.180.146.219 - - [17/Nov/2017:06:01:35 +0000] "GET /item/computers/4448 HTTP/1.1" 200 100 "/search/?c=Software" "Mozilla/5.0 (Windows NT 6.1; WOW64) AppleWebKit/535.7 (KHTML, like Gecko) Chrome/16.0.912.77 Safari/535.7"
204.99.132.70 - - [17/Nov/2017:06:01:40 +0000] "GET /category/office HTTP/1.1" 200 46 "/category/jewelry" "Mozilla/5.0 (Windows NT 6.0; rv:10.0.1) Gecko/20100101 Firefox/10.0.1"
192.213.30.56 - - [17/Nov/2017:06:01:45 +0000] "GET /category/software HTTP/1.1" 200 89 "/category/electronics" "Mozilla/5.0 (Windows NT 6.1; WOW64) AppleWebKit/535.7 (KHTML, like Gecko) Chrome/16.0.912.77 Safari/535.7"
108.174.61.62 - - [17/Nov/2017:06:01:50 +0000] "GET /category/software?from=0 HTTP/1.1" 200 64 "/category/office" "Mozilla/5.0 (Windows NT 6.0) AppleWebKit/535.11 (KHTML, like Gecko) Chrome/17.0.963.56 Safari/535.11"
36.192.196.184 - - [17/Nov/2017:06:01:55 +0000] "GET /item/electronics/2606 HTTP/1.1" 200 138 "/category/electronics" "Mozilla/5.0 (Macintosh; Intel Mac OS X 10.6; rv:9.0.1) Gecko/20100101 Firefox/9.0.1"
104.69.39.75 - - [17/Nov/2017:06:02:00 +0000] "GET /item/finance/3901 HTTP/1.1" 200 107 "-" "Mozilla/5.0 (iPad; CPU OS 5_0_1 like Mac OS X) AppleWebKit/534.46 (KHTML, like Gecko) Version/5.1 Mobile/9A405 Safari/7534.48.3"
184.45.158.136 - - [17/Nov/2017:06:02:05 +0000] "GET /category/electronics HTTP/1.1" 200 79 "-" "Mozilla/4.0 (compatible; MSIE 8.0; Windows NT 6.1; WOW64; Trident/4.0; YTB730; GTB7.2; SLCC2; .NET CLR 2.0.50727; .NET CLR 3.5.30729; .NET CLR 3.0.30729; .NET4.0C; .NET4.0E; Media Center PC 6.0)"
28.129.53.32 - - [17/Nov/2017:06:02:10 +0000] "POST /search/?c=Software+Games HTTP/1.1" 200 124 "-" "Mozilla/5.0 (Windows NT 6.1; WOW64) AppleWebKit/535.11 (KHTML, like Gecko) Chrome/17.0.963.56 Safari/535.11"
24.114.164.152 - - [17/Nov/2017:06:02:15 +0000] "GET /category/electronics HTTP/1.1" 200 91 "/item/games/3284" "Mozilla/5.0 (Windows NT 6.1; WOW64) AppleWebKit/535.7 (KHTML, like Gecko) Chrome/16.0.912.77 Safari/535.7"
128.90.218.42 - - [17/Nov/2017:06:02:20 +0000] "GET /category/finance HTTP/1.1" 200 86 "/category/networking" "Mozilla/5.0 (Windows NT 6.1; WOW64) AppleWebKit/535.7 (KHTML, like Gecko) Chrome/16.0.912.77 Safari/535.7"
164.165.47.101 - - [17/Nov/2017:06:02:25 +0000] "GET /item/electronics/2972 HTTP/1.1" 200 130 "/category/electronics" "Mozilla/5.0 (Windows NT 6.1; WOW64) AppleWebKit/535.7 (KHTML, like Gecko) Chrome/16.0.912.77 Safari/535.7"
68.225.106.184 - - [17/Nov/2017:06:02:30 +0000] "GET /category/jewelry HTTP/1.1" 200 60 "/category/books?from=10" "Mozilla/4.0 (compatible; MSIE 8.0; Windows NT 5.1; Trident/4.0; YTB720; GTB7.2; .NET CLR 1.1.4322; .NET CLR 2.0.50727; .NET CLR 3.0.4506.2152; .NET CLR 3.5.30729)"
136.198.147.93 - - [17/Nov/2017:06:02:35 +0000] "GET /category/jewelry HTTP/1.1" 200 122 "/category/office?from=0" "Mozilla/5.0 (Windows NT 6.1; WOW64; rv:10.0.1) Gecko/20100101 Firefox/10.0.1"
112.204.94.24 - - [17/Nov/2017:06:02:40 +0000] "GET /item/office/2855 HTTP/1.1" 200 52 "/search/?c=Office+Office" "Mozilla/5.0 (compatible; Googlebot/2.1; +http://www.google.com/bot.html)"
132.120.123.35 - - [17/Nov/2017:06:02:45 +0000] "GET /category/toys HTTP/1.1" 200 40 "-" "Mozilla/5.0 (Windows NT 6.1; WOW64) AppleWebKit/535.7 (KHTML, like Gecko) Chrome/16.0.912.77 Safari/535.7"
100.93.35.154 - - [17/Nov/2017:06:02:50 +0000] "GET /item/books/3336 HTTP/1.1" 200 88 "http://www.google.com/search?ie=UTF-8&q=google&sclient=psy-ab&q=Books&oq=Books&aq=f&aqi=g-vL1&aql=&pbx=1&bav=on.2,or.r_gc.r_pw.r_qf.,cf.osb&biw=3665&bih=548" "Mozilla/5.0 (Windows NT 6.1; WOW64) AppleWebKit/535.7 (KHTML, like Gecko) Chrome/16.0.912.77 Safari/535.7"
48.54.186.185 - - [17/Nov/2017:06:02:55 +0000] "GET /category/software HTTP/1.1" 200 108 "-" "Mozilla/5.0 (compatible; Googlebot/2.1; +http://www.google.com/bot.html)"
116.132.223.92 - - [17/Nov/2017:06:03:00 +0000] "GET /item/games/3284 HTTP/1.1" 200 120 "/category/games" "Mozilla/5.0 (Windows NT 6.1; WOW64; rv:10.0.1) Gecko/20100101 Firefox/10.0.1"
196.144.108.166 - - [17/Nov/2017:06:03:05 +0000] "GET /item/books/3156 HTTP/1.1" 200 102 "-" "Mozilla/4.0 (compatible; MSIE 8.0; Windows NT 6.1; WOW64; Trident/4.0; YTB730; GTB7.2; EasyBits GO v1.0; SLCC2; .NET CLR 2.0.50727; .NET CLR 3.5.30729; .NET CLR 3.0.30729; Media Center PC 6.0; .NET4.0C)"
144.213.38.93 - - [17/Nov/2017:06:03:10 +0000] "GET /category/cameras HTTP/1.1" 200 99 "-" "Mozilla/5.0 (compatible; MSIE 9.0; Windows NT 6.1; WOW64; Trident/5.0)"
132.120.123.35 - - [17/Nov/2017:06:03:15 +0000] "GET /item/software/1271 HTTP/1.1" 200 103 "-" "Mozilla/4.0 (compatible; MSIE 8.0; Windows NT 5.1; Trident/4.0; BTRS122159; GTB7.2; .NET CLR 1.1.4322; .NET CLR 2.0.50727; .NET CLR 3.0.04506.30; .NET CLR 3.0.4506.2152; .NET CLR 3.5.30729; BRI/2)"
104.156.80.128 - - [17/Nov/2017:06:03:20 +0000] "POST /search/?c=Office+Electronics HTTP/1.1" 200 82 "/item/health/4027" "Mozilla/5.0 (iPhone; CPU iPhone OS 5_0_1 like Mac OS X) AppleWebKit/534.46 (KHTML, like Gecko) Version/5.1 Mobile/9A405 Safari/7534.48.3"
160.45.81.35 - - [17/Nov/2017:06:03:25 +0000] "GET /category/software HTTP/1.1" 200 56 "-" "Mozilla/5.0 (Windows NT 6.0) AppleWebKit/535.11 (KHTML, like Gecko) Chrome/17.0.963.56 Safari/535.11"
148.99.211.139 - - [17/Nov/2017:06:03:30 +0000] "GET /category/games HTTP/1.1" 200 114 "/item/software/2512" "Mozilla/4.0 (compatible; MSIE 8.0; Windows NT 5.1; Trident/4.0; YTB720; GTB7.2; .NET CLR 1.1.4322; .NET CLR 2.0.50727; .NET CLR 3.0.4506.2152; .NET CLR 3.5.30729)"
204.132.57.59 - - [17/Nov/2017:06:03:35 +0000] "GET /category/games HTTP/1.1" 200 107 "http://www.google.com/search?ie=UTF-8&q=google&sclient=psy-ab&q=Games&oq=Games&aq=f&aqi=g-vL1&aql=&pbx=1&bav=on.2,or.r_gc.r_pw.r_qf.,cf.osb&biw=4653&bih=399" "Mozilla/5.0 (compatible; Googlebot/2.1; +http://www.google.com/bot.html)"
24.138.192.196 - - [17/Nov/2017:06:03:40 +0000] "GET /category/finance HTTP/1.1" 200 86 "http://www.google.com/search?ie=UTF-8&q=google&sclient=psy-ab&q=Finance&oq=Finance&aq=f&aqi=g-vL1&aql=&pbx=1&bav=on.2,or.r_gc.r_pw.r_qf.,cf.osb&biw=1845&bih=539" "Mozilla/5.0 (iPhone; CPU iPhone OS 5_0_1 like Mac OS X) AppleWebKit/534.46 (KHTML, like Gecko) Version/5.1 Mobile/9A405 Safari/7534.48.3"
80.81.66.77 - - [17/Nov/2017:06:03:45 +0000] "GET /category/books?from=10 HTTP/1.1" 200 97 "/category/finance" "Mozilla/4.0 (compatible; MSIE 8.0; Windows NT 6.1; WOW64; Trident/4.0; GTB7.2; SLCC2; .NET CLR 2.0.50727; .NET CLR 3.5.30729; .NET CLR 3.0.30729; Media Center PC 6.0; .NET4.0C)"
136.132.151.226 - - [17/Nov/2017:06:03:50 +0000] "GET /category/software HTTP/1.1" 200 55 "-" "Mozilla/5.0 (compatible; MSIE 9.0; Windows NT 6.1; Trident/5.0)"
132.63.161.43 - - [17/Nov/2017:06:03:55 +0000] "POST /search/?c=Electronics+Books HTTP/1.1" 200 96 "-" "Mozilla/5.0 (compatible; MSIE 9.0; Windows NT 6.1; WOW64; Trident/5.0)"
56.117.147.155 - - [17/Nov/2017:06:04:00 +0000] "GET /category/games HTTP/1.1" 200 135 "-" "Mozilla/5.0 (compatible; MSIE 9.0; Windows NT 6.1; Trident/5.0)"
144.126.86.47 - - [17/Nov/2017:06:04:05 +0000] "GET /category/office?from=0 HTTP/1.1" 200 59 "/category/games" "Mozilla/5.0 (compatible; MSIE 9.0; Windows NT 6.1; WOW64; Trident/5.0)"
68.192.196.217 - - [17/Nov/2017:06:04:10 +0000] "GET /category/office HTTP/1.1" 200 46 "/item/electronics/695" "Mozilla/5.0 (Windows NT 6.1; WOW64; rv:10.0.1) Gecko/20100101 Firefox/10.0.1"
212.171.62.26 - - [17/Nov/2017:06:04:15 +0000] "GET /category/books?from=0 HTTP/1.1" 200 52 "/search/?c=Books" "Mozilla/5.0 (compatible; MSIE 9.0; Windows NT 6.1; WOW64; Trident/5.0)"
148.102.155.163 - - [17/Nov/2017:06:04:20 +0000] "GET /category/software HTTP/1.1" 200 70 "/category/electronics" "Mozilla/4.0 (compatible; MSIE 8.0; Windows NT 6.1; WOW64; Trident/4.0; YTB730; GTB7.2; EasyBits GO v1.0; SLCC2; .NET CLR 2.0.50727; .NET CLR 3.5.30729; .NET CLR 3.0.30729; Media Center PC 6.0; .NET4.0C)"
44.189.22.22 - - [17/Nov/2017:06:04:25 +0000] "GET /item/office/964 HTTP/1.1" 200 56 "/category/office" "Mozilla/4.0 (compatible; MSIE 8.0; Windows NT 5.1; Trident/4.0; BTRS122159; GTB7.2; .NET CLR 1.1.4322; .NET CLR 2.0.50727; .NET CLR 3.0.04506.30; .NET CLR 3.0.4506.2152; .NET CLR 3.5.30729; BRI/2)"
196.144.108.166 - - [17/Nov/2017:06:04:30 +0000] "GET /item/games/1697 HTTP/1.1" 200 63 "-" "Mozilla/4.0 (compatible; MSIE 8.0; Windows NT 6.1; WOW64; Trident/4.0; YTB730; GTB7.2; EasyBits GO v1.0; SLCC2; .NET CLR 2.0.50727; .NET CLR 3.5.30729; .NET CLR 3.0.30729; Media Center PC 6.0; .NET4.0C)"
228.54.175.57 - - [17/Nov/2017:06:04:35 +0000] "POST /search/?c=Networking HTTP/1.1" 200 110 "-" "Mozilla/5.0 (Windows NT 6.0; rv:10.0.1) Gecko/20100101 Firefox/10.0.1"
108.78.86.154 - - [17/Nov/2017:06:04:40 +0000] "GET /category/giftcards HTTP/1.1" 200 120 "-" "Mozilla/4.0 (compatible; MSIE 8.0; Windows NT 6.0; WOW64; Trident/4.0; GTB6; SLCC1; .NET CLR 2.0.50727; Media Center PC 5.0; .NET CLR 3.5.30729; .NET CLR 3.0.30618; .NET4.0C)"
168.129.116.168 - - [17/Nov/2017:06:04:45 +0000] "GET /category/computers?from=20 HTTP/1.1" 200 52 "/item/software/2103" "Mozilla/5.0 (Windows NT 6.0; rv:10.0.1) Gecko/20100101 Firefox/10.0.1"
80.189.195.176 - - [17/Nov/2017:06:04:50 +0000] "GET /item/health/3601 HTTP/1.1" 200 64 "-" "Mozilla/4.0 (compatible; MSIE 8.0; Windows NT 5.1; Trident/4.0; BTRS122159; GTB7.2; .NET CLR 1.1.4322; .NET CLR 2.0.50727; .NET CLR 3.0.04506.30; .NET CLR 3.0.4506.2152; .NET CLR 3.5.30729; BRI/2)"
196.36.158.223 - - [17/Nov/2017:06:04:55 +0000] "GET /category/garden HTTP/1.1" 200 122 "/item/books/1869" "Mozilla/5.0 (Windows NT 6.0) AppleWebKit/535.11 (KHTML, like Gecko) Chrome/17.0.963.56 Safari/535.11"
216.156.23.194 - - [17/Nov/2017:06:05:00 +0000] "GET /item/office/1523 HTTP/1.1" 200 98 "/search/?c=Office+Sports" "Mozilla/4.0 (compatible; MSIE 8.0; Windows NT 6.1; WOW64; Trident/4.0; YTB730; GTB7.2; EasyBits GO v1.0; SLCC2; .NET CLR 2.0.50727; .NET CLR 3.5.30729; .NET CLR 3.0.30729; Media Center PC 6.0; .NET4.0C)"
40.33.157.65 - - [17/Nov/2017:06:05:05 +0000] "POST /search/?c=Books HTTP/1.1" 200 127 "/search/?c=Software+Games" "Mozilla/5.0 (Windows NT 6.1; WOW64) AppleWebKit/535.11 (KHTML, like Gecko) Chrome/17.0.963.56 Safari/535.11"
136.198.147.93 - - [17/Nov/2017:06:05:10 +0000] "GET /item/giftcards/357 HTTP/1.1" 200 92 "/search/?c=Giftcards+Toys" "Mozilla/5.0 (Windows NT 6.1; WOW64; rv:10.0.1) Gecko/20100101 Firefox/10.0.1"
36.183.156.215 - - [17/Nov/2017:06:05:15 +0000] "GET /category/electronics HTTP/1.1" 200 64 "/item/games/4709" "Mozilla/5.0 (Windows NT 6.0; rv:10.0.1) Gecko/20100101 Firefox/10.0.1"
196.24.211.196 - - [17/Nov/2017:06:05:20 +0000] "GET /category/software HTTP/1.1" 200 56 "-" "Mozilla/5.0 (compatible; Googlebot/2.1; +http://www.google.com/bot.html)"
44.132.181.113 - - [17/Nov/2017:06:05:25 +0000] "GET /category/software HTTP/1.1" 200 82 "/category/software" "Mozilla/5.0 (compatible; MSIE 9.0; Windows NT 6.1; Trident/5.0)"
84.222.57.97 - - [17/Nov/2017:06:05:30 +0000] "GET /item/games/3032 HTTP/1.1" 200 115 "/item/games/4277" "Mozilla/5.0 (compatible; MSIE 9.0; Windows NT 6.1; WOW64; Trident/5.0)"
148.189.181.127 - - [17/Nov/2017:06:05:35 +0000] "GET /item/electronics/1270 HTTP/1.1" 200 107 "/item/software/880" "Mozilla/5.0 (compatible; MSIE 9.0; Windows NT 6.1; WOW64; Trident/5.0)"
140.183.67.108 - - [17/Nov/2017:06:05:40 +0000] "GET /item/electronics/450 HTTP/1.1" 200 123 "/category/books?from=20" "Mozilla/5.0 (Macintosh; Intel Mac OS X 10.6; rv:9.0.1) Gecko/20100101 Firefox/9.0.1"
76.225.209.116 - - [17/Nov/2017:06:05:45 +0000] "GET /item/software/2490 HTTP/1.1" 200 51 "/item/books/3992" "Mozilla/5.0 (Windows NT 6.1; WOW64; rv:10.0.1) Gecko/20100101 Firefox/10.0.1"
120.57.151.184 - - [17/Nov/2017:06:05:50 +0000] "GET /category/jewelry HTTP/1.1" 200 76 "/category/software" "Mozilla/5.0 (iPhone; CPU iPhone OS 5_0_1 like Mac OS X) AppleWebKit/534.46 (KHTML, like Gecko) Version/5.1 Mobile/9A405 Safari/7534.48.3"
196.225.41.136 - - [17/Nov/2017:06:05:55 +0000] "GET /item/games/1456 HTTP/1.1" 200 111 "/item/health/4912" "Mozilla/5.0 (Windows NT 6.1; WOW64) AppleWebKit/535.7 (KHTML, like Gecko) Chrome/16.0.912.77 Safari/535.7"
72.189.134.198 - - [17/Nov/2017:06:06:00 +0000] "GET /category/electronics HTTP/1.1" 200 97 "/item/garden/4804" "Mozilla/5.0 (Windows NT 6.1; WOW64) AppleWebKit/535.11 (KHTML, like Gecko) Chrome/17.0.963.56 Safari/535.11"
208.171.196.220 - - [17/Nov/2017:06:06:05 +0000] "GET /item/software/517 HTTP/1.1" 200 123 "-" "Mozilla/4.0 (compatible; MSIE 8.0; Windows NT 6.1; WOW64; Trident/4.0; YTB730; GTB7.2; EasyBits GO v1.0; SLCC2; .NET CLR 2.0.50727; .NET CLR 3.5.30729; .NET CLR 3.0.30729; Media Center PC 6.0; .NET4.0C)"
168.93.214.104 - - [17/Nov/2017:06:06:10 +0000] "GET /item/garden/2166 HTTP/1.1" 200 139 "/search/?c=Garden+Music" "Mozilla/4.0 (compatible; MSIE 8.0; Windows NT 6.1; Trident/4.0; YTB730; SLCC2; .NET CLR 2.0.50727; .NET CLR 3.5.30729; .NET CLR 3.0.30729; Media Center PC 6.0; .NET4.0C)"
116.222.179.198 - - [17/Nov/2017:06:06:15 +0000] "GET /item/computers/1333 HTTP/1.1" 200 108 "/item/electronics/1828" "Mozilla/5.0 (Windows NT 6.1; WOW64; rv:10.0.1) Gecko/20100101 Firefox/10.0.1"
224.87.199.41 - - [17/Nov/2017:06:06:20 +0000] "GET /category/toys HTTP/1.1" 200 128 "/item/books/1785" "Mozilla/5.0 (Windows NT 6.0; rv:10.0.1) Gecko/20100101 Firefox/10.0.1"
56.168.99.190 - - [17/Nov/2017:06:06:25 +0000] "GET /category/software HTTP/1.1" 200 73 "-" "Mozilla/5.0 (compatible; MSIE 9.0; Windows NT 6.1; Trident/5.0)"
28.156.128.90 - - [17/Nov/2017:06:06:30 +0000] "GET /item/computers/3996 HTTP/1.1" 200 70 "http://www.google.com/search?ie=UTF-8&q=google&sclient=psy-ab&q=Computers+Software&oq=Computers+Software&aq=f&aqi=g-vL1&aql=&pbx=1&bav=on.2,or.r_gc.r_pw.r_qf.,cf.osb&biw=2724&bih=435" "Mozilla/5.0 (Macintosh; Intel Mac OS X 10.6; rv:9.0.1) Gecko/20100101 Firefox/9.0.1"
120.57.151.184 - - [17/Nov/2017:06:06:35 +0000] "GET /item/cameras/590 HTTP/1.1" 200 133 "/search/?c=Jewelry+Games" "Mozilla/5.0 (Windows NT 6.0; rv:10.0.1) Gecko/20100101 Firefox/10.0.1"
140.204.32.148 - - [17/Nov/2017:06:06:40 +0000] "GET /category/computers?from=0 HTTP/1.1" 200 40 "-" "Mozilla/5.0 (compatible; MSIE 9.0; Windows NT 6.1; Trident/5.0)"
40.36.176.35 - - [17/Nov/2017:06:06:45 +0000] "GET /item/cameras/2299 HTTP/1.1" 200 64 "/category/computers" "Mozilla/5.0 (Windows NT 6.0; rv:10.0.1) Gecko/20100101 Firefox/10.0.1"
52.93.144.151 - - [17/Nov/2017:06:06:50 +0000] "GET /item/games/4604 HTTP/1.1" 200 54 "-" "Mozilla/5.0 (Macintosh; Intel Mac OS X 10.6; rv:9.0.1) Gecko/20100101 Firefox/9.0.1"
208.114.138.190 - - [17/Nov/2017:06:06:55 +0000] "GET /item/sports/1656 HTTP/1.1" 200 118 "/category/health" "Mozilla/5.0 (Windows NT 6.1; WOW64) AppleWebKit/535.11 (KHTML, like Gecko) Chrome/17.0.963.56 Safari/535.11"
112.33.59.25 - - [17/Nov/2017:06:07:00 +0000] "GET /category/electronics?from=0 HTTP/1.1" 200 40 "/search/?c=Electronics" "Mozilla/5.0 (Windows NT 6.0) AppleWebKit/535.11 (KHTML, like Gecko) Chrome/17.0.963.56 Safari/535.11"
184.135.39.104 - - [17/Nov/2017:06:07:05 +0000] "GET /item/software/1594 HTTP/1.1" 200 80 "/category/office" "Mozilla/5.0 (Windows NT 6.0; rv:10.0.1) Gecko/20100101 Firefox/10.0.1"
184.54.99.170 - - [17/Nov/2017:06:07:10 +0000] "GET /item/electronics/2277 HTTP/1.1" 200 43 "-" "Mozilla/4.0 (compatible; MSIE 8.0; Windows NT 6.0; WOW64; Trident/4.0; GTB6; SLCC1; .NET CLR 2.0.50727; Media Center PC 5.0; .NET CLR 3.5.30729; .NET CLR 3.0.30618; .NET4.0C)"
168.183.144.126 - - [17/Nov/2017:06:07:15 +0000] "GET /category/books HTTP/1.1" 200 109 "/item/electronics/1911" "Mozilla/5.0 (Macintosh; Intel Mac OS X 10.6; rv:9.0.1) Gecko/20100101 Firefox/9.0.1"
208.126.73.169 - - [17/Nov/2017:06:07:20 +0000] "GET /item/games/2746 HTTP/1.1" 200 135 "/item/giftcards/357" "Mozilla/5.0 (compatible; MSIE 9.0; Windows NT 6.1; WOW64; Trident/5.0)"
188.42.152.136 - - [17/Nov/2017:06:07:25 +0000] "GET /category/software HTTP/1.1" 200 121 "http://www.google.com/search?ie=UTF-8&q=google&sclient=psy-ab&q=Software+Software&oq=Software+Software&aq=f&aqi=g-vL1&aql=&pbx=1&bav=on.2,or.r_gc.r_pw.r_qf.,cf.osb&biw=2336&bih=423" "Mozilla/4.0 (compatible; MSIE 8.0; Windows NT 6.1; WOW64; Trident/4.0; YTB730; GTB7.2; EasyBits GO v1.0; SLCC2; .NET CLR 2.0.50727; .NET CLR 3.5.30729; .NET CLR 3.0.30729; Media Center PC 6.0; .NET4.0C)"
52.51.140.109 - - [17/Nov/2017:06:07:30 +0000] "GET /category/software HTTP/1.1" 200 68 "/category/games" "Mozilla/4.0 (compatible; MSIE 8.0; Windows NT 5.1; Trident/4.0; YTB720; GTB7.2; .NET CLR 1.1.4322; .NET CLR 2.0.50727; .NET CLR 3.0.4506.2152; .NET CLR 3.5.30729)"
88.48.32.227 - - [17/Nov/2017:06:07:35 +0000] "GET /category/software?from=0 HTTP/1.1" 200 40 "/category/software" "Mozilla/4.0 (compatible; MSIE 8.0; Windows NT 6.1; WOW64; Trident/4.0; GTB7.2; SLCC2; .NET CLR 2.0.50727; .NET CLR 3.5.30729; .NET CLR 3.0.30729; Media Center PC 6.0; .NET4.0C)"
116.72.59.134 - - [17/Nov/2017:06:07:40 +0000] "GET /category/cameras HTTP/1.1" 200 80 "/search/?c=Books+Finance" "Mozilla/5.0 (Windows NT 6.0; rv:10.0.1) Gecko/20100101 Firefox/10.0.1"
164.63.57.53 - - [17/Nov/2017:06:07:45 +0000] "GET /category/books HTTP/1.1" 200 73 "/search/?c=Office+Office" "Mozilla/4.0 (compatible; MSIE 8.0; Windows NT 6.1; WOW64; Trident/4.0; YTB730; GTB7.2; SLCC2; .NET CLR 2.0.50727; .NET CLR 3.5.30729; .NET CLR 3.0.30729; .NET4.0C; .NET4.0E; Media Center PC 6.0)"
116.63.29.208 - - [17/Nov/2017:06:07:50 +0000] "GET /category/finance HTTP/1.1" 200 76 "-" "Mozilla/5.0 (Windows NT 6.0; rv:10.0.1) Gecko/20100101 Firefox/10.0.1"
196.51.65.141 - - [17/Nov/2017:06:07:55 +0000] "GET /category/toys HTTP/1.1" 200 129 "-" "Mozilla/5.0 (compatible; MSIE 9.0; Windows NT 6.1; Trident/5.0)"
216.129.86.169 - - [17/Nov/2017:06:08:00 +0000] "GET /category/cameras?from=20 HTTP/1.1" 200 114 "/item/office/851" "Mozilla/5.0 (Windows NT 6.1; WOW64) AppleWebKit/535.7 (KHTML, like Gecko) Chrome/16.0.912.77 Safari/535.7"
148.99.211.139 - - [17/Nov/2017:06:08:05 +0000] "GET /category/jewelry?from=10 HTTP/1.1" 200 106 "/search/?c=Jewelry" "Mozilla/4.0 (compatible; MSIE 8.0; Windows NT 6.1; WOW64; Trident/4.0; YTB730; GTB7.2; SLCC2; .NET CLR 2.0.50727; .NET CLR 3.5.30729; .NET CLR 3.0.30729; .NET4.0C; .NET4.0E; Media Center PC 6.0)"
52.219.45.68 - - [17/Nov/2017:06:08:10 +0000] "GET /item/software/4680 HTTP/1.1" 200 89 "/category/books" "Mozilla/5.0 (Windows NT 6.0) AppleWebKit/535.11 (KHTML, like Gecko) Chrome/17.0.963.56 Safari/535.11"
100.174.103.32 - - [17/Nov/2017:06:08:15 +0000] "GET /category/software?from=0 HTTP/1.1" 200 66 "/item/garden/995" "Mozilla/5.0 (Windows NT 6.0; rv:10.0.1) Gecko/20100101 Firefox/10.0.1"
196.81.179.31 - - [17/Nov/2017:06:08:20 +0000] "GET /category/software HTTP/1.1" 200 82 "/item/cameras/1442" "Mozilla/4.0 (compatible; MSIE 8.0; Windows NT 6.0; WOW64; Trident/4.0; GTB6; SLCC1; .NET CLR 2.0.50727; Media Center PC 5.0; .NET CLR 3.5.30729; .NET CLR 3.0.30618; .NET4.0C)"
108.225.225.104 - - [17/Nov/2017:06:08:25 +0000] "GET /item/networking/973 HTTP/1.1" 200 48 "/item/finance/1103" "Mozilla/5.0 (Windows NT 6.0; rv:10.0.1) Gecko/20100101 Firefox/10.0.1"
152.174.211.73 - - [17/Nov/2017:06:08:30 +0000] "POST /search/?c=Books HTTP/1.1" 200 40 "-" "Mozilla/5.0 (compatible; MSIE 9.0; Windows NT 6.1; Trident/5.0)"
68.111.65.149 - - [17/Nov/2017:06:08:35 +0000] "GET /category/books HTTP/1.1" 200 88 "/item/games/2750" "Mozilla/5.0 (compatible; Googlebot/2.1; +http://www.google.com/bot.html)"
36.33.116.55 - - [17/Nov/2017:06:08:40 +0000] "GET /item/electronics/2606 HTTP/1.1" 200 138 "-" "Mozilla/4.0 (compatible; MSIE 8.0; Windows NT 6.1; WOW64; Trident/4.0; YTB730; GTB7.2; EasyBits GO v1.0; SLCC2; .NET CLR 2.0.50727; .NET CLR 3.5.30729; .NET CLR 3.0.30729; Media Center PC 6.0; .NET4.0C)"
184.144.144.34 - - [17/Nov/2017:06:08:45 +0000] "GET /item/electronics/2606 HTTP/1.1" 200 138 "/item/electronics/4582" "Mozilla/5.0 (Windows NT 6.0) AppleWebKit/535.11 (KHTML, like Gecko) Chrome/17.0.963.56 Safari/535.11"
36.213.156.170 - - [17/Nov/2017:06:08:50 +0000] "GET /category/electronics HTTP/1.1" 200 115 "/search/?c=Software" "Mozilla/4.0 (compatible; MSIE 8.0; Windows NT 6.1; WOW64; Trident/4.0; GTB7.2; SLCC2; .NET CLR 2.0.50727; .NET CLR 3.5.30729; .NET CLR 3.0.30729; Media Center PC 6.0; .NET4.0C)"
228.162.165.103 - - [17/Nov/2017:06:08:55 +0000] "GET /item/software/4680 HTTP/1.1" 200 89 "/item/computers/3622" "Mozilla/5.0 (Windows NT 6.1; WOW64) AppleWebKit/535.11 (KHTML, like Gecko) Chrome/17.0.963.56 Safari/535.11"
104.207.115.95 - - [17/Nov/2017:06:09:00 +0000] "GET /item/games/3272 HTTP/1.1" 200 79 "/item/games/905" "Mozilla/4.0 (compatible; MSIE 8.0; Windows NT 6.0; WOW64; Trident/4.0; GTB6; SLCC1; .NET CLR 2.0.50727; Media Center PC 5.0; .NET CLR 3.5.30729; .NET CLR 3.0.30618; .NET4.0C)"
76.39.153.224 - - [17/Nov/2017:06:09:05 +0000] "GET /category/networking HTTP/1.1" 200 136 "-" "Mozilla/4.0 (compatible; MSIE 8.0; Windows NT 6.1; WOW64; Trident/4.0; GTB7.2; SLCC2; .NET CLR 2.0.50727; .NET CLR 3.5.30729; .NET CLR 3.0.30729; Media Center PC 6.0; .NET4.0C)"
96.144.218.175 - - [17/Nov/2017:06:09:10 +0000] "GET /category/music HTTP/1.1" 200 51 "-" "Mozilla/5.0 (compatible; MSIE 9.0; Windows NT 6.1; WOW64; Trident/5.0)"
208.183.145.211 - - [17/Nov/2017:06:09:15 +0000] "GET /category/jewelry HTTP/1.1" 200 118 "/item/giftcards/4709" "Mozilla/5.0 (Windows NT 6.1; WOW64) AppleWebKit/535.11 (KHTML, like Gecko) Chrome/17.0.963.56 Safari/535.11"
140.36.40.82 - - [17/Nov/2017:06:09:20 +0000] "GET /item/music/2915 HTTP/1.1" 200 106 "/search/?c=Music" "Mozilla/5.0 (Windows NT 6.1; WOW64) AppleWebKit/535.11 (KHTML, like Gecko) Chrome/17.0.963.56 Safari/535.11"
204.75.217.225 - - [17/Nov/2017:06:09:25 +0000] "GET /category/electronics HTTP/1.1" 200 139 "-" "Mozilla/4.0 (compatible; MSIE 8.0; Windows NT 6.1; Trident/4.0; YTB730; SLCC2; .NET CLR 2.0.50727; .NET CLR 3.5.30729; .NET CLR 3.0.30729; Media Center PC 6.0; .NET4.0C)"
128.63.115.118 - - [17/Nov/2017:06:09:30 +0000] "GET /category/cameras HTTP/1.1" 200 77 "/category/electronics?from=20" "Mozilla/5.0 (Macintosh; Intel Mac OS X 10.6; rv:9.0.1) Gecko/20100101 Firefox/9.0.1"
148.180.67.120 - - [17/Nov/2017:06:09:35 +0000] "GET /category/jewelry HTTP/1.1" 200 122 "-" "Mozilla/4.0 (compatible; MSIE 8.0; Windows NT 6.1; WOW64; Trident/4.0; YTB730; GTB7.2; EasyBits GO v1.0; SLCC2; .NET CLR 2.0.50727; .NET CLR 3.5.30729; .NET CLR 3.0.30729; Media Center PC 6.0; .NET4.0C)"
116.144.123.207 - - [17/Nov/2017:06:09:40 +0000] "GET /item/office/564 HTTP/1.1" 200 125 "/category/software?from=0" "Mozilla/4.0 (compatible; MSIE 8.0; Windows NT 6.1; WOW64; Trident/4.0; YTB730; GTB7.2; SLCC2; .NET CLR 2.0.50727; .NET CLR 3.5.30729; .NET CLR 3.0.30729; .NET4.0C; .NET4.0E; Media Center PC 6.0)"
140.51.85.207 - - [17/Nov/2017:06:09:45 +0000] "GET /category/electronics HTTP/1.1" 200 64 "-" "Mozilla/5.0 (Windows NT 6.1; WOW64) AppleWebKit/535.11 (KHTML, like Gecko) Chrome/17.0.963.56 Safari/535.11"
176.141.46.22 - - [17/Nov/2017:06:09:50 +0000] "GET /category/software HTTP/1.1" 200 109 "-" "Mozilla/5.0 (iPad; CPU OS 5_0_1 like Mac OS X) AppleWebKit/534.46 (KHTML, like Gecko) Version/5.1 Mobile/9A405 Safari/7534.48.3"
84.162.134.68 - - [17/Nov/2017:06:09:55 +0000] "GET /item/games/3390 HTTP/1.1" 200 42 "/search/?c=Games+Cameras" "Mozilla/5.0 (compatible; MSIE 9.0; Windows NT 6.1; WOW64; Trident/5.0)"
24.90.183.170 - - [17/Nov/2017:06:10:00 +0000] "GET /category/networking HTTP/1.1" 200 103 "-" "Mozilla/5.0 (iPhone; CPU iPhone OS 5_0_1 like Mac OS X) AppleWebKit/534.46 (KHTML, like Gecko) Version/5.1 Mobile/9A405 Safari/7534.48.3"
76.39.153.224 - - [17/Nov/2017:06:10:05 +0000] "POST /search/?c=Giftcards+Music HTTP/1.1" 200 118 "-" "Mozilla/4.0 (compatible; MSIE 8.0; Windows NT 5.1; Trident/4.0; BTRS122159; GTB7.2; .NET CLR 1.1.4322; .NET CLR 2.0.50727; .NET CLR 3.0.04506.30; .NET CLR 3.0.4506.2152; .NET CLR 3.5.30729; BRI/2)"
112.204.94.24 - - [17/Nov/2017:06:10:10 +0000] "GET /category/books HTTP/1.1" 200 91 "-" "Mozilla/5.0 (compatible; Googlebot/2.1; +http://www.google.com/bot.html)"
116.222.179.198 - - [17/Nov/2017:06:10:15 +0000] "GET /category/music HTTP/1.1" 200 84 "/item/software/2724" "Mozilla/5.0 (Windows NT 6.0; rv:10.0.1) Gecko/20100101 Firefox/10.0.1"
176.87.116.29 - - [17/Nov/2017:06:10:20 +0000] "GET /category/software HTTP/1.1" 200 72 "/category/electronics" "Mozilla/5.0 (compatible; MSIE 9.0; Windows NT 6.1; Trident/5.0)"
164.120.51.110 - - [17/Nov/2017:06:10:25 +0000] "GET /item/office/4367 HTTP/1.1" 200 64 "/category/software" "Mozilla/4.0 (compatible; MSIE 8.0; Windows NT 6.1; WOW64; Trident/4.0; YTB730; GTB7.2; EasyBits GO v1.0; SLCC2; .NET CLR 2.0.50727; .NET CLR 3.5.30729; .NET CLR 3.0.30729; Media Center PC 6.0; .NET4.0C)"
32.132.45.143 - - [17/Nov/2017:06:10:30 +0000] "GET /category/electronics HTTP/1.1" 200 96 "http://www.google.com/search?ie=UTF-8&q=google&sclient=psy-ab&q=Electronics+Electronics&oq=Electronics+Electronics&aq=f&aqi=g-vL1&aql=&pbx=1&bav=on.2,or.r_gc.r_pw.r_qf.,cf.osb&biw=2063&bih=593" "Mozilla/5.0 (Windows NT 6.1; WOW64) AppleWebKit/535.7 (KHTML, like Gecko) Chrome/16.0.912.77 Safari/535.7"
212.66.174.222 - - [17/Nov/2017:06:10:35 +0000] "GET /category/music HTTP/1.1" 200 87 "-" "Mozilla/5.0 (Windows NT 6.0; rv:10.0.1) Gecko/20100101 Firefox/10.0.1"
176.93.138.138 - - [17/Nov/2017:06:10:40 +0000] "GET /category/cameras?from=20 HTTP/1.1" 200 63 "-" "Mozilla/5.0 (Windows NT 6.1; WOW64) AppleWebKit/535.11 (KHTML, like Gecko) Chrome/17.0.963.56 Safari/535.11"
184.162.181.93 - - [17/Nov/2017:06:10:45 +0000] "GET /category/cameras HTTP/1.1" 200 48 "-" "Mozilla/5.0 (Windows NT 5.1) AppleWebKit/535.11 (KHTML, like Gecko) Chrome/17.0.963.46 Safari/535.11"
56.51.48.185 - - [17/Nov/2017:06:10:50 +0000] "GET /category/books HTTP/1.1" 200 85 "/item/giftcards/4757" "Mozilla/5.0 (compatible; Googlebot/2.1; +http://www.google.com/bot.html)"
136.72.86.184 - - [17/Nov/2017:06:10:55 +0000] "GET /category/games HTTP/1.1" 200 135 "/category/office" "Mozilla/5.0 (Windows NT 6.0; rv:10.0.1) Gecko/20100101 Firefox/10.0.1"
36.132.162.159 - - [17/Nov/2017:06:11:00 +0000] "GET /category/jewelry HTTP/1.1" 200 40 "-" "Mozilla/4.0 (compatible; MSIE 8.0; Windows NT 6.1; Trident/4.0; YTB730; SLCC2; .NET CLR 2.0.50727; .NET CLR 3.5.30729; .NET CLR 3.0.30729; Media Center PC 6.0; .NET4.0C)"
40.135.213.74 - - [17/Nov/2017:06:11:05 +0000] "POST /search/?c=Electronics+Books HTTP/1.1" 200 134 "-" "Mozilla/5.0 (Windows NT 6.0) AppleWebKit/535.11 (KHTML, like Gecko) Chrome/17.0.963.56 Safari/535.11"
48.213.177.74 - - [17/Nov/2017:06:11:10 +0000] "GET /item/computers/3135 HTTP/1.1" 200 107 "-" "Mozilla/5.0 (compatible; Googlebot/2.1; +http://www.google.com/bot.html)"
40.123.201.66 - - [17/Nov/2017:06:11:15 +0000] "GET /category/books HTTP/1.1" 200 96 "http://www.google.com/search?ie=UTF-8&q=google&sclient=psy-ab&q=Books&oq=Books&aq=f&aqi=g-vL1&aql=&pbx=1&bav=on.2,or.r_gc.r_pw.r_qf.,cf.osb&biw=4866&bih=317" "Mozilla/5.0 (Windows NT 6.0) AppleWebKit/535.11 (KHTML, like Gecko) Chrome/17.0.963.56 Safari/535.11"
28.129.53.32 - - [17/Nov/2017:06:11:20 +0000] "POST /search/?c=Toys+Toys HTTP/1.1" 200 102 "-" "Mozilla/5.0 (Windows NT 6.1; WOW64) AppleWebKit/535.11 (KHTML, like Gecko) Chrome/17.0.963.56 Safari/535.11"
48.183.212.212 - - [17/Nov/2017:06:11:25 +0000] "GET /category/software?from=0 HTTP/1.1" 200 109 "-" "Mozilla/4.0 (compatible; MSIE 8.0; Windows NT 6.0; WOW64; Trident/4.0; GTB6; SLCC1; .NET CLR 2.0.50727; Media Center PC 5.0; .NET CLR 3.5.30729; .NET CLR 3.0.30618; .NET4.0C)"
40.36.205.118 - - [17/Nov/2017:06:11:30 +0000] "GET /category/software HTTP/1.1" 200 121 "-" "Mozilla/5.0 (Windows NT 6.1; WOW64) AppleWebKit/535.11 (KHTML, like Gecko) Chrome/17.0.963.56 Safari/535.11"
60.90.187.169 - - [17/Nov/2017:06:11:35 +0000] "GET /item/sports/1656 HTTP/1.1" 200 118 "/search/?c=Sports" "Mozilla/5.0 (compatible; MSIE 9.0; Windows NT 6.1; Trident/5.0)"
96.195.52.25 - - [17/Nov/2017:06:11:40 +0000] "GET /category/office?from=0 HTTP/1.1" 200 93 "/category/electronics" "Mozilla/5.0 (Windows NT 6.0; rv:10.0.1) Gecko/20100101 Firefox/10.0.1"
152.153.163.83 - - [17/Nov/2017:06:11:45 +0000] "GET /category/electronics HTTP/1.1" 200 65 "/category/sports?from=0" "Mozilla/5.0 (Windows NT 6.0) AppleWebKit/535.11 (KHTML, like Gecko) Chrome/17.0.963.56 Safari/535.11"
112.69.33.49 - - [17/Nov/2017:06:11:50 +0000] "GET /category/electronics HTTP/1.1" 200 110 "-" "Mozilla/5.0 (Windows NT 6.1; WOW64; rv:10.0.1) Gecko/20100101 Firefox/10.0.1"
124.180.221.151 - - [17/Nov/2017:06:11:55 +0000] "GET /category/games HTTP/1.1" 200 83 "/category/music?from=0" "Mozilla/5.0 (Windows NT 6.1; WOW64) AppleWebKit/535.11 (KHTML, like Gecko) Chrome/17.0.963.56 Safari/535.11"
56.123.71.53 - - [17/Nov/2017:06:12:00 +0000] "GET /category/networking?from=10 HTTP/1.1" 200 59 "/item/software/4657" "Mozilla/5.0 (Windows NT 6.1; WOW64) AppleWebKit/535.11 (KHTML, like Gecko) Chrome/17.0.963.56 Safari/535.11"
20.45.119.184 - - [17/Nov/2017:06:12:05 +0000] "GET /category/giftcards HTTP/1.1" 200 86 "/item/electronics/4030" "Mozilla/5.0 (compatible; MSIE 9.0; Windows NT 6.1; WOW64; Trident/5.0)"
112.42.221.126 - - [17/Nov/2017:06:12:10 +0000] "GET /category/games HTTP/1.1" 200 105 "-" "Mozilla/4.0 (compatible; MSIE 8.0; Windows NT 6.0; WOW64; Trident/4.0; GTB6; SLCC1; .NET CLR 2.0.50727; Media Center PC 5.0; .NET CLR 3.5.30729; .NET CLR 3.0.30618; .NET4.0C)"
180.174.143.124 - - [17/Nov/2017:06:12:15 +0000] "GET /category/office HTTP/1.1" 200 132 "/category/games" "Mozilla/5.0 (Macintosh; Intel Mac OS X 10.6; rv:9.0.1) Gecko/20100101 Firefox/9.0.1"
52.153.207.187 - - [17/Nov/2017:06:12:20 +0000] "GET /item/electronics/3975 HTTP/1.1" 200 122 "/item/toys/3743" "Mozilla/5.0 (compatible; MSIE 9.0; Windows NT 6.1; Trident/5.0)"
184.189.139.105 - - [17/Nov/2017:06:12:25 +0000] "GET /category/office HTTP/1.1" 200 118 "/category/sports" "Mozilla/5.0 (Windows NT 6.1; WOW64) AppleWebKit/535.11 (KHTML, like Gecko) Chrome/17.0.963.56 Safari/535.11"
188.144.194.102 - - [17/Nov/2017:06:12:30 +0000] "GET /category/books?from=20 HTTP/1.1" 200 80 "/search/?c=Books+Electronics" "Mozilla/4.0 (compatible; MSIE 8.0; Windows NT 6.1; WOW64; Trident/4.0; YTB730; GTB7.2; EasyBits GO v1.0; SLCC2; .NET CLR 2.0.50727; .NET CLR 3.5.30729; .NET CLR 3.0.30729; Media Center PC 6.0; .NET4.0C)"
220.81.172.204 - - [17/Nov/2017:06:12:35 +0000] "GET /category/electronics HTTP/1.1" 200 97 "-" "Mozilla/5.0 (compatible; Googlebot/2.1; +http://www.google.com/bot.html)"
208.138.152.63 - - [17/Nov/2017:06:12:40 +0000] "GET /category/games?from=20 HTTP/1.1" 200 42 "/search/?c=Games+Software" "Mozilla/5.0 (Macintosh; Intel Mac OS X 10.6; rv:9.0.1) Gecko/20100101 Firefox/9.0.1"
76.177.95.159 - - [17/Nov/2017:06:12:45 +0000] "POST /search/?c=Health HTTP/1.1" 200 105 "-" "Mozilla/4.0 (compatible; MSIE 8.0; Windows NT 6.1; WOW64; Trident/4.0; YTB730; GTB7.2; EasyBits GO v1.0; SLCC2; .NET CLR 2.0.50727; .NET CLR 3.5.30729; .NET CLR 3.0.30729; Media Center PC 6.0; .NET4.0C)"
156.189.180.223 - - [17/Nov/2017:06:12:50 +0000] "GET /category/garden?from=20 HTTP/1.1" 200 69 "/search/?c=Garden" "Mozilla/5.0 (Windows NT 6.0) AppleWebKit/535.11 (KHTML, like Gecko) Chrome/17.0.963.56 Safari/535.11"
168.39.135.79 - - [17/Nov/2017:06:12:55 +0000] "GET /category/finance HTTP/1.1" 200 68 "/category/books" "Mozilla/5.0 (Macintosh; Intel Mac OS X 10.6; rv:9.0.1) Gecko/20100101 Firefox/9.0.1"
168.183.144.126 - - [17/Nov/2017:06:13:00 +0000] "GET /item/electronics/4248 HTTP/1.1" 200 48 "-" "Mozilla/5.0 (Macintosh; Intel Mac OS X 10.6; rv:9.0.1) Gecko/20100101 Firefox/9.0.1"
156.198.60.199 - - [17/Nov/2017:06:13:05 +0000] "GET /category/software HTTP/1.1" 200 129 "-" "Mozilla/4.0 (compatible; MSIE 8.0; Windows NT 6.1; WOW64; Trident/4.0; YTB730; GTB7.2; SLCC2; .NET CLR 2.0.50727; .NET CLR 3.5.30729; .NET CLR 3.0.30729; .NET4.0C; .NET4.0E; Media Center PC 6.0)"
148.213.116.158 - - [17/Nov/2017:06:13:10 +0000] "GET /item/giftcards/3907 HTTP/1.1" 200 93 "-" "Mozilla/5.0 (Windows NT 6.1; WOW64) AppleWebKit/535.11 (KHTML, like Gecko) Chrome/17.0.963.56 Safari/535.11"
68.210.170.88 - - [17/Nov/2017:06:13:15 +0000] "GET /item/books/237 HTTP/1.1" 200 95 "/category/finance" "Mozilla/5.0 (Windows NT 6.1; WOW64) AppleWebKit/535.11 (KHTML, like Gecko) Chrome/17.0.963.56 Safari/535.11"
144.201.149.141 - - [17/Nov/2017:06:13:20 +0000] "GET /category/books HTTP/1.1" 200 106 "-" "Mozilla/4.0 (compatible; MSIE 8.0; Windows NT 6.1; WOW64; Trident/4.0; YTB730; GTB7.2; SLCC2; .NET CLR 2.0.50727; .NET CLR 3.5.30729; .NET CLR 3.0.30729; .NET4.0C; .NET4.0E; Media Center PC 6.0)"
188.54.62.28 - - [17/Nov/2017:06:13:25 +0000] "GET /category/office HTTP/1.1" 200 43 "-" "Mozilla/4.0 (compatible; MSIE 8.0; Windows NT 5.1; Trident/4.0; BTRS122159; GTB7.2; .NET CLR 1.1.4322; .NET CLR 2.0.50727; .NET CLR 3.0.04506.30; .NET CLR 3.0.4506.2152; .NET CLR 3.5.30729; BRI/2)"
72.129.64.28 - - [17/Nov/2017:06:13:30 +0000] "GET /item/garden/4029 HTTP/1.1" 200 64 "/search/?c=Garden" "Mozilla/5.0 (Macintosh; Intel Mac OS X 10.6; rv:9.0.1) Gecko/20100101 Firefox/9.0.1"
28.207.139.33 - - [17/Nov/2017:06:13:35 +0000] "GET /item/music/4004 HTTP/1.1" 200 64 "/category/office" "Mozilla/5.0 (Windows NT 6.0; rv:10.0.1) Gecko/20100101 Firefox/10.0.1"
116.174.202.224 - - [17/Nov/2017:06:13:40 +0000] "GET /category/books HTTP/1.1" 200 80 "-" "Mozilla/5.0 (compatible; MSIE 9.0; Windows NT 6.1; WOW64; Trident/5.0)"
32.189.72.176 - - [17/Nov/2017:06:13:45 +0000] "GET /item/electronics/3036 HTTP/1.1" 200 49 "-" "Mozilla/5.0 (compatible; MSIE 9.0; Windows NT 6.1; Trident/5.0)"
20.120.111.64 - - [17/Nov/2017:06:13:50 +0000] "GET /category/books HTTP/1.1" 200 139 "-" "Mozilla/5.0 (compatible; MSIE 9.0; Windows NT 6.1; WOW64; Trident/5.0)"
164.27.150.182 - - [17/Nov/2017:06:13:55 +0000] "GET /item/electronics/2606 HTTP/1.1" 200 138 "-" "Mozilla/5.0 (Windows NT 6.0; rv:10.0.1) Gecko/20100101 Firefox/10.0.1"
188.120.42.55 - - [17/Nov/2017:06:14:00 +0000] "GET /category/networking HTTP/1.1" 200 83 "/category/software" "Mozilla/5.0 (compatible; MSIE 9.0; Windows NT 6.1; Trident/5.0)"
40.123.201.66 - - [17/Nov/2017:06:14:05 +0000] "GET /category/software?from=0 HTTP/1.1" 200 91 "/search/?c=Software+Electronics" "Mozilla/4.0 (compatible; MSIE 8.0; Windows NT 5.1; Trident/4.0; BTRS122159; GTB7.2; .NET CLR 1.1.4322; .NET CLR 2.0.50727; .NET CLR 3.0.04506.30; .NET CLR 3.0.4506.2152; .NET CLR 3.5.30729; BRI/2)"
120.168.180.96 - - [17/Nov/2017:06:14:10 +0000] "GET /category/books?from=10 HTTP/1.1" 200 137 "/category/electronics" "Mozilla/5.0 (iPad; CPU OS 5_0_1 like Mac OS X) AppleWebKit/534.46 (KHTML, like Gecko) Version/5.1 Mobile/9A405 Safari/7534.48.3"
156.105.121.202 - - [17/Nov/2017:06:14:15 +0000] "GET /category/cameras HTTP/1.1" 200 77 "-" "Mozilla/5.0 (Windows NT 6.1; WOW64; rv:10.0.1) Gecko/20100101 Firefox/10.0.1"
228.210.130.193 - - [17/Nov/2017:06:14:20 +0000] "GET /category/games HTTP/1.1" 200 114 "/category/software" "Mozilla/5.0 (Windows NT 5.1) AppleWebKit/535.11 (KHTML, like Gecko) Chrome/17.0.963.46 Safari/535.11"
28.150.146.21 - - [17/Nov/2017:06:14:25 +0000] "GET /category/books HTTP/1.1" 200 89 "-" "Mozilla/4.0 (compatible; MSIE 8.0; Windows NT 6.1; Trident/4.0; YTB730; SLCC2; .NET CLR 2.0.50727; .NET CLR 3.5.30729; .NET CLR 3.0.30729; Media Center PC 6.0; .NET4.0C)"
108.84.228.94 - - [17/Nov/2017:06:14:30 +0000] "GET /category/sports HTTP/1.1" 200 61 "-" "Mozilla/5.0 (Windows NT 6.0; rv:10.0.1) Gecko/20100101 Firefox/10.0.1"
148.213.116.158 - - [17/Nov/2017:06:14:35 +0000] "GET /category/jewelry HTTP/1.1" 200 40 "-" "Mozilla/5.0 (Windows NT 6.1; WOW64) AppleWebKit/535.11 (KHTML, like Gecko) Chrome/17.0.963.56 Safari/535.11"
192.93.155.127 - - [17/Nov/2017:06:14:40 +0000] "GET /category/computers?from=20 HTTP/1.1" 200 62 "/category/computers" "Mozilla/5.0 (Windows NT 5.1) AppleWebKit/535.11 (KHTML, like Gecko) Chrome/17.0.963.46 Safari/535.11"
32.189.72.176 - - [17/Nov/2017:06:14:45 +0000] "GET /category/sports HTTP/1.1" 200 98 "-" "Mozilla/4.0 (compatible; MSIE 8.0; Windows NT 6.0; WOW64; Trident/4.0; GTB6; SLCC1; .NET CLR 2.0.50727; Media Center PC 5.0; .NET CLR 3.5.30729; .NET CLR 3.0.30618; .NET4.0C)"
132.111.91.221 - - [17/Nov/2017:06:14:50 +0000] "GET /item/software/880 HTTP/1.1" 200 138 "/category/games" "Mozilla/5.0 (Windows NT 6.0; rv:10.0.1) Gecko/20100101 Firefox/10.0.1"
60.177.133.24 - - [17/Nov/2017:06:14:55 +0000] "GET /category/electronics HTTP/1.1" 200 46 "/item/books/590" "Mozilla/5.0 (Windows NT 6.1; WOW64) AppleWebKit/535.11 (KHTML, like Gecko) Chrome/17.0.963.56 Safari/535.11"
20.165.89.171 - - [17/Nov/2017:06:15:00 +0000] "GET /category/games HTTP/1.1" 200 97 "http://www.google.com/search?ie=UTF-8&q=google&sclient=psy-ab&q=Games&oq=Games&aq=f&aqi=g-vL1&aql=&pbx=1&bav=on.2,or.r_gc.r_pw.r_qf.,cf.osb&biw=1094&bih=434" "Mozilla/5.0 (Windows NT 6.1; WOW64) AppleWebKit/535.11 (KHTML, like Gecko) Chrome/17.0.963.56 Safari/535.11"
192.108.192.88 - - [17/Nov/2017:06:15:05 +0000] "GET /category/software HTTP/1.1" 200 110 "/item/office/4595" "Mozilla/5.0 (Macintosh; Intel Mac OS X 10.6; rv:9.0.1) Gecko/20100101 Firefox/9.0.1"
216.138.190.49 - - [17/Nov/2017:06:15:10 +0000] "GET /category/electronics HTTP/1.1" 200 84 "/category/office?from=0" "Mozilla/5.0 (Windows NT 6.1; WOW64) AppleWebKit/535.7 (KHTML, like Gecko) Chrome/16.0.912.77 Safari/535.7"
212.192.182.120 - - [17/Nov/2017:06:15:15 +0000] "GET /category/electronics HTTP/1.1" 200 57 "/item/cameras/1329" "Mozilla/5.0 (Windows NT 6.0) AppleWebKit/535.11 (KHTML, like Gecko) Chrome/17.0.963.56 Safari/535.11"
100.135.99.62 - - [17/Nov/2017:06:15:20 +0000] "GET /item/health/4912 HTTP/1.1" 200 105 "-" "Mozilla/5.0 (Windows NT 6.0) AppleWebKit/535.11 (KHTML, like Gecko) Chrome/17.0.963.56 Safari/535.11"
216.60.81.167 - - [17/Nov/2017:06:15:25 +0000] "GET /category/office HTTP/1.1" 200 96 "-" "Mozilla/4.0 (compatible; MSIE 8.0; Windows NT 5.1; Trident/4.0; YTB720; GTB7.2; .NET CLR 1.1.4322; .NET CLR 2.0.50727; .NET CLR 3.0.4506.2152; .NET CLR 3.5.30729)"
80.198.63.143 - - [17/Nov/2017:06:15:30 +0000] "GET /item/games/1490 HTTP/1.1" 200 47 "-" "Mozilla/4.0 (compatible; MSIE 8.0; Windows NT 6.0; WOW64; Trident/4.0; GTB6; SLCC1; .NET CLR 2.0.50727; Media Center PC 5.0; .NET CLR 3.5.30729; .NET CLR 3.0.30618; .NET4.0C)"
224.210.40.49 - - [17/Nov/2017:06:15:35 +0000] "GET /category/electronics?from=20 HTTP/1.1" 200 63 "/category/electronics" "Mozilla/5.0 (compatible; Googlebot/2.1; +http://www.google.com/bot.html)"
176.108.47.217 - - [17/Nov/2017:06:15:40 +0000] "GET /item/sports/3851 HTTP/1.1" 200 49 "/category/software" "Mozilla/5.0 (compatible; MSIE 9.0; Windows NT 6.1; WOW64; Trident/5.0)"
112.33.59.25 - - [17/Nov/2017:06:15:45 +0000] "GET /category/electronics HTTP/1.1" 200 125 "/search/?c=Software+Software" "Mozilla/4.0 (compatible; MSIE 8.0; Windows NT 5.1; Trident/4.0; YTB720; GTB7.2; .NET CLR 1.1.4322; .NET CLR 2.0.50727; .NET CLR 3.0.4506.2152; .NET CLR 3.5.30729)"
84.222.57.97 - - [17/Nov/2017:06:15:50 +0000] "GET /category/computers HTTP/1.1" 200 131 "-" "Mozilla/5.0 (compatible; MSIE 9.0; Windows NT 6.1; WOW64; Trident/5.0)"
196.165.36.208 - - [17/Nov/2017:06:15:55 +0000] "GET /category/electronics HTTP/1.1" 200 139 "-" "Mozilla/5.0 (compatible; MSIE 9.0; Windows NT 6.1; Trident/5.0)"
52.90.30.181 - - [17/Nov/2017:06:16:00 +0000] "GET /category/games?from=20 HTTP/1.1" 200 119 "-" "Mozilla/4.0 (compatible; MSIE 8.0; Windows NT 6.1; Trident/4.0; YTB730; SLCC2; .NET CLR 2.0.50727; .NET CLR 3.5.30729; .NET CLR 3.0.30729; Media Center PC 6.0; .NET4.0C)"
144.213.38.93 - - [17/Nov/2017:06:16:05 +0000] "GET /category/software HTTP/1.1" 200 58 "-" "Mozilla/5.0 (compatible; MSIE 9.0; Windows NT 6.1; WOW64; Trident/5.0)"
152.66.214.200 - - [17/Nov/2017:06:16:10 +0000] "GET /item/finance/1207 HTTP/1.1" 200 57 "/category/finance" "Mozilla/5.0 (Windows NT 6.1; WOW64; rv:10.0.1) Gecko/20100101 Firefox/10.0.1"
116.219.67.62 - - [17/Nov/2017:06:16:15 +0000] "POST /search/?c=Books+Giftcards HTTP/1.1" 200 69 "/category/office" "Mozilla/5.0 (Windows NT 6.1; WOW64) AppleWebKit/535.11 (KHTML, like Gecko) Chrome/17.0.963.56 Safari/535.11"
144.78.204.148 - - [17/Nov/2017:06:16:20 +0000] "POST /search/?c=Games HTTP/1.1" 200 73 "/category/software?from=0" "Mozilla/5.0 (compatible; MSIE 9.0; Windows NT 6.1; Trident/5.0)"
168.210.175.118 - - [17/Nov/2017:06:16:25 +0000] "GET /category/books HTTP/1.1" 200 125 "/category/electronics" "Mozilla/5.0 (compatible; Googlebot/2.1; +http://www.google.com/bot.html)"
204.219.223.54 - - [17/Nov/2017:06:16:30 +0000] "GET /category/electronics HTTP/1.1" 200 105 "/category/electronics?from=0" "Mozilla/5.0 (Windows NT 5.1) AppleWebKit/535.11 (KHTML, like Gecko) Chrome/17.0.963.46 Safari/535.11"
156.123.139.120 - - [17/Nov/2017:06:16:35 +0000] "GET /category/software HTTP/1.1" 200 58 "-" "Mozilla/5.0 (Windows NT 6.1; WOW64) AppleWebKit/535.11 (KHTML, like Gecko) Chrome/17.0.963.56 Safari/535.11"
188.117.206.31 - - [17/Nov/2017:06:16:40 +0000] "GET /item/office/1168 HTTP/1.1" 200 135 "/search/?c=Office" "Mozilla/5.0 (Windows NT 6.0; rv:10.0.1) Gecko/20100101 Firefox/10.0.1"
156.93.179.59 - - [17/Nov/2017:06:16:45 +0000] "GET /item/books/1440 HTTP/1.1" 200 108 "/category/health" "Mozilla/5.0 (iPhone; CPU iPhone OS 5_0_1 like Mac OS X) AppleWebKit/534.46 (KHTML, like Gecko) Version/5.1 Mobile/9A405 Safari/7534.48.3"
200.144.113.93 - - [17/Nov/2017:06:16:50 +0000] "GET /category/electronics HTTP/1.1" 200 84 "http://www.google.com/search?ie=UTF-8&q=google&sclient=psy-ab&q=Electronics+Garden&oq=Electronics+Garden&aq=f&aqi=g-vL1&aql=&pbx=1&bav=on.2,or.r_gc.r_pw.r_qf.,cf.osb&biw=4631&bih=480" "Mozilla/5.0 (compatible; Googlebot/2.1; +http://www.google.com/bot.html)"
76.93.187.155 - - [17/Nov/2017:06:16:55 +0000] "GET /item/office/512 HTTP/1.1" 200 41 "-" "Mozilla/5.0 (Windows NT 6.1; WOW64) AppleWebKit/535.11 (KHTML, like Gecko) Chrome/17.0.963.56 Safari/535.11"
60.81.144.143 - - [17/Nov/2017:06:17:00 +0000] "GET /category/books?from=0 HTTP/1.1" 200 114 "/item/electronics/3983" "Mozilla/5.0 (Macintosh; Intel Mac OS X 10.6; rv:9.0.1) Gecko/20100101 Firefox/9.0.1"
172.201.30.205 - - [17/Nov/2017:06:17:05 +0000] "GET /category/software HTTP/1.1" 200 103 "/item/giftcards/4032" "Mozilla/5.0 (Windows NT 6.1; WOW64; rv:10.0.1) Gecko/20100101 Firefox/10.0.1"
124.42.157.72 - - [17/Nov/2017:06:17:10 +0000] "GET /item/electronics/3162 HTTP/1.1" 200 71 "/category/office" "Mozilla/4.0 (compatible; MSIE 8.0; Windows NT 6.1; WOW64; Trident/4.0; GTB7.2; SLCC2; .NET CLR 2.0.50727; .NET CLR 3.5.30729; .NET CLR 3.0.30729; Media Center PC 6.0; .NET4.0C)"
152.72.100.218 - - [17/Nov/2017:06:17:15 +0000] "GET /item/sports/3851 HTTP/1.1" 200 49 "/category/games" "Mozilla/5.0 (iPhone; CPU iPhone OS 5_0_1 like Mac OS X) AppleWebKit/534.46 (KHTML, like Gecko) Version/5.1 Mobile/9A405 Safari/7534.48.3"
124.192.214.79 - - [17/Nov/2017:06:17:20 +0000] "GET /item/garden/957 HTTP/1.1" 200 106 "http://www.google.com/search?ie=UTF-8&q=google&sclient=psy-ab&q=Garden+Office&oq=Garden+Office&aq=f&aqi=g-vL1&aql=&pbx=1&bav=on.2,or.r_gc.r_pw.r_qf.,cf.osb&biw=3425&bih=40" "Mozilla/5.0 (Macintosh; Intel Mac OS X 10.6; rv:9.0.1) Gecko/20100101 Firefox/9.0.1"
100.135.99.62 - - [17/Nov/2017:06:17:25 +0000] "GET /item/games/3390 HTTP/1.1" 200 42 "/item/giftcards/1901" "Mozilla/5.0 (Windows NT 6.0) AppleWebKit/535.11 (KHTML, like Gecko) Chrome/17.0.963.56 Safari/535.11"
188.213.34.150 - - [17/Nov/2017:06:17:30 +0000] "GET /category/networking HTTP/1.1" 200 122 "/category/electronics" "Mozilla/5.0 (Windows NT 6.1; WOW64) AppleWebKit/535.11 (KHTML, like Gecko) Chrome/17.0.963.56 Safari/535.11"
56.186.73.100 - - [17/Nov/2017:06:17:35 +0000] "GET /category/finance HTTP/1.1" 200 124 "/item/computers/3135" "Mozilla/5.0 (compatible; MSIE 9.0; Windows NT 6.1; Trident/5.0)"
212.225.203.50 - - [17/Nov/2017:06:17:40 +0000] "GET /item/office/4595 HTTP/1.1" 200 137 "/search/?c=Office" "Mozilla/5.0 (compatible; MSIE 9.0; Windows NT 6.1; WOW64; Trident/5.0)"
52.192.158.142 - - [17/Nov/2017:06:17:45 +0000] "POST /search/?c=Electronics+Books HTTP/1.1" 200 134 "-" "Mozilla/5.0 (compatible; MSIE 9.0; Windows NT 6.1; WOW64; Trident/5.0)"
136.72.86.184 - - [17/Nov/2017:06:17:50 +0000] "POST /search/?c=Office HTTP/1.1" 200 138 "-" "Mozilla/5.0 (Windows NT 6.0; rv:10.0.1) Gecko/20100101 Firefox/10.0.1"
196.24.211.196 - - [17/Nov/2017:06:17:55 +0000] "GET /category/sports HTTP/1.1" 200 48 "/search/?c=Electronics+Garden" "Mozilla/5.0 (compatible; Googlebot/2.1; +http://www.google.com/bot.html)"
148.51.21.124 - - [17/Nov/2017:06:18:00 +0000] "GET /item/giftcards/2263 HTTP/1.1" 200 78 "/category/music" "Mozilla/5.0 (Windows NT 6.1; WOW64) AppleWebKit/535.11 (KHTML, like Gecko) Chrome/17.0.963.56 Safari/535.11"
184.99.31.112 - - [17/Nov/2017:06:18:05 +0000] "POST /search/?c=Computers HTTP/1.1" 200 100 "/item/sports/2911" "Mozilla/5.0 (compatible; Googlebot/2.1; +http://www.google.com/bot.html)"
188.216.204.124 - - [17/Nov/2017:06:18:10 +0000] "GET /category/computers HTTP/1.1" 200 131 "/item/electronics/3224" "Mozilla/5.0 (Windows NT 6.0; rv:10.0.1) Gecko/20100101 Firefox/10.0.1"
192.228.189.65 - - [17/Nov/2017:06:18:15 +0000] "GET /category/finance?from=20 HTTP/1.1" 200 116 "/category/cameras?from=10" "Mozilla/5.0 (Windows NT 6.0; rv:10.0.1) Gecko/20100101 Firefox/10.0.1"
224.153.72.151 - - [17/Nov/2017:06:18:20 +0000] "POST /search/?c=Garden HTTP/1.1" 200 120 "-" "Mozilla/5.0 (compatible; MSIE 9.0; Windows NT 6.1; WOW64; Trident/5.0)"
168.93.214.104 - - [17/Nov/2017:06:18:25 +0000] "GET /category/cameras HTTP/1.1" 200 66 "/category/finance" "Mozilla/4.0 (compatible; MSIE 8.0; Windows NT 6.0; WOW64; Trident/4.0; GTB6; SLCC1; .NET CLR 2.0.50727; Media Center PC 5.0; .NET CLR 3.5.30729; .NET CLR 3.0.30618; .NET4.0C)"
80.123.121.100 - - [17/Nov/2017:06:18:30 +0000] "GET /category/music HTTP/1.1" 200 138 "/category/electronics" "Mozilla/5.0 (Windows NT 6.1; WOW64; rv:10.0.1) Gecko/20100101 Firefox/10.0.1"
184.60.35.189 - - [17/Nov/2017:06:18:35 +0000] "GET /category/electronics HTTP/1.1" 200 130 "-" "Mozilla/5.0 (compatible; Googlebot/2.1; +http://www.google.com/bot.html)"
228.210.130.193 - - [17/Nov/2017:06:18:40 +0000] "GET /category/electronics?from=0 HTTP/1.1" 200 102 "/category/software" "Mozilla/5.0 (Windows NT 6.0; rv:10.0.1) Gecko/20100101 Firefox/10.0.1"
24.57.24.122 - - [17/Nov/2017:06:18:45 +0000] "GET /item/books/4062 HTTP/1.1" 200 105 "-" "Mozilla/5.0 (compatible; MSIE 9.0; Windows NT 6.1; WOW64; Trident/5.0)"
32.81.139.201 - - [17/Nov/2017:06:18:50 +0000] "GET /item/software/1323 HTTP/1.1" 200 74 "/search/?c=Software+Giftcards" "Mozilla/5.0 (Windows NT 6.1; WOW64; rv:10.0.1) Gecko/20100101 Firefox/10.0.1"
132.66.131.85 - - [17/Nov/2017:06:18:55 +0000] "GET /category/health?from=10 HTTP/1.1" 200 89 "/category/health" "Mozilla/5.0 (Windows NT 6.1; WOW64) AppleWebKit/535.7 (KHTML, like Gecko) Chrome/16.0.912.77 Safari/535.7"
180.150.61.142 - - [17/Nov/2017:06:19:00 +0000] "GET /category/software HTTP/1.1" 200 116 "-" "Mozilla/5.0 (compatible; MSIE 9.0; Windows NT 6.1; WOW64; Trident/5.0)"
36.156.149.92 - - [17/Nov/2017:06:19:05 +0000] "POST /search/?c=Software+Computers HTTP/1.1" 200 93 "/item/health/1862" "Mozilla/5.0 (compatible; Googlebot/2.1; +http://www.google.com/bot.html)"
56.150.202.109 - - [17/Nov/2017:06:19:10 +0000] "GET /category/health HTTP/1.1" 200 137 "-" "Mozilla/5.0 (Windows NT 6.0; rv:10.0.1) Gecko/20100101 Firefox/10.0.1"
156.105.121.202 - - [17/Nov/2017:06:19:15 +0000] "GET /category/games HTTP/1.1" 200 101 "http://www.google.com/search?ie=UTF-8&q=google&sclient=psy-ab&q=Games+Games&oq=Games+Games&aq=f&aqi=g-vL1&aql=&pbx=1&bav=on.2,or.r_gc.r_pw.r_qf.,cf.osb&biw=4038&bih=550" "Mozilla/5.0 (Macintosh; Intel Mac OS X 10.6; rv:9.0.1) Gecko/20100101 Firefox/9.0.1"
44.162.33.184 - - [17/Nov/2017:06:19:20 +0000] "GET /item/software/1950 HTTP/1.1" 200 117 "/item/sports/1656" "Mozilla/5.0 (compatible; MSIE 9.0; Windows NT 6.1; Trident/5.0)"
136.165.204.44 - - [17/Nov/2017:06:19:25 +0000] "GET /category/office HTTP/1.1" 200 121 "/category/office" "Mozilla/5.0 (Windows NT 6.0; rv:10.0.1) Gecko/20100101 Firefox/10.0.1"
216.177.42.228 - - [17/Nov/2017:06:19:30 +0000] "GET /category/office HTTP/1.1" 200 128 "-" "Mozilla/5.0 (compatible; Googlebot/2.1; +http://www.google.com/bot.html)"
92.72.135.226 - - [17/Nov/2017:06:19:35 +0000] "GET /category/finance HTTP/1.1" 200 139 "/item/health/4912" "Mozilla/5.0 (Windows NT 6.1; WOW64) AppleWebKit/535.7 (KHTML, like Gecko) Chrome/16.0.912.77 Safari/535.7"
84.117.68.27 - - [17/Nov/2017:06:19:40 +0000] "GET /item/finance/3226 HTTP/1.1" 200 48 "http://www.google.com/search?ie=UTF-8&q=google&sclient=psy-ab&q=Finance+Electronics&oq=Finance+Electronics&aq=f&aqi=g-vL1&aql=&pbx=1&bav=on.2,or.r_gc.r_pw.r_qf.,cf.osb&biw=421&bih=77" "Mozilla/5.0 (Windows NT 6.1; WOW64; rv:10.0.1) Gecko/20100101 Firefox/10.0.1"
68.72.35.74 - - [17/Nov/2017:06:19:45 +0000] "GET /category/books HTTP/1.1" 200 106 "/category/electronics?from=20" "Mozilla/5.0 (Windows NT 6.1; WOW64) AppleWebKit/535.7 (KHTML, like Gecko) Chrome/16.0.912.77 Safari/535.7"
176.180.122.216 - - [17/Nov/2017:06:19:50 +0000] "GET /category/computers HTTP/1.1" 200 106 "-" "Mozilla/5.0 (compatible; MSIE 9.0; Windows NT 6.1; WOW64; Trident/5.0)"
72.111.113.84 - - [17/Nov/2017:06:19:55 +0000] "POST /search/?c=Electronics+Garden HTTP/1.1" 200 139 "/category/garden" "Mozilla/5.0 (iPad; CPU OS 5_0_1 like Mac OS X) AppleWebKit/534.46 (KHTML, like Gecko) Version/5.1 Mobile/9A405 Safari/7534.48.3"
160.135.24.226 - - [17/Nov/2017:06:20:00 +0000] "GET /category/books HTTP/1.1" 200 80 "/item/music/1232" "Mozilla/5.0 (compatible; Googlebot/2.1; +http://www.google.com/bot.html)"
168.159.181.20 - - [17/Nov/2017:06:20:05 +0000] "GET /category/software HTTP/1.1" 200 94 "/category/software" "Mozilla/5.0 (Windows NT 6.1; WOW64; rv:10.0.1) Gecko/20100101 Firefox/10.0.1"
156.123.139.120 - - [17/Nov/2017:06:20:10 +0000] "GET /category/garden HTTP/1.1" 200 114 "/category/electronics" "Mozilla/5.0 (Windows NT 6.0) AppleWebKit/535.11 (KHTML, like Gecko) Chrome/17.0.963.56 Safari/535.11"
108.171.226.164 - - [17/Nov/2017:06:20:15 +0000] "GET /item/finance/1295 HTTP/1.1" 200 105 "-" "Mozilla/4.0 (compatible; MSIE 8.0; Windows NT 6.0; WOW64; Trident/4.0; GTB6; SLCC1; .NET CLR 2.0.50727; Media Center PC 5.0; .NET CLR 3.5.30729; .NET CLR 3.0.30618; .NET4.0C)"
144.210.145.43 - - [17/Nov/2017:06:20:20 +0000] "GET /category/computers HTTP/1.1" 200 87 "-" "Mozilla/5.0 (compatible; Googlebot/2.1; +http://www.google.com/bot.html)"
228.123.64.116 - - [17/Nov/2017:06:20:25 +0000] "GET /category/electronics HTTP/1.1" 200 83 "-" "Mozilla/5.0 (Windows NT 6.1; WOW64; rv:10.0.1) Gecko/20100101 Firefox/10.0.1"
224.36.38.130 - - [17/Nov/2017:06:20:30 +0000] "GET /category/office HTTP/1.1" 200 46 "/category/jewelry?from=20" "Mozilla/5.0 (Windows NT 6.0) AppleWebKit/535.11 (KHTML, like Gecko) Chrome/17.0.963.56 Safari/535.11"
116.198.83.162 - - [17/Nov/2017:06:20:35 +0000] "GET /item/computers/4707 HTTP/1.1" 200 115 "/category/cameras" "Mozilla/5.0 (Windows NT 6.1; WOW64) AppleWebKit/535.11 (KHTML, like Gecko) Chrome/17.0.963.56 Safari/535.11"
216.138.190.49 - - [17/Nov/2017:06:20:40 +0000] "POST /search/?c=Networking HTTP/1.1" 200 66 "/category/games" "Mozilla/5.0 (Windows NT 6.1; WOW64) AppleWebKit/535.7 (KHTML, like Gecko) Chrome/16.0.912.77 Safari/535.7"
80.120.169.42 - - [17/Nov/2017:06:20:45 +0000] "GET /category/networking HTTP/1.1" 200 65 "/item/garden/4383" "Mozilla/5.0 (Windows NT 6.1; WOW64; rv:10.0.1) Gecko/20100101 Firefox/10.0.1"
188.66.87.61 - - [17/Nov/2017:06:20:50 +0000] "GET /category/software HTTP/1.1" 200 128 "-" "Mozilla/5.0 (Windows NT 6.1; WOW64) AppleWebKit/535.7 (KHTML, like Gecko) Chrome/16.0.912.77 Safari/535.7"
176.177.94.159 - - [17/Nov/2017:06:20:55 +0000] "GET /category/software?from=0 HTTP/1.1" 200 137 "/category/office" "Mozilla/5.0 (compatible; MSIE 9.0; Windows NT 6.1; WOW64; Trident/5.0)"
64.132.229.177 - - [17/Nov/2017:06:21:00 +0000] "GET /category/health HTTP/1.1" 200 120 "-" "Mozilla/5.0 (Windows NT 6.1; WOW64) AppleWebKit/535.7 (KHTML, like Gecko) Chrome/16.0.912.77 Safari/535.7"
172.126.211.27 - - [17/Nov/2017:06:21:05 +0000] "GET /category/electronics HTTP/1.1" 200 97 "-" "Mozilla/5.0 (iPad; CPU OS 5_0_1 like Mac OS X) AppleWebKit/534.46 (KHTML, like Gecko) Version/5.1 Mobile/9A405 Safari/7534.48.3"
176.177.94.159 - - [17/Nov/2017:06:21:10 +0000] "GET /category/electronics?from=0 HTTP/1.1" 200 101 "/category/software" "Mozilla/5.0 (Windows NT 5.1) AppleWebKit/535.11 (KHTML, like Gecko) Chrome/17.0.963.46 Safari/535.11"
188.96.51.51 - - [17/Nov/2017:06:21:15 +0000] "POST /search/?c=Cameras HTTP/1.1" 200 132 "-" "Mozilla/5.0 (Windows NT 5.1) AppleWebKit/535.11 (KHTML, like Gecko) Chrome/17.0.963.46 Safari/535.11"
208.201.84.127 - - [17/Nov/2017:06:21:20 +0000] "POST /search/?c=Health HTTP/1.1" 200 102 "-" "Mozilla/5.0 (Windows NT 6.0; rv:10.0.1) Gecko/20100101 Firefox/10.0.1"
68.117.130.229 - - [17/Nov/2017:06:21:25 +0000] "POST /search/?c=Toys+Toys HTTP/1.1" 200 102 "-" "Mozilla/4.0 (compatible; MSIE 8.0; Windows NT 6.1; Trident/4.0; YTB730; SLCC2; .NET CLR 2.0.50727; .NET CLR 3.5.30729; .NET CLR 3.0.30729; Media Center PC 6.0; .NET4.0C)"
172.48.138.173 - - [17/Nov/2017:06:21:30 +0000] "GET /category/books HTTP/1.1" 200 54 "-" "Mozilla/5.0 (Windows NT 6.1; WOW64) AppleWebKit/535.7 (KHTML, like Gecko) Chrome/16.0.912.77 Safari/535.7"
200.102.224.162 - - [17/Nov/2017:06:21:35 +0000] "GET /item/electronics/1433 HTTP/1.1" 200 107 "/category/electronics" "Mozilla/5.0 (Macintosh; Intel Mac OS X 10.6; rv:9.0.1) Gecko/20100101 Firefox/9.0.1"
72.225.153.31 - - [17/Nov/2017:06:21:40 +0000] "GET /category/software HTTP/1.1" 200 84 "-" "Mozilla/5.0 (compatible; Googlebot/2.1; +http://www.google.com/bot.html)"
168.60.103.103 - - [17/Nov/2017:06:21:45 +0000] "GET /category/books HTTP/1.1" 200 81 "-" "Mozilla/5.0 (Windows NT 6.0) AppleWebKit/535.11 (KHTML, like Gecko) Chrome/17.0.963.56 Safari/535.11"
184.30.98.141 - - [17/Nov/2017:06:21:50 +0000] "GET /item/finance/3479 HTTP/1.1" 200 85 "/category/electronics" "Mozilla/5.0 (compatible; MSIE 9.0; Windows NT 6.1; WOW64; Trident/5.0)"
100.150.67.191 - - [17/Nov/2017:06:21:55 +0000] "POST /search/?c=Books HTTP/1.1" 200 114 "-" "Mozilla/5.0 (Windows NT 6.1; WOW64) AppleWebKit/535.11 (KHTML, like Gecko) Chrome/17.0.963.56 Safari/535.11"
212.189.47.176 - - [17/Nov/2017:06:22:00 +0000] "GET /category/books?from=20 HTTP/1.1" 200 88 "/search/?c=Books" "Mozilla/5.0 (Windows NT 6.0; rv:10.0.1) Gecko/20100101 Firefox/10.0.1"
32.171.95.119 - - [17/Nov/2017:06:22:05 +0000] "GET /item/games/1885 HTTP/1.1" 200 83 "/category/electronics" "Mozilla/5.0 (Windows NT 6.1; WOW64) AppleWebKit/535.7 (KHTML, like Gecko) Chrome/16.0.912.77 Safari/535.7"
116.60.150.29 - - [17/Nov/2017:06:22:10 +0000] "GET /item/cameras/2644 HTTP/1.1" 200 124 "/category/software" "Mozilla/4.0 (compatible; MSIE 8.0; Windows NT 6.1; WOW64; Trident/4.0; YTB730; GTB7.2; SLCC2; .NET CLR 2.0.50727; .NET CLR 3.5.30729; .NET CLR 3.0.30729; .NET4.0C; .NET4.0E; Media Center PC 6.0)"
208.120.110.135 - - [17/Nov/2017:06:22:15 +0000] "GET /item/electronics/1309 HTTP/1.1" 200 133 "/item/music/4699" "Mozilla/5.0 (compatible; Googlebot/2.1; +http://www.google.com/bot.html)"
124.66.153.212 - - [17/Nov/2017:06:22:20 +0000] "GET /category/software HTTP/1.1" 200 76 "http://www.google.com/search?ie=UTF-8&q=google&sclient=psy-ab&q=Software&oq=Software&aq=f&aqi=g-vL1&aql=&pbx=1&bav=on.2,or.r_gc.r_pw.r_qf.,cf.osb&biw=3713&bih=451" "Mozilla/5.0 (Windows NT 6.1; WOW64) AppleWebKit/535.7 (KHTML, like Gecko) Chrome/16.0.912.77 Safari/535.7"
216.177.42.228 - - [17/Nov/2017:06:22:25 +0000] "GET /category/finance HTTP/1.1" 200 132 "/category/electronics" "Mozilla/5.0 (compatible; Googlebot/2.1; +http://www.google.com/bot.html)"
140.72.79.22 - - [17/Nov/2017:06:22:30 +0000] "GET /item/games/905 HTTP/1.1" 200 55 "/category/books" "Mozilla/4.0 (compatible; MSIE 8.0; Windows NT 6.1; WOW64; Trident/4.0; YTB730; GTB7.2; SLCC2; .NET CLR 2.0.50727; .NET CLR 3.5.30729; .NET CLR 3.0.30729; .NET4.0C; .NET4.0E; Media Center PC 6.0)"
24.114.164.152 - - [17/Nov/2017:06:22:35 +0000] "POST /search/?c=Software+Garden HTTP/1.1" 200 98 "-" "Mozilla/5.0 (Windows NT 6.0; rv:10.0.1) Gecko/20100101 Firefox/10.0.1"
188.117.206.31 - - [17/Nov/2017:06:22:40 +0000] "GET /category/software HTTP/1.1" 200 94 "-" "Mozilla/5.0 (Windows NT 6.1; WOW64) AppleWebKit/535.11 (KHTML, like Gecko) Chrome/17.0.963.56 Safari/535.11"
108.84.228.94 - - [17/Nov/2017:06:22:45 +0000] "GET /category/software HTTP/1.1" 200 119 "/category/electronics" "Mozilla/5.0 (Windows NT 6.1; WOW64; rv:10.0.1) Gecko/20100101 Firefox/10.0.1"
216.177.75.217 - - [17/Nov/2017:06:22:50 +0000] "GET /item/computers/512 HTTP/1.1" 200 97 "/search/?c=Computers" "Mozilla/5.0 (compatible; MSIE 9.0; Windows NT 6.1; WOW64; Trident/5.0)"
44.51.178.212 - - [17/Nov/2017:06:22:55 +0000] "GET /item/software/85 HTTP/1.1" 200 53 "/category/software" "Mozilla/5.0 (Macintosh; Intel Mac OS X 10.6; rv:9.0.1) Gecko/20100101 Firefox/9.0.1"
64.219.70.102 - - [17/Nov/2017:06:23:00 +0000] "GET /category/books HTTP/1.1" 200 126 "-" "Mozilla/5.0 (compatible; Googlebot/2.1; +http://www.google.com/bot.html)"
192.228.50.109 - - [17/Nov/2017:06:23:05 +0000] "POST /search/?c=Books+Finance HTTP/1.1" 200 93 "/category/books?from=0" "Mozilla/5.0 (compatible; MSIE 9.0; Windows NT 6.1; Trident/5.0)"
204.147.33.196 - - [17/Nov/2017:06:23:10 +0000] "GET /category/electronics?from=0 HTTP/1.1" 200 112 "/item/games/3272" "Mozilla/5.0 (Windows NT 6.1; WOW64) AppleWebKit/535.11 (KHTML, like Gecko) Chrome/17.0.963.56 Safari/535.11"
200.33.165.54 - - [17/Nov/2017:06:23:15 +0000] "GET /category/books HTTP/1.1" 200 126 "-" "Mozilla/5.0 (Windows NT 6.0; rv:10.0.1) Gecko/20100101 Firefox/10.0.1"
76.123.219.106 - - [17/Nov/2017:06:23:20 +0000] "GET /category/electronics HTTP/1.1" 200 128 "-" "Mozilla/4.0 (compatible; MSIE 8.0; Windows NT 6.0; WOW64; Trident/4.0; GTB6; SLCC1; .NET CLR 2.0.50727; Media Center PC 5.0; .NET CLR 3.5.30729; .NET CLR 3.0.30618; .NET4.0C)"
100.48.146.116 - - [17/Nov/2017:06:23:25 +0000] "GET /category/electronics HTTP/1.1" 200 67 "http://www.google.com/search?ie=UTF-8&q=google&sclient=psy-ab&q=Electronics&oq=Electronics&aq=f&aqi=g-vL1&aql=&pbx=1&bav=on.2,or.r_gc.r_pw.r_qf.,cf.osb&biw=957&bih=466" "Mozilla/5.0 (iPad; CPU OS 5_0_1 like Mac OS X) AppleWebKit/534.46 (KHTML, like Gecko) Version/5.1 Mobile/9A405 Safari/7534.48.3"
188.147.180.205 - - [17/Nov/2017:06:23:30 +0000] "GET /item/books/4255 HTTP/1.1" 200 108 "/search/?c=Software+Games" "Mozilla/5.0 (Windows NT 6.0; rv:10.0.1) Gecko/20100101 Firefox/10.0.1"
56.48.89.225 - - [17/Nov/2017:06:23:35 +0000] "POST /search/?c=Software+Games HTTP/1.1" 200 97 "/category/jewelry" "Mozilla/4.0 (compatible; MSIE 8.0; Windows NT 6.1; WOW64; Trident/4.0; GTB7.2; SLCC2; .NET CLR 2.0.50727; .NET CLR 3.5.30729; .NET CLR 3.0.30729; Media Center PC 6.0; .NET4.0C)"
40.36.205.118 - - [17/Nov/2017:06:23:40 +0000] "GET /item/networking/2789 HTTP/1.1" 200 132 "-" "Mozilla/5.0 (Windows NT 6.1; WOW64) AppleWebKit/535.11 (KHTML, like Gecko) Chrome/17.0.963.56 Safari/535.11"
188.147.180.205 - - [17/Nov/2017:06:23:45 +0000] "GET /category/electronics HTTP/1.1" 200 138 "-" "Mozilla/5.0 (compatible; MSIE 9.0; Windows NT 6.1; WOW64; Trident/5.0)"
60.81.144.143 - - [17/Nov/2017:06:23:50 +0000] "GET /item/cameras/2299 HTTP/1.1" 200 64 "http://www.google.com/search?ie=UTF-8&q=google&sclient=psy-ab&q=Cameras&oq=Cameras&aq=f&aqi=g-vL1&aql=&pbx=1&bav=on.2,or.r_gc.r_pw.r_qf.,cf.osb&biw=2907&bih=185" "Mozilla/5.0 (Windows NT 6.0; rv:10.0.1) Gecko/20100101 Firefox/10.0.1"
36.81.83.145 - - [17/Nov/2017:06:23:55 +0000] "GET /item/electronics/2795 HTTP/1.1" 200 52 "/category/electronics?from=10" "Mozilla/5.0 (Windows NT 6.0; rv:10.0.1) Gecko/20100101 Firefox/10.0.1"
124.42.157.72 - - [17/Nov/2017:06:24:00 +0000] "POST /search/?c=Games HTTP/1.1" 200 48 "-" "Mozilla/5.0 (compatible; MSIE 9.0; Windows NT 6.1; Trident/5.0)"
188.216.204.124 - - [17/Nov/2017:06:24:05 +0000] "GET /category/games HTTP/1.1" 200 59 "/category/health" "Mozilla/5.0 (Windows NT 6.1; WOW64) AppleWebKit/535.11 (KHTML, like Gecko) Chrome/17.0.963.56 Safari/535.11"
132.120.123.35 - - [17/Nov/2017:06:24:10 +0000] "GET /item/books/4942 HTTP/1.1" 200 76 "/item/electronics/3821" "Mozilla/4.0 (compatible; MSIE 8.0; Windows NT 5.1; Trident/4.0; BTRS122159; GTB7.2; .NET CLR 1.1.4322; .NET CLR 2.0.50727; .NET CLR 3.0.04506.30; .NET CLR 3.0.4506.2152; .NET CLR 3.5.30729; BRI/2)"
144.162.184.30 - - [17/Nov/2017:06:24:15 +0000] "POST /search/?c=Garden HTTP/1.1" 200 114 "-" "Mozilla/5.0 (compatible; Googlebot/2.1; +http://www.google.com/bot.html)"
148.141.150.198 - - [17/Nov/2017:06:24:20 +0000] "GET /category/garden HTTP/1.1" 200 41 "/item/electronics/2606" "Mozilla/4.0 (compatible; MSIE 8.0; Windows NT 6.0; WOW64; Trident/4.0; GTB6; SLCC1; .NET CLR 2.0.50727; Media Center PC 5.0; .NET CLR 3.5.30729; .NET CLR 3.0.30618; .NET4.0C)"
52.198.156.151 - - [17/Nov/2017:06:24:25 +0000] "GET /category/software HTTP/1.1" 200 106 "/category/giftcards" "Mozilla/5.0 (Windows NT 5.1) AppleWebKit/535.11 (KHTML, like Gecko) Chrome/17.0.963.46 Safari/535.11"
136.111.189.48 - - [17/Nov/2017:06:24:30 +0000] "GET /item/sports/13 HTTP/1.1" 200 100 "/item/music/4221" "Mozilla/5.0 (compatible; MSIE 9.0; Windows NT 6.1; WOW64; Trident/5.0)"
76.168.181.34 - - [17/Nov/2017:06:24:35 +0000] "GET /category/giftcards HTTP/1.1" 200 117 "-" "Mozilla/5.0 (Windows NT 6.1; WOW64) AppleWebKit/535.7 (KHTML, like Gecko) Chrome/16.0.912.77 Safari/535.7"
32.222.29.160 - - [17/Nov/2017:06:24:40 +0000] "GET /category/electronics HTTP/1.1" 200 88 "/item/music/4403" "Mozilla/5.0 (Windows NT 6.1; WOW64) AppleWebKit/535.7 (KHTML, like Gecko) Chrome/16.0.912.77 Safari/535.7"
216.54.131.48 - - [17/Nov/2017:06:24:45 +0000] "POST /search/?c=Giftcards+Music HTTP/1.1" 200 118 "/category/giftcards" "Mozilla/5.0 (Windows NT 5.1) AppleWebKit/535.11 (KHTML, like Gecko) Chrome/17.0.963.46 Safari/535.11"
56.150.73.159 - - [17/Nov/2017:06:24:50 +0000] "GET /item/software/1594 HTTP/1.1" 200 80 "/category/software" "Mozilla/4.0 (compatible; MSIE 8.0; Windows NT 6.1; Trident/4.0; YTB730; SLCC2; .NET CLR 2.0.50727; .NET CLR 3.5.30729; .NET CLR 3.0.30729; Media Center PC 6.0; .NET4.0C)"
220.24.100.197 - - [17/Nov/2017:06:24:55 +0000] "GET /category/toys HTTP/1.1" 200 109 "-" "Mozilla/5.0 (Windows NT 5.1) AppleWebKit/535.11 (KHTML, like Gecko) Chrome/17.0.963.46 Safari/535.11"
96.195.40.31 - - [17/Nov/2017:06:25:00 +0000] "GET /item/games/15 HTTP/1.1" 200 128 "/item/software/1625" "Mozilla/5.0 (compatible; Googlebot/2.1; +http://www.google.com/bot.html)"
120.63.173.157 - - [17/Nov/2017:06:25:05 +0000] "GET /category/electronics HTTP/1.1" 200 62 "-" "Mozilla/4.0 (compatible; MSIE 8.0; Windows NT 6.1; WOW64; Trident/4.0; YTB730; GTB7.2; SLCC2; .NET CLR 2.0.50727; .NET CLR 3.5.30729; .NET CLR 3.0.30729; .NET4.0C; .NET4.0E; Media Center PC 6.0)"
144.201.149.141 - - [17/Nov/2017:06:25:10 +0000] "GET /category/giftcards HTTP/1.1" 200 99 "/category/electronics" "Mozilla/5.0 (Windows NT 6.0) AppleWebKit/535.11 (KHTML, like Gecko) Chrome/17.0.963.56 Safari/535.11"
224.57.160.208 - - [17/Nov/2017:06:25:15 +0000] "GET /category/books HTTP/1.1" 200 125 "/item/toys/3180" "Mozilla/4.0 (compatible; MSIE 8.0; Windows NT 6.0; WOW64; Trident/4.0; GTB6; SLCC1; .NET CLR 2.0.50727; Media Center PC 5.0; .NET CLR 3.5.30729; .NET CLR 3.0.30618; .NET4.0C)"
108.27.225.109 - - [17/Nov/2017:06:25:20 +0000] "GET /category/jewelry?from=10 HTTP/1.1" 200 106 "/category/jewelry" "Mozilla/5.0 (compatible; MSIE 9.0; Windows NT 6.1; Trident/5.0)"
196.138.160.145 - - [17/Nov/2017:06:25:25 +0000] "GET /category/electronics HTTP/1.1" 200 51 "-" "Mozilla/5.0 (Windows NT 6.0) AppleWebKit/535.11 (KHTML, like Gecko) Chrome/17.0.963.56 Safari/535.11"
88.141.158.50 - - [17/Nov/2017:06:25:30 +0000] "GET /category/software?from=0 HTTP/1.1" 200 66 "-" "Mozilla/5.0 (compatible; MSIE 9.0; Windows NT 6.1; WOW64; Trident/5.0)"
72.156.195.112 - - [17/Nov/2017:06:25:35 +0000] "GET /category/electronics HTTP/1.1" 200 56 "/category/software" "Mozilla/4.0 (compatible; MSIE 8.0; Windows NT 6.1; WOW64; Trident/4.0; GTB7.2; SLCC2; .NET CLR 2.0.50727; .NET CLR 3.5.30729; .NET CLR 3.0.30729; Media Center PC 6.0; .NET4.0C)"
104.147.188.161 - - [17/Nov/2017:06:25:40 +0000] "GET /item/books/1573 HTTP/1.1" 200 72 "-" "Mozilla/5.0 (Windows NT 6.0; rv:10.0.1) Gecko/20100101 Firefox/10.0.1"
32.63.131.213 - - [17/Nov/2017:06:25:45 +0000] "GET /category/giftcards HTTP/1.1" 200 120 "/category/software" "Mozilla/4.0 (compatible; MSIE 8.0; Windows NT 5.1; Trident/4.0; YTB720; GTB7.2; .NET CLR 1.1.4322; .NET CLR 2.0.50727; .NET CLR 3.0.4506.2152; .NET CLR 3.5.30729)"
212.96.91.36 - - [17/Nov/2017:06:25:50 +0000] "GET /category/toys HTTP/1.1" 200 40 "/category/toys" "Mozilla/5.0 (Macintosh; Intel Mac OS X 10.6; rv:9.0.1) Gecko/20100101 Firefox/9.0.1"
100.84.214.95 - - [17/Nov/2017:06:25:55 +0000] "POST /search/?c=Toys+Games HTTP/1.1" 200 92 "-" "Mozilla/5.0 (Windows NT 6.1; WOW64) AppleWebKit/535.7 (KHTML, like Gecko) Chrome/16.0.912.77 Safari/535.7"
76.93.187.155 - - [17/Nov/2017:06:26:00 +0000] "GET /category/games HTTP/1.1" 200 107 "-" "Mozilla/4.0 (compatible; MSIE 8.0; Windows NT 6.1; Trident/4.0; YTB730; SLCC2; .NET CLR 2.0.50727; .NET CLR 3.5.30729; .NET CLR 3.0.30729; Media Center PC 6.0; .NET4.0C)"
200.201.187.211 - - [17/Nov/2017:06:26:05 +0000] "GET /category/electronics HTTP/1.1" 200 82 "/category/software" "Mozilla/4.0 (compatible; MSIE 8.0; Windows NT 6.1; WOW64; Trident/4.0; YTB730; GTB7.2; EasyBits GO v1.0; SLCC2; .NET CLR 2.0.50727; .NET CLR 3.5.30729; .NET CLR 3.0.30729; Media Center PC 6.0; .NET4.0C)"
120.129.24.195 - - [17/Nov/2017:06:26:10 +0000] "GET /item/electronics/663 HTTP/1.1" 404 78 "/category/networking" "Mozilla/5.0 (Windows NT 6.0; rv:10.0.1) Gecko/20100101 Firefox/10.0.1"
64.207.189.196 - - [17/Nov/2017:06:26:15 +0000] "GET /category/toys HTTP/1.1" 200 132 "/item/electronics/4512" "Mozilla/5.0 (compatible; MSIE 9.0; Windows NT 6.1; Trident/5.0)"
120.123.162.208 - - [17/Nov/2017:06:26:20 +0000] "GET /category/health HTTP/1.1" 200 132 "-" "Mozilla/5.0 (Windows NT 6.0) AppleWebKit/535.11 (KHTML, like Gecko) Chrome/17.0.963.56 Safari/535.11"
196.69.125.183 - - [17/Nov/2017:06:26:25 +0000] "GET /category/books HTTP/1.1" 200 126 "-" "Mozilla/4.0 (compatible; MSIE 8.0; Windows NT 6.1; WOW64; Trident/4.0; GTB7.2; SLCC2; .NET CLR 2.0.50727; .NET CLR 3.5.30729; .NET CLR 3.0.30729; Media Center PC 6.0; .NET4.0C)"
100.93.108.122 - - [17/Nov/2017:06:26:30 +0000] "GET /category/giftcards?from=0 HTTP/1.1" 200 81 "/category/garden" "Mozilla/5.0 (Windows NT 6.1; WOW64) AppleWebKit/535.11 (KHTML, like Gecko) Chrome/17.0.963.56 Safari/535.11"
156.222.94.210 - - [17/Nov/2017:06:26:35 +0000] "GET /item/games/4277 HTTP/1.1" 200 49 "-" "Mozilla/5.0 (compatible; MSIE 9.0; Windows NT 6.1; WOW64; Trident/5.0)"
180.54.65.44 - - [17/Nov/2017:06:26:40 +0000] "POST /search/?c=Garden+Electronics HTTP/1.1" 200 101 "/item/books/3336" "Mozilla/4.0 (compatible; MSIE 8.0; Windows NT 5.1; Trident/4.0; YTB720; GTB7.2; .NET CLR 1.1.4322; .NET CLR 2.0.50727; .NET CLR 3.0.4506.2152; .NET CLR 3.5.30729)"
148.78.49.128 - - [17/Nov/2017:06:26:45 +0000] "GET /category/networking HTTP/1.1" 200 53 "-" "Mozilla/5.0 (compatible; MSIE 9.0; Windows NT 6.1; Trident/5.0)"
44.159.148.20 - - [17/Nov/2017:06:26:50 +0000] "GET /item/electronics/3940 HTTP/1.1" 200 139 "-" "Mozilla/5.0 (compatible; MSIE 9.0; Windows NT 6.1; WOW64; Trident/5.0)"
28.150.146.21 - - [17/Nov/2017:06:26:55 +0000] "GET /category/software HTTP/1.1" 200 64 "/item/sports/13" "Mozilla/4.0 (compatible; MSIE 8.0; Windows NT 6.1; Trident/4.0; YTB730; SLCC2; .NET CLR 2.0.50727; .NET CLR 3.5.30729; .NET CLR 3.0.30729; Media Center PC 6.0; .NET4.0C)"
100.69.57.39 - - [17/Nov/2017:06:27:00 +0000] "GET /category/books HTTP/1.1" 200 89 "/item/electronics/950" "Mozilla/5.0 (Windows NT 5.1) AppleWebKit/535.11 (KHTML, like Gecko) Chrome/17.0.963.46 Safari/535.11"
20.153.84.177 - - [17/Nov/2017:06:27:05 +0000] "POST /search/?c=Networking HTTP/1.1" 200 110 "/search/?c=Music+Music" "Mozilla/5.0 (Windows NT 6.1; WOW64) AppleWebKit/535.7 (KHTML, like Gecko) Chrome/16.0.912.77 Safari/535.7"
20.117.120.97 - - [17/Nov/2017:06:27:10 +0000] "GET /category/electronics?from=20 HTTP/1.1" 200 63 "-" "Mozilla/5.0 (compatible; MSIE 9.0; Windows NT 6.1; WOW64; Trident/5.0)"
208.180.75.49 - - [17/Nov/2017:06:27:15 +0000] "GET /category/giftcards HTTP/1.1" 200 120 "-" "Mozilla/5.0 (Windows NT 6.0; rv:10.0.1) Gecko/20100101 Firefox/10.0.1"
152.150.62.199 - - [17/Nov/2017:06:27:20 +0000] "GET /category/electronics HTTP/1.1" 200 112 "/item/software/1831" "Mozilla/5.0 (Windows NT 6.1; WOW64) AppleWebKit/535.11 (KHTML, like Gecko) Chrome/17.0.963.56 Safari/535.11"
112.42.221.126 - - [17/Nov/2017:06:27:25 +0000] "GET /category/software HTTP/1.1" 200 128 "-" "Mozilla/5.0 (Windows NT 6.1; WOW64; rv:10.0.1) Gecko/20100101 Firefox/10.0.1"
112.30.36.35 - - [17/Nov/2017:06:27:30 +0000] "GET /category/office HTTP/1.1" 200 54 "-" "Mozilla/5.0 (Windows NT 6.0; rv:10.0.1) Gecko/20100101 Firefox/10.0.1"
144.213.38.93 - - [17/Nov/2017:06:27:35 +0000] "POST /search/?c=Electronics+Garden HTTP/1.1" 200 118 "/item/electronics/4788" "Mozilla/5.0 (Windows NT 6.0; rv:10.0.1) Gecko/20100101 Firefox/10.0.1"
164.219.72.37 - - [17/Nov/2017:06:27:40 +0000] "POST /search/?c=Books+Networking HTTP/1.1" 200 82 "/category/electronics" "Mozilla/5.0 (Windows NT 6.0; rv:10.0.1) Gecko/20100101 Firefox/10.0.1"
152.78.91.213 - - [17/Nov/2017:06:27:45 +0000] "GET /category/finance HTTP/1.1" 200 68 "-" "Mozilla/5.0 (Windows NT 6.1; WOW64) AppleWebKit/535.11 (KHTML, like Gecko) Chrome/17.0.963.56 Safari/535.11"
128.147.75.132 - - [17/Nov/2017:06:27:50 +0000] "GET /item/software/2109 HTTP/1.1" 200 107 "-" "Mozilla/5.0 (Windows NT 6.0) AppleWebKit/535.11 (KHTML, like Gecko) Chrome/17.0.963.56 Safari/535.11"
112.66.219.85 - - [17/Nov/2017:06:27:55 +0000] "GET /category/software HTTP/1.1" 200 116 "/category/computers" "Mozilla/5.0 (Windows NT 5.1) AppleWebKit/535.11 (KHTML, like Gecko) Chrome/17.0.963.46 Safari/535.11"
196.195.42.66 - - [17/Nov/2017:06:28:00 +0000] "GET /item/finance/1207 HTTP/1.1" 200 57 "-" "Mozilla/5.0 (iPhone; CPU iPhone OS 5_0_1 like Mac OS X) AppleWebKit/534.46 (KHTML, like Gecko) Version/5.1 Mobile/9A405 Safari/7534.48.3"
156.81.120.91 - - [17/Nov/2017:06:28:05 +0000] "GET /category/networking HTTP/1.1" 200 83 "/item/toys/2543" "Mozilla/5.0 (compatible; MSIE 9.0; Windows NT 6.1; Trident/5.0)"
40.219.75.36 - - [17/Nov/2017:06:28:10 +0000] "GET /category/electronics HTTP/1.1" 200 138 "-" "Mozilla/5.0 (Windows NT 6.0; rv:10.0.1) Gecko/20100101 Firefox/10.0.1"
80.51.95.186 - - [17/Nov/2017:06:28:15 +0000] "GET /category/health HTTP/1.1" 200 100 "/item/electronics/261" "Mozilla/5.0 (Macintosh; Intel Mac OS X 10.6; rv:9.0.1) Gecko/20100101 Firefox/9.0.1"
192.24.229.108 - - [17/Nov/2017:06:28:20 +0000] "POST /search/?c=Networking HTTP/1.1" 200 110 "/item/garden/995" "Mozilla/5.0 (compatible; MSIE 9.0; Windows NT 6.1; Trident/5.0)"
168.27.211.221 - - [17/Nov/2017:06:28:25 +0000] "GET /item/electronics/4947 HTTP/1.1" 200 124 "/category/computers" "Mozilla/4.0 (compatible; MSIE 8.0; Windows NT 5.1; Trident/4.0; YTB720; GTB7.2; .NET CLR 1.1.4322; .NET CLR 2.0.50727; .NET CLR 3.0.4506.2152; .NET CLR 3.5.30729)"
156.174.158.57 - - [17/Nov/2017:06:28:30 +0000] "GET /category/software HTTP/1.1" 200 64 "/item/electronics/1344" "Mozilla/5.0 (compatible; MSIE 9.0; Windows NT 6.1; WOW64; Trident/5.0)"
120.168.187.112 - - [17/Nov/2017:06:28:35 +0000] "GET /item/electronics/3377 HTTP/1.1" 200 125 "/category/electronics" "Mozilla/5.0 (Windows NT 6.1; WOW64) AppleWebKit/535.11 (KHTML, like Gecko) Chrome/17.0.963.56 Safari/535.11"
216.132.160.25 - - [17/Nov/2017:06:28:40 +0000] "GET /item/games/152 HTTP/1.1" 200 133 "/category/games" "Mozilla/5.0 (compatible; Googlebot/2.1; +http://www.google.com/bot.html)"
144.222.227.44 - - [17/Nov/2017:06:28:45 +0000] "GET /category/music HTTP/1.1" 200 117 "/item/games/3390" "Mozilla/5.0 (Windows NT 6.0) AppleWebKit/535.11 (KHTML, like Gecko) Chrome/17.0.963.56 Safari/535.11"
168.195.218.121 - - [17/Nov/2017:06:28:50 +0000] "GET /category/books HTTP/1.1" 200 125 "-" "Mozilla/5.0 (Windows NT 6.1; WOW64) AppleWebKit/535.7 (KHTML, like Gecko) Chrome/16.0.912.77 Safari/535.7"
48.222.150.132 - - [17/Nov/2017:06:28:55 +0000] "GET /item/toys/1733 HTTP/1.1" 200 117 "http://www.google.com/search?ie=UTF-8&q=google&sclient=psy-ab&q=Toys+Jewelry&oq=Toys+Jewelry&aq=f&aqi=g-vL1&aql=&pbx=1&bav=on.2,or.r_gc.r_pw.r_qf.,cf.osb&biw=4722&bih=558" "Mozilla/4.0 (compatible; MSIE 8.0; Windows NT 5.1; Trident/4.0; YTB720; GTB7.2; .NET CLR 1.1.4322; .NET CLR 2.0.50727; .NET CLR 3.0.4506.2152; .NET CLR 3.5.30729)"
224.78.220.39 - - [17/Nov/2017:06:29:00 +0000] "GET /category/electronics HTTP/1.1" 200 82 "/category/garden" "Mozilla/4.0 (compatible; MSIE 8.0; Windows NT 6.1; WOW64; Trident/4.0; YTB730; GTB7.2; EasyBits GO v1.0; SLCC2; .NET CLR 2.0.50727; .NET CLR 3.5.30729; .NET CLR 3.0.30729; Media Center PC 6.0; .NET4.0C)"
208.180.75.49 - - [17/Nov/2017:06:29:05 +0000] "POST /search/?c=Electronics+Books HTTP/1.1" 200 96 "/category/jewelry" "Mozilla/5.0 (Windows NT 6.0; rv:10.0.1) Gecko/20100101 Firefox/10.0.1"
140.144.63.69 - - [17/Nov/2017:06:29:10 +0000] "GET /category/toys HTTP/1.1" 200 115 "-" "Mozilla/5.0 (compatible; MSIE 9.0; Windows NT 6.1; WOW64; Trident/5.0)"
68.171.43.168 - - [17/Nov/2017:06:29:15 +0000] "POST /search/?c=Toys+Games HTTP/1.1" 200 92 "/category/software" "Mozilla/5.0 (compatible; MSIE 9.0; Windows NT 6.1; WOW64; Trident/5.0)"
112.177.180.133 - - [17/Nov/2017:06:29:20 +0000] "GET /category/software HTTP/1.1" 200 58 "/category/electronics" "Mozilla/5.0 (Windows NT 6.1; WOW64) AppleWebKit/535.11 (KHTML, like Gecko) Chrome/17.0.963.56 Safari/535.11"
136.54.219.130 - - [17/Nov/2017:06:29:25 +0000] "GET /category/office HTTP/1.1" 200 72 "/category/electronics" "Mozilla/5.0 (Windows NT 6.0) AppleWebKit/535.11 (KHTML, like Gecko) Chrome/17.0.963.56 Safari/535.11"
216.132.160.25 - - [17/Nov/2017:06:29:30 +0000] "GET /item/electronics/4642 HTTP/1.1" 200 65 "/category/electronics" "Mozilla/5.0 (iPad; CPU OS 5_0_1 like Mac OS X) AppleWebKit/534.46 (KHTML, like Gecko) Version/5.1 Mobile/9A405 Safari/7534.48.3"
136.180.163.90 - - [17/Nov/2017:06:29:35 +0000] "POST /search/?c=Electronics+Garden HTTP/1.1" 200 139 "-" "Mozilla/5.0 (iPhone; CPU iPhone OS 5_0_1 like Mac OS X) AppleWebKit/534.46 (KHTML, like Gecko) Version/5.1 Mobile/9A405 Safari/7534.48.3"
64.207.189.196 - - [17/Nov/2017:06:29:40 +0000] "GET /category/electronics HTTP/1.1" 200 79 "-" "Mozilla/5.0 (Windows NT 6.0; rv:10.0.1) Gecko/20100101 Firefox/10.0.1"
224.192.171.198 - - [17/Nov/2017:06:29:45 +0000] "GET /category/electronics HTTP/1.1" 200 44 "/category/sports" "Mozilla/5.0 (iPhone; CPU iPhone OS 5_0_1 like Mac OS X) AppleWebKit/534.46 (KHTML, like Gecko) Version/5.1 Mobile/9A405 Safari/7534.48.3"
192.24.229.108 - - [17/Nov/2017:06:29:50 +0000] "POST /search/?c=Software+Software HTTP/1.1" 200 123 "-" "Mozilla/5.0 (Windows NT 6.0; rv:10.0.1) Gecko/20100101 Firefox/10.0.1"
80.57.31.216 - - [17/Nov/2017:06:29:55 +0000] "GET /item/toys/2543 HTTP/1.1" 200 73 "/category/toys" "Mozilla/4.0 (compatible; MSIE 8.0; Windows NT 6.1; WOW64; Trident/4.0; GTB7.2; SLCC2; .NET CLR 2.0.50727; .NET CLR 3.5.30729; .NET CLR 3.0.30729; Media Center PC 6.0; .NET4.0C)"
140.183.67.108 - - [17/Nov/2017:06:30:00 +0000] "GET /category/software HTTP/1.1" 200 78 "-" "Mozilla/5.0 (iPad; CPU OS 5_0_1 like Mac OS X) AppleWebKit/534.46 (KHTML, like Gecko) Version/5.1 Mobile/9A405 Safari/7534.48.3"
52.57.147.82 - - [17/Nov/2017:06:30:05 +0000] "GET /item/sports/1656 HTTP/1.1" 200 118 "/category/cameras" "Mozilla/5.0 (iPhone; CPU iPhone OS 5_0_1 like Mac OS X) AppleWebKit/534.46 (KHTML, like Gecko) Version/5.1 Mobile/9A405 Safari/7534.48.3"
24.138.192.196 - - [17/Nov/2017:06:30:10 +0000] "GET /item/networking/4696 HTTP/1.1" 200 138 "/category/office" "Mozilla/5.0 (Macintosh; Intel Mac OS X 10.6; rv:9.0.1) Gecko/20100101 Firefox/9.0.1"
156.198.60.199 - - [17/Nov/2017:06:30:15 +0000] "GET /item/finance/2549 HTTP/1.1" 200 114 "/category/games" "Mozilla/5.0 (compatible; MSIE 9.0; Windows NT 6.1; WOW64; Trident/5.0)"
124.78.114.122 - - [17/Nov/2017:06:30:20 +0000] "GET /category/software HTTP/1.1" 200 108 "/category/toys" "Mozilla/5.0 (compatible; MSIE 9.0; Windows NT 6.1; Trident/5.0)"
72.153.193.186 - - [17/Nov/2017:06:30:25 +0000] "GET /category/office HTTP/1.1" 200 87 "/category/games" "Mozilla/4.0 (compatible; MSIE 8.0; Windows NT 6.1; WOW64; Trident/4.0; YTB730; GTB7.2; EasyBits GO v1.0; SLCC2; .NET CLR 2.0.50727; .NET CLR 3.5.30729; .NET CLR 3.0.30729; Media Center PC 6.0; .NET4.0C)"
172.54.104.144 - - [17/Nov/2017:06:30:30 +0000] "GET /category/software HTTP/1.1" 200 99 "/item/games/526" "Mozilla/4.0 (compatible; MSIE 8.0; Windows NT 6.1; WOW64; Trident/4.0; YTB730; GTB7.2; EasyBits GO v1.0; SLCC2; .NET CLR 2.0.50727; .NET CLR 3.5.30729; .NET CLR 3.0.30729; Media Center PC 6.0; .NET4.0C)"
128.120.138.51 - - [17/Nov/2017:06:30:35 +0000] "GET /category/giftcards HTTP/1.1" 200 117 "/category/software" "Mozilla/5.0 (iPhone; CPU iPhone OS 5_0_1 like Mac OS X) AppleWebKit/534.46 (KHTML, like Gecko) Version/5.1 Mobile/9A405 Safari/7534.48.3"
200.189.168.228 - - [17/Nov/2017:06:30:40 +0000] "GET /category/toys HTTP/1.1" 200 132 "/category/games" "Mozilla/5.0 (Windows NT 6.1; WOW64) AppleWebKit/535.11 (KHTML, like Gecko) Chrome/17.0.963.56 Safari/535.11"
32.198.203.102 - - [17/Nov/2017:06:30:45 +0000] "GET /item/health/3613 HTTP/1.1" 200 90 "/item/books/3757" "Mozilla/5.0 (Windows NT 6.0; rv:10.0.1) Gecko/20100101 Firefox/10.0.1"
36.81.83.145 - - [17/Nov/2017:06:30:50 +0000] "POST /search/?c=Health HTTP/1.1" 200 102 "-" "Mozilla/5.0 (Windows NT 6.0; rv:10.0.1) Gecko/20100101 Firefox/10.0.1"
60.90.187.169 - - [17/Nov/2017:06:30:55 +0000] "GET /category/software?from=0 HTTP/1.1" 200 40 "/search/?c=Software" "Mozilla/4.0 (compatible; MSIE 8.0; Windows NT 6.1; Trident/4.0; YTB730; SLCC2; .NET CLR 2.0.50727; .NET CLR 3.5.30729; .NET CLR 3.0.30729; Media Center PC 6.0; .NET4.0C)"
20.60.176.150 - - [17/Nov/2017:06:31:00 +0000] "GET /category/music?from=0 HTTP/1.1" 200 51 "/category/toys?from=10" "Mozilla/5.0 (Windows NT 6.0; rv:10.0.1) Gecko/20100101 Firefox/10.0.1"
28.117.160.187 - - [17/Nov/2017:06:31:05 +0000] "GET /category/computers HTTP/1.1" 200 87 "-" "Mozilla/5.0 (Windows NT 6.0; rv:10.0.1) Gecko/20100101 Firefox/10.0.1"
144.168.60.186 - - [17/Nov/2017:06:31:10 +0000] "GET /category/electronics HTTP/1.1" 200 130 "/item/electronics/3271" "Mozilla/5.0 (Macintosh; Intel Mac OS X 10.6; rv:9.0.1) Gecko/20100101 Firefox/9.0.1"
44.36.71.120 - - [17/Nov/2017:06:31:15 +0000] "GET /category/networking HTTP/1.1" 200 82 "-" "Mozilla/5.0 (Windows NT 6.1; WOW64) AppleWebKit/535.11 (KHTML, like Gecko) Chrome/17.0.963.56 Safari/535.11"
80.75.100.166 - - [17/Nov/2017:06:31:20 +0000] "GET /category/books?from=10 HTTP/1.1" 200 89 "/category/software" "Mozilla/4.0 (compatible; MSIE 8.0; Windows NT 5.1; Trident/4.0; YTB720; GTB7.2; .NET CLR 1.1.4322; .NET CLR 2.0.50727; .NET CLR 3.0.4506.2152; .NET CLR 3.5.30729)"
140.75.187.67 - - [17/Nov/2017:06:31:25 +0000] "GET /category/books HTTP/1.1" 200 55 "-" "Mozilla/5.0 (Windows NT 5.1) AppleWebKit/535.11 (KHTML, like Gecko) Chrome/17.0.963.46 Safari/535.11"
100.93.108.122 - - [17/Nov/2017:06:31:30 +0000] "GET /category/networking HTTP/1.1" 200 127 "-" "Mozilla/5.0 (Windows NT 6.1; WOW64; rv:10.0.1) Gecko/20100101 Firefox/10.0.1"
96.24.145.93 - - [17/Nov/2017:06:31:35 +0000] "GET /item/software/2490 HTTP/1.1" 200 51 "/category/music" "Mozilla/5.0 (Windows NT 6.1; WOW64) AppleWebKit/535.11 (KHTML, like Gecko) Chrome/17.0.963.56 Safari/535.11"
108.144.39.52 - - [17/Nov/2017:06:31:40 +0000] "GET /category/electronics HTTP/1.1" 200 99 "/search/?c=Garden+Networking" "Mozilla/5.0 (Windows NT 6.1; WOW64) AppleWebKit/535.11 (KHTML, like Gecko) Chrome/17.0.963.56 Safari/535.11"
164.207.101.92 - - [17/Nov/2017:06:31:45 +0000] "GET /item/games/15 HTTP/1.1" 200 128 "-" "Mozilla/5.0 (compatible; MSIE 9.0; Windows NT 6.1; Trident/5.0)"
176.228.179.33 - - [17/Nov/2017:06:31:50 +0000] "GET /category/software HTTP/1.1" 200 114 "/category/computers" "Mozilla/5.0 (Macintosh; Intel Mac OS X 10.6; rv:9.0.1) Gecko/20100101 Firefox/9.0.1"
100.192.111.52 - - [17/Nov/2017:06:31:55 +0000] "GET /category/books HTTP/1.1" 200 98 "/category/networking" "Mozilla/5.0 (iPad; CPU OS 5_0_1 like Mac OS X) AppleWebKit/534.46 (KHTML, like Gecko) Version/5.1 Mobile/9A405 Safari/7534.48.3"
108.171.226.164 - - [17/Nov/2017:06:32:00 +0000] "GET /item/games/4398 HTTP/1.1" 200 112 "http://www.google.com/search?ie=UTF-8&q=google&sclient=psy-ab&q=Games+Networking&oq=Games+Networking&aq=f&aqi=g-vL1&aql=&pbx=1&bav=on.2,or.r_gc.r_pw.r_qf.,cf.osb&biw=1780&bih=545" "Mozilla/4.0 (compatible; MSIE 8.0; Windows NT 6.0; WOW64; Trident/4.0; GTB6; SLCC1; .NET CLR 2.0.50727; Media Center PC 5.0; .NET CLR 3.5.30729; .NET CLR 3.0.30618; .NET4.0C)"
48.105.184.168 - - [17/Nov/2017:06:32:05 +0000] "GET /category/jewelry HTTP/1.1" 200 48 "/category/sports" "Mozilla/4.0 (compatible; MSIE 8.0; Windows NT 6.1; Trident/4.0; YTB730; SLCC2; .NET CLR 2.0.50727; .NET CLR 3.5.30729; .NET CLR 3.0.30729; Media Center PC 6.0; .NET4.0C)"
32.30.60.100 - - [17/Nov/2017:06:32:10 +0000] "GET /category/software HTTP/1.1" 200 127 "/search/?c=Software+Garden" "Mozilla/5.0 (Macintosh; Intel Mac OS X 10.6; rv:9.0.1) Gecko/20100101 Firefox/9.0.1"
120.111.204.203 - - [17/Nov/2017:06:32:15 +0000] "GET /category/health?from=10 HTTP/1.1" 200 124 "/search/?c=Health+Games" "Mozilla/5.0 (compatible; MSIE 9.0; Windows NT 6.1; Trident/5.0)"
84.162.134.68 - - [17/Nov/2017:06:32:20 +0000] "GET /category/office HTTP/1.1" 200 117 "/item/games/3186" "Mozilla/4.0 (compatible; MSIE 8.0; Windows NT 5.1; Trident/4.0; BTRS122159; GTB7.2; .NET CLR 1.1.4322; .NET CLR 2.0.50727; .NET CLR 3.0.04506.30; .NET CLR 3.0.4506.2152; .NET CLR 3.5.30729; BRI/2)"
120.147.115.60 - - [17/Nov/2017:06:32:25 +0000] "POST /search/?c=Electronics+Toys HTTP/1.1" 200 128 "-" "Mozilla/5.0 (compatible; MSIE 9.0; Windows NT 6.1; WOW64; Trident/5.0)"
192.126.144.136 - - [17/Nov/2017:06:32:30 +0000] "GET /category/giftcards HTTP/1.1" 200 113 "-" "Mozilla/5.0 (Windows NT 6.0; rv:10.0.1) Gecko/20100101 Firefox/10.0.1"
100.195.21.152 - - [17/Nov/2017:06:32:35 +0000] "GET /category/books HTTP/1.1" 200 83 "/item/health/2887" "Mozilla/4.0 (compatible; MSIE 8.0; Windows NT 6.1; Trident/4.0; YTB730; SLCC2; .NET CLR 2.0.50727; .NET CLR 3.5.30729; .NET CLR 3.0.30729; Media Center PC 6.0; .NET4.0C)"
100.18.93.108 - - [17/Nov/2017:06:32:40 +0000] "POST /search/?c=Software+Software HTTP/1.1" 200 123 "/category/games" "Mozilla/5.0 (Windows NT 6.1; WOW64) AppleWebKit/535.11 (KHTML, like Gecko) Chrome/17.0.963.56 Safari/535.11"
128.213.146.74 - - [17/Nov/2017:06:32:45 +0000] "GET /category/sports HTTP/1.1" 200 57 "/item/electronics/4642" "Mozilla/4.0 (compatible; MSIE 8.0; Windows NT 5.1; Trident/4.0; YTB720; GTB7.2; .NET CLR 1.1.4322; .NET CLR 2.0.50727; .NET CLR 3.0.4506.2152; .NET CLR 3.5.30729)"
136.63.21.83 - - [17/Nov/2017:06:32:50 +0000] "GET /category/giftcards HTTP/1.1" 200 99 "/item/games/3420" "Mozilla/5.0 (Windows NT 5.1) AppleWebKit/535.11 (KHTML, like Gecko) Chrome/17.0.963.46 Safari/535.11"
120.141.183.120 - - [17/Nov/2017:06:32:55 +0000] "GET /item/games/1697 HTTP/1.1" 200 63 "/category/office" "Mozilla/5.0 (compatible; MSIE 9.0; Windows NT 6.1; WOW64; Trident/5.0)"
52.189.168.94 - - [17/Nov/2017:06:33:00 +0000] "GET /category/software HTTP/1.1" 200 108 "/item/books/1869" "Mozilla/5.0 (Macintosh; Intel Mac OS X 10.6; rv:9.0.1) Gecko/20100101 Firefox/9.0.1"
180.48.74.50 - - [17/Nov/2017:06:33:05 +0000] "GET /item/electronics/4270 HTTP/1.1" 200 118 "/item/electronics/3821" "Mozilla/5.0 (Macintosh; Intel Mac OS X 10.6; rv:9.0.1) Gecko/20100101 Firefox/9.0.1"
72.225.153.31 - - [17/Nov/2017:06:33:10 +0000] "GET /category/electronics HTTP/1.1" 200 61 "/category/electronics" "Mozilla/5.0 (compatible; MSIE 9.0; Windows NT 6.1; Trident/5.0)"
36.51.160.119 - - [17/Nov/2017:06:33:15 +0000] "GET /category/software HTTP/1.1" 200 72 "/item/office/863" "Mozilla/5.0 (Windows NT 5.1) AppleWebKit/535.11 (KHTML, like Gecko) Chrome/17.0.963.46 Safari/535.11"
32.198.203.102 - - [17/Nov/2017:06:33:20 +0000] "GET /category/books HTTP/1.1" 200 49 "/category/electronics?from=20" "Mozilla/4.0 (compatible; MSIE 8.0; Windows NT 6.1; WOW64; Trident/4.0; GTB7.2; SLCC2; .NET CLR 2.0.50727; .NET CLR 3.5.30729; .NET CLR 3.0.30729; Media Center PC 6.0; .NET4.0C)"
48.201.198.145 - - [17/Nov/2017:06:33:25 +0000] "GET /category/books HTTP/1.1" 200 96 "/search/?c=Cameras+Office" "Mozilla/5.0 (Windows NT 6.1; WOW64; rv:10.0.1) Gecko/20100101 Firefox/10.0.1"
36.219.202.185 - - [17/Nov/2017:06:33:30 +0000] "GET /category/software HTTP/1.1" 200 76 "-" "Mozilla/5.0 (iPad; CPU OS 5_0_1 like Mac OS X) AppleWebKit/534.46 (KHTML, like Gecko) Version/5.1 Mobile/9A405 Safari/7534.48.3"
196.96.50.86 - - [17/Nov/2017:06:33:35 +0000] "GET /category/electronics HTTP/1.1" 200 72 "-" "Mozilla/5.0 (Windows NT 6.0) AppleWebKit/535.11 (KHTML, like Gecko) Chrome/17.0.963.56 Safari/535.11"
140.54.169.166 - - [17/Nov/2017:06:33:40 +0000] "GET /item/software/875 HTTP/1.1" 200 132 "/category/books" "Mozilla/5.0 (compatible; MSIE 9.0; Windows NT 6.1; Trident/5.0)"
220.102.98.97 - - [17/Nov/2017:06:33:45 +0000] "POST /search/?c=Finance HTTP/1.1" 200 85 "/item/garden/4383" "Mozilla/5.0 (Windows NT 6.0; rv:10.0.1) Gecko/20100101 Firefox/10.0.1"
72.219.156.125 - - [17/Nov/2017:06:33:50 +0000] "GET /category/books HTTP/1.1" 200 57 "-" "Mozilla/5.0 (compatible; MSIE 9.0; Windows NT 6.1; WOW64; Trident/5.0)"
28.111.188.194 - - [17/Nov/2017:06:33:55 +0000] "GET /item/health/2403 HTTP/1.1" 200 112 "/item/software/4680" "Mozilla/4.0 (compatible; MSIE 8.0; Windows NT 6.1; WOW64; Trident/4.0; GTB7.2; SLCC2; .NET CLR 2.0.50727; .NET CLR 3.5.30729; .NET CLR 3.0.30729; Media Center PC 6.0; .NET4.0C)"
116.21.137.191 - - [17/Nov/2017:06:34:00 +0000] "GET /category/electronics HTTP/1.1" 200 52 "/item/books/4078" "Mozilla/4.0 (compatible; MSIE 8.0; Windows NT 6.1; WOW64; Trident/4.0; YTB730; GTB7.2; SLCC2; .NET CLR 2.0.50727; .NET CLR 3.5.30729; .NET CLR 3.0.30729; .NET4.0C; .NET4.0E; Media Center PC 6.0)"
224.183.83.85 - - [17/Nov/2017:06:34:05 +0000] "GET /category/games HTTP/1.1" 200 114 "/category/office" "Mozilla/5.0 (Windows NT 6.1; WOW64) AppleWebKit/535.7 (KHTML, like Gecko) Chrome/16.0.912.77 Safari/535.7"
20.180.93.217 - - [17/Nov/2017:06:34:10 +0000] "GET /category/books HTTP/1.1" 200 136 "-" "Mozilla/4.0 (compatible; MSIE 8.0; Windows NT 6.1; Trident/4.0; YTB730; SLCC2; .NET CLR 2.0.50727; .NET CLR 3.5.30729; .NET CLR 3.0.30729; Media Center PC 6.0; .NET4.0C)"
116.210.150.60 - - [17/Nov/2017:06:34:15 +0000] "GET /item/sports/1884 HTTP/1.1" 200 105 "/category/sports" "Mozilla/4.0 (compatible; MSIE 8.0; Windows NT 5.1; Trident/4.0; YTB720; GTB7.2; .NET CLR 1.1.4322; .NET CLR 2.0.50727; .NET CLR 3.0.4506.2152; .NET CLR 3.5.30729)"
176.33.111.181 - - [17/Nov/2017:06:34:20 +0000] "GET /category/books?from=10 HTTP/1.1" 200 99 "/category/books?from=20" "Mozilla/5.0 (Macintosh; Intel Mac OS X 10.6; rv:9.0.1) Gecko/20100101 Firefox/9.0.1"
116.48.59.21 - - [17/Nov/2017:06:34:25 +0000] "GET /category/giftcards HTTP/1.1" 200 60 "-" "Mozilla/4.0 (compatible; MSIE 8.0; Windows NT 5.1; Trident/4.0; BTRS122159; GTB7.2; .NET CLR 1.1.4322; .NET CLR 2.0.50727; .NET CLR 3.0.04506.30; .NET CLR 3.0.4506.2152; .NET CLR 3.5.30729; BRI/2)"
60.30.84.168 - - [17/Nov/2017:06:34:30 +0000] "GET /category/computers HTTP/1.1" 200 101 "-" "Mozilla/4.0 (compatible; MSIE 8.0; Windows NT 6.1; Trident/4.0; YTB730; SLCC2; .NET CLR 2.0.50727; .NET CLR 3.5.30729; .NET CLR 3.0.30729; Media Center PC 6.0; .NET4.0C)"
148.198.144.149 - - [17/Nov/2017:06:34:35 +0000] "GET /category/software HTTP/1.1" 200 69 "-" "Mozilla/5.0 (compatible; MSIE 9.0; Windows NT 6.1; WOW64; Trident/5.0)"
196.216.204.193 - - [17/Nov/2017:06:34:40 +0000] "GET /category/toys HTTP/1.1" 200 63 "/item/books/1533" "Mozilla/5.0 (Windows NT 6.1; WOW64) AppleWebKit/535.7 (KHTML, like Gecko) Chrome/16.0.912.77 Safari/535.7"
160.156.210.144 - - [17/Nov/2017:06:34:45 +0000] "GET /item/games/1456 HTTP/1.1" 200 111 "/item/books/237" "Mozilla/5.0 (Windows NT 6.1; WOW64; rv:10.0.1) Gecko/20100101 Firefox/10.0.1"
152.123.68.77 - - [17/Nov/2017:06:34:50 +0000] "GET /category/books HTTP/1.1" 200 91 "/item/electronics/1309" "Mozilla/5.0 (Windows NT 6.0; rv:10.0.1) Gecko/20100101 Firefox/10.0.1"
136.129.115.173 - - [17/Nov/2017:06:34:55 +0000] "GET /item/giftcards/2452 HTTP/1.1" 200 53 "-" "Mozilla/5.0 (compatible; MSIE 9.0; Windows NT 6.1; WOW64; Trident/5.0)"
216.123.84.162 - - [17/Nov/2017:06:35:00 +0000] "GET /item/sports/4528 HTTP/1.1" 200 43 "/category/software" "Mozilla/5.0 (Macintosh; Intel Mac OS X 10.6; rv:9.0.1) Gecko/20100101 Firefox/9.0.1"
116.174.202.224 - - [17/Nov/2017:06:35:05 +0000] "GET /category/sports HTTP/1.1" 200 56 "-" "Mozilla/5.0 (Windows NT 6.1; WOW64) AppleWebKit/535.7 (KHTML, like Gecko) Chrome/16.0.912.77 Safari/535.7"
152.90.220.86 - - [17/Nov/2017:06:35:10 +0000] "POST /search/?c=Toys+Toys HTTP/1.1" 200 69 "/category/finance?from=10" "Mozilla/5.0 (Windows NT 6.0; rv:10.0.1) Gecko/20100101 Firefox/10.0.1"
128.87.206.114 - - [17/Nov/2017:06:35:15 +0000] "GET /item/garden/2166 HTTP/1.1" 200 139 "-" "Mozilla/5.0 (Windows NT 6.1; WOW64; rv:10.0.1) Gecko/20100101 Firefox/10.0.1"
208.126.73.169 - - [17/Nov/2017:06:35:20 +0000] "POST /search/?c=Electronics+Electronics HTTP/1.1" 200 69 "-" "Mozilla/5.0 (compatible; MSIE 9.0; Windows NT 6.1; WOW64; Trident/5.0)"
196.84.86.62 - - [17/Nov/2017:06:35:25 +0000] "GET /category/garden HTTP/1.1" 200 117 "http://www.google.com/search?ie=UTF-8&q=google&sclient=psy-ab&q=Garden&oq=Garden&aq=f&aqi=g-vL1&aql=&pbx=1&bav=on.2,or.r_gc.r_pw.r_qf.,cf.osb&biw=860&bih=180" "Mozilla/5.0 (Windows NT 6.1; WOW64) AppleWebKit/535.7 (KHTML, like Gecko) Chrome/16.0.912.77 Safari/535.7"
96.24.145.93 - - [17/Nov/2017:06:35:30 +0000] "GET /category/office HTTP/1.1" 200 46 "/item/software/2724" "Mozilla/5.0 (Windows NT 6.1; WOW64) AppleWebKit/535.11 (KHTML, like Gecko) Chrome/17.0.963.56 Safari/535.11"
208.99.126.192 - - [17/Nov/2017:06:35:35 +0000] "GET /category/electronics HTTP/1.1" 200 42 "-" "Mozilla/5.0 (iPad; CPU OS 5_0_1 like Mac OS X) AppleWebKit/534.46 (KHTML, like Gecko) Version/5.1 Mobile/9A405 Safari/7534.48.3"
84.162.134.68 - - [17/Nov/2017:06:35:40 +0000] "GET /item/jewelry/1473 HTTP/1.1" 200 48 "/item/office/1168" "Mozilla/4.0 (compatible; MSIE 8.0; Windows NT 5.1; Trident/4.0; BTRS122159; GTB7.2; .NET CLR 1.1.4322; .NET CLR 2.0.50727; .NET CLR 3.0.04506.30; .NET CLR 3.0.4506.2152; .NET CLR 3.5.30729; BRI/2)"
104.210.132.59 - - [17/Nov/2017:06:35:45 +0000] "GET /category/software HTTP/1.1" 200 109 "-" "Mozilla/5.0 (Windows NT 5.1) AppleWebKit/535.11 (KHTML, like Gecko) Chrome/17.0.963.46 Safari/535.11"
136.111.189.48 - - [17/Nov/2017:06:35:50 +0000] "GET /category/toys HTTP/1.1" 200 63 "-" "Mozilla/5.0 (Macintosh; Intel Mac OS X 10.6; rv:9.0.1) Gecko/20100101 Firefox/9.0.1"
204.186.37.92 - - [17/Nov/2017:06:35:55 +0000] "GET /category/toys HTTP/1.1" 200 40 "-" "Mozilla/4.0 (compatible; MSIE 8.0; Windows NT 6.1; WOW64; Trident/4.0; YTB730; GTB7.2; SLCC2; .NET CLR 2.0.50727; .NET CLR 3.5.30729; .NET CLR 3.0.30729; .NET4.0C; .NET4.0E; Media Center PC 6.0)"
188.129.194.215 - - [17/Nov/2017:06:36:00 +0000] "GET /category/electronics HTTP/1.1" 200 44 "-" "Mozilla/5.0 (Windows NT 6.0) AppleWebKit/535.11 (KHTML, like Gecko) Chrome/17.0.963.56 Safari/535.11"
56.153.218.154 - - [17/Nov/2017:06:36:05 +0000] "GET /category/software HTTP/1.1" 200 99 "-" "Mozilla/4.0 (compatible; MSIE 8.0; Windows NT 6.0; WOW64; Trident/4.0; GTB6; SLCC1; .NET CLR 2.0.50727; Media Center PC 5.0; .NET CLR 3.5.30729; .NET CLR 3.0.30618; .NET4.0C)"
228.210.130.193 - - [17/Nov/2017:06:36:10 +0000] "GET /category/cameras HTTP/1.1" 200 97 "-" "Mozilla/5.0 (Windows NT 6.0; rv:10.0.1) Gecko/20100101 Firefox/10.0.1"
176.210.71.83 - - [17/Nov/2017:06:36:15 +0000] "GET /category/cameras HTTP/1.1" 200 77 "/category/software" "Mozilla/5.0 (Windows NT 6.1; WOW64) AppleWebKit/535.7 (KHTML, like Gecko) Chrome/16.0.912.77 Safari/535.7"
40.27.108.131 - - [17/Nov/2017:06:36:20 +0000] "GET /category/finance HTTP/1.1" 200 71 "/category/sports" "Mozilla/5.0 (Windows NT 6.1; WOW64) AppleWebKit/535.7 (KHTML, like Gecko) Chrome/16.0.912.77 Safari/535.7"
100.66.170.80 - - [17/Nov/2017:06:36:25 +0000] "GET /category/software HTTP/1.1" 200 109 "-" "Mozilla/5.0 (Macintosh; Intel Mac OS X 10.6; rv:9.0.1) Gecko/20100101 Firefox/9.0.1"
204.117.20.72 - - [17/Nov/2017:06:36:30 +0000] "GET /category/electronics HTTP/1.1" 200 128 "-" "Mozilla/5.0 (compatible; Googlebot/2.1; +http://www.google.com/bot.html)"
220.24.100.197 - - [17/Nov/2017:06:36:35 +0000] "GET /category/garden HTTP/1.1" 200 41 "-" "Mozilla/5.0 (compatible; Googlebot/2.1; +http://www.google.com/bot.html)"
84.150.155.34 - - [17/Nov/2017:06:36:40 +0000] "GET /item/office/378 HTTP/1.1" 200 57 "-" "Mozilla/5.0 (compatible; MSIE 9.0; Windows NT 6.1; Trident/5.0)"
208.201.84.127 - - [17/Nov/2017:06:36:45 +0000] "GET /category/software HTTP/1.1" 200 99 "-" "Mozilla/4.0 (compatible; MSIE 8.0; Windows NT 6.1; WOW64; Trident/4.0; GTB7.2; SLCC2; .NET CLR 2.0.50727; .NET CLR 3.5.30729; .NET CLR 3.0.30729; Media Center PC 6.0; .NET4.0C)"
36.180.97.199 - - [17/Nov/2017:06:36:50 +0000] "GET /category/books HTTP/1.1" 200 131 "/category/sports?from=10" "Mozilla/5.0 (iPhone; CPU iPhone OS 5_0_1 like Mac OS X) AppleWebKit/534.46 (KHTML, like Gecko) Version/5.1 Mobile/9A405 Safari/7534.48.3"
116.219.67.62 - - [17/Nov/2017:06:36:55 +0000] "GET /item/games/3254 HTTP/1.1" 200 41 "/category/health" "Mozilla/4.0 (compatible; MSIE 8.0; Windows NT 6.0; WOW64; Trident/4.0; GTB6; SLCC1; .NET CLR 2.0.50727; Media Center PC 5.0; .NET CLR 3.5.30729; .NET CLR 3.0.30618; .NET4.0C)"
224.192.71.37 - - [17/Nov/2017:06:37:00 +0000] "GET /category/software HTTP/1.1" 200 56 "-" "Mozilla/5.0 (compatible; MSIE 9.0; Windows NT 6.1; WOW64; Trident/5.0)"
80.75.100.166 - - [17/Nov/2017:06:37:05 +0000] "GET /item/garden/4029 HTTP/1.1" 200 64 "/item/electronics/3162" "Mozilla/5.0 (Macintosh; Intel Mac OS X 10.6; rv:9.0.1) Gecko/20100101 Firefox/9.0.1"
148.75.141.188 - - [17/Nov/2017:06:37:10 +0000] "GET /category/software HTTP/1.1" 200 81 "-" "Mozilla/5.0 (compatible; Googlebot/2.1; +http://www.google.com/bot.html)"
140.72.172.206 - - [17/Nov/2017:06:37:15 +0000] "GET /item/software/4933 HTTP/1.1" 200 52 "/search/?c=Software" "Mozilla/5.0 (Windows NT 5.1) AppleWebKit/535.11 (KHTML, like Gecko) Chrome/17.0.963.46 Safari/535.11"
188.147.180.205 - - [17/Nov/2017:06:37:20 +0000] "GET /category/cameras?from=20 HTTP/1.1" 200 114 "-" "Mozilla/5.0 (compatible; Googlebot/2.1; +http://www.google.com/bot.html)"
160.207.59.34 - - [17/Nov/2017:06:37:25 +0000] "GET /item/software/875 HTTP/1.1" 200 132 "-" "Mozilla/4.0 (compatible; MSIE 8.0; Windows NT 5.1; Trident/4.0; BTRS122159; GTB7.2; .NET CLR 1.1.4322; .NET CLR 2.0.50727; .NET CLR 3.0.04506.30; .NET CLR 3.0.4506.2152; .NET CLR 3.5.30729; BRI/2)"
220.165.214.67 - - [17/Nov/2017:06:37:30 +0000] "GET /category/health HTTP/1.1" 200 95 "-" "Mozilla/5.0 (Windows NT 6.1; WOW64) AppleWebKit/535.11 (KHTML, like Gecko) Chrome/17.0.963.56 Safari/535.11"
40.33.157.65 - - [17/Nov/2017:06:37:35 +0000] "GET /category/software HTTP/1.1" 200 76 "http://www.google.com/search?ie=UTF-8&q=google&sclient=psy-ab&q=Software&oq=Software&aq=f&aqi=g-vL1&aql=&pbx=1&bav=on.2,or.r_gc.r_pw.r_qf.,cf.osb&biw=3382&bih=560" "Mozilla/5.0 (compatible; MSIE 9.0; Windows NT 6.1; Trident/5.0)"
180.153.208.26 - - [17/Nov/2017:06:37:40 +0000] "GET /category/software HTTP/1.1" 200 123 "-" "Mozilla/5.0 (Windows NT 6.1; WOW64; rv:10.0.1) Gecko/20100101 Firefox/10.0.1"
176.33.111.181 - - [17/Nov/2017:06:37:45 +0000] "GET /category/software HTTP/1.1" 200 56 "/category/software" "Mozilla/5.0 (Macintosh; Intel Mac OS X 10.6; rv:9.0.1) Gecko/20100101 Firefox/9.0.1"
168.183.144.126 - - [17/Nov/2017:06:37:50 +0000] "GET /item/software/3523 HTTP/1.1" 200 68 "/category/finance" "Mozilla/5.0 (compatible; MSIE 9.0; Windows NT 6.1; WOW64; Trident/5.0)"
100.18.93.108 - - [17/Nov/2017:06:37:55 +0000] "GET /item/garden/4052 HTTP/1.1" 200 88 "-" "Mozilla/5.0 (Windows NT 6.1; WOW64) AppleWebKit/535.11 (KHTML, like Gecko) Chrome/17.0.963.56 Safari/535.11"
40.63.61.211 - - [17/Nov/2017:06:38:00 +0000] "GET /category/software HTTP/1.1" 200 69 "-" "Mozilla/4.0 (compatible; MSIE 8.0; Windows NT 5.1; Trident/4.0; YTB720; GTB7.2; .NET CLR 1.1.4322; .NET CLR 2.0.50727; .NET CLR 3.0.4506.2152; .NET CLR 3.5.30729)"
44.102.75.27 - - [17/Nov/2017:06:38:05 +0000] "GET /category/games HTTP/1.1" 200 95 "/item/giftcards/357" "Mozilla/5.0 (compatible; Googlebot/2.1; +http://www.google.com/bot.html)"
72.216.215.73 - - [17/Nov/2017:06:38:10 +0000] "GET /category/computers?from=0 HTTP/1.1" 200 85 "/category/finance" "Mozilla/4.0 (compatible; MSIE 8.0; Windows NT 6.1; Trident/4.0; YTB730; SLCC2; .NET CLR 2.0.50727; .NET CLR 3.5.30729; .NET CLR 3.0.30729; Media Center PC 6.0; .NET4.0C)"
204.120.171.145 - - [17/Nov/2017:06:38:15 +0000] "GET /category/music HTTP/1.1" 200 55 "/category/books" "Mozilla/4.0 (compatible; MSIE 8.0; Windows NT 5.1; Trident/4.0; YTB720; GTB7.2; .NET CLR 1.1.4322; .NET CLR 2.0.50727; .NET CLR 3.0.4506.2152; .NET CLR 3.5.30729)"
28.129.94.208 - - [17/Nov/2017:06:38:20 +0000] "GET /item/networking/3831 HTTP/1.1" 200 85 "/item/toys/3509" "Mozilla/4.0 (compatible; MSIE 8.0; Windows NT 6.1; Trident/4.0; YTB730; SLCC2; .NET CLR 2.0.50727; .NET CLR 3.5.30729; .NET CLR 3.0.30729; Media Center PC 6.0; .NET4.0C)"
176.210.71.83 - - [17/Nov/2017:06:38:25 +0000] "GET /item/garden/1912 HTTP/1.1" 200 84 "-" "Mozilla/4.0 (compatible; MSIE 8.0; Windows NT 6.1; WOW64; Trident/4.0; GTB7.2; SLCC2; .NET CLR 2.0.50727; .NET CLR 3.5.30729; .NET CLR 3.0.30729; Media Center PC 6.0; .NET4.0C)"
32.30.60.100 - - [17/Nov/2017:06:38:30 +0000] "GET /category/toys HTTP/1.1" 200 77 "/category/software" "Mozilla/5.0 (compatible; MSIE 9.0; Windows NT 6.1; WOW64; Trident/5.0)"
100.135.99.62 - - [17/Nov/2017:06:38:35 +0000] "POST /search/?c=Books HTTP/1.1" 200 40 "-" "Mozilla/5.0 (compatible; MSIE 9.0; Windows NT 6.1; WOW64; Trident/5.0)"
100.54.120.206 - - [17/Nov/2017:06:38:40 +0000] "GET /item/finance/3901 HTTP/1.1" 200 107 "-" "Mozilla/5.0 (Windows NT 6.0; rv:10.0.1) Gecko/20100101 Firefox/10.0.1"
36.126.180.91 - - [17/Nov/2017:06:38:45 +0000] "GET /item/cameras/1329 HTTP/1.1" 200 59 "http://www.google.com/search?ie=UTF-8&q=google&sclient=psy-ab&q=Cameras+Sports&oq=Cameras+Sports&aq=f&aqi=g-vL1&aql=&pbx=1&bav=on.2,or.r_gc.r_pw.r_qf.,cf.osb&biw=3404&bih=265" "Mozilla/5.0 (Windows NT 6.0; rv:10.0.1) Gecko/20100101 Firefox/10.0.1"
220.102.98.97 - - [17/Nov/2017:06:38:50 +0000] "GET /category/books HTTP/1.1" 200 65 "-" "Mozilla/5.0 (compatible; MSIE 9.0; Windows NT 6.1; Trident/5.0)"
216.99.176.92 - - [17/Nov/2017:06:38:55 +0000] "GET /category/giftcards?from=0 HTTP/1.1" 200 81 "/category/electronics?from=0" "Mozilla/5.0 (iPad; CPU OS 5_0_1 like Mac OS X) AppleWebKit/534.46 (KHTML, like Gecko) Version/5.1 Mobile/9A405 Safari/7534.48.3"
56.180.108.75 - - [17/Nov/2017:06:39:00 +0000] "GET /category/electronics HTTP/1.1" 200 72 "/category/electronics" "Mozilla/4.0 (compatible; MSIE 8.0; Windows NT 6.1; WOW64; Trident/4.0; YTB730; GTB7.2; EasyBits GO v1.0; SLCC2; .NET CLR 2.0.50727; .NET CLR 3.5.30729; .NET CLR 3.0.30729; Media Center PC 6.0; .NET4.0C)"
148.66.143.65 - - [17/Nov/2017:06:39:05 +0000] "GET /item/software/2343 HTTP/1.1" 200 81 "/category/office" "Mozilla/5.0 (compatible; Googlebot/2.1; +http://www.google.com/bot.html)"
84.30.95.135 - - [17/Nov/2017:06:39:10 +0000] "GET /category/garden?from=20 HTTP/1.1" 200 86 "/search/?c=Garden+Electronics" "Mozilla/5.0 (compatible; MSIE 9.0; Windows NT 6.1; Trident/5.0)"
140.75.187.67 - - [17/Nov/2017:06:39:15 +0000] "GET /category/electronics HTTP/1.1" 200 84 "-" "Mozilla/5.0 (compatible; Googlebot/2.1; +http://www.google.com/bot.html)"
208.180.75.49 - - [17/Nov/2017:06:39:20 +0000] "GET /item/giftcards/357 HTTP/1.1" 200 92 "/category/software" "Mozilla/5.0 (Windows NT 6.0) AppleWebKit/535.11 (KHTML, like Gecko) Chrome/17.0.963.56 Safari/535.11"
152.51.72.184 - - [17/Nov/2017:06:39:25 +0000] "GET /category/office HTTP/1.1" 200 42 "/category/books" "Mozilla/5.0 (compatible; MSIE 9.0; Windows NT 6.1; WOW64; Trident/5.0)"
128.27.162.45 - - [17/Nov/2017:06:39:30 +0000] "GET /category/sports HTTP/1.1" 200 56 "/category/finance" "Mozilla/5.0 (iPad; CPU OS 5_0_1 like Mac OS X) AppleWebKit/534.46 (KHTML, like Gecko) Version/5.1 Mobile/9A405 Safari/7534.48.3"
28.96.205.110 - - [17/Nov/2017:06:39:35 +0000] "GET /item/games/2882 HTTP/1.1" 200 130 "/search/?c=Games+Games" "Mozilla/4.0 (compatible; MSIE 8.0; Windows NT 6.1; WOW64; Trident/4.0; YTB730; GTB7.2; SLCC2; .NET CLR 2.0.50727; .NET CLR 3.5.30729; .NET CLR 3.0.30729; .NET4.0C; .NET4.0E; Media Center PC 6.0)"
132.195.184.30 - - [17/Nov/2017:06:39:40 +0000] "GET /category/software?from=10 HTTP/1.1" 200 95 "/category/office" "Mozilla/5.0 (Macintosh; Intel Mac OS X 10.6; rv:9.0.1) Gecko/20100101 Firefox/9.0.1"
36.126.150.23 - - [17/Nov/2017:06:39:45 +0000] "GET /item/electronics/266 HTTP/1.1" 200 95 "/category/software" "Mozilla/4.0 (compatible; MSIE 8.0; Windows NT 5.1; Trident/4.0; BTRS122159; GTB7.2; .NET CLR 1.1.4322; .NET CLR 2.0.50727; .NET CLR 3.0.04506.30; .NET CLR 3.0.4506.2152; .NET CLR 3.5.30729; BRI/2)"
216.192.41.57 - - [17/Nov/2017:06:39:50 +0000] "GET /category/electronics HTTP/1.1" 200 62 "-" "Mozilla/5.0 (Windows NT 6.1; WOW64; rv:10.0.1) Gecko/20100101 Firefox/10.0.1"
56.48.140.129 - - [17/Nov/2017:06:39:55 +0000] "GET /item/books/3977 HTTP/1.1" 200 56 "-" "Mozilla/5.0 (compatible; MSIE 9.0; Windows NT 6.1; WOW64; Trident/5.0)"
48.63.222.76 - - [17/Nov/2017:06:40:00 +0000] "POST /search/?c=Software HTTP/1.1" 200 98 "/category/office" "Mozilla/5.0 (Windows NT 6.0; rv:10.0.1) Gecko/20100101 Firefox/10.0.1"
208.120.110.135 - - [17/Nov/2017:06:40:05 +0000] "GET /category/office HTTP/1.1" 200 79 "/category/garden?from=20" "Mozilla/5.0 (Windows NT 6.1; WOW64; rv:10.0.1) Gecko/20100101 Firefox/10.0.1"
80.21.83.68 - - [17/Nov/2017:06:40:10 +0000] "GET /category/books HTTP/1.1" 200 51 "-" "Mozilla/5.0 (Windows NT 6.1; WOW64) AppleWebKit/535.7 (KHTML, like Gecko) Chrome/16.0.912.77 Safari/535.7"
136.180.163.90 - - [17/Nov/2017:06:40:15 +0000] "GET /item/electronics/4030 HTTP/1.1" 200 111 "-" "Mozilla/5.0 (Windows NT 6.0; rv:10.0.1) Gecko/20100101 Firefox/10.0.1"
212.192.182.120 - - [17/Nov/2017:06:40:20 +0000] "GET /item/software/3371 HTTP/1.1" 200 121 "/search/?c=Cameras+Books" "Mozilla/5.0 (compatible; MSIE 9.0; Windows NT 6.1; Trident/5.0)"
104.141.83.168 - - [17/Nov/2017:06:40:25 +0000] "GET /item/games/4762 HTTP/1.1" 200 96 "/category/music?from=0" "Mozilla/4.0 (compatible; MSIE 8.0; Windows NT 6.1; WOW64; Trident/4.0; YTB730; GTB7.2; EasyBits GO v1.0; SLCC2; .NET CLR 2.0.50727; .NET CLR 3.5.30729; .NET CLR 3.0.30729; Media Center PC 6.0; .NET4.0C)"
56.48.140.129 - - [17/Nov/2017:06:40:30 +0000] "GET /category/cameras HTTP/1.1" 200 115 "-" "Mozilla/4.0 (compatible; MSIE 8.0; Windows NT 6.0; WOW64; Trident/4.0; GTB6; SLCC1; .NET CLR 2.0.50727; Media Center PC 5.0; .NET CLR 3.5.30729; .NET CLR 3.0.30618; .NET4.0C)"
32.126.192.64 - - [17/Nov/2017:06:40:35 +0000] "GET /category/electronics HTTP/1.1" 200 113 "-" "Mozilla/4.0 (compatible; MSIE 8.0; Windows NT 6.1; WOW64; Trident/4.0; YTB730; GTB7.2; SLCC2; .NET CLR 2.0.50727; .NET CLR 3.5.30729; .NET CLR 3.0.30729; .NET4.0C; .NET4.0E; Media Center PC 6.0)"
80.114.224.190 - - [17/Nov/2017:06:40:40 +0000] "GET /item/games/1697 HTTP/1.1" 200 63 "/category/software" "Mozilla/5.0 (Windows NT 6.1; WOW64) AppleWebKit/535.11 (KHTML, like Gecko) Chrome/17.0.963.56 Safari/535.11"
76.216.93.173 - - [17/Nov/2017:06:40:45 +0000] "POST /search/?c=Garden+Office HTTP/1.1" 200 100 "-" "Mozilla/5.0 (Macintosh; Intel Mac OS X 10.6; rv:9.0.1) Gecko/20100101 Firefox/9.0.1"
60.30.37.117 - - [17/Nov/2017:06:40:50 +0000] "GET /category/electronics HTTP/1.1" 200 113 "/category/electronics" "Mozilla/5.0 (compatible; Googlebot/2.1; +http://www.google.com/bot.html)"
24.150.47.136 - - [17/Nov/2017:06:40:55 +0000] "GET /item/electronics/287 HTTP/1.1" 200 50 "/search/?c=Electronics" "Mozilla/5.0 (compatible; MSIE 9.0; Windows NT 6.1; WOW64; Trident/5.0)"
56.36.38.124 - - [17/Nov/2017:06:41:00 +0000] "GET /category/books HTTP/1.1" 200 67 "-" "Mozilla/5.0 (iPad; CPU OS 5_0_1 like Mac OS X) AppleWebKit/534.46 (KHTML, like Gecko) Version/5.1 Mobile/9A405 Safari/7534.48.3"
160.129.152.167 - - [17/Nov/2017:06:41:05 +0000] "POST /search/?c=Electronics+Books HTTP/1.1" 200 96 "-" "Mozilla/4.0 (compatible; MSIE 8.0; Windows NT 6.0; WOW64; Trident/4.0; GTB6; SLCC1; .NET CLR 2.0.50727; Media Center PC 5.0; .NET CLR 3.5.30729; .NET CLR 3.0.30618; .NET4.0C)"
152.207.144.27 - - [17/Nov/2017:06:41:10 +0000] "GET /category/computers HTTP/1.1" 200 114 "/item/electronics/2940" "Mozilla/5.0 (compatible; MSIE 9.0; Windows NT 6.1; WOW64; Trident/5.0)"
100.48.146.116 - - [17/Nov/2017:06:41:15 +0000] "GET /item/games/3284 HTTP/1.1" 200 120 "http://www.google.com/search?ie=UTF-8&q=google&sclient=psy-ab&q=Games+Electronics&oq=Games+Electronics&aq=f&aqi=g-vL1&aql=&pbx=1&bav=on.2,or.r_gc.r_pw.r_qf.,cf.osb&biw=2427&bih=367" "Mozilla/5.0 (Windows NT 6.1; WOW64; rv:10.0.1) Gecko/20100101 Firefox/10.0.1"
56.222.168.46 - - [17/Nov/2017:06:41:20 +0000] "GET /category/electronics HTTP/1.1" 200 49 "-" "Mozilla/4.0 (compatible; MSIE 8.0; Windows NT 6.1; WOW64; Trident/4.0; YTB730; GTB7.2; SLCC2; .NET CLR 2.0.50727; .NET CLR 3.5.30729; .NET CLR 3.0.30729; .NET4.0C; .NET4.0E; Media Center PC 6.0)"
220.162.66.229 - - [17/Nov/2017:06:41:25 +0000] "GET /category/office HTTP/1.1" 200 135 "/item/electronics/953" "Mozilla/5.0 (Windows NT 6.0; rv:10.0.1) Gecko/20100101 Firefox/10.0.1"
140.102.40.156 - - [17/Nov/2017:06:41:30 +0000] "GET /category/software HTTP/1.1" 200 82 "-" "Mozilla/5.0 (Windows NT 6.0) AppleWebKit/535.11 (KHTML, like Gecko) Chrome/17.0.963.56 Safari/535.11"
176.63.110.119 - - [17/Nov/2017:06:41:35 +0000] "GET /category/giftcards?from=0 HTTP/1.1" 200 81 "/search/?c=Giftcards" "Mozilla/5.0 (Windows NT 6.1; WOW64; rv:10.0.1) Gecko/20100101 Firefox/10.0.1"
208.120.110.135 - - [17/Nov/2017:06:41:40 +0000] "GET /item/electronics/4947 HTTP/1.1" 200 124 "-" "Mozilla/5.0 (compatible; Googlebot/2.1; +http://www.google.com/bot.html)"
84.36.65.60 - - [17/Nov/2017:06:41:45 +0000] "GET /category/software HTTP/1.1" 200 72 "-" "Mozilla/5.0 (Windows NT 6.1; WOW64) AppleWebKit/535.11 (KHTML, like Gecko) Chrome/17.0.963.56 Safari/535.11"
192.228.189.65 - - [17/Nov/2017:06:41:50 +0000] "GET /category/games HTTP/1.1" 200 45 "-" "Mozilla/5.0 (compatible; MSIE 9.0; Windows NT 6.1; WOW64; Trident/5.0)"
220.99.157.29 - - [17/Nov/2017:06:41:55 +0000] "GET /category/health HTTP/1.1" 200 103 "-" "Mozilla/5.0 (compatible; MSIE 9.0; Windows NT 6.1; Trident/5.0)"
152.66.214.200 - - [17/Nov/2017:06:42:00 +0000] "GET /category/games HTTP/1.1" 200 45 "-" "Mozilla/5.0 (Macintosh; Intel Mac OS X 10.6; rv:9.0.1) Gecko/20100101 Firefox/9.0.1"
176.186.192.119 - - [17/Nov/2017:06:42:05 +0000] "GET /category/electronics HTTP/1.1" 200 102 "-" "Mozilla/5.0 (compatible; MSIE 9.0; Windows NT 6.1; WOW64; Trident/5.0)"
108.93.215.147 - - [17/Nov/2017:06:42:10 +0000] "GET /item/giftcards/3166 HTTP/1.1" 200 108 "http://www.google.com/search?ie=UTF-8&q=google&sclient=psy-ab&q=Giftcards+Electronics&oq=Giftcards+Electronics&aq=f&aqi=g-vL1&aql=&pbx=1&bav=on.2,or.r_gc.r_pw.r_qf.,cf.osb&biw=2284&bih=58" "Mozilla/4.0 (compatible; MSIE 8.0; Windows NT 6.0; WOW64; Trident/4.0; GTB6; SLCC1; .NET CLR 2.0.50727; Media Center PC 5.0; .NET CLR 3.5.30729; .NET CLR 3.0.30618; .NET4.0C)"
92.147.222.43 - - [17/Nov/2017:06:42:15 +0000] "POST /search/?c=Software HTTP/1.1" 200 50 "-" "Mozilla/5.0 (compatible; Googlebot/2.1; +http://www.google.com/bot.html)"
84.222.57.97 - - [17/Nov/2017:06:42:20 +0000] "GET /category/health HTTP/1.1" 200 120 "/category/software?from=0" "Mozilla/5.0 (Windows NT 5.1) AppleWebKit/535.11 (KHTML, like Gecko) Chrome/17.0.963.46 Safari/535.11"
192.168.159.47 - - [17/Nov/2017:06:42:25 +0000] "GET /category/software HTTP/1.1" 200 79 "-" "Mozilla/4.0 (compatible; MSIE 8.0; Windows NT 6.1; WOW64; Trident/4.0; GTB7.2; SLCC2; .NET CLR 2.0.50727; .NET CLR 3.5.30729; .NET CLR 3.0.30729; Media Center PC 6.0; .NET4.0C)"
176.228.179.33 - - [17/Nov/2017:06:42:30 +0000] "GET /category/games HTTP/1.1" 200 57 "/category/books" "Mozilla/5.0 (Macintosh; Intel Mac OS X 10.6; rv:9.0.1) Gecko/20100101 Firefox/9.0.1"
36.126.180.91 - - [17/Nov/2017:06:42:35 +0000] "GET /category/books HTTP/1.1" 200 65 "/category/software" "Mozilla/5.0 (Windows NT 6.0; rv:10.0.1) Gecko/20100101 Firefox/10.0.1"
28.27.177.180 - - [17/Nov/2017:06:42:40 +0000] "GET /category/games HTTP/1.1" 200 44 "/category/books" "Mozilla/4.0 (compatible; MSIE 8.0; Windows NT 5.1; Trident/4.0; YTB720; GTB7.2; .NET CLR 1.1.4322; .NET CLR 2.0.50727; .NET CLR 3.0.4506.2152; .NET CLR 3.5.30729)"
212.84.86.22 - - [17/Nov/2017:06:42:45 +0000] "GET /category/electronics HTTP/1.1" 200 78 "-" "Mozilla/5.0 (Windows NT 6.0; rv:10.0.1) Gecko/20100101 Firefox/10.0.1"
20.120.111.64 - - [17/Nov/2017:06:42:50 +0000] "GET /category/garden?from=20 HTTP/1.1" 200 69 "-" "Mozilla/5.0 (compatible; MSIE 9.0; Windows NT 6.1; WOW64; Trident/5.0)"
116.24.121.47 - - [17/Nov/2017:06:42:55 +0000] "GET /item/electronics/2374 HTTP/1.1" 200 96 "/search/?c=Electronics+Electronics" "Mozilla/5.0 (Windows NT 6.1; WOW64) AppleWebKit/535.11 (KHTML, like Gecko) Chrome/17.0.963.56 Safari/535.11"
76.123.219.106 - - [17/Nov/2017:06:43:00 +0000] "POST /search/?c=Toys+Toys HTTP/1.1" 200 102 "-" "Mozilla/5.0 (Windows NT 6.0; rv:10.0.1) Gecko/20100101 Firefox/10.0.1"
140.120.215.134 - - [17/Nov/2017:06:43:05 +0000] "GET /category/books HTTP/1.1" 200 94 "/search/?c=Software+Software" "Mozilla/4.0 (compatible; MSIE 8.0; Windows NT 5.1; Trident/4.0; YTB720; GTB7.2; .NET CLR 1.1.4322; .NET CLR 2.0.50727; .NET CLR 3.0.4506.2152; .NET CLR 3.5.30729)"
44.213.68.121 - - [17/Nov/2017:06:43:10 +0000] "GET /category/garden HTTP/1.1" 200 88 "/category/jewelry?from=10" "Mozilla/5.0 (Windows NT 6.1; WOW64) AppleWebKit/535.11 (KHTML, like Gecko) Chrome/17.0.963.56 Safari/535.11"
116.99.75.204 - - [17/Nov/2017:06:43:15 +0000] "GET /category/electronics HTTP/1.1" 200 105 "/item/sports/4699" "Mozilla/5.0 (Windows NT 6.1; WOW64) AppleWebKit/535.11 (KHTML, like Gecko) Chrome/17.0.963.56 Safari/535.11"
104.189.169.48 - - [17/Nov/2017:06:43:20 +0000] "GET /item/cameras/1329 HTTP/1.1" 200 59 "-" "Mozilla/5.0 (Windows NT 6.0; rv:10.0.1) Gecko/20100101 Firefox/10.0.1"
56.150.73.159 - - [17/Nov/2017:06:43:25 +0000] "GET /category/toys HTTP/1.1" 200 129 "-" "Mozilla/5.0 (compatible; MSIE 9.0; Windows NT 6.1; WOW64; Trident/5.0)"
28.129.94.208 - - [17/Nov/2017:06:43:30 +0000] "GET /item/finance/4688 HTTP/1.1" 200 96 "-" "Mozilla/5.0 (Macintosh; Intel Mac OS X 10.6; rv:9.0.1) Gecko/20100101 Firefox/9.0.1"
168.156.229.181 - - [17/Nov/2017:06:43:35 +0000] "GET /category/jewelry HTTP/1.1" 200 40 "-" "Mozilla/4.0 (compatible; MSIE 8.0; Windows NT 6.1; Trident/4.0; YTB730; SLCC2; .NET CLR 2.0.50727; .NET CLR 3.5.30729; .NET CLR 3.0.30729; Media Center PC 6.0; .NET4.0C)"
128.27.201.209 - - [17/Nov/2017:06:43:40 +0000] "GET /category/books?from=0 HTTP/1.1" 200 114 "/category/books" "Mozilla/5.0 (compatible; MSIE 9.0; Windows NT 6.1; WOW64; Trident/5.0)"
100.168.223.44 - - [17/Nov/2017:06:43:45 +0000] "GET /item/electronics/4582 HTTP/1.1" 200 48 "-" "Mozilla/4.0 (compatible; MSIE 8.0; Windows NT 5.1; Trident/4.0; YTB720; GTB7.2; .NET CLR 1.1.4322; .NET CLR 2.0.50727; .NET CLR 3.0.4506.2152; .NET CLR 3.5.30729)"
128.63.115.118 - - [17/Nov/2017:06:43:50 +0000] "GET /category/cameras HTTP/1.1" 200 77 "/category/office" "Mozilla/5.0 (Windows NT 6.0; rv:10.0.1) Gecko/20100101 Firefox/10.0.1"
140.33.212.195 - - [17/Nov/2017:06:43:55 +0000] "GET /item/games/3164 HTTP/1.1" 200 49 "http://www.google.com/search?ie=UTF-8&q=google&sclient=psy-ab&q=Games&oq=Games&aq=f&aqi=g-vL1&aql=&pbx=1&bav=on.2,or.r_gc.r_pw.r_qf.,cf.osb&biw=2681&bih=472" "Mozilla/5.0 (Windows NT 6.0; rv:10.0.1) Gecko/20100101 Firefox/10.0.1"
60.81.144.143 - - [17/Nov/2017:06:44:00 +0000] "GET /item/electronics/3545 HTTP/1.1" 200 133 "-" "Mozilla/4.0 (compatible; MSIE 8.0; Windows NT 6.1; WOW64; Trident/4.0; GTB7.2; SLCC2; .NET CLR 2.0.50727; .NET CLR 3.5.30729; .NET CLR 3.0.30729; Media Center PC 6.0; .NET4.0C)"
60.195.75.126 - - [17/Nov/2017:06:44:05 +0000] "GET /category/music HTTP/1.1" 200 61 "-" "Mozilla/5.0 (compatible; MSIE 9.0; Windows NT 6.1; Trident/5.0)"
204.162.54.90 - - [17/Nov/2017:06:44:10 +0000] "GET /item/giftcards/4757 HTTP/1.1" 200 133 "-" "Mozilla/5.0 (compatible; MSIE 9.0; Windows NT 6.1; WOW64; Trident/5.0)"
192.132.36.118 - - [17/Nov/2017:06:44:15 +0000] "GET /category/software?from=20 HTTP/1.1" 200 49 "-" "Mozilla/5.0 (compatible; Googlebot/2.1; +http://www.google.com/bot.html)"
136.54.219.130 - - [17/Nov/2017:06:44:20 +0000] "GET /item/electronics/1628 HTTP/1.1" 200 139 "/category/books?from=0" "Mozilla/4.0 (compatible; MSIE 8.0; Windows NT 6.0; WOW64; Trident/4.0; GTB6; SLCC1; .NET CLR 2.0.50727; Media Center PC 5.0; .NET CLR 3.5.30729; .NET CLR 3.0.30618; .NET4.0C)"
184.135.39.104 - - [17/Nov/2017:06:44:25 +0000] "GET /item/software/1831 HTTP/1.1" 200 69 "/category/toys" "Mozilla/4.0 (compatible; MSIE 8.0; Windows NT 6.1; WOW64; Trident/4.0; YTB730; GTB7.2; SLCC2; .NET CLR 2.0.50727; .NET CLR 3.5.30729; .NET CLR 3.0.30729; .NET4.0C; .NET4.0E; Media Center PC 6.0)"
112.219.145.202 - - [17/Nov/2017:06:44:30 +0000] "GET /category/electronics HTTP/1.1" 200 56 "/category/cameras?from=20" "Mozilla/5.0 (compatible; MSIE 9.0; Windows NT 6.1; Trident/5.0)"
204.219.223.54 - - [17/Nov/2017:06:44:35 +0000] "POST /search/?c=Books HTTP/1.1" 200 85 "-" "Mozilla/5.0 (Windows NT 5.1) AppleWebKit/535.11 (KHTML, like Gecko) Chrome/17.0.963.46 Safari/535.11"
208.180.52.36 - - [17/Nov/2017:06:44:40 +0000] "GET /category/music HTTP/1.1" 200 138 "/search/?c=Toys" "Mozilla/5.0 (Windows NT 6.1; WOW64) AppleWebKit/535.7 (KHTML, like Gecko) Chrome/16.0.912.77 Safari/535.7"
48.222.150.132 - - [17/Nov/2017:06:44:45 +0000] "GET /category/giftcards HTTP/1.1" 200 49 "/item/electronics/2426" "Mozilla/5.0 (Windows NT 6.0; rv:10.0.1) Gecko/20100101 Firefox/10.0.1"
224.27.173.79 - - [17/Nov/2017:06:44:50 +0000] "GET /item/networking/322 HTTP/1.1" 200 86 "/category/networking" "Mozilla/5.0 (Macintosh; Intel Mac OS X 10.6; rv:9.0.1) Gecko/20100101 Firefox/9.0.1"
104.24.39.126 - - [17/Nov/2017:06:44:55 +0000] "POST /search/?c=Books+Networking HTTP/1.1" 200 82 "/category/games" "Mozilla/5.0 (compatible; MSIE 9.0; Windows NT 6.1; WOW64; Trident/5.0)"
56.222.168.46 - - [17/Nov/2017:06:45:00 +0000] "GET /category/health HTTP/1.1" 200 59 "-" "Mozilla/4.0 (compatible; MSIE 8.0; Windows NT 5.1; Trident/4.0; BTRS122159; GTB7.2; .NET CLR 1.1.4322; .NET CLR 2.0.50727; .NET CLR 3.0.04506.30; .NET CLR 3.0.4506.2152; .NET CLR 3.5.30729; BRI/2)"
196.138.160.145 - - [17/Nov/2017:06:45:05 +0000] "POST /search/?c=Finance HTTP/1.1" 200 85 "/category/books" "Mozilla/5.0 (Windows NT 6.0) AppleWebKit/535.11 (KHTML, like Gecko) Chrome/17.0.963.56 Safari/535.11"
88.87.28.220 - - [17/Nov/2017:06:45:10 +0000] "GET /item/books/3487 HTTP/1.1" 200 92 "/search/?c=Books+Finance" "Mozilla/5.0 (Windows NT 6.1; WOW64) AppleWebKit/535.11 (KHTML, like Gecko) Chrome/17.0.963.56 Safari/535.11"
56.51.48.185 - - [17/Nov/2017:06:45:15 +0000] "POST /search/?c=Software HTTP/1.1" 200 126 "/category/books" "Mozilla/5.0 (Windows NT 6.0; rv:10.0.1) Gecko/20100101 Firefox/10.0.1"
176.210.71.83 - - [17/Nov/2017:06:45:20 +0000] "GET /category/software HTTP/1.1" 200 109 "-" "Mozilla/5.0 (compatible; Googlebot/2.1; +http://www.google.com/bot.html)"
188.165.183.191 - - [17/Nov/2017:06:45:25 +0000] "GET /category/jewelry HTTP/1.1" 200 48 "-" "Mozilla/4.0 (compatible; MSIE 8.0; Windows NT 5.1; Trident/4.0; YTB720; GTB7.2; .NET CLR 1.1.4322; .NET CLR 2.0.50727; .NET CLR 3.0.4506.2152; .NET CLR 3.5.30729)"
100.48.146.116 - - [17/Nov/2017:06:45:30 +0000] "GET /item/electronics/2451 HTTP/1.1" 200 108 "/category/games?from=20" "Mozilla/4.0 (compatible; MSIE 8.0; Windows NT 6.1; Trident/4.0; YTB730; SLCC2; .NET CLR 2.0.50727; .NET CLR 3.5.30729; .NET CLR 3.0.30729; Media Center PC 6.0; .NET4.0C)"
140.204.32.148 - - [17/Nov/2017:06:45:35 +0000] "GET /category/games HTTP/1.1" 200 89 "-" "Mozilla/5.0 (iPad; CPU OS 5_0_1 like Mac OS X) AppleWebKit/534.46 (KHTML, like Gecko) Version/5.1 Mobile/9A405 Safari/7534.48.3"
148.108.60.129 - - [17/Nov/2017:06:45:40 +0000] "GET /item/software/3387 HTTP/1.1" 200 121 "/category/electronics" "Mozilla/5.0 (Windows NT 6.0; rv:10.0.1) Gecko/20100101 Firefox/10.0.1"
44.213.68.121 - - [17/Nov/2017:06:45:45 +0000] "GET /item/electronics/1344 HTTP/1.1" 200 61 "/category/software" "Mozilla/5.0 (Macintosh; Intel Mac OS X 10.6; rv:9.0.1) Gecko/20100101 Firefox/9.0.1"
120.189.102.122 - - [17/Nov/2017:06:45:50 +0000] "GET /item/books/3156 HTTP/1.1" 200 102 "/category/books" "Mozilla/5.0 (Windows NT 6.0; rv:10.0.1) Gecko/20100101 Firefox/10.0.1"
156.168.77.168 - - [17/Nov/2017:06:45:55 +0000] "GET /item/games/4604 HTTP/1.1" 200 54 "-" "Mozilla/5.0 (Windows NT 6.1; WOW64) AppleWebKit/535.7 (KHTML, like Gecko) Chrome/16.0.912.77 Safari/535.7"
84.192.102.111 - - [17/Nov/2017:06:46:00 +0000] "GET /category/jewelry HTTP/1.1" 200 40 "-" "Mozilla/5.0 (compatible; MSIE 9.0; Windows NT 6.1; Trident/5.0)"
64.138.87.214 - - [17/Nov/2017:06:46:05 +0000] "GET /category/computers HTTP/1.1" 200 101 "/category/books" "Mozilla/5.0 (Windows NT 6.1; WOW64) AppleWebKit/535.11 (KHTML, like Gecko) Chrome/17.0.963.56 Safari/535.11"
104.111.99.133 - - [17/Nov/2017:06:46:10 +0000] "GET /item/software/2343 HTTP/1.1" 200 81 "/category/office" "Mozilla/5.0 (Windows NT 6.1; WOW64; rv:10.0.1) Gecko/20100101 Firefox/10.0.1"
144.129.150.26 - - [17/Nov/2017:06:46:15 +0000] "GET /category/health?from=10 HTTP/1.1" 200 89 "/category/computers" "Mozilla/4.0 (compatible; MSIE 8.0; Windows NT 6.1; WOW64; Trident/4.0; YTB730; GTB7.2; SLCC2; .NET CLR 2.0.50727; .NET CLR 3.5.30729; .NET CLR 3.0.30729; .NET4.0C; .NET4.0E; Media Center PC 6.0)"
156.90.25.118 - - [17/Nov/2017:06:46:20 +0000] "GET /category/electronics HTTP/1.1" 200 77 "/category/finance" "Mozilla/4.0 (compatible; MSIE 8.0; Windows NT 6.1; WOW64; Trident/4.0; YTB730; GTB7.2; SLCC2; .NET CLR 2.0.50727; .NET CLR 3.5.30729; .NET CLR 3.0.30729; .NET4.0C; .NET4.0E; Media Center PC 6.0)"
180.225.166.107 - - [17/Nov/2017:06:46:25 +0000] "GET /category/toys HTTP/1.1" 200 109 "/item/music/4221" "Mozilla/5.0 (Macintosh; Intel Mac OS X 10.6; rv:9.0.1) Gecko/20100101 Firefox/9.0.1"
20.165.89.171 - - [17/Nov/2017:06:46:30 +0000] "GET /item/electronics/261 HTTP/1.1" 200 70 "/category/software" "Mozilla/5.0 (Windows NT 6.0) AppleWebKit/535.11 (KHTML, like Gecko) Chrome/17.0.963.56 Safari/535.11"
184.189.139.105 - - [17/Nov/2017:06:46:35 +0000] "GET /item/computers/1106 HTTP/1.1" 200 57 "/search/?c=Computers+Books" "Mozilla/5.0 (Macintosh; Intel Mac OS X 10.6; rv:9.0.1) Gecko/20100101 Firefox/9.0.1"
36.180.97.199 - - [17/Nov/2017:06:46:40 +0000] "GET /category/software HTTP/1.1" 200 81 "-" "Mozilla/5.0 (iPhone; CPU iPhone OS 5_0_1 like Mac OS X) AppleWebKit/534.46 (KHTML, like Gecko) Version/5.1 Mobile/9A405 Safari/7534.48.3"
36.75.71.169 - - [17/Nov/2017:06:46:45 +0000] "GET /item/garden/1220 HTTP/1.1" 200 112 "/category/electronics" "Mozilla/5.0 (Windows NT 6.0; rv:10.0.1) Gecko/20100101 Firefox/10.0.1"
24.99.27.123 - - [17/Nov/2017:06:46:50 +0000] "GET /category/software HTTP/1.1" 200 56 "-" "Mozilla/5.0 (compatible; MSIE 9.0; Windows NT 6.1; WOW64; Trident/5.0)"
124.87.214.172 - - [17/Nov/2017:06:46:55 +0000] "GET /item/games/3868 HTTP/1.1" 200 98 "/category/electronics" "Mozilla/5.0 (Windows NT 6.1; WOW64) AppleWebKit/535.11 (KHTML, like Gecko) Chrome/17.0.963.56 Safari/535.11"
96.69.168.141 - - [17/Nov/2017:06:47:00 +0000] "GET /category/software HTTP/1.1" 200 128 "/search/?c=Music+Giftcards" "Mozilla/5.0 (compatible; MSIE 9.0; Windows NT 6.1; WOW64; Trident/5.0)"
64.30.21.149 - - [17/Nov/2017:06:47:05 +0000] "GET /category/office HTTP/1.1" 200 117 "-" "Mozilla/5.0 (compatible; Googlebot/2.1; +http://www.google.com/bot.html)"
100.186.30.119 - - [17/Nov/2017:06:47:10 +0000] "GET /category/jewelry HTTP/1.1" 200 40 "http://www.google.com/search?ie=UTF-8&q=google&sclient=psy-ab&q=Jewelry+Software&oq=Jewelry+Software&aq=f&aqi=g-vL1&aql=&pbx=1&bav=on.2,or.r_gc.r_pw.r_qf.,cf.osb&biw=2355&bih=115" "Mozilla/4.0 (compatible; MSIE 8.0; Windows NT 6.1; WOW64; Trident/4.0; YTB730; GTB7.2; SLCC2; .NET CLR 2.0.50727; .NET CLR 3.5.30729; .NET CLR 3.0.30729; .NET4.0C; .NET4.0E; Media Center PC 6.0)"
40.111.117.84 - - [17/Nov/2017:06:47:15 +0000] "GET /category/books?from=20 HTTP/1.1" 200 86 "/category/garden" "Mozilla/5.0 (compatible; MSIE 9.0; Windows NT 6.1; WOW64; Trident/5.0)"
184.198.208.220 - - [17/Nov/2017:06:47:20 +0000] "GET /item/electronics/695 HTTP/1.1" 200 125 "/item/networking/4174" "Mozilla/5.0 (Windows NT 5.1) AppleWebKit/535.11 (KHTML, like Gecko) Chrome/17.0.963.46 Safari/535.11"
144.180.166.148 - - [17/Nov/2017:06:47:25 +0000] "GET /category/computers?from=0 HTTP/1.1" 200 40 "/category/software?from=20" "Mozilla/4.0 (compatible; MSIE 8.0; Windows NT 6.1; Trident/4.0; YTB730; SLCC2; .NET CLR 2.0.50727; .NET CLR 3.5.30729; .NET CLR 3.0.30729; Media Center PC 6.0; .NET4.0C)"
152.120.32.93 - - [17/Nov/2017:06:47:30 +0000] "GET /category/books HTTP/1.1" 200 51 "/item/games/4058" "Mozilla/4.0 (compatible; MSIE 8.0; Windows NT 5.1; Trident/4.0; BTRS122159; GTB7.2; .NET CLR 1.1.4322; .NET CLR 2.0.50727; .NET CLR 3.0.04506.30; .NET CLR 3.0.4506.2152; .NET CLR 3.5.30729; BRI/2)"
68.111.65.149 - - [17/Nov/2017:06:47:35 +0000] "GET /category/giftcards HTTP/1.1" 200 138 "-" "Mozilla/5.0 (Macintosh; Intel Mac OS X 10.6; rv:9.0.1) Gecko/20100101 Firefox/9.0.1"
144.27.80.155 - - [17/Nov/2017:06:47:40 +0000] "GET /item/office/1168 HTTP/1.1" 200 135 "/category/books" "Mozilla/4.0 (compatible; MSIE 8.0; Windows NT 6.1; WOW64; Trident/4.0; GTB7.2; SLCC2; .NET CLR 2.0.50727; .NET CLR 3.5.30729; .NET CLR 3.0.30729; Media Center PC 6.0; .NET4.0C)"
68.207.95.201 - - [17/Nov/2017:06:47:45 +0000] "POST /search/?c=Computers+Jewelry HTTP/1.1" 200 81 "/category/health" "Mozilla/4.0 (compatible; MSIE 8.0; Windows NT 6.1; WOW64; Trident/4.0; YTB730; GTB7.2; SLCC2; .NET CLR 2.0.50727; .NET CLR 3.5.30729; .NET CLR 3.0.30729; .NET4.0C; .NET4.0E; Media Center PC 6.0)"
72.165.89.172 - - [17/Nov/2017:06:47:50 +0000] "GET /category/networking HTTP/1.1" 200 46 "-" "Mozilla/4.0 (compatible; MSIE 8.0; Windows NT 6.1; Trident/4.0; YTB730; SLCC2; .NET CLR 2.0.50727; .NET CLR 3.5.30729; .NET CLR 3.0.30729; Media Center PC 6.0; .NET4.0C)"
228.111.87.205 - - [17/Nov/2017:06:47:55 +0000] "GET /category/office HTTP/1.1" 200 133 "-" "Mozilla/5.0 (Macintosh; Intel Mac OS X 10.6; rv:9.0.1) Gecko/20100101 Firefox/9.0.1"
208.21.55.191 - - [17/Nov/2017:06:48:00 +0000] "GET /category/cameras?from=10 HTTP/1.1" 200 72 "/category/networking" "Mozilla/4.0 (compatible; MSIE 8.0; Windows NT 5.1; Trident/4.0; YTB720; GTB7.2; .NET CLR 1.1.4322; .NET CLR 2.0.50727; .NET CLR 3.0.4506.2152; .NET CLR 3.5.30729)"
164.165.47.101 - - [17/Nov/2017:06:48:05 +0000] "GET /item/cameras/1442 HTTP/1.1" 200 56 "-" "Mozilla/5.0 (Windows NT 6.1; WOW64) AppleWebKit/535.7 (KHTML, like Gecko) Chrome/16.0.912.77 Safari/535.7"
200.69.111.217 - - [17/Nov/2017:06:48:10 +0000] "GET /category/computers?from=0 HTTP/1.1" 200 85 "/category/computers" "Mozilla/5.0 (compatible; MSIE 9.0; Windows NT 6.1; WOW64; Trident/5.0)"
112.93.23.140 - - [17/Nov/2017:06:48:15 +0000] "GET /category/software HTTP/1.1" 200 94 "/item/books/570" "Mozilla/5.0 (Windows NT 6.0; rv:10.0.1) Gecko/20100101 Firefox/10.0.1"
60.27.59.177 - - [17/Nov/2017:06:48:20 +0000] "GET /category/software HTTP/1.1" 200 137 "-" "Mozilla/5.0 (Macintosh; Intel Mac OS X 10.6; rv:9.0.1) Gecko/20100101 Firefox/9.0.1"
44.159.148.20 - - [17/Nov/2017:06:48:25 +0000] "GET /item/electronics/3940 HTTP/1.1" 200 139 "/item/games/3491" "Mozilla/4.0 (compatible; MSIE 8.0; Windows NT 6.1; WOW64; Trident/4.0; GTB7.2; SLCC2; .NET CLR 2.0.50727; .NET CLR 3.5.30729; .NET CLR 3.0.30729; Media Center PC 6.0; .NET4.0C)"
64.207.189.196 - - [17/Nov/2017:06:48:30 +0000] "GET /category/software HTTP/1.1" 200 104 "-" "Mozilla/5.0 (Windows NT 6.0; rv:10.0.1) Gecko/20100101 Firefox/10.0.1"
208.180.75.49 - - [17/Nov/2017:06:48:35 +0000] "GET /item/books/1869 HTTP/1.1" 200 134 "http://www.google.com/search?ie=UTF-8&q=google&sclient=psy-ab&q=Books+Electronics&oq=Books+Electronics&aq=f&aqi=g-vL1&aql=&pbx=1&bav=on.2,or.r_gc.r_pw.r_qf.,cf.osb&biw=1857&bih=338" "Mozilla/5.0 (Windows NT 6.0; rv:10.0.1) Gecko/20100101 Firefox/10.0.1"
88.228.128.46 - - [17/Nov/2017:06:48:40 +0000] "GET /category/software HTTP/1.1" 200 92 "-" "Mozilla/5.0 (compatible; MSIE 9.0; Windows NT 6.1; WOW64; Trident/5.0)"
176.69.116.108 - - [17/Nov/2017:06:48:45 +0000] "GET /item/software/2 HTTP/1.1" 200 139 "/category/garden?from=0" "Mozilla/5.0 (iPhone; CPU iPhone OS 5_0_1 like Mac OS X) AppleWebKit/534.46 (KHTML, like Gecko) Version/5.1 Mobile/9A405 Safari/7534.48.3"
144.99.170.128 - - [17/Nov/2017:06:48:50 +0000] "GET /item/electronics/1679 HTTP/1.1" 200 70 "/category/games" "Mozilla/5.0 (Windows NT 6.0) AppleWebKit/535.11 (KHTML, like Gecko) Chrome/17.0.963.56 Safari/535.11"
40.36.205.118 - - [17/Nov/2017:06:48:55 +0000] "GET /item/giftcards/4236 HTTP/1.1" 200 71 "/category/office" "Mozilla/4.0 (compatible; MSIE 8.0; Windows NT 6.0; WOW64; Trident/4.0; GTB6; SLCC1; .NET CLR 2.0.50727; Media Center PC 5.0; .NET CLR 3.5.30729; .NET CLR 3.0.30618; .NET4.0C)"
56.150.202.109 - - [17/Nov/2017:06:49:00 +0000] "GET /category/electronics HTTP/1.1" 200 115 "-" "Mozilla/5.0 (Windows NT 6.1; WOW64) AppleWebKit/535.11 (KHTML, like Gecko) Chrome/17.0.963.56 Safari/535.11"
128.87.206.114 - - [17/Nov/2017:06:49:05 +0000] "GET /category/electronics HTTP/1.1" 200 61 "/category/cameras" "Mozilla/5.0 (Windows NT 6.0; rv:10.0.1) Gecko/20100101 Firefox/10.0.1"
192.228.189.65 - - [17/Nov/2017:06:49:10 +0000] "GET /item/sports/1884 HTTP/1.1" 200 105 "/item/music/1760" "Mozilla/5.0 (Windows NT 6.1; WOW64) AppleWebKit/535.7 (KHTML, like Gecko) Chrome/16.0.912.77 Safari/535.7"
112.60.139.35 - - [17/Nov/2017:06:49:15 +0000] "GET /item/music/2915 HTTP/1.1" 200 106 "-" "Mozilla/5.0 (Windows NT 6.1; WOW64) AppleWebKit/535.11 (KHTML, like Gecko) Chrome/17.0.963.56 Safari/535.11"
60.177.133.24 - - [17/Nov/2017:06:49:20 +0000] "GET /item/games/110 HTTP/1.1" 200 48 "http://www.google.com/search?ie=UTF-8&q=google&sclient=psy-ab&q=Games+Computers&oq=Games+Computers&aq=f&aqi=g-vL1&aql=&pbx=1&bav=on.2,or.r_gc.r_pw.r_qf.,cf.osb&biw=4737&bih=191" "Mozilla/5.0 (compatible; MSIE 9.0; Windows NT 6.1; WOW64; Trident/5.0)"
60.54.78.101 - - [17/Nov/2017:06:49:25 +0000] "GET /category/software HTTP/1.1" 200 130 "/category/finance" "Mozilla/5.0 (Windows NT 6.0) AppleWebKit/535.11 (KHTML, like Gecko) Chrome/17.0.963.56 Safari/535.11"
164.207.101.92 - - [17/Nov/2017:06:49:30 +0000] "GET /category/computers HTTP/1.1" 200 48 "-" "Mozilla/5.0 (Windows NT 6.1; WOW64) AppleWebKit/535.11 (KHTML, like Gecko) Chrome/17.0.963.56 Safari/535.11"
196.168.199.146 - - [17/Nov/2017:06:49:35 +0000] "GET /item/sports/2911 HTTP/1.1" 200 130 "/category/electronics" "Mozilla/5.0 (Windows NT 6.1; WOW64) AppleWebKit/535.7 (KHTML, like Gecko) Chrome/16.0.912.77 Safari/535.7"
152.45.194.229 - - [17/Nov/2017:06:49:40 +0000] "GET /item/books/757 HTTP/1.1" 200 90 "-" "Mozilla/4.0 (compatible; MSIE 8.0; Windows NT 5.1; Trident/4.0; YTB720; GTB7.2; .NET CLR 1.1.4322; .NET CLR 2.0.50727; .NET CLR 3.0.4506.2152; .NET CLR 3.5.30729)"
20.93.216.37 - - [17/Nov/2017:06:49:45 +0000] "GET /category/jewelry HTTP/1.1" 200 80 "-" "Mozilla/5.0 (Windows NT 6.0; rv:10.0.1) Gecko/20100101 Firefox/10.0.1"
164.120.51.110 - - [17/Nov/2017:06:49:50 +0000] "GET /category/electronics?from=20 HTTP/1.1" 200 63 "-" "Mozilla/5.0 (Macintosh; Intel Mac OS X 10.6; rv:9.0.1) Gecko/20100101 Firefox/9.0.1"
48.63.222.76 - - [17/Nov/2017:06:49:55 +0000] "GET /item/electronics/4512 HTTP/1.1" 200 41 "/category/cameras" "Mozilla/4.0 (compatible; MSIE 8.0; Windows NT 5.1; Trident/4.0; YTB720; GTB7.2; .NET CLR 1.1.4322; .NET CLR 2.0.50727; .NET CLR 3.0.4506.2152; .NET CLR 3.5.30729)"
84.126.82.184 - - [17/Nov/2017:06:50:00 +0000] "GET /category/games HTTP/1.1" 200 108 "-" "Mozilla/4.0 (compatible; MSIE 8.0; Windows NT 6.1; WOW64; Trident/4.0; YTB730; GTB7.2; SLCC2; .NET CLR 2.0.50727; .NET CLR 3.5.30729; .NET CLR 3.0.30729; .NET4.0C; .NET4.0E; Media Center PC 6.0)"
212.204.212.109 - - [17/Nov/2017:06:50:05 +0000] "POST /search/?c=Cameras+Finance HTTP/1.1" 200 49 "-" "Mozilla/5.0 (compatible; Googlebot/2.1; +http://www.google.com/bot.html)"
164.75.155.177 - - [17/Nov/2017:06:50:10 +0000] "GET /item/books/3757 HTTP/1.1" 200 115 "-" "Mozilla/5.0 (iPhone; CPU iPhone OS 5_0_1 like Mac OS X) AppleWebKit/534.46 (KHTML, like Gecko) Version/5.1 Mobile/9A405 Safari/7534.48.3"
136.111.189.48 - - [17/Nov/2017:06:50:15 +0000] "GET /category/music?from=10 HTTP/1.1" 200 101 "-" "Mozilla/5.0 (compatible; MSIE 9.0; Windows NT 6.1; WOW64; Trident/5.0)"
172.186.101.199 - - [17/Nov/2017:06:50:20 +0000] "GET /category/electronics HTTP/1.1" 200 96 "/category/electronics" "Mozilla/5.0 (iPad; CPU OS 5_0_1 like Mac OS X) AppleWebKit/534.46 (KHTML, like Gecko) Version/5.1 Mobile/9A405 Safari/7534.48.3"
52.39.67.99 - - [17/Nov/2017:06:50:25 +0000] "GET /category/toys HTTP/1.1" 200 132 "-" "Mozilla/5.0 (Windows NT 6.1; WOW64) AppleWebKit/535.7 (KHTML, like Gecko) Chrome/16.0.912.77 Safari/535.7"
104.69.39.75 - - [17/Nov/2017:06:50:30 +0000] "GET /category/electronics HTTP/1.1" 200 84 "/item/electronics/1911" "Mozilla/5.0 (Windows NT 6.1; WOW64) AppleWebKit/535.11 (KHTML, like Gecko) Chrome/17.0.963.56 Safari/535.11"
84.162.134.68 - - [17/Nov/2017:06:50:35 +0000] "GET /item/office/278 HTTP/1.1" 200 108 "/item/electronics/2825" "Mozilla/5.0 (compatible; MSIE 9.0; Windows NT 6.1; WOW64; Trident/5.0)"
144.180.166.148 - - [17/Nov/2017:06:50:40 +0000] "GET /item/games/2215 HTTP/1.1" 200 64 "http://www.google.com/search?ie=UTF-8&q=google&sclient=psy-ab&q=Games+Networking&oq=Games+Networking&aq=f&aqi=g-vL1&aql=&pbx=1&bav=on.2,or.r_gc.r_pw.r_qf.,cf.osb&biw=1190&bih=392" "Mozilla/5.0 (Windows NT 6.0; rv:10.0.1) Gecko/20100101 Firefox/10.0.1"
80.114.224.190 - - [17/Nov/2017:06:50:45 +0000] "GET /category/software HTTP/1.1" 200 104 "/category/electronics" "Mozilla/5.0 (Windows NT 6.0) AppleWebKit/535.11 (KHTML, like Gecko) Chrome/17.0.963.56 Safari/535.11"
224.228.152.212 - - [17/Nov/2017:06:50:50 +0000] "GET /category/books HTTP/1.1" 200 50 "/category/electronics" "Mozilla/5.0 (Windows NT 6.0; rv:10.0.1) Gecko/20100101 Firefox/10.0.1"
100.192.67.188 - - [17/Nov/2017:06:50:55 +0000] "GET /item/toys/1283 HTTP/1.1" 200 49 "/category/toys" "Mozilla/5.0 (compatible; MSIE 9.0; Windows NT 6.1; Trident/5.0)"
188.138.65.208 - - [17/Nov/2017:06:51:00 +0000] "GET /item/networking/4421 HTTP/1.1" 200 47 "/item/electronics/2426" "Mozilla/4.0 (compatible; MSIE 8.0; Windows NT 5.1; Trident/4.0; YTB720; GTB7.2; .NET CLR 1.1.4322; .NET CLR 2.0.50727; .NET CLR 3.0.4506.2152; .NET CLR 3.5.30729)"
196.165.36.208 - - [17/Nov/2017:06:51:05 +0000] "GET /category/office HTTP/1.1" 200 68 "-" "Mozilla/5.0 (Macintosh; Intel Mac OS X 10.6; rv:9.0.1) Gecko/20100101 Firefox/9.0.1"
116.153.59.162 - - [17/Nov/2017:06:51:10 +0000] "GET /category/garden?from=20 HTTP/1.1" 200 86 "/category/software" "Mozilla/5.0 (compatible; MSIE 9.0; Windows NT 6.1; WOW64; Trident/5.0)"
224.57.160.208 - - [17/Nov/2017:06:51:15 +0000] "GET /category/software HTTP/1.1" 200 99 "/item/games/1490" "Mozilla/5.0 (Windows NT 6.0) AppleWebKit/535.11 (KHTML, like Gecko) Chrome/17.0.963.56 Safari/535.11"
64.138.87.214 - - [17/Nov/2017:06:51:20 +0000] "GET /category/electronics HTTP/1.1" 200 43 "/item/software/4933" "Mozilla/5.0 (Windows NT 6.1; WOW64) AppleWebKit/535.11 (KHTML, like Gecko) Chrome/17.0.963.56 Safari/535.11"
192.183.227.24 - - [17/Nov/2017:06:51:25 +0000] "GET /category/electronics HTTP/1.1" 200 44 "/category/games" "Mozilla/4.0 (compatible; MSIE 8.0; Windows NT 6.1; Trident/4.0; YTB730; SLCC2; .NET CLR 2.0.50727; .NET CLR 3.5.30729; .NET CLR 3.0.30729; Media Center PC 6.0; .NET4.0C)"
168.156.229.181 - - [17/Nov/2017:06:51:30 +0000] "GET /category/computers?from=0 HTTP/1.1" 200 85 "-" "Mozilla/5.0 (compatible; Googlebot/2.1; +http://www.google.com/bot.html)"
52.39.67.99 - - [17/Nov/2017:06:51:35 +0000] "GET /category/office HTTP/1.1" 200 124 "/search/?c=Software+Games" "Mozilla/5.0 (iPad; CPU OS 5_0_1 like Mac OS X) AppleWebKit/534.46 (KHTML, like Gecko) Version/5.1 Mobile/9A405 Safari/7534.48.3"
144.201.149.141 - - [17/Nov/2017:06:51:40 +0000] "GET /category/giftcards HTTP/1.1" 200 99 "/category/software" "Mozilla/5.0 (Windows NT 6.0) AppleWebKit/535.11 (KHTML, like Gecko) Chrome/17.0.963.56 Safari/535.11"
148.198.144.149 - - [17/Nov/2017:06:51:45 +0000] "GET /category/music HTTP/1.1" 200 138 "-" "Mozilla/5.0 (Windows NT 6.0; rv:10.0.1) Gecko/20100101 Firefox/10.0.1"
212.168.228.88 - - [17/Nov/2017:06:51:50 +0000] "GET /category/electronics HTTP/1.1" 200 72 "/category/cameras?from=20" "Mozilla/5.0 (Windows NT 5.1) AppleWebKit/535.11 (KHTML, like Gecko) Chrome/17.0.963.46 Safari/535.11"
216.129.164.166 - - [17/Nov/2017:06:51:55 +0000] "POST /search/?c=Software+Electronics HTTP/1.1" 200 99 "-" "Mozilla/5.0 (compatible; MSIE 9.0; Windows NT 6.1; WOW64; Trident/5.0)"
176.180.122.216 - - [17/Nov/2017:06:52:00 +0000] "GET /item/books/1503 HTTP/1.1" 200 49 "-" "Mozilla/5.0 (Windows NT 6.1; WOW64; rv:10.0.1) Gecko/20100101 Firefox/10.0.1"
200.114.202.134 - - [17/Nov/2017:06:52:05 +0000] "GET /category/finance HTTP/1.1" 200 52 "-" "Mozilla/5.0 (Windows NT 6.1; WOW64; rv:10.0.1) Gecko/20100101 Firefox/10.0.1"
64.219.144.181 - - [17/Nov/2017:06:52:10 +0000] "GET /category/toys HTTP/1.1" 200 120 "-" "Mozilla/5.0 (compatible; MSIE 9.0; Windows NT 6.1; Trident/5.0)"
136.177.181.50 - - [17/Nov/2017:06:52:15 +0000] "GET /category/electronics HTTP/1.1" 200 97 "/category/finance" "Mozilla/5.0 (compatible; Googlebot/2.1; +http://www.google.com/bot.html)"
216.123.39.202 - - [17/Nov/2017:06:52:20 +0000] "GET /category/software HTTP/1.1" 200 69 "-" "Mozilla/5.0 (Windows NT 6.1; WOW64) AppleWebKit/535.11 (KHTML, like Gecko) Chrome/17.0.963.56 Safari/535.11"
40.33.157.65 - - [17/Nov/2017:06:52:25 +0000] "GET /category/electronics?from=20 HTTP/1.1" 200 97 "-" "Mozilla/5.0 (Windows NT 6.1; WOW64) AppleWebKit/535.11 (KHTML, like Gecko) Chrome/17.0.963.56 Safari/535.11"
184.144.144.34 - - [17/Nov/2017:06:52:30 +0000] "GET /category/giftcards?from=10 HTTP/1.1" 200 100 "/search/?c=Books" "Mozilla/5.0 (compatible; MSIE 9.0; Windows NT 6.1; Trident/5.0)"
148.78.49.128 - - [17/Nov/2017:06:52:35 +0000] "GET /category/electronics HTTP/1.1" 200 48 "-" "Mozilla/5.0 (compatible; MSIE 9.0; Windows NT 6.1; Trident/5.0)"
228.81.180.20 - - [17/Nov/2017:06:52:40 +0000] "GET /category/giftcards HTTP/1.1" 200 55 "/item/finance/4688" "Mozilla/5.0 (Windows NT 6.0; rv:10.0.1) Gecko/20100101 Firefox/10.0.1"
224.207.157.219 - - [17/Nov/2017:06:52:45 +0000] "GET /category/games HTTP/1.1" 200 78 "-" "Mozilla/5.0 (Windows NT 6.0; rv:10.0.1) Gecko/20100101 Firefox/10.0.1"
144.162.184.30 - - [17/Nov/2017:06:52:50 +0000] "GET /category/office HTTP/1.1" 200 128 "-" "Mozilla/5.0 (compatible; Googlebot/2.1; +http://www.google.com/bot.html)"
168.150.74.102 - - [17/Nov/2017:06:52:55 +0000] "GET /category/office HTTP/1.1" 200 69 "/category/books?from=20" "Mozilla/5.0 (Windows NT 6.0; rv:10.0.1) Gecko/20100101 Firefox/10.0.1"
24.156.128.139 - - [17/Nov/2017:06:53:00 +0000] "GET /item/books/1785 HTTP/1.1" 200 80 "/category/electronics" "Mozilla/5.0 (Windows NT 6.1; WOW64; rv:10.0.1) Gecko/20100101 Firefox/10.0.1"
60.54.88.65 - - [17/Nov/2017:06:53:05 +0000] "GET /category/electronics HTTP/1.1" 200 43 "-" "Mozilla/5.0 (Windows NT 6.1; WOW64) AppleWebKit/535.11 (KHTML, like Gecko) Chrome/17.0.963.56 Safari/535.11"
204.147.33.196 - - [17/Nov/2017:06:53:10 +0000] "GET /category/health HTTP/1.1" 200 104 "-" "Mozilla/5.0 (Windows NT 6.1; WOW64) AppleWebKit/535.11 (KHTML, like Gecko) Chrome/17.0.963.56 Safari/535.11"
36.219.69.202 - - [17/Nov/2017:06:53:15 +0000] "GET /item/software/3586 HTTP/1.1" 200 111 "-" "Mozilla/5.0 (iPhone; CPU iPhone OS 5_0_1 like Mac OS X) AppleWebKit/534.46 (KHTML, like Gecko) Version/5.1 Mobile/9A405 Safari/7534.48.3"
100.81.22.31 - - [17/Nov/2017:06:53:20 +0000] "GET /category/games HTTP/1.1" 200 83 "-" "Mozilla/5.0 (compatible; MSIE 9.0; Windows NT 6.1; Trident/5.0)"
68.33.56.24 - - [17/Nov/2017:06:53:25 +0000] "GET /item/electronics/2825 HTTP/1.1" 200 108 "/category/electronics" "Mozilla/5.0 (iPhone; CPU iPhone OS 5_0_1 like Mac OS X) AppleWebKit/534.46 (KHTML, like Gecko) Version/5.1 Mobile/9A405 Safari/7534.48.3"
116.189.197.54 - - [17/Nov/2017:06:53:30 +0000] "GET /category/software?from=20 HTTP/1.1" 200 49 "/category/software" "Mozilla/5.0 (Windows NT 6.0) AppleWebKit/535.11 (KHTML, like Gecko) Chrome/17.0.963.56 Safari/535.11"
52.219.45.68 - - [17/Nov/2017:06:53:35 +0000] "GET /category/cameras HTTP/1.1" 200 47 "/category/electronics" "Mozilla/5.0 (Windows NT 6.0) AppleWebKit/535.11 (KHTML, like Gecko) Chrome/17.0.963.56 Safari/535.11"
132.63.161.43 - - [17/Nov/2017:06:53:40 +0000] "GET /category/office HTTP/1.1" 200 109 "/item/giftcards/3907" "Mozilla/5.0 (compatible; MSIE 9.0; Windows NT 6.1; Trident/5.0)"
144.123.122.206 - - [17/Nov/2017:06:53:45 +0000] "GET /category/garden HTTP/1.1" 200 121 "-" "Mozilla/5.0 (Windows NT 6.0; rv:10.0.1) Gecko/20100101 Firefox/10.0.1"
216.192.41.57 - - [17/Nov/2017:06:53:50 +0000] "GET /category/books HTTP/1.1" 200 74 "http://www.google.com/search?ie=UTF-8&q=google&sclient=psy-ab&q=Books&oq=Books&aq=f&aqi=g-vL1&aql=&pbx=1&bav=on.2,or.r_gc.r_pw.r_qf.,cf.osb&biw=1307&bih=364" "Mozilla/4.0 (compatible; MSIE 8.0; Windows NT 5.1; Trident/4.0; YTB720; GTB7.2; .NET CLR 1.1.4322; .NET CLR 2.0.50727; .NET CLR 3.0.4506.2152; .NET CLR 3.5.30729)"
28.135.90.185 - - [17/Nov/2017:06:53:55 +0000] "GET /item/electronics/3298 HTTP/1.1" 200 93 "-" "Mozilla/5.0 (compatible; Googlebot/2.1; +http://www.google.com/bot.html)"
192.183.227.24 - - [17/Nov/2017:06:54:00 +0000] "GET /category/games?from=10 HTTP/1.1" 200 124 "/search/?c=Games+Books" "Mozilla/5.0 (compatible; Googlebot/2.1; +http://www.google.com/bot.html)"
220.99.157.29 - - [17/Nov/2017:06:54:05 +0000] "GET /category/health HTTP/1.1" 200 94 "/category/electronics" "Mozilla/5.0 (Windows NT 6.1; WOW64; rv:10.0.1) Gecko/20100101 Firefox/10.0.1"
40.21.219.95 - - [17/Nov/2017:06:54:10 +0000] "GET /category/software HTTP/1.1" 200 81 "/search/?c=Networking" "Mozilla/5.0 (compatible; MSIE 9.0; Windows NT 6.1; Trident/5.0)"
192.213.30.56 - - [17/Nov/2017:06:54:15 +0000] "GET /category/jewelry HTTP/1.1" 200 76 "-" "Mozilla/5.0 (iPad; CPU OS 5_0_1 like Mac OS X) AppleWebKit/534.46 (KHTML, like Gecko) Version/5.1 Mobile/9A405 Safari/7534.48.3"
140.33.212.195 - - [17/Nov/2017:06:54:20 +0000] "GET /item/toys/1283 HTTP/1.1" 200 49 "/item/toys/2937" "Mozilla/5.0 (Windows NT 6.1; WOW64) AppleWebKit/535.7 (KHTML, like Gecko) Chrome/16.0.912.77 Safari/535.7"
184.210.102.195 - - [17/Nov/2017:06:54:25 +0000] "GET /item/electronics/450 HTTP/1.1" 200 123 "-" "Mozilla/5.0 (Windows NT 6.0; rv:10.0.1) Gecko/20100101 Firefox/10.0.1"
96.75.214.176 - - [17/Nov/2017:06:54:30 +0000] "GET /item/software/4520 HTTP/1.1" 200 75 "/search/?c=Software+Games" "Mozilla/5.0 (Windows NT 6.0; rv:10.0.1) Gecko/20100101 Firefox/10.0.1"
220.225.191.68 - - [17/Nov/2017:06:54:35 +0000] "GET /category/jewelry HTTP/1.1" 200 138 "/item/electronics/1206" "Mozilla/5.0 (Windows NT 6.0; rv:10.0.1) Gecko/20100101 Firefox/10.0.1"
216.30.210.172 - - [17/Nov/2017:06:54:40 +0000] "GET /item/electronics/1628 HTTP/1.1" 200 139 "/category/cameras" "Mozilla/5.0 (iPad; CPU OS 5_0_1 like Mac OS X) AppleWebKit/534.46 (KHTML, like Gecko) Version/5.1 Mobile/9A405 Safari/7534.48.3"
188.42.152.136 - - [17/Nov/2017:06:54:45 +0000] "GET /item/electronics/4947 HTTP/1.1" 200 124 "-" "Mozilla/5.0 (Windows NT 5.1) AppleWebKit/535.11 (KHTML, like Gecko) Chrome/17.0.963.46 Safari/535.11"
72.45.161.107 - - [17/Nov/2017:06:54:50 +0000] "GET /item/electronics/2128 HTTP/1.1" 200 128 "/category/games" "Mozilla/5.0 (Windows NT 6.0) AppleWebKit/535.11 (KHTML, like Gecko) Chrome/17.0.963.56 Safari/535.11"
68.171.43.168 - - [17/Nov/2017:06:54:55 +0000] "GET /category/finance HTTP/1.1" 200 86 "-" "Mozilla/5.0 (Windows NT 6.0; rv:10.0.1) Gecko/20100101 Firefox/10.0.1"
140.108.166.217 - - [17/Nov/2017:06:55:00 +0000] "GET /item/cameras/1442 HTTP/1.1" 200 56 "-" "Mozilla/5.0 (Windows NT 6.0) AppleWebKit/535.11 (KHTML, like Gecko) Chrome/17.0.963.56 Safari/535.11"
116.189.197.54 - - [17/Nov/2017:06:55:05 +0000] "GET /category/electronics HTTP/1.1" 200 90 "-" "Mozilla/4.0 (compatible; MSIE 8.0; Windows NT 6.0; WOW64; Trident/4.0; GTB6; SLCC1; .NET CLR 2.0.50727; Media Center PC 5.0; .NET CLR 3.5.30729; .NET CLR 3.0.30618; .NET4.0C)"
196.165.36.208 - - [17/Nov/2017:06:55:10 +0000] "GET /category/electronics HTTP/1.1" 200 105 "-" "Mozilla/5.0 (Macintosh; Intel Mac OS X 10.6; rv:9.0.1) Gecko/20100101 Firefox/9.0.1"
208.174.27.69 - - [17/Nov/2017:06:55:15 +0000] "GET /category/music HTTP/1.1" 200 54 "-" "Mozilla/5.0 (Windows NT 6.1; WOW64) AppleWebKit/535.11 (KHTML, like Gecko) Chrome/17.0.963.56 Safari/535.11"
112.48.147.108 - - [17/Nov/2017:06:55:20 +0000] "GET /category/books HTTP/1.1" 200 51 "http://www.google.com/search?ie=UTF-8&q=google&sclient=psy-ab&q=Books&oq=Books&aq=f&aqi=g-vL1&aql=&pbx=1&bav=on.2,or.r_gc.r_pw.r_qf.,cf.osb&biw=4478&bih=110" "Mozilla/5.0 (Windows NT 6.1; WOW64) AppleWebKit/535.11 (KHTML, like Gecko) Chrome/17.0.963.56 Safari/535.11"
72.156.55.140 - - [17/Nov/2017:06:55:25 +0000] "GET /item/computers/1333 HTTP/1.1" 200 108 "/search/?c=Computers+Health" "Mozilla/4.0 (compatible; MSIE 8.0; Windows NT 5.1; Trident/4.0; BTRS122159; GTB7.2; .NET CLR 1.1.4322; .NET CLR 2.0.50727; .NET CLR 3.0.04506.30; .NET CLR 3.0.4506.2152; .NET CLR 3.5.30729; BRI/2)"
96.99.105.24 - - [17/Nov/2017:06:55:30 +0000] "GET /item/electronics/367 HTTP/1.1" 200 79 "-" "Mozilla/4.0 (compatible; MSIE 8.0; Windows NT 6.0; WOW64; Trident/4.0; GTB6; SLCC1; .NET CLR 2.0.50727; Media Center PC 5.0; .NET CLR 3.5.30729; .NET CLR 3.0.30618; .NET4.0C)"
80.69.198.127 - - [17/Nov/2017:06:55:35 +0000] "POST /search/?c=Cameras+Office HTTP/1.1" 200 71 "/item/games/3868" "Mozilla/5.0 (compatible; Googlebot/2.1; +http://www.google.com/bot.html)"
24.216.105.63 - - [17/Nov/2017:06:55:40 +0000] "GET /item/books/4619 HTTP/1.1" 200 59 "/item/books/2829" "Mozilla/4.0 (compatible; MSIE 8.0; Windows NT 5.1; Trident/4.0; BTRS122159; GTB7.2; .NET CLR 1.1.4322; .NET CLR 2.0.50727; .NET CLR 3.0.04506.30; .NET CLR 3.0.4506.2152; .NET CLR 3.5.30729; BRI/2)"
52.147.68.57 - - [17/Nov/2017:06:55:45 +0000] "GET /category/health HTTP/1.1" 200 105 "/search/?c=Software+Electronics" "Mozilla/5.0 (Windows NT 6.0; rv:10.0.1) Gecko/20100101 Firefox/10.0.1"
108.78.41.69 - - [17/Nov/2017:06:55:50 +0000] "GET /category/electronics HTTP/1.1" 200 91 "-" "Mozilla/5.0 (Windows NT 6.0; rv:10.0.1) Gecko/20100101 Firefox/10.0.1"
168.183.144.126 - - [17/Nov/2017:06:55:55 +0000] "GET /item/books/469 HTTP/1.1" 200 95 "-" "Mozilla/5.0 (compatible; Googlebot/2.1; +http://www.google.com/bot.html)"
172.51.88.88 - - [17/Nov/2017:06:56:00 +0000] "GET /item/office/4792 HTTP/1.1" 200 56 "/category/cameras" "Mozilla/4.0 (compatible; MSIE 8.0; Windows NT 6.1; WOW64; Trident/4.0; GTB7.2; SLCC2; .NET CLR 2.0.50727; .NET CLR 3.5.30729; .NET CLR 3.0.30729; Media Center PC 6.0; .NET4.0C)"
144.114.134.210 - - [17/Nov/2017:06:56:05 +0000] "GET /item/finance/4075 HTTP/1.1" 200 77 "/search/?c=Office+Office" "Mozilla/5.0 (Windows NT 6.1; WOW64) AppleWebKit/535.7 (KHTML, like Gecko) Chrome/16.0.912.77 Safari/535.7"
212.219.212.37 - - [17/Nov/2017:06:56:10 +0000] "GET /category/office HTTP/1.1" 200 59 "/category/software?from=20" "Mozilla/5.0 (iPhone; CPU iPhone OS 5_0_1 like Mac OS X) AppleWebKit/534.46 (KHTML, like Gecko) Version/5.1 Mobile/9A405 Safari/7534.48.3"
104.45.160.209 - - [17/Nov/2017:06:56:15 +0000] "GET /category/finance HTTP/1.1" 200 68 "-" "Mozilla/5.0 (compatible; MSIE 9.0; Windows NT 6.1; WOW64; Trident/5.0)"
216.33.82.203 - - [17/Nov/2017:06:56:20 +0000] "GET /category/electronics HTTP/1.1" 200 47 "-" "Mozilla/4.0 (compatible; MSIE 8.0; Windows NT 6.0; WOW64; Trident/4.0; GTB6; SLCC1; .NET CLR 2.0.50727; Media Center PC 5.0; .NET CLR 3.5.30729; .NET CLR 3.0.30618; .NET4.0C)"
188.54.62.28 - - [17/Nov/2017:06:56:25 +0000] "GET /item/electronics/3545 HTTP/1.1" 200 133 "/item/garden/4383" "Mozilla/5.0 (compatible; MSIE 9.0; Windows NT 6.1; Trident/5.0)"
76.168.181.34 - - [17/Nov/2017:06:56:30 +0000] "GET /category/electronics HTTP/1.1" 200 128 "/category/computers" "Mozilla/5.0 (Windows NT 5.1) AppleWebKit/535.11 (KHTML, like Gecko) Chrome/17.0.963.46 Safari/535.11"
52.57.147.82 - - [17/Nov/2017:06:56:35 +0000] "GET /category/office HTTP/1.1" 200 87 "-" "Mozilla/5.0 (compatible; MSIE 9.0; Windows NT 6.1; Trident/5.0)"
144.159.198.187 - - [17/Nov/2017:06:56:40 +0000] "GET /item/software/992 HTTP/1.1" 200 113 "/search/?c=Software" "Mozilla/4.0 (compatible; MSIE 8.0; Windows NT 6.1; WOW64; Trident/4.0; GTB7.2; SLCC2; .NET CLR 2.0.50727; .NET CLR 3.5.30729; .NET CLR 3.0.30729; Media Center PC 6.0; .NET4.0C)"
140.63.197.40 - - [17/Nov/2017:06:56:45 +0000] "GET /item/games/2882 HTTP/1.1" 200 130 "-" "Mozilla/4.0 (compatible; MSIE 8.0; Windows NT 6.0; WOW64; Trident/4.0; GTB6; SLCC1; .NET CLR 2.0.50727; Media Center PC 5.0; .NET CLR 3.5.30729; .NET CLR 3.0.30618; .NET4.0C)"
124.180.221.151 - - [17/Nov/2017:06:56:50 +0000] "GET /item/toys/3743 HTTP/1.1" 200 46 "/category/toys" "Mozilla/5.0 (compatible; MSIE 9.0; Windows NT 6.1; Trident/5.0)"
144.225.225.182 - - [17/Nov/2017:06:56:55 +0000] "GET /category/garden HTTP/1.1" 200 87 "-" "Mozilla/5.0 (Macintosh; Intel Mac OS X 10.6; rv:9.0.1) Gecko/20100101 Firefox/9.0.1"
216.84.184.134 - - [17/Nov/2017:06:57:00 +0000] "GET /item/networking/4706 HTTP/1.1" 200 61 "-" "Mozilla/5.0 (Windows NT 6.0; rv:10.0.1) Gecko/20100101 Firefox/10.0.1"
188.54.62.28 - - [17/Nov/2017:06:57:05 +0000] "GET /item/books/335 HTTP/1.1" 200 49 "-" "Mozilla/5.0 (Windows NT 6.0) AppleWebKit/535.11 (KHTML, like Gecko) Chrome/17.0.963.56 Safari/535.11"
124.171.169.38 - - [17/Nov/2017:06:57:10 +0000] "GET /category/electronics HTTP/1.1" 200 83 "-" "Mozilla/5.0 (iPad; CPU OS 5_0_1 like Mac OS X) AppleWebKit/534.46 (KHTML, like Gecko) Version/5.1 Mobile/9A405 Safari/7534.48.3"
124.135.65.135 - - [17/Nov/2017:06:57:15 +0000] "GET /category/toys HTTP/1.1" 200 129 "-" "Mozilla/4.0 (compatible; MSIE 8.0; Windows NT 5.1; Trident/4.0; YTB720; GTB7.2; .NET CLR 1.1.4322; .NET CLR 2.0.50727; .NET CLR 3.0.4506.2152; .NET CLR 3.5.30729)"
172.126.211.27 - - [17/Nov/2017:06:57:20 +0000] "GET /category/electronics HTTP/1.1" 200 86 "-" "Mozilla/5.0 (compatible; MSIE 9.0; Windows NT 6.1; Trident/5.0)"
100.48.203.91 - - [17/Nov/2017:06:57:25 +0000] "GET /category/books HTTP/1.1" 200 65 "/category/office" "Mozilla/5.0 (Macintosh; Intel Mac OS X 10.6; rv:9.0.1) Gecko/20100101 Firefox/9.0.1"
44.36.69.119 - - [17/Nov/2017:06:57:30 +0000] "GET /category/books?from=0 HTTP/1.1" 200 103 "-" "Mozilla/5.0 (Windows NT 6.1; WOW64; rv:10.0.1) Gecko/20100101 Firefox/10.0.1"
216.123.84.162 - - [17/Nov/2017:06:57:35 +0000] "GET /category/software HTTP/1.1" 200 104 "-" "Mozilla/5.0 (iPhone; CPU iPhone OS 5_0_1 like Mac OS X) AppleWebKit/534.46 (KHTML, like Gecko) Version/5.1 Mobile/9A405 Safari/7534.48.3"
216.123.39.202 - - [17/Nov/2017:06:57:40 +0000] "GET /item/electronics/2990 HTTP/1.1" 200 69 "/category/finance" "Mozilla/4.0 (compatible; MSIE 8.0; Windows NT 6.1; Trident/4.0; YTB730; SLCC2; .NET CLR 2.0.50727; .NET CLR 3.5.30729; .NET CLR 3.0.30729; Media Center PC 6.0; .NET4.0C)"
80.21.83.68 - - [17/Nov/2017:06:57:45 +0000] "GET /category/electronics HTTP/1.1" 200 113 "/item/finance/3737" "Mozilla/5.0 (Macintosh; Intel Mac OS X 10.6; rv:9.0.1) Gecko/20100101 Firefox/9.0.1"
64.108.210.186 - - [17/Nov/2017:06:57:50 +0000] "POST /search/?c=Books HTTP/1.1" 200 114 "/item/toys/2432" "Mozilla/5.0 (compatible; Googlebot/2.1; +http://www.google.com/bot.html)"
160.222.46.45 - - [17/Nov/2017:06:57:55 +0000] "GET /category/toys?from=10 HTTP/1.1" 200 96 "/item/toys/1044" "Mozilla/5.0 (Windows NT 5.1) AppleWebKit/535.11 (KHTML, like Gecko) Chrome/17.0.963.46 Safari/535.11"
96.138.127.49 - - [17/Nov/2017:06:58:00 +0000] "GET /category/electronics HTTP/1.1" 200 59 "/item/health/4301" "Mozilla/5.0 (iPad; CPU OS 5_0_1 like Mac OS X) AppleWebKit/534.46 (KHTML, like Gecko) Version/5.1 Mobile/9A405 Safari/7534.48.3"
132.120.217.35 - - [17/Nov/2017:06:58:05 +0000] "GET /category/giftcards HTTP/1.1" 200 43 "-" "Mozilla/4.0 (compatible; MSIE 8.0; Windows NT 6.1; WOW64; Trident/4.0; GTB7.2; SLCC2; .NET CLR 2.0.50727; .NET CLR 3.5.30729; .NET CLR 3.0.30729; Media Center PC 6.0; .NET4.0C)"
128.27.201.209 - - [17/Nov/2017:06:58:10 +0000] "GET /item/office/1523 HTTP/1.1" 200 98 "/search/?c=Office+Sports" "Mozilla/5.0 (Windows NT 6.0; rv:10.0.1) Gecko/20100101 Firefox/10.0.1"
68.195.70.77 - - [17/Nov/2017:06:58:15 +0000] "GET /category/electronics HTTP/1.1" 200 72 "/item/games/1885" "Mozilla/5.0 (compatible; Googlebot/2.1; +http://www.google.com/bot.html)"
28.147.67.42 - - [17/Nov/2017:06:58:20 +0000] "GET /item/electronics/3940 HTTP/1.1" 200 139 "-" "Mozilla/5.0 (Windows NT 6.0; rv:10.0.1) Gecko/20100101 Firefox/10.0.1"
44.57.212.87 - - [17/Nov/2017:06:58:25 +0000] "GET /item/finance/1295 HTTP/1.1" 200 105 "/category/jewelry" "Mozilla/4.0 (compatible; MSIE 8.0; Windows NT 5.1; Trident/4.0; YTB720; GTB7.2; .NET CLR 1.1.4322; .NET CLR 2.0.50727; .NET CLR 3.0.4506.2152; .NET CLR 3.5.30729)"
36.126.180.91 - - [17/Nov/2017:06:58:30 +0000] "GET /category/software HTTP/1.1" 200 90 "/category/software" "Mozilla/5.0 (Windows NT 6.0; rv:10.0.1) Gecko/20100101 Firefox/10.0.1"
104.141.83.168 - - [17/Nov/2017:06:58:35 +0000] "POST /search/?c=Games+Giftcards HTTP/1.1" 200 78 "/category/software" "Mozilla/5.0 (compatible; Googlebot/2.1; +http://www.google.com/bot.html)"
192.213.30.56 - - [17/Nov/2017:06:58:40 +0000] "GET /item/sports/1656 HTTP/1.1" 200 118 "-" "Mozilla/5.0 (Macintosh; Intel Mac OS X 10.6; rv:9.0.1) Gecko/20100101 Firefox/9.0.1"
196.69.125.183 - - [17/Nov/2017:06:58:45 +0000] "GET /category/games HTTP/1.1" 200 137 "/item/books/1440" "Mozilla/5.0 (iPad; CPU OS 5_0_1 like Mac OS X) AppleWebKit/534.46 (KHTML, like Gecko) Version/5.1 Mobile/9A405 Safari/7534.48.3"
128.54.131.218 - - [17/Nov/2017:06:58:50 +0000] "GET /category/software HTTP/1.1" 200 107 "/category/music?from=10" "Mozilla/5.0 (Windows NT 6.1; WOW64) AppleWebKit/535.11 (KHTML, like Gecko) Chrome/17.0.963.56 Safari/535.11"
20.153.84.177 - - [17/Nov/2017:06:58:55 +0000] "GET /category/music HTTP/1.1" 200 82 "/item/toys/4220" "Mozilla/5.0 (Windows NT 6.1; WOW64) AppleWebKit/535.11 (KHTML, like Gecko) Chrome/17.0.963.56 Safari/535.11"
124.171.169.38 - - [17/Nov/2017:06:59:00 +0000] "GET /category/books?from=20 HTTP/1.1" 200 121 "/item/software/1531" "Mozilla/5.0 (iPhone; CPU iPhone OS 5_0_1 like Mac OS X) AppleWebKit/534.46 (KHTML, like Gecko) Version/5.1 Mobile/9A405 Safari/7534.48.3"
28.129.126.21 - - [17/Nov/2017:06:59:05 +0000] "GET /category/computers HTTP/1.1" 200 139 "/item/electronics/2049" "Mozilla/4.0 (compatible; MSIE 8.0; Windows NT 6.1; WOW64; Trident/4.0; GTB7.2; SLCC2; .NET CLR 2.0.50727; .NET CLR 3.5.30729; .NET CLR 3.0.30729; Media Center PC 6.0; .NET4.0C)"
32.162.92.58 - - [17/Nov/2017:06:59:10 +0000] "GET /category/electronics HTTP/1.1" 200 93 "-" "Mozilla/5.0 (Windows NT 6.1; WOW64; rv:10.0.1) Gecko/20100101 Firefox/10.0.1"
56.222.85.33 - - [17/Nov/2017:06:59:15 +0000] "GET /category/games HTTP/1.1" 200 114 "-" "Mozilla/5.0 (compatible; MSIE 9.0; Windows NT 6.1; Trident/5.0)"
48.75.157.55 - - [17/Nov/2017:06:59:20 +0000] "GET /item/finance/1103 HTTP/1.1" 200 109 "/search/?c=Finance+Electronics" "Mozilla/4.0 (compatible; MSIE 8.0; Windows NT 6.1; Trident/4.0; YTB730; SLCC2; .NET CLR 2.0.50727; .NET CLR 3.5.30729; .NET CLR 3.0.30729; Media Center PC 6.0; .NET4.0C)"
192.207.80.72 - - [17/Nov/2017:06:59:25 +0000] "GET /category/electronics HTTP/1.1" 200 102 "-" "Mozilla/5.0 (Windows NT 6.0; rv:10.0.1) Gecko/20100101 Firefox/10.0.1"
108.27.225.109 - - [17/Nov/2017:06:59:30 +0000] "GET /item/computers/770 HTTP/1.1" 200 105 "/category/computers" "Mozilla/5.0 (Windows NT 6.0; rv:10.0.1) Gecko/20100101 Firefox/10.0.1"
200.201.187.211 - - [17/Nov/2017:06:59:35 +0000] "GET /item/electronics/1095 HTTP/1.1" 200 106 "/item/garden/1220" "Mozilla/5.0 (Windows NT 5.1) AppleWebKit/535.11 (KHTML, like Gecko) Chrome/17.0.963.46 Safari/535.11"
136.27.27.51 - - [17/Nov/2017:06:59:40 +0000] "GET /category/electronics HTTP/1.1" 200 84 "-" "Mozilla/5.0 (Windows NT 6.1; WOW64; rv:10.0.1) Gecko/20100101 Firefox/10.0.1"
80.39.220.94 - - [17/Nov/2017:06:59:45 +0000] "GET /item/software/2724 HTTP/1.1" 200 123 "-" "Mozilla/5.0 (Windows NT 6.0) AppleWebKit/535.11 (KHTML, like Gecko) Chrome/17.0.963.56 Safari/535.11"
208.81.168.36 - - [17/Nov/2017:06:59:50 +0000] "GET /category/networking HTTP/1.1" 200 82 "-" "Mozilla/5.0 (Windows NT 6.0) AppleWebKit/535.11 (KHTML, like Gecko) Chrome/17.0.963.56 Safari/535.11"
200.225.111.124 - - [17/Nov/2017:06:59:55 +0000] "GET /category/giftcards HTTP/1.1" 200 138 "-" "Mozilla/5.0 (compatible; MSIE 9.0; Windows NT 6.1; WOW64; Trident/5.0)"
112.60.139.35 - - [17/Nov/2017:07:00:00 +0000] "GET /category/cameras?from=10 HTTP/1.1" 200 72 "/category/electronics" "Mozilla/4.0 (compatible; MSIE 8.0; Windows NT 5.1; Trident/4.0; BTRS122159; GTB7.2; .NET CLR 1.1.4322; .NET CLR 2.0.50727; .NET CLR 3.0.04506.30; .NET CLR 3.0.4506.2152; .NET CLR 3.5.30729; BRI/2)"
184.135.39.104 - - [17/Nov/2017:07:00:05 +0000] "GET /category/software HTTP/1.1" 200 49 "/item/software/530" "Mozilla/4.0 (compatible; MSIE 8.0; Windows NT 6.1; WOW64; Trident/4.0; YTB730; GTB7.2; SLCC2; .NET CLR 2.0.50727; .NET CLR 3.5.30729; .NET CLR 3.0.30729; .NET4.0C; .NET4.0E; Media Center PC 6.0)"
120.168.180.96 - - [17/Nov/2017:07:00:10 +0000] "GET /item/jewelry/1164 HTTP/1.1" 200 106 "/item/office/1523" "Mozilla/5.0 (Windows NT 6.1; WOW64; rv:10.0.1) Gecko/20100101 Firefox/10.0.1"
164.195.181.157 - - [17/Nov/2017:07:00:15 +0000] "GET /item/sports/4528 HTTP/1.1" 200 43 "/category/sports" "Mozilla/5.0 (compatible; MSIE 9.0; Windows NT 6.1; WOW64; Trident/5.0)"
76.93.187.155 - - [17/Nov/2017:07:00:20 +0000] "GET /item/games/4058 HTTP/1.1" 200 94 "/item/giftcards/2452" "Mozilla/4.0 (compatible; MSIE 8.0; Windows NT 6.1; Trident/4.0; YTB730; SLCC2; .NET CLR 2.0.50727; .NET CLR 3.5.30729; .NET CLR 3.0.30729; Media Center PC 6.0; .NET4.0C)"
120.93.127.152 - - [17/Nov/2017:07:00:25 +0000] "GET /category/sports HTTP/1.1" 200 61 "/category/electronics" "Mozilla/5.0 (compatible; MSIE 9.0; Windows NT 6.1; WOW64; Trident/5.0)"
212.222.165.164 - - [17/Nov/2017:07:00:30 +0000] "GET /category/electronics?from=10 HTTP/1.1" 200 119 "/search/?c=Electronics+Office" "Mozilla/5.0 (Macintosh; Intel Mac OS X 10.6; rv:9.0.1) Gecko/20100101 Firefox/9.0.1"
152.51.72.184 - - [17/Nov/2017:07:00:35 +0000] "POST /search/?c=Electronics HTTP/1.1" 200 73 "-" "Mozilla/5.0 (Macintosh; Intel Mac OS X 10.6; rv:9.0.1) Gecko/20100101 Firefox/9.0.1"
140.108.166.217 - - [17/Nov/2017:07:00:40 +0000] "GET /item/computers/1943 HTTP/1.1" 200 77 "/category/jewelry" "Mozilla/4.0 (compatible; MSIE 8.0; Windows NT 6.0; WOW64; Trident/4.0; GTB6; SLCC1; .NET CLR 2.0.50727; Media Center PC 5.0; .NET CLR 3.5.30729; .NET CLR 3.0.30618; .NET4.0C)"
120.93.127.152 - - [17/Nov/2017:07:00:45 +0000] "POST /search/?c=Software+Games HTTP/1.1" 200 124 "-" "Mozilla/5.0 (Windows NT 6.0; rv:10.0.1) Gecko/20100101 Firefox/10.0.1"
84.192.102.111 - - [17/Nov/2017:07:00:50 +0000] "POST /search/?c=Books+Health HTTP/1.1" 200 114 "/category/software" "Mozilla/5.0 (compatible; MSIE 9.0; Windows NT 6.1; Trident/5.0)"
84.36.65.60 - - [17/Nov/2017:07:00:55 +0000] "GET /item/electronics/261 HTTP/1.1" 200 70 "/search/?c=Electronics" "Mozilla/5.0 (compatible; Googlebot/2.1; +http://www.google.com/bot.html)"
80.96.105.54 - - [17/Nov/2017:07:01:00 +0000] "GET /category/electronics HTTP/1.1" 200 116 "/search/?c=Software+Games" "Mozilla/5.0 (compatible; MSIE 9.0; Windows NT 6.1; WOW64; Trident/5.0)"
140.216.102.224 - - [17/Nov/2017:07:01:05 +0000] "GET /item/books/335 HTTP/1.1" 200 49 "-" "Mozilla/5.0 (Macintosh; Intel Mac OS X 10.6; rv:9.0.1) Gecko/20100101 Firefox/9.0.1"
124.162.24.47 - - [17/Nov/2017:07:01:10 +0000] "POST /search/?c=Electronics HTTP/1.1" 200 130 "/category/software" "Mozilla/5.0 (Windows NT 6.0; rv:10.0.1) Gecko/20100101 Firefox/10.0.1"
140.51.85.207 - - [17/Nov/2017:07:01:15 +0000] "GET /category/software HTTP/1.1" 200 76 "/item/office/1523" "Mozilla/5.0 (compatible; MSIE 9.0; Windows NT 6.1; Trident/5.0)"
88.228.128.46 - - [17/Nov/2017:07:01:20 +0000] "GET /category/electronics HTTP/1.1" 200 98 "/category/finance" "Mozilla/5.0 (Windows NT 6.0) AppleWebKit/535.11 (KHTML, like Gecko) Chrome/17.0.963.56 Safari/535.11"
96.99.84.183 - - [17/Nov/2017:07:01:25 +0000] "GET /item/electronics/1876 HTTP/1.1" 200 54 "-" "Mozilla/5.0 (iPhone; CPU iPhone OS 5_0_1 like Mac OS X) AppleWebKit/534.46 (KHTML, like Gecko) Version/5.1 Mobile/9A405 Safari/7534.48.3"
196.162.93.51 - - [17/Nov/2017:07:01:30 +0000] "GET /category/electronics HTTP/1.1" 200 52 "-" "Mozilla/5.0 (compatible; MSIE 9.0; Windows NT 6.1; WOW64; Trident/5.0)"
116.111.183.132 - - [17/Nov/2017:07:01:35 +0000] "GET /category/cameras?from=20 HTTP/1.1" 200 99 "/item/giftcards/3275" "Mozilla/5.0 (Windows NT 6.1; WOW64) AppleWebKit/535.11 (KHTML, like Gecko) Chrome/17.0.963.56 Safari/535.11"
224.177.225.75 - - [17/Nov/2017:07:01:40 +0000] "GET /category/toys HTTP/1.1" 200 63 "-" "Mozilla/5.0 (iPad; CPU OS 5_0_1 like Mac OS X) AppleWebKit/534.46 (KHTML, like Gecko) Version/5.1 Mobile/9A405 Safari/7534.48.3"
100.168.223.44 - - [17/Nov/2017:07:01:45 +0000] "GET /category/electronics HTTP/1.1" 200 51 "-" "Mozilla/4.0 (compatible; MSIE 8.0; Windows NT 6.0; WOW64; Trident/4.0; GTB6; SLCC1; .NET CLR 2.0.50727; Media Center PC 5.0; .NET CLR 3.5.30729; .NET CLR 3.0.30618; .NET4.0C)"
188.129.194.215 - - [17/Nov/2017:07:01:50 +0000] "GET /item/computers/809 HTTP/1.1" 200 128 "/category/jewelry" "Mozilla/5.0 (compatible; MSIE 9.0; Windows NT 6.1; Trident/5.0)"
172.33.83.66 - - [17/Nov/2017:07:01:55 +0000] "GET /category/games HTTP/1.1" 200 44 "-" "Mozilla/4.0 (compatible; MSIE 8.0; Windows NT 6.0; WOW64; Trident/4.0; GTB6; SLCC1; .NET CLR 2.0.50727; Media Center PC 5.0; .NET CLR 3.5.30729; .NET CLR 3.0.30618; .NET4.0C)"
20.69.121.129 - - [17/Nov/2017:07:02:00 +0000] "GET /category/music?from=0 HTTP/1.1" 200 51 "/category/cameras" "Mozilla/4.0 (compatible; MSIE 8.0; Windows NT 5.1; Trident/4.0; BTRS122159; GTB7.2; .NET CLR 1.1.4322; .NET CLR 2.0.50727; .NET CLR 3.0.04506.30; .NET CLR 3.0.4506.2152; .NET CLR 3.5.30729; BRI/2)"
120.225.200.117 - - [17/Nov/2017:07:02:05 +0000] "GET /item/books/1440 HTTP/1.1" 200 108 "/category/games" "Mozilla/4.0 (compatible; MSIE 8.0; Windows NT 6.0; WOW64; Trident/4.0; GTB6; SLCC1; .NET CLR 2.0.50727; Media Center PC 5.0; .NET CLR 3.5.30729; .NET CLR 3.0.30618; .NET4.0C)"
60.33.34.174 - - [17/Nov/2017:07:02:10 +0000] "GET /category/software HTTP/1.1" 200 50 "/item/software/1594" "Mozilla/5.0 (compatible; MSIE 9.0; Windows NT 6.1; Trident/5.0)"
184.198.208.220 - - [17/Nov/2017:07:02:15 +0000] "GET /category/books HTTP/1.1" 200 91 "/item/cameras/2299" "Mozilla/5.0 (Windows NT 5.1) AppleWebKit/535.11 (KHTML, like Gecko) Chrome/17.0.963.46 Safari/535.11"
192.24.229.108 - - [17/Nov/2017:07:02:20 +0000] "GET /category/music HTTP/1.1" 200 84 "-" "Mozilla/5.0 (compatible; MSIE 9.0; Windows NT 6.1; Trident/5.0)"
44.36.69.119 - - [17/Nov/2017:07:02:25 +0000] "POST /search/?c=Finance+Books HTTP/1.1" 200 54 "-" "Mozilla/5.0 (Windows NT 6.1; WOW64; rv:10.0.1) Gecko/20100101 Firefox/10.0.1"
172.171.155.192 - - [17/Nov/2017:07:02:30 +0000] "GET /item/giftcards/4236 HTTP/1.1" 200 71 "/category/games" "Mozilla/5.0 (compatible; MSIE 9.0; Windows NT 6.1; Trident/5.0)"
164.195.181.157 - - [17/Nov/2017:07:02:35 +0000] "GET /category/games HTTP/1.1" 200 98 "-" "Mozilla/5.0 (compatible; MSIE 9.0; Windows NT 6.1; Trident/5.0)"
100.192.67.188 - - [17/Nov/2017:07:02:40 +0000] "GET /category/games HTTP/1.1" 200 91 "/category/books?from=10" "Mozilla/5.0 (iPad; CPU OS 5_0_1 like Mac OS X) AppleWebKit/534.46 (KHTML, like Gecko) Version/5.1 Mobile/9A405 Safari/7534.48.3"
76.222.22.161 - - [17/Nov/2017:07:02:45 +0000] "GET /category/cameras HTTP/1.1" 200 117 "-" "Mozilla/5.0 (Windows NT 6.1; WOW64; rv:10.0.1) Gecko/20100101 Firefox/10.0.1"
36.81.83.145 - - [17/Nov/2017:07:02:50 +0000] "GET /item/games/918 HTTP/1.1" 200 76 "/category/games" "Mozilla/4.0 (compatible; MSIE 8.0; Windows NT 6.0; WOW64; Trident/4.0; GTB6; SLCC1; .NET CLR 2.0.50727; Media Center PC 5.0; .NET CLR 3.5.30729; .NET CLR 3.0.30618; .NET4.0C)"
136.81.21.202 - - [17/Nov/2017:07:02:55 +0000] "GET /item/finance/3901 HTTP/1.1" 200 107 "-" "Mozilla/5.0 (Windows NT 6.0; rv:10.0.1) Gecko/20100101 Firefox/10.0.1"
20.153.84.177 - - [17/Nov/2017:07:03:00 +0000] "GET /category/games HTTP/1.1" 200 58 "/search/?c=Electronics+Books" "Mozilla/5.0 (compatible; MSIE 9.0; Windows NT 6.1; Trident/5.0)"
40.36.91.188 - - [17/Nov/2017:07:03:05 +0000] "GET /category/giftcards HTTP/1.1" 200 127 "/item/books/3757" "Mozilla/5.0 (iPhone; CPU iPhone OS 5_0_1 like Mac OS X) AppleWebKit/534.46 (KHTML, like Gecko) Version/5.1 Mobile/9A405 Safari/7534.48.3"
216.177.42.228 - - [17/Nov/2017:07:03:10 +0000] "GET /category/software?from=10 HTTP/1.1" 200 95 "-" "Mozilla/5.0 (compatible; Googlebot/2.1; +http://www.google.com/bot.html)"
92.57.122.229 - - [17/Nov/2017:07:03:15 +0000] "POST /search/?c=Toys+Games HTTP/1.1" 200 92 "-" "Mozilla/5.0 (Windows NT 6.1; WOW64) AppleWebKit/535.11 (KHTML, like Gecko) Chrome/17.0.963.56 Safari/535.11"
88.123.35.97 - - [17/Nov/2017:07:03:20 +0000] "GET /category/finance HTTP/1.1" 200 136 "-" "Mozilla/5.0 (Windows NT 6.0; rv:10.0.1) Gecko/20100101 Firefox/10.0.1"
176.27.101.193 - - [17/Nov/2017:07:03:25 +0000] "GET /item/books/180 HTTP/1.1" 200 126 "/category/jewelry" "Mozilla/5.0 (Macintosh; Intel Mac OS X 10.6; rv:9.0.1) Gecko/20100101 Firefox/9.0.1"
212.228.110.108 - - [17/Nov/2017:07:03:30 +0000] "GET /category/books HTTP/1.1" 200 65 "/category/games" "Mozilla/5.0 (compatible; Googlebot/2.1; +http://www.google.com/bot.html)"
80.144.46.167 - - [17/Nov/2017:07:03:35 +0000] "GET /category/software HTTP/1.1" 200 76 "-" "Mozilla/5.0 (iPhone; CPU iPhone OS 5_0_1 like Mac OS X) AppleWebKit/534.46 (KHTML, like Gecko) Version/5.1 Mobile/9A405 Safari/7534.48.3"
32.78.107.79 - - [17/Nov/2017:07:03:40 +0000] "GET /category/toys HTTP/1.1" 200 132 "-" "Mozilla/5.0 (Windows NT 6.1; WOW64) AppleWebKit/535.7 (KHTML, like Gecko) Chrome/16.0.912.77 Safari/535.7"
76.219.110.59 - - [17/Nov/2017:07:03:45 +0000] "GET /category/electronics HTTP/1.1" 200 67 "/item/electronics/4512" "Mozilla/4.0 (compatible; MSIE 8.0; Windows NT 5.1; Trident/4.0; YTB720; GTB7.2; .NET CLR 1.1.4322; .NET CLR 2.0.50727; .NET CLR 3.0.4506.2152; .NET CLR 3.5.30729)"
212.141.30.226 - - [17/Nov/2017:07:03:50 +0000] "GET /item/cameras/590 HTTP/1.1" 200 133 "http://www.google.com/search?ie=UTF-8&q=google&sclient=psy-ab&q=Cameras+Books&oq=Cameras+Books&aq=f&aqi=g-vL1&aql=&pbx=1&bav=on.2,or.r_gc.r_pw.r_qf.,cf.osb&biw=3136&bih=463" "Mozilla/5.0 (Macintosh; Intel Mac OS X 10.6; rv:9.0.1) Gecko/20100101 Firefox/9.0.1"
132.120.217.35 - - [17/Nov/2017:07:03:55 +0000] "POST /search/?c=Electronics+Games HTTP/1.1" 200 88 "-" "Mozilla/5.0 (Windows NT 6.1; WOW64) AppleWebKit/535.7 (KHTML, like Gecko) Chrome/16.0.912.77 Safari/535.7"
28.96.205.110 - - [17/Nov/2017:07:04:00 +0000] "GET /item/books/953 HTTP/1.1" 200 97 "/search/?c=Books+Electronics" "Mozilla/4.0 (compatible; MSIE 8.0; Windows NT 5.1; Trident/4.0; BTRS122159; GTB7.2; .NET CLR 1.1.4322; .NET CLR 2.0.50727; .NET CLR 3.0.04506.30; .NET CLR 3.0.4506.2152; .NET CLR 3.5.30729; BRI/2)"
104.141.83.168 - - [17/Nov/2017:07:04:05 +0000] "GET /category/office HTTP/1.1" 200 74 "/category/garden?from=0" "Mozilla/5.0 (Macintosh; Intel Mac OS X 10.6; rv:9.0.1) Gecko/20100101 Firefox/9.0.1"
216.123.84.162 - - [17/Nov/2017:07:04:10 +0000] "GET /category/electronics HTTP/1.1" 200 62 "/category/books" "Mozilla/5.0 (Windows NT 6.0) AppleWebKit/535.11 (KHTML, like Gecko) Chrome/17.0.963.56 Safari/535.11"
160.222.46.45 - - [17/Nov/2017:07:04:15 +0000] "GET /item/health/3601 HTTP/1.1" 200 64 "/category/sports" "Mozilla/5.0 (compatible; MSIE 9.0; Windows NT 6.1; WOW64; Trident/5.0)"
72.96.123.40 - - [17/Nov/2017:07:04:20 +0000] "GET /item/networking/3831 HTTP/1.1" 200 85 "/category/office" "Mozilla/5.0 (Windows NT 6.1; WOW64) AppleWebKit/535.11 (KHTML, like Gecko) Chrome/17.0.963.56 Safari/535.11"
20.63.176.160 - - [17/Nov/2017:07:04:25 +0000] "GET /item/software/155 HTTP/1.1" 200 61 "/category/computers" "Mozilla/5.0 (Windows NT 5.1) AppleWebKit/535.11 (KHTML, like Gecko) Chrome/17.0.963.46 Safari/535.11"
156.177.136.57 - - [17/Nov/2017:07:04:30 +0000] "GET /category/software HTTP/1.1" 200 105 "/item/health/4591" "Mozilla/4.0 (compatible; MSIE 8.0; Windows NT 6.0; WOW64; Trident/4.0; GTB6; SLCC1; .NET CLR 2.0.50727; Media Center PC 5.0; .NET CLR 3.5.30729; .NET CLR 3.0.30618; .NET4.0C)"
92.99.34.90 - - [17/Nov/2017:07:04:35 +0000] "GET /item/electronics/4642 HTTP/1.1" 200 65 "/category/software?from=0" "Mozilla/4.0 (compatible; MSIE 8.0; Windows NT 6.1; WOW64; Trident/4.0; GTB7.2; SLCC2; .NET CLR 2.0.50727; .NET CLR 3.5.30729; .NET CLR 3.0.30729; Media Center PC 6.0; .NET4.0C)"
80.39.220.94 - - [17/Nov/2017:07:04:40 +0000] "GET /category/cameras?from=20 HTTP/1.1" 200 114 "-" "Mozilla/5.0 (Windows NT 6.1; WOW64) AppleWebKit/535.7 (KHTML, like Gecko) Chrome/16.0.912.77 Safari/535.7"
184.27.50.181 - - [17/Nov/2017:07:04:45 +0000] "GET /item/sports/1884 HTTP/1.1" 200 105 "/item/games/3164" "Mozilla/5.0 (Windows NT 6.0; rv:10.0.1) Gecko/20100101 Firefox/10.0.1"
88.27.37.78 - - [17/Nov/2017:07:04:50 +0000] "GET /item/electronics/2895 HTTP/1.1" 200 47 "/category/giftcards?from=10" "Mozilla/5.0 (Windows NT 6.1; WOW64) AppleWebKit/535.11 (KHTML, like Gecko) Chrome/17.0.963.56 Safari/535.11"
196.57.59.219 - - [17/Nov/2017:07:04:55 +0000] "GET /category/books HTTP/1.1" 200 129 "-" "Mozilla/4.0 (compatible; MSIE 8.0; Windows NT 5.1; Trident/4.0; BTRS122159; GTB7.2; .NET CLR 1.1.4322; .NET CLR 2.0.50727; .NET CLR 3.0.04506.30; .NET CLR 3.0.4506.2152; .NET CLR 3.5.30729; BRI/2)"
100.150.67.191 - - [17/Nov/2017:07:05:00 +0000] "GET /category/electronics HTTP/1.1" 200 88 "-" "Mozilla/5.0 (Windows NT 6.0; rv:10.0.1) Gecko/20100101 Firefox/10.0.1"
108.93.215.147 - - [17/Nov/2017:07:05:05 +0000] "GET /category/cameras HTTP/1.1" 200 80 "-" "Mozilla/5.0 (Windows NT 6.0; rv:10.0.1) Gecko/20100101 Firefox/10.0.1"
64.108.210.186 - - [17/Nov/2017:07:05:10 +0000] "GET /item/software/3371 HTTP/1.1" 200 121 "/search/?c=Software+Electronics" "Mozilla/4.0 (compatible; MSIE 8.0; Windows NT 6.0; WOW64; Trident/4.0; GTB6; SLCC1; .NET CLR 2.0.50727; Media Center PC 5.0; .NET CLR 3.5.30729; .NET CLR 3.0.30618; .NET4.0C)"
80.39.194.34 - - [17/Nov/2017:07:05:15 +0000] "GET /item/electronics/1344 HTTP/1.1" 200 61 "-" "Mozilla/5.0 (Macintosh; Intel Mac OS X 10.6; rv:9.0.1) Gecko/20100101 Firefox/9.0.1"
48.57.162.127 - - [17/Nov/2017:07:05:20 +0000] "GET /category/electronics HTTP/1.1" 200 47 "-" "Mozilla/5.0 (iPad; CPU OS 5_0_1 like Mac OS X) AppleWebKit/534.46 (KHTML, like Gecko) Version/5.1 Mobile/9A405 Safari/7534.48.3"
128.72.166.105 - - [17/Nov/2017:07:05:25 +0000] "GET /item/toys/2937 HTTP/1.1" 200 54 "-" "Mozilla/5.0 (Windows NT 6.0; rv:10.0.1) Gecko/20100101 Firefox/10.0.1"
196.96.50.86 - - [17/Nov/2017:07:05:30 +0000] "GET /category/books HTTP/1.1" 200 67 "/search/?c=Giftcards" "Mozilla/4.0 (compatible; MSIE 8.0; Windows NT 6.1; WOW64; Trident/4.0; YTB730; GTB7.2; SLCC2; .NET CLR 2.0.50727; .NET CLR 3.5.30729; .NET CLR 3.0.30729; .NET4.0C; .NET4.0E; Media Center PC 6.0)"
192.126.144.136 - - [17/Nov/2017:07:05:35 +0000] "GET /category/office HTTP/1.1" 200 43 "-" "Mozilla/5.0 (Windows NT 6.1; WOW64; rv:10.0.1) Gecko/20100101 Firefox/10.0.1"
208.150.93.221 - - [17/Nov/2017:07:05:40 +0000] "GET /category/electronics HTTP/1.1" 200 113 "http://www.google.com/search?ie=UTF-8&q=google&sclient=psy-ab&q=Electronics+Electronics&oq=Electronics+Electronics&aq=f&aqi=g-vL1&aql=&pbx=1&bav=on.2,or.r_gc.r_pw.r_qf.,cf.osb&biw=714&bih=163" "Mozilla/5.0 (Windows NT 6.1; WOW64; rv:10.0.1) Gecko/20100101 Firefox/10.0.1"
112.159.47.221 - - [17/Nov/2017:07:05:45 +0000] "GET /category/books HTTP/1.1" 200 80 "-" "Mozilla/5.0 (Windows NT 6.1; WOW64; rv:10.0.1) Gecko/20100101 Firefox/10.0.1"
144.213.38.93 - - [17/Nov/2017:07:05:50 +0000] "GET /item/games/2694 HTTP/1.1" 200 90 "/category/games?from=0" "Mozilla/5.0 (Windows NT 6.0; rv:10.0.1) Gecko/20100101 Firefox/10.0.1"
152.216.71.152 - - [17/Nov/2017:07:05:55 +0000] "GET /category/electronics HTTP/1.1" 200 80 "/category/electronics" "Mozilla/4.0 (compatible; MSIE 8.0; Windows NT 6.1; WOW64; Trident/4.0; YTB730; GTB7.2; SLCC2; .NET CLR 2.0.50727; .NET CLR 3.5.30729; .NET CLR 3.0.30729; .NET4.0C; .NET4.0E; Media Center PC 6.0)"
148.102.155.163 - - [17/Nov/2017:07:06:00 +0000] "GET /category/electronics HTTP/1.1" 200 47 "-" "Mozilla/5.0 (compatible; Googlebot/2.1; +http://www.google.com/bot.html)"
140.69.87.26 - - [17/Nov/2017:07:06:05 +0000] "GET /item/electronics/3574 HTTP/1.1" 200 77 "/item/software/71" "Mozilla/5.0 (Windows NT 6.0) AppleWebKit/535.11 (KHTML, like Gecko) Chrome/17.0.963.56 Safari/535.11"
144.99.170.128 - - [17/Nov/2017:07:06:10 +0000] "GET /item/games/1885 HTTP/1.1" 200 83 "/category/games" "Mozilla/5.0 (compatible; Googlebot/2.1; +http://www.google.com/bot.html)"
204.147.33.196 - - [17/Nov/2017:07:06:15 +0000] "GET /category/electronics HTTP/1.1" 200 82 "http://www.google.com/search?ie=UTF-8&q=google&sclient=psy-ab&q=Electronics&oq=Electronics&aq=f&aqi=g-vL1&aql=&pbx=1&bav=on.2,or.r_gc.r_pw.r_qf.,cf.osb&biw=835&bih=217" "Mozilla/5.0 (compatible; Googlebot/2.1; +http://www.google.com/bot.html)"
176.186.192.119 - - [17/Nov/2017:07:06:20 +0000] "GET /category/office HTTP/1.1" 200 88 "/category/music" "Mozilla/5.0 (compatible; Googlebot/2.1; +http://www.google.com/bot.html)"
100.186.30.119 - - [17/Nov/2017:07:06:25 +0000] "GET /category/computers HTTP/1.1" 200 131 "-" "Mozilla/5.0 (Windows NT 6.0; rv:10.0.1) Gecko/20100101 Firefox/10.0.1"
200.168.160.120 - - [17/Nov/2017:07:06:30 +0000] "GET /item/electronics/446 HTTP/1.1" 200 44 "/category/software?from=20" "Mozilla/4.0 (compatible; MSIE 8.0; Windows NT 5.1; Trident/4.0; YTB720; GTB7.2; .NET CLR 1.1.4322; .NET CLR 2.0.50727; .NET CLR 3.0.4506.2152; .NET CLR 3.5.30729)"
52.132.50.197 - - [17/Nov/2017:07:06:35 +0000] "GET /item/giftcards/2452 HTTP/1.1" 200 53 "/item/electronics/2868" "Mozilla/4.0 (compatible; MSIE 8.0; Windows NT 6.1; WOW64; Trident/4.0; GTB7.2; SLCC2; .NET CLR 2.0.50727; .NET CLR 3.5.30729; .NET CLR 3.0.30729; Media Center PC 6.0; .NET4.0C)"
28.129.53.32 - - [17/Nov/2017:07:06:40 +0000] "GET /category/games HTTP/1.1" 200 77 "/category/networking" "Mozilla/5.0 (Windows NT 6.1; WOW64) AppleWebKit/535.11 (KHTML, like Gecko) Chrome/17.0.963.56 Safari/535.11"
36.126.150.23 - - [17/Nov/2017:07:06:45 +0000] "GET /item/electronics/4339 HTTP/1.1" 200 55 "/category/electronics" "Mozilla/4.0 (compatible; MSIE 8.0; Windows NT 6.1; WOW64; Trident/4.0; YTB730; GTB7.2; SLCC2; .NET CLR 2.0.50727; .NET CLR 3.5.30729; .NET CLR 3.0.30729; .NET4.0C; .NET4.0E; Media Center PC 6.0)"
216.192.41.57 - - [17/Nov/2017:07:06:50 +0000] "GET /item/electronics/2524 HTTP/1.1" 200 57 "/item/software/1950" "Mozilla/5.0 (Windows NT 6.1; WOW64; rv:10.0.1) Gecko/20100101 Firefox/10.0.1"
224.153.72.151 - - [17/Nov/2017:07:06:55 +0000] "GET /category/electronics HTTP/1.1" 200 79 "-" "Mozilla/5.0 (Windows NT 5.1) AppleWebKit/535.11 (KHTML, like Gecko) Chrome/17.0.963.46 Safari/535.11"
100.45.176.200 - - [17/Nov/2017:07:07:00 +0000] "GET /item/electronics/4807 HTTP/1.1" 200 121 "/category/giftcards" "Mozilla/4.0 (compatible; MSIE 8.0; Windows NT 5.1; Trident/4.0; BTRS122159; GTB7.2; .NET CLR 1.1.4322; .NET CLR 2.0.50727; .NET CLR 3.0.04506.30; .NET CLR 3.0.4506.2152; .NET CLR 3.5.30729; BRI/2)"
196.186.196.93 - - [17/Nov/2017:07:07:05 +0000] "GET /category/finance HTTP/1.1" 200 91 "/category/software" "Mozilla/4.0 (compatible; MSIE 8.0; Windows NT 6.1; Trident/4.0; YTB730; SLCC2; .NET CLR 2.0.50727; .NET CLR 3.5.30729; .NET CLR 3.0.30729; Media Center PC 6.0; .NET4.0C)"
100.168.223.44 - - [17/Nov/2017:07:07:10 +0000] "GET /category/software?from=0 HTTP/1.1" 200 66 "-" "Mozilla/4.0 (compatible; MSIE 8.0; Windows NT 5.1; Trident/4.0; BTRS122159; GTB7.2; .NET CLR 1.1.4322; .NET CLR 2.0.50727; .NET CLR 3.0.04506.30; .NET CLR 3.0.4506.2152; .NET CLR 3.5.30729; BRI/2)"
220.81.172.204 - - [17/Nov/2017:07:07:15 +0000] "GET /item/software/1017 HTTP/1.1" 200 109 "/category/garden" "Mozilla/4.0 (compatible; MSIE 8.0; Windows NT 6.1; WOW64; Trident/4.0; GTB7.2; SLCC2; .NET CLR 2.0.50727; .NET CLR 3.5.30729; .NET CLR 3.0.30729; Media Center PC 6.0; .NET4.0C)"
120.144.87.152 - - [17/Nov/2017:07:07:20 +0000] "GET /category/software HTTP/1.1" 200 56 "/item/office/378" "Mozilla/5.0 (iPad; CPU OS 5_0_1 like Mac OS X) AppleWebKit/534.46 (KHTML, like Gecko) Version/5.1 Mobile/9A405 Safari/7534.48.3"
132.66.131.85 - - [17/Nov/2017:07:07:25 +0000] "GET /category/networking HTTP/1.1" 200 74 "-" "Mozilla/5.0 (Windows NT 6.1; WOW64) AppleWebKit/535.7 (KHTML, like Gecko) Chrome/16.0.912.77 Safari/535.7"
48.90.222.139 - - [17/Nov/2017:07:07:30 +0000] "GET /category/software HTTP/1.1" 200 56 "/item/software/3887" "Mozilla/5.0 (Macintosh; Intel Mac OS X 10.6; rv:9.0.1) Gecko/20100101 Firefox/9.0.1"
148.219.89.124 - - [17/Nov/2017:07:07:35 +0000] "GET /item/software/2490 HTTP/1.1" 200 51 "/search/?c=Software+Jewelry" "Mozilla/5.0 (compatible; MSIE 9.0; Windows NT 6.1; WOW64; Trident/5.0)"
156.168.77.168 - - [17/Nov/2017:07:07:40 +0000] "GET /item/games/3868 HTTP/1.1" 200 98 "/search/?c=Books+Health" "Mozilla/5.0 (compatible; MSIE 9.0; Windows NT 6.1; WOW64; Trident/5.0)"
84.207.145.22 - - [17/Nov/2017:07:07:45 +0000] "GET /category/electronics?from=0 HTTP/1.1" 200 112 "-" "Mozilla/4.0 (compatible; MSIE 8.0; Windows NT 5.1; Trident/4.0; YTB720; GTB7.2; .NET CLR 1.1.4322; .NET CLR 2.0.50727; .NET CLR 3.0.4506.2152; .NET CLR 3.5.30729)"
76.219.110.59 - - [17/Nov/2017:07:07:50 +0000] "GET /category/health HTTP/1.1" 200 103 "-" "Mozilla/4.0 (compatible; MSIE 8.0; Windows NT 5.1; Trident/4.0; YTB720; GTB7.2; .NET CLR 1.1.4322; .NET CLR 2.0.50727; .NET CLR 3.0.4506.2152; .NET CLR 3.5.30729)"
68.78.197.161 - - [17/Nov/2017:07:07:55 +0000] "GET /item/music/2069 HTTP/1.1" 200 133 "/category/software" "Mozilla/5.0 (Windows NT 6.1; WOW64) AppleWebKit/535.7 (KHTML, like Gecko) Chrome/16.0.912.77 Safari/535.7"
72.39.200.100 - - [17/Nov/2017:07:08:00 +0000] "GET /category/networking HTTP/1.1" 200 53 "-" "Mozilla/5.0 (Windows NT 6.1; WOW64; rv:10.0.1) Gecko/20100101 Firefox/10.0.1"
136.54.219.130 - - [17/Nov/2017:07:08:05 +0000] "GET /category/office HTTP/1.1" 200 43 "-" "Mozilla/4.0 (compatible; MSIE 8.0; Windows NT 6.0; WOW64; Trident/4.0; GTB6; SLCC1; .NET CLR 2.0.50727; Media Center PC 5.0; .NET CLR 3.5.30729; .NET CLR 3.0.30618; .NET4.0C)"
164.198.33.36 - - [17/Nov/2017:07:08:10 +0000] "GET /category/games HTTP/1.1" 200 47 "-" "Mozilla/5.0 (Macintosh; Intel Mac OS X 10.6; rv:9.0.1) Gecko/20100101 Firefox/9.0.1"
140.69.87.26 - - [17/Nov/2017:07:08:15 +0000] "GET /category/computers HTTP/1.1" 200 126 "/category/electronics" "Mozilla/4.0 (compatible; MSIE 8.0; Windows NT 6.1; WOW64; Trident/4.0; YTB730; GTB7.2; EasyBits GO v1.0; SLCC2; .NET CLR 2.0.50727; .NET CLR 3.5.30729; .NET CLR 3.0.30729; Media Center PC 6.0; .NET4.0C)"
100.165.48.87 - - [17/Nov/2017:07:08:20 +0000] "GET /category/books HTTP/1.1" 200 74 "/item/books/757" "Mozilla/4.0 (compatible; MSIE 8.0; Windows NT 5.1; Trident/4.0; BTRS122159; GTB7.2; .NET CLR 1.1.4322; .NET CLR 2.0.50727; .NET CLR 3.0.04506.30; .NET CLR 3.0.4506.2152; .NET CLR 3.5.30729; BRI/2)"
128.27.201.209 - - [17/Nov/2017:07:08:25 +0000] "GET /category/games HTTP/1.1" 200 63 "/item/books/3101" "Mozilla/5.0 (compatible; MSIE 9.0; Windows NT 6.1; WOW64; Trident/5.0)"
116.21.137.191 - - [17/Nov/2017:07:08:30 +0000] "GET /category/jewelry HTTP/1.1" 200 40 "-" "Mozilla/5.0 (Windows NT 6.1; WOW64) AppleWebKit/535.7 (KHTML, like Gecko) Chrome/16.0.912.77 Safari/535.7"
128.123.134.69 - - [17/Nov/2017:07:08:35 +0000] "GET /category/electronics HTTP/1.1" 200 57 "-" "Mozilla/5.0 (Windows NT 6.0) AppleWebKit/535.11 (KHTML, like Gecko) Chrome/17.0.963.56 Safari/535.11"
92.186.177.75 - - [17/Nov/2017:07:08:40 +0000] "POST /search/?c=Garden HTTP/1.1" 200 120 "-" "Mozilla/5.0 (Windows NT 6.0; rv:10.0.1) Gecko/20100101 Firefox/10.0.1"
176.69.100.211 - - [17/Nov/2017:07:08:45 +0000] "GET /category/software HTTP/1.1" 200 123 "/item/software/71" "Mozilla/5.0 (Windows NT 6.1; WOW64) AppleWebKit/535.11 (KHTML, like Gecko) Chrome/17.0.963.56 Safari/535.11"
20.45.200.182 - - [17/Nov/2017:07:08:50 +0000] "GET /category/electronics HTTP/1.1" 200 114 "/category/computers" "Mozilla/4.0 (compatible; MSIE 8.0; Windows NT 5.1; Trident/4.0; BTRS122159; GTB7.2; .NET CLR 1.1.4322; .NET CLR 2.0.50727; .NET CLR 3.0.04506.30; .NET CLR 3.0.4506.2152; .NET CLR 3.5.30729; BRI/2)"
216.219.89.75 - - [17/Nov/2017:07:08:55 +0000] "GET /category/games HTTP/1.1" 200 87 "-" "Mozilla/4.0 (compatible; MSIE 8.0; Windows NT 6.0; WOW64; Trident/4.0; GTB6; SLCC1; .NET CLR 2.0.50727; Media Center PC 5.0; .NET CLR 3.5.30729; .NET CLR 3.0.30618; .NET4.0C)"
212.84.86.22 - - [17/Nov/2017:07:09:00 +0000] "GET /item/electronics/2698 HTTP/1.1" 200 129 "/category/electronics" "Mozilla/4.0 (compatible; MSIE 8.0; Windows NT 6.1; WOW64; Trident/4.0; YTB730; GTB7.2; SLCC2; .NET CLR 2.0.50727; .NET CLR 3.5.30729; .NET CLR 3.0.30729; .NET4.0C; .NET4.0E; Media Center PC 6.0)"
72.96.123.40 - - [17/Nov/2017:07:09:05 +0000] "GET /category/games HTTP/1.1" 200 96 "/category/cameras" "Mozilla/5.0 (Windows NT 6.1; WOW64) AppleWebKit/535.11 (KHTML, like Gecko) Chrome/17.0.963.56 Safari/535.11"
148.51.21.124 - - [17/Nov/2017:07:09:10 +0000] "GET /category/electronics HTTP/1.1" 200 103 "/category/books" "Mozilla/4.0 (compatible; MSIE 8.0; Windows NT 6.0; WOW64; Trident/4.0; GTB6; SLCC1; .NET CLR 2.0.50727; Media Center PC 5.0; .NET CLR 3.5.30729; .NET CLR 3.0.30618; .NET4.0C)"
84.222.57.97 - - [17/Nov/2017:07:09:15 +0000] "GET /item/computers/4451 HTTP/1.1" 200 42 "-" "Mozilla/5.0 (Windows NT 6.0) AppleWebKit/535.11 (KHTML, like Gecko) Chrome/17.0.963.56 Safari/535.11"
96.39.228.165 - - [17/Nov/2017:07:09:20 +0000] "GET /item/giftcards/3622 HTTP/1.1" 200 59 "/search/?c=Giftcards+Office" "Mozilla/5.0 (Windows NT 6.1; WOW64; rv:10.0.1) Gecko/20100101 Firefox/10.0.1"
144.21.111.211 - - [17/Nov/2017:07:09:25 +0000] "GET /category/computers HTTP/1.1" 200 131 "/category/books?from=0" "Mozilla/4.0 (compatible; MSIE 8.0; Windows NT 6.0; WOW64; Trident/4.0; GTB6; SLCC1; .NET CLR 2.0.50727; Media Center PC 5.0; .NET CLR 3.5.30729; .NET CLR 3.0.30618; .NET4.0C)"
192.228.189.65 - - [17/Nov/2017:07:09:30 +0000] "POST /search/?c=Electronics HTTP/1.1" 200 73 "/item/electronics/1876" "Mozilla/4.0 (compatible; MSIE 8.0; Windows NT 6.1; WOW64; Trident/4.0; YTB730; GTB7.2; SLCC2; .NET CLR 2.0.50727; .NET CLR 3.5.30729; .NET CLR 3.0.30729; .NET4.0C; .NET4.0E; Media Center PC 6.0)"
44.213.68.121 - - [17/Nov/2017:07:09:35 +0000] "GET /category/computers HTTP/1.1" 200 99 "/item/electronics/1667" "Mozilla/5.0 (Windows NT 6.0; rv:10.0.1) Gecko/20100101 Firefox/10.0.1"
80.174.167.30 - - [17/Nov/2017:07:09:40 +0000] "GET /item/electronics/4041 HTTP/1.1" 200 42 "/category/networking" "Mozilla/5.0 (Windows NT 6.0; rv:10.0.1) Gecko/20100101 Firefox/10.0.1"
64.30.21.149 - - [17/Nov/2017:07:09:45 +0000] "GET /category/office HTTP/1.1" 200 82 "http://www.google.com/search?ie=UTF-8&q=google&sclient=psy-ab&q=Office+Health&oq=Office+Health&aq=f&aqi=g-vL1&aql=&pbx=1&bav=on.2,or.r_gc.r_pw.r_qf.,cf.osb&biw=1451&bih=386" "Mozilla/4.0 (compatible; MSIE 8.0; Windows NT 6.1; WOW64; Trident/4.0; GTB7.2; SLCC2; .NET CLR 2.0.50727; .NET CLR 3.5.30729; .NET CLR 3.0.30729; Media Center PC 6.0; .NET4.0C)"
52.93.144.151 - - [17/Nov/2017:07:09:50 +0000] "GET /category/software HTTP/1.1" 200 98 "/item/health/3601" "Mozilla/4.0 (compatible; MSIE 8.0; Windows NT 6.0; WOW64; Trident/4.0; GTB6; SLCC1; .NET CLR 2.0.50727; Media Center PC 5.0; .NET CLR 3.5.30729; .NET CLR 3.0.30618; .NET4.0C)"
84.162.134.68 - - [17/Nov/2017:07:09:55 +0000] "GET /category/health?from=0 HTTP/1.1" 200 81 "/category/health" "Mozilla/4.0 (compatible; MSIE 8.0; Windows NT 5.1; Trident/4.0; BTRS122159; GTB7.2; .NET CLR 1.1.4322; .NET CLR 2.0.50727; .NET CLR 3.0.04506.30; .NET CLR 3.0.4506.2152; .NET CLR 3.5.30729; BRI/2)"
116.225.31.103 - - [17/Nov/2017:07:10:00 +0000] "GET /category/software HTTP/1.1" 200 126 "-" "Mozilla/5.0 (Windows NT 5.1) AppleWebKit/535.11 (KHTML, like Gecko) Chrome/17.0.963.46 Safari/535.11"
60.90.187.169 - - [17/Nov/2017:07:10:05 +0000] "GET /item/finance/1295 HTTP/1.1" 200 105 "/item/games/4277" "Mozilla/5.0 (Macintosh; Intel Mac OS X 10.6; rv:9.0.1) Gecko/20100101 Firefox/9.0.1"
72.219.156.125 - - [17/Nov/2017:07:10:10 +0000] "GET /item/electronics/287 HTTP/1.1" 200 50 "/search/?c=Electronics+Electronics" "Mozilla/5.0 (Windows NT 6.1; WOW64) AppleWebKit/535.7 (KHTML, like Gecko) Chrome/16.0.912.77 Safari/535.7"
152.87.80.46 - - [17/Nov/2017:07:10:15 +0000] "GET /item/cameras/4503 HTTP/1.1" 200 92 "/search/?c=Cameras+Software" "Mozilla/4.0 (compatible; MSIE 8.0; Windows NT 6.1; WOW64; Trident/4.0; YTB730; GTB7.2; EasyBits GO v1.0; SLCC2; .NET CLR 2.0.50727; .NET CLR 3.5.30729; .NET CLR 3.0.30729; Media Center PC 6.0; .NET4.0C)"
76.48.201.164 - - [17/Nov/2017:07:10:20 +0000] "GET /category/health HTTP/1.1" 200 105 "-" "Mozilla/5.0 (Windows NT 6.1; WOW64) AppleWebKit/535.11 (KHTML, like Gecko) Chrome/17.0.963.56 Safari/535.11"
28.66.41.90 - - [17/Nov/2017:07:10:25 +0000] "GET /category/books HTTP/1.1" 200 84 "-" "Mozilla/5.0 (iPhone; CPU iPhone OS 5_0_1 like Mac OS X) AppleWebKit/534.46 (KHTML, like Gecko) Version/5.1 Mobile/9A405 Safari/7534.48.3"
120.93.127.152 - - [17/Nov/2017:07:10:30 +0000] "GET /category/networking HTTP/1.1" 200 82 "/item/music/2915" "Mozilla/5.0 (Windows NT 6.1; WOW64) AppleWebKit/535.7 (KHTML, like Gecko) Chrome/16.0.912.77 Safari/535.7"
204.162.54.90 - - [17/Nov/2017:07:10:35 +0000] "GET /item/electronics/1042 HTTP/1.1" 200 130 "/category/games" "Mozilla/5.0 (compatible; Googlebot/2.1; +http://www.google.com/bot.html)"
176.108.47.217 - - [17/Nov/2017:07:10:40 +0000] "GET /item/garden/2199 HTTP/1.1" 200 74 "/category/garden" "Mozilla/5.0 (Windows NT 6.1; WOW64; rv:10.0.1) Gecko/20100101 Firefox/10.0.1"
68.183.57.183 - - [17/Nov/2017:07:10:45 +0000] "GET /item/books/335 HTTP/1.1" 200 49 "/category/books" "Mozilla/5.0 (Windows NT 6.1; WOW64) AppleWebKit/535.11 (KHTML, like Gecko) Chrome/17.0.963.56 Safari/535.11"
204.162.54.90 - - [17/Nov/2017:07:10:50 +0000] "GET /category/books HTTP/1.1" 200 72 "-" "Mozilla/5.0 (compatible; Googlebot/2.1; +http://www.google.com/bot.html)"
84.150.155.34 - - [17/Nov/2017:07:10:55 +0000] "GET /category/electronics HTTP/1.1" 200 130 "/search/?c=Jewelry+Games" "Mozilla/5.0 (compatible; MSIE 9.0; Windows NT 6.1; WOW64; Trident/5.0)"
88.51.212.158 - - [17/Nov/2017:07:11:00 +0000] "GET /category/garden HTTP/1.1" 200 87 "/item/books/3992" "Mozilla/4.0 (compatible; MSIE 8.0; Windows NT 6.1; WOW64; Trident/4.0; GTB7.2; SLCC2; .NET CLR 2.0.50727; .NET CLR 3.5.30729; .NET CLR 3.0.30729; Media Center PC 6.0; .NET4.0C)"
208.81.168.36 - - [17/Nov/2017:07:11:05 +0000] "GET /category/networking HTTP/1.1" 200 65 "-" "Mozilla/5.0 (Windows NT 6.0; rv:10.0.1) Gecko/20100101 Firefox/10.0.1"
188.171.194.118 - - [17/Nov/2017:07:11:10 +0000] "GET /category/finance?from=0 HTTP/1.1" 200 90 "-" "Mozilla/4.0 (compatible; MSIE 8.0; Windows NT 6.1; Trident/4.0; YTB730; SLCC2; .NET CLR 2.0.50727; .NET CLR 3.5.30729; .NET CLR 3.0.30729; Media Center PC 6.0; .NET4.0C)"
100.174.103.32 - - [17/Nov/2017:07:11:15 +0000] "GET /category/software HTTP/1.1" 200 130 "/category/electronics" "Mozilla/4.0 (compatible; MSIE 8.0; Windows NT 6.1; Trident/4.0; YTB730; SLCC2; .NET CLR 2.0.50727; .NET CLR 3.5.30729; .NET CLR 3.0.30729; Media Center PC 6.0; .NET4.0C)"
192.207.80.72 - - [17/Nov/2017:07:11:20 +0000] "GET /category/software HTTP/1.1" 200 68 "-" "Mozilla/4.0 (compatible; MSIE 8.0; Windows NT 6.1; WOW64; Trident/4.0; YTB730; GTB7.2; EasyBits GO v1.0; SLCC2; .NET CLR 2.0.50727; .NET CLR 3.5.30729; .NET CLR 3.0.30729; Media Center PC 6.0; .NET4.0C)"
124.180.126.94 - - [17/Nov/2017:07:11:25 +0000] "GET /category/software HTTP/1.1" 200 68 "-" "Mozilla/4.0 (compatible; MSIE 8.0; Windows NT 6.1; WOW64; Trident/4.0; YTB730; GTB7.2; EasyBits GO v1.0; SLCC2; .NET CLR 2.0.50727; .NET CLR 3.5.30729; .NET CLR 3.0.30729; Media Center PC 6.0; .NET4.0C)"
112.105.131.47 - - [17/Nov/2017:07:11:30 +0000] "GET /item/computers/2093 HTTP/1.1" 200 91 "-" "Mozilla/4.0 (compatible; MSIE 8.0; Windows NT 5.1; Trident/4.0; BTRS122159; GTB7.2; .NET CLR 1.1.4322; .NET CLR 2.0.50727; .NET CLR 3.0.04506.30; .NET CLR 3.0.4506.2152; .NET CLR 3.5.30729; BRI/2)"
76.225.209.116 - - [17/Nov/2017:07:11:35 +0000] "GET /category/electronics HTTP/1.1" 200 99 "/item/electronics/1876" "Mozilla/5.0 (Macintosh; Intel Mac OS X 10.6; rv:9.0.1) Gecko/20100101 Firefox/9.0.1"
208.150.70.225 - - [17/Nov/2017:07:11:40 +0000] "POST /search/?c=Giftcards+Games HTTP/1.1" 200 116 "-" "Mozilla/5.0 (Windows NT 6.1; WOW64) AppleWebKit/535.11 (KHTML, like Gecko) Chrome/17.0.963.56 Safari/535.11"
112.21.69.67 - - [17/Nov/2017:07:11:45 +0000] "GET /item/electronics/3529 HTTP/1.1" 404 122 "/category/electronics" "Mozilla/5.0 (compatible; MSIE 9.0; Windows NT 6.1; WOW64; Trident/5.0)"
216.177.42.228 - - [17/Nov/2017:07:11:50 +0000] "GET /category/software HTTP/1.1" 200 113 "/item/games/2779" "Mozilla/5.0 (iPad; CPU OS 5_0_1 like Mac OS X) AppleWebKit/534.46 (KHTML, like Gecko) Version/5.1 Mobile/9A405 Safari/7534.48.3"
72.120.175.129 - - [17/Nov/2017:07:11:55 +0000] "GET /category/software HTTP/1.1" 200 134 "http://www.google.com/search?ie=UTF-8&q=google&sclient=psy-ab&q=Software+Garden&oq=Software+Garden&aq=f&aqi=g-vL1&aql=&pbx=1&bav=on.2,or.r_gc.r_pw.r_qf.,cf.osb&biw=461&bih=67" "Mozilla/5.0 (iPhone; CPU iPhone OS 5_0_1 like Mac OS X) AppleWebKit/534.46 (KHTML, like Gecko) Version/5.1 Mobile/9A405 Safari/7534.48.3"
56.123.41.47 - - [17/Nov/2017:07:12:00 +0000] "GET /category/sports HTTP/1.1" 200 57 "/item/health/4533" "Mozilla/5.0 (iPad; CPU OS 5_0_1 like Mac OS X) AppleWebKit/534.46 (KHTML, like Gecko) Version/5.1 Mobile/9A405 Safari/7534.48.3"
140.150.40.81 - - [17/Nov/2017:07:12:05 +0000] "GET /category/books?from=0 HTTP/1.1" 200 114 "/item/electronics/1095" "Mozilla/5.0 (Macintosh; Intel Mac OS X 10.6; rv:9.0.1) Gecko/20100101 Firefox/9.0.1"
160.213.73.172 - - [17/Nov/2017:07:12:10 +0000] "GET /category/jewelry HTTP/1.1" 200 114 "-" "Mozilla/5.0 (Windows NT 6.0; rv:10.0.1) Gecko/20100101 Firefox/10.0.1"
96.219.205.43 - - [17/Nov/2017:07:12:15 +0000] "GET /item/games/152 HTTP/1.1" 200 133 "/category/music" "Mozilla/5.0 (compatible; MSIE 9.0; Windows NT 6.1; WOW64; Trident/5.0)"
84.108.138.186 - - [17/Nov/2017:07:12:20 +0000] "GET /item/computers/4707 HTTP/1.1" 200 115 "/category/electronics" "Mozilla/4.0 (compatible; MSIE 8.0; Windows NT 6.0; WOW64; Trident/4.0; GTB6; SLCC1; .NET CLR 2.0.50727; Media Center PC 5.0; .NET CLR 3.5.30729; .NET CLR 3.0.30618; .NET4.0C)"
32.105.122.34 - - [17/Nov/2017:07:12:25 +0000] "GET /item/electronics/1679 HTTP/1.1" 200 70 "/category/software" "Mozilla/4.0 (compatible; MSIE 8.0; Windows NT 6.1; WOW64; Trident/4.0; GTB7.2; SLCC2; .NET CLR 2.0.50727; .NET CLR 3.5.30729; .NET CLR 3.0.30729; Media Center PC 6.0; .NET4.0C)"
144.129.128.24 - - [17/Nov/2017:07:12:30 +0000] "GET /item/office/1686 HTTP/1.1" 200 126 "/category/software" "Mozilla/5.0 (Windows NT 6.1; WOW64) AppleWebKit/535.7 (KHTML, like Gecko) Chrome/16.0.912.77 Safari/535.7"
152.123.68.77 - - [17/Nov/2017:07:12:35 +0000] "GET /category/networking HTTP/1.1" 200 65 "-" "Mozilla/5.0 (compatible; MSIE 9.0; Windows NT 6.1; WOW64; Trident/5.0)"
68.24.152.91 - - [17/Nov/2017:07:12:40 +0000] "POST /search/?c=Electronics+Sports HTTP/1.1" 200 139 "-" "Mozilla/4.0 (compatible; MSIE 8.0; Windows NT 5.1; Trident/4.0; BTRS122159; GTB7.2; .NET CLR 1.1.4322; .NET CLR 2.0.50727; .NET CLR 3.0.04506.30; .NET CLR 3.0.4506.2152; .NET CLR 3.5.30729; BRI/2)"
216.81.116.200 - - [17/Nov/2017:07:12:45 +0000] "GET /item/software/155 HTTP/1.1" 200 61 "/category/sports" "Mozilla/5.0 (Windows NT 6.1; WOW64) AppleWebKit/535.7 (KHTML, like Gecko) Chrome/16.0.912.77 Safari/535.7"
80.114.67.84 - - [17/Nov/2017:07:12:50 +0000] "GET /category/toys HTTP/1.1" 200 41 "/category/cameras" "Mozilla/5.0 (compatible; Googlebot/2.1; +http://www.google.com/bot.html)"
84.126.82.184 - - [17/Nov/2017:07:12:55 +0000] "GET /category/music HTTP/1.1" 200 53 "-" "Mozilla/5.0 (Macintosh; Intel Mac OS X 10.6; rv:9.0.1) Gecko/20100101 Firefox/9.0.1"
116.60.150.29 - - [17/Nov/2017:07:13:00 +0000] "GET /category/software?from=0 HTTP/1.1" 200 64 "/item/computers/3996" "Mozilla/4.0 (compatible; MSIE 8.0; Windows NT 5.1; Trident/4.0; YTB720; GTB7.2; .NET CLR 1.1.4322; .NET CLR 2.0.50727; .NET CLR 3.0.4506.2152; .NET CLR 3.5.30729)"
148.84.138.22 - - [17/Nov/2017:07:13:05 +0000] "GET /category/health HTTP/1.1" 200 132 "-" "Mozilla/5.0 (compatible; MSIE 9.0; Windows NT 6.1; Trident/5.0)"
152.123.68.77 - - [17/Nov/2017:07:13:10 +0000] "GET /category/networking HTTP/1.1" 200 74 "-" "Mozilla/5.0 (Windows NT 6.0; rv:10.0.1) Gecko/20100101 Firefox/10.0.1"
28.27.177.180 - - [17/Nov/2017:07:13:15 +0000] "POST /search/?c=Office HTTP/1.1" 200 138 "/item/software/2490" "Mozilla/4.0 (compatible; MSIE 8.0; Windows NT 6.1; Trident/4.0; YTB730; SLCC2; .NET CLR 2.0.50727; .NET CLR 3.5.30729; .NET CLR 3.0.30729; Media Center PC 6.0; .NET4.0C)"
84.72.133.74 - - [17/Nov/2017:07:13:20 +0000] "GET /category/music HTTP/1.1" 200 117 "/item/books/3336" "Mozilla/5.0 (Windows NT 6.0) AppleWebKit/535.11 (KHTML, like Gecko) Chrome/17.0.963.56 Safari/535.11"
200.114.202.134 - - [17/Nov/2017:07:13:25 +0000] "GET /category/toys?from=20 HTTP/1.1" 200 70 "/item/electronics/1057" "Mozilla/4.0 (compatible; MSIE 8.0; Windows NT 6.1; Trident/4.0; YTB730; SLCC2; .NET CLR 2.0.50727; .NET CLR 3.5.30729; .NET CLR 3.0.30729; Media Center PC 6.0; .NET4.0C)"
52.153.207.187 - - [17/Nov/2017:07:13:30 +0000] "GET /item/electronics/266 HTTP/1.1" 200 95 "/category/electronics" "Mozilla/4.0 (compatible; MSIE 8.0; Windows NT 6.1; Trident/4.0; YTB730; SLCC2; .NET CLR 2.0.50727; .NET CLR 3.5.30729; .NET CLR 3.0.30729; Media Center PC 6.0; .NET4.0C)"
212.183.136.225 - - [17/Nov/2017:07:13:35 +0000] "GET /item/games/3032 HTTP/1.1" 200 115 "/category/office" "Mozilla/4.0 (compatible; MSIE 8.0; Windows NT 5.1; Trident/4.0; BTRS122159; GTB7.2; .NET CLR 1.1.4322; .NET CLR 2.0.50727; .NET CLR 3.0.04506.30; .NET CLR 3.0.4506.2152; .NET CLR 3.5.30729; BRI/2)"
180.201.91.218 - - [17/Nov/2017:07:13:40 +0000] "GET /category/electronics HTTP/1.1" 200 59 "-" "Mozilla/5.0 (Windows NT 6.1; WOW64) AppleWebKit/535.11 (KHTML, like Gecko) Chrome/17.0.963.56 Safari/535.11"
44.162.33.184 - - [17/Nov/2017:07:13:45 +0000] "GET /item/books/1785 HTTP/1.1" 200 80 "/category/books" "Mozilla/4.0 (compatible; MSIE 8.0; Windows NT 6.1; WOW64; Trident/4.0; GTB7.2; SLCC2; .NET CLR 2.0.50727; .NET CLR 3.5.30729; .NET CLR 3.0.30729; Media Center PC 6.0; .NET4.0C)"
140.51.85.207 - - [17/Nov/2017:07:13:50 +0000] "GET /category/books?from=20 HTTP/1.1" 200 121 "-" "Mozilla/5.0 (Windows NT 6.0) AppleWebKit/535.11 (KHTML, like Gecko) Chrome/17.0.963.56 Safari/535.11"
40.105.210.146 - - [17/Nov/2017:07:13:55 +0000] "GET /category/jewelry HTTP/1.1" 200 48 "/item/cameras/2541" "Mozilla/5.0 (Windows NT 6.1; WOW64) AppleWebKit/535.11 (KHTML, like Gecko) Chrome/17.0.963.56 Safari/535.11"
24.90.183.170 - - [17/Nov/2017:07:14:00 +0000] "GET /item/cameras/3741 HTTP/1.1" 200 90 "/search/?c=Cameras+Cameras" "Mozilla/5.0 (Windows NT 6.0; rv:10.0.1) Gecko/20100101 Firefox/10.0.1"
132.171.86.44 - - [17/Nov/2017:07:14:05 +0000] "GET /category/toys?from=10 HTTP/1.1" 200 96 "/search/?c=Toys+Finance" "Mozilla/5.0 (Macintosh; Intel Mac OS X 10.6; rv:9.0.1) Gecko/20100101 Firefox/9.0.1"
220.165.214.67 - - [17/Nov/2017:07:14:10 +0000] "GET /item/electronics/2895 HTTP/1.1" 200 47 "-" "Mozilla/5.0 (compatible; MSIE 9.0; Windows NT 6.1; WOW64; Trident/5.0)"
192.102.189.187 - - [17/Nov/2017:07:14:15 +0000] "GET /category/software HTTP/1.1" 200 50 "-" "Mozilla/4.0 (compatible; MSIE 8.0; Windows NT 6.1; WOW64; Trident/4.0; YTB730; GTB7.2; EasyBits GO v1.0; SLCC2; .NET CLR 2.0.50727; .NET CLR 3.5.30729; .NET CLR 3.0.30729; Media Center PC 6.0; .NET4.0C)"
160.156.210.144 - - [17/Nov/2017:07:14:20 +0000] "GET /item/software/2629 HTTP/1.1" 200 61 "/category/games" "Mozilla/5.0 (iPad; CPU OS 5_0_1 like Mac OS X) AppleWebKit/534.46 (KHTML, like Gecko) Version/5.1 Mobile/9A405 Safari/7534.48.3"
84.30.118.31 - - [17/Nov/2017:07:14:25 +0000] "POST /search/?c=Games+Electronics HTTP/1.1" 200 81 "/item/games/2827" "Mozilla/5.0 (compatible; MSIE 9.0; Windows NT 6.1; Trident/5.0)"
100.81.22.31 - - [17/Nov/2017:07:14:30 +0000] "GET /item/jewelry/4156 HTTP/1.1" 200 71 "http://www.google.com/search?ie=UTF-8&q=google&sclient=psy-ab&q=Jewelry&oq=Jewelry&aq=f&aqi=g-vL1&aql=&pbx=1&bav=on.2,or.r_gc.r_pw.r_qf.,cf.osb&biw=581&bih=207" "Mozilla/5.0 (compatible; MSIE 9.0; Windows NT 6.1; Trident/5.0)"
164.198.33.36 - - [17/Nov/2017:07:14:35 +0000] "GET /item/games/4108 HTTP/1.1" 200 60 "/category/books" "Mozilla/5.0 (Macintosh; Intel Mac OS X 10.6; rv:9.0.1) Gecko/20100101 Firefox/9.0.1"
200.39.205.215 - - [17/Nov/2017:07:14:40 +0000] "GET /category/cameras HTTP/1.1" 200 127 "/category/software" "Mozilla/5.0 (compatible; MSIE 9.0; Windows NT 6.1; Trident/5.0)"
36.192.196.184 - - [17/Nov/2017:07:14:45 +0000] "GET /item/games/3164 HTTP/1.1" 200 49 "http://www.google.com/search?ie=UTF-8&q=google&sclient=psy-ab&q=Games&oq=Games&aq=f&aqi=g-vL1&aql=&pbx=1&bav=on.2,or.r_gc.r_pw.r_qf.,cf.osb&biw=2681&bih=472" "Mozilla/5.0 (Windows NT 6.1; WOW64) AppleWebKit/535.7 (KHTML, like Gecko) Chrome/16.0.912.77 Safari/535.7"
28.93.191.106 - - [17/Nov/2017:07:14:50 +0000] "GET /item/health/1862 HTTP/1.1" 200 89 "/category/software" "Mozilla/5.0 (Windows NT 6.1; WOW64; rv:10.0.1) Gecko/20100101 Firefox/10.0.1"
208.180.46.35 - - [17/Nov/2017:07:14:55 +0000] "GET /item/games/1885 HTTP/1.1" 200 83 "-" "Mozilla/5.0 (compatible; Googlebot/2.1; +http://www.google.com/bot.html)"
76.114.187.160 - - [17/Nov/2017:07:15:00 +0000] "GET /category/books HTTP/1.1" 200 101 "-" "Mozilla/5.0 (Macintosh; Intel Mac OS X 10.6; rv:9.0.1) Gecko/20100101 Firefox/9.0.1"
140.150.40.81 - - [17/Nov/2017:07:15:05 +0000] "GET /item/software/1802 HTTP/1.1" 200 125 "-" "Mozilla/5.0 (iPad; CPU OS 5_0_1 like Mac OS X) AppleWebKit/534.46 (KHTML, like Gecko) Version/5.1 Mobile/9A405 Safari/7534.48.3"
176.105.22.32 - - [17/Nov/2017:07:15:10 +0000] "GET /category/finance?from=10 HTTP/1.1" 200 96 "/item/music/2069" "Mozilla/4.0 (compatible; MSIE 8.0; Windows NT 6.0; WOW64; Trident/4.0; GTB6; SLCC1; .NET CLR 2.0.50727; Media Center PC 5.0; .NET CLR 3.5.30729; .NET CLR 3.0.30618; .NET4.0C)"
112.165.201.203 - - [17/Nov/2017:07:15:15 +0000] "GET /category/software HTTP/1.1" 200 94 "-" "Mozilla/5.0 (Windows NT 6.0) AppleWebKit/535.11 (KHTML, like Gecko) Chrome/17.0.963.56 Safari/535.11"
172.111.229.114 - - [17/Nov/2017:07:15:20 +0000] "GET /item/electronics/1 HTTP/1.1" 200 128 "/category/garden" "Mozilla/5.0 (Macintosh; Intel Mac OS X 10.6; rv:9.0.1) Gecko/20100101 Firefox/9.0.1"
80.126.81.138 - - [17/Nov/2017:07:15:25 +0000] "GET /item/garden/231 HTTP/1.1" 200 59 "/category/computers" "Mozilla/5.0 (Macintosh; Intel Mac OS X 10.6; rv:9.0.1) Gecko/20100101 Firefox/9.0.1"
228.81.180.20 - - [17/Nov/2017:07:15:30 +0000] "GET /category/giftcards HTTP/1.1" 200 81 "http://www.google.com/search?ie=UTF-8&q=google&sclient=psy-ab&q=Giftcards+Finance&oq=Giftcards+Finance&aq=f&aqi=g-vL1&aql=&pbx=1&bav=on.2,or.r_gc.r_pw.r_qf.,cf.osb&biw=1165&bih=48" "Mozilla/4.0 (compatible; MSIE 8.0; Windows NT 6.1; WOW64; Trident/4.0; YTB730; GTB7.2; EasyBits GO v1.0; SLCC2; .NET CLR 2.0.50727; .NET CLR 3.5.30729; .NET CLR 3.0.30729; Media Center PC 6.0; .NET4.0C)"
224.183.83.85 - - [17/Nov/2017:07:15:35 +0000] "GET /category/giftcards HTTP/1.1" 200 99 "/category/office" "Mozilla/4.0 (compatible; MSIE 8.0; Windows NT 6.1; Trident/4.0; YTB730; SLCC2; .NET CLR 2.0.50727; .NET CLR 3.5.30729; .NET CLR 3.0.30729; Media Center PC 6.0; .NET4.0C)"
84.225.150.149 - - [17/Nov/2017:07:15:40 +0000] "GET /item/computers/1106 HTTP/1.1" 200 57 "/category/software" "Mozilla/5.0 (Macintosh; Intel Mac OS X 10.6; rv:9.0.1) Gecko/20100101 Firefox/9.0.1"
84.168.145.91 - - [17/Nov/2017:07:15:45 +0000] "GET /category/software?from=0 HTTP/1.1" 200 64 "/category/software" "Mozilla/5.0 (Windows NT 6.0; rv:10.0.1) Gecko/20100101 Firefox/10.0.1"
112.222.91.42 - - [17/Nov/2017:07:15:50 +0000] "GET /category/electronics HTTP/1.1" 200 138 "/search/?c=Toys" "Mozilla/5.0 (compatible; MSIE 9.0; Windows NT 6.1; WOW64; Trident/5.0)"
28.135.217.112 - - [17/Nov/2017:07:15:55 +0000] "GET /category/jewelry HTTP/1.1" 200 48 "/search/?c=Electronics" "Mozilla/5.0 (Windows NT 6.1; WOW64) AppleWebKit/535.7 (KHTML, like Gecko) Chrome/16.0.912.77 Safari/535.7"
208.54.69.174 - - [17/Nov/2017:07:16:00 +0000] "GET /category/software HTTP/1.1" 200 64 "/category/music" "Mozilla/5.0 (Windows NT 6.1; WOW64) AppleWebKit/535.7 (KHTML, like Gecko) Chrome/16.0.912.77 Safari/535.7"
164.75.155.177 - - [17/Nov/2017:07:16:05 +0000] "GET /category/software HTTP/1.1" 200 75 "/category/software" "Mozilla/5.0 (Macintosh; Intel Mac OS X 10.6; rv:9.0.1) Gecko/20100101 Firefox/9.0.1"
60.96.221.113 - - [17/Nov/2017:07:16:10 +0000] "GET /item/games/3491 HTTP/1.1" 200 100 "/category/giftcards" "Mozilla/5.0 (compatible; MSIE 9.0; Windows NT 6.1; WOW64; Trident/5.0)"
172.45.84.183 - - [17/Nov/2017:07:16:15 +0000] "GET /item/networking/322 HTTP/1.1" 200 86 "-" "Mozilla/4.0 (compatible; MSIE 8.0; Windows NT 6.1; WOW64; Trident/4.0; YTB730; GTB7.2; SLCC2; .NET CLR 2.0.50727; .NET CLR 3.5.30729; .NET CLR 3.0.30729; .NET4.0C; .NET4.0E; Media Center PC 6.0)"
108.150.20.229 - - [17/Nov/2017:07:16:20 +0000] "GET /category/electronics HTTP/1.1" 200 83 "/item/books/180" "Mozilla/5.0 (compatible; Googlebot/2.1; +http://www.google.com/bot.html)"
40.27.108.131 - - [17/Nov/2017:07:16:25 +0000] "POST /search/?c=Games+Software HTTP/1.1" 200 55 "-" "Mozilla/5.0 (Macintosh; Intel Mac OS X 10.6; rv:9.0.1) Gecko/20100101 Firefox/9.0.1"
148.84.20.175 - - [17/Nov/2017:07:16:30 +0000] "GET /item/jewelry/1473 HTTP/1.1" 200 48 "/category/electronics" "Mozilla/5.0 (Windows NT 6.0; rv:10.0.1) Gecko/20100101 Firefox/10.0.1"
212.183.136.225 - - [17/Nov/2017:07:16:35 +0000] "GET /category/music HTTP/1.1" 200 55 "-" "Mozilla/4.0 (compatible; MSIE 8.0; Windows NT 5.1; Trident/4.0; BTRS122159; GTB7.2; .NET CLR 1.1.4322; .NET CLR 2.0.50727; .NET CLR 3.0.04506.30; .NET CLR 3.0.4506.2152; .NET CLR 3.5.30729; BRI/2)"
88.57.117.104 - - [17/Nov/2017:07:16:40 +0000] "GET /item/electronics/3298 HTTP/1.1" 200 93 "-" "Mozilla/5.0 (Macintosh; Intel Mac OS X 10.6; rv:9.0.1) Gecko/20100101 Firefox/9.0.1"
92.72.135.226 - - [17/Nov/2017:07:16:45 +0000] "GET /item/electronics/3036 HTTP/1.1" 200 49 "-" "Mozilla/4.0 (compatible; MSIE 8.0; Windows NT 6.1; Trident/4.0; YTB730; SLCC2; .NET CLR 2.0.50727; .NET CLR 3.5.30729; .NET CLR 3.0.30729; Media Center PC 6.0; .NET4.0C)"
172.186.53.43 - - [17/Nov/2017:07:16:50 +0000] "GET /category/books HTTP/1.1" 200 51 "-" "Mozilla/5.0 (compatible; MSIE 9.0; Windows NT 6.1; Trident/5.0)"
136.180.163.90 - - [17/Nov/2017:07:16:55 +0000] "GET /category/electronics?from=20 HTTP/1.1" 200 88 "/category/music" "Mozilla/5.0 (iPhone; CPU iPhone OS 5_0_1 like Mac OS X) AppleWebKit/534.46 (KHTML, like Gecko) Version/5.1 Mobile/9A405 Safari/7534.48.3"
116.222.179.198 - - [17/Nov/2017:07:17:00 +0000] "GET /item/software/1323 HTTP/1.1" 200 74 "/category/electronics" "Mozilla/4.0 (compatible; MSIE 8.0; Windows NT 6.1; WOW64; Trident/4.0; GTB7.2; SLCC2; .NET CLR 2.0.50727; .NET CLR 3.5.30729; .NET CLR 3.0.30729; Media Center PC 6.0; .NET4.0C)"
36.126.150.23 - - [17/Nov/2017:07:17:05 +0000] "GET /category/games HTTP/1.1" 200 59 "/item/electronics/3842" "Mozilla/5.0 (iPhone; CPU iPhone OS 5_0_1 like Mac OS X) AppleWebKit/534.46 (KHTML, like Gecko) Version/5.1 Mobile/9A405 Safari/7534.48.3"
192.54.221.227 - - [17/Nov/2017:07:17:10 +0000] "GET /category/office HTTP/1.1" 200 132 "-" "Mozilla/5.0 (Windows NT 6.0; rv:10.0.1) Gecko/20100101 Firefox/10.0.1"
220.165.214.67 - - [17/Nov/2017:07:17:15 +0000] "GET /item/sports/4699 HTTP/1.1" 200 130 "/item/health/4591" "Mozilla/5.0 (Windows NT 6.1; WOW64) AppleWebKit/535.11 (KHTML, like Gecko) Chrome/17.0.963.56 Safari/535.11"
172.204.128.196 - - [17/Nov/2017:07:17:20 +0000] "POST /search/?c=Toys HTTP/1.1" 200 96 "-" "Mozilla/5.0 (Windows NT 6.0; rv:10.0.1) Gecko/20100101 Firefox/10.0.1"
148.63.165.61 - - [17/Nov/2017:07:17:25 +0000] "GET /item/garden/1912 HTTP/1.1" 200 84 "/item/networking/322" "Mozilla/5.0 (compatible; MSIE 9.0; Windows NT 6.1; Trident/5.0)"
216.108.51.187 - - [17/Nov/2017:07:17:30 +0000] "GET /category/networking HTTP/1.1" 200 122 "/item/software/1546" "Mozilla/4.0 (compatible; MSIE 8.0; Windows NT 6.1; WOW64; Trident/4.0; YTB730; GTB7.2; EasyBits GO v1.0; SLCC2; .NET CLR 2.0.50727; .NET CLR 3.5.30729; .NET CLR 3.0.30729; Media Center PC 6.0; .NET4.0C)"
80.144.46.167 - - [17/Nov/2017:07:17:35 +0000] "GET /item/jewelry/4114 HTTP/1.1" 404 139 "/category/jewelry" "Mozilla/5.0 (Macintosh; Intel Mac OS X 10.6; rv:9.0.1) Gecko/20100101 Firefox/9.0.1"
124.180.221.151 - - [17/Nov/2017:07:17:40 +0000] "GET /item/software/4520 HTTP/1.1" 200 75 "-" "Mozilla/4.0 (compatible; MSIE 8.0; Windows NT 6.0; WOW64; Trident/4.0; GTB6; SLCC1; .NET CLR 2.0.50727; Media Center PC 5.0; .NET CLR 3.5.30729; .NET CLR 3.0.30618; .NET4.0C)"
88.222.58.180 - - [17/Nov/2017:07:17:45 +0000] "GET /category/books HTTP/1.1" 200 131 "/category/office" "Mozilla/5.0 (compatible; MSIE 9.0; Windows NT 6.1; Trident/5.0)"
28.81.112.82 - - [17/Nov/2017:07:17:50 +0000] "GET /category/games HTTP/1.1" 200 114 "-" "Mozilla/5.0 (iPad; CPU OS 5_0_1 like Mac OS X) AppleWebKit/534.46 (KHTML, like Gecko) Version/5.1 Mobile/9A405 Safari/7534.48.3"
68.78.197.161 - - [17/Nov/2017:07:17:55 +0000] "GET /category/games HTTP/1.1" 200 57 "/category/giftcards" "Mozilla/5.0 (Windows NT 6.1; WOW64; rv:10.0.1) Gecko/20100101 Firefox/10.0.1"
152.105.117.77 - - [17/Nov/2017:07:18:00 +0000] "GET /item/computers/1710 HTTP/1.1" 200 47 "/category/computers" "Mozilla/5.0 (compatible; MSIE 9.0; Windows NT 6.1; WOW64; Trident/5.0)"
60.51.108.129 - - [17/Nov/2017:07:18:05 +0000] "GET /item/computers/1333 HTTP/1.1" 200 108 "/category/electronics" "Mozilla/4.0 (compatible; MSIE 8.0; Windows NT 6.1; WOW64; Trident/4.0; GTB7.2; SLCC2; .NET CLR 2.0.50727; .NET CLR 3.5.30729; .NET CLR 3.0.30729; Media Center PC 6.0; .NET4.0C)"
128.72.102.177 - - [17/Nov/2017:07:18:10 +0000] "GET /category/health HTTP/1.1" 200 137 "http://www.google.com/search?ie=UTF-8&q=google&sclient=psy-ab&q=Health+Books&oq=Health+Books&aq=f&aqi=g-vL1&aql=&pbx=1&bav=on.2,or.r_gc.r_pw.r_qf.,cf.osb&biw=911&bih=413" "Mozilla/5.0 (Windows NT 6.1; WOW64) AppleWebKit/535.11 (KHTML, like Gecko) Chrome/17.0.963.56 Safari/535.11"
176.108.47.217 - - [17/Nov/2017:07:18:15 +0000] "GET /category/software HTTP/1.1" 200 68 "/category/electronics" "Mozilla/5.0 (compatible; MSIE 9.0; Windows NT 6.1; WOW64; Trident/5.0)"
28.132.108.116 - - [17/Nov/2017:07:18:20 +0000] "POST /search/?c=Music+Giftcards HTTP/1.1" 200 113 "-" "Mozilla/5.0 (iPad; CPU OS 5_0_1 like Mac OS X) AppleWebKit/534.46 (KHTML, like Gecko) Version/5.1 Mobile/9A405 Safari/7534.48.3"
164.135.96.20 - - [17/Nov/2017:07:18:25 +0000] "GET /item/computers/4801 HTTP/1.1" 200 128 "/category/computers" "Mozilla/5.0 (Windows NT 6.1; WOW64) AppleWebKit/535.11 (KHTML, like Gecko) Chrome/17.0.963.56 Safari/535.11"
212.189.128.184 - - [17/Nov/2017:07:18:30 +0000] "GET /item/health/3531 HTTP/1.1" 200 50 "/item/garden/995" "Mozilla/5.0 (Windows NT 6.1; WOW64) AppleWebKit/535.7 (KHTML, like Gecko) Chrome/16.0.912.77 Safari/535.7"
80.45.35.178 - - [17/Nov/2017:07:18:35 +0000] "GET /category/software HTTP/1.1" 200 72 "/category/electronics" "Mozilla/5.0 (Windows NT 6.1; WOW64) AppleWebKit/535.11 (KHTML, like Gecko) Chrome/17.0.963.56 Safari/535.11"
216.84.184.134 - - [17/Nov/2017:07:18:40 +0000] "GET /category/office?from=0 HTTP/1.1" 200 59 "-" "Mozilla/5.0 (Windows NT 6.1; WOW64) AppleWebKit/535.11 (KHTML, like Gecko) Chrome/17.0.963.56 Safari/535.11"
152.213.199.56 - - [17/Nov/2017:07:18:45 +0000] "GET /category/software?from=20 HTTP/1.1" 200 94 "/search/?c=Software" "Mozilla/4.0 (compatible; MSIE 8.0; Windows NT 6.1; WOW64; Trident/4.0; YTB730; GTB7.2; SLCC2; .NET CLR 2.0.50727; .NET CLR 3.5.30729; .NET CLR 3.0.30729; .NET4.0C; .NET4.0E; Media Center PC 6.0)"
176.177.94.159 - - [17/Nov/2017:07:18:50 +0000] "GET /category/software HTTP/1.1" 200 105 "-" "Mozilla/5.0 (Windows NT 5.1) AppleWebKit/535.11 (KHTML, like Gecko) Chrome/17.0.963.46 Safari/535.11"
80.123.121.100 - - [17/Nov/2017:07:18:55 +0000] "GET /category/finance HTTP/1.1" 200 68 "-" "Mozilla/5.0 (Windows NT 6.0; rv:10.0.1) Gecko/20100101 Firefox/10.0.1"
88.195.115.100 - - [17/Nov/2017:07:19:00 +0000] "GET /item/electronics/2374 HTTP/1.1" 200 96 "/search/?c=Electronics+Electronics" "Mozilla/5.0 (compatible; Googlebot/2.1; +http://www.google.com/bot.html)"
140.27.85.29 - - [17/Nov/2017:07:19:05 +0000] "GET /category/books HTTP/1.1" 200 68 "-" "Mozilla/5.0 (iPhone; CPU iPhone OS 5_0_1 like Mac OS X) AppleWebKit/534.46 (KHTML, like Gecko) Version/5.1 Mobile/9A405 Safari/7534.48.3"
180.96.213.98 - - [17/Nov/2017:07:19:10 +0000] "POST /search/?c=Books+Networking HTTP/1.1" 200 82 "-" "Mozilla/4.0 (compatible; MSIE 8.0; Windows NT 5.1; Trident/4.0; YTB720; GTB7.2; .NET CLR 1.1.4322; .NET CLR 2.0.50727; .NET CLR 3.0.4506.2152; .NET CLR 3.5.30729)"
216.153.155.217 - - [17/Nov/2017:07:19:15 +0000] "GET /item/computers/2093 HTTP/1.1" 200 91 "/category/music" "Mozilla/4.0 (compatible; MSIE 8.0; Windows NT 6.1; WOW64; Trident/4.0; GTB7.2; SLCC2; .NET CLR 2.0.50727; .NET CLR 3.5.30729; .NET CLR 3.0.30729; Media Center PC 6.0; .NET4.0C)"
144.225.225.182 - - [17/Nov/2017:07:19:20 +0000] "GET /category/garden HTTP/1.1" 200 129 "/category/jewelry" "Mozilla/5.0 (Windows NT 6.0) AppleWebKit/535.11 (KHTML, like Gecko) Chrome/17.0.963.56 Safari/535.11"
176.84.117.57 - - [17/Nov/2017:07:19:25 +0000] "GET /item/music/2915 HTTP/1.1" 200 106 "/category/software" "Mozilla/5.0 (Windows NT 6.1; WOW64) AppleWebKit/535.7 (KHTML, like Gecko) Chrome/16.0.912.77 Safari/535.7"
144.222.227.44 - - [17/Nov/2017:07:19:30 +0000] "POST /search/?c=Cameras+Office HTTP/1.1" 200 71 "-" "Mozilla/5.0 (Windows NT 6.1; WOW64; rv:10.0.1) Gecko/20100101 Firefox/10.0.1"
80.189.195.176 - - [17/Nov/2017:07:19:35 +0000] "GET /category/jewelry HTTP/1.1" 200 40 "-" "Mozilla/4.0 (compatible; MSIE 8.0; Windows NT 6.1; WOW64; Trident/4.0; GTB7.2; SLCC2; .NET CLR 2.0.50727; .NET CLR 3.5.30729; .NET CLR 3.0.30729; Media Center PC 6.0; .NET4.0C)"
120.123.162.208 - - [17/Nov/2017:07:19:40 +0000] "GET /category/finance HTTP/1.1" 200 76 "-" "Mozilla/4.0 (compatible; MSIE 8.0; Windows NT 5.1; Trident/4.0; BTRS122159; GTB7.2; .NET CLR 1.1.4322; .NET CLR 2.0.50727; .NET CLR 3.0.04506.30; .NET CLR 3.0.4506.2152; .NET CLR 3.5.30729; BRI/2)"
132.84.135.35 - - [17/Nov/2017:07:19:45 +0000] "GET /category/games?from=20 HTTP/1.1" 200 119 "/category/software" "Mozilla/5.0 (Windows NT 6.1; WOW64) AppleWebKit/535.7 (KHTML, like Gecko) Chrome/16.0.912.77 Safari/535.7"
48.123.171.122 - - [17/Nov/2017:07:19:50 +0000] "GET /item/electronics/4339 HTTP/1.1" 200 55 "http://www.google.com/search?ie=UTF-8&q=google&sclient=psy-ab&q=Electronics&oq=Electronics&aq=f&aqi=g-vL1&aql=&pbx=1&bav=on.2,or.r_gc.r_pw.r_qf.,cf.osb&biw=3112&bih=184" "Mozilla/5.0 (Windows NT 6.0) AppleWebKit/535.11 (KHTML, like Gecko) Chrome/17.0.963.56 Safari/535.11"
44.165.199.141 - - [17/Nov/2017:07:19:55 +0000] "GET /item/office/394 HTTP/1.1" 200 65 "/item/music/2069" "Mozilla/5.0 (iPad; CPU OS 5_0_1 like Mac OS X) AppleWebKit/534.46 (KHTML, like Gecko) Version/5.1 Mobile/9A405 Safari/7534.48.3"
176.108.47.217 - - [17/Nov/2017:07:20:00 +0000] "GET /item/software/2711 HTTP/1.1" 200 89 "/category/giftcards" "Mozilla/5.0 (Windows NT 5.1) AppleWebKit/535.11 (KHTML, like Gecko) Chrome/17.0.963.46 Safari/535.11"
132.171.86.44 - - [17/Nov/2017:07:20:05 +0000] "GET /item/games/1490 HTTP/1.1" 200 47 "-" "Mozilla/5.0 (iPad; CPU OS 5_0_1 like Mac OS X) AppleWebKit/534.46 (KHTML, like Gecko) Version/5.1 Mobile/9A405 Safari/7534.48.3"
124.99.44.123 - - [17/Nov/2017:07:20:10 +0000] "GET /item/health/4912 HTTP/1.1" 200 105 "/category/software" "Mozilla/5.0 (Windows NT 6.0; rv:10.0.1) Gecko/20100101 Firefox/10.0.1"
208.120.110.135 - - [17/Nov/2017:07:20:15 +0000] "GET /category/toys HTTP/1.1" 200 115 "/category/cameras" "Mozilla/5.0 (compatible; Googlebot/2.1; +http://www.google.com/bot.html)"
164.87.165.83 - - [17/Nov/2017:07:20:20 +0000] "GET /category/games HTTP/1.1" 200 91 "/item/electronics/3444" "Mozilla/4.0 (compatible; MSIE 8.0; Windows NT 5.1; Trident/4.0; YTB720; GTB7.2; .NET CLR 1.1.4322; .NET CLR 2.0.50727; .NET CLR 3.0.4506.2152; .NET CLR 3.5.30729)"
112.69.33.49 - - [17/Nov/2017:07:20:25 +0000] "GET /category/software HTTP/1.1" 200 51 "/item/electronics/1433" "Mozilla/5.0 (Windows NT 6.1; WOW64; rv:10.0.1) Gecko/20100101 Firefox/10.0.1"
128.222.178.102 - - [17/Nov/2017:07:20:30 +0000] "GET /item/music/1695 HTTP/1.1" 200 97 "-" "Mozilla/4.0 (compatible; MSIE 8.0; Windows NT 6.1; WOW64; Trident/4.0; YTB730; GTB7.2; EasyBits GO v1.0; SLCC2; .NET CLR 2.0.50727; .NET CLR 3.5.30729; .NET CLR 3.0.30729; Media Center PC 6.0; .NET4.0C)"
108.60.40.114 - - [17/Nov/2017:07:20:35 +0000] "GET /category/toys HTTP/1.1" 200 129 "/category/software?from=0" "Mozilla/4.0 (compatible; MSIE 8.0; Windows NT 6.0; WOW64; Trident/4.0; GTB6; SLCC1; .NET CLR 2.0.50727; Media Center PC 5.0; .NET CLR 3.5.30729; .NET CLR 3.0.30618; .NET4.0C)"
224.96.137.128 - - [17/Nov/2017:07:20:40 +0000] "GET /item/electronics/2001 HTTP/1.1" 200 90 "/category/office" "Mozilla/4.0 (compatible; MSIE 8.0; Windows NT 6.1; WOW64; Trident/4.0; YTB730; GTB7.2; EasyBits GO v1.0; SLCC2; .NET CLR 2.0.50727; .NET CLR 3.5.30729; .NET CLR 3.0.30729; Media Center PC 6.0; .NET4.0C)"
52.39.67.99 - - [17/Nov/2017:07:20:45 +0000] "GET /category/games HTTP/1.1" 200 87 "-" "Mozilla/5.0 (compatible; MSIE 9.0; Windows NT 6.1; Trident/5.0)"
116.174.202.224 - - [17/Nov/2017:07:20:50 +0000] "GET /item/office/2904 HTTP/1.1" 200 59 "/category/sports" "Mozilla/5.0 (Macintosh; Intel Mac OS X 10.6; rv:9.0.1) Gecko/20100101 Firefox/9.0.1"
152.102.198.201 - - [17/Nov/2017:07:20:55 +0000] "POST /search/?c=Books HTTP/1.1" 200 85 "/item/garden/3631" "Mozilla/5.0 (compatible; MSIE 9.0; Windows NT 6.1; Trident/5.0)"
124.207.71.32 - - [17/Nov/2017:07:21:00 +0000] "POST /search/?c=Software+Networking HTTP/1.1" 200 104 "/item/computers/809" "Mozilla/5.0 (compatible; Googlebot/2.1; +http://www.google.com/bot.html)"
40.105.210.146 - - [17/Nov/2017:07:21:05 +0000] "GET /item/electronics/3821 HTTP/1.1" 200 75 "http://www.google.com/search?ie=UTF-8&q=google&sclient=psy-ab&q=Electronics&oq=Electronics&aq=f&aqi=g-vL1&aql=&pbx=1&bav=on.2,or.r_gc.r_pw.r_qf.,cf.osb&biw=3213&bih=179" "Mozilla/5.0 (Windows NT 6.1; WOW64) AppleWebKit/535.11 (KHTML, like Gecko) Chrome/17.0.963.56 Safari/535.11"
216.210.62.164 - - [17/Nov/2017:07:21:10 +0000] "GET /category/giftcards HTTP/1.1" 200 113 "-" "Mozilla/5.0 (compatible; Googlebot/2.1; +http://www.google.com/bot.html)"
160.135.24.226 - - [17/Nov/2017:07:21:15 +0000] "GET /category/health HTTP/1.1" 200 59 "/item/music/2048" "Mozilla/4.0 (compatible; MSIE 8.0; Windows NT 6.0; WOW64; Trident/4.0; GTB6; SLCC1; .NET CLR 2.0.50727; Media Center PC 5.0; .NET CLR 3.5.30729; .NET CLR 3.0.30618; .NET4.0C)"
152.207.144.27 - - [17/Nov/2017:07:21:20 +0000] "GET /item/toys/2543 HTTP/1.1" 200 73 "/search/?c=Toys" "Mozilla/4.0 (compatible; MSIE 8.0; Windows NT 5.1; Trident/4.0; YTB720; GTB7.2; .NET CLR 1.1.4322; .NET CLR 2.0.50727; .NET CLR 3.0.4506.2152; .NET CLR 3.5.30729)"
152.120.32.93 - - [17/Nov/2017:07:21:25 +0000] "GET /category/software HTTP/1.1" 200 128 "/category/books" "Mozilla/5.0 (compatible; MSIE 9.0; Windows NT 6.1; Trident/5.0)"
108.159.46.114 - - [17/Nov/2017:07:21:30 +0000] "GET /category/software HTTP/1.1" 200 72 "-" "Mozilla/5.0 (Windows NT 6.1; WOW64) AppleWebKit/535.11 (KHTML, like Gecko) Chrome/17.0.963.56 Safari/535.11"
80.132.181.27 - - [17/Nov/2017:07:21:35 +0000] "GET /category/networking HTTP/1.1" 200 82 "/item/games/2215" "Mozilla/5.0 (compatible; MSIE 9.0; Windows NT 6.1; WOW64; Trident/5.0)"
68.24.152.91 - - [17/Nov/2017:07:21:40 +0000] "GET /category/cameras HTTP/1.1" 200 99 "-" "Mozilla/5.0 (Windows NT 6.0; rv:10.0.1) Gecko/20100101 Firefox/10.0.1"
156.81.120.91 - - [17/Nov/2017:07:21:45 +0000] "GET /item/electronics/287 HTTP/1.1" 200 50 "/category/electronics" "Mozilla/5.0 (Windows NT 6.0; rv:10.0.1) Gecko/20100101 Firefox/10.0.1"
28.156.128.90 - - [17/Nov/2017:07:21:50 +0000] "GET /category/health HTTP/1.1" 200 49 "/category/finance" "Mozilla/4.0 (compatible; MSIE 8.0; Windows NT 6.1; WOW64; Trident/4.0; GTB7.2; SLCC2; .NET CLR 2.0.50727; .NET CLR 3.5.30729; .NET CLR 3.0.30729; Media Center PC 6.0; .NET4.0C)"
112.42.221.126 - - [17/Nov/2017:07:21:55 +0000] "GET /item/software/2343 HTTP/1.1" 200 81 "-" "Mozilla/4.0 (compatible; MSIE 8.0; Windows NT 6.0; WOW64; Trident/4.0; GTB6; SLCC1; .NET CLR 2.0.50727; Media Center PC 5.0; .NET CLR 3.5.30729; .NET CLR 3.0.30618; .NET4.0C)"
72.111.113.84 - - [17/Nov/2017:07:22:00 +0000] "GET /item/books/4818 HTTP/1.1" 200 71 "/item/electronics/3042" "Mozilla/5.0 (compatible; Googlebot/2.1; +http://www.google.com/bot.html)"
64.219.144.181 - - [17/Nov/2017:07:22:05 +0000] "GET /item/jewelry/2479 HTTP/1.1" 200 126 "http://www.google.com/search?ie=UTF-8&q=google&sclient=psy-ab&q=Jewelry&oq=Jewelry&aq=f&aqi=g-vL1&aql=&pbx=1&bav=on.2,or.r_gc.r_pw.r_qf.,cf.osb&biw=896&bih=28" "Mozilla/4.0 (compatible; MSIE 8.0; Windows NT 5.1; Trident/4.0; YTB720; GTB7.2; .NET CLR 1.1.4322; .NET CLR 2.0.50727; .NET CLR 3.0.4506.2152; .NET CLR 3.5.30729)"
208.180.46.35 - - [17/Nov/2017:07:22:10 +0000] "GET /category/office HTTP/1.1" 200 71 "-" "Mozilla/5.0 (compatible; MSIE 9.0; Windows NT 6.1; WOW64; Trident/5.0)"
216.81.116.200 - - [17/Nov/2017:07:22:15 +0000] "GET /category/software HTTP/1.1" 200 109 "/category/health" "Mozilla/5.0 (Windows NT 6.1; WOW64) AppleWebKit/535.7 (KHTML, like Gecko) Chrome/16.0.912.77 Safari/535.7"
152.114.173.61 - - [17/Nov/2017:07:22:20 +0000] "GET /category/electronics HTTP/1.1" 200 47 "-" "Mozilla/5.0 (Windows NT 6.0) AppleWebKit/535.11 (KHTML, like Gecko) Chrome/17.0.963.56 Safari/535.11"
80.114.67.84 - - [17/Nov/2017:07:22:25 +0000] "GET /item/computers/809 HTTP/1.1" 200 128 "/search/?c=Computers" "Mozilla/4.0 (compatible; MSIE 8.0; Windows NT 6.1; WOW64; Trident/4.0; YTB730; GTB7.2; SLCC2; .NET CLR 2.0.50727; .NET CLR 3.5.30729; .NET CLR 3.0.30729; .NET4.0C; .NET4.0E; Media Center PC 6.0)"
88.63.121.43 - - [17/Nov/2017:07:22:30 +0000] "GET /category/games HTTP/1.1" 200 135 "-" "Mozilla/4.0 (compatible; MSIE 8.0; Windows NT 6.0; WOW64; Trident/4.0; GTB6; SLCC1; .NET CLR 2.0.50727; Media Center PC 5.0; .NET CLR 3.5.30729; .NET CLR 3.0.30618; .NET4.0C)"
164.75.155.177 - - [17/Nov/2017:07:22:35 +0000] "POST /search/?c=Electronics+Software HTTP/1.1" 200 77 "-" "Mozilla/4.0 (compatible; MSIE 8.0; Windows NT 6.1; WOW64; Trident/4.0; YTB730; GTB7.2; SLCC2; .NET CLR 2.0.50727; .NET CLR 3.5.30729; .NET CLR 3.0.30729; .NET4.0C; .NET4.0E; Media Center PC 6.0)"
68.111.65.149 - - [17/Nov/2017:07:22:40 +0000] "GET /category/electronics HTTP/1.1" 200 93 "-" "Mozilla/5.0 (Windows NT 6.0; rv:10.0.1) Gecko/20100101 Firefox/10.0.1"
216.219.89.75 - - [17/Nov/2017:07:22:45 +0000] "GET /category/giftcards HTTP/1.1" 200 60 "/item/giftcards/357" "Mozilla/5.0 (Windows NT 6.0) AppleWebKit/535.11 (KHTML, like Gecko) Chrome/17.0.963.56 Safari/535.11"
56.117.147.155 - - [17/Nov/2017:07:22:50 +0000] "GET /category/electronics HTTP/1.1" 200 139 "/category/office" "Mozilla/5.0 (Windows NT 6.0; rv:10.0.1) Gecko/20100101 Firefox/10.0.1"
80.57.31.216 - - [17/Nov/2017:07:22:55 +0000] "GET /category/jewelry HTTP/1.1" 200 137 "-" "Mozilla/5.0 (Windows NT 6.1; WOW64) AppleWebKit/535.7 (KHTML, like Gecko) Chrome/16.0.912.77 Safari/535.7"
64.111.228.178 - - [17/Nov/2017:07:23:00 +0000] "GET /category/electronics?from=10 HTTP/1.1" 200 88 "/category/software" "Mozilla/5.0 (Macintosh; Intel Mac OS X 10.6; rv:9.0.1) Gecko/20100101 Firefox/9.0.1"
36.33.116.55 - - [17/Nov/2017:07:23:05 +0000] "GET /category/books HTTP/1.1" 200 96 "/category/finance" "Mozilla/5.0 (Windows NT 5.1) AppleWebKit/535.11 (KHTML, like Gecko) Chrome/17.0.963.46 Safari/535.11"
176.33.111.181 - - [17/Nov/2017:07:23:10 +0000] "GET /category/books?from=0 HTTP/1.1" 200 52 "/search/?c=Office+Electronics" "Mozilla/5.0 (compatible; MSIE 9.0; Windows NT 6.1; WOW64; Trident/5.0)"
136.81.21.202 - - [17/Nov/2017:07:23:15 +0000] "GET /item/software/1831 HTTP/1.1" 200 69 "/category/software" "Mozilla/5.0 (Windows NT 6.0; rv:10.0.1) Gecko/20100101 Firefox/10.0.1"
56.168.99.190 - - [17/Nov/2017:07:23:20 +0000] "GET /item/games/3164 HTTP/1.1" 200 49 "/category/health" "Mozilla/5.0 (Macintosh; Intel Mac OS X 10.6; rv:9.0.1) Gecko/20100101 Firefox/9.0.1"
72.39.200.100 - - [17/Nov/2017:07:23:25 +0000] "GET /category/software HTTP/1.1" 200 131 "/category/music" "Mozilla/5.0 (Windows NT 6.0) AppleWebKit/535.11 (KHTML, like Gecko) Chrome/17.0.963.56 Safari/535.11"
200.201.187.211 - - [17/Nov/2017:07:23:30 +0000] "GET /category/health HTTP/1.1" 200 119 "-" "Mozilla/5.0 (Windows NT 5.1) AppleWebKit/535.11 (KHTML, like Gecko) Chrome/17.0.963.46 Safari/535.11"
128.177.137.56 - - [17/Nov/2017:07:23:35 +0000] "GET /category/giftcards HTTP/1.1" 200 117 "/category/cameras" "Mozilla/5.0 (compatible; Googlebot/2.1; +http://www.google.com/bot.html)"
60.123.150.225 - - [17/Nov/2017:07:23:40 +0000] "GET /category/games HTTP/1.1" 200 101 "/category/books" "Mozilla/5.0 (iPhone; CPU iPhone OS 5_0_1 like Mac OS X) AppleWebKit/534.46 (KHTML, like Gecko) Version/5.1 Mobile/9A405 Safari/7534.48.3"
184.93.57.135 - - [17/Nov/2017:07:23:45 +0000] "POST /search/?c=Computers+Electronics HTTP/1.1" 200 136 "-" "Mozilla/5.0 (Macintosh; Intel Mac OS X 10.6; rv:9.0.1) Gecko/20100101 Firefox/9.0.1"
36.156.149.92 - - [17/Nov/2017:07:23:50 +0000] "GET /category/electronics HTTP/1.1" 200 50 "-" "Mozilla/5.0 (Windows NT 6.0) AppleWebKit/535.11 (KHTML, like Gecko) Chrome/17.0.963.56 Safari/535.11"
120.141.183.120 - - [17/Nov/2017:07:23:55 +0000] "GET /category/books?from=10 HTTP/1.1" 200 86 "/category/software" "Mozilla/5.0 (Windows NT 6.0; rv:10.0.1) Gecko/20100101 Firefox/10.0.1"
84.117.111.177 - - [17/Nov/2017:07:24:00 +0000] "GET /category/software HTTP/1.1" 200 71 "/item/music/4403" "Mozilla/5.0 (Windows NT 6.0) AppleWebKit/535.11 (KHTML, like Gecko) Chrome/17.0.963.56 Safari/535.11"
156.90.25.118 - - [17/Nov/2017:07:24:05 +0000] "GET /category/computers HTTP/1.1" 200 133 "-" "Mozilla/5.0 (Windows NT 6.0; rv:10.0.1) Gecko/20100101 Firefox/10.0.1"
140.150.40.81 - - [17/Nov/2017:07:24:10 +0000] "GET /category/books HTTP/1.1" 200 106 "/category/finance" "Mozilla/5.0 (Macintosh; Intel Mac OS X 10.6; rv:9.0.1) Gecko/20100101 Firefox/9.0.1"
140.51.85.207 - - [17/Nov/2017:07:24:15 +0000] "GET /category/electronics HTTP/1.1" 200 96 "-" "Mozilla/4.0 (compatible; MSIE 8.0; Windows NT 6.1; Trident/4.0; YTB730; SLCC2; .NET CLR 2.0.50727; .NET CLR 3.5.30729; .NET CLR 3.0.30729; Media Center PC 6.0; .NET4.0C)"
24.162.227.115 - - [17/Nov/2017:07:24:20 +0000] "GET /category/books HTTP/1.1" 200 49 "/category/electronics" "Mozilla/4.0 (compatible; MSIE 8.0; Windows NT 6.1; WOW64; Trident/4.0; YTB730; GTB7.2; SLCC2; .NET CLR 2.0.50727; .NET CLR 3.5.30729; .NET CLR 3.0.30729; .NET4.0C; .NET4.0E; Media Center PC 6.0)"
220.123.112.58 - - [17/Nov/2017:07:24:25 +0000] "GET /item/cameras/3403 HTTP/1.1" 200 108 "/item/books/4586" "Mozilla/4.0 (compatible; MSIE 8.0; Windows NT 6.1; WOW64; Trident/4.0; YTB730; GTB7.2; SLCC2; .NET CLR 2.0.50727; .NET CLR 3.5.30729; .NET CLR 3.0.30729; .NET4.0C; .NET4.0E; Media Center PC 6.0)"
212.204.212.109 - - [17/Nov/2017:07:24:30 +0000] "GET /category/finance HTTP/1.1" 200 96 "/category/electronics" "Mozilla/4.0 (compatible; MSIE 8.0; Windows NT 6.1; WOW64; Trident/4.0; YTB730; GTB7.2; SLCC2; .NET CLR 2.0.50727; .NET CLR 3.5.30729; .NET CLR 3.0.30729; .NET4.0C; .NET4.0E; Media Center PC 6.0)"
208.171.120.182 - - [17/Nov/2017:07:24:35 +0000] "GET /item/toys/1283 HTTP/1.1" 200 49 "/search/?c=Books" "Mozilla/5.0 (Windows NT 6.0; rv:10.0.1) Gecko/20100101 Firefox/10.0.1"
20.168.121.199 - - [17/Nov/2017:07:24:40 +0000] "GET /category/electronics HTTP/1.1" 200 79 "/search/?c=Music" "Mozilla/5.0 (Windows NT 6.1; WOW64) AppleWebKit/535.11 (KHTML, like Gecko) Chrome/17.0.963.56 Safari/535.11"
88.48.32.227 - - [17/Nov/2017:07:24:45 +0000] "GET /category/books?from=20 HTTP/1.1" 200 86 "/search/?c=Books+Software" "Mozilla/4.0 (compatible; MSIE 8.0; Windows NT 6.1; WOW64; Trident/4.0; GTB7.2; SLCC2; .NET CLR 2.0.50727; .NET CLR 3.5.30729; .NET CLR 3.0.30729; Media Center PC 6.0; .NET4.0C)"
84.222.57.97 - - [17/Nov/2017:07:24:50 +0000] "GET /item/computers/1158 HTTP/1.1" 200 122 "/category/software" "Mozilla/5.0 (compatible; MSIE 9.0; Windows NT 6.1; WOW64; Trident/5.0)"
88.126.130.26 - - [17/Nov/2017:07:24:55 +0000] "GET /category/software HTTP/1.1" 200 116 "-" "Mozilla/4.0 (compatible; MSIE 8.0; Windows NT 6.1; Trident/4.0; YTB730; SLCC2; .NET CLR 2.0.50727; .NET CLR 3.5.30729; .NET CLR 3.0.30729; Media Center PC 6.0; .NET4.0C)"
112.33.59.25 - - [17/Nov/2017:07:25:00 +0000] "GET /item/finance/1639 HTTP/1.1" 200 114 "http://www.google.com/search?ie=UTF-8&q=google&sclient=psy-ab&q=Finance&oq=Finance&aq=f&aqi=g-vL1&aql=&pbx=1&bav=on.2,or.r_gc.r_pw.r_qf.,cf.osb&biw=2439&bih=355" "Mozilla/5.0 (Windows NT 6.0) AppleWebKit/535.11 (KHTML, like Gecko) Chrome/17.0.963.56 Safari/535.11"
128.27.162.45 - - [17/Nov/2017:07:25:05 +0000] "GET /category/software HTTP/1.1" 200 77 "-" "Mozilla/5.0 (Windows NT 6.0; rv:10.0.1) Gecko/20100101 Firefox/10.0.1"
152.63.117.36 - - [17/Nov/2017:07:25:10 +0000] "GET /category/electronics HTTP/1.1" 200 44 "/category/books" "Mozilla/4.0 (compatible; MSIE 8.0; Windows NT 5.1; Trident/4.0; BTRS122159; GTB7.2; .NET CLR 1.1.4322; .NET CLR 2.0.50727; .NET CLR 3.0.04506.30; .NET CLR 3.0.4506.2152; .NET CLR 3.5.30729; BRI/2)"
216.222.35.46 - - [17/Nov/2017:07:25:15 +0000] "GET /category/games HTTP/1.1" 200 114 "-" "Mozilla/5.0 (Windows NT 6.1; WOW64) AppleWebKit/535.7 (KHTML, like Gecko) Chrome/16.0.912.77 Safari/535.7"
196.84.86.62 - - [17/Nov/2017:07:25:20 +0000] "GET /item/software/2456 HTTP/1.1" 200 77 "/item/computers/1272" "Mozilla/5.0 (compatible; Googlebot/2.1; +http://www.google.com/bot.html)"
220.159.151.36 - - [17/Nov/2017:07:25:25 +0000] "GET /category/software HTTP/1.1" 200 58 "-" "Mozilla/4.0 (compatible; MSIE 8.0; Windows NT 6.1; WOW64; Trident/4.0; YTB730; GTB7.2; SLCC2; .NET CLR 2.0.50727; .NET CLR 3.5.30729; .NET CLR 3.0.30729; .NET4.0C; .NET4.0E; Media Center PC 6.0)"
112.30.36.35 - - [17/Nov/2017:07:25:30 +0000] "GET /category/software?from=0 HTTP/1.1" 200 137 "/item/books/4322" "Mozilla/5.0 (Windows NT 6.0; rv:10.0.1) Gecko/20100101 Firefox/10.0.1"
164.87.165.83 - - [17/Nov/2017:07:25:35 +0000] "GET /category/networking HTTP/1.1" 200 53 "-" "Mozilla/5.0 (Windows NT 6.1; WOW64; rv:10.0.1) Gecko/20100101 Firefox/10.0.1"
68.24.152.91 - - [17/Nov/2017:07:25:40 +0000] "GET /item/software/4034 HTTP/1.1" 200 131 "/item/garden/1220" "Mozilla/4.0 (compatible; MSIE 8.0; Windows NT 5.1; Trident/4.0; BTRS122159; GTB7.2; .NET CLR 1.1.4322; .NET CLR 2.0.50727; .NET CLR 3.0.04506.30; .NET CLR 3.0.4506.2152; .NET CLR 3.5.30729; BRI/2)"
100.42.49.57 - - [17/Nov/2017:07:25:45 +0000] "GET /category/electronics HTTP/1.1" 200 128 "/category/books?from=0" "Mozilla/4.0 (compatible; MSIE 8.0; Windows NT 6.1; WOW64; Trident/4.0; YTB730; GTB7.2; EasyBits GO v1.0; SLCC2; .NET CLR 2.0.50727; .NET CLR 3.5.30729; .NET CLR 3.0.30729; Media Center PC 6.0; .NET4.0C)"
176.87.116.29 - - [17/Nov/2017:07:25:50 +0000] "GET /category/garden HTTP/1.1" 200 129 "-" "Mozilla/5.0 (Windows NT 5.1) AppleWebKit/535.11 (KHTML, like Gecko) Chrome/17.0.963.46 Safari/535.11"
100.54.117.195 - - [17/Nov/2017:07:25:55 +0000] "POST /search/?c=Electronics HTTP/1.1" 200 69 "-" "Mozilla/5.0 (Windows NT 6.1; WOW64) AppleWebKit/535.7 (KHTML, like Gecko) Chrome/16.0.912.77 Safari/535.7"
184.198.208.220 - - [17/Nov/2017:07:26:00 +0000] "GET /item/electronics/3529 HTTP/1.1" 404 122 "/search/?c=Electronics+Health" "Mozilla/4.0 (compatible; MSIE 8.0; Windows NT 5.1; Trident/4.0; YTB720; GTB7.2; .NET CLR 1.1.4322; .NET CLR 2.0.50727; .NET CLR 3.0.4506.2152; .NET CLR 3.5.30729)"
220.195.117.90 - - [17/Nov/2017:07:26:05 +0000] "GET /category/software HTTP/1.1" 200 109 "/category/electronics" "Mozilla/5.0 (Macintosh; Intel Mac OS X 10.6; rv:9.0.1) Gecko/20100101 Firefox/9.0.1"
132.102.43.57 - - [17/Nov/2017:07:26:10 +0000] "GET /category/software HTTP/1.1" 200 78 "/category/software" "Mozilla/5.0 (Windows NT 6.0) AppleWebKit/535.11 (KHTML, like Gecko) Chrome/17.0.963.56 Safari/535.11"
180.186.35.139 - - [17/Nov/2017:07:26:15 +0000] "GET /category/software HTTP/1.1" 200 99 "-" "Mozilla/4.0 (compatible; MSIE 8.0; Windows NT 5.1; Trident/4.0; BTRS122159; GTB7.2; .NET CLR 1.1.4322; .NET CLR 2.0.50727; .NET CLR 3.0.04506.30; .NET CLR 3.0.4506.2152; .NET CLR 3.5.30729; BRI/2)"
208.126.73.169 - - [17/Nov/2017:07:26:20 +0000] "POST /search/?c=Health HTTP/1.1" 200 102 "/item/garden/348" "Mozilla/5.0 (compatible; MSIE 9.0; Windows NT 6.1; WOW64; Trident/5.0)"
168.216.60.85 - - [17/Nov/2017:07:26:25 +0000] "GET /item/finance/4492 HTTP/1.1" 200 41 "-" "Mozilla/5.0 (compatible; Googlebot/2.1; +http://www.google.com/bot.html)"
140.216.85.20 - - [17/Nov/2017:07:26:30 +0000] "GET /item/toys/1733 HTTP/1.1" 200 117 "/item/sports/1884" "Mozilla/5.0 (Windows NT 6.0; rv:10.0.1) Gecko/20100101 Firefox/10.0.1"
148.180.67.120 - - [17/Nov/2017:07:26:35 +0000] "GET /item/music/1760 HTTP/1.1" 200 112 "-" "Mozilla/5.0 (compatible; MSIE 9.0; Windows NT 6.1; WOW64; Trident/5.0)"
172.171.155.192 - - [17/Nov/2017:07:26:40 +0000] "GET /category/health HTTP/1.1" 200 59 "/category/electronics" "Mozilla/5.0 (iPhone; CPU iPhone OS 5_0_1 like Mac OS X) AppleWebKit/534.46 (KHTML, like Gecko) Version/5.1 Mobile/9A405 Safari/7534.48.3"
192.228.189.65 - - [17/Nov/2017:07:26:45 +0000] "POST /search/?c=Giftcards+Games HTTP/1.1" 200 116 "-" "Mozilla/5.0 (Windows NT 6.1; WOW64) AppleWebKit/535.7 (KHTML, like Gecko) Chrome/16.0.912.77 Safari/535.7"
56.195.124.151 - - [17/Nov/2017:07:26:50 +0000] "POST /search/?c=Computers+Jewelry HTTP/1.1" 200 81 "/item/office/564" "Mozilla/5.0 (Macintosh; Intel Mac OS X 10.6; rv:9.0.1) Gecko/20100101 Firefox/9.0.1"
60.126.127.74 - - [17/Nov/2017:07:26:55 +0000] "GET /item/cameras/3320 HTTP/1.1" 200 109 "/category/jewelry" "Mozilla/5.0 (Windows NT 6.1; WOW64; rv:10.0.1) Gecko/20100101 Firefox/10.0.1"
200.78.216.173 - - [17/Nov/2017:07:27:00 +0000] "GET /item/electronics/3036 HTTP/1.1" 200 49 "-" "Mozilla/4.0 (compatible; MSIE 8.0; Windows NT 6.0; WOW64; Trident/4.0; GTB6; SLCC1; .NET CLR 2.0.50727; Media Center PC 5.0; .NET CLR 3.5.30729; .NET CLR 3.0.30618; .NET4.0C)"
76.90.203.178 - - [17/Nov/2017:07:27:05 +0000] "GET /category/books HTTP/1.1" 200 40 "/search/?c=Games+Software" "Mozilla/5.0 (Windows NT 6.1; WOW64; rv:10.0.1) Gecko/20100101 Firefox/10.0.1"
136.198.147.93 - - [17/Nov/2017:07:27:10 +0000] "GET /category/cameras HTTP/1.1" 200 127 "-" "Mozilla/5.0 (Windows NT 6.1; WOW64; rv:10.0.1) Gecko/20100101 Firefox/10.0.1"
208.93.164.196 - - [17/Nov/2017:07:27:15 +0000] "GET /category/networking HTTP/1.1" 200 108 "/item/garden/1912" "Mozilla/5.0 (compatible; MSIE 9.0; Windows NT 6.1; WOW64; Trident/5.0)"
100.48.146.116 - - [17/Nov/2017:07:27:20 +0000] "GET /category/electronics HTTP/1.1" 200 48 "/category/electronics" "Mozilla/4.0 (compatible; MSIE 8.0; Windows NT 6.1; Trident/4.0; YTB730; SLCC2; .NET CLR 2.0.50727; .NET CLR 3.5.30729; .NET CLR 3.0.30729; Media Center PC 6.0; .NET4.0C)"
220.165.214.67 - - [17/Nov/2017:07:27:25 +0000] "POST /search/?c=Electronics+Games HTTP/1.1" 200 138 "/item/games/3422" "Mozilla/5.0 (compatible; MSIE 9.0; Windows NT 6.1; WOW64; Trident/5.0)"
144.213.38.93 - - [17/Nov/2017:07:27:30 +0000] "GET /category/music HTTP/1.1" 200 117 "/item/electronics/4030" "Mozilla/5.0 (Windows NT 6.1; WOW64) AppleWebKit/535.11 (KHTML, like Gecko) Chrome/17.0.963.56 Safari/535.11"
196.78.91.172 - - [17/Nov/2017:07:27:35 +0000] "GET /category/electronics HTTP/1.1" 200 138 "-" "Mozilla/5.0 (Windows NT 6.1; WOW64; rv:10.0.1) Gecko/20100101 Firefox/10.0.1"
208.207.38.30 - - [17/Nov/2017:07:27:40 +0000] "POST /search/?c=Toys+Toys HTTP/1.1" 200 69 "/item/toys/2543" "Mozilla/5.0 (Windows NT 6.0; rv:10.0.1) Gecko/20100101 Firefox/10.0.1"
32.132.45.143 - - [17/Nov/2017:07:27:45 +0000] "GET /item/electronics/705 HTTP/1.1" 200 92 "/category/games" "Mozilla/5.0 (compatible; Googlebot/2.1; +http://www.google.com/bot.html)"
32.39.91.121 - - [17/Nov/2017:07:27:50 +0000] "POST /search/?c=Books+Health HTTP/1.1" 200 114 "/category/computers" "Mozilla/5.0 (compatible; MSIE 9.0; Windows NT 6.1; WOW64; Trident/5.0)"
44.39.69.128 - - [17/Nov/2017:07:27:55 +0000] "GET /category/health HTTP/1.1" 200 92 "-" "Mozilla/5.0 (compatible; Googlebot/2.1; +http://www.google.com/bot.html)"
84.150.50.150 - - [17/Nov/2017:07:28:00 +0000] "GET /category/books HTTP/1.1" 200 85 "/item/software/4545" "Mozilla/5.0 (iPhone; CPU iPhone OS 5_0_1 like Mac OS X) AppleWebKit/534.46 (KHTML, like Gecko) Version/5.1 Mobile/9A405 Safari/7534.48.3"
52.51.140.109 - - [17/Nov/2017:07:28:05 +0000] "GET /category/electronics HTTP/1.1" 200 97 "/category/sports" "Mozilla/5.0 (compatible; Googlebot/2.1; +http://www.google.com/bot.html)"
212.90.155.59 - - [17/Nov/2017:07:28:10 +0000] "GET /item/software/3887 HTTP/1.1" 200 100 "-" "Mozilla/5.0 (compatible; MSIE 9.0; Windows NT 6.1; WOW64; Trident/5.0)"
152.90.227.164 - - [17/Nov/2017:07:28:15 +0000] "GET /category/computers HTTP/1.1" 200 77 "http://www.google.com/search?ie=UTF-8&q=google&sclient=psy-ab&q=Computers&oq=Computers&aq=f&aqi=g-vL1&aql=&pbx=1&bav=on.2,or.r_gc.r_pw.r_qf.,cf.osb&biw=617&bih=60" "Mozilla/4.0 (compatible; MSIE 8.0; Windows NT 6.1; WOW64; Trident/4.0; YTB730; GTB7.2; EasyBits GO v1.0; SLCC2; .NET CLR 2.0.50727; .NET CLR 3.5.30729; .NET CLR 3.0.30729; Media Center PC 6.0; .NET4.0C)"
116.123.101.195 - - [17/Nov/2017:07:28:20 +0000] "GET /item/software/530 HTTP/1.1" 200 126 "-" "Mozilla/5.0 (compatible; MSIE 9.0; Windows NT 6.1; WOW64; Trident/5.0)"
172.186.101.199 - - [17/Nov/2017:07:28:25 +0000] "GET /category/giftcards HTTP/1.1" 200 117 "/category/electronics" "Mozilla/5.0 (compatible; MSIE 9.0; Windows NT 6.1; WOW64; Trident/5.0)"
32.81.139.201 - - [17/Nov/2017:07:28:30 +0000] "GET /category/jewelry HTTP/1.1" 200 48 "http://www.google.com/search?ie=UTF-8&q=google&sclient=psy-ab&q=Jewelry&oq=Jewelry&aq=f&aqi=g-vL1&aql=&pbx=1&bav=on.2,or.r_gc.r_pw.r_qf.,cf.osb&biw=2337&bih=330" "Mozilla/4.0 (compatible; MSIE 8.0; Windows NT 5.1; Trident/4.0; YTB720; GTB7.2; .NET CLR 1.1.4322; .NET CLR 2.0.50727; .NET CLR 3.0.4506.2152; .NET CLR 3.5.30729)"
228.162.165.103 - - [17/Nov/2017:07:28:35 +0000] "GET /category/books?from=20 HTTP/1.1" 200 121 "/category/books" "Mozilla/5.0 (Windows NT 6.1; WOW64) AppleWebKit/535.11 (KHTML, like Gecko) Chrome/17.0.963.56 Safari/535.11"
212.96.91.36 - - [17/Nov/2017:07:28:40 +0000] "GET /category/books HTTP/1.1" 200 99 "/item/software/4657" "Mozilla/4.0 (compatible; MSIE 8.0; Windows NT 6.1; WOW64; Trident/4.0; YTB730; GTB7.2; EasyBits GO v1.0; SLCC2; .NET CLR 2.0.50727; .NET CLR 3.5.30729; .NET CLR 3.0.30729; Media Center PC 6.0; .NET4.0C)"
180.36.176.29 - - [17/Nov/2017:07:28:45 +0000] "GET /category/cameras?from=10 HTTP/1.1" 200 72 "/category/electronics?from=0" "Mozilla/5.0 (Windows NT 6.1; WOW64; rv:10.0.1) Gecko/20100101 Firefox/10.0.1"
152.21.213.161 - - [17/Nov/2017:07:28:50 +0000] "GET /category/finance HTTP/1.1" 200 135 "/search/?c=Electronics" "Mozilla/5.0 (compatible; MSIE 9.0; Windows NT 6.1; Trident/5.0)"
60.123.150.225 - - [17/Nov/2017:07:28:55 +0000] "GET /category/books HTTP/1.1" 200 50 "-" "Mozilla/5.0 (iPhone; CPU iPhone OS 5_0_1 like Mac OS X) AppleWebKit/534.46 (KHTML, like Gecko) Version/5.1 Mobile/9A405 Safari/7534.48.3"
116.60.31.130 - - [17/Nov/2017:07:29:00 +0000] "GET /item/finance/1639 HTTP/1.1" 200 114 "/category/computers" "Mozilla/4.0 (compatible; MSIE 8.0; Windows NT 6.1; Trident/4.0; YTB730; SLCC2; .NET CLR 2.0.50727; .NET CLR 3.5.30729; .NET CLR 3.0.30729; Media Center PC 6.0; .NET4.0C)"
52.216.117.160 - - [17/Nov/2017:07:29:05 +0000] "GET /category/software HTTP/1.1" 200 94 "/category/software" "Mozilla/5.0 (Windows NT 6.0; rv:10.0.1) Gecko/20100101 Firefox/10.0.1"
60.123.32.130 - - [17/Nov/2017:07:29:10 +0000] "GET /category/software HTTP/1.1" 200 109 "-" "Mozilla/4.0 (compatible; MSIE 8.0; Windows NT 5.1; Trident/4.0; YTB720; GTB7.2; .NET CLR 1.1.4322; .NET CLR 2.0.50727; .NET CLR 3.0.4506.2152; .NET CLR 3.5.30729)"
140.72.172.206 - - [17/Nov/2017:07:29:15 +0000] "GET /item/books/757 HTTP/1.1" 200 90 "/category/networking" "Mozilla/4.0 (compatible; MSIE 8.0; Windows NT 6.0; WOW64; Trident/4.0; GTB6; SLCC1; .NET CLR 2.0.50727; Media Center PC 5.0; .NET CLR 3.5.30729; .NET CLR 3.0.30618; .NET4.0C)"
212.156.57.223 - - [17/Nov/2017:07:29:20 +0000] "GET /category/computers HTTP/1.1" 200 126 "/category/books" "Mozilla/4.0 (compatible; MSIE 8.0; Windows NT 5.1; Trident/4.0; YTB720; GTB7.2; .NET CLR 1.1.4322; .NET CLR 2.0.50727; .NET CLR 3.0.4506.2152; .NET CLR 3.5.30729)"
136.108.176.209 - - [17/Nov/2017:07:29:25 +0000] "GET /item/computers/4448 HTTP/1.1" 200 100 "/search/?c=Computers" "Mozilla/5.0 (Windows NT 6.0; rv:10.0.1) Gecko/20100101 Firefox/10.0.1"
204.162.54.90 - - [17/Nov/2017:07:29:30 +0000] "GET /category/office HTTP/1.1" 200 133 "-" "Mozilla/5.0 (compatible; Googlebot/2.1; +http://www.google.com/bot.html)"
212.60.196.21 - - [17/Nov/2017:07:29:35 +0000] "GET /category/software?from=20 HTTP/1.1" 200 57 "/category/electronics" "Mozilla/5.0 (Windows NT 6.0; rv:10.0.1) Gecko/20100101 Firefox/10.0.1"
164.195.181.157 - - [17/Nov/2017:07:29:40 +0000] "GET /category/electronics HTTP/1.1" 200 98 "/search/?c=Electronics+Software" "Mozilla/5.0 (compatible; MSIE 9.0; Windows NT 6.1; WOW64; Trident/5.0)"
132.132.109.164 - - [17/Nov/2017:07:29:45 +0000] "GET /item/giftcards/4231 HTTP/1.1" 200 52 "/search/?c=Giftcards+Books" "Mozilla/5.0 (Windows NT 6.1; WOW64) AppleWebKit/535.11 (KHTML, like Gecko) Chrome/17.0.963.56 Safari/535.11"
76.180.131.65 - - [17/Nov/2017:07:29:50 +0000] "GET /item/electronics/2698 HTTP/1.1" 200 129 "-" "Mozilla/4.0 (compatible; MSIE 8.0; Windows NT 5.1; Trident/4.0; BTRS122159; GTB7.2; .NET CLR 1.1.4322; .NET CLR 2.0.50727; .NET CLR 3.0.04506.30; .NET CLR 3.0.4506.2152; .NET CLR 3.5.30729; BRI/2)"
144.126.86.47 - - [17/Nov/2017:07:29:55 +0000] "GET /category/garden HTTP/1.1" 200 117 "-" "Mozilla/5.0 (Windows NT 6.1; WOW64; rv:10.0.1) Gecko/20100101 Firefox/10.0.1"
208.54.69.174 - - [17/Nov/2017:07:30:00 +0000] "GET /category/software HTTP/1.1" 200 56 "-" "Mozilla/5.0 (Windows NT 6.1; WOW64) AppleWebKit/535.11 (KHTML, like Gecko) Chrome/17.0.963.56 Safari/535.11"
60.99.81.68 - - [17/Nov/2017:07:30:05 +0000] "GET /item/books/1869 HTTP/1.1" 200 134 "/category/books" "Mozilla/4.0 (compatible; MSIE 8.0; Windows NT 6.1; WOW64; Trident/4.0; YTB730; GTB7.2; SLCC2; .NET CLR 2.0.50727; .NET CLR 3.5.30729; .NET CLR 3.0.30729; .NET4.0C; .NET4.0E; Media Center PC 6.0)"
224.207.157.219 - - [17/Nov/2017:07:30:10 +0000] "GET /item/giftcards/4757 HTTP/1.1" 200 133 "/category/sports" "Mozilla/5.0 (Macintosh; Intel Mac OS X 10.6; rv:9.0.1) Gecko/20100101 Firefox/9.0.1"
56.48.140.129 - - [17/Nov/2017:07:30:15 +0000] "GET /category/games HTTP/1.1" 200 44 "/search/?c=Books" "Mozilla/4.0 (compatible; MSIE 8.0; Windows NT 6.0; WOW64; Trident/4.0; GTB6; SLCC1; .NET CLR 2.0.50727; Media Center PC 5.0; .NET CLR 3.5.30729; .NET CLR 3.0.30618; .NET4.0C)"
148.99.211.139 - - [17/Nov/2017:07:30:20 +0000] "GET /category/software HTTP/1.1" 200 110 "-" "Mozilla/4.0 (compatible; MSIE 8.0; Windows NT 5.1; Trident/4.0; YTB720; GTB7.2; .NET CLR 1.1.4322; .NET CLR 2.0.50727; .NET CLR 3.0.4506.2152; .NET CLR 3.5.30729)"
52.147.207.228 - - [17/Nov/2017:07:30:25 +0000] "GET /category/networking HTTP/1.1" 200 136 "/category/electronics" "Mozilla/5.0 (compatible; Googlebot/2.1; +http://www.google.com/bot.html)"
68.78.197.161 - - [17/Nov/2017:07:30:30 +0000] "GET /category/finance HTTP/1.1" 200 132 "/item/electronics/1095" "Mozilla/5.0 (Windows NT 6.0) AppleWebKit/535.11 (KHTML, like Gecko) Chrome/17.0.963.56 Safari/535.11"
224.192.171.198 - - [17/Nov/2017:07:30:35 +0000] "GET /category/games HTTP/1.1" 200 116 "http://www.google.com/search?ie=UTF-8&q=google&sclient=psy-ab&q=Games+Software&oq=Games+Software&aq=f&aqi=g-vL1&aql=&pbx=1&bav=on.2,or.r_gc.r_pw.r_qf.,cf.osb&biw=3897&bih=587" "Mozilla/5.0 (compatible; MSIE 9.0; Windows NT 6.1; WOW64; Trident/5.0)"
228.123.64.116 - - [17/Nov/2017:07:30:40 +0000] "GET /item/music/4221 HTTP/1.1" 200 94 "-" "Mozilla/4.0 (compatible; MSIE 8.0; Windows NT 6.1; WOW64; Trident/4.0; GTB7.2; SLCC2; .NET CLR 2.0.50727; .NET CLR 3.5.30729; .NET CLR 3.0.30729; Media Center PC 6.0; .NET4.0C)"
144.216.152.78 - - [17/Nov/2017:07:30:45 +0000] "POST /search/?c=Games+Software HTTP/1.1" 200 55 "-" "Mozilla/4.0 (compatible; MSIE 8.0; Windows NT 5.1; Trident/4.0; YTB720; GTB7.2; .NET CLR 1.1.4322; .NET CLR 2.0.50727; .NET CLR 3.0.4506.2152; .NET CLR 3.5.30729)"
200.189.168.228 - - [17/Nov/2017:07:30:50 +0000] "GET /category/software HTTP/1.1" 200 41 "-" "Mozilla/5.0 (Windows NT 6.1; WOW64) AppleWebKit/535.11 (KHTML, like Gecko) Chrome/17.0.963.56 Safari/535.11"
112.105.131.47 - - [17/Nov/2017:07:30:55 +0000] "GET /item/games/4058 HTTP/1.1" 200 94 "/category/games" "Mozilla/5.0 (Windows NT 6.1; WOW64) AppleWebKit/535.11 (KHTML, like Gecko) Chrome/17.0.963.56 Safari/535.11"
228.186.82.142 - - [17/Nov/2017:07:31:00 +0000] "GET /category/cameras?from=20 HTTP/1.1" 200 114 "/category/books" "Mozilla/4.0 (compatible; MSIE 8.0; Windows NT 5.1; Trident/4.0; YTB720; GTB7.2; .NET CLR 1.1.4322; .NET CLR 2.0.50727; .NET CLR 3.0.4506.2152; .NET CLR 3.5.30729)"
32.213.139.23 - - [17/Nov/2017:07:31:05 +0000] "GET /category/software HTTP/1.1" 200 68 "-" "Mozilla/4.0 (compatible; MSIE 8.0; Windows NT 6.1; WOW64; Trident/4.0; YTB730; GTB7.2; SLCC2; .NET CLR 2.0.50727; .NET CLR 3.5.30729; .NET CLR 3.0.30729; .NET4.0C; .NET4.0E; Media Center PC 6.0)"
148.219.89.124 - - [17/Nov/2017:07:31:10 +0000] "GET /item/garden/1220 HTTP/1.1" 200 112 "/category/office" "Mozilla/5.0 (compatible; MSIE 9.0; Windows NT 6.1; Trident/5.0)"
140.63.80.89 - - [17/Nov/2017:07:31:15 +0000] "GET /item/garden/1220 HTTP/1.1" 200 112 "/category/garden" "Mozilla/5.0 (Windows NT 6.1; WOW64) AppleWebKit/535.7 (KHTML, like Gecko) Chrome/16.0.912.77 Safari/535.7"
84.30.95.135 - - [17/Nov/2017:07:31:20 +0000] "POST /search/?c=Games+Electronics HTTP/1.1" 200 81 "-" "Mozilla/5.0 (compatible; MSIE 9.0; Windows NT 6.1; Trident/5.0)"
112.48.147.108 - - [17/Nov/2017:07:31:25 +0000] "GET /item/office/1168 HTTP/1.1" 200 135 "/category/games" "Mozilla/5.0 (Windows NT 6.0; rv:10.0.1) Gecko/20100101 Firefox/10.0.1"
108.93.207.173 - - [17/Nov/2017:07:31:30 +0000] "GET /category/networking?from=20 HTTP/1.1" 200 133 "/category/networking" "Mozilla/4.0 (compatible; MSIE 8.0; Windows NT 6.1; WOW64; Trident/4.0; YTB730; GTB7.2; SLCC2; .NET CLR 2.0.50727; .NET CLR 3.5.30729; .NET CLR 3.0.30729; .NET4.0C; .NET4.0E; Media Center PC 6.0)"
216.120.179.55 - - [17/Nov/2017:07:31:35 +0000] "GET /category/electronics HTTP/1.1" 200 62 "-" "Mozilla/5.0 (Windows NT 6.1; WOW64) AppleWebKit/535.7 (KHTML, like Gecko) Chrome/16.0.912.77 Safari/535.7"
40.36.91.188 - - [17/Nov/2017:07:31:40 +0000] "GET /item/games/3164 HTTP/1.1" 200 49 "-" "Mozilla/5.0 (Windows NT 6.0) AppleWebKit/535.11 (KHTML, like Gecko) Chrome/17.0.963.56 Safari/535.11"
84.225.150.149 - - [17/Nov/2017:07:31:45 +0000] "POST /search/?c=Giftcards HTTP/1.1" 200 104 "-" "Mozilla/4.0 (compatible; MSIE 8.0; Windows NT 6.1; WOW64; Trident/4.0; GTB7.2; SLCC2; .NET CLR 2.0.50727; .NET CLR 3.5.30729; .NET CLR 3.0.30729; Media Center PC 6.0; .NET4.0C)"
212.60.196.21 - - [17/Nov/2017:07:31:50 +0000] "GET /category/books HTTP/1.1" 200 91 "-" "Mozilla/4.0 (compatible; MSIE 8.0; Windows NT 6.1; Trident/4.0; YTB730; SLCC2; .NET CLR 2.0.50727; .NET CLR 3.5.30729; .NET CLR 3.0.30729; Media Center PC 6.0; .NET4.0C)"
120.189.102.122 - - [17/Nov/2017:07:31:55 +0000] "GET /item/electronics/2940 HTTP/1.1" 200 103 "/search/?c=Electronics" "Mozilla/4.0 (compatible; MSIE 8.0; Windows NT 6.1; WOW64; Trident/4.0; GTB7.2; SLCC2; .NET CLR 2.0.50727; .NET CLR 3.5.30729; .NET CLR 3.0.30729; Media Center PC 6.0; .NET4.0C)"
132.192.89.145 - - [17/Nov/2017:07:32:00 +0000] "GET /category/cameras HTTP/1.1" 200 53 "-" "Mozilla/4.0 (compatible; MSIE 8.0; Windows NT 5.1; Trident/4.0; YTB720; GTB7.2; .NET CLR 1.1.4322; .NET CLR 2.0.50727; .NET CLR 3.0.4506.2152; .NET CLR 3.5.30729)"
144.27.80.155 - - [17/Nov/2017:07:32:05 +0000] "GET /item/games/3390 HTTP/1.1" 200 42 "/category/electronics" "Mozilla/5.0 (Windows NT 6.1; WOW64; rv:10.0.1) Gecko/20100101 Firefox/10.0.1"
208.84.85.126 - - [17/Nov/2017:07:32:10 +0000] "GET /category/electronics HTTP/1.1" 200 139 "-" "Mozilla/5.0 (Windows NT 6.1; WOW64) AppleWebKit/535.11 (KHTML, like Gecko) Chrome/17.0.963.56 Safari/535.11"
76.90.203.178 - - [17/Nov/2017:07:32:15 +0000] "GET /category/games HTTP/1.1" 200 115 "-" "Mozilla/5.0 (compatible; MSIE 9.0; Windows NT 6.1; WOW64; Trident/5.0)"
24.156.128.139 - - [17/Nov/2017:07:32:20 +0000] "GET /category/garden HTTP/1.1" 200 114 "/item/electronics/2670" "Mozilla/5.0 (Windows NT 5.1) AppleWebKit/535.11 (KHTML, like Gecko) Chrome/17.0.963.46 Safari/535.11"
172.186.101.199 - - [17/Nov/2017:07:32:25 +0000] "GET /category/software HTTP/1.1" 200 109 "/category/networking" "Mozilla/5.0 (compatible; MSIE 9.0; Windows NT 6.1; WOW64; Trident/5.0)"
84.168.145.91 - - [17/Nov/2017:07:32:30 +0000] "GET /category/computers HTTP/1.1" 200 133 "-" "Mozilla/5.0 (Windows NT 6.0) AppleWebKit/535.11 (KHTML, like Gecko) Chrome/17.0.963.56 Safari/535.11"
184.60.35.189 - - [17/Nov/2017:07:32:35 +0000] "GET /item/computers/1943 HTTP/1.1" 200 77 "/search/?c=Computers" "Mozilla/5.0 (Windows NT 6.0) AppleWebKit/535.11 (KHTML, like Gecko) Chrome/17.0.963.56 Safari/535.11"
196.24.211.196 - - [17/Nov/2017:07:32:40 +0000] "GET /item/games/1456 HTTP/1.1" 200 111 "/category/books" "Mozilla/5.0 (Windows NT 5.1) AppleWebKit/535.11 (KHTML, like Gecko) Chrome/17.0.963.46 Safari/535.11"
24.90.183.170 - - [17/Nov/2017:07:32:45 +0000] "POST /search/?c=Electronics+Books HTTP/1.1" 200 134 "-" "Mozilla/5.0 (Windows NT 6.1; WOW64) AppleWebKit/535.11 (KHTML, like Gecko) Chrome/17.0.963.56 Safari/535.11"
60.51.108.129 - - [17/Nov/2017:07:32:50 +0000] "POST /search/?c=Games+Software HTTP/1.1" 200 55 "-" "Mozilla/4.0 (compatible; MSIE 8.0; Windows NT 5.1; Trident/4.0; YTB720; GTB7.2; .NET CLR 1.1.4322; .NET CLR 2.0.50727; .NET CLR 3.0.4506.2152; .NET CLR 3.5.30729)"
124.135.65.135 - - [17/Nov/2017:07:32:55 +0000] "GET /item/computers/3622 HTTP/1.1" 200 110 "/category/health" "Mozilla/5.0 (Macintosh; Intel Mac OS X 10.6; rv:9.0.1) Gecko/20100101 Firefox/9.0.1"
184.144.144.34 - - [17/Nov/2017:07:33:00 +0000] "GET /item/electronics/2606 HTTP/1.1" 200 138 "-" "Mozilla/5.0 (compatible; MSIE 9.0; Windows NT 6.1; WOW64; Trident/5.0)"
160.207.59.34 - - [17/Nov/2017:07:33:05 +0000] "GET /category/electronics HTTP/1.1" 200 62 "/item/music/1232" "Mozilla/4.0 (compatible; MSIE 8.0; Windows NT 5.1; Trident/4.0; YTB720; GTB7.2; .NET CLR 1.1.4322; .NET CLR 2.0.50727; .NET CLR 3.0.4506.2152; .NET CLR 3.5.30729)"
156.111.173.188 - - [17/Nov/2017:07:33:10 +0000] "GET /item/books/4255 HTTP/1.1" 200 108 "/category/games" "Mozilla/5.0 (Windows NT 6.0) AppleWebKit/535.11 (KHTML, like Gecko) Chrome/17.0.963.56 Safari/535.11"
164.78.138.100 - - [17/Nov/2017:07:33:15 +0000] "GET /category/cameras HTTP/1.1" 200 116 "/item/giftcards/357" "Mozilla/5.0 (Windows NT 6.0; rv:10.0.1) Gecko/20100101 Firefox/10.0.1"
140.36.40.82 - - [17/Nov/2017:07:33:20 +0000] "GET /item/software/4680 HTTP/1.1" 200 89 "/category/software" "Mozilla/4.0 (compatible; MSIE 8.0; Windows NT 6.1; WOW64; Trident/4.0; YTB730; GTB7.2; EasyBits GO v1.0; SLCC2; .NET CLR 2.0.50727; .NET CLR 3.5.30729; .NET CLR 3.0.30729; Media Center PC 6.0; .NET4.0C)"
56.150.202.109 - - [17/Nov/2017:07:33:25 +0000] "GET /category/software?from=0 HTTP/1.1" 200 44 "/item/software/2487" "Mozilla/4.0 (compatible; MSIE 8.0; Windows NT 5.1; Trident/4.0; BTRS122159; GTB7.2; .NET CLR 1.1.4322; .NET CLR 2.0.50727; .NET CLR 3.0.04506.30; .NET CLR 3.0.4506.2152; .NET CLR 3.5.30729; BRI/2)"
196.162.93.51 - - [17/Nov/2017:07:33:30 +0000] "GET /item/office/512 HTTP/1.1" 200 41 "/category/software" "Mozilla/4.0 (compatible; MSIE 8.0; Windows NT 6.0; WOW64; Trident/4.0; GTB6; SLCC1; .NET CLR 2.0.50727; Media Center PC 5.0; .NET CLR 3.5.30729; .NET CLR 3.0.30618; .NET4.0C)"
124.171.169.38 - - [17/Nov/2017:07:33:35 +0000] "GET /category/books HTTP/1.1" 200 137 "/category/giftcards" "Mozilla/5.0 (compatible; MSIE 9.0; Windows NT 6.1; Trident/5.0)"
140.120.88.217 - - [17/Nov/2017:07:33:40 +0000] "GET /category/electronics HTTP/1.1" 200 116 "-" "Mozilla/5.0 (Windows NT 6.1; WOW64; rv:10.0.1) Gecko/20100101 Firefox/10.0.1"
224.159.219.206 - - [17/Nov/2017:07:33:45 +0000] "GET /category/software HTTP/1.1" 200 130 "-" "Mozilla/5.0 (compatible; MSIE 9.0; Windows NT 6.1; WOW64; Trident/5.0)"
40.105.210.146 - - [17/Nov/2017:07:33:50 +0000] "GET /category/sports HTTP/1.1" 200 49 "/category/toys" "Mozilla/5.0 (compatible; Googlebot/2.1; +http://www.google.com/bot.html)"
32.63.131.213 - - [17/Nov/2017:07:33:55 +0000] "GET /category/games HTTP/1.1" 200 138 "/category/electronics" "Mozilla/5.0 (Windows NT 6.0) AppleWebKit/535.11 (KHTML, like Gecko) Chrome/17.0.963.56 Safari/535.11"
212.186.212.20 - - [17/Nov/2017:07:34:00 +0000] "GET /item/electronics/3444 HTTP/1.1" 200 131 "http://www.google.com/search?ie=UTF-8&q=google&sclient=psy-ab&q=Electronics+Jewelry&oq=Electronics+Jewelry&aq=f&aqi=g-vL1&aql=&pbx=1&bav=on.2,or.r_gc.r_pw.r_qf.,cf.osb&biw=3642&bih=517" "Mozilla/5.0 (Windows NT 5.1) AppleWebKit/535.11 (KHTML, like Gecko) Chrome/17.0.963.46 Safari/535.11"
60.51.108.129 - - [17/Nov/2017:07:34:05 +0000] "GET /category/jewelry?from=20 HTTP/1.1" 200 107 "-" "Mozilla/5.0 (Macintosh; Intel Mac OS X 10.6; rv:9.0.1) Gecko/20100101 Firefox/9.0.1"
188.120.42.55 - - [17/Nov/2017:07:34:10 +0000] "GET /category/office HTTP/1.1" 200 85 "/item/software/1802" "Mozilla/4.0 (compatible; MSIE 8.0; Windows NT 6.0; WOW64; Trident/4.0; GTB6; SLCC1; .NET CLR 2.0.50727; Media Center PC 5.0; .NET CLR 3.5.30729; .NET CLR 3.0.30618; .NET4.0C)"
164.126.158.215 - - [17/Nov/2017:07:34:15 +0000] "GET /item/books/1869 HTTP/1.1" 200 134 "/search/?c=Books+Electronics" "Mozilla/5.0 (compatible; MSIE 9.0; Windows NT 6.1; Trident/5.0)"
20.144.126.37 - - [17/Nov/2017:07:34:20 +0000] "GET /category/electronics HTTP/1.1" 200 72 "-" "Mozilla/5.0 (Macintosh; Intel Mac OS X 10.6; rv:9.0.1) Gecko/20100101 Firefox/9.0.1"
184.162.181.93 - - [17/Nov/2017:07:34:25 +0000] "GET /item/books/3101 HTTP/1.1" 200 61 "-" "Mozilla/5.0 (Windows NT 6.1; WOW64; rv:10.0.1) Gecko/20100101 Firefox/10.0.1"
188.216.204.124 - - [17/Nov/2017:07:34:30 +0000] "GET /category/sports HTTP/1.1" 200 98 "-" "Mozilla/5.0 (Windows NT 6.1; WOW64) AppleWebKit/535.11 (KHTML, like Gecko) Chrome/17.0.963.56 Safari/535.11"
144.21.111.211 - - [17/Nov/2017:07:34:35 +0000] "GET /item/software/2512 HTTP/1.1" 200 112 "/category/books" "Mozilla/4.0 (compatible; MSIE 8.0; Windows NT 6.0; WOW64; Trident/4.0; GTB6; SLCC1; .NET CLR 2.0.50727; Media Center PC 5.0; .NET CLR 3.5.30729; .NET CLR 3.0.30618; .NET4.0C)"
84.207.145.22 - - [17/Nov/2017:07:34:40 +0000] "GET /item/cameras/3741 HTTP/1.1" 200 90 "http://www.google.com/search?ie=UTF-8&q=google&sclient=psy-ab&q=Cameras+Cameras&oq=Cameras+Cameras&aq=f&aqi=g-vL1&aql=&pbx=1&bav=on.2,or.r_gc.r_pw.r_qf.,cf.osb&biw=4662&bih=18" "Mozilla/4.0 (compatible; MSIE 8.0; Windows NT 5.1; Trident/4.0; YTB720; GTB7.2; .NET CLR 1.1.4322; .NET CLR 2.0.50727; .NET CLR 3.0.4506.2152; .NET CLR 3.5.30729)"
84.117.68.27 - - [17/Nov/2017:07:34:45 +0000] "GET /category/electronics?from=0 HTTP/1.1" 200 40 "/search/?c=Electronics" "Mozilla/5.0 (Windows NT 6.0) AppleWebKit/535.11 (KHTML, like Gecko) Chrome/17.0.963.56 Safari/535.11"
140.138.221.130 - - [17/Nov/2017:07:34:50 +0000] "GET /category/electronics HTTP/1.1" 200 57 "-" "Mozilla/5.0 (Windows NT 6.0) AppleWebKit/535.11 (KHTML, like Gecko) Chrome/17.0.963.56 Safari/535.11"
196.36.158.223 - - [17/Nov/2017:07:34:55 +0000] "GET /item/office/393 HTTP/1.1" 200 128 "/search/?c=Software+Books" "Mozilla/5.0 (iPad; CPU OS 5_0_1 like Mac OS X) AppleWebKit/534.46 (KHTML, like Gecko) Version/5.1 Mobile/9A405 Safari/7534.48.3"
192.42.201.189 - - [17/Nov/2017:07:35:00 +0000] "GET /category/giftcards HTTP/1.1" 200 59 "-" "Mozilla/5.0 (Windows NT 6.0) AppleWebKit/535.11 (KHTML, like Gecko) Chrome/17.0.963.56 Safari/535.11"
76.132.177.175 - - [17/Nov/2017:07:35:05 +0000] "GET /category/electronics HTTP/1.1" 200 52 "-" "Mozilla/5.0 (Windows NT 6.0) AppleWebKit/535.11 (KHTML, like Gecko) Chrome/17.0.963.56 Safari/535.11"
160.93.50.158 - - [17/Nov/2017:07:35:10 +0000] "GET /item/finance/3737 HTTP/1.1" 200 127 "http://www.google.com/search?ie=UTF-8&q=google&sclient=psy-ab&q=Finance&oq=Finance&aq=f&aqi=g-vL1&aql=&pbx=1&bav=on.2,or.r_gc.r_pw.r_qf.,cf.osb&biw=2659&bih=263" "Mozilla/5.0 (compatible; MSIE 9.0; Windows NT 6.1; WOW64; Trident/5.0)"
36.33.116.55 - - [17/Nov/2017:07:35:15 +0000] "GET /category/software HTTP/1.1" 200 116 "/category/electronics" "Mozilla/4.0 (compatible; MSIE 8.0; Windows NT 6.1; WOW64; Trident/4.0; GTB7.2; SLCC2; .NET CLR 2.0.50727; .NET CLR 3.5.30729; .NET CLR 3.0.30729; Media Center PC 6.0; .NET4.0C)"
60.30.84.168 - - [17/Nov/2017:07:35:20 +0000] "POST /search/?c=Electronics+Sports HTTP/1.1" 200 139 "-" "Mozilla/4.0 (compatible; MSIE 8.0; Windows NT 6.1; Trident/4.0; YTB730; SLCC2; .NET CLR 2.0.50727; .NET CLR 3.5.30729; .NET CLR 3.0.30729; Media Center PC 6.0; .NET4.0C)"
188.213.129.190 - - [17/Nov/2017:07:35:25 +0000] "GET /item/health/4912 HTTP/1.1" 200 105 "/item/software/85" "Mozilla/5.0 (Windows NT 6.1; WOW64) AppleWebKit/535.7 (KHTML, like Gecko) Chrome/16.0.912.77 Safari/535.7"
132.111.91.221 - - [17/Nov/2017:07:35:30 +0000] "GET /item/computers/809 HTTP/1.1" 200 128 "/category/books" "Mozilla/5.0 (compatible; MSIE 9.0; Windows NT 6.1; Trident/5.0)"
80.57.31.216 - - [17/Nov/2017:07:35:35 +0000] "GET /item/software/2512 HTTP/1.1" 200 112 "-" "Mozilla/5.0 (Windows NT 6.1; WOW64) AppleWebKit/535.7 (KHTML, like Gecko) Chrome/16.0.912.77 Safari/535.7"
92.117.27.32 - - [17/Nov/2017:07:35:40 +0000] "GET /category/electronics HTTP/1.1" 200 84 "/item/software/4933" "Mozilla/5.0 (Macintosh; Intel Mac OS X 10.6; rv:9.0.1) Gecko/20100101 Firefox/9.0.1"
140.204.32.148 - - [17/Nov/2017:07:35:45 +0000] "GET /category/software HTTP/1.1" 200 73 "-" "Mozilla/5.0 (compatible; MSIE 9.0; Windows NT 6.1; Trident/5.0)"
92.180.25.27 - - [17/Nov/2017:07:35:50 +0000] "GET /item/health/1862 HTTP/1.1" 200 89 "/search/?c=Software+Electronics" "Mozilla/4.0 (compatible; MSIE 8.0; Windows NT 6.1; WOW64; Trident/4.0; GTB7.2; SLCC2; .NET CLR 2.0.50727; .NET CLR 3.5.30729; .NET CLR 3.0.30729; Media Center PC 6.0; .NET4.0C)"
224.27.173.79 - - [17/Nov/2017:07:35:55 +0000] "GET /item/books/4322 HTTP/1.1" 200 44 "/search/?c=Books+Books" "Mozilla/5.0 (Windows NT 6.0; rv:10.0.1) Gecko/20100101 Firefox/10.0.1"
140.102.40.156 - - [17/Nov/2017:07:36:00 +0000] "GET /item/electronics/1089 HTTP/1.1" 200 54 "/category/giftcards" "Mozilla/4.0 (compatible; MSIE 8.0; Windows NT 6.0; WOW64; Trident/4.0; GTB6; SLCC1; .NET CLR 2.0.50727; Media Center PC 5.0; .NET CLR 3.5.30729; .NET CLR 3.0.30618; .NET4.0C)"
128.72.102.177 - - [17/Nov/2017:07:36:05 +0000] "GET /category/books HTTP/1.1" 200 98 "/category/software" "Mozilla/5.0 (compatible; MSIE 9.0; Windows NT 6.1; Trident/5.0)"
36.198.198.61 - - [17/Nov/2017:07:36:10 +0000] "GET /category/games HTTP/1.1" 200 59 "/search/?c=Toys" "Mozilla/5.0 (Windows NT 6.1; WOW64) AppleWebKit/535.11 (KHTML, like Gecko) Chrome/17.0.963.56 Safari/535.11"
104.210.132.59 - - [17/Nov/2017:07:36:15 +0000] "GET /category/books HTTP/1.1" 200 81 "/category/software" "Mozilla/5.0 (Windows NT 5.1) AppleWebKit/535.11 (KHTML, like Gecko) Chrome/17.0.963.46 Safari/535.11"
64.108.210.186 - - [17/Nov/2017:07:36:20 +0000] "GET /item/networking/435 HTTP/1.1" 200 109 "/item/electronics/1433" "Mozilla/4.0 (compatible; MSIE 8.0; Windows NT 5.1; Trident/4.0; YTB720; GTB7.2; .NET CLR 1.1.4322; .NET CLR 2.0.50727; .NET CLR 3.0.4506.2152; .NET CLR 3.5.30729)"
192.51.157.22 - - [17/Nov/2017:07:36:25 +0000] "GET /category/games HTTP/1.1" 200 110 "/item/garden/348" "Mozilla/5.0 (Windows NT 6.1; WOW64) AppleWebKit/535.11 (KHTML, like Gecko) Chrome/17.0.963.56 Safari/535.11"
116.33.181.169 - - [17/Nov/2017:07:36:30 +0000] "GET /item/electronics/861 HTTP/1.1" 200 85 "/category/electronics" "Mozilla/4.0 (compatible; MSIE 8.0; Windows NT 5.1; Trident/4.0; YTB720; GTB7.2; .NET CLR 1.1.4322; .NET CLR 2.0.50727; .NET CLR 3.0.4506.2152; .NET CLR 3.5.30729)"
36.183.156.215 - - [17/Nov/2017:07:36:35 +0000] "GET /item/software/1831 HTTP/1.1" 200 69 "/category/software" "Mozilla/4.0 (compatible; MSIE 8.0; Windows NT 6.0; WOW64; Trident/4.0; GTB6; SLCC1; .NET CLR 2.0.50727; Media Center PC 5.0; .NET CLR 3.5.30729; .NET CLR 3.0.30618; .NET4.0C)"
60.150.49.62 - - [17/Nov/2017:07:36:40 +0000] "GET /item/health/3613 HTTP/1.1" 200 90 "-" "Mozilla/5.0 (Windows NT 5.1) AppleWebKit/535.11 (KHTML, like Gecko) Chrome/17.0.963.46 Safari/535.11"
32.105.122.34 - - [17/Nov/2017:07:36:45 +0000] "GET /item/books/939 HTTP/1.1" 200 48 "/item/games/3390" "Mozilla/5.0 (compatible; MSIE 9.0; Windows NT 6.1; WOW64; Trident/5.0)"
136.198.147.93 - - [17/Nov/2017:07:36:50 +0000] "GET /item/giftcards/2263 HTTP/1.1" 200 78 "/category/giftcards" "Mozilla/5.0 (compatible; MSIE 9.0; Windows NT 6.1; WOW64; Trident/5.0)"
40.126.194.206 - - [17/Nov/2017:07:36:55 +0000] "GET /item/garden/2166 HTTP/1.1" 200 139 "/item/electronics/4270" "Mozilla/5.0 (compatible; Googlebot/2.1; +http://www.google.com/bot.html)"
80.39.220.94 - - [17/Nov/2017:07:37:00 +0000] "GET /category/electronics HTTP/1.1" 200 79 "-" "Mozilla/5.0 (compatible; MSIE 9.0; Windows NT 6.1; WOW64; Trident/5.0)"
196.216.204.193 - - [17/Nov/2017:07:37:05 +0000] "GET /item/electronics/1270 HTTP/1.1" 200 107 "/category/cameras" "Mozilla/5.0 (Windows NT 6.0) AppleWebKit/535.11 (KHTML, like Gecko) Chrome/17.0.963.56 Safari/535.11"
172.165.188.104 - - [17/Nov/2017:07:37:10 +0000] "GET /category/software HTTP/1.1" 200 98 "/category/computers" "Mozilla/5.0 (compatible; MSIE 9.0; Windows NT 6.1; WOW64; Trident/5.0)"
200.69.111.217 - - [17/Nov/2017:07:37:15 +0000] "GET /category/software HTTP/1.1" 200 137 "-" "Mozilla/5.0 (compatible; MSIE 9.0; Windows NT 6.1; WOW64; Trident/5.0)"
52.216.223.224 - - [17/Nov/2017:07:37:20 +0000] "POST /search/?c=Office HTTP/1.1" 200 131 "/category/office" "Mozilla/5.0 (iPhone; CPU iPhone OS 5_0_1 like Mac OS X) AppleWebKit/534.46 (KHTML, like Gecko) Version/5.1 Mobile/9A405 Safari/7534.48.3"
188.24.181.91 - - [17/Nov/2017:07:37:25 +0000] "GET /item/office/4637 HTTP/1.1" 200 70 "/category/office" "Mozilla/5.0 (Windows NT 6.1; WOW64) AppleWebKit/535.11 (KHTML, like Gecko) Chrome/17.0.963.56 Safari/535.11"
104.165.180.220 - - [17/Nov/2017:07:37:30 +0000] "GET /category/software HTTP/1.1" 200 99 "/category/books" "Mozilla/4.0 (compatible; MSIE 8.0; Windows NT 5.1; Trident/4.0; BTRS122159; GTB7.2; .NET CLR 1.1.4322; .NET CLR 2.0.50727; .NET CLR 3.0.04506.30; .NET CLR 3.0.4506.2152; .NET CLR 3.5.30729; BRI/2)"
124.66.153.212 - - [17/Nov/2017:07:37:35 +0000] "GET /item/games/2750 HTTP/1.1" 200 102 "-" "Mozilla/5.0 (compatible; MSIE 9.0; Windows NT 6.1; Trident/5.0)"
80.120.169.42 - - [17/Nov/2017:07:37:40 +0000] "GET /item/giftcards/4709 HTTP/1.1" 200 53 "http://www.google.com/search?ie=UTF-8&q=google&sclient=psy-ab&q=Giftcards+Games&oq=Giftcards+Games&aq=f&aqi=g-vL1&aql=&pbx=1&bav=on.2,or.r_gc.r_pw.r_qf.,cf.osb&biw=956&bih=190" "Mozilla/5.0 (compatible; Googlebot/2.1; +http://www.google.com/bot.html)"
96.75.214.176 - - [17/Nov/2017:07:37:45 +0000] "GET /item/music/2048 HTTP/1.1" 200 56 "/search/?c=Music+Office" "Mozilla/5.0 (Windows NT 5.1) AppleWebKit/535.11 (KHTML, like Gecko) Chrome/17.0.963.46 Safari/535.11"
204.132.57.59 - - [17/Nov/2017:07:37:50 +0000] "GET /category/books HTTP/1.1" 200 40 "/category/networking" "Mozilla/5.0 (compatible; MSIE 9.0; Windows NT 6.1; WOW64; Trident/5.0)"
172.111.229.114 - - [17/Nov/2017:07:37:55 +0000] "POST /search/?c=Electronics+Garden HTTP/1.1" 200 118 "-" "Mozilla/5.0 (Macintosh; Intel Mac OS X 10.6; rv:9.0.1) Gecko/20100101 Firefox/9.0.1"
228.81.180.20 - - [17/Nov/2017:07:38:00 +0000] "GET /category/software HTTP/1.1" 200 83 "-" "Mozilla/5.0 (Windows NT 6.0; rv:10.0.1) Gecko/20100101 Firefox/10.0.1"
196.51.65.141 - - [17/Nov/2017:07:38:05 +0000] "GET /item/software/4520 HTTP/1.1" 200 75 "/item/games/3032" "Mozilla/5.0 (Windows NT 6.1; WOW64) AppleWebKit/535.7 (KHTML, like Gecko) Chrome/16.0.912.77 Safari/535.7"
148.141.150.198 - - [17/Nov/2017:07:38:10 +0000] "GET /item/electronics/3983 HTTP/1.1" 200 47 "/category/electronics" "Mozilla/4.0 (compatible; MSIE 8.0; Windows NT 6.1; WOW64; Trident/4.0; YTB730; GTB7.2; EasyBits GO v1.0; SLCC2; .NET CLR 2.0.50727; .NET CLR 3.5.30729; .NET CLR 3.0.30729; Media Center PC 6.0; .NET4.0C)"
164.42.137.37 - - [17/Nov/2017:07:38:15 +0000] "POST /search/?c=Health HTTP/1.1" 200 60 "-" "Mozilla/5.0 (Windows NT 6.0; rv:10.0.1) Gecko/20100101 Firefox/10.0.1"
176.210.158.39 - - [17/Nov/2017:07:38:20 +0000] "GET /category/finance HTTP/1.1" 200 46 "/category/toys" "Mozilla/5.0 (iPad; CPU OS 5_0_1 like Mac OS X) AppleWebKit/534.46 (KHTML, like Gecko) Version/5.1 Mobile/9A405 Safari/7534.48.3"
36.144.139.176 - - [17/Nov/2017:07:38:25 +0000] "GET /item/finance/1639 HTTP/1.1" 200 114 "/category/software" "Mozilla/5.0 (Windows NT 6.1; WOW64) AppleWebKit/535.11 (KHTML, like Gecko) Chrome/17.0.963.56 Safari/535.11"
28.132.108.116 - - [17/Nov/2017:07:38:30 +0000] "GET /item/software/1876 HTTP/1.1" 200 42 "/category/software" "Mozilla/5.0 (Windows NT 6.0) AppleWebKit/535.11 (KHTML, like Gecko) Chrome/17.0.963.56 Safari/535.11"
120.141.183.120 - - [17/Nov/2017:07:38:35 +0000] "GET /category/software HTTP/1.1" 200 134 "/category/electronics?from=10" "Mozilla/5.0 (Windows NT 6.0; rv:10.0.1) Gecko/20100101 Firefox/10.0.1"
120.33.154.173 - - [17/Nov/2017:07:38:40 +0000] "GET /category/software HTTP/1.1" 200 100 "http://www.google.com/search?ie=UTF-8&q=google&sclient=psy-ab&q=Software&oq=Software&aq=f&aqi=g-vL1&aql=&pbx=1&bav=on.2,or.r_gc.r_pw.r_qf.,cf.osb&biw=4672&bih=80" "Mozilla/5.0 (Windows NT 6.0) AppleWebKit/535.11 (KHTML, like Gecko) Chrome/17.0.963.56 Safari/535.11"
56.189.95.197 - - [17/Nov/2017:07:38:45 +0000] "GET /category/giftcards?from=0 HTTP/1.1" 200 81 "/category/jewelry" "Mozilla/5.0 (compatible; Googlebot/2.1; +http://www.google.com/bot.html)"
152.213.43.58 - - [17/Nov/2017:07:38:50 +0000] "GET /item/office/378 HTTP/1.1" 200 57 "http://www.google.com/search?ie=UTF-8&q=google&sclient=psy-ab&q=Office&oq=Office&aq=f&aqi=g-vL1&aql=&pbx=1&bav=on.2,or.r_gc.r_pw.r_qf.,cf.osb&biw=3940&bih=529" "Mozilla/4.0 (compatible; MSIE 8.0; Windows NT 6.1; WOW64; Trident/4.0; YTB730; GTB7.2; SLCC2; .NET CLR 2.0.50727; .NET CLR 3.5.30729; .NET CLR 3.0.30729; .NET4.0C; .NET4.0E; Media Center PC 6.0)"
84.72.133.74 - - [17/Nov/2017:07:38:55 +0000] "GET /item/garden/4383 HTTP/1.1" 200 95 "-" "Mozilla/5.0 (Windows NT 5.1) AppleWebKit/535.11 (KHTML, like Gecko) Chrome/17.0.963.46 Safari/535.11"
216.30.210.172 - - [17/Nov/2017:07:39:00 +0000] "GET /category/software HTTP/1.1" 200 119 "-" "Mozilla/5.0 (iPhone; CPU iPhone OS 5_0_1 like Mac OS X) AppleWebKit/534.46 (KHTML, like Gecko) Version/5.1 Mobile/9A405 Safari/7534.48.3"
200.78.131.141 - - [17/Nov/2017:07:39:05 +0000] "GET /category/games HTTP/1.1" 200 59 "-" "Mozilla/5.0 (Windows NT 6.1; WOW64) AppleWebKit/535.7 (KHTML, like Gecko) Chrome/16.0.912.77 Safari/535.7"
60.81.133.199 - - [17/Nov/2017:07:39:10 +0000] "GET /category/computers HTTP/1.1" 200 136 "/category/books?from=0" "Mozilla/5.0 (Windows NT 6.0; rv:10.0.1) Gecko/20100101 Firefox/10.0.1"
60.63.96.106 - - [17/Nov/2017:07:39:15 +0000] "GET /category/finance HTTP/1.1" 200 71 "-" "Mozilla/4.0 (compatible; MSIE 8.0; Windows NT 5.1; Trident/4.0; BTRS122159; GTB7.2; .NET CLR 1.1.4322; .NET CLR 2.0.50727; .NET CLR 3.0.04506.30; .NET CLR 3.0.4506.2152; .NET CLR 3.5.30729; BRI/2)"
84.72.133.74 - - [17/Nov/2017:07:39:20 +0000] "GET /category/electronics HTTP/1.1" 200 115 "/category/office" "Mozilla/5.0 (Windows NT 6.1; WOW64; rv:10.0.1) Gecko/20100101 Firefox/10.0.1"
64.219.144.181 - - [17/Nov/2017:07:39:25 +0000] "GET /category/electronics HTTP/1.1" 200 61 "-" "Mozilla/5.0 (Windows NT 6.0; rv:10.0.1) Gecko/20100101 Firefox/10.0.1"
176.45.198.120 - - [17/Nov/2017:07:39:30 +0000] "GET /item/computers/4182 HTTP/1.1" 200 50 "-" "Mozilla/5.0 (Windows NT 6.1; WOW64) AppleWebKit/535.11 (KHTML, like Gecko) Chrome/17.0.963.56 Safari/535.11"
152.90.227.164 - - [17/Nov/2017:07:39:35 +0000] "GET /category/electronics HTTP/1.1" 200 83 "-" "Mozilla/5.0 (Windows NT 6.1; WOW64) AppleWebKit/535.7 (KHTML, like Gecko) Chrome/16.0.912.77 Safari/535.7"
200.201.187.211 - - [17/Nov/2017:07:39:40 +0000] "GET /item/jewelry/3466 HTTP/1.1" 200 130 "-" "Mozilla/5.0 (compatible; Googlebot/2.1; +http://www.google.com/bot.html)"
200.186.57.64 - - [17/Nov/2017:07:39:45 +0000] "GET /item/giftcards/4757 HTTP/1.1" 200 102 "/search/?c=Giftcards" "Mozilla/5.0 (iPhone; CPU iPhone OS 5_0_1 like Mac OS X) AppleWebKit/534.46 (KHTML, like Gecko) Version/5.1 Mobile/9A405 Safari/7534.48.3"
92.36.35.38 - - [17/Nov/2017:07:39:50 +0000] "GET /item/games/2694 HTTP/1.1" 200 90 "/search/?c=Games" "Mozilla/5.0 (compatible; MSIE 9.0; Windows NT 6.1; Trident/5.0)"
24.201.68.49 - - [17/Nov/2017:07:39:55 +0000] "POST /search/?c=Jewelry+Games HTTP/1.1" 200 129 "/category/sports" "Mozilla/5.0 (compatible; Googlebot/2.1; +http://www.google.com/bot.html)"
36.213.156.170 - - [17/Nov/2017:07:40:00 +0000] "GET /category/garden HTTP/1.1" 200 117 "-" "Mozilla/5.0 (compatible; MSIE 9.0; Windows NT 6.1; Trident/5.0)"
104.138.92.26 - - [17/Nov/2017:07:40:05 +0000] "GET /item/sports/4699 HTTP/1.1" 200 130 "/category/books" "Mozilla/5.0 (Windows NT 6.0; rv:10.0.1) Gecko/20100101 Firefox/10.0.1"
124.201.55.168 - - [17/Nov/2017:07:40:10 +0000] "GET /category/finance HTTP/1.1" 200 91 "-" "Mozilla/5.0 (Macintosh; Intel Mac OS X 10.6; rv:9.0.1) Gecko/20100101 Firefox/9.0.1"
112.60.183.55 - - [17/Nov/2017:07:40:15 +0000] "GET /category/cameras HTTP/1.1" 200 47 "-" "Mozilla/5.0 (Windows NT 6.0; rv:10.0.1) Gecko/20100101 Firefox/10.0.1"
212.90.155.59 - - [17/Nov/2017:07:40:20 +0000] "GET /item/sports/13 HTTP/1.1" 200 100 "-" "Mozilla/5.0 (compatible; MSIE 9.0; Windows NT 6.1; WOW64; Trident/5.0)"
84.150.50.150 - - [17/Nov/2017:07:40:25 +0000] "GET /category/games HTTP/1.1" 200 49 "-" "Mozilla/5.0 (Windows NT 6.1; WOW64) AppleWebKit/535.11 (KHTML, like Gecko) Chrome/17.0.963.56 Safari/535.11"
52.216.223.224 - - [17/Nov/2017:07:40:30 +0000] "GET /item/games/526 HTTP/1.1" 200 104 "/item/software/3165" "Mozilla/5.0 (iPhone; CPU iPhone OS 5_0_1 like Mac OS X) AppleWebKit/534.46 (KHTML, like Gecko) Version/5.1 Mobile/9A405 Safari/7534.48.3"
200.189.168.228 - - [17/Nov/2017:07:40:35 +0000] "GET /category/books HTTP/1.1" 200 49 "/search/?c=Office" "Mozilla/4.0 (compatible; MSIE 8.0; Windows NT 5.1; Trident/4.0; BTRS122159; GTB7.2; .NET CLR 1.1.4322; .NET CLR 2.0.50727; .NET CLR 3.0.04506.30; .NET CLR 3.0.4506.2152; .NET CLR 3.5.30729; BRI/2)"
76.177.95.159 - - [17/Nov/2017:07:40:40 +0000] "GET /item/giftcards/3907 HTTP/1.1" 200 93 "/category/giftcards" "Mozilla/5.0 (Windows NT 6.0; rv:10.0.1) Gecko/20100101 Firefox/10.0.1"
196.180.153.197 - - [17/Nov/2017:07:40:45 +0000] "GET /category/cameras HTTP/1.1" 200 47 "/category/books" "Mozilla/5.0 (Windows NT 6.1; WOW64; rv:10.0.1) Gecko/20100101 Firefox/10.0.1"
112.66.219.85 - - [17/Nov/2017:07:40:50 +0000] "GET /category/electronics HTTP/1.1" 200 115 "-" "Mozilla/5.0 (compatible; Googlebot/2.1; +http://www.google.com/bot.html)"
144.45.41.37 - - [17/Nov/2017:07:40:55 +0000] "GET /category/finance HTTP/1.1" 200 49 "/item/jewelry/2593" "Mozilla/5.0 (compatible; MSIE 9.0; Windows NT 6.1; WOW64; Trident/5.0)"
144.213.38.93 - - [17/Nov/2017:07:41:00 +0000] "GET /category/electronics HTTP/1.1" 200 116 "/category/software" "Mozilla/5.0 (compatible; MSIE 9.0; Windows NT 6.1; WOW64; Trident/5.0)"
28.63.225.191 - - [17/Nov/2017:07:41:05 +0000] "GET /item/games/2649 HTTP/1.1" 200 61 "/category/games" "Mozilla/4.0 (compatible; MSIE 8.0; Windows NT 5.1; Trident/4.0; YTB720; GTB7.2; .NET CLR 1.1.4322; .NET CLR 2.0.50727; .NET CLR 3.0.4506.2152; .NET CLR 3.5.30729)"
20.132.185.140 - - [17/Nov/2017:07:41:10 +0000] "GET /category/electronics?from=10 HTTP/1.1" 200 119 "/search/?c=Electronics+Office" "Mozilla/4.0 (compatible; MSIE 8.0; Windows NT 6.1; WOW64; Trident/4.0; YTB730; GTB7.2; SLCC2; .NET CLR 2.0.50727; .NET CLR 3.5.30729; .NET CLR 3.0.30729; .NET4.0C; .NET4.0E; Media Center PC 6.0)"
188.42.152.136 - - [17/Nov/2017:07:41:15 +0000] "GET /category/books HTTP/1.1" 200 84 "-" "Mozilla/5.0 (compatible; MSIE 9.0; Windows NT 6.1; WOW64; Trident/5.0)"
224.189.104.73 - - [17/Nov/2017:07:41:20 +0000] "GET /category/electronics HTTP/1.1" 200 51 "/category/games" "Mozilla/4.0 (compatible; MSIE 8.0; Windows NT 5.1; Trident/4.0; YTB720; GTB7.2; .NET CLR 1.1.4322; .NET CLR 2.0.50727; .NET CLR 3.0.4506.2152; .NET CLR 3.5.30729)"
148.78.49.128 - - [17/Nov/2017:07:41:25 +0000] "GET /item/books/3757 HTTP/1.1" 200 115 "/category/electronics" "Mozilla/5.0 (Windows NT 6.1; WOW64) AppleWebKit/535.11 (KHTML, like Gecko) Chrome/17.0.963.56 Safari/535.11"
24.162.227.115 - - [17/Nov/2017:07:41:30 +0000] "GET /category/software?from=0 HTTP/1.1" 200 73 "/category/software" "Mozilla/5.0 (Windows NT 6.0; rv:10.0.1) Gecko/20100101 Firefox/10.0.1"
68.33.56.24 - - [17/Nov/2017:07:41:35 +0000] "GET /category/giftcards HTTP/1.1" 200 99 "-" "Mozilla/5.0 (iPhone; CPU iPhone OS 5_0_1 like Mac OS X) AppleWebKit/534.46 (KHTML, like Gecko) Version/5.1 Mobile/9A405 Safari/7534.48.3"
64.156.78.228 - - [17/Nov/2017:07:41:40 +0000] "GET /category/software HTTP/1.1" 200 69 "/category/software" "Mozilla/5.0 (Windows NT 6.0) AppleWebKit/535.11 (KHTML, like Gecko) Chrome/17.0.963.56 Safari/535.11"
196.168.199.146 - - [17/Nov/2017:07:41:45 +0000] "GET /item/giftcards/357 HTTP/1.1" 200 92 "/item/electronics/2940" "Mozilla/5.0 (Windows NT 6.0) AppleWebKit/535.11 (KHTML, like Gecko) Chrome/17.0.963.56 Safari/535.11"
176.105.22.32 - - [17/Nov/2017:07:41:50 +0000] "POST /search/?c=Electronics+Software HTTP/1.1" 200 77 "-" "Mozilla/4.0 (compatible; MSIE 8.0; Windows NT 6.0; WOW64; Trident/4.0; GTB6; SLCC1; .NET CLR 2.0.50727; Media Center PC 5.0; .NET CLR 3.5.30729; .NET CLR 3.0.30618; .NET4.0C)"
176.228.179.33 - - [17/Nov/2017:07:41:55 +0000] "POST /search/?c=Books+Finance HTTP/1.1" 200 93 "-" "Mozilla/4.0 (compatible; MSIE 8.0; Windows NT 5.1; Trident/4.0; YTB720; GTB7.2; .NET CLR 1.1.4322; .NET CLR 2.0.50727; .NET CLR 3.0.4506.2152; .NET CLR 3.5.30729)"
40.123.201.66 - - [17/Nov/2017:07:42:00 +0000] "GET /item/software/2343 HTTP/1.1" 200 81 "/category/software" "Mozilla/5.0 (Windows NT 6.0) AppleWebKit/535.11 (KHTML, like Gecko) Chrome/17.0.963.56 Safari/535.11"
72.123.144.157 - - [17/Nov/2017:07:42:05 +0000] "GET /category/software?from=0 HTTP/1.1" 200 126 "/item/office/278" "Mozilla/5.0 (Windows NT 6.1; WOW64) AppleWebKit/535.11 (KHTML, like Gecko) Chrome/17.0.963.56 Safari/535.11"
192.168.214.196 - - [17/Nov/2017:07:42:10 +0000] "GET /item/books/1573 HTTP/1.1" 200 72 "-" "Mozilla/5.0 (compatible; MSIE 9.0; Windows NT 6.1; WOW64; Trident/5.0)"
60.195.75.126 - - [17/Nov/2017:07:42:15 +0000] "GET /item/electronics/446 HTTP/1.1" 200 44 "/category/electronics" "Mozilla/5.0 (compatible; MSIE 9.0; Windows NT 6.1; Trident/5.0)"
148.108.60.129 - - [17/Nov/2017:07:42:20 +0000] "GET /category/office HTTP/1.1" 200 132 "/item/office/2035" "Mozilla/4.0 (compatible; MSIE 8.0; Windows NT 6.1; WOW64; Trident/4.0; YTB730; GTB7.2; EasyBits GO v1.0; SLCC2; .NET CLR 2.0.50727; .NET CLR 3.5.30729; .NET CLR 3.0.30729; Media Center PC 6.0; .NET4.0C)"
212.156.57.223 - - [17/Nov/2017:07:42:25 +0000] "GET /item/health/3531 HTTP/1.1" 200 50 "-" "Mozilla/4.0 (compatible; MSIE 8.0; Windows NT 5.1; Trident/4.0; YTB720; GTB7.2; .NET CLR 1.1.4322; .NET CLR 2.0.50727; .NET CLR 3.0.4506.2152; .NET CLR 3.5.30729)"
168.99.27.181 - - [17/Nov/2017:07:42:30 +0000] "GET /item/games/2827 HTTP/1.1" 200 113 "/search/?c=Games+Electronics" "Mozilla/5.0 (compatible; MSIE 9.0; Windows NT 6.1; Trident/5.0)"
148.42.153.163 - - [17/Nov/2017:07:42:35 +0000] "GET /item/toys/1733 HTTP/1.1" 200 117 "/category/health" "Mozilla/5.0 (iPhone; CPU iPhone OS 5_0_1 like Mac OS X) AppleWebKit/534.46 (KHTML, like Gecko) Version/5.1 Mobile/9A405 Safari/7534.48.3"
164.207.101.92 - - [17/Nov/2017:07:42:40 +0000] "GET /category/software?from=20 HTTP/1.1" 200 78 "/category/software" "Mozilla/5.0 (Windows NT 5.1) AppleWebKit/535.11 (KHTML, like Gecko) Chrome/17.0.963.46 Safari/535.11"
216.177.75.217 - - [17/Nov/2017:07:42:45 +0000] "POST /search/?c=Software HTTP/1.1" 200 50 "/item/books/4078" "Mozilla/5.0 (Macintosh; Intel Mac OS X 10.6; rv:9.0.1) Gecko/20100101 Firefox/9.0.1"
100.81.22.31 - - [17/Nov/2017:07:42:50 +0000] "GET /item/giftcards/4231 HTTP/1.1" 200 52 "-" "Mozilla/5.0 (compatible; MSIE 9.0; Windows NT 6.1; Trident/5.0)"
64.138.87.214 - - [17/Nov/2017:07:42:55 +0000] "GET /item/sports/3881 HTTP/1.1" 200 89 "/item/games/3390" "Mozilla/5.0 (iPad; CPU OS 5_0_1 like Mac OS X) AppleWebKit/534.46 (KHTML, like Gecko) Version/5.1 Mobile/9A405 Safari/7534.48.3"
88.228.128.46 - - [17/Nov/2017:07:43:00 +0000] "GET /category/software HTTP/1.1" 200 82 "/category/games" "Mozilla/5.0 (compatible; MSIE 9.0; Windows NT 6.1; WOW64; Trident/5.0)"
216.222.35.46 - - [17/Nov/2017:07:43:05 +0000] "GET /category/games HTTP/1.1" 200 135 "-" "Mozilla/5.0 (Windows NT 6.1; WOW64) AppleWebKit/535.7 (KHTML, like Gecko) Chrome/16.0.912.77 Safari/535.7"
176.171.208.90 - - [17/Nov/2017:07:43:10 +0000] "GET /item/software/3165 HTTP/1.1" 200 63 "/item/software/4933" "Mozilla/5.0 (compatible; Googlebot/2.1; +http://www.google.com/bot.html)"
132.183.166.198 - - [17/Nov/2017:07:43:15 +0000] "GET /item/software/1594 HTTP/1.1" 200 80 "/item/electronics/4807" "Mozilla/5.0 (Macintosh; Intel Mac OS X 10.6; rv:9.0.1) Gecko/20100101 Firefox/9.0.1"
40.195.97.189 - - [17/Nov/2017:07:43:20 +0000] "GET /item/electronics/4005 HTTP/1.1" 200 107 "/search/?c=Electronics+Electronics" "Mozilla/5.0 (compatible; MSIE 9.0; Windows NT 6.1; WOW64; Trident/5.0)"
72.87.167.83 - - [17/Nov/2017:07:43:25 +0000] "GET /category/garden HTTP/1.1" 200 94 "-" "Mozilla/5.0 (Macintosh; Intel Mac OS X 10.6; rv:9.0.1) Gecko/20100101 Firefox/9.0.1"
160.45.81.35 - - [17/Nov/2017:07:43:30 +0000] "POST /search/?c=Giftcards+Music HTTP/1.1" 200 118 "/item/giftcards/3907" "Mozilla/5.0 (compatible; Googlebot/2.1; +http://www.google.com/bot.html)"
164.36.150.129 - - [17/Nov/2017:07:43:35 +0000] "GET /category/books HTTP/1.1" 200 139 "-" "Mozilla/5.0 (Windows NT 5.1) AppleWebKit/535.11 (KHTML, like Gecko) Chrome/17.0.963.46 Safari/535.11"
212.156.57.223 - - [17/Nov/2017:07:43:40 +0000] "GET /item/health/3601 HTTP/1.1" 200 64 "/category/sports?from=20" "Mozilla/5.0 (iPad; CPU OS 5_0_1 like Mac OS X) AppleWebKit/534.46 (KHTML, like Gecko) Version/5.1 Mobile/9A405 Safari/7534.48.3"
56.162.217.61 - - [17/Nov/2017:07:43:45 +0000] "GET /item/software/2103 HTTP/1.1" 200 73 "/category/software" "Mozilla/5.0 (Windows NT 6.0; rv:10.0.1) Gecko/20100101 Firefox/10.0.1"
48.75.157.55 - - [17/Nov/2017:07:43:50 +0000] "GET /item/office/1867 HTTP/1.1" 200 83 "/category/garden" "Mozilla/4.0 (compatible; MSIE 8.0; Windows NT 6.1; WOW64; Trident/4.0; YTB730; GTB7.2; SLCC2; .NET CLR 2.0.50727; .NET CLR 3.5.30729; .NET CLR 3.0.30729; .NET4.0C; .NET4.0E; Media Center PC 6.0)"
72.216.215.73 - - [17/Nov/2017:07:43:55 +0000] "POST /search/?c=Electronics+Software HTTP/1.1" 200 77 "-" "Mozilla/5.0 (iPad; CPU OS 5_0_1 like Mac OS X) AppleWebKit/534.46 (KHTML, like Gecko) Version/5.1 Mobile/9A405 Safari/7534.48.3"
136.81.21.202 - - [17/Nov/2017:07:44:00 +0000] "GET /category/networking HTTP/1.1" 200 65 "/category/software" "Mozilla/5.0 (Windows NT 6.1; WOW64) AppleWebKit/535.7 (KHTML, like Gecko) Chrome/16.0.912.77 Safari/535.7"
196.168.130.146 - - [17/Nov/2017:07:44:05 +0000] "GET /category/office?from=0 HTTP/1.1" 200 59 "/item/computers/4451" "Mozilla/5.0 (compatible; MSIE 9.0; Windows NT 6.1; WOW64; Trident/5.0)"
132.63.161.43 - - [17/Nov/2017:07:44:10 +0000] "GET /item/office/863 HTTP/1.1" 200 125 "/category/electronics" "Mozilla/5.0 (compatible; MSIE 9.0; Windows NT 6.1; WOW64; Trident/5.0)"
176.39.95.81 - - [17/Nov/2017:07:44:15 +0000] "GET /category/electronics HTTP/1.1" 200 44 "/category/electronics" "Mozilla/5.0 (compatible; MSIE 9.0; Windows NT 6.1; Trident/5.0)"
112.33.59.25 - - [17/Nov/2017:07:44:20 +0000] "GET /category/electronics HTTP/1.1" 200 51 "-" "Mozilla/4.0 (compatible; MSIE 8.0; Windows NT 5.1; Trident/4.0; YTB720; GTB7.2; .NET CLR 1.1.4322; .NET CLR 2.0.50727; .NET CLR 3.0.4506.2152; .NET CLR 3.5.30729)"
48.90.222.139 - - [17/Nov/2017:07:44:25 +0000] "GET /category/games HTTP/1.1" 200 111 "-" "Mozilla/5.0 (iPhone; CPU iPhone OS 5_0_1 like Mac OS X) AppleWebKit/534.46 (KHTML, like Gecko) Version/5.1 Mobile/9A405 Safari/7534.48.3"
48.168.148.167 - - [17/Nov/2017:07:44:30 +0000] "GET /category/software HTTP/1.1" 200 104 "-" "Mozilla/5.0 (compatible; MSIE 9.0; Windows NT 6.1; WOW64; Trident/5.0)"
212.189.191.81 - - [17/Nov/2017:07:44:35 +0000] "GET /item/games/3422 HTTP/1.1" 200 88 "http://www.google.com/search?ie=UTF-8&q=google&sclient=psy-ab&q=Games&oq=Games&aq=f&aqi=g-vL1&aql=&pbx=1&bav=on.2,or.r_gc.r_pw.r_qf.,cf.osb&biw=932&bih=231" "Mozilla/5.0 (Macintosh; Intel Mac OS X 10.6; rv:9.0.1) Gecko/20100101 Firefox/9.0.1"
212.222.165.164 - - [17/Nov/2017:07:44:40 +0000] "GET /item/garden/473 HTTP/1.1" 200 137 "/search/?c=Garden" "Mozilla/5.0 (Windows NT 6.0; rv:10.0.1) Gecko/20100101 Firefox/10.0.1"
132.192.89.145 - - [17/Nov/2017:07:44:45 +0000] "GET /item/electronics/4005 HTTP/1.1" 200 107 "/category/computers" "Mozilla/4.0 (compatible; MSIE 8.0; Windows NT 5.1; Trident/4.0; BTRS122159; GTB7.2; .NET CLR 1.1.4322; .NET CLR 2.0.50727; .NET CLR 3.0.04506.30; .NET CLR 3.0.4506.2152; .NET CLR 3.5.30729; BRI/2)"
132.135.20.22 - - [17/Nov/2017:07:44:50 +0000] "POST /search/?c=Computers HTTP/1.1" 200 100 "-" "Mozilla/5.0 (Windows NT 6.1; WOW64) AppleWebKit/535.11 (KHTML, like Gecko) Chrome/17.0.963.56 Safari/535.11"
72.189.134.198 - - [17/Nov/2017:07:44:55 +0000] "POST /search/?c=Electronics+Garden HTTP/1.1" 200 53 "/category/software?from=0" "Mozilla/5.0 (compatible; Googlebot/2.1; +http://www.google.com/bot.html)"
212.141.30.226 - - [17/Nov/2017:07:45:00 +0000] "GET /category/electronics?from=20 HTTP/1.1" 200 88 "-" "Mozilla/5.0 (Windows NT 6.0) AppleWebKit/535.11 (KHTML, like Gecko) Chrome/17.0.963.56 Safari/535.11"
92.144.202.140 - - [17/Nov/2017:07:45:05 +0000] "GET /item/electronics/3983 HTTP/1.1" 200 47 "-" "Mozilla/5.0 (Windows NT 6.0) AppleWebKit/535.11 (KHTML, like Gecko) Chrome/17.0.963.56 Safari/535.11"
20.168.121.199 - - [17/Nov/2017:07:45:10 +0000] "GET /category/electronics HTTP/1.1" 200 93 "/search/?c=Garden" "Mozilla/5.0 (Windows NT 6.1; WOW64; rv:10.0.1) Gecko/20100101 Firefox/10.0.1"
172.126.211.27 - - [17/Nov/2017:07:45:15 +0000] "GET /category/software HTTP/1.1" 200 100 "/search/?c=Software" "Mozilla/5.0 (compatible; MSIE 9.0; Windows NT 6.1; WOW64; Trident/5.0)"
24.90.183.170 - - [17/Nov/2017:07:45:20 +0000] "GET /item/giftcards/4032 HTTP/1.1" 200 122 "/category/software" "Mozilla/5.0 (Windows NT 6.0; rv:10.0.1) Gecko/20100101 Firefox/10.0.1"
108.84.228.94 - - [17/Nov/2017:07:45:25 +0000] "GET /item/sports/4699 HTTP/1.1" 200 130 "/search/?c=Sports+Sports" "Mozilla/5.0 (Windows NT 6.1; WOW64) AppleWebKit/535.11 (KHTML, like Gecko) Chrome/17.0.963.56 Safari/535.11"
84.150.155.34 - - [17/Nov/2017:07:45:30 +0000] "GET /category/electronics HTTP/1.1" 200 98 "-" "Mozilla/5.0 (compatible; MSIE 9.0; Windows NT 6.1; Trident/5.0)"
124.66.153.212 - - [17/Nov/2017:07:45:35 +0000] "GET /category/books HTTP/1.1" 200 67 "/item/music/1232" "Mozilla/5.0 (Windows NT 6.1; WOW64) AppleWebKit/535.7 (KHTML, like Gecko) Chrome/16.0.912.77 Safari/535.7"
132.120.217.35 - - [17/Nov/2017:07:45:40 +0000] "GET /category/cameras HTTP/1.1" 200 47 "/item/computers/512" "Mozilla/4.0 (compatible; MSIE 8.0; Windows NT 6.1; WOW64; Trident/4.0; YTB730; GTB7.2; EasyBits GO v1.0; SLCC2; .NET CLR 2.0.50727; .NET CLR 3.5.30729; .NET CLR 3.0.30729; Media Center PC 6.0; .NET4.0C)"
212.66.174.222 - - [17/Nov/2017:07:45:45 +0000] "GET /category/software?from=0 HTTP/1.1" 200 66 "/search/?c=Software+Electronics" "Mozilla/5.0 (iPad; CPU OS 5_0_1 like Mac OS X) AppleWebKit/534.46 (KHTML, like Gecko) Version/5.1 Mobile/9A405 Safari/7534.48.3"
216.192.151.63 - - [17/Nov/2017:07:45:50 +0000] "POST /search/?c=Cameras+Books HTTP/1.1" 200 87 "/search/?c=Garden" "Mozilla/5.0 (Windows NT 6.1; WOW64; rv:10.0.1) Gecko/20100101 Firefox/10.0.1"
212.225.203.50 - - [17/Nov/2017:07:45:55 +0000] "GET /item/toys/3743 HTTP/1.1" 200 46 "-" "Mozilla/5.0 (Windows NT 6.1; WOW64) AppleWebKit/535.11 (KHTML, like Gecko) Chrome/17.0.963.56 Safari/535.11"
80.198.63.143 - - [17/Nov/2017:07:46:00 +0000] "GET /item/electronics/1911 HTTP/1.1" 200 122 "http://www.google.com/search?ie=UTF-8&q=google&sclient=psy-ab&q=Electronics+Electronics&oq=Electronics+Electronics&aq=f&aqi=g-vL1&aql=&pbx=1&bav=on.2,or.r_gc.r_pw.r_qf.,cf.osb&biw=1377&bih=197" "Mozilla/4.0 (compatible; MSIE 8.0; Windows NT 6.1; WOW64; Trident/4.0; GTB7.2; SLCC2; .NET CLR 2.0.50727; .NET CLR 3.5.30729; .NET CLR 3.0.30729; Media Center PC 6.0; .NET4.0C)"
92.120.192.181 - - [17/Nov/2017:07:46:05 +0000] "GET /category/jewelry HTTP/1.1" 200 71 "-" "Mozilla/5.0 (compatible; MSIE 9.0; Windows NT 6.1; WOW64; Trident/5.0)"
136.111.189.48 - - [17/Nov/2017:07:46:10 +0000] "GET /category/electronics HTTP/1.1" 200 112 "/category/electronics?from=20" "Mozilla/5.0 (Windows NT 6.0; rv:10.0.1) Gecko/20100101 Firefox/10.0.1"
148.66.143.65 - - [17/Nov/2017:07:46:15 +0000] "GET /item/electronics/681 HTTP/1.1" 200 64 "-" "Mozilla/5.0 (compatible; MSIE 9.0; Windows NT 6.1; WOW64; Trident/5.0)"
100.93.35.154 - - [17/Nov/2017:07:46:20 +0000] "POST /search/?c=Software+Cameras HTTP/1.1" 200 60 "/category/software" "Mozilla/5.0 (Windows NT 6.1; WOW64) AppleWebKit/535.7 (KHTML, like Gecko) Chrome/16.0.912.77 Safari/535.7"
104.141.83.168 - - [17/Nov/2017:07:46:25 +0000] "GET /category/health HTTP/1.1" 200 49 "-" "Mozilla/5.0 (Macintosh; Intel Mac OS X 10.6; rv:9.0.1) Gecko/20100101 Firefox/9.0.1"
28.135.90.185 - - [17/Nov/2017:07:46:30 +0000] "GET /category/games HTTP/1.1" 200 91 "-" "Mozilla/4.0 (compatible; MSIE 8.0; Windows NT 6.1; Trident/4.0; YTB730; SLCC2; .NET CLR 2.0.50727; .NET CLR 3.5.30729; .NET CLR 3.0.30729; Media Center PC 6.0; .NET4.0C)"
192.36.167.103 - - [17/Nov/2017:07:46:35 +0000] "POST /search/?c=Toys HTTP/1.1" 200 96 "-" "Mozilla/4.0 (compatible; MSIE 8.0; Windows NT 6.1; WOW64; Trident/4.0; YTB730; GTB7.2; SLCC2; .NET CLR 2.0.50727; .NET CLR 3.5.30729; .NET CLR 3.0.30729; .NET4.0C; .NET4.0E; Media Center PC 6.0)"
24.156.218.186 - - [17/Nov/2017:07:46:40 +0000] "GET /item/electronics/446 HTTP/1.1" 200 44 "/category/music" "Mozilla/5.0 (iPad; CPU OS 5_0_1 like Mac OS X) AppleWebKit/534.46 (KHTML, like Gecko) Version/5.1 Mobile/9A405 Safari/7534.48.3"
212.174.139.73 - - [17/Nov/2017:07:46:45 +0000] "GET /item/books/4062 HTTP/1.1" 200 105 "-" "Mozilla/5.0 (compatible; MSIE 9.0; Windows NT 6.1; Trident/5.0)"
136.147.227.152 - - [17/Nov/2017:07:46:50 +0000] "GET /item/electronics/861 HTTP/1.1" 200 85 "/search/?c=Electronics" "Mozilla/5.0 (Windows NT 6.1; WOW64) AppleWebKit/535.11 (KHTML, like Gecko) Chrome/17.0.963.56 Safari/535.11"
152.207.144.27 - - [17/Nov/2017:07:46:55 +0000] "GET /category/books HTTP/1.1" 200 41 "-" "Mozilla/5.0 (compatible; MSIE 9.0; Windows NT 6.1; Trident/5.0)"
112.159.47.221 - - [17/Nov/2017:07:47:00 +0000] "GET /category/sports HTTP/1.1" 200 137 "/category/finance" "Mozilla/5.0 (Windows NT 6.1; WOW64) AppleWebKit/535.7 (KHTML, like Gecko) Chrome/16.0.912.77 Safari/535.7"
36.51.149.50 - - [17/Nov/2017:07:47:05 +0000] "GET /category/electronics HTTP/1.1" 200 91 "/category/electronics" "Mozilla/4.0 (compatible; MSIE 8.0; Windows NT 6.1; WOW64; Trident/4.0; GTB7.2; SLCC2; .NET CLR 2.0.50727; .NET CLR 3.5.30729; .NET CLR 3.0.30729; Media Center PC 6.0; .NET4.0C)"
56.168.99.190 - - [17/Nov/2017:07:47:10 +0000] "GET /item/electronics/2653 HTTP/1.1" 200 139 "/category/jewelry" "Mozilla/4.0 (compatible; MSIE 8.0; Windows NT 6.1; WOW64; Trident/4.0; YTB730; GTB7.2; EasyBits GO v1.0; SLCC2; .NET CLR 2.0.50727; .NET CLR 3.5.30729; .NET CLR 3.0.30729; Media Center PC 6.0; .NET4.0C)"
36.219.69.202 - - [17/Nov/2017:07:47:15 +0000] "GET /category/jewelry HTTP/1.1" 200 111 "-" "Mozilla/4.0 (compatible; MSIE 8.0; Windows NT 5.1; Trident/4.0; YTB720; GTB7.2; .NET CLR 1.1.4322; .NET CLR 2.0.50727; .NET CLR 3.0.4506.2152; .NET CLR 3.5.30729)"
208.54.112.203 - - [17/Nov/2017:07:47:20 +0000] "GET /item/electronics/3574 HTTP/1.1" 200 77 "/item/office/4792" "Mozilla/5.0 (compatible; MSIE 9.0; Windows NT 6.1; WOW64; Trident/5.0)"
76.33.84.154 - - [17/Nov/2017:07:47:25 +0000] "POST /search/?c=Software+Software HTTP/1.1" 200 114 "/item/books/3977" "Mozilla/5.0 (Windows NT 6.1; WOW64) AppleWebKit/535.11 (KHTML, like Gecko) Chrome/17.0.963.56 Safari/535.11"
156.129.86.124 - - [17/Nov/2017:07:47:30 +0000] "GET /category/electronics HTTP/1.1" 200 101 "-" "Mozilla/4.0 (compatible; MSIE 8.0; Windows NT 5.1; Trident/4.0; YTB720; GTB7.2; .NET CLR 1.1.4322; .NET CLR 2.0.50727; .NET CLR 3.0.4506.2152; .NET CLR 3.5.30729)"
144.210.145.43 - - [17/Nov/2017:07:47:35 +0000] "GET /category/electronics HTTP/1.1" 200 61 "/category/garden" "Mozilla/5.0 (Windows NT 6.1; WOW64) AppleWebKit/535.11 (KHTML, like Gecko) Chrome/17.0.963.56 Safari/535.11"
32.132.45.143 - - [17/Nov/2017:07:47:40 +0000] "GET /category/software HTTP/1.1" 200 90 "-" "Mozilla/5.0 (compatible; Googlebot/2.1; +http://www.google.com/bot.html)"
36.144.139.176 - - [17/Nov/2017:07:47:45 +0000] "GET /category/finance HTTP/1.1" 200 91 "-" "Mozilla/5.0 (compatible; MSIE 9.0; Windows NT 6.1; Trident/5.0)"
144.51.141.192 - - [17/Nov/2017:07:47:50 +0000] "GET /category/cameras HTTP/1.1" 200 132 "-" "Mozilla/5.0 (Windows NT 6.0; rv:10.0.1) Gecko/20100101 Firefox/10.0.1"
188.165.102.75 - - [17/Nov/2017:07:47:55 +0000] "GET /category/books?from=10 HTTP/1.1" 200 97 "/category/office" "Mozilla/5.0 (compatible; MSIE 9.0; Windows NT 6.1; WOW64; Trident/5.0)"
116.99.75.204 - - [17/Nov/2017:07:48:00 +0000] "POST /search/?c=Electronics+Games HTTP/1.1" 200 88 "/category/games" "Mozilla/5.0 (Windows NT 6.1; WOW64) AppleWebKit/535.7 (KHTML, like Gecko) Chrome/16.0.912.77 Safari/535.7"
144.180.57.180 - - [17/Nov/2017:07:48:05 +0000] "GET /category/software HTTP/1.1" 200 56 "/category/networking" "Mozilla/5.0 (compatible; Googlebot/2.1; +http://www.google.com/bot.html)"
128.63.115.118 - - [17/Nov/2017:07:48:10 +0000] "GET /category/games HTTP/1.1" 200 100 "/category/electronics?from=0" "Mozilla/5.0 (Windows NT 6.0; rv:10.0.1) Gecko/20100101 Firefox/10.0.1"
208.54.112.203 - - [17/Nov/2017:07:48:15 +0000] "GET /category/sports HTTP/1.1" 200 137 "-" "Mozilla/5.0 (compatible; Googlebot/2.1; +http://www.google.com/bot.html)"
124.42.157.72 - - [17/Nov/2017:07:48:20 +0000] "GET /category/giftcards HTTP/1.1" 200 60 "-" "Mozilla/5.0 (compatible; MSIE 9.0; Windows NT 6.1; Trident/5.0)"
148.90.219.96 - - [17/Nov/2017:07:48:25 +0000] "GET /category/electronics HTTP/1.1" 200 116 "/item/networking/4421" "Mozilla/5.0 (Windows NT 6.1; WOW64) AppleWebKit/535.7 (KHTML, like Gecko) Chrome/16.0.912.77 Safari/535.7"
148.99.211.139 - - [17/Nov/2017:07:48:30 +0000] "GET /category/software HTTP/1.1" 200 105 "/item/giftcards/3907" "Mozilla/4.0 (compatible; MSIE 8.0; Windows NT 5.1; Trident/4.0; YTB720; GTB7.2; .NET CLR 1.1.4322; .NET CLR 2.0.50727; .NET CLR 3.0.4506.2152; .NET CLR 3.5.30729)"
184.198.208.220 - - [17/Nov/2017:07:48:35 +0000] "GET /category/electronics HTTP/1.1" 200 79 "/category/electronics" "Mozilla/5.0 (Windows NT 5.1) AppleWebKit/535.11 (KHTML, like Gecko) Chrome/17.0.963.46 Safari/535.11"
176.117.229.92 - - [17/Nov/2017:07:48:40 +0000] "GET /category/electronics HTTP/1.1" 200 62 "/item/toys/1733" "Mozilla/5.0 (Windows NT 6.0; rv:10.0.1) Gecko/20100101 Firefox/10.0.1"
144.99.170.128 - - [17/Nov/2017:07:48:45 +0000] "GET /item/office/1867 HTTP/1.1" 200 83 "/item/office/393" "Mozilla/5.0 (compatible; Googlebot/2.1; +http://www.google.com/bot.html)"
216.60.81.167 - - [17/Nov/2017:07:48:50 +0000] "GET /category/electronics HTTP/1.1" 200 79 "/category/games" "Mozilla/5.0 (compatible; MSIE 9.0; Windows NT 6.1; WOW64; Trident/5.0)"
112.219.145.202 - - [17/Nov/2017:07:48:55 +0000] "GET /item/books/4362 HTTP/1.1" 200 42 "/category/cameras?from=0" "Mozilla/5.0 (compatible; MSIE 9.0; Windows NT 6.1; WOW64; Trident/5.0)"
132.66.131.85 - - [17/Nov/2017:07:49:00 +0000] "POST /search/?c=Electronics HTTP/1.1" 200 73 "/item/music/2069" "Mozilla/5.0 (compatible; Googlebot/2.1; +http://www.google.com/bot.html)"
104.72.204.155 - - [17/Nov/2017:07:49:05 +0000] "GET /category/software HTTP/1.1" 200 106 "-" "Mozilla/5.0 (Windows NT 6.0) AppleWebKit/535.11 (KHTML, like Gecko) Chrome/17.0.963.56 Safari/535.11"
144.159.198.187 - - [17/Nov/2017:07:49:10 +0000] "GET /category/software HTTP/1.1" 200 86 "/category/software?from=0" "Mozilla/4.0 (compatible; MSIE 8.0; Windows NT 6.0; WOW64; Trident/4.0; GTB6; SLCC1; .NET CLR 2.0.50727; Media Center PC 5.0; .NET CLR 3.5.30729; .NET CLR 3.0.30618; .NET4.0C)"
156.129.86.124 - - [17/Nov/2017:07:49:15 +0000] "GET /item/software/2724 HTTP/1.1" 200 123 "/item/office/964" "Mozilla/4.0 (compatible; MSIE 8.0; Windows NT 5.1; Trident/4.0; YTB720; GTB7.2; .NET CLR 1.1.4322; .NET CLR 2.0.50727; .NET CLR 3.0.4506.2152; .NET CLR 3.5.30729)"
148.102.155.163 - - [17/Nov/2017:07:49:20 +0000] "GET /category/electronics?from=0 HTTP/1.1" 200 102 "/search/?c=Electronics" "Mozilla/5.0 (Windows NT 6.1; WOW64) AppleWebKit/535.11 (KHTML, like Gecko) Chrome/17.0.963.56 Safari/535.11"
48.90.222.139 - - [17/Nov/2017:07:49:25 +0000] "GET /category/games HTTP/1.1" 200 88 "/category/health?from=10" "Mozilla/5.0 (compatible; MSIE 9.0; Windows NT 6.1; Trident/5.0)"
128.222.178.102 - - [17/Nov/2017:07:49:30 +0000] "GET /item/cameras/2541 HTTP/1.1" 200 110 "-" "Mozilla/5.0 (Windows NT 6.0; rv:10.0.1) Gecko/20100101 Firefox/10.0.1"
96.75.214.176 - - [17/Nov/2017:07:49:35 +0000] "GET /category/networking HTTP/1.1" 200 94 "/category/software" "Mozilla/5.0 (Windows NT 6.0; rv:10.0.1) Gecko/20100101 Firefox/10.0.1"
60.213.58.52 - - [17/Nov/2017:07:49:40 +0000] "GET /category/finance HTTP/1.1" 200 86 "/category/games" "Mozilla/5.0 (Macintosh; Intel Mac OS X 10.6; rv:9.0.1) Gecko/20100101 Firefox/9.0.1"
180.39.180.68 - - [17/Nov/2017:07:49:45 +0000] "GET /category/office HTTP/1.1" 200 82 "/item/software/2036" "Mozilla/5.0 (Macintosh; Intel Mac OS X 10.6; rv:9.0.1) Gecko/20100101 Firefox/9.0.1"
212.174.138.139 - - [17/Nov/2017:07:49:50 +0000] "GET /item/software/4034 HTTP/1.1" 200 131 "/item/electronics/3444" "Mozilla/5.0 (Windows NT 6.0) AppleWebKit/535.11 (KHTML, like Gecko) Chrome/17.0.963.56 Safari/535.11"
192.198.25.191 - - [17/Nov/2017:07:49:55 +0000] "GET /category/electronics HTTP/1.1" 200 49 "/item/health/961" "Mozilla/5.0 (compatible; MSIE 9.0; Windows NT 6.1; WOW64; Trident/5.0)"
132.195.184.30 - - [17/Nov/2017:07:50:00 +0000] "GET /item/cameras/2541 HTTP/1.1" 200 110 "/item/electronics/3574" "Mozilla/5.0 (compatible; MSIE 9.0; Windows NT 6.1; Trident/5.0)"
172.171.155.192 - - [17/Nov/2017:07:50:05 +0000] "GET /category/electronics HTTP/1.1" 200 115 "/category/books" "Mozilla/5.0 (Macintosh; Intel Mac OS X 10.6; rv:9.0.1) Gecko/20100101 Firefox/9.0.1"
144.213.38.93 - - [17/Nov/2017:07:50:10 +0000] "GET /category/software HTTP/1.1" 200 82 "/category/games" "Mozilla/5.0 (compatible; MSIE 9.0; Windows NT 6.1; WOW64; Trident/5.0)"
88.48.32.227 - - [17/Nov/2017:07:50:15 +0000] "GET /item/games/4277 HTTP/1.1" 200 49 "/item/electronics/1309" "Mozilla/5.0 (Macintosh; Intel Mac OS X 10.6; rv:9.0.1) Gecko/20100101 Firefox/9.0.1"
176.210.158.39 - - [17/Nov/2017:07:50:20 +0000] "GET /category/electronics HTTP/1.1" 200 80 "-" "Mozilla/5.0 (iPad; CPU OS 5_0_1 like Mac OS X) AppleWebKit/534.46 (KHTML, like Gecko) Version/5.1 Mobile/9A405 Safari/7534.48.3"
36.126.150.23 - - [17/Nov/2017:07:50:25 +0000] "GET /item/electronics/3574 HTTP/1.1" 200 77 "/category/garden" "Mozilla/5.0 (iPad; CPU OS 5_0_1 like Mac OS X) AppleWebKit/534.46 (KHTML, like Gecko) Version/5.1 Mobile/9A405 Safari/7534.48.3"
132.84.135.35 - - [17/Nov/2017:07:50:30 +0000] "GET /item/toys/3509 HTTP/1.1" 200 89 "/search/?c=Toys" "Mozilla/5.0 (iPad; CPU OS 5_0_1 like Mac OS X) AppleWebKit/534.46 (KHTML, like Gecko) Version/5.1 Mobile/9A405 Safari/7534.48.3"
64.132.229.177 - - [17/Nov/2017:07:50:35 +0000] "GET /category/toys HTTP/1.1" 200 40 "/category/electronics" "Mozilla/5.0 (Windows NT 6.1; WOW64) AppleWebKit/535.11 (KHTML, like Gecko) Chrome/17.0.963.56 Safari/535.11"
144.123.122.206 - - [17/Nov/2017:07:50:40 +0000] "GET /category/music HTTP/1.1" 200 55 "/category/jewelry" "Mozilla/5.0 (Windows NT 6.1; WOW64) AppleWebKit/535.7 (KHTML, like Gecko) Chrome/16.0.912.77 Safari/535.7"
164.63.57.53 - - [17/Nov/2017:07:50:45 +0000] "GET /category/books HTTP/1.1" 200 125 "-" "Mozilla/5.0 (Windows NT 6.1; WOW64) AppleWebKit/535.7 (KHTML, like Gecko) Chrome/16.0.912.77 Safari/535.7"
160.78.211.42 - - [17/Nov/2017:07:50:50 +0000] "GET /item/software/1271 HTTP/1.1" 200 103 "/category/jewelry" "Mozilla/5.0 (Windows NT 6.0; rv:10.0.1) Gecko/20100101 Firefox/10.0.1"
120.189.102.122 - - [17/Nov/2017:07:50:55 +0000] "GET /category/finance?from=10 HTTP/1.1" 200 96 "/search/?c=Finance" "Mozilla/4.0 (compatible; MSIE 8.0; Windows NT 6.1; WOW64; Trident/4.0; YTB730; GTB7.2; SLCC2; .NET CLR 2.0.50727; .NET CLR 3.5.30729; .NET CLR 3.0.30729; .NET4.0C; .NET4.0E; Media Center PC 6.0)"
112.57.196.125 - - [17/Nov/2017:07:51:00 +0000] "GET /category/giftcards HTTP/1.1" 200 43 "-" "Mozilla/5.0 (Windows NT 6.1; WOW64) AppleWebKit/535.7 (KHTML, like Gecko) Chrome/16.0.912.77 Safari/535.7"
216.177.42.228 - - [17/Nov/2017:07:51:05 +0000] "GET /item/networking/67 HTTP/1.1" 200 52 "/search/?c=Finance+Books" "Mozilla/5.0 (Windows NT 6.1; WOW64) AppleWebKit/535.7 (KHTML, like Gecko) Chrome/16.0.912.77 Safari/535.7"
32.105.122.34 - - [17/Nov/2017:07:51:10 +0000] "GET /item/electronics/4629 HTTP/1.1" 200 83 "http://www.google.com/search?ie=UTF-8&q=google&sclient=psy-ab&q=Electronics&oq=Electronics&aq=f&aqi=g-vL1&aql=&pbx=1&bav=on.2,or.r_gc.r_pw.r_qf.,cf.osb&biw=685&bih=471" "Mozilla/4.0 (compatible; MSIE 8.0; Windows NT 6.1; WOW64; Trident/4.0; GTB7.2; SLCC2; .NET CLR 2.0.50727; .NET CLR 3.5.30729; .NET CLR 3.0.30729; Media Center PC 6.0; .NET4.0C)"
60.213.58.52 - - [17/Nov/2017:07:51:15 +0000] "GET /item/electronics/2653 HTTP/1.1" 200 139 "/item/books/4322" "Mozilla/5.0 (compatible; MSIE 9.0; Windows NT 6.1; Trident/5.0)"
212.192.182.120 - - [17/Nov/2017:07:51:20 +0000] "GET /category/health HTTP/1.1" 200 59 "/category/software" "Mozilla/5.0 (Windows NT 6.0) AppleWebKit/535.11 (KHTML, like Gecko) Chrome/17.0.963.56 Safari/535.11"
24.156.218.186 - - [17/Nov/2017:07:51:25 +0000] "POST /search/?c=Health HTTP/1.1" 200 105 "/category/software" "Mozilla/5.0 (Windows NT 6.0; rv:10.0.1) Gecko/20100101 Firefox/10.0.1"
200.201.187.211 - - [17/Nov/2017:07:51:30 +0000] "GET /category/computers?from=0 HTTP/1.1" 200 85 "/category/finance" "Mozilla/4.0 (compatible; MSIE 8.0; Windows NT 5.1; Trident/4.0; BTRS122159; GTB7.2; .NET CLR 1.1.4322; .NET CLR 2.0.50727; .NET CLR 3.0.04506.30; .NET CLR 3.0.4506.2152; .NET CLR 3.5.30729; BRI/2)"
52.135.193.44 - - [17/Nov/2017:07:51:35 +0000] "GET /category/electronics HTTP/1.1" 200 131 "-" "Mozilla/5.0 (Macintosh; Intel Mac OS X 10.6; rv:9.0.1) Gecko/20100101 Firefox/9.0.1"
108.60.40.114 - - [17/Nov/2017:07:51:40 +0000] "GET /category/software HTTP/1.1" 200 126 "-" "Mozilla/5.0 (Windows NT 6.1; WOW64) AppleWebKit/535.7 (KHTML, like Gecko) Chrome/16.0.912.77 Safari/535.7"
40.42.114.155 - - [17/Nov/2017:07:51:45 +0000] "GET /category/games HTTP/1.1" 200 91 "-" "Mozilla/4.0 (compatible; MSIE 8.0; Windows NT 5.1; Trident/4.0; YTB720; GTB7.2; .NET CLR 1.1.4322; .NET CLR 2.0.50727; .NET CLR 3.0.4506.2152; .NET CLR 3.5.30729)"
220.57.136.83 - - [17/Nov/2017:07:51:50 +0000] "GET /category/books HTTP/1.1" 200 55 "/item/software/1017" "Mozilla/5.0 (Windows NT 5.1) AppleWebKit/535.11 (KHTML, like Gecko) Chrome/17.0.963.46 Safari/535.11"
36.132.162.159 - - [17/Nov/2017:07:51:55 +0000] "GET /item/finance/3901 HTTP/1.1" 200 107 "-" "Mozilla/5.0 (compatible; Googlebot/2.1; +http://www.google.com/bot.html)"
196.162.93.51 - - [17/Nov/2017:07:52:00 +0000] "GET /category/cameras HTTP/1.1" 200 115 "-" "Mozilla/5.0 (Windows NT 6.1; WOW64) AppleWebKit/535.11 (KHTML, like Gecko) Chrome/17.0.963.56 Safari/535.11"
180.225.135.58 - - [17/Nov/2017:07:52:05 +0000] "POST /search/?c=Software HTTP/1.1" 200 61 "/category/electronics" "Mozilla/5.0 (compatible; MSIE 9.0; Windows NT 6.1; Trident/5.0)"
212.186.212.20 - - [17/Nov/2017:07:52:10 +0000] "GET /item/cameras/3403 HTTP/1.1" 200 108 "/search/?c=Cameras+Games" "Mozilla/4.0 (compatible; MSIE 8.0; Windows NT 5.1; Trident/4.0; YTB720; GTB7.2; .NET CLR 1.1.4322; .NET CLR 2.0.50727; .NET CLR 3.0.4506.2152; .NET CLR 3.5.30729)"
48.123.171.122 - - [17/Nov/2017:07:52:15 +0000] "POST /search/?c=Networking HTTP/1.1" 200 110 "-" "Mozilla/5.0 (Windows NT 6.0) AppleWebKit/535.11 (KHTML, like Gecko) Chrome/17.0.963.56 Safari/535.11"
164.186.39.214 - - [17/Nov/2017:07:52:20 +0000] "GET /item/books/939 HTTP/1.1" 200 48 "-" "Mozilla/5.0 (iPhone; CPU iPhone OS 5_0_1 like Mac OS X) AppleWebKit/534.46 (KHTML, like Gecko) Version/5.1 Mobile/9A405 Safari/7534.48.3"
40.36.91.188 - - [17/Nov/2017:07:52:25 +0000] "GET /item/giftcards/2452 HTTP/1.1" 200 53 "/category/books" "Mozilla/5.0 (Windows NT 6.0; rv:10.0.1) Gecko/20100101 Firefox/10.0.1"
48.39.50.112 - - [17/Nov/2017:07:52:30 +0000] "GET /category/software HTTP/1.1" 200 43 "/category/electronics" "Mozilla/5.0 (compatible; MSIE 9.0; Windows NT 6.1; Trident/5.0)"
200.225.111.124 - - [17/Nov/2017:07:52:35 +0000] "GET /category/giftcards HTTP/1.1" 200 86 "-" "Mozilla/5.0 (Windows NT 6.0) AppleWebKit/535.11 (KHTML, like Gecko) Chrome/17.0.963.56 Safari/535.11"
24.201.68.49 - - [17/Nov/2017:07:52:40 +0000] "POST /search/?c=Garden HTTP/1.1" 200 120 "-" "Mozilla/5.0 (Windows NT 6.1; WOW64) AppleWebKit/535.11 (KHTML, like Gecko) Chrome/17.0.963.56 Safari/535.11"
48.105.184.168 - - [17/Nov/2017:07:52:45 +0000] "GET /item/games/3272 HTTP/1.1" 200 79 "/search/?c=Games+Toys" "Mozilla/5.0 (iPad; CPU OS 5_0_1 like Mac OS X) AppleWebKit/534.46 (KHTML, like Gecko) Version/5.1 Mobile/9A405 Safari/7534.48.3"
108.84.228.94 - - [17/Nov/2017:07:52:50 +0000] "GET /item/software/4545 HTTP/1.1" 200 135 "-" "Mozilla/5.0 (Macintosh; Intel Mac OS X 10.6; rv:9.0.1) Gecko/20100101 Firefox/9.0.1"
224.78.220.39 - - [17/Nov/2017:07:52:55 +0000] "GET /category/software HTTP/1.1" 200 43 "/category/music" "Mozilla/5.0 (compatible; MSIE 9.0; Windows NT 6.1; WOW64; Trident/5.0)"
128.90.218.42 - - [17/Nov/2017:07:53:00 +0000] "GET /item/books/4362 HTTP/1.1" 200 42 "-" "Mozilla/4.0 (compatible; MSIE 8.0; Windows NT 6.1; WOW64; Trident/4.0; GTB7.2; SLCC2; .NET CLR 2.0.50727; .NET CLR 3.5.30729; .NET CLR 3.0.30729; Media Center PC 6.0; .NET4.0C)"
96.195.40.31 - - [17/Nov/2017:07:53:05 +0000] "POST /search/?c=Jewelry HTTP/1.1" 200 100 "/category/games" "Mozilla/5.0 (Windows NT 6.0; rv:10.0.1) Gecko/20100101 Firefox/10.0.1"
176.141.46.22 - - [17/Nov/2017:07:53:10 +0000] "GET /item/finance/4175 HTTP/1.1" 200 42 "/item/electronics/3393" "Mozilla/4.0 (compatible; MSIE 8.0; Windows NT 6.1; WOW64; Trident/4.0; YTB730; GTB7.2; EasyBits GO v1.0; SLCC2; .NET CLR 2.0.50727; .NET CLR 3.5.30729; .NET CLR 3.0.30729; Media Center PC 6.0; .NET4.0C)"
148.63.165.61 - - [17/Nov/2017:07:53:15 +0000] "GET /item/software/3387 HTTP/1.1" 200 121 "/search/?c=Software+Electronics" "Mozilla/4.0 (compatible; MSIE 8.0; Windows NT 6.0; WOW64; Trident/4.0; GTB6; SLCC1; .NET CLR 2.0.50727; Media Center PC 5.0; .NET CLR 3.5.30729; .NET CLR 3.0.30618; .NET4.0C)"
200.138.201.118 - - [17/Nov/2017:07:53:20 +0000] "GET /category/electronics HTTP/1.1" 200 44 "/category/electronics" "Mozilla/4.0 (compatible; MSIE 8.0; Windows NT 6.0; WOW64; Trident/4.0; GTB6; SLCC1; .NET CLR 2.0.50727; Media Center PC 5.0; .NET CLR 3.5.30729; .NET CLR 3.0.30618; .NET4.0C)"
100.93.108.122 - - [17/Nov/2017:07:53:25 +0000] "GET /category/office HTTP/1.1" 200 46 "/category/office" "Mozilla/4.0 (compatible; MSIE 8.0; Windows NT 6.1; WOW64; Trident/4.0; GTB7.2; SLCC2; .NET CLR 2.0.50727; .NET CLR 3.5.30729; .NET CLR 3.0.30729; Media Center PC 6.0; .NET4.0C)"
208.21.55.191 - - [17/Nov/2017:07:53:30 +0000] "GET /category/office HTTP/1.1" 200 77 "/category/electronics" "Mozilla/5.0 (Windows NT 6.0; rv:10.0.1) Gecko/20100101 Firefox/10.0.1"
196.228.54.212 - - [17/Nov/2017:07:53:35 +0000] "GET /category/software HTTP/1.1" 200 104 "-" "Mozilla/5.0 (compatible; Googlebot/2.1; +http://www.google.com/bot.html)"
100.165.48.87 - - [17/Nov/2017:07:53:40 +0000] "GET /category/books?from=10 HTTP/1.1" 200 99 "/item/networking/3831" "Mozilla/5.0 (compatible; MSIE 9.0; Windows NT 6.1; Trident/5.0)"
88.120.125.141 - - [17/Nov/2017:07:53:45 +0000] "GET /item/garden/4052 HTTP/1.1" 200 88 "-" "Mozilla/5.0 (Windows NT 6.0; rv:10.0.1) Gecko/20100101 Firefox/10.0.1"
96.183.135.66 - - [17/Nov/2017:07:53:50 +0000] "GET /item/networking/2266 HTTP/1.1" 404 75 "/search/?c=Networking+Electronics" "Mozilla/5.0 (Windows NT 6.1; WOW64) AppleWebKit/535.11 (KHTML, like Gecko) Chrome/17.0.963.56 Safari/535.11"
176.120.38.36 - - [17/Nov/2017:07:53:55 +0000] "GET /category/sports HTTP/1.1" 200 61 "-" "Mozilla/5.0 (iPhone; CPU iPhone OS 5_0_1 like Mac OS X) AppleWebKit/534.46 (KHTML, like Gecko) Version/5.1 Mobile/9A405 Safari/7534.48.3"
56.150.73.159 - - [17/Nov/2017:07:54:00 +0000] "GET /category/software HTTP/1.1" 200 56 "-" "Mozilla/4.0 (compatible; MSIE 8.0; Windows NT 6.1; Trident/4.0; YTB730; SLCC2; .NET CLR 2.0.50727; .NET CLR 3.5.30729; .NET CLR 3.0.30729; Media Center PC 6.0; .NET4.0C)"
40.126.128.141 - - [17/Nov/2017:07:54:05 +0000] "GET /category/office HTTP/1.1" 200 85 "/category/books?from=0" "Mozilla/5.0 (compatible; Googlebot/2.1; +http://www.google.com/bot.html)"
100.135.99.62 - - [17/Nov/2017:07:54:10 +0000] "GET /item/books/3156 HTTP/1.1" 200 102 "/category/games" "Mozilla/5.0 (compatible; MSIE 9.0; Windows NT 6.1; WOW64; Trident/5.0)"
156.168.77.168 - - [17/Nov/2017:07:54:15 +0000] "GET /category/software HTTP/1.1" 200 58 "/search/?c=Software+Games" "Mozilla/5.0 (compatible; MSIE 9.0; Windows NT 6.1; WOW64; Trident/5.0)"
76.153.173.21 - - [17/Nov/2017:07:54:20 +0000] "POST /search/?c=Electronics+Garden HTTP/1.1" 200 104 "/category/networking" "Mozilla/5.0 (iPhone; CPU iPhone OS 5_0_1 like Mac OS X) AppleWebKit/534.46 (KHTML, like Gecko) Version/5.1 Mobile/9A405 Safari/7534.48.3"
152.90.227.164 - - [17/Nov/2017:07:54:25 +0000] "POST /search/?c=Office HTTP/1.1" 200 131 "/search/?c=Software+Games" "Mozilla/5.0 (Macintosh; Intel Mac OS X 10.6; rv:9.0.1) Gecko/20100101 Firefox/9.0.1"
48.63.222.76 - - [17/Nov/2017:07:54:30 +0000] "GET /item/electronics/106 HTTP/1.1" 200 50 "/search/?c=Electronics+Electronics" "Mozilla/4.0 (compatible; MSIE 8.0; Windows NT 6.1; WOW64; Trident/4.0; YTB730; GTB7.2; SLCC2; .NET CLR 2.0.50727; .NET CLR 3.5.30729; .NET CLR 3.0.30729; .NET4.0C; .NET4.0E; Media Center PC 6.0)"
152.87.163.219 - - [17/Nov/2017:07:54:35 +0000] "GET /category/software HTTP/1.1" 200 89 "/item/software/2036" "Mozilla/5.0 (Windows NT 6.1; WOW64; rv:10.0.1) Gecko/20100101 Firefox/10.0.1"
188.36.41.47 - - [17/Nov/2017:07:54:40 +0000] "GET /category/office HTTP/1.1" 200 59 "http://www.google.com/search?ie=UTF-8&q=google&sclient=psy-ab&q=Office+Office&oq=Office+Office&aq=f&aqi=g-vL1&aql=&pbx=1&bav=on.2,or.r_gc.r_pw.r_qf.,cf.osb&biw=2988&bih=212" "Mozilla/5.0 (Windows NT 6.1; WOW64) AppleWebKit/535.11 (KHTML, like Gecko) Chrome/17.0.963.56 Safari/535.11"
180.153.208.26 - - [17/Nov/2017:07:54:45 +0000] "POST /search/?c=Books+Giftcards HTTP/1.1" 200 69 "-" "Mozilla/5.0 (Windows NT 6.1; WOW64) AppleWebKit/535.11 (KHTML, like Gecko) Chrome/17.0.963.56 Safari/535.11"
120.123.162.208 - - [17/Nov/2017:07:54:50 +0000] "GET /category/software HTTP/1.1" 200 43 "/category/electronics" "Mozilla/4.0 (compatible; MSIE 8.0; Windows NT 5.1; Trident/4.0; YTB720; GTB7.2; .NET CLR 1.1.4322; .NET CLR 2.0.50727; .NET CLR 3.0.4506.2152; .NET CLR 3.5.30729)"
84.117.68.27 - - [17/Nov/2017:07:54:55 +0000] "GET /category/software HTTP/1.1" 200 94 "-" "Mozilla/4.0 (compatible; MSIE 8.0; Windows NT 6.1; WOW64; Trident/4.0; YTB730; GTB7.2; EasyBits GO v1.0; SLCC2; .NET CLR 2.0.50727; .NET CLR 3.5.30729; .NET CLR 3.0.30729; Media Center PC 6.0; .NET4.0C)"
84.36.65.60 - - [17/Nov/2017:07:55:00 +0000] "GET /category/software HTTP/1.1" 200 58 "-" "Mozilla/5.0 (iPad; CPU OS 5_0_1 like Mac OS X) AppleWebKit/534.46 (KHTML, like Gecko) Version/5.1 Mobile/9A405 Safari/7534.48.3"
92.117.108.135 - - [17/Nov/2017:07:55:05 +0000] "GET /category/electronics HTTP/1.1" 200 128 "-" "Mozilla/5.0 (Windows NT 6.1; WOW64; rv:10.0.1) Gecko/20100101 Firefox/10.0.1"
40.36.91.188 - - [17/Nov/2017:07:55:10 +0000] "GET /category/electronics HTTP/1.1" 200 96 "/item/electronics/379" "Mozilla/5.0 (Windows NT 6.0; rv:10.0.1) Gecko/20100101 Firefox/10.0.1"
176.39.156.216 - - [17/Nov/2017:07:55:15 +0000] "GET /category/jewelry HTTP/1.1" 200 76 "/category/networking" "Mozilla/4.0 (compatible; MSIE 8.0; Windows NT 6.1; Trident/4.0; YTB730; SLCC2; .NET CLR 2.0.50727; .NET CLR 3.5.30729; .NET CLR 3.0.30729; Media Center PC 6.0; .NET4.0C)"
128.177.137.56 - - [17/Nov/2017:07:55:20 +0000] "GET /category/cameras HTTP/1.1" 200 99 "/category/finance" "Mozilla/5.0 (Windows NT 6.0; rv:10.0.1) Gecko/20100101 Firefox/10.0.1"
72.123.67.110 - - [17/Nov/2017:07:55:25 +0000] "GET /category/software HTTP/1.1" 200 83 "-" "Mozilla/5.0 (compatible; MSIE 9.0; Windows NT 6.1; Trident/5.0)"
144.123.122.206 - - [17/Nov/2017:07:55:30 +0000] "GET /category/software HTTP/1.1" 200 58 "/item/sports/2911" "Mozilla/5.0 (Windows NT 6.0; rv:10.0.1) Gecko/20100101 Firefox/10.0.1"
108.174.61.62 - - [17/Nov/2017:07:55:35 +0000] "GET /item/software/2487 HTTP/1.1" 200 51 "/category/books" "Mozilla/5.0 (compatible; MSIE 9.0; Windows NT 6.1; WOW64; Trident/5.0)"
132.84.135.35 - - [17/Nov/2017:07:55:40 +0000] "POST /search/?c=Music HTTP/1.1" 200 44 "-" "Mozilla/4.0 (compatible; MSIE 8.0; Windows NT 6.1; WOW64; Trident/4.0; YTB730; GTB7.2; EasyBits GO v1.0; SLCC2; .NET CLR 2.0.50727; .NET CLR 3.5.30729; .NET CLR 3.0.30729; Media Center PC 6.0; .NET4.0C)"
120.168.187.112 - - [17/Nov/2017:07:55:45 +0000] "GET /category/games HTTP/1.1" 200 88 "-" "Mozilla/4.0 (compatible; MSIE 8.0; Windows NT 6.1; Trident/4.0; YTB730; SLCC2; .NET CLR 2.0.50727; .NET CLR 3.5.30729; .NET CLR 3.0.30729; Media Center PC 6.0; .NET4.0C)"
76.39.153.224 - - [17/Nov/2017:07:55:50 +0000] "GET /category/jewelry HTTP/1.1" 200 77 "/category/software" "Mozilla/4.0 (compatible; MSIE 8.0; Windows NT 6.1; WOW64; Trident/4.0; GTB7.2; SLCC2; .NET CLR 2.0.50727; .NET CLR 3.5.30729; .NET CLR 3.0.30729; Media Center PC 6.0; .NET4.0C)"
116.99.75.204 - - [17/Nov/2017:07:55:55 +0000] "POST /search/?c=Books+Finance HTTP/1.1" 200 93 "/item/finance/2915" "Mozilla/5.0 (Windows NT 6.1; WOW64) AppleWebKit/535.11 (KHTML, like Gecko) Chrome/17.0.963.56 Safari/535.11"
84.201.48.127 - - [17/Nov/2017:07:56:00 +0000] "GET /category/games HTTP/1.1" 200 111 "/category/books" "Mozilla/5.0 (Windows NT 6.0; rv:10.0.1) Gecko/20100101 Firefox/10.0.1"
44.102.75.27 - - [17/Nov/2017:07:56:05 +0000] "GET /category/electronics HTTP/1.1" 200 56 "/item/electronics/3444" "Mozilla/4.0 (compatible; MSIE 8.0; Windows NT 6.1; WOW64; Trident/4.0; YTB730; GTB7.2; EasyBits GO v1.0; SLCC2; .NET CLR 2.0.50727; .NET CLR 3.5.30729; .NET CLR 3.0.30729; Media Center PC 6.0; .NET4.0C)"
200.201.187.211 - - [17/Nov/2017:07:56:10 +0000] "GET /item/networking/67 HTTP/1.1" 200 52 "-" "Mozilla/4.0 (compatible; MSIE 8.0; Windows NT 5.1; Trident/4.0; BTRS122159; GTB7.2; .NET CLR 1.1.4322; .NET CLR 2.0.50727; .NET CLR 3.0.04506.30; .NET CLR 3.0.4506.2152; .NET CLR 3.5.30729; BRI/2)"
196.24.211.196 - - [17/Nov/2017:07:56:15 +0000] "GET /item/office/4637 HTTP/1.1" 200 70 "/category/office" "Mozilla/5.0 (Windows NT 5.1) AppleWebKit/535.11 (KHTML, like Gecko) Chrome/17.0.963.46 Safari/535.11"
224.78.220.39 - - [17/Nov/2017:07:56:20 +0000] "GET /category/electronics HTTP/1.1" 200 62 "/search/?c=Software" "Mozilla/5.0 (compatible; MSIE 9.0; Windows NT 6.1; WOW64; Trident/5.0)"
124.207.71.32 - - [17/Nov/2017:07:56:25 +0000] "GET /category/electronics HTTP/1.1" 200 61 "/category/software" "Mozilla/5.0 (Windows NT 6.0; rv:10.0.1) Gecko/20100101 Firefox/10.0.1"
196.168.199.146 - - [17/Nov/2017:07:56:30 +0000] "GET /item/books/1533 HTTP/1.1" 200 97 "-" "Mozilla/5.0 (Macintosh; Intel Mac OS X 10.6; rv:9.0.1) Gecko/20100101 Firefox/9.0.1"
132.141.158.51 - - [17/Nov/2017:07:56:35 +0000] "GET /category/networking HTTP/1.1" 200 87 "-" "Mozilla/5.0 (compatible; MSIE 9.0; Windows NT 6.1; Trident/5.0)"
88.87.28.220 - - [17/Nov/2017:07:56:40 +0000] "GET /category/games HTTP/1.1" 200 121 "-" "Mozilla/5.0 (Windows NT 6.1; WOW64) AppleWebKit/535.7 (KHTML, like Gecko) Chrome/16.0.912.77 Safari/535.7"
188.219.65.49 - - [17/Nov/2017:07:56:45 +0000] "GET /item/electronics/2128 HTTP/1.1" 200 128 "http://www.google.com/search?ie=UTF-8&q=google&sclient=psy-ab&q=Electronics+Electronics&oq=Electronics+Electronics&aq=f&aqi=g-vL1&aql=&pbx=1&bav=on.2,or.r_gc.r_pw.r_qf.,cf.osb&biw=4857&bih=486" "Mozilla/5.0 (Windows NT 5.1) AppleWebKit/535.11 (KHTML, like Gecko) Chrome/17.0.963.46 Safari/535.11"
72.39.200.100 - - [17/Nov/2017:07:56:50 +0000] "GET /category/electronics HTTP/1.1" 200 52 "/item/electronics/4512" "Mozilla/5.0 (Windows NT 6.0; rv:10.0.1) Gecko/20100101 Firefox/10.0.1"
144.99.170.128 - - [17/Nov/2017:07:56:55 +0000] "GET /item/office/378 HTTP/1.1" 200 57 "/category/office" "Mozilla/5.0 (Windows NT 6.0) AppleWebKit/535.11 (KHTML, like Gecko) Chrome/17.0.963.56 Safari/535.11"
204.60.81.51 - - [17/Nov/2017:07:57:00 +0000] "GET /category/jewelry HTTP/1.1" 200 40 "/search/?c=Giftcards+Music" "Mozilla/5.0 (compatible; MSIE 9.0; Windows NT 6.1; WOW64; Trident/5.0)"
220.162.66.229 - - [17/Nov/2017:07:57:05 +0000] "GET /item/garden/3631 HTTP/1.1" 200 102 "/category/office?from=0" "Mozilla/5.0 (Windows NT 6.0; rv:10.0.1) Gecko/20100101 Firefox/10.0.1"
160.156.210.144 - - [17/Nov/2017:07:57:10 +0000] "POST /search/?c=Office+Electronics HTTP/1.1" 200 82 "/item/software/272" "Mozilla/5.0 (iPad; CPU OS 5_0_1 like Mac OS X) AppleWebKit/534.46 (KHTML, like Gecko) Version/5.1 Mobile/9A405 Safari/7534.48.3"
152.105.117.77 - - [17/Nov/2017:07:57:15 +0000] "GET /category/sports HTTP/1.1" 200 48 "-" "Mozilla/4.0 (compatible; MSIE 8.0; Windows NT 6.0; WOW64; Trident/4.0; GTB6; SLCC1; .NET CLR 2.0.50727; Media Center PC 5.0; .NET CLR 3.5.30729; .NET CLR 3.0.30618; .NET4.0C)"
28.87.124.152 - - [17/Nov/2017:07:57:20 +0000] "GET /item/books/2829 HTTP/1.1" 200 80 "/category/office" "Mozilla/5.0 (Windows NT 6.1; WOW64) AppleWebKit/535.11 (KHTML, like Gecko) Chrome/17.0.963.56 Safari/535.11"
172.165.66.62 - - [17/Nov/2017:07:57:25 +0000] "GET /item/office/4367 HTTP/1.1" 200 64 "/category/office" "Mozilla/5.0 (Windows NT 6.0; rv:10.0.1) Gecko/20100101 Firefox/10.0.1"
92.117.108.135 - - [17/Nov/2017:07:57:30 +0000] "GET /category/electronics?from=20 HTTP/1.1" 200 63 "/category/electronics" "Mozilla/5.0 (compatible; MSIE 9.0; Windows NT 6.1; WOW64; Trident/5.0)"
68.201.134.81 - - [17/Nov/2017:07:57:35 +0000] "GET /item/computers/3259 HTTP/1.1" 200 112 "/category/software" "Mozilla/5.0 (Windows NT 6.1; WOW64; rv:10.0.1) Gecko/20100101 Firefox/10.0.1"
152.114.173.61 - - [17/Nov/2017:07:57:40 +0000] "GET /item/health/4912 HTTP/1.1" 200 105 "-" "Mozilla/4.0 (compatible; MSIE 8.0; Windows NT 6.1; Trident/4.0; YTB730; SLCC2; .NET CLR 2.0.50727; .NET CLR 3.5.30729; .NET CLR 3.0.30729; Media Center PC 6.0; .NET4.0C)"
100.48.146.116 - - [17/Nov/2017:07:57:45 +0000] "GET /category/books HTTP/1.1" 200 122 "-" "Mozilla/5.0 (Windows NT 6.1; WOW64; rv:10.0.1) Gecko/20100101 Firefox/10.0.1"
68.78.152.172 - - [17/Nov/2017:07:57:50 +0000] "GET /category/software HTTP/1.1" 200 93 "-" "Mozilla/5.0 (Windows NT 5.1) AppleWebKit/535.11 (KHTML, like Gecko) Chrome/17.0.963.46 Safari/535.11"
148.180.67.120 - - [17/Nov/2017:07:57:55 +0000] "GET /item/games/1697 HTTP/1.1" 200 63 "/item/jewelry/2821" "Mozilla/4.0 (compatible; MSIE 8.0; Windows NT 5.1; Trident/4.0; BTRS122159; GTB7.2; .NET CLR 1.1.4322; .NET CLR 2.0.50727; .NET CLR 3.0.04506.30; .NET CLR 3.0.4506.2152; .NET CLR 3.5.30729; BRI/2)"
36.219.202.185 - - [17/Nov/2017:07:58:00 +0000] "GET /category/office HTTP/1.1" 200 59 "/category/software" "Mozilla/5.0 (Windows NT 6.0) AppleWebKit/535.11 (KHTML, like Gecko) Chrome/17.0.963.56 Safari/535.11"
104.138.92.26 - - [17/Nov/2017:07:58:05 +0000] "GET /category/giftcards HTTP/1.1" 200 126 "/category/electronics" "Mozilla/5.0 (Windows NT 6.0; rv:10.0.1) Gecko/20100101 Firefox/10.0.1"
144.126.86.47 - - [17/Nov/2017:07:58:10 +0000] "GET /category/electronics HTTP/1.1" 200 84 "-" "Mozilla/5.0 (compatible; Googlebot/2.1; +http://www.google.com/bot.html)"
144.180.57.180 - - [17/Nov/2017:07:58:15 +0000] "GET /category/office HTTP/1.1" 200 85 "/item/software/155" "Mozilla/5.0 (Macintosh; Intel Mac OS X 10.6; rv:9.0.1) Gecko/20100101 Firefox/9.0.1"
212.186.212.20 - - [17/Nov/2017:07:58:20 +0000] "GET /item/garden/1634 HTTP/1.1" 200 43 "http://www.google.com/search?ie=UTF-8&q=google&sclient=psy-ab&q=Garden+Garden&oq=Garden+Garden&aq=f&aqi=g-vL1&aql=&pbx=1&bav=on.2,or.r_gc.r_pw.r_qf.,cf.osb&biw=1159&bih=510" "Mozilla/5.0 (Windows NT 5.1) AppleWebKit/535.11 (KHTML, like Gecko) Chrome/17.0.963.46 Safari/535.11"
212.156.57.223 - - [17/Nov/2017:07:58:25 +0000] "GET /category/electronics HTTP/1.1" 200 82 "-" "Mozilla/5.0 (compatible; MSIE 9.0; Windows NT 6.1; WOW64; Trident/5.0)"
44.189.22.22 - - [17/Nov/2017:07:58:30 +0000] "GET /item/giftcards/4757 HTTP/1.1" 200 133 "/category/software" "Mozilla/5.0 (Windows NT 6.0; rv:10.0.1) Gecko/20100101 Firefox/10.0.1"
92.72.135.226 - - [17/Nov/2017:07:58:35 +0000] "GET /item/electronics/2990 HTTP/1.1" 200 69 "/category/electronics" "Mozilla/5.0 (compatible; Googlebot/2.1; +http://www.google.com/bot.html)"
124.222.42.225 - - [17/Nov/2017:07:58:40 +0000] "GET /item/electronics/1057 HTTP/1.1" 200 137 "/search/?c=Electronics+Software" "Mozilla/5.0 (Macintosh; Intel Mac OS X 10.6; rv:9.0.1) Gecko/20100101 Firefox/9.0.1"
104.165.180.220 - - [17/Nov/2017:07:58:45 +0000] "GET /category/games HTTP/1.1" 200 91 "-" "Mozilla/5.0 (Macintosh; Intel Mac OS X 10.6; rv:9.0.1) Gecko/20100101 Firefox/9.0.1"
108.219.222.220 - - [17/Nov/2017:07:58:50 +0000] "GET /category/software HTTP/1.1" 200 66 "-" "Mozilla/5.0 (compatible; MSIE 9.0; Windows NT 6.1; WOW64; Trident/5.0)"
60.63.96.106 - - [17/Nov/2017:07:58:55 +0000] "GET /category/books HTTP/1.1" 200 57 "-" "Mozilla/4.0 (compatible; MSIE 8.0; Windows NT 6.1; Trident/4.0; YTB730; SLCC2; .NET CLR 2.0.50727; .NET CLR 3.5.30729; .NET CLR 3.0.30729; Media Center PC 6.0; .NET4.0C)"
124.207.71.32 - - [17/Nov/2017:07:59:00 +0000] "GET /category/finance HTTP/1.1" 200 132 "-" "Mozilla/4.0 (compatible; MSIE 8.0; Windows NT 6.1; WOW64; Trident/4.0; YTB730; GTB7.2; EasyBits GO v1.0; SLCC2; .NET CLR 2.0.50727; .NET CLR 3.5.30729; .NET CLR 3.0.30729; Media Center PC 6.0; .NET4.0C)"
176.228.179.33 - - [17/Nov/2017:07:59:05 +0000] "GET /item/electronics/3271 HTTP/1.1" 200 138 "/category/software" "Mozilla/5.0 (compatible; Googlebot/2.1; +http://www.google.com/bot.html)"
20.132.185.140 - - [17/Nov/2017:07:59:10 +0000] "POST /search/?c=Electronics+Games HTTP/1.1" 200 138 "-" "Mozilla/4.0 (compatible; MSIE 8.0; Windows NT 6.0; WOW64; Trident/4.0; GTB6; SLCC1; .NET CLR 2.0.50727; Media Center PC 5.0; .NET CLR 3.5.30729; .NET CLR 3.0.30618; .NET4.0C)"
56.150.202.109 - - [17/Nov/2017:07:59:15 +0000] "GET /category/cameras HTTP/1.1" 200 116 "-" "Mozilla/5.0 (Windows NT 6.1; WOW64) AppleWebKit/535.11 (KHTML, like Gecko) Chrome/17.0.963.56 Safari/535.11"
76.153.22.87 - - [17/Nov/2017:07:59:20 +0000] "GET /category/music HTTP/1.1" 200 51 "/category/finance" "Mozilla/5.0 (Windows NT 6.1; WOW64) AppleWebKit/535.7 (KHTML, like Gecko) Chrome/16.0.912.77 Safari/535.7"
128.120.138.51 - - [17/Nov/2017:07:59:25 +0000] "GET /item/electronics/106 HTTP/1.1" 200 50 "/item/garden/1912" "Mozilla/5.0 (Windows NT 6.0) AppleWebKit/535.11 (KHTML, like Gecko) Chrome/17.0.963.56 Safari/535.11"
56.150.202.109 - - [17/Nov/2017:07:59:30 +0000] "GET /category/giftcards HTTP/1.1" 200 60 "/item/electronics/2606" "Mozilla/5.0 (Windows NT 6.1; WOW64) AppleWebKit/535.11 (KHTML, like Gecko) Chrome/17.0.963.56 Safari/535.11"
88.120.125.141 - - [17/Nov/2017:07:59:35 +0000] "GET /category/health HTTP/1.1" 200 132 "/item/electronics/1079" "Mozilla/5.0 (compatible; MSIE 9.0; Windows NT 6.1; WOW64; Trident/5.0)"
176.186.192.119 - - [17/Nov/2017:07:59:40 +0000] "GET /category/software?from=0 HTTP/1.1" 200 64 "/item/electronics/950" "Mozilla/5.0 (iPhone; CPU iPhone OS 5_0_1 like Mac OS X) AppleWebKit/534.46 (KHTML, like Gecko) Version/5.1 Mobile/9A405 Safari/7534.48.3"
168.39.135.79 - - [17/Nov/2017:07:59:45 +0000] "GET /item/games/15 HTTP/1.1" 200 128 "/category/music?from=0" "Mozilla/5.0 (Windows NT 6.1; WOW64) AppleWebKit/535.7 (KHTML, like Gecko) Chrome/16.0.912.77 Safari/535.7"
80.21.83.68 - - [17/Nov/2017:07:59:50 +0000] "GET /item/electronics/1195 HTTP/1.1" 200 46 "/category/electronics" "Mozilla/5.0 (Windows NT 6.1; WOW64) AppleWebKit/535.7 (KHTML, like Gecko) Chrome/16.0.912.77 Safari/535.7"
80.114.67.84 - - [17/Nov/2017:07:59:55 +0000] "GET /category/electronics HTTP/1.1" 200 61 "/category/electronics" "Mozilla/5.0 (compatible; MSIE 9.0; Windows NT 6.1; WOW64; Trident/5.0)"
188.111.114.167 - - [17/Nov/2017:08:00:00 +0000] "GET /category/software HTTP/1.1" 200 71 "-" "Mozilla/4.0 (compatible; MSIE 8.0; Windows NT 6.1; WOW64; Trident/4.0; YTB730; GTB7.2; EasyBits GO v1.0; SLCC2; .NET CLR 2.0.50727; .NET CLR 3.5.30729; .NET CLR 3.0.30729; Media Center PC 6.0; .NET4.0C)"
116.24.121.47 - - [17/Nov/2017:08:00:05 +0000] "GET /category/software HTTP/1.1" 200 130 "-" "Mozilla/4.0 (compatible; MSIE 8.0; Windows NT 5.1; Trident/4.0; YTB720; GTB7.2; .NET CLR 1.1.4322; .NET CLR 2.0.50727; .NET CLR 3.0.4506.2152; .NET CLR 3.5.30729)"
52.159.188.199 - - [17/Nov/2017:08:00:10 +0000] "GET /item/games/1885 HTTP/1.1" 200 83 "-" "Mozilla/4.0 (compatible; MSIE 8.0; Windows NT 6.1; Trident/4.0; YTB730; SLCC2; .NET CLR 2.0.50727; .NET CLR 3.5.30729; .NET CLR 3.0.30729; Media Center PC 6.0; .NET4.0C)"
28.45.145.192 - - [17/Nov/2017:08:00:15 +0000] "GET /item/garden/473 HTTP/1.1" 200 137 "/category/software" "Mozilla/5.0 (compatible; Googlebot/2.1; +http://www.google.com/bot.html)"
60.27.59.177 - - [17/Nov/2017:08:00:20 +0000] "GET /item/garden/4383 HTTP/1.1" 200 95 "/item/electronics/4947" "Mozilla/5.0 (compatible; MSIE 9.0; Windows NT 6.1; Trident/5.0)"
152.72.100.218 - - [17/Nov/2017:08:00:25 +0000] "GET /item/cameras/2541 HTTP/1.1" 200 110 "/category/cameras" "Mozilla/5.0 (Windows NT 6.1; WOW64) AppleWebKit/535.7 (KHTML, like Gecko) Chrome/16.0.912.77 Safari/535.7"
140.204.32.148 - - [17/Nov/2017:08:00:30 +0000] "GET /category/music HTTP/1.1" 200 82 "-" "Mozilla/5.0 (compatible; MSIE 9.0; Windows NT 6.1; Trident/5.0)"
44.138.105.89 - - [17/Nov/2017:08:00:35 +0000] "GET /item/finance/1639 HTTP/1.1" 200 114 "-" "Mozilla/5.0 (Windows NT 6.0; rv:10.0.1) Gecko/20100101 Firefox/10.0.1"
164.165.47.101 - - [17/Nov/2017:08:00:40 +0000] "GET /category/software HTTP/1.1" 200 116 "-" "Mozilla/5.0 (Windows NT 6.1; WOW64) AppleWebKit/535.7 (KHTML, like Gecko) Chrome/16.0.912.77 Safari/535.7"
216.210.207.165 - - [17/Nov/2017:08:00:45 +0000] "GET /category/software HTTP/1.1" 200 113 "/category/games" "Mozilla/5.0 (Macintosh; Intel Mac OS X 10.6; rv:9.0.1) Gecko/20100101 Firefox/9.0.1"
148.84.138.22 - - [17/Nov/2017:08:00:50 +0000] "GET /category/books?from=20 HTTP/1.1" 200 86 "/category/garden" "Mozilla/5.0 (Windows NT 6.0; rv:10.0.1) Gecko/20100101 Firefox/10.0.1"
84.123.83.114 - - [17/Nov/2017:08:00:55 +0000] "GET /item/computers/4801 HTTP/1.1" 200 128 "-" "Mozilla/5.0 (Windows NT 6.1; WOW64; rv:10.0.1) Gecko/20100101 Firefox/10.0.1"
92.99.104.37 - - [17/Nov/2017:08:01:00 +0000] "GET /category/jewelry HTTP/1.1" 200 60 "-" "Mozilla/5.0 (Windows NT 6.1; WOW64; rv:10.0.1) Gecko/20100101 Firefox/10.0.1"
84.72.133.74 - - [17/Nov/2017:08:01:05 +0000] "GET /category/office?from=0 HTTP/1.1" 200 59 "/category/electronics" "Mozilla/5.0 (Windows NT 6.0) AppleWebKit/535.11 (KHTML, like Gecko) Chrome/17.0.963.56 Safari/535.11"
172.165.188.104 - - [17/Nov/2017:08:01:10 +0000] "GET /category/giftcards HTTP/1.1" 200 138 "-" "Mozilla/5.0 (Macintosh; Intel Mac OS X 10.6; rv:9.0.1) Gecko/20100101 Firefox/9.0.1"
204.213.121.181 - - [17/Nov/2017:08:01:15 +0000] "GET /category/electronics HTTP/1.1" 200 59 "/item/toys/1044" "Mozilla/4.0 (compatible; MSIE 8.0; Windows NT 6.1; WOW64; Trident/4.0; YTB730; GTB7.2; EasyBits GO v1.0; SLCC2; .NET CLR 2.0.50727; .NET CLR 3.5.30729; .NET CLR 3.0.30729; Media Center PC 6.0; .NET4.0C)"
204.78.117.193 - - [17/Nov/2017:08:01:20 +0000] "GET /item/books/3487 HTTP/1.1" 200 92 "/category/books" "Mozilla/4.0 (compatible; MSIE 8.0; Windows NT 6.0; WOW64; Trident/4.0; GTB6; SLCC1; .NET CLR 2.0.50727; Media Center PC 5.0; .NET CLR 3.5.30729; .NET CLR 3.0.30618; .NET4.0C)"
104.165.180.220 - - [17/Nov/2017:08:01:25 +0000] "GET /category/books HTTP/1.1" 200 129 "-" "Mozilla/5.0 (compatible; MSIE 9.0; Windows NT 6.1; Trident/5.0)"
112.186.182.189 - - [17/Nov/2017:08:01:30 +0000] "GET /item/finance/4492 HTTP/1.1" 200 41 "/search/?c=Finance+Software" "Mozilla/5.0 (iPad; CPU OS 5_0_1 like Mac OS X) AppleWebKit/534.46 (KHTML, like Gecko) Version/5.1 Mobile/9A405 Safari/7534.48.3"
56.24.223.76 - - [17/Nov/2017:08:01:35 +0000] "GET /category/giftcards HTTP/1.1" 200 59 "/category/software?from=0" "Mozilla/4.0 (compatible; MSIE 8.0; Windows NT 6.1; WOW64; Trident/4.0; YTB730; GTB7.2; EasyBits GO v1.0; SLCC2; .NET CLR 2.0.50727; .NET CLR 3.5.30729; .NET CLR 3.0.30729; Media Center PC 6.0; .NET4.0C)"
216.33.82.203 - - [17/Nov/2017:08:01:40 +0000] "GET /category/electronics HTTP/1.1" 200 43 "/category/software" "Mozilla/4.0 (compatible; MSIE 8.0; Windows NT 5.1; Trident/4.0; YTB720; GTB7.2; .NET CLR 1.1.4322; .NET CLR 2.0.50727; .NET CLR 3.0.4506.2152; .NET CLR 3.5.30729)"
192.198.25.191 - - [17/Nov/2017:08:01:45 +0000] "POST /search/?c=Networking+Networking HTTP/1.1" 200 50 "-" "Mozilla/5.0 (compatible; MSIE 9.0; Windows NT 6.1; WOW64; Trident/5.0)"
164.120.51.110 - - [17/Nov/2017:08:01:50 +0000] "GET /category/software HTTP/1.1" 200 56 "/category/software" "Mozilla/4.0 (compatible; MSIE 8.0; Windows NT 5.1; Trident/4.0; BTRS122159; GTB7.2; .NET CLR 1.1.4322; .NET CLR 2.0.50727; .NET CLR 3.0.04506.30; .NET CLR 3.0.4506.2152; .NET CLR 3.5.30729; BRI/2)"
216.48.29.169 - - [17/Nov/2017:08:01:55 +0000] "GET /category/software HTTP/1.1" 200 113 "-" "Mozilla/4.0 (compatible; MSIE 8.0; Windows NT 6.1; Trident/4.0; YTB730; SLCC2; .NET CLR 2.0.50727; .NET CLR 3.5.30729; .NET CLR 3.0.30729; Media Center PC 6.0; .NET4.0C)"
192.183.227.24 - - [17/Nov/2017:08:02:00 +0000] "POST /search/?c=Electronics+Books HTTP/1.1" 200 134 "-" "Mozilla/5.0 (Windows NT 6.0; rv:10.0.1) Gecko/20100101 Firefox/10.0.1"
176.93.138.138 - - [17/Nov/2017:08:02:05 +0000] "GET /category/games HTTP/1.1" 200 83 "/category/electronics" "Mozilla/5.0 (Windows NT 6.1; WOW64) AppleWebKit/535.7 (KHTML, like Gecko) Chrome/16.0.912.77 Safari/535.7"
20.84.216.48 - - [17/Nov/2017:08:02:10 +0000] "GET /item/office/1168 HTTP/1.1" 200 135 "/search/?c=Office" "Mozilla/5.0 (Windows NT 6.1; WOW64; rv:10.0.1) Gecko/20100101 Firefox/10.0.1"
188.117.206.31 - - [17/Nov/2017:08:02:15 +0000] "GET /category/jewelry HTTP/1.1" 200 48 "/search/?c=Electronics+Books" "Mozilla/5.0 (Windows NT 6.1; WOW64; rv:10.0.1) Gecko/20100101 Firefox/10.0.1"
160.177.26.162 - - [17/Nov/2017:08:02:20 +0000] "GET /category/garden HTTP/1.1" 200 138 "/category/electronics?from=20" "Mozilla/4.0 (compatible; MSIE 8.0; Windows NT 6.1; WOW64; Trident/4.0; YTB730; GTB7.2; EasyBits GO v1.0; SLCC2; .NET CLR 2.0.50727; .NET CLR 3.5.30729; .NET CLR 3.0.30729; Media Center PC 6.0; .NET4.0C)"
128.123.38.119 - - [17/Nov/2017:08:02:25 +0000] "GET /category/jewelry?from=10 HTTP/1.1" 200 106 "-" "Mozilla/5.0 (Windows NT 6.1; WOW64) AppleWebKit/535.7 (KHTML, like Gecko) Chrome/16.0.912.77 Safari/535.7"
220.159.151.36 - - [17/Nov/2017:08:02:30 +0000] "GET /item/giftcards/4757 HTTP/1.1" 200 133 "/search/?c=Giftcards+Games" "Mozilla/5.0 (iPad; CPU OS 5_0_1 like Mac OS X) AppleWebKit/534.46 (KHTML, like Gecko) Version/5.1 Mobile/9A405 Safari/7534.48.3"
100.165.48.87 - - [17/Nov/2017:08:02:35 +0000] "GET /category/office HTTP/1.1" 200 74 "/category/music" "Mozilla/5.0 (compatible; MSIE 9.0; Windows NT 6.1; Trident/5.0)"
208.21.55.191 - - [17/Nov/2017:08:02:40 +0000] "GET /category/games HTTP/1.1" 200 135 "/category/office" "Mozilla/4.0 (compatible; MSIE 8.0; Windows NT 5.1; Trident/4.0; YTB720; GTB7.2; .NET CLR 1.1.4322; .NET CLR 2.0.50727; .NET CLR 3.0.4506.2152; .NET CLR 3.5.30729)"
120.168.180.96 - - [17/Nov/2017:08:02:45 +0000] "GET /category/software HTTP/1.1" 200 131 "/category/games" "Mozilla/5.0 (Windows NT 6.0; rv:10.0.1) Gecko/20100101 Firefox/10.0.1"
60.150.49.62 - - [17/Nov/2017:08:02:50 +0000] "GET /category/jewelry HTTP/1.1" 200 118 "/category/software" "Mozilla/5.0 (Windows NT 6.1; WOW64) AppleWebKit/535.7 (KHTML, like Gecko) Chrome/16.0.912.77 Safari/535.7"
172.51.61.163 - - [17/Nov/2017:08:02:55 +0000] "GET /category/giftcards HTTP/1.1" 200 113 "-" "Mozilla/5.0 (Windows NT 6.1; WOW64; rv:10.0.1) Gecko/20100101 Firefox/10.0.1"
72.165.89.172 - - [17/Nov/2017:08:03:00 +0000] "GET /category/jewelry HTTP/1.1" 200 118 "-" "Mozilla/5.0 (Windows NT 6.1; WOW64) AppleWebKit/535.7 (KHTML, like Gecko) Chrome/16.0.912.77 Safari/535.7"
208.81.168.36 - - [17/Nov/2017:08:03:05 +0000] "POST /search/?c=Electronics+Garden HTTP/1.1" 200 104 "/item/electronics/2128" "Mozilla/5.0 (Windows NT 6.1; WOW64; rv:10.0.1) Gecko/20100101 Firefox/10.0.1"
96.180.146.219 - - [17/Nov/2017:08:03:10 +0000] "GET /item/computers/1710 HTTP/1.1" 200 47 "/category/jewelry" "Mozilla/5.0 (Windows NT 6.0) AppleWebKit/535.11 (KHTML, like Gecko) Chrome/17.0.963.56 Safari/535.11"
156.177.136.57 - - [17/Nov/2017:08:03:15 +0000] "GET /item/networking/3236 HTTP/1.1" 200 109 "/category/electronics" "Mozilla/4.0 (compatible; MSIE 8.0; Windows NT 6.1; WOW64; Trident/4.0; YTB730; GTB7.2; EasyBits GO v1.0; SLCC2; .NET CLR 2.0.50727; .NET CLR 3.5.30729; .NET CLR 3.0.30729; Media Center PC 6.0; .NET4.0C)"
200.144.113.93 - - [17/Nov/2017:08:03:20 +0000] "GET /item/electronics/2972 HTTP/1.1" 200 130 "-" "Mozilla/5.0 (compatible; MSIE 9.0; Windows NT 6.1; WOW64; Trident/5.0)"
92.147.222.43 - - [17/Nov/2017:08:03:25 +0000] "GET /item/networking/4696 HTTP/1.1" 200 138 "-" "Mozilla/5.0 (iPhone; CPU iPhone OS 5_0_1 like Mac OS X) AppleWebKit/534.46 (KHTML, like Gecko) Version/5.1 Mobile/9A405 Safari/7534.48.3"
24.57.24.122 - - [17/Nov/2017:08:03:30 +0000] "POST /search/?c=Software+Garden HTTP/1.1" 200 98 "-" "Mozilla/5.0 (compatible; MSIE 9.0; Windows NT 6.1; WOW64; Trident/5.0)"
32.222.29.160 - - [17/Nov/2017:08:03:35 +0000] "GET /item/office/564 HTTP/1.1" 200 125 "/search/?c=Office+Electronics" "Mozilla/5.0 (Macintosh; Intel Mac OS X 10.6; rv:9.0.1) Gecko/20100101 Firefox/9.0.1"
208.180.46.35 - - [17/Nov/2017:08:03:40 +0000] "POST /search/?c=Books+Networking HTTP/1.1" 200 82 "/search/?c=Software" "Mozilla/5.0 (compatible; MSIE 9.0; Windows NT 6.1; WOW64; Trident/5.0)"
84.117.161.61 - - [17/Nov/2017:08:03:45 +0000] "GET /item/electronics/1706 HTTP/1.1" 200 119 "-" "Mozilla/5.0 (compatible; Googlebot/2.1; +http://www.google.com/bot.html)"
92.180.25.27 - - [17/Nov/2017:08:03:50 +0000] "GET /item/electronics/695 HTTP/1.1" 200 125 "/category/computers" "Mozilla/4.0 (compatible; MSIE 8.0; Windows NT 6.1; WOW64; Trident/4.0; YTB730; GTB7.2; SLCC2; .NET CLR 2.0.50727; .NET CLR 3.5.30729; .NET CLR 3.0.30729; .NET4.0C; .NET4.0E; Media Center PC 6.0)"
212.222.165.164 - - [17/Nov/2017:08:03:55 +0000] "GET /category/health HTTP/1.1" 200 42 "-" "Mozilla/5.0 (Windows NT 6.0; rv:10.0.1) Gecko/20100101 Firefox/10.0.1"
160.93.50.158 - - [17/Nov/2017:08:04:00 +0000] "GET /item/software/1271 HTTP/1.1" 200 103 "/item/toys/4220" "Mozilla/5.0 (Windows NT 6.0) AppleWebKit/535.11 (KHTML, like Gecko) Chrome/17.0.963.56 Safari/535.11"
140.183.67.108 - - [17/Nov/2017:08:04:05 +0000] "GET /category/sports HTTP/1.1" 200 72 "-" "Mozilla/5.0 (iPhone; CPU iPhone OS 5_0_1 like Mac OS X) AppleWebKit/534.46 (KHTML, like Gecko) Version/5.1 Mobile/9A405 Safari/7534.48.3"
48.195.168.33 - - [17/Nov/2017:08:04:10 +0000] "POST /search/?c=Electronics+Garden HTTP/1.1" 200 118 "-" "Mozilla/5.0 (Windows NT 6.1; WOW64; rv:10.0.1) Gecko/20100101 Firefox/10.0.1"
228.165.180.112 - - [17/Nov/2017:08:04:15 +0000] "POST /search/?c=Office HTTP/1.1" 200 131 "/category/computers" "Mozilla/5.0 (Macintosh; Intel Mac OS X 10.6; rv:9.0.1) Gecko/20100101 Firefox/9.0.1"
144.45.41.37 - - [17/Nov/2017:08:04:20 +0000] "GET /category/finance HTTP/1.1" 200 91 "/category/sports" "Mozilla/5.0 (Windows NT 6.0) AppleWebKit/535.11 (KHTML, like Gecko) Chrome/17.0.963.56 Safari/535.11"
60.147.125.150 - - [17/Nov/2017:08:04:25 +0000] "GET /item/office/964 HTTP/1.1" 200 56 "-" "Mozilla/5.0 (compatible; MSIE 9.0; Windows NT 6.1; Trident/5.0)"
224.27.47.136 - - [17/Nov/2017:08:04:30 +0000] "GET /category/toys HTTP/1.1" 200 128 "/category/software" "Mozilla/5.0 (Windows NT 6.1; WOW64) AppleWebKit/535.7 (KHTML, like Gecko) Chrome/16.0.912.77 Safari/535.7"
116.153.59.162 - - [17/Nov/2017:08:04:35 +0000] "POST /search/?c=Giftcards+Music HTTP/1.1" 200 118 "-" "Mozilla/5.0 (Windows NT 6.0; rv:10.0.1) Gecko/20100101 Firefox/10.0.1"
32.177.40.26 - - [17/Nov/2017:08:04:40 +0000] "GET /category/electronics HTTP/1.1" 200 90 "-" "Mozilla/4.0 (compatible; MSIE 8.0; Windows NT 5.1; Trident/4.0; YTB720; GTB7.2; .NET CLR 1.1.4322; .NET CLR 2.0.50727; .NET CLR 3.0.4506.2152; .NET CLR 3.5.30729)"
108.144.39.52 - - [17/Nov/2017:08:04:45 +0000] "GET /category/software HTTP/1.1" 200 70 "/category/networking" "Mozilla/5.0 (Windows NT 6.1; WOW64) AppleWebKit/535.11 (KHTML, like Gecko) Chrome/17.0.963.56 Safari/535.11"
28.45.145.192 - - [17/Nov/2017:08:04:50 +0000] "POST /search/?c=Software+Electronics HTTP/1.1" 200 97 "/category/electronics?from=20" "Mozilla/5.0 (iPad; CPU OS 5_0_1 like Mac OS X) AppleWebKit/534.46 (KHTML, like Gecko) Version/5.1 Mobile/9A405 Safari/7534.48.3"
112.33.59.25 - - [17/Nov/2017:08:04:55 +0000] "GET /category/finance?from=20 HTTP/1.1" 200 122 "/search/?c=Finance+Software" "Mozilla/4.0 (compatible; MSIE 8.0; Windows NT 5.1; Trident/4.0; YTB720; GTB7.2; .NET CLR 1.1.4322; .NET CLR 2.0.50727; .NET CLR 3.0.4506.2152; .NET CLR 3.5.30729)"
96.225.24.124 - - [17/Nov/2017:08:05:00 +0000] "GET /category/jewelry HTTP/1.1" 200 107 "/category/software" "Mozilla/5.0 (Windows NT 6.0) AppleWebKit/535.11 (KHTML, like Gecko) Chrome/17.0.963.56 Safari/535.11"
196.36.158.223 - - [17/Nov/2017:08:05:05 +0000] "GET /item/books/590 HTTP/1.1" 200 55 "/search/?c=Books" "Mozilla/5.0 (Windows NT 6.1; WOW64) AppleWebKit/535.11 (KHTML, like Gecko) Chrome/17.0.963.56 Safari/535.11"
72.120.175.129 - - [17/Nov/2017:08:05:10 +0000] "GET /category/electronics HTTP/1.1" 200 84 "-" "Mozilla/5.0 (iPhone; CPU iPhone OS 5_0_1 like Mac OS X) AppleWebKit/534.46 (KHTML, like Gecko) Version/5.1 Mobile/9A405 Safari/7534.48.3"
36.24.74.155 - - [17/Nov/2017:08:05:15 +0000] "POST /search/?c=Garden HTTP/1.1" 200 120 "/item/electronics/1344" "Mozilla/5.0 (Windows NT 6.0; rv:10.0.1) Gecko/20100101 Firefox/10.0.1"
136.138.38.142 - - [17/Nov/2017:08:05:20 +0000] "GET /item/electronics/4947 HTTP/1.1" 200 124 "/search/?c=Electronics+Networking" "Mozilla/5.0 (compatible; MSIE 9.0; Windows NT 6.1; WOW64; Trident/5.0)"
24.150.47.136 - - [17/Nov/2017:08:05:25 +0000] "GET /item/garden/2199 HTTP/1.1" 200 74 "/item/giftcards/4231" "Mozilla/5.0 (Macintosh; Intel Mac OS X 10.6; rv:9.0.1) Gecko/20100101 Firefox/9.0.1"
188.42.152.136 - - [17/Nov/2017:08:05:30 +0000] "GET /item/music/1232 HTTP/1.1" 200 62 "/search/?c=Music+Health" "Mozilla/5.0 (Windows NT 6.0) AppleWebKit/535.11 (KHTML, like Gecko) Chrome/17.0.963.56 Safari/535.11"
116.39.203.186 - - [17/Nov/2017:08:05:35 +0000] "GET /category/networking HTTP/1.1" 200 127 "/item/electronics/3036" "Mozilla/5.0 (compatible; MSIE 9.0; Windows NT 6.1; WOW64; Trident/5.0)"
28.129.94.208 - - [17/Nov/2017:08:05:40 +0000] "GET /category/electronics HTTP/1.1" 200 42 "-" "Mozilla/5.0 (Windows NT 6.1; WOW64) AppleWebKit/535.11 (KHTML, like Gecko) Chrome/17.0.963.56 Safari/535.11"
40.180.101.220 - - [17/Nov/2017:08:05:45 +0000] "GET /category/music HTTP/1.1" 200 51 "-" "Mozilla/5.0 (Windows NT 6.0) AppleWebKit/535.11 (KHTML, like Gecko) Chrome/17.0.963.56 Safari/535.11"
100.42.49.57 - - [17/Nov/2017:08:05:50 +0000] "GET /item/games/3272 HTTP/1.1" 200 79 "/category/electronics" "Mozilla/4.0 (compatible; MSIE 8.0; Windows NT 6.1; WOW64; Trident/4.0; GTB7.2; SLCC2; .NET CLR 2.0.50727; .NET CLR 3.5.30729; .NET CLR 3.0.30729; Media Center PC 6.0; .NET4.0C)"
132.132.109.164 - - [17/Nov/2017:08:05:55 +0000] "GET /item/sports/933 HTTP/1.1" 200 83 "/category/toys?from=10" "Mozilla/5.0 (Windows NT 6.1; WOW64; rv:10.0.1) Gecko/20100101 Firefox/10.0.1"
128.36.120.25 - - [17/Nov/2017:08:06:00 +0000] "GET /category/toys HTTP/1.1" 200 125 "/category/software" "Mozilla/5.0 (Windows NT 6.1; WOW64) AppleWebKit/535.11 (KHTML, like Gecko) Chrome/17.0.963.56 Safari/535.11"
168.60.226.215 - - [17/Nov/2017:08:06:05 +0000] "GET /item/books/4255 HTTP/1.1" 200 108 "/search/?c=Books" "Mozilla/5.0 (Windows NT 5.1) AppleWebKit/535.11 (KHTML, like Gecko) Chrome/17.0.963.46 Safari/535.11"
220.24.100.197 - - [17/Nov/2017:08:06:10 +0000] "GET /category/electronics HTTP/1.1" 200 113 "-" "Mozilla/5.0 (compatible; Googlebot/2.1; +http://www.google.com/bot.html)"
104.216.208.39 - - [17/Nov/2017:08:06:15 +0000] "GET /category/office HTTP/1.1" 200 128 "-" "Mozilla/5.0 (Macintosh; Intel Mac OS X 10.6; rv:9.0.1) Gecko/20100101 Firefox/9.0.1"
204.60.81.51 - - [17/Nov/2017:08:06:20 +0000] "GET /category/books HTTP/1.1" 200 41 "-" "Mozilla/5.0 (Windows NT 6.0; rv:10.0.1) Gecko/20100101 Firefox/10.0.1"
136.21.168.104 - - [17/Nov/2017:08:06:25 +0000] "GET /category/books HTTP/1.1" 200 80 "/item/books/2649" "Mozilla/4.0 (compatible; MSIE 8.0; Windows NT 6.1; WOW64; Trident/4.0; YTB730; GTB7.2; EasyBits GO v1.0; SLCC2; .NET CLR 2.0.50727; .NET CLR 3.5.30729; .NET CLR 3.0.30729; Media Center PC 6.0; .NET4.0C)"
112.60.183.55 - - [17/Nov/2017:08:06:30 +0000] "GET /category/software?from=20 HTTP/1.1" 200 78 "/category/software" "Mozilla/5.0 (Windows NT 6.1; WOW64; rv:10.0.1) Gecko/20100101 Firefox/10.0.1"
120.129.24.195 - - [17/Nov/2017:08:06:35 +0000] "GET /category/music HTTP/1.1" 200 53 "http://www.google.com/search?ie=UTF-8&q=google&sclient=psy-ab&q=Music+Toys&oq=Music+Toys&aq=f&aqi=g-vL1&aql=&pbx=1&bav=on.2,or.r_gc.r_pw.r_qf.,cf.osb&biw=1834&bih=517" "Mozilla/5.0 (Windows NT 6.1; WOW64) AppleWebKit/535.7 (KHTML, like Gecko) Chrome/16.0.912.77 Safari/535.7"
212.174.138.139 - - [17/Nov/2017:08:06:40 +0000] "GET /item/computers/4451 HTTP/1.1" 200 42 "/item/electronics/367" "Mozilla/5.0 (Windows NT 6.0; rv:10.0.1) Gecko/20100101 Firefox/10.0.1"
176.45.198.120 - - [17/Nov/2017:08:06:45 +0000] "GET /category/music HTTP/1.1" 200 44 "/category/cameras" "Mozilla/5.0 (Windows NT 6.1; WOW64) AppleWebKit/535.11 (KHTML, like Gecko) Chrome/17.0.963.56 Safari/535.11"
100.192.111.52 - - [17/Nov/2017:08:06:50 +0000] "GET /category/software?from=20 HTTP/1.1" 200 100 "-" "Mozilla/5.0 (Windows NT 6.0) AppleWebKit/535.11 (KHTML, like Gecko) Chrome/17.0.963.56 Safari/535.11"
224.87.180.175 - - [17/Nov/2017:08:06:55 +0000] "GET /item/books/1503 HTTP/1.1" 200 49 "-" "Mozilla/5.0 (compatible; Googlebot/2.1; +http://www.google.com/bot.html)"
68.72.35.74 - - [17/Nov/2017:08:07:00 +0000] "GET /category/cameras HTTP/1.1" 200 132 "/category/office" "Mozilla/5.0 (Windows NT 6.1; WOW64) AppleWebKit/535.7 (KHTML, like Gecko) Chrome/16.0.912.77 Safari/535.7"
192.102.189.187 - - [17/Nov/2017:08:07:05 +0000] "GET /category/games HTTP/1.1" 200 49 "/item/electronics/3224" "Mozilla/5.0 (compatible; MSIE 9.0; Windows NT 6.1; WOW64; Trident/5.0)"
116.222.179.198 - - [17/Nov/2017:08:07:10 +0000] "GET /item/software/2036 HTTP/1.1" 200 55 "/item/toys/3743" "Mozilla/5.0 (Windows NT 6.0; rv:10.0.1) Gecko/20100101 Firefox/10.0.1"
164.45.62.175 - - [17/Nov/2017:08:07:15 +0000] "GET /item/games/3491 HTTP/1.1" 200 100 "/search/?c=Games" "Mozilla/4.0 (compatible; MSIE 8.0; Windows NT 5.1; Trident/4.0; BTRS122159; GTB7.2; .NET CLR 1.1.4322; .NET CLR 2.0.50727; .NET CLR 3.0.04506.30; .NET CLR 3.0.4506.2152; .NET CLR 3.5.30729; BRI/2)"
100.219.202.52 - - [17/Nov/2017:08:07:20 +0000] "POST /search/?c=Electronics HTTP/1.1" 200 101 "/category/office" "Mozilla/4.0 (compatible; MSIE 8.0; Windows NT 6.0; WOW64; Trident/4.0; GTB6; SLCC1; .NET CLR 2.0.50727; Media Center PC 5.0; .NET CLR 3.5.30729; .NET CLR 3.0.30618; .NET4.0C)"
168.60.103.103 - - [17/Nov/2017:08:07:25 +0000] "GET /item/giftcards/2452 HTTP/1.1" 200 53 "-" "Mozilla/5.0 (iPhone; CPU iPhone OS 5_0_1 like Mac OS X) AppleWebKit/534.46 (KHTML, like Gecko) Version/5.1 Mobile/9A405 Safari/7534.48.3"
140.36.40.82 - - [17/Nov/2017:08:07:30 +0000] "GET /category/garden HTTP/1.1" 200 114 "-" "Mozilla/5.0 (Windows NT 6.1; WOW64) AppleWebKit/535.11 (KHTML, like Gecko) Chrome/17.0.963.56 Safari/535.11"
60.213.58.52 - - [17/Nov/2017:08:07:35 +0000] "GET /category/networking HTTP/1.1" 200 40 "-" "Mozilla/5.0 (compatible; Googlebot/2.1; +http://www.google.com/bot.html)"
100.165.48.87 - - [17/Nov/2017:08:07:40 +0000] "GET /category/software HTTP/1.1" 200 129 "/item/cameras/4995" "Mozilla/4.0 (compatible; MSIE 8.0; Windows NT 6.0; WOW64; Trident/4.0; GTB6; SLCC1; .NET CLR 2.0.50727; Media Center PC 5.0; .NET CLR 3.5.30729; .NET CLR 3.0.30618; .NET4.0C)"
104.24.39.126 - - [17/Nov/2017:08:07:45 +0000] "GET /item/health/2887 HTTP/1.1" 200 65 "/category/garden" "Mozilla/5.0 (Windows NT 6.0; rv:10.0.1) Gecko/20100101 Firefox/10.0.1"
220.222.196.154 - - [17/Nov/2017:08:07:50 +0000] "GET /item/music/2915 HTTP/1.1" 200 106 "/category/music" "Mozilla/5.0 (compatible; Googlebot/2.1; +http://www.google.com/bot.html)"
116.111.183.132 - - [17/Nov/2017:08:07:55 +0000] "GET /category/games HTTP/1.1" 200 59 "-" "Mozilla/5.0 (compatible; MSIE 9.0; Windows NT 6.1; WOW64; Trident/5.0)"
136.198.147.93 - - [17/Nov/2017:08:08:00 +0000] "GET /category/networking HTTP/1.1" 200 65 "-" "Mozilla/5.0 (Windows NT 6.1; WOW64; rv:10.0.1) Gecko/20100101 Firefox/10.0.1"
196.57.135.222 - - [17/Nov/2017:08:08:05 +0000] "GET /category/health HTTP/1.1" 200 79 "-" "Mozilla/5.0 (Windows NT 6.1; WOW64) AppleWebKit/535.11 (KHTML, like Gecko) Chrome/17.0.963.56 Safari/535.11"
200.186.57.64 - - [17/Nov/2017:08:08:10 +0000] "GET /category/garden?from=0 HTTP/1.1" 200 41 "/search/?c=Garden" "Mozilla/5.0 (iPhone; CPU iPhone OS 5_0_1 like Mac OS X) AppleWebKit/534.46 (KHTML, like Gecko) Version/5.1 Mobile/9A405 Safari/7534.48.3"
84.207.145.22 - - [17/Nov/2017:08:08:15 +0000] "POST /search/?c=Electronics+Books HTTP/1.1" 200 96 "/item/software/3165" "Mozilla/4.0 (compatible; MSIE 8.0; Windows NT 5.1; Trident/4.0; YTB720; GTB7.2; .NET CLR 1.1.4322; .NET CLR 2.0.50727; .NET CLR 3.0.4506.2152; .NET CLR 3.5.30729)"
32.213.174.79 - - [17/Nov/2017:08:08:20 +0000] "GET /item/software/1876 HTTP/1.1" 200 42 "/category/software" "Mozilla/4.0 (compatible; MSIE 8.0; Windows NT 6.1; WOW64; Trident/4.0; GTB7.2; SLCC2; .NET CLR 2.0.50727; .NET CLR 3.5.30729; .NET CLR 3.0.30729; Media Center PC 6.0; .NET4.0C)"
24.162.227.115 - - [17/Nov/2017:08:08:25 +0000] "POST /search/?c=Games HTTP/1.1" 200 48 "-" "Mozilla/5.0 (Windows NT 6.0; rv:10.0.1) Gecko/20100101 Firefox/10.0.1"
28.165.95.144 - - [17/Nov/2017:08:08:30 +0000] "GET /item/software/1594 HTTP/1.1" 200 80 "-" "Mozilla/5.0 (Macintosh; Intel Mac OS X 10.6; rv:9.0.1) Gecko/20100101 Firefox/9.0.1"
140.204.32.148 - - [17/Nov/2017:08:08:35 +0000] "GET /item/electronics/3314 HTTP/1.1" 200 46 "/category/office" "Mozilla/4.0 (compatible; MSIE 8.0; Windows NT 6.0; WOW64; Trident/4.0; GTB6; SLCC1; .NET CLR 2.0.50727; Media Center PC 5.0; .NET CLR 3.5.30729; .NET CLR 3.0.30618; .NET4.0C)"
84.150.155.34 - - [17/Nov/2017:08:08:40 +0000] "GET /category/electronics HTTP/1.1" 200 48 "-" "Mozilla/5.0 (Windows NT 6.1; WOW64; rv:10.0.1) Gecko/20100101 Firefox/10.0.1"
216.129.86.169 - - [17/Nov/2017:08:08:45 +0000] "GET /category/jewelry HTTP/1.1" 200 116 "http://www.google.com/search?ie=UTF-8&q=google&sclient=psy-ab&q=Jewelry&oq=Jewelry&aq=f&aqi=g-vL1&aql=&pbx=1&bav=on.2,or.r_gc.r_pw.r_qf.,cf.osb&biw=1599&bih=133" "Mozilla/5.0 (Windows NT 6.1; WOW64) AppleWebKit/535.11 (KHTML, like Gecko) Chrome/17.0.963.56 Safari/535.11"
68.225.106.184 - - [17/Nov/2017:08:08:50 +0000] "POST /search/?c=Health HTTP/1.1" 200 102 "/category/software" "Mozilla/5.0 (compatible; MSIE 9.0; Windows NT 6.1; WOW64; Trident/5.0)"
28.111.188.194 - - [17/Nov/2017:08:08:55 +0000] "GET /category/cameras HTTP/1.1" 200 47 "/search/?c=Electronics+Electronics" "Mozilla/4.0 (compatible; MSIE 8.0; Windows NT 6.1; WOW64; Trident/4.0; GTB7.2; SLCC2; .NET CLR 2.0.50727; .NET CLR 3.5.30729; .NET CLR 3.0.30729; Media Center PC 6.0; .NET4.0C)"
152.63.117.36 - - [17/Nov/2017:08:09:00 +0000] "GET /item/computers/4448 HTTP/1.1" 200 100 "-" "Mozilla/5.0 (Windows NT 6.1; WOW64; rv:10.0.1) Gecko/20100101 Firefox/10.0.1"
180.96.213.98 - - [17/Nov/2017:08:09:05 +0000] "GET /category/cameras?from=20 HTTP/1.1" 200 99 "/item/health/4027" "Mozilla/5.0 (Macintosh; Intel Mac OS X 10.6; rv:9.0.1) Gecko/20100101 Firefox/9.0.1"
72.165.89.172 - - [17/Nov/2017:08:09:10 +0000] "GET /item/electronics/4947 HTTP/1.1" 200 124 "/item/electronics/4512" "Mozilla/5.0 (compatible; Googlebot/2.1; +http://www.google.com/bot.html)"
96.153.159.129 - - [17/Nov/2017:08:09:15 +0000] "GET /category/software?from=0 HTTP/1.1" 200 66 "/category/books" "Mozilla/4.0 (compatible; MSIE 8.0; Windows NT 6.1; WOW64; Trident/4.0; YTB730; GTB7.2; SLCC2; .NET CLR 2.0.50727; .NET CLR 3.5.30729; .NET CLR 3.0.30729; .NET4.0C; .NET4.0E; Media Center PC 6.0)"
28.135.217.112 - - [17/Nov/2017:08:09:20 +0000] "POST /search/?c=Electronics HTTP/1.1" 200 99 "/category/health" "Mozilla/5.0 (Windows NT 6.1; WOW64) AppleWebKit/535.11 (KHTML, like Gecko) Chrome/17.0.963.56 Safari/535.11"
156.123.86.77 - - [17/Nov/2017:08:09:25 +0000] "POST /search/?c=Finance+Books HTTP/1.1" 200 54 "-" "Mozilla/5.0 (compatible; MSIE 9.0; Windows NT 6.1; Trident/5.0)"
128.159.112.128 - - [17/Nov/2017:08:09:30 +0000] "GET /category/software HTTP/1.1" 200 127 "-" "Mozilla/5.0 (compatible; MSIE 9.0; Windows NT 6.1; Trident/5.0)"
100.93.108.122 - - [17/Nov/2017:08:09:35 +0000] "GET /category/software?from=0 HTTP/1.1" 200 73 "-" "Mozilla/5.0 (Windows NT 6.1; WOW64; rv:10.0.1) Gecko/20100101 Firefox/10.0.1"
196.69.125.183 - - [17/Nov/2017:08:09:40 +0000] "GET /item/music/2069 HTTP/1.1" 200 133 "/category/sports" "Mozilla/4.0 (compatible; MSIE 8.0; Windows NT 6.1; WOW64; Trident/4.0; GTB7.2; SLCC2; .NET CLR 2.0.50727; .NET CLR 3.5.30729; .NET CLR 3.0.30729; Media Center PC 6.0; .NET4.0C)"
136.111.189.48 - - [17/Nov/2017:08:09:45 +0000] "GET /category/books HTTP/1.1" 200 55 "/category/music" "Mozilla/5.0 (compatible; MSIE 9.0; Windows NT 6.1; WOW64; Trident/5.0)"
20.180.93.217 - - [17/Nov/2017:08:09:50 +0000] "GET /category/electronics HTTP/1.1" 200 108 "-" "Mozilla/5.0 (Windows NT 6.0) AppleWebKit/535.11 (KHTML, like Gecko) Chrome/17.0.963.56 Safari/535.11"
164.213.39.153 - - [17/Nov/2017:08:09:55 +0000] "GET /item/office/4367 HTTP/1.1" 200 64 "/category/cameras" "Mozilla/5.0 (Windows NT 6.1; WOW64) AppleWebKit/535.7 (KHTML, like Gecko) Chrome/16.0.912.77 Safari/535.7"
168.60.226.215 - - [17/Nov/2017:08:10:00 +0000] "GET /category/finance HTTP/1.1" 200 71 "/category/sports" "Mozilla/5.0 (Windows NT 6.0; rv:10.0.1) Gecko/20100101 Firefox/10.0.1"
36.69.107.106 - - [17/Nov/2017:08:10:05 +0000] "GET /category/games HTTP/1.1" 200 42 "/category/electronics" "Mozilla/5.0 (Windows NT 6.1; WOW64; rv:10.0.1) Gecko/20100101 Firefox/10.0.1"
108.102.68.52 - - [17/Nov/2017:08:10:10 +0000] "GET /category/office?from=0 HTTP/1.1" 200 59 "/category/electronics" "Mozilla/5.0 (Windows NT 6.0; rv:10.0.1) Gecko/20100101 Firefox/10.0.1"
100.150.67.191 - - [17/Nov/2017:08:10:15 +0000] "GET /category/software HTTP/1.1" 200 41 "-" "Mozilla/4.0 (compatible; MSIE 8.0; Windows NT 6.1; WOW64; Trident/4.0; YTB730; GTB7.2; SLCC2; .NET CLR 2.0.50727; .NET CLR 3.5.30729; .NET CLR 3.0.30729; .NET4.0C; .NET4.0E; Media Center PC 6.0)"
96.144.218.175 - - [17/Nov/2017:08:10:20 +0000] "GET /item/books/4362 HTTP/1.1" 200 42 "-" "Mozilla/5.0 (Windows NT 6.0; rv:10.0.1) Gecko/20100101 Firefox/10.0.1"
84.30.95.135 - - [17/Nov/2017:08:10:25 +0000] "GET /category/cameras HTTP/1.1" 200 53 "/category/electronics" "Mozilla/4.0 (compatible; MSIE 8.0; Windows NT 6.1; WOW64; Trident/4.0; GTB7.2; SLCC2; .NET CLR 2.0.50727; .NET CLR 3.5.30729; .NET CLR 3.0.30729; Media Center PC 6.0; .NET4.0C)"
140.93.196.122 - - [17/Nov/2017:08:10:30 +0000] "GET /category/software HTTP/1.1" 200 123 "/item/books/180" "Mozilla/5.0 (Windows NT 6.0; rv:10.0.1) Gecko/20100101 Firefox/10.0.1"
204.117.20.72 - - [17/Nov/2017:08:10:35 +0000] "GET /category/jewelry HTTP/1.1" 200 111 "/item/electronics/1216" "Mozilla/5.0 (Windows NT 6.0; rv:10.0.1) Gecko/20100101 Firefox/10.0.1"
32.171.95.119 - - [17/Nov/2017:08:10:40 +0000] "GET /category/games HTTP/1.1" 200 96 "/category/books" "Mozilla/5.0 (Windows NT 6.1; WOW64) AppleWebKit/535.7 (KHTML, like Gecko) Chrome/16.0.912.77 Safari/535.7"
64.99.106.139 - - [17/Nov/2017:08:10:45 +0000] "GET /category/games HTTP/1.1" 200 98 "/category/office" "Mozilla/5.0 (Windows NT 6.0; rv:10.0.1) Gecko/20100101 Firefox/10.0.1"
148.18.219.25 - - [17/Nov/2017:08:10:50 +0000] "GET /item/games/526 HTTP/1.1" 200 104 "/search/?c=Electronics+Software" "Mozilla/5.0 (Windows NT 6.0; rv:10.0.1) Gecko/20100101 Firefox/10.0.1"
208.54.112.203 - - [17/Nov/2017:08:10:55 +0000] "GET /category/giftcards HTTP/1.1" 200 86 "/category/networking" "Mozilla/5.0 (Windows NT 6.0; rv:10.0.1) Gecko/20100101 Firefox/10.0.1"
152.66.214.200 - - [17/Nov/2017:08:11:00 +0000] "GET /item/office/394 HTTP/1.1" 200 65 "-" "Mozilla/5.0 (compatible; Googlebot/2.1; +http://www.google.com/bot.html)"
20.93.216.37 - - [17/Nov/2017:08:11:05 +0000] "GET /category/books HTTP/1.1" 200 40 "-" "Mozilla/5.0 (compatible; MSIE 9.0; Windows NT 6.1; WOW64; Trident/5.0)"
180.192.53.62 - - [17/Nov/2017:08:11:10 +0000] "POST /search/?c=Electronics+Software HTTP/1.1" 200 67 "-" "Mozilla/5.0 (compatible; Googlebot/2.1; +http://www.google.com/bot.html)"
64.30.173.72 - - [17/Nov/2017:08:11:15 +0000] "GET /item/electronics/4642 HTTP/1.1" 200 65 "-" "Mozilla/4.0 (compatible; MSIE 8.0; Windows NT 6.1; Trident/4.0; YTB730; SLCC2; .NET CLR 2.0.50727; .NET CLR 3.5.30729; .NET CLR 3.0.30729; Media Center PC 6.0; .NET4.0C)"
144.27.80.155 - - [17/Nov/2017:08:11:20 +0000] "POST /search/?c=Electronics HTTP/1.1" 200 73 "-" "Mozilla/5.0 (compatible; MSIE 9.0; Windows NT 6.1; WOW64; Trident/5.0)"
56.195.124.151 - - [17/Nov/2017:08:11:25 +0000] "GET /category/office HTTP/1.1" 200 51 "/search/?c=Software" "Mozilla/4.0 (compatible; MSIE 8.0; Windows NT 5.1; Trident/4.0; YTB720; GTB7.2; .NET CLR 1.1.4322; .NET CLR 2.0.50727; .NET CLR 3.0.4506.2152; .NET CLR 3.5.30729)"
76.222.22.161 - - [17/Nov/2017:08:11:30 +0000] "GET /category/software HTTP/1.1" 200 64 "http://www.google.com/search?ie=UTF-8&q=google&sclient=psy-ab&q=Software&oq=Software&aq=f&aqi=g-vL1&aql=&pbx=1&bav=on.2,or.r_gc.r_pw.r_qf.,cf.osb&biw=4839&bih=384" "Mozilla/5.0 (compatible; MSIE 9.0; Windows NT 6.1; WOW64; Trident/5.0)"
188.165.183.191 - - [17/Nov/2017:08:11:35 +0000] "GET /item/games/2751 HTTP/1.1" 200 43 "-" "Mozilla/4.0 (compatible; MSIE 8.0; Windows NT 5.1; Trident/4.0; YTB720; GTB7.2; .NET CLR 1.1.4322; .NET CLR 2.0.50727; .NET CLR 3.0.4506.2152; .NET CLR 3.5.30729)"
40.126.50.218 - - [17/Nov/2017:08:11:40 +0000] "GET /item/games/3032 HTTP/1.1" 200 115 "-" "Mozilla/5.0 (Windows NT 6.0; rv:10.0.1) Gecko/20100101 Firefox/10.0.1"
200.153.109.43 - - [17/Nov/2017:08:11:45 +0000] "GET /item/electronics/4270 HTTP/1.1" 200 118 "/category/books" "Mozilla/5.0 (compatible; Googlebot/2.1; +http://www.google.com/bot.html)"
144.180.57.180 - - [17/Nov/2017:08:11:50 +0000] "GET /category/electronics HTTP/1.1" 200 97 "/category/software" "Mozilla/5.0 (Windows NT 6.0) AppleWebKit/535.11 (KHTML, like Gecko) Chrome/17.0.963.56 Safari/535.11"
80.21.83.68 - - [17/Nov/2017:08:11:55 +0000] "GET /item/networking/2789 HTTP/1.1" 200 132 "/search/?c=Networking" "Mozilla/4.0 (compatible; MSIE 8.0; Windows NT 6.1; WOW64; Trident/4.0; YTB730; GTB7.2; EasyBits GO v1.0; SLCC2; .NET CLR 2.0.50727; .NET CLR 3.5.30729; .NET CLR 3.0.30729; Media Center PC 6.0; .NET4.0C)"
56.222.168.46 - - [17/Nov/2017:08:12:00 +0000] "GET /category/office HTTP/1.1" 200 42 "/item/finance/2549" "Mozilla/4.0 (compatible; MSIE 8.0; Windows NT 5.1; Trident/4.0; BTRS122159; GTB7.2; .NET CLR 1.1.4322; .NET CLR 2.0.50727; .NET CLR 3.0.04506.30; .NET CLR 3.0.4506.2152; .NET CLR 3.5.30729; BRI/2)"
88.120.125.141 - - [17/Nov/2017:08:12:05 +0000] "GET /item/electronics/4030 HTTP/1.1" 200 111 "/category/books" "Mozilla/5.0 (Windows NT 6.0; rv:10.0.1) Gecko/20100101 Firefox/10.0.1"
44.102.49.36 - - [17/Nov/2017:08:12:10 +0000] "GET /item/games/4108 HTTP/1.1" 200 60 "-" "Mozilla/5.0 (Windows NT 6.1; WOW64) AppleWebKit/535.11 (KHTML, like Gecko) Chrome/17.0.963.56 Safari/535.11"
140.144.140.227 - - [17/Nov/2017:08:12:15 +0000] "POST /search/?c=Software+Garden HTTP/1.1" 200 98 "-" "Mozilla/4.0 (compatible; MSIE 8.0; Windows NT 6.0; WOW64; Trident/4.0; GTB6; SLCC1; .NET CLR 2.0.50727; Media Center PC 5.0; .NET CLR 3.5.30729; .NET CLR 3.0.30618; .NET4.0C)"
128.120.138.51 - - [17/Nov/2017:08:12:20 +0000] "GET /item/books/237 HTTP/1.1" 200 95 "/category/books" "Mozilla/5.0 (Windows NT 6.0) AppleWebKit/535.11 (KHTML, like Gecko) Chrome/17.0.963.56 Safari/535.11"
76.183.228.91 - - [17/Nov/2017:08:12:25 +0000] "GET /category/toys HTTP/1.1" 200 77 "-" "Mozilla/4.0 (compatible; MSIE 8.0; Windows NT 5.1; Trident/4.0; BTRS122159; GTB7.2; .NET CLR 1.1.4322; .NET CLR 2.0.50727; .NET CLR 3.0.04506.30; .NET CLR 3.0.4506.2152; .NET CLR 3.5.30729; BRI/2)"
164.213.39.153 - - [17/Nov/2017:08:12:30 +0000] "GET /category/finance HTTP/1.1" 200 71 "-" "Mozilla/4.0 (compatible; MSIE 8.0; Windows NT 6.1; Trident/4.0; YTB730; SLCC2; .NET CLR 2.0.50727; .NET CLR 3.5.30729; .NET CLR 3.0.30729; Media Center PC 6.0; .NET4.0C)"
108.102.68.52 - - [17/Nov/2017:08:12:35 +0000] "GET /category/sports HTTP/1.1" 200 59 "http://www.google.com/search?ie=UTF-8&q=google&sclient=psy-ab&q=Sports&oq=Sports&aq=f&aqi=g-vL1&aql=&pbx=1&bav=on.2,or.r_gc.r_pw.r_qf.,cf.osb&biw=2152&bih=472" "Mozilla/5.0 (Windows NT 6.0; rv:10.0.1) Gecko/20100101 Firefox/10.0.1"
108.150.20.229 - - [17/Nov/2017:08:12:40 +0000] "GET /category/office HTTP/1.1" 200 53 "/category/office" "Mozilla/4.0 (compatible; MSIE 8.0; Windows NT 6.1; Trident/4.0; YTB730; SLCC2; .NET CLR 2.0.50727; .NET CLR 3.5.30729; .NET CLR 3.0.30729; Media Center PC 6.0; .NET4.0C)"
208.183.145.211 - - [17/Nov/2017:08:12:45 +0000] "GET /category/books HTTP/1.1" 200 112 "/item/jewelry/1473" "Mozilla/5.0 (Windows NT 6.1; WOW64) AppleWebKit/535.7 (KHTML, like Gecko) Chrome/16.0.912.77 Safari/535.7"
32.222.29.160 - - [17/Nov/2017:08:12:50 +0000] "GET /item/giftcards/357 HTTP/1.1" 200 92 "/category/giftcards" "Mozilla/5.0 (compatible; Googlebot/2.1; +http://www.google.com/bot.html)"
80.132.181.27 - - [17/Nov/2017:08:12:55 +0000] "GET /category/cameras HTTP/1.1" 200 77 "-" "Mozilla/5.0 (Windows NT 5.1) AppleWebKit/535.11 (KHTML, like Gecko) Chrome/17.0.963.46 Safari/535.11"
220.24.100.197 - - [17/Nov/2017:08:13:00 +0000] "POST /search/?c=Music+Giftcards HTTP/1.1" 200 113 "-" "Mozilla/5.0 (compatible; Googlebot/2.1; +http://www.google.com/bot.html)"
208.117.69.117 - - [17/Nov/2017:08:13:05 +0000] "POST /search/?c=Music+Giftcards HTTP/1.1" 200 113 "/item/garden/2971" "Mozilla/5.0 (Macintosh; Intel Mac OS X 10.6; rv:9.0.1) Gecko/20100101 Firefox/9.0.1"
168.60.226.215 - - [17/Nov/2017:08:13:10 +0000] "GET /item/jewelry/1164 HTTP/1.1" 200 106 "-" "Mozilla/5.0 (Windows NT 6.0; rv:10.0.1) Gecko/20100101 Firefox/10.0.1"
48.63.222.76 - - [17/Nov/2017:08:13:15 +0000] "GET /category/electronics HTTP/1.1" 200 97 "/item/computers/3585" "Mozilla/4.0 (compatible; MSIE 8.0; Windows NT 5.1; Trident/4.0; YTB720; GTB7.2; .NET CLR 1.1.4322; .NET CLR 2.0.50727; .NET CLR 3.0.4506.2152; .NET CLR 3.5.30729)"
44.36.69.119 - - [17/Nov/2017:08:13:20 +0000] "GET /category/office HTTP/1.1" 200 82 "-" "Mozilla/5.0 (compatible; MSIE 9.0; Windows NT 6.1; Trident/5.0)"
96.225.24.124 - - [17/Nov/2017:08:13:25 +0000] "GET /item/software/2699 HTTP/1.1" 200 50 "/item/electronics/3271" "Mozilla/5.0 (Windows NT 6.0) AppleWebKit/535.11 (KHTML, like Gecko) Chrome/17.0.963.56 Safari/535.11"
36.156.149.92 - - [17/Nov/2017:08:13:30 +0000] "GET /category/games HTTP/1.1" 200 105 "-" "Mozilla/5.0 (compatible; Googlebot/2.1; +http://www.google.com/bot.html)"
180.54.65.44 - - [17/Nov/2017:08:13:35 +0000] "GET /category/software HTTP/1.1" 200 71 "-" "Mozilla/5.0 (Windows NT 6.1; WOW64) AppleWebKit/535.11 (KHTML, like Gecko) Chrome/17.0.963.56 Safari/535.11"
176.210.71.83 - - [17/Nov/2017:08:13:40 +0000] "GET /item/finance/1103 HTTP/1.1" 200 109 "/item/electronics/3314" "Mozilla/5.0 (Windows NT 6.1; WOW64; rv:10.0.1) Gecko/20100101 Firefox/10.0.1"
212.66.174.222 - - [17/Nov/2017:08:13:45 +0000] "GET /item/toys/2937 HTTP/1.1" 200 54 "/search/?c=Toys" "Mozilla/5.0 (Macintosh; Intel Mac OS X 10.6; rv:9.0.1) Gecko/20100101 Firefox/9.0.1"
148.180.67.120 - - [17/Nov/2017:08:13:50 +0000] "GET /item/electronics/2277 HTTP/1.1" 200 43 "-" "Mozilla/4.0 (compatible; MSIE 8.0; Windows NT 6.1; WOW64; Trident/4.0; YTB730; GTB7.2; EasyBits GO v1.0; SLCC2; .NET CLR 2.0.50727; .NET CLR 3.5.30729; .NET CLR 3.0.30729; Media Center PC 6.0; .NET4.0C)"
36.192.126.32 - - [17/Nov/2017:08:13:55 +0000] "GET /category/health HTTP/1.1" 200 120 "-" "Mozilla/4.0 (compatible; MSIE 8.0; Windows NT 6.1; WOW64; Trident/4.0; GTB7.2; SLCC2; .NET CLR 2.0.50727; .NET CLR 3.5.30729; .NET CLR 3.0.30729; Media Center PC 6.0; .NET4.0C)"
56.48.89.225 - - [17/Nov/2017:08:14:00 +0000] "GET /category/jewelry HTTP/1.1" 200 82 "http://www.google.com/search?ie=UTF-8&q=google&sclient=psy-ab&q=Jewelry&oq=Jewelry&aq=f&aqi=g-vL1&aql=&pbx=1&bav=on.2,or.r_gc.r_pw.r_qf.,cf.osb&biw=4031&bih=269" "Mozilla/5.0 (Windows NT 5.1) AppleWebKit/535.11 (KHTML, like Gecko) Chrome/17.0.963.46 Safari/535.11"
144.165.175.190 - - [17/Nov/2017:08:14:05 +0000] "GET /item/music/1232 HTTP/1.1" 200 62 "/item/garden/995" "Mozilla/5.0 (Windows NT 6.1; WOW64) AppleWebKit/535.7 (KHTML, like Gecko) Chrome/16.0.912.77 Safari/535.7"
128.159.112.128 - - [17/Nov/2017:08:14:10 +0000] "GET /category/garden HTTP/1.1" 200 129 "/category/giftcards" "Mozilla/5.0 (Windows NT 5.1) AppleWebKit/535.11 (KHTML, like Gecko) Chrome/17.0.963.46 Safari/535.11"
216.84.184.134 - - [17/Nov/2017:08:14:15 +0000] "GET /category/software HTTP/1.1" 200 94 "/category/sports" "Mozilla/5.0 (Windows NT 6.0; rv:10.0.1) Gecko/20100101 Firefox/10.0.1"
104.189.169.48 - - [17/Nov/2017:08:14:20 +0000] "GET /category/electronics HTTP/1.1" 200 90 "-" "Mozilla/5.0 (Windows NT 6.1; WOW64) AppleWebKit/535.11 (KHTML, like Gecko) Chrome/17.0.963.56 Safari/535.11"
20.180.93.217 - - [17/Nov/2017:08:14:25 +0000] "GET /category/books?from=10 HTTP/1.1" 200 89 "/item/electronics/3410" "Mozilla/4.0 (compatible; MSIE 8.0; Windows NT 6.1; Trident/4.0; YTB730; SLCC2; .NET CLR 2.0.50727; .NET CLR 3.5.30729; .NET CLR 3.0.30729; Media Center PC 6.0; .NET4.0C)"
56.36.38.124 - - [17/Nov/2017:08:14:30 +0000] "GET /category/software HTTP/1.1" 200 63 "/search/?c=Electronics" "Mozilla/5.0 (compatible; MSIE 9.0; Windows NT 6.1; Trident/5.0)"
100.186.30.119 - - [17/Nov/2017:08:14:35 +0000] "GET /item/books/4078 HTTP/1.1" 200 74 "/search/?c=Books+Software" "Mozilla/4.0 (compatible; MSIE 8.0; Windows NT 6.1; WOW64; Trident/4.0; YTB730; GTB7.2; SLCC2; .NET CLR 2.0.50727; .NET CLR 3.5.30729; .NET CLR 3.0.30729; .NET4.0C; .NET4.0E; Media Center PC 6.0)"
112.93.23.140 - - [17/Nov/2017:08:14:40 +0000] "GET /item/garden/473 HTTP/1.1" 200 137 "/item/electronics/2670" "Mozilla/5.0 (Windows NT 6.0; rv:10.0.1) Gecko/20100101 Firefox/10.0.1"
104.45.160.209 - - [17/Nov/2017:08:14:45 +0000] "GET /category/music HTTP/1.1" 200 56 "/category/giftcards" "Mozilla/5.0 (Windows NT 6.1; WOW64) AppleWebKit/535.7 (KHTML, like Gecko) Chrome/16.0.912.77 Safari/535.7"
136.225.199.202 - - [17/Nov/2017:08:14:50 +0000] "GET /item/giftcards/3275 HTTP/1.1" 200 95 "/category/books" "Mozilla/5.0 (compatible; MSIE 9.0; Windows NT 6.1; WOW64; Trident/5.0)"
52.189.168.94 - - [17/Nov/2017:08:14:55 +0000] "GET /category/office?from=0 HTTP/1.1" 200 50 "-" "Mozilla/5.0 (Windows NT 6.0; rv:10.0.1) Gecko/20100101 Firefox/10.0.1"
144.114.134.210 - - [17/Nov/2017:08:15:00 +0000] "GET /category/games HTTP/1.1" 200 100 "/category/books" "Mozilla/5.0 (iPad; CPU OS 5_0_1 like Mac OS X) AppleWebKit/534.46 (KHTML, like Gecko) Version/5.1 Mobile/9A405 Safari/7534.48.3"
84.72.133.74 - - [17/Nov/2017:08:15:05 +0000] "POST /search/?c=Electronics+Sports HTTP/1.1" 200 139 "/category/computers" "Mozilla/5.0 (Windows NT 5.1) AppleWebKit/535.11 (KHTML, like Gecko) Chrome/17.0.963.46 Safari/535.11"
100.174.103.32 - - [17/Nov/2017:08:15:10 +0000] "GET /item/games/1456 HTTP/1.1" 200 111 "/category/electronics" "Mozilla/5.0 (Windows NT 6.0) AppleWebKit/535.11 (KHTML, like Gecko) Chrome/17.0.963.56 Safari/535.11"
44.51.178.212 - - [17/Nov/2017:08:15:15 +0000] "GET /category/giftcards HTTP/1.1" 200 86 "-" "Mozilla/5.0 (Macintosh; Intel Mac OS X 10.6; rv:9.0.1) Gecko/20100101 Firefox/9.0.1"
40.21.219.95 - - [17/Nov/2017:08:15:20 +0000] "GET /category/electronics HTTP/1.1" 200 52 "-" "Mozilla/5.0 (compatible; MSIE 9.0; Windows NT 6.1; Trident/5.0)"
32.99.62.111 - - [17/Nov/2017:08:15:25 +0000] "GET /item/software/85 HTTP/1.1" 200 53 "http://www.google.com/search?ie=UTF-8&q=google&sclient=psy-ab&q=Software&oq=Software&aq=f&aqi=g-vL1&aql=&pbx=1&bav=on.2,or.r_gc.r_pw.r_qf.,cf.osb&biw=19&bih=353" "Mozilla/5.0 (Windows NT 6.1; WOW64; rv:10.0.1) Gecko/20100101 Firefox/10.0.1"
60.126.127.74 - - [17/Nov/2017:08:15:30 +0000] "GET /category/electronics HTTP/1.1" 200 78 "/item/office/393" "Mozilla/5.0 (Windows NT 5.1) AppleWebKit/535.11 (KHTML, like Gecko) Chrome/17.0.963.46 Safari/535.11"
120.141.183.120 - - [17/Nov/2017:08:15:35 +0000] "GET /category/toys HTTP/1.1" 200 128 "-" "Mozilla/5.0 (Windows NT 6.0; rv:10.0.1) Gecko/20100101 Firefox/10.0.1"
156.198.60.199 - - [17/Nov/2017:08:15:40 +0000] "GET /item/games/3868 HTTP/1.1" 200 98 "/category/garden?from=0" "Mozilla/5.0 (Windows NT 6.0; rv:10.0.1) Gecko/20100101 Firefox/10.0.1"
40.180.147.109 - - [17/Nov/2017:08:15:45 +0000] "GET /item/networking/3979 HTTP/1.1" 200 66 "-" "Mozilla/5.0 (Windows NT 6.0) AppleWebKit/535.11 (KHTML, like Gecko) Chrome/17.0.963.56 Safari/535.11"
56.198.171.175 - - [17/Nov/2017:08:15:50 +0000] "GET /item/software/4657 HTTP/1.1" 200 136 "/category/health?from=10" "Mozilla/5.0 (Windows NT 5.1) AppleWebKit/535.11 (KHTML, like Gecko) Chrome/17.0.963.46 Safari/535.11"
96.138.127.49 - - [17/Nov/2017:08:15:55 +0000] "GET /item/garden/2308 HTTP/1.1" 200 62 "/search/?c=Jewelry" "Mozilla/5.0 (compatible; Googlebot/2.1; +http://www.google.com/bot.html)"
168.39.135.79 - - [17/Nov/2017:08:16:00 +0000] "GET /item/giftcards/4757 HTTP/1.1" 200 133 "/search/?c=Giftcards+Games" "Mozilla/5.0 (Windows NT 6.1; WOW64) AppleWebKit/535.7 (KHTML, like Gecko) Chrome/16.0.912.77 Safari/535.7"
100.93.108.122 - - [17/Nov/2017:08:16:05 +0000] "GET /category/giftcards HTTP/1.1" 200 81 "/item/books/1568" "Mozilla/4.0 (compatible; MSIE 8.0; Windows NT 6.1; WOW64; Trident/4.0; GTB7.2; SLCC2; .NET CLR 2.0.50727; .NET CLR 3.5.30729; .NET CLR 3.0.30729; Media Center PC 6.0; .NET4.0C)"
200.186.57.64 - - [17/Nov/2017:08:16:10 +0000] "GET /category/books HTTP/1.1" 200 89 "-" "Mozilla/4.0 (compatible; MSIE 8.0; Windows NT 5.1; Trident/4.0; YTB720; GTB7.2; .NET CLR 1.1.4322; .NET CLR 2.0.50727; .NET CLR 3.0.4506.2152; .NET CLR 3.5.30729)"
28.111.188.194 - - [17/Nov/2017:08:16:15 +0000] "GET /category/finance HTTP/1.1" 200 139 "/category/software?from=0" "Mozilla/5.0 (Macintosh; Intel Mac OS X 10.6; rv:9.0.1) Gecko/20100101 Firefox/9.0.1"
212.171.62.26 - - [17/Nov/2017:08:16:20 +0000] "GET /category/software HTTP/1.1" 200 51 "-" "Mozilla/5.0 (compatible; MSIE 9.0; Windows NT 6.1; WOW64; Trident/5.0)"
172.51.88.88 - - [17/Nov/2017:08:16:25 +0000] "GET /category/electronics HTTP/1.1" 200 46 "/category/sports" "Mozilla/4.0 (compatible; MSIE 8.0; Windows NT 6.1; WOW64; Trident/4.0; GTB7.2; SLCC2; .NET CLR 2.0.50727; .NET CLR 3.5.30729; .NET CLR 3.0.30729; Media Center PC 6.0; .NET4.0C)"
152.213.199.56 - - [17/Nov/2017:08:16:30 +0000] "GET /item/software/4657 HTTP/1.1" 200 136 "/category/games" "Mozilla/5.0 (compatible; MSIE 9.0; Windows NT 6.1; Trident/5.0)"
140.102.40.156 - - [17/Nov/2017:08:16:35 +0000] "GET /item/books/237 HTTP/1.1" 200 95 "/category/finance?from=20" "Mozilla/5.0 (Windows NT 6.1; WOW64) AppleWebKit/535.11 (KHTML, like Gecko) Chrome/17.0.963.56 Safari/535.11"
152.153.163.83 - - [17/Nov/2017:08:16:40 +0000] "GET /item/office/851 HTTP/1.1" 200 129 "-" "Mozilla/5.0 (Windows NT 6.0) AppleWebKit/535.11 (KHTML, like Gecko) Chrome/17.0.963.56 Safari/535.11"
72.129.64.28 - - [17/Nov/2017:08:16:45 +0000] "GET /item/giftcards/2757 HTTP/1.1" 200 50 "/search/?c=Giftcards" "Mozilla/5.0 (Windows NT 6.0) AppleWebKit/535.11 (KHTML, like Gecko) Chrome/17.0.963.56 Safari/535.11"
56.195.124.151 - - [17/Nov/2017:08:16:50 +0000] "GET /category/electronics HTTP/1.1" 200 91 "/item/music/4403" "Mozilla/5.0 (Macintosh; Intel Mac OS X 10.6; rv:9.0.1) Gecko/20100101 Firefox/9.0.1"
108.93.215.147 - - [17/Nov/2017:08:16:55 +0000] "GET /item/electronics/1042 HTTP/1.1" 200 130 "/search/?c=Electronics" "Mozilla/5.0 (Windows NT 6.0; rv:10.0.1) Gecko/20100101 Firefox/10.0.1"
148.75.141.188 - - [17/Nov/2017:08:17:00 +0000] "GET /item/sports/1884 HTTP/1.1" 200 105 "http://www.google.com/search?ie=UTF-8&q=google&sclient=psy-ab&q=Sports+Music&oq=Sports+Music&aq=f&aqi=g-vL1&aql=&pbx=1&bav=on.2,or.r_gc.r_pw.r_qf.,cf.osb&biw=3928&bih=406" "Mozilla/4.0 (compatible; MSIE 8.0; Windows NT 6.1; WOW64; Trident/4.0; YTB730; GTB7.2; SLCC2; .NET CLR 2.0.50727; .NET CLR 3.5.30729; .NET CLR 3.0.30729; .NET4.0C; .NET4.0E; Media Center PC 6.0)"
120.141.183.120 - - [17/Nov/2017:08:17:05 +0000] "GET /category/electronics?from=0 HTTP/1.1" 200 71 "/category/health" "Mozilla/5.0 (Windows NT 6.0; rv:10.0.1) Gecko/20100101 Firefox/10.0.1"
84.117.111.177 - - [17/Nov/2017:08:17:10 +0000] "GET /category/giftcards HTTP/1.1" 200 117 "http://www.google.com/search?ie=UTF-8&q=google&sclient=psy-ab&q=Giftcards&oq=Giftcards&aq=f&aqi=g-vL1&aql=&pbx=1&bav=on.2,or.r_gc.r_pw.r_qf.,cf.osb&biw=603&bih=365" "Mozilla/5.0 (Windows NT 6.1; WOW64; rv:10.0.1) Gecko/20100101 Firefox/10.0.1"
128.27.201.209 - - [17/Nov/2017:08:17:15 +0000] "GET /item/cameras/3741 HTTP/1.1" 200 90 "-" "Mozilla/5.0 (Windows NT 6.0) AppleWebKit/535.11 (KHTML, like Gecko) Chrome/17.0.963.56 Safari/535.11"
92.180.25.27 - - [17/Nov/2017:08:17:20 +0000] "GET /item/garden/4052 HTTP/1.1" 200 88 "http://www.google.com/search?ie=UTF-8&q=google&sclient=psy-ab&q=Garden&oq=Garden&aq=f&aqi=g-vL1&aql=&pbx=1&bav=on.2,or.r_gc.r_pw.r_qf.,cf.osb&biw=2755&bih=304" "Mozilla/5.0 (compatible; MSIE 9.0; Windows NT 6.1; WOW64; Trident/5.0)"
96.195.97.48 - - [17/Nov/2017:08:17:25 +0000] "GET /category/software HTTP/1.1" 200 41 "http://www.google.com/search?ie=UTF-8&q=google&sclient=psy-ab&q=Software&oq=Software&aq=f&aqi=g-vL1&aql=&pbx=1&bav=on.2,or.r_gc.r_pw.r_qf.,cf.osb&biw=3293&bih=310" "Mozilla/5.0 (Windows NT 6.0) AppleWebKit/535.11 (KHTML, like Gecko) Chrome/17.0.963.56 Safari/535.11"
164.36.150.129 - - [17/Nov/2017:08:17:30 +0000] "POST /search/?c=Finance HTTP/1.1" 200 85 "/category/health" "Mozilla/4.0 (compatible; MSIE 8.0; Windows NT 6.0; WOW64; Trident/4.0; GTB6; SLCC1; .NET CLR 2.0.50727; Media Center PC 5.0; .NET CLR 3.5.30729; .NET CLR 3.0.30618; .NET4.0C)"
132.120.217.35 - - [17/Nov/2017:08:17:35 +0000] "GET /item/software/2512 HTTP/1.1" 200 112 "-" "Mozilla/4.0 (compatible; MSIE 8.0; Windows NT 6.1; WOW64; Trident/4.0; YTB730; GTB7.2; EasyBits GO v1.0; SLCC2; .NET CLR 2.0.50727; .NET CLR 3.5.30729; .NET CLR 3.0.30729; Media Center PC 6.0; .NET4.0C)"
220.189.195.98 - - [17/Nov/2017:08:17:40 +0000] "GET /category/giftcards HTTP/1.1" 200 109 "/category/office" "Mozilla/5.0 (compatible; Googlebot/2.1; +http://www.google.com/bot.html)"
88.27.37.78 - - [17/Nov/2017:08:17:45 +0000] "GET /category/electronics HTTP/1.1" 200 47 "-" "Mozilla/5.0 (compatible; MSIE 9.0; Windows NT 6.1; Trident/5.0)"
72.123.67.110 - - [17/Nov/2017:08:17:50 +0000] "GET /item/office/4367 HTTP/1.1" 200 64 "/item/giftcards/4231" "Mozilla/5.0 (compatible; MSIE 9.0; Windows NT 6.1; Trident/5.0)"
164.135.96.20 - - [17/Nov/2017:08:17:55 +0000] "GET /item/computers/809 HTTP/1.1" 200 128 "/item/electronics/4416" "Mozilla/4.0 (compatible; MSIE 8.0; Windows NT 5.1; Trident/4.0; YTB720; GTB7.2; .NET CLR 1.1.4322; .NET CLR 2.0.50727; .NET CLR 3.0.4506.2152; .NET CLR 3.5.30729)"
124.105.200.100 - - [17/Nov/2017:08:18:00 +0000] "GET /category/office HTTP/1.1" 200 135 "-" "Mozilla/5.0 (compatible; MSIE 9.0; Windows NT 6.1; WOW64; Trident/5.0)"
88.228.108.129 - - [17/Nov/2017:08:18:05 +0000] "GET /category/garden HTTP/1.1" 200 86 "-" "Mozilla/5.0 (Windows NT 6.0; rv:10.0.1) Gecko/20100101 Firefox/10.0.1"
148.63.165.61 - - [17/Nov/2017:08:18:10 +0000] "GET /category/electronics HTTP/1.1" 200 77 "-" "Mozilla/5.0 (Macintosh; Intel Mac OS X 10.6; rv:9.0.1) Gecko/20100101 Firefox/9.0.1"
136.147.227.152 - - [17/Nov/2017:08:18:15 +0000] "GET /item/music/1232 HTTP/1.1" 200 62 "/search/?c=Music+Health" "Mozilla/5.0 (compatible; Googlebot/2.1; +http://www.google.com/bot.html)"
112.60.139.35 - - [17/Nov/2017:08:18:20 +0000] "GET /category/software HTTP/1.1" 200 105 "-" "Mozilla/4.0 (compatible; MSIE 8.0; Windows NT 6.1; WOW64; Trident/4.0; GTB7.2; SLCC2; .NET CLR 2.0.50727; .NET CLR 3.5.30729; .NET CLR 3.0.30729; Media Center PC 6.0; .NET4.0C)"
140.72.172.206 - - [17/Nov/2017:08:18:25 +0000] "GET /category/books HTTP/1.1" 200 91 "-" "Mozilla/5.0 (compatible; MSIE 9.0; Windows NT 6.1; Trident/5.0)"
176.177.74.90 - - [17/Nov/2017:08:18:30 +0000] "GET /item/jewelry/1164 HTTP/1.1" 200 106 "-" "Mozilla/5.0 (compatible; MSIE 9.0; Windows NT 6.1; WOW64; Trident/5.0)"
84.219.194.27 - - [17/Nov/2017:08:18:35 +0000] "GET /item/garden/231 HTTP/1.1" 200 59 "/category/garden?from=0" "Mozilla/5.0 (Windows NT 6.1; WOW64; rv:10.0.1) Gecko/20100101 Firefox/10.0.1"
216.117.163.69 - - [17/Nov/2017:08:18:40 +0000] "GET /item/giftcards/4757 HTTP/1.1" 200 102 "/category/health?from=10" "Mozilla/5.0 (Windows NT 6.0; rv:10.0.1) Gecko/20100101 Firefox/10.0.1"
124.87.214.172 - - [17/Nov/2017:08:18:45 +0000] "GET /category/games HTTP/1.1" 200 121 "-" "Mozilla/5.0 (Macintosh; Intel Mac OS X 10.6; rv:9.0.1) Gecko/20100101 Firefox/9.0.1"
124.171.169.38 - - [17/Nov/2017:08:18:50 +0000] "GET /category/electronics HTTP/1.1" 200 110 "/category/software?from=20" "Mozilla/5.0 (iPad; CPU OS 5_0_1 like Mac OS X) AppleWebKit/534.46 (KHTML, like Gecko) Version/5.1 Mobile/9A405 Safari/7534.48.3"
84.126.57.104 - - [17/Nov/2017:08:18:55 +0000] "POST /search/?c=Computers+Electronics HTTP/1.1" 200 44 "-" "Mozilla/5.0 (Macintosh; Intel Mac OS X 10.6; rv:9.0.1) Gecko/20100101 Firefox/9.0.1"
144.123.122.206 - - [17/Nov/2017:08:19:00 +0000] "POST /search/?c=Music+Giftcards HTTP/1.1" 200 113 "/category/software" "Mozilla/5.0 (Windows NT 6.1; WOW64) AppleWebKit/535.7 (KHTML, like Gecko) Chrome/16.0.912.77 Safari/535.7"
24.216.105.63 - - [17/Nov/2017:08:19:05 +0000] "GET /item/giftcards/4236 HTTP/1.1" 200 71 "-" "Mozilla/5.0 (compatible; MSIE 9.0; Windows NT 6.1; Trident/5.0)"
172.165.66.62 - - [17/Nov/2017:08:19:10 +0000] "GET /item/games/743 HTTP/1.1" 200 128 "/category/electronics" "Mozilla/5.0 (compatible; MSIE 9.0; Windows NT 6.1; WOW64; Trident/5.0)"
164.27.150.182 - - [17/Nov/2017:08:19:15 +0000] "GET /category/games HTTP/1.1" 200 44 "-" "Mozilla/5.0 (compatible; MSIE 9.0; Windows NT 6.1; WOW64; Trident/5.0)"
120.141.183.120 - - [17/Nov/2017:08:19:20 +0000] "GET /item/games/1456 HTTP/1.1" 200 111 "-" "Mozilla/5.0 (compatible; MSIE 9.0; Windows NT 6.1; WOW64; Trident/5.0)"
212.219.212.37 - - [17/Nov/2017:08:19:25 +0000] "GET /item/electronics/2653 HTTP/1.1" 200 139 "/category/software" "Mozilla/4.0 (compatible; MSIE 8.0; Windows NT 5.1; Trident/4.0; BTRS122159; GTB7.2; .NET CLR 1.1.4322; .NET CLR 2.0.50727; .NET CLR 3.0.04506.30; .NET CLR 3.0.4506.2152; .NET CLR 3.5.30729; BRI/2)"
212.156.57.223 - - [17/Nov/2017:08:19:30 +0000] "GET /category/software?from=20 HTTP/1.1" 200 100 "/category/networking" "Mozilla/5.0 (compatible; MSIE 9.0; Windows NT 6.1; WOW64; Trident/5.0)"
216.33.82.203 - - [17/Nov/2017:08:19:35 +0000] "GET /category/software HTTP/1.1" 200 131 "-" "Mozilla/4.0 (compatible; MSIE 8.0; Windows NT 5.1; Trident/4.0; YTB720; GTB7.2; .NET CLR 1.1.4322; .NET CLR 2.0.50727; .NET CLR 3.0.4506.2152; .NET CLR 3.5.30729)"
140.69.87.26 - - [17/Nov/2017:08:19:40 +0000] "GET /item/finance/3479 HTTP/1.1" 200 85 "-" "Mozilla/5.0 (Windows NT 6.1; WOW64) AppleWebKit/535.11 (KHTML, like Gecko) Chrome/17.0.963.56 Safari/535.11"
152.102.198.201 - - [17/Nov/2017:08:19:45 +0000] "GET /category/software HTTP/1.1" 200 43 "/item/garden/4052" "Mozilla/5.0 (Windows NT 6.1; WOW64) AppleWebKit/535.11 (KHTML, like Gecko) Chrome/17.0.963.56 Safari/535.11"
180.39.180.68 - - [17/Nov/2017:08:19:50 +0000] "GET /category/cameras HTTP/1.1" 200 115 "-" "Mozilla/5.0 (compatible; MSIE 9.0; Windows NT 6.1; Trident/5.0)"
92.141.177.68 - - [17/Nov/2017:08:19:55 +0000] "GET /item/networking/3979 HTTP/1.1" 200 66 "-" "Mozilla/5.0 (Windows NT 5.1) AppleWebKit/535.11 (KHTML, like Gecko) Chrome/17.0.963.46 Safari/535.11"
148.84.138.22 - - [17/Nov/2017:08:20:00 +0000] "GET /item/electronics/2101 HTTP/1.1" 200 84 "-" "Mozilla/5.0 (Windows NT 6.0; rv:10.0.1) Gecko/20100101 Firefox/10.0.1"
168.39.135.79 - - [17/Nov/2017:08:20:05 +0000] "GET /category/toys HTTP/1.1" 200 40 "-" "Mozilla/5.0 (Macintosh; Intel Mac OS X 10.6; rv:9.0.1) Gecko/20100101 Firefox/9.0.1"
64.24.130.157 - - [17/Nov/2017:08:20:10 +0000] "GET /category/software HTTP/1.1" 200 95 "-" "Mozilla/4.0 (compatible; MSIE 8.0; Windows NT 6.1; WOW64; Trident/4.0; YTB730; GTB7.2; EasyBits GO v1.0; SLCC2; .NET CLR 2.0.50727; .NET CLR 3.5.30729; .NET CLR 3.0.30729; Media Center PC 6.0; .NET4.0C)"
208.114.138.190 - - [17/Nov/2017:08:20:15 +0000] "POST /search/?c=Garden HTTP/1.1" 200 114 "-" "Mozilla/5.0 (Windows NT 6.0) AppleWebKit/535.11 (KHTML, like Gecko) Chrome/17.0.963.56 Safari/535.11"
20.84.216.48 - - [17/Nov/2017:08:20:20 +0000] "GET /category/garden HTTP/1.1" 200 52 "/category/garden" "Mozilla/5.0 (Macintosh; Intel Mac OS X 10.6; rv:9.0.1) Gecko/20100101 Firefox/9.0.1"
184.162.181.93 - - [17/Nov/2017:08:20:25 +0000] "GET /item/electronics/1344 HTTP/1.1" 200 61 "/category/jewelry" "Mozilla/5.0 (Windows NT 6.1; WOW64; rv:10.0.1) Gecko/20100101 Firefox/10.0.1"
156.198.60.199 - - [17/Nov/2017:08:20:30 +0000] "GET /category/electronics?from=20 HTTP/1.1" 200 124 "-" "Mozilla/5.0 (Windows NT 6.0; rv:10.0.1) Gecko/20100101 Firefox/10.0.1"
196.195.42.66 - - [17/Nov/2017:08:20:35 +0000] "GET /category/music HTTP/1.1" 200 92 "-" "Mozilla/4.0 (compatible; MSIE 8.0; Windows NT 5.1; Trident/4.0; YTB720; GTB7.2; .NET CLR 1.1.4322; .NET CLR 2.0.50727; .NET CLR 3.0.4506.2152; .NET CLR 3.5.30729)"
52.54.64.167 - - [17/Nov/2017:08:20:40 +0000] "GET /category/books HTTP/1.1" 200 74 "/category/sports" "Mozilla/5.0 (Windows NT 6.0; rv:10.0.1) Gecko/20100101 Firefox/10.0.1"
116.219.67.62 - - [17/Nov/2017:08:20:45 +0000] "POST /search/?c=Networking HTTP/1.1" 200 66 "-" "Mozilla/5.0 (Windows NT 6.0; rv:10.0.1) Gecko/20100101 Firefox/10.0.1"
188.165.183.191 - - [17/Nov/2017:08:20:50 +0000] "GET /category/cameras HTTP/1.1" 200 47 "-" "Mozilla/4.0 (compatible; MSIE 8.0; Windows NT 6.1; WOW64; Trident/4.0; YTB730; GTB7.2; SLCC2; .NET CLR 2.0.50727; .NET CLR 3.5.30729; .NET CLR 3.0.30729; .NET4.0C; .NET4.0E; Media Center PC 6.0)"
224.207.157.219 - - [17/Nov/2017:08:20:55 +0000] "POST /search/?c=Jewelry+Games HTTP/1.1" 200 129 "-" "Mozilla/5.0 (iPad; CPU OS 5_0_1 like Mac OS X) AppleWebKit/534.46 (KHTML, like Gecko) Version/5.1 Mobile/9A405 Safari/7534.48.3"
32.39.91.121 - - [17/Nov/2017:08:21:00 +0000] "GET /item/computers/4707 HTTP/1.1" 200 115 "http://www.google.com/search?ie=UTF-8&q=google&sclient=psy-ab&q=Computers&oq=Computers&aq=f&aqi=g-vL1&aql=&pbx=1&bav=on.2,or.r_gc.r_pw.r_qf.,cf.osb&biw=4655&bih=226" "Mozilla/5.0 (Windows NT 6.1; WOW64; rv:10.0.1) Gecko/20100101 Firefox/10.0.1"
60.177.133.24 - - [17/Nov/2017:08:21:05 +0000] "GET /category/software HTTP/1.1" 200 123 "/item/garden/4383" "Mozilla/5.0 (Windows NT 6.0; rv:10.0.1) Gecko/20100101 Firefox/10.0.1"
156.69.192.82 - - [17/Nov/2017:08:21:10 +0000] "GET /item/electronics/3224 HTTP/1.1" 200 120 "-" "Mozilla/5.0 (compatible; MSIE 9.0; Windows NT 6.1; WOW64; Trident/5.0)"
148.84.20.175 - - [17/Nov/2017:08:21:15 +0000] "GET /item/garden/4153 HTTP/1.1" 200 77 "/category/office" "Mozilla/4.0 (compatible; MSIE 8.0; Windows NT 6.0; WOW64; Trident/4.0; GTB6; SLCC1; .NET CLR 2.0.50727; Media Center PC 5.0; .NET CLR 3.5.30729; .NET CLR 3.0.30618; .NET4.0C)"
44.39.69.128 - - [17/Nov/2017:08:21:20 +0000] "GET /category/networking HTTP/1.1" 200 119 "/category/finance" "Mozilla/5.0 (Windows NT 6.1; WOW64) AppleWebKit/535.7 (KHTML, like Gecko) Chrome/16.0.912.77 Safari/535.7"
108.144.39.52 - - [17/Nov/2017:08:21:25 +0000] "GET /item/electronics/4788 HTTP/1.1" 200 46 "-" "Mozilla/4.0 (compatible; MSIE 8.0; Windows NT 5.1; Trident/4.0; YTB720; GTB7.2; .NET CLR 1.1.4322; .NET CLR 2.0.50727; .NET CLR 3.0.4506.2152; .NET CLR 3.5.30729)"
80.189.195.176 - - [17/Nov/2017:08:21:30 +0000] "GET /category/electronics HTTP/1.1" 200 79 "-" "Mozilla/4.0 (compatible; MSIE 8.0; Windows NT 6.1; WOW64; Trident/4.0; GTB7.2; SLCC2; .NET CLR 2.0.50727; .NET CLR 3.5.30729; .NET CLR 3.0.30729; Media Center PC 6.0; .NET4.0C)"
164.198.33.36 - - [17/Nov/2017:08:21:35 +0000] "GET /item/sports/1656 HTTP/1.1" 200 118 "/category/electronics" "Mozilla/5.0 (Windows NT 6.1; WOW64) AppleWebKit/535.11 (KHTML, like Gecko) Chrome/17.0.963.56 Safari/535.11"
80.120.169.42 - - [17/Nov/2017:08:21:40 +0000] "GET /category/electronics HTTP/1.1" 200 83 "-" "Mozilla/5.0 (Windows NT 6.1; WOW64) AppleWebKit/535.7 (KHTML, like Gecko) Chrome/16.0.912.77 Safari/535.7"
64.189.132.112 - - [17/Nov/2017:08:21:45 +0000] "GET /category/electronics HTTP/1.1" 200 128 "-" "Mozilla/4.0 (compatible; MSIE 8.0; Windows NT 6.1; WOW64; Trident/4.0; YTB730; GTB7.2; SLCC2; .NET CLR 2.0.50727; .NET CLR 3.5.30729; .NET CLR 3.0.30729; .NET4.0C; .NET4.0E; Media Center PC 6.0)"
204.117.20.72 - - [17/Nov/2017:08:21:50 +0000] "GET /category/health HTTP/1.1" 200 42 "-" "Mozilla/5.0 (Windows NT 6.0; rv:10.0.1) Gecko/20100101 Firefox/10.0.1"
140.120.88.217 - - [17/Nov/2017:08:21:55 +0000] "GET /category/books?from=0 HTTP/1.1" 200 56 "/category/games" "Mozilla/4.0 (compatible; MSIE 8.0; Windows NT 6.1; WOW64; Trident/4.0; YTB730; GTB7.2; SLCC2; .NET CLR 2.0.50727; .NET CLR 3.5.30729; .NET CLR 3.0.30729; .NET4.0C; .NET4.0E; Media Center PC 6.0)"
168.99.27.181 - - [17/Nov/2017:08:22:00 +0000] "GET /category/music HTTP/1.1" 200 55 "/item/cameras/2644" "Mozilla/4.0 (compatible; MSIE 8.0; Windows NT 6.1; WOW64; Trident/4.0; YTB730; GTB7.2; EasyBits GO v1.0; SLCC2; .NET CLR 2.0.50727; .NET CLR 3.5.30729; .NET CLR 3.0.30729; Media Center PC 6.0; .NET4.0C)"
192.213.24.121 - - [17/Nov/2017:08:22:05 +0000] "GET /item/electronics/2451 HTTP/1.1" 200 108 "-" "Mozilla/5.0 (Windows NT 6.1; WOW64) AppleWebKit/535.11 (KHTML, like Gecko) Chrome/17.0.963.56 Safari/535.11"
184.30.98.141 - - [17/Nov/2017:08:22:10 +0000] "GET /category/electronics HTTP/1.1" 200 82 "-" "Mozilla/4.0 (compatible; MSIE 8.0; Windows NT 5.1; Trident/4.0; YTB720; GTB7.2; .NET CLR 1.1.4322; .NET CLR 2.0.50727; .NET CLR 3.0.4506.2152; .NET CLR 3.5.30729)"
196.36.158.223 - - [17/Nov/2017:08:22:15 +0000] "GET /item/electronics/106 HTTP/1.1" 200 50 "-" "Mozilla/5.0 (Windows NT 6.0) AppleWebKit/535.11 (KHTML, like Gecko) Chrome/17.0.963.56 Safari/535.11"
224.27.173.79 - - [17/Nov/2017:08:22:20 +0000] "GET /category/jewelry HTTP/1.1" 200 48 "/category/electronics" "Mozilla/5.0 (compatible; MSIE 9.0; Windows NT 6.1; Trident/5.0)"
96.150.113.225 - - [17/Nov/2017:08:22:25 +0000] "GET /item/electronics/1 HTTP/1.1" 200 128 "/category/books" "Mozilla/5.0 (compatible; MSIE 9.0; Windows NT 6.1; Trident/5.0)"
156.81.120.91 - - [17/Nov/2017:08:22:30 +0000] "GET /category/computers HTTP/1.1" 200 113 "/item/books/3877" "Mozilla/5.0 (compatible; MSIE 9.0; Windows NT 6.1; WOW64; Trident/5.0)"
160.183.132.213 - - [17/Nov/2017:08:22:35 +0000] "GET /item/electronics/4041 HTTP/1.1" 200 42 "/category/electronics" "Mozilla/5.0 (Windows NT 6.1; WOW64) AppleWebKit/535.11 (KHTML, like Gecko) Chrome/17.0.963.56 Safari/535.11"
148.219.89.124 - - [17/Nov/2017:08:22:40 +0000] "GET /category/books HTTP/1.1" 200 131 "-" "Mozilla/5.0 (compatible; MSIE 9.0; Windows NT 6.1; Trident/5.0)"
44.123.149.113 - - [17/Nov/2017:08:22:45 +0000] "GET /category/electronics?from=0 HTTP/1.1" 200 102 "/category/finance" "Mozilla/4.0 (compatible; MSIE 8.0; Windows NT 6.0; WOW64; Trident/4.0; GTB6; SLCC1; .NET CLR 2.0.50727; Media Center PC 5.0; .NET CLR 3.5.30729; .NET CLR 3.0.30618; .NET4.0C)"
108.150.20.229 - - [17/Nov/2017:08:22:50 +0000] "GET /item/games/4604 HTTP/1.1" 200 54 "http://www.google.com/search?ie=UTF-8&q=google&sclient=psy-ab&q=Games&oq=Games&aq=f&aqi=g-vL1&aql=&pbx=1&bav=on.2,or.r_gc.r_pw.r_qf.,cf.osb&biw=670&bih=230" "Mozilla/5.0 (iPad; CPU OS 5_0_1 like Mac OS X) AppleWebKit/534.46 (KHTML, like Gecko) Version/5.1 Mobile/9A405 Safari/7534.48.3"
104.72.204.155 - - [17/Nov/2017:08:22:55 +0000] "GET /item/electronics/106 HTTP/1.1" 200 50 "/category/electronics" "Mozilla/5.0 (Windows NT 6.0) AppleWebKit/535.11 (KHTML, like Gecko) Chrome/17.0.963.56 Safari/535.11"
104.207.115.95 - - [17/Nov/2017:08:23:00 +0000] "GET /category/electronics HTTP/1.1" 200 51 "-" "Mozilla/5.0 (compatible; MSIE 9.0; Windows NT 6.1; WOW64; Trident/5.0)"
184.162.181.93 - - [17/Nov/2017:08:23:05 +0000] "GET /category/electronics HTTP/1.1" 200 138 "-" "Mozilla/5.0 (Windows NT 5.1) AppleWebKit/535.11 (KHTML, like Gecko) Chrome/17.0.963.46 Safari/535.11"
48.222.150.132 - - [17/Nov/2017:08:23:10 +0000] "GET /item/finance/1103 HTTP/1.1" 200 109 "-" "Mozilla/5.0 (compatible; MSIE 9.0; Windows NT 6.1; WOW64; Trident/5.0)"
72.216.45.153 - - [17/Nov/2017:08:23:15 +0000] "GET /item/toys/3509 HTTP/1.1" 200 89 "-" "Mozilla/4.0 (compatible; MSIE 8.0; Windows NT 6.1; Trident/4.0; YTB730; SLCC2; .NET CLR 2.0.50727; .NET CLR 3.5.30729; .NET CLR 3.0.30729; Media Center PC 6.0; .NET4.0C)"
228.165.180.112 - - [17/Nov/2017:08:23:20 +0000] "GET /category/networking HTTP/1.1" 200 82 "-" "Mozilla/5.0 (compatible; Googlebot/2.1; +http://www.google.com/bot.html)"
192.183.227.24 - - [17/Nov/2017:08:23:25 +0000] "GET /item/sports/4699 HTTP/1.1" 200 130 "/search/?c=Sports+Sports" "Mozilla/5.0 (Windows NT 6.0; rv:10.0.1) Gecko/20100101 Firefox/10.0.1"
108.141.179.49 - - [17/Nov/2017:08:23:30 +0000] "GET /category/electronics HTTP/1.1" 200 72 "/category/cameras" "Mozilla/5.0 (Windows NT 6.0; rv:10.0.1) Gecko/20100101 Firefox/10.0.1"
52.159.188.199 - - [17/Nov/2017:08:23:35 +0000] "GET /category/electronics?from=20 HTTP/1.1" 200 45 "/item/software/1625" "Mozilla/5.0 (compatible; Googlebot/2.1; +http://www.google.com/bot.html)"
120.63.173.157 - - [17/Nov/2017:08:23:40 +0000] "GET /item/finance/2549 HTTP/1.1" 200 114 "/category/cameras" "Mozilla/5.0 (iPad; CPU OS 5_0_1 like Mac OS X) AppleWebKit/534.46 (KHTML, like Gecko) Version/5.1 Mobile/9A405 Safari/7534.48.3"
216.90.56.55 - - [17/Nov/2017:08:23:45 +0000] "POST /search/?c=Electronics+Software HTTP/1.1" 200 77 "/category/software?from=20" "Mozilla/5.0 (compatible; MSIE 9.0; Windows NT 6.1; Trident/5.0)"
68.78.152.172 - - [17/Nov/2017:08:23:50 +0000] "GET /item/software/1546 HTTP/1.1" 200 45 "-" "Mozilla/5.0 (compatible; MSIE 9.0; Windows NT 6.1; Trident/5.0)"
168.210.175.118 - - [17/Nov/2017:08:23:55 +0000] "GET /category/books HTTP/1.1" 200 85 "-" "Mozilla/4.0 (compatible; MSIE 8.0; Windows NT 6.1; Trident/4.0; YTB730; SLCC2; .NET CLR 2.0.50727; .NET CLR 3.5.30729; .NET CLR 3.0.30729; Media Center PC 6.0; .NET4.0C)"
140.69.87.26 - - [17/Nov/2017:08:24:00 +0000] "GET /category/software HTTP/1.1" 200 81 "-" "Mozilla/5.0 (Windows NT 6.1; WOW64) AppleWebKit/535.11 (KHTML, like Gecko) Chrome/17.0.963.56 Safari/535.11"
152.159.202.129 - - [17/Nov/2017:08:24:05 +0000] "GET /category/books HTTP/1.1" 200 139 "-" "Mozilla/5.0 (Windows NT 6.0; rv:10.0.1) Gecko/20100101 Firefox/10.0.1"
188.198.226.23 - - [17/Nov/2017:08:24:10 +0000] "GET /category/music HTTP/1.1" 200 53 "-" "Mozilla/5.0 (Windows NT 6.0; rv:10.0.1) Gecko/20100101 Firefox/10.0.1"
176.204.131.157 - - [17/Nov/2017:08:24:15 +0000] "GET /category/books?from=10 HTTP/1.1" 200 137 "/search/?c=Music" "Mozilla/5.0 (compatible; MSIE 9.0; Windows NT 6.1; Trident/5.0)"
196.63.209.217 - - [17/Nov/2017:08:24:20 +0000] "POST /search/?c=Jewelry HTTP/1.1" 200 100 "-" "Mozilla/5.0 (compatible; MSIE 9.0; Windows NT 6.1; Trident/5.0)"
36.51.160.119 - - [17/Nov/2017:08:24:25 +0000] "GET /category/games HTTP/1.1" 200 108 "/item/games/2215" "Mozilla/5.0 (Windows NT 6.1; WOW64) AppleWebKit/535.7 (KHTML, like Gecko) Chrome/16.0.912.77 Safari/535.7"
120.189.102.122 - - [17/Nov/2017:08:24:30 +0000] "GET /item/toys/67 HTTP/1.1" 200 117 "/category/toys" "Mozilla/4.0 (compatible; MSIE 8.0; Windows NT 6.1; WOW64; Trident/4.0; GTB7.2; SLCC2; .NET CLR 2.0.50727; .NET CLR 3.5.30729; .NET CLR 3.0.30729; Media Center PC 6.0; .NET4.0C)"
112.186.182.189 - - [17/Nov/2017:08:24:35 +0000] "POST /search/?c=Games+Electronics HTTP/1.1" 200 52 "-" "Mozilla/5.0 (Windows NT 5.1) AppleWebKit/535.11 (KHTML, like Gecko) Chrome/17.0.963.46 Safari/535.11"
36.213.156.170 - - [17/Nov/2017:08:24:40 +0000] "GET /item/electronics/4788 HTTP/1.1" 200 46 "/search/?c=Electronics" "Mozilla/5.0 (compatible; MSIE 9.0; Windows NT 6.1; WOW64; Trident/5.0)"
88.126.130.26 - - [17/Nov/2017:08:24:45 +0000] "GET /category/books HTTP/1.1" 200 126 "/category/electronics" "Mozilla/5.0 (compatible; MSIE 9.0; Windows NT 6.1; Trident/5.0)"
204.213.121.181 - - [17/Nov/2017:08:24:50 +0000] "GET /item/electronics/229 HTTP/1.1" 200 105 "-" "Mozilla/5.0 (iPhone; CPU iPhone OS 5_0_1 like Mac OS X) AppleWebKit/534.46 (KHTML, like Gecko) Version/5.1 Mobile/9A405 Safari/7534.48.3"
196.102.21.104 - - [17/Nov/2017:08:24:55 +0000] "POST /search/?c=Jewelry HTTP/1.1" 200 100 "-" "Mozilla/5.0 (iPhone; CPU iPhone OS 5_0_1 like Mac OS X) AppleWebKit/534.46 (KHTML, like Gecko) Version/5.1 Mobile/9A405 Safari/7534.48.3"
84.207.145.22 - - [17/Nov/2017:08:25:00 +0000] "GET /item/health/2887 HTTP/1.1" 200 65 "-" "Mozilla/5.0 (compatible; MSIE 9.0; Windows NT 6.1; WOW64; Trident/5.0)"
196.207.160.124 - - [17/Nov/2017:08:25:05 +0000] "GET /category/games HTTP/1.1" 200 111 "/item/electronics/1042" "Mozilla/5.0 (Windows NT 6.0) AppleWebKit/535.11 (KHTML, like Gecko) Chrome/17.0.963.56 Safari/535.11"
148.219.89.124 - - [17/Nov/2017:08:25:10 +0000] "GET /item/books/3156 HTTP/1.1" 200 102 "/category/jewelry" "Mozilla/5.0 (compatible; MSIE 9.0; Windows NT 6.1; WOW64; Trident/5.0)"
188.96.51.51 - - [17/Nov/2017:08:25:15 +0000] "GET /category/electronics HTTP/1.1" 200 139 "/category/finance" "Mozilla/4.0 (compatible; MSIE 8.0; Windows NT 6.1; WOW64; Trident/4.0; YTB730; GTB7.2; SLCC2; .NET CLR 2.0.50727; .NET CLR 3.5.30729; .NET CLR 3.0.30729; .NET4.0C; .NET4.0E; Media Center PC 6.0)"
176.177.94.159 - - [17/Nov/2017:08:25:20 +0000] "GET /category/cameras HTTP/1.1" 200 77 "/item/electronics/4574" "Mozilla/5.0 (Windows NT 6.1; WOW64) AppleWebKit/535.7 (KHTML, like Gecko) Chrome/16.0.912.77 Safari/535.7"
20.63.176.160 - - [17/Nov/2017:08:25:25 +0000] "GET /category/electronics HTTP/1.1" 200 107 "-" "Mozilla/5.0 (Windows NT 6.0) AppleWebKit/535.11 (KHTML, like Gecko) Chrome/17.0.963.56 Safari/535.11"
180.60.171.28 - - [17/Nov/2017:08:25:30 +0000] "GET /category/games HTTP/1.1" 200 121 "/category/books" "Mozilla/5.0 (Windows NT 6.1; WOW64; rv:10.0.1) Gecko/20100101 Firefox/10.0.1"
96.153.159.129 - - [17/Nov/2017:08:25:35 +0000] "GET /category/software HTTP/1.1" 200 68 "/category/books" "Mozilla/4.0 (compatible; MSIE 8.0; Windows NT 5.1; Trident/4.0; YTB720; GTB7.2; .NET CLR 1.1.4322; .NET CLR 2.0.50727; .NET CLR 3.0.4506.2152; .NET CLR 3.5.30729)"
32.78.86.157 - - [17/Nov/2017:08:25:40 +0000] "GET /category/software HTTP/1.1" 200 99 "/item/books/4619" "Mozilla/5.0 (compatible; MSIE 9.0; Windows NT 6.1; WOW64; Trident/5.0)"
196.168.199.146 - - [17/Nov/2017:08:25:45 +0000] "GET /category/software HTTP/1.1" 200 79 "/item/books/2649" "Mozilla/5.0 (Windows NT 6.0) AppleWebKit/535.11 (KHTML, like Gecko) Chrome/17.0.963.56 Safari/535.11"
52.198.156.151 - - [17/Nov/2017:08:25:50 +0000] "GET /category/software HTTP/1.1" 200 99 "-" "Mozilla/5.0 (Windows NT 6.1; WOW64; rv:10.0.1) Gecko/20100101 Firefox/10.0.1"
172.171.155.192 - - [17/Nov/2017:08:25:55 +0000] "POST /search/?c=Electronics+Sports HTTP/1.1" 200 139 "/item/electronics/950" "Mozilla/5.0 (iPhone; CPU iPhone OS 5_0_1 like Mac OS X) AppleWebKit/534.46 (KHTML, like Gecko) Version/5.1 Mobile/9A405 Safari/7534.48.3"
112.93.23.140 - - [17/Nov/2017:08:26:00 +0000] "GET /item/books/757 HTTP/1.1" 200 90 "-" "Mozilla/5.0 (Windows NT 6.1; WOW64) AppleWebKit/535.11 (KHTML, like Gecko) Chrome/17.0.963.56 Safari/535.11"
112.21.69.67 - - [17/Nov/2017:08:26:05 +0000] "GET /category/cameras HTTP/1.1" 200 77 "-" "Mozilla/5.0 (compatible; MSIE 9.0; Windows NT 6.1; WOW64; Trident/5.0)"
112.48.91.130 - - [17/Nov/2017:08:26:10 +0000] "GET /category/books HTTP/1.1" 200 49 "/category/jewelry" "Mozilla/4.0 (compatible; MSIE 8.0; Windows NT 5.1; Trident/4.0; YTB720; GTB7.2; .NET CLR 1.1.4322; .NET CLR 2.0.50727; .NET CLR 3.0.4506.2152; .NET CLR 3.5.30729)"
216.81.116.200 - - [17/Nov/2017:08:26:15 +0000] "GET /category/books HTTP/1.1" 200 129 "-" "Mozilla/5.0 (Windows NT 6.1; WOW64) AppleWebKit/535.7 (KHTML, like Gecko) Chrome/16.0.912.77 Safari/535.7"
216.129.164.166 - - [17/Nov/2017:08:26:20 +0000] "GET /item/cameras/3741 HTTP/1.1" 200 90 "/category/jewelry" "Mozilla/5.0 (Windows NT 6.0; rv:10.0.1) Gecko/20100101 Firefox/10.0.1"
44.72.104.147 - - [17/Nov/2017:08:26:25 +0000] "GET /item/giftcards/119 HTTP/1.1" 200 93 "/item/giftcards/4757" "Mozilla/5.0 (Windows NT 6.1; WOW64) AppleWebKit/535.7 (KHTML, like Gecko) Chrome/16.0.912.77 Safari/535.7"
168.108.171.195 - - [17/Nov/2017:08:26:30 +0000] "GET /item/games/2827 HTTP/1.1" 200 113 "http://www.google.com/search?ie=UTF-8&q=google&sclient=psy-ab&q=Games+Electronics&oq=Games+Electronics&aq=f&aqi=g-vL1&aql=&pbx=1&bav=on.2,or.r_gc.r_pw.r_qf.,cf.osb&biw=1212&bih=362" "Mozilla/5.0 (Macintosh; Intel Mac OS X 10.6; rv:9.0.1) Gecko/20100101 Firefox/9.0.1"
60.81.133.199 - - [17/Nov/2017:08:26:35 +0000] "GET /category/garden HTTP/1.1" 200 88 "/category/networking" "Mozilla/5.0 (Windows NT 6.0) AppleWebKit/535.11 (KHTML, like Gecko) Chrome/17.0.963.56 Safari/535.11"
120.123.162.208 - - [17/Nov/2017:08:26:40 +0000] "GET /item/electronics/266 HTTP/1.1" 200 95 "-" "Mozilla/5.0 (Windows NT 6.1; WOW64; rv:10.0.1) Gecko/20100101 Firefox/10.0.1"
152.213.199.56 - - [17/Nov/2017:08:26:45 +0000] "GET /category/games HTTP/1.1" 200 66 "-" "Mozilla/4.0 (compatible; MSIE 8.0; Windows NT 6.1; WOW64; Trident/4.0; YTB730; GTB7.2; SLCC2; .NET CLR 2.0.50727; .NET CLR 3.5.30729; .NET CLR 3.0.30729; .NET4.0C; .NET4.0E; Media Center PC 6.0)"
200.153.109.43 - - [17/Nov/2017:08:26:50 +0000] "GET /category/software HTTP/1.1" 200 105 "-" "Mozilla/5.0 (compatible; Googlebot/2.1; +http://www.google.com/bot.html)"
72.219.156.125 - - [17/Nov/2017:08:26:55 +0000] "GET /category/books HTTP/1.1" 200 137 "/category/office" "Mozilla/4.0 (compatible; MSIE 8.0; Windows NT 6.0; WOW64; Trident/4.0; GTB6; SLCC1; .NET CLR 2.0.50727; Media Center PC 5.0; .NET CLR 3.5.30729; .NET CLR 3.0.30618; .NET4.0C)"
112.93.23.140 - - [17/Nov/2017:08:27:00 +0000] "GET /item/office/4367 HTTP/1.1" 200 64 "/item/computers/1333" "Mozilla/5.0 (Windows NT 6.1; WOW64) AppleWebKit/535.11 (KHTML, like Gecko) Chrome/17.0.963.56 Safari/535.11"
92.186.177.75 - - [17/Nov/2017:08:27:05 +0000] "GET /item/games/526 HTTP/1.1" 200 104 "/item/software/2512" "Mozilla/4.0 (compatible; MSIE 8.0; Windows NT 5.1; Trident/4.0; BTRS122159; GTB7.2; .NET CLR 1.1.4322; .NET CLR 2.0.50727; .NET CLR 3.0.04506.30; .NET CLR 3.0.4506.2152; .NET CLR 3.5.30729; BRI/2)"
196.144.108.166 - - [17/Nov/2017:08:27:10 +0000] "GET /category/music?from=0 HTTP/1.1" 200 51 "-" "Mozilla/5.0 (Windows NT 6.1; WOW64) AppleWebKit/535.7 (KHTML, like Gecko) Chrome/16.0.912.77 Safari/535.7"
132.192.89.145 - - [17/Nov/2017:08:27:15 +0000] "GET /item/office/1867 HTTP/1.1" 200 83 "/category/finance" "Mozilla/5.0 (compatible; MSIE 9.0; Windows NT 6.1; WOW64; Trident/5.0)"
208.150.171.60 - - [17/Nov/2017:08:27:20 +0000] "POST /search/?c=Games+Giftcards HTTP/1.1" 200 78 "-" "Mozilla/4.0 (compatible; MSIE 8.0; Windows NT 6.1; WOW64; Trident/4.0; YTB730; GTB7.2; SLCC2; .NET CLR 2.0.50727; .NET CLR 3.5.30729; .NET CLR 3.0.30729; .NET4.0C; .NET4.0E; Media Center PC 6.0)"
28.81.112.82 - - [17/Nov/2017:08:27:25 +0000] "GET /category/electronics HTTP/1.1" 200 61 "/category/music" "Mozilla/5.0 (Windows NT 6.0; rv:10.0.1) Gecko/20100101 Firefox/10.0.1"
84.189.117.50 - - [17/Nov/2017:08:27:30 +0000] "GET /item/software/2343 HTTP/1.1" 200 81 "-" "Mozilla/5.0 (compatible; MSIE 9.0; Windows NT 6.1; WOW64; Trident/5.0)"
172.111.229.114 - - [17/Nov/2017:08:27:35 +0000] "GET /category/games HTTP/1.1" 200 97 "/category/games" "Mozilla/5.0 (Windows NT 6.1; WOW64) AppleWebKit/535.7 (KHTML, like Gecko) Chrome/16.0.912.77 Safari/535.7"
136.126.144.37 - - [17/Nov/2017:08:27:40 +0000] "GET /category/software HTTP/1.1" 200 108 "/category/computers" "Mozilla/5.0 (Windows NT 6.1; WOW64) AppleWebKit/535.7 (KHTML, like Gecko) Chrome/16.0.912.77 Safari/535.7"
92.147.59.203 - - [17/Nov/2017:08:27:45 +0000] "GET /item/electronics/4512 HTTP/1.1" 200 41 "-" "Mozilla/5.0 (Windows NT 6.0; rv:10.0.1) Gecko/20100101 Firefox/10.0.1"
148.84.138.22 - - [17/Nov/2017:08:27:50 +0000] "GET /category/jewelry HTTP/1.1" 200 80 "/category/books" "Mozilla/5.0 (Windows NT 6.0; rv:10.0.1) Gecko/20100101 Firefox/10.0.1"
184.210.167.77 - - [17/Nov/2017:08:27:55 +0000] "POST /search/?c=Books+Giftcards HTTP/1.1" 200 69 "/category/electronics" "Mozilla/5.0 (Windows NT 6.0; rv:10.0.1) Gecko/20100101 Firefox/10.0.1"
164.63.57.53 - - [17/Nov/2017:08:28:00 +0000] "GET /item/computers/4801 HTTP/1.1" 200 128 "/item/software/530" "Mozilla/5.0 (Windows NT 6.1; WOW64) AppleWebKit/535.7 (KHTML, like Gecko) Chrome/16.0.912.77 Safari/535.7"
92.225.46.39 - - [17/Nov/2017:08:28:05 +0000] "GET /item/software/272 HTTP/1.1" 200 71 "/item/garden/4153" "Mozilla/5.0 (Macintosh; Intel Mac OS X 10.6; rv:9.0.1) Gecko/20100101 Firefox/9.0.1"
184.135.39.104 - - [17/Nov/2017:08:28:10 +0000] "POST /search/?c=Toys+Toys HTTP/1.1" 200 69 "-" "Mozilla/5.0 (Windows NT 6.0; rv:10.0.1) Gecko/20100101 Firefox/10.0.1"
28.135.90.185 - - [17/Nov/2017:08:28:15 +0000] "GET /item/health/4912 HTTP/1.1" 200 105 "-" "Mozilla/5.0 (Windows NT 5.1) AppleWebKit/535.11 (KHTML, like Gecko) Chrome/17.0.963.46 Safari/535.11"
176.84.117.57 - - [17/Nov/2017:08:28:20 +0000] "GET /item/electronics/2653 HTTP/1.1" 200 139 "/search/?c=Electronics" "Mozilla/5.0 (compatible; MSIE 9.0; Windows NT 6.1; WOW64; Trident/5.0)"
176.39.156.216 - - [17/Nov/2017:08:28:25 +0000] "GET /category/games HTTP/1.1" 200 42 "/item/electronics/4642" "Mozilla/5.0 (compatible; MSIE 9.0; Windows NT 6.1; WOW64; Trident/5.0)"
80.39.194.34 - - [17/Nov/2017:08:28:30 +0000] "POST /search/?c=Garden+Electronics HTTP/1.1" 200 101 "-" "Mozilla/5.0 (Windows NT 6.0) AppleWebKit/535.11 (KHTML, like Gecko) Chrome/17.0.963.56 Safari/535.11"
40.141.85.63 - - [17/Nov/2017:08:28:35 +0000] "POST /search/?c=Garden HTTP/1.1" 200 120 "/category/games" "Mozilla/5.0 (Windows NT 6.0; rv:10.0.1) Gecko/20100101 Firefox/10.0.1"
152.129.164.95 - - [17/Nov/2017:08:28:40 +0000] "GET /item/electronics/2001 HTTP/1.1" 200 90 "-" "Mozilla/5.0 (Windows NT 6.1; WOW64) AppleWebKit/535.11 (KHTML, like Gecko) Chrome/17.0.963.56 Safari/535.11"
60.117.58.163 - - [17/Nov/2017:08:28:45 +0000] "GET /item/electronics/695 HTTP/1.1" 200 125 "http://www.google.com/search?ie=UTF-8&q=google&sclient=psy-ab&q=Electronics&oq=Electronics&aq=f&aqi=g-vL1&aql=&pbx=1&bav=on.2,or.r_gc.r_pw.r_qf.,cf.osb&biw=3588&bih=16" "Mozilla/5.0 (compatible; MSIE 9.0; Windows NT 6.1; Trident/5.0)"
96.183.135.66 - - [17/Nov/2017:08:28:50 +0000] "GET /category/office HTTP/1.1" 200 127 "-" "Mozilla/5.0 (iPhone; CPU iPhone OS 5_0_1 like Mac OS X) AppleWebKit/534.46 (KHTML, like Gecko) Version/5.1 Mobile/9A405 Safari/7534.48.3"
188.198.226.23 - - [17/Nov/2017:08:28:55 +0000] "GET /category/electronics HTTP/1.1" 200 54 "-" "Mozilla/5.0 (Windows NT 6.1; WOW64; rv:10.0.1) Gecko/20100101 Firefox/10.0.1"
196.189.27.51 - - [17/Nov/2017:08:29:00 +0000] "GET /category/electronics HTTP/1.1" 200 108 "/category/books" "Mozilla/5.0 (Windows NT 6.0; rv:10.0.1) Gecko/20100101 Firefox/10.0.1"
40.180.101.220 - - [17/Nov/2017:08:29:05 +0000] "GET /category/games HTTP/1.1" 200 104 "/item/computers/1693" "Mozilla/4.0 (compatible; MSIE 8.0; Windows NT 6.1; WOW64; Trident/4.0; YTB730; GTB7.2; SLCC2; .NET CLR 2.0.50727; .NET CLR 3.5.30729; .NET CLR 3.0.30729; .NET4.0C; .NET4.0E; Media Center PC 6.0)"
124.48.209.187 - - [17/Nov/2017:08:29:10 +0000] "GET /category/games HTTP/1.1" 200 88 "/category/toys" "Mozilla/5.0 (Windows NT 6.1; WOW64) AppleWebKit/535.11 (KHTML, like Gecko) Chrome/17.0.963.56 Safari/535.11"
196.207.160.124 - - [17/Nov/2017:08:29:15 +0000] "GET /category/office?from=0 HTTP/1.1" 200 59 "/item/garden/4383" "Mozilla/5.0 (Windows NT 6.1; WOW64) AppleWebKit/535.11 (KHTML, like Gecko) Chrome/17.0.963.56 Safari/535.11"
212.45.141.113 - - [17/Nov/2017:08:29:20 +0000] "GET /item/games/4277 HTTP/1.1" 200 49 "/search/?c=Toys" "Mozilla/5.0 (Macintosh; Intel Mac OS X 10.6; rv:9.0.1) Gecko/20100101 Firefox/9.0.1"
76.75.163.170 - - [17/Nov/2017:08:29:25 +0000] "GET /category/music?from=10 HTTP/1.1" 200 101 "/item/electronics/705" "Mozilla/5.0 (Windows NT 6.1; WOW64) AppleWebKit/535.11 (KHTML, like Gecko) Chrome/17.0.963.56 Safari/535.11"
212.60.196.21 - - [17/Nov/2017:08:29:30 +0000] "GET /category/electronics?from=20 HTTP/1.1" 200 124 "/category/games" "Mozilla/5.0 (Windows NT 6.1; WOW64; rv:10.0.1) Gecko/20100101 Firefox/10.0.1"
48.105.77.215 - - [17/Nov/2017:08:29:35 +0000] "GET /item/computers/4707 HTTP/1.1" 200 115 "/item/electronics/2653" "Mozilla/4.0 (compatible; MSIE 8.0; Windows NT 6.1; WOW64; Trident/4.0; YTB730; GTB7.2; EasyBits GO v1.0; SLCC2; .NET CLR 2.0.50727; .NET CLR 3.5.30729; .NET CLR 3.0.30729; Media Center PC 6.0; .NET4.0C)"
224.153.72.151 - - [17/Nov/2017:08:29:40 +0000] "GET /category/office HTTP/1.1" 200 46 "/item/networking/3236" "Mozilla/5.0 (Macintosh; Intel Mac OS X 10.6; rv:9.0.1) Gecko/20100101 Firefox/9.0.1"
68.207.95.201 - - [17/Nov/2017:08:29:45 +0000] "GET /item/cameras/3320 HTTP/1.1" 200 109 "/category/giftcards" "Mozilla/5.0 (Windows NT 6.0; rv:10.0.1) Gecko/20100101 Firefox/10.0.1"
224.210.40.49 - - [17/Nov/2017:08:29:50 +0000] "GET /category/electronics HTTP/1.1" 200 50 "-" "Mozilla/5.0 (Windows NT 6.1; WOW64) AppleWebKit/535.11 (KHTML, like Gecko) Chrome/17.0.963.56 Safari/535.11"
160.129.152.167 - - [17/Nov/2017:08:29:55 +0000] "GET /item/software/1625 HTTP/1.1" 200 82 "/category/sports" "Mozilla/5.0 (Windows NT 6.1; WOW64; rv:10.0.1) Gecko/20100101 Firefox/10.0.1"
224.228.152.212 - - [17/Nov/2017:08:30:00 +0000] "GET /item/electronics/446 HTTP/1.1" 200 44 "/category/books?from=20" "Mozilla/5.0 (Windows NT 6.0; rv:10.0.1) Gecko/20100101 Firefox/10.0.1"
152.159.202.129 - - [17/Nov/2017:08:30:05 +0000] "GET /category/electronics HTTP/1.1" 200 79 "/item/toys/1283" "Mozilla/5.0 (Macintosh; Intel Mac OS X 10.6; rv:9.0.1) Gecko/20100101 Firefox/9.0.1"
224.210.40.49 - - [17/Nov/2017:08:30:10 +0000] "GET /item/books/757 HTTP/1.1" 200 90 "/category/books" "Mozilla/5.0 (compatible; Googlebot/2.1; +http://www.google.com/bot.html)"
132.192.89.145 - - [17/Nov/2017:08:30:15 +0000] "GET /category/software?from=0 HTTP/1.1" 200 91 "/category/software" "Mozilla/4.0 (compatible; MSIE 8.0; Windows NT 5.1; Trident/4.0; YTB720; GTB7.2; .NET CLR 1.1.4322; .NET CLR 2.0.50727; .NET CLR 3.0.4506.2152; .NET CLR 3.5.30729)"
56.24.57.163 - - [17/Nov/2017:08:30:20 +0000] "GET /category/electronics HTTP/1.1" 200 71 "/category/software" "Mozilla/5.0 (Windows NT 6.0) AppleWebKit/535.11 (KHTML, like Gecko) Chrome/17.0.963.56 Safari/535.11"
40.180.147.109 - - [17/Nov/2017:08:30:25 +0000] "GET /item/garden/1060 HTTP/1.1" 200 74 "-" "Mozilla/5.0 (compatible; Googlebot/2.1; +http://www.google.com/bot.html)"
100.171.120.84 - - [17/Nov/2017:08:30:30 +0000] "GET /item/software/1527 HTTP/1.1" 200 64 "/search/?c=Office+Computers" "Mozilla/5.0 (Windows NT 6.1; WOW64; rv:10.0.1) Gecko/20100101 Firefox/10.0.1"
176.120.38.36 - - [17/Nov/2017:08:30:35 +0000] "GET /category/software HTTP/1.1" 200 68 "/item/games/526" "Mozilla/5.0 (compatible; MSIE 9.0; Windows NT 6.1; WOW64; Trident/5.0)"
132.132.44.91 - - [17/Nov/2017:08:30:40 +0000] "GET /category/electronics HTTP/1.1" 200 57 "/category/software" "Mozilla/4.0 (compatible; MSIE 8.0; Windows NT 6.1; WOW64; Trident/4.0; YTB730; GTB7.2; SLCC2; .NET CLR 2.0.50727; .NET CLR 3.5.30729; .NET CLR 3.0.30729; .NET4.0C; .NET4.0E; Media Center PC 6.0)"
200.192.163.62 - - [17/Nov/2017:08:30:45 +0000] "GET /category/books HTTP/1.1" 200 84 "-" "Mozilla/5.0 (Windows NT 6.1; WOW64) AppleWebKit/535.11 (KHTML, like Gecko) Chrome/17.0.963.56 Safari/535.11"
116.132.223.92 - - [17/Nov/2017:08:30:50 +0000] "GET /category/garden HTTP/1.1" 200 114 "/category/giftcards" "Mozilla/5.0 (Windows NT 6.1; WOW64; rv:10.0.1) Gecko/20100101 Firefox/10.0.1"
192.54.212.194 - - [17/Nov/2017:08:30:55 +0000] "GET /item/electronics/4642 HTTP/1.1" 200 65 "/category/health" "Mozilla/5.0 (compatible; MSIE 9.0; Windows NT 6.1; Trident/5.0)"
24.216.171.77 - - [17/Nov/2017:08:31:00 +0000] "GET /category/electronics HTTP/1.1" 200 59 "-" "Mozilla/4.0 (compatible; MSIE 8.0; Windows NT 6.1; WOW64; Trident/4.0; GTB7.2; SLCC2; .NET CLR 2.0.50727; .NET CLR 3.5.30729; .NET CLR 3.0.30729; Media Center PC 6.0; .NET4.0C)"
136.198.147.93 - - [17/Nov/2017:08:31:05 +0000] "GET /item/software/2190 HTTP/1.1" 200 70 "/search/?c=Software+Finance" "Mozilla/5.0 (Windows NT 6.1; WOW64; rv:10.0.1) Gecko/20100101 Firefox/10.0.1"
72.120.175.129 - - [17/Nov/2017:08:31:10 +0000] "GET /item/software/3165 HTTP/1.1" 200 63 "-" "Mozilla/5.0 (iPhone; CPU iPhone OS 5_0_1 like Mac OS X) AppleWebKit/534.46 (KHTML, like Gecko) Version/5.1 Mobile/9A405 Safari/7534.48.3"
96.33.37.61 - - [17/Nov/2017:08:31:15 +0000] "POST /search/?c=Giftcards+Music HTTP/1.1" 200 118 "/search/?c=Music" "Mozilla/5.0 (compatible; MSIE 9.0; Windows NT 6.1; WOW64; Trident/5.0)"
100.84.214.95 - - [17/Nov/2017:08:31:20 +0000] "GET /item/networking/3831 HTTP/1.1" 200 85 "/item/garden/957" "Mozilla/5.0 (compatible; Googlebot/2.1; +http://www.google.com/bot.html)"
40.21.219.95 - - [17/Nov/2017:08:31:25 +0000] "GET /item/books/1573 HTTP/1.1" 200 72 "/category/books" "Mozilla/5.0 (Windows NT 6.0) AppleWebKit/535.11 (KHTML, like Gecko) Chrome/17.0.963.56 Safari/535.11"
200.144.113.93 - - [17/Nov/2017:08:31:30 +0000] "POST /search/?c=Games HTTP/1.1" 200 42 "/category/electronics" "Mozilla/5.0 (compatible; MSIE 9.0; Windows NT 6.1; WOW64; Trident/5.0)"
76.216.93.173 - - [17/Nov/2017:08:31:35 +0000] "GET /category/electronics HTTP/1.1" 200 42 "/search/?c=Games" "Mozilla/5.0 (Windows NT 6.0; rv:10.0.1) Gecko/20100101 Firefox/10.0.1"
80.120.169.42 - - [17/Nov/2017:08:31:40 +0000] "GET /category/electronics HTTP/1.1" 200 57 "-" "Mozilla/5.0 (Windows NT 6.1; WOW64; rv:10.0.1) Gecko/20100101 Firefox/10.0.1"
176.69.116.108 - - [17/Nov/2017:08:31:45 +0000] "GET /category/cameras HTTP/1.1" 200 109 "/item/health/4912" "Mozilla/5.0 (Macintosh; Intel Mac OS X 10.6; rv:9.0.1) Gecko/20100101 Firefox/9.0.1"
184.162.181.93 - - [17/Nov/2017:08:31:50 +0000] "GET /category/electronics HTTP/1.1" 200 61 "-" "Mozilla/5.0 (Windows NT 6.1; WOW64) AppleWebKit/535.11 (KHTML, like Gecko) Chrome/17.0.963.56 Safari/535.11"
200.39.205.215 - - [17/Nov/2017:08:31:55 +0000] "GET /category/electronics HTTP/1.1" 200 78 "-" "Mozilla/4.0 (compatible; MSIE 8.0; Windows NT 6.0; WOW64; Trident/4.0; GTB6; SLCC1; .NET CLR 2.0.50727; Media Center PC 5.0; .NET CLR 3.5.30729; .NET CLR 3.0.30618; .NET4.0C)"
20.144.126.37 - - [17/Nov/2017:08:32:00 +0000] "GET /category/garden HTTP/1.1" 200 135 "-" "Mozilla/4.0 (compatible; MSIE 8.0; Windows NT 6.1; WOW64; Trident/4.0; YTB730; GTB7.2; EasyBits GO v1.0; SLCC2; .NET CLR 2.0.50727; .NET CLR 3.5.30729; .NET CLR 3.0.30729; Media Center PC 6.0; .NET4.0C)"
200.207.132.97 - - [17/Nov/2017:08:32:05 +0000] "GET /item/office/2035 HTTP/1.1" 200 120 "-" "Mozilla/5.0 (Windows NT 6.0; rv:10.0.1) Gecko/20100101 Firefox/10.0.1"
84.207.145.22 - - [17/Nov/2017:08:32:10 +0000] "GET /category/software HTTP/1.1" 200 50 "/category/music" "Mozilla/4.0 (compatible; MSIE 8.0; Windows NT 6.1; WOW64; Trident/4.0; GTB7.2; SLCC2; .NET CLR 2.0.50727; .NET CLR 3.5.30729; .NET CLR 3.0.30729; Media Center PC 6.0; .NET4.0C)"
172.186.53.43 - - [17/Nov/2017:08:32:15 +0000] "GET /category/computers HTTP/1.1" 200 117 "-" "Mozilla/5.0 (Windows NT 6.1; WOW64; rv:10.0.1) Gecko/20100101 Firefox/10.0.1"
88.48.32.227 - - [17/Nov/2017:08:32:20 +0000] "GET /item/electronics/367 HTTP/1.1" 200 79 "/category/books" "Mozilla/4.0 (compatible; MSIE 8.0; Windows NT 6.1; WOW64; Trident/4.0; GTB7.2; SLCC2; .NET CLR 2.0.50727; .NET CLR 3.5.30729; .NET CLR 3.0.30729; Media Center PC 6.0; .NET4.0C)"
180.153.208.26 - - [17/Nov/2017:08:32:25 +0000] "GET /item/electronics/722 HTTP/1.1" 200 102 "/category/electronics" "Mozilla/5.0 (Windows NT 6.0) AppleWebKit/535.11 (KHTML, like Gecko) Chrome/17.0.963.56 Safari/535.11"
52.51.140.109 - - [17/Nov/2017:08:32:30 +0000] "GET /category/music HTTP/1.1" 200 138 "-" "Mozilla/5.0 (compatible; Googlebot/2.1; +http://www.google.com/bot.html)"
208.99.126.192 - - [17/Nov/2017:08:32:35 +0000] "GET /category/music HTTP/1.1" 200 82 "-" "Mozilla/4.0 (compatible; MSIE 8.0; Windows NT 6.1; WOW64; Trident/4.0; YTB730; GTB7.2; SLCC2; .NET CLR 2.0.50727; .NET CLR 3.5.30729; .NET CLR 3.0.30729; .NET4.0C; .NET4.0E; Media Center PC 6.0)"
204.99.132.70 - - [17/Nov/2017:08:32:40 +0000] "GET /category/toys HTTP/1.1" 200 41 "-" "Mozilla/5.0 (compatible; MSIE 9.0; Windows NT 6.1; Trident/5.0)"
28.129.94.208 - - [17/Nov/2017:08:32:45 +0000] "GET /category/electronics HTTP/1.1" 200 82 "-" "Mozilla/4.0 (compatible; MSIE 8.0; Windows NT 6.1; Trident/4.0; YTB730; SLCC2; .NET CLR 2.0.50727; .NET CLR 3.5.30729; .NET CLR 3.0.30729; Media Center PC 6.0; .NET4.0C)"
80.51.95.186 - - [17/Nov/2017:08:32:50 +0000] "GET /item/office/2904 HTTP/1.1" 200 59 "-" "Mozilla/4.0 (compatible; MSIE 8.0; Windows NT 6.0; WOW64; Trident/4.0; GTB6; SLCC1; .NET CLR 2.0.50727; Media Center PC 5.0; .NET CLR 3.5.30729; .NET CLR 3.0.30618; .NET4.0C)"
60.150.49.62 - - [17/Nov/2017:08:32:55 +0000] "GET /category/software HTTP/1.1" 200 72 "-" "Mozilla/5.0 (compatible; MSIE 9.0; Windows NT 6.1; WOW64; Trident/5.0)"
92.147.59.203 - - [17/Nov/2017:08:33:00 +0000] "GET /category/garden HTTP/1.1" 200 88 "-" "Mozilla/5.0 (Windows NT 6.0; rv:10.0.1) Gecko/20100101 Firefox/10.0.1"
108.150.20.229 - - [17/Nov/2017:08:33:05 +0000] "GET /item/giftcards/1476 HTTP/1.1" 200 113 "/category/toys" "Mozilla/5.0 (Windows NT 6.0; rv:10.0.1) Gecko/20100101 Firefox/10.0.1"
156.90.180.107 - - [17/Nov/2017:08:33:10 +0000] "GET /category/software HTTP/1.1" 200 92 "/item/electronics/4270" "Mozilla/5.0 (Windows NT 5.1) AppleWebKit/535.11 (KHTML, like Gecko) Chrome/17.0.963.46 Safari/535.11"
96.69.168.141 - - [17/Nov/2017:08:33:15 +0000] "POST /search/?c=Cameras+Finance HTTP/1.1" 200 49 "-" "Mozilla/4.0 (compatible; MSIE 8.0; Windows NT 6.0; WOW64; Trident/4.0; GTB6; SLCC1; .NET CLR 2.0.50727; Media Center PC 5.0; .NET CLR 3.5.30729; .NET CLR 3.0.30618; .NET4.0C)"
212.117.157.59 - - [17/Nov/2017:08:33:20 +0000] "GET /category/finance HTTP/1.1" 200 132 "-" "Mozilla/5.0 (Windows NT 6.0; rv:10.0.1) Gecko/20100101 Firefox/10.0.1"
208.54.69.174 - - [17/Nov/2017:08:33:25 +0000] "GET /item/finance/4688 HTTP/1.1" 200 96 "/category/software" "Mozilla/5.0 (Windows NT 6.1; WOW64; rv:10.0.1) Gecko/20100101 Firefox/10.0.1"
132.225.76.162 - - [17/Nov/2017:08:33:30 +0000] "GET /category/cameras?from=20 HTTP/1.1" 200 114 "/search/?c=Computers+Jewelry" "Mozilla/5.0 (compatible; MSIE 9.0; Windows NT 6.1; Trident/5.0)"
152.87.163.219 - - [17/Nov/2017:08:33:35 +0000] "GET /category/electronics HTTP/1.1" 200 138 "http://www.google.com/search?ie=UTF-8&q=google&sclient=psy-ab&q=Electronics+Computers&oq=Electronics+Computers&aq=f&aqi=g-vL1&aql=&pbx=1&bav=on.2,or.r_gc.r_pw.r_qf.,cf.osb&biw=1444&bih=256" "Mozilla/5.0 (Windows NT 6.0) AppleWebKit/535.11 (KHTML, like Gecko) Chrome/17.0.963.56 Safari/535.11"
148.42.153.163 - - [17/Nov/2017:08:33:40 +0000] "POST /search/?c=Networking+Networking HTTP/1.1" 200 50 "/category/electronics" "Mozilla/5.0 (Windows NT 6.0) AppleWebKit/535.11 (KHTML, like Gecko) Chrome/17.0.963.56 Safari/535.11"
216.222.35.46 - - [17/Nov/2017:08:33:45 +0000] "GET /item/toys/3509 HTTP/1.1" 200 89 "-" "Mozilla/5.0 (Windows NT 6.1; WOW64) AppleWebKit/535.7 (KHTML, like Gecko) Chrome/16.0.912.77 Safari/535.7"
196.225.171.61 - - [17/Nov/2017:08:33:50 +0000] "GET /item/electronics/3162 HTTP/1.1" 200 71 "/category/electronics" "Mozilla/4.0 (compatible; MSIE 8.0; Windows NT 6.1; WOW64; Trident/4.0; YTB730; GTB7.2; SLCC2; .NET CLR 2.0.50727; .NET CLR 3.5.30729; .NET CLR 3.0.30729; .NET4.0C; .NET4.0E; Media Center PC 6.0)"
168.159.181.20 - - [17/Nov/2017:08:33:55 +0000] "GET /item/music/2915 HTTP/1.1" 200 106 "-" "Mozilla/5.0 (iPhone; CPU iPhone OS 5_0_1 like Mac OS X) AppleWebKit/534.46 (KHTML, like Gecko) Version/5.1 Mobile/9A405 Safari/7534.48.3"
112.165.201.203 - - [17/Nov/2017:08:34:00 +0000] "POST /search/?c=Software HTTP/1.1" 200 102 "-" "Mozilla/4.0 (compatible; MSIE 8.0; Windows NT 5.1; Trident/4.0; YTB720; GTB7.2; .NET CLR 1.1.4322; .NET CLR 2.0.50727; .NET CLR 3.0.4506.2152; .NET CLR 3.5.30729)"
216.144.153.181 - - [17/Nov/2017:08:34:05 +0000] "GET /item/computers/1106 HTTP/1.1" 200 57 "/item/electronics/1095" "Mozilla/5.0 (Windows NT 6.1; WOW64) AppleWebKit/535.11 (KHTML, like Gecko) Chrome/17.0.963.56 Safari/535.11"
28.105.55.188 - - [17/Nov/2017:08:34:10 +0000] "GET /category/software?from=0 HTTP/1.1" 200 44 "-" "Mozilla/5.0 (Windows NT 6.0; rv:10.0.1) Gecko/20100101 Firefox/10.0.1"
28.45.145.192 - - [17/Nov/2017:08:34:15 +0000] "GET /category/networking?from=20 HTTP/1.1" 200 133 "/category/games" "Mozilla/4.0 (compatible; MSIE 8.0; Windows NT 5.1; Trident/4.0; BTRS122159; GTB7.2; .NET CLR 1.1.4322; .NET CLR 2.0.50727; .NET CLR 3.0.04506.30; .NET CLR 3.0.4506.2152; .NET CLR 3.5.30729; BRI/2)"
104.216.208.39 - - [17/Nov/2017:08:34:20 +0000] "GET /item/office/2855 HTTP/1.1" 200 52 "-" "Mozilla/5.0 (Windows NT 6.1; WOW64) AppleWebKit/535.11 (KHTML, like Gecko) Chrome/17.0.963.56 Safari/535.11"
224.207.157.219 - - [17/Nov/2017:08:34:25 +0000] "GET /item/music/532 HTTP/1.1" 200 43 "/category/electronics" "Mozilla/5.0 (iPad; CPU OS 5_0_1 like Mac OS X) AppleWebKit/534.46 (KHTML, like Gecko) Version/5.1 Mobile/9A405 Safari/7534.48.3"
96.180.146.219 - - [17/Nov/2017:08:34:30 +0000] "GET /item/giftcards/4757 HTTP/1.1" 200 102 "/category/giftcards" "Mozilla/5.0 (Windows NT 6.1; WOW64; rv:10.0.1) Gecko/20100101 Firefox/10.0.1"
60.72.43.103 - - [17/Nov/2017:08:34:35 +0000] "GET /category/finance HTTP/1.1" 200 91 "-" "Mozilla/5.0 (Windows NT 6.0; rv:10.0.1) Gecko/20100101 Firefox/10.0.1"
156.69.192.82 - - [17/Nov/2017:08:34:40 +0000] "GET /item/cameras/2299 HTTP/1.1" 200 64 "/category/jewelry" "Mozilla/4.0 (compatible; MSIE 8.0; Windows NT 6.1; WOW64; Trident/4.0; YTB730; GTB7.2; SLCC2; .NET CLR 2.0.50727; .NET CLR 3.5.30729; .NET CLR 3.0.30729; .NET4.0C; .NET4.0E; Media Center PC 6.0)"
176.45.198.120 - - [17/Nov/2017:08:34:45 +0000] "GET /item/electronics/2277 HTTP/1.1" 200 43 "http://www.google.com/search?ie=UTF-8&q=google&sclient=psy-ab&q=Electronics&oq=Electronics&aq=f&aqi=g-vL1&aql=&pbx=1&bav=on.2,or.r_gc.r_pw.r_qf.,cf.osb&biw=3599&bih=454" "Mozilla/5.0 (compatible; MSIE 9.0; Windows NT 6.1; WOW64; Trident/5.0)"
216.99.176.92 - - [17/Nov/2017:08:34:50 +0000] "GET /category/computers HTTP/1.1" 200 45 "/category/electronics" "Mozilla/5.0 (compatible; Googlebot/2.1; +http://www.google.com/bot.html)"
132.195.184.30 - - [17/Nov/2017:08:34:55 +0000] "GET /category/software HTTP/1.1" 200 128 "-" "Mozilla/5.0 (compatible; MSIE 9.0; Windows NT 6.1; Trident/5.0)"
128.123.38.119 - - [17/Nov/2017:08:35:00 +0000] "GET /item/garden/2971 HTTP/1.1" 200 116 "http://www.google.com/search?ie=UTF-8&q=google&sclient=psy-ab&q=Garden&oq=Garden&aq=f&aqi=g-vL1&aql=&pbx=1&bav=on.2,or.r_gc.r_pw.r_qf.,cf.osb&biw=2977&bih=332" "Mozilla/4.0 (compatible; MSIE 8.0; Windows NT 6.0; WOW64; Trident/4.0; GTB6; SLCC1; .NET CLR 2.0.50727; Media Center PC 5.0; .NET CLR 3.5.30729; .NET CLR 3.0.30618; .NET4.0C)"
120.171.185.176 - - [17/Nov/2017:08:35:05 +0000] "GET /item/electronics/261 HTTP/1.1" 200 70 "/item/electronics/3975" "Mozilla/5.0 (Windows NT 6.0; rv:10.0.1) Gecko/20100101 Firefox/10.0.1"
76.93.187.155 - - [17/Nov/2017:08:35:10 +0000] "GET /category/books HTTP/1.1" 200 49 "-" "Mozilla/5.0 (Windows NT 6.1; WOW64) AppleWebKit/535.11 (KHTML, like Gecko) Chrome/17.0.963.56 Safari/535.11"
144.213.38.93 - - [17/Nov/2017:08:35:15 +0000] "GET /category/books HTTP/1.1" 200 98 "-" "Mozilla/5.0 (Windows NT 6.1; WOW64) AppleWebKit/535.11 (KHTML, like Gecko) Chrome/17.0.963.56 Safari/535.11"
76.156.48.156 - - [17/Nov/2017:08:35:20 +0000] "GET /category/music HTTP/1.1" 200 56 "-" "Mozilla/5.0 (Windows NT 6.0; rv:10.0.1) Gecko/20100101 Firefox/10.0.1"
56.123.41.47 - - [17/Nov/2017:08:35:25 +0000] "GET /category/networking HTTP/1.1" 200 87 "/category/office" "Mozilla/5.0 (compatible; MSIE 9.0; Windows NT 6.1; WOW64; Trident/5.0)"
44.123.149.113 - - [17/Nov/2017:08:35:30 +0000] "GET /category/jewelry HTTP/1.1" 200 138 "-" "Mozilla/5.0 (Macintosh; Intel Mac OS X 10.6; rv:9.0.1) Gecko/20100101 Firefox/9.0.1"
72.114.161.169 - - [17/Nov/2017:08:35:35 +0000] "POST /search/?c=Books HTTP/1.1" 200 114 "-" "Mozilla/5.0 (Windows NT 6.0) AppleWebKit/535.11 (KHTML, like Gecko) Chrome/17.0.963.56 Safari/535.11"
36.183.156.215 - - [17/Nov/2017:08:35:40 +0000] "GET /category/jewelry HTTP/1.1" 200 118 "-" "Mozilla/5.0 (Windows NT 6.0; rv:10.0.1) Gecko/20100101 Firefox/10.0.1"
136.108.176.209 - - [17/Nov/2017:08:35:45 +0000] "GET /category/sports HTTP/1.1" 200 57 "/category/jewelry" "Mozilla/5.0 (Windows NT 6.1; WOW64; rv:10.0.1) Gecko/20100101 Firefox/10.0.1"
228.210.130.193 - - [17/Nov/2017:08:35:50 +0000] "GET /category/games HTTP/1.1" 200 135 "/search/?c=Networking" "Mozilla/5.0 (Windows NT 6.0; rv:10.0.1) Gecko/20100101 Firefox/10.0.1"
36.219.69.202 - - [17/Nov/2017:08:35:55 +0000] "GET /item/electronics/2990 HTTP/1.1" 200 69 "/category/health" "Mozilla/5.0 (compatible; Googlebot/2.1; +http://www.google.com/bot.html)"
152.207.187.181 - - [17/Nov/2017:08:36:00 +0000] "GET /category/software HTTP/1.1" 200 125 "-" "Mozilla/4.0 (compatible; MSIE 8.0; Windows NT 6.1; WOW64; Trident/4.0; YTB730; GTB7.2; SLCC2; .NET CLR 2.0.50727; .NET CLR 3.5.30729; .NET CLR 3.0.30729; .NET4.0C; .NET4.0E; Media Center PC 6.0)"
36.183.156.215 - - [17/Nov/2017:08:36:05 +0000] "GET /item/software/1831 HTTP/1.1" 200 69 "http://www.google.com/search?ie=UTF-8&q=google&sclient=psy-ab&q=Software&oq=Software&aq=f&aqi=g-vL1&aql=&pbx=1&bav=on.2,or.r_gc.r_pw.r_qf.,cf.osb&biw=4573&bih=571" "Mozilla/4.0 (compatible; MSIE 8.0; Windows NT 6.0; WOW64; Trident/4.0; GTB6; SLCC1; .NET CLR 2.0.50727; Media Center PC 5.0; .NET CLR 3.5.30729; .NET CLR 3.0.30618; .NET4.0C)"
92.144.202.140 - - [17/Nov/2017:08:36:10 +0000] "GET /category/games?from=20 HTTP/1.1" 200 101 "/category/games?from=20" "Mozilla/4.0 (compatible; MSIE 8.0; Windows NT 6.0; WOW64; Trident/4.0; GTB6; SLCC1; .NET CLR 2.0.50727; Media Center PC 5.0; .NET CLR 3.5.30729; .NET CLR 3.0.30618; .NET4.0C)"
128.39.75.36 - - [17/Nov/2017:08:36:15 +0000] "POST /search/?c=Software+Electronics HTTP/1.1" 200 99 "-" "Mozilla/5.0 (Macintosh; Intel Mac OS X 10.6; rv:9.0.1) Gecko/20100101 Firefox/9.0.1"
80.39.121.152 - - [17/Nov/2017:08:36:20 +0000] "GET /category/cameras?from=20 HTTP/1.1" 200 63 "/search/?c=Cameras" "Mozilla/5.0 (Macintosh; Intel Mac OS X 10.6; rv:9.0.1) Gecko/20100101 Firefox/9.0.1"
212.225.203.50 - - [17/Nov/2017:08:36:25 +0000] "POST /search/?c=Electronics+Garden HTTP/1.1" 200 104 "/category/jewelry" "Mozilla/5.0 (compatible; MSIE 9.0; Windows NT 6.1; WOW64; Trident/5.0)"
128.213.155.67 - - [17/Nov/2017:08:36:30 +0000] "GET /category/music HTTP/1.1" 200 138 "-" "Mozilla/5.0 (Windows NT 6.1; WOW64) AppleWebKit/535.7 (KHTML, like Gecko) Chrome/16.0.912.77 Safari/535.7"
100.195.21.152 - - [17/Nov/2017:08:36:35 +0000] "GET /category/cameras HTTP/1.1" 200 109 "-" "Mozilla/5.0 (Windows NT 5.1) AppleWebKit/535.11 (KHTML, like Gecko) Chrome/17.0.963.46 Safari/535.11"
160.129.152.167 - - [17/Nov/2017:08:36:40 +0000] "GET /category/computers HTTP/1.1" 200 77 "/category/electronics" "Mozilla/5.0 (Windows NT 6.1; WOW64; rv:10.0.1) Gecko/20100101 Firefox/10.0.1"
88.132.208.162 - - [17/Nov/2017:08:36:45 +0000] "GET /category/jewelry HTTP/1.1" 200 78 "/item/software/1594" "Mozilla/4.0 (compatible; MSIE 8.0; Windows NT 6.1; WOW64; Trident/4.0; YTB730; GTB7.2; SLCC2; .NET CLR 2.0.50727; .NET CLR 3.5.30729; .NET CLR 3.0.30729; .NET4.0C; .NET4.0E; Media Center PC 6.0)"
32.30.60.100 - - [17/Nov/2017:08:36:50 +0000] "POST /search/?c=Electronics+Garden HTTP/1.1" 200 118 "/category/electronics" "Mozilla/5.0 (Windows NT 6.1; WOW64; rv:10.0.1) Gecko/20100101 Firefox/10.0.1"
92.117.27.32 - - [17/Nov/2017:08:36:55 +0000] "GET /category/software HTTP/1.1" 200 127 "-" "Mozilla/5.0 (compatible; MSIE 9.0; Windows NT 6.1; WOW64; Trident/5.0)"
192.90.171.212 - - [17/Nov/2017:08:37:00 +0000] "POST /search/?c=Giftcards+Games HTTP/1.1" 200 116 "-" "Mozilla/5.0 (Windows NT 6.0) AppleWebKit/535.11 (KHTML, like Gecko) Chrome/17.0.963.56 Safari/535.11"
116.36.140.116 - - [17/Nov/2017:08:37:05 +0000] "GET /item/electronics/2825 HTTP/1.1" 200 108 "/item/books/4078" "Mozilla/4.0 (compatible; MSIE 8.0; Windows NT 6.0; WOW64; Trident/4.0; GTB6; SLCC1; .NET CLR 2.0.50727; Media Center PC 5.0; .NET CLR 3.5.30729; .NET CLR 3.0.30618; .NET4.0C)"
152.120.32.93 - - [17/Nov/2017:08:37:10 +0000] "GET /category/jewelry HTTP/1.1" 200 80 "/category/jewelry" "Mozilla/4.0 (compatible; MSIE 8.0; Windows NT 6.1; Trident/4.0; YTB730; SLCC2; .NET CLR 2.0.50727; .NET CLR 3.5.30729; .NET CLR 3.0.30729; Media Center PC 6.0; .NET4.0C)"
48.39.50.112 - - [17/Nov/2017:08:37:15 +0000] "GET /category/music HTTP/1.1" 200 53 "-" "Mozilla/4.0 (compatible; MSIE 8.0; Windows NT 6.1; WOW64; Trident/4.0; YTB730; GTB7.2; EasyBits GO v1.0; SLCC2; .NET CLR 2.0.50727; .NET CLR 3.5.30729; .NET CLR 3.0.30729; Media Center PC 6.0; .NET4.0C)"
220.123.112.58 - - [17/Nov/2017:08:37:20 +0000] "GET /item/books/180 HTTP/1.1" 200 126 "-" "Mozilla/5.0 (compatible; MSIE 9.0; Windows NT 6.1; Trident/5.0)"
80.69.198.127 - - [17/Nov/2017:08:37:25 +0000] "GET /category/computers HTTP/1.1" 200 131 "-" "Mozilla/5.0 (Macintosh; Intel Mac OS X 10.6; rv:9.0.1) Gecko/20100101 Firefox/9.0.1"
68.210.170.88 - - [17/Nov/2017:08:37:30 +0000] "GET /category/games HTTP/1.1" 200 101 "-" "Mozilla/5.0 (compatible; Googlebot/2.1; +http://www.google.com/bot.html)"
108.225.225.104 - - [17/Nov/2017:08:37:35 +0000] "GET /category/books HTTP/1.1" 200 65 "-" "Mozilla/5.0 (Macintosh; Intel Mac OS X 10.6; rv:9.0.1) Gecko/20100101 Firefox/9.0.1"
144.99.170.128 - - [17/Nov/2017:08:37:40 +0000] "GET /category/toys HTTP/1.1" 200 120 "/category/electronics" "Mozilla/5.0 (compatible; Googlebot/2.1; +http://www.google.com/bot.html)"
160.78.146.93 - - [17/Nov/2017:08:37:45 +0000] "GET /item/giftcards/1901 HTTP/1.1" 200 63 "/item/games/4604" "Mozilla/5.0 (compatible; Googlebot/2.1; +http://www.google.com/bot.html)"
144.51.141.192 - - [17/Nov/2017:08:37:50 +0000] "GET /category/health?from=10 HTTP/1.1" 200 124 "/category/electronics" "Mozilla/5.0 (Macintosh; Intel Mac OS X 10.6; rv:9.0.1) Gecko/20100101 Firefox/9.0.1"
64.219.70.102 - - [17/Nov/2017:08:37:55 +0000] "POST /search/?c=Electronics HTTP/1.1" 200 101 "-" "Mozilla/5.0 (compatible; MSIE 9.0; Windows NT 6.1; WOW64; Trident/5.0)"
92.99.34.90 - - [17/Nov/2017:08:38:00 +0000] "POST /search/?c=Books+Networking HTTP/1.1" 200 82 "/item/books/1869" "Mozilla/4.0 (compatible; MSIE 8.0; Windows NT 6.1; WOW64; Trident/4.0; GTB7.2; SLCC2; .NET CLR 2.0.50727; .NET CLR 3.5.30729; .NET CLR 3.0.30729; Media Center PC 6.0; .NET4.0C)"
80.144.46.167 - - [17/Nov/2017:08:38:05 +0000] "GET /item/software/3961 HTTP/1.1" 200 86 "/category/computers" "Mozilla/5.0 (compatible; MSIE 9.0; Windows NT 6.1; WOW64; Trident/5.0)"
184.189.139.105 - - [17/Nov/2017:08:38:10 +0000] "GET /item/networking/67 HTTP/1.1" 200 52 "-" "Mozilla/5.0 (compatible; Googlebot/2.1; +http://www.google.com/bot.html)"
220.165.214.67 - - [17/Nov/2017:08:38:15 +0000] "GET /item/electronics/2805 HTTP/1.1" 200 55 "/search/?c=Electronics" "Mozilla/5.0 (compatible; MSIE 9.0; Windows NT 6.1; WOW64; Trident/5.0)"
60.81.144.143 - - [17/Nov/2017:08:38:20 +0000] "GET /item/software/880 HTTP/1.1" 200 138 "/category/electronics" "Mozilla/4.0 (compatible; MSIE 8.0; Windows NT 6.1; WOW64; Trident/4.0; GTB7.2; SLCC2; .NET CLR 2.0.50727; .NET CLR 3.5.30729; .NET CLR 3.0.30729; Media Center PC 6.0; .NET4.0C)"
220.126.137.81 - - [17/Nov/2017:08:38:25 +0000] "GET /category/books HTTP/1.1" 200 94 "-" "Mozilla/5.0 (Macintosh; Intel Mac OS X 10.6; rv:9.0.1) Gecko/20100101 Firefox/9.0.1"
160.177.26.162 - - [17/Nov/2017:08:38:30 +0000] "GET /category/cameras HTTP/1.1" 200 69 "/item/electronics/3036" "Mozilla/4.0 (compatible; MSIE 8.0; Windows NT 6.1; WOW64; Trident/4.0; YTB730; GTB7.2; EasyBits GO v1.0; SLCC2; .NET CLR 2.0.50727; .NET CLR 3.5.30729; .NET CLR 3.0.30729; Media Center PC 6.0; .NET4.0C)"
212.219.108.195 - - [17/Nov/2017:08:38:35 +0000] "GET /category/health HTTP/1.1" 200 118 "-" "Mozilla/4.0 (compatible; MSIE 8.0; Windows NT 5.1; Trident/4.0; BTRS122159; GTB7.2; .NET CLR 1.1.4322; .NET CLR 2.0.50727; .NET CLR 3.0.04506.30; .NET CLR 3.0.4506.2152; .NET CLR 3.5.30729; BRI/2)"
200.195.153.115 - - [17/Nov/2017:08:38:40 +0000] "GET /item/garden/3051 HTTP/1.1" 200 40 "/category/electronics" "Mozilla/5.0 (Windows NT 6.1; WOW64) AppleWebKit/535.7 (KHTML, like Gecko) Chrome/16.0.912.77 Safari/535.7"
192.228.50.109 - - [17/Nov/2017:08:38:45 +0000] "GET /category/games HTTP/1.1" 200 86 "-" "Mozilla/5.0 (iPad; CPU OS 5_0_1 like Mac OS X) AppleWebKit/534.46 (KHTML, like Gecko) Version/5.1 Mobile/9A405 Safari/7534.48.3"
184.210.167.77 - - [17/Nov/2017:08:38:50 +0000] "GET /item/office/278 HTTP/1.1" 200 108 "/category/office" "Mozilla/5.0 (Windows NT 6.0; rv:10.0.1) Gecko/20100101 Firefox/10.0.1"
104.54.191.185 - - [17/Nov/2017:08:38:55 +0000] "GET /category/garden?from=20 HTTP/1.1" 200 69 "/item/computers/512" "Mozilla/5.0 (Windows NT 6.0; rv:10.0.1) Gecko/20100101 Firefox/10.0.1"
188.198.226.23 - - [17/Nov/2017:08:39:00 +0000] "POST /search/?c=Electronics HTTP/1.1" 200 99 "-" "Mozilla/5.0 (Windows NT 6.0; rv:10.0.1) Gecko/20100101 Firefox/10.0.1"
44.165.199.141 - - [17/Nov/2017:08:39:05 +0000] "GET /category/jewelry HTTP/1.1" 200 118 "-" "Mozilla/5.0 (Windows NT 5.1) AppleWebKit/535.11 (KHTML, like Gecko) Chrome/17.0.963.46 Safari/535.11"
56.195.124.151 - - [17/Nov/2017:08:39:10 +0000] "POST /search/?c=Jewelry+Games HTTP/1.1" 200 129 "/search/?c=Software+Software" "Mozilla/5.0 (Windows NT 6.0; rv:10.0.1) Gecko/20100101 Firefox/10.0.1"
72.165.89.172 - - [17/Nov/2017:08:39:15 +0000] "GET /category/networking HTTP/1.1" 200 65 "/item/electronics/3940" "Mozilla/4.0 (compatible; MSIE 8.0; Windows NT 6.1; Trident/4.0; YTB730; SLCC2; .NET CLR 2.0.50727; .NET CLR 3.5.30729; .NET CLR 3.0.30729; Media Center PC 6.0; .NET4.0C)"
64.108.210.186 - - [17/Nov/2017:08:39:20 +0000] "GET /category/books HTTP/1.1" 200 49 "/item/computers/809" "Mozilla/4.0 (compatible; MSIE 8.0; Windows NT 5.1; Trident/4.0; YTB720; GTB7.2; .NET CLR 1.1.4322; .NET CLR 2.0.50727; .NET CLR 3.0.4506.2152; .NET CLR 3.5.30729)"
36.138.203.140 - - [17/Nov/2017:08:39:25 +0000] "GET /item/games/3254 HTTP/1.1" 200 41 "/category/garden" "Mozilla/5.0 (Windows NT 6.0; rv:10.0.1) Gecko/20100101 Firefox/10.0.1"
132.111.91.221 - - [17/Nov/2017:08:39:30 +0000] "POST /search/?c=Software HTTP/1.1" 200 50 "/item/sports/3881" "Mozilla/5.0 (Windows NT 6.1; WOW64) AppleWebKit/535.7 (KHTML, like Gecko) Chrome/16.0.912.77 Safari/535.7"
196.186.196.93 - - [17/Nov/2017:08:39:35 +0000] "GET /category/cameras HTTP/1.1" 200 99 "/item/finance/3737" "Mozilla/5.0 (Windows NT 6.0) AppleWebKit/535.11 (KHTML, like Gecko) Chrome/17.0.963.56 Safari/535.11"
220.81.172.204 - - [17/Nov/2017:08:39:40 +0000] "GET /item/jewelry/4114 HTTP/1.1" 404 139 "/search/?c=Jewelry" "Mozilla/5.0 (compatible; MSIE 9.0; Windows NT 6.1; WOW64; Trident/5.0)"
220.153.74.79 - - [17/Nov/2017:08:39:45 +0000] "GET /category/office HTTP/1.1" 200 127 "-" "Mozilla/5.0 (compatible; MSIE 9.0; Windows NT 6.1; WOW64; Trident/5.0)"
188.198.226.23 - - [17/Nov/2017:08:39:50 +0000] "GET /item/books/4322 HTTP/1.1" 200 44 "/search/?c=Books+Books" "Mozilla/5.0 (Windows NT 6.0; rv:10.0.1) Gecko/20100101 Firefox/10.0.1"
140.78.40.160 - - [17/Nov/2017:08:39:55 +0000] "GET /item/games/2268 HTTP/1.1" 200 100 "-" "Mozilla/4.0 (compatible; MSIE 8.0; Windows NT 6.0; WOW64; Trident/4.0; GTB6; SLCC1; .NET CLR 2.0.50727; Media Center PC 5.0; .NET CLR 3.5.30729; .NET CLR 3.0.30618; .NET4.0C)"
176.180.122.216 - - [17/Nov/2017:08:40:00 +0000] "GET /item/electronics/3271 HTTP/1.1" 200 138 "/category/health" "Mozilla/5.0 (Windows NT 6.0) AppleWebKit/535.11 (KHTML, like Gecko) Chrome/17.0.963.56 Safari/535.11"
96.159.160.163 - - [17/Nov/2017:08:40:05 +0000] "GET /category/games HTTP/1.1" 200 83 "/category/software" "Mozilla/5.0 (Windows NT 6.1; WOW64; rv:10.0.1) Gecko/20100101 Firefox/10.0.1"
80.123.121.100 - - [17/Nov/2017:08:40:10 +0000] "GET /category/books?from=0 HTTP/1.1" 200 74 "-" "Mozilla/5.0 (Macintosh; Intel Mac OS X 10.6; rv:9.0.1) Gecko/20100101 Firefox/9.0.1"
56.51.48.185 - - [17/Nov/2017:08:40:15 +0000] "GET /category/garden HTTP/1.1" 200 138 "http://www.google.com/search?ie=UTF-8&q=google&sclient=psy-ab&q=Garden&oq=Garden&aq=f&aqi=g-vL1&aql=&pbx=1&bav=on.2,or.r_gc.r_pw.r_qf.,cf.osb&biw=1465&bih=213" "Mozilla/5.0 (Windows NT 6.0; rv:10.0.1) Gecko/20100101 Firefox/10.0.1"
44.198.64.135 - - [17/Nov/2017:08:40:20 +0000] "GET /category/finance HTTP/1.1" 200 71 "/item/software/1527" "Mozilla/5.0 (Windows NT 6.1; WOW64; rv:10.0.1) Gecko/20100101 Firefox/10.0.1"
212.75.227.45 - - [17/Nov/2017:08:40:25 +0000] "GET /category/toys HTTP/1.1" 200 126 "-" "Mozilla/5.0 (compatible; Googlebot/2.1; +http://www.google.com/bot.html)"
112.60.139.35 - - [17/Nov/2017:08:40:30 +0000] "GET /category/software?from=0 HTTP/1.1" 200 91 "/category/toys" "Mozilla/5.0 (Windows NT 6.1; WOW64) AppleWebKit/535.11 (KHTML, like Gecko) Chrome/17.0.963.56 Safari/535.11"
176.63.110.119 - - [17/Nov/2017:08:40:35 +0000] "GET /item/electronics/4270 HTTP/1.1" 200 118 "-" "Mozilla/5.0 (Windows NT 6.1; WOW64) AppleWebKit/535.7 (KHTML, like Gecko) Chrome/16.0.912.77 Safari/535.7"
224.78.220.39 - - [17/Nov/2017:08:40:40 +0000] "GET /category/cameras HTTP/1.1" 200 99 "-" "Mozilla/5.0 (compatible; MSIE 9.0; Windows NT 6.1; WOW64; Trident/5.0)"
20.120.111.64 - - [17/Nov/2017:08:40:45 +0000] "GET /category/music HTTP/1.1" 200 138 "-" "Mozilla/4.0 (compatible; MSIE 8.0; Windows NT 6.1; WOW64; Trident/4.0; GTB7.2; SLCC2; .NET CLR 2.0.50727; .NET CLR 3.5.30729; .NET CLR 3.0.30729; Media Center PC 6.0; .NET4.0C)"
116.198.83.162 - - [17/Nov/2017:08:40:50 +0000] "GET /category/software HTTP/1.1" 200 43 "-" "Mozilla/5.0 (compatible; MSIE 9.0; Windows NT 6.1; WOW64; Trident/5.0)"
64.72.99.80 - - [17/Nov/2017:08:40:55 +0000] "GET /category/music HTTP/1.1" 200 56 "-" "Mozilla/5.0 (Windows NT 6.0; rv:10.0.1) Gecko/20100101 Firefox/10.0.1"
96.99.84.183 - - [17/Nov/2017:08:41:00 +0000] "GET /category/software HTTP/1.1" 200 86 "-" "Mozilla/5.0 (Windows NT 6.1; WOW64) AppleWebKit/535.11 (KHTML, like Gecko) Chrome/17.0.963.56 Safari/535.11"
184.57.80.221 - - [17/Nov/2017:08:41:05 +0000] "POST /search/?c=Books+Finance HTTP/1.1" 200 93 "-" "Mozilla/5.0 (compatible; MSIE 9.0; Windows NT 6.1; WOW64; Trident/5.0)"
224.150.137.59 - - [17/Nov/2017:08:41:10 +0000] "GET /item/games/3491 HTTP/1.1" 200 100 "-" "Mozilla/5.0 (iPad; CPU OS 5_0_1 like Mac OS X) AppleWebKit/534.46 (KHTML, like Gecko) Version/5.1 Mobile/9A405 Safari/7534.48.3"
176.39.95.81 - - [17/Nov/2017:08:41:15 +0000] "GET /item/software/2629 HTTP/1.1" 200 61 "/category/software" "Mozilla/5.0 (compatible; MSIE 9.0; Windows NT 6.1; Trident/5.0)"
144.78.204.148 - - [17/Nov/2017:08:41:20 +0000] "GET /item/music/4004 HTTP/1.1" 200 64 "/search/?c=Books+Finance" "Mozilla/5.0 (Windows NT 6.0; rv:10.0.1) Gecko/20100101 Firefox/10.0.1"
224.207.157.219 - - [17/Nov/2017:08:41:25 +0000] "GET /item/games/3868 HTTP/1.1" 200 98 "/category/garden?from=0" "Mozilla/5.0 (Windows NT 6.0; rv:10.0.1) Gecko/20100101 Firefox/10.0.1"
72.138.197.227 - - [17/Nov/2017:08:41:30 +0000] "GET /category/games HTTP/1.1" 200 77 "/category/software" "Mozilla/4.0 (compatible; MSIE 8.0; Windows NT 5.1; Trident/4.0; YTB720; GTB7.2; .NET CLR 1.1.4322; .NET CLR 2.0.50727; .NET CLR 3.0.4506.2152; .NET CLR 3.5.30729)"
188.66.87.61 - - [17/Nov/2017:08:41:35 +0000] "GET /item/books/2829 HTTP/1.1" 200 80 "/search/?c=Books" "Mozilla/5.0 (Windows NT 6.1; WOW64; rv:10.0.1) Gecko/20100101 Firefox/10.0.1"
188.117.206.31 - - [17/Nov/2017:08:41:40 +0000] "GET /category/software HTTP/1.1" 200 95 "http://www.google.com/search?ie=UTF-8&q=google&sclient=psy-ab&q=Software+Electronics&oq=Software+Electronics&aq=f&aqi=g-vL1&aql=&pbx=1&bav=on.2,or.r_gc.r_pw.r_qf.,cf.osb&biw=2220&bih=339" "Mozilla/5.0 (Windows NT 6.1; WOW64; rv:10.0.1) Gecko/20100101 Firefox/10.0.1"
88.57.117.104 - - [17/Nov/2017:08:41:45 +0000] "GET /category/finance HTTP/1.1" 200 49 "http://www.google.com/search?ie=UTF-8&q=google&sclient=psy-ab&q=Finance+Networking&oq=Finance+Networking&aq=f&aqi=g-vL1&aql=&pbx=1&bav=on.2,or.r_gc.r_pw.r_qf.,cf.osb&biw=2541&bih=235" "Mozilla/5.0 (Macintosh; Intel Mac OS X 10.6; rv:9.0.1) Gecko/20100101 Firefox/9.0.1"
156.132.137.129 - - [17/Nov/2017:08:41:50 +0000] "GET /category/toys HTTP/1.1" 200 132 "-" "Mozilla/4.0 (compatible; MSIE 8.0; Windows NT 6.1; WOW64; Trident/4.0; YTB730; GTB7.2; EasyBits GO v1.0; SLCC2; .NET CLR 2.0.50727; .NET CLR 3.5.30729; .NET CLR 3.0.30729; Media Center PC 6.0; .NET4.0C)"
48.84.25.228 - - [17/Nov/2017:08:41:55 +0000] "GET /category/giftcards HTTP/1.1" 200 126 "-" "Mozilla/5.0 (Windows NT 6.0) AppleWebKit/535.11 (KHTML, like Gecko) Chrome/17.0.963.56 Safari/535.11"
60.192.196.122 - - [17/Nov/2017:08:42:00 +0000] "GET /category/books HTTP/1.1" 200 125 "-" "Mozilla/5.0 (Windows NT 6.0) AppleWebKit/535.11 (KHTML, like Gecko) Chrome/17.0.963.56 Safari/535.11"
20.120.111.64 - - [17/Nov/2017:08:42:05 +0000] "GET /category/software HTTP/1.1" 200 72 "-" "Mozilla/5.0 (compatible; MSIE 9.0; Windows NT 6.1; WOW64; Trident/5.0)"
168.108.171.195 - - [17/Nov/2017:08:42:10 +0000] "GET /item/toys/3509 HTTP/1.1" 200 89 "/item/electronics/261" "Mozilla/5.0 (Windows NT 6.0; rv:10.0.1) Gecko/20100101 Firefox/10.0.1"
112.57.196.125 - - [17/Nov/2017:08:42:15 +0000] "GET /category/office HTTP/1.1" 200 132 "/category/office?from=0" "Mozilla/5.0 (Windows NT 6.1; WOW64) AppleWebKit/535.7 (KHTML, like Gecko) Chrome/16.0.912.77 Safari/535.7"
92.57.122.229 - - [17/Nov/2017:08:42:20 +0000] "GET /category/music HTTP/1.1" 200 84 "/item/software/4680" "Mozilla/5.0 (Windows NT 6.1; WOW64; rv:10.0.1) Gecko/20100101 Firefox/10.0.1"
208.180.75.49 - - [17/Nov/2017:08:42:25 +0000] "GET /item/cameras/3320 HTTP/1.1" 200 109 "/category/cameras" "Mozilla/5.0 (Windows NT 6.0; rv:10.0.1) Gecko/20100101 Firefox/10.0.1"
108.78.86.154 - - [17/Nov/2017:08:42:30 +0000] "GET /category/electronics HTTP/1.1" 200 57 "/category/software" "Mozilla/5.0 (compatible; MSIE 9.0; Windows NT 6.1; Trident/5.0)"
112.18.198.226 - - [17/Nov/2017:08:42:35 +0000] "POST /search/?c=Giftcards+Music HTTP/1.1" 200 118 "-" "Mozilla/5.0 (Windows NT 6.0; rv:10.0.1) Gecko/20100101 Firefox/10.0.1"
116.60.31.130 - - [17/Nov/2017:08:42:40 +0000] "GET /category/software HTTP/1.1" 200 123 "/category/electronics" "Mozilla/4.0 (compatible; MSIE 8.0; Windows NT 6.1; Trident/4.0; YTB730; SLCC2; .NET CLR 2.0.50727; .NET CLR 3.5.30729; .NET CLR 3.0.30729; Media Center PC 6.0; .NET4.0C)"
192.213.228.212 - - [17/Nov/2017:08:42:45 +0000] "GET /category/software?from=0 HTTP/1.1" 200 77 "-" "Mozilla/5.0 (Macintosh; Intel Mac OS X 10.6; rv:9.0.1) Gecko/20100101 Firefox/9.0.1"
168.195.25.139 - - [17/Nov/2017:08:42:50 +0000] "GET /item/games/3422 HTTP/1.1" 200 88 "/category/games" "Mozilla/5.0 (Macintosh; Intel Mac OS X 10.6; rv:9.0.1) Gecko/20100101 Firefox/9.0.1"
176.84.117.57 - - [17/Nov/2017:08:42:55 +0000] "GET /item/garden/3051 HTTP/1.1" 200 40 "/search/?c=Garden+Music" "Mozilla/4.0 (compatible; MSIE 8.0; Windows NT 5.1; Trident/4.0; YTB720; GTB7.2; .NET CLR 1.1.4322; .NET CLR 2.0.50727; .NET CLR 3.0.4506.2152; .NET CLR 3.5.30729)"
92.120.192.181 - - [17/Nov/2017:08:43:00 +0000] "GET /category/music HTTP/1.1" 200 51 "/category/electronics" "Mozilla/5.0 (Windows NT 6.1; WOW64; rv:10.0.1) Gecko/20100101 Firefox/10.0.1"
196.168.130.146 - - [17/Nov/2017:08:43:05 +0000] "GET /category/software HTTP/1.1" 200 87 "-" "Mozilla/5.0 (compatible; MSIE 9.0; Windows NT 6.1; WOW64; Trident/5.0)"
56.180.108.75 - - [17/Nov/2017:08:43:10 +0000] "GET /category/software HTTP/1.1" 200 116 "/item/games/2779" "Mozilla/5.0 (iPad; CPU OS 5_0_1 like Mac OS X) AppleWebKit/534.46 (KHTML, like Gecko) Version/5.1 Mobile/9A405 Safari/7534.48.3"
164.126.158.215 - - [17/Nov/2017:08:43:15 +0000] "GET /item/electronics/2374 HTTP/1.1" 200 96 "/item/garden/4648" "Mozilla/5.0 (iPhone; CPU iPhone OS 5_0_1 like Mac OS X) AppleWebKit/534.46 (KHTML, like Gecko) Version/5.1 Mobile/9A405 Safari/7534.48.3"
112.33.59.25 - - [17/Nov/2017:08:43:20 +0000] "GET /category/music HTTP/1.1" 200 44 "-" "Mozilla/5.0 (Windows NT 6.1; WOW64) AppleWebKit/535.11 (KHTML, like Gecko) Chrome/17.0.963.56 Safari/535.11"
156.198.60.199 - - [17/Nov/2017:08:43:25 +0000] "GET /category/electronics?from=0 HTTP/1.1" 200 40 "/category/electronics" "Mozilla/5.0 (compatible; MSIE 9.0; Windows NT 6.1; Trident/5.0)"
112.105.131.47 - - [17/Nov/2017:08:43:30 +0000] "GET /category/electronics HTTP/1.1" 200 44 "-" "Mozilla/4.0 (compatible; MSIE 8.0; Windows NT 5.1; Trident/4.0; BTRS122159; GTB7.2; .NET CLR 1.1.4322; .NET CLR 2.0.50727; .NET CLR 3.0.04506.30; .NET CLR 3.0.4506.2152; .NET CLR 3.5.30729; BRI/2)"
148.102.155.163 - - [17/Nov/2017:08:43:35 +0000] "GET /item/games/4819 HTTP/1.1" 200 115 "/item/electronics/3377" "Mozilla/5.0 (Windows NT 6.0; rv:10.0.1) Gecko/20100101 Firefox/10.0.1"
128.123.134.69 - - [17/Nov/2017:08:43:40 +0000] "GET /item/software/1831 HTTP/1.1" 200 69 "/item/electronics/3224" "Mozilla/5.0 (compatible; MSIE 9.0; Windows NT 6.1; Trident/5.0)"
72.39.200.100 - - [17/Nov/2017:08:43:45 +0000] "GET /item/giftcards/119 HTTP/1.1" 200 93 "/item/games/743" "Mozilla/5.0 (Windows NT 6.0; rv:10.0.1) Gecko/20100101 Firefox/10.0.1"
84.108.138.186 - - [17/Nov/2017:08:43:50 +0000] "GET /category/electronics HTTP/1.1" 200 103 "-" "Mozilla/4.0 (compatible; MSIE 8.0; Windows NT 6.0; WOW64; Trident/4.0; GTB6; SLCC1; .NET CLR 2.0.50727; Media Center PC 5.0; .NET CLR 3.5.30729; .NET CLR 3.0.30618; .NET4.0C)"
124.192.214.79 - - [17/Nov/2017:08:43:55 +0000] "GET /item/sports/4622 HTTP/1.1" 200 109 "/category/jewelry" "Mozilla/5.0 (Windows NT 6.1; WOW64) AppleWebKit/535.11 (KHTML, like Gecko) Chrome/17.0.963.56 Safari/535.11"
92.186.177.75 - - [17/Nov/2017:08:44:00 +0000] "GET /item/garden/4383 HTTP/1.1" 200 95 "/search/?c=Books" "Mozilla/5.0 (compatible; Googlebot/2.1; +http://www.google.com/bot.html)"
176.141.46.22 - - [17/Nov/2017:08:44:05 +0000] "GET /item/software/2629 HTTP/1.1" 200 61 "-" "Mozilla/5.0 (iPad; CPU OS 5_0_1 like Mac OS X) AppleWebKit/534.46 (KHTML, like Gecko) Version/5.1 Mobile/9A405 Safari/7534.48.3"
40.21.219.95 - - [17/Nov/2017:08:44:10 +0000] "GET /item/jewelry/2479 HTTP/1.1" 200 126 "http://www.google.com/search?ie=UTF-8&q=google&sclient=psy-ab&q=Jewelry&oq=Jewelry&aq=f&aqi=g-vL1&aql=&pbx=1&bav=on.2,or.r_gc.r_pw.r_qf.,cf.osb&biw=896&bih=28" "Mozilla/5.0 (Windows NT 6.0) AppleWebKit/535.11 (KHTML, like Gecko) Chrome/17.0.963.56 Safari/535.11"
216.108.51.187 - - [17/Nov/2017:08:44:15 +0000] "GET /category/office HTTP/1.1" 200 88 "-" "Mozilla/4.0 (compatible; MSIE 8.0; Windows NT 5.1; Trident/4.0; BTRS122159; GTB7.2; .NET CLR 1.1.4322; .NET CLR 2.0.50727; .NET CLR 3.0.04506.30; .NET CLR 3.0.4506.2152; .NET CLR 3.5.30729; BRI/2)"
60.225.108.28 - - [17/Nov/2017:08:44:20 +0000] "GET /category/electronics HTTP/1.1" 200 95 "-" "Mozilla/5.0 (compatible; MSIE 9.0; Windows NT 6.1; WOW64; Trident/5.0)"
76.153.173.21 - - [17/Nov/2017:08:44:25 +0000] "POST /search/?c=Books+Jewelry HTTP/1.1" 200 61 "/category/electronics" "Mozilla/5.0 (Windows NT 6.1; WOW64; rv:10.0.1) Gecko/20100101 Firefox/10.0.1"
104.69.39.75 - - [17/Nov/2017:08:44:30 +0000] "GET /item/games/2751 HTTP/1.1" 200 43 "/category/electronics" "Mozilla/5.0 (Windows NT 6.1; WOW64) AppleWebKit/535.11 (KHTML, like Gecko) Chrome/17.0.963.56 Safari/535.11"
144.165.175.190 - - [17/Nov/2017:08:44:35 +0000] "GET /category/electronics HTTP/1.1" 200 93 "/item/games/4277" "Mozilla/5.0 (Windows NT 6.0; rv:10.0.1) Gecko/20100101 Firefox/10.0.1"
96.75.214.176 - - [17/Nov/2017:08:44:40 +0000] "GET /item/sports/13 HTTP/1.1" 200 100 "-" "Mozilla/5.0 (Windows NT 6.1; WOW64; rv:10.0.1) Gecko/20100101 Firefox/10.0.1"
40.180.101.220 - - [17/Nov/2017:08:44:45 +0000] "GET /item/software/2434 HTTP/1.1" 200 120 "/search/?c=Software" "Mozilla/4.0 (compatible; MSIE 8.0; Windows NT 6.1; WOW64; Trident/4.0; YTB730; GTB7.2; SLCC2; .NET CLR 2.0.50727; .NET CLR 3.5.30729; .NET CLR 3.0.30729; .NET4.0C; .NET4.0E; Media Center PC 6.0)"
168.183.144.126 - - [17/Nov/2017:08:44:50 +0000] "GET /category/electronics HTTP/1.1" 200 128 "-" "Mozilla/5.0 (Macintosh; Intel Mac OS X 10.6; rv:9.0.1) Gecko/20100101 Firefox/9.0.1"
56.24.57.163 - - [17/Nov/2017:08:44:55 +0000] "GET /category/finance HTTP/1.1" 200 71 "-" "Mozilla/5.0 (Windows NT 6.0) AppleWebKit/535.11 (KHTML, like Gecko) Chrome/17.0.963.56 Safari/535.11"
44.57.212.87 - - [17/Nov/2017:08:45:00 +0000] "GET /category/software HTTP/1.1" 200 77 "-" "Mozilla/4.0 (compatible; MSIE 8.0; Windows NT 5.1; Trident/4.0; YTB720; GTB7.2; .NET CLR 1.1.4322; .NET CLR 2.0.50727; .NET CLR 3.0.4506.2152; .NET CLR 3.5.30729)"
72.219.156.125 - - [17/Nov/2017:08:45:05 +0000] "GET /category/software HTTP/1.1" 200 82 "/category/garden" "Mozilla/5.0 (Windows NT 6.1; WOW64) AppleWebKit/535.7 (KHTML, like Gecko) Chrome/16.0.912.77 Safari/535.7"
164.213.39.153 - - [17/Nov/2017:08:45:10 +0000] "POST /search/?c=Garden HTTP/1.1" 200 120 "/category/office" "Mozilla/5.0 (Windows NT 6.0) AppleWebKit/535.11 (KHTML, like Gecko) Chrome/17.0.963.56 Safari/535.11"
148.51.21.124 - - [17/Nov/2017:08:45:15 +0000] "POST /search/?c=Finance HTTP/1.1" 200 85 "-" "Mozilla/5.0 (Windows NT 6.0; rv:10.0.1) Gecko/20100101 Firefox/10.0.1"
60.213.58.52 - - [17/Nov/2017:08:45:20 +0000] "GET /category/jewelry?from=20 HTTP/1.1" 200 127 "-" "Mozilla/5.0 (iPhone; CPU iPhone OS 5_0_1 like Mac OS X) AppleWebKit/534.46 (KHTML, like Gecko) Version/5.1 Mobile/9A405 Safari/7534.48.3"
140.213.200.225 - - [17/Nov/2017:08:45:25 +0000] "GET /category/cameras?from=20 HTTP/1.1" 200 133 "/search/?c=Software+Electronics" "Mozilla/5.0 (Windows NT 6.0; rv:10.0.1) Gecko/20100101 Firefox/10.0.1"
108.132.126.119 - - [17/Nov/2017:08:45:30 +0000] "GET /category/sports HTTP/1.1" 200 118 "/item/electronics/4629" "Mozilla/4.0 (compatible; MSIE 8.0; Windows NT 5.1; Trident/4.0; BTRS122159; GTB7.2; .NET CLR 1.1.4322; .NET CLR 2.0.50727; .NET CLR 3.0.04506.30; .NET CLR 3.0.4506.2152; .NET CLR 3.5.30729; BRI/2)"
132.84.135.35 - - [17/Nov/2017:08:45:35 +0000] "GET /item/electronics/450 HTTP/1.1" 200 123 "-" "Mozilla/5.0 (iPad; CPU OS 5_0_1 like Mac OS X) AppleWebKit/534.46 (KHTML, like Gecko) Version/5.1 Mobile/9A405 Safari/7534.48.3"
224.36.38.130 - - [17/Nov/2017:08:45:40 +0000] "GET /category/software?from=0 HTTP/1.1" 200 40 "/search/?c=Health" "Mozilla/5.0 (Windows NT 6.1; WOW64) AppleWebKit/535.11 (KHTML, like Gecko) Chrome/17.0.963.56 Safari/535.11"
212.213.59.205 - - [17/Nov/2017:08:45:45 +0000] "GET /category/software HTTP/1.1" 200 105 "http://www.google.com/search?ie=UTF-8&q=google&sclient=psy-ab&q=Software+Games&oq=Software+Games&aq=f&aqi=g-vL1&aql=&pbx=1&bav=on.2,or.r_gc.r_pw.r_qf.,cf.osb&biw=4173&bih=589" "Mozilla/5.0 (Windows NT 6.1; WOW64; rv:10.0.1) Gecko/20100101 Firefox/10.0.1"
20.84.216.48 - - [17/Nov/2017:08:45:50 +0000] "GET /item/giftcards/4757 HTTP/1.1" 200 133 "/search/?c=Music+Sports" "Mozilla/5.0 (compatible; MSIE 9.0; Windows NT 6.1; WOW64; Trident/5.0)"
220.81.172.204 - - [17/Nov/2017:08:45:55 +0000] "GET /category/computers HTTP/1.1" 200 103 "/category/office" "Mozilla/4.0 (compatible; MSIE 8.0; Windows NT 6.1; WOW64; Trident/4.0; GTB7.2; SLCC2; .NET CLR 2.0.50727; .NET CLR 3.5.30729; .NET CLR 3.0.30729; Media Center PC 6.0; .NET4.0C)"
148.198.144.149 - - [17/Nov/2017:08:46:00 +0000] "GET /category/software HTTP/1.1" 200 92 "/category/health?from=10" "Mozilla/5.0 (Windows NT 6.0; rv:10.0.1) Gecko/20100101 Firefox/10.0.1"
32.78.86.157 - - [17/Nov/2017:08:46:05 +0000] "GET /item/games/3254 HTTP/1.1" 200 41 "/item/electronics/3444" "Mozilla/4.0 (compatible; MSIE 8.0; Windows NT 5.1; Trident/4.0; YTB720; GTB7.2; .NET CLR 1.1.4322; .NET CLR 2.0.50727; .NET CLR 3.0.4506.2152; .NET CLR 3.5.30729)"
80.132.181.27 - - [17/Nov/2017:08:46:10 +0000] "GET /item/software/875 HTTP/1.1" 200 132 "/item/toys/2543" "Mozilla/5.0 (Macintosh; Intel Mac OS X 10.6; rv:9.0.1) Gecko/20100101 Firefox/9.0.1"
204.147.33.196 - - [17/Nov/2017:08:46:15 +0000] "GET /item/computers/811 HTTP/1.1" 200 128 "/item/games/2751" "Mozilla/5.0 (compatible; Googlebot/2.1; +http://www.google.com/bot.html)"
144.105.154.81 - - [17/Nov/2017:08:46:20 +0000] "GET /category/office HTTP/1.1" 200 136 "/item/software/1802" "Mozilla/5.0 (Windows NT 6.1; WOW64) AppleWebKit/535.11 (KHTML, like Gecko) Chrome/17.0.963.56 Safari/535.11"
176.153.215.204 - - [17/Nov/2017:08:46:25 +0000] "GET /category/office HTTP/1.1" 200 127 "-" "Mozilla/5.0 (Windows NT 6.0) AppleWebKit/535.11 (KHTML, like Gecko) Chrome/17.0.963.56 Safari/535.11"
196.81.179.31 - - [17/Nov/2017:08:46:30 +0000] "GET /category/software?from=0 HTTP/1.1" 200 109 "/category/games" "Mozilla/5.0 (Windows NT 6.1; WOW64) AppleWebKit/535.7 (KHTML, like Gecko) Chrome/16.0.912.77 Safari/535.7"
32.213.139.23 - - [17/Nov/2017:08:46:35 +0000] "GET /category/electronics HTTP/1.1" 200 96 "/item/games/905" "Mozilla/4.0 (compatible; MSIE 8.0; Windows NT 6.1; WOW64; Trident/4.0; GTB7.2; SLCC2; .NET CLR 2.0.50727; .NET CLR 3.5.30729; .NET CLR 3.0.30729; Media Center PC 6.0; .NET4.0C)"
44.51.178.212 - - [17/Nov/2017:08:46:40 +0000] "GET /category/jewelry?from=20 HTTP/1.1" 200 107 "/category/software" "Mozilla/5.0 (Macintosh; Intel Mac OS X 10.6; rv:9.0.1) Gecko/20100101 Firefox/9.0.1"
224.159.219.206 - - [17/Nov/2017:08:46:45 +0000] "POST /search/?c=Electronics+Games HTTP/1.1" 200 88 "-" "Mozilla/5.0 (compatible; MSIE 9.0; Windows NT 6.1; Trident/5.0)"
168.159.154.110 - - [17/Nov/2017:08:46:50 +0000] "GET /category/games HTTP/1.1" 200 77 "/item/games/2746" "Mozilla/5.0 (iPhone; CPU iPhone OS 5_0_1 like Mac OS X) AppleWebKit/534.46 (KHTML, like Gecko) Version/5.1 Mobile/9A405 Safari/7534.48.3"
228.210.130.193 - - [17/Nov/2017:08:46:55 +0000] "POST /search/?c=Electronics HTTP/1.1" 200 69 "/category/health" "Mozilla/5.0 (Windows NT 6.0; rv:10.0.1) Gecko/20100101 Firefox/10.0.1"
148.81.169.77 - - [17/Nov/2017:08:47:00 +0000] "GET /category/games HTTP/1.1" 200 42 "-" "Mozilla/5.0 (compatible; MSIE 9.0; Windows NT 6.1; Trident/5.0)"
148.60.198.141 - - [17/Nov/2017:08:47:05 +0000] "GET /item/jewelry/1164 HTTP/1.1" 200 106 "/category/jewelry" "Mozilla/5.0 (Windows NT 6.1; WOW64) AppleWebKit/535.11 (KHTML, like Gecko) Chrome/17.0.963.56 Safari/535.11"
188.147.180.205 - - [17/Nov/2017:08:47:10 +0000] "GET /category/electronics HTTP/1.1" 200 138 "-" "Mozilla/5.0 (compatible; Googlebot/2.1; +http://www.google.com/bot.html)"
172.186.101.199 - - [17/Nov/2017:08:47:15 +0000] "GET /category/software HTTP/1.1" 200 58 "-" "Mozilla/5.0 (Windows NT 6.1; WOW64) AppleWebKit/535.7 (KHTML, like Gecko) Chrome/16.0.912.77 Safari/535.7"
104.207.115.95 - - [17/Nov/2017:08:47:20 +0000] "GET /item/electronics/4025 HTTP/1.1" 200 124 "/item/garden/957" "Mozilla/4.0 (compatible; MSIE 8.0; Windows NT 6.0; WOW64; Trident/4.0; GTB6; SLCC1; .NET CLR 2.0.50727; Media Center PC 5.0; .NET CLR 3.5.30729; .NET CLR 3.0.30618; .NET4.0C)"
196.144.108.166 - - [17/Nov/2017:08:47:25 +0000] "GET /item/electronics/2104 HTTP/1.1" 200 59 "/item/electronics/1195" "Mozilla/5.0 (compatible; Googlebot/2.1; +http://www.google.com/bot.html)"
108.60.40.114 - - [17/Nov/2017:08:47:30 +0000] "GET /item/finance/3737 HTTP/1.1" 200 127 "/category/networking" "Mozilla/5.0 (Windows NT 6.1; WOW64) AppleWebKit/535.7 (KHTML, like Gecko) Chrome/16.0.912.77 Safari/535.7"
184.156.203.71 - - [17/Nov/2017:08:47:35 +0000] "GET /item/finance/4100 HTTP/1.1" 200 84 "/search/?c=Finance+Electronics" "Mozilla/5.0 (Windows NT 6.1; WOW64) AppleWebKit/535.7 (KHTML, like Gecko) Chrome/16.0.912.77 Safari/535.7"
40.126.194.206 - - [17/Nov/2017:08:47:40 +0000] "GET /category/health HTTP/1.1" 200 82 "/item/software/3165" "Mozilla/5.0 (compatible; MSIE 9.0; Windows NT 6.1; WOW64; Trident/5.0)"
84.189.117.50 - - [17/Nov/2017:08:47:45 +0000] "GET /item/computers/4451 HTTP/1.1" 200 42 "/category/games" "Mozilla/4.0 (compatible; MSIE 8.0; Windows NT 6.1; Trident/4.0; YTB730; SLCC2; .NET CLR 2.0.50727; .NET CLR 3.5.30729; .NET CLR 3.0.30729; Media Center PC 6.0; .NET4.0C)"
212.93.61.84 - - [17/Nov/2017:08:47:50 +0000] "GET /item/books/953 HTTP/1.1" 200 97 "http://www.google.com/search?ie=UTF-8&q=google&sclient=psy-ab&q=Books+Electronics&oq=Books+Electronics&aq=f&aqi=g-vL1&aql=&pbx=1&bav=on.2,or.r_gc.r_pw.r_qf.,cf.osb&biw=1229&bih=587" "Mozilla/4.0 (compatible; MSIE 8.0; Windows NT 6.0; WOW64; Trident/4.0; GTB6; SLCC1; .NET CLR 2.0.50727; Media Center PC 5.0; .NET CLR 3.5.30729; .NET CLR 3.0.30618; .NET4.0C)"
172.45.84.183 - - [17/Nov/2017:08:47:55 +0000] "GET /category/books HTTP/1.1" 200 122 "-" "Mozilla/4.0 (compatible; MSIE 8.0; Windows NT 5.1; Trident/4.0; BTRS122159; GTB7.2; .NET CLR 1.1.4322; .NET CLR 2.0.50727; .NET CLR 3.0.04506.30; .NET CLR 3.0.4506.2152; .NET CLR 3.5.30729; BRI/2)"
32.135.88.43 - - [17/Nov/2017:08:48:00 +0000] "GET /item/office/4595 HTTP/1.1" 200 137 "/category/electronics" "Mozilla/5.0 (compatible; MSIE 9.0; Windows NT 6.1; WOW64; Trident/5.0)"
192.198.25.191 - - [17/Nov/2017:08:48:05 +0000] "GET /category/electronics HTTP/1.1" 200 113 "-" "Mozilla/5.0 (Windows NT 6.1; WOW64) AppleWebKit/535.11 (KHTML, like Gecko) Chrome/17.0.963.56 Safari/535.11"
196.168.130.146 - - [17/Nov/2017:08:48:10 +0000] "GET /category/sports HTTP/1.1" 200 121 "-" "Mozilla/5.0 (compatible; MSIE 9.0; Windows NT 6.1; WOW64; Trident/5.0)"
80.45.209.74 - - [17/Nov/2017:08:48:15 +0000] "GET /category/electronics HTTP/1.1" 200 73 "-" "Mozilla/5.0 (Windows NT 6.1; WOW64) AppleWebKit/535.7 (KHTML, like Gecko) Chrome/16.0.912.77 Safari/535.7"
212.90.155.59 - - [17/Nov/2017:08:48:20 +0000] "GET /category/software HTTP/1.1" 200 87 "-" "Mozilla/5.0 (Windows NT 6.1; WOW64) AppleWebKit/535.7 (KHTML, like Gecko) Chrome/16.0.912.77 Safari/535.7"
176.210.158.39 - - [17/Nov/2017:08:48:25 +0000] "POST /search/?c=Games+Electronics HTTP/1.1" 200 52 "-" "Mozilla/5.0 (Macintosh; Intel Mac OS X 10.6; rv:9.0.1) Gecko/20100101 Firefox/9.0.1"
140.63.80.89 - - [17/Nov/2017:08:48:30 +0000] "GET /category/software?from=20 HTTP/1.1" 200 94 "-" "Mozilla/5.0 (Windows NT 6.1; WOW64) AppleWebKit/535.11 (KHTML, like Gecko) Chrome/17.0.963.56 Safari/535.11"
64.72.99.80 - - [17/Nov/2017:08:48:35 +0000] "GET /item/electronics/2805 HTTP/1.1" 200 55 "http://www.google.com/search?ie=UTF-8&q=google&sclient=psy-ab&q=Electronics&oq=Electronics&aq=f&aqi=g-vL1&aql=&pbx=1&bav=on.2,or.r_gc.r_pw.r_qf.,cf.osb&biw=2802&bih=50" "Mozilla/5.0 (Windows NT 6.0; rv:10.0.1) Gecko/20100101 Firefox/10.0.1"
60.117.58.163 - - [17/Nov/2017:08:48:40 +0000] "GET /item/cameras/3320 HTTP/1.1" 200 109 "/category/electronics" "Mozilla/5.0 (Windows NT 6.0; rv:10.0.1) Gecko/20100101 Firefox/10.0.1"
188.216.204.124 - - [17/Nov/2017:08:48:45 +0000] "GET /category/garden?from=0 HTTP/1.1" 200 41 "/category/games" "Mozilla/5.0 (Windows NT 6.1; WOW64) AppleWebKit/535.11 (KHTML, like Gecko) Chrome/17.0.963.56 Safari/535.11"
84.30.95.135 - - [17/Nov/2017:08:48:50 +0000] "GET /category/sports?from=10 HTTP/1.1" 200 52 "/search/?c=Sports" "Mozilla/5.0 (compatible; MSIE 9.0; Windows NT 6.1; Trident/5.0)"
56.102.229.220 - - [17/Nov/2017:08:48:55 +0000] "GET /category/software HTTP/1.1" 200 105 "/category/office?from=0" "Mozilla/5.0 (Macintosh; Intel Mac OS X 10.6; rv:9.0.1) Gecko/20100101 Firefox/9.0.1"
212.192.182.120 - - [17/Nov/2017:08:49:00 +0000] "GET /category/computers HTTP/1.1" 200 87 "/item/software/85" "Mozilla/5.0 (compatible; Googlebot/2.1; +http://www.google.com/bot.html)"
192.228.189.65 - - [17/Nov/2017:08:49:05 +0000] "GET /category/books HTTP/1.1" 200 68 "-" "Mozilla/5.0 (Windows NT 6.1; WOW64) AppleWebKit/535.7 (KHTML, like Gecko) Chrome/16.0.912.77 Safari/535.7"
92.132.142.60 - - [17/Nov/2017:08:49:10 +0000] "GET /category/office HTTP/1.1" 200 74 "-" "Mozilla/5.0 (Windows NT 6.1; WOW64) AppleWebKit/535.7 (KHTML, like Gecko) Chrome/16.0.912.77 Safari/535.7"
152.150.62.199 - - [17/Nov/2017:08:49:15 +0000] "GET /item/software/2512 HTTP/1.1" 200 112 "/category/games" "Mozilla/5.0 (Windows NT 6.0; rv:10.0.1) Gecko/20100101 Firefox/10.0.1"
224.36.20.68 - - [17/Nov/2017:08:49:20 +0000] "GET /category/computers HTTP/1.1" 200 114 "http://www.google.com/search?ie=UTF-8&q=google&sclient=psy-ab&q=Computers&oq=Computers&aq=f&aqi=g-vL1&aql=&pbx=1&bav=on.2,or.r_gc.r_pw.r_qf.,cf.osb&biw=181&bih=302" "Mozilla/5.0 (compatible; MSIE 9.0; Windows NT 6.1; WOW64; Trident/5.0)"
32.81.139.201 - - [17/Nov/2017:08:49:25 +0000] "GET /category/giftcards HTTP/1.1" 200 49 "/item/books/1503" "Mozilla/5.0 (compatible; Googlebot/2.1; +http://www.google.com/bot.html)"
40.78.48.94 - - [17/Nov/2017:08:49:30 +0000] "GET /item/sports/2911 HTTP/1.1" 200 130 "/item/jewelry/1981" "Mozilla/5.0 (Windows NT 6.1; WOW64; rv:10.0.1) Gecko/20100101 Firefox/10.0.1"
32.162.92.58 - - [17/Nov/2017:08:49:35 +0000] "GET /item/electronics/1057 HTTP/1.1" 200 137 "/item/computers/1106" "Mozilla/5.0 (compatible; MSIE 9.0; Windows NT 6.1; WOW64; Trident/5.0)"
140.36.89.127 - - [17/Nov/2017:08:49:40 +0000] "GET /item/books/3487 HTTP/1.1" 200 92 "/category/books" "Mozilla/5.0 (Windows NT 6.1; WOW64; rv:10.0.1) Gecko/20100101 Firefox/10.0.1"
24.99.27.123 - - [17/Nov/2017:08:49:45 +0000] "GET /item/electronics/2563 HTTP/1.1" 200 81 "/search/?c=Electronics" "Mozilla/4.0 (compatible; MSIE 8.0; Windows NT 5.1; Trident/4.0; BTRS122159; GTB7.2; .NET CLR 1.1.4322; .NET CLR 2.0.50727; .NET CLR 3.0.04506.30; .NET CLR 3.0.4506.2152; .NET CLR 3.5.30729; BRI/2)"
212.189.191.81 - - [17/Nov/2017:08:49:50 +0000] "GET /category/office HTTP/1.1" 200 77 "-" "Mozilla/5.0 (Macintosh; Intel Mac OS X 10.6; rv:9.0.1) Gecko/20100101 Firefox/9.0.1"
36.192.126.32 - - [17/Nov/2017:08:49:55 +0000] "GET /item/garden/995 HTTP/1.1" 200 77 "/search/?c=Books+Giftcards" "Mozilla/5.0 (Windows NT 5.1) AppleWebKit/535.11 (KHTML, like Gecko) Chrome/17.0.963.46 Safari/535.11"
148.126.188.205 - - [17/Nov/2017:08:50:00 +0000] "GET /item/electronics/2972 HTTP/1.1" 200 130 "/category/office" "Mozilla/5.0 (Macintosh; Intel Mac OS X 10.6; rv:9.0.1) Gecko/20100101 Firefox/9.0.1"
212.189.191.81 - - [17/Nov/2017:08:50:05 +0000] "POST /search/?c=Electronics+Garden HTTP/1.1" 200 53 "/category/books" "Mozilla/5.0 (Macintosh; Intel Mac OS X 10.6; rv:9.0.1) Gecko/20100101 Firefox/9.0.1"
76.123.219.106 - - [17/Nov/2017:08:50:10 +0000] "GET /category/office HTTP/1.1" 200 118 "http://www.google.com/search?ie=UTF-8&q=google&sclient=psy-ab&q=Office+Health&oq=Office+Health&aq=f&aqi=g-vL1&aql=&pbx=1&bav=on.2,or.r_gc.r_pw.r_qf.,cf.osb&biw=1609&bih=123" "Mozilla/5.0 (compatible; MSIE 9.0; Windows NT 6.1; WOW64; Trident/5.0)"
32.126.192.64 - - [17/Nov/2017:08:50:15 +0000] "GET /item/office/964 HTTP/1.1" 200 56 "/category/software" "Mozilla/4.0 (compatible; MSIE 8.0; Windows NT 6.1; WOW64; Trident/4.0; GTB7.2; SLCC2; .NET CLR 2.0.50727; .NET CLR 3.5.30729; .NET CLR 3.0.30729; Media Center PC 6.0; .NET4.0C)"
164.198.33.36 - - [17/Nov/2017:08:50:20 +0000] "GET /item/books/1573 HTTP/1.1" 200 72 "/category/books" "Mozilla/5.0 (Macintosh; Intel Mac OS X 10.6; rv:9.0.1) Gecko/20100101 Firefox/9.0.1"
172.45.84.183 - - [17/Nov/2017:08:50:25 +0000] "GET /category/books HTTP/1.1" 200 41 "-" "Mozilla/4.0 (compatible; MSIE 8.0; Windows NT 6.1; WOW64; Trident/4.0; YTB730; GTB7.2; SLCC2; .NET CLR 2.0.50727; .NET CLR 3.5.30729; .NET CLR 3.0.30729; .NET4.0C; .NET4.0E; Media Center PC 6.0)"
188.96.82.146 - - [17/Nov/2017:08:50:30 +0000] "GET /category/cameras HTTP/1.1" 200 97 "/search/?c=Computers" "Mozilla/5.0 (Windows NT 6.0) AppleWebKit/535.11 (KHTML, like Gecko) Chrome/17.0.963.56 Safari/535.11"
140.120.215.134 - - [17/Nov/2017:08:50:35 +0000] "GET /category/electronics HTTP/1.1" 200 51 "/category/networking" "Mozilla/5.0 (Windows NT 6.1; WOW64) AppleWebKit/535.7 (KHTML, like Gecko) Chrome/16.0.912.77 Safari/535.7"
212.228.110.108 - - [17/Nov/2017:08:50:40 +0000] "GET /item/electronics/3393 HTTP/1.1" 404 59 "-" "Mozilla/4.0 (compatible; MSIE 8.0; Windows NT 6.1; WOW64; Trident/4.0; GTB7.2; SLCC2; .NET CLR 2.0.50727; .NET CLR 3.5.30729; .NET CLR 3.0.30729; Media Center PC 6.0; .NET4.0C)"
224.189.104.73 - - [17/Nov/2017:08:50:45 +0000] "POST /search/?c=Jewelry HTTP/1.1" 200 89 "-" "Mozilla/5.0 (Windows NT 6.1; WOW64) AppleWebKit/535.11 (KHTML, like Gecko) Chrome/17.0.963.56 Safari/535.11"
32.222.29.160 - - [17/Nov/2017:08:50:50 +0000] "GET /category/health HTTP/1.1" 200 79 "-" "Mozilla/5.0 (Windows NT 6.1; WOW64) AppleWebKit/535.7 (KHTML, like Gecko) Chrome/16.0.912.77 Safari/535.7"
144.105.154.81 - - [17/Nov/2017:08:50:55 +0000] "POST /search/?c=Electronics+Software HTTP/1.1" 200 77 "-" "Mozilla/4.0 (compatible; MSIE 8.0; Windows NT 6.1; Trident/4.0; YTB730; SLCC2; .NET CLR 2.0.50727; .NET CLR 3.5.30729; .NET CLR 3.0.30729; Media Center PC 6.0; .NET4.0C)"
52.159.188.199 - - [17/Nov/2017:08:51:00 +0000] "GET /category/toys HTTP/1.1" 200 57 "-" "Mozilla/5.0 (compatible; Googlebot/2.1; +http://www.google.com/bot.html)"
152.87.163.219 - - [17/Nov/2017:08:51:05 +0000] "GET /category/sports HTTP/1.1" 200 72 "/category/books" "Mozilla/5.0 (Windows NT 6.0) AppleWebKit/535.11 (KHTML, like Gecko) Chrome/17.0.963.56 Safari/535.11"
168.147.219.163 - - [17/Nov/2017:08:51:10 +0000] "POST /search/?c=Computers+Electronics HTTP/1.1" 200 136 "-" "Mozilla/5.0 (Windows NT 6.0) AppleWebKit/535.11 (KHTML, like Gecko) Chrome/17.0.963.56 Safari/535.11"
164.75.155.177 - - [17/Nov/2017:08:51:15 +0000] "GET /item/garden/995 HTTP/1.1" 200 77 "/search/?c=Garden+Cameras" "Mozilla/5.0 (Macintosh; Intel Mac OS X 10.6; rv:9.0.1) Gecko/20100101 Firefox/9.0.1"
148.99.211.139 - - [17/Nov/2017:08:51:20 +0000] "GET /item/games/3284 HTTP/1.1" 200 120 "-" "Mozilla/4.0 (compatible; MSIE 8.0; Windows NT 6.1; WOW64; Trident/4.0; YTB730; GTB7.2; SLCC2; .NET CLR 2.0.50727; .NET CLR 3.5.30729; .NET CLR 3.0.30729; .NET4.0C; .NET4.0E; Media Center PC 6.0)"
224.27.47.136 - - [17/Nov/2017:08:51:25 +0000] "GET /item/electronics/450 HTTP/1.1" 200 123 "/item/games/4709" "Mozilla/5.0 (Windows NT 6.1; WOW64) AppleWebKit/535.7 (KHTML, like Gecko) Chrome/16.0.912.77 Safari/535.7"
164.195.181.157 - - [17/Nov/2017:08:51:30 +0000] "GET /category/electronics HTTP/1.1" 200 50 "-" "Mozilla/5.0 (compatible; MSIE 9.0; Windows NT 6.1; WOW64; Trident/5.0)"
120.33.154.173 - - [17/Nov/2017:08:51:35 +0000] "GET /category/finance HTTP/1.1" 200 71 "-" "Mozilla/5.0 (Windows NT 6.1; WOW64; rv:10.0.1) Gecko/20100101 Firefox/10.0.1"
196.225.41.136 - - [17/Nov/2017:08:51:40 +0000] "GET /category/electronics HTTP/1.1" 200 137 "-" "Mozilla/5.0 (Macintosh; Intel Mac OS X 10.6; rv:9.0.1) Gecko/20100101 Firefox/9.0.1"
116.21.137.191 - - [17/Nov/2017:08:51:45 +0000] "GET /category/jewelry HTTP/1.1" 200 102 "-" "Mozilla/5.0 (Windows NT 6.1; WOW64) AppleWebKit/535.7 (KHTML, like Gecko) Chrome/16.0.912.77 Safari/535.7"
116.210.150.60 - - [17/Nov/2017:08:51:50 +0000] "GET /item/garden/2199 HTTP/1.1" 200 74 "/item/music/4403" "Mozilla/5.0 (Windows NT 6.0) AppleWebKit/535.11 (KHTML, like Gecko) Chrome/17.0.963.56 Safari/535.11"
60.177.133.24 - - [17/Nov/2017:08:51:55 +0000] "GET /item/software/4680 HTTP/1.1" 200 89 "/search/?c=Software" "Mozilla/5.0 (Windows NT 6.1; WOW64) AppleWebKit/535.11 (KHTML, like Gecko) Chrome/17.0.963.56 Safari/535.11"
160.198.155.53 - - [17/Nov/2017:08:52:00 +0000] "GET /category/electronics HTTP/1.1" 200 71 "http://www.google.com/search?ie=UTF-8&q=google&sclient=psy-ab&q=Electronics&oq=Electronics&aq=f&aqi=g-vL1&aql=&pbx=1&bav=on.2,or.r_gc.r_pw.r_qf.,cf.osb&biw=4006&bih=132" "Mozilla/5.0 (iPhone; CPU iPhone OS 5_0_1 like Mac OS X) AppleWebKit/534.46 (KHTML, like Gecko) Version/5.1 Mobile/9A405 Safari/7534.48.3"
152.66.214.200 - - [17/Nov/2017:08:52:05 +0000] "GET /category/books HTTP/1.1" 200 40 "-" "Mozilla/5.0 (Windows NT 5.1) AppleWebKit/535.11 (KHTML, like Gecko) Chrome/17.0.963.46 Safari/535.11"
20.63.176.160 - - [17/Nov/2017:08:52:10 +0000] "GET /category/cameras HTTP/1.1" 200 48 "/category/software?from=20" "Mozilla/5.0 (Windows NT 6.0; rv:10.0.1) Gecko/20100101 Firefox/10.0.1"
56.48.89.225 - - [17/Nov/2017:08:52:15 +0000] "GET /item/finance/4492 HTTP/1.1" 200 41 "/category/games" "Mozilla/5.0 (Windows NT 6.1; WOW64) AppleWebKit/535.7 (KHTML, like Gecko) Chrome/16.0.912.77 Safari/535.7"
216.120.179.55 - - [17/Nov/2017:08:52:20 +0000] "GET /item/jewelry/1164 HTTP/1.1" 200 106 "/search/?c=Jewelry" "Mozilla/5.0 (Macintosh; Intel Mac OS X 10.6; rv:9.0.1) Gecko/20100101 Firefox/9.0.1"
32.99.62.111 - - [17/Nov/2017:08:52:25 +0000] "GET /category/software?from=10 HTTP/1.1" 200 54 "-" "Mozilla/5.0 (Windows NT 6.1; WOW64; rv:10.0.1) Gecko/20100101 Firefox/10.0.1"
188.219.65.49 - - [17/Nov/2017:08:52:30 +0000] "GET /category/electronics HTTP/1.1" 200 67 "/category/networking" "Mozilla/4.0 (compatible; MSIE 8.0; Windows NT 6.0; WOW64; Trident/4.0; GTB6; SLCC1; .NET CLR 2.0.50727; Media Center PC 5.0; .NET CLR 3.5.30729; .NET CLR 3.0.30618; .NET4.0C)"
88.87.28.220 - - [17/Nov/2017:08:52:35 +0000] "GET /category/electronics HTTP/1.1" 200 125 "/category/books" "Mozilla/5.0 (Windows NT 6.0; rv:10.0.1) Gecko/20100101 Firefox/10.0.1"
220.123.112.58 - - [17/Nov/2017:08:52:40 +0000] "POST /search/?c=Electronics+Garden HTTP/1.1" 200 139 "-" "Mozilla/5.0 (Windows NT 5.1) AppleWebKit/535.11 (KHTML, like Gecko) Chrome/17.0.963.46 Safari/535.11"
116.33.181.169 - - [17/Nov/2017:08:52:45 +0000] "GET /category/electronics HTTP/1.1" 200 138 "-" "Mozilla/5.0 (Macintosh; Intel Mac OS X 10.6; rv:9.0.1) Gecko/20100101 Firefox/9.0.1"
136.177.181.50 - - [17/Nov/2017:08:52:50 +0000] "GET /category/electronics HTTP/1.1" 200 128 "/item/garden/4052" "Mozilla/5.0 (compatible; MSIE 9.0; Windows NT 6.1; WOW64; Trident/5.0)"
148.66.143.65 - - [17/Nov/2017:08:52:55 +0000] "GET /category/jewelry HTTP/1.1" 200 78 "http://www.google.com/search?ie=UTF-8&q=google&sclient=psy-ab&q=Jewelry+Software&oq=Jewelry+Software&aq=f&aqi=g-vL1&aql=&pbx=1&bav=on.2,or.r_gc.r_pw.r_qf.,cf.osb&biw=3274&bih=423" "Mozilla/5.0 (compatible; MSIE 9.0; Windows NT 6.1; WOW64; Trident/5.0)"
92.120.192.181 - - [17/Nov/2017:08:53:00 +0000] "GET /category/cameras HTTP/1.1" 200 69 "/item/sports/4699" "Mozilla/5.0 (Windows NT 6.1; WOW64) AppleWebKit/535.11 (KHTML, like Gecko) Chrome/17.0.963.56 Safari/535.11"
148.51.21.124 - - [17/Nov/2017:08:53:05 +0000] "GET /category/computers HTTP/1.1" 200 131 "/category/software" "Mozilla/5.0 (compatible; MSIE 9.0; Windows NT 6.1; WOW64; Trident/5.0)"
204.189.85.23 - - [17/Nov/2017:08:53:10 +0000] "GET /category/software HTTP/1.1" 200 93 "-" "Mozilla/5.0 (compatible; MSIE 9.0; Windows NT 6.1; WOW64; Trident/5.0)"
48.90.222.139 - - [17/Nov/2017:08:53:15 +0000] "GET /category/office HTTP/1.1" 200 88 "/category/electronics" "Mozilla/4.0 (compatible; MSIE 8.0; Windows NT 6.0; WOW64; Trident/4.0; GTB6; SLCC1; .NET CLR 2.0.50727; Media Center PC 5.0; .NET CLR 3.5.30729; .NET CLR 3.0.30618; .NET4.0C)"
24.216.171.77 - - [17/Nov/2017:08:53:20 +0000] "GET /category/games HTTP/1.1" 200 59 "-" "Mozilla/4.0 (compatible; MSIE 8.0; Windows NT 6.1; WOW64; Trident/4.0; GTB7.2; SLCC2; .NET CLR 2.0.50727; .NET CLR 3.5.30729; .NET CLR 3.0.30729; Media Center PC 6.0; .NET4.0C)"
100.48.203.91 - - [17/Nov/2017:08:53:25 +0000] "GET /item/giftcards/4236 HTTP/1.1" 200 71 "/category/giftcards" "Mozilla/5.0 (Macintosh; Intel Mac OS X 10.6; rv:9.0.1) Gecko/20100101 Firefox/9.0.1"
76.93.187.155 - - [17/Nov/2017:08:53:30 +0000] "GET /category/garden HTTP/1.1" 200 88 "/item/toys/3509" "Mozilla/5.0 (Windows NT 6.1; WOW64) AppleWebKit/535.7 (KHTML, like Gecko) Chrome/16.0.912.77 Safari/535.7"
88.123.35.97 - - [17/Nov/2017:08:53:35 +0000] "GET /item/books/3487 HTTP/1.1" 200 92 "/item/software/1768" "Mozilla/5.0 (Macintosh; Intel Mac OS X 10.6; rv:9.0.1) Gecko/20100101 Firefox/9.0.1"
100.219.202.52 - - [17/Nov/2017:08:53:40 +0000] "GET /category/computers HTTP/1.1" 200 131 "/item/electronics/1706" "Mozilla/5.0 (Windows NT 6.0) AppleWebKit/535.11 (KHTML, like Gecko) Chrome/17.0.963.56 Safari/535.11"
148.84.138.22 - - [17/Nov/2017:08:53:45 +0000] "GET /item/software/880 HTTP/1.1" 200 138 "http://www.google.com/search?ie=UTF-8&q=google&sclient=psy-ab&q=Software+Games&oq=Software+Games&aq=f&aqi=g-vL1&aql=&pbx=1&bav=on.2,or.r_gc.r_pw.r_qf.,cf.osb&biw=754&bih=552" "Mozilla/5.0 (Windows NT 6.0; rv:10.0.1) Gecko/20100101 Firefox/10.0.1"
44.60.152.105 - - [17/Nov/2017:08:53:50 +0000] "POST /search/?c=Software+Electronics HTTP/1.1" 200 99 "/category/computers" "Mozilla/5.0 (compatible; MSIE 9.0; Windows NT 6.1; Trident/5.0)"
148.57.150.184 - - [17/Nov/2017:08:53:55 +0000] "POST /search/?c=Games HTTP/1.1" 200 48 "/search/?c=Garden" "Mozilla/4.0 (compatible; MSIE 8.0; Windows NT 6.0; WOW64; Trident/4.0; GTB6; SLCC1; .NET CLR 2.0.50727; Media Center PC 5.0; .NET CLR 3.5.30729; .NET CLR 3.0.30618; .NET4.0C)"
40.36.205.118 - - [17/Nov/2017:08:54:00 +0000] "POST /search/?c=Electronics+Books HTTP/1.1" 200 96 "-" "Mozilla/5.0 (Windows NT 6.0; rv:10.0.1) Gecko/20100101 Firefox/10.0.1"
36.156.149.92 - - [17/Nov/2017:08:54:05 +0000] "GET /item/electronics/705 HTTP/1.1" 200 92 "/category/electronics?from=0" "Mozilla/4.0 (compatible; MSIE 8.0; Windows NT 6.1; Trident/4.0; YTB730; SLCC2; .NET CLR 2.0.50727; .NET CLR 3.5.30729; .NET CLR 3.0.30729; Media Center PC 6.0; .NET4.0C)"
148.27.172.38 - - [17/Nov/2017:08:54:10 +0000] "GET /item/electronics/3314 HTTP/1.1" 200 46 "-" "Mozilla/5.0 (Macintosh; Intel Mac OS X 10.6; rv:9.0.1) Gecko/20100101 Firefox/9.0.1"
44.102.75.27 - - [17/Nov/2017:08:54:15 +0000] "GET /category/jewelry HTTP/1.1" 200 114 "http://www.google.com/search?ie=UTF-8&q=google&sclient=psy-ab&q=Jewelry&oq=Jewelry&aq=f&aqi=g-vL1&aql=&pbx=1&bav=on.2,or.r_gc.r_pw.r_qf.,cf.osb&biw=2991&bih=82" "Mozilla/5.0 (Windows NT 6.1; WOW64) AppleWebKit/535.11 (KHTML, like Gecko) Chrome/17.0.963.56 Safari/535.11"
28.165.95.144 - - [17/Nov/2017:08:54:20 +0000] "GET /item/giftcards/119 HTTP/1.1" 200 93 "/category/office" "Mozilla/5.0 (compatible; MSIE 9.0; Windows NT 6.1; Trident/5.0)"
104.207.115.95 - - [17/Nov/2017:08:54:25 +0000] "GET /category/music HTTP/1.1" 200 84 "/category/office" "Mozilla/5.0 (Macintosh; Intel Mac OS X 10.6; rv:9.0.1) Gecko/20100101 Firefox/9.0.1"
64.99.106.139 - - [17/Nov/2017:08:54:30 +0000] "GET /category/office HTTP/1.1" 200 82 "-" "Mozilla/4.0 (compatible; MSIE 8.0; Windows NT 6.0; WOW64; Trident/4.0; GTB6; SLCC1; .NET CLR 2.0.50727; Media Center PC 5.0; .NET CLR 3.5.30729; .NET CLR 3.0.30618; .NET4.0C)"
112.165.201.203 - - [17/Nov/2017:08:54:35 +0000] "POST /search/?c=Toys+Toys HTTP/1.1" 200 102 "/item/books/953" "Mozilla/4.0 (compatible; MSIE 8.0; Windows NT 6.1; WOW64; Trident/4.0; YTB730; GTB7.2; EasyBits GO v1.0; SLCC2; .NET CLR 2.0.50727; .NET CLR 3.5.30729; .NET CLR 3.0.30729; Media Center PC 6.0; .NET4.0C)"
208.120.110.135 - - [17/Nov/2017:08:54:40 +0000] "GET /item/music/2069 HTTP/1.1" 200 133 "-" "Mozilla/5.0 (compatible; Googlebot/2.1; +http://www.google.com/bot.html)"
48.57.162.127 - - [17/Nov/2017:08:54:45 +0000] "GET /category/finance HTTP/1.1" 200 68 "/search/?c=Software+Garden" "Mozilla/4.0 (compatible; MSIE 8.0; Windows NT 6.1; WOW64; Trident/4.0; YTB730; GTB7.2; SLCC2; .NET CLR 2.0.50727; .NET CLR 3.5.30729; .NET CLR 3.0.30729; .NET4.0C; .NET4.0E; Media Center PC 6.0)"
52.189.217.120 - - [17/Nov/2017:08:54:50 +0000] "GET /item/books/4322 HTTP/1.1" 200 44 "/category/finance" "Mozilla/5.0 (Windows NT 6.0) AppleWebKit/535.11 (KHTML, like Gecko) Chrome/17.0.963.56 Safari/535.11"
180.69.110.215 - - [17/Nov/2017:08:54:55 +0000] "GET /category/garden HTTP/1.1" 200 88 "-" "Mozilla/5.0 (Windows NT 6.0) AppleWebKit/535.11 (KHTML, like Gecko) Chrome/17.0.963.56 Safari/535.11"
24.138.192.196 - - [17/Nov/2017:08:55:00 +0000] "GET /item/electronics/3042 HTTP/1.1" 200 45 "-" "Mozilla/5.0 (Macintosh; Intel Mac OS X 10.6; rv:9.0.1) Gecko/20100101 Firefox/9.0.1"
104.141.83.168 - - [17/Nov/2017:08:55:05 +0000] "GET /item/games/2827 HTTP/1.1" 200 113 "-" "Mozilla/5.0 (compatible; Googlebot/2.1; +http://www.google.com/bot.html)"
144.168.60.186 - - [17/Nov/2017:08:55:10 +0000] "GET /item/giftcards/2263 HTTP/1.1" 200 78 "/search/?c=Giftcards+Computers" "Mozilla/5.0 (Windows NT 6.1; WOW64; rv:10.0.1) Gecko/20100101 Firefox/10.0.1"
216.111.41.52 - - [17/Nov/2017:08:55:15 +0000] "GET /category/electronics HTTP/1.1" 200 96 "/search/?c=Software" "Mozilla/5.0 (Macintosh; Intel Mac OS X 10.6; rv:9.0.1) Gecko/20100101 Firefox/9.0.1"
172.165.66.62 - - [17/Nov/2017:08:55:20 +0000] "GET /item/giftcards/4236 HTTP/1.1" 200 71 "/item/garden/1634" "Mozilla/5.0 (Windows NT 6.0; rv:10.0.1) Gecko/20100101 Firefox/10.0.1"
196.225.41.136 - - [17/Nov/2017:08:55:25 +0000] "GET /category/books HTTP/1.1" 200 131 "/category/software" "Mozilla/5.0 (Macintosh; Intel Mac OS X 10.6; rv:9.0.1) Gecko/20100101 Firefox/9.0.1"
196.186.196.93 - - [17/Nov/2017:08:55:30 +0000] "POST /search/?c=Books+Electronics HTTP/1.1" 200 79 "-" "Mozilla/5.0 (Windows NT 6.1; WOW64) AppleWebKit/535.11 (KHTML, like Gecko) Chrome/17.0.963.56 Safari/535.11"
76.132.177.175 - - [17/Nov/2017:08:55:35 +0000] "GET /category/software HTTP/1.1" 200 83 "-" "Mozilla/5.0 (compatible; MSIE 9.0; Windows NT 6.1; WOW64; Trident/5.0)"
192.207.80.72 - - [17/Nov/2017:08:55:40 +0000] "GET /category/cameras HTTP/1.1" 200 99 "/item/software/1625" "Mozilla/4.0 (compatible; MSIE 8.0; Windows NT 6.1; WOW64; Trident/4.0; YTB730; GTB7.2; EasyBits GO v1.0; SLCC2; .NET CLR 2.0.50727; .NET CLR 3.5.30729; .NET CLR 3.0.30729; Media Center PC 6.0; .NET4.0C)"
68.210.170.88 - - [17/Nov/2017:08:55:45 +0000] "GET /category/software HTTP/1.1" 200 56 "/item/health/1862" "Mozilla/5.0 (Windows NT 6.1; WOW64) AppleWebKit/535.11 (KHTML, like Gecko) Chrome/17.0.963.56 Safari/535.11"
48.105.184.168 - - [17/Nov/2017:08:55:50 +0000] "GET /category/software HTTP/1.1" 200 43 "/category/books" "Mozilla/4.0 (compatible; MSIE 8.0; Windows NT 6.1; Trident/4.0; YTB730; SLCC2; .NET CLR 2.0.50727; .NET CLR 3.5.30729; .NET CLR 3.0.30729; Media Center PC 6.0; .NET4.0C)"
76.93.187.155 - - [17/Nov/2017:08:55:55 +0000] "GET /item/electronics/1270 HTTP/1.1" 200 107 "-" "Mozilla/4.0 (compatible; MSIE 8.0; Windows NT 6.1; Trident/4.0; YTB730; SLCC2; .NET CLR 2.0.50727; .NET CLR 3.5.30729; .NET CLR 3.0.30729; Media Center PC 6.0; .NET4.0C)"
196.36.158.223 - - [17/Nov/2017:08:56:00 +0000] "GET /category/health HTTP/1.1" 200 42 "-" "Mozilla/5.0 (iPad; CPU OS 5_0_1 like Mac OS X) AppleWebKit/534.46 (KHTML, like Gecko) Version/5.1 Mobile/9A405 Safari/7534.48.3"
160.177.125.192 - - [17/Nov/2017:08:56:05 +0000] "GET /category/software HTTP/1.1" 200 106 "/category/electronics" "Mozilla/5.0 (Windows NT 6.0; rv:10.0.1) Gecko/20100101 Firefox/10.0.1"
24.48.22.162 - - [17/Nov/2017:08:56:10 +0000] "GET /item/software/1046 HTTP/1.1" 200 90 "/category/office" "Mozilla/5.0 (Windows NT 6.1; WOW64) AppleWebKit/535.11 (KHTML, like Gecko) Chrome/17.0.963.56 Safari/535.11"
28.129.94.208 - - [17/Nov/2017:08:56:15 +0000] "GET /category/games HTTP/1.1" 200 105 "/search/?c=Books" "Mozilla/4.0 (compatible; MSIE 8.0; Windows NT 6.1; Trident/4.0; YTB730; SLCC2; .NET CLR 2.0.50727; .NET CLR 3.5.30729; .NET CLR 3.0.30729; Media Center PC 6.0; .NET4.0C)"
100.168.183.82 - - [17/Nov/2017:08:56:20 +0000] "GET /category/health HTTP/1.1" 200 92 "/category/software" "Mozilla/5.0 (Windows NT 6.1; WOW64) AppleWebKit/535.11 (KHTML, like Gecko) Chrome/17.0.963.56 Safari/535.11"
96.144.218.175 - - [17/Nov/2017:08:56:25 +0000] "GET /category/computers HTTP/1.1" 200 136 "/item/electronics/2606" "Mozilla/5.0 (Windows NT 6.0; rv:10.0.1) Gecko/20100101 Firefox/10.0.1"
208.171.120.182 - - [17/Nov/2017:08:56:30 +0000] "GET /item/software/1802 HTTP/1.1" 200 125 "/item/software/1768" "Mozilla/5.0 (Windows NT 6.0; rv:10.0.1) Gecko/20100101 Firefox/10.0.1"
184.45.158.136 - - [17/Nov/2017:08:56:35 +0000] "GET /category/electronics HTTP/1.1" 200 61 "-" "Mozilla/4.0 (compatible; MSIE 8.0; Windows NT 6.1; WOW64; Trident/4.0; YTB730; GTB7.2; SLCC2; .NET CLR 2.0.50727; .NET CLR 3.5.30729; .NET CLR 3.0.30729; .NET4.0C; .NET4.0E; Media Center PC 6.0)"
112.219.145.202 - - [17/Nov/2017:08:56:40 +0000] "GET /item/music/1760 HTTP/1.1" 200 112 "/search/?c=Music+Electronics" "Mozilla/5.0 (Windows NT 6.0) AppleWebKit/535.11 (KHTML, like Gecko) Chrome/17.0.963.56 Safari/535.11"
128.90.218.42 - - [17/Nov/2017:08:56:45 +0000] "POST /search/?c=Finance HTTP/1.1" 200 122 "-" "Mozilla/4.0 (compatible; MSIE 8.0; Windows NT 5.1; Trident/4.0; YTB720; GTB7.2; .NET CLR 1.1.4322; .NET CLR 2.0.50727; .NET CLR 3.0.4506.2152; .NET CLR 3.5.30729)"
160.78.146.93 - - [17/Nov/2017:08:56:50 +0000] "GET /category/books HTTP/1.1" 200 122 "/category/books?from=0" "Mozilla/4.0 (compatible; MSIE 8.0; Windows NT 6.0; WOW64; Trident/4.0; GTB6; SLCC1; .NET CLR 2.0.50727; Media Center PC 5.0; .NET CLR 3.5.30729; .NET CLR 3.0.30618; .NET4.0C)"
104.156.80.128 - - [17/Nov/2017:08:56:55 +0000] "GET /item/jewelry/1473 HTTP/1.1" 200 48 "-" "Mozilla/5.0 (compatible; MSIE 9.0; Windows NT 6.1; Trident/5.0)"
68.111.65.149 - - [17/Nov/2017:08:57:00 +0000] "GET /item/sports/1884 HTTP/1.1" 200 105 "/category/games" "Mozilla/5.0 (Macintosh; Intel Mac OS X 10.6; rv:9.0.1) Gecko/20100101 Firefox/9.0.1"
176.228.179.33 - - [17/Nov/2017:08:57:05 +0000] "GET /category/electronics HTTP/1.1" 200 47 "/item/electronics/2699" "Mozilla/5.0 (compatible; MSIE 9.0; Windows NT 6.1; WOW64; Trident/5.0)"
72.27.184.75 - - [17/Nov/2017:08:57:10 +0000] "GET /category/electronics HTTP/1.1" 200 93 "-" "Mozilla/5.0 (compatible; MSIE 9.0; Windows NT 6.1; Trident/5.0)"
80.180.214.20 - - [17/Nov/2017:08:57:15 +0000] "POST /search/?c=Office+Electronics HTTP/1.1" 200 82 "/category/games" "Mozilla/5.0 (Windows NT 6.1; WOW64) AppleWebKit/535.7 (KHTML, like Gecko) Chrome/16.0.912.77 Safari/535.7"
152.39.30.145 - - [17/Nov/2017:08:57:20 +0000] "GET /category/networking HTTP/1.1" 200 83 "/category/software" "Mozilla/5.0 (Windows NT 6.0; rv:10.0.1) Gecko/20100101 Firefox/10.0.1"
140.159.183.92 - - [17/Nov/2017:08:57:25 +0000] "GET /category/electronics HTTP/1.1" 200 83 "/category/jewelry" "Mozilla/4.0 (compatible; MSIE 8.0; Windows NT 6.1; WOW64; Trident/4.0; GTB7.2; SLCC2; .NET CLR 2.0.50727; .NET CLR 3.5.30729; .NET CLR 3.0.30729; Media Center PC 6.0; .NET4.0C)"
176.63.110.119 - - [17/Nov/2017:08:57:30 +0000] "GET /item/health/2887 HTTP/1.1" 200 65 "/search/?c=Health" "Mozilla/5.0 (Windows NT 6.0; rv:10.0.1) Gecko/20100101 Firefox/10.0.1"
152.87.163.219 - - [17/Nov/2017:08:57:35 +0000] "GET /category/software HTTP/1.1" 200 40 "-" "Mozilla/5.0 (Windows NT 6.0) AppleWebKit/535.11 (KHTML, like Gecko) Chrome/17.0.963.56 Safari/535.11"
48.39.50.112 - - [17/Nov/2017:08:57:40 +0000] "GET /category/electronics HTTP/1.1" 200 49 "/item/electronics/1667" "Mozilla/5.0 (compatible; MSIE 9.0; Windows NT 6.1; Trident/5.0)"
64.102.84.121 - - [17/Nov/2017:08:57:45 +0000] "GET /category/cameras HTTP/1.1" 200 97 "-" "Mozilla/5.0 (Windows NT 6.0; rv:10.0.1) Gecko/20100101 Firefox/10.0.1"
108.225.225.104 - - [17/Nov/2017:08:57:50 +0000] "GET /item/electronics/2895 HTTP/1.1" 200 47 "/category/computers" "Mozilla/5.0 (iPad; CPU OS 5_0_1 like Mac OS X) AppleWebKit/534.46 (KHTML, like Gecko) Version/5.1 Mobile/9A405 Safari/7534.48.3"
144.123.122.206 - - [17/Nov/2017:08:57:55 +0000] "GET /item/giftcards/1476 HTTP/1.1" 200 113 "/search/?c=Giftcards" "Mozilla/5.0 (Windows NT 6.1; WOW64) AppleWebKit/535.7 (KHTML, like Gecko) Chrome/16.0.912.77 Safari/535.7"
164.177.22.225 - - [17/Nov/2017:08:58:00 +0000] "GET /category/books?from=10 HTTP/1.1" 200 86 "/category/books" "Mozilla/5.0 (Windows NT 5.1) AppleWebKit/535.11 (KHTML, like Gecko) Chrome/17.0.963.46 Safari/535.11"
148.75.141.188 - - [17/Nov/2017:08:58:05 +0000] "POST /search/?c=Electronics+Garden HTTP/1.1" 200 139 "-" "Mozilla/5.0 (compatible; Googlebot/2.1; +http://www.google.com/bot.html)"
224.177.34.186 - - [17/Nov/2017:08:58:10 +0000] "GET /category/office HTTP/1.1" 200 69 "-" "Mozilla/5.0 (Windows NT 5.1) AppleWebKit/535.11 (KHTML, like Gecko) Chrome/17.0.963.46 Safari/535.11"
56.117.147.155 - - [17/Nov/2017:08:58:15 +0000] "GET /category/giftcards?from=10 HTTP/1.1" 200 100 "-" "Mozilla/5.0 (compatible; Googlebot/2.1; +http://www.google.com/bot.html)"
40.105.210.146 - - [17/Nov/2017:08:58:20 +0000] "GET /item/toys/1733 HTTP/1.1" 200 117 "/category/toys" "Mozilla/5.0 (Windows NT 6.1; WOW64) AppleWebKit/535.11 (KHTML, like Gecko) Chrome/17.0.963.56 Safari/535.11"
200.69.111.217 - - [17/Nov/2017:08:58:25 +0000] "GET /category/books HTTP/1.1" 200 98 "/category/cameras?from=20" "Mozilla/5.0 (Windows NT 6.1; WOW64) AppleWebKit/535.11 (KHTML, like Gecko) Chrome/17.0.963.56 Safari/535.11"
40.174.209.108 - - [17/Nov/2017:08:58:30 +0000] "GET /item/games/4058 HTTP/1.1" 200 94 "/item/health/4912" "Mozilla/4.0 (compatible; MSIE 8.0; Windows NT 6.1; Trident/4.0; YTB730; SLCC2; .NET CLR 2.0.50727; .NET CLR 3.5.30729; .NET CLR 3.0.30729; Media Center PC 6.0; .NET4.0C)"
104.117.61.206 - - [17/Nov/2017:08:58:35 +0000] "GET /item/sports/1656 HTTP/1.1" 200 118 "/item/office/964" "Mozilla/5.0 (compatible; Googlebot/2.1; +http://www.google.com/bot.html)"
200.168.160.120 - - [17/Nov/2017:08:58:40 +0000] "GET /category/garden HTTP/1.1" 200 117 "/search/?c=Software+Electronics" "Mozilla/5.0 (compatible; MSIE 9.0; Windows NT 6.1; Trident/5.0)"
116.144.123.207 - - [17/Nov/2017:08:58:45 +0000] "GET /category/giftcards HTTP/1.1" 200 113 "/item/giftcards/905" "Mozilla/4.0 (compatible; MSIE 8.0; Windows NT 6.1; WOW64; Trident/4.0; YTB730; GTB7.2; SLCC2; .NET CLR 2.0.50727; .NET CLR 3.5.30729; .NET CLR 3.0.30729; .NET4.0C; .NET4.0E; Media Center PC 6.0)"
168.60.226.215 - - [17/Nov/2017:08:58:50 +0000] "GET /item/electronics/4947 HTTP/1.1" 200 124 "/category/books" "Mozilla/4.0 (compatible; MSIE 8.0; Windows NT 6.1; Trident/4.0; YTB730; SLCC2; .NET CLR 2.0.50727; .NET CLR 3.5.30729; .NET CLR 3.0.30729; Media Center PC 6.0; .NET4.0C)"
204.78.117.193 - - [17/Nov/2017:08:58:55 +0000] "GET /item/office/564 HTTP/1.1" 200 125 "/category/finance" "Mozilla/4.0 (compatible; MSIE 8.0; Windows NT 6.0; WOW64; Trident/4.0; GTB6; SLCC1; .NET CLR 2.0.50727; Media Center PC 5.0; .NET CLR 3.5.30729; .NET CLR 3.0.30618; .NET4.0C)"
56.150.202.109 - - [17/Nov/2017:08:59:00 +0000] "GET /category/games HTTP/1.1" 200 95 "-" "Mozilla/5.0 (Windows NT 6.1; WOW64) AppleWebKit/535.11 (KHTML, like Gecko) Chrome/17.0.963.56 Safari/535.11"
224.210.173.173 - - [17/Nov/2017:08:59:05 +0000] "GET /category/cameras?from=20 HTTP/1.1" 200 114 "/category/toys?from=20" "Mozilla/4.0 (compatible; MSIE 8.0; Windows NT 6.0; WOW64; Trident/4.0; GTB6; SLCC1; .NET CLR 2.0.50727; Media Center PC 5.0; .NET CLR 3.5.30729; .NET CLR 3.0.30618; .NET4.0C)"
100.165.48.87 - - [17/Nov/2017:08:59:10 +0000] "POST /search/?c=Software+Software HTTP/1.1" 200 123 "/category/software" "Mozilla/4.0 (compatible; MSIE 8.0; Windows NT 6.0; WOW64; Trident/4.0; GTB6; SLCC1; .NET CLR 2.0.50727; Media Center PC 5.0; .NET CLR 3.5.30729; .NET CLR 3.0.30618; .NET4.0C)"
140.72.172.206 - - [17/Nov/2017:08:59:15 +0000] "GET /category/electronics HTTP/1.1" 200 84 "/item/electronics/3271" "Mozilla/4.0 (compatible; MSIE 8.0; Windows NT 6.0; WOW64; Trident/4.0; GTB6; SLCC1; .NET CLR 2.0.50727; Media Center PC 5.0; .NET CLR 3.5.30729; .NET CLR 3.0.30618; .NET4.0C)"
224.36.20.68 - - [17/Nov/2017:08:59:20 +0000] "GET /item/office/564 HTTP/1.1" 200 125 "-" "Mozilla/5.0 (compatible; MSIE 9.0; Windows NT 6.1; WOW64; Trident/5.0)"
132.141.158.51 - - [17/Nov/2017:08:59:25 +0000] "GET /item/toys/3743 HTTP/1.1" 200 46 "/category/toys" "Mozilla/5.0 (compatible; Googlebot/2.1; +http://www.google.com/bot.html)"
112.84.123.124 - - [17/Nov/2017:08:59:30 +0000] "GET /item/jewelry/3466 HTTP/1.1" 200 130 "-" "Mozilla/5.0 (Windows NT 6.1; WOW64; rv:10.0.1) Gecko/20100101 Firefox/10.0.1"
24.48.22.162 - - [17/Nov/2017:08:59:35 +0000] "GET /category/networking?from=10 HTTP/1.1" 200 59 "/search/?c=Networking" "Mozilla/4.0 (compatible; MSIE 8.0; Windows NT 6.1; WOW64; Trident/4.0; YTB730; GTB7.2; EasyBits GO v1.0; SLCC2; .NET CLR 2.0.50727; .NET CLR 3.5.30729; .NET CLR 3.0.30729; Media Center PC 6.0; .NET4.0C)"
216.111.41.52 - - [17/Nov/2017:08:59:40 +0000] "GET /item/finance/3737 HTTP/1.1" 200 127 "-" "Mozilla/4.0 (compatible; MSIE 8.0; Windows NT 5.1; Trident/4.0; BTRS122159; GTB7.2; .NET CLR 1.1.4322; .NET CLR 2.0.50727; .NET CLR 3.0.04506.30; .NET CLR 3.0.4506.2152; .NET CLR 3.5.30729; BRI/2)"
168.39.135.79 - - [17/Nov/2017:08:59:45 +0000] "GET /category/books HTTP/1.1" 200 101 "/category/software" "Mozilla/5.0 (Windows NT 6.1; WOW64) AppleWebKit/535.7 (KHTML, like Gecko) Chrome/16.0.912.77 Safari/535.7"
32.39.91.121 - - [17/Nov/2017:08:59:50 +0000] "GET /category/software?from=0 HTTP/1.1" 200 91 "/category/books" "Mozilla/5.0 (Windows NT 6.1; WOW64; rv:10.0.1) Gecko/20100101 Firefox/10.0.1"
196.225.171.61 - - [17/Nov/2017:08:59:55 +0000] "GET /item/software/3371 HTTP/1.1" 200 121 "/search/?c=Software+Networking" "Mozilla/4.0 (compatible; MSIE 8.0; Windows NT 6.1; WOW64; Trident/4.0; YTB730; GTB7.2; SLCC2; .NET CLR 2.0.50727; .NET CLR 3.5.30729; .NET CLR 3.0.30729; .NET4.0C; .NET4.0E; Media Center PC 6.0)"
24.150.142.226 - - [17/Nov/2017:09:00:00 +0000] "POST /search/?c=Software+Software HTTP/1.1" 200 123 "/category/electronics" "Mozilla/5.0 (Windows NT 6.1; WOW64; rv:10.0.1) Gecko/20100101 Firefox/10.0.1"
176.87.116.29 - - [17/Nov/2017:09:00:05 +0000] "GET /category/software?from=20 HTTP/1.1" 200 100 "/item/electronics/1270" "Mozilla/5.0 (Windows NT 5.1) AppleWebKit/535.11 (KHTML, like Gecko) Chrome/17.0.963.46 Safari/535.11"
28.129.126.21 - - [17/Nov/2017:09:00:10 +0000] "GET /category/finance?from=20 HTTP/1.1" 200 122 "/category/office" "Mozilla/5.0 (Windows NT 6.0; rv:10.0.1) Gecko/20100101 Firefox/10.0.1"
100.168.183.82 - - [17/Nov/2017:09:00:15 +0000] "GET /category/games?from=20 HTTP/1.1" 200 42 "-" "Mozilla/5.0 (Windows NT 6.0) AppleWebKit/535.11 (KHTML, like Gecko) Chrome/17.0.963.56 Safari/535.11"
64.102.84.121 - - [17/Nov/2017:09:00:20 +0000] "GET /item/books/3156 HTTP/1.1" 200 102 "/category/toys?from=20" "Mozilla/5.0 (compatible; Googlebot/2.1; +http://www.google.com/bot.html)"
188.66.87.61 - - [17/Nov/2017:09:00:25 +0000] "GET /category/electronics HTTP/1.1" 200 68 "/category/toys" "Mozilla/5.0 (Macintosh; Intel Mac OS X 10.6; rv:9.0.1) Gecko/20100101 Firefox/9.0.1"
220.162.66.229 - - [17/Nov/2017:09:00:30 +0000] "GET /item/garden/1060 HTTP/1.1" 200 74 "/search/?c=Garden+Books" "Mozilla/5.0 (Windows NT 6.0; rv:10.0.1) Gecko/20100101 Firefox/10.0.1"
68.225.106.184 - - [17/Nov/2017:09:00:35 +0000] "GET /category/software?from=0 HTTP/1.1" 200 137 "/category/electronics" "Mozilla/5.0 (compatible; MSIE 9.0; Windows NT 6.1; Trident/5.0)"
20.84.216.48 - - [17/Nov/2017:09:00:40 +0000] "POST /search/?c=Garden+Electronics HTTP/1.1" 200 101 "/item/finance/1295" "Mozilla/5.0 (Macintosh; Intel Mac OS X 10.6; rv:9.0.1) Gecko/20100101 Firefox/9.0.1"
212.183.136.225 - - [17/Nov/2017:09:00:45 +0000] "GET /item/jewelry/1473 HTTP/1.1" 200 48 "/item/software/2103" "Mozilla/4.0 (compatible; MSIE 8.0; Windows NT 5.1; Trident/4.0; YTB720; GTB7.2; .NET CLR 1.1.4322; .NET CLR 2.0.50727; .NET CLR 3.0.4506.2152; .NET CLR 3.5.30729)"
152.150.62.199 - - [17/Nov/2017:09:00:50 +0000] "GET /category/software HTTP/1.1" 200 118 "-" "Mozilla/5.0 (compatible; MSIE 9.0; Windows NT 6.1; WOW64; Trident/5.0)"
208.117.69.117 - - [17/Nov/2017:09:00:55 +0000] "GET /item/garden/1912 HTTP/1.1" 200 84 "/category/garden" "Mozilla/5.0 (compatible; MSIE 9.0; Windows NT 6.1; Trident/5.0)"
160.222.46.45 - - [17/Nov/2017:09:01:00 +0000] "GET /category/music HTTP/1.1" 200 138 "/item/jewelry/2479" "Mozilla/5.0 (Windows NT 6.0) AppleWebKit/535.11 (KHTML, like Gecko) Chrome/17.0.963.56 Safari/535.11"
28.96.205.110 - - [17/Nov/2017:09:01:05 +0000] "GET /category/computers?from=20 HTTP/1.1" 200 62 "-" "Mozilla/5.0 (Macintosh; Intel Mac OS X 10.6; rv:9.0.1) Gecko/20100101 Firefox/9.0.1"
216.60.81.167 - - [17/Nov/2017:09:01:10 +0000] "GET /item/electronics/1828 HTTP/1.1" 200 57 "/category/software" "Mozilla/5.0 (Windows NT 6.1; WOW64; rv:10.0.1) Gecko/20100101 Firefox/10.0.1"
80.75.100.166 - - [17/Nov/2017:09:01:15 +0000] "GET /category/electronics HTTP/1.1" 200 97 "/search/?c=Electronics+Electronics" "Mozilla/4.0 (compatible; MSIE 8.0; Windows NT 5.1; Trident/4.0; YTB720; GTB7.2; .NET CLR 1.1.4322; .NET CLR 2.0.50727; .NET CLR 3.0.4506.2152; .NET CLR 3.5.30729)"
136.165.204.44 - - [17/Nov/2017:09:01:20 +0000] "GET /item/electronics/3298 HTTP/1.1" 200 93 "/item/electronics/4807" "Mozilla/5.0 (Windows NT 6.0; rv:10.0.1) Gecko/20100101 Firefox/10.0.1"
216.177.75.217 - - [17/Nov/2017:09:01:25 +0000] "GET /category/electronics HTTP/1.1" 200 64 "-" "Mozilla/5.0 (Macintosh; Intel Mac OS X 10.6; rv:9.0.1) Gecko/20100101 Firefox/9.0.1"
216.129.86.169 - - [17/Nov/2017:09:01:30 +0000] "GET /category/health HTTP/1.1" 200 104 "/category/cameras" "Mozilla/5.0 (Windows NT 6.1; WOW64) AppleWebKit/535.7 (KHTML, like Gecko) Chrome/16.0.912.77 Safari/535.7"
164.78.138.100 - - [17/Nov/2017:09:01:35 +0000] "GET /category/electronics HTTP/1.1" 200 72 "/item/electronics/4947" "Mozilla/5.0 (Macintosh; Intel Mac OS X 10.6; rv:9.0.1) Gecko/20100101 Firefox/9.0.1"
144.27.80.155 - - [17/Nov/2017:09:01:40 +0000] "GET /item/jewelry/2593 HTTP/1.1" 200 118 "/category/jewelry" "Mozilla/5.0 (compatible; MSIE 9.0; Windows NT 6.1; WOW64; Trident/5.0)"
80.39.121.152 - - [17/Nov/2017:09:01:45 +0000] "GET /category/garden HTTP/1.1" 200 78 "-" "Mozilla/5.0 (compatible; MSIE 9.0; Windows NT 6.1; Trident/5.0)"
148.219.89.124 - - [17/Nov/2017:09:01:50 +0000] "GET /item/electronics/3842 HTTP/1.1" 200 50 "/category/books" "Mozilla/5.0 (Windows NT 6.0; rv:10.0.1) Gecko/20100101 Firefox/10.0.1"
112.186.182.189 - - [17/Nov/2017:09:01:55 +0000] "POST /search/?c=Software+Software HTTP/1.1" 200 114 "/item/toys/1044" "Mozilla/5.0 (Windows NT 5.1) AppleWebKit/535.11 (KHTML, like Gecko) Chrome/17.0.963.46 Safari/535.11"
108.78.86.154 - - [17/Nov/2017:09:02:00 +0000] "GET /category/garden?from=20 HTTP/1.1" 200 86 "/item/giftcards/3907" "Mozilla/5.0 (compatible; MSIE 9.0; Windows NT 6.1; Trident/5.0)"
72.87.167.83 - - [17/Nov/2017:09:02:05 +0000] "GET /category/electronics HTTP/1.1" 200 52 "-" "Mozilla/4.0 (compatible; MSIE 8.0; Windows NT 6.1; WOW64; Trident/4.0; GTB7.2; SLCC2; .NET CLR 2.0.50727; .NET CLR 3.5.30729; .NET CLR 3.0.30729; Media Center PC 6.0; .NET4.0C)"
80.39.121.152 - - [17/Nov/2017:09:02:10 +0000] "GET /item/software/3961 HTTP/1.1" 200 86 "/category/health" "Mozilla/5.0 (Windows NT 5.1) AppleWebKit/535.11 (KHTML, like Gecko) Chrome/17.0.963.46 Safari/535.11"
136.54.219.130 - - [17/Nov/2017:09:02:15 +0000] "GET /item/books/1573 HTTP/1.1" 200 72 "/search/?c=Books+Electronics" "Mozilla/5.0 (compatible; MSIE 9.0; Windows NT 6.1; Trident/5.0)"
128.87.206.114 - - [17/Nov/2017:09:02:20 +0000] "POST /search/?c=Giftcards+Music HTTP/1.1" 200 118 "-" "Mozilla/5.0 (Windows NT 6.0; rv:10.0.1) Gecko/20100101 Firefox/10.0.1"
124.108.42.189 - - [17/Nov/2017:09:02:25 +0000] "POST /search/?c=Finance HTTP/1.1" 200 122 "/item/books/2649" "Mozilla/4.0 (compatible; MSIE 8.0; Windows NT 5.1; Trident/4.0; YTB720; GTB7.2; .NET CLR 1.1.4322; .NET CLR 2.0.50727; .NET CLR 3.0.4506.2152; .NET CLR 3.5.30729)"
192.51.157.22 - - [17/Nov/2017:09:02:30 +0000] "GET /category/cameras?from=20 HTTP/1.1" 200 114 "/category/toys?from=20" "Mozilla/5.0 (Macintosh; Intel Mac OS X 10.6; rv:9.0.1) Gecko/20100101 Firefox/9.0.1"
160.156.210.144 - - [17/Nov/2017:09:02:35 +0000] "GET /item/jewelry/428 HTTP/1.1" 200 53 "http://www.google.com/search?ie=UTF-8&q=google&sclient=psy-ab&q=Jewelry+Cameras&oq=Jewelry+Cameras&aq=f&aqi=g-vL1&aql=&pbx=1&bav=on.2,or.r_gc.r_pw.r_qf.,cf.osb&biw=484&bih=532" "Mozilla/5.0 (iPad; CPU OS 5_0_1 like Mac OS X) AppleWebKit/534.46 (KHTML, like Gecko) Version/5.1 Mobile/9A405 Safari/7534.48.3"
208.174.27.69 - - [17/Nov/2017:09:02:40 +0000] "GET /category/electronics HTTP/1.1" 200 82 "/category/giftcards" "Mozilla/5.0 (compatible; MSIE 9.0; Windows NT 6.1; Trident/5.0)"
92.147.222.43 - - [17/Nov/2017:09:02:45 +0000] "GET /category/books HTTP/1.1" 200 84 "/category/jewelry" "Mozilla/5.0 (Windows NT 6.0) AppleWebKit/535.11 (KHTML, like Gecko) Chrome/17.0.963.56 Safari/535.11"
188.69.32.39 - - [17/Nov/2017:09:02:50 +0000] "GET /category/software?from=0 HTTP/1.1" 200 126 "/category/electronics" "Mozilla/5.0 (compatible; MSIE 9.0; Windows NT 6.1; WOW64; Trident/5.0)"
56.222.168.46 - - [17/Nov/2017:09:02:55 +0000] "GET /item/software/2490 HTTP/1.1" 200 51 "-" "Mozilla/5.0 (Windows NT 6.0) AppleWebKit/535.11 (KHTML, like Gecko) Chrome/17.0.963.56 Safari/535.11"
44.189.22.22 - - [17/Nov/2017:09:03:00 +0000] "GET /category/computers HTTP/1.1" 200 103 "-" "Mozilla/5.0 (Windows NT 6.1; WOW64) AppleWebKit/535.7 (KHTML, like Gecko) Chrome/16.0.912.77 Safari/535.7"
152.120.32.93 - - [17/Nov/2017:09:03:05 +0000] "GET /item/electronics/2374 HTTP/1.1" 200 96 "-" "Mozilla/4.0 (compatible; MSIE 8.0; Windows NT 5.1; Trident/4.0; BTRS122159; GTB7.2; .NET CLR 1.1.4322; .NET CLR 2.0.50727; .NET CLR 3.0.04506.30; .NET CLR 3.0.4506.2152; .NET CLR 3.5.30729; BRI/2)"
224.192.171.198 - - [17/Nov/2017:09:03:10 +0000] "GET /category/sports?from=10 HTTP/1.1" 200 52 "/item/jewelry/2479" "Mozilla/5.0 (Macintosh; Intel Mac OS X 10.6; rv:9.0.1) Gecko/20100101 Firefox/9.0.1"
224.189.104.73 - - [17/Nov/2017:09:03:15 +0000] "GET /item/jewelry/4114 HTTP/1.1" 404 139 "/category/electronics" "Mozilla/5.0 (Windows NT 6.1; WOW64) AppleWebKit/535.11 (KHTML, like Gecko) Chrome/17.0.963.56 Safari/535.11"
80.186.195.122 - - [17/Nov/2017:09:03:20 +0000] "GET /item/electronics/2426 HTTP/1.1" 200 91 "/item/garden/2199" "Mozilla/5.0 (Windows NT 6.1; WOW64; rv:10.0.1) Gecko/20100101 Firefox/10.0.1"
48.75.157.55 - - [17/Nov/2017:09:03:25 +0000] "GET /item/garden/1634 HTTP/1.1" 200 43 "/category/office" "Mozilla/5.0 (Windows NT 6.0) AppleWebKit/535.11 (KHTML, like Gecko) Chrome/17.0.963.56 Safari/535.11"
60.72.43.103 - - [17/Nov/2017:09:03:30 +0000] "GET /item/finance/1103 HTTP/1.1" 200 109 "/category/finance" "Mozilla/5.0 (Windows NT 6.0) AppleWebKit/535.11 (KHTML, like Gecko) Chrome/17.0.963.56 Safari/535.11"
164.120.51.110 - - [17/Nov/2017:09:03:35 +0000] "GET /category/software HTTP/1.1" 200 92 "-" "Mozilla/4.0 (compatible; MSIE 8.0; Windows NT 5.1; Trident/4.0; BTRS122159; GTB7.2; .NET CLR 1.1.4322; .NET CLR 2.0.50727; .NET CLR 3.0.04506.30; .NET CLR 3.0.4506.2152; .NET CLR 3.5.30729; BRI/2)"
176.84.117.57 - - [17/Nov/2017:09:03:40 +0000] "POST /search/?c=Electronics+Games HTTP/1.1" 200 88 "-" "Mozilla/4.0 (compatible; MSIE 8.0; Windows NT 5.1; Trident/4.0; YTB720; GTB7.2; .NET CLR 1.1.4322; .NET CLR 2.0.50727; .NET CLR 3.0.4506.2152; .NET CLR 3.5.30729)"
100.171.120.84 - - [17/Nov/2017:09:03:45 +0000] "GET /item/cameras/3320 HTTP/1.1" 200 109 "/search/?c=Cameras+Books" "Mozilla/4.0 (compatible; MSIE 8.0; Windows NT 6.1; WOW64; Trident/4.0; YTB730; GTB7.2; EasyBits GO v1.0; SLCC2; .NET CLR 2.0.50727; .NET CLR 3.5.30729; .NET CLR 3.0.30729; Media Center PC 6.0; .NET4.0C)"
212.174.138.139 - - [17/Nov/2017:09:03:50 +0000] "GET /category/electronics HTTP/1.1" 200 137 "-" "Mozilla/5.0 (Macintosh; Intel Mac OS X 10.6; rv:9.0.1) Gecko/20100101 Firefox/9.0.1"
76.90.203.178 - - [17/Nov/2017:09:03:55 +0000] "GET /category/jewelry HTTP/1.1" 200 138 "/category/networking" "Mozilla/5.0 (Windows NT 6.1; WOW64; rv:10.0.1) Gecko/20100101 Firefox/10.0.1"
136.138.38.142 - - [17/Nov/2017:09:04:00 +0000] "GET /category/jewelry HTTP/1.1" 200 107 "/item/software/3586" "Mozilla/5.0 (Windows NT 6.1; WOW64) AppleWebKit/535.11 (KHTML, like Gecko) Chrome/17.0.963.56 Safari/535.11"
112.105.131.47 - - [17/Nov/2017:09:04:05 +0000] "GET /item/books/4322 HTTP/1.1" 200 44 "http://www.google.com/search?ie=UTF-8&q=google&sclient=psy-ab&q=Books+Books&oq=Books+Books&aq=f&aqi=g-vL1&aql=&pbx=1&bav=on.2,or.r_gc.r_pw.r_qf.,cf.osb&biw=199&bih=391" "Mozilla/5.0 (Macintosh; Intel Mac OS X 10.6; rv:9.0.1) Gecko/20100101 Firefox/9.0.1"
40.54.165.166 - - [17/Nov/2017:09:04:10 +0000] "GET /category/office HTTP/1.1" 200 117 "/category/office" "Mozilla/5.0 (Windows NT 6.0; rv:10.0.1) Gecko/20100101 Firefox/10.0.1"
164.165.47.101 - - [17/Nov/2017:09:04:15 +0000] "GET /category/cameras HTTP/1.1" 200 106 "-" "Mozilla/5.0 (Windows NT 6.1; WOW64) AppleWebKit/535.11 (KHTML, like Gecko) Chrome/17.0.963.56 Safari/535.11"
48.201.198.145 - - [17/Nov/2017:09:04:20 +0000] "GET /category/software HTTP/1.1" 200 104 "/item/electronics/4629" "Mozilla/4.0 (compatible; MSIE 8.0; Windows NT 5.1; Trident/4.0; BTRS122159; GTB7.2; .NET CLR 1.1.4322; .NET CLR 2.0.50727; .NET CLR 3.0.04506.30; .NET CLR 3.0.4506.2152; .NET CLR 3.5.30729; BRI/2)"
204.75.217.225 - - [17/Nov/2017:09:04:25 +0000] "GET /category/books HTTP/1.1" 200 49 "/category/networking" "Mozilla/5.0 (Macintosh; Intel Mac OS X 10.6; rv:9.0.1) Gecko/20100101 Firefox/9.0.1"
48.54.101.46 - - [17/Nov/2017:09:04:30 +0000] "GET /item/office/393 HTTP/1.1" 200 128 "/item/health/1329" "Mozilla/5.0 (compatible; MSIE 9.0; Windows NT 6.1; Trident/5.0)"
176.45.198.120 - - [17/Nov/2017:09:04:35 +0000] "GET /item/electronics/2972 HTTP/1.1" 200 130 "-" "Mozilla/5.0 (compatible; MSIE 9.0; Windows NT 6.1; WOW64; Trident/5.0)"
72.111.113.84 - - [17/Nov/2017:09:04:40 +0000] "GET /category/games HTTP/1.1" 200 71 "/item/electronics/367" "Mozilla/5.0 (iPad; CPU OS 5_0_1 like Mac OS X) AppleWebKit/534.46 (KHTML, like Gecko) Version/5.1 Mobile/9A405 Safari/7534.48.3"
32.63.131.213 - - [17/Nov/2017:09:04:45 +0000] "POST /search/?c=Cameras HTTP/1.1" 200 132 "/category/computers" "Mozilla/5.0 (Windows NT 6.0; rv:10.0.1) Gecko/20100101 Firefox/10.0.1"
52.27.56.220 - - [17/Nov/2017:09:04:50 +0000] "GET /item/giftcards/4231 HTTP/1.1" 200 52 "http://www.google.com/search?ie=UTF-8&q=google&sclient=psy-ab&q=Giftcards+Books&oq=Giftcards+Books&aq=f&aqi=g-vL1&aql=&pbx=1&bav=on.2,or.r_gc.r_pw.r_qf.,cf.osb&biw=3256&bih=251" "Mozilla/5.0 (compatible; MSIE 9.0; Windows NT 6.1; Trident/5.0)"
208.183.145.211 - - [17/Nov/2017:09:04:55 +0000] "GET /category/computers?from=0 HTTP/1.1" 200 40 "/search/?c=Electronics+Sports" "Mozilla/5.0 (Windows NT 6.1; WOW64) AppleWebKit/535.11 (KHTML, like Gecko) Chrome/17.0.963.56 Safari/535.11"
88.27.37.78 - - [17/Nov/2017:09:05:00 +0000] "POST /search/?c=Books+Jewelry HTTP/1.1" 200 61 "-" "Mozilla/5.0 (Macintosh; Intel Mac OS X 10.6; rv:9.0.1) Gecko/20100101 Firefox/9.0.1"
212.189.47.176 - - [17/Nov/2017:09:05:05 +0000] "GET /category/software HTTP/1.1" 200 43 "/category/games" "Mozilla/5.0 (iPhone; CPU iPhone OS 5_0_1 like Mac OS X) AppleWebKit/534.46 (KHTML, like Gecko) Version/5.1 Mobile/9A405 Safari/7534.48.3"
196.63.209.217 - - [17/Nov/2017:09:05:10 +0000] "GET /category/software HTTP/1.1" 200 123 "/category/software?from=0" "Mozilla/5.0 (Macintosh; Intel Mac OS X 10.6; rv:9.0.1) Gecko/20100101 Firefox/9.0.1"
48.54.101.46 - - [17/Nov/2017:09:05:15 +0000] "GET /category/books?from=10 HTTP/1.1" 200 86 "-" "Mozilla/5.0 (Macintosh; Intel Mac OS X 10.6; rv:9.0.1) Gecko/20100101 Firefox/9.0.1"
120.111.204.203 - - [17/Nov/2017:09:05:20 +0000] "GET /category/electronics HTTP/1.1" 200 117 "/category/finance" "Mozilla/4.0 (compatible; MSIE 8.0; Windows NT 6.1; WOW64; Trident/4.0; YTB730; GTB7.2; SLCC2; .NET CLR 2.0.50727; .NET CLR 3.5.30729; .NET CLR 3.0.30729; .NET4.0C; .NET4.0E; Media Center PC 6.0)"
144.180.57.180 - - [17/Nov/2017:09:05:25 +0000] "GET /item/health/1862 HTTP/1.1" 200 89 "/search/?c=Health" "Mozilla/5.0 (Windows NT 6.1; WOW64) AppleWebKit/535.7 (KHTML, like Gecko) Chrome/16.0.912.77 Safari/535.7"
220.165.214.67 - - [17/Nov/2017:09:05:30 +0000] "GET /item/jewelry/1164 HTTP/1.1" 200 106 "/category/books?from=10" "Mozilla/5.0 (Windows NT 6.1; WOW64) AppleWebKit/535.11 (KHTML, like Gecko) Chrome/17.0.963.56 Safari/535.11"
124.48.209.187 - - [17/Nov/2017:09:05:35 +0000] "GET /category/toys HTTP/1.1" 200 125 "/category/software" "Mozilla/5.0 (Windows NT 6.1; WOW64) AppleWebKit/535.7 (KHTML, like Gecko) Chrome/16.0.912.77 Safari/535.7"
200.69.111.217 - - [17/Nov/2017:09:05:40 +0000] "GET /category/garden HTTP/1.1" 200 134 "/category/networking" "Mozilla/5.0 (Windows NT 6.1; WOW64) AppleWebKit/535.11 (KHTML, like Gecko) Chrome/17.0.963.56 Safari/535.11"
92.186.177.75 - - [17/Nov/2017:09:05:45 +0000] "GET /item/electronics/4248 HTTP/1.1" 200 48 "/category/books" "Mozilla/5.0 (Windows NT 6.0; rv:10.0.1) Gecko/20100101 Firefox/10.0.1"
96.159.160.163 - - [17/Nov/2017:09:05:50 +0000] "GET /category/games HTTP/1.1" 200 114 "/category/books" "Mozilla/5.0 (Windows NT 6.1; WOW64; rv:10.0.1) Gecko/20100101 Firefox/10.0.1"
108.78.41.69 - - [17/Nov/2017:09:05:55 +0000] "GET /category/software HTTP/1.1" 200 98 "-" "Mozilla/5.0 (compatible; MSIE 9.0; Windows NT 6.1; WOW64; Trident/5.0)"
188.210.194.32 - - [17/Nov/2017:09:06:00 +0000] "GET /category/garden HTTP/1.1" 200 111 "-" "Mozilla/5.0 (Macintosh; Intel Mac OS X 10.6; rv:9.0.1) Gecko/20100101 Firefox/9.0.1"
184.99.31.112 - - [17/Nov/2017:09:06:05 +0000] "GET /item/jewelry/2479 HTTP/1.1" 200 126 "/item/games/152" "Mozilla/5.0 (Windows NT 6.1; WOW64) AppleWebKit/535.7 (KHTML, like Gecko) Chrome/16.0.912.77 Safari/535.7"
28.201.26.192 - - [17/Nov/2017:09:06:10 +0000] "GET /item/software/2490 HTTP/1.1" 200 51 "/search/?c=Software+Jewelry" "Mozilla/5.0 (Windows NT 6.1; WOW64) AppleWebKit/535.7 (KHTML, like Gecko) Chrome/16.0.912.77 Safari/535.7"
76.216.93.173 - - [17/Nov/2017:09:06:15 +0000] "POST /search/?c=Software+Networking HTTP/1.1" 200 104 "/search/?c=Electronics+Garden" "Mozilla/4.0 (compatible; MSIE 8.0; Windows NT 6.1; WOW64; Trident/4.0; YTB730; GTB7.2; SLCC2; .NET CLR 2.0.50727; .NET CLR 3.5.30729; .NET CLR 3.0.30729; .NET4.0C; .NET4.0E; Media Center PC 6.0)"
68.156.204.168 - - [17/Nov/2017:09:06:20 +0000] "GET /category/electronics HTTP/1.1" 200 57 "/category/software" "Mozilla/4.0 (compatible; MSIE 8.0; Windows NT 6.1; WOW64; Trident/4.0; YTB730; GTB7.2; EasyBits GO v1.0; SLCC2; .NET CLR 2.0.50727; .NET CLR 3.5.30729; .NET CLR 3.0.30729; Media Center PC 6.0; .NET4.0C)"
76.114.187.160 - - [17/Nov/2017:09:06:25 +0000] "POST /search/?c=Books HTTP/1.1" 200 40 "-" "Mozilla/5.0 (compatible; MSIE 9.0; Windows NT 6.1; Trident/5.0)"
36.51.160.119 - - [17/Nov/2017:09:06:30 +0000] "GET /category/electronics HTTP/1.1" 200 118 "/item/electronics/1079" "Mozilla/5.0 (compatible; MSIE 9.0; Windows NT 6.1; Trident/5.0)"
100.48.203.91 - - [17/Nov/2017:09:06:35 +0000] "GET /item/office/4792 HTTP/1.1" 200 56 "/category/health" "Mozilla/4.0 (compatible; MSIE 8.0; Windows NT 6.1; Trident/4.0; YTB730; SLCC2; .NET CLR 2.0.50727; .NET CLR 3.5.30729; .NET CLR 3.0.30729; Media Center PC 6.0; .NET4.0C)"
216.192.151.63 - - [17/Nov/2017:09:06:40 +0000] "GET /category/electronics HTTP/1.1" 200 101 "-" "Mozilla/5.0 (Windows NT 6.1; WOW64; rv:10.0.1) Gecko/20100101 Firefox/10.0.1"
228.111.87.205 - - [17/Nov/2017:09:06:45 +0000] "GET /item/games/2268 HTTP/1.1" 200 100 "-" "Mozilla/5.0 (Windows NT 6.1; WOW64) AppleWebKit/535.7 (KHTML, like Gecko) Chrome/16.0.912.77 Safari/535.7"
144.210.145.43 - - [17/Nov/2017:09:06:50 +0000] "GET /category/books HTTP/1.1" 200 93 "-" "Mozilla/5.0 (Windows NT 6.1; WOW64) AppleWebKit/535.11 (KHTML, like Gecko) Chrome/17.0.963.56 Safari/535.11"
36.219.202.185 - - [17/Nov/2017:09:06:55 +0000] "GET /item/finance/3479 HTTP/1.1" 200 85 "/search/?c=Electronics+Books" "Mozilla/5.0 (iPhone; CPU iPhone OS 5_0_1 like Mac OS X) AppleWebKit/534.46 (KHTML, like Gecko) Version/5.1 Mobile/9A405 Safari/7534.48.3"
168.183.144.126 - - [17/Nov/2017:09:07:00 +0000] "GET /item/software/517 HTTP/1.1" 200 123 "http://www.google.com/search?ie=UTF-8&q=google&sclient=psy-ab&q=Software&oq=Software&aq=f&aqi=g-vL1&aql=&pbx=1&bav=on.2,or.r_gc.r_pw.r_qf.,cf.osb&biw=1158&bih=371" "Mozilla/5.0 (Macintosh; Intel Mac OS X 10.6; rv:9.0.1) Gecko/20100101 Firefox/9.0.1"
24.150.47.136 - - [17/Nov/2017:09:07:05 +0000] "GET /item/health/2423 HTTP/1.1" 200 131 "/category/health" "Mozilla/5.0 (Macintosh; Intel Mac OS X 10.6; rv:9.0.1) Gecko/20100101 Firefox/9.0.1"
196.63.209.217 - - [17/Nov/2017:09:07:10 +0000] "GET /category/software HTTP/1.1" 200 119 "-" "Mozilla/5.0 (compatible; MSIE 9.0; Windows NT 6.1; WOW64; Trident/5.0)"
204.111.23.227 - - [17/Nov/2017:09:07:15 +0000] "GET /category/electronics HTTP/1.1" 200 102 "-" "Mozilla/5.0 (compatible; MSIE 9.0; Windows NT 6.1; WOW64; Trident/5.0)"
156.174.158.57 - - [17/Nov/2017:09:07:20 +0000] "GET /item/electronics/2699 HTTP/1.1" 200 124 "/search/?c=Electronics" "Mozilla/4.0 (compatible; MSIE 8.0; Windows NT 6.0; WOW64; Trident/4.0; GTB6; SLCC1; .NET CLR 2.0.50727; Media Center PC 5.0; .NET CLR 3.5.30729; .NET CLR 3.0.30618; .NET4.0C)"
44.102.75.27 - - [17/Nov/2017:09:07:25 +0000] "POST /search/?c=Jewelry HTTP/1.1" 200 100 "/item/jewelry/2479" "Mozilla/5.0 (compatible; Googlebot/2.1; +http://www.google.com/bot.html)"
112.93.23.140 - - [17/Nov/2017:09:07:30 +0000] "GET /category/software HTTP/1.1" 200 73 "-" "Mozilla/5.0 (Windows NT 6.0; rv:10.0.1) Gecko/20100101 Firefox/10.0.1"
164.120.51.110 - - [17/Nov/2017:09:07:35 +0000] "GET /category/finance HTTP/1.1" 200 91 "/category/jewelry" "Mozilla/4.0 (compatible; MSIE 8.0; Windows NT 6.1; WOW64; Trident/4.0; YTB730; GTB7.2; EasyBits GO v1.0; SLCC2; .NET CLR 2.0.50727; .NET CLR 3.5.30729; .NET CLR 3.0.30729; Media Center PC 6.0; .NET4.0C)"
164.198.33.36 - - [17/Nov/2017:09:07:40 +0000] "GET /category/jewelry?from=20 HTTP/1.1" 200 127 "/category/jewelry" "Mozilla/5.0 (iPad; CPU OS 5_0_1 like Mac OS X) AppleWebKit/534.46 (KHTML, like Gecko) Version/5.1 Mobile/9A405 Safari/7534.48.3"
72.138.197.227 - - [17/Nov/2017:09:07:45 +0000] "GET /category/electronics HTTP/1.1" 200 52 "/category/games" "Mozilla/4.0 (compatible; MSIE 8.0; Windows NT 5.1; Trident/4.0; YTB720; GTB7.2; .NET CLR 1.1.4322; .NET CLR 2.0.50727; .NET CLR 3.0.4506.2152; .NET CLR 3.5.30729)"
168.210.175.118 - - [17/Nov/2017:09:07:50 +0000] "GET /item/games/1490 HTTP/1.1" 200 47 "/search/?c=Toys+Toys" "Mozilla/5.0 (compatible; MSIE 9.0; Windows NT 6.1; WOW64; Trident/5.0)"
192.108.192.88 - - [17/Nov/2017:09:07:55 +0000] "GET /category/books?from=10 HTTP/1.1" 200 86 "-" "Mozilla/5.0 (Macintosh; Intel Mac OS X 10.6; rv:9.0.1) Gecko/20100101 Firefox/9.0.1"
152.159.202.129 - - [17/Nov/2017:09:08:00 +0000] "GET /item/electronics/1042 HTTP/1.1" 200 130 "/category/software" "Mozilla/5.0 (compatible; MSIE 9.0; Windows NT 6.1; WOW64; Trident/5.0)"
68.78.152.172 - - [17/Nov/2017:09:08:05 +0000] "POST /search/?c=Software HTTP/1.1" 200 98 "-" "Mozilla/5.0 (Macintosh; Intel Mac OS X 10.6; rv:9.0.1) Gecko/20100101 Firefox/9.0.1"
88.63.121.43 - - [17/Nov/2017:09:08:10 +0000] "GET /category/toys HTTP/1.1" 200 128 "-" "Mozilla/4.0 (compatible; MSIE 8.0; Windows NT 6.0; WOW64; Trident/4.0; GTB6; SLCC1; .NET CLR 2.0.50727; Media Center PC 5.0; .NET CLR 3.5.30729; .NET CLR 3.0.30618; .NET4.0C)"
212.171.62.26 - - [17/Nov/2017:09:08:15 +0000] "GET /category/electronics HTTP/1.1" 200 93 "-" "Mozilla/5.0 (Windows NT 6.1; WOW64) AppleWebKit/535.11 (KHTML, like Gecko) Chrome/17.0.963.56 Safari/535.11"
92.72.135.226 - - [17/Nov/2017:09:08:20 +0000] "GET /item/books/1440 HTTP/1.1" 200 108 "/search/?c=Books" "Mozilla/5.0 (Windows NT 6.1; WOW64) AppleWebKit/535.7 (KHTML, like Gecko) Chrome/16.0.912.77 Safari/535.7"
156.129.86.124 - - [17/Nov/2017:09:08:25 +0000] "GET /category/software HTTP/1.1" 200 106 "/item/electronics/1706" "Mozilla/5.0 (Windows NT 6.0) AppleWebKit/535.11 (KHTML, like Gecko) Chrome/17.0.963.56 Safari/535.11"
20.135.151.124 - - [17/Nov/2017:09:08:30 +0000] "GET /item/games/905 HTTP/1.1" 200 55 "/search/?c=Games" "Mozilla/5.0 (Windows NT 6.1; WOW64) AppleWebKit/535.11 (KHTML, like Gecko) Chrome/17.0.963.56 Safari/535.11"
188.54.62.28 - - [17/Nov/2017:09:08:35 +0000] "GET /category/electronics HTTP/1.1" 200 131 "-" "Mozilla/4.0 (compatible; MSIE 8.0; Windows NT 6.0; WOW64; Trident/4.0; GTB6; SLCC1; .NET CLR 2.0.50727; Media Center PC 5.0; .NET CLR 3.5.30729; .NET CLR 3.0.30618; .NET4.0C)"
180.60.171.28 - - [17/Nov/2017:09:08:40 +0000] "GET /category/garden HTTP/1.1" 200 86 "http://www.google.com/search?ie=UTF-8&q=google&sclient=psy-ab&q=Garden+Books&oq=Garden+Books&aq=f&aqi=g-vL1&aql=&pbx=1&bav=on.2,or.r_gc.r_pw.r_qf.,cf.osb&biw=2366&bih=577" "Mozilla/5.0 (compatible; MSIE 9.0; Windows NT 6.1; Trident/5.0)"
200.207.132.97 - - [17/Nov/2017:09:08:45 +0000] "GET /item/electronics/1195 HTTP/1.1" 200 46 "/category/cameras" "Mozilla/5.0 (Windows NT 6.0) AppleWebKit/535.11 (KHTML, like Gecko) Chrome/17.0.963.56 Safari/535.11"
196.78.91.172 - - [17/Nov/2017:09:08:50 +0000] "GET /category/health HTTP/1.1" 200 119 "/item/software/2487" "Mozilla/5.0 (Windows NT 6.1; WOW64; rv:10.0.1) Gecko/20100101 Firefox/10.0.1"
164.195.181.157 - - [17/Nov/2017:09:08:55 +0000] "GET /item/electronics/2128 HTTP/1.1" 200 128 "http://www.google.com/search?ie=UTF-8&q=google&sclient=psy-ab&q=Electronics+Electronics&oq=Electronics+Electronics&aq=f&aqi=g-vL1&aql=&pbx=1&bav=on.2,or.r_gc.r_pw.r_qf.,cf.osb&biw=4857&bih=486" "Mozilla/4.0 (compatible; MSIE 8.0; Windows NT 6.0; WOW64; Trident/4.0; GTB6; SLCC1; .NET CLR 2.0.50727; Media Center PC 5.0; .NET CLR 3.5.30729; .NET CLR 3.0.30618; .NET4.0C)"
92.99.34.90 - - [17/Nov/2017:09:09:00 +0000] "GET /category/office HTTP/1.1" 200 44 "-" "Mozilla/4.0 (compatible; MSIE 8.0; Windows NT 6.1; WOW64; Trident/4.0; GTB7.2; SLCC2; .NET CLR 2.0.50727; .NET CLR 3.5.30729; .NET CLR 3.0.30729; Media Center PC 6.0; .NET4.0C)"
24.156.128.139 - - [17/Nov/2017:09:09:05 +0000] "GET /category/jewelry HTTP/1.1" 200 111 "-" "Mozilla/5.0 (Windows NT 6.0; rv:10.0.1) Gecko/20100101 Firefox/10.0.1"
188.111.114.167 - - [17/Nov/2017:09:09:10 +0000] "POST /search/?c=Office HTTP/1.1" 200 138 "/category/books" "Mozilla/4.0 (compatible; MSIE 8.0; Windows NT 6.1; WOW64; Trident/4.0; YTB730; GTB7.2; EasyBits GO v1.0; SLCC2; .NET CLR 2.0.50727; .NET CLR 3.5.30729; .NET CLR 3.0.30729; Media Center PC 6.0; .NET4.0C)"
56.153.218.154 - - [17/Nov/2017:09:09:15 +0000] "POST /search/?c=Cameras+Books HTTP/1.1" 200 87 "/search/?c=Cameras" "Mozilla/5.0 (Windows NT 5.1) AppleWebKit/535.11 (KHTML, like Gecko) Chrome/17.0.963.46 Safari/535.11"
72.156.195.112 - - [17/Nov/2017:09:09:20 +0000] "GET /item/electronics/3983 HTTP/1.1" 200 47 "/search/?c=Software" "Mozilla/5.0 (compatible; MSIE 9.0; Windows NT 6.1; Trident/5.0)"
104.24.39.126 - - [17/Nov/2017:09:09:25 +0000] "GET /category/finance?from=20 HTTP/1.1" 200 122 "/category/electronics" "Mozilla/5.0 (Macintosh; Intel Mac OS X 10.6; rv:9.0.1) Gecko/20100101 Firefox/9.0.1"
188.165.183.191 - - [17/Nov/2017:09:09:30 +0000] "GET /item/cameras/3320 HTTP/1.1" 200 109 "-" "Mozilla/4.0 (compatible; MSIE 8.0; Windows NT 6.1; WOW64; Trident/4.0; YTB730; GTB7.2; SLCC2; .NET CLR 2.0.50727; .NET CLR 3.5.30729; .NET CLR 3.0.30729; .NET4.0C; .NET4.0E; Media Center PC 6.0)"
92.117.108.135 - - [17/Nov/2017:09:09:35 +0000] "GET /category/software?from=20 HTTP/1.1" 200 49 "/search/?c=Software" "Mozilla/5.0 (Windows NT 6.1; WOW64; rv:10.0.1) Gecko/20100101 Firefox/10.0.1"
64.210.40.162 - - [17/Nov/2017:09:09:40 +0000] "GET /item/games/526 HTTP/1.1" 200 104 "/category/computers?from=20" "Mozilla/5.0 (compatible; MSIE 9.0; Windows NT 6.1; Trident/5.0)"
164.210.109.27 - - [17/Nov/2017:09:09:45 +0000] "GET /item/health/2403 HTTP/1.1" 200 112 "-" "Mozilla/5.0 (Macintosh; Intel Mac OS X 10.6; rv:9.0.1) Gecko/20100101 Firefox/9.0.1"
148.198.144.149 - - [17/Nov/2017:09:09:50 +0000] "GET /category/electronics HTTP/1.1" 200 67 "/category/cameras?from=10" "Mozilla/5.0 (Windows NT 6.0; rv:10.0.1) Gecko/20100101 Firefox/10.0.1"
160.177.26.162 - - [17/Nov/2017:09:09:55 +0000] "GET /item/finance/4175 HTTP/1.1" 200 42 "/category/jewelry" "Mozilla/4.0 (compatible; MSIE 8.0; Windows NT 6.1; WOW64; Trident/4.0; YTB730; GTB7.2; EasyBits GO v1.0; SLCC2; .NET CLR 2.0.50727; .NET CLR 3.5.30729; .NET CLR 3.0.30729; Media Center PC 6.0; .NET4.0C)"
152.72.100.218 - - [17/Nov/2017:09:10:00 +0000] "GET /item/games/4709 HTTP/1.1" 200 43 "/item/games/1885" "Mozilla/5.0 (Windows NT 6.1; WOW64) AppleWebKit/535.11 (KHTML, like Gecko) Chrome/17.0.963.56 Safari/535.11"
184.123.73.180 - - [17/Nov/2017:09:10:05 +0000] "POST /search/?c=Software+Computers HTTP/1.1" 200 93 "-" "Mozilla/5.0 (Macintosh; Intel Mac OS X 10.6; rv:9.0.1) Gecko/20100101 Firefox/9.0.1"
52.27.56.220 - - [17/Nov/2017:09:10:10 +0000] "GET /category/games HTTP/1.1" 200 49 "-" "Mozilla/5.0 (Windows NT 6.0) AppleWebKit/535.11 (KHTML, like Gecko) Chrome/17.0.963.56 Safari/535.11"
56.222.168.46 - - [17/Nov/2017:09:10:15 +0000] "GET /category/software?from=0 HTTP/1.1" 200 73 "/search/?c=Software" "Mozilla/4.0 (compatible; MSIE 8.0; Windows NT 5.1; Trident/4.0; BTRS122159; GTB7.2; .NET CLR 1.1.4322; .NET CLR 2.0.50727; .NET CLR 3.0.04506.30; .NET CLR 3.0.4506.2152; .NET CLR 3.5.30729; BRI/2)"
180.186.35.139 - - [17/Nov/2017:09:10:20 +0000] "GET /category/electronics HTTP/1.1" 200 51 "-" "Mozilla/5.0 (compatible; Googlebot/2.1; +http://www.google.com/bot.html)"
192.21.211.81 - - [17/Nov/2017:09:10:25 +0000] "GET /category/software HTTP/1.1" 200 109 "/search/?c=Games" "Mozilla/5.0 (compatible; MSIE 9.0; Windows NT 6.1; Trident/5.0)"
196.24.211.196 - - [17/Nov/2017:09:10:30 +0000] "GET /category/music HTTP/1.1" 200 121 "-" "Mozilla/5.0 (Windows NT 5.1) AppleWebKit/535.11 (KHTML, like Gecko) Chrome/17.0.963.46 Safari/535.11"
60.96.221.113 - - [17/Nov/2017:09:10:35 +0000] "GET /item/books/953 HTTP/1.1" 200 97 "-" "Mozilla/5.0 (Windows NT 6.0; rv:10.0.1) Gecko/20100101 Firefox/10.0.1"
204.213.121.181 - - [17/Nov/2017:09:10:40 +0000] "GET /category/software HTTP/1.1" 200 56 "-" "Mozilla/4.0 (compatible; MSIE 8.0; Windows NT 6.1; WOW64; Trident/4.0; YTB730; GTB7.2; EasyBits GO v1.0; SLCC2; .NET CLR 2.0.50727; .NET CLR 3.5.30729; .NET CLR 3.0.30729; Media Center PC 6.0; .NET4.0C)"
192.213.30.56 - - [17/Nov/2017:09:10:45 +0000] "GET /category/software HTTP/1.1" 200 118 "/category/health" "Mozilla/5.0 (Macintosh; Intel Mac OS X 10.6; rv:9.0.1) Gecko/20100101 Firefox/9.0.1"
36.51.149.50 - - [17/Nov/2017:09:10:50 +0000] "GET /category/electronics HTTP/1.1" 200 61 "/category/jewelry" "Mozilla/5.0 (Windows NT 6.1; WOW64) AppleWebKit/535.11 (KHTML, like Gecko) Chrome/17.0.963.56 Safari/535.11"
20.60.125.37 - - [17/Nov/2017:09:10:55 +0000] "GET /category/music HTTP/1.1" 200 138 "/item/sports/3881" "Mozilla/5.0 (Windows NT 6.1; WOW64) AppleWebKit/535.7 (KHTML, like Gecko) Chrome/16.0.912.77 Safari/535.7"
224.57.160.208 - - [17/Nov/2017:09:11:00 +0000] "GET /category/music HTTP/1.1" 200 82 "-" "Mozilla/4.0 (compatible; MSIE 8.0; Windows NT 6.0; WOW64; Trident/4.0; GTB6; SLCC1; .NET CLR 2.0.50727; Media Center PC 5.0; .NET CLR 3.5.30729; .NET CLR 3.0.30618; .NET4.0C)"
84.216.40.211 - - [17/Nov/2017:09:11:05 +0000] "GET /category/software HTTP/1.1" 200 56 "/category/books" "Mozilla/5.0 (Windows NT 6.1; WOW64) AppleWebKit/535.7 (KHTML, like Gecko) Chrome/16.0.912.77 Safari/535.7"
52.159.188.199 - - [17/Nov/2017:09:11:10 +0000] "GET /category/computers HTTP/1.1" 200 45 "-" "Mozilla/5.0 (compatible; MSIE 9.0; Windows NT 6.1; WOW64; Trident/5.0)"
152.78.91.213 - - [17/Nov/2017:09:11:15 +0000] "GET /item/software/2724 HTTP/1.1" 200 123 "-" "Mozilla/5.0 (iPhone; CPU iPhone OS 5_0_1 like Mac OS X) AppleWebKit/534.46 (KHTML, like Gecko) Version/5.1 Mobile/9A405 Safari/7534.48.3"
224.96.137.128 - - [17/Nov/2017:09:11:20 +0000] "GET /item/games/4108 HTTP/1.1" 200 60 "http://www.google.com/search?ie=UTF-8&q=google&sclient=psy-ab&q=Games+Office&oq=Games+Office&aq=f&aqi=g-vL1&aql=&pbx=1&bav=on.2,or.r_gc.r_pw.r_qf.,cf.osb&biw=4524&bih=122" "Mozilla/5.0 (Windows NT 6.0; rv:10.0.1) Gecko/20100101 Firefox/10.0.1"
60.30.169.122 - - [17/Nov/2017:09:11:25 +0000] "GET /category/games?from=0 HTTP/1.1" 200 124 "-" "Mozilla/5.0 (compatible; MSIE 9.0; Windows NT 6.1; WOW64; Trident/5.0)"
220.30.157.208 - - [17/Nov/2017:09:11:30 +0000] "GET /category/electronics HTTP/1.1" 200 125 "/category/software" "Mozilla/5.0 (Windows NT 6.1; WOW64) AppleWebKit/535.11 (KHTML, like Gecko) Chrome/17.0.963.56 Safari/535.11"
112.21.69.67 - - [17/Nov/2017:09:11:35 +0000] "GET /category/electronics?from=0 HTTP/1.1" 200 112 "/item/electronics/1309" "Mozilla/5.0 (Windows NT 6.0) AppleWebKit/535.11 (KHTML, like Gecko) Chrome/17.0.963.56 Safari/535.11"
144.126.86.47 - - [17/Nov/2017:09:11:40 +0000] "GET /item/giftcards/2263 HTTP/1.1" 200 78 "/item/games/1456" "Mozilla/5.0 (Windows NT 6.0; rv:10.0.1) Gecko/20100101 Firefox/10.0.1"
88.141.158.50 - - [17/Nov/2017:09:11:45 +0000] "GET /item/sports/3881 HTTP/1.1" 200 89 "/search/?c=Games+Software" "Mozilla/5.0 (Macintosh; Intel Mac OS X 10.6; rv:9.0.1) Gecko/20100101 Firefox/9.0.1"
84.150.155.34 - - [17/Nov/2017:09:11:50 +0000] "GET /category/electronics?from=20 HTTP/1.1" 200 52 "/category/software" "Mozilla/5.0 (compatible; MSIE 9.0; Windows NT 6.1; WOW64; Trident/5.0)"
128.39.75.36 - - [17/Nov/2017:09:11:55 +0000] "POST /search/?c=Games+Electronics HTTP/1.1" 200 81 "/category/software" "Mozilla/5.0 (Macintosh; Intel Mac OS X 10.6; rv:9.0.1) Gecko/20100101 Firefox/9.0.1"
24.90.183.170 - - [17/Nov/2017:09:12:00 +0000] "GET /category/networking HTTP/1.1" 200 83 "/category/electronics" "Mozilla/5.0 (Windows NT 6.0; rv:10.0.1) Gecko/20100101 Firefox/10.0.1"
140.144.140.227 - - [17/Nov/2017:09:12:05 +0000] "GET /category/health HTTP/1.1" 200 105 "/search/?c=Music" "Mozilla/4.0 (compatible; MSIE 8.0; Windows NT 6.0; WOW64; Trident/4.0; GTB6; SLCC1; .NET CLR 2.0.50727; Media Center PC 5.0; .NET CLR 3.5.30729; .NET CLR 3.0.30618; .NET4.0C)"
136.111.189.48 - - [17/Nov/2017:09:12:10 +0000] "GET /item/electronics/2805 HTTP/1.1" 200 55 "/search/?c=Electronics" "Mozilla/5.0 (compatible; MSIE 9.0; Windows NT 6.1; WOW64; Trident/5.0)"
72.96.123.40 - - [17/Nov/2017:09:12:15 +0000] "GET /category/games HTTP/1.1" 200 138 "-" "Mozilla/5.0 (Windows NT 6.1; WOW64) AppleWebKit/535.11 (KHTML, like Gecko) Chrome/17.0.963.56 Safari/535.11"
172.201.30.205 - - [17/Nov/2017:09:12:20 +0000] "GET /category/software HTTP/1.1" 200 76 "/item/office/2855" "Mozilla/5.0 (compatible; MSIE 9.0; Windows NT 6.1; WOW64; Trident/5.0)"
196.63.209.217 - - [17/Nov/2017:09:12:25 +0000] "GET /category/garden HTTP/1.1" 200 122 "/item/electronics/4005" "Mozilla/5.0 (Windows NT 6.0) AppleWebKit/535.11 (KHTML, like Gecko) Chrome/17.0.963.56 Safari/535.11"
212.75.227.45 - - [17/Nov/2017:09:12:30 +0000] "POST /search/?c=Giftcards+Games HTTP/1.1" 200 116 "-" "Mozilla/5.0 (Macintosh; Intel Mac OS X 10.6; rv:9.0.1) Gecko/20100101 Firefox/9.0.1"
220.102.98.97 - - [17/Nov/2017:09:12:35 +0000] "GET /category/electronics HTTP/1.1" 200 75 "-" "Mozilla/5.0 (Macintosh; Intel Mac OS X 10.6; rv:9.0.1) Gecko/20100101 Firefox/9.0.1"
112.42.221.126 - - [17/Nov/2017:09:12:40 +0000] "GET /category/electronics HTTP/1.1" 200 93 "-" "Mozilla/4.0 (compatible; MSIE 8.0; Windows NT 5.1; Trident/4.0; YTB720; GTB7.2; .NET CLR 1.1.4322; .NET CLR 2.0.50727; .NET CLR 3.0.4506.2152; .NET CLR 3.5.30729)"
132.81.165.167 - - [17/Nov/2017:09:12:45 +0000] "GET /category/software?from=20 HTTP/1.1" 200 100 "-" "Mozilla/5.0 (Macintosh; Intel Mac OS X 10.6; rv:9.0.1) Gecko/20100101 Firefox/9.0.1"
184.27.50.181 - - [17/Nov/2017:09:12:50 +0000] "POST /search/?c=Office+Electronics HTTP/1.1" 200 82 "-" "Mozilla/5.0 (Windows NT 6.1; WOW64) AppleWebKit/535.11 (KHTML, like Gecko) Chrome/17.0.963.56 Safari/535.11"
28.129.53.32 - - [17/Nov/2017:09:12:55 +0000] "GET /item/finance/1295 HTTP/1.1" 200 105 "/category/music" "Mozilla/5.0 (Windows NT 6.1; WOW64) AppleWebKit/535.11 (KHTML, like Gecko) Chrome/17.0.963.56 Safari/535.11"
76.132.177.175 - - [17/Nov/2017:09:13:00 +0000] "GET /category/electronics HTTP/1.1" 200 80 "-" "Mozilla/5.0 (compatible; MSIE 9.0; Windows NT 6.1; WOW64; Trident/5.0)"
220.195.117.90 - - [17/Nov/2017:09:13:05 +0000] "GET /item/networking/973 HTTP/1.1" 200 48 "/item/electronics/4072" "Mozilla/5.0 (Macintosh; Intel Mac OS X 10.6; rv:9.0.1) Gecko/20100101 Firefox/9.0.1"
168.225.50.133 - - [17/Nov/2017:09:13:10 +0000] "GET /category/electronics HTTP/1.1" 200 59 "-" "Mozilla/5.0 (Macintosh; Intel Mac OS X 10.6; rv:9.0.1) Gecko/20100101 Firefox/9.0.1"
68.24.152.91 - - [17/Nov/2017:09:13:15 +0000] "POST /search/?c=Finance HTTP/1.1" 200 122 "-" "Mozilla/4.0 (compatible; MSIE 8.0; Windows NT 5.1; Trident/4.0; BTRS122159; GTB7.2; .NET CLR 1.1.4322; .NET CLR 2.0.50727; .NET CLR 3.0.04506.30; .NET CLR 3.0.4506.2152; .NET CLR 3.5.30729; BRI/2)"
140.138.221.130 - - [17/Nov/2017:09:13:20 +0000] "GET /item/office/84 HTTP/1.1" 200 137 "-" "Mozilla/4.0 (compatible; MSIE 8.0; Windows NT 6.1; WOW64; Trident/4.0; YTB730; GTB7.2; SLCC2; .NET CLR 2.0.50727; .NET CLR 3.5.30729; .NET CLR 3.0.30729; .NET4.0C; .NET4.0E; Media Center PC 6.0)"
216.222.35.46 - - [17/Nov/2017:09:13:25 +0000] "GET /item/electronics/670 HTTP/1.1" 200 66 "-" "Mozilla/5.0 (Windows NT 6.1; WOW64) AppleWebKit/535.7 (KHTML, like Gecko) Chrome/16.0.912.77 Safari/535.7"
224.159.219.206 - - [17/Nov/2017:09:13:30 +0000] "GET /category/networking HTTP/1.1" 200 46 "-" "Mozilla/5.0 (compatible; MSIE 9.0; Windows NT 6.1; Trident/5.0)"
200.78.216.173 - - [17/Nov/2017:09:13:35 +0000] "GET /category/electronics HTTP/1.1" 200 68 "/item/office/964" "Mozilla/5.0 (Windows NT 6.0; rv:10.0.1) Gecko/20100101 Firefox/10.0.1"
72.189.134.198 - - [17/Nov/2017:09:13:40 +0000] "GET /category/cameras HTTP/1.1" 200 55 "-" "Mozilla/5.0 (compatible; Googlebot/2.1; +http://www.google.com/bot.html)"
120.189.102.122 - - [17/Nov/2017:09:13:45 +0000] "GET /category/games HTTP/1.1" 200 45 "-" "Mozilla/5.0 (Windows NT 6.1; WOW64) AppleWebKit/535.7 (KHTML, like Gecko) Chrome/16.0.912.77 Safari/535.7"
72.165.89.172 - - [17/Nov/2017:09:13:50 +0000] "GET /item/games/1490 HTTP/1.1" 200 47 "/category/software" "Mozilla/5.0 (Windows NT 6.1; WOW64) AppleWebKit/535.7 (KHTML, like Gecko) Chrome/16.0.912.77 Safari/535.7"
196.165.36.208 - - [17/Nov/2017:09:13:55 +0000] "GET /category/networking HTTP/1.1" 200 103 "/search/?c=Jewelry" "Mozilla/5.0 (Macintosh; Intel Mac OS X 10.6; rv:9.0.1) Gecko/20100101 Firefox/9.0.1"
100.84.214.95 - - [17/Nov/2017:09:14:00 +0000] "GET /category/electronics HTTP/1.1" 200 44 "-" "Mozilla/5.0 (compatible; Googlebot/2.1; +http://www.google.com/bot.html)"
204.189.85.23 - - [17/Nov/2017:09:14:05 +0000] "GET /category/finance HTTP/1.1" 200 96 "-" "Mozilla/5.0 (iPad; CPU OS 5_0_1 like Mac OS X) AppleWebKit/534.46 (KHTML, like Gecko) Version/5.1 Mobile/9A405 Safari/7534.48.3"
164.45.62.175 - - [17/Nov/2017:09:14:10 +0000] "GET /category/cameras HTTP/1.1" 200 114 "/category/software" "Mozilla/5.0 (Windows NT 6.0; rv:10.0.1) Gecko/20100101 Firefox/10.0.1"
40.141.85.63 - - [17/Nov/2017:09:14:15 +0000] "GET /category/toys HTTP/1.1" 200 47 "-" "Mozilla/5.0 (Windows NT 6.0; rv:10.0.1) Gecko/20100101 Firefox/10.0.1"
212.213.59.205 - - [17/Nov/2017:09:14:20 +0000] "POST /search/?c=Software+Cameras HTTP/1.1" 200 60 "-" "Mozilla/4.0 (compatible; MSIE 8.0; Windows NT 6.1; WOW64; Trident/4.0; YTB730; GTB7.2; EasyBits GO v1.0; SLCC2; .NET CLR 2.0.50727; .NET CLR 3.5.30729; .NET CLR 3.0.30729; Media Center PC 6.0; .NET4.0C)"
100.219.202.52 - - [17/Nov/2017:09:14:25 +0000] "GET /category/books HTTP/1.1" 200 55 "/item/software/1527" "Mozilla/5.0 (Windows NT 6.0; rv:10.0.1) Gecko/20100101 Firefox/10.0.1"
160.111.20.54 - - [17/Nov/2017:09:14:30 +0000] "GET /category/computers?from=0 HTTP/1.1" 200 85 "/item/books/4322" "Mozilla/5.0 (iPhone; CPU iPhone OS 5_0_1 like Mac OS X) AppleWebKit/534.46 (KHTML, like Gecko) Version/5.1 Mobile/9A405 Safari/7534.48.3"
140.213.200.225 - - [17/Nov/2017:09:14:35 +0000] "GET /category/software HTTP/1.1" 200 129 "/category/electronics" "Mozilla/4.0 (compatible; MSIE 8.0; Windows NT 5.1; Trident/4.0; BTRS122159; GTB7.2; .NET CLR 1.1.4322; .NET CLR 2.0.50727; .NET CLR 3.0.04506.30; .NET CLR 3.0.4506.2152; .NET CLR 3.5.30729; BRI/2)"
144.159.198.187 - - [17/Nov/2017:09:14:40 +0000] "GET /category/books HTTP/1.1" 200 121 "-" "Mozilla/5.0 (iPad; CPU OS 5_0_1 like Mac OS X) AppleWebKit/534.46 (KHTML, like Gecko) Version/5.1 Mobile/9A405 Safari/7534.48.3"
208.114.138.190 - - [17/Nov/2017:09:14:45 +0000] "GET /category/books HTTP/1.1" 200 99 "/category/games?from=20" "Mozilla/5.0 (Windows NT 6.0) AppleWebKit/535.11 (KHTML, like Gecko) Chrome/17.0.963.56 Safari/535.11"
228.210.130.193 - - [17/Nov/2017:09:14:50 +0000] "GET /item/software/4933 HTTP/1.1" 200 52 "-" "Mozilla/5.0 (iPad; CPU OS 5_0_1 like Mac OS X) AppleWebKit/534.46 (KHTML, like Gecko) Version/5.1 Mobile/9A405 Safari/7534.48.3"
92.144.202.140 - - [17/Nov/2017:09:14:55 +0000] "GET /category/books HTTP/1.1" 200 41 "-" "Mozilla/4.0 (compatible; MSIE 8.0; Windows NT 5.1; Trident/4.0; BTRS122159; GTB7.2; .NET CLR 1.1.4322; .NET CLR 2.0.50727; .NET CLR 3.0.04506.30; .NET CLR 3.0.4506.2152; .NET CLR 3.5.30729; BRI/2)"
100.150.67.191 - - [17/Nov/2017:09:15:00 +0000] "GET /item/computers/4707 HTTP/1.1" 200 115 "/item/giftcards/3166" "Mozilla/4.0 (compatible; MSIE 8.0; Windows NT 6.1; WOW64; Trident/4.0; YTB730; GTB7.2; SLCC2; .NET CLR 2.0.50727; .NET CLR 3.5.30729; .NET CLR 3.0.30729; .NET4.0C; .NET4.0E; Media Center PC 6.0)"
52.192.158.142 - - [17/Nov/2017:09:15:05 +0000] "GET /category/electronics HTTP/1.1" 200 108 "-" "Mozilla/5.0 (compatible; MSIE 9.0; Windows NT 6.1; WOW64; Trident/5.0)"
28.156.128.90 - - [17/Nov/2017:09:15:10 +0000] "GET /item/garden/995 HTTP/1.1" 200 77 "-" "Mozilla/4.0 (compatible; MSIE 8.0; Windows NT 5.1; Trident/4.0; YTB720; GTB7.2; .NET CLR 1.1.4322; .NET CLR 2.0.50727; .NET CLR 3.0.4506.2152; .NET CLR 3.5.30729)"
168.150.74.102 - - [17/Nov/2017:09:15:15 +0000] "GET /category/computers HTTP/1.1" 200 48 "-" "Mozilla/5.0 (Windows NT 6.0) AppleWebKit/535.11 (KHTML, like Gecko) Chrome/17.0.963.56 Safari/535.11"
136.222.62.176 - - [17/Nov/2017:09:15:20 +0000] "GET /category/software HTTP/1.1" 200 58 "/item/health/4591" "Mozilla/5.0 (compatible; MSIE 9.0; Windows NT 6.1; Trident/5.0)"
188.42.152.136 - - [17/Nov/2017:09:15:25 +0000] "GET /category/games HTTP/1.1" 200 121 "-" "Mozilla/4.0 (compatible; MSIE 8.0; Windows NT 6.1; WOW64; Trident/4.0; YTB730; GTB7.2; EasyBits GO v1.0; SLCC2; .NET CLR 2.0.50727; .NET CLR 3.5.30729; .NET CLR 3.0.30729; Media Center PC 6.0; .NET4.0C)"
20.45.200.182 - - [17/Nov/2017:09:15:30 +0000] "GET /category/garden HTTP/1.1" 200 41 "http://www.google.com/search?ie=UTF-8&q=google&sclient=psy-ab&q=Garden+Office&oq=Garden+Office&aq=f&aqi=g-vL1&aql=&pbx=1&bav=on.2,or.r_gc.r_pw.r_qf.,cf.osb&biw=415&bih=371" "Mozilla/5.0 (Windows NT 6.0) AppleWebKit/535.11 (KHTML, like Gecko) Chrome/17.0.963.56 Safari/535.11"
216.129.86.169 - - [17/Nov/2017:09:15:35 +0000] "GET /category/games HTTP/1.1" 200 111 "-" "Mozilla/5.0 (Windows NT 6.1; WOW64) AppleWebKit/535.7 (KHTML, like Gecko) Chrome/16.0.912.77 Safari/535.7"
124.135.65.135 - - [17/Nov/2017:09:15:40 +0000] "GET /category/toys?from=20 HTTP/1.1" 200 70 "-" "Mozilla/5.0 (Macintosh; Intel Mac OS X 10.6; rv:9.0.1) Gecko/20100101 Firefox/9.0.1"
124.48.209.187 - - [17/Nov/2017:09:15:45 +0000] "GET /category/cameras HTTP/1.1" 200 48 "-" "Mozilla/5.0 (Windows NT 6.1; WOW64) AppleWebKit/535.7 (KHTML, like Gecko) Chrome/16.0.912.77 Safari/535.7"
212.75.227.45 - - [17/Nov/2017:09:15:50 +0000] "GET /item/electronics/2792 HTTP/1.1" 200 114 "http://www.google.com/search?ie=UTF-8&q=google&sclient=psy-ab&q=Electronics+Networking&oq=Electronics+Networking&aq=f&aqi=g-vL1&aql=&pbx=1&bav=on.2,or.r_gc.r_pw.r_qf.,cf.osb&biw=3524&bih=298" "Mozilla/5.0 (Windows NT 6.1; WOW64) AppleWebKit/535.11 (KHTML, like Gecko) Chrome/17.0.963.56 Safari/535.11"
20.84.216.48 - - [17/Nov/2017:09:15:55 +0000] "GET /category/software HTTP/1.1" 200 125 "-" "Mozilla/5.0 (Windows NT 6.1; WOW64; rv:10.0.1) Gecko/20100101 Firefox/10.0.1"
80.132.181.27 - - [17/Nov/2017:09:16:00 +0000] "GET /category/books?from=10 HTTP/1.1" 200 97 "/search/?c=Books+Networking" "Mozilla/5.0 (Windows NT 5.1) AppleWebKit/535.11 (KHTML, like Gecko) Chrome/17.0.963.46 Safari/535.11"
84.225.150.149 - - [17/Nov/2017:09:16:05 +0000] "GET /category/computers?from=20 HTTP/1.1" 200 62 "/category/books?from=20" "Mozilla/5.0 (Macintosh; Intel Mac OS X 10.6; rv:9.0.1) Gecko/20100101 Firefox/9.0.1"
180.228.190.87 - - [17/Nov/2017:09:16:10 +0000] "GET /category/software HTTP/1.1" 200 106 "/category/sports" "Mozilla/5.0 (Windows NT 5.1) AppleWebKit/535.11 (KHTML, like Gecko) Chrome/17.0.963.46 Safari/535.11"
216.48.29.169 - - [17/Nov/2017:09:16:15 +0000] "GET /item/computers/4451 HTTP/1.1" 200 42 "/item/computers/3585" "Mozilla/5.0 (Macintosh; Intel Mac OS X 10.6; rv:9.0.1) Gecko/20100101 Firefox/9.0.1"
96.69.168.141 - - [17/Nov/2017:09:16:20 +0000] "GET /item/networking/2266 HTTP/1.1" 404 75 "/category/health" "Mozilla/5.0 (Macintosh; Intel Mac OS X 10.6; rv:9.0.1) Gecko/20100101 Firefox/9.0.1"
144.123.122.206 - - [17/Nov/2017:09:16:25 +0000] "GET /category/software HTTP/1.1" 200 64 "-" "Mozilla/5.0 (Macintosh; Intel Mac OS X 10.6; rv:9.0.1) Gecko/20100101 Firefox/9.0.1"
192.102.189.187 - - [17/Nov/2017:09:16:30 +0000] "GET /category/electronics HTTP/1.1" 200 49 "/item/games/4604" "Mozilla/4.0 (compatible; MSIE 8.0; Windows NT 6.1; Trident/4.0; YTB730; SLCC2; .NET CLR 2.0.50727; .NET CLR 3.5.30729; .NET CLR 3.0.30729; Media Center PC 6.0; .NET4.0C)"
148.42.153.163 - - [17/Nov/2017:09:16:35 +0000] "POST /search/?c=Garden HTTP/1.1" 200 44 "/item/electronics/1195" "Mozilla/5.0 (compatible; MSIE 9.0; Windows NT 6.1; WOW64; Trident/5.0)"
172.33.83.66 - - [17/Nov/2017:09:16:40 +0000] "GET /item/cameras/3403 HTTP/1.1" 200 108 "/category/books" "Mozilla/4.0 (compatible; MSIE 8.0; Windows NT 5.1; Trident/4.0; BTRS122159; GTB7.2; .NET CLR 1.1.4322; .NET CLR 2.0.50727; .NET CLR 3.0.04506.30; .NET CLR 3.0.4506.2152; .NET CLR 3.5.30729; BRI/2)"
172.165.188.104 - - [17/Nov/2017:09:16:45 +0000] "GET /item/games/3186 HTTP/1.1" 200 47 "/category/office" "Mozilla/5.0 (compatible; MSIE 9.0; Windows NT 6.1; WOW64; Trident/5.0)"
140.27.162.195 - - [17/Nov/2017:09:16:50 +0000] "GET /category/games?from=0 HTTP/1.1" 200 124 "/item/music/2928" "Mozilla/5.0 (Windows NT 6.1; WOW64) AppleWebKit/535.7 (KHTML, like Gecko) Chrome/16.0.912.77 Safari/535.7"
172.51.88.88 - - [17/Nov/2017:09:16:55 +0000] "GET /item/computers/512 HTTP/1.1" 200 97 "http://www.google.com/search?ie=UTF-8&q=google&sclient=psy-ab&q=Computers&oq=Computers&aq=f&aqi=g-vL1&aql=&pbx=1&bav=on.2,or.r_gc.r_pw.r_qf.,cf.osb&biw=1858&bih=369" "Mozilla/4.0 (compatible; MSIE 8.0; Windows NT 5.1; Trident/4.0; YTB720; GTB7.2; .NET CLR 1.1.4322; .NET CLR 2.0.50727; .NET CLR 3.0.4506.2152; .NET CLR 3.5.30729)"
180.192.53.62 - - [17/Nov/2017:09:17:00 +0000] "GET /item/networking/2789 HTTP/1.1" 200 132 "-" "Mozilla/4.0 (compatible; MSIE 8.0; Windows NT 5.1; Trident/4.0; BTRS122159; GTB7.2; .NET CLR 1.1.4322; .NET CLR 2.0.50727; .NET CLR 3.0.04506.30; .NET CLR 3.0.4506.2152; .NET CLR 3.5.30729; BRI/2)"
192.228.189.65 - - [17/Nov/2017:09:17:05 +0000] "GET /category/jewelry HTTP/1.1" 200 107 "-" "Mozilla/5.0 (compatible; MSIE 9.0; Windows NT 6.1; WOW64; Trident/5.0)"
180.186.35.139 - - [17/Nov/2017:09:17:10 +0000] "GET /item/games/110 HTTP/1.1" 200 48 "http://www.google.com/search?ie=UTF-8&q=google&sclient=psy-ab&q=Games+Computers&oq=Games+Computers&aq=f&aqi=g-vL1&aql=&pbx=1&bav=on.2,or.r_gc.r_pw.r_qf.,cf.osb&biw=4737&bih=191" "Mozilla/5.0 (compatible; Googlebot/2.1; +http://www.google.com/bot.html)"
20.153.84.177 - - [17/Nov/2017:09:17:15 +0000] "GET /item/books/3977 HTTP/1.1" 200 56 "/category/sports?from=10" "Mozilla/5.0 (Windows NT 6.1; WOW64) AppleWebKit/535.11 (KHTML, like Gecko) Chrome/17.0.963.56 Safari/535.11"
104.141.80.150 - - [17/Nov/2017:09:17:20 +0000] "GET /category/music?from=10 HTTP/1.1" 200 101 "/category/games" "Mozilla/4.0 (compatible; MSIE 8.0; Windows NT 6.1; Trident/4.0; YTB730; SLCC2; .NET CLR 2.0.50727; .NET CLR 3.5.30729; .NET CLR 3.0.30729; Media Center PC 6.0; .NET4.0C)"
60.54.88.65 - - [17/Nov/2017:09:17:25 +0000] "GET /category/sports HTTP/1.1" 200 95 "/category/sports" "Mozilla/5.0 (Windows NT 6.1; WOW64) AppleWebKit/535.11 (KHTML, like Gecko) Chrome/17.0.963.56 Safari/535.11"
164.135.167.29 - - [17/Nov/2017:09:17:30 +0000] "GET /category/office HTTP/1.1" 200 132 "/category/games" "Mozilla/4.0 (compatible; MSIE 8.0; Windows NT 5.1; Trident/4.0; YTB720; GTB7.2; .NET CLR 1.1.4322; .NET CLR 2.0.50727; .NET CLR 3.0.4506.2152; .NET CLR 3.5.30729)"
56.180.108.75 - - [17/Nov/2017:09:17:35 +0000] "GET /category/office HTTP/1.1" 200 132 "/category/books" "Mozilla/5.0 (iPad; CPU OS 5_0_1 like Mac OS X) AppleWebKit/534.46 (KHTML, like Gecko) Version/5.1 Mobile/9A405 Safari/7534.48.3"
68.111.65.149 - - [17/Nov/2017:09:17:40 +0000] "GET /category/electronics HTTP/1.1" 200 125 "/category/office" "Mozilla/5.0 (Windows NT 6.1; WOW64) AppleWebKit/535.11 (KHTML, like Gecko) Chrome/17.0.963.56 Safari/535.11"
128.27.162.45 - - [17/Nov/2017:09:17:45 +0000] "GET /item/electronics/1828 HTTP/1.1" 200 57 "/category/games?from=20" "Mozilla/5.0 (Windows NT 6.0; rv:10.0.1) Gecko/20100101 Firefox/10.0.1"
220.189.195.98 - - [17/Nov/2017:09:17:50 +0000] "GET /category/electronics HTTP/1.1" 200 47 "-" "Mozilla/5.0 (Windows NT 6.1; WOW64) AppleWebKit/535.7 (KHTML, like Gecko) Chrome/16.0.912.77 Safari/535.7"
80.120.169.42 - - [17/Nov/2017:09:17:55 +0000] "GET /category/office?from=10 HTTP/1.1" 200 88 "/item/games/152" "Mozilla/5.0 (Windows NT 6.1; WOW64; rv:10.0.1) Gecko/20100101 Firefox/10.0.1"
196.216.204.193 - - [17/Nov/2017:09:18:00 +0000] "GET /category/software HTTP/1.1" 200 68 "-" "Mozilla/5.0 (Windows NT 6.1; WOW64) AppleWebKit/535.7 (KHTML, like Gecko) Chrome/16.0.912.77 Safari/535.7"
92.225.46.39 - - [17/Nov/2017:09:18:05 +0000] "GET /category/games HTTP/1.1" 200 59 "-" "Mozilla/4.0 (compatible; MSIE 8.0; Windows NT 5.1; Trident/4.0; BTRS122159; GTB7.2; .NET CLR 1.1.4322; .NET CLR 2.0.50727; .NET CLR 3.0.04506.30; .NET CLR 3.0.4506.2152; .NET CLR 3.5.30729; BRI/2)"
72.156.55.140 - - [17/Nov/2017:09:18:10 +0000] "GET /item/electronics/1270 HTTP/1.1" 200 107 "-" "Mozilla/5.0 (compatible; MSIE 9.0; Windows NT 6.1; WOW64; Trident/5.0)"
164.228.120.56 - - [17/Nov/2017:09:18:15 +0000] "GET /category/electronics HTTP/1.1" 200 98 "-" "Mozilla/5.0 (compatible; Googlebot/2.1; +http://www.google.com/bot.html)"
192.24.229.108 - - [17/Nov/2017:09:18:20 +0000] "GET /category/electronics?from=20 HTTP/1.1" 200 88 "/category/electronics" "Mozilla/4.0 (compatible; MSIE 8.0; Windows NT 6.1; WOW64; Trident/4.0; GTB7.2; SLCC2; .NET CLR 2.0.50727; .NET CLR 3.5.30729; .NET CLR 3.0.30729; Media Center PC 6.0; .NET4.0C)"
188.96.51.51 - - [17/Nov/2017:09:18:25 +0000] "GET /category/garden HTTP/1.1" 200 94 "/item/books/1503" "Mozilla/4.0 (compatible; MSIE 8.0; Windows NT 6.1; WOW64; Trident/4.0; GTB7.2; SLCC2; .NET CLR 2.0.50727; .NET CLR 3.5.30729; .NET CLR 3.0.30729; Media Center PC 6.0; .NET4.0C)"
88.222.58.180 - - [17/Nov/2017:09:18:30 +0000] "GET /category/electronics HTTP/1.1" 200 75 "-" "Mozilla/5.0 (Windows NT 6.1; WOW64) AppleWebKit/535.7 (KHTML, like Gecko) Chrome/16.0.912.77 Safari/535.7"
36.198.198.61 - - [17/Nov/2017:09:18:35 +0000] "GET /item/electronics/1911 HTTP/1.1" 200 122 "/category/software?from=10" "Mozilla/5.0 (iPhone; CPU iPhone OS 5_0_1 like Mac OS X) AppleWebKit/534.46 (KHTML, like Gecko) Version/5.1 Mobile/9A405 Safari/7534.48.3"
76.138.226.38 - - [17/Nov/2017:09:18:40 +0000] "POST /search/?c=Electronics HTTP/1.1" 200 101 "-" "Mozilla/5.0 (Windows NT 6.0; rv:10.0.1) Gecko/20100101 Firefox/10.0.1"
104.147.188.161 - - [17/Nov/2017:09:18:45 +0000] "GET /category/jewelry HTTP/1.1" 200 56 "-" "Mozilla/5.0 (Windows NT 6.1; WOW64) AppleWebKit/535.7 (KHTML, like Gecko) Chrome/16.0.912.77 Safari/535.7"
80.114.224.190 - - [17/Nov/2017:09:18:50 +0000] "GET /category/electronics HTTP/1.1" 200 44 "http://www.google.com/search?ie=UTF-8&q=google&sclient=psy-ab&q=Electronics&oq=Electronics&aq=f&aqi=g-vL1&aql=&pbx=1&bav=on.2,or.r_gc.r_pw.r_qf.,cf.osb&biw=4170&bih=357" "Mozilla/5.0 (Windows NT 6.1; WOW64) AppleWebKit/535.11 (KHTML, like Gecko) Chrome/17.0.963.56 Safari/535.11"
208.180.75.49 - - [17/Nov/2017:09:18:55 +0000] "GET /item/electronics/4041 HTTP/1.1" 200 42 "/category/office" "Mozilla/5.0 (Windows NT 6.0; rv:10.0.1) Gecko/20100101 Firefox/10.0.1"
80.132.181.27 - - [17/Nov/2017:09:19:00 +0000] "GET /category/books HTTP/1.1" 200 131 "-" "Mozilla/5.0 (Windows NT 5.1) AppleWebKit/535.11 (KHTML, like Gecko) Chrome/17.0.963.46 Safari/535.11"
112.30.36.35 - - [17/Nov/2017:09:19:05 +0000] "GET /category/software HTTP/1.1" 200 65 "/category/electronics" "Mozilla/5.0 (compatible; MSIE 9.0; Windows NT 6.1; WOW64; Trident/5.0)"
192.54.212.194 - - [17/Nov/2017:09:19:10 +0000] "GET /item/sports/933 HTTP/1.1" 200 83 "/category/books" "Mozilla/5.0 (compatible; MSIE 9.0; Windows NT 6.1; WOW64; Trident/5.0)"
208.150.70.225 - - [17/Nov/2017:09:19:15 +0000] "GET /category/office HTTP/1.1" 200 44 "-" "Mozilla/4.0 (compatible; MSIE 8.0; Windows NT 5.1; Trident/4.0; BTRS122159; GTB7.2; .NET CLR 1.1.4322; .NET CLR 2.0.50727; .NET CLR 3.0.04506.30; .NET CLR 3.0.4506.2152; .NET CLR 3.5.30729; BRI/2)"
224.129.127.102 - - [17/Nov/2017:09:19:20 +0000] "GET /category/finance HTTP/1.1" 200 136 "/item/networking/4174" "Mozilla/5.0 (Windows NT 6.1; WOW64) AppleWebKit/535.7 (KHTML, like Gecko) Chrome/16.0.912.77 Safari/535.7"
196.225.41.136 - - [17/Nov/2017:09:19:25 +0000] "GET /category/electronics HTTP/1.1" 200 51 "-" "Mozilla/5.0 (compatible; MSIE 9.0; Windows NT 6.1; Trident/5.0)"
208.150.171.60 - - [17/Nov/2017:09:19:30 +0000] "GET /category/electronics HTTP/1.1" 200 48 "/item/giftcards/2757" "Mozilla/5.0 (compatible; MSIE 9.0; Windows NT 6.1; WOW64; Trident/5.0)"
104.165.180.220 - - [17/Nov/2017:09:19:35 +0000] "GET /item/cameras/2523 HTTP/1.1" 200 66 "/search/?c=Cameras" "Mozilla/5.0 (Macintosh; Intel Mac OS X 10.6; rv:9.0.1) Gecko/20100101 Firefox/9.0.1"
124.135.65.135 - - [17/Nov/2017:09:19:40 +0000] "GET /category/electronics HTTP/1.1" 200 113 "/category/software" "Mozilla/4.0 (compatible; MSIE 8.0; Windows NT 6.1; Trident/4.0; YTB730; SLCC2; .NET CLR 2.0.50727; .NET CLR 3.5.30729; .NET CLR 3.0.30729; Media Center PC 6.0; .NET4.0C)"
68.33.56.24 - - [17/Nov/2017:09:19:45 +0000] "GET /category/electronics HTTP/1.1" 200 50 "-" "Mozilla/5.0 (iPad; CPU OS 5_0_1 like Mac OS X) AppleWebKit/534.46 (KHTML, like Gecko) Version/5.1 Mobile/9A405 Safari/7534.48.3"
76.48.201.164 - - [17/Nov/2017:09:19:50 +0000] "GET /category/sports HTTP/1.1" 200 57 "-" "Mozilla/5.0 (Windows NT 6.1; WOW64) AppleWebKit/535.11 (KHTML, like Gecko) Chrome/17.0.963.56 Safari/535.11"
176.93.138.138 - - [17/Nov/2017:09:19:55 +0000] "GET /item/books/4619 HTTP/1.1" 200 59 "/category/garden" "Mozilla/5.0 (compatible; Googlebot/2.1; +http://www.google.com/bot.html)"
148.84.20.175 - - [17/Nov/2017:09:20:00 +0000] "GET /category/jewelry HTTP/1.1" 200 116 "/category/books?from=10" "Mozilla/5.0 (compatible; MSIE 9.0; Windows NT 6.1; WOW64; Trident/5.0)"
180.207.97.33 - - [17/Nov/2017:09:20:05 +0000] "GET /category/electronics HTTP/1.1" 200 56 "-" "Mozilla/5.0 (Windows NT 6.1; WOW64) AppleWebKit/535.11 (KHTML, like Gecko) Chrome/17.0.963.56 Safari/535.11"
208.150.93.221 - - [17/Nov/2017:09:20:10 +0000] "GET /category/games HTTP/1.1" 200 99 "http://www.google.com/search?ie=UTF-8&q=google&sclient=psy-ab&q=Games&oq=Games&aq=f&aqi=g-vL1&aql=&pbx=1&bav=on.2,or.r_gc.r_pw.r_qf.,cf.osb&biw=2887&bih=150" "Mozilla/5.0 (compatible; MSIE 9.0; Windows NT 6.1; Trident/5.0)"
144.132.101.155 - - [17/Nov/2017:09:20:15 +0000] "GET /item/sports/933 HTTP/1.1" 200 83 "http://www.google.com/search?ie=UTF-8&q=google&sclient=psy-ab&q=Sports&oq=Sports&aq=f&aqi=g-vL1&aql=&pbx=1&bav=on.2,or.r_gc.r_pw.r_qf.,cf.osb&biw=1733&bih=379" "Mozilla/4.0 (compatible; MSIE 8.0; Windows NT 6.1; Trident/4.0; YTB730; SLCC2; .NET CLR 2.0.50727; .NET CLR 3.5.30729; .NET CLR 3.0.30729; Media Center PC 6.0; .NET4.0C)"
136.81.21.202 - - [17/Nov/2017:09:20:20 +0000] "GET /category/electronics HTTP/1.1" 200 63 "-" "Mozilla/5.0 (Windows NT 6.0; rv:10.0.1) Gecko/20100101 Firefox/10.0.1"
216.132.160.25 - - [17/Nov/2017:09:20:25 +0000] "GET /category/computers HTTP/1.1" 200 131 "-" "Mozilla/5.0 (iPad; CPU OS 5_0_1 like Mac OS X) AppleWebKit/534.46 (KHTML, like Gecko) Version/5.1 Mobile/9A405 Safari/7534.48.3"
92.36.35.38 - - [17/Nov/2017:09:20:30 +0000] "GET /category/toys HTTP/1.1" 200 120 "/category/books" "Mozilla/4.0 (compatible; MSIE 8.0; Windows NT 6.1; WOW64; Trident/4.0; GTB7.2; SLCC2; .NET CLR 2.0.50727; .NET CLR 3.5.30729; .NET CLR 3.0.30729; Media Center PC 6.0; .NET4.0C)"
88.195.115.100 - - [17/Nov/2017:09:20:35 +0000] "GET /category/books HTTP/1.1" 200 83 "/category/giftcards?from=0" "Mozilla/5.0 (compatible; Googlebot/2.1; +http://www.google.com/bot.html)"
80.21.83.68 - - [17/Nov/2017:09:20:40 +0000] "GET /category/electronics HTTP/1.1" 200 130 "/item/finance/4100" "Mozilla/5.0 (Macintosh; Intel Mac OS X 10.6; rv:9.0.1) Gecko/20100101 Firefox/9.0.1"
164.87.165.83 - - [17/Nov/2017:09:20:45 +0000] "GET /category/garden HTTP/1.1" 200 138 "/category/office?from=10" "Mozilla/4.0 (compatible; MSIE 8.0; Windows NT 5.1; Trident/4.0; YTB720; GTB7.2; .NET CLR 1.1.4322; .NET CLR 2.0.50727; .NET CLR 3.0.4506.2152; .NET CLR 3.5.30729)"
148.126.188.205 - - [17/Nov/2017:09:20:50 +0000] "GET /item/networking/4696 HTTP/1.1" 200 138 "/category/office" "Mozilla/5.0 (Macintosh; Intel Mac OS X 10.6; rv:9.0.1) Gecko/20100101 Firefox/9.0.1"
128.123.38.119 - - [17/Nov/2017:09:20:55 +0000] "GET /category/jewelry HTTP/1.1" 200 59 "-" "Mozilla/5.0 (Windows NT 6.1; WOW64) AppleWebKit/535.7 (KHTML, like Gecko) Chrome/16.0.912.77 Safari/535.7"
128.123.27.92 - - [17/Nov/2017:09:21:00 +0000] "GET /category/jewelry HTTP/1.1" 200 138 "-" "Mozilla/5.0 (Windows NT 6.1; WOW64) AppleWebKit/535.11 (KHTML, like Gecko) Chrome/17.0.963.56 Safari/535.11"
152.48.198.194 - - [17/Nov/2017:09:21:05 +0000] "GET /item/electronics/3842 HTTP/1.1" 200 50 "/item/games/3422" "Mozilla/5.0 (Windows NT 5.1) AppleWebKit/535.11 (KHTML, like Gecko) Chrome/17.0.963.46 Safari/535.11"
152.45.113.47 - - [17/Nov/2017:09:21:10 +0000] "GET /category/cameras HTTP/1.1" 200 66 "-" "Mozilla/5.0 (Windows NT 6.0; rv:10.0.1) Gecko/20100101 Firefox/10.0.1"
204.117.20.72 - - [17/Nov/2017:09:21:15 +0000] "GET /item/finance/3479 HTTP/1.1" 200 85 "/category/computers" "Mozilla/5.0 (Windows NT 6.0) AppleWebKit/535.11 (KHTML, like Gecko) Chrome/17.0.963.56 Safari/535.11"
72.138.35.193 - - [17/Nov/2017:09:21:20 +0000] "GET /category/games HTTP/1.1" 200 111 "-" "Mozilla/5.0 (iPhone; CPU iPhone OS 5_0_1 like Mac OS X) AppleWebKit/534.46 (KHTML, like Gecko) Version/5.1 Mobile/9A405 Safari/7534.48.3"
196.51.65.141 - - [17/Nov/2017:09:21:25 +0000] "GET /category/software?from=20 HTTP/1.1" 200 78 "/category/garden" "Mozilla/5.0 (compatible; MSIE 9.0; Windows NT 6.1; Trident/5.0)"
144.51.141.192 - - [17/Nov/2017:09:21:30 +0000] "GET /category/electronics HTTP/1.1" 200 48 "-" "Mozilla/5.0 (Macintosh; Intel Mac OS X 10.6; rv:9.0.1) Gecko/20100101 Firefox/9.0.1"
180.36.176.29 - - [17/Nov/2017:09:21:35 +0000] "GET /item/garden/4383 HTTP/1.1" 200 95 "-" "Mozilla/5.0 (Windows NT 6.0; rv:10.0.1) Gecko/20100101 Firefox/10.0.1"
168.39.135.79 - - [17/Nov/2017:09:21:40 +0000] "GET /item/electronics/3030 HTTP/1.1" 200 84 "/category/electronics" "Mozilla/5.0 (Macintosh; Intel Mac OS X 10.6; rv:9.0.1) Gecko/20100101 Firefox/9.0.1"
196.102.21.104 - - [17/Nov/2017:09:21:45 +0000] "GET /category/computers?from=0 HTTP/1.1" 200 85 "/item/garden/2166" "Mozilla/5.0 (Windows NT 6.0) AppleWebKit/535.11 (KHTML, like Gecko) Chrome/17.0.963.56 Safari/535.11"
24.156.128.139 - - [17/Nov/2017:09:21:50 +0000] "GET /category/cameras HTTP/1.1" 200 55 "/category/games" "Mozilla/5.0 (Windows NT 5.1) AppleWebKit/535.11 (KHTML, like Gecko) Chrome/17.0.963.46 Safari/535.11"
60.81.133.199 - - [17/Nov/2017:09:21:55 +0000] "GET /category/sports HTTP/1.1" 200 118 "-" "Mozilla/5.0 (Windows NT 6.0) AppleWebKit/535.11 (KHTML, like Gecko) Chrome/17.0.963.56 Safari/535.11"
140.33.212.195 - - [17/Nov/2017:09:22:00 +0000] "GET /category/sports HTTP/1.1" 200 56 "/item/electronics/3030" "Mozilla/4.0 (compatible; MSIE 8.0; Windows NT 6.1; WOW64; Trident/4.0; YTB730; GTB7.2; SLCC2; .NET CLR 2.0.50727; .NET CLR 3.5.30729; .NET CLR 3.0.30729; .NET4.0C; .NET4.0E; Media Center PC 6.0)"
212.183.136.225 - - [17/Nov/2017:09:22:05 +0000] "GET /item/games/1490 HTTP/1.1" 200 47 "/item/games/918" "Mozilla/5.0 (Macintosh; Intel Mac OS X 10.6; rv:9.0.1) Gecko/20100101 Firefox/9.0.1"
60.30.84.168 - - [17/Nov/2017:09:22:10 +0000] "GET /item/electronics/3983 HTTP/1.1" 200 47 "-" "Mozilla/5.0 (Windows NT 6.0) AppleWebKit/535.11 (KHTML, like Gecko) Chrome/17.0.963.56 Safari/535.11"
20.60.176.150 - - [17/Nov/2017:09:22:15 +0000] "GET /category/software HTTP/1.1" 200 58 "/category/giftcards" "Mozilla/5.0 (compatible; MSIE 9.0; Windows NT 6.1; WOW64; Trident/5.0)"
144.123.122.206 - - [17/Nov/2017:09:22:20 +0000] "GET /category/office HTTP/1.1" 200 68 "-" "Mozilla/5.0 (Windows NT 6.1; WOW64) AppleWebKit/535.7 (KHTML, like Gecko) Chrome/16.0.912.77 Safari/535.7"
60.99.81.68 - - [17/Nov/2017:09:22:25 +0000] "GET /item/books/4067 HTTP/1.1" 200 121 "/category/software" "Mozilla/5.0 (Macintosh; Intel Mac OS X 10.6; rv:9.0.1) Gecko/20100101 Firefox/9.0.1"
176.84.117.57 - - [17/Nov/2017:09:22:30 +0000] "POST /search/?c=Games+Giftcards HTTP/1.1" 200 78 "/item/games/4108" "Mozilla/5.0 (Windows NT 6.1; WOW64) AppleWebKit/535.7 (KHTML, like Gecko) Chrome/16.0.912.77 Safari/535.7"
192.213.30.56 - - [17/Nov/2017:09:22:35 +0000] "POST /search/?c=Garden+Electronics HTTP/1.1" 200 101 "-" "Mozilla/5.0 (Windows NT 6.1; WOW64) AppleWebKit/535.7 (KHTML, like Gecko) Chrome/16.0.912.77 Safari/535.7"
156.198.60.199 - - [17/Nov/2017:09:22:40 +0000] "GET /item/electronics/2104 HTTP/1.1" 200 59 "-" "Mozilla/5.0 (Windows NT 6.0; rv:10.0.1) Gecko/20100101 Firefox/10.0.1"
216.159.84.36 - - [17/Nov/2017:09:22:45 +0000] "GET /category/electronics HTTP/1.1" 200 63 "http://www.google.com/search?ie=UTF-8&q=google&sclient=psy-ab&q=Electronics&oq=Electronics&aq=f&aqi=g-vL1&aql=&pbx=1&bav=on.2,or.r_gc.r_pw.r_qf.,cf.osb&biw=1751&bih=326" "Mozilla/5.0 (iPad; CPU OS 5_0_1 like Mac OS X) AppleWebKit/534.46 (KHTML, like Gecko) Version/5.1 Mobile/9A405 Safari/7534.48.3"
224.93.67.44 - - [17/Nov/2017:09:22:50 +0000] "POST /search/?c=Games HTTP/1.1" 200 42 "/category/software" "Mozilla/4.0 (compatible; MSIE 8.0; Windows NT 6.1; WOW64; Trident/4.0; GTB7.2; SLCC2; .NET CLR 2.0.50727; .NET CLR 3.5.30729; .NET CLR 3.0.30729; Media Center PC 6.0; .NET4.0C)"
196.63.209.217 - - [17/Nov/2017:09:22:55 +0000] "GET /category/software HTTP/1.1" 200 109 "/category/garden" "Mozilla/5.0 (Macintosh; Intel Mac OS X 10.6; rv:9.0.1) Gecko/20100101 Firefox/9.0.1"
96.195.52.25 - - [17/Nov/2017:09:23:00 +0000] "GET /item/software/2103 HTTP/1.1" 200 73 "/category/finance" "Mozilla/5.0 (compatible; MSIE 9.0; Windows NT 6.1; Trident/5.0)"
168.69.212.143 - - [17/Nov/2017:09:23:05 +0000] "GET /category/finance HTTP/1.1" 200 55 "-" "Mozilla/5.0 (Windows NT 5.1) AppleWebKit/535.11 (KHTML, like Gecko) Chrome/17.0.963.46 Safari/535.11"
76.138.226.38 - - [17/Nov/2017:09:23:10 +0000] "GET /item/electronics/287 HTTP/1.1" 200 50 "/search/?c=Games" "Mozilla/5.0 (Windows NT 6.0; rv:10.0.1) Gecko/20100101 Firefox/10.0.1"
188.69.32.39 - - [17/Nov/2017:09:23:15 +0000] "GET /category/electronics HTTP/1.1" 200 79 "/category/office" "Mozilla/5.0 (compatible; MSIE 9.0; Windows NT 6.1; WOW64; Trident/5.0)"
212.225.203.50 - - [17/Nov/2017:09:23:20 +0000] "GET /category/office HTTP/1.1" 200 71 "-" "Mozilla/5.0 (Windows NT 5.1) AppleWebKit/535.11 (KHTML, like Gecko) Chrome/17.0.963.46 Safari/535.11"
136.27.27.51 - - [17/Nov/2017:09:23:25 +0000] "GET /category/electronics HTTP/1.1" 200 49 "/category/sports" "Mozilla/5.0 (Windows NT 6.1; WOW64) AppleWebKit/535.7 (KHTML, like Gecko) Chrome/16.0.912.77 Safari/535.7"
148.51.21.124 - - [17/Nov/2017:09:23:30 +0000] "POST /search/?c=Giftcards+Garden HTTP/1.1" 200 82 "/item/electronics/3271" "Mozilla/4.0 (compatible; MSIE 8.0; Windows NT 6.0; WOW64; Trident/4.0; GTB6; SLCC1; .NET CLR 2.0.50727; Media Center PC 5.0; .NET CLR 3.5.30729; .NET CLR 3.0.30618; .NET4.0C)"
224.183.83.85 - - [17/Nov/2017:09:23:35 +0000] "GET /item/software/4034 HTTP/1.1" 200 131 "/search/?c=Software+Office" "Mozilla/5.0 (Windows NT 6.1; WOW64) AppleWebKit/535.7 (KHTML, like Gecko) Chrome/16.0.912.77 Safari/535.7"
44.102.49.36 - - [17/Nov/2017:09:23:40 +0000] "GET /category/cameras HTTP/1.1" 200 77 "-" "Mozilla/4.0 (compatible; MSIE 8.0; Windows NT 6.1; WOW64; Trident/4.0; YTB730; GTB7.2; SLCC2; .NET CLR 2.0.50727; .NET CLR 3.5.30729; .NET CLR 3.0.30729; .NET4.0C; .NET4.0E; Media Center PC 6.0)"
84.207.145.22 - - [17/Nov/2017:09:23:45 +0000] "GET /category/games HTTP/1.1" 200 42 "/item/electronics/1706" "Mozilla/5.0 (compatible; MSIE 9.0; Windows NT 6.1; WOW64; Trident/5.0)"
104.216.208.39 - - [17/Nov/2017:09:23:50 +0000] "GET /category/books HTTP/1.1" 200 72 "/category/electronics" "Mozilla/5.0 (Windows NT 5.1) AppleWebKit/535.11 (KHTML, like Gecko) Chrome/17.0.963.46 Safari/535.11"
192.54.221.227 - - [17/Nov/2017:09:23:55 +0000] "GET /category/games HTTP/1.1" 200 111 "-" "Mozilla/5.0 (Windows NT 6.0; rv:10.0.1) Gecko/20100101 Firefox/10.0.1"
212.225.203.50 - - [17/Nov/2017:09:24:00 +0000] "GET /category/books?from=0 HTTP/1.1" 200 52 "/category/software" "Mozilla/5.0 (Windows NT 6.1; WOW64) AppleWebKit/535.11 (KHTML, like Gecko) Chrome/17.0.963.56 Safari/535.11"
100.93.108.122 - - [17/Nov/2017:09:24:05 +0000] "GET /category/cameras HTTP/1.1" 200 124 "/category/music" "Mozilla/4.0 (compatible; MSIE 8.0; Windows NT 6.1; WOW64; Trident/4.0; GTB7.2; SLCC2; .NET CLR 2.0.50727; .NET CLR 3.5.30729; .NET CLR 3.0.30729; Media Center PC 6.0; .NET4.0C)"
80.114.151.203 - - [17/Nov/2017:09:24:10 +0000] "GET /item/giftcards/2452 HTTP/1.1" 200 53 "/search/?c=Electronics+Books" "Mozilla/5.0 (Windows NT 6.1; WOW64; rv:10.0.1) Gecko/20100101 Firefox/10.0.1"
160.93.50.158 - - [17/Nov/2017:09:24:15 +0000] "GET /item/health/3590 HTTP/1.1" 200 95 "/category/books" "Mozilla/5.0 (Windows NT 6.0; rv:10.0.1) Gecko/20100101 Firefox/10.0.1"
96.99.105.24 - - [17/Nov/2017:09:24:20 +0000] "GET /item/electronics/367 HTTP/1.1" 200 79 "/category/electronics" "Mozilla/5.0 (Windows NT 6.0; rv:10.0.1) Gecko/20100101 Firefox/10.0.1"
172.33.83.66 - - [17/Nov/2017:09:24:25 +0000] "GET /category/games HTTP/1.1" 200 107 "/category/electronics" "Mozilla/5.0 (compatible; Googlebot/2.1; +http://www.google.com/bot.html)"
136.222.62.176 - - [17/Nov/2017:09:24:30 +0000] "GET /category/software HTTP/1.1" 200 137 "-" "Mozilla/4.0 (compatible; MSIE 8.0; Windows NT 6.1; WOW64; Trident/4.0; GTB7.2; SLCC2; .NET CLR 2.0.50727; .NET CLR 3.5.30729; .NET CLR 3.0.30729; Media Center PC 6.0; .NET4.0C)"
196.168.130.146 - - [17/Nov/2017:09:24:35 +0000] "GET /category/jewelry HTTP/1.1" 200 48 "/category/software" "Mozilla/5.0 (compatible; MSIE 9.0; Windows NT 6.1; WOW64; Trident/5.0)"
204.60.81.51 - - [17/Nov/2017:09:24:40 +0000] "GET /category/health HTTP/1.1" 200 100 "/item/software/1831" "Mozilla/5.0 (Windows NT 6.0) AppleWebKit/535.11 (KHTML, like Gecko) Chrome/17.0.963.56 Safari/535.11"
224.207.157.219 - - [17/Nov/2017:09:24:45 +0000] "GET /category/garden HTTP/1.1" 200 122 "/category/finance?from=20" "Mozilla/5.0 (iPad; CPU OS 5_0_1 like Mac OS X) AppleWebKit/534.46 (KHTML, like Gecko) Version/5.1 Mobile/9A405 Safari/7534.48.3"
116.33.181.169 - - [17/Nov/2017:09:24:50 +0000] "GET /item/cameras/3403 HTTP/1.1" 200 108 "/category/computers" "Mozilla/5.0 (Macintosh; Intel Mac OS X 10.6; rv:9.0.1) Gecko/20100101 Firefox/9.0.1"
116.24.121.47 - - [17/Nov/2017:09:24:55 +0000] "GET /category/electronics HTTP/1.1" 200 97 "/category/garden" "Mozilla/5.0 (Windows NT 6.1; WOW64) AppleWebKit/535.11 (KHTML, like Gecko) Chrome/17.0.963.56 Safari/535.11"
140.57.182.120 - - [17/Nov/2017:09:25:00 +0000] "GET /item/garden/1060 HTTP/1.1" 200 74 "http://www.google.com/search?ie=UTF-8&q=google&sclient=psy-ab&q=Garden+Books&oq=Garden+Books&aq=f&aqi=g-vL1&aql=&pbx=1&bav=on.2,or.r_gc.r_pw.r_qf.,cf.osb&biw=1817&bih=366" "Mozilla/4.0 (compatible; MSIE 8.0; Windows NT 5.1; Trident/4.0; BTRS122159; GTB7.2; .NET CLR 1.1.4322; .NET CLR 2.0.50727; .NET CLR 3.0.04506.30; .NET CLR 3.0.4506.2152; .NET CLR 3.5.30729; BRI/2)"
152.87.67.123 - - [17/Nov/2017:09:25:05 +0000] "GET /category/software HTTP/1.1" 200 104 "/item/electronics/3298" "Mozilla/5.0 (Windows NT 6.1; WOW64) AppleWebKit/535.7 (KHTML, like Gecko) Chrome/16.0.912.77 Safari/535.7"
40.33.157.65 - - [17/Nov/2017:09:25:10 +0000] "POST /search/?c=Giftcards HTTP/1.1" 200 104 "-" "Mozilla/5.0 (Windows NT 6.1; WOW64) AppleWebKit/535.11 (KHTML, like Gecko) Chrome/17.0.963.56 Safari/535.11"
48.105.184.168 - - [17/Nov/2017:09:25:15 +0000] "GET /category/office HTTP/1.1" 200 54 "-" "Mozilla/5.0 (iPad; CPU OS 5_0_1 like Mac OS X) AppleWebKit/534.46 (KHTML, like Gecko) Version/5.1 Mobile/9A405 Safari/7534.48.3"
48.105.184.168 - - [17/Nov/2017:09:25:20 +0000] "GET /category/music HTTP/1.1" 200 87 "/item/electronics/3882" "Mozilla/5.0 (Windows NT 6.0) AppleWebKit/535.11 (KHTML, like Gecko) Chrome/17.0.963.56 Safari/535.11"
136.27.27.51 - - [17/Nov/2017:09:25:25 +0000] "GET /item/office/863 HTTP/1.1" 200 125 "-" "Mozilla/5.0 (Windows NT 6.1; WOW64) AppleWebKit/535.7 (KHTML, like Gecko) Chrome/16.0.912.77 Safari/535.7"
212.213.59.205 - - [17/Nov/2017:09:25:30 +0000] "GET /category/office HTTP/1.1" 200 74 "-" "Mozilla/5.0 (Windows NT 6.1; WOW64) AppleWebKit/535.11 (KHTML, like Gecko) Chrome/17.0.963.56 Safari/535.11"
88.189.31.220 - - [17/Nov/2017:09:25:35 +0000] "GET /category/electronics HTTP/1.1" 200 95 "-" "Mozilla/5.0 (compatible; Googlebot/2.1; +http://www.google.com/bot.html)"
28.129.53.32 - - [17/Nov/2017:09:25:40 +0000] "GET /category/giftcards?from=10 HTTP/1.1" 200 100 "/search/?c=Health" "Mozilla/5.0 (Windows NT 6.1; WOW64) AppleWebKit/535.11 (KHTML, like Gecko) Chrome/17.0.963.56 Safari/535.11"
72.129.64.28 - - [17/Nov/2017:09:25:45 +0000] "GET /category/health HTTP/1.1" 200 137 "/category/music" "Mozilla/5.0 (Macintosh; Intel Mac OS X 10.6; rv:9.0.1) Gecko/20100101 Firefox/9.0.1"
192.180.36.138 - - [17/Nov/2017:09:25:50 +0000] "GET /item/finance/4688 HTTP/1.1" 200 96 "/category/electronics" "Mozilla/4.0 (compatible; MSIE 8.0; Windows NT 6.0; WOW64; Trident/4.0; GTB6; SLCC1; .NET CLR 2.0.50727; Media Center PC 5.0; .NET CLR 3.5.30729; .NET CLR 3.0.30618; .NET4.0C)"
124.159.56.90 - - [17/Nov/2017:09:25:55 +0000] "GET /category/giftcards HTTP/1.1" 200 55 "/category/software" "Mozilla/5.0 (Macintosh; Intel Mac OS X 10.6; rv:9.0.1) Gecko/20100101 Firefox/9.0.1"
80.45.209.74 - - [17/Nov/2017:09:26:00 +0000] "GET /item/giftcards/905 HTTP/1.1" 200 94 "http://www.google.com/search?ie=UTF-8&q=google&sclient=psy-ab&q=Giftcards&oq=Giftcards&aq=f&aqi=g-vL1&aql=&pbx=1&bav=on.2,or.r_gc.r_pw.r_qf.,cf.osb&biw=160&bih=157" "Mozilla/4.0 (compatible; MSIE 8.0; Windows NT 5.1; Trident/4.0; BTRS122159; GTB7.2; .NET CLR 1.1.4322; .NET CLR 2.0.50727; .NET CLR 3.0.04506.30; .NET CLR 3.0.4506.2152; .NET CLR 3.5.30729; BRI/2)"
108.78.86.154 - - [17/Nov/2017:09:26:05 +0000] "GET /category/sports HTTP/1.1" 200 95 "/category/jewelry" "Mozilla/5.0 (Windows NT 6.1; WOW64) AppleWebKit/535.7 (KHTML, like Gecko) Chrome/16.0.912.77 Safari/535.7"
144.228.38.65 - - [17/Nov/2017:09:26:10 +0000] "GET /category/finance HTTP/1.1" 200 49 "-" "Mozilla/5.0 (Macintosh; Intel Mac OS X 10.6; rv:9.0.1) Gecko/20100101 Firefox/9.0.1"
36.213.156.170 - - [17/Nov/2017:09:26:15 +0000] "GET /category/books?from=0 HTTP/1.1" 200 56 "/category/books?from=0" "Mozilla/5.0 (compatible; MSIE 9.0; Windows NT 6.1; Trident/5.0)"
216.48.29.169 - - [17/Nov/2017:09:26:20 +0000] "GET /category/electronics HTTP/1.1" 200 137 "-" "Mozilla/5.0 (Windows NT 6.0) AppleWebKit/535.11 (KHTML, like Gecko) Chrome/17.0.963.56 Safari/535.11"
168.150.74.102 - - [17/Nov/2017:09:26:25 +0000] "POST /search/?c=Electronics+Garden HTTP/1.1" 200 53 "-" "Mozilla/5.0 (Windows NT 6.0) AppleWebKit/535.11 (KHTML, like Gecko) Chrome/17.0.963.56 Safari/535.11"
28.129.94.208 - - [17/Nov/2017:09:26:30 +0000] "GET /category/software HTTP/1.1" 200 70 "-" "Mozilla/5.0 (Macintosh; Intel Mac OS X 10.6; rv:9.0.1) Gecko/20100101 Firefox/9.0.1"
28.156.128.90 - - [17/Nov/2017:09:26:35 +0000] "GET /item/jewelry/4114 HTTP/1.1" 404 139 "http://www.google.com/search?ie=UTF-8&q=google&sclient=psy-ab&q=Jewelry&oq=Jewelry&aq=f&aqi=g-vL1&aql=&pbx=1&bav=on.2,or.r_gc.r_pw.r_qf.,cf.osb&biw=4881&bih=529" "Mozilla/4.0 (compatible; MSIE 8.0; Windows NT 6.1; WOW64; Trident/4.0; GTB7.2; SLCC2; .NET CLR 2.0.50727; .NET CLR 3.5.30729; .NET CLR 3.0.30729; Media Center PC 6.0; .NET4.0C)"
192.93.155.127 - - [17/Nov/2017:09:26:40 +0000] "GET /category/jewelry HTTP/1.1" 200 56 "-" "Mozilla/5.0 (Macintosh; Intel Mac OS X 10.6; rv:9.0.1) Gecko/20100101 Firefox/9.0.1"
92.102.204.173 - - [17/Nov/2017:09:26:45 +0000] "POST /search/?c=Networking HTTP/1.1" 200 66 "/category/garden" "Mozilla/5.0 (Windows NT 6.1; WOW64) AppleWebKit/535.11 (KHTML, like Gecko) Chrome/17.0.963.56 Safari/535.11"
212.174.139.73 - - [17/Nov/2017:09:26:50 +0000] "GET /item/computers/3135 HTTP/1.1" 200 107 "/search/?c=Cameras+Finance" "Mozilla/4.0 (compatible; MSIE 8.0; Windows NT 6.1; WOW64; Trident/4.0; YTB730; GTB7.2; EasyBits GO v1.0; SLCC2; .NET CLR 2.0.50727; .NET CLR 3.5.30729; .NET CLR 3.0.30729; Media Center PC 6.0; .NET4.0C)"
156.132.137.129 - - [17/Nov/2017:09:26:55 +0000] "GET /category/office?from=10 HTTP/1.1" 200 88 "-" "Mozilla/5.0 (Windows NT 6.1; WOW64) AppleWebKit/535.11 (KHTML, like Gecko) Chrome/17.0.963.56 Safari/535.11"
148.78.49.128 - - [17/Nov/2017:09:27:00 +0000] "GET /item/music/4004 HTTP/1.1" 200 64 "/item/electronics/4788" "Mozilla/5.0 (Windows NT 6.1; WOW64) AppleWebKit/535.11 (KHTML, like Gecko) Chrome/17.0.963.56 Safari/535.11"
200.114.202.134 - - [17/Nov/2017:09:27:05 +0000] "GET /item/garden/2199 HTTP/1.1" 200 74 "/search/?c=Garden+Music" "Mozilla/5.0 (Windows NT 6.1; WOW64; rv:10.0.1) Gecko/20100101 Firefox/10.0.1"
208.138.152.63 - - [17/Nov/2017:09:27:10 +0000] "POST /search/?c=Garden+Electronics HTTP/1.1" 200 101 "-" "Mozilla/4.0 (compatible; MSIE 8.0; Windows NT 5.1; Trident/4.0; YTB720; GTB7.2; .NET CLR 1.1.4322; .NET CLR 2.0.50727; .NET CLR 3.0.4506.2152; .NET CLR 3.5.30729)"
208.81.168.36 - - [17/Nov/2017:09:27:15 +0000] "GET /item/games/4604 HTTP/1.1" 200 54 "/category/giftcards" "Mozilla/5.0 (Windows NT 6.0; rv:10.0.1) Gecko/20100101 Firefox/10.0.1"
56.222.85.33 - - [17/Nov/2017:09:27:20 +0000] "GET /item/office/1686 HTTP/1.1" 200 126 "-" "Mozilla/4.0 (compatible; MSIE 8.0; Windows NT 6.0; WOW64; Trident/4.0; GTB6; SLCC1; .NET CLR 2.0.50727; Media Center PC 5.0; .NET CLR 3.5.30729; .NET CLR 3.0.30618; .NET4.0C)"
48.222.150.132 - - [17/Nov/2017:09:27:25 +0000] "GET /category/software HTTP/1.1" 200 85 "-" "Mozilla/5.0 (Windows NT 6.0; rv:10.0.1) Gecko/20100101 Firefox/10.0.1"
100.135.99.62 - - [17/Nov/2017:09:27:30 +0000] "GET /item/finance/4688 HTTP/1.1" 200 96 "-" "Mozilla/5.0 (Windows NT 6.1; WOW64) AppleWebKit/535.11 (KHTML, like Gecko) Chrome/17.0.963.56 Safari/535.11"
64.72.99.80 - - [17/Nov/2017:09:27:35 +0000] "GET /item/books/953 HTTP/1.1" 200 97 "/item/electronics/4248" "Mozilla/5.0 (compatible; MSIE 9.0; Windows NT 6.1; WOW64; Trident/5.0)"
208.150.93.221 - - [17/Nov/2017:09:27:40 +0000] "POST /search/?c=Computers HTTP/1.1" 200 41 "/item/music/2928" "Mozilla/5.0 (Windows NT 6.1; WOW64; rv:10.0.1) Gecko/20100101 Firefox/10.0.1"
32.78.107.79 - - [17/Nov/2017:09:27:45 +0000] "GET /category/electronics HTTP/1.1" 200 101 "/category/electronics" "Mozilla/4.0 (compatible; MSIE 8.0; Windows NT 6.0; WOW64; Trident/4.0; GTB6; SLCC1; .NET CLR 2.0.50727; Media Center PC 5.0; .NET CLR 3.5.30729; .NET CLR 3.0.30618; .NET4.0C)"
80.39.220.94 - - [17/Nov/2017:09:27:50 +0000] "GET /category/music HTTP/1.1" 200 53 "/item/electronics/722" "Mozilla/5.0 (Windows NT 6.0) AppleWebKit/535.11 (KHTML, like Gecko) Chrome/17.0.963.56 Safari/535.11"
84.36.65.60 - - [17/Nov/2017:09:27:55 +0000] "GET /item/software/1046 HTTP/1.1" 200 90 "/item/office/393" "Mozilla/4.0 (compatible; MSIE 8.0; Windows NT 6.1; WOW64; Trident/4.0; YTB730; GTB7.2; SLCC2; .NET CLR 2.0.50727; .NET CLR 3.5.30729; .NET CLR 3.0.30729; .NET4.0C; .NET4.0E; Media Center PC 6.0)"
28.132.108.116 - - [17/Nov/2017:09:28:00 +0000] "GET /category/electronics HTTP/1.1" 200 84 "/item/electronics/2374" "Mozilla/5.0 (compatible; MSIE 9.0; Windows NT 6.1; Trident/5.0)"
84.192.102.111 - - [17/Nov/2017:09:28:05 +0000] "GET /category/toys HTTP/1.1" 200 63 "/category/books" "Mozilla/4.0 (compatible; MSIE 8.0; Windows NT 6.1; WOW64; Trident/4.0; YTB730; GTB7.2; EasyBits GO v1.0; SLCC2; .NET CLR 2.0.50727; .NET CLR 3.5.30729; .NET CLR 3.0.30729; Media Center PC 6.0; .NET4.0C)"
192.21.211.81 - - [17/Nov/2017:09:28:10 +0000] "POST /search/?c=Toys HTTP/1.1" 200 96 "/category/software" "Mozilla/5.0 (iPad; CPU OS 5_0_1 like Mac OS X) AppleWebKit/534.46 (KHTML, like Gecko) Version/5.1 Mobile/9A405 Safari/7534.48.3"
164.42.137.37 - - [17/Nov/2017:09:28:15 +0000] "GET /category/electronics?from=0 HTTP/1.1" 200 71 "/category/electronics?from=0" "Mozilla/4.0 (compatible; MSIE 8.0; Windows NT 6.1; WOW64; Trident/4.0; GTB7.2; SLCC2; .NET CLR 2.0.50727; .NET CLR 3.5.30729; .NET CLR 3.0.30729; Media Center PC 6.0; .NET4.0C)"
220.195.117.90 - - [17/Nov/2017:09:28:20 +0000] "GET /item/software/2434 HTTP/1.1" 200 120 "/item/software/4933" "Mozilla/5.0 (Windows NT 6.0; rv:10.0.1) Gecko/20100101 Firefox/10.0.1"
124.171.169.38 - - [17/Nov/2017:09:28:25 +0000] "GET /category/software?from=10 HTTP/1.1" 200 54 "-" "Mozilla/5.0 (Windows NT 6.0) AppleWebKit/535.11 (KHTML, like Gecko) Chrome/17.0.963.56 Safari/535.11"
188.21.107.76 - - [17/Nov/2017:09:28:30 +0000] "GET /item/electronics/1095 HTTP/1.1" 200 106 "/item/electronics/1079" "Mozilla/5.0 (compatible; Googlebot/2.1; +http://www.google.com/bot.html)"
48.90.222.139 - - [17/Nov/2017:09:28:35 +0000] "GET /category/electronics HTTP/1.1" 200 138 "-" "Mozilla/4.0 (compatible; MSIE 8.0; Windows NT 6.0; WOW64; Trident/4.0; GTB6; SLCC1; .NET CLR 2.0.50727; Media Center PC 5.0; .NET CLR 3.5.30729; .NET CLR 3.0.30618; .NET4.0C)"
64.30.173.72 - - [17/Nov/2017:09:28:40 +0000] "GET /category/software HTTP/1.1" 200 109 "/item/games/4604" "Mozilla/5.0 (Windows NT 6.1; WOW64) AppleWebKit/535.11 (KHTML, like Gecko) Chrome/17.0.963.56 Safari/535.11"
128.120.138.51 - - [17/Nov/2017:09:28:45 +0000] "GET /item/music/4004 HTTP/1.1" 200 64 "/item/cameras/4503" "Mozilla/5.0 (Windows NT 6.1; WOW64; rv:10.0.1) Gecko/20100101 Firefox/10.0.1"
108.150.20.229 - - [17/Nov/2017:09:28:50 +0000] "GET /category/finance HTTP/1.1" 200 46 "-" "Mozilla/5.0 (iPad; CPU OS 5_0_1 like Mac OS X) AppleWebKit/534.46 (KHTML, like Gecko) Version/5.1 Mobile/9A405 Safari/7534.48.3"
52.219.45.68 - - [17/Nov/2017:09:28:55 +0000] "GET /item/electronics/4005 HTTP/1.1" 200 107 "/search/?c=Electronics+Electronics" "Mozilla/5.0 (Windows NT 6.1; WOW64) AppleWebKit/535.11 (KHTML, like Gecko) Chrome/17.0.963.56 Safari/535.11"
64.108.210.186 - - [17/Nov/2017:09:29:00 +0000] "GET /item/finance/1207 HTTP/1.1" 200 57 "-" "Mozilla/4.0 (compatible; MSIE 8.0; Windows NT 5.1; Trident/4.0; YTB720; GTB7.2; .NET CLR 1.1.4322; .NET CLR 2.0.50727; .NET CLR 3.0.4506.2152; .NET CLR 3.5.30729)"
140.51.85.207 - - [17/Nov/2017:09:29:05 +0000] "GET /category/office HTTP/1.1" 200 82 "/item/computers/3996" "Mozilla/5.0 (Windows NT 6.1; WOW64) AppleWebKit/535.11 (KHTML, like Gecko) Chrome/17.0.963.56 Safari/535.11"
220.165.214.67 - - [17/Nov/2017:09:29:10 +0000] "GET /category/electronics HTTP/1.1" 200 65 "/item/networking/2266" "Mozilla/5.0 (Windows NT 6.1; WOW64) AppleWebKit/535.11 (KHTML, like Gecko) Chrome/17.0.963.56 Safari/535.11"
224.96.137.128 - - [17/Nov/2017:09:29:15 +0000] "GET /category/jewelry HTTP/1.1" 200 82 "/category/books" "Mozilla/4.0 (compatible; MSIE 8.0; Windows NT 6.1; WOW64; Trident/4.0; YTB730; GTB7.2; EasyBits GO v1.0; SLCC2; .NET CLR 2.0.50727; .NET CLR 3.5.30729; .NET CLR 3.0.30729; Media Center PC 6.0; .NET4.0C)"
76.153.173.21 - - [17/Nov/2017:09:29:20 +0000] "GET /item/cameras/590 HTTP/1.1" 200 133 "-" "Mozilla/5.0 (Windows NT 6.1; WOW64) AppleWebKit/535.11 (KHTML, like Gecko) Chrome/17.0.963.56 Safari/535.11"
76.144.80.172 - - [17/Nov/2017:09:29:25 +0000] "GET /item/office/278 HTTP/1.1" 200 108 "/item/cameras/801" "Mozilla/5.0 (compatible; Googlebot/2.1; +http://www.google.com/bot.html)"
140.36.40.82 - - [17/Nov/2017:09:29:30 +0000] "GET /category/software HTTP/1.1" 200 87 "-" "Mozilla/5.0 (Windows NT 6.1; WOW64) AppleWebKit/535.11 (KHTML, like Gecko) Chrome/17.0.963.56 Safari/535.11"
148.171.78.128 - - [17/Nov/2017:09:29:35 +0000] "GET /category/software HTTP/1.1" 200 131 "/category/computers" "Mozilla/5.0 (Windows NT 6.1; WOW64) AppleWebKit/535.11 (KHTML, like Gecko) Chrome/17.0.963.56 Safari/535.11"
92.147.59.203 - - [17/Nov/2017:09:29:40 +0000] "GET /category/sports?from=20 HTTP/1.1" 200 98 "/search/?c=Sports+Sports" "Mozilla/5.0 (compatible; MSIE 9.0; Windows NT 6.1; WOW64; Trident/5.0)"
168.129.116.168 - - [17/Nov/2017:09:29:45 +0000] "GET /category/books HTTP/1.1" 200 49 "/category/electronics" "Mozilla/5.0 (Windows NT 6.0; rv:10.0.1) Gecko/20100101 Firefox/10.0.1"
20.168.121.199 - - [17/Nov/2017:09:29:50 +0000] "GET /category/office HTTP/1.1" 200 139 "/item/giftcards/2263" "Mozilla/5.0 (Windows NT 6.0) AppleWebKit/535.11 (KHTML, like Gecko) Chrome/17.0.963.56 Safari/535.11"
152.90.227.164 - - [17/Nov/2017:09:29:55 +0000] "GET /item/games/1021 HTTP/1.1" 200 124 "/category/electronics?from=20" "Mozilla/5.0 (Windows NT 6.1; WOW64) AppleWebKit/535.7 (KHTML, like Gecko) Chrome/16.0.912.77 Safari/535.7"
140.183.67.108 - - [17/Nov/2017:09:30:00 +0000] "GET /item/giftcards/119 HTTP/1.1" 200 93 "/search/?c=Giftcards" "Mozilla/5.0 (Macintosh; Intel Mac OS X 10.6; rv:9.0.1) Gecko/20100101 Firefox/9.0.1"
44.132.181.113 - - [17/Nov/2017:09:30:05 +0000] "GET /category/giftcards HTTP/1.1" 200 127 "/search/?c=Software+Electronics" "Mozilla/5.0 (Windows NT 6.1; WOW64) AppleWebKit/535.11 (KHTML, like Gecko) Chrome/17.0.963.56 Safari/535.11"
72.123.144.157 - - [17/Nov/2017:09:30:10 +0000] "GET /category/jewelry HTTP/1.1" 200 82 "-" "Mozilla/5.0 (Windows NT 6.1; WOW64) AppleWebKit/535.11 (KHTML, like Gecko) Chrome/17.0.963.56 Safari/535.11"
176.210.71.83 - - [17/Nov/2017:09:30:15 +0000] "GET /item/electronics/2426 HTTP/1.1" 200 91 "/category/finance" "Mozilla/4.0 (compatible; MSIE 8.0; Windows NT 6.1; WOW64; Trident/4.0; GTB7.2; SLCC2; .NET CLR 2.0.50727; .NET CLR 3.5.30729; .NET CLR 3.0.30729; Media Center PC 6.0; .NET4.0C)"
44.72.104.147 - - [17/Nov/2017:09:30:20 +0000] "GET /category/jewelry HTTP/1.1" 200 59 "/category/books" "Mozilla/5.0 (compatible; MSIE 9.0; Windows NT 6.1; WOW64; Trident/5.0)"
60.30.37.117 - - [17/Nov/2017:09:30:25 +0000] "GET /category/computers HTTP/1.1" 200 131 "-" "Mozilla/5.0 (Windows NT 6.1; WOW64) AppleWebKit/535.11 (KHTML, like Gecko) Chrome/17.0.963.56 Safari/535.11"
216.153.155.217 - - [17/Nov/2017:09:30:30 +0000] "POST /search/?c=Toys+Toys HTTP/1.1" 200 102 "/item/finance/1103" "Mozilla/5.0 (Windows NT 6.0) AppleWebKit/535.11 (KHTML, like Gecko) Chrome/17.0.963.56 Safari/535.11"
176.120.38.36 - - [17/Nov/2017:09:30:35 +0000] "GET /item/electronics/1876 HTTP/1.1" 200 54 "http://www.google.com/search?ie=UTF-8&q=google&sclient=psy-ab&q=Electronics&oq=Electronics&aq=f&aqi=g-vL1&aql=&pbx=1&bav=on.2,or.r_gc.r_pw.r_qf.,cf.osb&biw=659&bih=413" "Mozilla/5.0 (iPhone; CPU iPhone OS 5_0_1 like Mac OS X) AppleWebKit/534.46 (KHTML, like Gecko) Version/5.1 Mobile/9A405 Safari/7534.48.3"
100.186.30.119 - - [17/Nov/2017:09:30:40 +0000] "GET /item/software/1046 HTTP/1.1" 200 90 "-" "Mozilla/4.0 (compatible; MSIE 8.0; Windows NT 6.1; WOW64; Trident/4.0; YTB730; GTB7.2; SLCC2; .NET CLR 2.0.50727; .NET CLR 3.5.30729; .NET CLR 3.0.30729; .NET4.0C; .NET4.0E; Media Center PC 6.0)"
112.222.91.42 - - [17/Nov/2017:09:30:45 +0000] "GET /category/finance HTTP/1.1" 200 136 "-" "Mozilla/5.0 (compatible; MSIE 9.0; Windows NT 6.1; WOW64; Trident/5.0)"
212.168.228.88 - - [17/Nov/2017:09:30:50 +0000] "POST /search/?c=Toys+Games HTTP/1.1" 200 92 "/category/software" "Mozilla/5.0 (iPhone; CPU iPhone OS 5_0_1 like Mac OS X) AppleWebKit/534.46 (KHTML, like Gecko) Version/5.1 Mobile/9A405 Safari/7534.48.3"
76.138.226.38 - - [17/Nov/2017:09:30:55 +0000] "POST /search/?c=Networking HTTP/1.1" 200 110 "/item/books/3101" "Mozilla/5.0 (Windows NT 6.0; rv:10.0.1) Gecko/20100101 Firefox/10.0.1"
204.78.117.193 - - [17/Nov/2017:09:31:00 +0000] "GET /category/office HTTP/1.1" 200 128 "-" "Mozilla/5.0 (Windows NT 6.0; rv:10.0.1) Gecko/20100101 Firefox/10.0.1"
200.195.153.115 - - [17/Nov/2017:09:31:05 +0000] "GET /item/books/4818 HTTP/1.1" 200 71 "/item/toys/2543" "Mozilla/5.0 (Windows NT 6.1; WOW64) AppleWebKit/535.7 (KHTML, like Gecko) Chrome/16.0.912.77 Safari/535.7"
192.198.25.191 - - [17/Nov/2017:09:31:10 +0000] "GET /category/electronics HTTP/1.1" 200 104 "-" "Mozilla/5.0 (Windows NT 6.1; WOW64) AppleWebKit/535.11 (KHTML, like Gecko) Chrome/17.0.963.56 Safari/535.11"
64.30.21.149 - - [17/Nov/2017:09:31:15 +0000] "GET /item/electronics/1344 HTTP/1.1" 200 61 "-" "Mozilla/5.0 (Windows NT 6.1; WOW64) AppleWebKit/535.7 (KHTML, like Gecko) Chrome/16.0.912.77 Safari/535.7"
176.210.158.39 - - [17/Nov/2017:09:31:20 +0000] "GET /item/electronics/670 HTTP/1.1" 200 66 "-" "Mozilla/5.0 (Windows NT 6.1; WOW64; rv:10.0.1) Gecko/20100101 Firefox/10.0.1"
92.186.177.75 - - [17/Nov/2017:09:31:25 +0000] "GET /item/electronics/861 HTTP/1.1" 200 85 "/category/games?from=0" "Mozilla/4.0 (compatible; MSIE 8.0; Windows NT 5.1; Trident/4.0; BTRS122159; GTB7.2; .NET CLR 1.1.4322; .NET CLR 2.0.50727; .NET CLR 3.0.04506.30; .NET CLR 3.0.4506.2152; .NET CLR 3.5.30729; BRI/2)"
168.27.211.221 - - [17/Nov/2017:09:31:30 +0000] "POST /search/?c=Music+Music HTTP/1.1" 200 119 "-" "Mozilla/4.0 (compatible; MSIE 8.0; Windows NT 5.1; Trident/4.0; YTB720; GTB7.2; .NET CLR 1.1.4322; .NET CLR 2.0.50727; .NET CLR 3.0.4506.2152; .NET CLR 3.5.30729)"
128.213.146.74 - - [17/Nov/2017:09:31:35 +0000] "GET /category/office HTTP/1.1" 200 136 "/category/software" "Mozilla/4.0 (compatible; MSIE 8.0; Windows NT 5.1; Trident/4.0; YTB720; GTB7.2; .NET CLR 1.1.4322; .NET CLR 2.0.50727; .NET CLR 3.0.4506.2152; .NET CLR 3.5.30729)"
108.174.61.62 - - [17/Nov/2017:09:31:40 +0000] "GET /item/health/2887 HTTP/1.1" 200 65 "/category/health" "Mozilla/4.0 (compatible; MSIE 8.0; Windows NT 5.1; Trident/4.0; YTB720; GTB7.2; .NET CLR 1.1.4322; .NET CLR 2.0.50727; .NET CLR 3.0.4506.2152; .NET CLR 3.5.30729)"
156.198.60.199 - - [17/Nov/2017:09:31:45 +0000] "GET /item/toys/2937 HTTP/1.1" 200 54 "http://www.google.com/search?ie=UTF-8&q=google&sclient=psy-ab&q=Toys&oq=Toys&aq=f&aqi=g-vL1&aql=&pbx=1&bav=on.2,or.r_gc.r_pw.r_qf.,cf.osb&biw=2342&bih=356" "Mozilla/5.0 (Windows NT 6.0; rv:10.0.1) Gecko/20100101 Firefox/10.0.1"
28.87.124.152 - - [17/Nov/2017:09:31:50 +0000] "GET /category/games HTTP/1.1" 200 108 "/category/software" "Mozilla/5.0 (Windows NT 6.0; rv:10.0.1) Gecko/20100101 Firefox/10.0.1"
204.99.132.70 - - [17/Nov/2017:09:31:55 +0000] "GET /category/books HTTP/1.1" 200 109 "-" "Mozilla/5.0 (compatible; MSIE 9.0; Windows NT 6.1; Trident/5.0)"
112.219.145.202 - - [17/Nov/2017:09:32:00 +0000] "GET /category/games HTTP/1.1" 200 114 "-" "Mozilla/5.0 (compatible; MSIE 9.0; Windows NT 6.1; Trident/5.0)"
168.195.218.121 - - [17/Nov/2017:09:32:05 +0000] "GET /category/software HTTP/1.1" 200 76 "/category/books" "Mozilla/5.0 (Windows NT 6.1; WOW64) AppleWebKit/535.7 (KHTML, like Gecko) Chrome/16.0.912.77 Safari/535.7"
196.162.93.51 - - [17/Nov/2017:09:32:10 +0000] "GET /category/books HTTP/1.1" 200 49 "-" "Mozilla/4.0 (compatible; MSIE 8.0; Windows NT 6.0; WOW64; Trident/4.0; GTB6; SLCC1; .NET CLR 2.0.50727; Media Center PC 5.0; .NET CLR 3.5.30729; .NET CLR 3.0.30618; .NET4.0C)"
124.87.214.172 - - [17/Nov/2017:09:32:15 +0000] "POST /search/?c=Health HTTP/1.1" 200 60 "-" "Mozilla/4.0 (compatible; MSIE 8.0; Windows NT 5.1; Trident/4.0; BTRS122159; GTB7.2; .NET CLR 1.1.4322; .NET CLR 2.0.50727; .NET CLR 3.0.04506.30; .NET CLR 3.0.4506.2152; .NET CLR 3.5.30729; BRI/2)"
168.147.219.163 - - [17/Nov/2017:09:32:20 +0000] "GET /category/giftcards HTTP/1.1" 200 81 "/item/software/1625" "Mozilla/5.0 (Windows NT 6.1; WOW64; rv:10.0.1) Gecko/20100101 Firefox/10.0.1"
180.207.97.33 - - [17/Nov/2017:09:32:25 +0000] "GET /category/games HTTP/1.1" 200 110 "http://www.google.com/search?ie=UTF-8&q=google&sclient=psy-ab&q=Games+Health&oq=Games+Health&aq=f&aqi=g-vL1&aql=&pbx=1&bav=on.2,or.r_gc.r_pw.r_qf.,cf.osb&biw=2239&bih=44" "Mozilla/4.0 (compatible; MSIE 8.0; Windows NT 6.0; WOW64; Trident/4.0; GTB6; SLCC1; .NET CLR 2.0.50727; Media Center PC 5.0; .NET CLR 3.5.30729; .NET CLR 3.0.30618; .NET4.0C)"
144.162.184.30 - - [17/Nov/2017:09:32:30 +0000] "GET /item/electronics/2426 HTTP/1.1" 200 91 "/category/software" "Mozilla/5.0 (Windows NT 6.1; WOW64) AppleWebKit/535.7 (KHTML, like Gecko) Chrome/16.0.912.77 Safari/535.7"
60.123.32.130 - - [17/Nov/2017:09:32:35 +0000] "GET /item/books/1573 HTTP/1.1" 200 72 "http://www.google.com/search?ie=UTF-8&q=google&sclient=psy-ab&q=Books+Electronics&oq=Books+Electronics&aq=f&aqi=g-vL1&aql=&pbx=1&bav=on.2,or.r_gc.r_pw.r_qf.,cf.osb&biw=701&bih=409" "Mozilla/4.0 (compatible; MSIE 8.0; Windows NT 5.1; Trident/4.0; YTB720; GTB7.2; .NET CLR 1.1.4322; .NET CLR 2.0.50727; .NET CLR 3.0.4506.2152; .NET CLR 3.5.30729)"
228.81.180.20 - - [17/Nov/2017:09:32:40 +0000] "GET /item/electronics/3030 HTTP/1.1" 200 84 "/category/electronics" "Mozilla/5.0 (Macintosh; Intel Mac OS X 10.6; rv:9.0.1) Gecko/20100101 Firefox/9.0.1"
164.219.67.33 - - [17/Nov/2017:09:32:45 +0000] "GET /category/sports HTTP/1.1" 200 121 "-" "Mozilla/4.0 (compatible; MSIE 8.0; Windows NT 6.1; WOW64; Trident/4.0; YTB730; GTB7.2; SLCC2; .NET CLR 2.0.50727; .NET CLR 3.5.30729; .NET CLR 3.0.30729; .NET4.0C; .NET4.0E; Media Center PC 6.0)"
168.201.46.220 - - [17/Nov/2017:09:32:50 +0000] "GET /item/electronics/4072 HTTP/1.1" 200 63 "/category/jewelry" "Mozilla/5.0 (Windows NT 6.1; WOW64) AppleWebKit/535.7 (KHTML, like Gecko) Chrome/16.0.912.77 Safari/535.7"
152.45.194.229 - - [17/Nov/2017:09:32:55 +0000] "GET /item/electronics/4072 HTTP/1.1" 200 63 "/search/?c=Electronics" "Mozilla/4.0 (compatible; MSIE 8.0; Windows NT 5.1; Trident/4.0; YTB720; GTB7.2; .NET CLR 1.1.4322; .NET CLR 2.0.50727; .NET CLR 3.0.4506.2152; .NET CLR 3.5.30729)"
180.36.176.29 - - [17/Nov/2017:09:33:00 +0000] "GET /category/electronics HTTP/1.1" 200 75 "-" "Mozilla/5.0 (Macintosh; Intel Mac OS X 10.6; rv:9.0.1) Gecko/20100101 Firefox/9.0.1"
88.102.169.148 - - [17/Nov/2017:09:33:05 +0000] "GET /category/software?from=0 HTTP/1.1" 200 126 "/category/software" "Mozilla/5.0 (Windows NT 5.1) AppleWebKit/535.11 (KHTML, like Gecko) Chrome/17.0.963.46 Safari/535.11"
196.36.158.223 - - [17/Nov/2017:09:33:10 +0000] "GET /item/computers/1710 HTTP/1.1" 200 47 "/search/?c=Office+Computers" "Mozilla/5.0 (Windows NT 6.0) AppleWebKit/535.11 (KHTML, like Gecko) Chrome/17.0.963.56 Safari/535.11"
216.177.75.217 - - [17/Nov/2017:09:33:15 +0000] "GET /category/software HTTP/1.1" 200 65 "-" "Mozilla/5.0 (compatible; MSIE 9.0; Windows NT 6.1; WOW64; Trident/5.0)"
136.225.199.202 - - [17/Nov/2017:09:33:20 +0000] "GET /category/office HTTP/1.1" 200 126 "-" "Mozilla/5.0 (iPhone; CPU iPhone OS 5_0_1 like Mac OS X) AppleWebKit/534.46 (KHTML, like Gecko) Version/5.1 Mobile/9A405 Safari/7534.48.3"
68.117.130.229 - - [17/Nov/2017:09:33:25 +0000] "GET /category/office?from=0 HTTP/1.1" 200 59 "-" "Mozilla/5.0 (compatible; MSIE 9.0; Windows NT 6.1; WOW64; Trident/5.0)"
188.219.65.49 - - [17/Nov/2017:09:33:30 +0000] "GET /category/electronics HTTP/1.1" 200 101 "-" "Mozilla/4.0 (compatible; MSIE 8.0; Windows NT 6.1; Trident/4.0; YTB730; SLCC2; .NET CLR 2.0.50727; .NET CLR 3.5.30729; .NET CLR 3.0.30729; Media Center PC 6.0; .NET4.0C)"
56.162.217.61 - - [17/Nov/2017:09:33:35 +0000] "GET /category/finance HTTP/1.1" 200 68 "-" "Mozilla/5.0 (Windows NT 6.1; WOW64) AppleWebKit/535.11 (KHTML, like Gecko) Chrome/17.0.963.56 Safari/535.11"
184.189.139.105 - - [17/Nov/2017:09:33:40 +0000] "GET /item/office/964 HTTP/1.1" 200 56 "/category/electronics" "Mozilla/5.0 (compatible; Googlebot/2.1; +http://www.google.com/bot.html)"
192.21.211.81 - - [17/Nov/2017:09:33:45 +0000] "GET /category/books?from=0 HTTP/1.1" 200 74 "/category/books?from=10" "Mozilla/5.0 (iPad; CPU OS 5_0_1 like Mac OS X) AppleWebKit/534.46 (KHTML, like Gecko) Version/5.1 Mobile/9A405 Safari/7534.48.3"
136.165.204.44 - - [17/Nov/2017:09:33:50 +0000] "GET /item/cameras/2541 HTTP/1.1" 200 110 "http://www.google.com/search?ie=UTF-8&q=google&sclient=psy-ab&q=Cameras+Software&oq=Cameras+Software&aq=f&aqi=g-vL1&aql=&pbx=1&bav=on.2,or.r_gc.r_pw.r_qf.,cf.osb&biw=4973&bih=290" "Mozilla/5.0 (Windows NT 6.0; rv:10.0.1) Gecko/20100101 Firefox/10.0.1"
40.78.48.94 - - [17/Nov/2017:09:33:55 +0000] "GET /category/cameras?from=20 HTTP/1.1" 200 133 "/item/garden/2971" "Mozilla/5.0 (compatible; MSIE 9.0; Windows NT 6.1; WOW64; Trident/5.0)"
200.195.153.115 - - [17/Nov/2017:09:34:00 +0000] "GET /category/software HTTP/1.1" 200 82 "http://www.google.com/search?ie=UTF-8&q=google&sclient=psy-ab&q=Software+Software&oq=Software+Software&aq=f&aqi=g-vL1&aql=&pbx=1&bav=on.2,or.r_gc.r_pw.r_qf.,cf.osb&biw=1915&bih=172" "Mozilla/5.0 (Windows NT 6.1; WOW64) AppleWebKit/535.7 (KHTML, like Gecko) Chrome/16.0.912.77 Safari/535.7"
140.144.140.227 - - [17/Nov/2017:09:34:05 +0000] "POST /search/?c=Games HTTP/1.1" 200 48 "-" "Mozilla/5.0 (compatible; MSIE 9.0; Windows NT 6.1; Trident/5.0)"
88.141.158.50 - - [17/Nov/2017:09:34:10 +0000] "GET /category/jewelry HTTP/1.1" 200 40 "/item/electronics/2524" "Mozilla/5.0 (compatible; MSIE 9.0; Windows NT 6.1; WOW64; Trident/5.0)"
200.225.159.107 - - [17/Nov/2017:09:34:15 +0000] "GET /category/electronics HTTP/1.1" 200 128 "/search/?c=Software+Electronics" "Mozilla/5.0 (iPhone; CPU iPhone OS 5_0_1 like Mac OS X) AppleWebKit/534.46 (KHTML, like Gecko) Version/5.1 Mobile/9A405 Safari/7534.48.3"
60.126.223.156 - - [17/Nov/2017:09:34:20 +0000] "GET /item/garden/1634 HTTP/1.1" 200 43 "-" "Mozilla/5.0 (iPad; CPU OS 5_0_1 like Mac OS X) AppleWebKit/534.46 (KHTML, like Gecko) Version/5.1 Mobile/9A405 Safari/7534.48.3"
96.195.40.31 - - [17/Nov/2017:09:34:25 +0000] "POST /search/?c=Software+Books HTTP/1.1" 200 79 "-" "Mozilla/5.0 (Windows NT 6.1; WOW64; rv:10.0.1) Gecko/20100101 Firefox/10.0.1"
168.69.28.43 - - [17/Nov/2017:09:34:30 +0000] "GET /item/games/3186 HTTP/1.1" 200 47 "/category/electronics" "Mozilla/5.0 (Macintosh; Intel Mac OS X 10.6; rv:9.0.1) Gecko/20100101 Firefox/9.0.1"
96.183.135.66 - - [17/Nov/2017:09:34:35 +0000] "GET /item/computers/3259 HTTP/1.1" 200 112 "-" "Mozilla/5.0 (Windows NT 6.1; WOW64) AppleWebKit/535.7 (KHTML, like Gecko) Chrome/16.0.912.77 Safari/535.7"
132.84.135.35 - - [17/Nov/2017:09:34:40 +0000] "POST /search/?c=Office+Electronics HTTP/1.1" 200 82 "-" "Mozilla/4.0 (compatible; MSIE 8.0; Windows NT 6.1; WOW64; Trident/4.0; YTB730; GTB7.2; EasyBits GO v1.0; SLCC2; .NET CLR 2.0.50727; .NET CLR 3.5.30729; .NET CLR 3.0.30729; Media Center PC 6.0; .NET4.0C)"
168.225.50.133 - - [17/Nov/2017:09:34:45 +0000] "GET /category/software HTTP/1.1" 200 95 "-" "Mozilla/5.0 (compatible; MSIE 9.0; Windows NT 6.1; WOW64; Trident/5.0)"
224.195.180.118 - - [17/Nov/2017:09:34:50 +0000] "GET /category/jewelry HTTP/1.1" 200 48 "/category/electronics" "Mozilla/5.0 (compatible; MSIE 9.0; Windows NT 6.1; WOW64; Trident/5.0)"
32.105.122.34 - - [17/Nov/2017:09:34:55 +0000] "GET /category/electronics HTTP/1.1" 200 128 "/category/cameras" "Mozilla/4.0 (compatible; MSIE 8.0; Windows NT 6.1; WOW64; Trident/4.0; GTB7.2; SLCC2; .NET CLR 2.0.50727; .NET CLR 3.5.30729; .NET CLR 3.0.30729; Media Center PC 6.0; .NET4.0C)"
212.225.203.50 - - [17/Nov/2017:09:35:00 +0000] "GET /category/software HTTP/1.1" 200 51 "/category/cameras?from=20" "Mozilla/5.0 (compatible; MSIE 9.0; Windows NT 6.1; WOW64; Trident/5.0)"
192.51.157.22 - - [17/Nov/2017:09:35:05 +0000] "GET /category/software HTTP/1.1" 200 48 "-" "Mozilla/5.0 (compatible; Googlebot/2.1; +http://www.google.com/bot.html)"
56.51.48.185 - - [17/Nov/2017:09:35:10 +0000] "POST /search/?c=Books+Finance HTTP/1.1" 200 93 "-" "Mozilla/4.0 (compatible; MSIE 8.0; Windows NT 6.0; WOW64; Trident/4.0; GTB6; SLCC1; .NET CLR 2.0.50727; Media Center PC 5.0; .NET CLR 3.5.30729; .NET CLR 3.0.30618; .NET4.0C)"
216.120.179.55 - - [17/Nov/2017:09:35:15 +0000] "POST /search/?c=Health HTTP/1.1" 200 102 "/item/toys/3743" "Mozilla/5.0 (compatible; Googlebot/2.1; +http://www.google.com/bot.html)"
208.54.69.174 - - [17/Nov/2017:09:35:20 +0000] "GET /category/books?from=10 HTTP/1.1" 200 99 "-" "Mozilla/5.0 (Windows NT 6.1; WOW64) AppleWebKit/535.7 (KHTML, like Gecko) Chrome/16.0.912.77 Safari/535.7"
176.30.78.65 - - [17/Nov/2017:09:35:25 +0000] "GET /category/books?from=0 HTTP/1.1" 200 103 "-" "Mozilla/5.0 (Windows NT 6.0; rv:10.0.1) Gecko/20100101 Firefox/10.0.1"
56.162.217.61 - - [17/Nov/2017:09:35:30 +0000] "GET /category/software HTTP/1.1" 200 69 "/item/software/3887" "Mozilla/5.0 (Macintosh; Intel Mac OS X 10.6; rv:9.0.1) Gecko/20100101 Firefox/9.0.1"
204.78.117.193 - - [17/Nov/2017:09:35:35 +0000] "GET /item/networking/3236 HTTP/1.1" 200 109 "/item/books/590" "Mozilla/5.0 (Windows NT 6.0) AppleWebKit/535.11 (KHTML, like Gecko) Chrome/17.0.963.56 Safari/535.11"
56.24.57.163 - - [17/Nov/2017:09:35:40 +0000] "GET /category/cameras HTTP/1.1" 200 47 "-" "Mozilla/5.0 (Windows NT 6.1; WOW64; rv:10.0.1) Gecko/20100101 Firefox/10.0.1"
132.120.217.35 - - [17/Nov/2017:09:35:45 +0000] "GET /category/games?from=20 HTTP/1.1" 200 42 "-" "Mozilla/4.0 (compatible; MSIE 8.0; Windows NT 6.1; WOW64; Trident/4.0; GTB7.2; SLCC2; .NET CLR 2.0.50727; .NET CLR 3.5.30729; .NET CLR 3.0.30729; Media Center PC 6.0; .NET4.0C)"
228.186.82.142 - - [17/Nov/2017:09:35:50 +0000] "GET /category/electronics HTTP/1.1" 200 102 "-" "Mozilla/5.0 (Windows NT 6.1; WOW64) AppleWebKit/535.7 (KHTML, like Gecko) Chrome/16.0.912.77 Safari/535.7"
108.78.86.154 - - [17/Nov/2017:09:35:55 +0000] "GET /category/electronics HTTP/1.1" 200 84 "-" "Mozilla/5.0 (Windows NT 6.1; WOW64) AppleWebKit/535.7 (KHTML, like Gecko) Chrome/16.0.912.77 Safari/535.7"
60.81.133.199 - - [17/Nov/2017:09:36:00 +0000] "GET /category/software?from=0 HTTP/1.1" 200 66 "-" "Mozilla/5.0 (Windows NT 6.0; rv:10.0.1) Gecko/20100101 Firefox/10.0.1"
84.123.83.114 - - [17/Nov/2017:09:36:05 +0000] "GET /category/software HTTP/1.1" 200 99 "/category/health" "Mozilla/5.0 (Windows NT 5.1) AppleWebKit/535.11 (KHTML, like Gecko) Chrome/17.0.963.46 Safari/535.11"
212.45.141.113 - - [17/Nov/2017:09:36:10 +0000] "GET /category/books HTTP/1.1" 200 85 "http://www.google.com/search?ie=UTF-8&q=google&sclient=psy-ab&q=Books+Games&oq=Books+Games&aq=f&aqi=g-vL1&aql=&pbx=1&bav=on.2,or.r_gc.r_pw.r_qf.,cf.osb&biw=1407&bih=339" "Mozilla/5.0 (Macintosh; Intel Mac OS X 10.6; rv:9.0.1) Gecko/20100101 Firefox/9.0.1"
128.27.162.45 - - [17/Nov/2017:09:36:15 +0000] "GET /category/books HTTP/1.1" 200 89 "/category/office" "Mozilla/5.0 (Windows NT 6.0; rv:10.0.1) Gecko/20100101 Firefox/10.0.1"
52.159.188.199 - - [17/Nov/2017:09:36:20 +0000] "GET /category/office HTTP/1.1" 200 132 "-" "Mozilla/5.0 (compatible; Googlebot/2.1; +http://www.google.com/bot.html)"
76.144.80.172 - - [17/Nov/2017:09:36:25 +0000] "GET /item/office/1523 HTTP/1.1" 200 98 "-" "Mozilla/5.0 (compatible; MSIE 9.0; Windows NT 6.1; Trident/5.0)"
116.99.75.204 - - [17/Nov/2017:09:36:30 +0000] "GET /category/computers HTTP/1.1" 200 45 "-" "Mozilla/5.0 (Windows NT 6.0; rv:10.0.1) Gecko/20100101 Firefox/10.0.1"
108.60.40.114 - - [17/Nov/2017:09:36:35 +0000] "GET /item/cameras/801 HTTP/1.1" 200 114 "http://www.google.com/search?ie=UTF-8&q=google&sclient=psy-ab&q=Cameras&oq=Cameras&aq=f&aqi=g-vL1&aql=&pbx=1&bav=on.2,or.r_gc.r_pw.r_qf.,cf.osb&biw=267&bih=300" "Mozilla/5.0 (Windows NT 6.1; WOW64) AppleWebKit/535.7 (KHTML, like Gecko) Chrome/16.0.912.77 Safari/535.7"
216.153.155.217 - - [17/Nov/2017:09:36:40 +0000] "GET /category/electronics HTTP/1.1" 200 115 "/category/electronics" "Mozilla/4.0 (compatible; MSIE 8.0; Windows NT 6.1; WOW64; Trident/4.0; GTB7.2; SLCC2; .NET CLR 2.0.50727; .NET CLR 3.5.30729; .NET CLR 3.0.30729; Media Center PC 6.0; .NET4.0C)"
140.69.87.26 - - [17/Nov/2017:09:36:45 +0000] "GET /category/electronics HTTP/1.1" 200 61 "/category/games" "Mozilla/4.0 (compatible; MSIE 8.0; Windows NT 6.1; WOW64; Trident/4.0; YTB730; GTB7.2; EasyBits GO v1.0; SLCC2; .NET CLR 2.0.50727; .NET CLR 3.5.30729; .NET CLR 3.0.30729; Media Center PC 6.0; .NET4.0C)"
204.60.81.51 - - [17/Nov/2017:09:36:50 +0000] "GET /category/electronics HTTP/1.1" 200 44 "-" "Mozilla/5.0 (Windows NT 6.0) AppleWebKit/535.11 (KHTML, like Gecko) Chrome/17.0.963.56 Safari/535.11"
96.195.97.48 - - [17/Nov/2017:09:36:55 +0000] "GET /item/networking/4421 HTTP/1.1" 200 47 "/search/?c=Networking+Jewelry" "Mozilla/4.0 (compatible; MSIE 8.0; Windows NT 5.1; Trident/4.0; BTRS122159; GTB7.2; .NET CLR 1.1.4322; .NET CLR 2.0.50727; .NET CLR 3.0.04506.30; .NET CLR 3.0.4506.2152; .NET CLR 3.5.30729; BRI/2)"
136.132.151.226 - - [17/Nov/2017:09:37:00 +0000] "GET /item/electronics/2972 HTTP/1.1" 200 130 "-" "Mozilla/5.0 (Windows NT 6.1; WOW64; rv:10.0.1) Gecko/20100101 Firefox/10.0.1"
204.213.121.181 - - [17/Nov/2017:09:37:05 +0000] "GET /category/music HTTP/1.1" 200 61 "-" "Mozilla/5.0 (iPhone; CPU iPhone OS 5_0_1 like Mac OS X) AppleWebKit/534.46 (KHTML, like Gecko) Version/5.1 Mobile/9A405 Safari/7534.48.3"
216.117.163.69 - - [17/Nov/2017:09:37:10 +0000] "GET /item/electronics/229 HTTP/1.1" 200 105 "/category/cameras" "Mozilla/5.0 (Windows NT 6.0; rv:10.0.1) Gecko/20100101 Firefox/10.0.1"
20.120.111.64 - - [17/Nov/2017:09:37:15 +0000] "GET /category/electronics HTTP/1.1" 200 101 "/category/software" "Mozilla/5.0 (compatible; MSIE 9.0; Windows NT 6.1; WOW64; Trident/5.0)"
40.111.117.84 - - [17/Nov/2017:09:37:20 +0000] "GET /category/books HTTP/1.1" 200 84 "/item/electronics/287" "Mozilla/5.0 (Windows NT 6.0; rv:10.0.1) Gecko/20100101 Firefox/10.0.1"
108.144.39.52 - - [17/Nov/2017:09:37:25 +0000] "GET /item/office/2035 HTTP/1.1" 200 120 "/category/games" "Mozilla/5.0 (Windows NT 5.1) AppleWebKit/535.11 (KHTML, like Gecko) Chrome/17.0.963.46 Safari/535.11"
216.210.207.165 - - [17/Nov/2017:09:37:30 +0000] "GET /category/electronics HTTP/1.1" 200 56 "/category/software?from=0" "Mozilla/4.0 (compatible; MSIE 8.0; Windows NT 6.1; WOW64; Trident/4.0; YTB730; GTB7.2; EasyBits GO v1.0; SLCC2; .NET CLR 2.0.50727; .NET CLR 3.5.30729; .NET CLR 3.0.30729; Media Center PC 6.0; .NET4.0C)"
216.48.29.169 - - [17/Nov/2017:09:37:35 +0000] "GET /category/software HTTP/1.1" 200 93 "/category/health" "Mozilla/5.0 (Windows NT 6.1; WOW64; rv:10.0.1) Gecko/20100101 Firefox/10.0.1"
60.225.108.28 - - [17/Nov/2017:09:37:40 +0000] "POST /search/?c=Games+Books HTTP/1.1" 200 68 "/category/sports" "Mozilla/4.0 (compatible; MSIE 8.0; Windows NT 5.1; Trident/4.0; YTB720; GTB7.2; .NET CLR 1.1.4322; .NET CLR 2.0.50727; .NET CLR 3.0.4506.2152; .NET CLR 3.5.30729)"
216.90.56.55 - - [17/Nov/2017:09:37:45 +0000] "GET /category/office HTTP/1.1" 200 128 "-" "Mozilla/4.0 (compatible; MSIE 8.0; Windows NT 6.1; Trident/4.0; YTB730; SLCC2; .NET CLR 2.0.50727; .NET CLR 3.5.30729; .NET CLR 3.0.30729; Media Center PC 6.0; .NET4.0C)"
48.63.222.76 - - [17/Nov/2017:09:37:50 +0000] "GET /item/electronics/1195 HTTP/1.1" 200 46 "-" "Mozilla/4.0 (compatible; MSIE 8.0; Windows NT 6.1; Trident/4.0; YTB730; SLCC2; .NET CLR 2.0.50727; .NET CLR 3.5.30729; .NET CLR 3.0.30729; Media Center PC 6.0; .NET4.0C)"
208.150.93.221 - - [17/Nov/2017:09:37:55 +0000] "GET /item/software/4657 HTTP/1.1" 200 136 "-" "Mozilla/5.0 (Windows NT 5.1) AppleWebKit/535.11 (KHTML, like Gecko) Chrome/17.0.963.46 Safari/535.11"
188.117.206.31 - - [17/Nov/2017:09:38:00 +0000] "GET /category/books HTTP/1.1" 200 84 "-" "Mozilla/5.0 (Windows NT 6.0; rv:10.0.1) Gecko/20100101 Firefox/10.0.1"
60.96.221.113 - - [17/Nov/2017:09:38:05 +0000] "GET /item/music/4221 HTTP/1.1" 200 94 "/search/?c=Music" "Mozilla/5.0 (compatible; MSIE 9.0; Windows NT 6.1; WOW64; Trident/5.0)"
56.48.140.129 - - [17/Nov/2017:09:38:10 +0000] "GET /category/electronics HTTP/1.1" 200 137 "/item/electronics/1344" "Mozilla/4.0 (compatible; MSIE 8.0; Windows NT 6.0; WOW64; Trident/4.0; GTB6; SLCC1; .NET CLR 2.0.50727; Media Center PC 5.0; .NET CLR 3.5.30729; .NET CLR 3.0.30618; .NET4.0C)"
220.30.157.208 - - [17/Nov/2017:09:38:15 +0000] "GET /category/health HTTP/1.1" 200 118 "-" "Mozilla/5.0 (compatible; Googlebot/2.1; +http://www.google.com/bot.html)"
28.201.26.192 - - [17/Nov/2017:09:38:20 +0000] "GET /category/cameras?from=10 HTTP/1.1" 200 72 "/category/cameras" "Mozilla/5.0 (compatible; Googlebot/2.1; +http://www.google.com/bot.html)"
196.81.179.31 - - [17/Nov/2017:09:38:25 +0000] "GET /item/books/590 HTTP/1.1" 200 55 "/category/games" "Mozilla/5.0 (Macintosh; Intel Mac OS X 10.6; rv:9.0.1) Gecko/20100101 Firefox/9.0.1"
144.99.170.128 - - [17/Nov/2017:09:38:30 +0000] "GET /category/jewelry?from=20 HTTP/1.1" 200 107 "/item/electronics/681" "Mozilla/5.0 (compatible; Googlebot/2.1; +http://www.google.com/bot.html)"
84.117.68.27 - - [17/Nov/2017:09:38:35 +0000] "GET /item/office/2035 HTTP/1.1" 200 120 "/category/software?from=10" "Mozilla/5.0 (Windows NT 6.0) AppleWebKit/535.11 (KHTML, like Gecko) Chrome/17.0.963.56 Safari/535.11"
36.219.69.202 - - [17/Nov/2017:09:38:40 +0000] "GET /category/books?from=10 HTTP/1.1" 200 97 "/category/electronics" "Mozilla/5.0 (iPhone; CPU iPhone OS 5_0_1 like Mac OS X) AppleWebKit/534.46 (KHTML, like Gecko) Version/5.1 Mobile/9A405 Safari/7534.48.3"
164.120.51.110 - - [17/Nov/2017:09:38:45 +0000] "GET /category/toys HTTP/1.1" 200 41 "-" "Mozilla/4.0 (compatible; MSIE 8.0; Windows NT 5.1; Trident/4.0; BTRS122159; GTB7.2; .NET CLR 1.1.4322; .NET CLR 2.0.50727; .NET CLR 3.0.04506.30; .NET CLR 3.0.4506.2152; .NET CLR 3.5.30729; BRI/2)"
128.123.38.119 - - [17/Nov/2017:09:38:50 +0000] "GET /category/electronics HTTP/1.1" 200 54 "-" "Mozilla/4.0 (compatible; MSIE 8.0; Windows NT 6.0; WOW64; Trident/4.0; GTB6; SLCC1; .NET CLR 2.0.50727; Media Center PC 5.0; .NET CLR 3.5.30729; .NET CLR 3.0.30618; .NET4.0C)"
156.174.158.57 - - [17/Nov/2017:09:38:55 +0000] "POST /search/?c=Finance HTTP/1.1" 200 85 "-" "Mozilla/5.0 (Windows NT 6.0; rv:10.0.1) Gecko/20100101 Firefox/10.0.1"
148.81.169.77 - - [17/Nov/2017:09:39:00 +0000] "GET /category/music HTTP/1.1" 200 138 "/category/electronics?from=20" "Mozilla/5.0 (Windows NT 6.1; WOW64) AppleWebKit/535.11 (KHTML, like Gecko) Chrome/17.0.963.56 Safari/535.11"
224.192.71.37 - - [17/Nov/2017:09:39:05 +0000] "GET /category/giftcards HTTP/1.1" 200 49 "/category/software" "Mozilla/5.0 (Windows NT 6.1; WOW64) AppleWebKit/535.11 (KHTML, like Gecko) Chrome/17.0.963.56 Safari/535.11"
100.54.120.206 - - [17/Nov/2017:09:39:10 +0000] "GET /category/garden HTTP/1.1" 200 126 "/category/software" "Mozilla/5.0 (Windows NT 6.1; WOW64) AppleWebKit/535.7 (KHTML, like Gecko) Chrome/16.0.912.77 Safari/535.7"
144.129.150.26 - - [17/Nov/2017:09:39:15 +0000] "GET /category/electronics HTTP/1.1" 200 44 "/search/?c=Software+Cameras" "Mozilla/4.0 (compatible; MSIE 8.0; Windows NT 6.1; WOW64; Trident/4.0; YTB730; GTB7.2; SLCC2; .NET CLR 2.0.50727; .NET CLR 3.5.30729; .NET CLR 3.0.30729; .NET4.0C; .NET4.0E; Media Center PC 6.0)"
160.213.73.172 - - [17/Nov/2017:09:39:20 +0000] "GET /item/electronics/2805 HTTP/1.1" 200 55 "/search/?c=Electronics" "Mozilla/5.0 (compatible; MSIE 9.0; Windows NT 6.1; WOW64; Trident/5.0)"
20.153.84.177 - - [17/Nov/2017:09:39:25 +0000] "GET /category/giftcards HTTP/1.1" 200 109 "/item/finance/1103" "Mozilla/5.0 (Windows NT 6.0) AppleWebKit/535.11 (KHTML, like Gecko) Chrome/17.0.963.56 Safari/535.11"
96.72.174.129 - - [17/Nov/2017:09:39:30 +0000] "GET /category/music HTTP/1.1" 200 56 "/category/finance?from=0" "Mozilla/4.0 (compatible; MSIE 8.0; Windows NT 6.1; WOW64; Trident/4.0; GTB7.2; SLCC2; .NET CLR 2.0.50727; .NET CLR 3.5.30729; .NET CLR 3.0.30729; Media Center PC 6.0; .NET4.0C)"
100.48.146.116 - - [17/Nov/2017:09:39:35 +0000] "GET /category/health HTTP/1.1" 200 79 "-" "Mozilla/4.0 (compatible; MSIE 8.0; Windows NT 6.1; Trident/4.0; YTB730; SLCC2; .NET CLR 2.0.50727; .NET CLR 3.5.30729; .NET CLR 3.0.30729; Media Center PC 6.0; .NET4.0C)"
180.48.74.50 - - [17/Nov/2017:09:39:40 +0000] "GET /category/giftcards HTTP/1.1" 200 86 "-" "Mozilla/5.0 (Windows NT 6.0; rv:10.0.1) Gecko/20100101 Firefox/10.0.1"
64.30.173.72 - - [17/Nov/2017:09:39:45 +0000] "GET /category/jewelry HTTP/1.1" 200 77 "/category/electronics?from=10" "Mozilla/5.0 (compatible; MSIE 9.0; Windows NT 6.1; Trident/5.0)"
80.39.194.34 - - [17/Nov/2017:09:39:50 +0000] "GET /category/computers HTTP/1.1" 200 113 "-" "Mozilla/5.0 (Windows NT 6.0) AppleWebKit/535.11 (KHTML, like Gecko) Chrome/17.0.963.56 Safari/535.11"
44.36.71.120 - - [17/Nov/2017:09:39:55 +0000] "GET /item/books/1568 HTTP/1.1" 200 79 "/category/books" "Mozilla/5.0 (Windows NT 6.0; rv:10.0.1) Gecko/20100101 Firefox/10.0.1"
216.123.84.162 - - [17/Nov/2017:09:40:00 +0000] "POST /search/?c=Software+Books HTTP/1.1" 200 79 "-" "Mozilla/5.0 (Windows NT 6.0) AppleWebKit/535.11 (KHTML, like Gecko) Chrome/17.0.963.56 Safari/535.11"
220.153.74.79 - - [17/Nov/2017:09:40:05 +0000] "GET /item/electronics/2374 HTTP/1.1" 200 96 "/category/electronics" "Mozilla/5.0 (compatible; MSIE 9.0; Windows NT 6.1; WOW64; Trident/5.0)"
100.135.99.62 - - [17/Nov/2017:09:40:10 +0000] "GET /item/office/1686 HTTP/1.1" 200 126 "-" "Mozilla/5.0 (Windows NT 6.0) AppleWebKit/535.11 (KHTML, like Gecko) Chrome/17.0.963.56 Safari/535.11"
152.159.202.129 - - [17/Nov/2017:09:40:15 +0000] "GET /category/giftcards HTTP/1.1" 200 127 "/category/office" "Mozilla/5.0 (Macintosh; Intel Mac OS X 10.6; rv:9.0.1) Gecko/20100101 Firefox/9.0.1"
32.78.86.157 - - [17/Nov/2017:09:40:20 +0000] "GET /category/electronics HTTP/1.1" 200 61 "-" "Mozilla/4.0 (compatible; MSIE 8.0; Windows NT 6.1; WOW64; Trident/4.0; YTB730; GTB7.2; SLCC2; .NET CLR 2.0.50727; .NET CLR 3.5.30729; .NET CLR 3.0.30729; .NET4.0C; .NET4.0E; Media Center PC 6.0)"
204.186.37.92 - - [17/Nov/2017:09:40:25 +0000] "GET /category/cameras HTTP/1.1" 200 117 "-" "Mozilla/5.0 (Windows NT 6.0) AppleWebKit/535.11 (KHTML, like Gecko) Chrome/17.0.963.56 Safari/535.11"
204.132.57.59 - - [17/Nov/2017:09:40:30 +0000] "GET /category/jewelry HTTP/1.1" 200 59 "-" "Mozilla/5.0 (Windows NT 6.0) AppleWebKit/535.11 (KHTML, like Gecko) Chrome/17.0.963.56 Safari/535.11"
36.192.196.184 - - [17/Nov/2017:09:40:35 +0000] "POST /search/?c=Electronics+Books HTTP/1.1" 200 134 "/item/games/4398" "Mozilla/5.0 (Macintosh; Intel Mac OS X 10.6; rv:9.0.1) Gecko/20100101 Firefox/9.0.1"
192.168.214.196 - - [17/Nov/2017:09:40:40 +0000] "GET /item/finance/3737 HTTP/1.1" 200 127 "/search/?c=Finance" "Mozilla/4.0 (compatible; MSIE 8.0; Windows NT 5.1; Trident/4.0; BTRS122159; GTB7.2; .NET CLR 1.1.4322; .NET CLR 2.0.50727; .NET CLR 3.0.04506.30; .NET CLR 3.0.4506.2152; .NET CLR 3.5.30729; BRI/2)"
180.225.135.58 - - [17/Nov/2017:09:40:45 +0000] "GET /item/software/4933 HTTP/1.1" 200 52 "/item/garden/2199" "Mozilla/5.0 (compatible; MSIE 9.0; Windows NT 6.1; Trident/5.0)"
132.225.76.162 - - [17/Nov/2017:09:40:50 +0000] "GET /category/games HTTP/1.1" 200 138 "/item/cameras/2644" "Mozilla/5.0 (Windows NT 6.1; WOW64; rv:10.0.1) Gecko/20100101 Firefox/10.0.1"
224.93.67.44 - - [17/Nov/2017:09:40:55 +0000] "POST /search/?c=Toys HTTP/1.1" 200 72 "-" "Mozilla/5.0 (Windows NT 6.1; WOW64) AppleWebKit/535.7 (KHTML, like Gecko) Chrome/16.0.912.77 Safari/535.7"
216.123.39.202 - - [17/Nov/2017:09:41:00 +0000] "GET /item/finance/3737 HTTP/1.1" 200 127 "/search/?c=Finance" "Mozilla/4.0 (compatible; MSIE 8.0; Windows NT 6.1; Trident/4.0; YTB730; SLCC2; .NET CLR 2.0.50727; .NET CLR 3.5.30729; .NET CLR 3.0.30729; Media Center PC 6.0; .NET4.0C)"
224.171.159.48 - - [17/Nov/2017:09:41:05 +0000] "GET /item/networking/4696 HTTP/1.1" 200 138 "/category/cameras" "Mozilla/4.0 (compatible; MSIE 8.0; Windows NT 5.1; Trident/4.0; YTB720; GTB7.2; .NET CLR 1.1.4322; .NET CLR 2.0.50727; .NET CLR 3.0.4506.2152; .NET CLR 3.5.30729)"
108.132.126.119 - - [17/Nov/2017:09:41:10 +0000] "GET /category/electronics HTTP/1.1" 200 137 "http://www.google.com/search?ie=UTF-8&q=google&sclient=psy-ab&q=Electronics&oq=Electronics&aq=f&aqi=g-vL1&aql=&pbx=1&bav=on.2,or.r_gc.r_pw.r_qf.,cf.osb&biw=506&bih=358" "Mozilla/5.0 (Windows NT 6.1; WOW64) AppleWebKit/535.7 (KHTML, like Gecko) Chrome/16.0.912.77 Safari/535.7"
176.93.138.138 - - [17/Nov/2017:09:41:15 +0000] "GET /category/electronics HTTP/1.1" 200 58 "/category/office" "Mozilla/5.0 (Windows NT 6.0) AppleWebKit/535.11 (KHTML, like Gecko) Chrome/17.0.963.56 Safari/535.11"
140.57.182.120 - - [17/Nov/2017:09:41:20 +0000] "GET /category/cameras?from=20 HTTP/1.1" 200 133 "-" "Mozilla/4.0 (compatible; MSIE 8.0; Windows NT 6.1; WOW64; Trident/4.0; GTB7.2; SLCC2; .NET CLR 2.0.50727; .NET CLR 3.5.30729; .NET CLR 3.0.30729; Media Center PC 6.0; .NET4.0C)"
224.27.58.174 - - [17/Nov/2017:09:41:25 +0000] "GET /category/software HTTP/1.1" 200 116 "-" "Mozilla/5.0 (compatible; MSIE 9.0; Windows NT 6.1; Trident/5.0)"
36.33.116.55 - - [17/Nov/2017:09:41:30 +0000] "GET /item/electronics/4339 HTTP/1.1" 200 55 "/category/giftcards" "Mozilla/4.0 (compatible; MSIE 8.0; Windows NT 6.1; WOW64; Trident/4.0; YTB730; GTB7.2; EasyBits GO v1.0; SLCC2; .NET CLR 2.0.50727; .NET CLR 3.5.30729; .NET CLR 3.0.30729; Media Center PC 6.0; .NET4.0C)"
36.24.74.155 - - [17/Nov/2017:09:41:35 +0000] "GET /item/garden/2199 HTTP/1.1" 200 74 "/item/networking/435" "Mozilla/5.0 (Windows NT 6.0; rv:10.0.1) Gecko/20100101 Firefox/10.0.1"
204.78.117.193 - - [17/Nov/2017:09:41:40 +0000] "GET /category/networking?from=10 HTTP/1.1" 200 59 "/item/garden/4383" "Mozilla/5.0 (compatible; MSIE 9.0; Windows NT 6.1; WOW64; Trident/5.0)"
200.39.205.215 - - [17/Nov/2017:09:41:45 +0000] "GET /category/garden HTTP/1.1" 200 114 "/category/music?from=20" "Mozilla/5.0 (Windows NT 5.1) AppleWebKit/535.11 (KHTML, like Gecko) Chrome/17.0.963.46 Safari/535.11"
60.150.49.62 - - [17/Nov/2017:09:41:50 +0000] "GET /category/cameras HTTP/1.1" 200 109 "-" "Mozilla/5.0 (Windows NT 6.1; WOW64) AppleWebKit/535.7 (KHTML, like Gecko) Chrome/16.0.912.77 Safari/535.7"
188.54.62.28 - - [17/Nov/2017:09:41:55 +0000] "POST /search/?c=Electronics+Software HTTP/1.1" 200 77 "-" "Mozilla/4.0 (compatible; MSIE 8.0; Windows NT 5.1; Trident/4.0; BTRS122159; GTB7.2; .NET CLR 1.1.4322; .NET CLR 2.0.50727; .NET CLR 3.0.04506.30; .NET CLR 3.0.4506.2152; .NET CLR 3.5.30729; BRI/2)"
60.165.28.148 - - [17/Nov/2017:09:42:00 +0000] "GET /category/office HTTP/1.1" 200 132 "-" "Mozilla/5.0 (Windows NT 6.0) AppleWebKit/535.11 (KHTML, like Gecko) Chrome/17.0.963.56 Safari/535.11"
100.69.57.39 - - [17/Nov/2017:09:42:05 +0000] "GET /category/software?from=0 HTTP/1.1" 200 40 "/category/electronics" "Mozilla/5.0 (Windows NT 5.1) AppleWebKit/535.11 (KHTML, like Gecko) Chrome/17.0.963.46 Safari/535.11"
32.105.122.34 - - [17/Nov/2017:09:42:10 +0000] "GET /category/software?from=20 HTTP/1.1" 200 64 "/search/?c=Software+Software" "Mozilla/4.0 (compatible; MSIE 8.0; Windows NT 6.1; WOW64; Trident/4.0; GTB7.2; SLCC2; .NET CLR 2.0.50727; .NET CLR 3.5.30729; .NET CLR 3.0.30729; Media Center PC 6.0; .NET4.0C)"
168.216.60.85 - - [17/Nov/2017:09:42:15 +0000] "GET /item/books/3101 HTTP/1.1" 200 61 "/category/software" "Mozilla/5.0 (Windows NT 6.1; WOW64) AppleWebKit/535.11 (KHTML, like Gecko) Chrome/17.0.963.56 Safari/535.11"
92.180.180.225 - - [17/Nov/2017:09:42:20 +0000] "GET /category/software HTTP/1.1" 200 69 "-" "Mozilla/5.0 (iPhone; CPU iPhone OS 5_0_1 like Mac OS X) AppleWebKit/534.46 (KHTML, like Gecko) Version/5.1 Mobile/9A405 Safari/7534.48.3"
152.213.199.56 - - [17/Nov/2017:09:42:25 +0000] "GET /item/jewelry/2821 HTTP/1.1" 200 68 "/category/jewelry" "Mozilla/4.0 (compatible; MSIE 8.0; Windows NT 6.1; WOW64; Trident/4.0; YTB730; GTB7.2; SLCC2; .NET CLR 2.0.50727; .NET CLR 3.5.30729; .NET CLR 3.0.30729; .NET4.0C; .NET4.0E; Media Center PC 6.0)"
168.210.175.118 - - [17/Nov/2017:09:42:30 +0000] "GET /category/electronics HTTP/1.1" 200 80 "/category/games" "Mozilla/5.0 (compatible; Googlebot/2.1; +http://www.google.com/bot.html)"
52.189.217.120 - - [17/Nov/2017:09:42:35 +0000] "GET /item/giftcards/905 HTTP/1.1" 200 94 "-" "Mozilla/5.0 (Windows NT 5.1) AppleWebKit/535.11 (KHTML, like Gecko) Chrome/17.0.963.46 Safari/535.11"
88.189.31.220 - - [17/Nov/2017:09:42:40 +0000] "POST /search/?c=Games+Giftcards HTTP/1.1" 200 78 "-" "Mozilla/5.0 (compatible; MSIE 9.0; Windows NT 6.1; WOW64; Trident/5.0)"
52.192.158.142 - - [17/Nov/2017:09:42:45 +0000] "GET /category/electronics HTTP/1.1" 200 139 "-" "Mozilla/5.0 (Windows NT 6.0) AppleWebKit/535.11 (KHTML, like Gecko) Chrome/17.0.963.56 Safari/535.11"
184.162.181.93 - - [17/Nov/2017:09:42:50 +0000] "GET /item/games/3420 HTTP/1.1" 200 120 "/item/electronics/2034" "Mozilla/5.0 (Windows NT 5.1) AppleWebKit/535.11 (KHTML, like Gecko) Chrome/17.0.963.46 Safari/535.11"
220.81.172.204 - - [17/Nov/2017:09:42:55 +0000] "GET /category/software HTTP/1.1" 200 82 "-" "Mozilla/4.0 (compatible; MSIE 8.0; Windows NT 6.1; WOW64; Trident/4.0; GTB7.2; SLCC2; .NET CLR 2.0.50727; .NET CLR 3.5.30729; .NET CLR 3.0.30729; Media Center PC 6.0; .NET4.0C)"
196.180.153.197 - - [17/Nov/2017:09:43:00 +0000] "GET /item/finance/4688 HTTP/1.1" 200 96 "/item/computers/3135" "Mozilla/5.0 (compatible; MSIE 9.0; Windows NT 6.1; WOW64; Trident/5.0)"
212.222.165.164 - - [17/Nov/2017:09:43:05 +0000] "GET /item/toys/1283 HTTP/1.1" 200 49 "-" "Mozilla/5.0 (Windows NT 6.1; WOW64; rv:10.0.1) Gecko/20100101 Firefox/10.0.1"
112.57.196.125 - - [17/Nov/2017:09:43:10 +0000] "GET /category/books HTTP/1.1" 200 78 "-" "Mozilla/5.0 (Windows NT 6.1; WOW64) AppleWebKit/535.7 (KHTML, like Gecko) Chrome/16.0.912.77 Safari/535.7"
208.54.69.174 - - [17/Nov/2017:09:43:15 +0000] "GET /category/software HTTP/1.1" 200 71 "-" "Mozilla/5.0 (Macintosh; Intel Mac OS X 10.6; rv:9.0.1) Gecko/20100101 Firefox/9.0.1"
40.33.157.65 - - [17/Nov/2017:09:43:20 +0000] "GET /category/electronics HTTP/1.1" 200 84 "/category/games" "Mozilla/5.0 (compatible; MSIE 9.0; Windows NT 6.1; Trident/5.0)"
164.78.138.100 - - [17/Nov/2017:09:43:25 +0000] "GET /item/office/1523 HTTP/1.1" 200 98 "/item/giftcards/119" "Mozilla/5.0 (Windows NT 6.1; WOW64; rv:10.0.1) Gecko/20100101 Firefox/10.0.1"
168.159.154.110 - - [17/Nov/2017:09:43:30 +0000] "GET /category/software?from=20 HTTP/1.1" 200 86 "/category/finance" "Mozilla/4.0 (compatible; MSIE 8.0; Windows NT 6.1; WOW64; Trident/4.0; YTB730; GTB7.2; SLCC2; .NET CLR 2.0.50727; .NET CLR 3.5.30729; .NET CLR 3.0.30729; .NET4.0C; .NET4.0E; Media Center PC 6.0)"
128.54.131.218 - - [17/Nov/2017:09:43:35 +0000] "POST /search/?c=Electronics+Garden HTTP/1.1" 200 139 "-" "Mozilla/5.0 (Windows NT 6.1; WOW64) AppleWebKit/535.11 (KHTML, like Gecko) Chrome/17.0.963.56 Safari/535.11"
176.39.156.216 - - [17/Nov/2017:09:43:40 +0000] "GET /category/sports HTTP/1.1" 200 98 "/category/software" "Mozilla/5.0 (Windows NT 6.1; WOW64; rv:10.0.1) Gecko/20100101 Firefox/10.0.1"
88.51.212.158 - - [17/Nov/2017:09:43:45 +0000] "GET /item/software/530 HTTP/1.1" 200 126 "/search/?c=Software+Jewelry" "Mozilla/4.0 (compatible; MSIE 8.0; Windows NT 6.1; WOW64; Trident/4.0; GTB7.2; SLCC2; .NET CLR 2.0.50727; .NET CLR 3.5.30729; .NET CLR 3.0.30729; Media Center PC 6.0; .NET4.0C)"
104.111.99.133 - - [17/Nov/2017:09:43:50 +0000] "GET /category/software HTTP/1.1" 200 43 "-" "Mozilla/5.0 (compatible; Googlebot/2.1; +http://www.google.com/bot.html)"
60.126.127.74 - - [17/Nov/2017:09:43:55 +0000] "GET /category/software HTTP/1.1" 200 104 "/item/office/2904" "Mozilla/5.0 (Windows NT 6.1; WOW64; rv:10.0.1) Gecko/20100101 Firefox/10.0.1"
200.144.113.93 - - [17/Nov/2017:09:44:00 +0000] "GET /item/computers/1943 HTTP/1.1" 200 77 "/category/jewelry" "Mozilla/5.0 (Windows NT 6.0; rv:10.0.1) Gecko/20100101 Firefox/10.0.1"
200.189.168.228 - - [17/Nov/2017:09:44:05 +0000] "GET /item/toys/3180 HTTP/1.1" 200 46 "/category/toys" "Mozilla/5.0 (compatible; MSIE 9.0; Windows NT 6.1; Trident/5.0)"
40.174.209.108 - - [17/Nov/2017:09:44:10 +0000] "GET /category/electronics HTTP/1.1" 200 77 "-" "Mozilla/4.0 (compatible; MSIE 8.0; Windows NT 6.1; WOW64; Trident/4.0; GTB7.2; SLCC2; .NET CLR 2.0.50727; .NET CLR 3.5.30729; .NET CLR 3.0.30729; Media Center PC 6.0; .NET4.0C)"
112.192.110.197 - - [17/Nov/2017:09:44:15 +0000] "GET /category/electronics HTTP/1.1" 200 62 "-" "Mozilla/5.0 (Windows NT 6.1; WOW64; rv:10.0.1) Gecko/20100101 Firefox/10.0.1"
168.225.50.133 - - [17/Nov/2017:09:44:20 +0000] "GET /category/office HTTP/1.1" 200 88 "/search/?c=Electronics" "Mozilla/4.0 (compatible; MSIE 8.0; Windows NT 6.0; WOW64; Trident/4.0; GTB6; SLCC1; .NET CLR 2.0.50727; Media Center PC 5.0; .NET CLR 3.5.30729; .NET CLR 3.0.30618; .NET4.0C)"
52.147.207.228 - - [17/Nov/2017:09:44:25 +0000] "GET /category/software HTTP/1.1" 200 116 "/item/networking/435" "Mozilla/5.0 (iPhone; CPU iPhone OS 5_0_1 like Mac OS X) AppleWebKit/534.46 (KHTML, like Gecko) Version/5.1 Mobile/9A405 Safari/7534.48.3"
116.144.123.207 - - [17/Nov/2017:09:44:30 +0000] "GET /category/health HTTP/1.1" 200 104 "/search/?c=Office" "Mozilla/5.0 (Macintosh; Intel Mac OS X 10.6; rv:9.0.1) Gecko/20100101 Firefox/9.0.1"
24.99.27.123 - - [17/Nov/2017:09:44:35 +0000] "GET /item/electronics/106 HTTP/1.1" 200 50 "http://www.google.com/search?ie=UTF-8&q=google&sclient=psy-ab&q=Electronics+Electronics&oq=Electronics+Electronics&aq=f&aqi=g-vL1&aql=&pbx=1&bav=on.2,or.r_gc.r_pw.r_qf.,cf.osb&biw=2097&bih=511" "Mozilla/4.0 (compatible; MSIE 8.0; Windows NT 5.1; Trident/4.0; BTRS122159; GTB7.2; .NET CLR 1.1.4322; .NET CLR 2.0.50727; .NET CLR 3.0.04506.30; .NET CLR 3.0.4506.2152; .NET CLR 3.5.30729; BRI/2)"
60.195.75.126 - - [17/Nov/2017:09:44:40 +0000] "GET /item/electronics/1089 HTTP/1.1" 200 54 "/search/?c=Electronics+Networking" "Mozilla/5.0 (Windows NT 6.0) AppleWebKit/535.11 (KHTML, like Gecko) Chrome/17.0.963.56 Safari/535.11"
140.144.63.69 - - [17/Nov/2017:09:44:45 +0000] "GET /item/software/2456 HTTP/1.1" 200 77 "-" "Mozilla/5.0 (compatible; MSIE 9.0; Windows NT 6.1; WOW64; Trident/5.0)"
128.114.217.21 - - [17/Nov/2017:09:44:50 +0000] "POST /search/?c=Books HTTP/1.1" 200 40 "-" "Mozilla/4.0 (compatible; MSIE 8.0; Windows NT 5.1; Trident/4.0; YTB720; GTB7.2; .NET CLR 1.1.4322; .NET CLR 2.0.50727; .NET CLR 3.0.4506.2152; .NET CLR 3.5.30729)"
80.75.100.166 - - [17/Nov/2017:09:44:55 +0000] "GET /category/toys HTTP/1.1" 200 93 "-" "Mozilla/5.0 (Macintosh; Intel Mac OS X 10.6; rv:9.0.1) Gecko/20100101 Firefox/9.0.1"
148.189.181.127 - - [17/Nov/2017:09:45:00 +0000] "POST /search/?c=Networking HTTP/1.1" 200 110 "-" "Mozilla/5.0 (compatible; MSIE 9.0; Windows NT 6.1; Trident/5.0)"
124.42.157.72 - - [17/Nov/2017:09:45:05 +0000] "GET /category/software HTTP/1.1" 200 123 "-" "Mozilla/4.0 (compatible; MSIE 8.0; Windows NT 6.1; WOW64; Trident/4.0; GTB7.2; SLCC2; .NET CLR 2.0.50727; .NET CLR 3.5.30729; .NET CLR 3.0.30729; Media Center PC 6.0; .NET4.0C)"
196.168.130.146 - - [17/Nov/2017:09:45:10 +0000] "GET /item/electronics/1911 HTTP/1.1" 200 122 "/category/electronics" "Mozilla/5.0 (Windows NT 6.1; WOW64) AppleWebKit/535.11 (KHTML, like Gecko) Chrome/17.0.963.56 Safari/535.11"
128.222.178.102 - - [17/Nov/2017:09:45:15 +0000] "GET /category/games HTTP/1.1" 200 86 "-" "Mozilla/5.0 (Windows NT 6.1; WOW64) AppleWebKit/535.11 (KHTML, like Gecko) Chrome/17.0.963.56 Safari/535.11"
88.120.125.141 - - [17/Nov/2017:09:45:20 +0000] "GET /item/games/4108 HTTP/1.1" 200 60 "/category/office?from=0" "Mozilla/5.0 (compatible; MSIE 9.0; Windows NT 6.1; WOW64; Trident/5.0)"
136.225.199.202 - - [17/Nov/2017:09:45:25 +0000] "GET /item/electronics/705 HTTP/1.1" 200 92 "/item/games/1490" "Mozilla/5.0 (compatible; MSIE 9.0; Windows NT 6.1; WOW64; Trident/5.0)"
40.42.114.155 - - [17/Nov/2017:09:45:30 +0000] "GET /category/health?from=10 HTTP/1.1" 200 124 "/category/health" "Mozilla/5.0 (Macintosh; Intel Mac OS X 10.6; rv:9.0.1) Gecko/20100101 Firefox/9.0.1"
36.126.180.91 - - [17/Nov/2017:09:45:35 +0000] "GET /item/toys/2543 HTTP/1.1" 200 73 "/search/?c=Toys" "Mozilla/5.0 (Windows NT 6.0; rv:10.0.1) Gecko/20100101 Firefox/10.0.1"
128.90.218.42 - - [17/Nov/2017:09:45:40 +0000] "POST /search/?c=Games+Electronics HTTP/1.1" 200 81 "-" "Mozilla/5.0 (Windows NT 6.1; WOW64) AppleWebKit/535.7 (KHTML, like Gecko) Chrome/16.0.912.77 Safari/535.7"
200.195.153.115 - - [17/Nov/2017:09:45:45 +0000] "GET /category/jewelry HTTP/1.1" 200 40 "-" "Mozilla/5.0 (compatible; Googlebot/2.1; +http://www.google.com/bot.html)"
152.87.163.219 - - [17/Nov/2017:09:45:50 +0000] "GET /category/electronics?from=20 HTTP/1.1" 200 97 "/category/electronics" "Mozilla/5.0 (Windows NT 6.1; WOW64; rv:10.0.1) Gecko/20100101 Firefox/10.0.1"
28.117.160.187 - - [17/Nov/2017:09:45:55 +0000] "GET /item/networking/973 HTTP/1.1" 200 48 "/category/software" "Mozilla/5.0 (Windows NT 6.0; rv:10.0.1) Gecko/20100101 Firefox/10.0.1"
72.129.64.28 - - [17/Nov/2017:09:46:00 +0000] "GET /category/software HTTP/1.1" 200 103 "-" "Mozilla/4.0 (compatible; MSIE 8.0; Windows NT 6.1; WOW64; Trident/4.0; GTB7.2; SLCC2; .NET CLR 2.0.50727; .NET CLR 3.5.30729; .NET CLR 3.0.30729; Media Center PC 6.0; .NET4.0C)"
136.165.204.44 - - [17/Nov/2017:09:46:05 +0000] "GET /category/software HTTP/1.1" 200 106 "-" "Mozilla/5.0 (Windows NT 6.0; rv:10.0.1) Gecko/20100101 Firefox/10.0.1"
224.171.144.182 - - [17/Nov/2017:09:46:10 +0000] "GET /item/games/918 HTTP/1.1" 200 76 "http://www.google.com/search?ie=UTF-8&q=google&sclient=psy-ab&q=Games+Office&oq=Games+Office&aq=f&aqi=g-vL1&aql=&pbx=1&bav=on.2,or.r_gc.r_pw.r_qf.,cf.osb&biw=3382&bih=522" "Mozilla/4.0 (compatible; MSIE 8.0; Windows NT 6.1; WOW64; Trident/4.0; GTB7.2; SLCC2; .NET CLR 2.0.50727; .NET CLR 3.5.30729; .NET CLR 3.0.30729; Media Center PC 6.0; .NET4.0C)"
128.27.201.209 - - [17/Nov/2017:09:46:15 +0000] "GET /category/software HTTP/1.1" 200 121 "/category/electronics" "Mozilla/5.0 (Windows NT 6.0) AppleWebKit/535.11 (KHTML, like Gecko) Chrome/17.0.963.56 Safari/535.11"
192.213.228.212 - - [17/Nov/2017:09:46:20 +0000] "GET /category/computers HTTP/1.1" 200 113 "/category/books" "Mozilla/4.0 (compatible; MSIE 8.0; Windows NT 6.1; WOW64; Trident/4.0; YTB730; GTB7.2; EasyBits GO v1.0; SLCC2; .NET CLR 2.0.50727; .NET CLR 3.5.30729; .NET CLR 3.0.30729; Media Center PC 6.0; .NET4.0C)"
148.60.198.141 - - [17/Nov/2017:09:46:25 +0000] "GET /category/software?from=10 HTTP/1.1" 200 67 "-" "Mozilla/5.0 (compatible; Googlebot/2.1; +http://www.google.com/bot.html)"
140.144.140.227 - - [17/Nov/2017:09:46:30 +0000] "GET /item/software/2190 HTTP/1.1" 200 70 "/search/?c=Software+Finance" "Mozilla/4.0 (compatible; MSIE 8.0; Windows NT 6.0; WOW64; Trident/4.0; GTB6; SLCC1; .NET CLR 2.0.50727; Media Center PC 5.0; .NET CLR 3.5.30729; .NET CLR 3.0.30618; .NET4.0C)"
140.27.85.29 - - [17/Nov/2017:09:46:35 +0000] "GET /category/sports?from=20 HTTP/1.1" 200 98 "/category/sports" "Mozilla/4.0 (compatible; MSIE 8.0; Windows NT 5.1; Trident/4.0; YTB720; GTB7.2; .NET CLR 1.1.4322; .NET CLR 2.0.50727; .NET CLR 3.0.4506.2152; .NET CLR 3.5.30729)"
160.135.24.226 - - [17/Nov/2017:09:46:40 +0000] "GET /item/electronics/3036 HTTP/1.1" 200 49 "/category/cameras" "Mozilla/5.0 (compatible; Googlebot/2.1; +http://www.google.com/bot.html)"
208.210.156.79 - - [17/Nov/2017:09:46:45 +0000] "POST /search/?c=Toys+Toys HTTP/1.1" 200 102 "/item/electronics/2940" "Mozilla/4.0 (compatible; MSIE 8.0; Windows NT 6.1; WOW64; Trident/4.0; YTB730; GTB7.2; EasyBits GO v1.0; SLCC2; .NET CLR 2.0.50727; .NET CLR 3.5.30729; .NET CLR 3.0.30729; Media Center PC 6.0; .NET4.0C)"
192.93.155.127 - - [17/Nov/2017:09:46:50 +0000] "GET /category/electronics?from=10 HTTP/1.1" 200 88 "/category/finance?from=0" "Mozilla/5.0 (Macintosh; Intel Mac OS X 10.6; rv:9.0.1) Gecko/20100101 Firefox/9.0.1"
124.222.42.225 - - [17/Nov/2017:09:46:55 +0000] "GET /category/electronics HTTP/1.1" 200 86 "/category/software" "Mozilla/5.0 (Macintosh; Intel Mac OS X 10.6; rv:9.0.1) Gecko/20100101 Firefox/9.0.1"
28.117.160.187 - - [17/Nov/2017:09:47:00 +0000] "GET /item/games/4709 HTTP/1.1" 200 43 "/category/music" "Mozilla/5.0 (compatible; MSIE 9.0; Windows NT 6.1; Trident/5.0)"
216.183.77.82 - - [17/Nov/2017:09:47:05 +0000] "GET /category/books HTTP/1.1" 200 80 "/category/health?from=0" "Mozilla/5.0 (Windows NT 6.0; rv:10.0.1) Gecko/20100101 Firefox/10.0.1"
116.48.59.21 - - [17/Nov/2017:09:47:10 +0000] "POST /search/?c=Electronics HTTP/1.1" 200 101 "/category/games" "Mozilla/4.0 (compatible; MSIE 8.0; Windows NT 5.1; Trident/4.0; BTRS122159; GTB7.2; .NET CLR 1.1.4322; .NET CLR 2.0.50727; .NET CLR 3.0.04506.30; .NET CLR 3.0.4506.2152; .NET CLR 3.5.30729; BRI/2)"
208.183.145.211 - - [17/Nov/2017:09:47:15 +0000] "GET /category/office HTTP/1.1" 200 109 "/item/health/4533" "Mozilla/5.0 (Windows NT 6.0) AppleWebKit/535.11 (KHTML, like Gecko) Chrome/17.0.963.56 Safari/535.11"
136.147.227.152 - - [17/Nov/2017:09:47:20 +0000] "GET /category/giftcards HTTP/1.1" 200 59 "-" "Mozilla/5.0 (compatible; MSIE 9.0; Windows NT 6.1; WOW64; Trident/5.0)"
184.57.118.95 - - [17/Nov/2017:09:47:25 +0000] "GET /item/software/517 HTTP/1.1" 200 123 "/category/giftcards" "Mozilla/5.0 (Windows NT 6.1; WOW64) AppleWebKit/535.11 (KHTML, like Gecko) Chrome/17.0.963.56 Safari/535.11"
144.129.128.24 - - [17/Nov/2017:09:47:30 +0000] "GET /item/sports/2911 HTTP/1.1" 200 130 "http://www.google.com/search?ie=UTF-8&q=google&sclient=psy-ab&q=Sports+Electronics&oq=Sports+Electronics&aq=f&aqi=g-vL1&aql=&pbx=1&bav=on.2,or.r_gc.r_pw.r_qf.,cf.osb&biw=4152&bih=16" "Mozilla/4.0 (compatible; MSIE 8.0; Windows NT 6.1; WOW64; Trident/4.0; YTB730; GTB7.2; SLCC2; .NET CLR 2.0.50727; .NET CLR 3.5.30729; .NET CLR 3.0.30729; .NET4.0C; .NET4.0E; Media Center PC 6.0)"
84.189.117.50 - - [17/Nov/2017:09:47:35 +0000] "GET /category/electronics HTTP/1.1" 200 97 "/category/electronics" "Mozilla/5.0 (Macintosh; Intel Mac OS X 10.6; rv:9.0.1) Gecko/20100101 Firefox/9.0.1"
48.183.212.212 - - [17/Nov/2017:09:47:40 +0000] "GET /item/electronics/2825 HTTP/1.1" 200 108 "/category/electronics" "Mozilla/4.0 (compatible; MSIE 8.0; Windows NT 6.0; WOW64; Trident/4.0; GTB6; SLCC1; .NET CLR 2.0.50727; Media Center PC 5.0; .NET CLR 3.5.30729; .NET CLR 3.0.30618; .NET4.0C)"
212.204.212.109 - - [17/Nov/2017:09:47:45 +0000] "GET /category/books HTTP/1.1" 200 50 "/category/cameras" "Mozilla/4.0 (compatible; MSIE 8.0; Windows NT 6.1; WOW64; Trident/4.0; YTB730; GTB7.2; SLCC2; .NET CLR 2.0.50727; .NET CLR 3.5.30729; .NET CLR 3.0.30729; .NET4.0C; .NET4.0E; Media Center PC 6.0)"
152.87.163.219 - - [17/Nov/2017:09:47:50 +0000] "GET /category/jewelry HTTP/1.1" 200 138 "-" "Mozilla/5.0 (Windows NT 6.0) AppleWebKit/535.11 (KHTML, like Gecko) Chrome/17.0.963.56 Safari/535.11"
144.90.208.217 - - [17/Nov/2017:09:47:55 +0000] "POST /search/?c=Computers+Electronics HTTP/1.1" 200 136 "-" "Mozilla/5.0 (Windows NT 6.0) AppleWebKit/535.11 (KHTML, like Gecko) Chrome/17.0.963.56 Safari/535.11"
208.150.70.225 - - [17/Nov/2017:09:48:00 +0000] "GET /category/games HTTP/1.1" 200 59 "/search/?c=Software+Networking" "Mozilla/5.0 (Windows NT 6.1; WOW64) AppleWebKit/535.11 (KHTML, like Gecko) Chrome/17.0.963.56 Safari/535.11"
124.78.114.122 - - [17/Nov/2017:09:48:05 +0000] "GET /category/books?from=20 HTTP/1.1" 200 121 "/category/software" "Mozilla/5.0 (compatible; MSIE 9.0; Windows NT 6.1; Trident/5.0)"
84.72.133.74 - - [17/Nov/2017:09:48:10 +0000] "GET /category/software?from=0 HTTP/1.1" 200 66 "/category/software" "Mozilla/5.0 (Windows NT 5.1) AppleWebKit/535.11 (KHTML, like Gecko) Chrome/17.0.963.46 Safari/535.11"
212.90.155.59 - - [17/Nov/2017:09:48:15 +0000] "GET /category/office HTTP/1.1" 200 46 "-" "Mozilla/5.0 (compatible; MSIE 9.0; Windows NT 6.1; Trident/5.0)"
84.150.155.34 - - [17/Nov/2017:09:48:20 +0000] "POST /search/?c=Giftcards+Garden HTTP/1.1" 200 82 "/item/health/1329" "Mozilla/5.0 (compatible; MSIE 9.0; Windows NT 6.1; Trident/5.0)"
116.60.150.29 - - [17/Nov/2017:09:48:25 +0000] "GET /category/software HTTP/1.1" 200 108 "/item/music/2915" "Mozilla/4.0 (compatible; MSIE 8.0; Windows NT 5.1; Trident/4.0; YTB720; GTB7.2; .NET CLR 1.1.4322; .NET CLR 2.0.50727; .NET CLR 3.0.4506.2152; .NET CLR 3.5.30729)"
76.144.80.172 - - [17/Nov/2017:09:48:30 +0000] "GET /category/games HTTP/1.1" 200 78 "-" "Mozilla/5.0 (compatible; Googlebot/2.1; +http://www.google.com/bot.html)"
164.48.123.206 - - [17/Nov/2017:09:48:35 +0000] "GET /category/cameras HTTP/1.1" 200 106 "-" "Mozilla/5.0 (compatible; MSIE 9.0; Windows NT 6.1; WOW64; Trident/5.0)"
40.21.219.95 - - [17/Nov/2017:09:48:40 +0000] "GET /category/office HTTP/1.1" 200 126 "-" "Mozilla/5.0 (compatible; MSIE 9.0; Windows NT 6.1; Trident/5.0)"
164.213.39.153 - - [17/Nov/2017:09:48:45 +0000] "GET /category/sports HTTP/1.1" 200 61 "-" "Mozilla/5.0 (Windows NT 6.1; WOW64) AppleWebKit/535.7 (KHTML, like Gecko) Chrome/16.0.912.77 Safari/535.7"
120.33.154.173 - - [17/Nov/2017:09:48:50 +0000] "GET /item/toys/2937 HTTP/1.1" 200 54 "/search/?c=Computers+Electronics" "Mozilla/4.0 (compatible; MSIE 8.0; Windows NT 6.1; WOW64; Trident/4.0; YTB730; GTB7.2; SLCC2; .NET CLR 2.0.50727; .NET CLR 3.5.30729; .NET CLR 3.0.30729; .NET4.0C; .NET4.0E; Media Center PC 6.0)"
92.141.177.68 - - [17/Nov/2017:09:48:55 +0000] "GET /category/electronics HTTP/1.1" 200 82 "/search/?c=Software+Cameras" "Mozilla/5.0 (Windows NT 5.1) AppleWebKit/535.11 (KHTML, like Gecko) Chrome/17.0.963.46 Safari/535.11"
80.75.100.166 - - [17/Nov/2017:09:49:00 +0000] "GET /category/office HTTP/1.1" 200 118 "-" "Mozilla/5.0 (Macintosh; Intel Mac OS X 10.6; rv:9.0.1) Gecko/20100101 Firefox/9.0.1"
168.147.219.163 - - [17/Nov/2017:09:49:05 +0000] "GET /item/garden/473 HTTP/1.1" 200 137 "/search/?c=Cameras" "Mozilla/5.0 (Windows NT 6.1; WOW64; rv:10.0.1) Gecko/20100101 Firefox/10.0.1"
216.144.153.181 - - [17/Nov/2017:09:49:10 +0000] "GET /item/garden/1220 HTTP/1.1" 200 112 "/item/garden/473" "Mozilla/5.0 (compatible; Googlebot/2.1; +http://www.google.com/bot.html)"
96.69.168.141 - - [17/Nov/2017:09:49:15 +0000] "GET /category/giftcards?from=10 HTTP/1.1" 200 100 "/category/cameras" "Mozilla/5.0 (Windows NT 6.1; WOW64) AppleWebKit/535.11 (KHTML, like Gecko) Chrome/17.0.963.56 Safari/535.11"
108.135.211.36 - - [17/Nov/2017:09:49:20 +0000] "GET /category/sports HTTP/1.1" 200 61 "/category/electronics" "Mozilla/5.0 (compatible; Googlebot/2.1; +http://www.google.com/bot.html)"
224.150.137.59 - - [17/Nov/2017:09:49:25 +0000] "GET /item/games/918 HTTP/1.1" 200 76 "-" "Mozilla/5.0 (Windows NT 6.1; WOW64) AppleWebKit/535.11 (KHTML, like Gecko) Chrome/17.0.963.56 Safari/535.11"
120.123.162.208 - - [17/Nov/2017:09:49:30 +0000] "GET /category/cameras HTTP/1.1" 200 80 "/category/health" "Mozilla/5.0 (Windows NT 6.1; WOW64; rv:10.0.1) Gecko/20100101 Firefox/10.0.1"
224.57.160.208 - - [17/Nov/2017:09:49:35 +0000] "GET /category/music?from=20 HTTP/1.1" 200 40 "/search/?c=Electronics+Sports" "Mozilla/5.0 (Windows NT 6.0) AppleWebKit/535.11 (KHTML, like Gecko) Chrome/17.0.963.56 Safari/535.11"
188.198.226.23 - - [17/Nov/2017:09:49:40 +0000] "POST /search/?c=Cameras+Finance HTTP/1.1" 200 49 "/item/electronics/663" "Mozilla/5.0 (Windows NT 6.0; rv:10.0.1) Gecko/20100101 Firefox/10.0.1"
84.216.40.211 - - [17/Nov/2017:09:49:45 +0000] "GET /category/music HTTP/1.1" 200 138 "-" "Mozilla/4.0 (compatible; MSIE 8.0; Windows NT 6.1; WOW64; Trident/4.0; GTB7.2; SLCC2; .NET CLR 2.0.50727; .NET CLR 3.5.30729; .NET CLR 3.0.30729; Media Center PC 6.0; .NET4.0C)"
148.84.100.197 - - [17/Nov/2017:09:49:50 +0000] "GET /category/books HTTP/1.1" 200 80 "-" "Mozilla/5.0 (compatible; MSIE 9.0; Windows NT 6.1; WOW64; Trident/5.0)"
100.192.67.188 - - [17/Nov/2017:09:49:55 +0000] "GET /category/finance HTTP/1.1" 200 96 "/category/books" "Mozilla/5.0 (Windows NT 6.0; rv:10.0.1) Gecko/20100101 Firefox/10.0.1"
116.63.29.208 - - [17/Nov/2017:09:50:00 +0000] "GET /item/games/152 HTTP/1.1" 200 133 "/search/?c=Garden+Office" "Mozilla/5.0 (Windows NT 6.1; WOW64; rv:10.0.1) Gecko/20100101 Firefox/10.0.1"
192.54.221.227 - - [17/Nov/2017:09:50:05 +0000] "GET /item/software/1831 HTTP/1.1" 200 69 "/item/garden/4271" "Mozilla/5.0 (Windows NT 6.0; rv:10.0.1) Gecko/20100101 Firefox/10.0.1"
160.168.34.130 - - [17/Nov/2017:09:50:10 +0000] "GET /item/games/2649 HTTP/1.1" 200 61 "/item/games/4709" "Mozilla/5.0 (iPad; CPU OS 5_0_1 like Mac OS X) AppleWebKit/534.46 (KHTML, like Gecko) Version/5.1 Mobile/9A405 Safari/7534.48.3"
44.165.199.141 - - [17/Nov/2017:09:50:15 +0000] "POST /search/?c=Software+Garden HTTP/1.1" 200 98 "/item/electronics/2972" "Mozilla/5.0 (Windows NT 5.1) AppleWebKit/535.11 (KHTML, like Gecko) Chrome/17.0.963.46 Safari/535.11"
76.180.131.65 - - [17/Nov/2017:09:50:20 +0000] "GET /item/games/2694 HTTP/1.1" 200 90 "-" "Mozilla/5.0 (Windows NT 6.0; rv:10.0.1) Gecko/20100101 Firefox/10.0.1"
28.129.94.208 - - [17/Nov/2017:09:50:25 +0000] "GET /item/books/757 HTTP/1.1" 200 90 "/category/electronics" "Mozilla/5.0 (Windows NT 6.0; rv:10.0.1) Gecko/20100101 Firefox/10.0.1"
96.24.145.93 - - [17/Nov/2017:09:50:30 +0000] "GET /category/electronics HTTP/1.1" 200 52 "/item/garden/1220" "Mozilla/5.0 (compatible; Googlebot/2.1; +http://www.google.com/bot.html)"
192.213.228.212 - - [17/Nov/2017:09:50:35 +0000] "GET /category/software HTTP/1.1" 200 81 "-" "Mozilla/4.0 (compatible; MSIE 8.0; Windows NT 6.1; WOW64; Trident/4.0; YTB730; GTB7.2; EasyBits GO v1.0; SLCC2; .NET CLR 2.0.50727; .NET CLR 3.5.30729; .NET CLR 3.0.30729; Media Center PC 6.0; .NET4.0C)"
160.45.81.35 - - [17/Nov/2017:09:50:40 +0000] "POST /search/?c=Games+Office HTTP/1.1" 200 72 "/item/games/1547" "Mozilla/5.0 (compatible; MSIE 9.0; Windows NT 6.1; WOW64; Trident/5.0)"
216.210.62.164 - - [17/Nov/2017:09:50:45 +0000] "GET /category/books HTTP/1.1" 200 49 "/category/jewelry" "Mozilla/5.0 (compatible; Googlebot/2.1; +http://www.google.com/bot.html)"
196.96.50.86 - - [17/Nov/2017:09:50:50 +0000] "GET /category/games HTTP/1.1" 200 96 "-" "Mozilla/5.0 (compatible; MSIE 9.0; Windows NT 6.1; WOW64; Trident/5.0)"
32.162.92.58 - - [17/Nov/2017:09:50:55 +0000] "GET /category/software HTTP/1.1" 200 56 "/category/jewelry" "Mozilla/5.0 (Windows NT 6.1; WOW64; rv:10.0.1) Gecko/20100101 Firefox/10.0.1"
116.48.59.21 - - [17/Nov/2017:09:51:00 +0000] "GET /category/jewelry HTTP/1.1" 200 48 "-" "Mozilla/4.0 (compatible; MSIE 8.0; Windows NT 5.1; Trident/4.0; BTRS122159; GTB7.2; .NET CLR 1.1.4322; .NET CLR 2.0.50727; .NET CLR 3.0.04506.30; .NET CLR 3.0.4506.2152; .NET CLR 3.5.30729; BRI/2)"
148.126.188.205 - - [17/Nov/2017:09:51:05 +0000] "GET /category/computers HTTP/1.1" 200 45 "-" "Mozilla/5.0 (Windows NT 6.0; rv:10.0.1) Gecko/20100101 Firefox/10.0.1"
224.93.67.44 - - [17/Nov/2017:09:51:10 +0000] "GET /category/office?from=10 HTTP/1.1" 200 88 "/search/?c=Office" "Mozilla/4.0 (compatible; MSIE 8.0; Windows NT 6.1; WOW64; Trident/4.0; YTB730; GTB7.2; SLCC2; .NET CLR 2.0.50727; .NET CLR 3.5.30729; .NET CLR 3.0.30729; .NET4.0C; .NET4.0E; Media Center PC 6.0)"
208.171.196.220 - - [17/Nov/2017:09:51:15 +0000] "GET /category/books HTTP/1.1" 200 49 "-" "Mozilla/5.0 (compatible; Googlebot/2.1; +http://www.google.com/bot.html)"
36.198.198.61 - - [17/Nov/2017:09:51:20 +0000] "GET /category/software HTTP/1.1" 200 109 "-" "Mozilla/4.0 (compatible; MSIE 8.0; Windows NT 5.1; Trident/4.0; YTB720; GTB7.2; .NET CLR 1.1.4322; .NET CLR 2.0.50727; .NET CLR 3.0.4506.2152; .NET CLR 3.5.30729)"
148.63.165.61 - - [17/Nov/2017:09:51:25 +0000] "GET /category/software HTTP/1.1" 200 105 "/item/electronics/367" "Mozilla/5.0 (compatible; MSIE 9.0; Windows NT 6.1; Trident/5.0)"
108.171.226.164 - - [17/Nov/2017:09:51:30 +0000] "GET /category/games HTTP/1.1" 200 111 "-" "Mozilla/5.0 (Macintosh; Intel Mac OS X 10.6; rv:9.0.1) Gecko/20100101 Firefox/9.0.1"
172.54.104.144 - - [17/Nov/2017:09:51:35 +0000] "GET /item/electronics/861 HTTP/1.1" 200 85 "http://www.google.com/search?ie=UTF-8&q=google&sclient=psy-ab&q=Electronics&oq=Electronics&aq=f&aqi=g-vL1&aql=&pbx=1&bav=on.2,or.r_gc.r_pw.r_qf.,cf.osb&biw=1932&bih=525" "Mozilla/5.0 (Windows NT 6.1; WOW64) AppleWebKit/535.7 (KHTML, like Gecko) Chrome/16.0.912.77 Safari/535.7"
192.207.80.72 - - [17/Nov/2017:09:51:40 +0000] "GET /category/toys HTTP/1.1" 200 57 "-" "Mozilla/5.0 (Macintosh; Intel Mac OS X 10.6; rv:9.0.1) Gecko/20100101 Firefox/9.0.1"
40.126.128.141 - - [17/Nov/2017:09:51:45 +0000] "GET /item/cameras/2541 HTTP/1.1" 200 110 "-" "Mozilla/5.0 (Windows NT 6.1; WOW64) AppleWebKit/535.7 (KHTML, like Gecko) Chrome/16.0.912.77 Safari/535.7"
84.189.135.46 - - [17/Nov/2017:09:51:50 +0000] "POST /search/?c=Health HTTP/1.1" 200 102 "/search/?c=Toys+Toys" "Mozilla/4.0 (compatible; MSIE 8.0; Windows NT 6.1; WOW64; Trident/4.0; GTB7.2; SLCC2; .NET CLR 2.0.50727; .NET CLR 3.5.30729; .NET CLR 3.0.30729; Media Center PC 6.0; .NET4.0C)"
48.57.162.127 - - [17/Nov/2017:09:51:55 +0000] "GET /category/sports HTTP/1.1" 200 98 "/category/software" "Mozilla/4.0 (compatible; MSIE 8.0; Windows NT 6.0; WOW64; Trident/4.0; GTB6; SLCC1; .NET CLR 2.0.50727; Media Center PC 5.0; .NET CLR 3.5.30729; .NET CLR 3.0.30618; .NET4.0C)"
144.129.150.26 - - [17/Nov/2017:09:52:00 +0000] "GET /category/office HTTP/1.1" 200 53 "/category/books" "Mozilla/5.0 (Windows NT 6.1; WOW64) AppleWebKit/535.11 (KHTML, like Gecko) Chrome/17.0.963.56 Safari/535.11"
136.147.227.152 - - [17/Nov/2017:09:52:05 +0000] "GET /category/garden HTTP/1.1" 200 47 "/item/music/4403" "Mozilla/4.0 (compatible; MSIE 8.0; Windows NT 6.1; WOW64; Trident/4.0; YTB730; GTB7.2; SLCC2; .NET CLR 2.0.50727; .NET CLR 3.5.30729; .NET CLR 3.0.30729; .NET4.0C; .NET4.0E; Media Center PC 6.0)"
152.207.187.181 - - [17/Nov/2017:09:52:10 +0000] "GET /item/sports/4622 HTTP/1.1" 200 109 "/item/toys/3743" "Mozilla/5.0 (Windows NT 6.1; WOW64) AppleWebKit/535.11 (KHTML, like Gecko) Chrome/17.0.963.56 Safari/535.11"
124.210.121.29 - - [17/Nov/2017:09:52:15 +0000] "GET /category/networking HTTP/1.1" 200 94 "-" "Mozilla/5.0 (compatible; MSIE 9.0; Windows NT 6.1; Trident/5.0)"
160.78.146.93 - - [17/Nov/2017:09:52:20 +0000] "GET /category/electronics HTTP/1.1" 200 50 "-" "Mozilla/5.0 (compatible; MSIE 9.0; Windows NT 6.1; Trident/5.0)"
92.204.226.50 - - [17/Nov/2017:09:52:25 +0000] "POST /search/?c=Games+Books HTTP/1.1" 200 68 "-" "Mozilla/5.0 (compatible; MSIE 9.0; Windows NT 6.1; WOW64; Trident/5.0)"
56.117.147.155 - - [17/Nov/2017:09:52:30 +0000] "POST /search/?c=Electronics+Sports HTTP/1.1" 200 139 "/search/?c=Games+Books" "Mozilla/5.0 (Windows NT 6.0; rv:10.0.1) Gecko/20100101 Firefox/10.0.1"
156.174.158.57 - - [17/Nov/2017:09:52:35 +0000] "GET /item/electronics/106 HTTP/1.1" 200 50 "/item/finance/1103" "Mozilla/4.0 (compatible; MSIE 8.0; Windows NT 6.0; WOW64; Trident/4.0; GTB6; SLCC1; .NET CLR 2.0.50727; Media Center PC 5.0; .NET CLR 3.5.30729; .NET CLR 3.0.30618; .NET4.0C)"
144.72.194.63 - - [17/Nov/2017:09:52:40 +0000] "POST /search/?c=Books+Giftcards HTTP/1.1" 200 69 "/category/giftcards?from=10" "Mozilla/4.0 (compatible; MSIE 8.0; Windows NT 6.1; WOW64; Trident/4.0; GTB7.2; SLCC2; .NET CLR 2.0.50727; .NET CLR 3.5.30729; .NET CLR 3.0.30729; Media Center PC 6.0; .NET4.0C)"
200.192.163.62 - - [17/Nov/2017:09:52:45 +0000] "GET /category/finance HTTP/1.1" 200 136 "/item/games/3284" "Mozilla/5.0 (compatible; Googlebot/2.1; +http://www.google.com/bot.html)"
152.159.202.129 - - [17/Nov/2017:09:52:50 +0000] "GET /category/electronics HTTP/1.1" 200 79 "/category/electronics" "Mozilla/5.0 (compatible; MSIE 9.0; Windows NT 6.1; WOW64; Trident/5.0)"
176.39.156.216 - - [17/Nov/2017:09:52:55 +0000] "GET /category/games?from=20 HTTP/1.1" 200 119 "/category/electronics" "Mozilla/5.0 (compatible; MSIE 9.0; Windows NT 6.1; WOW64; Trident/5.0)"
56.48.140.129 - - [17/Nov/2017:09:53:00 +0000] "GET /category/office HTTP/1.1" 200 136 "/category/software" "Mozilla/5.0 (compatible; MSIE 9.0; Windows NT 6.1; WOW64; Trident/5.0)"
152.21.213.161 - - [17/Nov/2017:09:53:05 +0000] "GET /category/computers HTTP/1.1" 200 99 "-" "Mozilla/5.0 (compatible; MSIE 9.0; Windows NT 6.1; Trident/5.0)"
212.66.174.222 - - [17/Nov/2017:09:53:10 +0000] "GET /category/electronics HTTP/1.1" 200 78 "/search/?c=Electronics+Garden" "Mozilla/5.0 (iPad; CPU OS 5_0_1 like Mac OS X) AppleWebKit/534.46 (KHTML, like Gecko) Version/5.1 Mobile/9A405 Safari/7534.48.3"
224.192.71.37 - - [17/Nov/2017:09:53:15 +0000] "GET /item/jewelry/1981 HTTP/1.1" 200 89 "/item/software/1323" "Mozilla/4.0 (compatible; MSIE 8.0; Windows NT 6.1; WOW64; Trident/4.0; YTB730; GTB7.2; EasyBits GO v1.0; SLCC2; .NET CLR 2.0.50727; .NET CLR 3.5.30729; .NET CLR 3.0.30729; Media Center PC 6.0; .NET4.0C)"
28.105.55.188 - - [17/Nov/2017:09:53:20 +0000] "GET /item/software/3387 HTTP/1.1" 200 121 "-" "Mozilla/5.0 (Windows NT 6.0; rv:10.0.1) Gecko/20100101 Firefox/10.0.1"
176.117.229.92 - - [17/Nov/2017:09:53:25 +0000] "POST /search/?c=Computers HTTP/1.1" 200 100 "-" "Mozilla/5.0 (Windows NT 6.0) AppleWebKit/535.11 (KHTML, like Gecko) Chrome/17.0.963.56 Safari/535.11"
60.195.75.126 - - [17/Nov/2017:09:53:30 +0000] "GET /category/games HTTP/1.1" 200 83 "/search/?c=Software+Games" "Mozilla/5.0 (Windows NT 6.0) AppleWebKit/535.11 (KHTML, like Gecko) Chrome/17.0.963.56 Safari/535.11"
224.117.61.161 - - [17/Nov/2017:09:53:35 +0000] "GET /item/office/4792 HTTP/1.1" 200 56 "-" "Mozilla/5.0 (Windows NT 6.1; WOW64) AppleWebKit/535.11 (KHTML, like Gecko) Chrome/17.0.963.56 Safari/535.11"
204.189.85.23 - - [17/Nov/2017:09:53:40 +0000] "GET /item/electronics/4788 HTTP/1.1" 200 46 "/category/electronics" "Mozilla/5.0 (iPad; CPU OS 5_0_1 like Mac OS X) AppleWebKit/534.46 (KHTML, like Gecko) Version/5.1 Mobile/9A405 Safari/7534.48.3"
80.174.167.30 - - [17/Nov/2017:09:53:45 +0000] "GET /category/electronics HTTP/1.1" 200 62 "/item/software/2487" "Mozilla/5.0 (compatible; MSIE 9.0; Windows NT 6.1; WOW64; Trident/5.0)"
168.27.211.221 - - [17/Nov/2017:09:53:50 +0000] "GET /category/games HTTP/1.1" 200 89 "-" "Mozilla/5.0 (Windows NT 6.1; WOW64; rv:10.0.1) Gecko/20100101 Firefox/10.0.1"
44.198.102.63 - - [17/Nov/2017:09:53:55 +0000] "GET /item/software/155 HTTP/1.1" 200 61 "/category/software" "Mozilla/5.0 (compatible; MSIE 9.0; Windows NT 6.1; Trident/5.0)"
48.201.198.145 - - [17/Nov/2017:09:54:00 +0000] "GET /item/computers/809 HTTP/1.1" 200 128 "-" "Mozilla/4.0 (compatible; MSIE 8.0; Windows NT 6.0; WOW64; Trident/4.0; GTB6; SLCC1; .NET CLR 2.0.50727; Media Center PC 5.0; .NET CLR 3.5.30729; .NET CLR 3.0.30618; .NET4.0C)"
168.39.135.79 - - [17/Nov/2017:09:54:05 +0000] "GET /category/software HTTP/1.1" 200 66 "-" "Mozilla/5.0 (Macintosh; Intel Mac OS X 10.6; rv:9.0.1) Gecko/20100101 Firefox/9.0.1"
212.156.57.223 - - [17/Nov/2017:09:54:10 +0000] "GET /category/health HTTP/1.1" 200 92 "/item/electronics/867" "Mozilla/5.0 (compatible; MSIE 9.0; Windows NT 6.1; WOW64; Trident/5.0)"
128.66.82.98 - - [17/Nov/2017:09:54:15 +0000] "GET /item/health/3601 HTTP/1.1" 200 64 "-" "Mozilla/5.0 (Windows NT 6.0; rv:10.0.1) Gecko/20100101 Firefox/10.0.1"
48.54.101.46 - - [17/Nov/2017:09:54:20 +0000] "GET /item/games/110 HTTP/1.1" 200 48 "/category/games" "Mozilla/5.0 (Windows NT 6.0; rv:10.0.1) Gecko/20100101 Firefox/10.0.1"
124.180.126.94 - - [17/Nov/2017:09:54:25 +0000] "GET /category/jewelry HTTP/1.1" 200 59 "-" "Mozilla/4.0 (compatible; MSIE 8.0; Windows NT 6.1; WOW64; Trident/4.0; YTB730; GTB7.2; SLCC2; .NET CLR 2.0.50727; .NET CLR 3.5.30729; .NET CLR 3.0.30729; .NET4.0C; .NET4.0E; Media Center PC 6.0)"
124.171.169.38 - - [17/Nov/2017:09:54:30 +0000] "GET /category/electronics HTTP/1.1" 200 118 "/item/office/278" "Mozilla/5.0 (Windows NT 6.0) AppleWebKit/535.11 (KHTML, like Gecko) Chrome/17.0.963.56 Safari/535.11"
140.204.32.148 - - [17/Nov/2017:09:54:35 +0000] "GET /category/books HTTP/1.1" 200 84 "-" "Mozilla/5.0 (iPad; CPU OS 5_0_1 like Mac OS X) AppleWebKit/534.46 (KHTML, like Gecko) Version/5.1 Mobile/9A405 Safari/7534.48.3"
96.75.214.176 - - [17/Nov/2017:09:54:40 +0000] "GET /category/office HTTP/1.1" 200 57 "/search/?c=Games" "Mozilla/5.0 (Windows NT 5.1) AppleWebKit/535.11 (KHTML, like Gecko) Chrome/17.0.963.46 Safari/535.11"
140.54.169.166 - - [17/Nov/2017:09:54:45 +0000] "GET /item/electronics/4788 HTTP/1.1" 200 46 "/category/cameras" "Mozilla/5.0 (compatible; MSIE 9.0; Windows NT 6.1; Trident/5.0)"
40.180.147.109 - - [17/Nov/2017:09:54:50 +0000] "GET /item/software/2629 HTTP/1.1" 200 61 "-" "Mozilla/5.0 (Windows NT 6.0) AppleWebKit/535.11 (KHTML, like Gecko) Chrome/17.0.963.56 Safari/535.11"
88.216.133.209 - - [17/Nov/2017:09:54:55 +0000] "GET /item/electronics/450 HTTP/1.1" 200 123 "/category/electronics" "Mozilla/5.0 (Windows NT 5.1) AppleWebKit/535.11 (KHTML, like Gecko) Chrome/17.0.963.46 Safari/535.11"
152.21.213.161 - - [17/Nov/2017:09:55:00 +0000] "GET /category/software HTTP/1.1" 200 78 "-" "Mozilla/5.0 (compatible; MSIE 9.0; Windows NT 6.1; Trident/5.0)"
72.66.199.152 - - [17/Nov/2017:09:55:05 +0000] "GET /item/finance/4492 HTTP/1.1" 200 41 "http://www.google.com/search?ie=UTF-8&q=google&sclient=psy-ab&q=Finance+Software&oq=Finance+Software&aq=f&aqi=g-vL1&aql=&pbx=1&bav=on.2,or.r_gc.r_pw.r_qf.,cf.osb&biw=1090&bih=340" "Mozilla/5.0 (Windows NT 6.0; rv:10.0.1) Gecko/20100101 Firefox/10.0.1"
36.33.116.55 - - [17/Nov/2017:09:55:10 +0000] "GET /item/electronics/1089 HTTP/1.1" 200 54 "-" "Mozilla/4.0 (compatible; MSIE 8.0; Windows NT 6.1; WOW64; Trident/4.0; YTB730; GTB7.2; EasyBits GO v1.0; SLCC2; .NET CLR 2.0.50727; .NET CLR 3.5.30729; .NET CLR 3.0.30729; Media Center PC 6.0; .NET4.0C)"
60.186.25.54 - - [17/Nov/2017:09:55:15 +0000] "GET /category/networking HTTP/1.1" 200 83 "/category/software" "Mozilla/5.0 (compatible; Googlebot/2.1; +http://www.google.com/bot.html)"
84.216.40.211 - - [17/Nov/2017:09:55:20 +0000] "GET /item/books/3877 HTTP/1.1" 200 47 "/search/?c=Books" "Mozilla/5.0 (Windows NT 6.1; WOW64) AppleWebKit/535.7 (KHTML, like Gecko) Chrome/16.0.912.77 Safari/535.7"
72.114.161.169 - - [17/Nov/2017:09:55:25 +0000] "GET /category/electronics HTTP/1.1" 200 61 "/category/software" "Mozilla/5.0 (compatible; MSIE 9.0; Windows NT 6.1; Trident/5.0)"
120.93.127.152 - - [17/Nov/2017:09:55:30 +0000] "GET /item/jewelry/1164 HTTP/1.1" 200 106 "/category/games?from=0" "Mozilla/5.0 (Windows NT 6.0; rv:10.0.1) Gecko/20100101 Firefox/10.0.1"
168.150.74.102 - - [17/Nov/2017:09:55:35 +0000] "GET /item/office/964 HTTP/1.1" 200 56 "/search/?c=Electronics" "Mozilla/5.0 (Windows NT 6.0; rv:10.0.1) Gecko/20100101 Firefox/10.0.1"
164.27.150.182 - - [17/Nov/2017:09:55:40 +0000] "POST /search/?c=Games+Software HTTP/1.1" 200 55 "-" "Mozilla/5.0 (Windows NT 6.0; rv:10.0.1) Gecko/20100101 Firefox/10.0.1"
100.165.48.87 - - [17/Nov/2017:09:55:45 +0000] "POST /search/?c=Books+Jewelry HTTP/1.1" 200 61 "/category/games" "Mozilla/4.0 (compatible; MSIE 8.0; Windows NT 6.0; WOW64; Trident/4.0; GTB6; SLCC1; .NET CLR 2.0.50727; Media Center PC 5.0; .NET CLR 3.5.30729; .NET CLR 3.0.30618; .NET4.0C)"
184.186.89.120 - - [17/Nov/2017:09:55:50 +0000] "GET /item/software/3371 HTTP/1.1" 200 121 "-" "Mozilla/5.0 (iPhone; CPU iPhone OS 5_0_1 like Mac OS X) AppleWebKit/534.46 (KHTML, like Gecko) Version/5.1 Mobile/9A405 Safari/7534.48.3"
84.207.145.22 - - [17/Nov/2017:09:55:55 +0000] "POST /search/?c=Computers+Jewelry HTTP/1.1" 200 81 "/category/software" "Mozilla/4.0 (compatible; MSIE 8.0; Windows NT 5.1; Trident/4.0; YTB720; GTB7.2; .NET CLR 1.1.4322; .NET CLR 2.0.50727; .NET CLR 3.0.4506.2152; .NET CLR 3.5.30729)"
92.216.114.137 - - [17/Nov/2017:09:56:00 +0000] "GET /category/games?from=0 HTTP/1.1" 200 72 "-" "Mozilla/5.0 (Windows NT 6.1; WOW64) AppleWebKit/535.11 (KHTML, like Gecko) Chrome/17.0.963.56 Safari/535.11"
216.177.75.217 - - [17/Nov/2017:09:56:05 +0000] "GET /category/software HTTP/1.1" 200 123 "-" "Mozilla/5.0 (Macintosh; Intel Mac OS X 10.6; rv:9.0.1) Gecko/20100101 Firefox/9.0.1"
136.138.110.70 - - [17/Nov/2017:09:56:10 +0000] "GET /item/jewelry/4156 HTTP/1.1" 200 71 "/category/games" "Mozilla/5.0 (Windows NT 6.0; rv:10.0.1) Gecko/20100101 Firefox/10.0.1"
20.120.111.64 - - [17/Nov/2017:09:56:15 +0000] "GET /item/health/3601 HTTP/1.1" 200 64 "/search/?c=Health+Electronics" "Mozilla/5.0 (compatible; MSIE 9.0; Windows NT 6.1; WOW64; Trident/5.0)"
136.132.151.226 - - [17/Nov/2017:09:56:20 +0000] "GET /category/computers HTTP/1.1" 200 94 "-" "Mozilla/5.0 (iPad; CPU OS 5_0_1 like Mac OS X) AppleWebKit/534.46 (KHTML, like Gecko) Version/5.1 Mobile/9A405 Safari/7534.48.3"
80.120.169.42 - - [17/Nov/2017:09:56:25 +0000] "POST /search/?c=Jewelry+Games HTTP/1.1" 200 129 "-" "Mozilla/5.0 (compatible; Googlebot/2.1; +http://www.google.com/bot.html)"
88.189.31.220 - - [17/Nov/2017:09:56:30 +0000] "GET /category/electronics HTTP/1.1" 200 98 "-" "Mozilla/5.0 (compatible; MSIE 9.0; Windows NT 6.1; WOW64; Trident/5.0)"
76.93.187.155 - - [17/Nov/2017:09:56:35 +0000] "GET /category/electronics?from=10 HTTP/1.1" 200 119 "/item/health/3590" "Mozilla/5.0 (Windows NT 6.1; WOW64) AppleWebKit/535.11 (KHTML, like Gecko) Chrome/17.0.963.56 Safari/535.11"
96.135.141.175 - - [17/Nov/2017:09:56:40 +0000] "GET /category/games HTTP/1.1" 200 116 "/category/electronics" "Mozilla/5.0 (Macintosh; Intel Mac OS X 10.6; rv:9.0.1) Gecko/20100101 Firefox/9.0.1"
220.162.66.229 - - [17/Nov/2017:09:56:45 +0000] "GET /item/games/3254 HTTP/1.1" 200 41 "-" "Mozilla/5.0 (compatible; MSIE 9.0; Windows NT 6.1; WOW64; Trident/5.0)"
152.207.144.27 - - [17/Nov/2017:09:56:50 +0000] "GET /item/electronics/4788 HTTP/1.1" 200 46 "-" "Mozilla/5.0 (compatible; MSIE 9.0; Windows NT 6.1; Trident/5.0)"
88.189.31.220 - - [17/Nov/2017:09:56:55 +0000] "GET /category/electronics HTTP/1.1" 200 73 "/item/games/152" "Mozilla/5.0 (compatible; MSIE 9.0; Windows NT 6.1; WOW64; Trident/5.0)"
40.27.108.131 - - [17/Nov/2017:09:57:00 +0000] "POST /search/?c=Games+Office HTTP/1.1" 200 72 "-" "Mozilla/4.0 (compatible; MSIE 8.0; Windows NT 6.1; WOW64; Trident/4.0; GTB7.2; SLCC2; .NET CLR 2.0.50727; .NET CLR 3.5.30729; .NET CLR 3.0.30729; Media Center PC 6.0; .NET4.0C)"
156.222.94.210 - - [17/Nov/2017:09:57:05 +0000] "GET /category/cameras HTTP/1.1" 200 109 "-" "Mozilla/5.0 (Windows NT 6.0; rv:10.0.1) Gecko/20100101 Firefox/10.0.1"
60.33.34.174 - - [17/Nov/2017:09:57:10 +0000] "GET /category/cameras HTTP/1.1" 200 99 "http://www.google.com/search?ie=UTF-8&q=google&sclient=psy-ab&q=Cameras+Electronics&oq=Cameras+Electronics&aq=f&aqi=g-vL1&aql=&pbx=1&bav=on.2,or.r_gc.r_pw.r_qf.,cf.osb&biw=2028&bih=506" "Mozilla/5.0 (Windows NT 5.1) AppleWebKit/535.11 (KHTML, like Gecko) Chrome/17.0.963.46 Safari/535.11"
44.162.33.184 - - [17/Nov/2017:09:57:15 +0000] "GET /category/games HTTP/1.1" 200 78 "/item/electronics/1309" "Mozilla/5.0 (compatible; MSIE 9.0; Windows NT 6.1; Trident/5.0)"
60.147.125.150 - - [17/Nov/2017:09:57:20 +0000] "GET /category/giftcards HTTP/1.1" 200 126 "-" "Mozilla/5.0 (compatible; MSIE 9.0; Windows NT 6.1; Trident/5.0)"
84.162.134.68 - - [17/Nov/2017:09:57:25 +0000] "GET /category/electronics HTTP/1.1" 200 116 "-" "Mozilla/5.0 (compatible; MSIE 9.0; Windows NT 6.1; Trident/5.0)"
28.117.160.187 - - [17/Nov/2017:09:57:30 +0000] "GET /category/garden HTTP/1.1" 200 86 "-" "Mozilla/5.0 (Windows NT 6.0; rv:10.0.1) Gecko/20100101 Firefox/10.0.1"
212.45.141.113 - - [17/Nov/2017:09:57:35 +0000] "GET /item/finance/4492 HTTP/1.1" 200 41 "/category/games" "Mozilla/4.0 (compatible; MSIE 8.0; Windows NT 6.1; WOW64; Trident/4.0; YTB730; GTB7.2; SLCC2; .NET CLR 2.0.50727; .NET CLR 3.5.30729; .NET CLR 3.0.30729; .NET4.0C; .NET4.0E; Media Center PC 6.0)"
84.150.50.150 - - [17/Nov/2017:09:57:40 +0000] "GET /item/electronics/450 HTTP/1.1" 200 123 "/search/?c=Electronics" "Mozilla/5.0 (iPhone; CPU iPhone OS 5_0_1 like Mac OS X) AppleWebKit/534.46 (KHTML, like Gecko) Version/5.1 Mobile/9A405 Safari/7534.48.3"
88.228.128.46 - - [17/Nov/2017:09:57:45 +0000] "POST /search/?c=Office+Electronics HTTP/1.1" 200 82 "/item/software/4545" "Mozilla/5.0 (Windows NT 6.0; rv:10.0.1) Gecko/20100101 Firefox/10.0.1"
100.195.21.152 - - [17/Nov/2017:09:57:50 +0000] "GET /category/electronics HTTP/1.1" 200 128 "/category/games" "Mozilla/5.0 (iPhone; CPU iPhone OS 5_0_1 like Mac OS X) AppleWebKit/534.46 (KHTML, like Gecko) Version/5.1 Mobile/9A405 Safari/7534.48.3"
164.75.155.177 - - [17/Nov/2017:09:57:55 +0000] "GET /category/networking HTTP/1.1" 200 103 "/category/electronics" "Mozilla/5.0 (iPhone; CPU iPhone OS 5_0_1 like Mac OS X) AppleWebKit/534.46 (KHTML, like Gecko) Version/5.1 Mobile/9A405 Safari/7534.48.3"
140.213.200.225 - - [17/Nov/2017:09:58:00 +0000] "GET /item/electronics/705 HTTP/1.1" 200 92 "http://www.google.com/search?ie=UTF-8&q=google&sclient=psy-ab&q=Electronics+Electronics&oq=Electronics+Electronics&aq=f&aqi=g-vL1&aql=&pbx=1&bav=on.2,or.r_gc.r_pw.r_qf.,cf.osb&biw=4226&bih=280" "Mozilla/5.0 (Windows NT 6.0; rv:10.0.1) Gecko/20100101 Firefox/10.0.1"
28.150.146.21 - - [17/Nov/2017:09:58:05 +0000] "GET /category/office HTTP/1.1" 200 79 "-" "Mozilla/5.0 (compatible; Googlebot/2.1; +http://www.google.com/bot.html)"
76.168.181.34 - - [17/Nov/2017:09:58:10 +0000] "GET /item/health/3601 HTTP/1.1" 200 64 "-" "Mozilla/5.0 (Windows NT 6.0; rv:10.0.1) Gecko/20100101 Firefox/10.0.1"
148.63.165.61 - - [17/Nov/2017:09:58:15 +0000] "GET /item/electronics/1042 HTTP/1.1" 200 130 "-" "Mozilla/5.0 (iPad; CPU OS 5_0_1 like Mac OS X) AppleWebKit/534.46 (KHTML, like Gecko) Version/5.1 Mobile/9A405 Safari/7534.48.3"
180.96.213.98 - - [17/Nov/2017:09:58:20 +0000] "GET /item/giftcards/119 HTTP/1.1" 200 93 "/category/giftcards" "Mozilla/4.0 (compatible; MSIE 8.0; Windows NT 5.1; Trident/4.0; YTB720; GTB7.2; .NET CLR 1.1.4322; .NET CLR 2.0.50727; .NET CLR 3.0.4506.2152; .NET CLR 3.5.30729)"
220.153.74.79 - - [17/Nov/2017:09:58:25 +0000] "POST /search/?c=Games+Software HTTP/1.1" 200 55 "/category/software" "Mozilla/5.0 (compatible; MSIE 9.0; Windows NT 6.1; WOW64; Trident/5.0)"
96.195.52.25 - - [17/Nov/2017:09:58:30 +0000] "GET /item/books/590 HTTP/1.1" 200 55 "/item/electronics/2374" "Mozilla/5.0 (Windows NT 6.0) AppleWebKit/535.11 (KHTML, like Gecko) Chrome/17.0.963.56 Safari/535.11"
60.54.78.101 - - [17/Nov/2017:09:58:35 +0000] "GET /category/electronics HTTP/1.1" 200 79 "-" "Mozilla/5.0 (compatible; Googlebot/2.1; +http://www.google.com/bot.html)"
156.81.120.91 - - [17/Nov/2017:09:58:40 +0000] "GET /item/computers/811 HTTP/1.1" 200 128 "/category/finance" "Mozilla/5.0 (compatible; MSIE 9.0; Windows NT 6.1; Trident/5.0)"
52.147.207.228 - - [17/Nov/2017:09:58:45 +0000] "POST /search/?c=Giftcards+Garden HTTP/1.1" 200 82 "-" "Mozilla/5.0 (iPhone; CPU iPhone OS 5_0_1 like Mac OS X) AppleWebKit/534.46 (KHTML, like Gecko) Version/5.1 Mobile/9A405 Safari/7534.48.3"
200.33.165.54 - - [17/Nov/2017:09:58:50 +0000] "GET /category/software HTTP/1.1" 200 121 "-" "Mozilla/5.0 (compatible; MSIE 9.0; Windows NT 6.1; Trident/5.0)"
48.63.222.76 - - [17/Nov/2017:09:58:55 +0000] "GET /category/software HTTP/1.1" 200 51 "-" "Mozilla/4.0 (compatible; MSIE 8.0; Windows NT 5.1; Trident/4.0; YTB720; GTB7.2; .NET CLR 1.1.4322; .NET CLR 2.0.50727; .NET CLR 3.0.4506.2152; .NET CLR 3.5.30729)"
148.189.181.127 - - [17/Nov/2017:09:59:00 +0000] "GET /item/jewelry/1164 HTTP/1.1" 200 106 "http://www.google.com/search?ie=UTF-8&q=google&sclient=psy-ab&q=Jewelry&oq=Jewelry&aq=f&aqi=g-vL1&aql=&pbx=1&bav=on.2,or.r_gc.r_pw.r_qf.,cf.osb&biw=570&bih=223" "Mozilla/5.0 (compatible; MSIE 9.0; Windows NT 6.1; WOW64; Trident/5.0)"
104.147.188.161 - - [17/Nov/2017:09:59:05 +0000] "GET /item/computers/3622 HTTP/1.1" 200 110 "http://www.google.com/search?ie=UTF-8&q=google&sclient=psy-ab&q=Computers+Electronics&oq=Computers+Electronics&aq=f&aqi=g-vL1&aql=&pbx=1&bav=on.2,or.r_gc.r_pw.r_qf.,cf.osb&biw=1869&bih=122" "Mozilla/5.0 (compatible; MSIE 9.0; Windows NT 6.1; WOW64; Trident/5.0)"
204.57.93.50 - - [17/Nov/2017:09:59:10 +0000] "GET /category/software HTTP/1.1" 200 108 "-" "Mozilla/5.0 (compatible; MSIE 9.0; Windows NT 6.1; WOW64; Trident/5.0)"
76.126.75.166 - - [17/Nov/2017:09:59:15 +0000] "GET /category/finance?from=20 HTTP/1.1" 200 122 "/category/finance" "Mozilla/5.0 (Windows NT 6.1; WOW64) AppleWebKit/535.11 (KHTML, like Gecko) Chrome/17.0.963.56 Safari/535.11"
32.213.139.23 - - [17/Nov/2017:09:59:20 +0000] "GET /item/software/272 HTTP/1.1" 200 71 "/category/software" "Mozilla/4.0 (compatible; MSIE 8.0; Windows NT 6.1; WOW64; Trident/4.0; GTB7.2; SLCC2; .NET CLR 2.0.50727; .NET CLR 3.5.30729; .NET CLR 3.0.30729; Media Center PC 6.0; .NET4.0C)"
144.72.194.63 - - [17/Nov/2017:09:59:25 +0000] "GET /item/electronics/3030 HTTP/1.1" 200 84 "-" "Mozilla/5.0 (Windows NT 6.1; WOW64) AppleWebKit/535.11 (KHTML, like Gecko) Chrome/17.0.963.56 Safari/535.11"
176.84.117.57 - - [17/Nov/2017:09:59:30 +0000] "GET /item/games/2649 HTTP/1.1" 200 61 "/search/?c=Games+Health" "Mozilla/4.0 (compatible; MSIE 8.0; Windows NT 5.1; Trident/4.0; YTB720; GTB7.2; .NET CLR 1.1.4322; .NET CLR 2.0.50727; .NET CLR 3.0.4506.2152; .NET CLR 3.5.30729)"
148.141.150.198 - - [17/Nov/2017:09:59:35 +0000] "GET /item/electronics/4512 HTTP/1.1" 200 41 "/item/books/570" "Mozilla/5.0 (compatible; MSIE 9.0; Windows NT 6.1; WOW64; Trident/5.0)"
96.135.141.175 - - [17/Nov/2017:09:59:40 +0000] "GET /category/jewelry HTTP/1.1" 200 78 "/item/books/3588" "Mozilla/5.0 (Macintosh; Intel Mac OS X 10.6; rv:9.0.1) Gecko/20100101 Firefox/9.0.1"
52.147.68.57 - - [17/Nov/2017:09:59:45 +0000] "GET /item/jewelry/1164 HTTP/1.1" 200 106 "/category/electronics" "Mozilla/5.0 (Windows NT 6.0; rv:10.0.1) Gecko/20100101 Firefox/10.0.1"
164.27.150.182 - - [17/Nov/2017:09:59:50 +0000] "POST /search/?c=Electronics+Software HTTP/1.1" 200 77 "-" "Mozilla/5.0 (compatible; Googlebot/2.1; +http://www.google.com/bot.html)"
172.48.138.173 - - [17/Nov/2017:09:59:55 +0000] "GET /category/electronics HTTP/1.1" 200 93 "-" "Mozilla/5.0 (compatible; Googlebot/2.1; +http://www.google.com/bot.html)"
84.117.68.27 - - [17/Nov/2017:10:00:00 +0000] "GET /category/office HTTP/1.1" 200 80 "-" "Mozilla/5.0 (Windows NT 6.1; WOW64; rv:10.0.1) Gecko/20100101 Firefox/10.0.1"
188.42.152.136 - - [17/Nov/2017:10:00:05 +0000] "GET /category/electronics HTTP/1.1" 200 113 "/item/jewelry/1981" "Mozilla/5.0 (Windows NT 6.0) AppleWebKit/535.11 (KHTML, like Gecko) Chrome/17.0.963.56 Safari/535.11"
100.48.146.116 - - [17/Nov/2017:10:00:10 +0000] "POST /search/?c=Electronics HTTP/1.1" 200 73 "/category/electronics" "Mozilla/5.0 (iPad; CPU OS 5_0_1 like Mac OS X) AppleWebKit/534.46 (KHTML, like Gecko) Version/5.1 Mobile/9A405 Safari/7534.48.3"
144.90.208.217 - - [17/Nov/2017:10:00:15 +0000] "GET /item/garden/957 HTTP/1.1" 200 106 "-" "Mozilla/5.0 (Windows NT 6.0) AppleWebKit/535.11 (KHTML, like Gecko) Chrome/17.0.963.56 Safari/535.11"
188.177.87.130 - - [17/Nov/2017:10:00:20 +0000] "GET /category/office HTTP/1.1" 200 46 "-" "Mozilla/5.0 (Windows NT 6.1; WOW64) AppleWebKit/535.7 (KHTML, like Gecko) Chrome/16.0.912.77 Safari/535.7"
72.123.144.157 - - [17/Nov/2017:10:00:25 +0000] "GET /category/garden HTTP/1.1" 200 97 "/category/books" "Mozilla/5.0 (Windows NT 6.1; WOW64) AppleWebKit/535.11 (KHTML, like Gecko) Chrome/17.0.963.56 Safari/535.11"
132.111.91.221 - - [17/Nov/2017:10:00:30 +0000] "GET /category/electronics HTTP/1.1" 200 93 "-" "Mozilla/5.0 (iPhone; CPU iPhone OS 5_0_1 like Mac OS X) AppleWebKit/534.46 (KHTML, like Gecko) Version/5.1 Mobile/9A405 Safari/7534.48.3"
172.204.128.196 - - [17/Nov/2017:10:00:35 +0000] "GET /category/garden HTTP/1.1" 200 86 "/item/music/1232" "Mozilla/5.0 (Windows NT 6.1; WOW64) AppleWebKit/535.7 (KHTML, like Gecko) Chrome/16.0.912.77 Safari/535.7"
168.150.74.102 - - [17/Nov/2017:10:00:40 +0000] "GET /item/electronics/2972 HTTP/1.1" 200 130 "/category/software" "Mozilla/5.0 (Windows NT 6.0; rv:10.0.1) Gecko/20100101 Firefox/10.0.1"
128.39.75.36 - - [17/Nov/2017:10:00:45 +0000] "GET /category/software HTTP/1.1" 200 58 "/category/games" "Mozilla/5.0 (Macintosh; Intel Mac OS X 10.6; rv:9.0.1) Gecko/20100101 Firefox/9.0.1"
48.54.186.185 - - [17/Nov/2017:10:00:50 +0000] "GET /item/software/2434 HTTP/1.1" 200 120 "/item/toys/3901" "Mozilla/4.0 (compatible; MSIE 8.0; Windows NT 6.1; WOW64; Trident/4.0; YTB730; GTB7.2; EasyBits GO v1.0; SLCC2; .NET CLR 2.0.50727; .NET CLR 3.5.30729; .NET CLR 3.0.30729; Media Center PC 6.0; .NET4.0C)"
108.135.211.36 - - [17/Nov/2017:10:00:55 +0000] "GET /category/garden?from=20 HTTP/1.1" 200 69 "/search/?c=Garden" "Mozilla/5.0 (compatible; MSIE 9.0; Windows NT 6.1; Trident/5.0)"
156.222.94.210 - - [17/Nov/2017:10:01:00 +0000] "POST /search/?c=Giftcards+Music HTTP/1.1" 200 118 "/item/networking/3979" "Mozilla/5.0 (compatible; MSIE 9.0; Windows NT 6.1; WOW64; Trident/5.0)"
24.114.164.152 - - [17/Nov/2017:10:01:05 +0000] "GET /category/toys?from=10 HTTP/1.1" 200 96 "-" "Mozilla/5.0 (Windows NT 6.0; rv:10.0.1) Gecko/20100101 Firefox/10.0.1"
132.183.166.198 - - [17/Nov/2017:10:01:10 +0000] "GET /item/cameras/590 HTTP/1.1" 200 133 "/search/?c=Giftcards+Music" "Mozilla/5.0 (Windows NT 6.0; rv:10.0.1) Gecko/20100101 Firefox/10.0.1"
208.93.164.196 - - [17/Nov/2017:10:01:15 +0000] "POST /search/?c=Software HTTP/1.1" 200 98 "-" "Mozilla/5.0 (Windows NT 6.1; WOW64; rv:10.0.1) Gecko/20100101 Firefox/10.0.1"
188.117.206.31 - - [17/Nov/2017:10:01:20 +0000] "GET /category/software?from=20 HTTP/1.1" 200 64 "-" "Mozilla/5.0 (Windows NT 6.0; rv:10.0.1) Gecko/20100101 Firefox/10.0.1"
60.123.32.130 - - [17/Nov/2017:10:01:25 +0000] "POST /search/?c=Garden HTTP/1.1" 200 120 "-" "Mozilla/5.0 (compatible; MSIE 9.0; Windows NT 6.1; WOW64; Trident/5.0)"
184.210.167.77 - - [17/Nov/2017:10:01:30 +0000] "GET /category/electronics HTTP/1.1" 200 46 "-" "Mozilla/5.0 (Windows NT 6.0) AppleWebKit/535.11 (KHTML, like Gecko) Chrome/17.0.963.56 Safari/535.11"
60.27.59.177 - - [17/Nov/2017:10:01:35 +0000] "GET /item/finance/4688 HTTP/1.1" 200 96 "/category/garden" "Mozilla/5.0 (Macintosh; Intel Mac OS X 10.6; rv:9.0.1) Gecko/20100101 Firefox/9.0.1"
104.117.61.206 - - [17/Nov/2017:10:01:40 +0000] "GET /category/garden HTTP/1.1" 200 41 "/category/networking" "Mozilla/5.0 (Windows NT 6.1; WOW64) AppleWebKit/535.11 (KHTML, like Gecko) Chrome/17.0.963.56 Safari/535.11"
224.171.144.182 - - [17/Nov/2017:10:01:45 +0000] "GET /item/electronics/705 HTTP/1.1" 200 92 "/category/giftcards" "Mozilla/4.0 (compatible; MSIE 8.0; Windows NT 5.1; Trident/4.0; BTRS122159; GTB7.2; .NET CLR 1.1.4322; .NET CLR 2.0.50727; .NET CLR 3.0.04506.30; .NET CLR 3.0.4506.2152; .NET CLR 3.5.30729; BRI/2)"
140.63.197.40 - - [17/Nov/2017:10:01:50 +0000] "GET /category/books?from=10 HTTP/1.1" 200 89 "/item/electronics/4005" "Mozilla/5.0 (Windows NT 6.0) AppleWebKit/535.11 (KHTML, like Gecko) Chrome/17.0.963.56 Safari/535.11"
84.30.95.135 - - [17/Nov/2017:10:01:55 +0000] "GET /category/software HTTP/1.1" 200 41 "-" "Mozilla/4.0 (compatible; MSIE 8.0; Windows NT 6.1; WOW64; Trident/4.0; GTB7.2; SLCC2; .NET CLR 2.0.50727; .NET CLR 3.5.30729; .NET CLR 3.0.30729; Media Center PC 6.0; .NET4.0C)"
112.93.23.140 - - [17/Nov/2017:10:02:00 +0000] "GET /category/music HTTP/1.1" 200 61 "-" "Mozilla/5.0 (Windows NT 6.1; WOW64) AppleWebKit/535.11 (KHTML, like Gecko) Chrome/17.0.963.56 Safari/535.11"
216.90.56.55 - - [17/Nov/2017:10:02:05 +0000] "GET /item/cameras/4995 HTTP/1.1" 200 97 "-" "Mozilla/5.0 (compatible; MSIE 9.0; Windows NT 6.1; Trident/5.0)"
116.189.197.54 - - [17/Nov/2017:10:02:10 +0000] "GET /item/electronics/4248 HTTP/1.1" 200 48 "-" "Mozilla/4.0 (compatible; MSIE 8.0; Windows NT 6.0; WOW64; Trident/4.0; GTB6; SLCC1; .NET CLR 2.0.50727; Media Center PC 5.0; .NET CLR 3.5.30729; .NET CLR 3.0.30618; .NET4.0C)"
168.156.229.181 - - [17/Nov/2017:10:02:15 +0000] "GET /item/office/84 HTTP/1.1" 200 137 "/category/cameras" "Mozilla/5.0 (compatible; MSIE 9.0; Windows NT 6.1; WOW64; Trident/5.0)"
32.63.131.213 - - [17/Nov/2017:10:02:20 +0000] "GET /item/games/1490 HTTP/1.1" 200 47 "http://www.google.com/search?ie=UTF-8&q=google&sclient=psy-ab&q=Games&oq=Games&aq=f&aqi=g-vL1&aql=&pbx=1&bav=on.2,or.r_gc.r_pw.r_qf.,cf.osb&biw=4769&bih=479" "Mozilla/5.0 (iPhone; CPU iPhone OS 5_0_1 like Mac OS X) AppleWebKit/534.46 (KHTML, like Gecko) Version/5.1 Mobile/9A405 Safari/7534.48.3"
44.60.152.105 - - [17/Nov/2017:10:02:25 +0000] "GET /item/cameras/3741 HTTP/1.1" 200 90 "/search/?c=Cameras+Cameras" "Mozilla/5.0 (Windows NT 6.1; WOW64) AppleWebKit/535.7 (KHTML, like Gecko) Chrome/16.0.912.77 Safari/535.7"
204.57.93.50 - - [17/Nov/2017:10:02:30 +0000] "GET /item/software/880 HTTP/1.1" 200 138 "-" "Mozilla/5.0 (Windows NT 6.0; rv:10.0.1) Gecko/20100101 Firefox/10.0.1"
188.165.102.75 - - [17/Nov/2017:10:02:35 +0000] "GET /category/networking HTTP/1.1" 200 103 "/category/networking" "Mozilla/5.0 (Windows NT 6.1; WOW64) AppleWebKit/535.7 (KHTML, like Gecko) Chrome/16.0.912.77 Safari/535.7"
88.51.212.158 - - [17/Nov/2017:10:02:40 +0000] "GET /category/networking HTTP/1.1" 200 46 "-" "Mozilla/5.0 (Windows NT 6.1; WOW64) AppleWebKit/535.7 (KHTML, like Gecko) Chrome/16.0.912.77 Safari/535.7"
56.102.229.220 - - [17/Nov/2017:10:02:45 +0000] "GET /category/books HTTP/1.1" 200 126 "/search/?c=Computers+Electronics" "Mozilla/4.0 (compatible; MSIE 8.0; Windows NT 6.1; Trident/4.0; YTB730; SLCC2; .NET CLR 2.0.50727; .NET CLR 3.5.30729; .NET CLR 3.0.30729; Media Center PC 6.0; .NET4.0C)"
212.60.196.21 - - [17/Nov/2017:10:02:50 +0000] "POST /search/?c=Finance HTTP/1.1" 200 85 "/category/electronics" "Mozilla/5.0 (Windows NT 6.1; WOW64; rv:10.0.1) Gecko/20100101 Firefox/10.0.1"
112.48.147.108 - - [17/Nov/2017:10:02:55 +0000] "GET /item/books/180 HTTP/1.1" 200 126 "/search/?c=Electronics+Games" "Mozilla/5.0 (compatible; MSIE 9.0; Windows NT 6.1; WOW64; Trident/5.0)"
112.204.94.24 - - [17/Nov/2017:10:03:00 +0000] "GET /item/finance/2549 HTTP/1.1" 200 114 "/category/finance" "Mozilla/5.0 (compatible; MSIE 9.0; Windows NT 6.1; WOW64; Trident/5.0)"
164.210.109.27 - - [17/Nov/2017:10:03:05 +0000] "GET /category/electronics HTTP/1.1" 200 43 "-" "Mozilla/5.0 (Windows NT 6.0; rv:10.0.1) Gecko/20100101 Firefox/10.0.1"
52.216.117.160 - - [17/Nov/2017:10:03:10 +0000] "GET /category/games HTTP/1.1" 200 97 "-" "Mozilla/5.0 (Windows NT 6.1; WOW64) AppleWebKit/535.11 (KHTML, like Gecko) Chrome/17.0.963.56 Safari/535.11"
84.222.57.97 - - [17/Nov/2017:10:03:15 +0000] "GET /category/office?from=0 HTTP/1.1" 200 50 "/category/sports" "Mozilla/5.0 (Windows NT 6.0) AppleWebKit/535.11 (KHTML, like Gecko) Chrome/17.0.963.56 Safari/535.11"
200.138.201.118 - - [17/Nov/2017:10:03:20 +0000] "GET /item/toys/1283 HTTP/1.1" 200 49 "/search/?c=Toys" "Mozilla/5.0 (Windows NT 6.1; WOW64; rv:10.0.1) Gecko/20100101 Firefox/10.0.1"
184.162.181.93 - - [17/Nov/2017:10:03:25 +0000] "GET /category/office HTTP/1.1" 200 53 "-" "Mozilla/5.0 (compatible; MSIE 9.0; Windows NT 6.1; WOW64; Trident/5.0)"
136.60.226.41 - - [17/Nov/2017:10:03:30 +0000] "GET /category/music?from=20 HTTP/1.1" 200 40 "/item/garden/2971" "Mozilla/4.0 (compatible; MSIE 8.0; Windows NT 6.1; WOW64; Trident/4.0; YTB730; GTB7.2; EasyBits GO v1.0; SLCC2; .NET CLR 2.0.50727; .NET CLR 3.5.30729; .NET CLR 3.0.30729; Media Center PC 6.0; .NET4.0C)"
156.90.25.118 - - [17/Nov/2017:10:03:35 +0000] "GET /category/games?from=0 HTTP/1.1" 200 124 "/search/?c=Games+Games" "Mozilla/5.0 (Windows NT 6.1; WOW64) AppleWebKit/535.7 (KHTML, like Gecko) Chrome/16.0.912.77 Safari/535.7"
164.120.51.110 - - [17/Nov/2017:10:03:40 +0000] "GET /category/software HTTP/1.1" 200 107 "/category/office" "Mozilla/4.0 (compatible; MSIE 8.0; Windows NT 5.1; Trident/4.0; BTRS122159; GTB7.2; .NET CLR 1.1.4322; .NET CLR 2.0.50727; .NET CLR 3.0.04506.30; .NET CLR 3.0.4506.2152; .NET CLR 3.5.30729; BRI/2)"
152.159.202.129 - - [17/Nov/2017:10:03:45 +0000] "GET /category/health HTTP/1.1" 200 92 "-" "Mozilla/5.0 (compatible; Googlebot/2.1; +http://www.google.com/bot.html)"
208.126.73.169 - - [17/Nov/2017:10:03:50 +0000] "GET /item/electronics/3030 HTTP/1.1" 200 84 "/search/?c=Electronics" "Mozilla/5.0 (Windows NT 6.0; rv:10.0.1) Gecko/20100101 Firefox/10.0.1"
148.75.141.188 - - [17/Nov/2017:10:03:55 +0000] "GET /item/electronics/2606 HTTP/1.1" 200 138 "/category/books?from=20" "Mozilla/5.0 (compatible; Googlebot/2.1; +http://www.google.com/bot.html)"
32.162.92.58 - - [17/Nov/2017:10:04:00 +0000] "GET /category/software HTTP/1.1" 200 68 "-" "Mozilla/5.0 (Windows NT 6.1; WOW64) AppleWebKit/535.7 (KHTML, like Gecko) Chrome/16.0.912.77 Safari/535.7"
56.123.71.53 - - [17/Nov/2017:10:04:05 +0000] "POST /search/?c=Toys+Toys HTTP/1.1" 200 69 "/item/software/2190" "Mozilla/5.0 (Windows NT 6.1; WOW64; rv:10.0.1) Gecko/20100101 Firefox/10.0.1"
44.198.64.135 - - [17/Nov/2017:10:04:10 +0000] "GET /item/computers/1106 HTTP/1.1" 200 57 "/item/electronics/3162" "Mozilla/5.0 (Windows NT 6.1; WOW64) AppleWebKit/535.11 (KHTML, like Gecko) Chrome/17.0.963.56 Safari/535.11"
192.102.189.187 - - [17/Nov/2017:10:04:15 +0000] "GET /item/finance/3568 HTTP/1.1" 200 126 "/category/finance" "Mozilla/5.0 (Windows NT 6.0) AppleWebKit/535.11 (KHTML, like Gecko) Chrome/17.0.963.56 Safari/535.11"
156.159.223.147 - - [17/Nov/2017:10:04:20 +0000] "GET /item/jewelry/1164 HTTP/1.1" 200 106 "/search/?c=Jewelry" "Mozilla/4.0 (compatible; MSIE 8.0; Windows NT 6.1; Trident/4.0; YTB730; SLCC2; .NET CLR 2.0.50727; .NET CLR 3.5.30729; .NET CLR 3.0.30729; Media Center PC 6.0; .NET4.0C)"
160.183.132.213 - - [17/Nov/2017:10:04:25 +0000] "GET /category/computers HTTP/1.1" 200 48 "-" "Mozilla/5.0 (Windows NT 6.1; WOW64) AppleWebKit/535.11 (KHTML, like Gecko) Chrome/17.0.963.56 Safari/535.11"
44.123.149.113 - - [17/Nov/2017:10:04:30 +0000] "GET /category/software HTTP/1.1" 200 110 "-" "Mozilla/5.0 (Windows NT 6.1; WOW64; rv:10.0.1) Gecko/20100101 Firefox/10.0.1"
24.201.68.49 - - [17/Nov/2017:10:04:35 +0000] "GET /item/computers/4707 HTTP/1.1" 200 115 "/category/software" "Mozilla/5.0 (Windows NT 6.1; WOW64) AppleWebKit/535.11 (KHTML, like Gecko) Chrome/17.0.963.56 Safari/535.11"
104.111.99.133 - - [17/Nov/2017:10:04:40 +0000] "GET /item/computers/3585 HTTP/1.1" 200 65 "/category/jewelry" "Mozilla/5.0 (compatible; Googlebot/2.1; +http://www.google.com/bot.html)"
44.198.64.135 - - [17/Nov/2017:10:04:45 +0000] "GET /item/toys/2937 HTTP/1.1" 200 54 "/category/software" "Mozilla/5.0 (Windows NT 6.1; WOW64; rv:10.0.1) Gecko/20100101 Firefox/10.0.1"
44.159.148.20 - - [17/Nov/2017:10:04:50 +0000] "GET /category/giftcards HTTP/1.1" 200 113 "/search/?c=Books+Finance" "Mozilla/5.0 (Macintosh; Intel Mac OS X 10.6; rv:9.0.1) Gecko/20100101 Firefox/9.0.1"
220.36.59.198 - - [17/Nov/2017:10:04:55 +0000] "GET /item/electronics/867 HTTP/1.1" 200 83 "-" "Mozilla/5.0 (Windows NT 6.0) AppleWebKit/535.11 (KHTML, like Gecko) Chrome/17.0.963.56 Safari/535.11"
108.150.20.229 - - [17/Nov/2017:10:05:00 +0000] "GET /item/electronics/867 HTTP/1.1" 200 83 "-" "Mozilla/5.0 (compatible; Googlebot/2.1; +http://www.google.com/bot.html)"
172.51.61.163 - - [17/Nov/2017:10:05:05 +0000] "GET /category/finance HTTP/1.1" 200 118 "/search/?c=Sports+Giftcards" "Mozilla/5.0 (Windows NT 6.0) AppleWebKit/535.11 (KHTML, like Gecko) Chrome/17.0.963.56 Safari/535.11"
136.138.110.70 - - [17/Nov/2017:10:05:10 +0000] "GET /category/books HTTP/1.1" 200 106 "http://www.google.com/search?ie=UTF-8&q=google&sclient=psy-ab&q=Books+Software&oq=Books+Software&aq=f&aqi=g-vL1&aql=&pbx=1&bav=on.2,or.r_gc.r_pw.r_qf.,cf.osb&biw=1408&bih=298" "Mozilla/4.0 (compatible; MSIE 8.0; Windows NT 6.1; Trident/4.0; YTB730; SLCC2; .NET CLR 2.0.50727; .NET CLR 3.5.30729; .NET CLR 3.0.30729; Media Center PC 6.0; .NET4.0C)"
220.57.136.83 - - [17/Nov/2017:10:05:15 +0000] "GET /category/books HTTP/1.1" 200 84 "/category/health?from=0" "Mozilla/5.0 (Windows NT 5.1) AppleWebKit/535.11 (KHTML, like Gecko) Chrome/17.0.963.46 Safari/535.11"
68.36.207.172 - - [17/Nov/2017:10:05:20 +0000] "GET /category/office HTTP/1.1" 200 74 "-" "Mozilla/5.0 (iPhone; CPU iPhone OS 5_0_1 like Mac OS X) AppleWebKit/534.46 (KHTML, like Gecko) Version/5.1 Mobile/9A405 Safari/7534.48.3"
140.216.102.224 - - [17/Nov/2017:10:05:25 +0000] "GET /item/software/1594 HTTP/1.1" 200 80 "/category/garden" "Mozilla/5.0 (compatible; MSIE 9.0; Windows NT 6.1; Trident/5.0)"
100.195.21.152 - - [17/Nov/2017:10:05:30 +0000] "GET /category/toys HTTP/1.1" 200 47 "-" "Mozilla/5.0 (Windows NT 6.1; WOW64) AppleWebKit/535.7 (KHTML, like Gecko) Chrome/16.0.912.77 Safari/535.7"
28.150.146.21 - - [17/Nov/2017:10:05:35 +0000] "GET /category/electronics HTTP/1.1" 200 104 "-" "Mozilla/4.0 (compatible; MSIE 8.0; Windows NT 6.1; Trident/4.0; YTB730; SLCC2; .NET CLR 2.0.50727; .NET CLR 3.5.30729; .NET CLR 3.0.30729; Media Center PC 6.0; .NET4.0C)"
100.48.146.116 - - [17/Nov/2017:10:05:40 +0000] "GET /item/electronics/670 HTTP/1.1" 200 66 "/item/software/2434" "Mozilla/5.0 (Windows NT 6.1; WOW64; rv:10.0.1) Gecko/20100101 Firefox/10.0.1"
104.117.61.206 - - [17/Nov/2017:10:05:45 +0000] "GET /category/games HTTP/1.1" 200 138 "/category/cameras" "Mozilla/5.0 (compatible; MSIE 9.0; Windows NT 6.1; Trident/5.0)"
60.90.187.169 - - [17/Nov/2017:10:05:50 +0000] "GET /category/health HTTP/1.1" 200 59 "-" "Mozilla/5.0 (compatible; MSIE 9.0; Windows NT 6.1; WOW64; Trident/5.0)"
72.153.193.186 - - [17/Nov/2017:10:05:55 +0000] "GET /category/sports HTTP/1.1" 200 95 "/item/music/4221" "Mozilla/4.0 (compatible; MSIE 8.0; Windows NT 6.1; WOW64; Trident/4.0; YTB730; GTB7.2; EasyBits GO v1.0; SLCC2; .NET CLR 2.0.50727; .NET CLR 3.5.30729; .NET CLR 3.0.30729; Media Center PC 6.0; .NET4.0C)"
108.159.46.114 - - [17/Nov/2017:10:06:00 +0000] "GET /item/games/2779 HTTP/1.1" 200 56 "/category/books?from=0" "Mozilla/4.0 (compatible; MSIE 8.0; Windows NT 6.1; WOW64; Trident/4.0; YTB730; GTB7.2; EasyBits GO v1.0; SLCC2; .NET CLR 2.0.50727; .NET CLR 3.5.30729; .NET CLR 3.0.30729; Media Center PC 6.0; .NET4.0C)"
176.30.78.65 - - [17/Nov/2017:10:06:05 +0000] "GET /category/electronics HTTP/1.1" 200 44 "/category/cameras" "Mozilla/5.0 (compatible; MSIE 9.0; Windows NT 6.1; WOW64; Trident/5.0)"
72.219.156.125 - - [17/Nov/2017:10:06:10 +0000] "GET /item/finance/3226 HTTP/1.1" 200 48 "-" "Mozilla/5.0 (Windows NT 6.1; WOW64) AppleWebKit/535.7 (KHTML, like Gecko) Chrome/16.0.912.77 Safari/535.7"
220.57.136.83 - - [17/Nov/2017:10:06:15 +0000] "GET /item/books/570 HTTP/1.1" 200 92 "/search/?c=Books" "Mozilla/5.0 (Windows NT 5.1) AppleWebKit/535.11 (KHTML, like Gecko) Chrome/17.0.963.46 Safari/535.11"
176.63.110.119 - - [17/Nov/2017:10:06:20 +0000] "GET /item/jewelry/2593 HTTP/1.1" 200 118 "-" "Mozilla/5.0 (Windows NT 6.1; WOW64; rv:10.0.1) Gecko/20100101 Firefox/10.0.1"
168.195.218.121 - - [17/Nov/2017:10:06:25 +0000] "GET /category/electronics HTTP/1.1" 200 83 "-" "Mozilla/5.0 (Windows NT 6.1; WOW64) AppleWebKit/535.7 (KHTML, like Gecko) Chrome/16.0.912.77 Safari/535.7"
80.75.100.166 - - [17/Nov/2017:10:06:30 +0000] "POST /search/?c=Books HTTP/1.1" 200 40 "/category/software" "Mozilla/4.0 (compatible; MSIE 8.0; Windows NT 5.1; Trident/4.0; YTB720; GTB7.2; .NET CLR 1.1.4322; .NET CLR 2.0.50727; .NET CLR 3.0.4506.2152; .NET CLR 3.5.30729)"
124.210.121.29 - - [17/Nov/2017:10:06:35 +0000] "GET /item/finance/4075 HTTP/1.1" 200 77 "/category/health" "Mozilla/5.0 (Macintosh; Intel Mac OS X 10.6; rv:9.0.1) Gecko/20100101 Firefox/9.0.1"
176.39.95.81 - - [17/Nov/2017:10:06:40 +0000] "GET /category/garden HTTP/1.1" 200 114 "/category/games?from=0" "Mozilla/5.0 (Windows NT 6.0; rv:10.0.1) Gecko/20100101 Firefox/10.0.1"
208.54.69.174 - - [17/Nov/2017:10:06:45 +0000] "GET /category/electronics HTTP/1.1" 200 43 "/search/?c=Books" "Mozilla/5.0 (Windows NT 6.1; WOW64) AppleWebKit/535.11 (KHTML, like Gecko) Chrome/17.0.963.56 Safari/535.11"
192.96.212.129 - - [17/Nov/2017:10:06:50 +0000] "GET /category/finance HTTP/1.1" 200 125 "-" "Mozilla/5.0 (Windows NT 6.1; WOW64; rv:10.0.1) Gecko/20100101 Firefox/10.0.1"
100.18.93.108 - - [17/Nov/2017:10:06:55 +0000] "GET /item/finance/3568 HTTP/1.1" 200 126 "-" "Mozilla/5.0 (Windows NT 6.1; WOW64) AppleWebKit/535.11 (KHTML, like Gecko) Chrome/17.0.963.56 Safari/535.11"
56.189.95.197 - - [17/Nov/2017:10:07:00 +0000] "GET /category/games HTTP/1.1" 200 59 "/category/cameras" "Mozilla/5.0 (compatible; Googlebot/2.1; +http://www.google.com/bot.html)"
220.99.157.29 - - [17/Nov/2017:10:07:05 +0000] "GET /item/sports/2911 HTTP/1.1" 200 130 "/item/software/2724" "Mozilla/5.0 (Windows NT 6.0; rv:10.0.1) Gecko/20100101 Firefox/10.0.1"
216.192.151.63 - - [17/Nov/2017:10:07:10 +0000] "GET /category/finance HTTP/1.1" 200 96 "-" "Mozilla/5.0 (Windows NT 6.1; WOW64) AppleWebKit/535.11 (KHTML, like Gecko) Chrome/17.0.963.56 Safari/535.11"
48.222.150.132 - - [17/Nov/2017:10:07:15 +0000] "GET /category/office HTTP/1.1" 200 120 "-" "Mozilla/5.0 (compatible; MSIE 9.0; Windows NT 6.1; WOW64; Trident/5.0)"
196.162.93.51 - - [17/Nov/2017:10:07:20 +0000] "GET /item/networking/4696 HTTP/1.1" 200 138 "/item/games/4398" "Mozilla/5.0 (Windows NT 6.1; WOW64) AppleWebKit/535.11 (KHTML, like Gecko) Chrome/17.0.963.56 Safari/535.11"
60.54.88.65 - - [17/Nov/2017:10:07:25 +0000] "GET /category/giftcards HTTP/1.1" 200 60 "/category/software" "Mozilla/5.0 (Windows NT 5.1) AppleWebKit/535.11 (KHTML, like Gecko) Chrome/17.0.963.46 Safari/535.11"
60.177.133.24 - - [17/Nov/2017:10:07:30 +0000] "GET /category/games HTTP/1.1" 200 42 "/category/games" "Mozilla/5.0 (Windows NT 6.0; rv:10.0.1) Gecko/20100101 Firefox/10.0.1"
196.168.130.146 - - [17/Nov/2017:10:07:35 +0000] "GET /item/office/2904 HTTP/1.1" 200 59 "/item/electronics/3224" "Mozilla/5.0 (Windows NT 6.1; WOW64) AppleWebKit/535.11 (KHTML, like Gecko) Chrome/17.0.963.56 Safari/535.11"
164.63.56.171 - - [17/Nov/2017:10:07:40 +0000] "GET /category/electronics HTTP/1.1" 200 47 "/item/office/84" "Mozilla/5.0 (Windows NT 6.1; WOW64) AppleWebKit/535.7 (KHTML, like Gecko) Chrome/16.0.912.77 Safari/535.7"
188.219.65.49 - - [17/Nov/2017:10:07:45 +0000] "POST /search/?c=Office HTTP/1.1" 200 131 "/item/games/3491" "Mozilla/4.0 (compatible; MSIE 8.0; Windows NT 6.0; WOW64; Trident/4.0; GTB6; SLCC1; .NET CLR 2.0.50727; Media Center PC 5.0; .NET CLR 3.5.30729; .NET CLR 3.0.30618; .NET4.0C)"
76.33.84.154 - - [17/Nov/2017:10:07:50 +0000] "GET /category/cameras?from=0 HTTP/1.1" 200 139 "/category/finance" "Mozilla/5.0 (Windows NT 6.1; WOW64) AppleWebKit/535.11 (KHTML, like Gecko) Chrome/17.0.963.56 Safari/535.11"
176.27.158.207 - - [17/Nov/2017:10:07:55 +0000] "GET /category/jewelry HTTP/1.1" 200 118 "/item/cameras/1442" "Mozilla/5.0 (Windows NT 6.0; rv:10.0.1) Gecko/20100101 Firefox/10.0.1"
124.66.153.212 - - [17/Nov/2017:10:08:00 +0000] "GET /item/books/757 HTTP/1.1" 200 90 "/search/?c=Books" "Mozilla/5.0 (Windows NT 6.1; WOW64) AppleWebKit/535.11 (KHTML, like Gecko) Chrome/17.0.963.56 Safari/535.11"
224.69.88.152 - - [17/Nov/2017:10:08:05 +0000] "GET /category/software HTTP/1.1" 200 56 "/item/games/905" "Mozilla/5.0 (Macintosh; Intel Mac OS X 10.6; rv:9.0.1) Gecko/20100101 Firefox/9.0.1"
100.54.120.206 - - [17/Nov/2017:10:08:10 +0000] "GET /category/electronics HTTP/1.1" 200 68 "-" "Mozilla/5.0 (iPad; CPU OS 5_0_1 like Mac OS X) AppleWebKit/534.46 (KHTML, like Gecko) Version/5.1 Mobile/9A405 Safari/7534.48.3"
204.78.117.193 - - [17/Nov/2017:10:08:15 +0000] "GET /item/networking/322 HTTP/1.1" 200 86 "/category/electronics" "Mozilla/5.0 (Windows NT 6.0) AppleWebKit/535.11 (KHTML, like Gecko) Chrome/17.0.963.56 Safari/535.11"
216.210.62.164 - - [17/Nov/2017:10:08:20 +0000] "GET /category/office HTTP/1.1" 200 46 "-" "Mozilla/5.0 (Windows NT 6.0; rv:10.0.1) Gecko/20100101 Firefox/10.0.1"
44.198.209.156 - - [17/Nov/2017:10:08:25 +0000] "GET /category/electronics HTTP/1.1" 200 61 "/category/giftcards" "Mozilla/5.0 (Macintosh; Intel Mac OS X 10.6; rv:9.0.1) Gecko/20100101 Firefox/9.0.1"
168.27.211.221 - - [17/Nov/2017:10:08:30 +0000] "POST /search/?c=Games+Electronics HTTP/1.1" 200 81 "/item/networking/435" "Mozilla/5.0 (Windows NT 6.0) AppleWebKit/535.11 (KHTML, like Gecko) Chrome/17.0.963.56 Safari/535.11"
184.156.203.71 - - [17/Nov/2017:10:08:35 +0000] "GET /category/networking HTTP/1.1" 200 103 "/search/?c=Electronics" "Mozilla/5.0 (compatible; Googlebot/2.1; +http://www.google.com/bot.html)"
152.105.117.77 - - [17/Nov/2017:10:08:40 +0000] "GET /category/software HTTP/1.1" 200 85 "/item/giftcards/4236" "Mozilla/4.0 (compatible; MSIE 8.0; Windows NT 5.1; Trident/4.0; BTRS122159; GTB7.2; .NET CLR 1.1.4322; .NET CLR 2.0.50727; .NET CLR 3.0.04506.30; .NET CLR 3.0.4506.2152; .NET CLR 3.5.30729; BRI/2)"
112.33.59.25 - - [17/Nov/2017:10:08:45 +0000] "GET /category/electronics HTTP/1.1" 200 103 "-" "Mozilla/5.0 (Windows NT 6.0) AppleWebKit/535.11 (KHTML, like Gecko) Chrome/17.0.963.56 Safari/535.11"
200.207.132.97 - - [17/Nov/2017:10:08:50 +0000] "GET /category/software HTTP/1.1" 200 73 "/search/?c=Software+Computers" "Mozilla/5.0 (Macintosh; Intel Mac OS X 10.6; rv:9.0.1) Gecko/20100101 Firefox/9.0.1"
48.168.148.167 - - [17/Nov/2017:10:08:55 +0000] "GET /item/electronics/681 HTTP/1.1" 200 64 "http://www.google.com/search?ie=UTF-8&q=google&sclient=psy-ab&q=Electronics&oq=Electronics&aq=f&aqi=g-vL1&aql=&pbx=1&bav=on.2,or.r_gc.r_pw.r_qf.,cf.osb&biw=2824&bih=83" "Mozilla/5.0 (compatible; MSIE 9.0; Windows NT 6.1; WOW64; Trident/5.0)"
156.222.94.210 - - [17/Nov/2017:10:09:00 +0000] "GET /category/giftcards HTTP/1.1" 200 138 "/category/music" "Mozilla/5.0 (compatible; MSIE 9.0; Windows NT 6.1; WOW64; Trident/5.0)"
164.213.39.153 - - [17/Nov/2017:10:09:05 +0000] "GET /item/garden/4052 HTTP/1.1" 200 88 "-" "Mozilla/5.0 (Windows NT 6.0) AppleWebKit/535.11 (KHTML, like Gecko) Chrome/17.0.963.56 Safari/535.11"
52.153.118.131 - - [17/Nov/2017:10:09:10 +0000] "GET /category/jewelry HTTP/1.1" 200 122 "-" "Mozilla/5.0 (compatible; Googlebot/2.1; +http://www.google.com/bot.html)"
60.30.37.117 - - [17/Nov/2017:10:09:15 +0000] "GET /item/jewelry/4156 HTTP/1.1" 200 71 "/category/books" "Mozilla/5.0 (compatible; Googlebot/2.1; +http://www.google.com/bot.html)"
164.219.67.33 - - [17/Nov/2017:10:09:20 +0000] "GET /category/software?from=10 HTTP/1.1" 200 54 "-" "Mozilla/5.0 (compatible; MSIE 9.0; Windows NT 6.1; WOW64; Trident/5.0)"
216.129.86.169 - - [17/Nov/2017:10:09:25 +0000] "GET /category/music HTTP/1.1" 200 138 "http://www.google.com/search?ie=UTF-8&q=google&sclient=psy-ab&q=Music&oq=Music&aq=f&aqi=g-vL1&aql=&pbx=1&bav=on.2,or.r_gc.r_pw.r_qf.,cf.osb&biw=1788&bih=463" "Mozilla/5.0 (Windows NT 6.1; WOW64) AppleWebKit/535.11 (KHTML, like Gecko) Chrome/17.0.963.56 Safari/535.11"
196.138.160.145 - - [17/Nov/2017:10:09:30 +0000] "GET /item/networking/2266 HTTP/1.1" 404 75 "/item/software/530" "Mozilla/5.0 (Windows NT 6.0) AppleWebKit/535.11 (KHTML, like Gecko) Chrome/17.0.963.56 Safari/535.11"
164.186.39.214 - - [17/Nov/2017:10:09:35 +0000] "GET /category/software HTTP/1.1" 200 58 "-" "Mozilla/4.0 (compatible; MSIE 8.0; Windows NT 6.1; WOW64; Trident/4.0; YTB730; GTB7.2; SLCC2; .NET CLR 2.0.50727; .NET CLR 3.5.30729; .NET CLR 3.0.30729; .NET4.0C; .NET4.0E; Media Center PC 6.0)"
116.189.197.54 - - [17/Nov/2017:10:09:40 +0000] "GET /item/electronics/4512 HTTP/1.1" 200 41 "/item/electronics/3529" "Mozilla/4.0 (compatible; MSIE 8.0; Windows NT 5.1; Trident/4.0; BTRS122159; GTB7.2; .NET CLR 1.1.4322; .NET CLR 2.0.50727; .NET CLR 3.0.04506.30; .NET CLR 3.0.4506.2152; .NET CLR 3.5.30729; BRI/2)"
128.72.102.177 - - [17/Nov/2017:10:09:45 +0000] "GET /item/networking/435 HTTP/1.1" 200 109 "/category/networking" "Mozilla/5.0 (Windows NT 6.1; WOW64) AppleWebKit/535.11 (KHTML, like Gecko) Chrome/17.0.963.56 Safari/535.11"
152.63.117.36 - - [17/Nov/2017:10:09:50 +0000] "GET /category/software HTTP/1.1" 200 63 "-" "Mozilla/5.0 (iPhone; CPU iPhone OS 5_0_1 like Mac OS X) AppleWebKit/534.46 (KHTML, like Gecko) Version/5.1 Mobile/9A405 Safari/7534.48.3"
208.150.93.221 - - [17/Nov/2017:10:09:55 +0000] "GET /item/giftcards/4231 HTTP/1.1" 200 52 "/item/electronics/2563" "Mozilla/5.0 (Windows NT 5.1) AppleWebKit/535.11 (KHTML, like Gecko) Chrome/17.0.963.46 Safari/535.11"
196.216.154.206 - - [17/Nov/2017:10:10:00 +0000] "GET /category/software HTTP/1.1" 200 43 "http://www.google.com/search?ie=UTF-8&q=google&sclient=psy-ab&q=Software+Networking&oq=Software+Networking&aq=f&aqi=g-vL1&aql=&pbx=1&bav=on.2,or.r_gc.r_pw.r_qf.,cf.osb&biw=2572&bih=520" "Mozilla/5.0 (Macintosh; Intel Mac OS X 10.6; rv:9.0.1) Gecko/20100101 Firefox/9.0.1"
152.63.117.36 - - [17/Nov/2017:10:10:05 +0000] "GET /item/computers/1106 HTTP/1.1" 200 57 "-" "Mozilla/5.0 (iPhone; CPU iPhone OS 5_0_1 like Mac OS X) AppleWebKit/534.46 (KHTML, like Gecko) Version/5.1 Mobile/9A405 Safari/7534.48.3"
196.51.65.141 - - [17/Nov/2017:10:10:10 +0000] "GET /category/books?from=0 HTTP/1.1" 200 56 "/item/office/394" "Mozilla/5.0 (compatible; MSIE 9.0; Windows NT 6.1; Trident/5.0)"
160.93.50.158 - - [17/Nov/2017:10:10:15 +0000] "GET /category/electronics HTTP/1.1" 200 88 "/search/?c=Computers+Electronics" "Mozilla/5.0 (Windows NT 6.0) AppleWebKit/535.11 (KHTML, like Gecko) Chrome/17.0.963.56 Safari/535.11"
144.51.141.192 - - [17/Nov/2017:10:10:20 +0000] "GET /category/software HTTP/1.1" 200 50 "/category/jewelry" "Mozilla/5.0 (Windows NT 6.0; rv:10.0.1) Gecko/20100101 Firefox/10.0.1"
48.105.77.215 - - [17/Nov/2017:10:10:25 +0000] "GET /item/electronics/4339 HTTP/1.1" 200 55 "/category/electronics" "Mozilla/4.0 (compatible; MSIE 8.0; Windows NT 6.1; WOW64; Trident/4.0; YTB730; GTB7.2; SLCC2; .NET CLR 2.0.50727; .NET CLR 3.5.30729; .NET CLR 3.0.30729; .NET4.0C; .NET4.0E; Media Center PC 6.0)"
132.192.89.145 - - [17/Nov/2017:10:10:30 +0000] "GET /item/electronics/2524 HTTP/1.1" 200 57 "/category/computers" "Mozilla/5.0 (compatible; MSIE 9.0; Windows NT 6.1; WOW64; Trident/5.0)"
128.222.178.102 - - [17/Nov/2017:10:10:35 +0000] "GET /item/music/2928 HTTP/1.1" 200 80 "/item/games/2268" "Mozilla/5.0 (compatible; MSIE 9.0; Windows NT 6.1; Trident/5.0)"
64.111.228.178 - - [17/Nov/2017:10:10:40 +0000] "GET /category/electronics HTTP/1.1" 200 47 "/category/electronics" "Mozilla/5.0 (compatible; Googlebot/2.1; +http://www.google.com/bot.html)"
48.57.162.127 - - [17/Nov/2017:10:10:45 +0000] "GET /item/giftcards/357 HTTP/1.1" 200 92 "http://www.google.com/search?ie=UTF-8&q=google&sclient=psy-ab&q=Giftcards+Toys&oq=Giftcards+Toys&aq=f&aqi=g-vL1&aql=&pbx=1&bav=on.2,or.r_gc.r_pw.r_qf.,cf.osb&biw=2854&bih=56" "Mozilla/5.0 (iPhone; CPU iPhone OS 5_0_1 like Mac OS X) AppleWebKit/534.46 (KHTML, like Gecko) Version/5.1 Mobile/9A405 Safari/7534.48.3"
120.123.162.208 - - [17/Nov/2017:10:10:50 +0000] "GET /category/electronics?from=0 HTTP/1.1" 200 101 "-" "Mozilla/4.0 (compatible; MSIE 8.0; Windows NT 5.1; Trident/4.0; YTB720; GTB7.2; .NET CLR 1.1.4322; .NET CLR 2.0.50727; .NET CLR 3.0.4506.2152; .NET CLR 3.5.30729)"
216.120.179.55 - - [17/Nov/2017:10:10:55 +0000] "GET /category/software HTTP/1.1" 200 119 "-" "Mozilla/5.0 (Macintosh; Intel Mac OS X 10.6; rv:9.0.1) Gecko/20100101 Firefox/9.0.1"
32.156.124.60 - - [17/Nov/2017:10:11:00 +0000] "POST /search/?c=Electronics+Toys HTTP/1.1" 200 128 "/category/sports" "Mozilla/5.0 (Windows NT 6.1; WOW64; rv:10.0.1) Gecko/20100101 Firefox/10.0.1"
48.57.162.127 - - [17/Nov/2017:10:11:05 +0000] "GET /category/sports HTTP/1.1" 200 48 "/item/computers/1710" "Mozilla/5.0 (iPhone; CPU iPhone OS 5_0_1 like Mac OS X) AppleWebKit/534.46 (KHTML, like Gecko) Version/5.1 Mobile/9A405 Safari/7534.48.3"
96.99.105.24 - - [17/Nov/2017:10:11:10 +0000] "GET /category/jewelry HTTP/1.1" 200 59 "-" "Mozilla/4.0 (compatible; MSIE 8.0; Windows NT 6.0; WOW64; Trident/4.0; GTB6; SLCC1; .NET CLR 2.0.50727; Media Center PC 5.0; .NET CLR 3.5.30729; .NET CLR 3.0.30618; .NET4.0C)"
160.117.214.164 - - [17/Nov/2017:10:11:15 +0000] "POST /search/?c=Giftcards+Music HTTP/1.1" 200 118 "-" "Mozilla/5.0 (Windows NT 6.0) AppleWebKit/535.11 (KHTML, like Gecko) Chrome/17.0.963.56 Safari/535.11"
168.195.25.139 - - [17/Nov/2017:10:11:20 +0000] "GET /item/garden/3051 HTTP/1.1" 200 40 "/search/?c=Garden+Music" "Mozilla/5.0 (Macintosh; Intel Mac OS X 10.6; rv:9.0.1) Gecko/20100101 Firefox/9.0.1"
112.48.91.130 - - [17/Nov/2017:10:11:25 +0000] "GET /category/electronics HTTP/1.1" 200 130 "/category/electronics" "Mozilla/4.0 (compatible; MSIE 8.0; Windows NT 5.1; Trident/4.0; YTB720; GTB7.2; .NET CLR 1.1.4322; .NET CLR 2.0.50727; .NET CLR 3.0.4506.2152; .NET CLR 3.5.30729)"
208.120.110.135 - - [17/Nov/2017:10:11:30 +0000] "GET /item/electronics/1911 HTTP/1.1" 200 122 "-" "Mozilla/5.0 (compatible; Googlebot/2.1; +http://www.google.com/bot.html)"
144.159.198.187 - - [17/Nov/2017:10:11:35 +0000] "GET /item/electronics/3042 HTTP/1.1" 200 45 "/search/?c=Electronics" "Mozilla/5.0 (Windows NT 6.0) AppleWebKit/535.11 (KHTML, like Gecko) Chrome/17.0.963.56 Safari/535.11"
112.159.47.221 - - [17/Nov/2017:10:11:40 +0000] "GET /category/office HTTP/1.1" 200 132 "http://www.google.com/search?ie=UTF-8&q=google&sclient=psy-ab&q=Office&oq=Office&aq=f&aqi=g-vL1&aql=&pbx=1&bav=on.2,or.r_gc.r_pw.r_qf.,cf.osb&biw=1918&bih=395" "Mozilla/5.0 (Windows NT 6.1; WOW64) AppleWebKit/535.7 (KHTML, like Gecko) Chrome/16.0.912.77 Safari/535.7"
144.180.166.148 - - [17/Nov/2017:10:11:45 +0000] "GET /category/books HTTP/1.1" 200 67 "-" "Mozilla/5.0 (Windows NT 6.0; rv:10.0.1) Gecko/20100101 Firefox/10.0.1"
204.186.37.92 - - [17/Nov/2017:10:11:50 +0000] "GET /item/electronics/1057 HTTP/1.1" 200 137 "-" "Mozilla/5.0 (Windows NT 6.0) AppleWebKit/535.11 (KHTML, like Gecko) Chrome/17.0.963.56 Safari/535.11"
192.198.24.209 - - [17/Nov/2017:10:11:55 +0000] "POST /search/?c=Books HTTP/1.1" 200 85 "-" "Mozilla/5.0 (Windows NT 6.0) AppleWebKit/535.11 (KHTML, like Gecko) Chrome/17.0.963.56 Safari/535.11"
76.39.153.224 - - [17/Nov/2017:10:12:00 +0000] "POST /search/?c=Giftcards+Music HTTP/1.1" 200 118 "/item/music/2915" "Mozilla/4.0 (compatible; MSIE 8.0; Windows NT 5.1; Trident/4.0; BTRS122159; GTB7.2; .NET CLR 1.1.4322; .NET CLR 2.0.50727; .NET CLR 3.0.04506.30; .NET CLR 3.0.4506.2152; .NET CLR 3.5.30729; BRI/2)"
100.81.22.31 - - [17/Nov/2017:10:12:05 +0000] "GET /item/electronics/1706 HTTP/1.1" 200 119 "/category/computers?from=20" "Mozilla/5.0 (Macintosh; Intel Mac OS X 10.6; rv:9.0.1) Gecko/20100101 Firefox/9.0.1"
168.108.147.195 - - [17/Nov/2017:10:12:10 +0000] "GET /item/jewelry/3466 HTTP/1.1" 200 130 "-" "Mozilla/5.0 (Windows NT 6.0; rv:10.0.1) Gecko/20100101 Firefox/10.0.1"
96.153.159.129 - - [17/Nov/2017:10:12:15 +0000] "GET /category/cameras?from=20 HTTP/1.1" 200 133 "-" "Mozilla/5.0 (Windows NT 6.1; WOW64) AppleWebKit/535.11 (KHTML, like Gecko) Chrome/17.0.963.56 Safari/535.11"
208.126.73.169 - - [17/Nov/2017:10:12:20 +0000] "GET /item/books/3757 HTTP/1.1" 200 115 "/category/games?from=20" "Mozilla/5.0 (Windows NT 6.0; rv:10.0.1) Gecko/20100101 Firefox/10.0.1"
108.78.86.154 - - [17/Nov/2017:10:12:25 +0000] "GET /category/electronics HTTP/1.1" 200 138 "-" "Mozilla/4.0 (compatible; MSIE 8.0; Windows NT 6.0; WOW64; Trident/4.0; GTB6; SLCC1; .NET CLR 2.0.50727; Media Center PC 5.0; .NET CLR 3.5.30729; .NET CLR 3.0.30618; .NET4.0C)"
68.24.152.91 - - [17/Nov/2017:10:12:30 +0000] "GET /item/finance/3479 HTTP/1.1" 200 85 "/category/sports" "Mozilla/4.0 (compatible; MSIE 8.0; Windows NT 5.1; Trident/4.0; BTRS122159; GTB7.2; .NET CLR 1.1.4322; .NET CLR 2.0.50727; .NET CLR 3.0.04506.30; .NET CLR 3.0.4506.2152; .NET CLR 3.5.30729; BRI/2)"
220.57.136.83 - - [17/Nov/2017:10:12:35 +0000] "GET /item/computers/3585 HTTP/1.1" 200 65 "/category/giftcards" "Mozilla/5.0 (Windows NT 5.1) AppleWebKit/535.11 (KHTML, like Gecko) Chrome/17.0.963.46 Safari/535.11"
220.222.196.154 - - [17/Nov/2017:10:12:40 +0000] "GET /item/toys/2543 HTTP/1.1" 200 73 "/category/software" "Mozilla/5.0 (iPhone; CPU iPhone OS 5_0_1 like Mac OS X) AppleWebKit/534.46 (KHTML, like Gecko) Version/5.1 Mobile/9A405 Safari/7534.48.3"
224.210.173.173 - - [17/Nov/2017:10:12:45 +0000] "GET /category/electronics HTTP/1.1" 200 49 "/item/software/1950" "Mozilla/4.0 (compatible; MSIE 8.0; Windows NT 6.0; WOW64; Trident/4.0; GTB6; SLCC1; .NET CLR 2.0.50727; Media Center PC 5.0; .NET CLR 3.5.30729; .NET CLR 3.0.30618; .NET4.0C)"
68.201.134.81 - - [17/Nov/2017:10:12:50 +0000] "GET /item/electronics/2792 HTTP/1.1" 200 114 "-" "Mozilla/5.0 (Windows NT 6.1; WOW64; rv:10.0.1) Gecko/20100101 Firefox/10.0.1"
220.165.214.67 - - [17/Nov/2017:10:12:55 +0000] "GET /category/computers HTTP/1.1" 200 131 "-" "Mozilla/5.0 (Windows NT 6.1; WOW64) AppleWebKit/535.11 (KHTML, like Gecko) Chrome/17.0.963.56 Safari/535.11"
104.30.165.166 - - [17/Nov/2017:10:13:00 +0000] "GET /item/computers/4801 HTTP/1.1" 200 128 "/category/electronics" "Mozilla/5.0 (iPad; CPU OS 5_0_1 like Mac OS X) AppleWebKit/534.46 (KHTML, like Gecko) Version/5.1 Mobile/9A405 Safari/7534.48.3"
44.159.148.20 - - [17/Nov/2017:10:13:05 +0000] "GET /item/music/4004 HTTP/1.1" 200 64 "-" "Mozilla/5.0 (Macintosh; Intel Mac OS X 10.6; rv:9.0.1) Gecko/20100101 Firefox/9.0.1"
48.219.110.88 - - [17/Nov/2017:10:13:10 +0000] "POST /search/?c=Toys+Games HTTP/1.1" 200 92 "/item/software/2434" "Mozilla/4.0 (compatible; MSIE 8.0; Windows NT 6.1; WOW64; Trident/4.0; GTB7.2; SLCC2; .NET CLR 2.0.50727; .NET CLR 3.5.30729; .NET CLR 3.0.30729; Media Center PC 6.0; .NET4.0C)"
60.150.49.62 - - [17/Nov/2017:10:13:15 +0000] "GET /category/garden?from=0 HTTP/1.1" 200 90 "/category/books" "Mozilla/5.0 (Windows NT 5.1) AppleWebKit/535.11 (KHTML, like Gecko) Chrome/17.0.963.46 Safari/535.11"
192.96.212.129 - - [17/Nov/2017:10:13:20 +0000] "GET /item/games/1697 HTTP/1.1" 200 63 "/category/games" "Mozilla/5.0 (Windows NT 6.1; WOW64; rv:10.0.1) Gecko/20100101 Firefox/10.0.1"
172.201.30.205 - - [17/Nov/2017:10:13:25 +0000] "GET /item/jewelry/3466 HTTP/1.1" 200 130 "/search/?c=Jewelry" "Mozilla/5.0 (compatible; MSIE 9.0; Windows NT 6.1; WOW64; Trident/5.0)"
108.78.86.154 - - [17/Nov/2017:10:13:30 +0000] "GET /category/electronics?from=0 HTTP/1.1" 200 101 "/search/?c=Electronics" "Mozilla/5.0 (Windows NT 6.1; WOW64) AppleWebKit/535.7 (KHTML, like Gecko) Chrome/16.0.912.77 Safari/535.7"
96.75.214.176 - - [17/Nov/2017:10:13:35 +0000] "GET /category/office HTTP/1.1" 200 117 "/category/jewelry?from=20" "Mozilla/5.0 (Windows NT 6.0; rv:10.0.1) Gecko/20100101 Firefox/10.0.1"
156.174.158.57 - - [17/Nov/2017:10:13:40 +0000] "GET /item/electronics/2868 HTTP/1.1" 200 41 "/category/electronics" "Mozilla/5.0 (Windows NT 6.0; rv:10.0.1) Gecko/20100101 Firefox/10.0.1"
80.174.167.30 - - [17/Nov/2017:10:13:45 +0000] "POST /search/?c=Computers HTTP/1.1" 200 41 "/category/electronics" "Mozilla/5.0 (Windows NT 6.0; rv:10.0.1) Gecko/20100101 Firefox/10.0.1"
188.117.206.31 - - [17/Nov/2017:10:13:50 +0000] "GET /category/electronics?from=20 HTTP/1.1" 200 52 "/category/electronics" "Mozilla/5.0 (Windows NT 6.0; rv:10.0.1) Gecko/20100101 Firefox/10.0.1"
192.168.214.196 - - [17/Nov/2017:10:13:55 +0000] "GET /item/books/469 HTTP/1.1" 200 95 "-" "Mozilla/5.0 (Windows NT 6.0; rv:10.0.1) Gecko/20100101 Firefox/10.0.1"
40.42.114.155 - - [17/Nov/2017:10:14:00 +0000] "GET /category/music HTTP/1.1" 200 53 "/item/games/3284" "Mozilla/5.0 (Macintosh; Intel Mac OS X 10.6; rv:9.0.1) Gecko/20100101 Firefox/9.0.1"
148.90.219.96 - - [17/Nov/2017:10:14:05 +0000] "GET /item/electronics/106 HTTP/1.1" 200 50 "-" "Mozilla/5.0 (Windows NT 6.1; WOW64) AppleWebKit/535.7 (KHTML, like Gecko) Chrome/16.0.912.77 Safari/535.7"
48.90.222.139 - - [17/Nov/2017:10:14:10 +0000] "GET /item/software/71 HTTP/1.1" 200 116 "/category/software" "Mozilla/4.0 (compatible; MSIE 8.0; Windows NT 6.0; WOW64; Trident/4.0; GTB6; SLCC1; .NET CLR 2.0.50727; Media Center PC 5.0; .NET CLR 3.5.30729; .NET CLR 3.0.30618; .NET4.0C)"
72.45.161.107 - - [17/Nov/2017:10:14:15 +0000] "GET /item/garden/473 HTTP/1.1" 200 137 "/search/?c=Garden" "Mozilla/5.0 (compatible; MSIE 9.0; Windows NT 6.1; WOW64; Trident/5.0)"
108.60.40.114 - - [17/Nov/2017:10:14:20 +0000] "POST /search/?c=Software+Electronics HTTP/1.1" 200 99 "/category/software" "Mozilla/5.0 (Windows NT 6.1; WOW64) AppleWebKit/535.7 (KHTML, like Gecko) Chrome/16.0.912.77 Safari/535.7"
104.210.132.59 - - [17/Nov/2017:10:14:25 +0000] "GET /category/electronics HTTP/1.1" 200 116 "-" "Mozilla/5.0 (Windows NT 5.1) AppleWebKit/535.11 (KHTML, like Gecko) Chrome/17.0.963.46 Safari/535.11"
100.192.111.52 - - [17/Nov/2017:10:14:30 +0000] "GET /category/software HTTP/1.1" 200 121 "/item/electronics/1195" "Mozilla/5.0 (Windows NT 6.0) AppleWebKit/535.11 (KHTML, like Gecko) Chrome/17.0.963.56 Safari/535.11"
148.66.143.65 - - [17/Nov/2017:10:14:35 +0000] "GET /category/electronics HTTP/1.1" 200 138 "-" "Mozilla/5.0 (compatible; Googlebot/2.1; +http://www.google.com/bot.html)"
96.99.84.183 - - [17/Nov/2017:10:14:40 +0000] "GET /item/software/517 HTTP/1.1" 200 123 "/category/office" "Mozilla/5.0 (iPhone; CPU iPhone OS 5_0_1 like Mac OS X) AppleWebKit/534.46 (KHTML, like Gecko) Version/5.1 Mobile/9A405 Safari/7534.48.3"
92.141.177.68 - - [17/Nov/2017:10:14:45 +0000] "GET /category/software HTTP/1.1" 200 50 "-" "Mozilla/4.0 (compatible; MSIE 8.0; Windows NT 6.1; WOW64; Trident/4.0; YTB730; GTB7.2; EasyBits GO v1.0; SLCC2; .NET CLR 2.0.50727; .NET CLR 3.5.30729; .NET CLR 3.0.30729; Media Center PC 6.0; .NET4.0C)"
116.174.202.224 - - [17/Nov/2017:10:14:50 +0000] "GET /category/software HTTP/1.1" 200 66 "/item/office/851" "Mozilla/5.0 (Windows NT 6.0; rv:10.0.1) Gecko/20100101 Firefox/10.0.1"
220.159.151.36 - - [17/Nov/2017:10:14:55 +0000] "GET /category/electronics HTTP/1.1" 200 67 "-" "Mozilla/5.0 (compatible; Googlebot/2.1; +http://www.google.com/bot.html)"
184.123.73.180 - - [17/Nov/2017:10:15:00 +0000] "GET /category/cameras HTTP/1.1" 200 55 "/item/electronics/2805" "Mozilla/5.0 (Windows NT 6.0; rv:10.0.1) Gecko/20100101 Firefox/10.0.1"
176.153.215.204 - - [17/Nov/2017:10:15:05 +0000] "GET /category/software HTTP/1.1" 200 104 "/item/games/110" "Mozilla/4.0 (compatible; MSIE 8.0; Windows NT 6.1; Trident/4.0; YTB730; SLCC2; .NET CLR 2.0.50727; .NET CLR 3.5.30729; .NET CLR 3.0.30729; Media Center PC 6.0; .NET4.0C)"
156.132.137.129 - - [17/Nov/2017:10:15:10 +0000] "GET /item/electronics/446 HTTP/1.1" 200 44 "/category/office" "Mozilla/5.0 (Windows NT 6.1; WOW64) AppleWebKit/535.11 (KHTML, like Gecko) Chrome/17.0.963.56 Safari/535.11"
200.39.205.215 - - [17/Nov/2017:10:15:15 +0000] "GET /category/toys HTTP/1.1" 200 115 "-" "Mozilla/4.0 (compatible; MSIE 8.0; Windows NT 6.0; WOW64; Trident/4.0; GTB6; SLCC1; .NET CLR 2.0.50727; Media Center PC 5.0; .NET CLR 3.5.30729; .NET CLR 3.0.30618; .NET4.0C)"
84.150.155.34 - - [17/Nov/2017:10:15:20 +0000] "GET /category/books?from=0 HTTP/1.1" 200 52 "-" "Mozilla/5.0 (compatible; MSIE 9.0; Windows NT 6.1; Trident/5.0)"
184.30.98.141 - - [17/Nov/2017:10:15:25 +0000] "GET /item/health/1862 HTTP/1.1" 200 89 "/search/?c=Health" "Mozilla/5.0 (Windows NT 6.0) AppleWebKit/535.11 (KHTML, like Gecko) Chrome/17.0.963.56 Safari/535.11"
180.186.35.139 - - [17/Nov/2017:10:15:30 +0000] "GET /item/electronics/1344 HTTP/1.1" 200 61 "-" "Mozilla/5.0 (compatible; Googlebot/2.1; +http://www.google.com/bot.html)"
200.192.163.62 - - [17/Nov/2017:10:15:35 +0000] "GET /category/electronics HTTP/1.1" 200 56 "/category/software" "Mozilla/5.0 (Windows NT 6.0; rv:10.0.1) Gecko/20100101 Firefox/10.0.1"
40.141.85.63 - - [17/Nov/2017:10:15:40 +0000] "GET /item/software/4520 HTTP/1.1" 200 75 "-" "Mozilla/5.0 (compatible; Googlebot/2.1; +http://www.google.com/bot.html)"
152.39.30.145 - - [17/Nov/2017:10:15:45 +0000] "GET /item/giftcards/3907 HTTP/1.1" 200 93 "/item/games/1697" "Mozilla/5.0 (Macintosh; Intel Mac OS X 10.6; rv:9.0.1) Gecko/20100101 Firefox/9.0.1"
68.33.56.24 - - [17/Nov/2017:10:15:50 +0000] "GET /item/music/4004 HTTP/1.1" 200 64 "http://www.google.com/search?ie=UTF-8&q=google&sclient=psy-ab&q=Music&oq=Music&aq=f&aqi=g-vL1&aql=&pbx=1&bav=on.2,or.r_gc.r_pw.r_qf.,cf.osb&biw=3983&bih=573" "Mozilla/5.0 (iPhone; CPU iPhone OS 5_0_1 like Mac OS X) AppleWebKit/534.46 (KHTML, like Gecko) Version/5.1 Mobile/9A405 Safari/7534.48.3"
216.153.155.217 - - [17/Nov/2017:10:15:55 +0000] "GET /item/software/2711 HTTP/1.1" 200 89 "-" "Mozilla/4.0 (compatible; MSIE 8.0; Windows NT 6.1; WOW64; Trident/4.0; GTB7.2; SLCC2; .NET CLR 2.0.50727; .NET CLR 3.5.30729; .NET CLR 3.0.30729; Media Center PC 6.0; .NET4.0C)"
212.219.212.37 - - [17/Nov/2017:10:16:00 +0000] "POST /search/?c=Office+Office HTTP/1.1" 200 86 "/category/software" "Mozilla/5.0 (iPhone; CPU iPhone OS 5_0_1 like Mac OS X) AppleWebKit/534.46 (KHTML, like Gecko) Version/5.1 Mobile/9A405 Safari/7534.48.3"
44.159.148.20 - - [17/Nov/2017:10:16:05 +0000] "GET /category/electronics HTTP/1.1" 200 118 "/category/finance" "Mozilla/5.0 (Macintosh; Intel Mac OS X 10.6; rv:9.0.1) Gecko/20100101 Firefox/9.0.1"
40.27.108.131 - - [17/Nov/2017:10:16:10 +0000] "POST /search/?c=Sports+Giftcards HTTP/1.1" 200 117 "-" "Mozilla/5.0 (Windows NT 6.0; rv:10.0.1) Gecko/20100101 Firefox/10.0.1"
176.27.101.193 - - [17/Nov/2017:10:16:15 +0000] "GET /category/finance?from=10 HTTP/1.1" 200 96 "/category/books" "Mozilla/4.0 (compatible; MSIE 8.0; Windows NT 5.1; Trident/4.0; YTB720; GTB7.2; .NET CLR 1.1.4322; .NET CLR 2.0.50727; .NET CLR 3.0.4506.2152; .NET CLR 3.5.30729)"
112.42.221.126 - - [17/Nov/2017:10:16:20 +0000] "GET /category/games HTTP/1.1" 200 111 "/category/electronics?from=20" "Mozilla/4.0 (compatible; MSIE 8.0; Windows NT 6.1; WOW64; Trident/4.0; YTB730; GTB7.2; SLCC2; .NET CLR 2.0.50727; .NET CLR 3.5.30729; .NET CLR 3.0.30729; .NET4.0C; .NET4.0E; Media Center PC 6.0)"
112.159.38.190 - - [17/Nov/2017:10:16:25 +0000] "GET /category/jewelry?from=20 HTTP/1.1" 200 127 "/category/games" "Mozilla/5.0 (Windows NT 5.1) AppleWebKit/535.11 (KHTML, like Gecko) Chrome/17.0.963.46 Safari/535.11"
172.186.101.199 - - [17/Nov/2017:10:16:30 +0000] "POST /search/?c=Software HTTP/1.1" 200 126 "-" "Mozilla/5.0 (iPad; CPU OS 5_0_1 like Mac OS X) AppleWebKit/534.46 (KHTML, like Gecko) Version/5.1 Mobile/9A405 Safari/7534.48.3"
132.132.44.91 - - [17/Nov/2017:10:16:35 +0000] "GET /category/electronics?from=20 HTTP/1.1" 200 124 "/search/?c=Electronics+Garden" "Mozilla/5.0 (Windows NT 5.1) AppleWebKit/535.11 (KHTML, like Gecko) Chrome/17.0.963.46 Safari/535.11"
48.213.177.74 - - [17/Nov/2017:10:16:40 +0000] "GET /category/electronics HTTP/1.1" 200 108 "/category/electronics" "Mozilla/5.0 (compatible; MSIE 9.0; Windows NT 6.1; WOW64; Trident/5.0)"
132.171.86.44 - - [17/Nov/2017:10:16:45 +0000] "GET /category/office HTTP/1.1" 200 126 "-" "Mozilla/5.0 (Windows NT 6.0; rv:10.0.1) Gecko/20100101 Firefox/10.0.1"
72.27.184.75 - - [17/Nov/2017:10:16:50 +0000] "GET /item/jewelry/2593 HTTP/1.1" 200 118 "-" "Mozilla/5.0 (compatible; MSIE 9.0; Windows NT 6.1; Trident/5.0)"
36.51.160.119 - - [17/Nov/2017:10:16:55 +0000] "GET /item/jewelry/1473 HTTP/1.1" 200 48 "/search/?c=Jewelry+Electronics" "Mozilla/5.0 (Windows NT 6.1; WOW64) AppleWebKit/535.7 (KHTML, like Gecko) Chrome/16.0.912.77 Safari/535.7"
92.186.177.75 - - [17/Nov/2017:10:17:00 +0000] "GET /category/books HTTP/1.1" 200 99 "/category/sports" "Mozilla/5.0 (Windows NT 6.0; rv:10.0.1) Gecko/20100101 Firefox/10.0.1"
168.39.135.79 - - [17/Nov/2017:10:17:05 +0000] "GET /category/health HTTP/1.1" 200 103 "/category/garden?from=20" "Mozilla/5.0 (Windows NT 6.1; WOW64) AppleWebKit/535.7 (KHTML, like Gecko) Chrome/16.0.912.77 Safari/535.7"
196.96.50.86 - - [17/Nov/2017:10:17:10 +0000] "GET /category/software HTTP/1.1" 200 68 "-" "Mozilla/5.0 (Windows NT 6.0) AppleWebKit/535.11 (KHTML, like Gecko) Chrome/17.0.963.56 Safari/535.11"
148.66.143.65 - - [17/Nov/2017:10:17:15 +0000] "GET /item/books/3336 HTTP/1.1" 200 88 "/category/software" "Mozilla/5.0 (compatible; MSIE 9.0; Windows NT 6.1; WOW64; Trident/5.0)"
108.27.225.109 - - [17/Nov/2017:10:17:20 +0000] "GET /item/electronics/4072 HTTP/1.1" 200 63 "/item/giftcards/2757" "Mozilla/5.0 (Windows NT 6.1; WOW64) AppleWebKit/535.11 (KHTML, like Gecko) Chrome/17.0.963.56 Safari/535.11"
224.171.144.182 - - [17/Nov/2017:10:17:25 +0000] "GET /category/games HTTP/1.1" 200 59 "-" "Mozilla/4.0 (compatible; MSIE 8.0; Windows NT 5.1; Trident/4.0; BTRS122159; GTB7.2; .NET CLR 1.1.4322; .NET CLR 2.0.50727; .NET CLR 3.0.04506.30; .NET CLR 3.0.4506.2152; .NET CLR 3.5.30729; BRI/2)"
68.78.152.172 - - [17/Nov/2017:10:17:30 +0000] "GET /category/finance HTTP/1.1" 200 86 "/item/health/961" "Mozilla/5.0 (compatible; MSIE 9.0; Windows NT 6.1; Trident/5.0)"
180.114.21.38 - - [17/Nov/2017:10:17:35 +0000] "POST /search/?c=Electronics+Garden HTTP/1.1" 200 139 "/category/sports" "Mozilla/4.0 (compatible; MSIE 8.0; Windows NT 6.1; WOW64; Trident/4.0; YTB730; GTB7.2; EasyBits GO v1.0; SLCC2; .NET CLR 2.0.50727; .NET CLR 3.5.30729; .NET CLR 3.0.30729; Media Center PC 6.0; .NET4.0C)"
172.51.61.163 - - [17/Nov/2017:10:17:40 +0000] "GET /category/games HTTP/1.1" 200 59 "-" "Mozilla/5.0 (Windows NT 6.1; WOW64; rv:10.0.1) Gecko/20100101 Firefox/10.0.1"
164.75.155.177 - - [17/Nov/2017:10:17:45 +0000] "GET /category/software HTTP/1.1" 200 71 "-" "Mozilla/5.0 (iPhone; CPU iPhone OS 5_0_1 like Mac OS X) AppleWebKit/534.46 (KHTML, like Gecko) Version/5.1 Mobile/9A405 Safari/7534.48.3"
88.48.32.227 - - [17/Nov/2017:10:17:50 +0000] "GET /category/electronics HTTP/1.1" 200 67 "-" "Mozilla/4.0 (compatible; MSIE 8.0; Windows NT 6.1; WOW64; Trident/4.0; YTB730; GTB7.2; EasyBits GO v1.0; SLCC2; .NET CLR 2.0.50727; .NET CLR 3.5.30729; .NET CLR 3.0.30729; Media Center PC 6.0; .NET4.0C)"
76.39.153.224 - - [17/Nov/2017:10:17:55 +0000] "POST /search/?c=Games HTTP/1.1" 200 42 "-" "Mozilla/4.0 (compatible; MSIE 8.0; Windows NT 6.0; WOW64; Trident/4.0; GTB6; SLCC1; .NET CLR 2.0.50727; Media Center PC 5.0; .NET CLR 3.5.30729; .NET CLR 3.0.30618; .NET4.0C)"
212.189.191.81 - - [17/Nov/2017:10:18:00 +0000] "GET /category/networking?from=20 HTTP/1.1" 200 133 "-" "Mozilla/4.0 (compatible; MSIE 8.0; Windows NT 6.1; Trident/4.0; YTB730; SLCC2; .NET CLR 2.0.50727; .NET CLR 3.5.30729; .NET CLR 3.0.30729; Media Center PC 6.0; .NET4.0C)"
216.177.42.228 - - [17/Nov/2017:10:18:05 +0000] "GET /item/garden/4271 HTTP/1.1" 200 127 "/category/finance" "Mozilla/5.0 (Windows NT 6.1; WOW64) AppleWebKit/535.7 (KHTML, like Gecko) Chrome/16.0.912.77 Safari/535.7"
44.165.199.141 - - [17/Nov/2017:10:18:10 +0000] "GET /category/jewelry?from=20 HTTP/1.1" 200 127 "/item/software/3961" "Mozilla/5.0 (compatible; MSIE 9.0; Windows NT 6.1; WOW64; Trident/5.0)"
112.48.147.108 - - [17/Nov/2017:10:18:15 +0000] "GET /category/cameras?from=0 HTTP/1.1" 200 139 "-" "Mozilla/4.0 (compatible; MSIE 8.0; Windows NT 6.1; Trident/4.0; YTB730; SLCC2; .NET CLR 2.0.50727; .NET CLR 3.5.30729; .NET CLR 3.0.30729; Media Center PC 6.0; .NET4.0C)"
136.132.151.226 - - [17/Nov/2017:10:18:20 +0000] "GET /item/electronics/2104 HTTP/1.1" 200 59 "-" "Mozilla/5.0 (compatible; MSIE 9.0; Windows NT 6.1; Trident/5.0)"
56.153.218.154 - - [17/Nov/2017:10:18:25 +0000] "GET /category/computers HTTP/1.1" 200 113 "-" "Mozilla/5.0 (compatible; MSIE 9.0; Windows NT 6.1; WOW64; Trident/5.0)"
96.72.174.129 - - [17/Nov/2017:10:18:30 +0000] "GET /category/electronics HTTP/1.1" 200 43 "-" "Mozilla/4.0 (compatible; MSIE 8.0; Windows NT 6.1; WOW64; Trident/4.0; GTB7.2; SLCC2; .NET CLR 2.0.50727; .NET CLR 3.5.30729; .NET CLR 3.0.30729; Media Center PC 6.0; .NET4.0C)"
100.69.57.39 - - [17/Nov/2017:10:18:35 +0000] "GET /item/software/2711 HTTP/1.1" 200 89 "/item/office/4792" "Mozilla/4.0 (compatible; MSIE 8.0; Windows NT 6.1; Trident/4.0; YTB730; SLCC2; .NET CLR 2.0.50727; .NET CLR 3.5.30729; .NET CLR 3.0.30729; Media Center PC 6.0; .NET4.0C)"
80.189.195.176 - - [17/Nov/2017:10:18:40 +0000] "GET /category/software HTTP/1.1" 200 95 "-" "Mozilla/5.0 (Windows NT 6.1; WOW64) AppleWebKit/535.11 (KHTML, like Gecko) Chrome/17.0.963.56 Safari/535.11"
156.123.86.77 - - [17/Nov/2017:10:18:45 +0000] "GET /item/games/4604 HTTP/1.1" 200 54 "-" "Mozilla/5.0 (Windows NT 5.1) AppleWebKit/535.11 (KHTML, like Gecko) Chrome/17.0.963.46 Safari/535.11"
36.192.126.32 - - [17/Nov/2017:10:18:50 +0000] "GET /item/finance/2915 HTTP/1.1" 200 87 "-" "Mozilla/4.0 (compatible; MSIE 8.0; Windows NT 6.1; WOW64; Trident/4.0; GTB7.2; SLCC2; .NET CLR 2.0.50727; .NET CLR 3.5.30729; .NET CLR 3.0.30729; Media Center PC 6.0; .NET4.0C)"
164.135.167.29 - - [17/Nov/2017:10:18:55 +0000] "GET /category/games HTTP/1.1" 200 59 "/item/cameras/1329" "Mozilla/4.0 (compatible; MSIE 8.0; Windows NT 5.1; Trident/4.0; YTB720; GTB7.2; .NET CLR 1.1.4322; .NET CLR 2.0.50727; .NET CLR 3.0.4506.2152; .NET CLR 3.5.30729)"
96.105.101.123 - - [17/Nov/2017:10:19:00 +0000] "GET /category/jewelry?from=20 HTTP/1.1" 200 127 "/item/software/71" "Mozilla/5.0 (Windows NT 5.1) AppleWebKit/535.11 (KHTML, like Gecko) Chrome/17.0.963.46 Safari/535.11"
184.225.210.39 - - [17/Nov/2017:10:19:05 +0000] "GET /category/office HTTP/1.1" 200 71 "/category/books" "Mozilla/5.0 (Windows NT 6.1; WOW64) AppleWebKit/535.11 (KHTML, like Gecko) Chrome/17.0.963.56 Safari/535.11"
216.192.41.57 - - [17/Nov/2017:10:19:10 +0000] "GET /category/software HTTP/1.1" 200 51 "-" "Mozilla/5.0 (Windows NT 6.1; WOW64; rv:10.0.1) Gecko/20100101 Firefox/10.0.1"
144.129.128.24 - - [17/Nov/2017:10:19:15 +0000] "GET /category/computers?from=0 HTTP/1.1" 200 40 "/category/office" "Mozilla/4.0 (compatible; MSIE 8.0; Windows NT 6.1; WOW64; Trident/4.0; YTB730; GTB7.2; SLCC2; .NET CLR 2.0.50727; .NET CLR 3.5.30729; .NET CLR 3.0.30729; .NET4.0C; .NET4.0E; Media Center PC 6.0)"
36.24.74.155 - - [17/Nov/2017:10:19:20 +0000] "GET /category/software?from=20 HTTP/1.1" 200 100 "/item/software/2434" "Mozilla/5.0 (Macintosh; Intel Mac OS X 10.6; rv:9.0.1) Gecko/20100101 Firefox/9.0.1"
76.168.181.34 - - [17/Nov/2017:10:19:25 +0000] "GET /item/office/278 HTTP/1.1" 200 108 "/item/electronics/705" "Mozilla/5.0 (Windows NT 5.1) AppleWebKit/535.11 (KHTML, like Gecko) Chrome/17.0.963.46 Safari/535.11"
156.168.77.168 - - [17/Nov/2017:10:19:30 +0000] "GET /category/books?from=20 HTTP/1.1" 200 80 "-" "Mozilla/5.0 (Macintosh; Intel Mac OS X 10.6; rv:9.0.1) Gecko/20100101 Firefox/9.0.1"
40.78.48.94 - - [17/Nov/2017:10:19:35 +0000] "POST /search/?c=Books HTTP/1.1" 200 114 "-" "Mozilla/4.0 (compatible; MSIE 8.0; Windows NT 6.1; WOW64; Trident/4.0; GTB7.2; SLCC2; .NET CLR 2.0.50727; .NET CLR 3.5.30729; .NET CLR 3.0.30729; Media Center PC 6.0; .NET4.0C)"
192.93.155.127 - - [17/Nov/2017:10:19:40 +0000] "GET /item/games/2694 HTTP/1.1" 200 90 "/category/software" "Mozilla/5.0 (Macintosh; Intel Mac OS X 10.6; rv:9.0.1) Gecko/20100101 Firefox/9.0.1"
192.90.171.212 - - [17/Nov/2017:10:19:45 +0000] "GET /category/garden HTTP/1.1" 200 47 "/category/sports" "Mozilla/5.0 (compatible; Googlebot/2.1; +http://www.google.com/bot.html)"
180.174.143.124 - - [17/Nov/2017:10:19:50 +0000] "GET /category/software HTTP/1.1" 200 134 "/category/cameras" "Mozilla/5.0 (Macintosh; Intel Mac OS X 10.6; rv:9.0.1) Gecko/20100101 Firefox/9.0.1"
128.123.134.69 - - [17/Nov/2017:10:19:55 +0000] "GET /category/toys HTTP/1.1" 200 77 "-" "Mozilla/5.0 (Windows NT 6.0) AppleWebKit/535.11 (KHTML, like Gecko) Chrome/17.0.963.56 Safari/535.11"
192.126.144.136 - - [17/Nov/2017:10:20:00 +0000] "GET /category/garden HTTP/1.1" 200 41 "/category/electronics" "Mozilla/5.0 (Windows NT 6.1; WOW64; rv:10.0.1) Gecko/20100101 Firefox/10.0.1"
68.24.152.91 - - [17/Nov/2017:10:20:05 +0000] "GET /item/electronics/1667 HTTP/1.1" 200 121 "/search/?c=Electronics+Games" "Mozilla/5.0 (Windows NT 6.0; rv:10.0.1) Gecko/20100101 Firefox/10.0.1"
44.60.152.105 - - [17/Nov/2017:10:20:10 +0000] "GET /category/electronics HTTP/1.1" 200 137 "/item/finance/4688" "Mozilla/5.0 (Windows NT 6.0; rv:10.0.1) Gecko/20100101 Firefox/10.0.1"
56.51.48.185 - - [17/Nov/2017:10:20:15 +0000] "GET /category/software HTTP/1.1" 200 131 "-" "Mozilla/4.0 (compatible; MSIE 8.0; Windows NT 6.0; WOW64; Trident/4.0; GTB6; SLCC1; .NET CLR 2.0.50727; Media Center PC 5.0; .NET CLR 3.5.30729; .NET CLR 3.0.30618; .NET4.0C)"
44.132.181.113 - - [17/Nov/2017:10:20:20 +0000] "GET /category/cameras HTTP/1.1" 200 69 "/search/?c=Games" "Mozilla/5.0 (compatible; MSIE 9.0; Windows NT 6.1; Trident/5.0)"
144.180.57.180 - - [17/Nov/2017:10:20:25 +0000] "GET /category/garden?from=0 HTTP/1.1" 200 90 "/category/garden" "Mozilla/5.0 (Macintosh; Intel Mac OS X 10.6; rv:9.0.1) Gecko/20100101 Firefox/9.0.1"
164.78.138.100 - - [17/Nov/2017:10:20:30 +0000] "GET /item/office/394 HTTP/1.1" 200 65 "-" "Mozilla/4.0 (compatible; MSIE 8.0; Windows NT 6.0; WOW64; Trident/4.0; GTB6; SLCC1; .NET CLR 2.0.50727; Media Center PC 5.0; .NET CLR 3.5.30729; .NET CLR 3.0.30618; .NET4.0C)"
152.120.32.93 - - [17/Nov/2017:10:20:35 +0000] "GET /item/finance/2872 HTTP/1.1" 200 40 "/search/?c=Electronics+Electronics" "Mozilla/5.0 (Windows NT 6.0; rv:10.0.1) Gecko/20100101 Firefox/10.0.1"
28.96.205.110 - - [17/Nov/2017:10:20:40 +0000] "GET /item/software/1527 HTTP/1.1" 200 64 "-" "Mozilla/5.0 (Macintosh; Intel Mac OS X 10.6; rv:9.0.1) Gecko/20100101 Firefox/9.0.1"
228.186.82.142 - - [17/Nov/2017:10:20:45 +0000] "GET /category/computers?from=20 HTTP/1.1" 200 52 "/category/electronics" "Mozilla/4.0 (compatible; MSIE 8.0; Windows NT 5.1; Trident/4.0; YTB720; GTB7.2; .NET CLR 1.1.4322; .NET CLR 2.0.50727; .NET CLR 3.0.4506.2152; .NET CLR 3.5.30729)"
100.192.111.52 - - [17/Nov/2017:10:20:50 +0000] "GET /category/electronics HTTP/1.1" 200 108 "-" "Mozilla/4.0 (compatible; MSIE 8.0; Windows NT 5.1; Trident/4.0; YTB720; GTB7.2; .NET CLR 1.1.4322; .NET CLR 2.0.50727; .NET CLR 3.0.4506.2152; .NET CLR 3.5.30729)"
28.63.225.191 - - [17/Nov/2017:10:20:55 +0000] "GET /category/electronics HTTP/1.1" 200 95 "/category/software" "Mozilla/5.0 (compatible; MSIE 9.0; Windows NT 6.1; Trident/5.0)"
48.201.198.145 - - [17/Nov/2017:10:21:00 +0000] "GET /category/electronics HTTP/1.1" 200 78 "-" "Mozilla/4.0 (compatible; MSIE 8.0; Windows NT 6.1; WOW64; Trident/4.0; GTB7.2; SLCC2; .NET CLR 2.0.50727; .NET CLR 3.5.30729; .NET CLR 3.0.30729; Media Center PC 6.0; .NET4.0C)"
20.27.98.157 - - [17/Nov/2017:10:21:05 +0000] "POST /search/?c=Electronics+Games HTTP/1.1" 200 138 "/category/toys" "Mozilla/5.0 (Macintosh; Intel Mac OS X 10.6; rv:9.0.1) Gecko/20100101 Firefox/9.0.1"
40.39.105.229 - - [17/Nov/2017:10:21:10 +0000] "GET /item/cameras/2299 HTTP/1.1" 200 64 "http://www.google.com/search?ie=UTF-8&q=google&sclient=psy-ab&q=Cameras&oq=Cameras&aq=f&aqi=g-vL1&aql=&pbx=1&bav=on.2,or.r_gc.r_pw.r_qf.,cf.osb&biw=2907&bih=185" "Mozilla/5.0 (Macintosh; Intel Mac OS X 10.6; rv:9.0.1) Gecko/20100101 Firefox/9.0.1"
56.168.99.190 - - [17/Nov/2017:10:21:15 +0000] "GET /item/electronics/4582 HTTP/1.1" 200 48 "/category/networking" "Mozilla/5.0 (iPhone; CPU iPhone OS 5_0_1 like Mac OS X) AppleWebKit/534.46 (KHTML, like Gecko) Version/5.1 Mobile/9A405 Safari/7534.48.3"
132.135.20.22 - - [17/Nov/2017:10:21:20 +0000] "POST /search/?c=Sports+Giftcards HTTP/1.1" 200 117 "/category/sports" "Mozilla/5.0 (Windows NT 6.1; WOW64) AppleWebKit/535.7 (KHTML, like Gecko) Chrome/16.0.912.77 Safari/535.7"
152.90.220.86 - - [17/Nov/2017:10:21:25 +0000] "GET /category/jewelry HTTP/1.1" 200 118 "-" "Mozilla/4.0 (compatible; MSIE 8.0; Windows NT 6.1; WOW64; Trident/4.0; YTB730; GTB7.2; EasyBits GO v1.0; SLCC2; .NET CLR 2.0.50727; .NET CLR 3.5.30729; .NET CLR 3.0.30729; Media Center PC 6.0; .NET4.0C)"
100.165.48.87 - - [17/Nov/2017:10:21:30 +0000] "GET /category/office?from=0 HTTP/1.1" 200 50 "-" "Mozilla/5.0 (compatible; MSIE 9.0; Windows NT 6.1; Trident/5.0)"
112.132.152.220 - - [17/Nov/2017:10:21:35 +0000] "GET /item/electronics/2277 HTTP/1.1" 200 43 "-" "Mozilla/5.0 (Windows NT 6.1; WOW64; rv:10.0.1) Gecko/20100101 Firefox/10.0.1"
112.102.42.196 - - [17/Nov/2017:10:21:40 +0000] "GET /item/health/4591 HTTP/1.1" 200 101 "-" "Mozilla/5.0 (compatible; MSIE 9.0; Windows NT 6.1; WOW64; Trident/5.0)"
116.150.145.77 - - [17/Nov/2017:10:21:45 +0000] "GET /item/books/4362 HTTP/1.1" 200 42 "-" "Mozilla/5.0 (compatible; MSIE 9.0; Windows NT 6.1; WOW64; Trident/5.0)"
56.150.73.159 - - [17/Nov/2017:10:21:50 +0000] "GET /category/jewelry HTTP/1.1" 200 111 "/category/health" "Mozilla/5.0 (compatible; MSIE 9.0; Windows NT 6.1; Trident/5.0)"
156.111.173.188 - - [17/Nov/2017:10:21:55 +0000] "GET /item/finance/3568 HTTP/1.1" 200 126 "-" "Mozilla/5.0 (iPad; CPU OS 5_0_1 like Mac OS X) AppleWebKit/534.46 (KHTML, like Gecko) Version/5.1 Mobile/9A405 Safari/7534.48.3"
36.180.97.199 - - [17/Nov/2017:10:22:00 +0000] "POST /search/?c=Software+Books HTTP/1.1" 200 79 "-" "Mozilla/5.0 (Windows NT 6.0) AppleWebKit/535.11 (KHTML, like Gecko) Chrome/17.0.963.56 Safari/535.11"
52.132.139.46 - - [17/Nov/2017:10:22:05 +0000] "GET /category/software HTTP/1.1" 200 85 "-" "Mozilla/5.0 (Windows NT 6.0) AppleWebKit/535.11 (KHTML, like Gecko) Chrome/17.0.963.56 Safari/535.11"
88.216.133.209 - - [17/Nov/2017:10:22:10 +0000] "GET /category/cameras HTTP/1.1" 200 53 "-" "Mozilla/5.0 (Windows NT 5.1) AppleWebKit/535.11 (KHTML, like Gecko) Chrome/17.0.963.46 Safari/535.11"
32.69.59.79 - - [17/Nov/2017:10:22:15 +0000] "GET /category/software HTTP/1.1" 200 81 "-" "Mozilla/5.0 (compatible; MSIE 9.0; Windows NT 6.1; WOW64; Trident/5.0)"
76.153.22.87 - - [17/Nov/2017:10:22:20 +0000] "GET /category/software HTTP/1.1" 200 81 "-" "Mozilla/5.0 (Macintosh; Intel Mac OS X 10.6; rv:9.0.1) Gecko/20100101 Firefox/9.0.1"
24.99.27.123 - - [17/Nov/2017:10:22:25 +0000] "GET /item/books/4255 HTTP/1.1" 200 108 "-" "Mozilla/5.0 (Windows NT 6.1; WOW64) AppleWebKit/535.7 (KHTML, like Gecko) Chrome/16.0.912.77 Safari/535.7"
128.27.162.45 - - [17/Nov/2017:10:22:30 +0000] "GET /category/software?from=20 HTTP/1.1" 200 100 "/category/electronics" "Mozilla/5.0 (Windows NT 6.0; rv:10.0.1) Gecko/20100101 Firefox/10.0.1"
216.123.84.162 - - [17/Nov/2017:10:22:35 +0000] "GET /category/computers?from=0 HTTP/1.1" 200 40 "/item/electronics/2606" "Mozilla/5.0 (compatible; MSIE 9.0; Windows NT 6.1; Trident/5.0)"
44.162.33.184 - - [17/Nov/2017:10:22:40 +0000] "POST /search/?c=Music+Music HTTP/1.1" 200 119 "/item/electronics/3882" "Mozilla/4.0 (compatible; MSIE 8.0; Windows NT 6.1; WOW64; Trident/4.0; GTB7.2; SLCC2; .NET CLR 2.0.50727; .NET CLR 3.5.30729; .NET CLR 3.0.30729; Media Center PC 6.0; .NET4.0C)"
120.93.127.152 - - [17/Nov/2017:10:22:45 +0000] "GET /category/books HTTP/1.1" 200 106 "-" "Mozilla/5.0 (Windows NT 6.0; rv:10.0.1) Gecko/20100101 Firefox/10.0.1"
172.186.101.199 - - [17/Nov/2017:10:22:50 +0000] "GET /category/giftcards HTTP/1.1" 200 126 "-" "Mozilla/5.0 (iPad; CPU OS 5_0_1 like Mac OS X) AppleWebKit/534.46 (KHTML, like Gecko) Version/5.1 Mobile/9A405 Safari/7534.48.3"
184.210.102.195 - - [17/Nov/2017:10:22:55 +0000] "GET /item/software/3371 HTTP/1.1" 200 121 "/category/office" "Mozilla/5.0 (Windows NT 6.1; WOW64) AppleWebKit/535.11 (KHTML, like Gecko) Chrome/17.0.963.56 Safari/535.11"
136.165.204.44 - - [17/Nov/2017:10:23:00 +0000] "GET /item/finance/3901 HTTP/1.1" 200 107 "-" "Mozilla/5.0 (Windows NT 6.1; WOW64; rv:10.0.1) Gecko/20100101 Firefox/10.0.1"
200.225.111.124 - - [17/Nov/2017:10:23:05 +0000] "GET /category/cameras HTTP/1.1" 200 48 "-" "Mozilla/5.0 (Windows NT 6.0) AppleWebKit/535.11 (KHTML, like Gecko) Chrome/17.0.963.56 Safari/535.11"
124.87.214.172 - - [17/Nov/2017:10:23:10 +0000] "GET /item/books/3101 HTTP/1.1" 200 61 "/search/?c=Electronics+Garden" "Mozilla/5.0 (Macintosh; Intel Mac OS X 10.6; rv:9.0.1) Gecko/20100101 Firefox/9.0.1"
176.210.158.39 - - [17/Nov/2017:10:23:15 +0000] "GET /category/games HTTP/1.1" 200 111 "/category/cameras" "Mozilla/5.0 (iPad; CPU OS 5_0_1 like Mac OS X) AppleWebKit/534.46 (KHTML, like Gecko) Version/5.1 Mobile/9A405 Safari/7534.48.3"
32.78.86.157 - - [17/Nov/2017:10:23:20 +0000] "GET /category/games HTTP/1.1" 200 49 "/category/finance" "Mozilla/5.0 (compatible; MSIE 9.0; Windows NT 6.1; WOW64; Trident/5.0)"
24.48.22.162 - - [17/Nov/2017:10:23:25 +0000] "GET /category/software HTTP/1.1" 200 92 "-" "Mozilla/4.0 (compatible; MSIE 8.0; Windows NT 5.1; Trident/4.0; BTRS122159; GTB7.2; .NET CLR 1.1.4322; .NET CLR 2.0.50727; .NET CLR 3.0.04506.30; .NET CLR 3.0.4506.2152; .NET CLR 3.5.30729; BRI/2)"
132.60.108.133 - - [17/Nov/2017:10:23:30 +0000] "GET /category/health HTTP/1.1" 200 103 "-" "Mozilla/5.0 (compatible; MSIE 9.0; Windows NT 6.1; Trident/5.0)"
172.111.229.114 - - [17/Nov/2017:10:23:35 +0000] "GET /item/giftcards/4236 HTTP/1.1" 200 71 "-" "Mozilla/4.0 (compatible; MSIE 8.0; Windows NT 5.1; Trident/4.0; YTB720; GTB7.2; .NET CLR 1.1.4322; .NET CLR 2.0.50727; .NET CLR 3.0.4506.2152; .NET CLR 3.5.30729)"
96.138.127.49 - - [17/Nov/2017:10:23:40 +0000] "GET /category/electronics HTTP/1.1" 200 42 "/item/books/180" "Mozilla/5.0 (Windows NT 6.1; WOW64) AppleWebKit/535.7 (KHTML, like Gecko) Chrome/16.0.912.77 Safari/535.7"
132.192.89.145 - - [17/Nov/2017:10:23:45 +0000] "GET /category/electronics HTTP/1.1" 200 114 "/search/?c=Electronics+Books" "Mozilla/5.0 (compatible; Googlebot/2.1; +http://www.google.com/bot.html)"
120.225.200.117 - - [17/Nov/2017:10:23:50 +0000] "GET /category/computers HTTP/1.1" 200 114 "http://www.google.com/search?ie=UTF-8&q=google&sclient=psy-ab&q=Computers&oq=Computers&aq=f&aqi=g-vL1&aql=&pbx=1&bav=on.2,or.r_gc.r_pw.r_qf.,cf.osb&biw=181&bih=302" "Mozilla/5.0 (compatible; MSIE 9.0; Windows NT 6.1; WOW64; Trident/5.0)"
224.153.72.151 - - [17/Nov/2017:10:23:55 +0000] "GET /item/giftcards/3907 HTTP/1.1" 200 93 "/item/software/2724" "Mozilla/5.0 (Windows NT 6.1; WOW64) AppleWebKit/535.11 (KHTML, like Gecko) Chrome/17.0.963.56 Safari/535.11"
196.168.130.146 - - [17/Nov/2017:10:24:00 +0000] "GET /category/games HTTP/1.1" 200 47 "-" "Mozilla/5.0 (Windows NT 6.0; rv:10.0.1) Gecko/20100101 Firefox/10.0.1"
192.21.211.81 - - [17/Nov/2017:10:24:05 +0000] "GET /item/books/4362 HTTP/1.1" 200 42 "-" "Mozilla/5.0 (compatible; MSIE 9.0; Windows NT 6.1; Trident/5.0)"
128.213.155.67 - - [17/Nov/2017:10:24:10 +0000] "GET /category/electronics HTTP/1.1" 200 56 "/item/software/4520" "Mozilla/5.0 (Macintosh; Intel Mac OS X 10.6; rv:9.0.1) Gecko/20100101 Firefox/9.0.1"
68.183.57.183 - - [17/Nov/2017:10:24:15 +0000] "GET /category/health HTTP/1.1" 200 42 "/category/games" "Mozilla/5.0 (compatible; MSIE 9.0; Windows NT 6.1; Trident/5.0)"
124.162.24.47 - - [17/Nov/2017:10:24:20 +0000] "GET /category/computers HTTP/1.1" 200 45 "-" "Mozilla/5.0 (Windows NT 6.0; rv:10.0.1) Gecko/20100101 Firefox/10.0.1"
160.156.210.144 - - [17/Nov/2017:10:24:25 +0000] "GET /item/electronics/4788 HTTP/1.1" 200 46 "-" "Mozilla/5.0 (Windows NT 6.1; WOW64; rv:10.0.1) Gecko/20100101 Firefox/10.0.1"
120.141.183.120 - - [17/Nov/2017:10:24:30 +0000] "GET /item/electronics/3377 HTTP/1.1" 200 125 "-" "Mozilla/5.0 (Windows NT 6.0; rv:10.0.1) Gecko/20100101 Firefox/10.0.1"
84.225.150.149 - - [17/Nov/2017:10:24:35 +0000] "GET /category/office HTTP/1.1" 200 77 "-" "Mozilla/5.0 (Macintosh; Intel Mac OS X 10.6; rv:9.0.1) Gecko/20100101 Firefox/9.0.1"
88.195.115.100 - - [17/Nov/2017:10:24:40 +0000] "GET /category/software HTTP/1.1" 200 45 "/item/electronics/3393" "Mozilla/5.0 (Windows NT 6.1; WOW64; rv:10.0.1) Gecko/20100101 Firefox/10.0.1"
76.93.187.155 - - [17/Nov/2017:10:24:45 +0000] "GET /item/software/1802 HTTP/1.1" 200 125 "/category/software" "Mozilla/4.0 (compatible; MSIE 8.0; Windows NT 6.1; Trident/4.0; YTB730; SLCC2; .NET CLR 2.0.50727; .NET CLR 3.5.30729; .NET CLR 3.0.30729; Media Center PC 6.0; .NET4.0C)"
172.219.78.39 - - [17/Nov/2017:10:24:50 +0000] "GET /item/jewelry/4114 HTTP/1.1" 404 139 "/category/health" "Mozilla/5.0 (Windows NT 6.0) AppleWebKit/535.11 (KHTML, like Gecko) Chrome/17.0.963.56 Safari/535.11"
56.195.124.151 - - [17/Nov/2017:10:24:55 +0000] "GET /item/finance/4492 HTTP/1.1" 200 41 "http://www.google.com/search?ie=UTF-8&q=google&sclient=psy-ab&q=Finance+Software&oq=Finance+Software&aq=f&aqi=g-vL1&aql=&pbx=1&bav=on.2,or.r_gc.r_pw.r_qf.,cf.osb&biw=1090&bih=340" "Mozilla/4.0 (compatible; MSIE 8.0; Windows NT 6.1; WOW64; Trident/4.0; GTB7.2; SLCC2; .NET CLR 2.0.50727; .NET CLR 3.5.30729; .NET CLR 3.0.30729; Media Center PC 6.0; .NET4.0C)"
132.219.26.113 - - [17/Nov/2017:10:25:00 +0000] "GET /item/electronics/3882 HTTP/1.1" 200 94 "/category/electronics" "Mozilla/4.0 (compatible; MSIE 8.0; Windows NT 5.1; Trident/4.0; BTRS122159; GTB7.2; .NET CLR 1.1.4322; .NET CLR 2.0.50727; .NET CLR 3.0.04506.30; .NET CLR 3.0.4506.2152; .NET CLR 3.5.30729; BRI/2)"
136.138.38.142 - - [17/Nov/2017:10:25:05 +0000] "GET /item/giftcards/4231 HTTP/1.1" 200 52 "/search/?c=Toys+Toys" "Mozilla/5.0 (compatible; MSIE 9.0; Windows NT 6.1; WOW64; Trident/5.0)"
104.72.204.155 - - [17/Nov/2017:10:25:10 +0000] "GET /category/giftcards HTTP/1.1" 200 93 "-" "Mozilla/5.0 (Windows NT 6.1; WOW64) AppleWebKit/535.7 (KHTML, like Gecko) Chrome/16.0.912.77 Safari/535.7"
104.207.115.95 - - [17/Nov/2017:10:25:15 +0000] "GET /item/jewelry/4114 HTTP/1.1" 404 139 "-" "Mozilla/4.0 (compatible; MSIE 8.0; Windows NT 6.0; WOW64; Trident/4.0; GTB6; SLCC1; .NET CLR 2.0.50727; Media Center PC 5.0; .NET CLR 3.5.30729; .NET CLR 3.0.30618; .NET4.0C)"
80.114.224.190 - - [17/Nov/2017:10:25:20 +0000] "GET /category/software HTTP/1.1" 200 125 "/item/games/2649" "Mozilla/5.0 (Windows NT 6.1; WOW64) AppleWebKit/535.7 (KHTML, like Gecko) Chrome/16.0.912.77 Safari/535.7"
216.192.41.57 - - [17/Nov/2017:10:25:25 +0000] "GET /item/jewelry/2821 HTTP/1.1" 200 68 "http://www.google.com/search?ie=UTF-8&q=google&sclient=psy-ab&q=Jewelry+Health&oq=Jewelry+Health&aq=f&aqi=g-vL1&aql=&pbx=1&bav=on.2,or.r_gc.r_pw.r_qf.,cf.osb&biw=1962&bih=288" "Mozilla/5.0 (Windows NT 6.1; WOW64; rv:10.0.1) Gecko/20100101 Firefox/10.0.1"
216.210.62.164 - - [17/Nov/2017:10:25:30 +0000] "GET /item/health/3590 HTTP/1.1" 200 95 "/category/garden" "Mozilla/5.0 (compatible; Googlebot/2.1; +http://www.google.com/bot.html)"
72.216.215.73 - - [17/Nov/2017:10:25:35 +0000] "GET /item/books/1503 HTTP/1.1" 200 49 "/item/toys/2432" "Mozilla/4.0 (compatible; MSIE 8.0; Windows NT 6.1; Trident/4.0; YTB730; SLCC2; .NET CLR 2.0.50727; .NET CLR 3.5.30729; .NET CLR 3.0.30729; Media Center PC 6.0; .NET4.0C)"
160.24.68.124 - - [17/Nov/2017:10:25:40 +0000] "GET /item/electronics/2825 HTTP/1.1" 200 108 "/item/games/2827" "Mozilla/5.0 (Windows NT 6.1; WOW64) AppleWebKit/535.11 (KHTML, like Gecko) Chrome/17.0.963.56 Safari/535.11"
48.57.65.104 - - [17/Nov/2017:10:25:45 +0000] "GET /item/computers/4182 HTTP/1.1" 200 50 "http://www.google.com/search?ie=UTF-8&q=google&sclient=psy-ab&q=Computers&oq=Computers&aq=f&aqi=g-vL1&aql=&pbx=1&bav=on.2,or.r_gc.r_pw.r_qf.,cf.osb&biw=3572&bih=552" "Mozilla/4.0 (compatible; MSIE 8.0; Windows NT 5.1; Trident/4.0; BTRS122159; GTB7.2; .NET CLR 1.1.4322; .NET CLR 2.0.50727; .NET CLR 3.0.04506.30; .NET CLR 3.0.4506.2152; .NET CLR 3.5.30729; BRI/2)"
84.201.48.127 - - [17/Nov/2017:10:25:50 +0000] "GET /category/books?from=20 HTTP/1.1" 200 121 "/search/?c=Books" "Mozilla/5.0 (iPhone; CPU iPhone OS 5_0_1 like Mac OS X) AppleWebKit/534.46 (KHTML, like Gecko) Version/5.1 Mobile/9A405 Safari/7534.48.3"
104.72.204.155 - - [17/Nov/2017:10:25:55 +0000] "GET /item/electronics/695 HTTP/1.1" 200 125 "/item/networking/67" "Mozilla/5.0 (Windows NT 6.1; WOW64) AppleWebKit/535.7 (KHTML, like Gecko) Chrome/16.0.912.77 Safari/535.7"
140.27.85.29 - - [17/Nov/2017:10:26:00 +0000] "GET /item/music/4699 HTTP/1.1" 200 48 "/category/software" "Mozilla/4.0 (compatible; MSIE 8.0; Windows NT 5.1; Trident/4.0; YTB720; GTB7.2; .NET CLR 1.1.4322; .NET CLR 2.0.50727; .NET CLR 3.0.4506.2152; .NET CLR 3.5.30729)"
92.120.192.181 - - [17/Nov/2017:10:26:05 +0000] "GET /category/books?from=0 HTTP/1.1" 200 52 "-" "Mozilla/5.0 (compatible; MSIE 9.0; Windows NT 6.1; WOW64; Trident/5.0)"
212.204.212.109 - - [17/Nov/2017:10:26:10 +0000] "GET /item/garden/348 HTTP/1.1" 200 50 "/category/electronics" "Mozilla/5.0 (compatible; MSIE 9.0; Windows NT 6.1; WOW64; Trident/5.0)"
28.93.191.106 - - [17/Nov/2017:10:26:15 +0000] "GET /item/music/2069 HTTP/1.1" 200 133 "/item/games/3420" "Mozilla/5.0 (Windows NT 6.1; WOW64) AppleWebKit/535.11 (KHTML, like Gecko) Chrome/17.0.963.56 Safari/535.11"
156.51.157.126 - - [17/Nov/2017:10:26:20 +0000] "GET /category/giftcards HTTP/1.1" 200 81 "/category/office" "Mozilla/5.0 (Windows NT 6.0) AppleWebKit/535.11 (KHTML, like Gecko) Chrome/17.0.963.56 Safari/535.11"
208.174.27.69 - - [17/Nov/2017:10:26:25 +0000] "GET /item/office/1867 HTTP/1.1" 200 83 "/category/games" "Mozilla/5.0 (Windows NT 6.1; WOW64) AppleWebKit/535.11 (KHTML, like Gecko) Chrome/17.0.963.56 Safari/535.11"
32.63.131.213 - - [17/Nov/2017:10:26:30 +0000] "GET /category/jewelry?from=10 HTTP/1.1" 200 106 "-" "Mozilla/5.0 (Windows NT 6.0) AppleWebKit/535.11 (KHTML, like Gecko) Chrome/17.0.963.56 Safari/535.11"
216.111.181.162 - - [17/Nov/2017:10:26:35 +0000] "GET /item/giftcards/4236 HTTP/1.1" 200 71 "/category/electronics" "Mozilla/5.0 (Windows NT 6.0; rv:10.0.1) Gecko/20100101 Firefox/10.0.1"
204.162.85.31 - - [17/Nov/2017:10:26:40 +0000] "GET /category/electronics HTTP/1.1" 200 137 "/category/electronics" "Mozilla/5.0 (Windows NT 6.0; rv:10.0.1) Gecko/20100101 Firefox/10.0.1"
112.132.152.220 - - [17/Nov/2017:10:26:45 +0000] "GET /item/electronics/3377 HTTP/1.1" 200 125 "/category/books?from=20" "Mozilla/5.0 (iPad; CPU OS 5_0_1 like Mac OS X) AppleWebKit/534.46 (KHTML, like Gecko) Version/5.1 Mobile/9A405 Safari/7534.48.3"
124.105.200.100 - - [17/Nov/2017:10:26:50 +0000] "GET /category/garden HTTP/1.1" 200 86 "/item/software/992" "Mozilla/4.0 (compatible; MSIE 8.0; Windows NT 5.1; Trident/4.0; BTRS122159; GTB7.2; .NET CLR 1.1.4322; .NET CLR 2.0.50727; .NET CLR 3.0.04506.30; .NET CLR 3.0.4506.2152; .NET CLR 3.5.30729; BRI/2)"
220.222.196.154 - - [17/Nov/2017:10:26:55 +0000] "GET /category/games?from=0 HTTP/1.1" 200 124 "-" "Mozilla/5.0 (compatible; Googlebot/2.1; +http://www.google.com/bot.html)"
76.93.187.155 - - [17/Nov/2017:10:27:00 +0000] "GET /category/electronics HTTP/1.1" 200 104 "-" "Mozilla/5.0 (Windows NT 6.1; WOW64) AppleWebKit/535.11 (KHTML, like Gecko) Chrome/17.0.963.56 Safari/535.11"
44.198.209.156 - - [17/Nov/2017:10:27:05 +0000] "GET /category/garden HTTP/1.1" 200 111 "/item/giftcards/357" "Mozilla/5.0 (Windows NT 6.1; WOW64) AppleWebKit/535.11 (KHTML, like Gecko) Chrome/17.0.963.56 Safari/535.11"
224.57.160.208 - - [17/Nov/2017:10:27:10 +0000] "GET /category/toys HTTP/1.1" 200 120 "-" "Mozilla/4.0 (compatible; MSIE 8.0; Windows NT 6.0; WOW64; Trident/4.0; GTB6; SLCC1; .NET CLR 2.0.50727; Media Center PC 5.0; .NET CLR 3.5.30729; .NET CLR 3.0.30618; .NET4.0C)"
96.39.228.165 - - [17/Nov/2017:10:27:15 +0000] "POST /search/?c=Software HTTP/1.1" 200 61 "/category/games" "Mozilla/5.0 (compatible; MSIE 9.0; Windows NT 6.1; WOW64; Trident/5.0)"
40.36.91.188 - - [17/Nov/2017:10:27:20 +0000] "GET /item/software/3523 HTTP/1.1" 200 68 "/item/electronics/705" "Mozilla/5.0 (iPhone; CPU iPhone OS 5_0_1 like Mac OS X) AppleWebKit/534.46 (KHTML, like Gecko) Version/5.1 Mobile/9A405 Safari/7534.48.3"
48.63.222.76 - - [17/Nov/2017:10:27:25 +0000] "GET /category/software?from=0 HTTP/1.1" 200 126 "/item/electronics/681" "Mozilla/4.0 (compatible; MSIE 8.0; Windows NT 5.1; Trident/4.0; YTB720; GTB7.2; .NET CLR 1.1.4322; .NET CLR 2.0.50727; .NET CLR 3.0.4506.2152; .NET CLR 3.5.30729)"
140.93.196.122 - - [17/Nov/2017:10:27:30 +0000] "GET /category/software HTTP/1.1" 200 65 "-" "Mozilla/5.0 (iPhone; CPU iPhone OS 5_0_1 like Mac OS X) AppleWebKit/534.46 (KHTML, like Gecko) Version/5.1 Mobile/9A405 Safari/7534.48.3"
80.120.169.42 - - [17/Nov/2017:10:27:35 +0000] "GET /item/books/1440 HTTP/1.1" 200 108 "/search/?c=Books" "Mozilla/5.0 (Windows NT 6.1; WOW64) AppleWebKit/535.7 (KHTML, like Gecko) Chrome/16.0.912.77 Safari/535.7"
208.171.196.220 - - [17/Nov/2017:10:27:40 +0000] "GET /category/electronics HTTP/1.1" 200 50 "/category/jewelry" "Mozilla/4.0 (compatible; MSIE 8.0; Windows NT 5.1; Trident/4.0; YTB720; GTB7.2; .NET CLR 1.1.4322; .NET CLR 2.0.50727; .NET CLR 3.0.4506.2152; .NET CLR 3.5.30729)"
32.78.107.79 - - [17/Nov/2017:10:27:45 +0000] "GET /item/games/1490 HTTP/1.1" 200 47 "http://www.google.com/search?ie=UTF-8&q=google&sclient=psy-ab&q=Games&oq=Games&aq=f&aqi=g-vL1&aql=&pbx=1&bav=on.2,or.r_gc.r_pw.r_qf.,cf.osb&biw=4769&bih=479" "Mozilla/5.0 (Windows NT 6.1; WOW64) AppleWebKit/535.11 (KHTML, like Gecko) Chrome/17.0.963.56 Safari/535.11"
76.75.163.170 - - [17/Nov/2017:10:27:50 +0000] "GET /category/electronics HTTP/1.1" 200 49 "/category/jewelry" "Mozilla/5.0 (Windows NT 6.1; WOW64) AppleWebKit/535.11 (KHTML, like Gecko) Chrome/17.0.963.56 Safari/535.11"
92.48.177.183 - - [17/Nov/2017:10:27:55 +0000] "GET /item/software/2109 HTTP/1.1" 200 107 "/category/books" "Mozilla/4.0 (compatible; MSIE 8.0; Windows NT 5.1; Trident/4.0; BTRS122159; GTB7.2; .NET CLR 1.1.4322; .NET CLR 2.0.50727; .NET CLR 3.0.04506.30; .NET CLR 3.0.4506.2152; .NET CLR 3.5.30729; BRI/2)"
120.225.200.117 - - [17/Nov/2017:10:28:00 +0000] "GET /item/electronics/670 HTTP/1.1" 200 66 "/category/electronics" "Mozilla/4.0 (compatible; MSIE 8.0; Windows NT 6.0; WOW64; Trident/4.0; GTB6; SLCC1; .NET CLR 2.0.50727; Media Center PC 5.0; .NET CLR 3.5.30729; .NET CLR 3.0.30618; .NET4.0C)"
180.150.61.142 - - [17/Nov/2017:10:28:05 +0000] "GET /item/software/4545 HTTP/1.1" 200 135 "http://www.google.com/search?ie=UTF-8&q=google&sclient=psy-ab&q=Software&oq=Software&aq=f&aqi=g-vL1&aql=&pbx=1&bav=on.2,or.r_gc.r_pw.r_qf.,cf.osb&biw=1593&bih=187" "Mozilla/5.0 (Macintosh; Intel Mac OS X 10.6; rv:9.0.1) Gecko/20100101 Firefox/9.0.1"
168.210.175.118 - - [17/Nov/2017:10:28:10 +0000] "POST /search/?c=Software+Networking HTTP/1.1" 200 104 "/category/games" "Mozilla/5.0 (compatible; Googlebot/2.1; +http://www.google.com/bot.html)"
168.39.135.79 - - [17/Nov/2017:10:28:15 +0000] "GET /category/electronics HTTP/1.1" 200 48 "/category/electronics" "Mozilla/5.0 (Windows NT 6.0; rv:10.0.1) Gecko/20100101 Firefox/10.0.1"
200.78.216.173 - - [17/Nov/2017:10:28:20 +0000] "GET /category/books HTTP/1.1" 200 88 "-" "Mozilla/5.0 (compatible; MSIE 9.0; Windows NT 6.1; WOW64; Trident/5.0)"
164.210.109.27 - - [17/Nov/2017:10:28:25 +0000] "GET /category/office HTTP/1.1" 200 128 "/category/office" "Mozilla/5.0 (Macintosh; Intel Mac OS X 10.6; rv:9.0.1) Gecko/20100101 Firefox/9.0.1"
196.144.108.166 - - [17/Nov/2017:10:28:30 +0000] "GET /item/office/4637 HTTP/1.1" 200 70 "/item/sports/3881" "Mozilla/4.0 (compatible; MSIE 8.0; Windows NT 6.1; WOW64; Trident/4.0; YTB730; GTB7.2; EasyBits GO v1.0; SLCC2; .NET CLR 2.0.50727; .NET CLR 3.5.30729; .NET CLR 3.0.30729; Media Center PC 6.0; .NET4.0C)"
56.36.38.124 - - [17/Nov/2017:10:28:35 +0000] "GET /category/electronics HTTP/1.1" 200 128 "-" "Mozilla/5.0 (Windows NT 5.1) AppleWebKit/535.11 (KHTML, like Gecko) Chrome/17.0.963.46 Safari/535.11"
124.99.44.123 - - [17/Nov/2017:10:28:40 +0000] "GET /category/software HTTP/1.1" 200 77 "/category/cameras" "Mozilla/5.0 (Windows NT 6.1; WOW64) AppleWebKit/535.7 (KHTML, like Gecko) Chrome/16.0.912.77 Safari/535.7"
180.228.190.87 - - [17/Nov/2017:10:28:45 +0000] "GET /category/electronics HTTP/1.1" 200 65 "-" "Mozilla/4.0 (compatible; MSIE 8.0; Windows NT 5.1; Trident/4.0; YTB720; GTB7.2; .NET CLR 1.1.4322; .NET CLR 2.0.50727; .NET CLR 3.0.4506.2152; .NET CLR 3.5.30729)"
192.213.24.121 - - [17/Nov/2017:10:28:50 +0000] "GET /item/sports/2911 HTTP/1.1" 200 130 "-" "Mozilla/5.0 (Windows NT 6.1; WOW64) AppleWebKit/535.11 (KHTML, like Gecko) Chrome/17.0.963.56 Safari/535.11"
172.111.229.114 - - [17/Nov/2017:10:28:55 +0000] "GET /category/office HTTP/1.1" 200 58 "/category/books" "Mozilla/5.0 (Macintosh; Intel Mac OS X 10.6; rv:9.0.1) Gecko/20100101 Firefox/9.0.1"
80.114.67.84 - - [17/Nov/2017:10:29:00 +0000] "GET /item/giftcards/4236 HTTP/1.1" 200 71 "/item/electronics/1466" "Mozilla/4.0 (compatible; MSIE 8.0; Windows NT 6.1; WOW64; Trident/4.0; YTB730; GTB7.2; SLCC2; .NET CLR 2.0.50727; .NET CLR 3.5.30729; .NET CLR 3.0.30729; .NET4.0C; .NET4.0E; Media Center PC 6.0)"
164.48.123.206 - - [17/Nov/2017:10:29:05 +0000] "GET /item/books/1440 HTTP/1.1" 200 108 "/category/electronics" "Mozilla/5.0 (Windows NT 6.1; WOW64; rv:10.0.1) Gecko/20100101 Firefox/10.0.1"
20.21.65.80 - - [17/Nov/2017:10:29:10 +0000] "GET /category/books HTTP/1.1" 200 106 "/search/?c=Electronics" "Mozilla/5.0 (Windows NT 6.1; WOW64) AppleWebKit/535.7 (KHTML, like Gecko) Chrome/16.0.912.77 Safari/535.7"
164.228.120.56 - - [17/Nov/2017:10:29:15 +0000] "GET /category/software?from=20 HTTP/1.1" 200 64 "/category/networking" "Mozilla/5.0 (compatible; MSIE 9.0; Windows NT 6.1; Trident/5.0)"
204.60.81.51 - - [17/Nov/2017:10:29:20 +0000] "GET /category/jewelry HTTP/1.1" 200 40 "-" "Mozilla/5.0 (Windows NT 6.0) AppleWebKit/535.11 (KHTML, like Gecko) Chrome/17.0.963.56 Safari/535.11"
76.48.201.164 - - [17/Nov/2017:10:29:25 +0000] "GET /item/computers/811 HTTP/1.1" 200 128 "/item/software/4680" "Mozilla/4.0 (compatible; MSIE 8.0; Windows NT 5.1; Trident/4.0; BTRS122159; GTB7.2; .NET CLR 1.1.4322; .NET CLR 2.0.50727; .NET CLR 3.0.04506.30; .NET CLR 3.0.4506.2152; .NET CLR 3.5.30729; BRI/2)"
224.36.38.130 - - [17/Nov/2017:10:29:30 +0000] "GET /item/office/851 HTTP/1.1" 200 129 "/category/networking" "Mozilla/5.0 (Windows NT 6.1; WOW64; rv:10.0.1) Gecko/20100101 Firefox/10.0.1"
48.222.150.132 - - [17/Nov/2017:10:29:35 +0000] "GET /category/finance HTTP/1.1" 200 91 "-" "Mozilla/5.0 (compatible; MSIE 9.0; Windows NT 6.1; WOW64; Trident/5.0)"
64.132.229.177 - - [17/Nov/2017:10:29:40 +0000] "GET /category/software HTTP/1.1" 200 92 "-" "Mozilla/5.0 (Windows NT 6.1; WOW64) AppleWebKit/535.11 (KHTML, like Gecko) Chrome/17.0.963.56 Safari/535.11"
28.156.128.90 - - [17/Nov/2017:10:29:45 +0000] "GET /category/office HTTP/1.1" 200 82 "-" "Mozilla/4.0 (compatible; MSIE 8.0; Windows NT 5.1; Trident/4.0; YTB720; GTB7.2; .NET CLR 1.1.4322; .NET CLR 2.0.50727; .NET CLR 3.0.4506.2152; .NET CLR 3.5.30729)"
116.60.150.29 - - [17/Nov/2017:10:29:50 +0000] "GET /category/office HTTP/1.1" 200 126 "/item/cameras/1442" "Mozilla/4.0 (compatible; MSIE 8.0; Windows NT 6.1; WOW64; Trident/4.0; YTB730; GTB7.2; EasyBits GO v1.0; SLCC2; .NET CLR 2.0.50727; .NET CLR 3.5.30729; .NET CLR 3.0.30729; Media Center PC 6.0; .NET4.0C)"
148.180.67.120 - - [17/Nov/2017:10:29:55 +0000] "GET /category/finance HTTP/1.1" 200 136 "-" "Mozilla/5.0 (compatible; MSIE 9.0; Windows NT 6.1; WOW64; Trident/5.0)"
88.228.128.46 - - [17/Nov/2017:10:30:00 +0000] "GET /category/software?from=0 HTTP/1.1" 200 73 "/item/electronics/1057" "Mozilla/5.0 (Windows NT 6.0; rv:10.0.1) Gecko/20100101 Firefox/10.0.1"
148.21.130.45 - - [17/Nov/2017:10:30:05 +0000] "GET /item/electronics/266 HTTP/1.1" 200 95 "-" "Mozilla/5.0 (iPad; CPU OS 5_0_1 like Mac OS X) AppleWebKit/534.46 (KHTML, like Gecko) Version/5.1 Mobile/9A405 Safari/7534.48.3"
128.114.217.21 - - [17/Nov/2017:10:30:10 +0000] "GET /category/games HTTP/1.1" 200 104 "/item/toys/3509" "Mozilla/5.0 (Windows NT 5.1) AppleWebKit/535.11 (KHTML, like Gecko) Chrome/17.0.963.46 Safari/535.11"
24.57.24.122 - - [17/Nov/2017:10:30:15 +0000] "GET /category/software HTTP/1.1" 200 85 "-" "Mozilla/4.0 (compatible; MSIE 8.0; Windows NT 6.1; WOW64; Trident/4.0; YTB730; GTB7.2; EasyBits GO v1.0; SLCC2; .NET CLR 2.0.50727; .NET CLR 3.5.30729; .NET CLR 3.0.30729; Media Center PC 6.0; .NET4.0C)"
204.120.171.145 - - [17/Nov/2017:10:30:20 +0000] "GET /item/electronics/1911 HTTP/1.1" 200 122 "/category/electronics" "Mozilla/5.0 (iPad; CPU OS 5_0_1 like Mac OS X) AppleWebKit/534.46 (KHTML, like Gecko) Version/5.1 Mobile/9A405 Safari/7534.48.3"
24.99.27.123 - - [17/Nov/2017:10:30:25 +0000] "GET /category/software HTTP/1.1" 200 82 "/category/software" "Mozilla/4.0 (compatible; MSIE 8.0; Windows NT 5.1; Trident/4.0; BTRS122159; GTB7.2; .NET CLR 1.1.4322; .NET CLR 2.0.50727; .NET CLR 3.0.04506.30; .NET CLR 3.0.4506.2152; .NET CLR 3.5.30729; BRI/2)"
116.63.29.208 - - [17/Nov/2017:10:30:30 +0000] "GET /category/jewelry HTTP/1.1" 200 138 "/search/?c=Networking" "Mozilla/5.0 (Windows NT 6.1; WOW64; rv:10.0.1) Gecko/20100101 Firefox/10.0.1"
88.63.121.43 - - [17/Nov/2017:10:30:35 +0000] "GET /category/software HTTP/1.1" 200 104 "-" "Mozilla/5.0 (compatible; MSIE 9.0; Windows NT 6.1; WOW64; Trident/5.0)"
124.192.214.79 - - [17/Nov/2017:10:30:40 +0000] "GET /category/books HTTP/1.1" 200 126 "/item/computers/770" "Mozilla/5.0 (compatible; Googlebot/2.1; +http://www.google.com/bot.html)"
92.72.135.226 - - [17/Nov/2017:10:30:45 +0000] "GET /category/giftcards HTTP/1.1" 200 83 "-" "Mozilla/4.0 (compatible; MSIE 8.0; Windows NT 6.1; Trident/4.0; YTB730; SLCC2; .NET CLR 2.0.50727; .NET CLR 3.5.30729; .NET CLR 3.0.30729; Media Center PC 6.0; .NET4.0C)"
116.111.183.132 - - [17/Nov/2017:10:30:50 +0000] "GET /category/electronics HTTP/1.1" 200 83 "/category/electronics" "Mozilla/5.0 (Windows NT 6.1; WOW64; rv:10.0.1) Gecko/20100101 Firefox/10.0.1"
136.81.127.192 - - [17/Nov/2017:10:30:55 +0000] "GET /category/games HTTP/1.1" 200 66 "-" "Mozilla/5.0 (Macintosh; Intel Mac OS X 10.6; rv:9.0.1) Gecko/20100101 Firefox/9.0.1"
144.222.227.44 - - [17/Nov/2017:10:31:00 +0000] "GET /category/office HTTP/1.1" 200 126 "-" "Mozilla/5.0 (compatible; MSIE 9.0; Windows NT 6.1; Trident/5.0)"
124.192.214.79 - - [17/Nov/2017:10:31:05 +0000] "GET /category/jewelry HTTP/1.1" 200 40 "-" "Mozilla/5.0 (Windows NT 6.1; WOW64) AppleWebKit/535.11 (KHTML, like Gecko) Chrome/17.0.963.56 Safari/535.11"
20.45.200.182 - - [17/Nov/2017:10:31:10 +0000] "GET /category/books?from=0 HTTP/1.1" 200 56 "-" "Mozilla/5.0 (Windows NT 6.0) AppleWebKit/535.11 (KHTML, like Gecko) Chrome/17.0.963.56 Safari/535.11"
40.180.147.109 - - [17/Nov/2017:10:31:15 +0000] "GET /category/garden HTTP/1.1" 200 122 "-" "Mozilla/5.0 (compatible; Googlebot/2.1; +http://www.google.com/bot.html)"
52.57.147.82 - - [17/Nov/2017:10:31:20 +0000] "GET /item/toys/3509 HTTP/1.1" 200 89 "/search/?c=Toys" "Mozilla/5.0 (iPhone; CPU iPhone OS 5_0_1 like Mac OS X) AppleWebKit/534.46 (KHTML, like Gecko) Version/5.1 Mobile/9A405 Safari/7534.48.3"
204.186.37.92 - - [17/Nov/2017:10:31:25 +0000] "GET /category/electronics HTTP/1.1" 200 44 "-" "Mozilla/5.0 (Macintosh; Intel Mac OS X 10.6; rv:9.0.1) Gecko/20100101 Firefox/9.0.1"
148.219.89.124 - - [17/Nov/2017:10:31:30 +0000] "GET /category/music HTTP/1.1" 200 121 "-" "Mozilla/5.0 (Windows NT 5.1) AppleWebKit/535.11 (KHTML, like Gecko) Chrome/17.0.963.46 Safari/535.11"
96.180.146.219 - - [17/Nov/2017:10:31:35 +0000] "GET /category/books HTTP/1.1" 200 67 "-" "Mozilla/5.0 (Windows NT 6.1; WOW64) AppleWebKit/535.7 (KHTML, like Gecko) Chrome/16.0.912.77 Safari/535.7"
120.216.45.120 - - [17/Nov/2017:10:31:40 +0000] "POST /search/?c=Books+Networking HTTP/1.1" 200 82 "/item/books/1503" "Mozilla/5.0 (Windows NT 6.1; WOW64) AppleWebKit/535.11 (KHTML, like Gecko) Chrome/17.0.963.56 Safari/535.11"
108.225.225.104 - - [17/Nov/2017:10:31:45 +0000] "GET /category/books HTTP/1.1" 200 131 "/category/games" "Mozilla/5.0 (Macintosh; Intel Mac OS X 10.6; rv:9.0.1) Gecko/20100101 Firefox/9.0.1"
152.90.227.164 - - [17/Nov/2017:10:31:50 +0000] "GET /category/software HTTP/1.1" 200 65 "/item/books/4255" "Mozilla/4.0 (compatible; MSIE 8.0; Windows NT 6.1; WOW64; Trident/4.0; YTB730; GTB7.2; EasyBits GO v1.0; SLCC2; .NET CLR 2.0.50727; .NET CLR 3.5.30729; .NET CLR 3.0.30729; Media Center PC 6.0; .NET4.0C)"
56.186.73.100 - - [17/Nov/2017:10:31:55 +0000] "GET /item/games/110 HTTP/1.1" 200 48 "/item/electronics/3271" "Mozilla/5.0 (compatible; MSIE 9.0; Windows NT 6.1; Trident/5.0)"
148.78.49.128 - - [17/Nov/2017:10:32:00 +0000] "GET /item/games/1697 HTTP/1.1" 200 63 "http://www.google.com/search?ie=UTF-8&q=google&sclient=psy-ab&q=Games&oq=Games&aq=f&aqi=g-vL1&aql=&pbx=1&bav=on.2,or.r_gc.r_pw.r_qf.,cf.osb&biw=1518&bih=473" "Mozilla/5.0 (compatible; MSIE 9.0; Windows NT 6.1; Trident/5.0)"
36.180.97.199 - - [17/Nov/2017:10:32:05 +0000] "POST /search/?c=Software+Games HTTP/1.1" 200 124 "/search/?c=Garden" "Mozilla/5.0 (Windows NT 6.0) AppleWebKit/535.11 (KHTML, like Gecko) Chrome/17.0.963.56 Safari/535.11"
160.183.132.213 - - [17/Nov/2017:10:32:10 +0000] "GET /item/cameras/3741 HTTP/1.1" 200 90 "/category/software" "Mozilla/4.0 (compatible; MSIE 8.0; Windows NT 6.1; Trident/4.0; YTB730; SLCC2; .NET CLR 2.0.50727; .NET CLR 3.5.30729; .NET CLR 3.0.30729; Media Center PC 6.0; .NET4.0C)"
40.21.219.95 - - [17/Nov/2017:10:32:15 +0000] "GET /category/health HTTP/1.1" 200 59 "-" "Mozilla/5.0 (compatible; MSIE 9.0; Windows NT 6.1; Trident/5.0)"
192.228.50.109 - - [17/Nov/2017:10:32:20 +0000] "GET /category/books HTTP/1.1" 200 121 "-" "Mozilla/5.0 (iPad; CPU OS 5_0_1 like Mac OS X) AppleWebKit/534.46 (KHTML, like Gecko) Version/5.1 Mobile/9A405 Safari/7534.48.3"
40.33.157.65 - - [17/Nov/2017:10:32:25 +0000] "GET /category/toys HTTP/1.1" 200 109 "-" "Mozilla/5.0 (compatible; MSIE 9.0; Windows NT 6.1; Trident/5.0)"
92.147.59.203 - - [17/Nov/2017:10:32:30 +0000] "GET /category/finance HTTP/1.1" 200 122 "/item/electronics/1628" "Mozilla/5.0 (Windows NT 6.1; WOW64) AppleWebKit/535.11 (KHTML, like Gecko) Chrome/17.0.963.56 Safari/535.11"
40.126.128.141 - - [17/Nov/2017:10:32:35 +0000] "GET /category/games HTTP/1.1" 200 133 "/item/books/1785" "Mozilla/5.0 (Windows NT 6.1; WOW64) AppleWebKit/535.7 (KHTML, like Gecko) Chrome/16.0.912.77 Safari/535.7"
84.219.194.27 - - [17/Nov/2017:10:32:40 +0000] "POST /search/?c=Games+Office HTTP/1.1" 200 72 "-" "Mozilla/5.0 (Windows NT 6.1; WOW64; rv:10.0.1) Gecko/20100101 Firefox/10.0.1"
216.60.81.167 - - [17/Nov/2017:10:32:45 +0000] "GET /category/electronics HTTP/1.1" 200 61 "/category/books" "Mozilla/5.0 (Windows NT 6.1; WOW64) AppleWebKit/535.7 (KHTML, like Gecko) Chrome/16.0.912.77 Safari/535.7"
136.222.62.176 - - [17/Nov/2017:10:32:50 +0000] "GET /category/health HTTP/1.1" 200 132 "/category/garden" "Mozilla/5.0 (Windows NT 6.0; rv:10.0.1) Gecko/20100101 Firefox/10.0.1"
144.78.204.148 - - [17/Nov/2017:10:32:55 +0000] "GET /category/games HTTP/1.1" 200 59 "-" "Mozilla/5.0 (compatible; MSIE 9.0; Windows NT 6.1; Trident/5.0)"
20.132.185.140 - - [17/Nov/2017:10:33:00 +0000] "GET /category/software HTTP/1.1" 200 77 "-" "Mozilla/5.0 (compatible; Googlebot/2.1; +http://www.google.com/bot.html)"
120.144.87.152 - - [17/Nov/2017:10:33:05 +0000] "GET /category/music HTTP/1.1" 200 117 "/item/cameras/2644" "Mozilla/5.0 (Windows NT 6.1; WOW64) AppleWebKit/535.11 (KHTML, like Gecko) Chrome/17.0.963.56 Safari/535.11"
36.183.156.215 - - [17/Nov/2017:10:33:10 +0000] "GET /item/electronics/1079 HTTP/1.1" 200 83 "/category/games" "Mozilla/4.0 (compatible; MSIE 8.0; Windows NT 6.0; WOW64; Trident/4.0; GTB6; SLCC1; .NET CLR 2.0.50727; Media Center PC 5.0; .NET CLR 3.5.30729; .NET CLR 3.0.30618; .NET4.0C)"
200.207.132.97 - - [17/Nov/2017:10:33:15 +0000] "GET /category/software HTTP/1.1" 200 104 "-" "Mozilla/5.0 (Windows NT 6.0) AppleWebKit/535.11 (KHTML, like Gecko) Chrome/17.0.963.56 Safari/535.11"
100.135.99.62 - - [17/Nov/2017:10:33:20 +0000] "GET /category/office HTTP/1.1" 200 117 "/category/books" "Mozilla/5.0 (compatible; MSIE 9.0; Windows NT 6.1; WOW64; Trident/5.0)"
96.105.101.123 - - [17/Nov/2017:10:33:25 +0000] "GET /category/books HTTP/1.1" 200 57 "-" "Mozilla/4.0 (compatible; MSIE 8.0; Windows NT 6.1; WOW64; Trident/4.0; GTB7.2; SLCC2; .NET CLR 2.0.50727; .NET CLR 3.5.30729; .NET CLR 3.0.30729; Media Center PC 6.0; .NET4.0C)"
80.81.66.77 - - [17/Nov/2017:10:33:30 +0000] "GET /item/toys/3743 HTTP/1.1" 200 46 "-" "Mozilla/4.0 (compatible; MSIE 8.0; Windows NT 6.1; WOW64; Trident/4.0; YTB730; GTB7.2; EasyBits GO v1.0; SLCC2; .NET CLR 2.0.50727; .NET CLR 3.5.30729; .NET CLR 3.0.30729; Media Center PC 6.0; .NET4.0C)"
132.141.158.51 - - [17/Nov/2017:10:33:35 +0000] "GET /category/software HTTP/1.1" 200 106 "/category/electronics" "Mozilla/5.0 (compatible; MSIE 9.0; Windows NT 6.1; Trident/5.0)"
152.120.32.93 - - [17/Nov/2017:10:33:40 +0000] "GET /category/cameras HTTP/1.1" 200 97 "-" "Mozilla/5.0 (compatible; MSIE 9.0; Windows NT 6.1; Trident/5.0)"
84.21.159.189 - - [17/Nov/2017:10:33:45 +0000] "GET /item/software/4933 HTTP/1.1" 200 52 "/search/?c=Software" "Mozilla/5.0 (compatible; MSIE 9.0; Windows NT 6.1; Trident/5.0)"
192.96.212.129 - - [17/Nov/2017:10:33:50 +0000] "POST /search/?c=Health HTTP/1.1" 200 60 "/category/electronics" "Mozilla/5.0 (iPhone; CPU iPhone OS 5_0_1 like Mac OS X) AppleWebKit/534.46 (KHTML, like Gecko) Version/5.1 Mobile/9A405 Safari/7534.48.3"
164.63.57.53 - - [17/Nov/2017:10:33:55 +0000] "GET /category/software HTTP/1.1" 200 72 "/category/networking" "Mozilla/5.0 (Windows NT 6.1; WOW64; rv:10.0.1) Gecko/20100101 Firefox/10.0.1"
104.156.80.128 - - [17/Nov/2017:10:34:00 +0000] "GET /category/office HTTP/1.1" 200 85 "/category/computers" "Mozilla/5.0 (Windows NT 6.0) AppleWebKit/535.11 (KHTML, like Gecko) Chrome/17.0.963.56 Safari/535.11"
88.102.169.148 - - [17/Nov/2017:10:34:05 +0000] "GET /category/electronics HTTP/1.1" 200 62 "-" "Mozilla/5.0 (Windows NT 6.0; rv:10.0.1) Gecko/20100101 Firefox/10.0.1"
80.180.214.20 - - [17/Nov/2017:10:34:10 +0000] "GET /category/office HTTP/1.1" 200 46 "-" "Mozilla/4.0 (compatible; MSIE 8.0; Windows NT 5.1; Trident/4.0; YTB720; GTB7.2; .NET CLR 1.1.4322; .NET CLR 2.0.50727; .NET CLR 3.0.4506.2152; .NET CLR 3.5.30729)"
164.228.120.56 - - [17/Nov/2017:10:34:15 +0000] "GET /category/software HTTP/1.1" 200 98 "-" "Mozilla/5.0 (compatible; Googlebot/2.1; +http://www.google.com/bot.html)"
92.102.204.173 - - [17/Nov/2017:10:34:20 +0000] "GET /category/software HTTP/1.1" 200 104 "-" "Mozilla/5.0 (Windows NT 6.1; WOW64) AppleWebKit/535.7 (KHTML, like Gecko) Chrome/16.0.912.77 Safari/535.7"
24.150.142.226 - - [17/Nov/2017:10:34:25 +0000] "GET /category/giftcards HTTP/1.1" 200 49 "-" "Mozilla/5.0 (compatible; MSIE 9.0; Windows NT 6.1; WOW64; Trident/5.0)"
68.78.152.172 - - [17/Nov/2017:10:34:30 +0000] "GET /category/books HTTP/1.1" 200 139 "-" "Mozilla/5.0 (Windows NT 5.1) AppleWebKit/535.11 (KHTML, like Gecko) Chrome/17.0.963.46 Safari/535.11"
220.72.103.132 - - [17/Nov/2017:10:34:35 +0000] "GET /category/electronics HTTP/1.1" 200 131 "/item/finance/4492" "Mozilla/5.0 (Windows NT 6.0; rv:10.0.1) Gecko/20100101 Firefox/10.0.1"
40.21.219.95 - - [17/Nov/2017:10:34:40 +0000] "POST /search/?c=Cameras+Finance HTTP/1.1" 200 49 "/search/?c=Games" "Mozilla/5.0 (compatible; MSIE 9.0; Windows NT 6.1; WOW64; Trident/5.0)"
28.87.124.152 - - [17/Nov/2017:10:34:45 +0000] "GET /category/software HTTP/1.1" 200 129 "/item/networking/67" "Mozilla/5.0 (Windows NT 6.1; WOW64) AppleWebKit/535.11 (KHTML, like Gecko) Chrome/17.0.963.56 Safari/535.11"
212.141.30.226 - - [17/Nov/2017:10:34:50 +0000] "GET /category/garden HTTP/1.1" 200 87 "-" "Mozilla/4.0 (compatible; MSIE 8.0; Windows NT 6.1; WOW64; Trident/4.0; YTB730; GTB7.2; EasyBits GO v1.0; SLCC2; .NET CLR 2.0.50727; .NET CLR 3.5.30729; .NET CLR 3.0.30729; Media Center PC 6.0; .NET4.0C)"
156.159.223.147 - - [17/Nov/2017:10:34:55 +0000] "GET /category/giftcards HTTP/1.1" 200 127 "/category/garden" "Mozilla/4.0 (compatible; MSIE 8.0; Windows NT 6.1; Trident/4.0; YTB730; SLCC2; .NET CLR 2.0.50727; .NET CLR 3.5.30729; .NET CLR 3.0.30729; Media Center PC 6.0; .NET4.0C)"
128.87.206.114 - - [17/Nov/2017:10:35:00 +0000] "GET /category/games HTTP/1.1" 200 71 "-" "Mozilla/5.0 (Windows NT 6.1; WOW64; rv:10.0.1) Gecko/20100101 Firefox/10.0.1"
220.126.137.81 - - [17/Nov/2017:10:35:05 +0000] "GET /item/games/3868 HTTP/1.1" 200 98 "-" "Mozilla/5.0 (Windows NT 6.0) AppleWebKit/535.11 (KHTML, like Gecko) Chrome/17.0.963.56 Safari/535.11"
28.201.26.192 - - [17/Nov/2017:10:35:10 +0000] "GET /category/toys HTTP/1.1" 200 128 "/category/electronics" "Mozilla/5.0 (Windows NT 6.1; WOW64) AppleWebKit/535.11 (KHTML, like Gecko) Chrome/17.0.963.56 Safari/535.11"
156.177.136.57 - - [17/Nov/2017:10:35:15 +0000] "GET /category/software HTTP/1.1" 200 77 "-" "Mozilla/5.0 (Windows NT 6.0) AppleWebKit/535.11 (KHTML, like Gecko) Chrome/17.0.963.56 Safari/535.11"
144.129.128.24 - - [17/Nov/2017:10:35:20 +0000] "GET /category/jewelry HTTP/1.1" 200 78 "-" "Mozilla/5.0 (iPhone; CPU iPhone OS 5_0_1 like Mac OS X) AppleWebKit/534.46 (KHTML, like Gecko) Version/5.1 Mobile/9A405 Safari/7534.48.3"
164.63.56.171 - - [17/Nov/2017:10:35:25 +0000] "GET /category/software HTTP/1.1" 200 94 "/category/toys" "Mozilla/5.0 (Macintosh; Intel Mac OS X 10.6; rv:9.0.1) Gecko/20100101 Firefox/9.0.1"
96.195.40.31 - - [17/Nov/2017:10:35:30 +0000] "POST /search/?c=Games+Software HTTP/1.1" 200 55 "-" "Mozilla/5.0 (Macintosh; Intel Mac OS X 10.6; rv:9.0.1) Gecko/20100101 Firefox/9.0.1"
224.210.57.35 - - [17/Nov/2017:10:35:35 +0000] "GET /category/books HTTP/1.1" 200 106 "/item/electronics/722" "Mozilla/5.0 (compatible; MSIE 9.0; Windows NT 6.1; Trident/5.0)"
68.183.57.183 - - [17/Nov/2017:10:35:40 +0000] "GET /category/office HTTP/1.1" 200 124 "/category/electronics?from=0" "Mozilla/4.0 (compatible; MSIE 8.0; Windows NT 6.0; WOW64; Trident/4.0; GTB6; SLCC1; .NET CLR 2.0.50727; Media Center PC 5.0; .NET CLR 3.5.30729; .NET CLR 3.0.30618; .NET4.0C)"
176.120.38.36 - - [17/Nov/2017:10:35:45 +0000] "GET /category/electronics HTTP/1.1" 200 112 "/item/games/2268" "Mozilla/5.0 (Windows NT 6.0) AppleWebKit/535.11 (KHTML, like Gecko) Chrome/17.0.963.56 Safari/535.11"
116.60.150.29 - - [17/Nov/2017:10:35:50 +0000] "GET /item/electronics/1628 HTTP/1.1" 200 139 "-" "Mozilla/4.0 (compatible; MSIE 8.0; Windows NT 6.1; WOW64; Trident/4.0; YTB730; GTB7.2; EasyBits GO v1.0; SLCC2; .NET CLR 2.0.50727; .NET CLR 3.5.30729; .NET CLR 3.0.30729; Media Center PC 6.0; .NET4.0C)"
164.63.57.53 - - [17/Nov/2017:10:35:55 +0000] "GET /category/giftcards?from=10 HTTP/1.1" 200 100 "-" "Mozilla/5.0 (Windows NT 6.1; WOW64) AppleWebKit/535.7 (KHTML, like Gecko) Chrome/16.0.912.77 Safari/535.7"
104.54.191.185 - - [17/Nov/2017:10:36:00 +0000] "GET /category/software HTTP/1.1" 200 82 "/category/office" "Mozilla/4.0 (compatible; MSIE 8.0; Windows NT 6.1; WOW64; Trident/4.0; YTB730; GTB7.2; EasyBits GO v1.0; SLCC2; .NET CLR 2.0.50727; .NET CLR 3.5.30729; .NET CLR 3.0.30729; Media Center PC 6.0; .NET4.0C)"
172.51.88.88 - - [17/Nov/2017:10:36:05 +0000] "GET /category/games HTTP/1.1" 200 49 "-" "Mozilla/4.0 (compatible; MSIE 8.0; Windows NT 6.1; WOW64; Trident/4.0; GTB7.2; SLCC2; .NET CLR 2.0.50727; .NET CLR 3.5.30729; .NET CLR 3.0.30729; Media Center PC 6.0; .NET4.0C)"
120.168.187.112 - - [17/Nov/2017:10:36:10 +0000] "GET /item/software/3371 HTTP/1.1" 200 121 "-" "Mozilla/5.0 (Windows NT 6.0; rv:10.0.1) Gecko/20100101 Firefox/10.0.1"
184.93.57.135 - - [17/Nov/2017:10:36:15 +0000] "GET /category/computers HTTP/1.1" 200 139 "/category/software" "Mozilla/5.0 (Windows NT 6.0; rv:10.0.1) Gecko/20100101 Firefox/10.0.1"
224.177.34.186 - - [17/Nov/2017:10:36:20 +0000] "GET /category/books HTTP/1.1" 200 54 "-" "Mozilla/4.0 (compatible; MSIE 8.0; Windows NT 5.1; Trident/4.0; BTRS122159; GTB7.2; .NET CLR 1.1.4322; .NET CLR 2.0.50727; .NET CLR 3.0.04506.30; .NET CLR 3.0.4506.2152; .NET CLR 3.5.30729; BRI/2)"
212.183.136.225 - - [17/Nov/2017:10:36:25 +0000] "GET /category/finance HTTP/1.1" 200 132 "-" "Mozilla/4.0 (compatible; MSIE 8.0; Windows NT 5.1; Trident/4.0; YTB720; GTB7.2; .NET CLR 1.1.4322; .NET CLR 2.0.50727; .NET CLR 3.0.4506.2152; .NET CLR 3.5.30729)"
144.21.111.211 - - [17/Nov/2017:10:36:30 +0000] "GET /category/electronics HTTP/1.1" 200 78 "http://www.google.com/search?ie=UTF-8&q=google&sclient=psy-ab&q=Electronics+Networking&oq=Electronics+Networking&aq=f&aqi=g-vL1&aql=&pbx=1&bav=on.2,or.r_gc.r_pw.r_qf.,cf.osb&biw=2951&bih=437" "Mozilla/5.0 (iPhone; CPU iPhone OS 5_0_1 like Mac OS X) AppleWebKit/534.46 (KHTML, like Gecko) Version/5.1 Mobile/9A405 Safari/7534.48.3"
212.60.196.21 - - [17/Nov/2017:10:36:35 +0000] "GET /item/books/3101 HTTP/1.1" 200 61 "-" "Mozilla/4.0 (compatible; MSIE 8.0; Windows NT 6.1; Trident/4.0; YTB730; SLCC2; .NET CLR 2.0.50727; .NET CLR 3.5.30729; .NET CLR 3.0.30729; Media Center PC 6.0; .NET4.0C)"
84.126.82.184 - - [17/Nov/2017:10:36:40 +0000] "GET /category/garden?from=0 HTTP/1.1" 200 77 "/category/toys" "Mozilla/4.0 (compatible; MSIE 8.0; Windows NT 6.1; WOW64; Trident/4.0; GTB7.2; SLCC2; .NET CLR 2.0.50727; .NET CLR 3.5.30729; .NET CLR 3.0.30729; Media Center PC 6.0; .NET4.0C)"
36.213.156.170 - - [17/Nov/2017:10:36:45 +0000] "POST /search/?c=Software HTTP/1.1" 200 102 "/item/books/335" "Mozilla/5.0 (compatible; MSIE 9.0; Windows NT 6.1; WOW64; Trident/5.0)"
228.54.175.57 - - [17/Nov/2017:10:36:50 +0000] "GET /category/games HTTP/1.1" 200 42 "/category/books" "Mozilla/4.0 (compatible; MSIE 8.0; Windows NT 6.1; WOW64; Trident/4.0; YTB730; GTB7.2; SLCC2; .NET CLR 2.0.50727; .NET CLR 3.5.30729; .NET CLR 3.0.30729; .NET4.0C; .NET4.0E; Media Center PC 6.0)"
84.36.65.60 - - [17/Nov/2017:10:36:55 +0000] "POST /search/?c=Books HTTP/1.1" 200 114 "/item/office/394" "Mozilla/5.0 (compatible; Googlebot/2.1; +http://www.google.com/bot.html)"
148.126.188.205 - - [17/Nov/2017:10:37:00 +0000] "GET /category/finance HTTP/1.1" 200 132 "/category/electronics" "Mozilla/5.0 (Windows NT 6.1; WOW64) AppleWebKit/535.7 (KHTML, like Gecko) Chrome/16.0.912.77 Safari/535.7"
40.33.157.65 - - [17/Nov/2017:10:37:05 +0000] "GET /category/music HTTP/1.1" 200 55 "-" "Mozilla/4.0 (compatible; MSIE 8.0; Windows NT 6.1; WOW64; Trident/4.0; GTB7.2; SLCC2; .NET CLR 2.0.50727; .NET CLR 3.5.30729; .NET CLR 3.0.30729; Media Center PC 6.0; .NET4.0C)"
196.78.91.172 - - [17/Nov/2017:10:37:10 +0000] "POST /search/?c=Software HTTP/1.1" 200 50 "-" "Mozilla/5.0 (Windows NT 6.1; WOW64; rv:10.0.1) Gecko/20100101 Firefox/10.0.1"
40.27.108.131 - - [17/Nov/2017:10:37:15 +0000] "GET /item/music/2928 HTTP/1.1" 200 80 "-" "Mozilla/4.0 (compatible; MSIE 8.0; Windows NT 6.1; WOW64; Trident/4.0; GTB7.2; SLCC2; .NET CLR 2.0.50727; .NET CLR 3.5.30729; .NET CLR 3.0.30729; Media Center PC 6.0; .NET4.0C)"
132.120.123.35 - - [17/Nov/2017:10:37:20 +0000] "GET /category/garden HTTP/1.1" 200 114 "-" "Mozilla/4.0 (compatible; MSIE 8.0; Windows NT 5.1; Trident/4.0; BTRS122159; GTB7.2; .NET CLR 1.1.4322; .NET CLR 2.0.50727; .NET CLR 3.0.04506.30; .NET CLR 3.0.4506.2152; .NET CLR 3.5.30729; BRI/2)"
112.60.139.35 - - [17/Nov/2017:10:37:25 +0000] "GET /category/cameras HTTP/1.1" 200 55 "-" "Mozilla/4.0 (compatible; MSIE 8.0; Windows NT 5.1; Trident/4.0; BTRS122159; GTB7.2; .NET CLR 1.1.4322; .NET CLR 2.0.50727; .NET CLR 3.0.04506.30; .NET CLR 3.0.4506.2152; .NET CLR 3.5.30729; BRI/2)"
100.192.111.52 - - [17/Nov/2017:10:37:30 +0000] "GET /item/giftcards/2263 HTTP/1.1" 200 78 "/item/software/2699" "Mozilla/4.0 (compatible; MSIE 8.0; Windows NT 5.1; Trident/4.0; YTB720; GTB7.2; .NET CLR 1.1.4322; .NET CLR 2.0.50727; .NET CLR 3.0.4506.2152; .NET CLR 3.5.30729)"
220.57.136.83 - - [17/Nov/2017:10:37:35 +0000] "POST /search/?c=Office+Computers HTTP/1.1" 200 62 "-" "Mozilla/5.0 (Macintosh; Intel Mac OS X 10.6; rv:9.0.1) Gecko/20100101 Firefox/9.0.1"
200.69.111.217 - - [17/Nov/2017:10:37:40 +0000] "GET /category/software HTTP/1.1" 200 118 "/item/electronics/3393" "Mozilla/5.0 (Windows NT 6.1; WOW64) AppleWebKit/535.11 (KHTML, like Gecko) Chrome/17.0.963.56 Safari/535.11"
160.168.34.130 - - [17/Nov/2017:10:37:45 +0000] "GET /item/games/526 HTTP/1.1" 200 104 "/item/office/2035" "Mozilla/5.0 (Windows NT 6.0; rv:10.0.1) Gecko/20100101 Firefox/10.0.1"
176.84.117.57 - - [17/Nov/2017:10:37:50 +0000] "GET /category/books HTTP/1.1" 200 55 "/search/?c=Software" "Mozilla/5.0 (compatible; MSIE 9.0; Windows NT 6.1; WOW64; Trident/5.0)"
80.75.100.166 - - [17/Nov/2017:10:37:55 +0000] "GET /category/books HTTP/1.1" 200 74 "/item/electronics/2972" "Mozilla/5.0 (compatible; Googlebot/2.1; +http://www.google.com/bot.html)"
100.186.30.119 - - [17/Nov/2017:10:38:00 +0000] "GET /item/software/2036 HTTP/1.1" 200 55 "/category/jewelry" "Mozilla/5.0 (compatible; MSIE 9.0; Windows NT 6.1; WOW64; Trident/5.0)"
212.228.110.108 - - [17/Nov/2017:10:38:05 +0000] "GET /category/games HTTP/1.1" 200 108 "/category/games" "Mozilla/4.0 (compatible; MSIE 8.0; Windows NT 6.1; WOW64; Trident/4.0; GTB7.2; SLCC2; .NET CLR 2.0.50727; .NET CLR 3.5.30729; .NET CLR 3.0.30729; Media Center PC 6.0; .NET4.0C)"
136.138.38.142 - - [17/Nov/2017:10:38:10 +0000] "GET /item/finance/1207 HTTP/1.1" 200 57 "-" "Mozilla/5.0 (compatible; Googlebot/2.1; +http://www.google.com/bot.html)"
144.159.198.187 - - [17/Nov/2017:10:38:15 +0000] "POST /search/?c=Electronics+Books HTTP/1.1" 200 134 "-" "Mozilla/5.0 (iPad; CPU OS 5_0_1 like Mac OS X) AppleWebKit/534.46 (KHTML, like Gecko) Version/5.1 Mobile/9A405 Safari/7534.48.3"
196.138.160.145 - - [17/Nov/2017:10:38:20 +0000] "GET /category/office HTTP/1.1" 200 126 "-" "Mozilla/5.0 (Windows NT 6.0; rv:10.0.1) Gecko/20100101 Firefox/10.0.1"
152.114.173.61 - - [17/Nov/2017:10:38:25 +0000] "GET /category/software?from=20 HTTP/1.1" 200 57 "/search/?c=Software" "Mozilla/5.0 (Windows NT 6.0) AppleWebKit/535.11 (KHTML, like Gecko) Chrome/17.0.963.56 Safari/535.11"
196.102.21.104 - - [17/Nov/2017:10:38:30 +0000] "GET /category/giftcards HTTP/1.1" 200 93 "-" "Mozilla/4.0 (compatible; MSIE 8.0; Windows NT 6.1; WOW64; Trident/4.0; YTB730; GTB7.2; EasyBits GO v1.0; SLCC2; .NET CLR 2.0.50727; .NET CLR 3.5.30729; .NET CLR 3.0.30729; Media Center PC 6.0; .NET4.0C)"
140.213.200.225 - - [17/Nov/2017:10:38:35 +0000] "GET /category/office HTTP/1.1" 200 96 "/category/office" "Mozilla/5.0 (Windows NT 6.0; rv:10.0.1) Gecko/20100101 Firefox/10.0.1"
28.129.53.32 - - [17/Nov/2017:10:38:40 +0000] "GET /item/books/3336 HTTP/1.1" 200 88 "/search/?c=Networking+Networking" "Mozilla/5.0 (Windows NT 6.1; WOW64) AppleWebKit/535.11 (KHTML, like Gecko) Chrome/17.0.963.56 Safari/535.11"
220.81.172.204 - - [17/Nov/2017:10:38:45 +0000] "GET /item/jewelry/428 HTTP/1.1" 200 53 "/category/toys" "Mozilla/4.0 (compatible; MSIE 8.0; Windows NT 6.1; WOW64; Trident/4.0; GTB7.2; SLCC2; .NET CLR 2.0.50727; .NET CLR 3.5.30729; .NET CLR 3.0.30729; Media Center PC 6.0; .NET4.0C)"
132.135.20.22 - - [17/Nov/2017:10:38:50 +0000] "GET /category/software HTTP/1.1" 200 116 "/category/electronics?from=20" "Mozilla/5.0 (Windows NT 6.1; WOW64) AppleWebKit/535.11 (KHTML, like Gecko) Chrome/17.0.963.56 Safari/535.11"
44.57.212.87 - - [17/Nov/2017:10:38:55 +0000] "GET /category/electronics HTTP/1.1" 200 104 "/item/software/992" "Mozilla/4.0 (compatible; MSIE 8.0; Windows NT 5.1; Trident/4.0; BTRS122159; GTB7.2; .NET CLR 1.1.4322; .NET CLR 2.0.50727; .NET CLR 3.0.04506.30; .NET CLR 3.0.4506.2152; .NET CLR 3.5.30729; BRI/2)"
192.102.189.187 - - [17/Nov/2017:10:39:00 +0000] "GET /category/music HTTP/1.1" 200 54 "/search/?c=Garden+Electronics" "Mozilla/4.0 (compatible; MSIE 8.0; Windows NT 6.1; WOW64; Trident/4.0; YTB730; GTB7.2; EasyBits GO v1.0; SLCC2; .NET CLR 2.0.50727; .NET CLR 3.5.30729; .NET CLR 3.0.30729; Media Center PC 6.0; .NET4.0C)"
132.102.43.57 - - [17/Nov/2017:10:39:05 +0000] "GET /item/sports/2911 HTTP/1.1" 200 130 "/category/sports?from=20" "Mozilla/4.0 (compatible; MSIE 8.0; Windows NT 6.1; Trident/4.0; YTB730; SLCC2; .NET CLR 2.0.50727; .NET CLR 3.5.30729; .NET CLR 3.0.30729; Media Center PC 6.0; .NET4.0C)"
132.111.91.221 - - [17/Nov/2017:10:39:10 +0000] "GET /category/electronics HTTP/1.1" 200 61 "/category/jewelry" "Mozilla/5.0 (Windows NT 6.1; WOW64) AppleWebKit/535.7 (KHTML, like Gecko) Chrome/16.0.912.77 Safari/535.7"
148.90.219.96 - - [17/Nov/2017:10:39:15 +0000] "GET /category/games HTTP/1.1" 200 115 "-" "Mozilla/5.0 (Windows NT 6.0; rv:10.0.1) Gecko/20100101 Firefox/10.0.1"
36.219.69.202 - - [17/Nov/2017:10:39:20 +0000] "GET /category/software HTTP/1.1" 200 85 "-" "Mozilla/5.0 (iPhone; CPU iPhone OS 5_0_1 like Mac OS X) AppleWebKit/534.46 (KHTML, like Gecko) Version/5.1 Mobile/9A405 Safari/7534.48.3"
144.99.170.128 - - [17/Nov/2017:10:39:25 +0000] "GET /item/software/1625 HTTP/1.1" 200 82 "/category/electronics" "Mozilla/5.0 (Macintosh; Intel Mac OS X 10.6; rv:9.0.1) Gecko/20100101 Firefox/9.0.1"
136.72.86.184 - - [17/Nov/2017:10:39:30 +0000] "GET /category/software HTTP/1.1" 200 83 "/category/electronics" "Mozilla/5.0 (Windows NT 6.1; WOW64; rv:10.0.1) Gecko/20100101 Firefox/10.0.1"
28.165.95.144 - - [17/Nov/2017:10:39:35 +0000] "GET /item/garden/4271 HTTP/1.1" 200 127 "/category/giftcards" "Mozilla/5.0 (compatible; MSIE 9.0; Windows NT 6.1; Trident/5.0)"
208.150.171.60 - - [17/Nov/2017:10:39:40 +0000] "GET /item/electronics/1667 HTTP/1.1" 200 121 "-" "Mozilla/4.0 (compatible; MSIE 8.0; Windows NT 6.1; WOW64; Trident/4.0; YTB730; GTB7.2; SLCC2; .NET CLR 2.0.50727; .NET CLR 3.5.30729; .NET CLR 3.0.30729; .NET4.0C; .NET4.0E; Media Center PC 6.0)"
148.198.144.149 - - [17/Nov/2017:10:39:45 +0000] "GET /item/games/2827 HTTP/1.1" 200 113 "/category/software" "Mozilla/5.0 (compatible; MSIE 9.0; Windows NT 6.1; WOW64; Trident/5.0)"
188.21.107.76 - - [17/Nov/2017:10:39:50 +0000] "POST /search/?c=Electronics+Sports HTTP/1.1" 200 139 "/category/sports?from=0" "Mozilla/5.0 (Windows NT 6.1; WOW64) AppleWebKit/535.7 (KHTML, like Gecko) Chrome/16.0.912.77 Safari/535.7"
96.213.225.72 - - [17/Nov/2017:10:39:55 +0000] "GET /category/software HTTP/1.1" 200 121 "-" "Mozilla/4.0 (compatible; MSIE 8.0; Windows NT 6.1; WOW64; Trident/4.0; YTB730; GTB7.2; EasyBits GO v1.0; SLCC2; .NET CLR 2.0.50727; .NET CLR 3.5.30729; .NET CLR 3.0.30729; Media Center PC 6.0; .NET4.0C)"
180.60.171.28 - - [17/Nov/2017:10:40:00 +0000] "GET /category/garden HTTP/1.1" 200 94 "-" "Mozilla/4.0 (compatible; MSIE 8.0; Windows NT 5.1; Trident/4.0; YTB720; GTB7.2; .NET CLR 1.1.4322; .NET CLR 2.0.50727; .NET CLR 3.0.4506.2152; .NET CLR 3.5.30729)"
192.90.171.212 - - [17/Nov/2017:10:40:05 +0000] "GET /item/software/2103 HTTP/1.1" 200 73 "/item/books/515" "Mozilla/5.0 (Windows NT 5.1) AppleWebKit/535.11 (KHTML, like Gecko) Chrome/17.0.963.46 Safari/535.11"
152.39.30.145 - - [17/Nov/2017:10:40:10 +0000] "POST /search/?c=Networking HTTP/1.1" 200 66 "-" "Mozilla/5.0 (compatible; MSIE 9.0; Windows NT 6.1; Trident/5.0)"
80.75.100.166 - - [17/Nov/2017:10:40:15 +0000] "GET /category/toys HTTP/1.1" 200 109 "/item/books/4942" "Mozilla/4.0 (compatible; MSIE 8.0; Windows NT 6.1; WOW64; Trident/4.0; YTB730; GTB7.2; EasyBits GO v1.0; SLCC2; .NET CLR 2.0.50727; .NET CLR 3.5.30729; .NET CLR 3.0.30729; Media Center PC 6.0; .NET4.0C)"
152.48.198.194 - - [17/Nov/2017:10:40:20 +0000] "GET /category/networking HTTP/1.1" 200 119 "-" "Mozilla/5.0 (Windows NT 6.1; WOW64) AppleWebKit/535.11 (KHTML, like Gecko) Chrome/17.0.963.56 Safari/535.11"
212.156.57.223 - - [17/Nov/2017:10:40:25 +0000] "GET /category/books?from=10 HTTP/1.1" 200 97 "-" "Mozilla/5.0 (compatible; MSIE 9.0; Windows NT 6.1; WOW64; Trident/5.0)"
88.51.112.169 - - [17/Nov/2017:10:40:30 +0000] "GET /item/giftcards/4757 HTTP/1.1" 200 102 "/search/?c=Electronics" "Mozilla/5.0 (Windows NT 6.0; rv:10.0.1) Gecko/20100101 Firefox/10.0.1"
164.195.181.157 - - [17/Nov/2017:10:40:35 +0000] "GET /category/jewelry HTTP/1.1" 200 138 "-" "Mozilla/5.0 (compatible; MSIE 9.0; Windows NT 6.1; Trident/5.0)"
120.141.183.120 - - [17/Nov/2017:10:40:40 +0000] "GET /category/garden HTTP/1.1" 200 134 "/category/cameras?from=0" "Mozilla/4.0 (compatible; MSIE 8.0; Windows NT 6.1; Trident/4.0; YTB730; SLCC2; .NET CLR 2.0.50727; .NET CLR 3.5.30729; .NET CLR 3.0.30729; Media Center PC 6.0; .NET4.0C)"
56.153.218.154 - - [17/Nov/2017:10:40:45 +0000] "GET /item/electronics/4807 HTTP/1.1" 200 121 "/category/books" "Mozilla/5.0 (compatible; MSIE 9.0; Windows NT 6.1; Trident/5.0)"
100.54.117.195 - - [17/Nov/2017:10:40:50 +0000] "POST /search/?c=Electronics+Garden HTTP/1.1" 200 104 "-" "Mozilla/5.0 (iPhone; CPU iPhone OS 5_0_1 like Mac OS X) AppleWebKit/534.46 (KHTML, like Gecko) Version/5.1 Mobile/9A405 Safari/7534.48.3"
56.123.71.53 - - [17/Nov/2017:10:40:55 +0000] "GET /category/software HTTP/1.1" 200 66 "/category/office" "Mozilla/5.0 (Macintosh; Intel Mac OS X 10.6; rv:9.0.1) Gecko/20100101 Firefox/9.0.1"
56.180.108.75 - - [17/Nov/2017:10:41:00 +0000] "GET /item/books/1573 HTTP/1.1" 200 72 "/category/software" "Mozilla/5.0 (Windows NT 6.1; WOW64) AppleWebKit/535.11 (KHTML, like Gecko) Chrome/17.0.963.56 Safari/535.11"
176.171.208.90 - - [17/Nov/2017:10:41:05 +0000] "GET /item/electronics/4339 HTTP/1.1" 200 55 "/search/?c=Electronics" "Mozilla/5.0 (compatible; Googlebot/2.1; +http://www.google.com/bot.html)"
196.57.59.219 - - [17/Nov/2017:10:41:10 +0000] "GET /item/sports/4699 HTTP/1.1" 200 130 "-" "Mozilla/4.0 (compatible; MSIE 8.0; Windows NT 5.1; Trident/4.0; BTRS122159; GTB7.2; .NET CLR 1.1.4322; .NET CLR 2.0.50727; .NET CLR 3.0.04506.30; .NET CLR 3.0.4506.2152; .NET CLR 3.5.30729; BRI/2)"
164.126.158.215 - - [17/Nov/2017:10:41:15 +0000] "GET /item/giftcards/202 HTTP/1.1" 200 51 "/search/?c=Giftcards+Cameras" "Mozilla/4.0 (compatible; MSIE 8.0; Windows NT 6.1; WOW64; Trident/4.0; YTB730; GTB7.2; EasyBits GO v1.0; SLCC2; .NET CLR 2.0.50727; .NET CLR 3.5.30729; .NET CLR 3.0.30729; Media Center PC 6.0; .NET4.0C)"
212.186.23.183 - - [17/Nov/2017:10:41:20 +0000] "GET /category/electronics HTTP/1.1" 200 78 "/search/?c=Games+Giftcards" "Mozilla/5.0 (Windows NT 5.1) AppleWebKit/535.11 (KHTML, like Gecko) Chrome/17.0.963.46 Safari/535.11"
92.150.116.137 - - [17/Nov/2017:10:41:25 +0000] "GET /item/electronics/2277 HTTP/1.1" 200 43 "-" "Mozilla/5.0 (Windows NT 6.1; WOW64) AppleWebKit/535.11 (KHTML, like Gecko) Chrome/17.0.963.56 Safari/535.11"
52.192.158.142 - - [17/Nov/2017:10:41:30 +0000] "GET /category/garden HTTP/1.1" 200 41 "-" "Mozilla/5.0 (Windows NT 6.0) AppleWebKit/535.11 (KHTML, like Gecko) Chrome/17.0.963.56 Safari/535.11"
168.147.219.163 - - [17/Nov/2017:10:41:35 +0000] "GET /category/networking HTTP/1.1" 200 82 "-" "Mozilla/5.0 (Windows NT 6.0) AppleWebKit/535.11 (KHTML, like Gecko) Chrome/17.0.963.56 Safari/535.11"
168.159.154.110 - - [17/Nov/2017:10:41:40 +0000] "GET /category/cameras HTTP/1.1" 200 117 "/category/garden" "Mozilla/4.0 (compatible; MSIE 8.0; Windows NT 6.1; WOW64; Trident/4.0; YTB730; GTB7.2; SLCC2; .NET CLR 2.0.50727; .NET CLR 3.5.30729; .NET CLR 3.0.30729; .NET4.0C; .NET4.0E; Media Center PC 6.0)"
100.144.219.108 - - [17/Nov/2017:10:41:45 +0000] "GET /category/electronics HTTP/1.1" 200 63 "/item/electronics/4629" "Mozilla/5.0 (Windows NT 5.1) AppleWebKit/535.11 (KHTML, like Gecko) Chrome/17.0.963.46 Safari/535.11"
176.204.131.157 - - [17/Nov/2017:10:41:50 +0000] "GET /category/electronics HTTP/1.1" 200 97 "/category/electronics" "Mozilla/4.0 (compatible; MSIE 8.0; Windows NT 5.1; Trident/4.0; YTB720; GTB7.2; .NET CLR 1.1.4322; .NET CLR 2.0.50727; .NET CLR 3.0.4506.2152; .NET CLR 3.5.30729)"
100.195.21.152 - - [17/Nov/2017:10:41:55 +0000] "GET /category/garden HTTP/1.1" 200 135 "/search/?c=Software+Games" "Mozilla/5.0 (Windows NT 5.1) AppleWebKit/535.11 (KHTML, like Gecko) Chrome/17.0.963.46 Safari/535.11"
56.120.188.55 - - [17/Nov/2017:10:42:00 +0000] "POST /search/?c=Cameras+Office HTTP/1.1" 200 71 "/category/games" "Mozilla/5.0 (compatible; MSIE 9.0; Windows NT 6.1; Trident/5.0)"
120.189.102.122 - - [17/Nov/2017:10:42:05 +0000] "GET /category/software HTTP/1.1" 200 90 "-" "Mozilla/5.0 (Windows NT 6.0; rv:10.0.1) Gecko/20100101 Firefox/10.0.1"
72.138.197.227 - - [17/Nov/2017:10:42:10 +0000] "GET /category/software?from=0 HTTP/1.1" 200 137 "/category/electronics" "Mozilla/5.0 (compatible; Googlebot/2.1; +http://www.google.com/bot.html)"
212.156.57.223 - - [17/Nov/2017:10:42:15 +0000] "GET /item/giftcards/2757 HTTP/1.1" 200 50 "/category/books" "Mozilla/4.0 (compatible; MSIE 8.0; Windows NT 5.1; Trident/4.0; YTB720; GTB7.2; .NET CLR 1.1.4322; .NET CLR 2.0.50727; .NET CLR 3.0.4506.2152; .NET CLR 3.5.30729)"
116.33.181.169 - - [17/Nov/2017:10:42:20 +0000] "GET /category/office HTTP/1.1" 200 120 "-" "Mozilla/5.0 (compatible; MSIE 9.0; Windows NT 6.1; WOW64; Trident/5.0)"
20.120.111.64 - - [17/Nov/2017:10:42:25 +0000] "GET /category/electronics HTTP/1.1" 200 62 "/item/garden/2199" "Mozilla/4.0 (compatible; MSIE 8.0; Windows NT 6.1; WOW64; Trident/4.0; GTB7.2; SLCC2; .NET CLR 2.0.50727; .NET CLR 3.5.30729; .NET CLR 3.0.30729; Media Center PC 6.0; .NET4.0C)"
32.39.91.121 - - [17/Nov/2017:10:42:30 +0000] "POST /search/?c=Networking HTTP/1.1" 200 66 "/search/?c=Games+Books" "Mozilla/5.0 (Windows NT 6.1; WOW64; rv:10.0.1) Gecko/20100101 Firefox/10.0.1"
100.84.214.95 - - [17/Nov/2017:10:42:35 +0000] "GET /category/music HTTP/1.1" 200 87 "-" "Mozilla/4.0 (compatible; MSIE 8.0; Windows NT 5.1; Trident/4.0; BTRS122159; GTB7.2; .NET CLR 1.1.4322; .NET CLR 2.0.50727; .NET CLR 3.0.04506.30; .NET CLR 3.0.4506.2152; .NET CLR 3.5.30729; BRI/2)"
228.123.64.116 - - [17/Nov/2017:10:42:40 +0000] "GET /item/toys/3901 HTTP/1.1" 200 122 "/category/office" "Mozilla/5.0 (Windows NT 6.1; WOW64; rv:10.0.1) Gecko/20100101 Firefox/10.0.1"
164.27.150.182 - - [17/Nov/2017:10:42:45 +0000] "POST /search/?c=Computers+Electronics HTTP/1.1" 200 44 "-" "Mozilla/5.0 (compatible; Googlebot/2.1; +http://www.google.com/bot.html)"
108.159.46.114 - - [17/Nov/2017:10:42:50 +0000] "GET /category/software HTTP/1.1" 200 84 "-" "Mozilla/5.0 (Windows NT 5.1) AppleWebKit/535.11 (KHTML, like Gecko) Chrome/17.0.963.46 Safari/535.11"
208.171.196.220 - - [17/Nov/2017:10:42:55 +0000] "GET /item/toys/1283 HTTP/1.1" 200 49 "/search/?c=Toys" "Mozilla/4.0 (compatible; MSIE 8.0; Windows NT 6.1; WOW64; Trident/4.0; YTB730; GTB7.2; EasyBits GO v1.0; SLCC2; .NET CLR 2.0.50727; .NET CLR 3.5.30729; .NET CLR 3.0.30729; Media Center PC 6.0; .NET4.0C)"
68.78.152.172 - - [17/Nov/2017:10:43:00 +0000] "GET /item/electronics/4512 HTTP/1.1" 200 41 "-" "Mozilla/5.0 (compatible; MSIE 9.0; Windows NT 6.1; Trident/5.0)"
224.171.144.182 - - [17/Nov/2017:10:43:05 +0000] "GET /category/software?from=20 HTTP/1.1" 200 86 "/category/books" "Mozilla/5.0 (Windows NT 6.0; rv:10.0.1) Gecko/20100101 Firefox/10.0.1"
152.63.117.36 - - [17/Nov/2017:10:43:10 +0000] "GET /item/electronics/705 HTTP/1.1" 200 92 "-" "Mozilla/5.0 (iPhone; CPU iPhone OS 5_0_1 like Mac OS X) AppleWebKit/534.46 (KHTML, like Gecko) Version/5.1 Mobile/9A405 Safari/7534.48.3"
216.117.163.69 - - [17/Nov/2017:10:43:15 +0000] "GET /category/electronics HTTP/1.1" 200 79 "-" "Mozilla/5.0 (Windows NT 6.0; rv:10.0.1) Gecko/20100101 Firefox/10.0.1"
164.126.158.215 - - [17/Nov/2017:10:43:20 +0000] "GET /category/jewelry HTTP/1.1" 200 111 "-" "Mozilla/4.0 (compatible; MSIE 8.0; Windows NT 6.1; WOW64; Trident/4.0; YTB730; GTB7.2; EasyBits GO v1.0; SLCC2; .NET CLR 2.0.50727; .NET CLR 3.5.30729; .NET CLR 3.0.30729; Media Center PC 6.0; .NET4.0C)"
56.180.108.75 - - [17/Nov/2017:10:43:25 +0000] "GET /category/electronics HTTP/1.1" 200 73 "/category/books" "Mozilla/5.0 (Windows NT 6.1; WOW64) AppleWebKit/535.11 (KHTML, like Gecko) Chrome/17.0.963.56 Safari/535.11"
52.135.193.44 - - [17/Nov/2017:10:43:30 +0000] "GET /category/health HTTP/1.1" 200 104 "-" "Mozilla/5.0 (Windows NT 6.1; WOW64) AppleWebKit/535.11 (KHTML, like Gecko) Chrome/17.0.963.56 Safari/535.11"
112.93.23.140 - - [17/Nov/2017:10:43:35 +0000] "GET /item/jewelry/2479 HTTP/1.1" 200 126 "-" "Mozilla/5.0 (Windows NT 6.0; rv:10.0.1) Gecko/20100101 Firefox/10.0.1"
124.180.221.151 - - [17/Nov/2017:10:43:40 +0000] "GET /item/electronics/950 HTTP/1.1" 200 92 "/search/?c=Electronics" "Mozilla/5.0 (iPhone; CPU iPhone OS 5_0_1 like Mac OS X) AppleWebKit/534.46 (KHTML, like Gecko) Version/5.1 Mobile/9A405 Safari/7534.48.3"
180.207.97.33 - - [17/Nov/2017:10:43:45 +0000] "GET /category/giftcards?from=0 HTTP/1.1" 200 81 "/item/games/2751" "Mozilla/5.0 (Windows NT 6.0; rv:10.0.1) Gecko/20100101 Firefox/10.0.1"
124.66.153.212 - - [17/Nov/2017:10:43:50 +0000] "POST /search/?c=Electronics HTTP/1.1" 200 69 "-" "Mozilla/5.0 (Windows NT 6.1; WOW64) AppleWebKit/535.11 (KHTML, like Gecko) Chrome/17.0.963.56 Safari/535.11"
132.135.20.22 - - [17/Nov/2017:10:43:55 +0000] "GET /item/electronics/3042 HTTP/1.1" 200 45 "-" "Mozilla/5.0 (Windows NT 6.1; WOW64) AppleWebKit/535.7 (KHTML, like Gecko) Chrome/16.0.912.77 Safari/535.7"
76.123.219.106 - - [17/Nov/2017:10:44:00 +0000] "GET /category/books HTTP/1.1" 200 80 "http://www.google.com/search?ie=UTF-8&q=google&sclient=psy-ab&q=Books+Garden&oq=Books+Garden&aq=f&aqi=g-vL1&aql=&pbx=1&bav=on.2,or.r_gc.r_pw.r_qf.,cf.osb&biw=186&bih=410" "Mozilla/4.0 (compatible; MSIE 8.0; Windows NT 6.0; WOW64; Trident/4.0; GTB6; SLCC1; .NET CLR 2.0.50727; Media Center PC 5.0; .NET CLR 3.5.30729; .NET CLR 3.0.30618; .NET4.0C)"
84.219.194.27 - - [17/Nov/2017:10:44:05 +0000] "GET /category/music HTTP/1.1" 200 44 "-" "Mozilla/5.0 (Windows NT 6.1; WOW64; rv:10.0.1) Gecko/20100101 Firefox/10.0.1"
148.90.219.96 - - [17/Nov/2017:10:44:10 +0000] "GET /category/electronics HTTP/1.1" 200 79 "-" "Mozilla/5.0 (Windows NT 6.1; WOW64) AppleWebKit/535.11 (KHTML, like Gecko) Chrome/17.0.963.56 Safari/535.11"
36.69.107.106 - - [17/Nov/2017:10:44:15 +0000] "GET /category/sports HTTP/1.1" 200 121 "/item/networking/4696" "Mozilla/5.0 (iPad; CPU OS 5_0_1 like Mac OS X) AppleWebKit/534.46 (KHTML, like Gecko) Version/5.1 Mobile/9A405 Safari/7534.48.3"
88.195.115.100 - - [17/Nov/2017:10:44:20 +0000] "GET /item/games/3422 HTTP/1.1" 200 88 "/category/finance" "Mozilla/5.0 (Windows NT 6.1; WOW64; rv:10.0.1) Gecko/20100101 Firefox/10.0.1"
216.192.151.63 - - [17/Nov/2017:10:44:25 +0000] "GET /category/finance HTTP/1.1" 200 86 "/category/electronics" "Mozilla/5.0 (Windows NT 6.1; WOW64) AppleWebKit/535.7 (KHTML, like Gecko) Chrome/16.0.912.77 Safari/535.7"
216.156.23.194 - - [17/Nov/2017:10:44:30 +0000] "GET /item/software/2190 HTTP/1.1" 200 70 "-" "Mozilla/4.0 (compatible; MSIE 8.0; Windows NT 6.1; WOW64; Trident/4.0; YTB730; GTB7.2; EasyBits GO v1.0; SLCC2; .NET CLR 2.0.50727; .NET CLR 3.5.30729; .NET CLR 3.0.30729; Media Center PC 6.0; .NET4.0C)"
36.69.107.106 - - [17/Nov/2017:10:44:35 +0000] "GET /item/garden/4804 HTTP/1.1" 200 82 "/search/?c=Garden+Sports" "Mozilla/5.0 (Windows NT 6.1; WOW64; rv:10.0.1) Gecko/20100101 Firefox/10.0.1"
24.225.171.131 - - [17/Nov/2017:10:44:40 +0000] "GET /item/toys/3180 HTTP/1.1" 200 46 "/search/?c=Books+Finance" "Mozilla/4.0 (compatible; MSIE 8.0; Windows NT 6.1; WOW64; Trident/4.0; YTB730; GTB7.2; EasyBits GO v1.0; SLCC2; .NET CLR 2.0.50727; .NET CLR 3.5.30729; .NET CLR 3.0.30729; Media Center PC 6.0; .NET4.0C)"
96.135.141.175 - - [17/Nov/2017:10:44:45 +0000] "POST /search/?c=Garden+Electronics HTTP/1.1" 200 101 "-" "Mozilla/5.0 (compatible; MSIE 9.0; Windows NT 6.1; Trident/5.0)"
84.168.145.91 - - [17/Nov/2017:10:44:50 +0000] "GET /category/office?from=0 HTTP/1.1" 200 50 "/category/office" "Mozilla/5.0 (Windows NT 6.0) AppleWebKit/535.11 (KHTML, like Gecko) Chrome/17.0.963.56 Safari/535.11"
204.189.85.23 - - [17/Nov/2017:10:44:55 +0000] "GET /item/books/590 HTTP/1.1" 200 55 "/item/software/2711" "Mozilla/5.0 (iPad; CPU OS 5_0_1 like Mac OS X) AppleWebKit/534.46 (KHTML, like Gecko) Version/5.1 Mobile/9A405 Safari/7534.48.3"
104.195.68.101 - - [17/Nov/2017:10:45:00 +0000] "GET /category/electronics HTTP/1.1" 200 67 "-" "Mozilla/5.0 (Macintosh; Intel Mac OS X 10.6; rv:9.0.1) Gecko/20100101 Firefox/9.0.1"
188.117.206.31 - - [17/Nov/2017:10:45:05 +0000] "GET /item/health/2423 HTTP/1.1" 200 131 "/category/software" "Mozilla/5.0 (Windows NT 6.1; WOW64) AppleWebKit/535.11 (KHTML, like Gecko) Chrome/17.0.963.56 Safari/535.11"
76.48.201.164 - - [17/Nov/2017:10:45:10 +0000] "GET /item/finance/1103 HTTP/1.1" 200 109 "http://www.google.com/search?ie=UTF-8&q=google&sclient=psy-ab&q=Finance+Electronics&oq=Finance+Electronics&aq=f&aqi=g-vL1&aql=&pbx=1&bav=on.2,or.r_gc.r_pw.r_qf.,cf.osb&biw=505&bih=554" "Mozilla/5.0 (Windows NT 6.1; WOW64) AppleWebKit/535.11 (KHTML, like Gecko) Chrome/17.0.963.56 Safari/535.11"
100.219.202.52 - - [17/Nov/2017:10:45:15 +0000] "GET /item/computers/3585 HTTP/1.1" 200 65 "/item/software/272" "Mozilla/5.0 (Windows NT 6.0) AppleWebKit/535.11 (KHTML, like Gecko) Chrome/17.0.963.56 Safari/535.11"
168.93.214.104 - - [17/Nov/2017:10:45:20 +0000] "GET /category/toys HTTP/1.1" 200 77 "/item/electronics/1042" "Mozilla/4.0 (compatible; MSIE 8.0; Windows NT 6.0; WOW64; Trident/4.0; GTB6; SLCC1; .NET CLR 2.0.50727; Media Center PC 5.0; .NET CLR 3.5.30729; .NET CLR 3.0.30618; .NET4.0C)"
184.135.39.104 - - [17/Nov/2017:10:45:25 +0000] "GET /category/toys HTTP/1.1" 200 57 "-" "Mozilla/4.0 (compatible; MSIE 8.0; Windows NT 6.1; WOW64; Trident/4.0; YTB730; GTB7.2; SLCC2; .NET CLR 2.0.50727; .NET CLR 3.5.30729; .NET CLR 3.0.30729; .NET4.0C; .NET4.0E; Media Center PC 6.0)"
76.138.226.38 - - [17/Nov/2017:10:45:30 +0000] "GET /category/books?from=0 HTTP/1.1" 200 56 "-" "Mozilla/5.0 (Windows NT 6.0; rv:10.0.1) Gecko/20100101 Firefox/10.0.1"
124.108.42.189 - - [17/Nov/2017:10:45:35 +0000] "GET /category/books HTTP/1.1" 200 117 "/category/books" "Mozilla/5.0 (compatible; MSIE 9.0; Windows NT 6.1; WOW64; Trident/5.0)"
188.36.41.47 - - [17/Nov/2017:10:45:40 +0000] "GET /item/games/1885 HTTP/1.1" 200 83 "/item/books/4062" "Mozilla/5.0 (Windows NT 6.1; WOW64; rv:10.0.1) Gecko/20100101 Firefox/10.0.1"
164.27.150.182 - - [17/Nov/2017:10:45:45 +0000] "GET /item/giftcards/4757 HTTP/1.1" 200 102 "/search/?c=Giftcards" "Mozilla/5.0 (Macintosh; Intel Mac OS X 10.6; rv:9.0.1) Gecko/20100101 Firefox/9.0.1"
148.213.116.158 - - [17/Nov/2017:10:45:50 +0000] "GET /category/finance HTTP/1.1" 200 68 "/category/office" "Mozilla/5.0 (compatible; Googlebot/2.1; +http://www.google.com/bot.html)"
224.129.127.102 - - [17/Nov/2017:10:45:55 +0000] "GET /category/sports HTTP/1.1" 200 137 "/category/office" "Mozilla/5.0 (compatible; Googlebot/2.1; +http://www.google.com/bot.html)"
44.159.148.20 - - [17/Nov/2017:10:46:00 +0000] "GET /item/books/3101 HTTP/1.1" 200 61 "/search/?c=Books" "Mozilla/5.0 (Macintosh; Intel Mac OS X 10.6; rv:9.0.1) Gecko/20100101 Firefox/9.0.1"
72.123.67.110 - - [17/Nov/2017:10:46:05 +0000] "GET /item/electronics/106 HTTP/1.1" 200 50 "-" "Mozilla/5.0 (compatible; MSIE 9.0; Windows NT 6.1; Trident/5.0)"
220.222.196.154 - - [17/Nov/2017:10:46:10 +0000] "POST /search/?c=Toys+Games HTTP/1.1" 200 92 "-" "Mozilla/5.0 (iPhone; CPU iPhone OS 5_0_1 like Mac OS X) AppleWebKit/534.46 (KHTML, like Gecko) Version/5.1 Mobile/9A405 Safari/7534.48.3"
160.222.46.45 - - [17/Nov/2017:10:46:15 +0000] "GET /item/toys/2543 HTTP/1.1" 200 73 "-" "Mozilla/4.0 (compatible; MSIE 8.0; Windows NT 5.1; Trident/4.0; YTB720; GTB7.2; .NET CLR 1.1.4322; .NET CLR 2.0.50727; .NET CLR 3.0.4506.2152; .NET CLR 3.5.30729)"
116.39.203.186 - - [17/Nov/2017:10:46:20 +0000] "GET /category/books HTTP/1.1" 200 49 "/category/electronics" "Mozilla/5.0 (Macintosh; Intel Mac OS X 10.6; rv:9.0.1) Gecko/20100101 Firefox/9.0.1"
32.189.72.176 - - [17/Nov/2017:10:46:25 +0000] "GET /item/software/85 HTTP/1.1" 200 53 "/category/games" "Mozilla/4.0 (compatible; MSIE 8.0; Windows NT 6.0; WOW64; Trident/4.0; GTB6; SLCC1; .NET CLR 2.0.50727; Media Center PC 5.0; .NET CLR 3.5.30729; .NET CLR 3.0.30618; .NET4.0C)"
188.216.204.124 - - [17/Nov/2017:10:46:30 +0000] "GET /category/electronics HTTP/1.1" 200 48 "/item/software/2109" "Mozilla/5.0 (Windows NT 6.0; rv:10.0.1) Gecko/20100101 Firefox/10.0.1"
112.204.94.24 - - [17/Nov/2017:10:46:35 +0000] "GET /category/software HTTP/1.1" 200 43 "-" "Mozilla/5.0 (compatible; MSIE 9.0; Windows NT 6.1; WOW64; Trident/5.0)"
76.153.173.21 - - [17/Nov/2017:10:46:40 +0000] "GET /item/games/2746 HTTP/1.1" 200 135 "-" "Mozilla/5.0 (compatible; MSIE 9.0; Windows NT 6.1; Trident/5.0)"
116.150.145.77 - - [17/Nov/2017:10:46:45 +0000] "GET /item/networking/2789 HTTP/1.1" 200 132 "/search/?c=Books+Networking" "Mozilla/5.0 (Windows NT 6.0) AppleWebKit/535.11 (KHTML, like Gecko) Chrome/17.0.963.56 Safari/535.11"
88.132.208.162 - - [17/Nov/2017:10:46:50 +0000] "GET /item/cameras/4995 HTTP/1.1" 200 97 "http://www.google.com/search?ie=UTF-8&q=google&sclient=psy-ab&q=Cameras+Electronics&oq=Cameras+Electronics&aq=f&aqi=g-vL1&aql=&pbx=1&bav=on.2,or.r_gc.r_pw.r_qf.,cf.osb&biw=2694&bih=183" "Mozilla/5.0 (Windows NT 6.0; rv:10.0.1) Gecko/20100101 Firefox/10.0.1"
40.177.178.144 - - [17/Nov/2017:10:46:55 +0000] "GET /category/sports HTTP/1.1" 200 121 "/category/software?from=0" "Mozilla/5.0 (Windows NT 6.1; WOW64) AppleWebKit/535.11 (KHTML, like Gecko) Chrome/17.0.963.56 Safari/535.11"
176.33.111.181 - - [17/Nov/2017:10:47:00 +0000] "GET /category/books?from=0 HTTP/1.1" 200 103 "-" "Mozilla/4.0 (compatible; MSIE 8.0; Windows NT 6.1; WOW64; Trident/4.0; YTB730; GTB7.2; EasyBits GO v1.0; SLCC2; .NET CLR 2.0.50727; .NET CLR 3.5.30729; .NET CLR 3.0.30729; Media Center PC 6.0; .NET4.0C)"
28.207.139.33 - - [17/Nov/2017:10:47:05 +0000] "GET /category/software HTTP/1.1" 200 77 "/search/?c=Jewelry+Games" "Mozilla/5.0 (Windows NT 6.0; rv:10.0.1) Gecko/20100101 Firefox/10.0.1"
196.102.21.104 - - [17/Nov/2017:10:47:10 +0000] "GET /item/finance/4492 HTTP/1.1" 200 41 "/category/books" "Mozilla/5.0 (iPhone; CPU iPhone OS 5_0_1 like Mac OS X) AppleWebKit/534.46 (KHTML, like Gecko) Version/5.1 Mobile/9A405 Safari/7534.48.3"
180.186.35.139 - - [17/Nov/2017:10:47:15 +0000] "GET /category/garden HTTP/1.1" 200 94 "/category/electronics" "Mozilla/5.0 (compatible; Googlebot/2.1; +http://www.google.com/bot.html)"
40.174.209.108 - - [17/Nov/2017:10:47:20 +0000] "GET /category/giftcards HTTP/1.1" 200 126 "-" "Mozilla/4.0 (compatible; MSIE 8.0; Windows NT 6.1; WOW64; Trident/4.0; GTB7.2; SLCC2; .NET CLR 2.0.50727; .NET CLR 3.5.30729; .NET CLR 3.0.30729; Media Center PC 6.0; .NET4.0C)"
128.123.38.119 - - [17/Nov/2017:10:47:25 +0000] "GET /category/office HTTP/1.1" 200 68 "-" "Mozilla/4.0 (compatible; MSIE 8.0; Windows NT 6.0; WOW64; Trident/4.0; GTB6; SLCC1; .NET CLR 2.0.50727; Media Center PC 5.0; .NET CLR 3.5.30729; .NET CLR 3.0.30618; .NET4.0C)"
172.186.119.42 - - [17/Nov/2017:10:47:30 +0000] "GET /category/finance HTTP/1.1" 200 71 "/item/networking/4174" "Mozilla/5.0 (Windows NT 6.0; rv:10.0.1) Gecko/20100101 Firefox/10.0.1"
112.177.180.133 - - [17/Nov/2017:10:47:35 +0000] "GET /category/books HTTP/1.1" 200 49 "-" "Mozilla/5.0 (Windows NT 6.0; rv:10.0.1) Gecko/20100101 Firefox/10.0.1"
216.81.116.200 - - [17/Nov/2017:10:47:40 +0000] "GET /category/books HTTP/1.1" 200 41 "-" "Mozilla/5.0 (Windows NT 6.1; WOW64) AppleWebKit/535.7 (KHTML, like Gecko) Chrome/16.0.912.77 Safari/535.7"
136.72.86.184 - - [17/Nov/2017:10:47:45 +0000] "GET /category/garden HTTP/1.1" 200 121 "-" "Mozilla/5.0 (Windows NT 6.0; rv:10.0.1) Gecko/20100101 Firefox/10.0.1"
32.213.139.23 - - [17/Nov/2017:10:47:50 +0000] "GET /category/computers HTTP/1.1" 200 114 "-" "Mozilla/4.0 (compatible; MSIE 8.0; Windows NT 6.1; WOW64; Trident/4.0; GTB7.2; SLCC2; .NET CLR 2.0.50727; .NET CLR 3.5.30729; .NET CLR 3.0.30729; Media Center PC 6.0; .NET4.0C)"
108.84.228.94 - - [17/Nov/2017:10:47:55 +0000] "GET /category/software HTTP/1.1" 200 68 "/item/computers/1158" "Mozilla/5.0 (Macintosh; Intel Mac OS X 10.6; rv:9.0.1) Gecko/20100101 Firefox/9.0.1"
88.132.208.162 - - [17/Nov/2017:10:48:00 +0000] "GET /item/books/3977 HTTP/1.1" 200 56 "/category/software" "Mozilla/5.0 (Windows NT 6.1; WOW64) AppleWebKit/535.11 (KHTML, like Gecko) Chrome/17.0.963.56 Safari/535.11"
144.162.184.30 - - [17/Nov/2017:10:48:05 +0000] "GET /category/electronics HTTP/1.1" 200 77 "/category/electronics" "Mozilla/4.0 (compatible; MSIE 8.0; Windows NT 5.1; Trident/4.0; BTRS122159; GTB7.2; .NET CLR 1.1.4322; .NET CLR 2.0.50727; .NET CLR 3.0.04506.30; .NET CLR 3.0.4506.2152; .NET CLR 3.5.30729; BRI/2)"
116.99.75.204 - - [17/Nov/2017:10:48:10 +0000] "GET /category/games HTTP/1.1" 200 111 "/category/networking" "Mozilla/5.0 (Windows NT 6.1; WOW64) AppleWebKit/535.7 (KHTML, like Gecko) Chrome/16.0.912.77 Safari/535.7"
104.141.80.150 - - [17/Nov/2017:10:48:15 +0000] "GET /item/cameras/3403 HTTP/1.1" 200 108 "-" "Mozilla/5.0 (compatible; MSIE 9.0; Windows NT 6.1; WOW64; Trident/5.0)"
32.69.59.79 - - [17/Nov/2017:10:48:20 +0000] "GET /category/electronics HTTP/1.1" 200 50 "/item/computers/811" "Mozilla/5.0 (Windows NT 6.1; WOW64; rv:10.0.1) Gecko/20100101 Firefox/10.0.1"
224.228.152.212 - - [17/Nov/2017:10:48:25 +0000] "GET /item/books/1573 HTTP/1.1" 200 72 "/search/?c=Books+Networking" "Mozilla/4.0 (compatible; MSIE 8.0; Windows NT 6.1; WOW64; Trident/4.0; GTB7.2; SLCC2; .NET CLR 2.0.50727; .NET CLR 3.5.30729; .NET CLR 3.0.30729; Media Center PC 6.0; .NET4.0C)"
28.93.191.106 - - [17/Nov/2017:10:48:30 +0000] "GET /item/games/2779 HTTP/1.1" 200 56 "/item/software/2036" "Mozilla/5.0 (Windows NT 6.1; WOW64) AppleWebKit/535.11 (KHTML, like Gecko) Chrome/17.0.963.56 Safari/535.11"
156.174.158.57 - - [17/Nov/2017:10:48:35 +0000] "GET /category/office HTTP/1.1" 200 117 "-" "Mozilla/5.0 (Windows NT 6.0; rv:10.0.1) Gecko/20100101 Firefox/10.0.1"
32.63.131.213 - - [17/Nov/2017:10:48:40 +0000] "GET /item/electronics/4339 HTTP/1.1" 200 55 "/search/?c=Electronics" "Mozilla/4.0 (compatible; MSIE 8.0; Windows NT 5.1; Trident/4.0; YTB720; GTB7.2; .NET CLR 1.1.4322; .NET CLR 2.0.50727; .NET CLR 3.0.4506.2152; .NET CLR 3.5.30729)"
152.66.214.200 - - [17/Nov/2017:10:48:45 +0000] "GET /category/finance HTTP/1.1" 200 135 "-" "Mozilla/5.0 (Windows NT 6.1; WOW64; rv:10.0.1) Gecko/20100101 Firefox/10.0.1"
160.156.210.144 - - [17/Nov/2017:10:48:50 +0000] "GET /item/finance/3226 HTTP/1.1" 200 48 "/category/finance" "Mozilla/5.0 (Windows NT 6.1; WOW64) AppleWebKit/535.7 (KHTML, like Gecko) Chrome/16.0.912.77 Safari/535.7"
212.210.55.128 - - [17/Nov/2017:10:48:55 +0000] "GET /item/books/4322 HTTP/1.1" 200 44 "-" "Mozilla/4.0 (compatible; MSIE 8.0; Windows NT 6.1; WOW64; Trident/4.0; YTB730; GTB7.2; SLCC2; .NET CLR 2.0.50727; .NET CLR 3.5.30729; .NET CLR 3.0.30729; .NET4.0C; .NET4.0E; Media Center PC 6.0)"
196.96.50.86 - - [17/Nov/2017:10:49:00 +0000] "GET /item/cameras/1442 HTTP/1.1" 200 56 "-" "Mozilla/5.0 (Windows NT 6.0) AppleWebKit/535.11 (KHTML, like Gecko) Chrome/17.0.963.56 Safari/535.11"
212.228.110.108 - - [17/Nov/2017:10:49:05 +0000] "GET /item/computers/809 HTTP/1.1" 200 128 "-" "Mozilla/4.0 (compatible; MSIE 8.0; Windows NT 6.1; WOW64; Trident/4.0; GTB7.2; SLCC2; .NET CLR 2.0.50727; .NET CLR 3.5.30729; .NET CLR 3.0.30729; Media Center PC 6.0; .NET4.0C)"
136.222.62.176 - - [17/Nov/2017:10:49:10 +0000] "GET /category/health HTTP/1.1" 200 120 "/category/electronics" "Mozilla/5.0 (compatible; MSIE 9.0; Windows NT 6.1; Trident/5.0)"
48.39.50.112 - - [17/Nov/2017:10:49:15 +0000] "GET /category/software HTTP/1.1" 200 116 "/item/electronics/2104" "Mozilla/4.0 (compatible; MSIE 8.0; Windows NT 6.1; WOW64; Trident/4.0; YTB730; GTB7.2; EasyBits GO v1.0; SLCC2; .NET CLR 2.0.50727; .NET CLR 3.5.30729; .NET CLR 3.0.30729; Media Center PC 6.0; .NET4.0C)"
132.63.161.43 - - [17/Nov/2017:10:49:20 +0000] "GET /category/books HTTP/1.1" 200 78 "/category/jewelry" "Mozilla/5.0 (compatible; MSIE 9.0; Windows NT 6.1; Trident/5.0)"
48.75.157.55 - - [17/Nov/2017:10:49:25 +0000] "GET /category/health?from=10 HTTP/1.1" 200 89 "-" "Mozilla/5.0 (Windows NT 6.0) AppleWebKit/535.11 (KHTML, like Gecko) Chrome/17.0.963.56 Safari/535.11"
72.96.123.40 - - [17/Nov/2017:10:49:30 +0000] "GET /category/electronics HTTP/1.1" 200 110 "/category/jewelry" "Mozilla/5.0 (Windows NT 6.0) AppleWebKit/535.11 (KHTML, like Gecko) Chrome/17.0.963.56 Safari/535.11"
176.39.95.81 - - [17/Nov/2017:10:49:35 +0000] "GET /category/garden HTTP/1.1" 200 135 "/category/office" "Mozilla/5.0 (Windows NT 6.0; rv:10.0.1) Gecko/20100101 Firefox/10.0.1"
148.198.144.149 - - [17/Nov/2017:10:49:40 +0000] "GET /category/electronics?from=20 HTTP/1.1" 200 48 "/category/computers" "Mozilla/5.0 (Windows NT 6.0; rv:10.0.1) Gecko/20100101 Firefox/10.0.1"
224.153.72.151 - - [17/Nov/2017:10:49:45 +0000] "GET /category/cameras HTTP/1.1" 200 109 "-" "Mozilla/5.0 (Macintosh; Intel Mac OS X 10.6; rv:9.0.1) Gecko/20100101 Firefox/9.0.1"
224.36.38.130 - - [17/Nov/2017:10:49:50 +0000] "GET /category/electronics?from=0 HTTP/1.1" 200 40 "/search/?c=Electronics" "Mozilla/5.0 (Windows NT 6.1; WOW64) AppleWebKit/535.11 (KHTML, like Gecko) Chrome/17.0.963.56 Safari/535.11"
136.30.65.186 - - [17/Nov/2017:10:49:55 +0000] "GET /category/electronics HTTP/1.1" 200 65 "/item/electronics/3529" "Mozilla/5.0 (iPhone; CPU iPhone OS 5_0_1 like Mac OS X) AppleWebKit/534.46 (KHTML, like Gecko) Version/5.1 Mobile/9A405 Safari/7534.48.3"
28.201.26.192 - - [17/Nov/2017:10:50:00 +0000] "GET /category/finance HTTP/1.1" 200 46 "-" "Mozilla/5.0 (Windows NT 6.1; WOW64) AppleWebKit/535.7 (KHTML, like Gecko) Chrome/16.0.912.77 Safari/535.7"
112.132.152.220 - - [17/Nov/2017:10:50:05 +0000] "POST /search/?c=Garden+Office HTTP/1.1" 200 100 "/category/office" "Mozilla/5.0 (iPad; CPU OS 5_0_1 like Mac OS X) AppleWebKit/534.46 (KHTML, like Gecko) Version/5.1 Mobile/9A405 Safari/7534.48.3"
104.93.76.126 - - [17/Nov/2017:10:50:10 +0000] "GET /item/electronics/670 HTTP/1.1" 200 66 "-" "Mozilla/5.0 (Windows NT 6.1; WOW64) AppleWebKit/535.7 (KHTML, like Gecko) Chrome/16.0.912.77 Safari/535.7"
116.222.179.198 - - [17/Nov/2017:10:50:15 +0000] "GET /category/electronics HTTP/1.1" 200 79 "/item/games/743" "Mozilla/5.0 (Windows NT 6.0; rv:10.0.1) Gecko/20100101 Firefox/10.0.1"
128.27.162.45 - - [17/Nov/2017:10:50:20 +0000] "GET /item/electronics/4270 HTTP/1.1" 200 118 "/search/?c=Electronics" "Mozilla/5.0 (Windows NT 6.0; rv:10.0.1) Gecko/20100101 Firefox/10.0.1"
212.192.182.120 - - [17/Nov/2017:10:50:25 +0000] "GET /item/software/3371 HTTP/1.1" 200 121 "-" "Mozilla/5.0 (Windows NT 6.0) AppleWebKit/535.11 (KHTML, like Gecko) Chrome/17.0.963.56 Safari/535.11"
132.135.20.22 - - [17/Nov/2017:10:50:30 +0000] "GET /category/electronics HTTP/1.1" 200 46 "-" "Mozilla/5.0 (Windows NT 6.1; WOW64) AppleWebKit/535.7 (KHTML, like Gecko) Chrome/16.0.912.77 Safari/535.7"
104.117.61.206 - - [17/Nov/2017:10:50:35 +0000] "GET /category/toys HTTP/1.1" 200 40 "/category/music" "Mozilla/5.0 (Windows NT 6.1; WOW64) AppleWebKit/535.11 (KHTML, like Gecko) Chrome/17.0.963.56 Safari/535.11"
24.57.24.122 - - [17/Nov/2017:10:50:40 +0000] "GET /item/toys/1044 HTTP/1.1" 200 40 "/item/electronics/266" "Mozilla/4.0 (compatible; MSIE 8.0; Windows NT 6.1; WOW64; Trident/4.0; GTB7.2; SLCC2; .NET CLR 2.0.50727; .NET CLR 3.5.30729; .NET CLR 3.0.30729; Media Center PC 6.0; .NET4.0C)"
116.174.202.224 - - [17/Nov/2017:10:50:45 +0000] "GET /category/toys HTTP/1.1" 200 132 "-" "Mozilla/5.0 (compatible; MSIE 9.0; Windows NT 6.1; WOW64; Trident/5.0)"
140.69.87.26 - - [17/Nov/2017:10:50:50 +0000] "GET /category/electronics HTTP/1.1" 200 44 "/item/toys/1733" "Mozilla/5.0 (Windows NT 6.0) AppleWebKit/535.11 (KHTML, like Gecko) Chrome/17.0.963.56 Safari/535.11"
220.105.182.218 - - [17/Nov/2017:10:50:55 +0000] "GET /category/games HTTP/1.1" 200 57 "-" "Mozilla/5.0 (Windows NT 6.1; WOW64; rv:10.0.1) Gecko/20100101 Firefox/10.0.1"
196.195.42.66 - - [17/Nov/2017:10:51:00 +0000] "GET /category/electronics HTTP/1.1" 200 49 "/category/electronics" "Mozilla/5.0 (compatible; MSIE 9.0; Windows NT 6.1; WOW64; Trident/5.0)"
172.165.188.104 - - [17/Nov/2017:10:51:05 +0000] "GET /category/books HTTP/1.1" 200 55 "-" "Mozilla/5.0 (compatible; Googlebot/2.1; +http://www.google.com/bot.html)"
32.81.139.201 - - [17/Nov/2017:10:51:10 +0000] "GET /item/giftcards/202 HTTP/1.1" 200 51 "-" "Mozilla/5.0 (iPhone; CPU iPhone OS 5_0_1 like Mac OS X) AppleWebKit/534.46 (KHTML, like Gecko) Version/5.1 Mobile/9A405 Safari/7534.48.3"
124.180.221.151 - - [17/Nov/2017:10:51:15 +0000] "GET /item/electronics/2670 HTTP/1.1" 200 51 "-" "Mozilla/5.0 (Windows NT 6.1; WOW64) AppleWebKit/535.11 (KHTML, like Gecko) Chrome/17.0.963.56 Safari/535.11"
92.117.108.135 - - [17/Nov/2017:10:51:20 +0000] "GET /category/electronics HTTP/1.1" 200 63 "/category/music" "Mozilla/5.0 (Windows NT 6.1; WOW64; rv:10.0.1) Gecko/20100101 Firefox/10.0.1"
80.120.169.42 - - [17/Nov/2017:10:51:25 +0000] "GET /category/office HTTP/1.1" 200 57 "/category/books" "Mozilla/5.0 (Windows NT 6.1; WOW64) AppleWebKit/535.7 (KHTML, like Gecko) Chrome/16.0.912.77 Safari/535.7"
116.60.150.29 - - [17/Nov/2017:10:51:30 +0000] "GET /category/toys HTTP/1.1" 200 125 "-" "Mozilla/4.0 (compatible; MSIE 8.0; Windows NT 5.1; Trident/4.0; YTB720; GTB7.2; .NET CLR 1.1.4322; .NET CLR 2.0.50727; .NET CLR 3.0.4506.2152; .NET CLR 3.5.30729)"
152.45.113.47 - - [17/Nov/2017:10:51:35 +0000] "GET /category/cameras HTTP/1.1" 200 69 "/category/electronics" "Mozilla/5.0 (Windows NT 6.0; rv:10.0.1) Gecko/20100101 Firefox/10.0.1"
24.150.47.136 - - [17/Nov/2017:10:51:40 +0000] "GET /item/cameras/2822 HTTP/1.1" 200 131 "-" "Mozilla/5.0 (compatible; MSIE 9.0; Windows NT 6.1; WOW64; Trident/5.0)"
188.165.102.75 - - [17/Nov/2017:10:51:45 +0000] "GET /category/garden HTTP/1.1" 200 129 "/category/jewelry" "Mozilla/5.0 (Windows NT 6.1; WOW64) AppleWebKit/535.7 (KHTML, like Gecko) Chrome/16.0.912.77 Safari/535.7"
132.192.89.145 - - [17/Nov/2017:10:51:50 +0000] "GET /category/finance HTTP/1.1" 200 124 "/category/games" "Mozilla/4.0 (compatible; MSIE 8.0; Windows NT 5.1; Trident/4.0; BTRS122159; GTB7.2; .NET CLR 1.1.4322; .NET CLR 2.0.50727; .NET CLR 3.0.04506.30; .NET CLR 3.0.4506.2152; .NET CLR 3.5.30729; BRI/2)"
124.192.214.79 - - [17/Nov/2017:10:51:55 +0000] "GET /item/electronics/3940 HTTP/1.1" 200 139 "http://www.google.com/search?ie=UTF-8&q=google&sclient=psy-ab&q=Electronics&oq=Electronics&aq=f&aqi=g-vL1&aql=&pbx=1&bav=on.2,or.r_gc.r_pw.r_qf.,cf.osb&biw=1508&bih=479" "Mozilla/5.0 (Windows NT 6.1; WOW64) AppleWebKit/535.11 (KHTML, like Gecko) Chrome/17.0.963.56 Safari/535.11"
192.207.80.72 - - [17/Nov/2017:10:52:00 +0000] "POST /search/?c=Garden+Networking HTTP/1.1" 200 130 "-" "Mozilla/5.0 (compatible; MSIE 9.0; Windows NT 6.1; Trident/5.0)"
128.147.75.132 - - [17/Nov/2017:10:52:05 +0000] "GET /item/garden/1912 HTTP/1.1" 200 84 "-" "Mozilla/5.0 (Macintosh; Intel Mac OS X 10.6; rv:9.0.1) Gecko/20100101 Firefox/9.0.1"
32.222.29.160 - - [17/Nov/2017:10:52:10 +0000] "GET /category/health?from=10 HTTP/1.1" 200 89 "-" "Mozilla/4.0 (compatible; MSIE 8.0; Windows NT 6.0; WOW64; Trident/4.0; GTB6; SLCC1; .NET CLR 2.0.50727; Media Center PC 5.0; .NET CLR 3.5.30729; .NET CLR 3.0.30618; .NET4.0C)"
80.186.195.122 - - [17/Nov/2017:10:52:15 +0000] "GET /item/software/2343 HTTP/1.1" 200 81 "http://www.google.com/search?ie=UTF-8&q=google&sclient=psy-ab&q=Software&oq=Software&aq=f&aqi=g-vL1&aql=&pbx=1&bav=on.2,or.r_gc.r_pw.r_qf.,cf.osb&biw=1628&bih=114" "Mozilla/5.0 (Windows NT 6.1; WOW64; rv:10.0.1) Gecko/20100101 Firefox/10.0.1"
156.189.180.223 - - [17/Nov/2017:10:52:20 +0000] "GET /category/jewelry?from=20 HTTP/1.1" 200 107 "/category/networking?from=10" "Mozilla/5.0 (Windows NT 6.0) AppleWebKit/535.11 (KHTML, like Gecko) Chrome/17.0.963.56 Safari/535.11"
88.228.108.129 - - [17/Nov/2017:10:52:25 +0000] "GET /category/books?from=0 HTTP/1.1" 200 52 "/category/software" "Mozilla/4.0 (compatible; MSIE 8.0; Windows NT 6.1; WOW64; Trident/4.0; YTB730; GTB7.2; SLCC2; .NET CLR 2.0.50727; .NET CLR 3.5.30729; .NET CLR 3.0.30729; .NET4.0C; .NET4.0E; Media Center PC 6.0)"
152.45.194.229 - - [17/Nov/2017:10:52:30 +0000] "GET /item/software/3887 HTTP/1.1" 200 100 "-" "Mozilla/5.0 (Windows NT 6.0) AppleWebKit/535.11 (KHTML, like Gecko) Chrome/17.0.963.56 Safari/535.11"
76.33.84.154 - - [17/Nov/2017:10:52:35 +0000] "GET /category/software?from=20 HTTP/1.1" 200 57 "/category/jewelry" "Mozilla/5.0 (compatible; Googlebot/2.1; +http://www.google.com/bot.html)"
108.132.126.119 - - [17/Nov/2017:10:52:40 +0000] "POST /search/?c=Electronics+Games HTTP/1.1" 200 88 "/category/jewelry" "Mozilla/4.0 (compatible; MSIE 8.0; Windows NT 6.0; WOW64; Trident/4.0; GTB6; SLCC1; .NET CLR 2.0.50727; Media Center PC 5.0; .NET CLR 3.5.30729; .NET CLR 3.0.30618; .NET4.0C)"
20.168.121.199 - - [17/Nov/2017:10:52:45 +0000] "GET /category/electronics HTTP/1.1" 200 102 "http://www.google.com/search?ie=UTF-8&q=google&sclient=psy-ab&q=Electronics+Health&oq=Electronics+Health&aq=f&aqi=g-vL1&aql=&pbx=1&bav=on.2,or.r_gc.r_pw.r_qf.,cf.osb&biw=3059&bih=334" "Mozilla/5.0 (Windows NT 6.1; WOW64) AppleWebKit/535.11 (KHTML, like Gecko) Chrome/17.0.963.56 Safari/535.11"
216.153.155.217 - - [17/Nov/2017:10:52:50 +0000] "GET /category/electronics HTTP/1.1" 200 128 "/category/games?from=10" "Mozilla/5.0 (Windows NT 6.0) AppleWebKit/535.11 (KHTML, like Gecko) Chrome/17.0.963.56 Safari/535.11"
192.207.80.72 - - [17/Nov/2017:10:52:55 +0000] "GET /item/software/530 HTTP/1.1" 200 126 "-" "Mozilla/5.0 (compatible; MSIE 9.0; Windows NT 6.1; Trident/5.0)"
184.54.99.170 - - [17/Nov/2017:10:53:00 +0000] "GET /category/games?from=10 HTTP/1.1" 200 124 "/category/office" "Mozilla/5.0 (compatible; Googlebot/2.1; +http://www.google.com/bot.html)"
156.189.180.223 - - [17/Nov/2017:10:53:05 +0000] "GET /item/games/15 HTTP/1.1" 200 128 "/category/computers" "Mozilla/4.0 (compatible; MSIE 8.0; Windows NT 6.0; WOW64; Trident/4.0; GTB6; SLCC1; .NET CLR 2.0.50727; Media Center PC 5.0; .NET CLR 3.5.30729; .NET CLR 3.0.30618; .NET4.0C)"
172.51.61.163 - - [17/Nov/2017:10:53:10 +0000] "GET /item/toys/3901 HTTP/1.1" 200 122 "/category/toys" "Mozilla/5.0 (Windows NT 6.1; WOW64; rv:10.0.1) Gecko/20100101 Firefox/10.0.1"
200.39.205.215 - - [17/Nov/2017:10:53:15 +0000] "GET /category/games HTTP/1.1" 200 98 "/category/office" "Mozilla/4.0 (compatible; MSIE 8.0; Windows NT 5.1; Trident/4.0; BTRS122159; GTB7.2; .NET CLR 1.1.4322; .NET CLR 2.0.50727; .NET CLR 3.0.04506.30; .NET CLR 3.0.4506.2152; .NET CLR 3.5.30729; BRI/2)"
108.219.222.220 - - [17/Nov/2017:10:53:20 +0000] "GET /category/toys HTTP/1.1" 200 41 "-" "Mozilla/5.0 (Windows NT 6.0; rv:10.0.1) Gecko/20100101 Firefox/10.0.1"
36.51.149.50 - - [17/Nov/2017:10:53:25 +0000] "GET /category/books?from=20 HTTP/1.1" 200 80 "/item/electronics/4582" "Mozilla/5.0 (iPhone; CPU iPhone OS 5_0_1 like Mac OS X) AppleWebKit/534.46 (KHTML, like Gecko) Version/5.1 Mobile/9A405 Safari/7534.48.3"
116.39.203.186 - - [17/Nov/2017:10:53:30 +0000] "GET /item/electronics/3882 HTTP/1.1" 200 94 "/category/games" "Mozilla/5.0 (Windows NT 6.1; WOW64) AppleWebKit/535.7 (KHTML, like Gecko) Chrome/16.0.912.77 Safari/535.7"
128.90.218.42 - - [17/Nov/2017:10:53:35 +0000] "POST /search/?c=Software+Networking HTTP/1.1" 200 104 "-" "Mozilla/5.0 (compatible; Googlebot/2.1; +http://www.google.com/bot.html)"
132.225.76.162 - - [17/Nov/2017:10:53:40 +0000] "GET /category/giftcards HTTP/1.1" 200 83 "/category/electronics" "Mozilla/5.0 (Macintosh; Intel Mac OS X 10.6; rv:9.0.1) Gecko/20100101 Firefox/9.0.1"
156.93.179.59 - - [17/Nov/2017:10:53:45 +0000] "GET /item/giftcards/2263 HTTP/1.1" 200 78 "-" "Mozilla/5.0 (Windows NT 6.0; rv:10.0.1) Gecko/20100101 Firefox/10.0.1"
44.159.148.20 - - [17/Nov/2017:10:53:50 +0000] "GET /item/giftcards/119 HTTP/1.1" 200 93 "/category/electronics" "Mozilla/5.0 (Macintosh; Intel Mac OS X 10.6; rv:9.0.1) Gecko/20100101 Firefox/9.0.1"
180.114.21.38 - - [17/Nov/2017:10:53:55 +0000] "GET /category/cameras HTTP/1.1" 200 114 "-" "Mozilla/5.0 (Windows NT 5.1) AppleWebKit/535.11 (KHTML, like Gecko) Chrome/17.0.963.46 Safari/535.11"
84.222.57.97 - - [17/Nov/2017:10:54:00 +0000] "GET /item/electronics/2795 HTTP/1.1" 200 52 "/category/electronics" "Mozilla/5.0 (compatible; MSIE 9.0; Windows NT 6.1; WOW64; Trident/5.0)"
24.189.103.60 - - [17/Nov/2017:10:54:05 +0000] "GET /item/garden/2199 HTTP/1.1" 200 74 "/item/software/2103" "Mozilla/5.0 (Windows NT 6.1; WOW64) AppleWebKit/535.7 (KHTML, like Gecko) Chrome/16.0.912.77 Safari/535.7"
224.117.61.161 - - [17/Nov/2017:10:54:10 +0000] "POST /search/?c=Electronics HTTP/1.1" 200 73 "-" "Mozilla/5.0 (compatible; MSIE 9.0; Windows NT 6.1; Trident/5.0)"
108.84.228.94 - - [17/Nov/2017:10:54:15 +0000] "GET /category/office HTTP/1.1" 200 135 "http://www.google.com/search?ie=UTF-8&q=google&sclient=psy-ab&q=Office&oq=Office&aq=f&aqi=g-vL1&aql=&pbx=1&bav=on.2,or.r_gc.r_pw.r_qf.,cf.osb&biw=69&bih=9" "Mozilla/5.0 (Macintosh; Intel Mac OS X 10.6; rv:9.0.1) Gecko/20100101 Firefox/9.0.1"
172.204.128.196 - - [17/Nov/2017:10:54:20 +0000] "GET /category/garden HTTP/1.1" 200 47 "/category/music" "Mozilla/5.0 (Windows NT 6.1; WOW64) AppleWebKit/535.11 (KHTML, like Gecko) Chrome/17.0.963.56 Safari/535.11"
144.72.194.63 - - [17/Nov/2017:10:54:25 +0000] "GET /item/finance/1639 HTTP/1.1" 200 114 "http://www.google.com/search?ie=UTF-8&q=google&sclient=psy-ab&q=Finance&oq=Finance&aq=f&aqi=g-vL1&aql=&pbx=1&bav=on.2,or.r_gc.r_pw.r_qf.,cf.osb&biw=2439&bih=355" "Mozilla/5.0 (Windows NT 6.1; WOW64) AppleWebKit/535.7 (KHTML, like Gecko) Chrome/16.0.912.77 Safari/535.7"
192.213.30.56 - - [17/Nov/2017:10:54:30 +0000] "GET /category/sports HTTP/1.1" 200 137 "-" "Mozilla/5.0 (Windows NT 6.0; rv:10.0.1) Gecko/20100101 Firefox/10.0.1"
224.171.159.48 - - [17/Nov/2017:10:54:35 +0000] "GET /category/networking HTTP/1.1" 200 119 "-" "Mozilla/4.0 (compatible; MSIE 8.0; Windows NT 5.1; Trident/4.0; YTB720; GTB7.2; .NET CLR 1.1.4322; .NET CLR 2.0.50727; .NET CLR 3.0.4506.2152; .NET CLR 3.5.30729)"
208.138.152.63 - - [17/Nov/2017:10:54:40 +0000] "GET /category/office HTTP/1.1" 200 128 "-" "Mozilla/5.0 (Windows NT 6.0; rv:10.0.1) Gecko/20100101 Firefox/10.0.1"
88.123.35.97 - - [17/Nov/2017:10:54:45 +0000] "GET /category/electronics HTTP/1.1" 200 57 "/category/electronics?from=20" "Mozilla/5.0 (Macintosh; Intel Mac OS X 10.6; rv:9.0.1) Gecko/20100101 Firefox/9.0.1"
168.159.154.110 - - [17/Nov/2017:10:54:50 +0000] "GET /item/software/1950 HTTP/1.1" 200 117 "-" "Mozilla/5.0 (iPhone; CPU iPhone OS 5_0_1 like Mac OS X) AppleWebKit/534.46 (KHTML, like Gecko) Version/5.1 Mobile/9A405 Safari/7534.48.3"
72.138.197.227 - - [17/Nov/2017:10:54:55 +0000] "GET /category/cameras HTTP/1.1" 200 114 "-" "Mozilla/5.0 (Windows NT 6.1; WOW64) AppleWebKit/535.11 (KHTML, like Gecko) Chrome/17.0.963.56 Safari/535.11"
96.195.40.31 - - [17/Nov/2017:10:55:00 +0000] "GET /category/cameras HTTP/1.1" 200 53 "-" "Mozilla/5.0 (Macintosh; Intel Mac OS X 10.6; rv:9.0.1) Gecko/20100101 Firefox/9.0.1"
168.183.144.126 - - [17/Nov/2017:10:55:05 +0000] "POST /search/?c=Giftcards+Music HTTP/1.1" 200 118 "/item/electronics/3298" "Mozilla/5.0 (compatible; Googlebot/2.1; +http://www.google.com/bot.html)"
196.81.179.31 - - [17/Nov/2017:10:55:10 +0000] "GET /category/software HTTP/1.1" 200 108 "-" "Mozilla/4.0 (compatible; MSIE 8.0; Windows NT 6.0; WOW64; Trident/4.0; GTB6; SLCC1; .NET CLR 2.0.50727; Media Center PC 5.0; .NET CLR 3.5.30729; .NET CLR 3.0.30618; .NET4.0C)"
204.225.98.113 - - [17/Nov/2017:10:55:15 +0000] "GET /category/software?from=20 HTTP/1.1" 200 78 "-" "Mozilla/5.0 (Windows NT 6.1; WOW64; rv:10.0.1) Gecko/20100101 Firefox/10.0.1"
84.201.48.127 - - [17/Nov/2017:10:55:20 +0000] "GET /category/cameras?from=10 HTTP/1.1" 200 72 "/category/electronics" "Mozilla/5.0 (compatible; MSIE 9.0; Windows NT 6.1; WOW64; Trident/5.0)"
104.138.92.26 - - [17/Nov/2017:10:55:25 +0000] "GET /category/music HTTP/1.1" 200 56 "/item/music/2048" "Mozilla/5.0 (iPhone; CPU iPhone OS 5_0_1 like Mac OS X) AppleWebKit/534.46 (KHTML, like Gecko) Version/5.1 Mobile/9A405 Safari/7534.48.3"
40.126.50.218 - - [17/Nov/2017:10:55:30 +0000] "GET /item/electronics/1042 HTTP/1.1" 200 130 "/category/giftcards" "Mozilla/5.0 (Windows NT 6.0; rv:10.0.1) Gecko/20100101 Firefox/10.0.1"
116.225.31.103 - - [17/Nov/2017:10:55:35 +0000] "GET /category/electronics HTTP/1.1" 200 51 "/category/books?from=0" "Mozilla/5.0 (Windows NT 5.1) AppleWebKit/535.11 (KHTML, like Gecko) Chrome/17.0.963.46 Safari/535.11"
140.120.215.134 - - [17/Nov/2017:10:55:40 +0000] "POST /search/?c=Books+Giftcards HTTP/1.1" 200 69 "-" "Mozilla/5.0 (Windows NT 6.1; WOW64; rv:10.0.1) Gecko/20100101 Firefox/10.0.1"
60.192.196.122 - - [17/Nov/2017:10:55:45 +0000] "GET /item/electronics/2606 HTTP/1.1" 200 138 "/item/software/3371" "Mozilla/5.0 (iPhone; CPU iPhone OS 5_0_1 like Mac OS X) AppleWebKit/534.46 (KHTML, like Gecko) Version/5.1 Mobile/9A405 Safari/7534.48.3"
220.105.182.218 - - [17/Nov/2017:10:55:50 +0000] "GET /item/computers/1158 HTTP/1.1" 200 122 "/category/software" "Mozilla/5.0 (Windows NT 6.1; WOW64) AppleWebKit/535.11 (KHTML, like Gecko) Chrome/17.0.963.56 Safari/535.11"
92.147.59.203 - - [17/Nov/2017:10:55:55 +0000] "GET /category/games HTTP/1.1" 200 99 "-" "Mozilla/5.0 (Windows NT 6.1; WOW64) AppleWebKit/535.11 (KHTML, like Gecko) Chrome/17.0.963.56 Safari/535.11"
40.135.213.74 - - [17/Nov/2017:10:56:00 +0000] "GET /item/electronics/4629 HTTP/1.1" 200 83 "-" "Mozilla/5.0 (Windows NT 6.0) AppleWebKit/535.11 (KHTML, like Gecko) Chrome/17.0.963.56 Safari/535.11"
140.75.187.67 - - [17/Nov/2017:10:56:05 +0000] "GET /item/software/2512 HTTP/1.1" 200 112 "/category/electronics" "Mozilla/5.0 (compatible; MSIE 9.0; Windows NT 6.1; WOW64; Trident/5.0)"
208.171.120.182 - - [17/Nov/2017:10:56:10 +0000] "GET /category/office HTTP/1.1" 200 120 "/item/health/4533" "Mozilla/4.0 (compatible; MSIE 8.0; Windows NT 6.1; WOW64; Trident/4.0; YTB730; GTB7.2; EasyBits GO v1.0; SLCC2; .NET CLR 2.0.50727; .NET CLR 3.5.30729; .NET CLR 3.0.30729; Media Center PC 6.0; .NET4.0C)"
200.144.113.93 - - [17/Nov/2017:10:56:15 +0000] "GET /item/cameras/2299 HTTP/1.1" 200 64 "-" "Mozilla/5.0 (Windows NT 6.1; WOW64; rv:10.0.1) Gecko/20100101 Firefox/10.0.1"
216.192.151.63 - - [17/Nov/2017:10:56:20 +0000] "GET /item/toys/3901 HTTP/1.1" 200 122 "/category/software?from=0" "Mozilla/5.0 (Windows NT 6.1; WOW64; rv:10.0.1) Gecko/20100101 Firefox/10.0.1"
64.102.84.121 - - [17/Nov/2017:10:56:25 +0000] "GET /category/software HTTP/1.1" 200 100 "-" "Mozilla/5.0 (compatible; Googlebot/2.1; +http://www.google.com/bot.html)"
224.27.173.79 - - [17/Nov/2017:10:56:30 +0000] "GET /category/books HTTP/1.1" 200 126 "/category/electronics" "Mozilla/5.0 (Windows NT 6.0; rv:10.0.1) Gecko/20100101 Firefox/10.0.1"
24.156.218.186 - - [17/Nov/2017:10:56:35 +0000] "GET /item/electronics/3940 HTTP/1.1" 200 139 "/category/electronics?from=20" "Mozilla/5.0 (Windows NT 6.0; rv:10.0.1) Gecko/20100101 Firefox/10.0.1"
144.225.225.182 - - [17/Nov/2017:10:56:40 +0000] "GET /item/electronics/2001 HTTP/1.1" 200 90 "/search/?c=Electronics+Software" "Mozilla/5.0 (Windows NT 6.0; rv:10.0.1) Gecko/20100101 Firefox/10.0.1"
80.75.100.166 - - [17/Nov/2017:10:56:45 +0000] "GET /category/electronics HTTP/1.1" 200 108 "/category/health" "Mozilla/5.0 (Macintosh; Intel Mac OS X 10.6; rv:9.0.1) Gecko/20100101 Firefox/9.0.1"
156.69.192.82 - - [17/Nov/2017:10:56:50 +0000] "GET /item/books/3992 HTTP/1.1" 200 70 "/category/electronics" "Mozilla/4.0 (compatible; MSIE 8.0; Windows NT 6.1; WOW64; Trident/4.0; GTB7.2; SLCC2; .NET CLR 2.0.50727; .NET CLR 3.5.30729; .NET CLR 3.0.30729; Media Center PC 6.0; .NET4.0C)"
72.216.215.73 - - [17/Nov/2017:10:56:55 +0000] "GET /item/electronics/2972 HTTP/1.1" 200 130 "/item/electronics/3224" "Mozilla/4.0 (compatible; MSIE 8.0; Windows NT 5.1; Trident/4.0; BTRS122159; GTB7.2; .NET CLR 1.1.4322; .NET CLR 2.0.50727; .NET CLR 3.0.04506.30; .NET CLR 3.0.4506.2152; .NET CLR 3.5.30729; BRI/2)"
196.216.154.206 - - [17/Nov/2017:10:57:00 +0000] "GET /category/health HTTP/1.1" 200 101 "-" "Mozilla/5.0 (Windows NT 6.1; WOW64) AppleWebKit/535.11 (KHTML, like Gecko) Chrome/17.0.963.56 Safari/535.11"
56.150.73.159 - - [17/Nov/2017:10:57:05 +0000] "GET /item/books/335 HTTP/1.1" 200 49 "/search/?c=Books" "Mozilla/4.0 (compatible; MSIE 8.0; Windows NT 6.1; Trident/4.0; YTB730; SLCC2; .NET CLR 2.0.50727; .NET CLR 3.5.30729; .NET CLR 3.0.30729; Media Center PC 6.0; .NET4.0C)"
188.219.65.49 - - [17/Nov/2017:10:57:10 +0000] "GET /item/health/4533 HTTP/1.1" 200 55 "/search/?c=Garden" "Mozilla/4.0 (compatible; MSIE 8.0; Windows NT 6.1; Trident/4.0; YTB730; SLCC2; .NET CLR 2.0.50727; .NET CLR 3.5.30729; .NET CLR 3.0.30729; Media Center PC 6.0; .NET4.0C)"
184.60.35.189 - - [17/Nov/2017:10:57:15 +0000] "GET /category/toys HTTP/1.1" 200 128 "-" "Mozilla/5.0 (Windows NT 6.1; WOW64) AppleWebKit/535.7 (KHTML, like Gecko) Chrome/16.0.912.77 Safari/535.7"
192.132.36.118 - - [17/Nov/2017:10:57:20 +0000] "GET /item/software/880 HTTP/1.1" 200 138 "/item/books/4067" "Mozilla/5.0 (compatible; Googlebot/2.1; +http://www.google.com/bot.html)"
48.57.162.127 - - [17/Nov/2017:10:57:25 +0000] "GET /item/software/1802 HTTP/1.1" 200 125 "http://www.google.com/search?ie=UTF-8&q=google&sclient=psy-ab&q=Software+Cameras&oq=Software+Cameras&aq=f&aqi=g-vL1&aql=&pbx=1&bav=on.2,or.r_gc.r_pw.r_qf.,cf.osb&biw=533&bih=296" "Mozilla/5.0 (iPad; CPU OS 5_0_1 like Mac OS X) AppleWebKit/534.46 (KHTML, like Gecko) Version/5.1 Mobile/9A405 Safari/7534.48.3"
120.189.186.127 - - [17/Nov/2017:10:57:30 +0000] "GET /category/books HTTP/1.1" 200 57 "-" "Mozilla/5.0 (Windows NT 6.0) AppleWebKit/535.11 (KHTML, like Gecko) Chrome/17.0.963.56 Safari/535.11"
72.123.144.157 - - [17/Nov/2017:10:57:35 +0000] "GET /item/books/3757 HTTP/1.1" 200 115 "/search/?c=Books" "Mozilla/5.0 (Windows NT 6.1; WOW64) AppleWebKit/535.11 (KHTML, like Gecko) Chrome/17.0.963.56 Safari/535.11"
60.117.58.163 - - [17/Nov/2017:10:57:40 +0000] "POST /search/?c=Electronics+Software HTTP/1.1" 200 77 "-" "Mozilla/4.0 (compatible; MSIE 8.0; Windows NT 6.0; WOW64; Trident/4.0; GTB6; SLCC1; .NET CLR 2.0.50727; Media Center PC 5.0; .NET CLR 3.5.30729; .NET CLR 3.0.30618; .NET4.0C)"
88.48.32.227 - - [17/Nov/2017:10:57:45 +0000] "GET /item/books/3588 HTTP/1.1" 200 117 "/search/?c=Books" "Mozilla/5.0 (Macintosh; Intel Mac OS X 10.6; rv:9.0.1) Gecko/20100101 Firefox/9.0.1"
116.33.181.169 - - [17/Nov/2017:10:57:50 +0000] "GET /item/electronics/2595 HTTP/1.1" 200 59 "-" "Mozilla/5.0 (Macintosh; Intel Mac OS X 10.6; rv:9.0.1) Gecko/20100101 Firefox/9.0.1"
104.54.191.185 - - [17/Nov/2017:10:57:55 +0000] "GET /category/office HTTP/1.1" 200 42 "-" "Mozilla/5.0 (Windows NT 6.1; WOW64) AppleWebKit/535.11 (KHTML, like Gecko) Chrome/17.0.963.56 Safari/535.11"
64.189.132.112 - - [17/Nov/2017:10:58:00 +0000] "GET /category/sports HTTP/1.1" 200 137 "-" "Mozilla/5.0 (Macintosh; Intel Mac OS X 10.6; rv:9.0.1) Gecko/20100101 Firefox/9.0.1"
56.102.229.220 - - [17/Nov/2017:10:58:05 +0000] "GET /item/electronics/1216 HTTP/1.1" 200 93 "/item/electronics/3545" "Mozilla/4.0 (compatible; MSIE 8.0; Windows NT 6.1; Trident/4.0; YTB730; SLCC2; .NET CLR 2.0.50727; .NET CLR 3.5.30729; .NET CLR 3.0.30729; Media Center PC 6.0; .NET4.0C)"
124.180.221.151 - - [17/Nov/2017:10:58:10 +0000] "GET /item/electronics/2104 HTTP/1.1" 200 59 "http://www.google.com/search?ie=UTF-8&q=google&sclient=psy-ab&q=Electronics&oq=Electronics&aq=f&aqi=g-vL1&aql=&pbx=1&bav=on.2,or.r_gc.r_pw.r_qf.,cf.osb&biw=3281&bih=422" "Mozilla/4.0 (compatible; MSIE 8.0; Windows NT 6.0; WOW64; Trident/4.0; GTB6; SLCC1; .NET CLR 2.0.50727; Media Center PC 5.0; .NET CLR 3.5.30729; .NET CLR 3.0.30618; .NET4.0C)"
212.66.174.222 - - [17/Nov/2017:10:58:15 +0000] "GET /item/electronics/367 HTTP/1.1" 200 79 "/category/electronics" "Mozilla/5.0 (Windows NT 6.0; rv:10.0.1) Gecko/20100101 Firefox/10.0.1"
48.168.148.167 - - [17/Nov/2017:10:58:20 +0000] "GET /category/jewelry HTTP/1.1" 200 114 "/item/books/4818" "Mozilla/5.0 (compatible; MSIE 9.0; Windows NT 6.1; WOW64; Trident/5.0)"
196.195.42.66 - - [17/Nov/2017:10:58:25 +0000] "GET /item/electronics/379 HTTP/1.1" 200 114 "/search/?c=Garden" "Mozilla/5.0 (compatible; MSIE 9.0; Windows NT 6.1; WOW64; Trident/5.0)"
220.36.59.198 - - [17/Nov/2017:10:58:30 +0000] "POST /search/?c=Office+Electronics HTTP/1.1" 200 82 "/category/electronics" "Mozilla/5.0 (compatible; MSIE 9.0; Windows NT 6.1; WOW64; Trident/5.0)"
100.48.203.91 - - [17/Nov/2017:10:58:35 +0000] "GET /category/electronics HTTP/1.1" 200 137 "-" "Mozilla/5.0 (Macintosh; Intel Mac OS X 10.6; rv:9.0.1) Gecko/20100101 Firefox/9.0.1"
220.162.66.229 - - [17/Nov/2017:10:58:40 +0000] "GET /category/sports HTTP/1.1" 200 118 "-" "Mozilla/5.0 (compatible; MSIE 9.0; Windows NT 6.1; WOW64; Trident/5.0)"
192.54.212.194 - - [17/Nov/2017:10:58:45 +0000] "POST /search/?c=Toys+Games HTTP/1.1" 200 92 "-" "Mozilla/5.0 (Macintosh; Intel Mac OS X 10.6; rv:9.0.1) Gecko/20100101 Firefox/9.0.1"
116.24.121.47 - - [17/Nov/2017:10:58:50 +0000] "GET /item/computers/4707 HTTP/1.1" 200 115 "http://www.google.com/search?ie=UTF-8&q=google&sclient=psy-ab&q=Computers&oq=Computers&aq=f&aqi=g-vL1&aql=&pbx=1&bav=on.2,or.r_gc.r_pw.r_qf.,cf.osb&biw=4655&bih=226" "Mozilla/4.0 (compatible; MSIE 8.0; Windows NT 6.1; WOW64; Trident/4.0; YTB730; GTB7.2; SLCC2; .NET CLR 2.0.50727; .NET CLR 3.5.30729; .NET CLR 3.0.30729; .NET4.0C; .NET4.0E; Media Center PC 6.0)"
220.24.100.197 - - [17/Nov/2017:10:58:55 +0000] "GET /category/electronics HTTP/1.1" 200 128 "-" "Mozilla/5.0 (compatible; Googlebot/2.1; +http://www.google.com/bot.html)"
144.159.198.187 - - [17/Nov/2017:10:59:00 +0000] "GET /category/software HTTP/1.1" 200 56 "-" "Mozilla/5.0 (Windows NT 6.0) AppleWebKit/535.11 (KHTML, like Gecko) Chrome/17.0.963.56 Safari/535.11"
64.30.21.149 - - [17/Nov/2017:10:59:05 +0000] "GET /category/computers HTTP/1.1" 200 131 "-" "Mozilla/5.0 (Windows NT 6.1; WOW64) AppleWebKit/535.7 (KHTML, like Gecko) Chrome/16.0.912.77 Safari/535.7"
104.210.132.59 - - [17/Nov/2017:10:59:10 +0000] "GET /item/networking/3236 HTTP/1.1" 200 109 "-" "Mozilla/5.0 (compatible; Googlebot/2.1; +http://www.google.com/bot.html)"
24.225.171.131 - - [17/Nov/2017:10:59:15 +0000] "GET /item/networking/4174 HTTP/1.1" 200 125 "/category/health" "Mozilla/4.0 (compatible; MSIE 8.0; Windows NT 6.1; Trident/4.0; YTB730; SLCC2; .NET CLR 2.0.50727; .NET CLR 3.5.30729; .NET CLR 3.0.30729; Media Center PC 6.0; .NET4.0C)"
216.54.131.48 - - [17/Nov/2017:10:59:20 +0000] "POST /search/?c=Electronics HTTP/1.1" 200 73 "-" "Mozilla/5.0 (Windows NT 5.1) AppleWebKit/535.11 (KHTML, like Gecko) Chrome/17.0.963.46 Safari/535.11"
104.141.83.168 - - [17/Nov/2017:10:59:25 +0000] "GET /category/networking?from=20 HTTP/1.1" 200 133 "/category/networking" "Mozilla/5.0 (Windows NT 6.0) AppleWebKit/535.11 (KHTML, like Gecko) Chrome/17.0.963.56 Safari/535.11"
116.111.183.132 - - [17/Nov/2017:10:59:30 +0000] "GET /item/computers/4448 HTTP/1.1" 200 100 "/search/?c=Computers" "Mozilla/5.0 (compatible; MSIE 9.0; Windows NT 6.1; WOW64; Trident/5.0)"
168.216.60.85 - - [17/Nov/2017:10:59:35 +0000] "GET /category/toys?from=20 HTTP/1.1" 200 70 "/category/electronics" "Mozilla/5.0 (compatible; Googlebot/2.1; +http://www.google.com/bot.html)"
132.102.43.57 - - [17/Nov/2017:10:59:40 +0000] "GET /category/software HTTP/1.1" 200 116 "-" "Mozilla/5.0 (Windows NT 6.0; rv:10.0.1) Gecko/20100101 Firefox/10.0.1"
224.195.180.118 - - [17/Nov/2017:10:59:45 +0000] "GET /category/games HTTP/1.1" 200 45 "/category/office" "Mozilla/5.0 (Windows NT 6.1; WOW64) AppleWebKit/535.11 (KHTML, like Gecko) Chrome/17.0.963.56 Safari/535.11"
116.144.123.207 - - [17/Nov/2017:10:59:50 +0000] "GET /item/office/1523 HTTP/1.1" 200 98 "/category/software" "Mozilla/5.0 (Macintosh; Intel Mac OS X 10.6; rv:9.0.1) Gecko/20100101 Firefox/9.0.1"
104.207.115.95 - - [17/Nov/2017:10:59:55 +0000] "GET /item/software/530 HTTP/1.1" 200 126 "-" "Mozilla/5.0 (iPhone; CPU iPhone OS 5_0_1 like Mac OS X) AppleWebKit/534.46 (KHTML, like Gecko) Version/5.1 Mobile/9A405 Safari/7534.48.3"
212.225.203.50 - - [17/Nov/2017:11:00:00 +0000] "GET /category/cameras HTTP/1.1" 200 69 "-" "Mozilla/5.0 (Windows NT 6.1; WOW64) AppleWebKit/535.11 (KHTML, like Gecko) Chrome/17.0.963.56 Safari/535.11"
176.63.34.227 - - [17/Nov/2017:11:00:05 +0000] "GET /category/games?from=0 HTTP/1.1" 200 124 "/category/electronics" "Mozilla/5.0 (Macintosh; Intel Mac OS X 10.6; rv:9.0.1) Gecko/20100101 Firefox/9.0.1"
204.162.85.31 - - [17/Nov/2017:11:00:10 +0000] "GET /category/software HTTP/1.1" 200 41 "/category/software" "Mozilla/5.0 (Windows NT 6.0; rv:10.0.1) Gecko/20100101 Firefox/10.0.1"
60.126.127.74 - - [17/Nov/2017:11:00:15 +0000] "GET /category/finance HTTP/1.1" 200 71 "/category/software" "Mozilla/5.0 (Windows NT 6.1; WOW64) AppleWebKit/535.11 (KHTML, like Gecko) Chrome/17.0.963.56 Safari/535.11"
112.165.201.203 - - [17/Nov/2017:11:00:20 +0000] "GET /category/electronics HTTP/1.1" 200 61 "http://www.google.com/search?ie=UTF-8&q=google&sclient=psy-ab&q=Electronics&oq=Electronics&aq=f&aqi=g-vL1&aql=&pbx=1&bav=on.2,or.r_gc.r_pw.r_qf.,cf.osb&biw=2934&bih=408" "Mozilla/5.0 (Windows NT 6.0) AppleWebKit/535.11 (KHTML, like Gecko) Chrome/17.0.963.56 Safari/535.11"
44.36.69.119 - - [17/Nov/2017:11:00:25 +0000] "GET /category/software HTTP/1.1" 200 43 "-" "Mozilla/5.0 (Windows NT 6.1; WOW64) AppleWebKit/535.7 (KHTML, like Gecko) Chrome/16.0.912.77 Safari/535.7"
140.51.85.207 - - [17/Nov/2017:11:00:30 +0000] "GET /category/electronics HTTP/1.1" 200 102 "/category/electronics" "Mozilla/4.0 (compatible; MSIE 8.0; Windows NT 6.1; Trident/4.0; YTB730; SLCC2; .NET CLR 2.0.50727; .NET CLR 3.5.30729; .NET CLR 3.0.30729; Media Center PC 6.0; .NET4.0C)"
216.90.56.55 - - [17/Nov/2017:11:00:35 +0000] "GET /category/electronics HTTP/1.1" 200 78 "-" "Mozilla/5.0 (compatible; MSIE 9.0; Windows NT 6.1; Trident/5.0)"
208.114.138.190 - - [17/Nov/2017:11:00:40 +0000] "GET /item/electronics/1206 HTTP/1.1" 200 136 "/category/books" "Mozilla/5.0 (Windows NT 6.1; WOW64) AppleWebKit/535.11 (KHTML, like Gecko) Chrome/17.0.963.56 Safari/535.11"
84.162.134.68 - - [17/Nov/2017:11:00:45 +0000] "GET /category/electronics HTTP/1.1" 200 101 "-" "Mozilla/5.0 (compatible; MSIE 9.0; Windows NT 6.1; Trident/5.0)"
212.228.110.108 - - [17/Nov/2017:11:00:50 +0000] "POST /search/?c=Health HTTP/1.1" 200 105 "/item/electronics/2990" "Mozilla/5.0 (iPhone; CPU iPhone OS 5_0_1 like Mac OS X) AppleWebKit/534.46 (KHTML, like Gecko) Version/5.1 Mobile/9A405 Safari/7534.48.3"
180.60.171.28 - - [17/Nov/2017:11:00:55 +0000] "POST /search/?c=Health HTTP/1.1" 200 60 "/category/books" "Mozilla/5.0 (compatible; Googlebot/2.1; +http://www.google.com/bot.html)"
144.210.145.43 - - [17/Nov/2017:11:01:00 +0000] "GET /category/games?from=10 HTTP/1.1" 200 124 "/category/books" "Mozilla/5.0 (compatible; Googlebot/2.1; +http://www.google.com/bot.html)"
32.81.139.201 - - [17/Nov/2017:11:01:05 +0000] "GET /category/health HTTP/1.1" 200 118 "http://www.google.com/search?ie=UTF-8&q=google&sclient=psy-ab&q=Health&oq=Health&aq=f&aqi=g-vL1&aql=&pbx=1&bav=on.2,or.r_gc.r_pw.r_qf.,cf.osb&biw=2904&bih=570" "Mozilla/5.0 (iPhone; CPU iPhone OS 5_0_1 like Mac OS X) AppleWebKit/534.46 (KHTML, like Gecko) Version/5.1 Mobile/9A405 Safari/7534.48.3"
140.75.187.67 - - [17/Nov/2017:11:01:10 +0000] "GET /item/giftcards/4757 HTTP/1.1" 200 102 "/category/games" "Mozilla/5.0 (Windows NT 5.1) AppleWebKit/535.11 (KHTML, like Gecko) Chrome/17.0.963.46 Safari/535.11"
184.30.98.141 - - [17/Nov/2017:11:01:15 +0000] "GET /category/sports HTTP/1.1" 200 118 "-" "Mozilla/5.0 (compatible; MSIE 9.0; Windows NT 6.1; WOW64; Trident/5.0)"
184.186.89.120 - - [17/Nov/2017:11:01:20 +0000] "GET /item/software/1802 HTTP/1.1" 200 125 "/category/electronics" "Mozilla/5.0 (Windows NT 6.1; WOW64) AppleWebKit/535.7 (KHTML, like Gecko) Chrome/16.0.912.77 Safari/535.7"
216.156.23.194 - - [17/Nov/2017:11:01:25 +0000] "GET /category/books HTTP/1.1" 200 121 "/item/health/1983" "Mozilla/5.0 (Macintosh; Intel Mac OS X 10.6; rv:9.0.1) Gecko/20100101 Firefox/9.0.1"
140.54.169.166 - - [17/Nov/2017:11:01:30 +0000] "GET /category/electronics HTTP/1.1" 200 107 "/item/electronics/2101" "Mozilla/5.0 (compatible; MSIE 9.0; Windows NT 6.1; Trident/5.0)"
192.228.50.109 - - [17/Nov/2017:11:01:35 +0000] "GET /item/games/1885 HTTP/1.1" 200 83 "-" "Mozilla/5.0 (iPad; CPU OS 5_0_1 like Mac OS X) AppleWebKit/534.46 (KHTML, like Gecko) Version/5.1 Mobile/9A405 Safari/7534.48.3"
144.129.128.24 - - [17/Nov/2017:11:01:40 +0000] "GET /item/games/1885 HTTP/1.1" 200 83 "-" "Mozilla/5.0 (Windows NT 6.1; WOW64; rv:10.0.1) Gecko/20100101 Firefox/10.0.1"
128.123.27.92 - - [17/Nov/2017:11:01:45 +0000] "GET /category/software HTTP/1.1" 200 68 "-" "Mozilla/5.0 (Macintosh; Intel Mac OS X 10.6; rv:9.0.1) Gecko/20100101 Firefox/9.0.1"
48.75.157.55 - - [17/Nov/2017:11:01:50 +0000] "GET /category/electronics HTTP/1.1" 200 116 "/item/sports/933" "Mozilla/5.0 (Macintosh; Intel Mac OS X 10.6; rv:9.0.1) Gecko/20100101 Firefox/9.0.1"
196.216.204.193 - - [17/Nov/2017:11:01:55 +0000] "GET /category/computers HTTP/1.1" 200 131 "-" "Mozilla/5.0 (Windows NT 6.0) AppleWebKit/535.11 (KHTML, like Gecko) Chrome/17.0.963.56 Safari/535.11"
224.171.159.48 - - [17/Nov/2017:11:02:00 +0000] "GET /item/software/155 HTTP/1.1" 200 61 "-" "Mozilla/5.0 (compatible; Googlebot/2.1; +http://www.google.com/bot.html)"
48.63.222.76 - - [17/Nov/2017:11:02:05 +0000] "GET /category/software HTTP/1.1" 200 137 "-" "Mozilla/5.0 (Windows NT 6.0; rv:10.0.1) Gecko/20100101 Firefox/10.0.1"
224.177.225.75 - - [17/Nov/2017:11:02:10 +0000] "GET /category/games HTTP/1.1" 200 71 "/category/computers" "Mozilla/5.0 (iPad; CPU OS 5_0_1 like Mac OS X) AppleWebKit/534.46 (KHTML, like Gecko) Version/5.1 Mobile/9A405 Safari/7534.48.3"
40.111.117.84 - - [17/Nov/2017:11:02:15 +0000] "GET /category/toys HTTP/1.1" 200 40 "-" "Mozilla/5.0 (Windows NT 5.1) AppleWebKit/535.11 (KHTML, like Gecko) Chrome/17.0.963.46 Safari/535.11"
160.222.46.45 - - [17/Nov/2017:11:02:20 +0000] "GET /category/office HTTP/1.1" 200 43 "-" "Mozilla/5.0 (Windows NT 6.0) AppleWebKit/535.11 (KHTML, like Gecko) Chrome/17.0.963.56 Safari/535.11"
196.69.125.183 - - [17/Nov/2017:11:02:25 +0000] "GET /category/computers HTTP/1.1" 200 101 "/item/electronics/2101" "Mozilla/4.0 (compatible; MSIE 8.0; Windows NT 5.1; Trident/4.0; YTB720; GTB7.2; .NET CLR 1.1.4322; .NET CLR 2.0.50727; .NET CLR 3.0.4506.2152; .NET CLR 3.5.30729)"
112.21.69.67 - - [17/Nov/2017:11:02:30 +0000] "GET /category/cameras?from=20 HTTP/1.1" 200 114 "-" "Mozilla/5.0 (Windows NT 6.0) AppleWebKit/535.11 (KHTML, like Gecko) Chrome/17.0.963.56 Safari/535.11"
112.177.180.133 - - [17/Nov/2017:11:02:35 +0000] "POST /search/?c=Electronics+Books HTTP/1.1" 200 134 "-" "Mozilla/5.0 (Windows NT 5.1) AppleWebKit/535.11 (KHTML, like Gecko) Chrome/17.0.963.46 Safari/535.11"
28.105.55.188 - - [17/Nov/2017:11:02:40 +0000] "GET /category/sports HTTP/1.1" 200 137 "/category/toys" "Mozilla/5.0 (Windows NT 6.0; rv:10.0.1) Gecko/20100101 Firefox/10.0.1"
72.216.45.153 - - [17/Nov/2017:11:02:45 +0000] "GET /category/garden HTTP/1.1" 200 41 "-" "Mozilla/5.0 (Windows NT 6.0) AppleWebKit/535.11 (KHTML, like Gecko) Chrome/17.0.963.56 Safari/535.11"
172.186.101.199 - - [17/Nov/2017:11:02:50 +0000] "POST /search/?c=Music+Giftcards HTTP/1.1" 200 113 "/category/giftcards" "Mozilla/5.0 (iPad; CPU OS 5_0_1 like Mac OS X) AppleWebKit/534.46 (KHTML, like Gecko) Version/5.1 Mobile/9A405 Safari/7534.48.3"
188.138.65.208 - - [17/Nov/2017:11:02:55 +0000] "GET /item/software/2711 HTTP/1.1" 200 89 "-" "Mozilla/5.0 (Windows NT 6.1; WOW64; rv:10.0.1) Gecko/20100101 Firefox/10.0.1"
116.21.137.191 - - [17/Nov/2017:11:03:00 +0000] "GET /category/electronics HTTP/1.1" 200 104 "-" "Mozilla/5.0 (Windows NT 6.1; WOW64) AppleWebKit/535.7 (KHTML, like Gecko) Chrome/16.0.912.77 Safari/535.7"
156.177.136.57 - - [17/Nov/2017:11:03:05 +0000] "GET /item/electronics/2524 HTTP/1.1" 200 57 "/category/toys" "Mozilla/5.0 (Macintosh; Intel Mac OS X 10.6; rv:9.0.1) Gecko/20100101 Firefox/9.0.1"
68.192.196.217 - - [17/Nov/2017:11:03:10 +0000] "GET /category/electronics HTTP/1.1" 200 115 "/item/books/3992" "Mozilla/5.0 (Windows NT 6.1; WOW64) AppleWebKit/535.11 (KHTML, like Gecko) Chrome/17.0.963.56 Safari/535.11"
36.144.139.176 - - [17/Nov/2017:11:03:15 +0000] "GET /category/toys HTTP/1.1" 200 115 "-" "Mozilla/4.0 (compatible; MSIE 8.0; Windows NT 5.1; Trident/4.0; BTRS122159; GTB7.2; .NET CLR 1.1.4322; .NET CLR 2.0.50727; .NET CLR 3.0.04506.30; .NET CLR 3.0.4506.2152; .NET CLR 3.5.30729; BRI/2)"
212.228.110.108 - - [17/Nov/2017:11:03:20 +0000] "GET /category/networking HTTP/1.1" 200 127 "-" "Mozilla/5.0 (iPhone; CPU iPhone OS 5_0_1 like Mac OS X) AppleWebKit/534.46 (KHTML, like Gecko) Version/5.1 Mobile/9A405 Safari/7534.48.3"
72.156.55.140 - - [17/Nov/2017:11:03:25 +0000] "GET /item/networking/2266 HTTP/1.1" 404 75 "-" "Mozilla/5.0 (compatible; MSIE 9.0; Windows NT 6.1; WOW64; Trident/5.0)"
92.141.177.68 - - [17/Nov/2017:11:03:30 +0000] "GET /category/health HTTP/1.1" 200 59 "/category/electronics" "Mozilla/4.0 (compatible; MSIE 8.0; Windows NT 5.1; Trident/4.0; YTB720; GTB7.2; .NET CLR 1.1.4322; .NET CLR 2.0.50727; .NET CLR 3.0.4506.2152; .NET CLR 3.5.30729)"
20.180.93.217 - - [17/Nov/2017:11:03:35 +0000] "GET /category/software HTTP/1.1" 200 73 "/category/cameras" "Mozilla/4.0 (compatible; MSIE 8.0; Windows NT 6.1; WOW64; Trident/4.0; YTB730; GTB7.2; SLCC2; .NET CLR 2.0.50727; .NET CLR 3.5.30729; .NET CLR 3.0.30729; .NET4.0C; .NET4.0E; Media Center PC 6.0)"
44.198.102.63 - - [17/Nov/2017:11:03:40 +0000] "GET /category/electronics HTTP/1.1" 200 59 "-" "Mozilla/5.0 (compatible; MSIE 9.0; Windows NT 6.1; Trident/5.0)"
84.153.168.36 - - [17/Nov/2017:11:03:45 +0000] "GET /category/cameras HTTP/1.1" 200 97 "-" "Mozilla/5.0 (Macintosh; Intel Mac OS X 10.6; rv:9.0.1) Gecko/20100101 Firefox/9.0.1"
116.21.137.191 - - [17/Nov/2017:11:03:50 +0000] "GET /category/music HTTP/1.1" 200 56 "-" "Mozilla/5.0 (Windows NT 6.1; WOW64) AppleWebKit/535.7 (KHTML, like Gecko) Chrome/16.0.912.77 Safari/535.7"
88.141.158.50 - - [17/Nov/2017:11:03:55 +0000] "GET /item/books/1503 HTTP/1.1" 200 49 "http://www.google.com/search?ie=UTF-8&q=google&sclient=psy-ab&q=Books&oq=Books&aq=f&aqi=g-vL1&aql=&pbx=1&bav=on.2,or.r_gc.r_pw.r_qf.,cf.osb&biw=2775&bih=563" "Mozilla/5.0 (compatible; MSIE 9.0; Windows NT 6.1; WOW64; Trident/5.0)"
116.99.75.204 - - [17/Nov/2017:11:04:00 +0000] "GET /item/cameras/2299 HTTP/1.1" 200 64 "-" "Mozilla/5.0 (Windows NT 6.0; rv:10.0.1) Gecko/20100101 Firefox/10.0.1"
100.21.56.172 - - [17/Nov/2017:11:04:05 +0000] "GET /item/networking/2789 HTTP/1.1" 200 132 "http://www.google.com/search?ie=UTF-8&q=google&sclient=psy-ab&q=Networking&oq=Networking&aq=f&aqi=g-vL1&aql=&pbx=1&bav=on.2,or.r_gc.r_pw.r_qf.,cf.osb&biw=1210&bih=309" "Mozilla/5.0 (compatible; Googlebot/2.1; +http://www.google.com/bot.html)"
44.57.212.87 - - [17/Nov/2017:11:04:10 +0000] "GET /category/electronics HTTP/1.1" 200 104 "-" "Mozilla/4.0 (compatible; MSIE 8.0; Windows NT 5.1; Trident/4.0; BTRS122159; GTB7.2; .NET CLR 1.1.4322; .NET CLR 2.0.50727; .NET CLR 3.0.04506.30; .NET CLR 3.0.4506.2152; .NET CLR 3.5.30729; BRI/2)"
224.192.71.37 - - [17/Nov/2017:11:04:15 +0000] "GET /category/computers HTTP/1.1" 200 131 "-" "Mozilla/5.0 (Windows NT 6.0; rv:10.0.1) Gecko/20100101 Firefox/10.0.1"
52.90.30.181 - - [17/Nov/2017:11:04:20 +0000] "GET /category/office HTTP/1.1" 200 100 "/category/office?from=10" "Mozilla/4.0 (compatible; MSIE 8.0; Windows NT 6.0; WOW64; Trident/4.0; GTB6; SLCC1; .NET CLR 2.0.50727; Media Center PC 5.0; .NET CLR 3.5.30729; .NET CLR 3.0.30618; .NET4.0C)"
196.138.160.145 - - [17/Nov/2017:11:04:25 +0000] "GET /category/software?from=0 HTTP/1.1" 200 126 "/category/electronics?from=0" "Mozilla/5.0 (Windows NT 6.0) AppleWebKit/535.11 (KHTML, like Gecko) Chrome/17.0.963.56 Safari/535.11"
184.210.167.77 - - [17/Nov/2017:11:04:30 +0000] "GET /category/electronics HTTP/1.1" 200 82 "/category/giftcards" "Mozilla/5.0 (iPhone; CPU iPhone OS 5_0_1 like Mac OS X) AppleWebKit/534.46 (KHTML, like Gecko) Version/5.1 Mobile/9A405 Safari/7534.48.3"
152.78.91.213 - - [17/Nov/2017:11:04:35 +0000] "GET /item/software/4034 HTTP/1.1" 200 131 "http://www.google.com/search?ie=UTF-8&q=google&sclient=psy-ab&q=Software+Office&oq=Software+Office&aq=f&aqi=g-vL1&aql=&pbx=1&bav=on.2,or.r_gc.r_pw.r_qf.,cf.osb&biw=2319&bih=202" "Mozilla/5.0 (Windows NT 6.1; WOW64) AppleWebKit/535.11 (KHTML, like Gecko) Chrome/17.0.963.56 Safari/535.11"
140.36.40.82 - - [17/Nov/2017:11:04:40 +0000] "GET /item/books/4062 HTTP/1.1" 200 105 "/category/books" "Mozilla/4.0 (compatible; MSIE 8.0; Windows NT 6.1; WOW64; Trident/4.0; YTB730; GTB7.2; EasyBits GO v1.0; SLCC2; .NET CLR 2.0.50727; .NET CLR 3.5.30729; .NET CLR 3.0.30729; Media Center PC 6.0; .NET4.0C)"
204.225.98.113 - - [17/Nov/2017:11:04:45 +0000] "GET /item/software/1768 HTTP/1.1" 200 96 "http://www.google.com/search?ie=UTF-8&q=google&sclient=psy-ab&q=Software&oq=Software&aq=f&aqi=g-vL1&aql=&pbx=1&bav=on.2,or.r_gc.r_pw.r_qf.,cf.osb&biw=2373&bih=529" "Mozilla/5.0 (Windows NT 6.1; WOW64; rv:10.0.1) Gecko/20100101 Firefox/10.0.1"
208.54.69.174 - - [17/Nov/2017:11:04:50 +0000] "GET /item/finance/1103 HTTP/1.1" 200 109 "/item/finance/4100" "Mozilla/5.0 (Windows NT 6.1; WOW64) AppleWebKit/535.11 (KHTML, like Gecko) Chrome/17.0.963.56 Safari/535.11"
224.171.159.48 - - [17/Nov/2017:11:04:55 +0000] "GET /category/computers HTTP/1.1" 200 133 "/search/?c=Garden" "Mozilla/5.0 (Windows NT 6.1; WOW64) AppleWebKit/535.11 (KHTML, like Gecko) Chrome/17.0.963.56 Safari/535.11"
92.117.27.32 - - [17/Nov/2017:11:05:00 +0000] "GET /item/computers/3996 HTTP/1.1" 200 70 "/category/software" "Mozilla/5.0 (Windows NT 5.1) AppleWebKit/535.11 (KHTML, like Gecko) Chrome/17.0.963.46 Safari/535.11"
48.195.168.33 - - [17/Nov/2017:11:05:05 +0000] "GET /item/electronics/1667 HTTP/1.1" 200 121 "/category/software" "Mozilla/5.0 (compatible; Googlebot/2.1; +http://www.google.com/bot.html)"
104.147.188.161 - - [17/Nov/2017:11:05:10 +0000] "GET /item/computers/1693 HTTP/1.1" 200 110 "/search/?c=Computers+Electronics" "Mozilla/5.0 (Windows NT 6.0; rv:10.0.1) Gecko/20100101 Firefox/10.0.1"
32.81.139.201 - - [17/Nov/2017:11:05:15 +0000] "GET /category/finance?from=10 HTTP/1.1" 200 96 "/category/computers" "Mozilla/5.0 (Windows NT 6.1; WOW64; rv:10.0.1) Gecko/20100101 Firefox/10.0.1"
220.189.195.98 - - [17/Nov/2017:11:05:20 +0000] "GET /category/software HTTP/1.1" 200 55 "-" "Mozilla/5.0 (compatible; Googlebot/2.1; +http://www.google.com/bot.html)"
44.60.152.105 - - [17/Nov/2017:11:05:25 +0000] "GET /item/books/3156 HTTP/1.1" 200 102 "/item/garden/4383" "Mozilla/5.0 (Windows NT 6.0; rv:10.0.1) Gecko/20100101 Firefox/10.0.1"
88.51.212.158 - - [17/Nov/2017:11:05:30 +0000] "GET /item/electronics/3545 HTTP/1.1" 200 133 "-" "Mozilla/5.0 (Macintosh; Intel Mac OS X 10.6; rv:9.0.1) Gecko/20100101 Firefox/9.0.1"
40.180.147.109 - - [17/Nov/2017:11:05:35 +0000] "GET /item/music/2928 HTTP/1.1" 200 80 "/category/games" "Mozilla/5.0 (Windows NT 6.0) AppleWebKit/535.11 (KHTML, like Gecko) Chrome/17.0.963.56 Safari/535.11"
196.57.135.222 - - [17/Nov/2017:11:05:40 +0000] "GET /category/electronics HTTP/1.1" 200 126 "/category/software" "Mozilla/5.0 (Windows NT 6.1; WOW64; rv:10.0.1) Gecko/20100101 Firefox/10.0.1"
36.51.149.50 - - [17/Nov/2017:11:05:45 +0000] "GET /item/cameras/4995 HTTP/1.1" 200 97 "-" "Mozilla/5.0 (Macintosh; Intel Mac OS X 10.6; rv:9.0.1) Gecko/20100101 Firefox/9.0.1"
72.216.45.153 - - [17/Nov/2017:11:05:50 +0000] "GET /item/sports/4699 HTTP/1.1" 200 130 "/search/?c=Sports+Sports" "Mozilla/4.0 (compatible; MSIE 8.0; Windows NT 6.1; Trident/4.0; YTB730; SLCC2; .NET CLR 2.0.50727; .NET CLR 3.5.30729; .NET CLR 3.0.30729; Media Center PC 6.0; .NET4.0C)"
32.171.95.119 - - [17/Nov/2017:11:05:55 +0000] "GET /item/toys/2937 HTTP/1.1" 200 54 "/category/toys" "Mozilla/5.0 (Windows NT 6.0; rv:10.0.1) Gecko/20100101 Firefox/10.0.1"
76.126.75.166 - - [17/Nov/2017:11:06:00 +0000] "GET /category/electronics HTTP/1.1" 200 139 "-" "Mozilla/5.0 (Windows NT 6.1; WOW64) AppleWebKit/535.7 (KHTML, like Gecko) Chrome/16.0.912.77 Safari/535.7"
40.141.85.63 - - [17/Nov/2017:11:06:05 +0000] "GET /item/electronics/2128 HTTP/1.1" 200 128 "/category/jewelry" "Mozilla/5.0 (Windows NT 5.1) AppleWebKit/535.11 (KHTML, like Gecko) Chrome/17.0.963.46 Safari/535.11"
212.222.165.164 - - [17/Nov/2017:11:06:10 +0000] "GET /item/cameras/590 HTTP/1.1" 200 133 "/item/games/3186" "Mozilla/5.0 (Windows NT 6.1; WOW64; rv:10.0.1) Gecko/20100101 Firefox/10.0.1"
176.177.94.159 - - [17/Nov/2017:11:06:15 +0000] "GET /category/software HTTP/1.1" 200 99 "-" "Mozilla/5.0 (compatible; MSIE 9.0; Windows NT 6.1; WOW64; Trident/5.0)"
36.183.156.215 - - [17/Nov/2017:11:06:20 +0000] "GET /item/finance/3737 HTTP/1.1" 200 127 "http://www.google.com/search?ie=UTF-8&q=google&sclient=psy-ab&q=Finance&oq=Finance&aq=f&aqi=g-vL1&aql=&pbx=1&bav=on.2,or.r_gc.r_pw.r_qf.,cf.osb&biw=2659&bih=263" "Mozilla/4.0 (compatible; MSIE 8.0; Windows NT 6.0; WOW64; Trident/4.0; GTB6; SLCC1; .NET CLR 2.0.50727; Media Center PC 5.0; .NET CLR 3.5.30729; .NET CLR 3.0.30618; .NET4.0C)"
68.225.106.184 - - [17/Nov/2017:11:06:25 +0000] "GET /item/software/992 HTTP/1.1" 200 113 "/category/networking" "Mozilla/5.0 (compatible; MSIE 9.0; Windows NT 6.1; WOW64; Trident/5.0)"
140.120.215.134 - - [17/Nov/2017:11:06:30 +0000] "GET /item/cameras/2822 HTTP/1.1" 200 131 "-" "Mozilla/5.0 (Windows NT 6.1; WOW64) AppleWebKit/535.7 (KHTML, like Gecko) Chrome/16.0.912.77 Safari/535.7"
152.213.43.58 - - [17/Nov/2017:11:06:35 +0000] "GET /category/computers?from=0 HTTP/1.1" 200 40 "/category/electronics?from=20" "Mozilla/5.0 (Windows NT 6.1; WOW64; rv:10.0.1) Gecko/20100101 Firefox/10.0.1"
160.78.211.42 - - [17/Nov/2017:11:06:40 +0000] "GET /item/software/3371 HTTP/1.1" 200 121 "/search/?c=Music+Sports" "Mozilla/5.0 (compatible; MSIE 9.0; Windows NT 6.1; WOW64; Trident/5.0)"
196.228.54.212 - - [17/Nov/2017:11:06:45 +0000] "GET /category/electronics HTTP/1.1" 200 83 "/category/finance" "Mozilla/5.0 (compatible; MSIE 9.0; Windows NT 6.1; WOW64; Trident/5.0)"
160.111.20.54 - - [17/Nov/2017:11:06:50 +0000] "GET /category/cameras?from=20 HTTP/1.1" 200 133 "-" "Mozilla/5.0 (Macintosh; Intel Mac OS X 10.6; rv:9.0.1) Gecko/20100101 Firefox/9.0.1"
180.147.87.207 - - [17/Nov/2017:11:06:55 +0000] "GET /item/jewelry/1164 HTTP/1.1" 200 106 "/search/?c=Jewelry" "Mozilla/4.0 (compatible; MSIE 8.0; Windows NT 6.1; WOW64; Trident/4.0; YTB730; GTB7.2; EasyBits GO v1.0; SLCC2; .NET CLR 2.0.50727; .NET CLR 3.5.30729; .NET CLR 3.0.30729; Media Center PC 6.0; .NET4.0C)"
184.135.39.104 - - [17/Nov/2017:11:07:00 +0000] "GET /category/finance?from=0 HTTP/1.1" 200 90 "/search/?c=Finance+Software" "Mozilla/4.0 (compatible; MSIE 8.0; Windows NT 6.1; WOW64; Trident/4.0; YTB730; GTB7.2; SLCC2; .NET CLR 2.0.50727; .NET CLR 3.5.30729; .NET CLR 3.0.30729; .NET4.0C; .NET4.0E; Media Center PC 6.0)"
64.138.87.214 - - [17/Nov/2017:11:07:05 +0000] "GET /category/games HTTP/1.1" 200 111 "-" "Mozilla/5.0 (iPad; CPU OS 5_0_1 like Mac OS X) AppleWebKit/534.46 (KHTML, like Gecko) Version/5.1 Mobile/9A405 Safari/7534.48.3"
164.210.109.27 - - [17/Nov/2017:11:07:10 +0000] "GET /category/office HTTP/1.1" 200 88 "/category/books?from=20" "Mozilla/5.0 (Windows NT 6.0; rv:10.0.1) Gecko/20100101 Firefox/10.0.1"
156.90.25.118 - - [17/Nov/2017:11:07:15 +0000] "GET /item/electronics/2699 HTTP/1.1" 200 124 "/category/garden" "Mozilla/5.0 (Windows NT 6.1; WOW64) AppleWebKit/535.7 (KHTML, like Gecko) Chrome/16.0.912.77 Safari/535.7"
36.144.139.176 - - [17/Nov/2017:11:07:20 +0000] "GET /category/health HTTP/1.1" 200 104 "/category/books" "Mozilla/5.0 (Windows NT 6.1; WOW64) AppleWebKit/535.11 (KHTML, like Gecko) Chrome/17.0.963.56 Safari/535.11"
96.90.32.31 - - [17/Nov/2017:11:07:25 +0000] "GET /item/garden/4153 HTTP/1.1" 200 77 "/category/software" "Mozilla/5.0 (iPhone; CPU iPhone OS 5_0_1 like Mac OS X) AppleWebKit/534.46 (KHTML, like Gecko) Version/5.1 Mobile/9A405 Safari/7534.48.3"
68.222.159.224 - - [17/Nov/2017:11:07:30 +0000] "GET /category/software HTTP/1.1" 200 118 "-" "Mozilla/4.0 (compatible; MSIE 8.0; Windows NT 6.1; WOW64; Trident/4.0; YTB730; GTB7.2; EasyBits GO v1.0; SLCC2; .NET CLR 2.0.50727; .NET CLR 3.5.30729; .NET CLR 3.0.30729; Media Center PC 6.0; .NET4.0C)"
184.54.99.170 - - [17/Nov/2017:11:07:35 +0000] "POST /search/?c=Games HTTP/1.1" 200 42 "/category/office" "Mozilla/4.0 (compatible; MSIE 8.0; Windows NT 6.0; WOW64; Trident/4.0; GTB6; SLCC1; .NET CLR 2.0.50727; Media Center PC 5.0; .NET CLR 3.5.30729; .NET CLR 3.0.30618; .NET4.0C)"
80.114.67.84 - - [17/Nov/2017:11:07:40 +0000] "GET /category/electronics?from=20 HTTP/1.1" 200 88 "/category/electronics?from=0" "Mozilla/5.0 (compatible; Googlebot/2.1; +http://www.google.com/bot.html)"
96.225.24.124 - - [17/Nov/2017:11:07:45 +0000] "GET /category/games HTTP/1.1" 200 121 "/category/electronics" "Mozilla/5.0 (Windows NT 6.1; WOW64) AppleWebKit/535.11 (KHTML, like Gecko) Chrome/17.0.963.56 Safari/535.11"
144.228.38.65 - - [17/Nov/2017:11:07:50 +0000] "GET /category/jewelry?from=10 HTTP/1.1" 200 106 "/item/electronics/367" "Mozilla/5.0 (Windows NT 6.1; WOW64) AppleWebKit/535.11 (KHTML, like Gecko) Chrome/17.0.963.56 Safari/535.11"
224.210.40.49 - - [17/Nov/2017:11:07:55 +0000] "GET /category/health?from=10 HTTP/1.1" 200 124 "/item/electronics/4030" "Mozilla/5.0 (compatible; Googlebot/2.1; +http://www.google.com/bot.html)"
80.57.31.216 - - [17/Nov/2017:11:08:00 +0000] "GET /category/sports HTTP/1.1" 200 48 "http://www.google.com/search?ie=UTF-8&q=google&sclient=psy-ab&q=Sports+Books&oq=Sports+Books&aq=f&aqi=g-vL1&aql=&pbx=1&bav=on.2,or.r_gc.r_pw.r_qf.,cf.osb&biw=2894&bih=448" "Mozilla/5.0 (Windows NT 6.1; WOW64) AppleWebKit/535.11 (KHTML, like Gecko) Chrome/17.0.963.56 Safari/535.11"
216.123.84.162 - - [17/Nov/2017:11:08:05 +0000] "GET /item/networking/322 HTTP/1.1" 200 86 "http://www.google.com/search?ie=UTF-8&q=google&sclient=psy-ab&q=Networking+Software&oq=Networking+Software&aq=f&aqi=g-vL1&aql=&pbx=1&bav=on.2,or.r_gc.r_pw.r_qf.,cf.osb&biw=3270&bih=313" "Mozilla/5.0 (Windows NT 6.0) AppleWebKit/535.11 (KHTML, like Gecko) Chrome/17.0.963.56 Safari/535.11"
144.21.111.211 - - [17/Nov/2017:11:08:10 +0000] "GET /item/computers/3996 HTTP/1.1" 200 70 "-" "Mozilla/4.0 (compatible; MSIE 8.0; Windows NT 6.0; WOW64; Trident/4.0; GTB6; SLCC1; .NET CLR 2.0.50727; Media Center PC 5.0; .NET CLR 3.5.30729; .NET CLR 3.0.30618; .NET4.0C)"
192.213.30.56 - - [17/Nov/2017:11:08:15 +0000] "GET /category/garden HTTP/1.1" 200 114 "-" "Mozilla/5.0 (Windows NT 6.0; rv:10.0.1) Gecko/20100101 Firefox/10.0.1"
172.186.101.199 - - [17/Nov/2017:11:08:20 +0000] "GET /category/books HTTP/1.1" 200 57 "-" "Mozilla/5.0 (compatible; MSIE 9.0; Windows NT 6.1; WOW64; Trident/5.0)"
116.219.67.62 - - [17/Nov/2017:11:08:25 +0000] "GET /item/cameras/1442 HTTP/1.1" 200 56 "/search/?c=Cameras+Software" "Mozilla/5.0 (Windows NT 6.1; WOW64; rv:10.0.1) Gecko/20100101 Firefox/10.0.1"
164.135.167.29 - - [17/Nov/2017:11:08:30 +0000] "GET /item/books/1869 HTTP/1.1" 200 134 "/category/electronics" "Mozilla/4.0 (compatible; MSIE 8.0; Windows NT 5.1; Trident/4.0; YTB720; GTB7.2; .NET CLR 1.1.4322; .NET CLR 2.0.50727; .NET CLR 3.0.4506.2152; .NET CLR 3.5.30729)"
112.102.42.196 - - [17/Nov/2017:11:08:35 +0000] "GET /category/games HTTP/1.1" 200 77 "-" "Mozilla/4.0 (compatible; MSIE 8.0; Windows NT 5.1; Trident/4.0; YTB720; GTB7.2; .NET CLR 1.1.4322; .NET CLR 2.0.50727; .NET CLR 3.0.4506.2152; .NET CLR 3.5.30729)"
180.225.135.58 - - [17/Nov/2017:11:08:40 +0000] "GET /category/games HTTP/1.1" 200 63 "-" "Mozilla/5.0 (Windows NT 6.1; WOW64) AppleWebKit/535.11 (KHTML, like Gecko) Chrome/17.0.963.56 Safari/535.11"
96.108.78.226 - - [17/Nov/2017:11:08:45 +0000] "GET /category/software?from=0 HTTP/1.1" 200 73 "/category/software" "Mozilla/5.0 (compatible; MSIE 9.0; Windows NT 6.1; Trident/5.0)"
52.198.156.151 - - [17/Nov/2017:11:08:50 +0000] "GET /category/electronics HTTP/1.1" 200 130 "/category/electronics" "Mozilla/5.0 (Windows NT 6.1; WOW64; rv:10.0.1) Gecko/20100101 Firefox/10.0.1"
28.27.177.180 - - [17/Nov/2017:11:08:55 +0000] "GET /category/books HTTP/1.1" 200 136 "-" "Mozilla/5.0 (compatible; MSIE 9.0; Windows NT 6.1; Trident/5.0)"
148.213.116.158 - - [17/Nov/2017:11:09:00 +0000] "GET /item/computers/3135 HTTP/1.1" 200 107 "/item/computers/1333" "Mozilla/5.0 (Windows NT 6.1; WOW64) AppleWebKit/535.11 (KHTML, like Gecko) Chrome/17.0.963.56 Safari/535.11"
56.123.71.53 - - [17/Nov/2017:11:09:05 +0000] "POST /search/?c=Books+Jewelry HTTP/1.1" 200 61 "-" "Mozilla/5.0 (Macintosh; Intel Mac OS X 10.6; rv:9.0.1) Gecko/20100101 Firefox/9.0.1"
176.63.110.119 - - [17/Nov/2017:11:09:10 +0000] "GET /category/giftcards?from=0 HTTP/1.1" 200 81 "/category/electronics" "Mozilla/4.0 (compatible; MSIE 8.0; Windows NT 5.1; Trident/4.0; YTB720; GTB7.2; .NET CLR 1.1.4322; .NET CLR 2.0.50727; .NET CLR 3.0.4506.2152; .NET CLR 3.5.30729)"
72.153.193.186 - - [17/Nov/2017:11:09:15 +0000] "GET /item/toys/1283 HTTP/1.1" 200 49 "-" "Mozilla/5.0 (Windows NT 6.1; WOW64) AppleWebKit/535.11 (KHTML, like Gecko) Chrome/17.0.963.56 Safari/535.11"
132.225.76.162 - - [17/Nov/2017:11:09:20 +0000] "GET /item/software/1594 HTTP/1.1" 200 80 "/category/electronics" "Mozilla/5.0 (Windows NT 6.1; WOW64) AppleWebKit/535.7 (KHTML, like Gecko) Chrome/16.0.912.77 Safari/535.7"
76.90.203.178 - - [17/Nov/2017:11:09:25 +0000] "GET /category/toys HTTP/1.1" 200 115 "/category/finance" "Mozilla/5.0 (Windows NT 6.1; WOW64; rv:10.0.1) Gecko/20100101 Firefox/10.0.1"
44.57.212.87 - - [17/Nov/2017:11:09:30 +0000] "POST /search/?c=Electronics+Books HTTP/1.1" 200 134 "/search/?c=Software" "Mozilla/4.0 (compatible; MSIE 8.0; Windows NT 5.1; Trident/4.0; YTB720; GTB7.2; .NET CLR 1.1.4322; .NET CLR 2.0.50727; .NET CLR 3.0.4506.2152; .NET CLR 3.5.30729)"
196.168.130.146 - - [17/Nov/2017:11:09:35 +0000] "GET /category/cameras HTTP/1.1" 200 116 "/category/giftcards" "Mozilla/4.0 (compatible; MSIE 8.0; Windows NT 6.1; Trident/4.0; YTB730; SLCC2; .NET CLR 2.0.50727; .NET CLR 3.5.30729; .NET CLR 3.0.30729; Media Center PC 6.0; .NET4.0C)"
164.63.57.53 - - [17/Nov/2017:11:09:40 +0000] "GET /category/toys?from=20 HTTP/1.1" 200 70 "-" "Mozilla/5.0 (Windows NT 6.1; WOW64) AppleWebKit/535.7 (KHTML, like Gecko) Chrome/16.0.912.77 Safari/535.7"
132.63.161.43 - - [17/Nov/2017:11:09:45 +0000] "GET /category/books HTTP/1.1" 200 131 "-" "Mozilla/5.0 (compatible; MSIE 9.0; Windows NT 6.1; Trident/5.0)"
76.138.226.38 - - [17/Nov/2017:11:09:50 +0000] "GET /category/software HTTP/1.1" 200 48 "/category/software" "Mozilla/5.0 (Windows NT 6.1; WOW64; rv:10.0.1) Gecko/20100101 Firefox/10.0.1"
80.45.35.178 - - [17/Nov/2017:11:09:55 +0000] "GET /item/networking/4421 HTTP/1.1" 200 47 "/search/?c=Networking+Jewelry" "Mozilla/5.0 (Windows NT 6.0; rv:10.0.1) Gecko/20100101 Firefox/10.0.1"
68.207.95.201 - - [17/Nov/2017:11:10:00 +0000] "GET /category/networking HTTP/1.1" 200 94 "/search/?c=Computers+Electronics" "Mozilla/5.0 (Windows NT 6.0; rv:10.0.1) Gecko/20100101 Firefox/10.0.1"
72.111.113.84 - - [17/Nov/2017:11:10:05 +0000] "GET /category/music HTTP/1.1" 200 51 "-" "Mozilla/5.0 (compatible; MSIE 9.0; Windows NT 6.1; Trident/5.0)"
172.45.84.183 - - [17/Nov/2017:11:10:10 +0000] "GET /item/software/4933 HTTP/1.1" 200 52 "/item/office/278" "Mozilla/4.0 (compatible; MSIE 8.0; Windows NT 5.1; Trident/4.0; BTRS122159; GTB7.2; .NET CLR 1.1.4322; .NET CLR 2.0.50727; .NET CLR 3.0.04506.30; .NET CLR 3.0.4506.2152; .NET CLR 3.5.30729; BRI/2)"
104.225.169.202 - - [17/Nov/2017:11:10:15 +0000] "POST /search/?c=Software HTTP/1.1" 200 61 "/category/software" "Mozilla/5.0 (Windows NT 6.1; WOW64) AppleWebKit/535.7 (KHTML, like Gecko) Chrome/16.0.912.77 Safari/535.7"
192.213.24.121 - - [17/Nov/2017:11:10:20 +0000] "GET /item/garden/2308 HTTP/1.1" 200 62 "-" "Mozilla/4.0 (compatible; MSIE 8.0; Windows NT 5.1; Trident/4.0; BTRS122159; GTB7.2; .NET CLR 1.1.4322; .NET CLR 2.0.50727; .NET CLR 3.0.04506.30; .NET CLR 3.0.4506.2152; .NET CLR 3.5.30729; BRI/2)"
172.165.188.104 - - [17/Nov/2017:11:10:25 +0000] "GET /category/electronics HTTP/1.1" 200 84 "/category/sports" "Mozilla/5.0 (Macintosh; Intel Mac OS X 10.6; rv:9.0.1) Gecko/20100101 Firefox/9.0.1"
188.147.180.205 - - [17/Nov/2017:11:10:30 +0000] "GET /item/electronics/4005 HTTP/1.1" 200 107 "/item/office/1686" "Mozilla/5.0 (compatible; Googlebot/2.1; +http://www.google.com/bot.html)"
20.180.93.217 - - [17/Nov/2017:11:10:35 +0000] "POST /search/?c=Garden+Networking HTTP/1.1" 200 130 "-" "Mozilla/5.0 (Windows NT 6.0) AppleWebKit/535.11 (KHTML, like Gecko) Chrome/17.0.963.56 Safari/535.11"
132.120.123.35 - - [17/Nov/2017:11:10:40 +0000] "GET /category/giftcards HTTP/1.1" 200 117 "-" "Mozilla/5.0 (Windows NT 6.1; WOW64) AppleWebKit/535.7 (KHTML, like Gecko) Chrome/16.0.912.77 Safari/535.7"
84.189.117.50 - - [17/Nov/2017:11:10:45 +0000] "GET /item/electronics/4248 HTTP/1.1" 200 48 "/search/?c=Electronics+Health" "Mozilla/4.0 (compatible; MSIE 8.0; Windows NT 6.1; Trident/4.0; YTB730; SLCC2; .NET CLR 2.0.50727; .NET CLR 3.5.30729; .NET CLR 3.0.30729; Media Center PC 6.0; .NET4.0C)"
124.78.114.122 - - [17/Nov/2017:11:10:50 +0000] "GET /category/office HTTP/1.1" 200 128 "/category/software" "Mozilla/4.0 (compatible; MSIE 8.0; Windows NT 5.1; Trident/4.0; YTB720; GTB7.2; .NET CLR 1.1.4322; .NET CLR 2.0.50727; .NET CLR 3.0.4506.2152; .NET CLR 3.5.30729)"
160.177.26.162 - - [17/Nov/2017:11:10:55 +0000] "GET /category/office HTTP/1.1" 200 118 "http://www.google.com/search?ie=UTF-8&q=google&sclient=psy-ab&q=Office+Health&oq=Office+Health&aq=f&aqi=g-vL1&aql=&pbx=1&bav=on.2,or.r_gc.r_pw.r_qf.,cf.osb&biw=1609&bih=123" "Mozilla/4.0 (compatible; MSIE 8.0; Windows NT 6.1; WOW64; Trident/4.0; YTB730; GTB7.2; EasyBits GO v1.0; SLCC2; .NET CLR 2.0.50727; .NET CLR 3.5.30729; .NET CLR 3.0.30729; Media Center PC 6.0; .NET4.0C)"
176.210.158.39 - - [17/Nov/2017:11:11:00 +0000] "GET /item/finance/1639 HTTP/1.1" 200 114 "/search/?c=Finance" "Mozilla/5.0 (Windows NT 6.1; WOW64; rv:10.0.1) Gecko/20100101 Firefox/10.0.1"
192.51.157.22 - - [17/Nov/2017:11:11:05 +0000] "GET /category/software HTTP/1.1" 200 127 "/search/?c=Electronics" "Mozilla/5.0 (Windows NT 6.1; WOW64; rv:10.0.1) Gecko/20100101 Firefox/10.0.1"
216.48.29.169 - - [17/Nov/2017:11:11:10 +0000] "GET /category/software HTTP/1.1" 200 113 "/category/books" "Mozilla/4.0 (compatible; MSIE 8.0; Windows NT 6.1; Trident/4.0; YTB730; SLCC2; .NET CLR 2.0.50727; .NET CLR 3.5.30729; .NET CLR 3.0.30729; Media Center PC 6.0; .NET4.0C)"
192.168.214.196 - - [17/Nov/2017:11:11:15 +0000] "GET /category/software?from=0 HTTP/1.1" 200 91 "-" "Mozilla/5.0 (Windows NT 6.0; rv:10.0.1) Gecko/20100101 Firefox/10.0.1"
140.120.215.134 - - [17/Nov/2017:11:11:20 +0000] "GET /category/software HTTP/1.1" 200 66 "-" "Mozilla/4.0 (compatible; MSIE 8.0; Windows NT 5.1; Trident/4.0; YTB720; GTB7.2; .NET CLR 1.1.4322; .NET CLR 2.0.50727; .NET CLR 3.0.4506.2152; .NET CLR 3.5.30729)"
112.21.69.67 - - [17/Nov/2017:11:11:25 +0000] "GET /category/jewelry HTTP/1.1" 200 40 "http://www.google.com/search?ie=UTF-8&q=google&sclient=psy-ab&q=Jewelry+Software&oq=Jewelry+Software&aq=f&aqi=g-vL1&aql=&pbx=1&bav=on.2,or.r_gc.r_pw.r_qf.,cf.osb&biw=2355&bih=115" "Mozilla/4.0 (compatible; MSIE 8.0; Windows NT 6.0; WOW64; Trident/4.0; GTB6; SLCC1; .NET CLR 2.0.50727; Media Center PC 5.0; .NET CLR 3.5.30729; .NET CLR 3.0.30618; .NET4.0C)"
116.132.223.92 - - [17/Nov/2017:11:11:30 +0000] "GET /category/books?from=10 HTTP/1.1" 200 89 "/category/jewelry" "Mozilla/5.0 (Macintosh; Intel Mac OS X 10.6; rv:9.0.1) Gecko/20100101 Firefox/9.0.1"
104.69.39.75 - - [17/Nov/2017:11:11:35 +0000] "GET /category/computers HTTP/1.1" 200 106 "/item/garden/2971" "Mozilla/5.0 (iPad; CPU OS 5_0_1 like Mac OS X) AppleWebKit/534.46 (KHTML, like Gecko) Version/5.1 Mobile/9A405 Safari/7534.48.3"
224.210.40.49 - - [17/Nov/2017:11:11:40 +0000] "GET /item/music/4004 HTTP/1.1" 200 64 "/category/electronics" "Mozilla/5.0 (Windows NT 6.1; WOW64) AppleWebKit/535.11 (KHTML, like Gecko) Chrome/17.0.963.56 Safari/535.11"
48.213.177.74 - - [17/Nov/2017:11:11:45 +0000] "GET /item/software/2711 HTTP/1.1" 200 89 "/category/software" "Mozilla/5.0 (Windows NT 6.1; WOW64) AppleWebKit/535.7 (KHTML, like Gecko) Chrome/16.0.912.77 Safari/535.7"
92.48.136.180 - - [17/Nov/2017:11:11:50 +0000] "GET /category/electronics HTTP/1.1" 200 72 "-" "Mozilla/4.0 (compatible; MSIE 8.0; Windows NT 5.1; Trident/4.0; YTB720; GTB7.2; .NET CLR 1.1.4322; .NET CLR 2.0.50727; .NET CLR 3.0.4506.2152; .NET CLR 3.5.30729)"
92.117.27.32 - - [17/Nov/2017:11:11:55 +0000] "GET /item/health/4591 HTTP/1.1" 200 101 "-" "Mozilla/5.0 (Windows NT 5.1) AppleWebKit/535.11 (KHTML, like Gecko) Chrome/17.0.963.46 Safari/535.11"
128.177.137.56 - - [17/Nov/2017:11:12:00 +0000] "GET /category/computers?from=0 HTTP/1.1" 200 85 "/item/software/272" "Mozilla/5.0 (Windows NT 6.1; WOW64; rv:10.0.1) Gecko/20100101 Firefox/10.0.1"
40.126.128.141 - - [17/Nov/2017:11:12:05 +0000] "GET /category/networking HTTP/1.1" 200 136 "/item/electronics/4025" "Mozilla/5.0 (compatible; Googlebot/2.1; +http://www.google.com/bot.html)"
148.180.67.120 - - [17/Nov/2017:11:12:10 +0000] "GET /item/games/2215 HTTP/1.1" 200 64 "-" "Mozilla/5.0 (Windows NT 6.1; WOW64) AppleWebKit/535.7 (KHTML, like Gecko) Chrome/16.0.912.77 Safari/535.7"
20.135.151.124 - - [17/Nov/2017:11:12:15 +0000] "GET /category/books HTTP/1.1" 200 131 "/item/software/2629" "Mozilla/5.0 (Windows NT 6.0) AppleWebKit/535.11 (KHTML, like Gecko) Chrome/17.0.963.56 Safari/535.11"
28.150.146.21 - - [17/Nov/2017:11:12:20 +0000] "GET /category/cameras HTTP/1.1" 200 99 "-" "Mozilla/5.0 (compatible; Googlebot/2.1; +http://www.google.com/bot.html)"
148.57.150.184 - - [17/Nov/2017:11:12:25 +0000] "GET /category/toys HTTP/1.1" 200 126 "/category/software?from=10" "Mozilla/5.0 (compatible; Googlebot/2.1; +http://www.google.com/bot.html)"
108.219.222.220 - - [17/Nov/2017:11:12:30 +0000] "GET /category/electronics HTTP/1.1" 200 78 "-" "Mozilla/5.0 (Macintosh; Intel Mac OS X 10.6; rv:9.0.1) Gecko/20100101 Firefox/9.0.1"
128.36.120.25 - - [17/Nov/2017:11:12:35 +0000] "GET /item/electronics/2049 HTTP/1.1" 200 101 "-" "Mozilla/5.0 (compatible; Googlebot/2.1; +http://www.google.com/bot.html)"
212.156.57.223 - - [17/Nov/2017:11:12:40 +0000] "GET /item/books/4818 HTTP/1.1" 200 71 "/category/books" "Mozilla/5.0 (iPad; CPU OS 5_0_1 like Mac OS X) AppleWebKit/534.46 (KHTML, like Gecko) Version/5.1 Mobile/9A405 Safari/7534.48.3"
40.126.128.141 - - [17/Nov/2017:11:12:45 +0000] "GET /category/cameras HTTP/1.1" 200 99 "-" "Mozilla/5.0 (compatible; Googlebot/2.1; +http://www.google.com/bot.html)"
100.54.120.206 - - [17/Nov/2017:11:12:50 +0000] "GET /item/electronics/2426 HTTP/1.1" 200 91 "/category/electronics" "Mozilla/5.0 (iPad; CPU OS 5_0_1 like Mac OS X) AppleWebKit/534.46 (KHTML, like Gecko) Version/5.1 Mobile/9A405 Safari/7534.48.3"
140.36.89.127 - - [17/Nov/2017:11:12:55 +0000] "GET /category/office HTTP/1.1" 200 86 "/search/?c=Networking+Networking" "Mozilla/5.0 (Windows NT 6.0; rv:10.0.1) Gecko/20100101 Firefox/10.0.1"
40.180.101.220 - - [17/Nov/2017:11:13:00 +0000] "GET /category/software HTTP/1.1" 200 134 "-" "Mozilla/4.0 (compatible; MSIE 8.0; Windows NT 6.1; Trident/4.0; YTB730; SLCC2; .NET CLR 2.0.50727; .NET CLR 3.5.30729; .NET CLR 3.0.30729; Media Center PC 6.0; .NET4.0C)"
136.21.168.104 - - [17/Nov/2017:11:13:05 +0000] "GET /item/software/2490 HTTP/1.1" 200 51 "/item/finance/2872" "Mozilla/4.0 (compatible; MSIE 8.0; Windows NT 6.1; WOW64; Trident/4.0; YTB730; GTB7.2; EasyBits GO v1.0; SLCC2; .NET CLR 2.0.50727; .NET CLR 3.5.30729; .NET CLR 3.0.30729; Media Center PC 6.0; .NET4.0C)"
176.117.229.92 - - [17/Nov/2017:11:13:10 +0000] "GET /category/cameras HTTP/1.1" 200 77 "-" "Mozilla/5.0 (compatible; MSIE 9.0; Windows NT 6.1; WOW64; Trident/5.0)"
132.192.89.145 - - [17/Nov/2017:11:13:15 +0000] "GET /category/electronics HTTP/1.1" 200 125 "/item/software/2103" "Mozilla/4.0 (compatible; MSIE 8.0; Windows NT 5.1; Trident/4.0; YTB720; GTB7.2; .NET CLR 1.1.4322; .NET CLR 2.0.50727; .NET CLR 3.0.4506.2152; .NET CLR 3.5.30729)"
148.213.116.158 - - [17/Nov/2017:11:13:20 +0000] "GET /item/games/3164 HTTP/1.1" 200 49 "/item/garden/4029" "Mozilla/5.0 (iPhone; CPU iPhone OS 5_0_1 like Mac OS X) AppleWebKit/534.46 (KHTML, like Gecko) Version/5.1 Mobile/9A405 Safari/7534.48.3"
104.216.208.39 - - [17/Nov/2017:11:13:25 +0000] "GET /category/software HTTP/1.1" 200 58 "-" "Mozilla/5.0 (Macintosh; Intel Mac OS X 10.6; rv:9.0.1) Gecko/20100101 Firefox/9.0.1"
196.57.135.222 - - [17/Nov/2017:11:13:30 +0000] "GET /category/cameras HTTP/1.1" 200 47 "-" "Mozilla/5.0 (compatible; Googlebot/2.1; +http://www.google.com/bot.html)"
40.54.165.166 - - [17/Nov/2017:11:13:35 +0000] "GET /category/cameras HTTP/1.1" 200 127 "/category/networking" "Mozilla/5.0 (iPad; CPU OS 5_0_1 like Mac OS X) AppleWebKit/534.46 (KHTML, like Gecko) Version/5.1 Mobile/9A405 Safari/7534.48.3"
40.126.50.218 - - [17/Nov/2017:11:13:40 +0000] "GET /category/jewelry HTTP/1.1" 200 40 "/category/giftcards?from=0" "Mozilla/5.0 (compatible; Googlebot/2.1; +http://www.google.com/bot.html)"
96.183.135.66 - - [17/Nov/2017:11:13:45 +0000] "GET /category/games HTTP/1.1" 200 96 "-" "Mozilla/5.0 (Windows NT 6.1; WOW64) AppleWebKit/535.7 (KHTML, like Gecko) Chrome/16.0.912.77 Safari/535.7"
144.72.194.63 - - [17/Nov/2017:11:13:50 +0000] "GET /category/garden HTTP/1.1" 200 126 "-" "Mozilla/5.0 (Windows NT 6.1; WOW64) AppleWebKit/535.11 (KHTML, like Gecko) Chrome/17.0.963.56 Safari/535.11"
152.21.213.161 - - [17/Nov/2017:11:13:55 +0000] "GET /item/software/1768 HTTP/1.1" 200 96 "/category/software" "Mozilla/5.0 (iPad; CPU OS 5_0_1 like Mac OS X) AppleWebKit/534.46 (KHTML, like Gecko) Version/5.1 Mobile/9A405 Safari/7534.48.3"
152.63.117.36 - - [17/Nov/2017:11:14:00 +0000] "GET /category/electronics HTTP/1.1" 200 115 "-" "Mozilla/4.0 (compatible; MSIE 8.0; Windows NT 5.1; Trident/4.0; BTRS122159; GTB7.2; .NET CLR 1.1.4322; .NET CLR 2.0.50727; .NET CLR 3.0.04506.30; .NET CLR 3.0.4506.2152; .NET CLR 3.5.30729; BRI/2)"
36.219.69.202 - - [17/Nov/2017:11:14:05 +0000] "GET /category/books HTTP/1.1" 200 55 "/item/electronics/4582" "Mozilla/4.0 (compatible; MSIE 8.0; Windows NT 5.1; Trident/4.0; YTB720; GTB7.2; .NET CLR 1.1.4322; .NET CLR 2.0.50727; .NET CLR 3.0.4506.2152; .NET CLR 3.5.30729)"
88.195.115.100 - - [17/Nov/2017:11:14:10 +0000] "GET /category/software HTTP/1.1" 200 58 "/category/software" "Mozilla/5.0 (Windows NT 6.1; WOW64; rv:10.0.1) Gecko/20100101 Firefox/10.0.1"
164.210.109.27 - - [17/Nov/2017:11:14:15 +0000] "GET /category/software HTTP/1.1" 200 93 "-" "Mozilla/5.0 (Windows NT 6.0; rv:10.0.1) Gecko/20100101 Firefox/10.0.1"
224.177.225.75 - - [17/Nov/2017:11:14:20 +0000] "GET /category/garden HTTP/1.1" 200 117 "-" "Mozilla/5.0 (iPad; CPU OS 5_0_1 like Mac OS X) AppleWebKit/534.46 (KHTML, like Gecko) Version/5.1 Mobile/9A405 Safari/7534.48.3"
100.66.170.80 - - [17/Nov/2017:11:14:25 +0000] "GET /category/computers HTTP/1.1" 200 87 "-" "Mozilla/5.0 (Macintosh; Intel Mac OS X 10.6; rv:9.0.1) Gecko/20100101 Firefox/9.0.1"
216.177.42.228 - - [17/Nov/2017:11:14:30 +0000] "GET /category/networking HTTP/1.1" 200 87 "-" "Mozilla/5.0 (compatible; Googlebot/2.1; +http://www.google.com/bot.html)"
184.30.98.141 - - [17/Nov/2017:11:14:35 +0000] "GET /item/garden/995 HTTP/1.1" 200 77 "/item/finance/2549" "Mozilla/5.0 (compatible; MSIE 9.0; Windows NT 6.1; WOW64; Trident/5.0)"
184.189.139.105 - - [17/Nov/2017:11:14:40 +0000] "GET /category/computers HTTP/1.1" 200 48 "-" "Mozilla/4.0 (compatible; MSIE 8.0; Windows NT 5.1; Trident/4.0; YTB720; GTB7.2; .NET CLR 1.1.4322; .NET CLR 2.0.50727; .NET CLR 3.0.4506.2152; .NET CLR 3.5.30729)"
128.222.178.102 - - [17/Nov/2017:11:14:45 +0000] "GET /category/electronics HTTP/1.1" 200 96 "/item/electronics/1466" "Mozilla/4.0 (compatible; MSIE 8.0; Windows NT 6.1; WOW64; Trident/4.0; YTB730; GTB7.2; EasyBits GO v1.0; SLCC2; .NET CLR 2.0.50727; .NET CLR 3.5.30729; .NET CLR 3.0.30729; Media Center PC 6.0; .NET4.0C)"
168.225.50.133 - - [17/Nov/2017:11:14:50 +0000] "GET /category/electronics HTTP/1.1" 200 51 "-" "Mozilla/4.0 (compatible; MSIE 8.0; Windows NT 6.0; WOW64; Trident/4.0; GTB6; SLCC1; .NET CLR 2.0.50727; Media Center PC 5.0; .NET CLR 3.5.30729; .NET CLR 3.0.30618; .NET4.0C)"
44.123.149.113 - - [17/Nov/2017:11:14:55 +0000] "GET /category/software HTTP/1.1" 200 116 "/category/music?from=20" "Mozilla/5.0 (Macintosh; Intel Mac OS X 10.6; rv:9.0.1) Gecko/20100101 Firefox/9.0.1"
208.54.112.203 - - [17/Nov/2017:11:15:00 +0000] "GET /category/software HTTP/1.1" 200 42 "-" "Mozilla/5.0 (compatible; Googlebot/2.1; +http://www.google.com/bot.html)"
116.39.203.186 - - [17/Nov/2017:11:15:05 +0000] "GET /category/office HTTP/1.1" 200 136 "-" "Mozilla/5.0 (compatible; MSIE 9.0; Windows NT 6.1; WOW64; Trident/5.0)"
48.105.184.168 - - [17/Nov/2017:11:15:10 +0000] "GET /category/electronics HTTP/1.1" 200 128 "/category/electronics" "Mozilla/5.0 (Windows NT 6.0) AppleWebKit/535.11 (KHTML, like Gecko) Chrome/17.0.963.56 Safari/535.11"
196.225.41.136 - - [17/Nov/2017:11:15:15 +0000] "GET /category/cameras HTTP/1.1" 200 99 "-" "Mozilla/5.0 (Macintosh; Intel Mac OS X 10.6; rv:9.0.1) Gecko/20100101 Firefox/9.0.1"
120.144.87.152 - - [17/Nov/2017:11:15:20 +0000] "GET /category/cameras HTTP/1.1" 200 66 "http://www.google.com/search?ie=UTF-8&q=google&sclient=psy-ab&q=Cameras+Books&oq=Cameras+Books&aq=f&aqi=g-vL1&aql=&pbx=1&bav=on.2,or.r_gc.r_pw.r_qf.,cf.osb&biw=4894&bih=53" "Mozilla/5.0 (Windows NT 6.1; WOW64) AppleWebKit/535.11 (KHTML, like Gecko) Chrome/17.0.963.56 Safari/535.11"
148.90.219.96 - - [17/Nov/2017:11:15:25 +0000] "GET /item/games/4604 HTTP/1.1" 200 54 "/search/?c=Games" "Mozilla/5.0 (Windows NT 6.1; WOW64) AppleWebKit/535.7 (KHTML, like Gecko) Chrome/16.0.912.77 Safari/535.7"
92.102.204.173 - - [17/Nov/2017:11:15:30 +0000] "GET /category/finance HTTP/1.1" 200 76 "-" "Mozilla/5.0 (Windows NT 6.1; WOW64) AppleWebKit/535.7 (KHTML, like Gecko) Chrome/16.0.912.77 Safari/535.7"
188.54.62.28 - - [17/Nov/2017:11:15:35 +0000] "GET /category/electronics HTTP/1.1" 200 80 "-" "Mozilla/4.0 (compatible; MSIE 8.0; Windows NT 5.1; Trident/4.0; BTRS122159; GTB7.2; .NET CLR 1.1.4322; .NET CLR 2.0.50727; .NET CLR 3.0.04506.30; .NET CLR 3.0.4506.2152; .NET CLR 3.5.30729; BRI/2)"
96.195.97.48 - - [17/Nov/2017:11:15:40 +0000] "GET /category/games HTTP/1.1" 200 57 "/item/electronics/4030" "Mozilla/5.0 (compatible; MSIE 9.0; Windows NT 6.1; Trident/5.0)"
200.186.57.64 - - [17/Nov/2017:11:15:45 +0000] "GET /item/software/1876 HTTP/1.1" 200 42 "-" "Mozilla/5.0 (iPhone; CPU iPhone OS 5_0_1 like Mac OS X) AppleWebKit/534.46 (KHTML, like Gecko) Version/5.1 Mobile/9A405 Safari/7534.48.3"
116.219.67.62 - - [17/Nov/2017:11:15:50 +0000] "GET /category/books HTTP/1.1" 200 40 "-" "Mozilla/5.0 (Windows NT 6.1; WOW64; rv:10.0.1) Gecko/20100101 Firefox/10.0.1"
28.132.108.116 - - [17/Nov/2017:11:15:55 +0000] "GET /item/electronics/3314 HTTP/1.1" 200 46 "/item/finance/3226" "Mozilla/5.0 (compatible; MSIE 9.0; Windows NT 6.1; Trident/5.0)"
84.225.150.149 - - [17/Nov/2017:11:16:00 +0000] "GET /category/giftcards HTTP/1.1" 200 138 "/search/?c=Finance" "Mozilla/5.0 (Macintosh; Intel Mac OS X 10.6; rv:9.0.1) Gecko/20100101 Firefox/9.0.1"
160.78.211.42 - - [17/Nov/2017:11:16:05 +0000] "GET /category/software HTTP/1.1" 200 123 "/search/?c=Garden+Networking" "Mozilla/5.0 (compatible; MSIE 9.0; Windows NT 6.1; WOW64; Trident/5.0)"
36.183.156.215 - - [17/Nov/2017:11:16:10 +0000] "POST /search/?c=Electronics HTTP/1.1" 200 73 "/item/electronics/2795" "Mozilla/5.0 (Windows NT 6.0) AppleWebKit/535.11 (KHTML, like Gecko) Chrome/17.0.963.56 Safari/535.11"
48.39.50.112 - - [17/Nov/2017:11:16:15 +0000] "GET /item/networking/3979 HTTP/1.1" 200 66 "-" "Mozilla/5.0 (compatible; MSIE 9.0; Windows NT 6.1; WOW64; Trident/5.0)"
180.192.53.62 - - [17/Nov/2017:11:16:20 +0000] "GET /category/software HTTP/1.1" 200 66 "/item/software/3523" "Mozilla/4.0 (compatible; MSIE 8.0; Windows NT 5.1; Trident/4.0; YTB720; GTB7.2; .NET CLR 1.1.4322; .NET CLR 2.0.50727; .NET CLR 3.0.4506.2152; .NET CLR 3.5.30729)"
176.210.158.39 - - [17/Nov/2017:11:16:25 +0000] "GET /category/jewelry HTTP/1.1" 200 112 "/search/?c=Office+Office" "Mozilla/5.0 (iPad; CPU OS 5_0_1 like Mac OS X) AppleWebKit/534.46 (KHTML, like Gecko) Version/5.1 Mobile/9A405 Safari/7534.48.3"
204.111.23.227 - - [17/Nov/2017:11:16:30 +0000] "POST /search/?c=Software+Games HTTP/1.1" 200 124 "/category/office?from=0" "Mozilla/4.0 (compatible; MSIE 8.0; Windows NT 6.1; Trident/4.0; YTB730; SLCC2; .NET CLR 2.0.50727; .NET CLR 3.5.30729; .NET CLR 3.0.30729; Media Center PC 6.0; .NET4.0C)"
192.93.155.127 - - [17/Nov/2017:11:16:35 +0000] "GET /item/networking/4174 HTTP/1.1" 200 125 "/category/books" "Mozilla/5.0 (Macintosh; Intel Mac OS X 10.6; rv:9.0.1) Gecko/20100101 Firefox/9.0.1"
112.18.198.226 - - [17/Nov/2017:11:16:40 +0000] "POST /search/?c=Games HTTP/1.1" 200 42 "-" "Mozilla/5.0 (Windows NT 6.0; rv:10.0.1) Gecko/20100101 Firefox/10.0.1"
208.150.70.225 - - [17/Nov/2017:11:16:45 +0000] "GET /category/books HTTP/1.1" 200 81 "/category/electronics" "Mozilla/4.0 (compatible; MSIE 8.0; Windows NT 5.1; Trident/4.0; BTRS122159; GTB7.2; .NET CLR 1.1.4322; .NET CLR 2.0.50727; .NET CLR 3.0.04506.30; .NET CLR 3.0.4506.2152; .NET CLR 3.5.30729; BRI/2)"
132.60.108.133 - - [17/Nov/2017:11:16:50 +0000] "GET /item/electronics/4251 HTTP/1.1" 200 139 "/item/finance/1103" "Mozilla/5.0 (Windows NT 6.1; WOW64) AppleWebKit/535.11 (KHTML, like Gecko) Chrome/17.0.963.56 Safari/535.11"
168.108.171.195 - - [17/Nov/2017:11:16:55 +0000] "GET /category/books?from=20 HTTP/1.1" 200 88 "/category/cameras" "Mozilla/5.0 (Windows NT 6.0; rv:10.0.1) Gecko/20100101 Firefox/10.0.1"
116.21.137.191 - - [17/Nov/2017:11:17:00 +0000] "GET /category/electronics?from=0 HTTP/1.1" 200 101 "/category/games" "Mozilla/5.0 (Windows NT 6.1; WOW64) AppleWebKit/535.7 (KHTML, like Gecko) Chrome/16.0.912.77 Safari/535.7"
84.108.138.186 - - [17/Nov/2017:11:17:05 +0000] "GET /category/games HTTP/1.1" 200 133 "/category/books" "Mozilla/5.0 (Windows NT 6.0; rv:10.0.1) Gecko/20100101 Firefox/10.0.1"
100.168.183.82 - - [17/Nov/2017:11:17:10 +0000] "GET /item/books/1785 HTTP/1.1" 200 80 "/item/software/992" "Mozilla/5.0 (Windows NT 6.1; WOW64) AppleWebKit/535.11 (KHTML, like Gecko) Chrome/17.0.963.56 Safari/535.11"
96.144.218.175 - - [17/Nov/2017:11:17:15 +0000] "GET /category/finance HTTP/1.1" 200 124 "-" "Mozilla/5.0 (Windows NT 6.0; rv:10.0.1) Gecko/20100101 Firefox/10.0.1"
64.102.84.121 - - [17/Nov/2017:11:17:20 +0000] "GET /item/finance/3226 HTTP/1.1" 200 48 "/item/cameras/2523" "Mozilla/5.0 (Windows NT 6.1; WOW64) AppleWebKit/535.11 (KHTML, like Gecko) Chrome/17.0.963.56 Safari/535.11"
100.69.57.39 - - [17/Nov/2017:11:17:25 +0000] "POST /search/?c=Toys HTTP/1.1" 200 72 "/search/?c=Books+Jewelry" "Mozilla/5.0 (compatible; MSIE 9.0; Windows NT 6.1; WOW64; Trident/5.0)"
216.183.77.82 - - [17/Nov/2017:11:17:30 +0000] "GET /category/finance HTTP/1.1" 200 98 "/category/electronics" "Mozilla/5.0 (compatible; MSIE 9.0; Windows NT 6.1; Trident/5.0)"
220.99.157.29 - - [17/Nov/2017:11:17:35 +0000] "GET /item/finance/3226 HTTP/1.1" 200 48 "-" "Mozilla/5.0 (compatible; MSIE 9.0; Windows NT 6.1; Trident/5.0)"
124.171.169.38 - - [17/Nov/2017:11:17:40 +0000] "GET /category/networking HTTP/1.1" 200 40 "-" "Mozilla/5.0 (compatible; MSIE 9.0; Windows NT 6.1; Trident/5.0)"
120.129.24.195 - - [17/Nov/2017:11:17:45 +0000] "GET /category/jewelry?from=20 HTTP/1.1" 200 127 "/item/electronics/2001" "Mozilla/5.0 (Windows NT 6.1; WOW64) AppleWebKit/535.7 (KHTML, like Gecko) Chrome/16.0.912.77 Safari/535.7"
84.222.57.97 - - [17/Nov/2017:11:17:50 +0000] "POST /search/?c=Electronics+Electronics HTTP/1.1" 200 69 "-" "Mozilla/5.0 (Windows NT 5.1) AppleWebKit/535.11 (KHTML, like Gecko) Chrome/17.0.963.46 Safari/535.11"
72.129.64.28 - - [17/Nov/2017:11:17:55 +0000] "GET /category/office HTTP/1.1" 200 88 "/item/sports/1656" "Mozilla/4.0 (compatible; MSIE 8.0; Windows NT 6.1; WOW64; Trident/4.0; GTB7.2; SLCC2; .NET CLR 2.0.50727; .NET CLR 3.5.30729; .NET CLR 3.0.30729; Media Center PC 6.0; .NET4.0C)"
92.225.46.39 - - [17/Nov/2017:11:18:00 +0000] "GET /item/software/2699 HTTP/1.1" 200 50 "/item/giftcards/3275" "Mozilla/5.0 (Windows NT 6.1; WOW64) AppleWebKit/535.7 (KHTML, like Gecko) Chrome/16.0.912.77 Safari/535.7"
200.144.113.93 - - [17/Nov/2017:11:18:05 +0000] "GET /item/computers/2093 HTTP/1.1" 200 91 "/item/office/2904" "Mozilla/5.0 (Windows NT 6.1; WOW64; rv:10.0.1) Gecko/20100101 Firefox/10.0.1"
196.225.171.61 - - [17/Nov/2017:11:18:10 +0000] "GET /item/software/155 HTTP/1.1" 200 61 "/category/software" "Mozilla/5.0 (iPhone; CPU iPhone OS 5_0_1 like Mac OS X) AppleWebKit/534.46 (KHTML, like Gecko) Version/5.1 Mobile/9A405 Safari/7534.48.3"
132.72.140.78 - - [17/Nov/2017:11:18:15 +0000] "GET /item/games/110 HTTP/1.1" 200 48 "http://www.google.com/search?ie=UTF-8&q=google&sclient=psy-ab&q=Games+Computers&oq=Games+Computers&aq=f&aqi=g-vL1&aql=&pbx=1&bav=on.2,or.r_gc.r_pw.r_qf.,cf.osb&biw=4737&bih=191" "Mozilla/5.0 (compatible; MSIE 9.0; Windows NT 6.1; Trident/5.0)"
92.204.226.50 - - [17/Nov/2017:11:18:20 +0000] "GET /category/music HTTP/1.1" 200 117 "/category/toys" "Mozilla/5.0 (compatible; Googlebot/2.1; +http://www.google.com/bot.html)"
192.42.201.189 - - [17/Nov/2017:11:18:25 +0000] "GET /category/jewelry HTTP/1.1" 200 78 "/category/giftcards" "Mozilla/4.0 (compatible; MSIE 8.0; Windows NT 5.1; Trident/4.0; YTB720; GTB7.2; .NET CLR 1.1.4322; .NET CLR 2.0.50727; .NET CLR 3.0.4506.2152; .NET CLR 3.5.30729)"
36.33.116.55 - - [17/Nov/2017:11:18:30 +0000] "GET /category/networking?from=20 HTTP/1.1" 200 133 "/search/?c=Networking" "Mozilla/5.0 (Windows NT 5.1) AppleWebKit/535.11 (KHTML, like Gecko) Chrome/17.0.963.46 Safari/535.11"
200.189.168.228 - - [17/Nov/2017:11:18:35 +0000] "GET /category/games?from=10 HTTP/1.1" 200 124 "-" "Mozilla/4.0 (compatible; MSIE 8.0; Windows NT 5.1; Trident/4.0; BTRS122159; GTB7.2; .NET CLR 1.1.4322; .NET CLR 2.0.50727; .NET CLR 3.0.04506.30; .NET CLR 3.0.4506.2152; .NET CLR 3.5.30729; BRI/2)"
208.180.46.35 - - [17/Nov/2017:11:18:40 +0000] "GET /category/garden HTTP/1.1" 200 77 "/item/garden/1634" "Mozilla/5.0 (compatible; MSIE 9.0; Windows NT 6.1; Trident/5.0)"
60.225.108.28 - - [17/Nov/2017:11:18:45 +0000] "GET /category/software HTTP/1.1" 200 100 "/category/finance" "Mozilla/5.0 (compatible; MSIE 9.0; Windows NT 6.1; WOW64; Trident/5.0)"
224.129.127.102 - - [17/Nov/2017:11:18:50 +0000] "GET /item/sports/1656 HTTP/1.1" 200 118 "-" "Mozilla/5.0 (compatible; Googlebot/2.1; +http://www.google.com/bot.html)"
108.93.215.147 - - [17/Nov/2017:11:18:55 +0000] "GET /category/giftcards HTTP/1.1" 200 81 "/category/electronics?from=20" "Mozilla/5.0 (Macintosh; Intel Mac OS X 10.6; rv:9.0.1) Gecko/20100101 Firefox/9.0.1"
224.27.58.174 - - [17/Nov/2017:11:19:00 +0000] "GET /item/jewelry/1164 HTTP/1.1" 200 106 "-" "Mozilla/5.0 (Windows NT 6.1; WOW64) AppleWebKit/535.11 (KHTML, like Gecko) Chrome/17.0.963.56 Safari/535.11"
104.54.191.185 - - [17/Nov/2017:11:19:05 +0000] "GET /category/software HTTP/1.1" 200 55 "/item/office/4595" "Mozilla/5.0 (Windows NT 6.0; rv:10.0.1) Gecko/20100101 Firefox/10.0.1"
132.120.123.35 - - [17/Nov/2017:11:19:10 +0000] "GET /category/garden HTTP/1.1" 200 97 "/category/games?from=0" "Mozilla/5.0 (Windows NT 6.1; WOW64) AppleWebKit/535.7 (KHTML, like Gecko) Chrome/16.0.912.77 Safari/535.7"
60.126.223.156 - - [17/Nov/2017:11:19:15 +0000] "GET /item/jewelry/4156 HTTP/1.1" 200 71 "/category/games" "Mozilla/4.0 (compatible; MSIE 8.0; Windows NT 6.0; WOW64; Trident/4.0; GTB6; SLCC1; .NET CLR 2.0.50727; Media Center PC 5.0; .NET CLR 3.5.30729; .NET CLR 3.0.30618; .NET4.0C)"
216.156.23.194 - - [17/Nov/2017:11:19:20 +0000] "GET /item/garden/1220 HTTP/1.1" 200 112 "/category/garden" "Mozilla/5.0 (Macintosh; Intel Mac OS X 10.6; rv:9.0.1) Gecko/20100101 Firefox/9.0.1"
164.75.155.177 - - [17/Nov/2017:11:19:25 +0000] "GET /item/games/4398 HTTP/1.1" 200 112 "-" "Mozilla/4.0 (compatible; MSIE 8.0; Windows NT 6.1; Trident/4.0; YTB730; SLCC2; .NET CLR 2.0.50727; .NET CLR 3.5.30729; .NET CLR 3.0.30729; Media Center PC 6.0; .NET4.0C)"
208.21.55.191 - - [17/Nov/2017:11:19:30 +0000] "GET /category/electronics HTTP/1.1" 200 126 "/item/electronics/1042" "Mozilla/5.0 (compatible; Googlebot/2.1; +http://www.google.com/bot.html)"
144.225.225.182 - - [17/Nov/2017:11:19:35 +0000] "GET /category/office HTTP/1.1" 200 126 "-" "Mozilla/5.0 (Windows NT 6.0) AppleWebKit/535.11 (KHTML, like Gecko) Chrome/17.0.963.56 Safari/535.11"
196.96.50.86 - - [17/Nov/2017:11:19:40 +0000] "GET /item/software/85 HTTP/1.1" 200 53 "/category/software" "Mozilla/4.0 (compatible; MSIE 8.0; Windows NT 6.1; WOW64; Trident/4.0; YTB730; GTB7.2; SLCC2; .NET CLR 2.0.50727; .NET CLR 3.5.30729; .NET CLR 3.0.30729; .NET4.0C; .NET4.0E; Media Center PC 6.0)"
148.171.78.128 - - [17/Nov/2017:11:19:45 +0000] "GET /category/finance HTTP/1.1" 200 49 "/category/games" "Mozilla/5.0 (Windows NT 6.1; WOW64) AppleWebKit/535.11 (KHTML, like Gecko) Chrome/17.0.963.56 Safari/535.11"
132.141.158.51 - - [17/Nov/2017:11:19:50 +0000] "GET /item/electronics/1628 HTTP/1.1" 200 139 "/item/games/3164" "Mozilla/5.0 (compatible; MSIE 9.0; Windows NT 6.1; WOW64; Trident/5.0)"
176.186.192.119 - - [17/Nov/2017:11:19:55 +0000] "GET /category/books HTTP/1.1" 200 41 "/search/?c=Toys+Toys" "Mozilla/5.0 (iPhone; CPU iPhone OS 5_0_1 like Mac OS X) AppleWebKit/534.46 (KHTML, like Gecko) Version/5.1 Mobile/9A405 Safari/7534.48.3"
84.189.117.50 - - [17/Nov/2017:11:20:00 +0000] "GET /category/books HTTP/1.1" 200 88 "/category/office" "Mozilla/5.0 (Windows NT 5.1) AppleWebKit/535.11 (KHTML, like Gecko) Chrome/17.0.963.46 Safari/535.11"
192.54.221.227 - - [17/Nov/2017:11:20:05 +0000] "POST /search/?c=Electronics+Software HTTP/1.1" 200 67 "/item/books/4818" "Mozilla/5.0 (compatible; MSIE 9.0; Windows NT 6.1; WOW64; Trident/5.0)"
80.75.100.166 - - [17/Nov/2017:11:20:10 +0000] "GET /category/software HTTP/1.1" 200 84 "-" "Mozilla/4.0 (compatible; MSIE 8.0; Windows NT 5.1; Trident/4.0; YTB720; GTB7.2; .NET CLR 1.1.4322; .NET CLR 2.0.50727; .NET CLR 3.0.4506.2152; .NET CLR 3.5.30729)"
56.180.108.75 - - [17/Nov/2017:11:20:15 +0000] "GET /item/electronics/950 HTTP/1.1" 200 92 "/search/?c=Electronics" "Mozilla/5.0 (iPad; CPU OS 5_0_1 like Mac OS X) AppleWebKit/534.46 (KHTML, like Gecko) Version/5.1 Mobile/9A405 Safari/7534.48.3"
56.102.229.220 - - [17/Nov/2017:11:20:20 +0000] "POST /search/?c=Garden+Electronics HTTP/1.1" 200 101 "-" "Mozilla/5.0 (Macintosh; Intel Mac OS X 10.6; rv:9.0.1) Gecko/20100101 Firefox/9.0.1"
212.189.128.184 - - [17/Nov/2017:11:20:25 +0000] "GET /category/books HTTP/1.1" 200 122 "-" "Mozilla/5.0 (Windows NT 6.1; WOW64) AppleWebKit/535.7 (KHTML, like Gecko) Chrome/16.0.912.77 Safari/535.7"
140.120.88.217 - - [17/Nov/2017:11:20:30 +0000] "GET /category/jewelry HTTP/1.1" 200 112 "/category/office" "Mozilla/5.0 (Windows NT 6.1; WOW64; rv:10.0.1) Gecko/20100101 Firefox/10.0.1"
188.66.87.61 - - [17/Nov/2017:11:20:35 +0000] "GET /category/music HTTP/1.1" 200 95 "/category/networking?from=20" "Mozilla/5.0 (Windows NT 6.1; WOW64) AppleWebKit/535.7 (KHTML, like Gecko) Chrome/16.0.912.77 Safari/535.7"
200.225.111.124 - - [17/Nov/2017:11:20:40 +0000] "GET /item/health/4591 HTTP/1.1" 200 101 "/item/electronics/2001" "Mozilla/5.0 (Windows NT 6.0) AppleWebKit/535.11 (KHTML, like Gecko) Chrome/17.0.963.56 Safari/535.11"
224.192.71.37 - - [17/Nov/2017:11:20:45 +0000] "GET /category/software HTTP/1.1" 200 77 "-" "Mozilla/5.0 (Windows NT 6.0; rv:10.0.1) Gecko/20100101 Firefox/10.0.1"
196.195.42.66 - - [17/Nov/2017:11:20:50 +0000] "GET /category/electronics?from=20 HTTP/1.1" 200 52 "-" "Mozilla/4.0 (compatible; MSIE 8.0; Windows NT 5.1; Trident/4.0; YTB720; GTB7.2; .NET CLR 1.1.4322; .NET CLR 2.0.50727; .NET CLR 3.0.4506.2152; .NET CLR 3.5.30729)"
36.180.97.199 - - [17/Nov/2017:11:20:55 +0000] "GET /category/electronics HTTP/1.1" 200 51 "-" "Mozilla/5.0 (Windows NT 6.0) AppleWebKit/535.11 (KHTML, like Gecko) Chrome/17.0.963.56 Safari/535.11"
100.171.120.84 - - [17/Nov/2017:11:21:00 +0000] "GET /item/sports/13 HTTP/1.1" 200 100 "/category/games" "Mozilla/5.0 (Windows NT 6.1; WOW64; rv:10.0.1) Gecko/20100101 Firefox/10.0.1"
84.150.155.34 - - [17/Nov/2017:11:21:05 +0000] "GET /category/software?from=10 HTTP/1.1" 200 95 "/category/office" "Mozilla/5.0 (compatible; MSIE 9.0; Windows NT 6.1; Trident/5.0)"
224.87.180.175 - - [17/Nov/2017:11:21:10 +0000] "GET /category/health HTTP/1.1" 200 132 "-" "Mozilla/5.0 (Windows NT 6.1; WOW64) AppleWebKit/535.11 (KHTML, like Gecko) Chrome/17.0.963.56 Safari/535.11"
48.75.157.55 - - [17/Nov/2017:11:21:15 +0000] "GET /item/networking/322 HTTP/1.1" 200 86 "-" "Mozilla/5.0 (Macintosh; Intel Mac OS X 10.6; rv:9.0.1) Gecko/20100101 Firefox/9.0.1"
144.105.154.81 - - [17/Nov/2017:11:21:20 +0000] "GET /item/software/2434 HTTP/1.1" 200 120 "/category/software" "Mozilla/5.0 (Windows NT 6.1; WOW64; rv:10.0.1) Gecko/20100101 Firefox/10.0.1"
140.216.85.20 - - [17/Nov/2017:11:21:25 +0000] "GET /category/garden HTTP/1.1" 200 126 "/category/games" "Mozilla/4.0 (compatible; MSIE 8.0; Windows NT 6.1; WOW64; Trident/4.0; YTB730; GTB7.2; EasyBits GO v1.0; SLCC2; .NET CLR 2.0.50727; .NET CLR 3.5.30729; .NET CLR 3.0.30729; Media Center PC 6.0; .NET4.0C)"
204.219.223.54 - - [17/Nov/2017:11:21:30 +0000] "GET /category/jewelry HTTP/1.1" 200 82 "-" "Mozilla/5.0 (compatible; MSIE 9.0; Windows NT 6.1; Trident/5.0)"
180.96.213.98 - - [17/Nov/2017:11:21:35 +0000] "POST /search/?c=Jewelry+Games HTTP/1.1" 200 129 "-" "Mozilla/4.0 (compatible; MSIE 8.0; Windows NT 5.1; Trident/4.0; BTRS122159; GTB7.2; .NET CLR 1.1.4322; .NET CLR 2.0.50727; .NET CLR 3.0.04506.30; .NET CLR 3.0.4506.2152; .NET CLR 3.5.30729; BRI/2)"
196.168.130.146 - - [17/Nov/2017:11:21:40 +0000] "GET /category/office HTTP/1.1" 200 132 "/category/electronics" "Mozilla/4.0 (compatible; MSIE 8.0; Windows NT 6.1; Trident/4.0; YTB730; SLCC2; .NET CLR 2.0.50727; .NET CLR 3.5.30729; .NET CLR 3.0.30729; Media Center PC 6.0; .NET4.0C)"
144.222.227.44 - - [17/Nov/2017:11:21:45 +0000] "POST /search/?c=Garden HTTP/1.1" 200 120 "-" "Mozilla/5.0 (Windows NT 6.1; WOW64) AppleWebKit/535.11 (KHTML, like Gecko) Chrome/17.0.963.56 Safari/535.11"
116.36.140.116 - - [17/Nov/2017:11:21:50 +0000] "GET /category/computers HTTP/1.1" 200 131 "/item/jewelry/4156" "Mozilla/5.0 (compatible; MSIE 9.0; Windows NT 6.1; WOW64; Trident/5.0)"
168.183.144.126 - - [17/Nov/2017:11:21:55 +0000] "GET /category/games HTTP/1.1" 200 59 "http://www.google.com/search?ie=UTF-8&q=google&sclient=psy-ab&q=Games+Giftcards&oq=Games+Giftcards&aq=f&aqi=g-vL1&aql=&pbx=1&bav=on.2,or.r_gc.r_pw.r_qf.,cf.osb&biw=4646&bih=339" "Mozilla/5.0 (Macintosh; Intel Mac OS X 10.6; rv:9.0.1) Gecko/20100101 Firefox/9.0.1"
72.45.161.107 - - [17/Nov/2017:11:22:00 +0000] "GET /category/software HTTP/1.1" 200 123 "-" "Mozilla/5.0 (compatible; MSIE 9.0; Windows NT 6.1; WOW64; Trident/5.0)"
192.108.192.88 - - [17/Nov/2017:11:22:05 +0000] "GET /category/electronics HTTP/1.1" 200 49 "/category/electronics" "Mozilla/5.0 (Macintosh; Intel Mac OS X 10.6; rv:9.0.1) Gecko/20100101 Firefox/9.0.1"
68.33.56.24 - - [17/Nov/2017:11:22:10 +0000] "GET /category/games HTTP/1.1" 200 49 "-" "Mozilla/5.0 (iPad; CPU OS 5_0_1 like Mac OS X) AppleWebKit/534.46 (KHTML, like Gecko) Version/5.1 Mobile/9A405 Safari/7534.48.3"
40.126.194.206 - - [17/Nov/2017:11:22:15 +0000] "GET /item/jewelry/428 HTTP/1.1" 200 53 "/search/?c=Jewelry+Cameras" "Mozilla/5.0 (Windows NT 6.1; WOW64) AppleWebKit/535.7 (KHTML, like Gecko) Chrome/16.0.912.77 Safari/535.7"
164.213.39.153 - - [17/Nov/2017:11:22:20 +0000] "GET /category/books HTTP/1.1" 200 126 "-" "Mozilla/5.0 (Windows NT 6.1; WOW64) AppleWebKit/535.7 (KHTML, like Gecko) Chrome/16.0.912.77 Safari/535.7"
184.135.39.104 - - [17/Nov/2017:11:22:25 +0000] "GET /category/electronics?from=0 HTTP/1.1" 200 71 "/category/electronics" "Mozilla/5.0 (Windows NT 6.1; WOW64) AppleWebKit/535.7 (KHTML, like Gecko) Chrome/16.0.912.77 Safari/535.7"
20.45.200.182 - - [17/Nov/2017:11:22:30 +0000] "GET /item/electronics/3882 HTTP/1.1" 200 94 "/item/music/532" "Mozilla/5.0 (Windows NT 6.0) AppleWebKit/535.11 (KHTML, like Gecko) Chrome/17.0.963.56 Safari/535.11"
176.63.110.119 - - [17/Nov/2017:11:22:35 +0000] "GET /category/books HTTP/1.1" 200 136 "/item/office/2855" "Mozilla/5.0 (Windows NT 6.1; WOW64; rv:10.0.1) Gecko/20100101 Firefox/10.0.1"
216.159.84.36 - - [17/Nov/2017:11:22:40 +0000] "POST /search/?c=Books+Jewelry HTTP/1.1" 200 61 "-" "Mozilla/5.0 (iPad; CPU OS 5_0_1 like Mac OS X) AppleWebKit/534.46 (KHTML, like Gecko) Version/5.1 Mobile/9A405 Safari/7534.48.3"
208.171.120.182 - - [17/Nov/2017:11:22:45 +0000] "GET /category/electronics HTTP/1.1" 200 139 "-" "Mozilla/5.0 (compatible; Googlebot/2.1; +http://www.google.com/bot.html)"
120.171.185.176 - - [17/Nov/2017:11:22:50 +0000] "GET /item/garden/2199 HTTP/1.1" 200 74 "/category/jewelry" "Mozilla/5.0 (Macintosh; Intel Mac OS X 10.6; rv:9.0.1) Gecko/20100101 Firefox/9.0.1"
108.27.225.109 - - [17/Nov/2017:11:22:55 +0000] "GET /category/electronics HTTP/1.1" 200 47 "-" "Mozilla/5.0 (Windows NT 6.1; WOW64) AppleWebKit/535.11 (KHTML, like Gecko) Chrome/17.0.963.56 Safari/535.11"
204.189.85.23 - - [17/Nov/2017:11:23:00 +0000] "GET /item/electronics/1270 HTTP/1.1" 200 107 "/item/electronics/367" "Mozilla/5.0 (compatible; MSIE 9.0; Windows NT 6.1; WOW64; Trident/5.0)"
148.57.150.184 - - [17/Nov/2017:11:23:05 +0000] "GET /item/software/1950 HTTP/1.1" 200 117 "/item/health/2887" "Mozilla/4.0 (compatible; MSIE 8.0; Windows NT 6.1; WOW64; Trident/4.0; YTB730; GTB7.2; EasyBits GO v1.0; SLCC2; .NET CLR 2.0.50727; .NET CLR 3.5.30729; .NET CLR 3.0.30729; Media Center PC 6.0; .NET4.0C)"
84.72.133.74 - - [17/Nov/2017:11:23:10 +0000] "POST /search/?c=Games+Electronics HTTP/1.1" 200 81 "/item/electronics/2451" "Mozilla/5.0 (Windows NT 6.0) AppleWebKit/535.11 (KHTML, like Gecko) Chrome/17.0.963.56 Safari/535.11"
60.165.28.148 - - [17/Nov/2017:11:23:15 +0000] "GET /category/games HTTP/1.1" 200 83 "-" "Mozilla/5.0 (Windows NT 6.1; WOW64; rv:10.0.1) Gecko/20100101 Firefox/10.0.1"
148.84.100.197 - - [17/Nov/2017:11:23:20 +0000] "GET /item/computers/1943 HTTP/1.1" 200 77 "-" "Mozilla/5.0 (Windows NT 6.0; rv:10.0.1) Gecko/20100101 Firefox/10.0.1"
40.27.108.131 - - [17/Nov/2017:11:23:25 +0000] "GET /item/electronics/2606 HTTP/1.1" 200 138 "/category/electronics" "Mozilla/5.0 (Macintosh; Intel Mac OS X 10.6; rv:9.0.1) Gecko/20100101 Firefox/9.0.1"
20.84.216.48 - - [17/Nov/2017:11:23:30 +0000] "GET /item/health/2403 HTTP/1.1" 200 112 "/category/books" "Mozilla/5.0 (Windows NT 6.1; WOW64; rv:10.0.1) Gecko/20100101 Firefox/10.0.1"
176.171.208.90 - - [17/Nov/2017:11:23:35 +0000] "GET /item/electronics/2606 HTTP/1.1" 200 138 "-" "Mozilla/5.0 (Windows NT 6.0; rv:10.0.1) Gecko/20100101 Firefox/10.0.1"
216.123.39.202 - - [17/Nov/2017:11:23:40 +0000] "GET /item/electronics/2792 HTTP/1.1" 200 114 "/search/?c=Electronics+Networking" "Mozilla/5.0 (Windows NT 6.1; WOW64) AppleWebKit/535.11 (KHTML, like Gecko) Chrome/17.0.963.56 Safari/535.11"
20.69.121.129 - - [17/Nov/2017:11:23:45 +0000] "GET /category/books HTTP/1.1" 200 81 "-" "Mozilla/5.0 (Windows NT 6.0; rv:10.0.1) Gecko/20100101 Firefox/10.0.1"
72.156.55.140 - - [17/Nov/2017:11:23:50 +0000] "POST /search/?c=Games HTTP/1.1" 200 48 "/item/giftcards/202" "Mozilla/5.0 (compatible; MSIE 9.0; Windows NT 6.1; WOW64; Trident/5.0)"
36.33.116.55 - - [17/Nov/2017:11:23:55 +0000] "GET /item/health/4912 HTTP/1.1" 200 105 "/item/books/3487" "Mozilla/4.0 (compatible; MSIE 8.0; Windows NT 6.1; WOW64; Trident/4.0; YTB730; GTB7.2; EasyBits GO v1.0; SLCC2; .NET CLR 2.0.50727; .NET CLR 3.5.30729; .NET CLR 3.0.30729; Media Center PC 6.0; .NET4.0C)"
164.42.137.37 - - [17/Nov/2017:11:24:00 +0000] "GET /category/electronics HTTP/1.1" 200 101 "-" "Mozilla/4.0 (compatible; MSIE 8.0; Windows NT 6.1; WOW64; Trident/4.0; YTB730; GTB7.2; SLCC2; .NET CLR 2.0.50727; .NET CLR 3.5.30729; .NET CLR 3.0.30729; .NET4.0C; .NET4.0E; Media Center PC 6.0)"
172.204.128.196 - - [17/Nov/2017:11:24:05 +0000] "GET /item/books/4586 HTTP/1.1" 200 130 "-" "Mozilla/5.0 (Windows NT 6.1; WOW64) AppleWebKit/535.11 (KHTML, like Gecko) Chrome/17.0.963.56 Safari/535.11"
172.126.211.27 - - [17/Nov/2017:11:24:10 +0000] "GET /item/software/992 HTTP/1.1" 200 113 "/category/toys" "Mozilla/4.0 (compatible; MSIE 8.0; Windows NT 6.0; WOW64; Trident/4.0; GTB6; SLCC1; .NET CLR 2.0.50727; Media Center PC 5.0; .NET CLR 3.5.30729; .NET CLR 3.0.30618; .NET4.0C)"
40.111.117.84 - - [17/Nov/2017:11:24:15 +0000] "GET /category/music HTTP/1.1" 200 55 "/search/?c=Software+Office" "Mozilla/5.0 (Windows NT 6.0; rv:10.0.1) Gecko/20100101 Firefox/10.0.1"
144.132.101.155 - - [17/Nov/2017:11:24:20 +0000] "GET /category/software HTTP/1.1" 200 125 "-" "Mozilla/4.0 (compatible; MSIE 8.0; Windows NT 6.1; Trident/4.0; YTB730; SLCC2; .NET CLR 2.0.50727; .NET CLR 3.5.30729; .NET CLR 3.0.30729; Media Center PC 6.0; .NET4.0C)"
116.39.203.186 - - [17/Nov/2017:11:24:25 +0000] "GET /category/computers HTTP/1.1" 200 77 "/search/?c=Electronics+Electronics" "Mozilla/5.0 (Windows NT 6.1; WOW64) AppleWebKit/535.7 (KHTML, like Gecko) Chrome/16.0.912.77 Safari/535.7"
132.120.217.35 - - [17/Nov/2017:11:24:30 +0000] "GET /item/computers/809 HTTP/1.1" 200 128 "/item/electronics/1079" "Mozilla/4.0 (compatible; MSIE 8.0; Windows NT 6.1; WOW64; Trident/4.0; GTB7.2; SLCC2; .NET CLR 2.0.50727; .NET CLR 3.5.30729; .NET CLR 3.0.30729; Media Center PC 6.0; .NET4.0C)"
88.216.133.209 - - [17/Nov/2017:11:24:35 +0000] "GET /category/cameras HTTP/1.1" 200 97 "-" "Mozilla/4.0 (compatible; MSIE 8.0; Windows NT 6.1; WOW64; Trident/4.0; YTB730; GTB7.2; SLCC2; .NET CLR 2.0.50727; .NET CLR 3.5.30729; .NET CLR 3.0.30729; .NET4.0C; .NET4.0E; Media Center PC 6.0)"
104.147.188.161 - - [17/Nov/2017:11:24:40 +0000] "GET /category/games HTTP/1.1" 200 89 "/item/networking/4174" "Mozilla/5.0 (Windows NT 6.1; WOW64) AppleWebKit/535.7 (KHTML, like Gecko) Chrome/16.0.912.77 Safari/535.7"
112.222.91.42 - - [17/Nov/2017:11:24:45 +0000] "GET /item/computers/1106 HTTP/1.1" 200 57 "/search/?c=Computers+Books" "Mozilla/5.0 (Macintosh; Intel Mac OS X 10.6; rv:9.0.1) Gecko/20100101 Firefox/9.0.1"
56.150.202.109 - - [17/Nov/2017:11:24:50 +0000] "GET /category/electronics HTTP/1.1" 200 51 "/category/software?from=0" "Mozilla/4.0 (compatible; MSIE 8.0; Windows NT 5.1; Trident/4.0; YTB720; GTB7.2; .NET CLR 1.1.4322; .NET CLR 2.0.50727; .NET CLR 3.0.4506.2152; .NET CLR 3.5.30729)"
140.72.172.206 - - [17/Nov/2017:11:24:55 +0000] "GET /category/electronics HTTP/1.1" 200 139 "-" "Mozilla/5.0 (Windows NT 5.1) AppleWebKit/535.11 (KHTML, like Gecko) Chrome/17.0.963.46 Safari/535.11"
128.54.20.112 - - [17/Nov/2017:11:25:00 +0000] "GET /item/books/4942 HTTP/1.1" 200 76 "/item/software/4657" "Mozilla/5.0 (compatible; MSIE 9.0; Windows NT 6.1; Trident/5.0)"
60.165.28.148 - - [17/Nov/2017:11:25:05 +0000] "GET /item/networking/4696 HTTP/1.1" 200 138 "http://www.google.com/search?ie=UTF-8&q=google&sclient=psy-ab&q=Networking+Sports&oq=Networking+Sports&aq=f&aqi=g-vL1&aql=&pbx=1&bav=on.2,or.r_gc.r_pw.r_qf.,cf.osb&biw=1342&bih=50" "Mozilla/5.0 (Windows NT 6.1; WOW64; rv:10.0.1) Gecko/20100101 Firefox/10.0.1"
216.123.39.202 - - [17/Nov/2017:11:25:10 +0000] "GET /category/office HTTP/1.1" 200 120 "-" "Mozilla/4.0 (compatible; MSIE 8.0; Windows NT 6.1; Trident/4.0; YTB730; SLCC2; .NET CLR 2.0.50727; .NET CLR 3.5.30729; .NET CLR 3.0.30729; Media Center PC 6.0; .NET4.0C)"
220.36.59.198 - - [17/Nov/2017:11:25:15 +0000] "GET /category/finance HTTP/1.1" 200 91 "/category/electronics" "Mozilla/5.0 (compatible; MSIE 9.0; Windows NT 6.1; WOW64; Trident/5.0)"
112.84.123.124 - - [17/Nov/2017:11:25:20 +0000] "GET /category/music HTTP/1.1" 200 54 "/category/computers" "Mozilla/5.0 (Windows NT 6.1; WOW64; rv:10.0.1) Gecko/20100101 Firefox/10.0.1"
144.90.208.217 - - [17/Nov/2017:11:25:25 +0000] "GET /category/office?from=0 HTTP/1.1" 200 50 "/category/finance" "Mozilla/5.0 (Windows NT 6.1; WOW64; rv:10.0.1) Gecko/20100101 Firefox/10.0.1"
152.78.91.213 - - [17/Nov/2017:11:25:30 +0000] "GET /item/software/1046 HTTP/1.1" 200 90 "/category/office" "Mozilla/5.0 (compatible; MSIE 9.0; Windows NT 6.1; Trident/5.0)"
208.54.69.174 - - [17/Nov/2017:11:25:35 +0000] "GET /item/garden/3051 HTTP/1.1" 200 40 "/category/garden" "Mozilla/5.0 (Windows NT 6.1; WOW64) AppleWebKit/535.11 (KHTML, like Gecko) Chrome/17.0.963.56 Safari/535.11"
164.120.51.110 - - [17/Nov/2017:11:25:40 +0000] "GET /item/electronics/705 HTTP/1.1" 200 92 "/item/software/1017" "Mozilla/4.0 (compatible; MSIE 8.0; Windows NT 5.1; Trident/4.0; BTRS122159; GTB7.2; .NET CLR 1.1.4322; .NET CLR 2.0.50727; .NET CLR 3.0.04506.30; .NET CLR 3.0.4506.2152; .NET CLR 3.5.30729; BRI/2)"
120.123.162.208 - - [17/Nov/2017:11:25:45 +0000] "GET /item/cameras/4503 HTTP/1.1" 200 92 "/category/office" "Mozilla/4.0 (compatible; MSIE 8.0; Windows NT 5.1; Trident/4.0; BTRS122159; GTB7.2; .NET CLR 1.1.4322; .NET CLR 2.0.50727; .NET CLR 3.0.04506.30; .NET CLR 3.0.4506.2152; .NET CLR 3.5.30729; BRI/2)"
180.114.21.38 - - [17/Nov/2017:11:25:50 +0000] "GET /category/electronics HTTP/1.1" 200 139 "/category/toys" "Mozilla/5.0 (Windows NT 5.1) AppleWebKit/535.11 (KHTML, like Gecko) Chrome/17.0.963.46 Safari/535.11"
28.87.124.152 - - [17/Nov/2017:11:25:55 +0000] "POST /search/?c=Networking HTTP/1.1" 200 66 "/category/electronics" "Mozilla/5.0 (Windows NT 6.0; rv:10.0.1) Gecko/20100101 Firefox/10.0.1"
60.30.84.168 - - [17/Nov/2017:11:26:00 +0000] "GET /category/music HTTP/1.1" 200 138 "/category/electronics" "Mozilla/5.0 (Macintosh; Intel Mac OS X 10.6; rv:9.0.1) Gecko/20100101 Firefox/9.0.1"
108.78.86.154 - - [17/Nov/2017:11:26:05 +0000] "GET /category/electronics HTTP/1.1" 200 49 "/category/finance" "Mozilla/5.0 (compatible; MSIE 9.0; Windows NT 6.1; Trident/5.0)"
20.192.47.128 - - [17/Nov/2017:11:26:10 +0000] "GET /item/software/85 HTTP/1.1" 200 53 "/item/electronics/663" "Mozilla/5.0 (Windows NT 6.0) AppleWebKit/535.11 (KHTML, like Gecko) Chrome/17.0.963.56 Safari/535.11"
204.147.33.196 - - [17/Nov/2017:11:26:15 +0000] "GET /item/computers/770 HTTP/1.1" 200 105 "/item/office/4595" "Mozilla/5.0 (Macintosh; Intel Mac OS X 10.6; rv:9.0.1) Gecko/20100101 Firefox/9.0.1"
196.168.199.146 - - [17/Nov/2017:11:26:20 +0000] "GET /category/books HTTP/1.1" 200 129 "-" "Mozilla/5.0 (Windows NT 6.0) AppleWebKit/535.11 (KHTML, like Gecko) Chrome/17.0.963.56 Safari/535.11"
220.30.157.208 - - [17/Nov/2017:11:26:25 +0000] "GET /category/electronics HTTP/1.1" 200 88 "-" "Mozilla/5.0 (compatible; Googlebot/2.1; +http://www.google.com/bot.html)"
216.120.179.55 - - [17/Nov/2017:11:26:30 +0000] "GET /category/games HTTP/1.1" 200 66 "-" "Mozilla/5.0 (Windows NT 6.1; WOW64) AppleWebKit/535.7 (KHTML, like Gecko) Chrome/16.0.912.77 Safari/535.7"
44.36.69.119 - - [17/Nov/2017:11:26:35 +0000] "GET /item/books/953 HTTP/1.1" 200 97 "/search/?c=Software+Cameras" "Mozilla/5.0 (Windows NT 6.1; WOW64; rv:10.0.1) Gecko/20100101 Firefox/10.0.1"
84.201.48.127 - - [17/Nov/2017:11:26:40 +0000] "GET /category/office HTTP/1.1" 200 128 "-" "Mozilla/5.0 (Windows NT 6.0; rv:10.0.1) Gecko/20100101 Firefox/10.0.1"
92.216.114.137 - - [17/Nov/2017:11:26:45 +0000] "GET /category/computers HTTP/1.1" 200 126 "/category/books" "Mozilla/5.0 (iPad; CPU OS 5_0_1 like Mac OS X) AppleWebKit/534.46 (KHTML, like Gecko) Version/5.1 Mobile/9A405 Safari/7534.48.3"
208.210.156.79 - - [17/Nov/2017:11:26:50 +0000] "GET /category/software HTTP/1.1" 200 85 "-" "Mozilla/5.0 (Windows NT 6.1; WOW64; rv:10.0.1) Gecko/20100101 Firefox/10.0.1"
108.93.215.147 - - [17/Nov/2017:11:26:55 +0000] "POST /search/?c=Jewelry HTTP/1.1" 200 100 "/category/software?from=10" "Mozilla/5.0 (Macintosh; Intel Mac OS X 10.6; rv:9.0.1) Gecko/20100101 Firefox/9.0.1"
156.168.77.168 - - [17/Nov/2017:11:27:00 +0000] "GET /item/software/4933 HTTP/1.1" 200 52 "/item/electronics/3042" "Mozilla/5.0 (Macintosh; Intel Mac OS X 10.6; rv:9.0.1) Gecko/20100101 Firefox/9.0.1"
152.72.100.218 - - [17/Nov/2017:11:27:05 +0000] "GET /category/garden HTTP/1.1" 200 129 "/item/games/1490" "Mozilla/4.0 (compatible; MSIE 8.0; Windows NT 6.1; WOW64; Trident/4.0; GTB7.2; SLCC2; .NET CLR 2.0.50727; .NET CLR 3.5.30729; .NET CLR 3.0.30729; Media Center PC 6.0; .NET4.0C)"
128.27.201.209 - - [17/Nov/2017:11:27:10 +0000] "GET /item/electronics/2374 HTTP/1.1" 200 96 "/category/games" "Mozilla/5.0 (Windows NT 6.0) AppleWebKit/535.11 (KHTML, like Gecko) Chrome/17.0.963.56 Safari/535.11"
112.177.180.133 - - [17/Nov/2017:11:27:15 +0000] "GET /item/electronics/4642 HTTP/1.1" 200 65 "-" "Mozilla/5.0 (Windows NT 5.1) AppleWebKit/535.11 (KHTML, like Gecko) Chrome/17.0.963.46 Safari/535.11"
32.81.139.201 - - [17/Nov/2017:11:27:20 +0000] "GET /category/software HTTP/1.1" 200 50 "-" "Mozilla/5.0 (compatible; Googlebot/2.1; +http://www.google.com/bot.html)"
108.84.228.94 - - [17/Nov/2017:11:27:25 +0000] "GET /category/garden HTTP/1.1" 200 117 "-" "Mozilla/5.0 (Windows NT 6.0; rv:10.0.1) Gecko/20100101 Firefox/10.0.1"
80.144.46.167 - - [17/Nov/2017:11:27:30 +0000] "GET /item/software/3165 HTTP/1.1" 200 63 "/search/?c=Software" "Mozilla/5.0 (Macintosh; Intel Mac OS X 10.6; rv:9.0.1) Gecko/20100101 Firefox/9.0.1"
96.72.174.129 - - [17/Nov/2017:11:27:35 +0000] "GET /category/office HTTP/1.1" 200 79 "/category/health" "Mozilla/5.0 (Windows NT 6.0; rv:10.0.1) Gecko/20100101 Firefox/10.0.1"
164.135.167.29 - - [17/Nov/2017:11:27:40 +0000] "GET /item/garden/2199 HTTP/1.1" 200 74 "-" "Mozilla/5.0 (Windows NT 6.1; WOW64; rv:10.0.1) Gecko/20100101 Firefox/10.0.1"
168.69.212.143 - - [17/Nov/2017:11:27:45 +0000] "GET /category/software HTTP/1.1" 200 85 "/category/music" "Mozilla/5.0 (compatible; MSIE 9.0; Windows NT 6.1; WOW64; Trident/5.0)"
164.75.155.177 - - [17/Nov/2017:11:27:50 +0000] "GET /category/cameras HTTP/1.1" 200 115 "-" "Mozilla/5.0 (iPhone; CPU iPhone OS 5_0_1 like Mac OS X) AppleWebKit/534.46 (KHTML, like Gecko) Version/5.1 Mobile/9A405 Safari/7534.48.3"
140.63.80.89 - - [17/Nov/2017:11:27:55 +0000] "GET /category/garden HTTP/1.1" 200 135 "-" "Mozilla/5.0 (Windows NT 6.1; WOW64) AppleWebKit/535.7 (KHTML, like Gecko) Chrome/16.0.912.77 Safari/535.7"
60.81.144.143 - - [17/Nov/2017:11:28:00 +0000] "GET /category/software HTTP/1.1" 200 55 "/category/software" "Mozilla/5.0 (Macintosh; Intel Mac OS X 10.6; rv:9.0.1) Gecko/20100101 Firefox/9.0.1"
120.111.204.203 - - [17/Nov/2017:11:28:05 +0000] "GET /category/electronics HTTP/1.1" 200 44 "-" "Mozilla/4.0 (compatible; MSIE 8.0; Windows NT 6.1; WOW64; Trident/4.0; YTB730; GTB7.2; EasyBits GO v1.0; SLCC2; .NET CLR 2.0.50727; .NET CLR 3.5.30729; .NET CLR 3.0.30729; Media Center PC 6.0; .NET4.0C)"
52.51.140.109 - - [17/Nov/2017:11:28:10 +0000] "GET /category/books HTTP/1.1" 200 67 "/category/jewelry" "Mozilla/5.0 (Macintosh; Intel Mac OS X 10.6; rv:9.0.1) Gecko/20100101 Firefox/9.0.1"
204.120.171.145 - - [17/Nov/2017:11:28:15 +0000] "GET /item/books/4619 HTTP/1.1" 200 59 "-" "Mozilla/5.0 (compatible; MSIE 9.0; Windows NT 6.1; Trident/5.0)"
148.141.150.198 - - [17/Nov/2017:11:28:20 +0000] "GET /category/office HTTP/1.1" 200 100 "/category/electronics" "Mozilla/4.0 (compatible; MSIE 8.0; Windows NT 5.1; Trident/4.0; YTB720; GTB7.2; .NET CLR 1.1.4322; .NET CLR 2.0.50727; .NET CLR 3.0.4506.2152; .NET CLR 3.5.30729)"
32.132.45.143 - - [17/Nov/2017:11:28:25 +0000] "GET /item/networking/435 HTTP/1.1" 200 109 "http://www.google.com/search?ie=UTF-8&q=google&sclient=psy-ab&q=Networking&oq=Networking&aq=f&aqi=g-vL1&aql=&pbx=1&bav=on.2,or.r_gc.r_pw.r_qf.,cf.osb&biw=1976&bih=3" "Mozilla/5.0 (iPad; CPU OS 5_0_1 like Mac OS X) AppleWebKit/534.46 (KHTML, like Gecko) Version/5.1 Mobile/9A405 Safari/7534.48.3"
44.198.209.156 - - [17/Nov/2017:11:28:30 +0000] "GET /category/games HTTP/1.1" 200 96 "http://www.google.com/search?ie=UTF-8&q=google&sclient=psy-ab&q=Games+Cameras&oq=Games+Cameras&aq=f&aqi=g-vL1&aql=&pbx=1&bav=on.2,or.r_gc.r_pw.r_qf.,cf.osb&biw=4108&bih=565" "Mozilla/4.0 (compatible; MSIE 8.0; Windows NT 6.1; Trident/4.0; YTB730; SLCC2; .NET CLR 2.0.50727; .NET CLR 3.5.30729; .NET CLR 3.0.30729; Media Center PC 6.0; .NET4.0C)"
212.189.47.176 - - [17/Nov/2017:11:28:35 +0000] "GET /item/networking/4696 HTTP/1.1" 200 138 "/category/jewelry" "Mozilla/5.0 (Windows NT 6.1; WOW64) AppleWebKit/535.11 (KHTML, like Gecko) Chrome/17.0.963.56 Safari/535.11"
112.144.23.168 - - [17/Nov/2017:11:28:40 +0000] "GET /category/giftcards HTTP/1.1" 200 120 "/category/software" "Mozilla/5.0 (Macintosh; Intel Mac OS X 10.6; rv:9.0.1) Gecko/20100101 Firefox/9.0.1"
144.225.225.182 - - [17/Nov/2017:11:28:45 +0000] "GET /item/office/4792 HTTP/1.1" 200 56 "/search/?c=Office+Office" "Mozilla/5.0 (Windows NT 6.0) AppleWebKit/535.11 (KHTML, like Gecko) Chrome/17.0.963.56 Safari/535.11"
220.36.59.198 - - [17/Nov/2017:11:28:50 +0000] "GET /category/books HTTP/1.1" 200 50 "-" "Mozilla/5.0 (Macintosh; Intel Mac OS X 10.6; rv:9.0.1) Gecko/20100101 Firefox/9.0.1"
148.60.198.141 - - [17/Nov/2017:11:28:55 +0000] "GET /category/software HTTP/1.1" 200 78 "-" "Mozilla/5.0 (compatible; Googlebot/2.1; +http://www.google.com/bot.html)"
148.42.153.163 - - [17/Nov/2017:11:29:00 +0000] "GET /category/electronics HTTP/1.1" 200 67 "/category/books" "Mozilla/4.0 (compatible; MSIE 8.0; Windows NT 6.1; WOW64; Trident/4.0; YTB730; GTB7.2; EasyBits GO v1.0; SLCC2; .NET CLR 2.0.50727; .NET CLR 3.5.30729; .NET CLR 3.0.30729; Media Center PC 6.0; .NET4.0C)"
132.111.91.221 - - [17/Nov/2017:11:29:05 +0000] "GET /item/software/3387 HTTP/1.1" 200 121 "-" "Mozilla/5.0 (Windows NT 6.1; WOW64) AppleWebKit/535.7 (KHTML, like Gecko) Chrome/16.0.912.77 Safari/535.7"
60.63.96.106 - - [17/Nov/2017:11:29:10 +0000] "GET /item/electronics/861 HTTP/1.1" 200 85 "/category/electronics" "Mozilla/4.0 (compatible; MSIE 8.0; Windows NT 5.1; Trident/4.0; BTRS122159; GTB7.2; .NET CLR 1.1.4322; .NET CLR 2.0.50727; .NET CLR 3.0.04506.30; .NET CLR 3.0.4506.2152; .NET CLR 3.5.30729; BRI/2)"
20.153.84.177 - - [17/Nov/2017:11:29:15 +0000] "GET /item/books/590 HTTP/1.1" 200 55 "-" "Mozilla/5.0 (Windows NT 6.0) AppleWebKit/535.11 (KHTML, like Gecko) Chrome/17.0.963.56 Safari/535.11"
88.228.108.129 - - [17/Nov/2017:11:29:20 +0000] "GET /item/books/939 HTTP/1.1" 200 48 "/search/?c=Books+Games" "Mozilla/5.0 (Windows NT 6.0; rv:10.0.1) Gecko/20100101 Firefox/10.0.1"
184.57.80.221 - - [17/Nov/2017:11:29:25 +0000] "GET /item/finance/4688 HTTP/1.1" 200 96 "-" "Mozilla/5.0 (compatible; MSIE 9.0; Windows NT 6.1; WOW64; Trident/5.0)"
24.156.128.139 - - [17/Nov/2017:11:29:30 +0000] "GET /category/cameras HTTP/1.1" 200 124 "/item/games/3390" "Mozilla/5.0 (Windows NT 6.0; rv:10.0.1) Gecko/20100101 Firefox/10.0.1"
56.48.89.225 - - [17/Nov/2017:11:29:35 +0000] "GET /category/books HTTP/1.1" 200 49 "/item/books/4619" "Mozilla/5.0 (Windows NT 6.1; WOW64) AppleWebKit/535.7 (KHTML, like Gecko) Chrome/16.0.912.77 Safari/535.7"
20.69.121.129 - - [17/Nov/2017:11:29:40 +0000] "GET /category/games HTTP/1.1" 200 58 "/item/electronics/2670" "Mozilla/5.0 (Windows NT 6.0; rv:10.0.1) Gecko/20100101 Firefox/10.0.1"
96.150.113.225 - - [17/Nov/2017:11:29:45 +0000] "GET /category/games HTTP/1.1" 200 44 "/search/?c=Giftcards+Garden" "Mozilla/5.0 (compatible; MSIE 9.0; Windows NT 6.1; WOW64; Trident/5.0)"
164.198.33.36 - - [17/Nov/2017:11:29:50 +0000] "GET /item/giftcards/4236 HTTP/1.1" 200 71 "-" "Mozilla/5.0 (compatible; MSIE 9.0; Windows NT 6.1; WOW64; Trident/5.0)"
116.36.140.116 - - [17/Nov/2017:11:29:55 +0000] "GET /category/electronics HTTP/1.1" 200 97 "-" "Mozilla/5.0 (compatible; MSIE 9.0; Windows NT 6.1; WOW64; Trident/5.0)"
140.216.102.224 - - [17/Nov/2017:11:30:00 +0000] "GET /category/jewelry HTTP/1.1" 200 40 "-" "Mozilla/5.0 (Macintosh; Intel Mac OS X 10.6; rv:9.0.1) Gecko/20100101 Firefox/9.0.1"
80.162.143.170 - - [17/Nov/2017:11:30:05 +0000] "POST /search/?c=Electronics+Electronics HTTP/1.1" 200 69 "/item/sports/3881" "Mozilla/5.0 (Macintosh; Intel Mac OS X 10.6; rv:9.0.1) Gecko/20100101 Firefox/9.0.1"
212.222.165.164 - - [17/Nov/2017:11:30:10 +0000] "GET /item/giftcards/4757 HTTP/1.1" 200 102 "/category/software" "Mozilla/5.0 (Windows NT 6.1; WOW64; rv:10.0.1) Gecko/20100101 Firefox/10.0.1"
184.123.73.180 - - [17/Nov/2017:11:30:15 +0000] "GET /category/health HTTP/1.1" 200 105 "http://www.google.com/search?ie=UTF-8&q=google&sclient=psy-ab&q=Health+Games&oq=Health+Games&aq=f&aqi=g-vL1&aql=&pbx=1&bav=on.2,or.r_gc.r_pw.r_qf.,cf.osb&biw=349&bih=410" "Mozilla/5.0 (iPhone; CPU iPhone OS 5_0_1 like Mac OS X) AppleWebKit/534.46 (KHTML, like Gecko) Version/5.1 Mobile/9A405 Safari/7534.48.3"
160.45.81.35 - - [17/Nov/2017:11:30:20 +0000] "GET /category/games HTTP/1.1" 200 63 "/category/finance" "Mozilla/5.0 (compatible; Googlebot/2.1; +http://www.google.com/bot.html)"
204.99.132.70 - - [17/Nov/2017:11:30:25 +0000] "GET /category/games HTTP/1.1" 200 105 "-" "Mozilla/5.0 (compatible; MSIE 9.0; Windows NT 6.1; Trident/5.0)"
56.120.188.55 - - [17/Nov/2017:11:30:30 +0000] "GET /item/games/918 HTTP/1.1" 200 76 "/search/?c=Games+Office" "Mozilla/5.0 (Windows NT 6.0) AppleWebKit/535.11 (KHTML, like Gecko) Chrome/17.0.963.56 Safari/535.11"
88.87.28.220 - - [17/Nov/2017:11:30:35 +0000] "GET /item/software/2 HTTP/1.1" 200 139 "-" "Mozilla/5.0 (Windows NT 6.0; rv:10.0.1) Gecko/20100101 Firefox/10.0.1"
168.159.154.110 - - [17/Nov/2017:11:30:40 +0000] "GET /category/jewelry?from=20 HTTP/1.1" 200 127 "-" "Mozilla/5.0 (iPhone; CPU iPhone OS 5_0_1 like Mac OS X) AppleWebKit/534.46 (KHTML, like Gecko) Version/5.1 Mobile/9A405 Safari/7534.48.3"
80.75.100.166 - - [17/Nov/2017:11:30:45 +0000] "GET /item/books/237 HTTP/1.1" 200 95 "/search/?c=Books" "Mozilla/4.0 (compatible; MSIE 8.0; Windows NT 5.1; Trident/4.0; YTB720; GTB7.2; .NET CLR 1.1.4322; .NET CLR 2.0.50727; .NET CLR 3.0.4506.2152; .NET CLR 3.5.30729)"
80.63.29.149 - - [17/Nov/2017:11:30:50 +0000] "GET /category/garden?from=20 HTTP/1.1" 200 86 "/category/garden" "Mozilla/5.0 (Windows NT 6.1; WOW64) AppleWebKit/535.7 (KHTML, like Gecko) Chrome/16.0.912.77 Safari/535.7"
136.138.110.70 - - [17/Nov/2017:11:30:55 +0000] "GET /item/giftcards/905 HTTP/1.1" 200 94 "-" "Mozilla/5.0 (iPhone; CPU iPhone OS 5_0_1 like Mac OS X) AppleWebKit/534.46 (KHTML, like Gecko) Version/5.1 Mobile/9A405 Safari/7534.48.3"
84.216.40.211 - - [17/Nov/2017:11:31:00 +0000] "GET /category/games HTTP/1.1" 200 133 "/category/books" "Mozilla/5.0 (Windows NT 6.1; WOW64) AppleWebKit/535.11 (KHTML, like Gecko) Chrome/17.0.963.56 Safari/535.11"
176.153.215.204 - - [17/Nov/2017:11:31:05 +0000] "GET /category/electronics HTTP/1.1" 200 77 "-" "Mozilla/5.0 (iPhone; CPU iPhone OS 5_0_1 like Mac OS X) AppleWebKit/534.46 (KHTML, like Gecko) Version/5.1 Mobile/9A405 Safari/7534.48.3"
40.111.117.84 - - [17/Nov/2017:11:31:10 +0000] "GET /category/office HTTP/1.1" 200 57 "-" "Mozilla/5.0 (Windows NT 5.1) AppleWebKit/535.11 (KHTML, like Gecko) Chrome/17.0.963.46 Safari/535.11"
204.75.217.225 - - [17/Nov/2017:11:31:15 +0000] "GET /category/health HTTP/1.1" 200 105 "-" "Mozilla/5.0 (Windows NT 6.0) AppleWebKit/535.11 (KHTML, like Gecko) Chrome/17.0.963.56 Safari/535.11"
160.135.24.226 - - [17/Nov/2017:11:31:20 +0000] "GET /category/software HTTP/1.1" 200 64 "/item/books/3977" "Mozilla/4.0 (compatible; MSIE 8.0; Windows NT 6.1; WOW64; Trident/4.0; YTB730; GTB7.2; SLCC2; .NET CLR 2.0.50727; .NET CLR 3.5.30729; .NET CLR 3.0.30729; .NET4.0C; .NET4.0E; Media Center PC 6.0)"
60.51.108.129 - - [17/Nov/2017:11:31:25 +0000] "GET /item/office/278 HTTP/1.1" 200 108 "-" "Mozilla/5.0 (Macintosh; Intel Mac OS X 10.6; rv:9.0.1) Gecko/20100101 Firefox/9.0.1"
208.171.120.182 - - [17/Nov/2017:11:31:30 +0000] "POST /search/?c=Software+Computers HTTP/1.1" 200 93 "/category/software" "Mozilla/5.0 (Windows NT 6.0; rv:10.0.1) Gecko/20100101 Firefox/10.0.1"
116.219.67.62 - - [17/Nov/2017:11:31:35 +0000] "GET /category/games HTTP/1.1" 200 49 "/category/electronics" "Mozilla/4.0 (compatible; MSIE 8.0; Windows NT 6.0; WOW64; Trident/4.0; GTB6; SLCC1; .NET CLR 2.0.50727; Media Center PC 5.0; .NET CLR 3.5.30729; .NET CLR 3.0.30618; .NET4.0C)"
168.93.214.104 - - [17/Nov/2017:11:31:40 +0000] "GET /item/books/4619 HTTP/1.1" 200 59 "/category/books?from=10" "Mozilla/4.0 (compatible; MSIE 8.0; Windows NT 6.0; WOW64; Trident/4.0; GTB6; SLCC1; .NET CLR 2.0.50727; Media Center PC 5.0; .NET CLR 3.5.30729; .NET CLR 3.0.30618; .NET4.0C)"
100.186.30.119 - - [17/Nov/2017:11:31:45 +0000] "GET /category/electronics HTTP/1.1" 200 65 "-" "Mozilla/5.0 (Windows NT 6.0; rv:10.0.1) Gecko/20100101 Firefox/10.0.1"
152.174.211.73 - - [17/Nov/2017:11:31:50 +0000] "GET /item/electronics/3529 HTTP/1.1" 404 122 "/item/networking/3624" "Mozilla/5.0 (iPhone; CPU iPhone OS 5_0_1 like Mac OS X) AppleWebKit/534.46 (KHTML, like Gecko) Version/5.1 Mobile/9A405 Safari/7534.48.3"
60.150.49.62 - - [17/Nov/2017:11:31:55 +0000] "GET /item/electronics/1079 HTTP/1.1" 200 83 "/category/electronics" "Mozilla/5.0 (Windows NT 6.1; WOW64) AppleWebKit/535.7 (KHTML, like Gecko) Chrome/16.0.912.77 Safari/535.7"
24.225.171.131 - - [17/Nov/2017:11:32:00 +0000] "POST /search/?c=Electronics HTTP/1.1" 200 134 "-" "Mozilla/4.0 (compatible; MSIE 8.0; Windows NT 6.1; Trident/4.0; YTB730; SLCC2; .NET CLR 2.0.50727; .NET CLR 3.5.30729; .NET CLR 3.0.30729; Media Center PC 6.0; .NET4.0C)"
192.168.159.47 - - [17/Nov/2017:11:32:05 +0000] "GET /category/software HTTP/1.1" 200 127 "-" "Mozilla/5.0 (Windows NT 6.1; WOW64; rv:10.0.1) Gecko/20100101 Firefox/10.0.1"
68.33.56.24 - - [17/Nov/2017:11:32:10 +0000] "GET /category/electronics HTTP/1.1" 200 114 "-" "Mozilla/5.0 (Windows NT 6.1; WOW64) AppleWebKit/535.11 (KHTML, like Gecko) Chrome/17.0.963.56 Safari/535.11"
220.81.172.204 - - [17/Nov/2017:11:32:15 +0000] "GET /item/books/590 HTTP/1.1" 200 55 "http://www.google.com/search?ie=UTF-8&q=google&sclient=psy-ab&q=Books&oq=Books&aq=f&aqi=g-vL1&aql=&pbx=1&bav=on.2,or.r_gc.r_pw.r_qf.,cf.osb&biw=2594&bih=173" "Mozilla/5.0 (compatible; MSIE 9.0; Windows NT 6.1; WOW64; Trident/5.0)"
136.126.144.37 - - [17/Nov/2017:11:32:20 +0000] "GET /category/games HTTP/1.1" 200 50 "/category/software" "Mozilla/5.0 (compatible; MSIE 9.0; Windows NT 6.1; WOW64; Trident/5.0)"
188.210.194.32 - - [17/Nov/2017:11:32:25 +0000] "GET /category/cameras HTTP/1.1" 200 115 "/category/books" "Mozilla/4.0 (compatible; MSIE 8.0; Windows NT 6.1; WOW64; Trident/4.0; YTB730; GTB7.2; EasyBits GO v1.0; SLCC2; .NET CLR 2.0.50727; .NET CLR 3.5.30729; .NET CLR 3.0.30729; Media Center PC 6.0; .NET4.0C)"
124.135.65.135 - - [17/Nov/2017:11:32:30 +0000] "GET /category/games HTTP/1.1" 200 45 "-" "Mozilla/4.0 (compatible; MSIE 8.0; Windows NT 6.1; WOW64; Trident/4.0; GTB7.2; SLCC2; .NET CLR 2.0.50727; .NET CLR 3.5.30729; .NET CLR 3.0.30729; Media Center PC 6.0; .NET4.0C)"
56.102.229.220 - - [17/Nov/2017:11:32:35 +0000] "GET /category/software?from=0 HTTP/1.1" 200 40 "-" "Mozilla/5.0 (Macintosh; Intel Mac OS X 10.6; rv:9.0.1) Gecko/20100101 Firefox/9.0.1"
84.225.150.149 - - [17/Nov/2017:11:32:40 +0000] "GET /category/health HTTP/1.1" 200 95 "-" "Mozilla/4.0 (compatible; MSIE 8.0; Windows NT 6.1; WOW64; Trident/4.0; GTB7.2; SLCC2; .NET CLR 2.0.50727; .NET CLR 3.5.30729; .NET CLR 3.0.30729; Media Center PC 6.0; .NET4.0C)"
184.27.50.181 - - [17/Nov/2017:11:32:45 +0000] "GET /category/software HTTP/1.1" 200 108 "-" "Mozilla/5.0 (Windows NT 6.0; rv:10.0.1) Gecko/20100101 Firefox/10.0.1"
168.27.211.221 - - [17/Nov/2017:11:32:50 +0000] "GET /category/networking HTTP/1.1" 200 127 "/item/giftcards/119" "Mozilla/5.0 (Windows NT 6.0) AppleWebKit/535.11 (KHTML, like Gecko) Chrome/17.0.963.56 Safari/535.11"
152.216.71.152 - - [17/Nov/2017:11:32:55 +0000] "GET /category/office HTTP/1.1" 200 59 "/category/electronics" "Mozilla/5.0 (compatible; MSIE 9.0; Windows NT 6.1; WOW64; Trident/5.0)"
68.225.106.184 - - [17/Nov/2017:11:33:00 +0000] "GET /category/books HTTP/1.1" 200 101 "-" "Mozilla/5.0 (Windows NT 6.0; rv:10.0.1) Gecko/20100101 Firefox/10.0.1"
76.180.131.65 - - [17/Nov/2017:11:33:05 +0000] "GET /category/books HTTP/1.1" 200 89 "http://www.google.com/search?ie=UTF-8&q=google&sclient=psy-ab&q=Books&oq=Books&aq=f&aqi=g-vL1&aql=&pbx=1&bav=on.2,or.r_gc.r_pw.r_qf.,cf.osb&biw=4850&bih=203" "Mozilla/5.0 (Windows NT 6.0; rv:10.0.1) Gecko/20100101 Firefox/10.0.1"
40.54.165.166 - - [17/Nov/2017:11:33:10 +0000] "GET /category/electronics HTTP/1.1" 200 50 "-" "Mozilla/5.0 (Windows NT 6.0; rv:10.0.1) Gecko/20100101 Firefox/10.0.1"
28.21.175.63 - - [17/Nov/2017:11:33:15 +0000] "GET /category/giftcards HTTP/1.1" 200 60 "/item/electronics/1079" "Mozilla/5.0 (Macintosh; Intel Mac OS X 10.6; rv:9.0.1) Gecko/20100101 Firefox/9.0.1"
112.102.42.196 - - [17/Nov/2017:11:33:20 +0000] "GET /item/networking/435 HTTP/1.1" 200 109 "/category/games" "Mozilla/5.0 (compatible; MSIE 9.0; Windows NT 6.1; WOW64; Trident/5.0)"
80.39.194.34 - - [17/Nov/2017:11:33:25 +0000] "GET /item/software/4034 HTTP/1.1" 200 131 "/category/software" "Mozilla/5.0 (compatible; MSIE 9.0; Windows NT 6.1; WOW64; Trident/5.0)"
180.207.97.33 - - [17/Nov/2017:11:33:30 +0000] "GET /category/office HTTP/1.1" 200 128 "/category/networking" "Mozilla/5.0 (Windows NT 6.0; rv:10.0.1) Gecko/20100101 Firefox/10.0.1"
84.219.194.27 - - [17/Nov/2017:11:33:35 +0000] "GET /category/electronics HTTP/1.1" 200 80 "-" "Mozilla/5.0 (compatible; MSIE 9.0; Windows NT 6.1; WOW64; Trident/5.0)"
152.174.211.73 - - [17/Nov/2017:11:33:40 +0000] "GET /item/electronics/2699 HTTP/1.1" 200 124 "/category/cameras?from=20" "Mozilla/5.0 (Windows NT 6.0; rv:10.0.1) Gecko/20100101 Firefox/10.0.1"
72.111.113.84 - - [17/Nov/2017:11:33:45 +0000] "POST /search/?c=Health HTTP/1.1" 200 105 "/category/health" "Mozilla/5.0 (compatible; Googlebot/2.1; +http://www.google.com/bot.html)"
140.120.215.134 - - [17/Nov/2017:11:33:50 +0000] "GET /category/garden HTTP/1.1" 200 94 "-" "Mozilla/5.0 (Windows NT 6.1; WOW64) AppleWebKit/535.7 (KHTML, like Gecko) Chrome/16.0.912.77 Safari/535.7"
212.183.136.225 - - [17/Nov/2017:11:33:55 +0000] "GET /category/books?from=0 HTTP/1.1" 200 74 "/category/books" "Mozilla/5.0 (Windows NT 6.0) AppleWebKit/535.11 (KHTML, like Gecko) Chrome/17.0.963.56 Safari/535.11"
176.45.134.220 - - [17/Nov/2017:11:34:00 +0000] "POST /search/?c=Software+Electronics HTTP/1.1" 200 97 "-" "Mozilla/5.0 (Windows NT 6.1; WOW64) AppleWebKit/535.7 (KHTML, like Gecko) Chrome/16.0.912.77 Safari/535.7"
88.99.48.102 - - [17/Nov/2017:11:34:05 +0000] "GET /item/office/2035 HTTP/1.1" 200 120 "http://www.google.com/search?ie=UTF-8&q=google&sclient=psy-ab&q=Office&oq=Office&aq=f&aqi=g-vL1&aql=&pbx=1&bav=on.2,or.r_gc.r_pw.r_qf.,cf.osb&biw=140&bih=68" "Mozilla/5.0 (Windows NT 6.0; rv:10.0.1) Gecko/20100101 Firefox/10.0.1"
180.183.221.119 - - [17/Nov/2017:11:34:10 +0000] "GET /item/networking/4706 HTTP/1.1" 200 61 "-" "Mozilla/4.0 (compatible; MSIE 8.0; Windows NT 5.1; Trident/4.0; YTB720; GTB7.2; .NET CLR 1.1.4322; .NET CLR 2.0.50727; .NET CLR 3.0.4506.2152; .NET CLR 3.5.30729)"
204.147.33.196 - - [17/Nov/2017:11:34:15 +0000] "GET /category/finance HTTP/1.1" 200 111 "-" "Mozilla/5.0 (Windows NT 6.1; WOW64) AppleWebKit/535.11 (KHTML, like Gecko) Chrome/17.0.963.56 Safari/535.11"
28.111.188.194 - - [17/Nov/2017:11:34:20 +0000] "GET /category/jewelry HTTP/1.1" 200 40 "-" "Mozilla/4.0 (compatible; MSIE 8.0; Windows NT 6.1; WOW64; Trident/4.0; GTB7.2; SLCC2; .NET CLR 2.0.50727; .NET CLR 3.5.30729; .NET CLR 3.0.30729; Media Center PC 6.0; .NET4.0C)"
36.126.150.23 - - [17/Nov/2017:11:34:25 +0000] "GET /category/finance HTTP/1.1" 200 76 "-" "Mozilla/4.0 (compatible; MSIE 8.0; Windows NT 5.1; Trident/4.0; BTRS122159; GTB7.2; .NET CLR 1.1.4322; .NET CLR 2.0.50727; .NET CLR 3.0.04506.30; .NET CLR 3.0.4506.2152; .NET CLR 3.5.30729; BRI/2)"
24.57.24.122 - - [17/Nov/2017:11:34:30 +0000] "GET /category/software HTTP/1.1" 200 63 "/item/books/3101" "Mozilla/5.0 (compatible; MSIE 9.0; Windows NT 6.1; WOW64; Trident/5.0)"
96.138.127.49 - - [17/Nov/2017:11:34:35 +0000] "POST /search/?c=Software+Cameras HTTP/1.1" 200 60 "-" "Mozilla/5.0 (Windows NT 6.1; WOW64) AppleWebKit/535.7 (KHTML, like Gecko) Chrome/16.0.912.77 Safari/535.7"
168.150.74.102 - - [17/Nov/2017:11:34:40 +0000] "GET /category/office HTTP/1.1" 200 118 "/search/?c=Networking+Networking" "Mozilla/5.0 (Windows NT 6.0; rv:10.0.1) Gecko/20100101 Firefox/10.0.1"
192.36.167.103 - - [17/Nov/2017:11:34:45 +0000] "GET /item/networking/4696 HTTP/1.1" 200 138 "/category/software" "Mozilla/5.0 (Windows NT 6.1; WOW64) AppleWebKit/535.11 (KHTML, like Gecko) Chrome/17.0.963.56 Safari/535.11"
144.180.166.148 - - [17/Nov/2017:11:34:50 +0000] "GET /item/toys/2432 HTTP/1.1" 200 54 "-" "Mozilla/5.0 (Macintosh; Intel Mac OS X 10.6; rv:9.0.1) Gecko/20100101 Firefox/9.0.1"
156.189.180.223 - - [17/Nov/2017:11:34:55 +0000] "GET /category/electronics HTTP/1.1" 200 138 "/category/toys" "Mozilla/5.0 (Windows NT 6.0; rv:10.0.1) Gecko/20100101 Firefox/10.0.1"
56.222.168.46 - - [17/Nov/2017:11:35:00 +0000] "GET /category/games HTTP/1.1" 200 104 "/item/software/155" "Mozilla/5.0 (Windows NT 6.0) AppleWebKit/535.11 (KHTML, like Gecko) Chrome/17.0.963.56 Safari/535.11"
48.123.171.122 - - [17/Nov/2017:11:35:05 +0000] "GET /category/software HTTP/1.1" 200 77 "-" "Mozilla/5.0 (Windows NT 6.0; rv:10.0.1) Gecko/20100101 Firefox/10.0.1"
152.87.163.219 - - [17/Nov/2017:11:35:10 +0000] "GET /category/finance HTTP/1.1" 200 71 "-" "Mozilla/5.0 (Windows NT 6.0) AppleWebKit/535.11 (KHTML, like Gecko) Chrome/17.0.963.56 Safari/535.11"
216.123.84.162 - - [17/Nov/2017:11:35:15 +0000] "GET /category/cameras HTTP/1.1" 200 77 "/category/electronics" "Mozilla/5.0 (Windows NT 6.0) AppleWebKit/535.11 (KHTML, like Gecko) Chrome/17.0.963.56 Safari/535.11"
204.120.171.145 - - [17/Nov/2017:11:35:20 +0000] "GET /item/garden/3631 HTTP/1.1" 200 102 "-" "Mozilla/5.0 (Windows NT 6.0; rv:10.0.1) Gecko/20100101 Firefox/10.0.1"
180.174.143.124 - - [17/Nov/2017:11:35:25 +0000] "GET /item/computers/1333 HTTP/1.1" 200 108 "-" "Mozilla/5.0 (compatible; MSIE 9.0; Windows NT 6.1; WOW64; Trident/5.0)"
60.72.43.103 - - [17/Nov/2017:11:35:30 +0000] "GET /category/electronics?from=20 HTTP/1.1" 200 48 "/item/games/3032" "Mozilla/5.0 (Windows NT 6.1; WOW64) AppleWebKit/535.11 (KHTML, like Gecko) Chrome/17.0.963.56 Safari/535.11"
140.138.221.130 - - [17/Nov/2017:11:35:35 +0000] "GET /category/software HTTP/1.1" 200 76 "-" "Mozilla/5.0 (Windows NT 6.0; rv:10.0.1) Gecko/20100101 Firefox/10.0.1"
188.42.152.136 - - [17/Nov/2017:11:35:40 +0000] "GET /category/games HTTP/1.1" 200 89 "/category/finance" "Mozilla/5.0 (compatible; MSIE 9.0; Windows NT 6.1; WOW64; Trident/5.0)"
96.150.113.225 - - [17/Nov/2017:11:35:45 +0000] "GET /category/games?from=10 HTTP/1.1" 200 124 "/item/electronics/2670" "Mozilla/5.0 (Windows NT 6.0) AppleWebKit/535.11 (KHTML, like Gecko) Chrome/17.0.963.56 Safari/535.11"
196.225.171.61 - - [17/Nov/2017:11:35:50 +0000] "POST /search/?c=Electronics+Garden HTTP/1.1" 200 139 "-" "Mozilla/5.0 (compatible; MSIE 9.0; Windows NT 6.1; Trident/5.0)"
200.78.216.173 - - [17/Nov/2017:11:35:55 +0000] "GET /category/office HTTP/1.1" 200 136 "-" "Mozilla/4.0 (compatible; MSIE 8.0; Windows NT 6.0; WOW64; Trident/4.0; GTB6; SLCC1; .NET CLR 2.0.50727; Media Center PC 5.0; .NET CLR 3.5.30729; .NET CLR 3.0.30618; .NET4.0C)"
40.126.194.206 - - [17/Nov/2017:11:36:00 +0000] "GET /category/software HTTP/1.1" 200 121 "/category/software" "Mozilla/5.0 (compatible; Googlebot/2.1; +http://www.google.com/bot.html)"
212.156.57.223 - - [17/Nov/2017:11:36:05 +0000] "POST /search/?c=Electronics+Software HTTP/1.1" 200 77 "-" "Mozilla/4.0 (compatible; MSIE 8.0; Windows NT 5.1; Trident/4.0; YTB720; GTB7.2; .NET CLR 1.1.4322; .NET CLR 2.0.50727; .NET CLR 3.0.4506.2152; .NET CLR 3.5.30729)"
44.102.75.27 - - [17/Nov/2017:11:36:10 +0000] "GET /category/garden HTTP/1.1" 200 114 "-" "Mozilla/4.0 (compatible; MSIE 8.0; Windows NT 6.1; WOW64; Trident/4.0; YTB730; GTB7.2; EasyBits GO v1.0; SLCC2; .NET CLR 2.0.50727; .NET CLR 3.5.30729; .NET CLR 3.0.30729; Media Center PC 6.0; .NET4.0C)"
44.51.178.212 - - [17/Nov/2017:11:36:15 +0000] "GET /category/electronics HTTP/1.1" 200 72 "/category/sports?from=20" "Mozilla/5.0 (Windows NT 6.0; rv:10.0.1) Gecko/20100101 Firefox/10.0.1"
164.120.51.110 - - [17/Nov/2017:11:36:20 +0000] "POST /search/?c=Garden+Office HTTP/1.1" 200 100 "-" "Mozilla/4.0 (compatible; MSIE 8.0; Windows NT 5.1; Trident/4.0; BTRS122159; GTB7.2; .NET CLR 1.1.4322; .NET CLR 2.0.50727; .NET CLR 3.0.04506.30; .NET CLR 3.0.4506.2152; .NET CLR 3.5.30729; BRI/2)"
68.171.43.168 - - [17/Nov/2017:11:36:25 +0000] "POST /search/?c=Games+Office HTTP/1.1" 200 72 "/item/games/4709" "Mozilla/4.0 (compatible; MSIE 8.0; Windows NT 5.1; Trident/4.0; YTB720; GTB7.2; .NET CLR 1.1.4322; .NET CLR 2.0.50727; .NET CLR 3.0.4506.2152; .NET CLR 3.5.30729)"
100.84.214.95 - - [17/Nov/2017:11:36:30 +0000] "GET /item/games/2779 HTTP/1.1" 200 56 "/category/finance?from=10" "Mozilla/5.0 (Windows NT 6.1; WOW64) AppleWebKit/535.7 (KHTML, like Gecko) Chrome/16.0.912.77 Safari/535.7"
96.33.37.61 - - [17/Nov/2017:11:36:35 +0000] "GET /item/games/918 HTTP/1.1" 200 76 "/item/electronics/1667" "Mozilla/5.0 (compatible; MSIE 9.0; Windows NT 6.1; WOW64; Trident/5.0)"
36.126.180.91 - - [17/Nov/2017:11:36:40 +0000] "GET /category/computers HTTP/1.1" 200 139 "/search/?c=Books+Finance" "Mozilla/5.0 (Windows NT 6.0; rv:10.0.1) Gecko/20100101 Firefox/10.0.1"
84.162.134.68 - - [17/Nov/2017:11:36:45 +0000] "GET /item/computers/512 HTTP/1.1" 200 97 "/item/software/2724" "Mozilla/5.0 (compatible; MSIE 9.0; Windows NT 6.1; Trident/5.0)"
76.48.201.164 - - [17/Nov/2017:11:36:50 +0000] "GET /category/software HTTP/1.1" 200 77 "-" "Mozilla/4.0 (compatible; MSIE 8.0; Windows NT 6.1; WOW64; Trident/4.0; GTB7.2; SLCC2; .NET CLR 2.0.50727; .NET CLR 3.5.30729; .NET CLR 3.0.30729; Media Center PC 6.0; .NET4.0C)"
200.69.111.217 - - [17/Nov/2017:11:36:55 +0000] "GET /category/books HTTP/1.1" 200 72 "/category/finance?from=20" "Mozilla/5.0 (compatible; MSIE 9.0; Windows NT 6.1; WOW64; Trident/5.0)"
40.111.117.84 - - [17/Nov/2017:11:37:00 +0000] "GET /item/books/237 HTTP/1.1" 200 95 "/category/finance" "Mozilla/5.0 (compatible; MSIE 9.0; Windows NT 6.1; WOW64; Trident/5.0)"
64.30.173.72 - - [17/Nov/2017:11:37:05 +0000] "GET /item/toys/1283 HTTP/1.1" 200 49 "-" "Mozilla/5.0 (compatible; MSIE 9.0; Windows NT 6.1; Trident/5.0)"
220.36.59.198 - - [17/Nov/2017:11:37:10 +0000] "GET /category/health?from=10 HTTP/1.1" 200 89 "-" "Mozilla/5.0 (compatible; MSIE 9.0; Windows NT 6.1; WOW64; Trident/5.0)"
224.87.180.175 - - [17/Nov/2017:11:37:15 +0000] "GET /item/electronics/2972 HTTP/1.1" 200 130 "-" "Mozilla/5.0 (compatible; Googlebot/2.1; +http://www.google.com/bot.html)"
104.147.188.161 - - [17/Nov/2017:11:37:20 +0000] "GET /category/networking HTTP/1.1" 200 108 "-" "Mozilla/5.0 (compatible; MSIE 9.0; Windows NT 6.1; WOW64; Trident/5.0)"
148.108.60.129 - - [17/Nov/2017:11:37:25 +0000] "GET /item/computers/4448 HTTP/1.1" 200 100 "http://www.google.com/search?ie=UTF-8&q=google&sclient=psy-ab&q=Computers&oq=Computers&aq=f&aqi=g-vL1&aql=&pbx=1&bav=on.2,or.r_gc.r_pw.r_qf.,cf.osb&biw=3339&bih=409" "Mozilla/4.0 (compatible; MSIE 8.0; Windows NT 5.1; Trident/4.0; BTRS122159; GTB7.2; .NET CLR 1.1.4322; .NET CLR 2.0.50727; .NET CLR 3.0.04506.30; .NET CLR 3.0.4506.2152; .NET CLR 3.5.30729; BRI/2)"
120.33.154.173 - - [17/Nov/2017:11:37:30 +0000] "GET /item/office/278 HTTP/1.1" 200 108 "-" "Mozilla/5.0 (Windows NT 6.0; rv:10.0.1) Gecko/20100101 Firefox/10.0.1"
160.177.26.162 - - [17/Nov/2017:11:37:35 +0000] "GET /item/electronics/2940 HTTP/1.1" 200 103 "/category/electronics" "Mozilla/5.0 (Windows NT 6.1; WOW64) AppleWebKit/535.11 (KHTML, like Gecko) Chrome/17.0.963.56 Safari/535.11"
152.114.173.61 - - [17/Nov/2017:11:37:40 +0000] "GET /item/software/2629 HTTP/1.1" 200 61 "/category/health" "Mozilla/4.0 (compatible; MSIE 8.0; Windows NT 6.1; Trident/4.0; YTB730; SLCC2; .NET CLR 2.0.50727; .NET CLR 3.5.30729; .NET CLR 3.0.30729; Media Center PC 6.0; .NET4.0C)"
208.183.145.211 - - [17/Nov/2017:11:37:45 +0000] "GET /category/games?from=10 HTTP/1.1" 200 124 "/category/electronics" "Mozilla/5.0 (Windows NT 6.0) AppleWebKit/535.11 (KHTML, like Gecko) Chrome/17.0.963.56 Safari/535.11"
212.156.57.223 - - [17/Nov/2017:11:37:50 +0000] "GET /category/software HTTP/1.1" 200 131 "-" "Mozilla/4.0 (compatible; MSIE 8.0; Windows NT 5.1; Trident/4.0; BTRS122159; GTB7.2; .NET CLR 1.1.4322; .NET CLR 2.0.50727; .NET CLR 3.0.04506.30; .NET CLR 3.0.4506.2152; .NET CLR 3.5.30729; BRI/2)"
52.90.30.181 - - [17/Nov/2017:11:37:55 +0000] "GET /category/computers HTTP/1.1" 200 131 "-" "Mozilla/5.0 (compatible; Googlebot/2.1; +http://www.google.com/bot.html)"
192.51.157.22 - - [17/Nov/2017:11:38:00 +0000] "GET /category/health HTTP/1.1" 200 79 "-" "Mozilla/5.0 (Windows NT 6.1; WOW64) AppleWebKit/535.11 (KHTML, like Gecko) Chrome/17.0.963.56 Safari/535.11"
96.150.113.225 - - [17/Nov/2017:11:38:05 +0000] "GET /category/software?from=0 HTTP/1.1" 200 137 "/item/garden/2199" "Mozilla/5.0 (Windows NT 6.1; WOW64) AppleWebKit/535.11 (KHTML, like Gecko) Chrome/17.0.963.56 Safari/535.11"
220.195.117.90 - - [17/Nov/2017:11:38:10 +0000] "POST /search/?c=Electronics HTTP/1.1" 200 130 "-" "Mozilla/5.0 (Windows NT 6.0; rv:10.0.1) Gecko/20100101 Firefox/10.0.1"
208.30.147.227 - - [17/Nov/2017:11:38:15 +0000] "GET /category/books?from=10 HTTP/1.1" 200 86 "/category/music" "Mozilla/5.0 (Windows NT 6.1; WOW64) AppleWebKit/535.7 (KHTML, like Gecko) Chrome/16.0.912.77 Safari/535.7"
204.162.54.90 - - [17/Nov/2017:11:38:20 +0000] "GET /category/toys HTTP/1.1" 200 109 "-" "Mozilla/5.0 (compatible; MSIE 9.0; Windows NT 6.1; WOW64; Trident/5.0)"
156.222.94.210 - - [17/Nov/2017:11:38:25 +0000] "GET /item/games/3032 HTTP/1.1" 200 115 "-" "Mozilla/5.0 (Windows NT 6.0; rv:10.0.1) Gecko/20100101 Firefox/10.0.1"
228.123.64.116 - - [17/Nov/2017:11:38:30 +0000] "GET /category/office HTTP/1.1" 200 139 "-" "Mozilla/4.0 (compatible; MSIE 8.0; Windows NT 6.1; WOW64; Trident/4.0; GTB7.2; SLCC2; .NET CLR 2.0.50727; .NET CLR 3.5.30729; .NET CLR 3.0.30729; Media Center PC 6.0; .NET4.0C)"
204.99.132.70 - - [17/Nov/2017:11:38:35 +0000] "GET /category/office HTTP/1.1" 200 132 "-" "Mozilla/5.0 (compatible; MSIE 9.0; Windows NT 6.1; Trident/5.0)"
196.57.135.222 - - [17/Nov/2017:11:38:40 +0000] "GET /category/office HTTP/1.1" 200 124 "-" "Mozilla/4.0 (compatible; MSIE 8.0; Windows NT 6.0; WOW64; Trident/4.0; GTB6; SLCC1; .NET CLR 2.0.50727; Media Center PC 5.0; .NET CLR 3.5.30729; .NET CLR 3.0.30618; .NET4.0C)"
32.126.192.64 - - [17/Nov/2017:11:38:45 +0000] "GET /item/books/1440 HTTP/1.1" 200 108 "/item/music/1232" "Mozilla/5.0 (Windows NT 6.1; WOW64) AppleWebKit/535.7 (KHTML, like Gecko) Chrome/16.0.912.77 Safari/535.7"
172.108.215.191 - - [17/Nov/2017:11:38:50 +0000] "GET /category/giftcards HTTP/1.1" 200 83 "-" "Mozilla/5.0 (Windows NT 6.1; WOW64; rv:10.0.1) Gecko/20100101 Firefox/10.0.1"
40.141.85.63 - - [17/Nov/2017:11:38:55 +0000] "GET /category/toys HTTP/1.1" 200 115 "/category/office" "Mozilla/5.0 (compatible; Googlebot/2.1; +http://www.google.com/bot.html)"
120.180.161.107 - - [17/Nov/2017:11:39:00 +0000] "GET /category/sports?from=10 HTTP/1.1" 200 52 "/item/games/4709" "Mozilla/5.0 (Windows NT 6.0) AppleWebKit/535.11 (KHTML, like Gecko) Chrome/17.0.963.56 Safari/535.11"
56.24.223.76 - - [17/Nov/2017:11:39:05 +0000] "GET /item/sports/1884 HTTP/1.1" 200 105 "-" "Mozilla/4.0 (compatible; MSIE 8.0; Windows NT 6.1; WOW64; Trident/4.0; YTB730; GTB7.2; EasyBits GO v1.0; SLCC2; .NET CLR 2.0.50727; .NET CLR 3.5.30729; .NET CLR 3.0.30729; Media Center PC 6.0; .NET4.0C)"
136.63.21.83 - - [17/Nov/2017:11:39:10 +0000] "GET /category/computers HTTP/1.1" 200 94 "-" "Mozilla/4.0 (compatible; MSIE 8.0; Windows NT 5.1; Trident/4.0; BTRS122159; GTB7.2; .NET CLR 1.1.4322; .NET CLR 2.0.50727; .NET CLR 3.0.04506.30; .NET CLR 3.0.4506.2152; .NET CLR 3.5.30729; BRI/2)"
56.117.147.155 - - [17/Nov/2017:11:39:15 +0000] "GET /category/games HTTP/1.1" 200 137 "/item/finance/4492" "Mozilla/5.0 (Windows NT 6.0; rv:10.0.1) Gecko/20100101 Firefox/10.0.1"
216.111.41.52 - - [17/Nov/2017:11:39:20 +0000] "GET /category/software HTTP/1.1" 200 125 "-" "Mozilla/5.0 (Macintosh; Intel Mac OS X 10.6; rv:9.0.1) Gecko/20100101 Firefox/9.0.1"
164.207.101.92 - - [17/Nov/2017:11:39:25 +0000] "GET /category/software HTTP/1.1" 200 56 "-" "Mozilla/5.0 (Windows NT 6.1; WOW64) AppleWebKit/535.11 (KHTML, like Gecko) Chrome/17.0.963.56 Safari/535.11"
36.144.139.176 - - [17/Nov/2017:11:39:30 +0000] "GET /item/electronics/3271 HTTP/1.1" 200 138 "/category/books" "Mozilla/4.0 (compatible; MSIE 8.0; Windows NT 5.1; Trident/4.0; YTB720; GTB7.2; .NET CLR 1.1.4322; .NET CLR 2.0.50727; .NET CLR 3.0.4506.2152; .NET CLR 3.5.30729)"
196.102.21.104 - - [17/Nov/2017:11:39:35 +0000] "GET /category/electronics HTTP/1.1" 200 73 "/category/books" "Mozilla/4.0 (compatible; MSIE 8.0; Windows NT 6.1; WOW64; Trident/4.0; YTB730; GTB7.2; EasyBits GO v1.0; SLCC2; .NET CLR 2.0.50727; .NET CLR 3.5.30729; .NET CLR 3.0.30729; Media Center PC 6.0; .NET4.0C)"
44.213.68.121 - - [17/Nov/2017:11:39:40 +0000] "GET /item/garden/3051 HTTP/1.1" 200 40 "/category/electronics" "Mozilla/5.0 (Windows NT 6.0; rv:10.0.1) Gecko/20100101 Firefox/10.0.1"
168.69.212.143 - - [17/Nov/2017:11:39:45 +0000] "GET /category/books HTTP/1.1" 200 131 "/search/?c=Garden" "Mozilla/5.0 (compatible; MSIE 9.0; Windows NT 6.1; WOW64; Trident/5.0)"
40.219.75.36 - - [17/Nov/2017:11:39:50 +0000] "GET /item/software/2109 HTTP/1.1" 200 107 "/category/software" "Mozilla/5.0 (compatible; MSIE 9.0; Windows NT 6.1; Trident/5.0)"
40.78.48.94 - - [17/Nov/2017:11:39:55 +0000] "GET /category/electronics HTTP/1.1" 200 112 "/category/networking" "Mozilla/4.0 (compatible; MSIE 8.0; Windows NT 6.1; WOW64; Trident/4.0; GTB7.2; SLCC2; .NET CLR 2.0.50727; .NET CLR 3.5.30729; .NET CLR 3.0.30729; Media Center PC 6.0; .NET4.0C)"
52.147.207.228 - - [17/Nov/2017:11:40:00 +0000] "GET /category/software HTTP/1.1" 200 126 "-" "Mozilla/5.0 (Windows NT 6.0; rv:10.0.1) Gecko/20100101 Firefox/10.0.1"
132.111.91.221 - - [17/Nov/2017:11:40:05 +0000] "GET /category/books HTTP/1.1" 200 41 "-" "Mozilla/5.0 (compatible; MSIE 9.0; Windows NT 6.1; Trident/5.0)"
164.219.67.33 - - [17/Nov/2017:11:40:10 +0000] "POST /search/?c=Electronics HTTP/1.1" 200 69 "-" "Mozilla/4.0 (compatible; MSIE 8.0; Windows NT 6.1; WOW64; Trident/4.0; YTB730; GTB7.2; EasyBits GO v1.0; SLCC2; .NET CLR 2.0.50727; .NET CLR 3.5.30729; .NET CLR 3.0.30729; Media Center PC 6.0; .NET4.0C)"
76.123.219.106 - - [17/Nov/2017:11:40:15 +0000] "GET /category/electronics HTTP/1.1" 200 104 "-" "Mozilla/4.0 (compatible; MSIE 8.0; Windows NT 6.0; WOW64; Trident/4.0; GTB6; SLCC1; .NET CLR 2.0.50727; Media Center PC 5.0; .NET CLR 3.5.30729; .NET CLR 3.0.30618; .NET4.0C)"
176.69.116.108 - - [17/Nov/2017:11:40:20 +0000] "GET /item/books/1573 HTTP/1.1" 200 72 "/category/software" "Mozilla/5.0 (Windows NT 6.1; WOW64) AppleWebKit/535.11 (KHTML, like Gecko) Chrome/17.0.963.56 Safari/535.11"
152.51.72.184 - - [17/Nov/2017:11:40:25 +0000] "GET /item/health/1983 HTTP/1.1" 200 59 "/category/giftcards" "Mozilla/4.0 (compatible; MSIE 8.0; Windows NT 6.1; WOW64; Trident/4.0; GTB7.2; SLCC2; .NET CLR 2.0.50727; .NET CLR 3.5.30729; .NET CLR 3.0.30729; Media Center PC 6.0; .NET4.0C)"
164.75.155.177 - - [17/Nov/2017:11:40:30 +0000] "GET /category/electronics HTTP/1.1" 200 91 "/category/health?from=0" "Mozilla/5.0 (Macintosh; Intel Mac OS X 10.6; rv:9.0.1) Gecko/20100101 Firefox/9.0.1"
208.171.120.182 - - [17/Nov/2017:11:40:35 +0000] "GET /category/books HTTP/1.1" 200 126 "/category/software" "Mozilla/5.0 (Windows NT 6.0; rv:10.0.1) Gecko/20100101 Firefox/10.0.1"
96.159.160.163 - - [17/Nov/2017:11:40:40 +0000] "GET /category/electronics HTTP/1.1" 200 138 "-" "Mozilla/5.0 (Windows NT 5.1) AppleWebKit/535.11 (KHTML, like Gecko) Chrome/17.0.963.46 Safari/535.11"
104.138.92.26 - - [17/Nov/2017:11:40:45 +0000] "GET /item/sports/3881 HTTP/1.1" 200 89 "/category/finance" "Mozilla/5.0 (Windows NT 6.0; rv:10.0.1) Gecko/20100101 Firefox/10.0.1"
44.198.209.156 - - [17/Nov/2017:11:40:50 +0000] "GET /item/electronics/3529 HTTP/1.1" 404 122 "/category/software" "Mozilla/5.0 (Macintosh; Intel Mac OS X 10.6; rv:9.0.1) Gecko/20100101 Firefox/9.0.1"
104.69.39.75 - - [17/Nov/2017:11:40:55 +0000] "GET /item/office/84 HTTP/1.1" 200 137 "/item/jewelry/428" "Mozilla/5.0 (Windows NT 6.1; WOW64) AppleWebKit/535.11 (KHTML, like Gecko) Chrome/17.0.963.56 Safari/535.11"
96.105.101.123 - - [17/Nov/2017:11:41:00 +0000] "GET /item/electronics/2104 HTTP/1.1" 200 59 "/category/electronics" "Mozilla/5.0 (Windows NT 6.1; WOW64) AppleWebKit/535.11 (KHTML, like Gecko) Chrome/17.0.963.56 Safari/535.11"
48.84.25.228 - - [17/Nov/2017:11:41:05 +0000] "GET /item/networking/973 HTTP/1.1" 200 48 "-" "Mozilla/4.0 (compatible; MSIE 8.0; Windows NT 5.1; Trident/4.0; YTB720; GTB7.2; .NET CLR 1.1.4322; .NET CLR 2.0.50727; .NET CLR 3.0.4506.2152; .NET CLR 3.5.30729)"
188.78.192.171 - - [17/Nov/2017:11:41:10 +0000] "GET /category/software HTTP/1.1" 200 105 "/category/finance" "Mozilla/5.0 (Windows NT 6.0; rv:10.0.1) Gecko/20100101 Firefox/10.0.1"
32.189.72.176 - - [17/Nov/2017:11:41:15 +0000] "GET /category/software HTTP/1.1" 200 71 "http://www.google.com/search?ie=UTF-8&q=google&sclient=psy-ab&q=Software&oq=Software&aq=f&aqi=g-vL1&aql=&pbx=1&bav=on.2,or.r_gc.r_pw.r_qf.,cf.osb&biw=2997&bih=292" "Mozilla/5.0 (compatible; MSIE 9.0; Windows NT 6.1; Trident/5.0)"
68.78.197.161 - - [17/Nov/2017:11:41:20 +0000] "GET /item/jewelry/2479 HTTP/1.1" 200 126 "/category/sports" "Mozilla/5.0 (Windows NT 6.1; WOW64; rv:10.0.1) Gecko/20100101 Firefox/10.0.1"
72.123.144.157 - - [17/Nov/2017:11:41:25 +0000] "GET /item/books/4067 HTTP/1.1" 200 121 "/item/electronics/3298" "Mozilla/4.0 (compatible; MSIE 8.0; Windows NT 5.1; Trident/4.0; BTRS122159; GTB7.2; .NET CLR 1.1.4322; .NET CLR 2.0.50727; .NET CLR 3.0.04506.30; .NET CLR 3.0.4506.2152; .NET CLR 3.5.30729; BRI/2)"
176.210.71.83 - - [17/Nov/2017:11:41:30 +0000] "GET /item/jewelry/1164 HTTP/1.1" 200 106 "-" "Mozilla/5.0 (Windows NT 6.1; WOW64) AppleWebKit/535.7 (KHTML, like Gecko) Chrome/16.0.912.77 Safari/535.7"
196.69.125.183 - - [17/Nov/2017:11:41:35 +0000] "GET /category/cameras HTTP/1.1" 200 115 "/category/software" "Mozilla/5.0 (Windows NT 6.0; rv:10.0.1) Gecko/20100101 Firefox/10.0.1"
196.84.86.62 - - [17/Nov/2017:11:41:40 +0000] "GET /category/jewelry HTTP/1.1" 200 78 "/category/electronics" "Mozilla/5.0 (Macintosh; Intel Mac OS X 10.6; rv:9.0.1) Gecko/20100101 Firefox/9.0.1"
88.51.112.169 - - [17/Nov/2017:11:41:45 +0000] "GET /category/games?from=10 HTTP/1.1" 200 124 "/category/software" "Mozilla/5.0 (Windows NT 6.0; rv:10.0.1) Gecko/20100101 Firefox/10.0.1"
144.114.134.210 - - [17/Nov/2017:11:41:50 +0000] "GET /item/office/394 HTTP/1.1" 200 65 "/search/?c=Office+Toys" "Mozilla/5.0 (Macintosh; Intel Mac OS X 10.6; rv:9.0.1) Gecko/20100101 Firefox/9.0.1"
104.165.180.220 - - [17/Nov/2017:11:41:55 +0000] "GET /item/software/1768 HTTP/1.1" 200 96 "-" "Mozilla/4.0 (compatible; MSIE 8.0; Windows NT 5.1; Trident/4.0; BTRS122159; GTB7.2; .NET CLR 1.1.4322; .NET CLR 2.0.50727; .NET CLR 3.0.04506.30; .NET CLR 3.0.4506.2152; .NET CLR 3.5.30729; BRI/2)"
136.222.62.176 - - [17/Nov/2017:11:42:00 +0000] "GET /item/books/1573 HTTP/1.1" 200 72 "-" "Mozilla/5.0 (Windows NT 6.0; rv:10.0.1) Gecko/20100101 Firefox/10.0.1"
24.114.164.152 - - [17/Nov/2017:11:42:05 +0000] "GET /category/electronics HTTP/1.1" 200 138 "-" "Mozilla/5.0 (Windows NT 5.1) AppleWebKit/535.11 (KHTML, like Gecko) Chrome/17.0.963.46 Safari/535.11"
56.120.188.55 - - [17/Nov/2017:11:42:10 +0000] "POST /search/?c=Electronics+Sports HTTP/1.1" 200 139 "/item/electronics/3030" "Mozilla/5.0 (iPad; CPU OS 5_0_1 like Mac OS X) AppleWebKit/534.46 (KHTML, like Gecko) Version/5.1 Mobile/9A405 Safari/7534.48.3"
220.57.136.83 - - [17/Nov/2017:11:42:15 +0000] "GET /item/finance/2549 HTTP/1.1" 200 114 "-" "Mozilla/4.0 (compatible; MSIE 8.0; Windows NT 5.1; Trident/4.0; YTB720; GTB7.2; .NET CLR 1.1.4322; .NET CLR 2.0.50727; .NET CLR 3.0.4506.2152; .NET CLR 3.5.30729)"
24.90.183.170 - - [17/Nov/2017:11:42:20 +0000] "GET /category/computers HTTP/1.1" 200 131 "/item/garden/2308" "Mozilla/5.0 (Windows NT 6.0; rv:10.0.1) Gecko/20100101 Firefox/10.0.1"
200.201.187.211 - - [17/Nov/2017:11:42:25 +0000] "GET /item/electronics/3410 HTTP/1.1" 200 123 "/category/software" "Mozilla/5.0 (Windows NT 5.1) AppleWebKit/535.11 (KHTML, like Gecko) Chrome/17.0.963.46 Safari/535.11"
32.156.124.60 - - [17/Nov/2017:11:42:30 +0000] "GET /category/sports HTTP/1.1" 200 48 "-" "Mozilla/5.0 (Windows NT 6.0) AppleWebKit/535.11 (KHTML, like Gecko) Chrome/17.0.963.56 Safari/535.11"
76.138.226.38 - - [17/Nov/2017:11:42:35 +0000] "GET /category/garden HTTP/1.1" 200 121 "/item/computers/2093" "Mozilla/4.0 (compatible; MSIE 8.0; Windows NT 5.1; Trident/4.0; BTRS122159; GTB7.2; .NET CLR 1.1.4322; .NET CLR 2.0.50727; .NET CLR 3.0.04506.30; .NET CLR 3.0.4506.2152; .NET CLR 3.5.30729; BRI/2)"
80.39.220.94 - - [17/Nov/2017:11:42:40 +0000] "GET /item/electronics/1678 HTTP/1.1" 200 108 "-" "Mozilla/5.0 (Windows NT 6.0) AppleWebKit/535.11 (KHTML, like Gecko) Chrome/17.0.963.56 Safari/535.11"
68.78.152.172 - - [17/Nov/2017:11:42:45 +0000] "GET /item/music/1760 HTTP/1.1" 200 112 "/search/?c=Jewelry" "Mozilla/5.0 (compatible; MSIE 9.0; Windows NT 6.1; Trident/5.0)"
52.39.67.99 - - [17/Nov/2017:11:42:50 +0000] "GET /item/games/3164 HTTP/1.1" 200 49 "/category/giftcards?from=10" "Mozilla/5.0 (iPad; CPU OS 5_0_1 like Mac OS X) AppleWebKit/534.46 (KHTML, like Gecko) Version/5.1 Mobile/9A405 Safari/7534.48.3"
228.165.180.112 - - [17/Nov/2017:11:42:55 +0000] "GET /item/games/4819 HTTP/1.1" 200 115 "http://www.google.com/search?ie=UTF-8&q=google&sclient=psy-ab&q=Games+Garden&oq=Games+Garden&aq=f&aqi=g-vL1&aql=&pbx=1&bav=on.2,or.r_gc.r_pw.r_qf.,cf.osb&biw=2688&bih=201" "Mozilla/5.0 (Windows NT 6.1; WOW64) AppleWebKit/535.7 (KHTML, like Gecko) Chrome/16.0.912.77 Safari/535.7"
112.204.94.24 - - [17/Nov/2017:11:43:00 +0000] "GET /item/finance/3568 HTTP/1.1" 200 126 "/search/?c=Finance+Electronics" "Mozilla/5.0 (compatible; Googlebot/2.1; +http://www.google.com/bot.html)"
176.27.158.207 - - [17/Nov/2017:11:43:05 +0000] "GET /category/electronics HTTP/1.1" 200 83 "-" "Mozilla/5.0 (compatible; MSIE 9.0; Windows NT 6.1; WOW64; Trident/5.0)"
152.72.100.218 - - [17/Nov/2017:11:43:10 +0000] "GET /category/cameras?from=20 HTTP/1.1" 200 114 "/category/music" "Mozilla/5.0 (Windows NT 6.1; WOW64) AppleWebKit/535.7 (KHTML, like Gecko) Chrome/16.0.912.77 Safari/535.7"
184.156.203.71 - - [17/Nov/2017:11:43:15 +0000] "GET /item/games/1547 HTTP/1.1" 200 113 "-" "Mozilla/5.0 (compatible; Googlebot/2.1; +http://www.google.com/bot.html)"
112.66.219.85 - - [17/Nov/2017:11:43:20 +0000] "GET /item/garden/2199 HTTP/1.1" 200 74 "/category/garden" "Mozilla/4.0 (compatible; MSIE 8.0; Windows NT 5.1; Trident/4.0; YTB720; GTB7.2; .NET CLR 1.1.4322; .NET CLR 2.0.50727; .NET CLR 3.0.4506.2152; .NET CLR 3.5.30729)"
92.99.34.90 - - [17/Nov/2017:11:43:25 +0000] "GET /category/software HTTP/1.1" 200 56 "-" "Mozilla/4.0 (compatible; MSIE 8.0; Windows NT 6.1; WOW64; Trident/4.0; GTB7.2; SLCC2; .NET CLR 2.0.50727; .NET CLR 3.5.30729; .NET CLR 3.0.30729; Media Center PC 6.0; .NET4.0C)"
148.189.181.127 - - [17/Nov/2017:11:43:30 +0000] "GET /category/books HTTP/1.1" 200 121 "/category/games" "Mozilla/5.0 (compatible; MSIE 9.0; Windows NT 6.1; Trident/5.0)"
48.54.186.185 - - [17/Nov/2017:11:43:35 +0000] "GET /item/garden/4271 HTTP/1.1" 200 127 "-" "Mozilla/5.0 (Windows NT 6.0; rv:10.0.1) Gecko/20100101 Firefox/10.0.1"
68.36.207.172 - - [17/Nov/2017:11:43:40 +0000] "GET /item/games/4398 HTTP/1.1" 200 112 "/category/games" "Mozilla/4.0 (compatible; MSIE 8.0; Windows NT 6.1; WOW64; Trident/4.0; YTB730; GTB7.2; EasyBits GO v1.0; SLCC2; .NET CLR 2.0.50727; .NET CLR 3.5.30729; .NET CLR 3.0.30729; Media Center PC 6.0; .NET4.0C)"
96.90.32.31 - - [17/Nov/2017:11:43:45 +0000] "GET /category/computers HTTP/1.1" 200 114 "/item/giftcards/4231" "Mozilla/5.0 (Windows NT 6.0; rv:10.0.1) Gecko/20100101 Firefox/10.0.1"
220.24.100.197 - - [17/Nov/2017:11:43:50 +0000] "GET /category/electronics HTTP/1.1" 200 98 "-" "Mozilla/5.0 (compatible; Googlebot/2.1; +http://www.google.com/bot.html)"
56.48.140.129 - - [17/Nov/2017:11:43:55 +0000] "GET /category/electronics?from=0 HTTP/1.1" 200 71 "/category/electronics" "Mozilla/5.0 (compatible; MSIE 9.0; Windows NT 6.1; WOW64; Trident/5.0)"
24.90.183.170 - - [17/Nov/2017:11:44:00 +0000] "GET /item/electronics/2792 HTTP/1.1" 200 114 "/category/health" "Mozilla/5.0 (Windows NT 6.1; WOW64) AppleWebKit/535.11 (KHTML, like Gecko) Chrome/17.0.963.56 Safari/535.11"
112.222.91.42 - - [17/Nov/2017:11:44:05 +0000] "POST /search/?c=Electronics+Sports HTTP/1.1" 200 139 "/category/software" "Mozilla/5.0 (compatible; MSIE 9.0; Windows NT 6.1; WOW64; Trident/5.0)"
196.225.171.61 - - [17/Nov/2017:11:44:10 +0000] "GET /category/cameras HTTP/1.1" 200 117 "/category/cameras?from=20" "Mozilla/5.0 (compatible; MSIE 9.0; Windows NT 6.1; Trident/5.0)"
224.57.160.208 - - [17/Nov/2017:11:44:15 +0000] "POST /search/?c=Books HTTP/1.1" 200 127 "/category/health" "Mozilla/4.0 (compatible; MSIE 8.0; Windows NT 6.0; WOW64; Trident/4.0; GTB6; SLCC1; .NET CLR 2.0.50727; Media Center PC 5.0; .NET CLR 3.5.30729; .NET CLR 3.0.30618; .NET4.0C)"
28.165.95.144 - - [17/Nov/2017:11:44:20 +0000] "GET /category/books?from=20 HTTP/1.1" 200 88 "/search/?c=Office" "Mozilla/5.0 (compatible; MSIE 9.0; Windows NT 6.1; Trident/5.0)"
76.216.93.173 - - [17/Nov/2017:11:44:25 +0000] "GET /category/books?from=0 HTTP/1.1" 200 74 "/item/garden/2308" "Mozilla/5.0 (Macintosh; Intel Mac OS X 10.6; rv:9.0.1) Gecko/20100101 Firefox/9.0.1"
144.228.38.65 - - [17/Nov/2017:11:44:30 +0000] "GET /item/games/2751 HTTP/1.1" 200 43 "/category/software" "Mozilla/5.0 (Windows NT 6.1; WOW64) AppleWebKit/535.11 (KHTML, like Gecko) Chrome/17.0.963.56 Safari/535.11"
60.90.187.169 - - [17/Nov/2017:11:44:35 +0000] "GET /item/health/3590 HTTP/1.1" 200 95 "/item/books/180" "Mozilla/4.0 (compatible; MSIE 8.0; Windows NT 6.1; Trident/4.0; YTB730; SLCC2; .NET CLR 2.0.50727; .NET CLR 3.5.30729; .NET CLR 3.0.30729; Media Center PC 6.0; .NET4.0C)"
32.198.203.102 - - [17/Nov/2017:11:44:40 +0000] "POST /search/?c=Electronics+Toys HTTP/1.1" 200 128 "/item/software/1594" "Mozilla/5.0 (Windows NT 6.0) AppleWebKit/535.11 (KHTML, like Gecko) Chrome/17.0.963.56 Safari/535.11"
216.132.160.25 - - [17/Nov/2017:11:44:45 +0000] "GET /category/office HTTP/1.1" 200 126 "/search/?c=Toys" "Mozilla/5.0 (compatible; Googlebot/2.1; +http://www.google.com/bot.html)"
60.51.108.129 - - [17/Nov/2017:11:44:50 +0000] "GET /item/music/4221 HTTP/1.1" 200 94 "/category/office" "Mozilla/5.0 (Macintosh; Intel Mac OS X 10.6; rv:9.0.1) Gecko/20100101 Firefox/9.0.1"
152.90.227.164 - - [17/Nov/2017:11:44:55 +0000] "GET /category/computers HTTP/1.1" 200 117 "-" "Mozilla/4.0 (compatible; MSIE 8.0; Windows NT 5.1; Trident/4.0; BTRS122159; GTB7.2; .NET CLR 1.1.4322; .NET CLR 2.0.50727; .NET CLR 3.0.04506.30; .NET CLR 3.0.4506.2152; .NET CLR 3.5.30729; BRI/2)"
204.225.98.113 - - [17/Nov/2017:11:45:00 +0000] "GET /category/software HTTP/1.1" 200 82 "/category/games" "Mozilla/5.0 (compatible; MSIE 9.0; Windows NT 6.1; WOW64; Trident/5.0)"
40.42.114.155 - - [17/Nov/2017:11:45:05 +0000] "POST /search/?c=Software+Games HTTP/1.1" 200 124 "-" "Mozilla/5.0 (Macintosh; Intel Mac OS X 10.6; rv:9.0.1) Gecko/20100101 Firefox/9.0.1"
160.45.81.35 - - [17/Nov/2017:11:45:10 +0000] "GET /category/software HTTP/1.1" 200 98 "/category/jewelry" "Mozilla/5.0 (Windows NT 6.0) AppleWebKit/535.11 (KHTML, like Gecko) Chrome/17.0.963.56 Safari/535.11"
96.159.160.163 - - [17/Nov/2017:11:45:15 +0000] "GET /category/software HTTP/1.1" 200 113 "/category/software?from=20" "Mozilla/5.0 (Windows NT 6.1; WOW64; rv:10.0.1) Gecko/20100101 Firefox/10.0.1"
148.63.165.61 - - [17/Nov/2017:11:45:20 +0000] "GET /category/giftcards?from=0 HTTP/1.1" 200 81 "/category/office" "Mozilla/5.0 (compatible; MSIE 9.0; Windows NT 6.1; Trident/5.0)"
100.174.103.32 - - [17/Nov/2017:11:45:25 +0000] "GET /item/electronics/722 HTTP/1.1" 200 102 "/item/computers/4448" "Mozilla/4.0 (compatible; MSIE 8.0; Windows NT 6.1; WOW64; Trident/4.0; GTB7.2; SLCC2; .NET CLR 2.0.50727; .NET CLR 3.5.30729; .NET CLR 3.0.30729; Media Center PC 6.0; .NET4.0C)"
100.192.111.52 - - [17/Nov/2017:11:45:30 +0000] "GET /item/cameras/4995 HTTP/1.1" 200 97 "/category/software" "Mozilla/4.0 (compatible; MSIE 8.0; Windows NT 5.1; Trident/4.0; YTB720; GTB7.2; .NET CLR 1.1.4322; .NET CLR 2.0.50727; .NET CLR 3.0.4506.2152; .NET CLR 3.5.30729)"
228.111.87.205 - - [17/Nov/2017:11:45:35 +0000] "POST /search/?c=Electronics HTTP/1.1" 200 69 "/category/office" "Mozilla/5.0 (Windows NT 6.1; WOW64) AppleWebKit/535.7 (KHTML, like Gecko) Chrome/16.0.912.77 Safari/535.7"
192.54.221.227 - - [17/Nov/2017:11:45:40 +0000] "GET /item/software/2699 HTTP/1.1" 200 50 "/category/office" "Mozilla/5.0 (Windows NT 6.0; rv:10.0.1) Gecko/20100101 Firefox/10.0.1"
212.222.165.164 - - [17/Nov/2017:11:45:45 +0000] "GET /category/office HTTP/1.1" 200 59 "-" "Mozilla/5.0 (Macintosh; Intel Mac OS X 10.6; rv:9.0.1) Gecko/20100101 Firefox/9.0.1"
60.33.34.174 - - [17/Nov/2017:11:45:50 +0000] "GET /category/toys HTTP/1.1" 200 40 "-" "Mozilla/5.0 (Macintosh; Intel Mac OS X 10.6; rv:9.0.1) Gecko/20100101 Firefox/9.0.1"
180.147.87.207 - - [17/Nov/2017:11:45:55 +0000] "GET /item/computers/1693 HTTP/1.1" 200 110 "/item/office/564" "Mozilla/5.0 (Windows NT 6.0; rv:10.0.1) Gecko/20100101 Firefox/10.0.1"
144.180.57.180 - - [17/Nov/2017:11:46:00 +0000] "GET /category/electronics?from=0 HTTP/1.1" 200 101 "-" "Mozilla/5.0 (compatible; Googlebot/2.1; +http://www.google.com/bot.html)"
60.123.32.130 - - [17/Nov/2017:11:46:05 +0000] "GET /category/finance HTTP/1.1" 200 71 "/category/electronics" "Mozilla/5.0 (compatible; MSIE 9.0; Windows NT 6.1; WOW64; Trident/5.0)"
200.189.168.228 - - [17/Nov/2017:11:46:10 +0000] "GET /category/games HTTP/1.1" 200 47 "/category/software" "Mozilla/5.0 (Windows NT 6.1; WOW64) AppleWebKit/535.11 (KHTML, like Gecko) Chrome/17.0.963.56 Safari/535.11"
52.57.147.82 - - [17/Nov/2017:11:46:15 +0000] "GET /category/electronics?from=20 HTTP/1.1" 200 52 "-" "Mozilla/5.0 (compatible; MSIE 9.0; Windows NT 6.1; Trident/5.0)"
156.168.77.168 - - [17/Nov/2017:11:46:20 +0000] "POST /search/?c=Jewelry+Games HTTP/1.1" 200 129 "/item/electronics/3271" "Mozilla/5.0 (compatible; MSIE 9.0; Windows NT 6.1; WOW64; Trident/5.0)"
144.228.38.65 - - [17/Nov/2017:11:46:25 +0000] "GET /category/games?from=0 HTTP/1.1" 200 124 "/item/music/4699" "Mozilla/5.0 (Macintosh; Intel Mac OS X 10.6; rv:9.0.1) Gecko/20100101 Firefox/9.0.1"
68.36.207.172 - - [17/Nov/2017:11:46:30 +0000] "GET /item/finance/1103 HTTP/1.1" 200 109 "/item/electronics/2795" "Mozilla/4.0 (compatible; MSIE 8.0; Windows NT 6.1; WOW64; Trident/4.0; YTB730; GTB7.2; EasyBits GO v1.0; SLCC2; .NET CLR 2.0.50727; .NET CLR 3.5.30729; .NET CLR 3.0.30729; Media Center PC 6.0; .NET4.0C)"
52.90.30.181 - - [17/Nov/2017:11:46:35 +0000] "GET /item/electronics/2868 HTTP/1.1" 200 41 "-" "Mozilla/5.0 (compatible; Googlebot/2.1; +http://www.google.com/bot.html)"
224.27.58.174 - - [17/Nov/2017:11:46:40 +0000] "GET /item/electronics/1089 HTTP/1.1" 200 54 "-" "Mozilla/4.0 (compatible; MSIE 8.0; Windows NT 6.1; Trident/4.0; YTB730; SLCC2; .NET CLR 2.0.50727; .NET CLR 3.5.30729; .NET CLR 3.0.30729; Media Center PC 6.0; .NET4.0C)"
96.225.24.124 - - [17/Nov/2017:11:46:45 +0000] "GET /item/garden/995 HTTP/1.1" 200 77 "/item/software/875" "Mozilla/5.0 (compatible; MSIE 9.0; Windows NT 6.1; WOW64; Trident/5.0)"
52.189.168.94 - - [17/Nov/2017:11:46:50 +0000] "POST /search/?c=Garden HTTP/1.1" 200 44 "/search/?c=Giftcards+Garden" "Mozilla/5.0 (Macintosh; Intel Mac OS X 10.6; rv:9.0.1) Gecko/20100101 Firefox/9.0.1"
72.225.153.31 - - [17/Nov/2017:11:46:55 +0000] "GET /category/electronics?from=20 HTTP/1.1" 200 63 "/item/sports/1884" "Mozilla/5.0 (Windows NT 6.0; rv:10.0.1) Gecko/20100101 Firefox/10.0.1"
184.123.73.180 - - [17/Nov/2017:11:47:00 +0000] "GET /item/office/1168 HTTP/1.1" 200 135 "/category/office" "Mozilla/5.0 (Macintosh; Intel Mac OS X 10.6; rv:9.0.1) Gecko/20100101 Firefox/9.0.1"
28.207.139.33 - - [17/Nov/2017:11:47:05 +0000] "POST /search/?c=Electronics+Garden HTTP/1.1" 200 139 "-" "Mozilla/5.0 (compatible; Googlebot/2.1; +http://www.google.com/bot.html)"
228.186.82.142 - - [17/Nov/2017:11:47:10 +0000] "GET /category/software HTTP/1.1" 200 73 "/item/software/3387" "Mozilla/4.0 (compatible; MSIE 8.0; Windows NT 5.1; Trident/4.0; YTB720; GTB7.2; .NET CLR 1.1.4322; .NET CLR 2.0.50727; .NET CLR 3.0.4506.2152; .NET CLR 3.5.30729)"
48.222.150.132 - - [17/Nov/2017:11:47:15 +0000] "GET /category/jewelry HTTP/1.1" 200 102 "/item/electronics/695" "Mozilla/5.0 (compatible; MSIE 9.0; Windows NT 6.1; WOW64; Trident/5.0)"
152.66.214.200 - - [17/Nov/2017:11:47:20 +0000] "GET /category/electronics HTTP/1.1" 200 47 "/category/software" "Mozilla/5.0 (compatible; Googlebot/2.1; +http://www.google.com/bot.html)"
168.93.214.104 - - [17/Nov/2017:11:47:25 +0000] "GET /item/software/2103 HTTP/1.1" 200 73 "-" "Mozilla/4.0 (compatible; MSIE 8.0; Windows NT 6.1; Trident/4.0; YTB730; SLCC2; .NET CLR 2.0.50727; .NET CLR 3.5.30729; .NET CLR 3.0.30729; Media Center PC 6.0; .NET4.0C)"
224.66.34.113 - - [17/Nov/2017:11:47:30 +0000] "POST /search/?c=Music HTTP/1.1" 200 44 "/item/books/4818" "Mozilla/5.0 (compatible; MSIE 9.0; Windows NT 6.1; WOW64; Trident/5.0)"
196.207.160.124 - - [17/Nov/2017:11:47:35 +0000] "GET /category/games HTTP/1.1" 200 114 "-" "Mozilla/5.0 (compatible; MSIE 9.0; Windows NT 6.1; WOW64; Trident/5.0)"
192.93.155.127 - - [17/Nov/2017:11:47:40 +0000] "GET /item/books/939 HTTP/1.1" 200 48 "-" "Mozilla/5.0 (Windows NT 5.1) AppleWebKit/535.11 (KHTML, like Gecko) Chrome/17.0.963.46 Safari/535.11"
68.183.57.183 - - [17/Nov/2017:11:47:45 +0000] "GET /category/software HTTP/1.1" 200 43 "/category/garden" "Mozilla/5.0 (Windows NT 6.1; WOW64) AppleWebKit/535.11 (KHTML, like Gecko) Chrome/17.0.963.56 Safari/535.11"
140.36.89.127 - - [17/Nov/2017:11:47:50 +0000] "GET /item/books/469 HTTP/1.1" 200 95 "/item/electronics/1095" "Mozilla/5.0 (Windows NT 6.1; WOW64; rv:10.0.1) Gecko/20100101 Firefox/10.0.1"
116.189.197.54 - - [17/Nov/2017:11:47:55 +0000] "GET /item/health/4591 HTTP/1.1" 200 101 "/item/health/4912" "Mozilla/4.0 (compatible; MSIE 8.0; Windows NT 6.1; WOW64; Trident/4.0; YTB730; GTB7.2; EasyBits GO v1.0; SLCC2; .NET CLR 2.0.50727; .NET CLR 3.5.30729; .NET CLR 3.0.30729; Media Center PC 6.0; .NET4.0C)"
204.147.33.196 - - [17/Nov/2017:11:48:00 +0000] "GET /item/electronics/867 HTTP/1.1" 200 83 "-" "Mozilla/5.0 (Macintosh; Intel Mac OS X 10.6; rv:9.0.1) Gecko/20100101 Firefox/9.0.1"
176.105.22.32 - - [17/Nov/2017:11:48:05 +0000] "GET /item/office/863 HTTP/1.1" 200 125 "/category/electronics" "Mozilla/4.0 (compatible; MSIE 8.0; Windows NT 6.1; Trident/4.0; YTB730; SLCC2; .NET CLR 2.0.50727; .NET CLR 3.5.30729; .NET CLR 3.0.30729; Media Center PC 6.0; .NET4.0C)"
112.42.221.126 - - [17/Nov/2017:11:48:10 +0000] "GET /item/games/2751 HTTP/1.1" 200 43 "/item/software/2724" "Mozilla/4.0 (compatible; MSIE 8.0; Windows NT 6.0; WOW64; Trident/4.0; GTB6; SLCC1; .NET CLR 2.0.50727; Media Center PC 5.0; .NET CLR 3.5.30729; .NET CLR 3.0.30618; .NET4.0C)"
116.60.31.130 - - [17/Nov/2017:11:48:15 +0000] "GET /item/electronics/3940 HTTP/1.1" 200 139 "/search/?c=Electronics" "Mozilla/4.0 (compatible; MSIE 8.0; Windows NT 6.1; Trident/4.0; YTB730; SLCC2; .NET CLR 2.0.50727; .NET CLR 3.5.30729; .NET CLR 3.0.30729; Media Center PC 6.0; .NET4.0C)"
192.183.227.24 - - [17/Nov/2017:11:48:20 +0000] "GET /category/sports HTTP/1.1" 200 57 "-" "Mozilla/5.0 (Windows NT 6.0; rv:10.0.1) Gecko/20100101 Firefox/10.0.1"
124.105.200.100 - - [17/Nov/2017:11:48:25 +0000] "GET /category/networking HTTP/1.1" 200 119 "/item/toys/67" "Mozilla/4.0 (compatible; MSIE 8.0; Windows NT 6.0; WOW64; Trident/4.0; GTB6; SLCC1; .NET CLR 2.0.50727; Media Center PC 5.0; .NET CLR 3.5.30729; .NET CLR 3.0.30618; .NET4.0C)"
208.30.147.227 - - [17/Nov/2017:11:48:30 +0000] "GET /category/software HTTP/1.1" 200 70 "-" "Mozilla/5.0 (iPad; CPU OS 5_0_1 like Mac OS X) AppleWebKit/534.46 (KHTML, like Gecko) Version/5.1 Mobile/9A405 Safari/7534.48.3"
200.153.109.43 - - [17/Nov/2017:11:48:35 +0000] "GET /category/finance HTTP/1.1" 200 96 "/item/games/3420" "Mozilla/5.0 (Windows NT 6.1; WOW64; rv:10.0.1) Gecko/20100101 Firefox/10.0.1"
164.186.39.214 - - [17/Nov/2017:11:48:40 +0000] "GET /item/software/4933 HTTP/1.1" 200 52 "/category/software" "Mozilla/5.0 (Windows NT 6.1; WOW64) AppleWebKit/535.11 (KHTML, like Gecko) Chrome/17.0.963.56 Safari/535.11"
44.132.181.113 - - [17/Nov/2017:11:48:45 +0000] "GET /category/software HTTP/1.1" 200 64 "/category/cameras?from=10" "Mozilla/5.0 (Windows NT 6.0; rv:10.0.1) Gecko/20100101 Firefox/10.0.1"
24.114.164.152 - - [17/Nov/2017:11:48:50 +0000] "GET /item/finance/1207 HTTP/1.1" 200 57 "/category/networking" "Mozilla/5.0 (Windows NT 5.1) AppleWebKit/535.11 (KHTML, like Gecko) Chrome/17.0.963.46 Safari/535.11"
116.36.140.116 - - [17/Nov/2017:11:48:55 +0000] "GET /category/office HTTP/1.1" 200 127 "-" "Mozilla/4.0 (compatible; MSIE 8.0; Windows NT 6.0; WOW64; Trident/4.0; GTB6; SLCC1; .NET CLR 2.0.50727; Media Center PC 5.0; .NET CLR 3.5.30729; .NET CLR 3.0.30618; .NET4.0C)"
32.156.124.60 - - [17/Nov/2017:11:49:00 +0000] "GET /category/networking HTTP/1.1" 200 103 "/item/electronics/2895" "Mozilla/5.0 (Windows NT 6.1; WOW64) AppleWebKit/535.11 (KHTML, like Gecko) Chrome/17.0.963.56 Safari/535.11"
96.135.141.175 - - [17/Nov/2017:11:49:05 +0000] "GET /category/electronics HTTP/1.1" 200 116 "/item/games/2215" "Mozilla/5.0 (Macintosh; Intel Mac OS X 10.6; rv:9.0.1) Gecko/20100101 Firefox/9.0.1"
196.138.160.145 - - [17/Nov/2017:11:49:10 +0000] "GET /item/garden/1220 HTTP/1.1" 200 112 "/category/games?from=20" "Mozilla/5.0 (Macintosh; Intel Mac OS X 10.6; rv:9.0.1) Gecko/20100101 Firefox/9.0.1"
100.195.21.152 - - [17/Nov/2017:11:49:15 +0000] "GET /item/electronics/2825 HTTP/1.1" 200 108 "/search/?c=Books+Jewelry" "Mozilla/5.0 (iPhone; CPU iPhone OS 5_0_1 like Mac OS X) AppleWebKit/534.46 (KHTML, like Gecko) Version/5.1 Mobile/9A405 Safari/7534.48.3"
40.63.61.211 - - [17/Nov/2017:11:49:20 +0000] "GET /category/music HTTP/1.1" 200 53 "-" "Mozilla/5.0 (iPhone; CPU iPhone OS 5_0_1 like Mac OS X) AppleWebKit/534.46 (KHTML, like Gecko) Version/5.1 Mobile/9A405 Safari/7534.48.3"
64.219.70.102 - - [17/Nov/2017:11:49:25 +0000] "GET /item/electronics/4574 HTTP/1.1" 200 98 "/search/?c=Electronics+Garden" "Mozilla/5.0 (compatible; MSIE 9.0; Windows NT 6.1; WOW64; Trident/5.0)"
140.159.183.92 - - [17/Nov/2017:11:49:30 +0000] "GET /category/toys HTTP/1.1" 200 115 "-" "Mozilla/5.0 (Windows NT 6.0) AppleWebKit/535.11 (KHTML, like Gecko) Chrome/17.0.963.56 Safari/535.11"
40.123.201.66 - - [17/Nov/2017:11:49:35 +0000] "GET /category/finance HTTP/1.1" 200 55 "-" "Mozilla/5.0 (Windows NT 6.0) AppleWebKit/535.11 (KHTML, like Gecko) Chrome/17.0.963.56 Safari/535.11"
192.90.171.212 - - [17/Nov/2017:11:49:40 +0000] "GET /category/health HTTP/1.1" 200 92 "-" "Mozilla/5.0 (Windows NT 6.1; WOW64) AppleWebKit/535.11 (KHTML, like Gecko) Chrome/17.0.963.56 Safari/535.11"
108.27.225.109 - - [17/Nov/2017:11:49:45 +0000] "GET /item/books/4062 HTTP/1.1" 200 105 "-" "Mozilla/5.0 (Windows NT 6.1; WOW64) AppleWebKit/535.11 (KHTML, like Gecko) Chrome/17.0.963.56 Safari/535.11"
64.156.78.228 - - [17/Nov/2017:11:49:50 +0000] "GET /item/networking/435 HTTP/1.1" 200 109 "/category/electronics" "Mozilla/5.0 (compatible; Googlebot/2.1; +http://www.google.com/bot.html)"
72.156.195.112 - - [17/Nov/2017:11:49:55 +0000] "GET /category/software HTTP/1.1" 200 123 "-" "Mozilla/4.0 (compatible; MSIE 8.0; Windows NT 6.1; Trident/4.0; YTB730; SLCC2; .NET CLR 2.0.50727; .NET CLR 3.5.30729; .NET CLR 3.0.30729; Media Center PC 6.0; .NET4.0C)"
36.207.70.163 - - [17/Nov/2017:11:50:00 +0000] "GET /category/garden HTTP/1.1" 200 41 "/category/software" "Mozilla/4.0 (compatible; MSIE 8.0; Windows NT 6.0; WOW64; Trident/4.0; GTB6; SLCC1; .NET CLR 2.0.50727; Media Center PC 5.0; .NET CLR 3.5.30729; .NET CLR 3.0.30618; .NET4.0C)"
48.213.177.74 - - [17/Nov/2017:11:50:05 +0000] "GET /category/electronics HTTP/1.1" 200 112 "-" "Mozilla/5.0 (Windows NT 6.1; WOW64) AppleWebKit/535.7 (KHTML, like Gecko) Chrome/16.0.912.77 Safari/535.7"
40.177.178.144 - - [17/Nov/2017:11:50:10 +0000] "GET /item/software/2456 HTTP/1.1" 200 77 "/search/?c=Software+Books" "Mozilla/5.0 (Macintosh; Intel Mac OS X 10.6; rv:9.0.1) Gecko/20100101 Firefox/9.0.1"
120.123.162.208 - - [17/Nov/2017:11:50:15 +0000] "GET /category/office HTTP/1.1" 200 133 "-" "Mozilla/4.0 (compatible; MSIE 8.0; Windows NT 5.1; Trident/4.0; BTRS122159; GTB7.2; .NET CLR 1.1.4322; .NET CLR 2.0.50727; .NET CLR 3.0.04506.30; .NET CLR 3.0.4506.2152; .NET CLR 3.5.30729; BRI/2)"
116.153.59.162 - - [17/Nov/2017:11:50:20 +0000] "GET /category/software HTTP/1.1" 200 66 "/category/cameras?from=20" "Mozilla/5.0 (Macintosh; Intel Mac OS X 10.6; rv:9.0.1) Gecko/20100101 Firefox/9.0.1"
20.180.93.217 - - [17/Nov/2017:11:50:25 +0000] "POST /search/?c=Giftcards+Games HTTP/1.1" 200 116 "-" "Mozilla/4.0 (compatible; MSIE 8.0; Windows NT 5.1; Trident/4.0; YTB720; GTB7.2; .NET CLR 1.1.4322; .NET CLR 2.0.50727; .NET CLR 3.0.4506.2152; .NET CLR 3.5.30729)"
96.195.40.31 - - [17/Nov/2017:11:50:30 +0000] "GET /category/garden HTTP/1.1" 200 114 "-" "Mozilla/5.0 (Macintosh; Intel Mac OS X 10.6; rv:9.0.1) Gecko/20100101 Firefox/9.0.1"
124.171.169.38 - - [17/Nov/2017:11:50:35 +0000] "GET /item/electronics/2277 HTTP/1.1" 200 43 "-" "Mozilla/5.0 (iPad; CPU OS 5_0_1 like Mac OS X) AppleWebKit/534.46 (KHTML, like Gecko) Version/5.1 Mobile/9A405 Safari/7534.48.3"
132.219.26.113 - - [17/Nov/2017:11:50:40 +0000] "GET /item/giftcards/4757 HTTP/1.1" 200 102 "/item/software/4545" "Mozilla/4.0 (compatible; MSIE 8.0; Windows NT 6.1; WOW64; Trident/4.0; GTB7.2; SLCC2; .NET CLR 2.0.50727; .NET CLR 3.5.30729; .NET CLR 3.0.30729; Media Center PC 6.0; .NET4.0C)"
76.168.181.34 - - [17/Nov/2017:11:50:45 +0000] "GET /item/books/3336 HTTP/1.1" 200 88 "-" "Mozilla/5.0 (Windows NT 6.0; rv:10.0.1) Gecko/20100101 Firefox/10.0.1"
104.93.76.126 - - [17/Nov/2017:11:50:50 +0000] "GET /item/sports/1656 HTTP/1.1" 200 118 "/category/electronics" "Mozilla/4.0 (compatible; MSIE 8.0; Windows NT 5.1; Trident/4.0; BTRS122159; GTB7.2; .NET CLR 1.1.4322; .NET CLR 2.0.50727; .NET CLR 3.0.04506.30; .NET CLR 3.0.4506.2152; .NET CLR 3.5.30729; BRI/2)"
24.90.183.170 - - [17/Nov/2017:11:50:55 +0000] "GET /category/sports HTTP/1.1" 200 48 "/item/electronics/3882" "Mozilla/5.0 (Windows NT 6.0; rv:10.0.1) Gecko/20100101 Firefox/10.0.1"
204.156.85.164 - - [17/Nov/2017:11:51:00 +0000] "POST /search/?c=Electronics HTTP/1.1" 200 99 "-" "Mozilla/5.0 (compatible; Googlebot/2.1; +http://www.google.com/bot.html)"
140.27.85.29 - - [17/Nov/2017:11:51:05 +0000] "GET /category/music HTTP/1.1" 200 121 "-" "Mozilla/4.0 (compatible; MSIE 8.0; Windows NT 5.1; Trident/4.0; YTB720; GTB7.2; .NET CLR 1.1.4322; .NET CLR 2.0.50727; .NET CLR 3.0.4506.2152; .NET CLR 3.5.30729)"
172.165.188.104 - - [17/Nov/2017:11:51:10 +0000] "GET /category/jewelry?from=20 HTTP/1.1" 200 107 "-" "Mozilla/5.0 (compatible; MSIE 9.0; Windows NT 6.1; WOW64; Trident/5.0)"
200.144.113.93 - - [17/Nov/2017:11:51:15 +0000] "POST /search/?c=Software+Electronics HTTP/1.1" 200 97 "/item/cameras/801" "Mozilla/5.0 (Windows NT 6.0; rv:10.0.1) Gecko/20100101 Firefox/10.0.1"
112.222.91.42 - - [17/Nov/2017:11:51:20 +0000] "POST /search/?c=Networking HTTP/1.1" 200 110 "-" "Mozilla/5.0 (Windows NT 6.0; rv:10.0.1) Gecko/20100101 Firefox/10.0.1"
148.27.172.38 - - [17/Nov/2017:11:51:25 +0000] "GET /category/cameras HTTP/1.1" 200 77 "/item/electronics/379" "Mozilla/5.0 (iPhone; CPU iPhone OS 5_0_1 like Mac OS X) AppleWebKit/534.46 (KHTML, like Gecko) Version/5.1 Mobile/9A405 Safari/7534.48.3"
136.126.144.37 - - [17/Nov/2017:11:51:30 +0000] "GET /item/books/3977 HTTP/1.1" 200 56 "-" "Mozilla/5.0 (compatible; MSIE 9.0; Windows NT 6.1; WOW64; Trident/5.0)"
92.225.46.39 - - [17/Nov/2017:11:51:35 +0000] "GET /category/games HTTP/1.1" 200 59 "-" "Mozilla/5.0 (Windows NT 6.1; WOW64) AppleWebKit/535.7 (KHTML, like Gecko) Chrome/16.0.912.77 Safari/535.7"
32.81.139.201 - - [17/Nov/2017:11:51:40 +0000] "GET /item/electronics/3842 HTTP/1.1" 200 50 "/category/software?from=0" "Mozilla/5.0 (compatible; Googlebot/2.1; +http://www.google.com/bot.html)"
200.195.153.115 - - [17/Nov/2017:11:51:45 +0000] "GET /category/jewelry HTTP/1.1" 200 60 "/category/electronics" "Mozilla/5.0 (iPhone; CPU iPhone OS 5_0_1 like Mac OS X) AppleWebKit/534.46 (KHTML, like Gecko) Version/5.1 Mobile/9A405 Safari/7534.48.3"
40.63.61.211 - - [17/Nov/2017:11:51:50 +0000] "GET /item/office/1168 HTTP/1.1" 200 135 "/item/games/3032" "Mozilla/5.0 (iPhone; CPU iPhone OS 5_0_1 like Mac OS X) AppleWebKit/534.46 (KHTML, like Gecko) Version/5.1 Mobile/9A405 Safari/7534.48.3"
124.171.169.38 - - [17/Nov/2017:11:51:55 +0000] "GET /item/electronics/2670 HTTP/1.1" 200 51 "/category/music" "Mozilla/5.0 (iPhone; CPU iPhone OS 5_0_1 like Mac OS X) AppleWebKit/534.46 (KHTML, like Gecko) Version/5.1 Mobile/9A405 Safari/7534.48.3"
168.108.147.195 - - [17/Nov/2017:11:52:00 +0000] "GET /category/networking HTTP/1.1" 200 74 "-" "Mozilla/5.0 (Windows NT 6.1; WOW64) AppleWebKit/535.7 (KHTML, like Gecko) Chrome/16.0.912.77 Safari/535.7"
52.132.139.46 - - [17/Nov/2017:11:52:05 +0000] "GET /category/electronics HTTP/1.1" 200 139 "/category/jewelry" "Mozilla/4.0 (compatible; MSIE 8.0; Windows NT 6.1; WOW64; Trident/4.0; YTB730; GTB7.2; EasyBits GO v1.0; SLCC2; .NET CLR 2.0.50727; .NET CLR 3.5.30729; .NET CLR 3.0.30729; Media Center PC 6.0; .NET4.0C)"
112.177.180.133 - - [17/Nov/2017:11:52:10 +0000] "GET /item/health/4027 HTTP/1.1" 200 58 "/item/electronics/261" "Mozilla/5.0 (compatible; MSIE 9.0; Windows NT 6.1; WOW64; Trident/5.0)"
172.165.66.62 - - [17/Nov/2017:11:52:15 +0000] "GET /category/software HTTP/1.1" 200 92 "-" "Mozilla/5.0 (Windows NT 6.1; WOW64; rv:10.0.1) Gecko/20100101 Firefox/10.0.1"
228.186.82.142 - - [17/Nov/2017:11:52:20 +0000] "GET /category/electronics HTTP/1.1" 200 52 "/item/electronics/3983" "Mozilla/5.0 (compatible; MSIE 9.0; Windows NT 6.1; WOW64; Trident/5.0)"
92.132.142.60 - - [17/Nov/2017:11:52:25 +0000] "GET /category/software HTTP/1.1" 200 107 "-" "Mozilla/5.0 (Windows NT 6.1; WOW64) AppleWebKit/535.7 (KHTML, like Gecko) Chrome/16.0.912.77 Safari/535.7"
52.147.207.228 - - [17/Nov/2017:11:52:30 +0000] "GET /category/software HTTP/1.1" 200 43 "/category/computers" "Mozilla/5.0 (compatible; Googlebot/2.1; +http://www.google.com/bot.html)"
196.207.160.124 - - [17/Nov/2017:11:52:35 +0000] "GET /item/games/15 HTTP/1.1" 200 128 "/search/?c=Games+Electronics" "Mozilla/5.0 (compatible; MSIE 9.0; Windows NT 6.1; WOW64; Trident/5.0)"
80.45.209.74 - - [17/Nov/2017:11:52:40 +0000] "GET /item/electronics/4041 HTTP/1.1" 200 42 "-" "Mozilla/5.0 (Windows NT 6.1; WOW64) AppleWebKit/535.7 (KHTML, like Gecko) Chrome/16.0.912.77 Safari/535.7"
76.222.22.161 - - [17/Nov/2017:11:52:45 +0000] "GET /item/software/4520 HTTP/1.1" 200 75 "/category/sports" "Mozilla/4.0 (compatible; MSIE 8.0; Windows NT 6.1; WOW64; Trident/4.0; YTB730; GTB7.2; SLCC2; .NET CLR 2.0.50727; .NET CLR 3.5.30729; .NET CLR 3.0.30729; .NET4.0C; .NET4.0E; Media Center PC 6.0)"
20.117.120.97 - - [17/Nov/2017:11:52:50 +0000] "GET /item/electronics/3821 HTTP/1.1" 200 75 "/search/?c=Electronics" "Mozilla/5.0 (iPhone; CPU iPhone OS 5_0_1 like Mac OS X) AppleWebKit/534.46 (KHTML, like Gecko) Version/5.1 Mobile/9A405 Safari/7534.48.3"
48.219.110.88 - - [17/Nov/2017:11:52:55 +0000] "GET /item/software/517 HTTP/1.1" 200 123 "-" "Mozilla/5.0 (Macintosh; Intel Mac OS X 10.6; rv:9.0.1) Gecko/20100101 Firefox/9.0.1"
48.183.212.212 - - [17/Nov/2017:11:53:00 +0000] "GET /category/electronics HTTP/1.1" 200 79 "-" "Mozilla/5.0 (Windows NT 5.1) AppleWebKit/535.11 (KHTML, like Gecko) Chrome/17.0.963.46 Safari/535.11"
112.132.152.220 - - [17/Nov/2017:11:53:05 +0000] "GET /item/office/2035 HTTP/1.1" 200 120 "-" "Mozilla/5.0 (Windows NT 6.1; WOW64) AppleWebKit/535.11 (KHTML, like Gecko) Chrome/17.0.963.56 Safari/535.11"
180.150.61.142 - - [17/Nov/2017:11:53:10 +0000] "GET /category/games HTTP/1.1" 200 115 "/category/health?from=10" "Mozilla/5.0 (Macintosh; Intel Mac OS X 10.6; rv:9.0.1) Gecko/20100101 Firefox/9.0.1"
136.177.181.50 - - [17/Nov/2017:11:53:15 +0000] "GET /category/electronics HTTP/1.1" 200 72 "-" "Mozilla/5.0 (compatible; MSIE 9.0; Windows NT 6.1; WOW64; Trident/5.0)"
208.150.93.221 - - [17/Nov/2017:11:53:20 +0000] "GET /item/office/4792 HTTP/1.1" 200 56 "http://www.google.com/search?ie=UTF-8&q=google&sclient=psy-ab&q=Office+Office&oq=Office+Office&aq=f&aqi=g-vL1&aql=&pbx=1&bav=on.2,or.r_gc.r_pw.r_qf.,cf.osb&biw=442&bih=242" "Mozilla/5.0 (compatible; MSIE 9.0; Windows NT 6.1; WOW64; Trident/5.0)"
184.156.203.71 - - [17/Nov/2017:11:53:25 +0000] "GET /category/electronics HTTP/1.1" 200 112 "/item/books/469" "Mozilla/5.0 (compatible; Googlebot/2.1; +http://www.google.com/bot.html)"
92.99.104.37 - - [17/Nov/2017:11:53:30 +0000] "GET /item/cameras/2644 HTTP/1.1" 200 124 "/search/?c=Cameras+Jewelry" "Mozilla/5.0 (Windows NT 6.0) AppleWebKit/535.11 (KHTML, like Gecko) Chrome/17.0.963.56 Safari/535.11"
176.30.78.65 - - [17/Nov/2017:11:53:35 +0000] "GET /item/books/4067 HTTP/1.1" 200 121 "/search/?c=Books+Electronics" "Mozilla/5.0 (Windows NT 6.0; rv:10.0.1) Gecko/20100101 Firefox/10.0.1"
176.210.71.83 - - [17/Nov/2017:11:53:40 +0000] "GET /category/cameras HTTP/1.1" 200 55 "-" "Mozilla/5.0 (compatible; Googlebot/2.1; +http://www.google.com/bot.html)"
72.165.89.172 - - [17/Nov/2017:11:53:45 +0000] "GET /category/games?from=20 HTTP/1.1" 200 101 "-" "Mozilla/5.0 (iPad; CPU OS 5_0_1 like Mac OS X) AppleWebKit/534.46 (KHTML, like Gecko) Version/5.1 Mobile/9A405 Safari/7534.48.3"
172.186.119.42 - - [17/Nov/2017:11:53:50 +0000] "GET /item/health/3590 HTTP/1.1" 200 95 "/category/health" "Mozilla/4.0 (compatible; MSIE 8.0; Windows NT 6.1; WOW64; Trident/4.0; YTB730; GTB7.2; EasyBits GO v1.0; SLCC2; .NET CLR 2.0.50727; .NET CLR 3.5.30729; .NET CLR 3.0.30729; Media Center PC 6.0; .NET4.0C)"
76.48.201.164 - - [17/Nov/2017:11:53:55 +0000] "POST /search/?c=Software+Books HTTP/1.1" 200 79 "/item/electronics/670" "Mozilla/4.0 (compatible; MSIE 8.0; Windows NT 6.1; WOW64; Trident/4.0; GTB7.2; SLCC2; .NET CLR 2.0.50727; .NET CLR 3.5.30729; .NET CLR 3.0.30729; Media Center PC 6.0; .NET4.0C)"
164.42.137.37 - - [17/Nov/2017:11:54:00 +0000] "GET /category/jewelry HTTP/1.1" 200 118 "/item/electronics/2595" "Mozilla/5.0 (Windows NT 6.1; WOW64) AppleWebKit/535.11 (KHTML, like Gecko) Chrome/17.0.963.56 Safari/535.11"
36.198.198.61 - - [17/Nov/2017:11:54:05 +0000] "GET /category/computers?from=20 HTTP/1.1" 200 52 "/category/computers" "Mozilla/5.0 (Windows NT 6.0; rv:10.0.1) Gecko/20100101 Firefox/10.0.1"
44.39.69.128 - - [17/Nov/2017:11:54:10 +0000] "GET /category/garden HTTP/1.1" 200 111 "-" "Mozilla/5.0 (Windows NT 6.1; WOW64) AppleWebKit/535.7 (KHTML, like Gecko) Chrome/16.0.912.77 Safari/535.7"
88.102.169.148 - - [17/Nov/2017:11:54:15 +0000] "GET /item/office/378 HTTP/1.1" 200 57 "/category/electronics" "Mozilla/5.0 (Windows NT 6.0; rv:10.0.1) Gecko/20100101 Firefox/10.0.1"
116.21.137.191 - - [17/Nov/2017:11:54:20 +0000] "GET /category/garden HTTP/1.1" 200 97 "/item/office/1168" "Mozilla/4.0 (compatible; MSIE 8.0; Windows NT 6.1; WOW64; Trident/4.0; YTB730; GTB7.2; SLCC2; .NET CLR 2.0.50727; .NET CLR 3.5.30729; .NET CLR 3.0.30729; .NET4.0C; .NET4.0E; Media Center PC 6.0)"
188.117.206.31 - - [17/Nov/2017:11:54:25 +0000] "GET /item/electronics/2374 HTTP/1.1" 200 96 "/category/software" "Mozilla/5.0 (Windows NT 6.1; WOW64) AppleWebKit/535.11 (KHTML, like Gecko) Chrome/17.0.963.56 Safari/535.11"
220.159.151.36 - - [17/Nov/2017:11:54:30 +0000] "GET /category/books HTTP/1.1" 200 67 "-" "Mozilla/5.0 (compatible; Googlebot/2.1; +http://www.google.com/bot.html)"
68.24.152.91 - - [17/Nov/2017:11:54:35 +0000] "GET /category/electronics HTTP/1.1" 200 117 "-" "Mozilla/5.0 (compatible; MSIE 9.0; Windows NT 6.1; WOW64; Trident/5.0)"
160.24.68.124 - - [17/Nov/2017:11:54:40 +0000] "GET /category/cameras HTTP/1.1" 200 80 "-" "Mozilla/5.0 (Windows NT 6.1; WOW64) AppleWebKit/535.11 (KHTML, like Gecko) Chrome/17.0.963.56 Safari/535.11"
116.174.202.224 - - [17/Nov/2017:11:54:45 +0000] "POST /search/?c=Software+Games HTTP/1.1" 200 124 "/search/?c=Health" "Mozilla/5.0 (Windows NT 6.0; rv:10.0.1) Gecko/20100101 Firefox/10.0.1"
96.99.84.183 - - [17/Nov/2017:11:54:50 +0000] "GET /item/giftcards/119 HTTP/1.1" 200 93 "/category/electronics" "Mozilla/5.0 (Windows NT 5.1) AppleWebKit/535.11 (KHTML, like Gecko) Chrome/17.0.963.46 Safari/535.11"
128.66.82.98 - - [17/Nov/2017:11:54:55 +0000] "GET /category/books HTTP/1.1" 200 122 "-" "Mozilla/4.0 (compatible; MSIE 8.0; Windows NT 6.1; Trident/4.0; YTB730; SLCC2; .NET CLR 2.0.50727; .NET CLR 3.5.30729; .NET CLR 3.0.30729; Media Center PC 6.0; .NET4.0C)"
68.225.106.184 - - [17/Nov/2017:11:55:00 +0000] "GET /category/books HTTP/1.1" 200 89 "/item/games/3254" "Mozilla/4.0 (compatible; MSIE 8.0; Windows NT 5.1; Trident/4.0; YTB720; GTB7.2; .NET CLR 1.1.4322; .NET CLR 2.0.50727; .NET CLR 3.0.4506.2152; .NET CLR 3.5.30729)"
52.132.50.197 - - [17/Nov/2017:11:55:05 +0000] "GET /category/electronics HTTP/1.1" 200 62 "/item/software/3371" "Mozilla/4.0 (compatible; MSIE 8.0; Windows NT 6.1; WOW64; Trident/4.0; GTB7.2; SLCC2; .NET CLR 2.0.50727; .NET CLR 3.5.30729; .NET CLR 3.0.30729; Media Center PC 6.0; .NET4.0C)"
108.219.222.220 - - [17/Nov/2017:11:55:10 +0000] "GET /category/electronics HTTP/1.1" 200 61 "/item/electronics/1216" "Mozilla/5.0 (Macintosh; Intel Mac OS X 10.6; rv:9.0.1) Gecko/20100101 Firefox/9.0.1"
212.141.30.226 - - [17/Nov/2017:11:55:15 +0000] "GET /item/garden/231 HTTP/1.1" 200 59 "/category/books" "Mozilla/5.0 (Windows NT 6.1; WOW64; rv:10.0.1) Gecko/20100101 Firefox/10.0.1"
132.102.43.57 - - [17/Nov/2017:11:55:20 +0000] "GET /category/health HTTP/1.1" 200 94 "-" "Mozilla/4.0 (compatible; MSIE 8.0; Windows NT 6.0; WOW64; Trident/4.0; GTB6; SLCC1; .NET CLR 2.0.50727; Media Center PC 5.0; .NET CLR 3.5.30729; .NET CLR 3.0.30618; .NET4.0C)"
204.162.54.90 - - [17/Nov/2017:11:55:25 +0000] "GET /category/electronics HTTP/1.1" 200 44 "-" "Mozilla/5.0 (compatible; Googlebot/2.1; +http://www.google.com/bot.html)"
76.39.153.224 - - [17/Nov/2017:11:55:30 +0000] "GET /category/jewelry HTTP/1.1" 200 95 "/search/?c=Toys" "Mozilla/4.0 (compatible; MSIE 8.0; Windows NT 6.1; WOW64; Trident/4.0; GTB7.2; SLCC2; .NET CLR 2.0.50727; .NET CLR 3.5.30729; .NET CLR 3.0.30729; Media Center PC 6.0; .NET4.0C)"
136.27.27.51 - - [17/Nov/2017:11:55:35 +0000] "GET /category/electronics HTTP/1.1" 200 108 "/category/networking" "Mozilla/5.0 (Windows NT 6.1; WOW64) AppleWebKit/535.11 (KHTML, like Gecko) Chrome/17.0.963.56 Safari/535.11"
168.195.218.121 - - [17/Nov/2017:11:55:40 +0000] "GET /item/games/1547 HTTP/1.1" 200 113 "-" "Mozilla/5.0 (Windows NT 6.1; WOW64) AppleWebKit/535.7 (KHTML, like Gecko) Chrome/16.0.912.77 Safari/535.7"
40.39.105.229 - - [17/Nov/2017:11:55:45 +0000] "GET /category/electronics?from=20 HTTP/1.1" 200 124 "/search/?c=Electronics" "Mozilla/5.0 (Macintosh; Intel Mac OS X 10.6; rv:9.0.1) Gecko/20100101 Firefox/9.0.1"
208.174.27.69 - - [17/Nov/2017:11:55:50 +0000] "GET /category/books HTTP/1.1" 200 50 "/item/books/1568" "Mozilla/5.0 (compatible; MSIE 9.0; Windows NT 6.1; Trident/5.0)"
160.135.24.226 - - [17/Nov/2017:11:55:55 +0000] "POST /search/?c=Electronics+Electronics HTTP/1.1" 200 69 "-" "Mozilla/5.0 (compatible; Googlebot/2.1; +http://www.google.com/bot.html)"
132.60.108.133 - - [17/Nov/2017:11:56:00 +0000] "GET /item/electronics/4041 HTTP/1.1" 200 42 "/category/electronics" "Mozilla/5.0 (Windows NT 5.1) AppleWebKit/535.11 (KHTML, like Gecko) Chrome/17.0.963.46 Safari/535.11"
136.81.127.192 - - [17/Nov/2017:11:56:05 +0000] "GET /category/software HTTP/1.1" 200 86 "-" "Mozilla/5.0 (Windows NT 6.1; WOW64; rv:10.0.1) Gecko/20100101 Firefox/10.0.1"
168.108.147.195 - - [17/Nov/2017:11:56:10 +0000] "GET /item/software/2036 HTTP/1.1" 200 55 "/category/electronics" "Mozilla/5.0 (Windows NT 6.1; WOW64) AppleWebKit/535.7 (KHTML, like Gecko) Chrome/16.0.912.77 Safari/535.7"
224.93.67.44 - - [17/Nov/2017:11:56:15 +0000] "GET /category/office?from=0 HTTP/1.1" 200 50 "-" "Mozilla/4.0 (compatible; MSIE 8.0; Windows NT 6.1; WOW64; Trident/4.0; GTB7.2; SLCC2; .NET CLR 2.0.50727; .NET CLR 3.5.30729; .NET CLR 3.0.30729; Media Center PC 6.0; .NET4.0C)"
148.21.130.45 - - [17/Nov/2017:11:56:20 +0000] "GET /category/electronics HTTP/1.1" 200 78 "/category/office" "Mozilla/4.0 (compatible; MSIE 8.0; Windows NT 6.1; WOW64; Trident/4.0; YTB730; GTB7.2; SLCC2; .NET CLR 2.0.50727; .NET CLR 3.5.30729; .NET CLR 3.0.30729; .NET4.0C; .NET4.0E; Media Center PC 6.0)"
40.123.201.66 - - [17/Nov/2017:11:56:25 +0000] "GET /item/games/2215 HTTP/1.1" 200 64 "/category/games" "Mozilla/5.0 (iPad; CPU OS 5_0_1 like Mac OS X) AppleWebKit/534.46 (KHTML, like Gecko) Version/5.1 Mobile/9A405 Safari/7534.48.3"
168.108.147.195 - - [17/Nov/2017:11:56:30 +0000] "GET /item/office/2035 HTTP/1.1" 200 120 "/category/software?from=0" "Mozilla/5.0 (Windows NT 6.1; WOW64) AppleWebKit/535.7 (KHTML, like Gecko) Chrome/16.0.912.77 Safari/535.7"
156.189.180.223 - - [17/Nov/2017:11:56:35 +0000] "GET /item/office/4792 HTTP/1.1" 200 56 "/item/software/4034" "Mozilla/5.0 (compatible; MSIE 9.0; Windows NT 6.1; Trident/5.0)"
208.120.110.135 - - [17/Nov/2017:11:56:40 +0000] "GET /item/office/1523 HTTP/1.1" 200 98 "/item/electronics/722" "Mozilla/5.0 (compatible; Googlebot/2.1; +http://www.google.com/bot.html)"
140.138.221.130 - - [17/Nov/2017:11:56:45 +0000] "GET /category/finance?from=20 HTTP/1.1" 200 116 "/search/?c=Finance" "Mozilla/5.0 (Windows NT 6.1; WOW64; rv:10.0.1) Gecko/20100101 Firefox/10.0.1"
148.198.144.149 - - [17/Nov/2017:11:56:50 +0000] "GET /item/games/3284 HTTP/1.1" 200 120 "-" "Mozilla/5.0 (Windows NT 6.0; rv:10.0.1) Gecko/20100101 Firefox/10.0.1"
64.111.228.178 - - [17/Nov/2017:11:56:55 +0000] "GET /item/software/2724 HTTP/1.1" 200 123 "http://www.google.com/search?ie=UTF-8&q=google&sclient=psy-ab&q=Software&oq=Software&aq=f&aqi=g-vL1&aql=&pbx=1&bav=on.2,or.r_gc.r_pw.r_qf.,cf.osb&biw=2082&bih=597" "Mozilla/5.0 (Windows NT 6.1; WOW64; rv:10.0.1) Gecko/20100101 Firefox/10.0.1"
212.45.141.113 - - [17/Nov/2017:11:57:00 +0000] "GET /category/software HTTP/1.1" 200 106 "/item/music/1232" "Mozilla/5.0 (Windows NT 6.0) AppleWebKit/535.11 (KHTML, like Gecko) Chrome/17.0.963.56 Safari/535.11"
136.222.62.176 - - [17/Nov/2017:11:57:05 +0000] "GET /item/jewelry/1473 HTTP/1.1" 200 48 "-" "Mozilla/5.0 (compatible; MSIE 9.0; Windows NT 6.1; Trident/5.0)"
116.198.83.162 - - [17/Nov/2017:11:57:10 +0000] "GET /category/software HTTP/1.1" 200 119 "-" "Mozilla/5.0 (compatible; MSIE 9.0; Windows NT 6.1; WOW64; Trident/5.0)"
40.195.97.189 - - [17/Nov/2017:11:57:15 +0000] "POST /search/?c=Electronics+Games HTTP/1.1" 200 88 "-" "Mozilla/5.0 (Macintosh; Intel Mac OS X 10.6; rv:9.0.1) Gecko/20100101 Firefox/9.0.1"
220.159.151.36 - - [17/Nov/2017:11:57:20 +0000] "GET /category/health HTTP/1.1" 200 94 "-" "Mozilla/5.0 (compatible; Googlebot/2.1; +http://www.google.com/bot.html)"
24.57.24.122 - - [17/Nov/2017:11:57:25 +0000] "GET /category/cameras HTTP/1.1" 200 53 "/category/giftcards" "Mozilla/5.0 (compatible; MSIE 9.0; Windows NT 6.1; WOW64; Trident/5.0)"
144.51.141.192 - - [17/Nov/2017:11:57:30 +0000] "GET /category/games HTTP/1.1" 200 111 "-" "Mozilla/5.0 (compatible; MSIE 9.0; Windows NT 6.1; WOW64; Trident/5.0)"
196.189.27.51 - - [17/Nov/2017:11:57:35 +0000] "GET /item/books/237 HTTP/1.1" 200 95 "/category/giftcards" "Mozilla/5.0 (iPad; CPU OS 5_0_1 like Mac OS X) AppleWebKit/534.46 (KHTML, like Gecko) Version/5.1 Mobile/9A405 Safari/7534.48.3"
184.54.99.170 - - [17/Nov/2017:11:57:40 +0000] "GET /item/electronics/3545 HTTP/1.1" 200 133 "-" "Mozilla/4.0 (compatible; MSIE 8.0; Windows NT 6.0; WOW64; Trident/4.0; GTB6; SLCC1; .NET CLR 2.0.50727; Media Center PC 5.0; .NET CLR 3.5.30729; .NET CLR 3.0.30618; .NET4.0C)"
168.147.219.163 - - [17/Nov/2017:11:57:45 +0000] "GET /category/books?from=20 HTTP/1.1" 200 86 "/item/books/590" "Mozilla/5.0 (Windows NT 6.0) AppleWebKit/535.11 (KHTML, like Gecko) Chrome/17.0.963.56 Safari/535.11"
36.192.126.32 - - [17/Nov/2017:11:57:50 +0000] "GET /item/finance/3737 HTTP/1.1" 200 127 "-" "Mozilla/4.0 (compatible; MSIE 8.0; Windows NT 6.1; WOW64; Trident/4.0; GTB7.2; SLCC2; .NET CLR 2.0.50727; .NET CLR 3.5.30729; .NET CLR 3.0.30729; Media Center PC 6.0; .NET4.0C)"
168.39.135.79 - - [17/Nov/2017:11:57:55 +0000] "GET /category/software HTTP/1.1" 200 41 "/category/books" "Mozilla/5.0 (Macintosh; Intel Mac OS X 10.6; rv:9.0.1) Gecko/20100101 Firefox/9.0.1"
140.36.89.127 - - [17/Nov/2017:11:58:00 +0000] "GET /category/office HTTP/1.1" 200 88 "/item/networking/2789" "Mozilla/4.0 (compatible; MSIE 8.0; Windows NT 6.0; WOW64; Trident/4.0; GTB6; SLCC1; .NET CLR 2.0.50727; Media Center PC 5.0; .NET CLR 3.5.30729; .NET CLR 3.0.30618; .NET4.0C)"
204.117.20.72 - - [17/Nov/2017:11:58:05 +0000] "GET /category/software?from=10 HTTP/1.1" 200 54 "/category/software" "Mozilla/5.0 (Windows NT 6.0; rv:10.0.1) Gecko/20100101 Firefox/10.0.1"
76.153.22.87 - - [17/Nov/2017:11:58:10 +0000] "GET /category/office HTTP/1.1" 200 53 "-" "Mozilla/5.0 (Windows NT 6.0; rv:10.0.1) Gecko/20100101 Firefox/10.0.1"
24.57.24.122 - - [17/Nov/2017:11:58:15 +0000] "GET /category/computers HTTP/1.1" 200 131 "/category/electronics" "Mozilla/5.0 (compatible; MSIE 9.0; Windows NT 6.1; WOW64; Trident/5.0)"
136.108.176.209 - - [17/Nov/2017:11:58:20 +0000] "POST /search/?c=Office HTTP/1.1" 200 138 "/item/electronics/2940" "Mozilla/5.0 (Macintosh; Intel Mac OS X 10.6; rv:9.0.1) Gecko/20100101 Firefox/9.0.1"
24.90.183.170 - - [17/Nov/2017:11:58:25 +0000] "GET /category/software HTTP/1.1" 200 84 "http://www.google.com/search?ie=UTF-8&q=google&sclient=psy-ab&q=Software+Garden&oq=Software+Garden&aq=f&aqi=g-vL1&aql=&pbx=1&bav=on.2,or.r_gc.r_pw.r_qf.,cf.osb&biw=937&bih=12" "Mozilla/5.0 (Windows NT 6.1; WOW64) AppleWebKit/535.11 (KHTML, like Gecko) Chrome/17.0.963.56 Safari/535.11"
40.105.210.146 - - [17/Nov/2017:11:58:30 +0000] "GET /item/software/1546 HTTP/1.1" 200 45 "-" "Mozilla/5.0 (Macintosh; Intel Mac OS X 10.6; rv:9.0.1) Gecko/20100101 Firefox/9.0.1"
132.81.165.167 - - [17/Nov/2017:11:58:35 +0000] "GET /item/games/3186 HTTP/1.1" 200 47 "/category/games" "Mozilla/5.0 (Windows NT 6.0; rv:10.0.1) Gecko/20100101 Firefox/10.0.1"
216.132.160.25 - - [17/Nov/2017:11:58:40 +0000] "GET /item/games/3491 HTTP/1.1" 200 100 "/item/electronics/1678" "Mozilla/5.0 (compatible; Googlebot/2.1; +http://www.google.com/bot.html)"
116.153.59.162 - - [17/Nov/2017:11:58:45 +0000] "GET /category/office HTTP/1.1" 200 127 "/item/jewelry/1164" "Mozilla/5.0 (Macintosh; Intel Mac OS X 10.6; rv:9.0.1) Gecko/20100101 Firefox/9.0.1"
120.189.102.122 - - [17/Nov/2017:11:58:50 +0000] "GET /category/music HTTP/1.1" 200 61 "-" "Mozilla/4.0 (compatible; MSIE 8.0; Windows NT 6.1; WOW64; Trident/4.0; GTB7.2; SLCC2; .NET CLR 2.0.50727; .NET CLR 3.5.30729; .NET CLR 3.0.30729; Media Center PC 6.0; .NET4.0C)"
144.27.80.155 - - [17/Nov/2017:11:58:55 +0000] "GET /category/toys?from=20 HTTP/1.1" 200 70 "/category/computers" "Mozilla/5.0 (Windows NT 6.1; WOW64; rv:10.0.1) Gecko/20100101 Firefox/10.0.1"
92.48.177.183 - - [17/Nov/2017:11:59:00 +0000] "GET /category/software HTTP/1.1" 200 121 "-" "Mozilla/5.0 (compatible; MSIE 9.0; Windows NT 6.1; WOW64; Trident/5.0)"
128.213.155.67 - - [17/Nov/2017:11:59:05 +0000] "GET /item/electronics/2426 HTTP/1.1" 200 91 "/search/?c=Giftcards+Games" "Mozilla/5.0 (compatible; MSIE 9.0; Windows NT 6.1; WOW64; Trident/5.0)"
84.153.168.36 - - [17/Nov/2017:11:59:10 +0000] "GET /category/networking HTTP/1.1" 200 74 "/item/electronics/722" "Mozilla/4.0 (compatible; MSIE 8.0; Windows NT 6.1; WOW64; Trident/4.0; GTB7.2; SLCC2; .NET CLR 2.0.50727; .NET CLR 3.5.30729; .NET CLR 3.0.30729; Media Center PC 6.0; .NET4.0C)"
120.144.87.152 - - [17/Nov/2017:11:59:15 +0000] "GET /item/software/1950 HTTP/1.1" 200 117 "/category/toys" "Mozilla/5.0 (Windows NT 6.0) AppleWebKit/535.11 (KHTML, like Gecko) Chrome/17.0.963.56 Safari/535.11"
164.219.67.33 - - [17/Nov/2017:11:59:20 +0000] "POST /search/?c=Electronics+Toys HTTP/1.1" 200 128 "/category/office" "Mozilla/5.0 (Macintosh; Intel Mac OS X 10.6; rv:9.0.1) Gecko/20100101 Firefox/9.0.1"
136.27.27.51 - - [17/Nov/2017:11:59:25 +0000] "GET /category/giftcards HTTP/1.1" 200 83 "-" "Mozilla/5.0 (Windows NT 6.1; WOW64; rv:10.0.1) Gecko/20100101 Firefox/10.0.1"
164.36.150.129 - - [17/Nov/2017:11:59:30 +0000] "GET /category/garden?from=20 HTTP/1.1" 200 69 "/search/?c=Garden" "Mozilla/4.0 (compatible; MSIE 8.0; Windows NT 6.0; WOW64; Trident/4.0; GTB6; SLCC1; .NET CLR 2.0.50727; Media Center PC 5.0; .NET CLR 3.5.30729; .NET CLR 3.0.30618; .NET4.0C)"
168.69.212.143 - - [17/Nov/2017:11:59:35 +0000] "GET /category/giftcards?from=10 HTTP/1.1" 200 100 "/search/?c=Giftcards+Software" "Mozilla/4.0 (compatible; MSIE 8.0; Windows NT 6.1; WOW64; Trident/4.0; YTB730; GTB7.2; SLCC2; .NET CLR 2.0.50727; .NET CLR 3.5.30729; .NET CLR 3.0.30729; .NET4.0C; .NET4.0E; Media Center PC 6.0)"
216.129.86.169 - - [17/Nov/2017:11:59:40 +0000] "GET /category/office HTTP/1.1" 200 46 "-" "Mozilla/5.0 (compatible; MSIE 9.0; Windows NT 6.1; WOW64; Trident/5.0)"
96.153.159.129 - - [17/Nov/2017:11:59:45 +0000] "GET /item/toys/3509 HTTP/1.1" 200 89 "/category/electronics" "Mozilla/5.0 (iPhone; CPU iPhone OS 5_0_1 like Mac OS X) AppleWebKit/534.46 (KHTML, like Gecko) Version/5.1 Mobile/9A405 Safari/7534.48.3"
48.57.162.127 - - [17/Nov/2017:11:59:50 +0000] "GET /item/finance/1207 HTTP/1.1" 200 57 "/item/office/851" "Mozilla/4.0 (compatible; MSIE 8.0; Windows NT 6.0; WOW64; Trident/4.0; GTB6; SLCC1; .NET CLR 2.0.50727; Media Center PC 5.0; .NET CLR 3.5.30729; .NET CLR 3.0.30618; .NET4.0C)"
184.30.98.141 - - [17/Nov/2017:11:59:55 +0000] "GET /category/giftcards HTTP/1.1" 200 120 "/item/software/1831" "Mozilla/5.0 (iPhone; CPU iPhone OS 5_0_1 like Mac OS X) AppleWebKit/534.46 (KHTML, like Gecko) Version/5.1 Mobile/9A405 Safari/7534.48.3"
172.165.66.62 - - [17/Nov/2017:12:00:00 +0000] "GET /item/music/1760 HTTP/1.1" 200 112 "/category/electronics" "Mozilla/5.0 (compatible; MSIE 9.0; Windows NT 6.1; WOW64; Trident/5.0)"
76.138.226.38 - - [17/Nov/2017:12:00:05 +0000] "GET /item/music/4004 HTTP/1.1" 200 64 "/item/books/4322" "Mozilla/5.0 (Windows NT 6.0; rv:10.0.1) Gecko/20100101 Firefox/10.0.1"
140.27.85.29 - - [17/Nov/2017:12:00:10 +0000] "GET /category/games HTTP/1.1" 200 133 "/category/games" "Mozilla/4.0 (compatible; MSIE 8.0; Windows NT 6.1; WOW64; Trident/4.0; GTB7.2; SLCC2; .NET CLR 2.0.50727; .NET CLR 3.5.30729; .NET CLR 3.0.30729; Media Center PC 6.0; .NET4.0C)"
152.72.100.218 - - [17/Nov/2017:12:00:15 +0000] "GET /item/games/110 HTTP/1.1" 200 48 "/item/sports/4699" "Mozilla/5.0 (Windows NT 6.1; WOW64) AppleWebKit/535.11 (KHTML, like Gecko) Chrome/17.0.963.56 Safari/535.11"
208.117.69.117 - - [17/Nov/2017:12:00:20 +0000] "GET /item/software/2109 HTTP/1.1" 200 107 "/search/?c=Software" "Mozilla/5.0 (compatible; MSIE 9.0; Windows NT 6.1; Trident/5.0)"
144.216.152.78 - - [17/Nov/2017:12:00:25 +0000] "GET /category/software HTTP/1.1" 200 70 "/category/cameras" "Mozilla/4.0 (compatible; MSIE 8.0; Windows NT 5.1; Trident/4.0; YTB720; GTB7.2; .NET CLR 1.1.4322; .NET CLR 2.0.50727; .NET CLR 3.0.4506.2152; .NET CLR 3.5.30729)"
76.216.93.173 - - [17/Nov/2017:12:00:30 +0000] "GET /category/cameras HTTP/1.1" 200 114 "/category/electronics?from=0" "Mozilla/4.0 (compatible; MSIE 8.0; Windows NT 6.1; WOW64; Trident/4.0; YTB730; GTB7.2; SLCC2; .NET CLR 2.0.50727; .NET CLR 3.5.30729; .NET CLR 3.0.30729; .NET4.0C; .NET4.0E; Media Center PC 6.0)"
24.189.103.60 - - [17/Nov/2017:12:00:35 +0000] "GET /item/music/4221 HTTP/1.1" 200 94 "-" "Mozilla/5.0 (compatible; MSIE 9.0; Windows NT 6.1; WOW64; Trident/5.0)"
52.54.64.167 - - [17/Nov/2017:12:00:40 +0000] "POST /search/?c=Books+Networking HTTP/1.1" 200 82 "/item/garden/957" "Mozilla/5.0 (Macintosh; Intel Mac OS X 10.6; rv:9.0.1) Gecko/20100101 Firefox/9.0.1"
132.132.44.91 - - [17/Nov/2017:12:00:45 +0000] "GET /category/software HTTP/1.1" 200 114 "/category/office?from=0" "Mozilla/5.0 (iPhone; CPU iPhone OS 5_0_1 like Mac OS X) AppleWebKit/534.46 (KHTML, like Gecko) Version/5.1 Mobile/9A405 Safari/7534.48.3"
112.60.139.35 - - [17/Nov/2017:12:00:50 +0000] "GET /item/music/1232 HTTP/1.1" 200 62 "-" "Mozilla/5.0 (Windows NT 6.1; WOW64) AppleWebKit/535.11 (KHTML, like Gecko) Chrome/17.0.963.56 Safari/535.11"
72.216.45.153 - - [17/Nov/2017:12:00:55 +0000] "GET /category/jewelry HTTP/1.1" 200 107 "/category/finance" "Mozilla/5.0 (compatible; MSIE 9.0; Windows NT 6.1; Trident/5.0)"
24.162.227.115 - - [17/Nov/2017:12:01:00 +0000] "GET /item/electronics/2795 HTTP/1.1" 200 52 "/search/?c=Electronics" "Mozilla/4.0 (compatible; MSIE 8.0; Windows NT 6.1; WOW64; Trident/4.0; YTB730; GTB7.2; SLCC2; .NET CLR 2.0.50727; .NET CLR 3.5.30729; .NET CLR 3.0.30729; .NET4.0C; .NET4.0E; Media Center PC 6.0)"
184.135.39.104 - - [17/Nov/2017:12:01:05 +0000] "GET /category/software HTTP/1.1" 200 68 "/category/networking" "Mozilla/5.0 (Windows NT 6.0; rv:10.0.1) Gecko/20100101 Firefox/10.0.1"
144.78.204.148 - - [17/Nov/2017:12:01:10 +0000] "GET /item/electronics/3377 HTTP/1.1" 200 125 "-" "Mozilla/5.0 (compatible; MSIE 9.0; Windows NT 6.1; WOW64; Trident/5.0)"
40.27.108.131 - - [17/Nov/2017:12:01:15 +0000] "GET /category/networking HTTP/1.1" 200 74 "/category/sports" "Mozilla/5.0 (Macintosh; Intel Mac OS X 10.6; rv:9.0.1) Gecko/20100101 Firefox/9.0.1"
100.150.67.191 - - [17/Nov/2017:12:01:20 +0000] "GET /item/software/1046 HTTP/1.1" 200 90 "-" "Mozilla/4.0 (compatible; MSIE 8.0; Windows NT 6.1; WOW64; Trident/4.0; YTB730; GTB7.2; SLCC2; .NET CLR 2.0.50727; .NET CLR 3.5.30729; .NET CLR 3.0.30729; .NET4.0C; .NET4.0E; Media Center PC 6.0)"
176.153.215.204 - - [17/Nov/2017:12:01:25 +0000] "GET /item/computers/809 HTTP/1.1" 200 128 "-" "Mozilla/5.0 (Windows NT 6.0) AppleWebKit/535.11 (KHTML, like Gecko) Chrome/17.0.963.56 Safari/535.11"
60.54.78.101 - - [17/Nov/2017:12:01:30 +0000] "GET /category/electronics HTTP/1.1" 200 118 "/search/?c=Music+Giftcards" "Mozilla/5.0 (compatible; Googlebot/2.1; +http://www.google.com/bot.html)"
60.192.196.122 - - [17/Nov/2017:12:01:35 +0000] "POST /search/?c=Electronics+Garden HTTP/1.1" 200 53 "/category/jewelry" "Mozilla/5.0 (Windows NT 6.0) AppleWebKit/535.11 (KHTML, like Gecko) Chrome/17.0.963.56 Safari/535.11"
228.162.165.103 - - [17/Nov/2017:12:01:40 +0000] "GET /item/sports/933 HTTP/1.1" 200 83 "/category/office" "Mozilla/5.0 (Windows NT 6.1; WOW64; rv:10.0.1) Gecko/20100101 Firefox/10.0.1"
160.111.20.54 - - [17/Nov/2017:12:01:45 +0000] "GET /item/toys/67 HTTP/1.1" 200 117 "/category/networking" "Mozilla/5.0 (Windows NT 6.1; WOW64) AppleWebKit/535.11 (KHTML, like Gecko) Chrome/17.0.963.56 Safari/535.11"
196.57.135.222 - - [17/Nov/2017:12:01:50 +0000] "GET /category/garden HTTP/1.1" 200 138 "-" "Mozilla/5.0 (Windows NT 6.1; WOW64; rv:10.0.1) Gecko/20100101 Firefox/10.0.1"
176.228.179.33 - - [17/Nov/2017:12:01:55 +0000] "GET /category/software HTTP/1.1" 200 68 "-" "Mozilla/5.0 (compatible; MSIE 9.0; Windows NT 6.1; WOW64; Trident/5.0)"
44.132.127.218 - - [17/Nov/2017:12:02:00 +0000] "GET /item/electronics/3030 HTTP/1.1" 200 84 "/item/electronics/2524" "Mozilla/5.0 (compatible; MSIE 9.0; Windows NT 6.1; WOW64; Trident/5.0)"
164.36.150.129 - - [17/Nov/2017:12:02:05 +0000] "GET /item/toys/3180 HTTP/1.1" 200 46 "/category/finance" "Mozilla/4.0 (compatible; MSIE 8.0; Windows NT 6.0; WOW64; Trident/4.0; GTB6; SLCC1; .NET CLR 2.0.50727; Media Center PC 5.0; .NET CLR 3.5.30729; .NET CLR 3.0.30618; .NET4.0C)"
48.123.171.122 - - [17/Nov/2017:12:02:10 +0000] "GET /category/electronics HTTP/1.1" 200 108 "/item/books/4255" "Mozilla/5.0 (Windows NT 6.0; rv:10.0.1) Gecko/20100101 Firefox/10.0.1"
148.84.100.197 - - [17/Nov/2017:12:02:15 +0000] "GET /item/electronics/2101 HTTP/1.1" 200 84 "http://www.google.com/search?ie=UTF-8&q=google&sclient=psy-ab&q=Electronics&oq=Electronics&aq=f&aqi=g-vL1&aql=&pbx=1&bav=on.2,or.r_gc.r_pw.r_qf.,cf.osb&biw=3604&bih=239" "Mozilla/5.0 (Windows NT 6.0) AppleWebKit/535.11 (KHTML, like Gecko) Chrome/17.0.963.56 Safari/535.11"
72.120.175.129 - - [17/Nov/2017:12:02:20 +0000] "GET /category/cameras HTTP/1.1" 200 77 "/category/giftcards" "Mozilla/5.0 (Windows NT 6.0) AppleWebKit/535.11 (KHTML, like Gecko) Chrome/17.0.963.56 Safari/535.11"
208.30.147.227 - - [17/Nov/2017:12:02:25 +0000] "GET /category/software HTTP/1.1" 200 95 "-" "Mozilla/5.0 (Windows NT 6.1; WOW64) AppleWebKit/535.7 (KHTML, like Gecko) Chrome/16.0.912.77 Safari/535.7"
168.99.27.181 - - [17/Nov/2017:12:02:30 +0000] "GET /item/electronics/4025 HTTP/1.1" 200 124 "/item/electronics/450" "Mozilla/5.0 (Macintosh; Intel Mac OS X 10.6; rv:9.0.1) Gecko/20100101 Firefox/9.0.1"
148.90.219.96 - - [17/Nov/2017:12:02:35 +0000] "GET /category/finance HTTP/1.1" 200 98 "-" "Mozilla/5.0 (Windows NT 6.1; WOW64) AppleWebKit/535.11 (KHTML, like Gecko) Chrome/17.0.963.56 Safari/535.11"
216.123.84.162 - - [17/Nov/2017:12:02:40 +0000] "GET /category/toys?from=20 HTTP/1.1" 200 70 "/category/software" "Mozilla/5.0 (compatible; MSIE 9.0; Windows NT 6.1; Trident/5.0)"
144.45.41.37 - - [17/Nov/2017:12:02:45 +0000] "GET /item/software/85 HTTP/1.1" 200 53 "/item/electronics/2699" "Mozilla/5.0 (Windows NT 6.0) AppleWebKit/535.11 (KHTML, like Gecko) Chrome/17.0.963.56 Safari/535.11"
56.198.171.175 - - [17/Nov/2017:12:02:50 +0000] "GET /item/electronics/2034 HTTP/1.1" 200 100 "/category/toys" "Mozilla/5.0 (Windows NT 6.1; WOW64; rv:10.0.1) Gecko/20100101 Firefox/10.0.1"
176.30.78.65 - - [17/Nov/2017:12:02:55 +0000] "GET /item/software/2103 HTTP/1.1" 200 73 "-" "Mozilla/5.0 (Macintosh; Intel Mac OS X 10.6; rv:9.0.1) Gecko/20100101 Firefox/9.0.1"
48.168.148.167 - - [17/Nov/2017:12:03:00 +0000] "GET /item/electronics/2426 HTTP/1.1" 200 91 "/search/?c=Electronics+Sports" "Mozilla/5.0 (Windows NT 6.1; WOW64) AppleWebKit/535.11 (KHTML, like Gecko) Chrome/17.0.963.56 Safari/535.11"
60.213.58.52 - - [17/Nov/2017:12:03:05 +0000] "GET /category/garden HTTP/1.1" 200 88 "-" "Mozilla/5.0 (compatible; MSIE 9.0; Windows NT 6.1; Trident/5.0)"
136.81.127.192 - - [17/Nov/2017:12:03:10 +0000] "GET /item/health/3613 HTTP/1.1" 200 90 "/search/?c=Health" "Mozilla/5.0 (Windows NT 6.1; WOW64) AppleWebKit/535.11 (KHTML, like Gecko) Chrome/17.0.963.56 Safari/535.11"
216.177.75.217 - - [17/Nov/2017:12:03:15 +0000] "GET /item/software/517 HTTP/1.1" 200 123 "/search/?c=Software" "Mozilla/5.0 (Macintosh; Intel Mac OS X 10.6; rv:9.0.1) Gecko/20100101 Firefox/9.0.1"
96.144.218.175 - - [17/Nov/2017:12:03:20 +0000] "POST /search/?c=Office+Computers HTTP/1.1" 200 62 "-" "Mozilla/5.0 (compatible; MSIE 9.0; Windows NT 6.1; WOW64; Trident/5.0)"
164.165.47.101 - - [17/Nov/2017:12:03:25 +0000] "GET /category/electronics HTTP/1.1" 200 101 "-" "Mozilla/5.0 (Windows NT 6.1; WOW64) AppleWebKit/535.11 (KHTML, like Gecko) Chrome/17.0.963.56 Safari/535.11"
104.54.191.185 - - [17/Nov/2017:12:03:30 +0000] "GET /item/sports/1656 HTTP/1.1" 200 118 "/category/sports" "Mozilla/4.0 (compatible; MSIE 8.0; Windows NT 6.1; WOW64; Trident/4.0; YTB730; GTB7.2; EasyBits GO v1.0; SLCC2; .NET CLR 2.0.50727; .NET CLR 3.5.30729; .NET CLR 3.0.30729; Media Center PC 6.0; .NET4.0C)"
224.228.152.212 - - [17/Nov/2017:12:03:35 +0000] "GET /category/software HTTP/1.1" 200 107 "-" "Mozilla/5.0 (Windows NT 6.0; rv:10.0.1) Gecko/20100101 Firefox/10.0.1"
52.189.168.94 - - [17/Nov/2017:12:03:40 +0000] "GET /category/jewelry HTTP/1.1" 200 59 "/item/music/2928" "Mozilla/5.0 (compatible; MSIE 9.0; Windows NT 6.1; WOW64; Trident/5.0)"
68.192.196.217 - - [17/Nov/2017:12:03:45 +0000] "GET /category/books HTTP/1.1" 200 74 "-" "Mozilla/5.0 (compatible; MSIE 9.0; Windows NT 6.1; Trident/5.0)"
216.129.86.169 - - [17/Nov/2017:12:03:50 +0000] "GET /category/games HTTP/1.1" 200 59 "-" "Mozilla/5.0 (Windows NT 6.1; WOW64) AppleWebKit/535.11 (KHTML, like Gecko) Chrome/17.0.963.56 Safari/535.11"
64.138.87.214 - - [17/Nov/2017:12:03:55 +0000] "GET /category/games HTTP/1.1" 200 77 "-" "Mozilla/5.0 (Windows NT 6.1; WOW64) AppleWebKit/535.11 (KHTML, like Gecko) Chrome/17.0.963.56 Safari/535.11"
88.51.112.169 - - [17/Nov/2017:12:04:00 +0000] "POST /search/?c=Software HTTP/1.1" 200 50 "/category/computers" "Mozilla/5.0 (Windows NT 6.0; rv:10.0.1) Gecko/20100101 Firefox/10.0.1"
216.129.86.169 - - [17/Nov/2017:12:04:05 +0000] "GET /category/software HTTP/1.1" 200 126 "-" "Mozilla/5.0 (Windows NT 6.1; WOW64) AppleWebKit/535.11 (KHTML, like Gecko) Chrome/17.0.963.56 Safari/535.11"
32.99.62.111 - - [17/Nov/2017:12:04:10 +0000] "GET /item/jewelry/2593 HTTP/1.1" 200 118 "-" "Mozilla/5.0 (Windows NT 6.1; WOW64) AppleWebKit/535.11 (KHTML, like Gecko) Chrome/17.0.963.56 Safari/535.11"
164.207.101.92 - - [17/Nov/2017:12:04:15 +0000] "GET /item/networking/3624 HTTP/1.1" 200 44 "-" "Mozilla/5.0 (Windows NT 6.1; WOW64) AppleWebKit/535.7 (KHTML, like Gecko) Chrome/16.0.912.77 Safari/535.7"
192.213.30.56 - - [17/Nov/2017:12:04:20 +0000] "GET /category/software HTTP/1.1" 200 75 "/category/books" "Mozilla/5.0 (iPad; CPU OS 5_0_1 like Mac OS X) AppleWebKit/534.46 (KHTML, like Gecko) Version/5.1 Mobile/9A405 Safari/7534.48.3"
56.120.188.55 - - [17/Nov/2017:12:04:25 +0000] "POST /search/?c=Software HTTP/1.1" 200 102 "/category/cameras" "Mozilla/5.0 (compatible; MSIE 9.0; Windows NT 6.1; WOW64; Trident/5.0)"
104.45.160.209 - - [17/Nov/2017:12:04:30 +0000] "POST /search/?c=Software+Office HTTP/1.1" 200 103 "/item/software/4034" "Mozilla/5.0 (compatible; Googlebot/2.1; +http://www.google.com/bot.html)"
112.102.42.196 - - [17/Nov/2017:12:04:35 +0000] "GET /category/games?from=0 HTTP/1.1" 200 72 "/item/software/1531" "Mozilla/5.0 (compatible; MSIE 9.0; Windows NT 6.1; WOW64; Trident/5.0)"
56.222.168.46 - - [17/Nov/2017:12:04:40 +0000] "GET /item/software/2711 HTTP/1.1" 200 89 "/item/office/851" "Mozilla/4.0 (compatible; MSIE 8.0; Windows NT 6.1; WOW64; Trident/4.0; YTB730; GTB7.2; SLCC2; .NET CLR 2.0.50727; .NET CLR 3.5.30729; .NET CLR 3.0.30729; .NET4.0C; .NET4.0E; Media Center PC 6.0)"
60.54.78.101 - - [17/Nov/2017:12:04:45 +0000] "GET /category/toys HTTP/1.1" 200 40 "/category/garden" "Mozilla/5.0 (Windows NT 6.0) AppleWebKit/535.11 (KHTML, like Gecko) Chrome/17.0.963.56 Safari/535.11"
184.27.50.181 - - [17/Nov/2017:12:04:50 +0000] "GET /category/software HTTP/1.1" 200 83 "/category/computers" "Mozilla/5.0 (iPad; CPU OS 5_0_1 like Mac OS X) AppleWebKit/534.46 (KHTML, like Gecko) Version/5.1 Mobile/9A405 Safari/7534.48.3"
176.39.95.81 - - [17/Nov/2017:12:04:55 +0000] "GET /item/electronics/2990 HTTP/1.1" 200 69 "/search/?c=Software+Office" "Mozilla/5.0 (compatible; MSIE 9.0; Windows NT 6.1; Trident/5.0)"
100.135.99.62 - - [17/Nov/2017:12:05:00 +0000] "GET /category/networking HTTP/1.1" 200 46 "/category/software" "Mozilla/5.0 (compatible; MSIE 9.0; Windows NT 6.1; WOW64; Trident/5.0)"
24.189.103.60 - - [17/Nov/2017:12:05:05 +0000] "GET /category/health HTTP/1.1" 200 95 "-" "Mozilla/5.0 (compatible; MSIE 9.0; Windows NT 6.1; WOW64; Trident/5.0)"
124.105.200.100 - - [17/Nov/2017:12:05:10 +0000] "GET /item/books/1568 HTTP/1.1" 200 79 "-" "Mozilla/5.0 (compatible; Googlebot/2.1; +http://www.google.com/bot.html)"
112.144.23.168 - - [17/Nov/2017:12:05:15 +0000] "GET /category/games HTTP/1.1" 200 133 "/item/games/4108" "Mozilla/4.0 (compatible; MSIE 8.0; Windows NT 6.1; WOW64; Trident/4.0; YTB730; GTB7.2; EasyBits GO v1.0; SLCC2; .NET CLR 2.0.50727; .NET CLR 3.5.30729; .NET CLR 3.0.30729; Media Center PC 6.0; .NET4.0C)"
212.117.157.59 - - [17/Nov/2017:12:05:20 +0000] "GET /category/electronics HTTP/1.1" 200 101 "/category/networking" "Mozilla/5.0 (Windows NT 6.1; WOW64; rv:10.0.1) Gecko/20100101 Firefox/10.0.1"
72.96.123.40 - - [17/Nov/2017:12:05:25 +0000] "GET /category/networking HTTP/1.1" 200 122 "-" "Mozilla/4.0 (compatible; MSIE 8.0; Windows NT 6.1; Trident/4.0; YTB730; SLCC2; .NET CLR 2.0.50727; .NET CLR 3.5.30729; .NET CLR 3.0.30729; Media Center PC 6.0; .NET4.0C)"
200.153.109.43 - - [17/Nov/2017:12:05:30 +0000] "GET /category/games HTTP/1.1" 200 110 "-" "Mozilla/5.0 (Windows NT 6.0; rv:10.0.1) Gecko/20100101 Firefox/10.0.1"
56.180.108.75 - - [17/Nov/2017:12:05:35 +0000] "GET /category/health HTTP/1.1" 200 105 "/category/electronics" "Mozilla/5.0 (iPad; CPU OS 5_0_1 like Mac OS X) AppleWebKit/534.46 (KHTML, like Gecko) Version/5.1 Mobile/9A405 Safari/7534.48.3"
148.171.78.128 - - [17/Nov/2017:12:05:40 +0000] "GET /category/giftcards HTTP/1.1" 200 126 "/category/giftcards" "Mozilla/5.0 (iPhone; CPU iPhone OS 5_0_1 like Mac OS X) AppleWebKit/534.46 (KHTML, like Gecko) Version/5.1 Mobile/9A405 Safari/7534.48.3"
64.24.130.157 - - [17/Nov/2017:12:05:45 +0000] "GET /category/office HTTP/1.1" 200 135 "-" "Mozilla/5.0 (Windows NT 6.0) AppleWebKit/535.11 (KHTML, like Gecko) Chrome/17.0.963.56 Safari/535.11"
216.144.153.181 - - [17/Nov/2017:12:05:50 +0000] "GET /category/electronics?from=0 HTTP/1.1" 200 112 "/category/computers" "Mozilla/5.0 (compatible; Googlebot/2.1; +http://www.google.com/bot.html)"
104.63.161.214 - - [17/Nov/2017:12:05:55 +0000] "GET /category/finance HTTP/1.1" 200 111 "-" "Mozilla/5.0 (compatible; MSIE 9.0; Windows NT 6.1; WOW64; Trident/5.0)"
136.81.21.202 - - [17/Nov/2017:12:06:00 +0000] "GET /category/electronics HTTP/1.1" 200 137 "-" "Mozilla/4.0 (compatible; MSIE 8.0; Windows NT 5.1; Trident/4.0; BTRS122159; GTB7.2; .NET CLR 1.1.4322; .NET CLR 2.0.50727; .NET CLR 3.0.04506.30; .NET CLR 3.0.4506.2152; .NET CLR 3.5.30729; BRI/2)"
112.204.94.24 - - [17/Nov/2017:12:06:05 +0000] "GET /category/software?from=20 HTTP/1.1" 200 57 "/search/?c=Software" "Mozilla/5.0 (Windows NT 6.1; WOW64) AppleWebKit/535.11 (KHTML, like Gecko) Chrome/17.0.963.56 Safari/535.11"
188.78.192.171 - - [17/Nov/2017:12:06:10 +0000] "GET /category/software HTTP/1.1" 200 114 "/item/games/3390" "Mozilla/4.0 (compatible; MSIE 8.0; Windows NT 5.1; Trident/4.0; YTB720; GTB7.2; .NET CLR 1.1.4322; .NET CLR 2.0.50727; .NET CLR 3.0.4506.2152; .NET CLR 3.5.30729)"
20.180.93.217 - - [17/Nov/2017:12:06:15 +0000] "GET /item/music/1695 HTTP/1.1" 200 97 "-" "Mozilla/5.0 (Windows NT 6.0) AppleWebKit/535.11 (KHTML, like Gecko) Chrome/17.0.963.56 Safari/535.11"
28.135.217.112 - - [17/Nov/2017:12:06:20 +0000] "GET /category/books HTTP/1.1" 200 121 "-" "Mozilla/5.0 (Windows NT 6.1; WOW64) AppleWebKit/535.11 (KHTML, like Gecko) Chrome/17.0.963.56 Safari/535.11"
140.216.102.224 - - [17/Nov/2017:12:06:25 +0000] "GET /category/computers HTTP/1.1" 200 94 "/category/electronics" "Mozilla/5.0 (compatible; MSIE 9.0; Windows NT 6.1; Trident/5.0)"
144.129.150.26 - - [17/Nov/2017:12:06:30 +0000] "GET /category/office HTTP/1.1" 200 43 "-" "Mozilla/5.0 (Windows NT 6.1; WOW64) AppleWebKit/535.7 (KHTML, like Gecko) Chrome/16.0.912.77 Safari/535.7"
172.51.61.163 - - [17/Nov/2017:12:06:35 +0000] "GET /category/electronics HTTP/1.1" 200 126 "/category/sports" "Mozilla/5.0 (Windows NT 6.0) AppleWebKit/535.11 (KHTML, like Gecko) Chrome/17.0.963.56 Safari/535.11"
56.153.218.154 - - [17/Nov/2017:12:06:40 +0000] "GET /category/books?from=20 HTTP/1.1" 200 80 "-" "Mozilla/5.0 (compatible; MSIE 9.0; Windows NT 6.1; Trident/5.0)"
88.216.133.209 - - [17/Nov/2017:12:06:45 +0000] "GET /category/office HTTP/1.1" 200 132 "/category/toys?from=10" "Mozilla/4.0 (compatible; MSIE 8.0; Windows NT 6.1; WOW64; Trident/4.0; YTB730; GTB7.2; SLCC2; .NET CLR 2.0.50727; .NET CLR 3.5.30729; .NET CLR 3.0.30729; .NET4.0C; .NET4.0E; Media Center PC 6.0)"
196.57.59.219 - - [17/Nov/2017:12:06:50 +0000] "GET /category/computers HTTP/1.1" 200 94 "/category/jewelry" "Mozilla/5.0 (Windows NT 6.1; WOW64; rv:10.0.1) Gecko/20100101 Firefox/10.0.1"
28.63.225.191 - - [17/Nov/2017:12:06:55 +0000] "GET /category/electronics HTTP/1.1" 200 105 "-" "Mozilla/5.0 (Windows NT 6.1; WOW64; rv:10.0.1) Gecko/20100101 Firefox/10.0.1"
156.69.192.82 - - [17/Nov/2017:12:07:00 +0000] "GET /category/jewelry HTTP/1.1" 200 122 "-" "Mozilla/4.0 (compatible; MSIE 8.0; Windows NT 6.0; WOW64; Trident/4.0; GTB6; SLCC1; .NET CLR 2.0.50727; Media Center PC 5.0; .NET CLR 3.5.30729; .NET CLR 3.0.30618; .NET4.0C)"
168.69.212.143 - - [17/Nov/2017:12:07:05 +0000] "GET /category/toys HTTP/1.1" 200 47 "/item/books/4818" "Mozilla/5.0 (Windows NT 5.1) AppleWebKit/535.11 (KHTML, like Gecko) Chrome/17.0.963.46 Safari/535.11"
92.99.34.90 - - [17/Nov/2017:12:07:10 +0000] "POST /search/?c=Electronics+Software HTTP/1.1" 200 77 "/item/software/1831" "Mozilla/4.0 (compatible; MSIE 8.0; Windows NT 6.1; WOW64; Trident/4.0; GTB7.2; SLCC2; .NET CLR 2.0.50727; .NET CLR 3.5.30729; .NET CLR 3.0.30729; Media Center PC 6.0; .NET4.0C)"
100.48.203.91 - - [17/Nov/2017:12:07:15 +0000] "GET /item/books/4062 HTTP/1.1" 200 105 "-" "Mozilla/5.0 (Macintosh; Intel Mac OS X 10.6; rv:9.0.1) Gecko/20100101 Firefox/9.0.1"
48.120.174.143 - - [17/Nov/2017:12:07:20 +0000] "GET /item/games/3032 HTTP/1.1" 200 115 "-" "Mozilla/5.0 (Windows NT 6.0; rv:10.0.1) Gecko/20100101 Firefox/10.0.1"
140.63.80.89 - - [17/Nov/2017:12:07:25 +0000] "GET /category/games HTTP/1.1" 200 59 "-" "Mozilla/5.0 (Windows NT 6.1; WOW64) AppleWebKit/535.7 (KHTML, like Gecko) Chrome/16.0.912.77 Safari/535.7"
144.216.152.78 - - [17/Nov/2017:12:07:30 +0000] "GET /item/electronics/681 HTTP/1.1" 200 64 "/category/garden" "Mozilla/5.0 (compatible; MSIE 9.0; Windows NT 6.1; WOW64; Trident/5.0)"
152.105.117.77 - - [17/Nov/2017:12:07:35 +0000] "POST /search/?c=Electronics+Books HTTP/1.1" 200 134 "-" "Mozilla/4.0 (compatible; MSIE 8.0; Windows NT 5.1; Trident/4.0; BTRS122159; GTB7.2; .NET CLR 1.1.4322; .NET CLR 2.0.50727; .NET CLR 3.0.04506.30; .NET CLR 3.0.4506.2152; .NET CLR 3.5.30729; BRI/2)"
172.126.211.27 - - [17/Nov/2017:12:07:40 +0000] "GET /category/software HTTP/1.1" 200 137 "-" "Mozilla/4.0 (compatible; MSIE 8.0; Windows NT 6.0; WOW64; Trident/4.0; GTB6; SLCC1; .NET CLR 2.0.50727; Media Center PC 5.0; .NET CLR 3.5.30729; .NET CLR 3.0.30618; .NET4.0C)"
72.156.195.112 - - [17/Nov/2017:12:07:45 +0000] "GET /category/health?from=10 HTTP/1.1" 200 124 "/category/jewelry" "Mozilla/4.0 (compatible; MSIE 8.0; Windows NT 6.1; WOW64; Trident/4.0; GTB7.2; SLCC2; .NET CLR 2.0.50727; .NET CLR 3.5.30729; .NET CLR 3.0.30729; Media Center PC 6.0; .NET4.0C)"
200.144.113.93 - - [17/Nov/2017:12:07:50 +0000] "POST /search/?c=Electronics+Books HTTP/1.1" 200 96 "/item/books/3336" "Mozilla/5.0 (Windows NT 6.1; WOW64; rv:10.0.1) Gecko/20100101 Firefox/10.0.1"
44.72.104.147 - - [17/Nov/2017:12:07:55 +0000] "GET /category/electronics HTTP/1.1" 200 51 "-" "Mozilla/4.0 (compatible; MSIE 8.0; Windows NT 6.1; WOW64; Trident/4.0; YTB730; GTB7.2; SLCC2; .NET CLR 2.0.50727; .NET CLR 3.5.30729; .NET CLR 3.0.30729; .NET4.0C; .NET4.0E; Media Center PC 6.0)"
128.120.138.51 - - [17/Nov/2017:12:08:00 +0000] "GET /item/books/590 HTTP/1.1" 200 55 "/category/jewelry" "Mozilla/5.0 (Windows NT 6.0) AppleWebKit/535.11 (KHTML, like Gecko) Chrome/17.0.963.56 Safari/535.11"
180.54.65.44 - - [17/Nov/2017:12:08:05 +0000] "GET /item/finance/2549 HTTP/1.1" 200 114 "/item/computers/4707" "Mozilla/5.0 (Macintosh; Intel Mac OS X 10.6; rv:9.0.1) Gecko/20100101 Firefox/9.0.1"
52.159.188.199 - - [17/Nov/2017:12:08:10 +0000] "GET /item/software/4933 HTTP/1.1" 200 52 "/search/?c=Software" "Mozilla/5.0 (compatible; MSIE 9.0; Windows NT 6.1; WOW64; Trident/5.0)"
120.129.24.195 - - [17/Nov/2017:12:08:15 +0000] "GET /item/health/961 HTTP/1.1" 200 102 "/category/health" "Mozilla/5.0 (Windows NT 6.0; rv:10.0.1) Gecko/20100101 Firefox/10.0.1"
152.174.211.73 - - [17/Nov/2017:12:08:20 +0000] "POST /search/?c=Garden HTTP/1.1" 200 120 "/item/electronics/670" "Mozilla/5.0 (Windows NT 6.0; rv:10.0.1) Gecko/20100101 Firefox/10.0.1"
224.177.225.75 - - [17/Nov/2017:12:08:25 +0000] "GET /item/jewelry/2479 HTTP/1.1" 200 126 "/category/software" "Mozilla/5.0 (Windows NT 5.1) AppleWebKit/535.11 (KHTML, like Gecko) Chrome/17.0.963.46 Safari/535.11"
196.96.50.86 - - [17/Nov/2017:12:08:30 +0000] "GET /category/electronics HTTP/1.1" 200 113 "-" "Mozilla/5.0 (compatible; MSIE 9.0; Windows NT 6.1; WOW64; Trident/5.0)"
132.141.158.51 - - [17/Nov/2017:12:08:35 +0000] "GET /category/games HTTP/1.1" 200 114 "-" "Mozilla/5.0 (compatible; MSIE 9.0; Windows NT 6.1; WOW64; Trident/5.0)"
176.228.179.33 - - [17/Nov/2017:12:08:40 +0000] "GET /category/books HTTP/1.1" 200 57 "/item/cameras/2822" "Mozilla/5.0 (compatible; Googlebot/2.1; +http://www.google.com/bot.html)"
48.201.198.145 - - [17/Nov/2017:12:08:45 +0000] "GET /item/electronics/2990 HTTP/1.1" 200 69 "/search/?c=Electronics" "Mozilla/5.0 (Windows NT 6.1; WOW64; rv:10.0.1) Gecko/20100101 Firefox/10.0.1"
128.159.112.128 - - [17/Nov/2017:12:08:50 +0000] "GET /category/garden HTTP/1.1" 200 78 "-" "Mozilla/5.0 (Windows NT 6.1; WOW64) AppleWebKit/535.11 (KHTML, like Gecko) Chrome/17.0.963.56 Safari/535.11"
196.78.91.172 - - [17/Nov/2017:12:08:55 +0000] "GET /category/office HTTP/1.1" 200 128 "/category/games" "Mozilla/5.0 (Windows NT 6.1; WOW64; rv:10.0.1) Gecko/20100101 Firefox/10.0.1"
20.45.119.184 - - [17/Nov/2017:12:09:00 +0000] "GET /item/software/1527 HTTP/1.1" 200 64 "-" "Mozilla/5.0 (Windows NT 6.0; rv:10.0.1) Gecko/20100101 Firefox/10.0.1"
192.108.192.88 - - [17/Nov/2017:12:09:05 +0000] "GET /category/computers HTTP/1.1" 200 117 "-" "Mozilla/4.0 (compatible; MSIE 8.0; Windows NT 5.1; Trident/4.0; BTRS122159; GTB7.2; .NET CLR 1.1.4322; .NET CLR 2.0.50727; .NET CLR 3.0.04506.30; .NET CLR 3.0.4506.2152; .NET CLR 3.5.30729; BRI/2)"
112.18.198.226 - - [17/Nov/2017:12:09:10 +0000] "POST /search/?c=Music+Music HTTP/1.1" 200 119 "-" "Mozilla/5.0 (Windows NT 6.0; rv:10.0.1) Gecko/20100101 Firefox/10.0.1"
24.156.218.186 - - [17/Nov/2017:12:09:15 +0000] "GET /category/jewelry HTTP/1.1" 200 40 "/category/office" "Mozilla/5.0 (Windows NT 6.0; rv:10.0.1) Gecko/20100101 Firefox/10.0.1"
196.225.171.61 - - [17/Nov/2017:12:09:20 +0000] "GET /category/software HTTP/1.1" 200 76 "-" "Mozilla/5.0 (iPhone; CPU iPhone OS 5_0_1 like Mac OS X) AppleWebKit/534.46 (KHTML, like Gecko) Version/5.1 Mobile/9A405 Safari/7534.48.3"
36.198.198.61 - - [17/Nov/2017:12:09:25 +0000] "GET /item/electronics/2940 HTTP/1.1" 200 103 "/item/computers/1333" "Mozilla/5.0 (iPhone; CPU iPhone OS 5_0_1 like Mac OS X) AppleWebKit/534.46 (KHTML, like Gecko) Version/5.1 Mobile/9A405 Safari/7534.48.3"
24.162.227.115 - - [17/Nov/2017:12:09:30 +0000] "GET /category/software HTTP/1.1" 200 81 "http://www.google.com/search?ie=UTF-8&q=google&sclient=psy-ab&q=Software&oq=Software&aq=f&aqi=g-vL1&aql=&pbx=1&bav=on.2,or.r_gc.r_pw.r_qf.,cf.osb&biw=4083&bih=156" "Mozilla/5.0 (Macintosh; Intel Mac OS X 10.6; rv:9.0.1) Gecko/20100101 Firefox/9.0.1"
176.45.134.220 - - [17/Nov/2017:12:09:35 +0000] "GET /category/electronics HTTP/1.1" 200 79 "-" "Mozilla/5.0 (Macintosh; Intel Mac OS X 10.6; rv:9.0.1) Gecko/20100101 Firefox/9.0.1"
56.120.188.55 - - [17/Nov/2017:12:09:40 +0000] "GET /item/finance/2549 HTTP/1.1" 200 114 "/search/?c=Finance+Music" "Mozilla/5.0 (compatible; MSIE 9.0; Windows NT 6.1; Trident/5.0)"
24.99.27.123 - - [17/Nov/2017:12:09:45 +0000] "GET /category/electronics HTTP/1.1" 200 83 "/category/computers" "Mozilla/4.0 (compatible; MSIE 8.0; Windows NT 5.1; Trident/4.0; BTRS122159; GTB7.2; .NET CLR 1.1.4322; .NET CLR 2.0.50727; .NET CLR 3.0.04506.30; .NET CLR 3.0.4506.2152; .NET CLR 3.5.30729; BRI/2)"
60.165.28.148 - - [17/Nov/2017:12:09:50 +0000] "GET /category/books HTTP/1.1" 200 109 "/category/electronics" "Mozilla/5.0 (Windows NT 6.0) AppleWebKit/535.11 (KHTML, like Gecko) Chrome/17.0.963.56 Safari/535.11"
20.120.111.64 - - [17/Nov/2017:12:09:55 +0000] "GET /category/toys HTTP/1.1" 200 63 "-" "Mozilla/5.0 (compatible; MSIE 9.0; Windows NT 6.1; WOW64; Trident/5.0)"
100.21.56.172 - - [17/Nov/2017:12:10:00 +0000] "GET /category/networking?from=10 HTTP/1.1" 200 127 "/search/?c=Software+Software" "Mozilla/5.0 (compatible; MSIE 9.0; Windows NT 6.1; WOW64; Trident/5.0)"
176.180.122.216 - - [17/Nov/2017:12:10:05 +0000] "GET /item/jewelry/4114 HTTP/1.1" 404 139 "/item/giftcards/1901" "Mozilla/5.0 (Windows NT 6.0) AppleWebKit/535.11 (KHTML, like Gecko) Chrome/17.0.963.56 Safari/535.11"
76.75.163.170 - - [17/Nov/2017:12:10:10 +0000] "GET /category/electronics HTTP/1.1" 200 104 "/item/jewelry/428" "Mozilla/5.0 (Windows NT 6.1; WOW64) AppleWebKit/535.11 (KHTML, like Gecko) Chrome/17.0.963.56 Safari/535.11"
120.141.183.120 - - [17/Nov/2017:12:10:15 +0000] "GET /item/games/905 HTTP/1.1" 200 55 "-" "Mozilla/5.0 (compatible; MSIE 9.0; Windows NT 6.1; WOW64; Trident/5.0)"
224.36.38.130 - - [17/Nov/2017:12:10:20 +0000] "GET /category/games HTTP/1.1" 200 59 "/category/software" "Mozilla/5.0 (Windows NT 6.0) AppleWebKit/535.11 (KHTML, like Gecko) Chrome/17.0.963.56 Safari/535.11"
32.177.40.26 - - [17/Nov/2017:12:10:25 +0000] "GET /category/books?from=20 HTTP/1.1" 200 88 "/item/health/2423" "Mozilla/5.0 (compatible; Googlebot/2.1; +http://www.google.com/bot.html)"
60.30.37.117 - - [17/Nov/2017:12:10:30 +0000] "GET /category/finance?from=20 HTTP/1.1" 200 116 "/item/games/2751" "Mozilla/5.0 (Windows NT 6.0; rv:10.0.1) Gecko/20100101 Firefox/10.0.1"
40.177.178.144 - - [17/Nov/2017:12:10:35 +0000] "GET /item/networking/435 HTTP/1.1" 200 109 "/item/giftcards/4236" "Mozilla/5.0 (Macintosh; Intel Mac OS X 10.6; rv:9.0.1) Gecko/20100101 Firefox/9.0.1"
196.78.91.172 - - [17/Nov/2017:12:10:40 +0000] "POST /search/?c=Electronics HTTP/1.1" 200 134 "-" "Mozilla/4.0 (compatible; MSIE 8.0; Windows NT 5.1; Trident/4.0; YTB720; GTB7.2; .NET CLR 1.1.4322; .NET CLR 2.0.50727; .NET CLR 3.0.4506.2152; .NET CLR 3.5.30729)"
220.195.117.90 - - [17/Nov/2017:12:10:45 +0000] "GET /category/games HTTP/1.1" 200 57 "-" "Mozilla/5.0 (Windows NT 6.0; rv:10.0.1) Gecko/20100101 Firefox/10.0.1"
228.123.64.116 - - [17/Nov/2017:12:10:50 +0000] "GET /item/electronics/4270 HTTP/1.1" 200 118 "-" "Mozilla/5.0 (Windows NT 6.1; WOW64; rv:10.0.1) Gecko/20100101 Firefox/10.0.1"
112.159.47.221 - - [17/Nov/2017:12:10:55 +0000] "GET /category/giftcards HTTP/1.1" 200 86 "-" "Mozilla/5.0 (Windows NT 6.1; WOW64; rv:10.0.1) Gecko/20100101 Firefox/10.0.1"
68.33.56.24 - - [17/Nov/2017:12:11:00 +0000] "GET /category/software HTTP/1.1" 200 77 "/category/music" "Mozilla/5.0 (Windows NT 6.0; rv:10.0.1) Gecko/20100101 Firefox/10.0.1"
148.81.169.77 - - [17/Nov/2017:12:11:05 +0000] "GET /category/software?from=0 HTTP/1.1" 200 64 "/search/?c=Giftcards+Garden" "Mozilla/5.0 (Macintosh; Intel Mac OS X 10.6; rv:9.0.1) Gecko/20100101 Firefox/9.0.1"
204.111.23.227 - - [17/Nov/2017:12:11:10 +0000] "GET /category/jewelry HTTP/1.1" 200 113 "/item/computers/1710" "Mozilla/4.0 (compatible; MSIE 8.0; Windows NT 6.1; Trident/4.0; YTB730; SLCC2; .NET CLR 2.0.50727; .NET CLR 3.5.30729; .NET CLR 3.0.30729; Media Center PC 6.0; .NET4.0C)"
192.54.212.194 - - [17/Nov/2017:12:11:15 +0000] "GET /category/electronics HTTP/1.1" 200 42 "/category/jewelry" "Mozilla/5.0 (Macintosh; Intel Mac OS X 10.6; rv:9.0.1) Gecko/20100101 Firefox/9.0.1"
176.117.229.92 - - [17/Nov/2017:12:11:20 +0000] "GET /item/games/918 HTTP/1.1" 200 76 "/category/sports" "Mozilla/5.0 (Windows NT 6.0) AppleWebKit/535.11 (KHTML, like Gecko) Chrome/17.0.963.56 Safari/535.11"
76.222.22.161 - - [17/Nov/2017:12:11:25 +0000] "GET /item/electronics/2792 HTTP/1.1" 200 114 "http://www.google.com/search?ie=UTF-8&q=google&sclient=psy-ab&q=Electronics+Networking&oq=Electronics+Networking&aq=f&aqi=g-vL1&aql=&pbx=1&bav=on.2,or.r_gc.r_pw.r_qf.,cf.osb&biw=3524&bih=298" "Mozilla/4.0 (compatible; MSIE 8.0; Windows NT 6.1; WOW64; Trident/4.0; YTB730; GTB7.2; SLCC2; .NET CLR 2.0.50727; .NET CLR 3.5.30729; .NET CLR 3.0.30729; .NET4.0C; .NET4.0E; Media Center PC 6.0)"
160.177.125.192 - - [17/Nov/2017:12:11:30 +0000] "GET /item/software/2487 HTTP/1.1" 200 51 "/search/?c=Software" "Mozilla/5.0 (Windows NT 6.0; rv:10.0.1) Gecko/20100101 Firefox/10.0.1"
60.195.75.126 - - [17/Nov/2017:12:11:35 +0000] "GET /item/cameras/1442 HTTP/1.1" 200 56 "/category/electronics" "Mozilla/5.0 (compatible; MSIE 9.0; Windows NT 6.1; Trident/5.0)"
144.129.150.26 - - [17/Nov/2017:12:11:40 +0000] "GET /item/books/4619 HTTP/1.1" 200 59 "/search/?c=Books+Games" "Mozilla/5.0 (Windows NT 6.0; rv:10.0.1) Gecko/20100101 Firefox/10.0.1"
172.204.128.196 - - [17/Nov/2017:12:11:45 +0000] "GET /item/electronics/861 HTTP/1.1" 200 85 "-" "Mozilla/5.0 (Macintosh; Intel Mac OS X 10.6; rv:9.0.1) Gecko/20100101 Firefox/9.0.1"
40.36.205.118 - - [17/Nov/2017:12:11:50 +0000] "GET /category/books HTTP/1.1" 200 91 "/category/jewelry" "Mozilla/5.0 (Windows NT 6.1; WOW64) AppleWebKit/535.11 (KHTML, like Gecko) Chrome/17.0.963.56 Safari/535.11"
172.48.138.173 - - [17/Nov/2017:12:11:55 +0000] "GET /item/networking/3979 HTTP/1.1" 200 66 "-" "Mozilla/5.0 (compatible; Googlebot/2.1; +http://www.google.com/bot.html)"
200.186.57.64 - - [17/Nov/2017:12:12:00 +0000] "GET /item/computers/1106 HTTP/1.1" 200 57 "/category/books" "Mozilla/5.0 (Windows NT 6.1; WOW64) AppleWebKit/535.7 (KHTML, like Gecko) Chrome/16.0.912.77 Safari/535.7"
92.180.180.225 - - [17/Nov/2017:12:12:05 +0000] "GET /item/electronics/2940 HTTP/1.1" 200 103 "/item/computers/770" "Mozilla/5.0 (Windows NT 6.0; rv:10.0.1) Gecko/20100101 Firefox/10.0.1"
180.207.97.33 - - [17/Nov/2017:12:12:10 +0000] "GET /category/books HTTP/1.1" 200 117 "/category/electronics" "Mozilla/5.0 (Windows NT 6.1; WOW64) AppleWebKit/535.11 (KHTML, like Gecko) Chrome/17.0.963.56 Safari/535.11"
80.114.67.84 - - [17/Nov/2017:12:12:15 +0000] "GET /item/electronics/2451 HTTP/1.1" 200 108 "/item/electronics/1706" "Mozilla/5.0 (compatible; Googlebot/2.1; +http://www.google.com/bot.html)"
184.186.89.120 - - [17/Nov/2017:12:12:20 +0000] "GET /category/software?from=20 HTTP/1.1" 200 57 "/item/computers/811" "Mozilla/4.0 (compatible; MSIE 8.0; Windows NT 6.1; WOW64; Trident/4.0; GTB7.2; SLCC2; .NET CLR 2.0.50727; .NET CLR 3.5.30729; .NET CLR 3.0.30729; Media Center PC 6.0; .NET4.0C)"
164.195.181.157 - - [17/Nov/2017:12:12:25 +0000] "GET /category/sports?from=0 HTTP/1.1" 200 81 "/category/sports" "Mozilla/5.0 (Windows NT 6.1; WOW64; rv:10.0.1) Gecko/20100101 Firefox/10.0.1"
84.222.57.97 - - [17/Nov/2017:12:12:30 +0000] "GET /category/software HTTP/1.1" 200 84 "/item/garden/4648" "Mozilla/5.0 (Windows NT 6.0) AppleWebKit/535.11 (KHTML, like Gecko) Chrome/17.0.963.56 Safari/535.11"
212.189.191.81 - - [17/Nov/2017:12:12:35 +0000] "GET /item/games/905 HTTP/1.1" 200 55 "-" "Mozilla/5.0 (Macintosh; Intel Mac OS X 10.6; rv:9.0.1) Gecko/20100101 Firefox/9.0.1"
72.96.123.40 - - [17/Nov/2017:12:12:40 +0000] "GET /category/networking HTTP/1.1" 200 94 "-" "Mozilla/4.0 (compatible; MSIE 8.0; Windows NT 6.1; Trident/4.0; YTB730; SLCC2; .NET CLR 2.0.50727; .NET CLR 3.5.30729; .NET CLR 3.0.30729; Media Center PC 6.0; .NET4.0C)"
192.180.36.138 - - [17/Nov/2017:12:12:45 +0000] "GET /item/sports/933 HTTP/1.1" 200 83 "/item/books/3101" "Mozilla/4.0 (compatible; MSIE 8.0; Windows NT 6.0; WOW64; Trident/4.0; GTB6; SLCC1; .NET CLR 2.0.50727; Media Center PC 5.0; .NET CLR 3.5.30729; .NET CLR 3.0.30618; .NET4.0C)"
140.69.87.26 - - [17/Nov/2017:12:12:50 +0000] "GET /item/games/4762 HTTP/1.1" 200 96 "/item/networking/4696" "Mozilla/5.0 (Windows NT 6.0) AppleWebKit/535.11 (KHTML, like Gecko) Chrome/17.0.963.56 Safari/535.11"
40.126.128.141 - - [17/Nov/2017:12:12:55 +0000] "GET /category/health HTTP/1.1" 200 120 "/category/software" "Mozilla/5.0 (Windows NT 6.0; rv:10.0.1) Gecko/20100101 Firefox/10.0.1"
208.84.85.126 - - [17/Nov/2017:12:13:00 +0000] "GET /category/electronics?from=20 HTTP/1.1" 200 52 "/category/office" "Mozilla/5.0 (Macintosh; Intel Mac OS X 10.6; rv:9.0.1) Gecko/20100101 Firefox/9.0.1"
140.57.182.120 - - [17/Nov/2017:12:13:05 +0000] "GET /item/music/2048 HTTP/1.1" 200 56 "/search/?c=Games+Software" "Mozilla/5.0 (Windows NT 6.0) AppleWebKit/535.11 (KHTML, like Gecko) Chrome/17.0.963.56 Safari/535.11"
56.150.73.159 - - [17/Nov/2017:12:13:10 +0000] "GET /category/software HTTP/1.1" 200 113 "-" "Mozilla/4.0 (compatible; MSIE 8.0; Windows NT 6.1; Trident/4.0; YTB730; SLCC2; .NET CLR 2.0.50727; .NET CLR 3.5.30729; .NET CLR 3.0.30729; Media Center PC 6.0; .NET4.0C)"
220.165.214.67 - - [17/Nov/2017:12:13:15 +0000] "GET /category/cameras HTTP/1.1" 200 47 "-" "Mozilla/5.0 (Windows NT 6.1; WOW64) AppleWebKit/535.11 (KHTML, like Gecko) Chrome/17.0.963.56 Safari/535.11"
152.51.200.216 - - [17/Nov/2017:12:13:20 +0000] "GET /category/networking HTTP/1.1" 200 82 "/item/electronics/1678" "Mozilla/5.0 (compatible; MSIE 9.0; Windows NT 6.1; WOW64; Trident/5.0)"
108.144.39.52 - - [17/Nov/2017:12:13:25 +0000] "GET /item/games/2268 HTTP/1.1" 200 100 "-" "Mozilla/5.0 (Windows NT 6.1; WOW64) AppleWebKit/535.11 (KHTML, like Gecko) Chrome/17.0.963.56 Safari/535.11"
136.63.21.83 - - [17/Nov/2017:12:13:30 +0000] "GET /category/software HTTP/1.1" 200 105 "/category/books" "Mozilla/4.0 (compatible; MSIE 8.0; Windows NT 5.1; Trident/4.0; BTRS122159; GTB7.2; .NET CLR 1.1.4322; .NET CLR 2.0.50727; .NET CLR 3.0.04506.30; .NET CLR 3.0.4506.2152; .NET CLR 3.5.30729; BRI/2)"
68.222.159.224 - - [17/Nov/2017:12:13:35 +0000] "GET /item/computers/1106 HTTP/1.1" 200 57 "-" "Mozilla/5.0 (Windows NT 6.1; WOW64; rv:10.0.1) Gecko/20100101 Firefox/10.0.1"
148.42.153.163 - - [17/Nov/2017:12:13:40 +0000] "GET /item/electronics/3983 HTTP/1.1" 200 47 "/category/software" "Mozilla/5.0 (Windows NT 6.0) AppleWebKit/535.11 (KHTML, like Gecko) Chrome/17.0.963.56 Safari/535.11"
60.96.221.113 - - [17/Nov/2017:12:13:45 +0000] "GET /category/games HTTP/1.1" 200 110 "-" "Mozilla/5.0 (Windows NT 6.0; rv:10.0.1) Gecko/20100101 Firefox/10.0.1"
28.81.112.82 - - [17/Nov/2017:12:13:50 +0000] "GET /item/books/4942 HTTP/1.1" 200 76 "-" "Mozilla/5.0 (Windows NT 6.0; rv:10.0.1) Gecko/20100101 Firefox/10.0.1"
44.39.69.128 - - [17/Nov/2017:12:13:55 +0000] "GET /category/games?from=10 HTTP/1.1" 200 124 "-" "Mozilla/5.0 (Windows NT 6.1; WOW64) AppleWebKit/535.7 (KHTML, like Gecko) Chrome/16.0.912.77 Safari/535.7"
136.72.86.184 - - [17/Nov/2017:12:14:00 +0000] "GET /item/electronics/2670 HTTP/1.1" 200 51 "/item/health/4301" "Mozilla/5.0 (Windows NT 6.0; rv:10.0.1) Gecko/20100101 Firefox/10.0.1"
112.84.123.124 - - [17/Nov/2017:12:14:05 +0000] "GET /category/software HTTP/1.1" 200 109 "/category/health" "Mozilla/5.0 (compatible; Googlebot/2.1; +http://www.google.com/bot.html)"
176.69.116.108 - - [17/Nov/2017:12:14:10 +0000] "GET /category/giftcards HTTP/1.1" 200 126 "http://www.google.com/search?ie=UTF-8&q=google&sclient=psy-ab&q=Giftcards+Cameras&oq=Giftcards+Cameras&aq=f&aqi=g-vL1&aql=&pbx=1&bav=on.2,or.r_gc.r_pw.r_qf.,cf.osb&biw=4888&bih=84" "Mozilla/5.0 (Windows NT 6.1; WOW64) AppleWebKit/535.11 (KHTML, like Gecko) Chrome/17.0.963.56 Safari/535.11"
36.126.150.23 - - [17/Nov/2017:12:14:15 +0000] "GET /category/books?from=10 HTTP/1.1" 200 86 "-" "Mozilla/5.0 (iPhone; CPU iPhone OS 5_0_1 like Mac OS X) AppleWebKit/534.46 (KHTML, like Gecko) Version/5.1 Mobile/9A405 Safari/7534.48.3"
132.102.43.57 - - [17/Nov/2017:12:14:20 +0000] "GET /item/electronics/2653 HTTP/1.1" 200 139 "/search/?c=Office" "Mozilla/5.0 (Windows NT 6.0; rv:10.0.1) Gecko/20100101 Firefox/10.0.1"
220.126.137.81 - - [17/Nov/2017:12:14:25 +0000] "POST /search/?c=Books HTTP/1.1" 200 114 "/category/books?from=0" "Mozilla/5.0 (compatible; MSIE 9.0; Windows NT 6.1; Trident/5.0)"
32.63.131.213 - - [17/Nov/2017:12:14:30 +0000] "GET /item/electronics/4251 HTTP/1.1" 200 139 "/category/office" "Mozilla/4.0 (compatible; MSIE 8.0; Windows NT 5.1; Trident/4.0; YTB720; GTB7.2; .NET CLR 1.1.4322; .NET CLR 2.0.50727; .NET CLR 3.0.4506.2152; .NET CLR 3.5.30729)"
188.165.102.75 - - [17/Nov/2017:12:14:35 +0000] "GET /category/software HTTP/1.1" 200 77 "-" "Mozilla/5.0 (Windows NT 6.1; WOW64) AppleWebKit/535.7 (KHTML, like Gecko) Chrome/16.0.912.77 Safari/535.7"
64.207.189.196 - - [17/Nov/2017:12:14:40 +0000] "GET /category/software HTTP/1.1" 200 63 "http://www.google.com/search?ie=UTF-8&q=google&sclient=psy-ab&q=Software+Sports&oq=Software+Sports&aq=f&aqi=g-vL1&aql=&pbx=1&bav=on.2,or.r_gc.r_pw.r_qf.,cf.osb&biw=4450&bih=483" "Mozilla/5.0 (compatible; Googlebot/2.1; +http://www.google.com/bot.html)"
68.171.43.168 - - [17/Nov/2017:12:14:45 +0000] "GET /category/giftcards HTTP/1.1" 200 117 "-" "Mozilla/5.0 (Windows NT 6.1; WOW64) AppleWebKit/535.7 (KHTML, like Gecko) Chrome/16.0.912.77 Safari/535.7"
96.195.40.31 - - [17/Nov/2017:12:14:50 +0000] "GET /item/games/3422 HTTP/1.1" 200 88 "/item/computers/3585" "Mozilla/5.0 (Windows NT 6.0; rv:10.0.1) Gecko/20100101 Firefox/10.0.1"
196.186.196.93 - - [17/Nov/2017:12:14:55 +0000] "GET /category/giftcards HTTP/1.1" 200 81 "-" "Mozilla/4.0 (compatible; MSIE 8.0; Windows NT 6.1; WOW64; Trident/4.0; GTB7.2; SLCC2; .NET CLR 2.0.50727; .NET CLR 3.5.30729; .NET CLR 3.0.30729; Media Center PC 6.0; .NET4.0C)"
52.132.139.46 - - [17/Nov/2017:12:15:00 +0000] "GET /category/giftcards HTTP/1.1" 200 126 "/category/cameras" "Mozilla/4.0 (compatible; MSIE 8.0; Windows NT 6.1; WOW64; Trident/4.0; YTB730; GTB7.2; EasyBits GO v1.0; SLCC2; .NET CLR 2.0.50727; .NET CLR 3.5.30729; .NET CLR 3.0.30729; Media Center PC 6.0; .NET4.0C)"
200.207.132.97 - - [17/Nov/2017:12:15:05 +0000] "GET /category/software HTTP/1.1" 200 64 "-" "Mozilla/5.0 (Macintosh; Intel Mac OS X 10.6; rv:9.0.1) Gecko/20100101 Firefox/9.0.1"
124.105.200.100 - - [17/Nov/2017:12:15:10 +0000] "GET /item/jewelry/4156 HTTP/1.1" 200 71 "-" "Mozilla/5.0 (compatible; MSIE 9.0; Windows NT 6.1; WOW64; Trident/5.0)"
136.132.151.226 - - [17/Nov/2017:12:15:15 +0000] "GET /category/games?from=0 HTTP/1.1" 200 72 "/category/computers?from=0" "Mozilla/5.0 (iPad; CPU OS 5_0_1 like Mac OS X) AppleWebKit/534.46 (KHTML, like Gecko) Version/5.1 Mobile/9A405 Safari/7534.48.3"
44.72.104.147 - - [17/Nov/2017:12:15:20 +0000] "GET /category/software HTTP/1.1" 200 40 "-" "Mozilla/5.0 (Windows NT 6.1; WOW64) AppleWebKit/535.7 (KHTML, like Gecko) Chrome/16.0.912.77 Safari/535.7"
36.222.81.121 - - [17/Nov/2017:12:15:25 +0000] "GET /category/jewelry HTTP/1.1" 200 78 "-" "Mozilla/5.0 (Windows NT 6.0; rv:10.0.1) Gecko/20100101 Firefox/10.0.1"
208.210.156.79 - - [17/Nov/2017:12:15:30 +0000] "GET /category/office HTTP/1.1" 200 72 "-" "Mozilla/5.0 (compatible; Googlebot/2.1; +http://www.google.com/bot.html)"
192.126.144.136 - - [17/Nov/2017:12:15:35 +0000] "POST /search/?c=Software HTTP/1.1" 200 98 "/search/?c=Electronics" "Mozilla/5.0 (Windows NT 6.1; WOW64; rv:10.0.1) Gecko/20100101 Firefox/10.0.1"
164.27.150.182 - - [17/Nov/2017:12:15:40 +0000] "GET /item/office/2035 HTTP/1.1" 200 120 "/item/books/1503" "Mozilla/5.0 (Macintosh; Intel Mac OS X 10.6; rv:9.0.1) Gecko/20100101 Firefox/9.0.1"
164.213.39.153 - - [17/Nov/2017:12:15:45 +0000] "GET /item/games/2649 HTTP/1.1" 200 61 "-" "Mozilla/4.0 (compatible; MSIE 8.0; Windows NT 6.1; Trident/4.0; YTB730; SLCC2; .NET CLR 2.0.50727; .NET CLR 3.5.30729; .NET CLR 3.0.30729; Media Center PC 6.0; .NET4.0C)"
88.189.31.220 - - [17/Nov/2017:12:15:50 +0000] "GET /item/electronics/4807 HTTP/1.1" 200 121 "/category/software" "Mozilla/5.0 (compatible; Googlebot/2.1; +http://www.google.com/bot.html)"
160.222.46.45 - - [17/Nov/2017:12:15:55 +0000] "GET /category/software HTTP/1.1" 200 43 "/item/garden/473" "Mozilla/5.0 (Windows NT 5.1) AppleWebKit/535.11 (KHTML, like Gecko) Chrome/17.0.963.46 Safari/535.11"
96.195.97.48 - - [17/Nov/2017:12:16:00 +0000] "GET /item/books/570 HTTP/1.1" 200 92 "/category/software" "Mozilla/4.0 (compatible; MSIE 8.0; Windows NT 5.1; Trident/4.0; BTRS122159; GTB7.2; .NET CLR 1.1.4322; .NET CLR 2.0.50727; .NET CLR 3.0.04506.30; .NET CLR 3.0.4506.2152; .NET CLR 3.5.30729; BRI/2)"
140.36.40.82 - - [17/Nov/2017:12:16:05 +0000] "GET /item/office/2035 HTTP/1.1" 200 120 "/search/?c=Electronics" "Mozilla/4.0 (compatible; MSIE 8.0; Windows NT 6.1; WOW64; Trident/4.0; YTB730; GTB7.2; EasyBits GO v1.0; SLCC2; .NET CLR 2.0.50727; .NET CLR 3.5.30729; .NET CLR 3.0.30729; Media Center PC 6.0; .NET4.0C)"
88.27.37.78 - - [17/Nov/2017:12:16:10 +0000] "GET /category/games HTTP/1.1" 200 71 "-" "Mozilla/5.0 (Windows NT 6.0; rv:10.0.1) Gecko/20100101 Firefox/10.0.1"
32.189.72.176 - - [17/Nov/2017:12:16:15 +0000] "GET /category/health HTTP/1.1" 200 133 "/item/books/3977" "Mozilla/5.0 (Macintosh; Intel Mac OS X 10.6; rv:9.0.1) Gecko/20100101 Firefox/9.0.1"
148.42.153.163 - - [17/Nov/2017:12:16:20 +0000] "GET /item/electronics/1089 HTTP/1.1" 200 54 "/category/books" "Mozilla/5.0 (Windows NT 6.0) AppleWebKit/535.11 (KHTML, like Gecko) Chrome/17.0.963.56 Safari/535.11"
132.132.44.91 - - [17/Nov/2017:12:16:25 +0000] "GET /item/games/2649 HTTP/1.1" 200 61 "-" "Mozilla/5.0 (Windows NT 5.1) AppleWebKit/535.11 (KHTML, like Gecko) Chrome/17.0.963.46 Safari/535.11"
60.225.108.28 - - [17/Nov/2017:12:16:30 +0000] "GET /category/jewelry HTTP/1.1" 200 77 "-" "Mozilla/4.0 (compatible; MSIE 8.0; Windows NT 5.1; Trident/4.0; YTB720; GTB7.2; .NET CLR 1.1.4322; .NET CLR 2.0.50727; .NET CLR 3.0.4506.2152; .NET CLR 3.5.30729)"
48.219.110.88 - - [17/Nov/2017:12:16:35 +0000] "GET /item/electronics/2868 HTTP/1.1" 200 41 "/search/?c=Software+Electronics" "Mozilla/5.0 (Macintosh; Intel Mac OS X 10.6; rv:9.0.1) Gecko/20100101 Firefox/9.0.1"
132.219.26.113 - - [17/Nov/2017:12:16:40 +0000] "GET /category/office HTTP/1.1" 200 58 "-" "Mozilla/5.0 (Windows NT 5.1) AppleWebKit/535.11 (KHTML, like Gecko) Chrome/17.0.963.46 Safari/535.11"
100.21.56.172 - - [17/Nov/2017:12:16:45 +0000] "GET /item/electronics/1678 HTTP/1.1" 200 108 "/search/?c=Electronics+Garden" "Mozilla/5.0 (compatible; MSIE 9.0; Windows NT 6.1; WOW64; Trident/5.0)"
156.123.86.77 - - [17/Nov/2017:12:16:50 +0000] "GET /category/jewelry HTTP/1.1" 200 48 "-" "Mozilla/5.0 (Macintosh; Intel Mac OS X 10.6; rv:9.0.1) Gecko/20100101 Firefox/9.0.1"
160.93.50.158 - - [17/Nov/2017:12:16:55 +0000] "GET /category/music HTTP/1.1" 200 82 "/category/giftcards" "Mozilla/5.0 (Windows NT 6.0; rv:10.0.1) Gecko/20100101 Firefox/10.0.1"
204.75.217.225 - - [17/Nov/2017:12:17:00 +0000] "GET /item/jewelry/4114 HTTP/1.1" 404 139 "/category/networking" "Mozilla/4.0 (compatible; MSIE 8.0; Windows NT 6.1; Trident/4.0; YTB730; SLCC2; .NET CLR 2.0.50727; .NET CLR 3.5.30729; .NET CLR 3.0.30729; Media Center PC 6.0; .NET4.0C)"
32.39.91.121 - - [17/Nov/2017:12:17:05 +0000] "GET /category/electronics HTTP/1.1" 200 96 "/category/games" "Mozilla/5.0 (Windows NT 6.0) AppleWebKit/535.11 (KHTML, like Gecko) Chrome/17.0.963.56 Safari/535.11"
92.36.35.38 - - [17/Nov/2017:12:17:10 +0000] "GET /category/computers?from=0 HTTP/1.1" 200 85 "/item/software/2724" "Mozilla/4.0 (compatible; MSIE 8.0; Windows NT 6.1; WOW64; Trident/4.0; GTB7.2; SLCC2; .NET CLR 2.0.50727; .NET CLR 3.5.30729; .NET CLR 3.0.30729; Media Center PC 6.0; .NET4.0C)"
68.225.106.184 - - [17/Nov/2017:12:17:15 +0000] "GET /category/computers HTTP/1.1" 200 117 "-" "Mozilla/4.0 (compatible; MSIE 8.0; Windows NT 5.1; Trident/4.0; YTB720; GTB7.2; .NET CLR 1.1.4322; .NET CLR 2.0.50727; .NET CLR 3.0.4506.2152; .NET CLR 3.5.30729)"
136.108.176.209 - - [17/Nov/2017:12:17:20 +0000] "GET /category/electronics HTTP/1.1" 200 59 "/category/electronics" "Mozilla/5.0 (Macintosh; Intel Mac OS X 10.6; rv:9.0.1) Gecko/20100101 Firefox/9.0.1"
200.225.159.107 - - [17/Nov/2017:12:17:25 +0000] "GET /item/health/2423 HTTP/1.1" 200 131 "/item/music/1232" "Mozilla/5.0 (Windows NT 6.0) AppleWebKit/535.11 (KHTML, like Gecko) Chrome/17.0.963.56 Safari/535.11"
164.195.181.157 - - [17/Nov/2017:12:17:30 +0000] "GET /category/sports HTTP/1.1" 200 59 "-" "Mozilla/5.0 (compatible; MSIE 9.0; Windows NT 6.1; WOW64; Trident/5.0)"
220.99.157.29 - - [17/Nov/2017:12:17:35 +0000] "POST /search/?c=Software+Office HTTP/1.1" 200 103 "-" "Mozilla/5.0 (iPad; CPU OS 5_0_1 like Mac OS X) AppleWebKit/534.46 (KHTML, like Gecko) Version/5.1 Mobile/9A405 Safari/7534.48.3"
212.168.228.88 - - [17/Nov/2017:12:17:40 +0000] "GET /item/cameras/3741 HTTP/1.1" 200 90 "/category/games" "Mozilla/5.0 (Macintosh; Intel Mac OS X 10.6; rv:9.0.1) Gecko/20100101 Firefox/9.0.1"
200.225.159.107 - - [17/Nov/2017:12:17:45 +0000] "GET /category/electronics HTTP/1.1" 200 116 "/item/electronics/2374" "Mozilla/5.0 (compatible; Googlebot/2.1; +http://www.google.com/bot.html)"
20.63.176.160 - - [17/Nov/2017:12:17:50 +0000] "GET /category/books HTTP/1.1" 200 85 "-" "Mozilla/5.0 (Windows NT 6.0) AppleWebKit/535.11 (KHTML, like Gecko) Chrome/17.0.963.56 Safari/535.11"
208.150.93.221 - - [17/Nov/2017:12:17:55 +0000] "GET /item/electronics/1433 HTTP/1.1" 200 107 "/category/books" "Mozilla/5.0 (Windows NT 5.1) AppleWebKit/535.11 (KHTML, like Gecko) Chrome/17.0.963.46 Safari/535.11"
208.114.138.190 - - [17/Nov/2017:12:18:00 +0000] "GET /item/electronics/3162 HTTP/1.1" 200 71 "-" "Mozilla/5.0 (Macintosh; Intel Mac OS X 10.6; rv:9.0.1) Gecko/20100101 Firefox/9.0.1"
144.225.225.182 - - [17/Nov/2017:12:18:05 +0000] "GET /category/office HTTP/1.1" 200 58 "/search/?c=Finance+Books" "Mozilla/5.0 (Windows NT 6.0; rv:10.0.1) Gecko/20100101 Firefox/10.0.1"
216.144.153.181 - - [17/Nov/2017:12:18:10 +0000] "GET /category/jewelry HTTP/1.1" 200 76 "/item/software/1046" "Mozilla/5.0 (Macintosh; Intel Mac OS X 10.6; rv:9.0.1) Gecko/20100101 Firefox/9.0.1"
204.78.117.193 - - [17/Nov/2017:12:18:15 +0000] "GET /category/music HTTP/1.1" 200 138 "/item/electronics/3298" "Mozilla/5.0 (Windows NT 6.0; rv:10.0.1) Gecko/20100101 Firefox/10.0.1"
116.63.29.208 - - [17/Nov/2017:12:18:20 +0000] "GET /category/software HTTP/1.1" 200 100 "/category/cameras" "Mozilla/5.0 (iPad; CPU OS 5_0_1 like Mac OS X) AppleWebKit/534.46 (KHTML, like Gecko) Version/5.1 Mobile/9A405 Safari/7534.48.3"
36.33.116.55 - - [17/Nov/2017:12:18:25 +0000] "GET /category/jewelry HTTP/1.1" 200 59 "/item/electronics/2990" "Mozilla/4.0 (compatible; MSIE 8.0; Windows NT 5.1; Trident/4.0; BTRS122159; GTB7.2; .NET CLR 1.1.4322; .NET CLR 2.0.50727; .NET CLR 3.0.04506.30; .NET CLR 3.0.4506.2152; .NET CLR 3.5.30729; BRI/2)"
60.123.32.130 - - [17/Nov/2017:12:18:30 +0000] "GET /category/garden HTTP/1.1" 200 114 "/item/finance/2549" "Mozilla/4.0 (compatible; MSIE 8.0; Windows NT 5.1; Trident/4.0; YTB720; GTB7.2; .NET CLR 1.1.4322; .NET CLR 2.0.50727; .NET CLR 3.0.4506.2152; .NET CLR 3.5.30729)"
96.99.105.24 - - [17/Nov/2017:12:18:35 +0000] "GET /item/electronics/2104 HTTP/1.1" 200 59 "/item/electronics/1216" "Mozilla/5.0 (Windows NT 6.0; rv:10.0.1) Gecko/20100101 Firefox/10.0.1"
64.219.144.181 - - [17/Nov/2017:12:18:40 +0000] "POST /search/?c=Office+Computers HTTP/1.1" 200 62 "/category/toys" "Mozilla/4.0 (compatible; MSIE 8.0; Windows NT 5.1; Trident/4.0; YTB720; GTB7.2; .NET CLR 1.1.4322; .NET CLR 2.0.50727; .NET CLR 3.0.4506.2152; .NET CLR 3.5.30729)"
92.117.27.32 - - [17/Nov/2017:12:18:45 +0000] "POST /search/?c=Electronics+Software HTTP/1.1" 200 67 "/item/electronics/4248" "Mozilla/5.0 (Windows NT 6.1; WOW64; rv:10.0.1) Gecko/20100101 Firefox/10.0.1"
60.126.127.74 - - [17/Nov/2017:12:18:50 +0000] "GET /item/electronics/1309 HTTP/1.1" 200 133 "/search/?c=Electronics" "Mozilla/5.0 (Windows NT 6.1; WOW64; rv:10.0.1) Gecko/20100101 Firefox/10.0.1"
152.72.100.218 - - [17/Nov/2017:12:18:55 +0000] "GET /category/electronics HTTP/1.1" 200 128 "/item/garden/4383" "Mozilla/5.0 (Windows NT 6.1; WOW64) AppleWebKit/535.7 (KHTML, like Gecko) Chrome/16.0.912.77 Safari/535.7"
104.195.68.101 - - [17/Nov/2017:12:19:00 +0000] "GET /category/software?from=20 HTTP/1.1" 200 86 "/category/software" "Mozilla/5.0 (Macintosh; Intel Mac OS X 10.6; rv:9.0.1) Gecko/20100101 Firefox/9.0.1"
172.219.78.39 - - [17/Nov/2017:12:19:05 +0000] "GET /category/networking HTTP/1.1" 200 103 "-" "Mozilla/4.0 (compatible; MSIE 8.0; Windows NT 5.1; Trident/4.0; YTB720; GTB7.2; .NET CLR 1.1.4322; .NET CLR 2.0.50727; .NET CLR 3.0.4506.2152; .NET CLR 3.5.30729)"
168.39.135.79 - - [17/Nov/2017:12:19:10 +0000] "GET /item/office/394 HTTP/1.1" 200 65 "/category/electronics" "Mozilla/5.0 (Windows NT 6.0; rv:10.0.1) Gecko/20100101 Firefox/10.0.1"
76.93.187.155 - - [17/Nov/2017:12:19:15 +0000] "GET /item/electronics/1079 HTTP/1.1" 200 83 "/item/health/1329" "Mozilla/4.0 (compatible; MSIE 8.0; Windows NT 6.1; Trident/4.0; YTB730; SLCC2; .NET CLR 2.0.50727; .NET CLR 3.5.30729; .NET CLR 3.0.30729; Media Center PC 6.0; .NET4.0C)"
88.99.48.102 - - [17/Nov/2017:12:19:20 +0000] "GET /item/books/4619 HTTP/1.1" 200 59 "/search/?c=Electronics+Games" "Mozilla/5.0 (Macintosh; Intel Mac OS X 10.6; rv:9.0.1) Gecko/20100101 Firefox/9.0.1"
152.87.80.46 - - [17/Nov/2017:12:19:25 +0000] "GET /category/software HTTP/1.1" 200 114 "/search/?c=Software+Networking" "Mozilla/4.0 (compatible; MSIE 8.0; Windows NT 6.1; WOW64; Trident/4.0; YTB730; GTB7.2; EasyBits GO v1.0; SLCC2; .NET CLR 2.0.50727; .NET CLR 3.5.30729; .NET CLR 3.0.30729; Media Center PC 6.0; .NET4.0C)"
192.21.211.81 - - [17/Nov/2017:12:19:30 +0000] "GET /category/computers HTTP/1.1" 200 133 "-" "Mozilla/5.0 (iPad; CPU OS 5_0_1 like Mac OS X) AppleWebKit/534.46 (KHTML, like Gecko) Version/5.1 Mobile/9A405 Safari/7534.48.3"
116.189.197.54 - - [17/Nov/2017:12:19:35 +0000] "GET /category/music HTTP/1.1" 200 46 "-" "Mozilla/5.0 (Windows NT 6.0) AppleWebKit/535.11 (KHTML, like Gecko) Chrome/17.0.963.56 Safari/535.11"
192.213.24.121 - - [17/Nov/2017:12:19:40 +0000] "GET /item/networking/4421 HTTP/1.1" 200 47 "/category/electronics" "Mozilla/5.0 (Windows NT 6.1; WOW64) AppleWebKit/535.11 (KHTML, like Gecko) Chrome/17.0.963.56 Safari/535.11"
68.111.65.149 - - [17/Nov/2017:12:19:45 +0000] "POST /search/?c=Electronics+Toys HTTP/1.1" 200 128 "/search/?c=Games+Electronics" "Mozilla/5.0 (compatible; Googlebot/2.1; +http://www.google.com/bot.html)"
124.105.200.100 - - [17/Nov/2017:12:19:50 +0000] "GET /category/finance HTTP/1.1" 200 52 "/item/computers/4707" "Mozilla/4.0 (compatible; MSIE 8.0; Windows NT 5.1; Trident/4.0; BTRS122159; GTB7.2; .NET CLR 1.1.4322; .NET CLR 2.0.50727; .NET CLR 3.0.04506.30; .NET CLR 3.0.4506.2152; .NET CLR 3.5.30729; BRI/2)"
108.150.20.229 - - [17/Nov/2017:12:19:55 +0000] "POST /search/?c=Electronics HTTP/1.1" 200 99 "-" "Mozilla/5.0 (compatible; Googlebot/2.1; +http://www.google.com/bot.html)"
192.102.189.187 - - [17/Nov/2017:12:20:00 +0000] "GET /item/electronics/4947 HTTP/1.1" 200 124 "/category/electronics" "Mozilla/5.0 (Windows NT 6.0) AppleWebKit/535.11 (KHTML, like Gecko) Chrome/17.0.963.56 Safari/535.11"
184.30.98.141 - - [17/Nov/2017:12:20:05 +0000] "GET /category/games HTTP/1.1" 200 83 "-" "Mozilla/5.0 (compatible; MSIE 9.0; Windows NT 6.1; WOW64; Trident/5.0)"
224.192.171.198 - - [17/Nov/2017:12:20:10 +0000] "GET /item/games/3284 HTTP/1.1" 200 120 "/search/?c=Games+Electronics" "Mozilla/5.0 (compatible; MSIE 9.0; Windows NT 6.1; WOW64; Trident/5.0)"
160.156.210.144 - - [17/Nov/2017:12:20:15 +0000] "GET /category/software HTTP/1.1" 200 121 "/category/cameras" "Mozilla/5.0 (iPad; CPU OS 5_0_1 like Mac OS X) AppleWebKit/534.46 (KHTML, like Gecko) Version/5.1 Mobile/9A405 Safari/7534.48.3"
112.66.219.85 - - [17/Nov/2017:12:20:20 +0000] "GET /category/electronics HTTP/1.1" 200 82 "-" "Mozilla/5.0 (compatible; Googlebot/2.1; +http://www.google.com/bot.html)"
144.27.80.155 - - [17/Nov/2017:12:20:25 +0000] "GET /category/books HTTP/1.1" 200 96 "/search/?c=Electronics+Software" "Mozilla/4.0 (compatible; MSIE 8.0; Windows NT 6.1; WOW64; Trident/4.0; GTB7.2; SLCC2; .NET CLR 2.0.50727; .NET CLR 3.5.30729; .NET CLR 3.0.30729; Media Center PC 6.0; .NET4.0C)"
36.192.196.184 - - [17/Nov/2017:12:20:30 +0000] "GET /category/jewelry HTTP/1.1" 200 82 "-" "Mozilla/5.0 (Macintosh; Intel Mac OS X 10.6; rv:9.0.1) Gecko/20100101 Firefox/9.0.1"
128.54.20.112 - - [17/Nov/2017:12:20:35 +0000] "GET /category/office HTTP/1.1" 200 88 "-" "Mozilla/5.0 (compatible; MSIE 9.0; Windows NT 6.1; Trident/5.0)"
220.126.137.81 - - [17/Nov/2017:12:20:40 +0000] "POST /search/?c=Music+Music HTTP/1.1" 200 119 "/category/electronics" "Mozilla/5.0 (Macintosh; Intel Mac OS X 10.6; rv:9.0.1) Gecko/20100101 Firefox/9.0.1"
180.153.208.26 - - [17/Nov/2017:12:20:45 +0000] "GET /category/books HTTP/1.1" 200 49 "/category/computers" "Mozilla/4.0 (compatible; MSIE 8.0; Windows NT 6.1; WOW64; Trident/4.0; YTB730; GTB7.2; EasyBits GO v1.0; SLCC2; .NET CLR 2.0.50727; .NET CLR 3.5.30729; .NET CLR 3.0.30729; Media Center PC 6.0; .NET4.0C)"
144.21.111.211 - - [17/Nov/2017:12:20:50 +0000] "GET /item/software/2490 HTTP/1.1" 200 51 "http://www.google.com/search?ie=UTF-8&q=google&sclient=psy-ab&q=Software+Jewelry&oq=Software+Jewelry&aq=f&aqi=g-vL1&aql=&pbx=1&bav=on.2,or.r_gc.r_pw.r_qf.,cf.osb&biw=2388&bih=97" "Mozilla/5.0 (iPhone; CPU iPhone OS 5_0_1 like Mac OS X) AppleWebKit/534.46 (KHTML, like Gecko) Version/5.1 Mobile/9A405 Safari/7534.48.3"
72.39.200.100 - - [17/Nov/2017:12:20:55 +0000] "GET /category/electronics HTTP/1.1" 200 119 "/category/sports" "Mozilla/5.0 (Windows NT 6.0; rv:10.0.1) Gecko/20100101 Firefox/10.0.1"
124.87.214.172 - - [17/Nov/2017:12:21:00 +0000] "GET /category/software HTTP/1.1" 200 85 "/item/electronics/1270" "Mozilla/5.0 (Windows NT 6.1; WOW64) AppleWebKit/535.11 (KHTML, like Gecko) Chrome/17.0.963.56 Safari/535.11"
100.93.35.154 - - [17/Nov/2017:12:21:05 +0000] "GET /category/electronics HTTP/1.1" 200 119 "/item/giftcards/202" "Mozilla/5.0 (Windows NT 6.1; WOW64) AppleWebKit/535.7 (KHTML, like Gecko) Chrome/16.0.912.77 Safari/535.7"
76.219.110.59 - - [17/Nov/2017:12:21:10 +0000] "GET /item/electronics/705 HTTP/1.1" 200 92 "-" "Mozilla/5.0 (compatible; MSIE 9.0; Windows NT 6.1; WOW64; Trident/5.0)"
192.51.157.22 - - [17/Nov/2017:12:21:15 +0000] "GET /category/health HTTP/1.1" 200 104 "-" "Mozilla/5.0 (compatible; Googlebot/2.1; +http://www.google.com/bot.html)"
84.168.145.91 - - [17/Nov/2017:12:21:20 +0000] "GET /category/cameras HTTP/1.1" 200 106 "/category/office" "Mozilla/5.0 (Macintosh; Intel Mac OS X 10.6; rv:9.0.1) Gecko/20100101 Firefox/9.0.1"
68.222.159.224 - - [17/Nov/2017:12:21:25 +0000] "GET /item/garden/4153 HTTP/1.1" 200 77 "-" "Mozilla/5.0 (compatible; MSIE 9.0; Windows NT 6.1; WOW64; Trident/5.0)"
160.78.146.93 - - [17/Nov/2017:12:21:30 +0000] "GET /category/software HTTP/1.1" 200 125 "http://www.google.com/search?ie=UTF-8&q=google&sclient=psy-ab&q=Software&oq=Software&aq=f&aqi=g-vL1&aql=&pbx=1&bav=on.2,or.r_gc.r_pw.r_qf.,cf.osb&biw=642&bih=437" "Mozilla/5.0 (compatible; MSIE 9.0; Windows NT 6.1; Trident/5.0)"
120.180.161.107 - - [17/Nov/2017:12:21:35 +0000] "GET /category/electronics HTTP/1.1" 200 80 "-" "Mozilla/5.0 (iPad; CPU OS 5_0_1 like Mac OS X) AppleWebKit/534.46 (KHTML, like Gecko) Version/5.1 Mobile/9A405 Safari/7534.48.3"
176.153.215.204 - - [17/Nov/2017:12:21:40 +0000] "GET /category/electronics HTTP/1.1" 200 138 "/item/finance/1295" "Mozilla/5.0 (Windows NT 6.1; WOW64) AppleWebKit/535.7 (KHTML, like Gecko) Chrome/16.0.912.77 Safari/535.7"
136.30.65.186 - - [17/Nov/2017:12:21:45 +0000] "GET /category/finance HTTP/1.1" 200 132 "/item/games/3491" "Mozilla/5.0 (compatible; Googlebot/2.1; +http://www.google.com/bot.html)"
164.120.51.110 - - [17/Nov/2017:12:21:50 +0000] "GET /category/computers HTTP/1.1" 200 103 "-" "Mozilla/5.0 (Macintosh; Intel Mac OS X 10.6; rv:9.0.1) Gecko/20100101 Firefox/9.0.1"
140.120.215.134 - - [17/Nov/2017:12:21:55 +0000] "GET /category/office HTTP/1.1" 200 74 "-" "Mozilla/4.0 (compatible; MSIE 8.0; Windows NT 5.1; Trident/4.0; YTB720; GTB7.2; .NET CLR 1.1.4322; .NET CLR 2.0.50727; .NET CLR 3.0.4506.2152; .NET CLR 3.5.30729)"
188.147.180.205 - - [17/Nov/2017:12:22:00 +0000] "GET /category/toys HTTP/1.1" 200 40 "/item/toys/67" "Mozilla/5.0 (Windows NT 6.0; rv:10.0.1) Gecko/20100101 Firefox/10.0.1"
32.222.29.160 - - [17/Nov/2017:12:22:05 +0000] "POST /search/?c=Electronics+Toys HTTP/1.1" 200 128 "/category/books" "Mozilla/4.0 (compatible; MSIE 8.0; Windows NT 6.0; WOW64; Trident/4.0; GTB6; SLCC1; .NET CLR 2.0.50727; Media Center PC 5.0; .NET CLR 3.5.30729; .NET CLR 3.0.30618; .NET4.0C)"
112.165.201.203 - - [17/Nov/2017:12:22:10 +0000] "GET /item/finance/3737 HTTP/1.1" 200 127 "/item/electronics/3574" "Mozilla/4.0 (compatible; MSIE 8.0; Windows NT 5.1; Trident/4.0; YTB720; GTB7.2; .NET CLR 1.1.4322; .NET CLR 2.0.50727; .NET CLR 3.0.4506.2152; .NET CLR 3.5.30729)"
84.117.111.177 - - [17/Nov/2017:12:22:15 +0000] "GET /category/books HTTP/1.1" 200 83 "-" "Mozilla/5.0 (Windows NT 6.0; rv:10.0.1) Gecko/20100101 Firefox/10.0.1"
196.57.59.219 - - [17/Nov/2017:12:22:20 +0000] "GET /item/books/3156 HTTP/1.1" 200 102 "-" "Mozilla/4.0 (compatible; MSIE 8.0; Windows NT 6.0; WOW64; Trident/4.0; GTB6; SLCC1; .NET CLR 2.0.50727; Media Center PC 5.0; .NET CLR 3.5.30729; .NET CLR 3.0.30618; .NET4.0C)"
44.51.178.212 - - [17/Nov/2017:12:22:25 +0000] "GET /category/health HTTP/1.1" 200 94 "/category/computers" "Mozilla/5.0 (Macintosh; Intel Mac OS X 10.6; rv:9.0.1) Gecko/20100101 Firefox/9.0.1"
92.150.116.137 - - [17/Nov/2017:12:22:30 +0000] "GET /category/electronics HTTP/1.1" 200 58 "-" "Mozilla/5.0 (Windows NT 6.1; WOW64) AppleWebKit/535.11 (KHTML, like Gecko) Chrome/17.0.963.56 Safari/535.11"
136.81.21.202 - - [17/Nov/2017:12:22:35 +0000] "GET /item/health/3590 HTTP/1.1" 200 95 "-" "Mozilla/4.0 (compatible; MSIE 8.0; Windows NT 5.1; Trident/4.0; BTRS122159; GTB7.2; .NET CLR 1.1.4322; .NET CLR 2.0.50727; .NET CLR 3.0.04506.30; .NET CLR 3.0.4506.2152; .NET CLR 3.5.30729; BRI/2)"
52.132.139.46 - - [17/Nov/2017:12:22:40 +0000] "GET /item/office/964 HTTP/1.1" 200 56 "/category/games" "Mozilla/4.0 (compatible; MSIE 8.0; Windows NT 6.1; WOW64; Trident/4.0; YTB730; GTB7.2; EasyBits GO v1.0; SLCC2; .NET CLR 2.0.50727; .NET CLR 3.5.30729; .NET CLR 3.0.30729; Media Center PC 6.0; .NET4.0C)"
104.111.99.133 - - [17/Nov/2017:12:22:45 +0000] "GET /item/electronics/4574 HTTP/1.1" 200 98 "/search/?c=Electronics+Software" "Mozilla/5.0 (Windows NT 6.1; WOW64; rv:10.0.1) Gecko/20100101 Firefox/10.0.1"
132.219.26.113 - - [17/Nov/2017:12:22:50 +0000] "GET /item/office/4595 HTTP/1.1" 200 137 "/category/office" "Mozilla/5.0 (Windows NT 6.1; WOW64; rv:10.0.1) Gecko/20100101 Firefox/10.0.1"
76.48.201.164 - - [17/Nov/2017:12:22:55 +0000] "GET /item/electronics/3393 HTTP/1.1" 404 59 "/category/jewelry" "Mozilla/4.0 (compatible; MSIE 8.0; Windows NT 5.1; Trident/4.0; BTRS122159; GTB7.2; .NET CLR 1.1.4322; .NET CLR 2.0.50727; .NET CLR 3.0.04506.30; .NET CLR 3.0.4506.2152; .NET CLR 3.5.30729; BRI/2)"
172.33.83.66 - - [17/Nov/2017:12:23:00 +0000] "GET /item/music/2069 HTTP/1.1" 200 133 "/item/electronics/1206" "Mozilla/5.0 (Windows NT 6.1; WOW64) AppleWebKit/535.11 (KHTML, like Gecko) Chrome/17.0.963.56 Safari/535.11"
124.99.44.123 - - [17/Nov/2017:12:23:05 +0000] "GET /category/games HTTP/1.1" 200 86 "-" "Mozilla/5.0 (Windows NT 6.1; WOW64) AppleWebKit/535.7 (KHTML, like Gecko) Chrome/16.0.912.77 Safari/535.7"
128.54.20.112 - - [17/Nov/2017:12:23:10 +0000] "GET /item/electronics/3882 HTTP/1.1" 200 94 "-" "Mozilla/5.0 (Windows NT 6.1; WOW64) AppleWebKit/535.7 (KHTML, like Gecko) Chrome/16.0.912.77 Safari/535.7"
60.177.133.24 - - [17/Nov/2017:12:23:15 +0000] "GET /item/electronics/4807 HTTP/1.1" 200 121 "/search/?c=Electronics" "Mozilla/5.0 (Windows NT 6.0; rv:10.0.1) Gecko/20100101 Firefox/10.0.1"
192.21.211.81 - - [17/Nov/2017:12:23:20 +0000] "GET /category/office HTTP/1.1" 200 127 "/category/toys" "Mozilla/4.0 (compatible; MSIE 8.0; Windows NT 6.1; WOW64; Trident/4.0; YTB730; GTB7.2; SLCC2; .NET CLR 2.0.50727; .NET CLR 3.5.30729; .NET CLR 3.0.30729; .NET4.0C; .NET4.0E; Media Center PC 6.0)"
116.198.83.162 - - [17/Nov/2017:12:23:25 +0000] "GET /item/toys/67 HTTP/1.1" 200 117 "http://www.google.com/search?ie=UTF-8&q=google&sclient=psy-ab&q=Toys&oq=Toys&aq=f&aqi=g-vL1&aql=&pbx=1&bav=on.2,or.r_gc.r_pw.r_qf.,cf.osb&biw=3846&bih=409" "Mozilla/5.0 (Windows NT 6.1; WOW64) AppleWebKit/535.11 (KHTML, like Gecko) Chrome/17.0.963.56 Safari/535.11"
212.93.61.84 - - [17/Nov/2017:12:23:30 +0000] "GET /item/books/180 HTTP/1.1" 200 126 "/item/finance/2549" "Mozilla/5.0 (Windows NT 5.1) AppleWebKit/535.11 (KHTML, like Gecko) Chrome/17.0.963.46 Safari/535.11"
196.36.158.223 - - [17/Nov/2017:12:23:35 +0000] "GET /item/health/1862 HTTP/1.1" 200 89 "/search/?c=Health" "Mozilla/5.0 (Windows NT 6.1; WOW64) AppleWebKit/535.11 (KHTML, like Gecko) Chrome/17.0.963.56 Safari/535.11"
80.198.63.143 - - [17/Nov/2017:12:23:40 +0000] "GET /category/software?from=0 HTTP/1.1" 200 40 "-" "Mozilla/4.0 (compatible; MSIE 8.0; Windows NT 6.1; WOW64; Trident/4.0; GTB7.2; SLCC2; .NET CLR 2.0.50727; .NET CLR 3.5.30729; .NET CLR 3.0.30729; Media Center PC 6.0; .NET4.0C)"
140.150.40.81 - - [17/Nov/2017:12:23:45 +0000] "GET /category/games HTTP/1.1" 200 95 "-" "Mozilla/5.0 (Windows NT 5.1) AppleWebKit/535.11 (KHTML, like Gecko) Chrome/17.0.963.46 Safari/535.11"
148.63.165.61 - - [17/Nov/2017:12:23:50 +0000] "GET /item/electronics/287 HTTP/1.1" 200 50 "/item/electronics/3224" "Mozilla/5.0 (Macintosh; Intel Mac OS X 10.6; rv:9.0.1) Gecko/20100101 Firefox/9.0.1"
44.102.75.27 - - [17/Nov/2017:12:23:55 +0000] "GET /category/software HTTP/1.1" 200 69 "-" "Mozilla/5.0 (Windows NT 6.1; WOW64) AppleWebKit/535.11 (KHTML, like Gecko) Chrome/17.0.963.56 Safari/535.11"
92.225.46.39 - - [17/Nov/2017:12:24:00 +0000] "GET /item/computers/3622 HTTP/1.1" 200 110 "/category/software" "Mozilla/5.0 (Windows NT 6.1; WOW64) AppleWebKit/535.7 (KHTML, like Gecko) Chrome/16.0.912.77 Safari/535.7"
48.57.162.127 - - [17/Nov/2017:12:24:05 +0000] "POST /search/?c=Electronics+Electronics HTTP/1.1" 200 69 "/category/health" "Mozilla/5.0 (iPad; CPU OS 5_0_1 like Mac OS X) AppleWebKit/534.46 (KHTML, like Gecko) Version/5.1 Mobile/9A405 Safari/7534.48.3"
156.123.139.120 - - [17/Nov/2017:12:24:10 +0000] "GET /item/toys/2543 HTTP/1.1" 200 73 "/category/computers" "Mozilla/5.0 (Windows NT 6.1; WOW64) AppleWebKit/535.11 (KHTML, like Gecko) Chrome/17.0.963.56 Safari/535.11"
180.69.110.215 - - [17/Nov/2017:12:24:15 +0000] "GET /category/software HTTP/1.1" 200 110 "-" "Mozilla/5.0 (Windows NT 6.0) AppleWebKit/535.11 (KHTML, like Gecko) Chrome/17.0.963.56 Safari/535.11"
40.36.205.118 - - [17/Nov/2017:12:24:20 +0000] "GET /category/giftcards HTTP/1.1" 200 49 "/category/office" "Mozilla/5.0 (compatible; MSIE 9.0; Windows NT 6.1; WOW64; Trident/5.0)"
72.219.156.125 - - [17/Nov/2017:12:24:25 +0000] "GET /category/books?from=0 HTTP/1.1" 200 103 "/category/garden" "Mozilla/5.0 (compatible; MSIE 9.0; Windows NT 6.1; WOW64; Trident/5.0)"
204.120.171.145 - - [17/Nov/2017:12:24:30 +0000] "GET /category/electronics HTTP/1.1" 200 115 "http://www.google.com/search?ie=UTF-8&q=google&sclient=psy-ab&q=Electronics+Games&oq=Electronics+Games&aq=f&aqi=g-vL1&aql=&pbx=1&bav=on.2,or.r_gc.r_pw.r_qf.,cf.osb&biw=2402&bih=239" "Mozilla/5.0 (Windows NT 6.0; rv:10.0.1) Gecko/20100101 Firefox/10.0.1"
44.159.148.20 - - [17/Nov/2017:12:24:35 +0000] "GET /category/books HTTP/1.1" 200 48 "/item/games/4604" "Mozilla/5.0 (compatible; MSIE 9.0; Windows NT 6.1; WOW64; Trident/5.0)"
80.75.100.166 - - [17/Nov/2017:12:24:40 +0000] "GET /item/sports/3851 HTTP/1.1" 200 49 "/category/software" "Mozilla/4.0 (compatible; MSIE 8.0; Windows NT 5.1; Trident/4.0; YTB720; GTB7.2; .NET CLR 1.1.4322; .NET CLR 2.0.50727; .NET CLR 3.0.4506.2152; .NET CLR 3.5.30729)"
56.117.147.155 - - [17/Nov/2017:12:24:45 +0000] "GET /item/software/2629 HTTP/1.1" 200 61 "http://www.google.com/search?ie=UTF-8&q=google&sclient=psy-ab&q=Software&oq=Software&aq=f&aqi=g-vL1&aql=&pbx=1&bav=on.2,or.r_gc.r_pw.r_qf.,cf.osb&biw=2137&bih=202" "Mozilla/4.0 (compatible; MSIE 8.0; Windows NT 6.0; WOW64; Trident/4.0; GTB6; SLCC1; .NET CLR 2.0.50727; Media Center PC 5.0; .NET CLR 3.5.30729; .NET CLR 3.0.30618; .NET4.0C)"
92.99.34.90 - - [17/Nov/2017:12:24:50 +0000] "GET /category/health HTTP/1.1" 200 82 "-" "Mozilla/5.0 (iPhone; CPU iPhone OS 5_0_1 like Mac OS X) AppleWebKit/534.46 (KHTML, like Gecko) Version/5.1 Mobile/9A405 Safari/7534.48.3"
176.117.229.92 - - [17/Nov/2017:12:24:55 +0000] "GET /category/electronics HTTP/1.1" 200 62 "http://www.google.com/search?ie=UTF-8&q=google&sclient=psy-ab&q=Electronics+Jewelry&oq=Electronics+Jewelry&aq=f&aqi=g-vL1&aql=&pbx=1&bav=on.2,or.r_gc.r_pw.r_qf.,cf.osb&biw=880&bih=426" "Mozilla/5.0 (Windows NT 6.0) AppleWebKit/535.11 (KHTML, like Gecko) Chrome/17.0.963.56 Safari/535.11"
40.180.101.220 - - [17/Nov/2017:12:25:00 +0000] "GET /category/software HTTP/1.1" 200 72 "http://www.google.com/search?ie=UTF-8&q=google&sclient=psy-ab&q=Software+Books&oq=Software+Books&aq=f&aqi=g-vL1&aql=&pbx=1&bav=on.2,or.r_gc.r_pw.r_qf.,cf.osb&biw=1068&bih=263" "Mozilla/5.0 (Windows NT 5.1) AppleWebKit/535.11 (KHTML, like Gecko) Chrome/17.0.963.46 Safari/535.11"
156.168.77.168 - - [17/Nov/2017:12:25:05 +0000] "GET /category/books HTTP/1.1" 200 41 "-" "Mozilla/5.0 (Macintosh; Intel Mac OS X 10.6; rv:9.0.1) Gecko/20100101 Firefox/9.0.1"
224.228.152.212 - - [17/Nov/2017:12:25:10 +0000] "GET /category/jewelry HTTP/1.1" 200 95 "-" "Mozilla/5.0 (Macintosh; Intel Mac OS X 10.6; rv:9.0.1) Gecko/20100101 Firefox/9.0.1"
32.105.122.34 - - [17/Nov/2017:12:25:15 +0000] "GET /category/games HTTP/1.1" 200 114 "-" "Mozilla/5.0 (compatible; MSIE 9.0; Windows NT 6.1; WOW64; Trident/5.0)"
88.120.125.141 - - [17/Nov/2017:12:25:20 +0000] "GET /category/software HTTP/1.1" 200 68 "-" "Mozilla/5.0 (Windows NT 6.0; rv:10.0.1) Gecko/20100101 Firefox/10.0.1"
156.129.86.124 - - [17/Nov/2017:12:25:25 +0000] "GET /category/software HTTP/1.1" 200 72 "-" "Mozilla/5.0 (compatible; MSIE 9.0; Windows NT 6.1; Trident/5.0)"
192.213.228.212 - - [17/Nov/2017:12:25:30 +0000] "GET /item/garden/4052 HTTP/1.1" 200 88 "http://www.google.com/search?ie=UTF-8&q=google&sclient=psy-ab&q=Garden&oq=Garden&aq=f&aqi=g-vL1&aql=&pbx=1&bav=on.2,or.r_gc.r_pw.r_qf.,cf.osb&biw=2755&bih=304" "Mozilla/5.0 (Windows NT 6.0) AppleWebKit/535.11 (KHTML, like Gecko) Chrome/17.0.963.56 Safari/535.11"
120.129.24.195 - - [17/Nov/2017:12:25:35 +0000] "GET /category/games HTTP/1.1" 200 133 "/category/sports?from=0" "Mozilla/5.0 (Windows NT 6.0; rv:10.0.1) Gecko/20100101 Firefox/10.0.1"
60.33.34.174 - - [17/Nov/2017:12:25:40 +0000] "GET /item/electronics/3574 HTTP/1.1" 200 77 "/search/?c=Electronics" "Mozilla/5.0 (Macintosh; Intel Mac OS X 10.6; rv:9.0.1) Gecko/20100101 Firefox/9.0.1"
168.108.147.195 - - [17/Nov/2017:12:25:45 +0000] "GET /category/cameras?from=20 HTTP/1.1" 200 99 "/category/software" "Mozilla/5.0 (Windows NT 6.1; WOW64) AppleWebKit/535.7 (KHTML, like Gecko) Chrome/16.0.912.77 Safari/535.7"
112.48.91.130 - - [17/Nov/2017:12:25:50 +0000] "GET /category/office HTTP/1.1" 200 85 "/search/?c=Jewelry" "Mozilla/5.0 (iPad; CPU OS 5_0_1 like Mac OS X) AppleWebKit/534.46 (KHTML, like Gecko) Version/5.1 Mobile/9A405 Safari/7534.48.3"
168.99.27.181 - - [17/Nov/2017:12:25:55 +0000] "GET /category/software HTTP/1.1" 200 131 "-" "Mozilla/5.0 (compatible; MSIE 9.0; Windows NT 6.1; Trident/5.0)"
56.222.85.33 - - [17/Nov/2017:12:26:00 +0000] "GET /item/cameras/4995 HTTP/1.1" 200 97 "/category/electronics" "Mozilla/5.0 (compatible; MSIE 9.0; Windows NT 6.1; Trident/5.0)"
148.75.141.188 - - [17/Nov/2017:12:26:05 +0000] "GET /category/books HTTP/1.1" 200 101 "/search/?c=Electronics" "Mozilla/4.0 (compatible; MSIE 8.0; Windows NT 5.1; Trident/4.0; YTB720; GTB7.2; .NET CLR 1.1.4322; .NET CLR 2.0.50727; .NET CLR 3.0.4506.2152; .NET CLR 3.5.30729)"
228.81.180.20 - - [17/Nov/2017:12:26:10 +0000] "GET /category/finance HTTP/1.1" 200 132 "-" "Mozilla/5.0 (Windows NT 6.0; rv:10.0.1) Gecko/20100101 Firefox/10.0.1"
212.174.139.73 - - [17/Nov/2017:12:26:15 +0000] "GET /category/books HTTP/1.1" 200 83 "/category/electronics" "Mozilla/4.0 (compatible; MSIE 8.0; Windows NT 5.1; Trident/4.0; BTRS122159; GTB7.2; .NET CLR 1.1.4322; .NET CLR 2.0.50727; .NET CLR 3.0.04506.30; .NET CLR 3.0.4506.2152; .NET CLR 3.5.30729; BRI/2)"
176.186.192.119 - - [17/Nov/2017:12:26:20 +0000] "GET /category/music HTTP/1.1" 200 92 "http://www.google.com/search?ie=UTF-8&q=google&sclient=psy-ab&q=Music&oq=Music&aq=f&aqi=g-vL1&aql=&pbx=1&bav=on.2,or.r_gc.r_pw.r_qf.,cf.osb&biw=61&bih=415" "Mozilla/5.0 (compatible; Googlebot/2.1; +http://www.google.com/bot.html)"
32.69.59.79 - - [17/Nov/2017:12:26:25 +0000] "GET /category/office HTTP/1.1" 200 43 "-" "Mozilla/5.0 (Macintosh; Intel Mac OS X 10.6; rv:9.0.1) Gecko/20100101 Firefox/9.0.1"
96.135.141.175 - - [17/Nov/2017:12:26:30 +0000] "GET /item/books/939 HTTP/1.1" 200 48 "/category/electronics" "Mozilla/5.0 (compatible; MSIE 9.0; Windows NT 6.1; Trident/5.0)"
224.87.180.175 - - [17/Nov/2017:12:26:35 +0000] "GET /category/software HTTP/1.1" 200 131 "-" "Mozilla/5.0 (Windows NT 6.0) AppleWebKit/535.11 (KHTML, like Gecko) Chrome/17.0.963.56 Safari/535.11"
212.174.138.139 - - [17/Nov/2017:12:26:40 +0000] "GET /item/books/3487 HTTP/1.1" 200 92 "/category/electronics?from=0" "Mozilla/5.0 (Macintosh; Intel Mac OS X 10.6; rv:9.0.1) Gecko/20100101 Firefox/9.0.1"
192.51.157.22 - - [17/Nov/2017:12:26:45 +0000] "GET /item/games/3491 HTTP/1.1" 200 100 "/category/games?from=0" "Mozilla/5.0 (Windows NT 6.1; WOW64) AppleWebKit/535.11 (KHTML, like Gecko) Chrome/17.0.963.56 Safari/535.11"
76.225.209.116 - - [17/Nov/2017:12:26:50 +0000] "GET /category/electronics HTTP/1.1" 200 78 "/item/books/3487" "Mozilla/5.0 (Windows NT 6.1; WOW64) AppleWebKit/535.11 (KHTML, like Gecko) Chrome/17.0.963.56 Safari/535.11"
224.129.127.102 - - [17/Nov/2017:12:26:55 +0000] "GET /category/sports HTTP/1.1" 200 137 "/search/?c=Computers+Jewelry" "Mozilla/5.0 (Windows NT 6.1; WOW64) AppleWebKit/535.7 (KHTML, like Gecko) Chrome/16.0.912.77 Safari/535.7"
60.177.133.24 - - [17/Nov/2017:12:27:00 +0000] "POST /search/?c=Games HTTP/1.1" 200 42 "-" "Mozilla/5.0 (Windows NT 6.1; WOW64) AppleWebKit/535.11 (KHTML, like Gecko) Chrome/17.0.963.56 Safari/535.11"
124.222.42.225 - - [17/Nov/2017:12:27:05 +0000] "GET /category/books HTTP/1.1" 200 40 "/category/books" "Mozilla/5.0 (compatible; MSIE 9.0; Windows NT 6.1; Trident/5.0)"
152.45.113.47 - - [17/Nov/2017:12:27:10 +0000] "GET /category/electronics HTTP/1.1" 200 128 "/category/software" "Mozilla/5.0 (Windows NT 6.0; rv:10.0.1) Gecko/20100101 Firefox/10.0.1"
120.63.173.157 - - [17/Nov/2017:12:27:15 +0000] "GET /item/books/3588 HTTP/1.1" 200 117 "/search/?c=Books" "Mozilla/5.0 (Windows NT 6.0) AppleWebKit/535.11 (KHTML, like Gecko) Chrome/17.0.963.56 Safari/535.11"
76.138.226.38 - - [17/Nov/2017:12:27:20 +0000] "GET /category/electronics?from=10 HTTP/1.1" 200 88 "/category/networking" "Mozilla/5.0 (Windows NT 6.0; rv:10.0.1) Gecko/20100101 Firefox/10.0.1"
128.90.218.42 - - [17/Nov/2017:12:27:25 +0000] "GET /item/books/3977 HTTP/1.1" 200 56 "-" "Mozilla/5.0 (compatible; Googlebot/2.1; +http://www.google.com/bot.html)"
80.120.169.42 - - [17/Nov/2017:12:27:30 +0000] "GET /category/jewelry HTTP/1.1" 200 102 "/item/office/2855" "Mozilla/5.0 (Windows NT 6.1; WOW64; rv:10.0.1) Gecko/20100101 Firefox/10.0.1"
148.21.130.45 - - [17/Nov/2017:12:27:35 +0000] "GET /category/games?from=0 HTTP/1.1" 200 124 "/category/games" "Mozilla/4.0 (compatible; MSIE 8.0; Windows NT 5.1; Trident/4.0; BTRS122159; GTB7.2; .NET CLR 1.1.4322; .NET CLR 2.0.50727; .NET CLR 3.0.04506.30; .NET CLR 3.0.4506.2152; .NET CLR 3.5.30729; BRI/2)"
228.162.165.103 - - [17/Nov/2017:12:27:40 +0000] "GET /category/games HTTP/1.1" 200 99 "-" "Mozilla/5.0 (Windows NT 6.1; WOW64) AppleWebKit/535.11 (KHTML, like Gecko) Chrome/17.0.963.56 Safari/535.11"
92.48.136.180 - - [17/Nov/2017:12:27:45 +0000] "POST /search/?c=Electronics HTTP/1.1" 200 99 "/item/electronics/1" "Mozilla/5.0 (Windows NT 6.1; WOW64) AppleWebKit/535.11 (KHTML, like Gecko) Chrome/17.0.963.56 Safari/535.11"
188.66.87.61 - - [17/Nov/2017:12:27:50 +0000] "GET /item/finance/4688 HTTP/1.1" 200 96 "-" "Mozilla/5.0 (Windows NT 6.1; WOW64; rv:10.0.1) Gecko/20100101 Firefox/10.0.1"
84.117.161.61 - - [17/Nov/2017:12:27:55 +0000] "GET /category/cameras HTTP/1.1" 200 66 "-" "Mozilla/5.0 (Windows NT 6.1; WOW64) AppleWebKit/535.7 (KHTML, like Gecko) Chrome/16.0.912.77 Safari/535.7"
104.24.39.126 - - [17/Nov/2017:12:28:00 +0000] "GET /category/toys HTTP/1.1" 200 93 "-" "Mozilla/5.0 (Windows NT 6.0) AppleWebKit/535.11 (KHTML, like Gecko) Chrome/17.0.963.56 Safari/535.11"
20.165.89.171 - - [17/Nov/2017:12:28:05 +0000] "GET /item/office/1686 HTTP/1.1" 200 126 "/search/?c=Office" "Mozilla/5.0 (Windows NT 6.1; WOW64) AppleWebKit/535.11 (KHTML, like Gecko) Chrome/17.0.963.56 Safari/535.11"
104.216.208.39 - - [17/Nov/2017:12:28:10 +0000] "GET /category/software?from=0 HTTP/1.1" 200 77 "/item/software/1950" "Mozilla/5.0 (Macintosh; Intel Mac OS X 10.6; rv:9.0.1) Gecko/20100101 Firefox/9.0.1"
140.36.89.127 - - [17/Nov/2017:12:28:15 +0000] "GET /item/garden/4804 HTTP/1.1" 200 82 "-" "Mozilla/5.0 (Windows NT 6.1; WOW64; rv:10.0.1) Gecko/20100101 Firefox/10.0.1"
152.213.199.56 - - [17/Nov/2017:12:28:20 +0000] "GET /item/office/4792 HTTP/1.1" 200 56 "/search/?c=Garden" "Mozilla/5.0 (compatible; MSIE 9.0; Windows NT 6.1; Trident/5.0)"
64.219.70.102 - - [17/Nov/2017:12:28:25 +0000] "GET /item/jewelry/2593 HTTP/1.1" 200 118 "/category/jewelry" "Mozilla/5.0 (Macintosh; Intel Mac OS X 10.6; rv:9.0.1) Gecko/20100101 Firefox/9.0.1"
60.54.88.65 - - [17/Nov/2017:12:28:30 +0000] "GET /category/games HTTP/1.1" 200 116 "-" "Mozilla/5.0 (compatible; MSIE 9.0; Windows NT 6.1; Trident/5.0)"
60.54.78.101 - - [17/Nov/2017:12:28:35 +0000] "GET /category/networking HTTP/1.1" 200 82 "-" "Mozilla/5.0 (Windows NT 6.1; WOW64) AppleWebKit/535.7 (KHTML, like Gecko) Chrome/16.0.912.77 Safari/535.7"
224.153.72.151 - - [17/Nov/2017:12:28:40 +0000] "GET /category/electronics HTTP/1.1" 200 128 "-" "Mozilla/5.0 (compatible; MSIE 9.0; Windows NT 6.1; WOW64; Trident/5.0)"
176.186.192.119 - - [17/Nov/2017:12:28:45 +0000] "POST /search/?c=Electronics+Software HTTP/1.1" 200 77 "-" "Mozilla/5.0 (iPhone; CPU iPhone OS 5_0_1 like Mac OS X) AppleWebKit/534.46 (KHTML, like Gecko) Version/5.1 Mobile/9A405 Safari/7534.48.3"
180.186.35.139 - - [17/Nov/2017:12:28:50 +0000] "GET /category/electronics HTTP/1.1" 200 91 "-" "Mozilla/5.0 (compatible; Googlebot/2.1; +http://www.google.com/bot.html)"
124.105.200.100 - - [17/Nov/2017:12:28:55 +0000] "GET /item/electronics/2670 HTTP/1.1" 200 51 "/category/cameras" "Mozilla/5.0 (compatible; Googlebot/2.1; +http://www.google.com/bot.html)"
20.60.125.37 - - [17/Nov/2017:12:29:00 +0000] "GET /category/giftcards?from=0 HTTP/1.1" 200 81 "/category/finance" "Mozilla/5.0 (compatible; Googlebot/2.1; +http://www.google.com/bot.html)"
112.159.38.190 - - [17/Nov/2017:12:29:05 +0000] "GET /category/software HTTP/1.1" 200 119 "-" "Mozilla/5.0 (Windows NT 6.1; WOW64; rv:10.0.1) Gecko/20100101 Firefox/10.0.1"
128.177.137.56 - - [17/Nov/2017:12:29:10 +0000] "GET /category/software HTTP/1.1" 200 105 "-" "Mozilla/5.0 (Windows NT 6.1; WOW64; rv:10.0.1) Gecko/20100101 Firefox/10.0.1"
48.54.186.185 - - [17/Nov/2017:12:29:15 +0000] "GET /item/electronics/2104 HTTP/1.1" 200 59 "/search/?c=Electronics" "Mozilla/5.0 (Windows NT 6.0; rv:10.0.1) Gecko/20100101 Firefox/10.0.1"
212.210.55.128 - - [17/Nov/2017:12:29:20 +0000] "GET /category/books?from=20 HTTP/1.1" 200 88 "/category/electronics" "Mozilla/5.0 (compatible; MSIE 9.0; Windows NT 6.1; Trident/5.0)"
164.78.138.100 - - [17/Nov/2017:12:29:25 +0000] "GET /category/computers HTTP/1.1" 200 45 "-" "Mozilla/5.0 (Macintosh; Intel Mac OS X 10.6; rv:9.0.1) Gecko/20100101 Firefox/9.0.1"
192.54.212.194 - - [17/Nov/2017:12:29:30 +0000] "GET /item/finance/4175 HTTP/1.1" 200 42 "/item/jewelry/2593" "Mozilla/4.0 (compatible; MSIE 8.0; Windows NT 6.0; WOW64; Trident/4.0; GTB6; SLCC1; .NET CLR 2.0.50727; Media Center PC 5.0; .NET CLR 3.5.30729; .NET CLR 3.0.30618; .NET4.0C)"
88.51.112.169 - - [17/Nov/2017:12:29:35 +0000] "GET /item/giftcards/1901 HTTP/1.1" 200 63 "/search/?c=Giftcards+Games" "Mozilla/5.0 (Windows NT 6.0; rv:10.0.1) Gecko/20100101 Firefox/10.0.1"
32.78.86.157 - - [17/Nov/2017:12:29:40 +0000] "GET /item/sports/1884 HTTP/1.1" 200 105 "/item/electronics/4947" "Mozilla/4.0 (compatible; MSIE 8.0; Windows NT 6.1; WOW64; Trident/4.0; YTB730; GTB7.2; SLCC2; .NET CLR 2.0.50727; .NET CLR 3.5.30729; .NET CLR 3.0.30729; .NET4.0C; .NET4.0E; Media Center PC 6.0)"
192.90.171.212 - - [17/Nov/2017:12:29:45 +0000] "POST /search/?c=Computers+Electronics HTTP/1.1" 200 44 "/category/electronics" "Mozilla/5.0 (compatible; Googlebot/2.1; +http://www.google.com/bot.html)"
176.171.208.90 - - [17/Nov/2017:12:29:50 +0000] "GET /category/electronics HTTP/1.1" 200 51 "-" "Mozilla/5.0 (Windows NT 6.0; rv:10.0.1) Gecko/20100101 Firefox/10.0.1"
212.219.108.195 - - [17/Nov/2017:12:29:55 +0000] "GET /category/health HTTP/1.1" 200 133 "/category/games" "Mozilla/4.0 (compatible; MSIE 8.0; Windows NT 5.1; Trident/4.0; BTRS122159; GTB7.2; .NET CLR 1.1.4322; .NET CLR 2.0.50727; .NET CLR 3.0.04506.30; .NET CLR 3.0.4506.2152; .NET CLR 3.5.30729; BRI/2)"
148.141.150.198 - - [17/Nov/2017:12:30:00 +0000] "GET /item/electronics/2805 HTTP/1.1" 200 55 "/category/cameras" "Mozilla/4.0 (compatible; MSIE 8.0; Windows NT 6.1; WOW64; Trident/4.0; YTB730; GTB7.2; EasyBits GO v1.0; SLCC2; .NET CLR 2.0.50727; .NET CLR 3.5.30729; .NET CLR 3.0.30729; Media Center PC 6.0; .NET4.0C)"
124.87.214.172 - - [17/Nov/2017:12:30:05 +0000] "GET /item/cameras/3741 HTTP/1.1" 200 90 "-" "Mozilla/5.0 (Windows NT 6.1; WOW64) AppleWebKit/535.11 (KHTML, like Gecko) Chrome/17.0.963.56 Safari/535.11"
48.219.110.88 - - [17/Nov/2017:12:30:10 +0000] "GET /item/sports/3851 HTTP/1.1" 200 49 "-" "Mozilla/4.0 (compatible; MSIE 8.0; Windows NT 6.1; WOW64; Trident/4.0; GTB7.2; SLCC2; .NET CLR 2.0.50727; .NET CLR 3.5.30729; .NET CLR 3.0.30729; Media Center PC 6.0; .NET4.0C)"
20.93.216.37 - - [17/Nov/2017:12:30:15 +0000] "GET /item/electronics/3983 HTTP/1.1" 200 47 "-" "Mozilla/5.0 (Windows NT 6.1; WOW64) AppleWebKit/535.11 (KHTML, like Gecko) Chrome/17.0.963.56 Safari/535.11"
100.93.108.122 - - [17/Nov/2017:12:30:20 +0000] "GET /item/books/4942 HTTP/1.1" 200 76 "/category/cameras?from=10" "Mozilla/5.0 (Windows NT 6.1; WOW64; rv:10.0.1) Gecko/20100101 Firefox/10.0.1"
124.99.44.123 - - [17/Nov/2017:12:30:25 +0000] "GET /item/garden/4271 HTTP/1.1" 200 127 "/category/toys" "Mozilla/5.0 (Windows NT 6.1; WOW64) AppleWebKit/535.7 (KHTML, like Gecko) Chrome/16.0.912.77 Safari/535.7"
104.210.132.59 - - [17/Nov/2017:12:30:30 +0000] "GET /item/garden/348 HTTP/1.1" 200 50 "/search/?c=Garden+Software" "Mozilla/5.0 (Windows NT 5.1) AppleWebKit/535.11 (KHTML, like Gecko) Chrome/17.0.963.46 Safari/535.11"
20.153.84.177 - - [17/Nov/2017:12:30:35 +0000] "GET /category/books HTTP/1.1" 200 139 "-" "Mozilla/5.0 (Windows NT 6.1; WOW64) AppleWebKit/535.7 (KHTML, like Gecko) Chrome/16.0.912.77 Safari/535.7"
136.126.144.37 - - [17/Nov/2017:12:30:40 +0000] "GET /category/electronics HTTP/1.1" 200 62 "/category/giftcards" "Mozilla/5.0 (compatible; MSIE 9.0; Windows NT 6.1; WOW64; Trident/5.0)"
132.132.109.164 - - [17/Nov/2017:12:30:45 +0000] "GET /category/software?from=0 HTTP/1.1" 200 137 "-" "Mozilla/5.0 (Windows NT 6.1; WOW64; rv:10.0.1) Gecko/20100101 Firefox/10.0.1"
80.189.195.176 - - [17/Nov/2017:12:30:50 +0000] "GET /item/electronics/1216 HTTP/1.1" 200 93 "-" "Mozilla/4.0 (compatible; MSIE 8.0; Windows NT 5.1; Trident/4.0; BTRS122159; GTB7.2; .NET CLR 1.1.4322; .NET CLR 2.0.50727; .NET CLR 3.0.04506.30; .NET CLR 3.0.4506.2152; .NET CLR 3.5.30729; BRI/2)"
60.165.28.148 - - [17/Nov/2017:12:30:55 +0000] "GET /category/computers HTTP/1.1" 200 106 "-" "Mozilla/5.0 (Windows NT 6.1; WOW64; rv:10.0.1) Gecko/20100101 Firefox/10.0.1"
112.144.23.168 - - [17/Nov/2017:12:31:00 +0000] "POST /search/?c=Jewelry HTTP/1.1" 200 100 "-" "Mozilla/5.0 (Macintosh; Intel Mac OS X 10.6; rv:9.0.1) Gecko/20100101 Firefox/9.0.1"
92.57.122.229 - - [17/Nov/2017:12:31:05 +0000] "GET /item/games/3284 HTTP/1.1" 200 120 "-" "Mozilla/5.0 (compatible; MSIE 9.0; Windows NT 6.1; WOW64; Trident/5.0)"
212.96.91.36 - - [17/Nov/2017:12:31:10 +0000] "GET /category/cameras HTTP/1.1" 200 55 "/category/electronics" "Mozilla/5.0 (Windows NT 6.0; rv:10.0.1) Gecko/20100101 Firefox/10.0.1"
84.222.57.97 - - [17/Nov/2017:12:31:15 +0000] "GET /item/office/4367 HTTP/1.1" 200 64 "/category/office" "Mozilla/5.0 (Windows NT 6.0) AppleWebKit/535.11 (KHTML, like Gecko) Chrome/17.0.963.56 Safari/535.11"
80.114.224.190 - - [17/Nov/2017:12:31:20 +0000] "GET /category/books HTTP/1.1" 200 54 "-" "Mozilla/4.0 (compatible; MSIE 8.0; Windows NT 6.1; WOW64; Trident/4.0; GTB7.2; SLCC2; .NET CLR 2.0.50727; .NET CLR 3.5.30729; .NET CLR 3.0.30729; Media Center PC 6.0; .NET4.0C)"
32.222.29.160 - - [17/Nov/2017:12:31:25 +0000] "GET /item/games/1697 HTTP/1.1" 200 63 "/item/finance/2915" "Mozilla/5.0 (Macintosh; Intel Mac OS X 10.6; rv:9.0.1) Gecko/20100101 Firefox/9.0.1"
52.189.168.94 - - [17/Nov/2017:12:31:30 +0000] "GET /category/office HTTP/1.1" 200 46 "-" "Mozilla/5.0 (Windows NT 6.1; WOW64) AppleWebKit/535.7 (KHTML, like Gecko) Chrome/16.0.912.77 Safari/535.7"
196.168.130.146 - - [17/Nov/2017:12:31:35 +0000] "GET /category/music HTTP/1.1" 200 61 "-" "Mozilla/5.0 (compatible; MSIE 9.0; Windows NT 6.1; WOW64; Trident/5.0)"
180.225.227.228 - - [17/Nov/2017:12:31:40 +0000] "GET /category/jewelry HTTP/1.1" 200 77 "/item/games/3272" "Mozilla/5.0 (Windows NT 6.0) AppleWebKit/535.11 (KHTML, like Gecko) Chrome/17.0.963.56 Safari/535.11"
48.105.184.168 - - [17/Nov/2017:12:31:45 +0000] "GET /category/software HTTP/1.1" 200 137 "-" "Mozilla/5.0 (iPad; CPU OS 5_0_1 like Mac OS X) AppleWebKit/534.46 (KHTML, like Gecko) Version/5.1 Mobile/9A405 Safari/7534.48.3"
224.195.180.118 - - [17/Nov/2017:12:31:50 +0000] "GET /item/electronics/2426 HTTP/1.1" 200 91 "/category/finance" "Mozilla/5.0 (compatible; MSIE 9.0; Windows NT 6.1; WOW64; Trident/5.0)"
56.222.168.46 - - [17/Nov/2017:12:31:55 +0000] "GET /item/books/4362 HTTP/1.1" 200 42 "/category/books" "Mozilla/5.0 (Windows NT 6.1; WOW64) AppleWebKit/535.11 (KHTML, like Gecko) Chrome/17.0.963.56 Safari/535.11"
208.150.93.221 - - [17/Nov/2017:12:32:00 +0000] "GET /category/software HTTP/1.1" 200 128 "-" "Mozilla/5.0 (Windows NT 6.1; WOW64; rv:10.0.1) Gecko/20100101 Firefox/10.0.1"
64.189.132.112 - - [17/Nov/2017:12:32:05 +0000] "GET /item/garden/2971 HTTP/1.1" 200 116 "/category/software" "Mozilla/4.0 (compatible; MSIE 8.0; Windows NT 6.1; WOW64; Trident/4.0; YTB730; GTB7.2; SLCC2; .NET CLR 2.0.50727; .NET CLR 3.5.30729; .NET CLR 3.0.30729; .NET4.0C; .NET4.0E; Media Center PC 6.0)"
60.117.58.163 - - [17/Nov/2017:12:32:10 +0000] "GET /category/sports HTTP/1.1" 200 48 "/category/software" "Mozilla/4.0 (compatible; MSIE 8.0; Windows NT 6.0; WOW64; Trident/4.0; GTB6; SLCC1; .NET CLR 2.0.50727; Media Center PC 5.0; .NET CLR 3.5.30729; .NET CLR 3.0.30618; .NET4.0C)"
108.219.222.220 - - [17/Nov/2017:12:32:15 +0000] "GET /item/health/4027 HTTP/1.1" 200 58 "/category/electronics" "Mozilla/5.0 (Windows NT 6.0; rv:10.0.1) Gecko/20100101 Firefox/10.0.1"
196.225.171.61 - - [17/Nov/2017:12:32:20 +0000] "GET /item/electronics/4248 HTTP/1.1" 200 48 "-" "Mozilla/5.0 (compatible; MSIE 9.0; Windows NT 6.1; Trident/5.0)"
88.102.169.148 - - [17/Nov/2017:12:32:25 +0000] "GET /category/jewelry HTTP/1.1" 200 138 "-" "Mozilla/5.0 (Windows NT 5.1) AppleWebKit/535.11 (KHTML, like Gecko) Chrome/17.0.963.46 Safari/535.11"
224.129.127.102 - - [17/Nov/2017:12:32:30 +0000] "POST /search/?c=Games HTTP/1.1" 200 42 "/category/electronics" "Mozilla/5.0 (Windows NT 6.1; WOW64) AppleWebKit/535.7 (KHTML, like Gecko) Chrome/16.0.912.77 Safari/535.7"
136.129.115.173 - - [17/Nov/2017:12:32:35 +0000] "GET /category/electronics?from=0 HTTP/1.1" 200 71 "-" "Mozilla/5.0 (compatible; MSIE 9.0; Windows NT 6.1; Trident/5.0)"
128.159.112.128 - - [17/Nov/2017:12:32:40 +0000] "GET /category/networking HTTP/1.1" 200 119 "-" "Mozilla/5.0 (compatible; MSIE 9.0; Windows NT 6.1; Trident/5.0)"
48.63.222.76 - - [17/Nov/2017:12:32:45 +0000] "GET /item/computers/1943 HTTP/1.1" 200 77 "/search/?c=Computers" "Mozilla/4.0 (compatible; MSIE 8.0; Windows NT 6.1; WOW64; Trident/4.0; YTB730; GTB7.2; SLCC2; .NET CLR 2.0.50727; .NET CLR 3.5.30729; .NET CLR 3.0.30729; .NET4.0C; .NET4.0E; Media Center PC 6.0)"
212.141.30.226 - - [17/Nov/2017:12:32:50 +0000] "GET /item/office/4595 HTTP/1.1" 200 137 "/category/electronics" "Mozilla/5.0 (Macintosh; Intel Mac OS X 10.6; rv:9.0.1) Gecko/20100101 Firefox/9.0.1"
64.24.130.157 - - [17/Nov/2017:12:32:55 +0000] "GET /category/jewelry HTTP/1.1" 200 78 "/item/books/1869" "Mozilla/5.0 (Windows NT 6.0) AppleWebKit/535.11 (KHTML, like Gecko) Chrome/17.0.963.56 Safari/535.11"
88.195.115.100 - - [17/Nov/2017:12:33:00 +0000] "GET /item/electronics/3036 HTTP/1.1" 200 49 "http://www.google.com/search?ie=UTF-8&q=google&sclient=psy-ab&q=Electronics+Computers&oq=Electronics+Computers&aq=f&aqi=g-vL1&aql=&pbx=1&bav=on.2,or.r_gc.r_pw.r_qf.,cf.osb&biw=3544&bih=172" "Mozilla/5.0 (Windows NT 6.1; WOW64; rv:10.0.1) Gecko/20100101 Firefox/10.0.1"
216.219.89.75 - - [17/Nov/2017:12:33:05 +0000] "GET /category/software HTTP/1.1" 200 105 "/item/software/4520" "Mozilla/5.0 (compatible; MSIE 9.0; Windows NT 6.1; WOW64; Trident/5.0)"
20.60.125.37 - - [17/Nov/2017:12:33:10 +0000] "GET /category/music HTTP/1.1" 200 87 "/category/software" "Mozilla/5.0 (compatible; Googlebot/2.1; +http://www.google.com/bot.html)"
192.108.192.88 - - [17/Nov/2017:12:33:15 +0000] "GET /item/sports/13 HTTP/1.1" 200 100 "/search/?c=Sports" "Mozilla/5.0 (Macintosh; Intel Mac OS X 10.6; rv:9.0.1) Gecko/20100101 Firefox/9.0.1"
100.171.120.84 - - [17/Nov/2017:12:33:20 +0000] "GET /category/electronics HTTP/1.1" 200 63 "/search/?c=Health" "Mozilla/5.0 (compatible; MSIE 9.0; Windows NT 6.1; Trident/5.0)"
108.27.225.109 - - [17/Nov/2017:12:33:25 +0000] "GET /category/garden HTTP/1.1" 200 134 "-" "Mozilla/5.0 (compatible; MSIE 9.0; Windows NT 6.1; Trident/5.0)"
196.162.93.51 - - [17/Nov/2017:12:33:30 +0000] "GET /category/electronics?from=0 HTTP/1.1" 200 40 "/category/electronics" "Mozilla/4.0 (compatible; MSIE 8.0; Windows NT 6.0; WOW64; Trident/4.0; GTB6; SLCC1; .NET CLR 2.0.50727; Media Center PC 5.0; .NET CLR 3.5.30729; .NET CLR 3.0.30618; .NET4.0C)"
124.78.114.122 - - [17/Nov/2017:12:33:35 +0000] "GET /category/electronics HTTP/1.1" 200 112 "-" "Mozilla/4.0 (compatible; MSIE 8.0; Windows NT 6.1; WOW64; Trident/4.0; GTB7.2; SLCC2; .NET CLR 2.0.50727; .NET CLR 3.5.30729; .NET CLR 3.0.30729; Media Center PC 6.0; .NET4.0C)"
212.189.47.176 - - [17/Nov/2017:12:33:40 +0000] "GET /category/books HTTP/1.1" 200 83 "/category/books" "Mozilla/5.0 (Windows NT 6.1; WOW64) AppleWebKit/535.11 (KHTML, like Gecko) Chrome/17.0.963.56 Safari/535.11"
180.36.176.29 - - [17/Nov/2017:12:33:45 +0000] "GET /item/office/564 HTTP/1.1" 200 125 "/category/giftcards" "Mozilla/5.0 (Windows NT 6.1; WOW64; rv:10.0.1) Gecko/20100101 Firefox/10.0.1"
144.105.154.81 - - [17/Nov/2017:12:33:50 +0000] "GET /item/software/3961 HTTP/1.1" 200 86 "/category/software" "Mozilla/5.0 (Macintosh; Intel Mac OS X 10.6; rv:9.0.1) Gecko/20100101 Firefox/9.0.1"
220.105.182.218 - - [17/Nov/2017:12:33:55 +0000] "GET /item/garden/348 HTTP/1.1" 200 50 "/category/garden" "Mozilla/5.0 (compatible; MSIE 9.0; Windows NT 6.1; WOW64; Trident/5.0)"
100.168.223.44 - - [17/Nov/2017:12:34:00 +0000] "GET /category/games?from=0 HTTP/1.1" 200 124 "/category/electronics" "Mozilla/4.0 (compatible; MSIE 8.0; Windows NT 5.1; Trident/4.0; YTB720; GTB7.2; .NET CLR 1.1.4322; .NET CLR 2.0.50727; .NET CLR 3.0.4506.2152; .NET CLR 3.5.30729)"
224.27.47.136 - - [17/Nov/2017:12:34:05 +0000] "GET /item/games/3868 HTTP/1.1" 200 98 "-" "Mozilla/5.0 (iPhone; CPU iPhone OS 5_0_1 like Mac OS X) AppleWebKit/534.46 (KHTML, like Gecko) Version/5.1 Mobile/9A405 Safari/7534.48.3"
164.63.56.171 - - [17/Nov/2017:12:34:10 +0000] "GET /category/finance HTTP/1.1" 200 68 "/category/computers" "Mozilla/4.0 (compatible; MSIE 8.0; Windows NT 5.1; Trident/4.0; YTB720; GTB7.2; .NET CLR 1.1.4322; .NET CLR 2.0.50727; .NET CLR 3.0.4506.2152; .NET CLR 3.5.30729)"
168.108.147.195 - - [17/Nov/2017:12:34:15 +0000] "GET /item/giftcards/3622 HTTP/1.1" 200 59 "/category/computers" "Mozilla/5.0 (Windows NT 6.1; WOW64) AppleWebKit/535.7 (KHTML, like Gecko) Chrome/16.0.912.77 Safari/535.7"
144.129.128.24 - - [17/Nov/2017:12:34:20 +0000] "GET /category/cameras?from=20 HTTP/1.1" 200 99 "/category/software?from=10" "Mozilla/5.0 (Windows NT 6.1; WOW64; rv:10.0.1) Gecko/20100101 Firefox/10.0.1"
212.219.212.37 - - [17/Nov/2017:12:34:25 +0000] "GET /item/electronics/1344 HTTP/1.1" 200 61 "/item/games/2746" "Mozilla/5.0 (Windows NT 6.0) AppleWebKit/535.11 (KHTML, like Gecko) Chrome/17.0.963.56 Safari/535.11"
76.153.22.87 - - [17/Nov/2017:12:34:30 +0000] "GET /category/electronics?from=20 HTTP/1.1" 200 52 "/search/?c=Books+Electronics" "Mozilla/4.0 (compatible; MSIE 8.0; Windows NT 6.1; WOW64; Trident/4.0; YTB730; GTB7.2; SLCC2; .NET CLR 2.0.50727; .NET CLR 3.5.30729; .NET CLR 3.0.30729; .NET4.0C; .NET4.0E; Media Center PC 6.0)"
132.183.166.198 - - [17/Nov/2017:12:34:35 +0000] "GET /item/office/2904 HTTP/1.1" 200 59 "/category/office" "Mozilla/5.0 (Windows NT 6.0; rv:10.0.1) Gecko/20100101 Firefox/10.0.1"
160.183.132.213 - - [17/Nov/2017:12:34:40 +0000] "POST /search/?c=Books+Giftcards HTTP/1.1" 200 69 "/category/electronics" "Mozilla/4.0 (compatible; MSIE 8.0; Windows NT 6.1; Trident/4.0; YTB730; SLCC2; .NET CLR 2.0.50727; .NET CLR 3.5.30729; .NET CLR 3.0.30729; Media Center PC 6.0; .NET4.0C)"
184.162.181.93 - - [17/Nov/2017:12:34:45 +0000] "GET /category/software HTTP/1.1" 200 70 "-" "Mozilla/5.0 (Windows NT 5.1) AppleWebKit/535.11 (KHTML, like Gecko) Chrome/17.0.963.46 Safari/535.11"
160.177.125.192 - - [17/Nov/2017:12:34:50 +0000] "GET /category/software HTTP/1.1" 200 116 "/search/?c=Books" "Mozilla/5.0 (Windows NT 6.0; rv:10.0.1) Gecko/20100101 Firefox/10.0.1"
68.195.70.77 - - [17/Nov/2017:12:34:55 +0000] "GET /category/office?from=0 HTTP/1.1" 200 93 "/item/books/953" "Mozilla/5.0 (Windows NT 6.0) AppleWebKit/535.11 (KHTML, like Gecko) Chrome/17.0.963.56 Safari/535.11"
72.111.113.84 - - [17/Nov/2017:12:35:00 +0000] "GET /category/electronics HTTP/1.1" 200 119 "/category/toys" "Mozilla/5.0 (iPad; CPU OS 5_0_1 like Mac OS X) AppleWebKit/534.46 (KHTML, like Gecko) Version/5.1 Mobile/9A405 Safari/7534.48.3"
36.51.160.119 - - [17/Nov/2017:12:35:05 +0000] "GET /category/electronics HTTP/1.1" 200 116 "/category/jewelry" "Mozilla/5.0 (compatible; MSIE 9.0; Windows NT 6.1; Trident/5.0)"
208.171.120.182 - - [17/Nov/2017:12:35:10 +0000] "GET /item/electronics/950 HTTP/1.1" 200 92 "-" "Mozilla/4.0 (compatible; MSIE 8.0; Windows NT 6.1; WOW64; Trident/4.0; YTB730; GTB7.2; EasyBits GO v1.0; SLCC2; .NET CLR 2.0.50727; .NET CLR 3.5.30729; .NET CLR 3.0.30729; Media Center PC 6.0; .NET4.0C)"
68.78.197.161 - - [17/Nov/2017:12:35:15 +0000] "POST /search/?c=Giftcards HTTP/1.1" 200 104 "/item/software/1046" "Mozilla/5.0 (Windows NT 6.0) AppleWebKit/535.11 (KHTML, like Gecko) Chrome/17.0.963.56 Safari/535.11"
208.150.93.221 - - [17/Nov/2017:12:35:20 +0000] "GET /category/cameras HTTP/1.1" 200 47 "/category/office" "Mozilla/5.0 (Windows NT 6.1; WOW64; rv:10.0.1) Gecko/20100101 Firefox/10.0.1"
100.42.49.57 - - [17/Nov/2017:12:35:25 +0000] "GET /category/software HTTP/1.1" 200 65 "/search/?c=Health" "Mozilla/5.0 (Windows NT 6.0; rv:10.0.1) Gecko/20100101 Firefox/10.0.1"
96.195.97.48 - - [17/Nov/2017:12:35:30 +0000] "GET /category/books HTTP/1.1" 200 109 "-" "Mozilla/5.0 (Windows NT 6.0; rv:10.0.1) Gecko/20100101 Firefox/10.0.1"
200.102.224.162 - - [17/Nov/2017:12:35:35 +0000] "GET /category/finance HTTP/1.1" 200 135 "-" "Mozilla/5.0 (compatible; MSIE 9.0; Windows NT 6.1; WOW64; Trident/5.0)"
40.174.209.108 - - [17/Nov/2017:12:35:40 +0000] "POST /search/?c=Garden+Networking HTTP/1.1" 200 130 "/item/electronics/3882" "Mozilla/5.0 (Windows NT 6.0; rv:10.0.1) Gecko/20100101 Firefox/10.0.1"
60.177.133.24 - - [17/Nov/2017:12:35:45 +0000] "GET /category/software HTTP/1.1" 200 134 "-" "Mozilla/4.0 (compatible; MSIE 8.0; Windows NT 5.1; Trident/4.0; YTB720; GTB7.2; .NET CLR 1.1.4322; .NET CLR 2.0.50727; .NET CLR 3.0.4506.2152; .NET CLR 3.5.30729)"
32.69.59.79 - - [17/Nov/2017:12:35:50 +0000] "GET /category/software HTTP/1.1" 200 77 "/category/electronics" "Mozilla/5.0 (compatible; MSIE 9.0; Windows NT 6.1; WOW64; Trident/5.0)"
112.192.110.197 - - [17/Nov/2017:12:35:55 +0000] "GET /item/office/4367 HTTP/1.1" 200 64 "-" "Mozilla/5.0 (Windows NT 6.1; WOW64; rv:10.0.1) Gecko/20100101 Firefox/10.0.1"
116.189.197.54 - - [17/Nov/2017:12:36:00 +0000] "GET /category/books HTTP/1.1" 200 41 "-" "Mozilla/4.0 (compatible; MSIE 8.0; Windows NT 6.0; WOW64; Trident/4.0; GTB6; SLCC1; .NET CLR 2.0.50727; Media Center PC 5.0; .NET CLR 3.5.30729; .NET CLR 3.0.30618; .NET4.0C)"
24.150.142.226 - - [17/Nov/2017:12:36:05 +0000] "GET /category/software HTTP/1.1" 200 105 "/category/electronics" "Mozilla/5.0 (Windows NT 6.0; rv:10.0.1) Gecko/20100101 Firefox/10.0.1"
56.198.171.175 - - [17/Nov/2017:12:36:10 +0000] "GET /item/books/757 HTTP/1.1" 200 90 "-" "Mozilla/5.0 (Windows NT 6.1; WOW64) AppleWebKit/535.11 (KHTML, like Gecko) Chrome/17.0.963.56 Safari/535.11"
52.90.30.181 - - [17/Nov/2017:12:36:15 +0000] "GET /category/books HTTP/1.1" 200 121 "/item/electronics/4512" "Mozilla/4.0 (compatible; MSIE 8.0; Windows NT 6.1; WOW64; Trident/4.0; YTB730; GTB7.2; SLCC2; .NET CLR 2.0.50727; .NET CLR 3.5.30729; .NET CLR 3.0.30729; .NET4.0C; .NET4.0E; Media Center PC 6.0)"
204.117.20.72 - - [17/Nov/2017:12:36:20 +0000] "GET /category/electronics HTTP/1.1" 200 138 "/category/music" "Mozilla/5.0 (Windows NT 6.0) AppleWebKit/535.11 (KHTML, like Gecko) Chrome/17.0.963.56 Safari/535.11"
20.45.119.184 - - [17/Nov/2017:12:36:25 +0000] "GET /category/toys HTTP/1.1" 200 120 "/category/games" "Mozilla/5.0 (Macintosh; Intel Mac OS X 10.6; rv:9.0.1) Gecko/20100101 Firefox/9.0.1"
184.99.31.112 - - [17/Nov/2017:12:36:30 +0000] "GET /item/finance/4100 HTTP/1.1" 200 84 "/category/office" "Mozilla/5.0 (Macintosh; Intel Mac OS X 10.6; rv:9.0.1) Gecko/20100101 Firefox/9.0.1"
104.165.180.220 - - [17/Nov/2017:12:36:35 +0000] "GET /item/books/590 HTTP/1.1" 200 55 "-" "Mozilla/5.0 (Macintosh; Intel Mac OS X 10.6; rv:9.0.1) Gecko/20100101 Firefox/9.0.1"
156.177.136.57 - - [17/Nov/2017:12:36:40 +0000] "GET /item/games/3032 HTTP/1.1" 200 115 "-" "Mozilla/5.0 (Macintosh; Intel Mac OS X 10.6; rv:9.0.1) Gecko/20100101 Firefox/9.0.1"
168.39.135.79 - - [17/Nov/2017:12:36:45 +0000] "GET /category/books HTTP/1.1" 200 72 "-" "Mozilla/5.0 (Windows NT 6.1; WOW64) AppleWebKit/535.7 (KHTML, like Gecko) Chrome/16.0.912.77 Safari/535.7"
144.210.145.43 - - [17/Nov/2017:12:36:50 +0000] "GET /item/sports/3881 HTTP/1.1" 200 89 "-" "Mozilla/4.0 (compatible; MSIE 8.0; Windows NT 6.1; WOW64; Trident/4.0; YTB730; GTB7.2; SLCC2; .NET CLR 2.0.50727; .NET CLR 3.5.30729; .NET CLR 3.0.30729; .NET4.0C; .NET4.0E; Media Center PC 6.0)"
36.192.196.184 - - [17/Nov/2017:12:36:55 +0000] "GET /category/health HTTP/1.1" 200 105 "/category/electronics" "Mozilla/5.0 (Windows NT 6.1; WOW64) AppleWebKit/535.7 (KHTML, like Gecko) Chrome/16.0.912.77 Safari/535.7"
80.174.167.30 - - [17/Nov/2017:12:37:00 +0000] "GET /item/cameras/4995 HTTP/1.1" 200 97 "/item/electronics/722" "Mozilla/5.0 (compatible; Googlebot/2.1; +http://www.google.com/bot.html)"
168.225.50.133 - - [17/Nov/2017:12:37:05 +0000] "GET /item/garden/4271 HTTP/1.1" 200 127 "-" "Mozilla/4.0 (compatible; MSIE 8.0; Windows NT 6.0; WOW64; Trident/4.0; GTB6; SLCC1; .NET CLR 2.0.50727; Media Center PC 5.0; .NET CLR 3.5.30729; .NET CLR 3.0.30618; .NET4.0C)"
200.225.159.107 - - [17/Nov/2017:12:37:10 +0000] "GET /category/computers?from=20 HTTP/1.1" 200 62 "-" "Mozilla/5.0 (Windows NT 6.1; WOW64; rv:10.0.1) Gecko/20100101 Firefox/10.0.1"
100.21.56.172 - - [17/Nov/2017:12:37:15 +0000] "GET /category/office HTTP/1.1" 200 120 "/item/office/2035" "Mozilla/5.0 (compatible; MSIE 9.0; Windows NT 6.1; Trident/5.0)"
60.150.49.62 - - [17/Nov/2017:12:37:20 +0000] "GET /category/software HTTP/1.1" 200 51 "/category/office" "Mozilla/4.0 (compatible; MSIE 8.0; Windows NT 5.1; Trident/4.0; YTB720; GTB7.2; .NET CLR 1.1.4322; .NET CLR 2.0.50727; .NET CLR 3.0.4506.2152; .NET CLR 3.5.30729)"
176.69.100.211 - - [17/Nov/2017:12:37:25 +0000] "GET /item/toys/1733 HTTP/1.1" 200 117 "-" "Mozilla/5.0 (Windows NT 6.1; WOW64) AppleWebKit/535.11 (KHTML, like Gecko) Chrome/17.0.963.56 Safari/535.11"
44.159.148.20 - - [17/Nov/2017:12:37:30 +0000] "GET /category/electronics HTTP/1.1" 200 97 "/category/office" "Mozilla/5.0 (Macintosh; Intel Mac OS X 10.6; rv:9.0.1) Gecko/20100101 Firefox/9.0.1"
144.222.227.44 - - [17/Nov/2017:12:37:35 +0000] "GET /item/software/155 HTTP/1.1" 200 61 "/category/software" "Mozilla/5.0 (Windows NT 6.1; WOW64) AppleWebKit/535.11 (KHTML, like Gecko) Chrome/17.0.963.56 Safari/535.11"
164.195.181.157 - - [17/Nov/2017:12:37:40 +0000] "GET /item/electronics/2868 HTTP/1.1" 200 41 "/category/books" "Mozilla/5.0 (compatible; MSIE 9.0; Windows NT 6.1; WOW64; Trident/5.0)"
208.150.171.60 - - [17/Nov/2017:12:37:45 +0000] "GET /category/health HTTP/1.1" 200 137 "-" "Mozilla/4.0 (compatible; MSIE 8.0; Windows NT 6.1; WOW64; Trident/4.0; YTB730; GTB7.2; SLCC2; .NET CLR 2.0.50727; .NET CLR 3.5.30729; .NET CLR 3.0.30729; .NET4.0C; .NET4.0E; Media Center PC 6.0)"
100.168.183.82 - - [17/Nov/2017:12:37:50 +0000] "GET /category/electronics HTTP/1.1" 200 83 "/item/garden/473" "Mozilla/5.0 (Windows NT 6.0) AppleWebKit/535.11 (KHTML, like Gecko) Chrome/17.0.963.56 Safari/535.11"
56.123.71.53 - - [17/Nov/2017:12:37:55 +0000] "GET /category/books HTTP/1.1" 200 125 "-" "Mozilla/5.0 (Macintosh; Intel Mac OS X 10.6; rv:9.0.1) Gecko/20100101 Firefox/9.0.1"
48.63.222.76 - - [17/Nov/2017:12:38:00 +0000] "GET /category/software HTTP/1.1" 200 45 "/item/sports/4528" "Mozilla/4.0 (compatible; MSIE 8.0; Windows NT 6.1; WOW64; Trident/4.0; YTB730; GTB7.2; SLCC2; .NET CLR 2.0.50727; .NET CLR 3.5.30729; .NET CLR 3.0.30729; .NET4.0C; .NET4.0E; Media Center PC 6.0)"
120.141.183.120 - - [17/Nov/2017:12:38:05 +0000] "GET /item/sports/3851 HTTP/1.1" 200 49 "/item/electronics/4642" "Mozilla/5.0 (Windows NT 6.0; rv:10.0.1) Gecko/20100101 Firefox/10.0.1"
200.144.113.93 - - [17/Nov/2017:12:38:10 +0000] "GET /category/books HTTP/1.1" 200 137 "-" "Mozilla/5.0 (Windows NT 6.0; rv:10.0.1) Gecko/20100101 Firefox/10.0.1"
192.24.229.108 - - [17/Nov/2017:12:38:15 +0000] "GET /item/networking/67 HTTP/1.1" 200 52 "/search/?c=Computers" "Mozilla/4.0 (compatible; MSIE 8.0; Windows NT 6.1; Trident/4.0; YTB730; SLCC2; .NET CLR 2.0.50727; .NET CLR 3.5.30729; .NET CLR 3.0.30729; Media Center PC 6.0; .NET4.0C)"
40.174.209.108 - - [17/Nov/2017:12:38:20 +0000] "GET /category/software HTTP/1.1" 200 70 "/item/software/2190" "Mozilla/4.0 (compatible; MSIE 8.0; Windows NT 6.1; Trident/4.0; YTB730; SLCC2; .NET CLR 2.0.50727; .NET CLR 3.5.30729; .NET CLR 3.0.30729; Media Center PC 6.0; .NET4.0C)"
104.165.180.220 - - [17/Nov/2017:12:38:25 +0000] "GET /category/books HTTP/1.1" 200 122 "/category/jewelry" "Mozilla/5.0 (Windows NT 6.1; WOW64) AppleWebKit/535.11 (KHTML, like Gecko) Chrome/17.0.963.56 Safari/535.11"
96.108.78.226 - - [17/Nov/2017:12:38:30 +0000] "GET /item/electronics/705 HTTP/1.1" 200 92 "/category/games" "Mozilla/4.0 (compatible; MSIE 8.0; Windows NT 5.1; Trident/4.0; BTRS122159; GTB7.2; .NET CLR 1.1.4322; .NET CLR 2.0.50727; .NET CLR 3.0.04506.30; .NET CLR 3.0.4506.2152; .NET CLR 3.5.30729; BRI/2)"
32.135.88.43 - - [17/Nov/2017:12:38:35 +0000] "GET /category/jewelry HTTP/1.1" 200 40 "/search/?c=Office" "Mozilla/5.0 (Windows NT 6.1; WOW64) AppleWebKit/535.11 (KHTML, like Gecko) Chrome/17.0.963.56 Safari/535.11"
212.186.23.183 - - [17/Nov/2017:12:38:40 +0000] "GET /item/electronics/1079 HTTP/1.1" 200 83 "/category/office" "Mozilla/5.0 (compatible; Googlebot/2.1; +http://www.google.com/bot.html)"
168.150.74.102 - - [17/Nov/2017:12:38:45 +0000] "GET /category/garden HTTP/1.1" 200 135 "-" "Mozilla/5.0 (Windows NT 6.0; rv:10.0.1) Gecko/20100101 Firefox/10.0.1"
96.180.146.219 - - [17/Nov/2017:12:38:50 +0000] "GET /category/office HTTP/1.1" 200 86 "-" "Mozilla/5.0 (Windows NT 6.0; rv:10.0.1) Gecko/20100101 Firefox/10.0.1"
148.84.138.22 - - [17/Nov/2017:12:38:55 +0000] "GET /category/software HTTP/1.1" 200 131 "http://www.google.com/search?ie=UTF-8&q=google&sclient=psy-ab&q=Software+Electronics&oq=Software+Electronics&aq=f&aqi=g-vL1&aql=&pbx=1&bav=on.2,or.r_gc.r_pw.r_qf.,cf.osb&biw=1983&bih=582" "Mozilla/5.0 (compatible; MSIE 9.0; Windows NT 6.1; Trident/5.0)"
116.60.150.29 - - [17/Nov/2017:12:39:00 +0000] "GET /item/electronics/1667 HTTP/1.1" 200 121 "/item/electronics/1057" "Mozilla/4.0 (compatible; MSIE 8.0; Windows NT 5.1; Trident/4.0; YTB720; GTB7.2; .NET CLR 1.1.4322; .NET CLR 2.0.50727; .NET CLR 3.0.4506.2152; .NET CLR 3.5.30729)"
20.135.151.124 - - [17/Nov/2017:12:39:05 +0000] "GET /item/jewelry/1473 HTTP/1.1" 200 48 "-" "Mozilla/5.0 (Windows NT 6.1; WOW64; rv:10.0.1) Gecko/20100101 Firefox/10.0.1"
164.210.109.27 - - [17/Nov/2017:12:39:10 +0000] "GET /category/giftcards HTTP/1.1" 200 127 "/category/software?from=0" "Mozilla/5.0 (Windows NT 6.0; rv:10.0.1) Gecko/20100101 Firefox/10.0.1"
172.201.30.205 - - [17/Nov/2017:12:39:15 +0000] "GET /category/cameras HTTP/1.1" 200 115 "/category/electronics" "Mozilla/4.0 (compatible; MSIE 8.0; Windows NT 6.1; Trident/4.0; YTB730; SLCC2; .NET CLR 2.0.50727; .NET CLR 3.5.30729; .NET CLR 3.0.30729; Media Center PC 6.0; .NET4.0C)"
84.207.145.22 - - [17/Nov/2017:12:39:20 +0000] "GET /category/music HTTP/1.1" 200 84 "-" "Mozilla/4.0 (compatible; MSIE 8.0; Windows NT 5.1; Trident/4.0; YTB720; GTB7.2; .NET CLR 1.1.4322; .NET CLR 2.0.50727; .NET CLR 3.0.4506.2152; .NET CLR 3.5.30729)"
88.141.158.50 - - [17/Nov/2017:12:39:25 +0000] "GET /category/software HTTP/1.1" 200 105 "/item/games/3420" "Mozilla/5.0 (Macintosh; Intel Mac OS X 10.6; rv:9.0.1) Gecko/20100101 Firefox/9.0.1"
160.135.24.226 - - [17/Nov/2017:12:39:30 +0000] "GET /category/software HTTP/1.1" 200 85 "-" "Mozilla/5.0 (compatible; Googlebot/2.1; +http://www.google.com/bot.html)"
20.63.176.160 - - [17/Nov/2017:12:39:35 +0000] "GET /category/office HTTP/1.1" 200 42 "-" "Mozilla/5.0 (compatible; Googlebot/2.1; +http://www.google.com/bot.html)"
132.132.109.164 - - [17/Nov/2017:12:39:40 +0000] "GET /category/books HTTP/1.1" 200 89 "/item/computers/1158" "Mozilla/5.0 (Windows NT 6.1; WOW64) AppleWebKit/535.11 (KHTML, like Gecko) Chrome/17.0.963.56 Safari/535.11"
88.123.35.97 - - [17/Nov/2017:12:39:45 +0000] "GET /item/software/2103 HTTP/1.1" 200 73 "/item/garden/957" "Mozilla/5.0 (Windows NT 6.1; WOW64) AppleWebKit/535.11 (KHTML, like Gecko) Chrome/17.0.963.56 Safari/535.11"
152.87.80.46 - - [17/Nov/2017:12:39:50 +0000] "GET /category/games HTTP/1.1" 200 47 "http://www.google.com/search?ie=UTF-8&q=google&sclient=psy-ab&q=Games+Electronics&oq=Games+Electronics&aq=f&aqi=g-vL1&aql=&pbx=1&bav=on.2,or.r_gc.r_pw.r_qf.,cf.osb&biw=1956&bih=25" "Mozilla/5.0 (Windows NT 6.1; WOW64) AppleWebKit/535.7 (KHTML, like Gecko) Chrome/16.0.912.77 Safari/535.7"
156.90.180.107 - - [17/Nov/2017:12:39:55 +0000] "GET /item/finance/2549 HTTP/1.1" 200 114 "/category/finance" "Mozilla/5.0 (Windows NT 6.1; WOW64) AppleWebKit/535.11 (KHTML, like Gecko) Chrome/17.0.963.56 Safari/535.11"
160.177.26.162 - - [17/Nov/2017:12:40:00 +0000] "GET /item/health/1862 HTTP/1.1" 200 89 "/item/finance/4075" "Mozilla/5.0 (Windows NT 6.1; WOW64) AppleWebKit/535.11 (KHTML, like Gecko) Chrome/17.0.963.56 Safari/535.11"
136.72.86.184 - - [17/Nov/2017:12:40:05 +0000] "GET /item/electronics/1678 HTTP/1.1" 200 108 "/item/electronics/4270" "Mozilla/5.0 (Windows NT 6.0; rv:10.0.1) Gecko/20100101 Firefox/10.0.1"
176.177.94.159 - - [17/Nov/2017:12:40:10 +0000] "GET /item/electronics/663 HTTP/1.1" 404 78 "-" "Mozilla/5.0 (Windows NT 6.0) AppleWebKit/535.11 (KHTML, like Gecko) Chrome/17.0.963.56 Safari/535.11"
132.225.76.162 - - [17/Nov/2017:12:40:15 +0000] "GET /category/software HTTP/1.1" 200 114 "-" "Mozilla/5.0 (compatible; MSIE 9.0; Windows NT 6.1; Trident/5.0)"
212.96.91.36 - - [17/Nov/2017:12:40:20 +0000] "GET /item/computers/2093 HTTP/1.1" 200 91 "-" "Mozilla/5.0 (Windows NT 6.0; rv:10.0.1) Gecko/20100101 Firefox/10.0.1"
212.225.203.50 - - [17/Nov/2017:12:40:25 +0000] "GET /category/finance HTTP/1.1" 200 96 "/category/electronics" "Mozilla/5.0 (Windows NT 6.1; WOW64) AppleWebKit/535.11 (KHTML, like Gecko) Chrome/17.0.963.56 Safari/535.11"
20.117.120.97 - - [17/Nov/2017:12:40:30 +0000] "GET /item/electronics/2034 HTTP/1.1" 200 100 "http://www.google.com/search?ie=UTF-8&q=google&sclient=psy-ab&q=Electronics+Toys&oq=Electronics+Toys&aq=f&aqi=g-vL1&aql=&pbx=1&bav=on.2,or.r_gc.r_pw.r_qf.,cf.osb&biw=4028&bih=339" "Mozilla/5.0 (Windows NT 6.1; WOW64) AppleWebKit/535.11 (KHTML, like Gecko) Chrome/17.0.963.56 Safari/535.11"
168.159.154.110 - - [17/Nov/2017:12:40:35 +0000] "GET /item/networking/3831 HTTP/1.1" 200 85 "/item/giftcards/2757" "Mozilla/5.0 (Windows NT 6.0; rv:10.0.1) Gecko/20100101 Firefox/10.0.1"
220.57.136.83 - - [17/Nov/2017:12:40:40 +0000] "GET /category/electronics HTTP/1.1" 200 62 "-" "Mozilla/5.0 (Macintosh; Intel Mac OS X 10.6; rv:9.0.1) Gecko/20100101 Firefox/9.0.1"
164.87.165.83 - - [17/Nov/2017:12:40:45 +0000] "GET /item/games/110 HTTP/1.1" 200 48 "-" "Mozilla/5.0 (Windows NT 6.1; WOW64) AppleWebKit/535.7 (KHTML, like Gecko) Chrome/16.0.912.77 Safari/535.7"
156.111.173.188 - - [17/Nov/2017:12:40:50 +0000] "GET /item/sports/3881 HTTP/1.1" 200 89 "/search/?c=Sports+Music" "Mozilla/5.0 (iPad; CPU OS 5_0_1 like Mac OS X) AppleWebKit/534.46 (KHTML, like Gecko) Version/5.1 Mobile/9A405 Safari/7534.48.3"
172.186.53.43 - - [17/Nov/2017:12:40:55 +0000] "GET /category/office HTTP/1.1" 200 139 "http://www.google.com/search?ie=UTF-8&q=google&sclient=psy-ab&q=Office+Finance&oq=Office+Finance&aq=f&aqi=g-vL1&aql=&pbx=1&bav=on.2,or.r_gc.r_pw.r_qf.,cf.osb&biw=3389&bih=570" "Mozilla/5.0 (Windows NT 6.1; WOW64) AppleWebKit/535.11 (KHTML, like Gecko) Chrome/17.0.963.56 Safari/535.11"
100.81.22.31 - - [17/Nov/2017:12:41:00 +0000] "GET /category/health HTTP/1.1" 200 59 "-" "Mozilla/5.0 (iPhone; CPU iPhone OS 5_0_1 like Mac OS X) AppleWebKit/534.46 (KHTML, like Gecko) Version/5.1 Mobile/9A405 Safari/7534.48.3"
124.159.56.90 - - [17/Nov/2017:12:41:05 +0000] "GET /category/electronics HTTP/1.1" 200 61 "/item/books/757" "Mozilla/5.0 (compatible; MSIE 9.0; Windows NT 6.1; Trident/5.0)"
36.192.196.184 - - [17/Nov/2017:12:41:10 +0000] "GET /item/electronics/2795 HTTP/1.1" 200 52 "/category/electronics" "Mozilla/5.0 (Windows NT 6.0; rv:10.0.1) Gecko/20100101 Firefox/10.0.1"
152.87.67.123 - - [17/Nov/2017:12:41:15 +0000] "GET /item/office/851 HTTP/1.1" 200 129 "/category/books" "Mozilla/5.0 (Windows NT 6.0; rv:10.0.1) Gecko/20100101 Firefox/10.0.1"
48.39.50.112 - - [17/Nov/2017:12:41:20 +0000] "GET /item/electronics/3030 HTTP/1.1" 200 84 "/category/electronics" "Mozilla/5.0 (compatible; MSIE 9.0; Windows NT 6.1; Trident/5.0)"
144.216.152.78 - - [17/Nov/2017:12:41:25 +0000] "GET /category/toys HTTP/1.1" 200 77 "/item/books/180" "Mozilla/5.0 (Windows NT 6.0; rv:10.0.1) Gecko/20100101 Firefox/10.0.1"
28.105.55.188 - - [17/Nov/2017:12:41:30 +0000] "GET /category/games HTTP/1.1" 200 57 "/category/office" "Mozilla/5.0 (Windows NT 6.0; rv:10.0.1) Gecko/20100101 Firefox/10.0.1"
108.150.20.229 - - [17/Nov/2017:12:41:35 +0000] "GET /category/software HTTP/1.1" 200 116 "/item/books/335" "Mozilla/5.0 (Windows NT 6.0; rv:10.0.1) Gecko/20100101 Firefox/10.0.1"
52.39.67.99 - - [17/Nov/2017:12:41:40 +0000] "GET /category/networking HTTP/1.1" 200 74 "/item/giftcards/357" "Mozilla/5.0 (Windows NT 6.1; WOW64) AppleWebKit/535.7 (KHTML, like Gecko) Chrome/16.0.912.77 Safari/535.7"
104.54.191.185 - - [17/Nov/2017:12:41:45 +0000] "GET /category/software HTTP/1.1" 200 93 "/item/books/4619" "Mozilla/4.0 (compatible; MSIE 8.0; Windows NT 6.1; WOW64; Trident/4.0; YTB730; GTB7.2; EasyBits GO v1.0; SLCC2; .NET CLR 2.0.50727; .NET CLR 3.5.30729; .NET CLR 3.0.30729; Media Center PC 6.0; .NET4.0C)"
220.195.117.90 - - [17/Nov/2017:12:41:50 +0000] "GET /item/garden/2308 HTTP/1.1" 200 62 "/item/software/3387" "Mozilla/5.0 (Macintosh; Intel Mac OS X 10.6; rv:9.0.1) Gecko/20100101 Firefox/9.0.1"
88.222.58.180 - - [17/Nov/2017:12:41:55 +0000] "GET /category/sports HTTP/1.1" 200 49 "/category/finance" "Mozilla/5.0 (compatible; MSIE 9.0; Windows NT 6.1; Trident/5.0)"
80.21.83.68 - - [17/Nov/2017:12:42:00 +0000] "GET /item/books/335 HTTP/1.1" 200 49 "/category/books" "Mozilla/5.0 (Macintosh; Intel Mac OS X 10.6; rv:9.0.1) Gecko/20100101 Firefox/9.0.1"
216.111.41.52 - - [17/Nov/2017:12:42:05 +0000] "GET /category/toys HTTP/1.1" 200 120 "/item/books/3588" "Mozilla/4.0 (compatible; MSIE 8.0; Windows NT 5.1; Trident/4.0; BTRS122159; GTB7.2; .NET CLR 1.1.4322; .NET CLR 2.0.50727; .NET CLR 3.0.04506.30; .NET CLR 3.0.4506.2152; .NET CLR 3.5.30729; BRI/2)"
168.195.25.139 - - [17/Nov/2017:12:42:10 +0000] "POST /search/?c=Office+Office HTTP/1.1" 200 86 "/category/garden" "Mozilla/4.0 (compatible; MSIE 8.0; Windows NT 6.1; Trident/4.0; YTB730; SLCC2; .NET CLR 2.0.50727; .NET CLR 3.5.30729; .NET CLR 3.0.30729; Media Center PC 6.0; .NET4.0C)"
176.39.156.216 - - [17/Nov/2017:12:42:15 +0000] "POST /search/?c=Software+Software HTTP/1.1" 200 123 "-" "Mozilla/4.0 (compatible; MSIE 8.0; Windows NT 6.1; Trident/4.0; YTB730; SLCC2; .NET CLR 2.0.50727; .NET CLR 3.5.30729; .NET CLR 3.0.30729; Media Center PC 6.0; .NET4.0C)"
220.165.214.67 - - [17/Nov/2017:12:42:20 +0000] "GET /category/software?from=0 HTTP/1.1" 200 64 "/item/garden/1220" "Mozilla/5.0 (compatible; MSIE 9.0; Windows NT 6.1; WOW64; Trident/5.0)"
132.195.184.30 - - [17/Nov/2017:12:42:25 +0000] "GET /category/music HTTP/1.1" 200 121 "-" "Mozilla/5.0 (Macintosh; Intel Mac OS X 10.6; rv:9.0.1) Gecko/20100101 Firefox/9.0.1"
96.99.105.24 - - [17/Nov/2017:12:42:30 +0000] "GET /item/garden/1912 HTTP/1.1" 200 84 "/category/giftcards" "Mozilla/4.0 (compatible; MSIE 8.0; Windows NT 6.0; WOW64; Trident/4.0; GTB6; SLCC1; .NET CLR 2.0.50727; Media Center PC 5.0; .NET CLR 3.5.30729; .NET CLR 3.0.30618; .NET4.0C)"
152.48.198.194 - - [17/Nov/2017:12:42:35 +0000] "GET /item/office/278 HTTP/1.1" 200 108 "-" "Mozilla/5.0 (Windows NT 6.1; WOW64; rv:10.0.1) Gecko/20100101 Firefox/10.0.1"
24.138.192.196 - - [17/Nov/2017:12:42:40 +0000] "GET /item/networking/67 HTTP/1.1" 200 52 "/search/?c=Networking+Electronics" "Mozilla/5.0 (Windows NT 6.1; WOW64; rv:10.0.1) Gecko/20100101 Firefox/10.0.1"
132.132.109.164 - - [17/Nov/2017:12:42:45 +0000] "GET /category/games HTTP/1.1" 200 88 "-" "Mozilla/5.0 (Windows NT 6.1; WOW64; rv:10.0.1) Gecko/20100101 Firefox/10.0.1"
32.39.91.121 - - [17/Nov/2017:12:42:50 +0000] "GET /item/toys/2543 HTTP/1.1" 200 73 "/category/cameras" "Mozilla/5.0 (Windows NT 6.1; WOW64; rv:10.0.1) Gecko/20100101 Firefox/10.0.1"
104.207.115.95 - - [17/Nov/2017:12:42:55 +0000] "GET /item/giftcards/3166 HTTP/1.1" 200 108 "/category/networking" "Mozilla/5.0 (iPhone; CPU iPhone OS 5_0_1 like Mac OS X) AppleWebKit/534.46 (KHTML, like Gecko) Version/5.1 Mobile/9A405 Safari/7534.48.3"
128.87.206.114 - - [17/Nov/2017:12:43:00 +0000] "GET /category/finance HTTP/1.1" 200 118 "/item/garden/4029" "Mozilla/5.0 (Windows NT 6.1; WOW64; rv:10.0.1) Gecko/20100101 Firefox/10.0.1"
56.102.229.220 - - [17/Nov/2017:12:43:05 +0000] "GET /item/books/469 HTTP/1.1" 200 95 "/category/software" "Mozilla/5.0 (Macintosh; Intel Mac OS X 10.6; rv:9.0.1) Gecko/20100101 Firefox/9.0.1"
184.57.80.221 - - [17/Nov/2017:12:43:10 +0000] "POST /search/?c=Giftcards+Games HTTP/1.1" 200 116 "/category/electronics" "Mozilla/5.0 (Windows NT 6.0; rv:10.0.1) Gecko/20100101 Firefox/10.0.1"
124.108.42.189 - - [17/Nov/2017:12:43:15 +0000] "POST /search/?c=Jewelry HTTP/1.1" 200 100 "/category/electronics" "Mozilla/5.0 (compatible; MSIE 9.0; Windows NT 6.1; WOW64; Trident/5.0)"
44.198.69.129 - - [17/Nov/2017:12:43:20 +0000] "GET /category/electronics?from=10 HTTP/1.1" 200 119 "-" "Mozilla/5.0 (Windows NT 6.1; WOW64; rv:10.0.1) Gecko/20100101 Firefox/10.0.1"
84.117.161.61 - - [17/Nov/2017:12:43:25 +0000] "GET /category/electronics HTTP/1.1" 200 80 "/item/books/3757" "Mozilla/5.0 (compatible; Googlebot/2.1; +http://www.google.com/bot.html)"
208.54.69.174 - - [17/Nov/2017:12:43:30 +0000] "GET /category/computers HTTP/1.1" 200 89 "-" "Mozilla/5.0 (Windows NT 6.1; WOW64; rv:10.0.1) Gecko/20100101 Firefox/10.0.1"
116.225.31.103 - - [17/Nov/2017:12:43:35 +0000] "GET /category/electronics HTTP/1.1" 200 72 "-" "Mozilla/5.0 (Windows NT 6.0; rv:10.0.1) Gecko/20100101 Firefox/10.0.1"
192.42.201.189 - - [17/Nov/2017:12:43:40 +0000] "GET /item/games/2268 HTTP/1.1" 200 100 "/search/?c=Games+Finance" "Mozilla/5.0 (Windows NT 6.1; WOW64) AppleWebKit/535.11 (KHTML, like Gecko) Chrome/17.0.963.56 Safari/535.11"
100.192.111.52 - - [17/Nov/2017:12:43:45 +0000] "GET /category/cameras HTTP/1.1" 200 48 "/category/electronics" "Mozilla/5.0 (iPad; CPU OS 5_0_1 like Mac OS X) AppleWebKit/534.46 (KHTML, like Gecko) Version/5.1 Mobile/9A405 Safari/7534.48.3"
140.213.200.225 - - [17/Nov/2017:12:43:50 +0000] "GET /category/electronics HTTP/1.1" 200 130 "/item/networking/4421" "Mozilla/5.0 (Windows NT 6.0; rv:10.0.1) Gecko/20100101 Firefox/10.0.1"
88.216.133.209 - - [17/Nov/2017:12:43:55 +0000] "GET /item/games/3164 HTTP/1.1" 200 49 "/item/electronics/2990" "Mozilla/5.0 (Windows NT 5.1) AppleWebKit/535.11 (KHTML, like Gecko) Chrome/17.0.963.46 Safari/535.11"
144.159.198.187 - - [17/Nov/2017:12:44:00 +0000] "GET /category/software?from=0 HTTP/1.1" 200 109 "/category/software?from=20" "Mozilla/4.0 (compatible; MSIE 8.0; Windows NT 6.0; WOW64; Trident/4.0; GTB6; SLCC1; .NET CLR 2.0.50727; Media Center PC 5.0; .NET CLR 3.5.30729; .NET CLR 3.0.30618; .NET4.0C)"
176.45.198.120 - - [17/Nov/2017:12:44:05 +0000] "GET /category/electronics HTTP/1.1" 200 118 "-" "Mozilla/5.0 (Windows NT 6.1; WOW64) AppleWebKit/535.7 (KHTML, like Gecko) Chrome/16.0.912.77 Safari/535.7"
88.27.37.78 - - [17/Nov/2017:12:44:10 +0000] "GET /category/electronics HTTP/1.1" 200 78 "/item/electronics/450" "Mozilla/5.0 (Macintosh; Intel Mac OS X 10.6; rv:9.0.1) Gecko/20100101 Firefox/9.0.1"
196.168.199.146 - - [17/Nov/2017:12:44:15 +0000] "GET /item/cameras/1442 HTTP/1.1" 200 56 "/category/jewelry" "Mozilla/5.0 (Windows NT 6.0) AppleWebKit/535.11 (KHTML, like Gecko) Chrome/17.0.963.56 Safari/535.11"
80.45.35.178 - - [17/Nov/2017:12:44:20 +0000] "GET /category/electronics HTTP/1.1" 200 119 "/item/computers/1272" "Mozilla/5.0 (Windows NT 6.0) AppleWebKit/535.11 (KHTML, like Gecko) Chrome/17.0.963.56 Safari/535.11"
80.57.31.216 - - [17/Nov/2017:12:44:25 +0000] "GET /category/electronics HTTP/1.1" 200 116 "-" "Mozilla/4.0 (compatible; MSIE 8.0; Windows NT 6.1; WOW64; Trident/4.0; GTB7.2; SLCC2; .NET CLR 2.0.50727; .NET CLR 3.5.30729; .NET CLR 3.0.30729; Media Center PC 6.0; .NET4.0C)"
100.45.176.200 - - [17/Nov/2017:12:44:30 +0000] "GET /item/jewelry/2821 HTTP/1.1" 200 68 "/category/computers" "Mozilla/5.0 (Windows NT 5.1) AppleWebKit/535.11 (KHTML, like Gecko) Chrome/17.0.963.46 Safari/535.11"
180.183.221.119 - - [17/Nov/2017:12:44:35 +0000] "GET /item/software/4520 HTTP/1.1" 200 75 "/search/?c=Software+Games" "Mozilla/5.0 (compatible; Googlebot/2.1; +http://www.google.com/bot.html)"
184.144.144.34 - - [17/Nov/2017:12:44:40 +0000] "GET /item/jewelry/1164 HTTP/1.1" 200 106 "/category/networking" "Mozilla/5.0 (compatible; MSIE 9.0; Windows NT 6.1; WOW64; Trident/5.0)"
224.171.144.182 - - [17/Nov/2017:12:44:45 +0000] "POST /search/?c=Software+Electronics HTTP/1.1" 200 99 "-" "Mozilla/4.0 (compatible; MSIE 8.0; Windows NT 5.1; Trident/4.0; BTRS122159; GTB7.2; .NET CLR 1.1.4322; .NET CLR 2.0.50727; .NET CLR 3.0.04506.30; .NET CLR 3.0.4506.2152; .NET CLR 3.5.30729; BRI/2)"
100.168.223.44 - - [17/Nov/2017:12:44:50 +0000] "GET /item/books/1440 HTTP/1.1" 200 108 "/search/?c=Software" "Mozilla/4.0 (compatible; MSIE 8.0; Windows NT 5.1; Trident/4.0; BTRS122159; GTB7.2; .NET CLR 1.1.4322; .NET CLR 2.0.50727; .NET CLR 3.0.04506.30; .NET CLR 3.0.4506.2152; .NET CLR 3.5.30729; BRI/2)"
84.189.117.50 - - [17/Nov/2017:12:44:55 +0000] "POST /search/?c=Games+Giftcards HTTP/1.1" 200 78 "/category/cameras" "Mozilla/5.0 (Macintosh; Intel Mac OS X 10.6; rv:9.0.1) Gecko/20100101 Firefox/9.0.1"
140.72.172.206 - - [17/Nov/2017:12:45:00 +0000] "GET /category/software HTTP/1.1" 200 113 "http://www.google.com/search?ie=UTF-8&q=google&sclient=psy-ab&q=Software+Electronics&oq=Software+Electronics&aq=f&aqi=g-vL1&aql=&pbx=1&bav=on.2,or.r_gc.r_pw.r_qf.,cf.osb&biw=2814&bih=561" "Mozilla/5.0 (Windows NT 5.1) AppleWebKit/535.11 (KHTML, like Gecko) Chrome/17.0.963.46 Safari/535.11"
148.198.144.149 - - [17/Nov/2017:12:45:05 +0000] "GET /category/software HTTP/1.1" 200 43 "/category/health" "Mozilla/4.0 (compatible; MSIE 8.0; Windows NT 6.1; WOW64; Trident/4.0; YTB730; GTB7.2; EasyBits GO v1.0; SLCC2; .NET CLR 2.0.50727; .NET CLR 3.5.30729; .NET CLR 3.0.30729; Media Center PC 6.0; .NET4.0C)"
152.213.199.56 - - [17/Nov/2017:12:45:10 +0000] "GET /item/books/4586 HTTP/1.1" 200 130 "-" "Mozilla/5.0 (Windows NT 6.1; WOW64) AppleWebKit/535.11 (KHTML, like Gecko) Chrome/17.0.963.56 Safari/535.11"
148.75.141.188 - - [17/Nov/2017:12:45:15 +0000] "GET /category/books?from=10 HTTP/1.1" 200 89 "/item/giftcards/2263" "Mozilla/5.0 (compatible; Googlebot/2.1; +http://www.google.com/bot.html)"
36.132.162.159 - - [17/Nov/2017:12:45:20 +0000] "GET /category/games?from=20 HTTP/1.1" 200 42 "/item/giftcards/357" "Mozilla/4.0 (compatible; MSIE 8.0; Windows NT 6.1; WOW64; Trident/4.0; YTB730; GTB7.2; EasyBits GO v1.0; SLCC2; .NET CLR 2.0.50727; .NET CLR 3.5.30729; .NET CLR 3.0.30729; Media Center PC 6.0; .NET4.0C)"
112.30.36.35 - - [17/Nov/2017:12:45:25 +0000] "GET /category/electronics HTTP/1.1" 200 82 "-" "Mozilla/5.0 (compatible; MSIE 9.0; Windows NT 6.1; WOW64; Trident/5.0)"
164.78.138.100 - - [17/Nov/2017:12:45:30 +0000] "GET /category/software HTTP/1.1" 200 78 "/item/electronics/3574" "Mozilla/5.0 (Macintosh; Intel Mac OS X 10.6; rv:9.0.1) Gecko/20100101 Firefox/9.0.1"
152.216.71.152 - - [17/Nov/2017:12:45:35 +0000] "GET /item/games/4108 HTTP/1.1" 200 60 "/category/books" "Mozilla/5.0 (Windows NT 6.1; WOW64; rv:10.0.1) Gecko/20100101 Firefox/10.0.1"
144.105.154.81 - - [17/Nov/2017:12:45:40 +0000] "GET /category/games HTTP/1.1" 200 110 "/category/finance" "Mozilla/4.0 (compatible; MSIE 8.0; Windows NT 6.1; Trident/4.0; YTB730; SLCC2; .NET CLR 2.0.50727; .NET CLR 3.5.30729; .NET CLR 3.0.30729; Media Center PC 6.0; .NET4.0C)"
124.135.65.135 - - [17/Nov/2017:12:45:45 +0000] "GET /item/games/2694 HTTP/1.1" 200 90 "-" "Mozilla/4.0 (compatible; MSIE 8.0; Windows NT 5.1; Trident/4.0; YTB720; GTB7.2; .NET CLR 1.1.4322; .NET CLR 2.0.50727; .NET CLR 3.0.4506.2152; .NET CLR 3.5.30729)"
92.186.177.75 - - [17/Nov/2017:12:45:50 +0000] "GET /category/electronics HTTP/1.1" 200 50 "/item/giftcards/3622" "Mozilla/5.0 (Windows NT 6.0; rv:10.0.1) Gecko/20100101 Firefox/10.0.1"
52.132.139.46 - - [17/Nov/2017:12:45:55 +0000] "GET /category/jewelry HTTP/1.1" 200 107 "-" "Mozilla/5.0 (Windows NT 6.0; rv:10.0.1) Gecko/20100101 Firefox/10.0.1"
92.150.116.137 - - [17/Nov/2017:12:46:00 +0000] "GET /category/software HTTP/1.1" 200 118 "/item/electronics/2001" "Mozilla/5.0 (Macintosh; Intel Mac OS X 10.6; rv:9.0.1) Gecko/20100101 Firefox/9.0.1"
64.207.189.196 - - [17/Nov/2017:12:46:05 +0000] "GET /item/garden/1634 HTTP/1.1" 200 43 "-" "Mozilla/5.0 (compatible; Googlebot/2.1; +http://www.google.com/bot.html)"
76.48.201.164 - - [17/Nov/2017:12:46:10 +0000] "POST /search/?c=Software+Games HTTP/1.1" 200 97 "/search/?c=Software+Networking" "Mozilla/5.0 (Windows NT 6.1; WOW64) AppleWebKit/535.11 (KHTML, like Gecko) Chrome/17.0.963.56 Safari/535.11"
128.213.155.67 - - [17/Nov/2017:12:46:15 +0000] "GET /item/jewelry/3466 HTTP/1.1" 200 130 "/category/jewelry" "Mozilla/5.0 (Macintosh; Intel Mac OS X 10.6; rv:9.0.1) Gecko/20100101 Firefox/9.0.1"
196.24.211.196 - - [17/Nov/2017:12:46:20 +0000] "GET /category/books HTTP/1.1" 200 67 "/category/music" "Mozilla/5.0 (compatible; Googlebot/2.1; +http://www.google.com/bot.html)"
36.51.160.119 - - [17/Nov/2017:12:46:25 +0000] "GET /item/electronics/4270 HTTP/1.1" 200 118 "http://www.google.com/search?ie=UTF-8&q=google&sclient=psy-ab&q=Electronics&oq=Electronics&aq=f&aqi=g-vL1&aql=&pbx=1&bav=on.2,or.r_gc.r_pw.r_qf.,cf.osb&biw=4413&bih=46" "Mozilla/5.0 (compatible; MSIE 9.0; Windows NT 6.1; Trident/5.0)"
28.87.124.152 - - [17/Nov/2017:12:46:30 +0000] "POST /search/?c=Garden HTTP/1.1" 200 114 "-" "Mozilla/5.0 (Windows NT 6.0; rv:10.0.1) Gecko/20100101 Firefox/10.0.1"
68.192.196.217 - - [17/Nov/2017:12:46:35 +0000] "GET /category/office HTTP/1.1" 200 53 "-" "Mozilla/5.0 (compatible; MSIE 9.0; Windows NT 6.1; Trident/5.0)"
224.96.137.128 - - [17/Nov/2017:12:46:40 +0000] "GET /category/giftcards HTTP/1.1" 200 86 "/item/giftcards/2452" "Mozilla/5.0 (Windows NT 6.1; WOW64) AppleWebKit/535.7 (KHTML, like Gecko) Chrome/16.0.912.77 Safari/535.7"
196.96.50.86 - - [17/Nov/2017:12:46:45 +0000] "GET /category/electronics HTTP/1.1" 200 84 "-" "Mozilla/5.0 (Windows NT 6.0) AppleWebKit/535.11 (KHTML, like Gecko) Chrome/17.0.963.56 Safari/535.11"
92.117.108.135 - - [17/Nov/2017:12:46:50 +0000] "GET /category/software HTTP/1.1" 200 114 "/category/networking" "Mozilla/5.0 (Windows NT 6.1; WOW64; rv:10.0.1) Gecko/20100101 Firefox/10.0.1"
116.99.75.204 - - [17/Nov/2017:12:46:55 +0000] "GET /category/software HTTP/1.1" 200 104 "-" "Mozilla/5.0 (Windows NT 6.0; rv:10.0.1) Gecko/20100101 Firefox/10.0.1"
204.132.57.59 - - [17/Nov/2017:12:47:00 +0000] "GET /item/networking/67 HTTP/1.1" 200 52 "-" "Mozilla/5.0 (Windows NT 6.0) AppleWebKit/535.11 (KHTML, like Gecko) Chrome/17.0.963.56 Safari/535.11"
40.126.50.218 - - [17/Nov/2017:12:47:05 +0000] "POST /search/?c=Office HTTP/1.1" 200 131 "/category/garden" "Mozilla/5.0 (Windows NT 6.0; rv:10.0.1) Gecko/20100101 Firefox/10.0.1"
28.207.155.107 - - [17/Nov/2017:12:47:10 +0000] "GET /item/games/110 HTTP/1.1" 200 48 "/item/electronics/3545" "Mozilla/4.0 (compatible; MSIE 8.0; Windows NT 5.1; Trident/4.0; YTB720; GTB7.2; .NET CLR 1.1.4322; .NET CLR 2.0.50727; .NET CLR 3.0.4506.2152; .NET CLR 3.5.30729)"
192.198.24.209 - - [17/Nov/2017:12:47:15 +0000] "GET /category/books HTTP/1.1" 200 40 "/category/electronics" "Mozilla/5.0 (iPad; CPU OS 5_0_1 like Mac OS X) AppleWebKit/534.46 (KHTML, like Gecko) Version/5.1 Mobile/9A405 Safari/7534.48.3"
52.159.188.199 - - [17/Nov/2017:12:47:20 +0000] "GET /item/giftcards/119 HTTP/1.1" 200 93 "/item/electronics/446" "Mozilla/4.0 (compatible; MSIE 8.0; Windows NT 6.1; Trident/4.0; YTB730; SLCC2; .NET CLR 2.0.50727; .NET CLR 3.5.30729; .NET CLR 3.0.30729; Media Center PC 6.0; .NET4.0C)"
132.195.184.30 - - [17/Nov/2017:12:47:25 +0000] "GET /item/software/2434 HTTP/1.1" 200 120 "/category/electronics" "Mozilla/5.0 (Macintosh; Intel Mac OS X 10.6; rv:9.0.1) Gecko/20100101 Firefox/9.0.1"
48.123.171.122 - - [17/Nov/2017:12:47:30 +0000] "GET /category/software HTTP/1.1" 200 64 "http://www.google.com/search?ie=UTF-8&q=google&sclient=psy-ab&q=Software&oq=Software&aq=f&aqi=g-vL1&aql=&pbx=1&bav=on.2,or.r_gc.r_pw.r_qf.,cf.osb&biw=4839&bih=384" "Mozilla/4.0 (compatible; MSIE 8.0; Windows NT 6.0; WOW64; Trident/4.0; GTB6; SLCC1; .NET CLR 2.0.50727; Media Center PC 5.0; .NET CLR 3.5.30729; .NET CLR 3.0.30618; .NET4.0C)"
148.180.67.120 - - [17/Nov/2017:12:47:35 +0000] "GET /category/electronics HTTP/1.1" 200 138 "-" "Mozilla/4.0 (compatible; MSIE 8.0; Windows NT 6.1; WOW64; Trident/4.0; YTB730; GTB7.2; EasyBits GO v1.0; SLCC2; .NET CLR 2.0.50727; .NET CLR 3.5.30729; .NET CLR 3.0.30729; Media Center PC 6.0; .NET4.0C)"
68.207.95.201 - - [17/Nov/2017:12:47:40 +0000] "GET /category/electronics HTTP/1.1" 200 67 "/category/software" "Mozilla/4.0 (compatible; MSIE 8.0; Windows NT 5.1; Trident/4.0; YTB720; GTB7.2; .NET CLR 1.1.4322; .NET CLR 2.0.50727; .NET CLR 3.0.4506.2152; .NET CLR 3.5.30729)"
192.180.36.138 - - [17/Nov/2017:12:47:45 +0000] "GET /category/games HTTP/1.1" 200 111 "/item/software/2512" "Mozilla/5.0 (Macintosh; Intel Mac OS X 10.6; rv:9.0.1) Gecko/20100101 Firefox/9.0.1"
224.192.171.198 - - [17/Nov/2017:12:47:50 +0000] "GET /category/finance HTTP/1.1" 200 68 "-" "Mozilla/5.0 (iPhone; CPU iPhone OS 5_0_1 like Mac OS X) AppleWebKit/534.46 (KHTML, like Gecko) Version/5.1 Mobile/9A405 Safari/7534.48.3"
224.93.67.44 - - [17/Nov/2017:12:47:55 +0000] "GET /item/office/4792 HTTP/1.1" 200 56 "/category/networking" "Mozilla/4.0 (compatible; MSIE 8.0; Windows NT 6.1; WOW64; Trident/4.0; GTB7.2; SLCC2; .NET CLR 2.0.50727; .NET CLR 3.5.30729; .NET CLR 3.0.30729; Media Center PC 6.0; .NET4.0C)"
168.159.154.110 - - [17/Nov/2017:12:48:00 +0000] "GET /category/books?from=0 HTTP/1.1" 200 52 "/category/cameras" "Mozilla/5.0 (iPhone; CPU iPhone OS 5_0_1 like Mac OS X) AppleWebKit/534.46 (KHTML, like Gecko) Version/5.1 Mobile/9A405 Safari/7534.48.3"
100.192.111.52 - - [17/Nov/2017:12:48:05 +0000] "GET /category/networking HTTP/1.1" 200 82 "/item/toys/1733" "Mozilla/5.0 (Windows NT 6.0) AppleWebKit/535.11 (KHTML, like Gecko) Chrome/17.0.963.56 Safari/535.11"
172.51.88.88 - - [17/Nov/2017:12:48:10 +0000] "GET /category/cameras HTTP/1.1" 200 109 "-" "Mozilla/4.0 (compatible; MSIE 8.0; Windows NT 5.1; Trident/4.0; YTB720; GTB7.2; .NET CLR 1.1.4322; .NET CLR 2.0.50727; .NET CLR 3.0.4506.2152; .NET CLR 3.5.30729)"
212.174.139.73 - - [17/Nov/2017:12:48:15 +0000] "GET /category/giftcards HTTP/1.1" 200 81 "-" "Mozilla/4.0 (compatible; MSIE 8.0; Windows NT 5.1; Trident/4.0; BTRS122159; GTB7.2; .NET CLR 1.1.4322; .NET CLR 2.0.50727; .NET CLR 3.0.04506.30; .NET CLR 3.0.4506.2152; .NET CLR 3.5.30729; BRI/2)"
112.30.36.35 - - [17/Nov/2017:12:48:20 +0000] "GET /category/books HTTP/1.1" 200 74 "-" "Mozilla/5.0 (Windows NT 6.0; rv:10.0.1) Gecko/20100101 Firefox/10.0.1"
224.96.137.128 - - [17/Nov/2017:12:48:25 +0000] "GET /item/electronics/2653 HTTP/1.1" 200 139 "/item/giftcards/4231" "Mozilla/4.0 (compatible; MSIE 8.0; Windows NT 6.1; WOW64; Trident/4.0; YTB730; GTB7.2; EasyBits GO v1.0; SLCC2; .NET CLR 2.0.50727; .NET CLR 3.5.30729; .NET CLR 3.0.30729; Media Center PC 6.0; .NET4.0C)"
104.165.180.220 - - [17/Nov/2017:12:48:30 +0000] "GET /category/networking HTTP/1.1" 200 122 "-" "Mozilla/5.0 (compatible; MSIE 9.0; Windows NT 6.1; Trident/5.0)"
76.219.110.59 - - [17/Nov/2017:12:48:35 +0000] "GET /category/software?from=0 HTTP/1.1" 200 137 "/category/electronics" "Mozilla/5.0 (iPad; CPU OS 5_0_1 like Mac OS X) AppleWebKit/534.46 (KHTML, like Gecko) Version/5.1 Mobile/9A405 Safari/7534.48.3"
212.210.55.128 - - [17/Nov/2017:12:48:40 +0000] "POST /search/?c=Networking HTTP/1.1" 200 110 "/category/books?from=20" "Mozilla/5.0 (compatible; MSIE 9.0; Windows NT 6.1; Trident/5.0)"
184.156.203.71 - - [17/Nov/2017:12:48:45 +0000] "GET /item/electronics/861 HTTP/1.1" 200 85 "http://www.google.com/search?ie=UTF-8&q=google&sclient=psy-ab&q=Electronics&oq=Electronics&aq=f&aqi=g-vL1&aql=&pbx=1&bav=on.2,or.r_gc.r_pw.r_qf.,cf.osb&biw=1932&bih=525" "Mozilla/5.0 (Windows NT 6.1; WOW64) AppleWebKit/535.7 (KHTML, like Gecko) Chrome/16.0.912.77 Safari/535.7"
156.177.136.57 - - [17/Nov/2017:12:48:50 +0000] "GET /category/electronics HTTP/1.1" 200 130 "-" "Mozilla/4.0 (compatible; MSIE 8.0; Windows NT 6.0; WOW64; Trident/4.0; GTB6; SLCC1; .NET CLR 2.0.50727; Media Center PC 5.0; .NET CLR 3.5.30729; .NET CLR 3.0.30618; .NET4.0C)"
88.48.32.227 - - [17/Nov/2017:12:48:55 +0000] "GET /item/computers/4707 HTTP/1.1" 200 115 "http://www.google.com/search?ie=UTF-8&q=google&sclient=psy-ab&q=Computers&oq=Computers&aq=f&aqi=g-vL1&aql=&pbx=1&bav=on.2,or.r_gc.r_pw.r_qf.,cf.osb&biw=4655&bih=226" "Mozilla/4.0 (compatible; MSIE 8.0; Windows NT 6.1; WOW64; Trident/4.0; YTB730; GTB7.2; EasyBits GO v1.0; SLCC2; .NET CLR 2.0.50727; .NET CLR 3.5.30729; .NET CLR 3.0.30729; Media Center PC 6.0; .NET4.0C)"
68.117.130.229 - - [17/Nov/2017:12:49:00 +0000] "GET /item/games/2751 HTTP/1.1" 200 43 "-" "Mozilla/5.0 (compatible; MSIE 9.0; Windows NT 6.1; WOW64; Trident/5.0)"
208.207.38.30 - - [17/Nov/2017:12:49:05 +0000] "GET /category/finance HTTP/1.1" 200 139 "/item/software/2109" "Mozilla/4.0 (compatible; MSIE 8.0; Windows NT 6.0; WOW64; Trident/4.0; GTB6; SLCC1; .NET CLR 2.0.50727; Media Center PC 5.0; .NET CLR 3.5.30729; .NET CLR 3.0.30618; .NET4.0C)"
28.105.55.188 - - [17/Nov/2017:12:49:10 +0000] "GET /item/electronics/2805 HTTP/1.1" 200 55 "/category/office" "Mozilla/4.0 (compatible; MSIE 8.0; Windows NT 6.1; WOW64; Trident/4.0; YTB730; GTB7.2; SLCC2; .NET CLR 2.0.50727; .NET CLR 3.5.30729; .NET CLR 3.0.30729; .NET4.0C; .NET4.0E; Media Center PC 6.0)"
176.210.127.134 - - [17/Nov/2017:12:49:15 +0000] "GET /category/games HTTP/1.1" 200 58 "http://www.google.com/search?ie=UTF-8&q=google&sclient=psy-ab&q=Games+Music&oq=Games+Music&aq=f&aqi=g-vL1&aql=&pbx=1&bav=on.2,or.r_gc.r_pw.r_qf.,cf.osb&biw=2897&bih=168" "Mozilla/5.0 (Macintosh; Intel Mac OS X 10.6; rv:9.0.1) Gecko/20100101 Firefox/9.0.1"
100.42.49.57 - - [17/Nov/2017:12:49:20 +0000] "POST /search/?c=Software HTTP/1.1" 200 61 "-" "Mozilla/5.0 (Windows NT 6.0; rv:10.0.1) Gecko/20100101 Firefox/10.0.1"
212.90.155.59 - - [17/Nov/2017:12:49:25 +0000] "GET /item/software/3586 HTTP/1.1" 200 111 "/category/music" "Mozilla/5.0 (compatible; MSIE 9.0; Windows NT 6.1; WOW64; Trident/5.0)"
160.93.50.158 - - [17/Nov/2017:12:49:30 +0000] "GET /item/finance/1103 HTTP/1.1" 200 109 "http://www.google.com/search?ie=UTF-8&q=google&sclient=psy-ab&q=Finance+Electronics&oq=Finance+Electronics&aq=f&aqi=g-vL1&aql=&pbx=1&bav=on.2,or.r_gc.r_pw.r_qf.,cf.osb&biw=505&bih=554" "Mozilla/5.0 (compatible; MSIE 9.0; Windows NT 6.1; WOW64; Trident/5.0)"
220.222.196.154 - - [17/Nov/2017:12:49:35 +0000] "GET /category/health HTTP/1.1" 200 105 "-" "Mozilla/5.0 (iPhone; CPU iPhone OS 5_0_1 like Mac OS X) AppleWebKit/534.46 (KHTML, like Gecko) Version/5.1 Mobile/9A405 Safari/7534.48.3"
144.126.86.47 - - [17/Nov/2017:12:49:40 +0000] "GET /item/office/394 HTTP/1.1" 200 65 "/item/electronics/3224" "Mozilla/5.0 (Windows NT 6.1; WOW64; rv:10.0.1) Gecko/20100101 Firefox/10.0.1"
108.219.222.220 - - [17/Nov/2017:12:49:45 +0000] "GET /item/electronics/2805 HTTP/1.1" 200 55 "/category/office" "Mozilla/5.0 (Macintosh; Intel Mac OS X 10.6; rv:9.0.1) Gecko/20100101 Firefox/9.0.1"
168.216.60.85 - - [17/Nov/2017:12:49:50 +0000] "GET /category/electronics HTTP/1.1" 200 57 "-" "Mozilla/5.0 (compatible; Googlebot/2.1; +http://www.google.com/bot.html)"
144.159.198.187 - - [17/Nov/2017:12:49:55 +0000] "GET /item/electronics/3983 HTTP/1.1" 200 47 "/category/health" "Mozilla/5.0 (iPad; CPU OS 5_0_1 like Mac OS X) AppleWebKit/534.46 (KHTML, like Gecko) Version/5.1 Mobile/9A405 Safari/7534.48.3"
164.219.67.33 - - [17/Nov/2017:12:50:00 +0000] "GET /item/books/3977 HTTP/1.1" 200 56 "/category/electronics" "Mozilla/4.0 (compatible; MSIE 8.0; Windows NT 6.1; WOW64; Trident/4.0; YTB730; GTB7.2; SLCC2; .NET CLR 2.0.50727; .NET CLR 3.5.30729; .NET CLR 3.0.30729; .NET4.0C; .NET4.0E; Media Center PC 6.0)"
92.117.108.135 - - [17/Nov/2017:12:50:05 +0000] "GET /item/games/3420 HTTP/1.1" 200 120 "/search/?c=Games+Finance" "Mozilla/5.0 (Windows NT 6.1; WOW64; rv:10.0.1) Gecko/20100101 Firefox/10.0.1"
76.114.187.160 - - [17/Nov/2017:12:50:10 +0000] "GET /item/electronics/1089 HTTP/1.1" 200 54 "/category/software?from=20" "Mozilla/5.0 (compatible; MSIE 9.0; Windows NT 6.1; Trident/5.0)"
180.69.110.215 - - [17/Nov/2017:12:50:15 +0000] "GET /category/games HTTP/1.1" 200 89 "-" "Mozilla/5.0 (Windows NT 6.0) AppleWebKit/535.11 (KHTML, like Gecko) Chrome/17.0.963.56 Safari/535.11"
176.171.208.90 - - [17/Nov/2017:12:50:20 +0000] "GET /category/computers?from=0 HTTP/1.1" 200 40 "/item/giftcards/2452" "Mozilla/5.0 (iPad; CPU OS 5_0_1 like Mac OS X) AppleWebKit/534.46 (KHTML, like Gecko) Version/5.1 Mobile/9A405 Safari/7534.48.3"
20.180.93.217 - - [17/Nov/2017:12:50:25 +0000] "POST /search/?c=Toys+Toys HTTP/1.1" 200 102 "/item/electronics/4512" "Mozilla/5.0 (Windows NT 6.0) AppleWebKit/535.11 (KHTML, like Gecko) Chrome/17.0.963.56 Safari/535.11"
180.39.180.68 - - [17/Nov/2017:12:50:30 +0000] "GET /category/health?from=0 HTTP/1.1" 200 81 "-" "Mozilla/4.0 (compatible; MSIE 8.0; Windows NT 5.1; Trident/4.0; YTB720; GTB7.2; .NET CLR 1.1.4322; .NET CLR 2.0.50727; .NET CLR 3.0.4506.2152; .NET CLR 3.5.30729)"
80.57.31.216 - - [17/Nov/2017:12:50:35 +0000] "GET /category/software HTTP/1.1" 200 110 "-" "Mozilla/5.0 (compatible; Googlebot/2.1; +http://www.google.com/bot.html)"
140.216.85.20 - - [17/Nov/2017:12:50:40 +0000] "GET /category/electronics HTTP/1.1" 200 93 "http://www.google.com/search?ie=UTF-8&q=google&sclient=psy-ab&q=Electronics+Cameras&oq=Electronics+Cameras&aq=f&aqi=g-vL1&aql=&pbx=1&bav=on.2,or.r_gc.r_pw.r_qf.,cf.osb&biw=115&bih=196" "Mozilla/5.0 (Windows NT 6.1; WOW64; rv:10.0.1) Gecko/20100101 Firefox/10.0.1"
136.111.189.48 - - [17/Nov/2017:12:50:45 +0000] "GET /category/software HTTP/1.1" 200 137 "/item/jewelry/2593" "Mozilla/5.0 (Macintosh; Intel Mac OS X 10.6; rv:9.0.1) Gecko/20100101 Firefox/9.0.1"
164.210.109.27 - - [17/Nov/2017:12:50:50 +0000] "GET /item/computers/4801 HTTP/1.1" 200 128 "/category/garden" "Mozilla/5.0 (Windows NT 6.0; rv:10.0.1) Gecko/20100101 Firefox/10.0.1"
80.51.95.186 - - [17/Nov/2017:12:50:55 +0000] "GET /item/electronics/1095 HTTP/1.1" 200 106 "http://www.google.com/search?ie=UTF-8&q=google&sclient=psy-ab&q=Electronics&oq=Electronics&aq=f&aqi=g-vL1&aql=&pbx=1&bav=on.2,or.r_gc.r_pw.r_qf.,cf.osb&biw=1104&bih=332" "Mozilla/5.0 (Macintosh; Intel Mac OS X 10.6; rv:9.0.1) Gecko/20100101 Firefox/9.0.1"
132.102.43.57 - - [17/Nov/2017:12:51:00 +0000] "GET /item/electronics/1628 HTTP/1.1" 200 139 "/item/office/4792" "Mozilla/5.0 (Windows NT 6.0; rv:10.0.1) Gecko/20100101 Firefox/10.0.1"
216.30.210.172 - - [17/Nov/2017:12:51:05 +0000] "GET /category/electronics HTTP/1.1" 200 67 "-" "Mozilla/5.0 (Windows NT 6.1; WOW64; rv:10.0.1) Gecko/20100101 Firefox/10.0.1"
224.189.104.73 - - [17/Nov/2017:12:51:10 +0000] "GET /category/software HTTP/1.1" 200 56 "/category/computers" "Mozilla/4.0 (compatible; MSIE 8.0; Windows NT 5.1; Trident/4.0; YTB720; GTB7.2; .NET CLR 1.1.4322; .NET CLR 2.0.50727; .NET CLR 3.0.4506.2152; .NET CLR 3.5.30729)"
84.207.145.22 - - [17/Nov/2017:12:51:15 +0000] "GET /item/books/3101 HTTP/1.1" 200 61 "/item/networking/4174" "Mozilla/4.0 (compatible; MSIE 8.0; Windows NT 5.1; Trident/4.0; YTB720; GTB7.2; .NET CLR 1.1.4322; .NET CLR 2.0.50727; .NET CLR 3.0.4506.2152; .NET CLR 3.5.30729)"
220.30.157.208 - - [17/Nov/2017:12:51:20 +0000] "GET /category/health HTTP/1.1" 200 137 "/item/electronics/446" "Mozilla/5.0 (Windows NT 6.1; WOW64) AppleWebKit/535.11 (KHTML, like Gecko) Chrome/17.0.963.56 Safari/535.11"
140.102.40.156 - - [17/Nov/2017:12:51:25 +0000] "GET /category/games HTTP/1.1" 200 99 "-" "Mozilla/5.0 (compatible; MSIE 9.0; Windows NT 6.1; WOW64; Trident/5.0)"
160.93.50.158 - - [17/Nov/2017:12:51:30 +0000] "GET /category/office HTTP/1.1" 200 60 "-" "Mozilla/4.0 (compatible; MSIE 8.0; Windows NT 6.1; WOW64; Trident/4.0; YTB730; GTB7.2; EasyBits GO v1.0; SLCC2; .NET CLR 2.0.50727; .NET CLR 3.5.30729; .NET CLR 3.0.30729; Media Center PC 6.0; .NET4.0C)"
228.162.165.103 - - [17/Nov/2017:12:51:35 +0000] "GET /item/toys/2432 HTTP/1.1" 200 54 "/item/electronics/1344" "Mozilla/5.0 (Windows NT 6.1; WOW64; rv:10.0.1) Gecko/20100101 Firefox/10.0.1"
148.108.60.129 - - [17/Nov/2017:12:51:40 +0000] "GET /item/games/110 HTTP/1.1" 200 48 "-" "Mozilla/4.0 (compatible; MSIE 8.0; Windows NT 6.1; WOW64; Trident/4.0; YTB730; GTB7.2; EasyBits GO v1.0; SLCC2; .NET CLR 2.0.50727; .NET CLR 3.5.30729; .NET CLR 3.0.30729; Media Center PC 6.0; .NET4.0C)"
172.48.138.173 - - [17/Nov/2017:12:51:45 +0000] "GET /category/books HTTP/1.1" 200 55 "/item/garden/1060" "Mozilla/5.0 (Windows NT 6.1; WOW64) AppleWebKit/535.7 (KHTML, like Gecko) Chrome/16.0.912.77 Safari/535.7"
184.198.208.220 - - [17/Nov/2017:12:51:50 +0000] "GET /category/electronics HTTP/1.1" 200 73 "/category/sports" "Mozilla/5.0 (Windows NT 6.0; rv:10.0.1) Gecko/20100101 Firefox/10.0.1"
60.30.37.117 - - [17/Nov/2017:12:51:55 +0000] "GET /item/software/2512 HTTP/1.1" 200 112 "/item/cameras/4995" "Mozilla/5.0 (Windows NT 6.1; WOW64) AppleWebKit/535.11 (KHTML, like Gecko) Chrome/17.0.963.56 Safari/535.11"
196.168.130.146 - - [17/Nov/2017:12:52:00 +0000] "GET /category/software HTTP/1.1" 200 78 "http://www.google.com/search?ie=UTF-8&q=google&sclient=psy-ab&q=Software&oq=Software&aq=f&aqi=g-vL1&aql=&pbx=1&bav=on.2,or.r_gc.r_pw.r_qf.,cf.osb&biw=3706&bih=99" "Mozilla/5.0 (Windows NT 6.0; rv:10.0.1) Gecko/20100101 Firefox/10.0.1"
100.144.219.108 - - [17/Nov/2017:12:52:05 +0000] "GET /category/sports HTTP/1.1" 200 121 "/category/computers" "Mozilla/5.0 (Windows NT 6.1; WOW64) AppleWebKit/535.11 (KHTML, like Gecko) Chrome/17.0.963.56 Safari/535.11"
116.150.145.77 - - [17/Nov/2017:12:52:10 +0000] "GET /category/health HTTP/1.1" 200 101 "-" "Mozilla/5.0 (Windows NT 6.0) AppleWebKit/535.11 (KHTML, like Gecko) Chrome/17.0.963.56 Safari/535.11"
168.147.219.163 - - [17/Nov/2017:12:52:15 +0000] "GET /category/office HTTP/1.1" 200 79 "http://www.google.com/search?ie=UTF-8&q=google&sclient=psy-ab&q=Office+Office&oq=Office+Office&aq=f&aqi=g-vL1&aql=&pbx=1&bav=on.2,or.r_gc.r_pw.r_qf.,cf.osb&biw=704&bih=415" "Mozilla/5.0 (Windows NT 6.0) AppleWebKit/535.11 (KHTML, like Gecko) Chrome/17.0.963.56 Safari/535.11"
40.141.85.63 - - [17/Nov/2017:12:52:20 +0000] "GET /category/games HTTP/1.1" 200 98 "-" "Mozilla/5.0 (compatible; Googlebot/2.1; +http://www.google.com/bot.html)"
152.150.62.199 - - [17/Nov/2017:12:52:25 +0000] "GET /item/office/394 HTTP/1.1" 200 65 "http://www.google.com/search?ie=UTF-8&q=google&sclient=psy-ab&q=Office+Toys&oq=Office+Toys&aq=f&aqi=g-vL1&aql=&pbx=1&bav=on.2,or.r_gc.r_pw.r_qf.,cf.osb&biw=4134&bih=45" "Mozilla/5.0 (Windows NT 6.0; rv:10.0.1) Gecko/20100101 Firefox/10.0.1"
220.153.74.79 - - [17/Nov/2017:12:52:30 +0000] "GET /category/books?from=10 HTTP/1.1" 200 89 "/category/books" "Mozilla/4.0 (compatible; MSIE 8.0; Windows NT 5.1; Trident/4.0; YTB720; GTB7.2; .NET CLR 1.1.4322; .NET CLR 2.0.50727; .NET CLR 3.0.4506.2152; .NET CLR 3.5.30729)"
36.69.107.106 - - [17/Nov/2017:12:52:35 +0000] "GET /category/networking HTTP/1.1" 200 94 "/item/electronics/1433" "Mozilla/5.0 (Windows NT 6.1; WOW64; rv:10.0.1) Gecko/20100101 Firefox/10.0.1"
104.207.115.95 - - [17/Nov/2017:12:52:40 +0000] "GET /item/cameras/3741 HTTP/1.1" 200 90 "-" "Mozilla/5.0 (iPhone; CPU iPhone OS 5_0_1 like Mac OS X) AppleWebKit/534.46 (KHTML, like Gecko) Version/5.1 Mobile/9A405 Safari/7534.48.3"
224.210.40.49 - - [17/Nov/2017:12:52:45 +0000] "GET /category/jewelry HTTP/1.1" 200 76 "/category/giftcards" "Mozilla/5.0 (compatible; Googlebot/2.1; +http://www.google.com/bot.html)"
120.123.162.208 - - [17/Nov/2017:12:52:50 +0000] "GET /item/health/2887 HTTP/1.1" 200 65 "http://www.google.com/search?ie=UTF-8&q=google&sclient=psy-ab&q=Health&oq=Health&aq=f&aqi=g-vL1&aql=&pbx=1&bav=on.2,or.r_gc.r_pw.r_qf.,cf.osb&biw=4525&bih=507" "Mozilla/4.0 (compatible; MSIE 8.0; Windows NT 5.1; Trident/4.0; BTRS122159; GTB7.2; .NET CLR 1.1.4322; .NET CLR 2.0.50727; .NET CLR 3.0.04506.30; .NET CLR 3.0.4506.2152; .NET CLR 3.5.30729; BRI/2)"
92.117.27.32 - - [17/Nov/2017:12:52:55 +0000] "GET /category/games HTTP/1.1" 200 96 "/item/software/1046" "Mozilla/5.0 (Windows NT 5.1) AppleWebKit/535.11 (KHTML, like Gecko) Chrome/17.0.963.46 Safari/535.11"
200.114.202.134 - - [17/Nov/2017:12:53:00 +0000] "GET /category/networking HTTP/1.1" 200 82 "-" "Mozilla/4.0 (compatible; MSIE 8.0; Windows NT 6.0; WOW64; Trident/4.0; GTB6; SLCC1; .NET CLR 2.0.50727; Media Center PC 5.0; .NET CLR 3.5.30729; .NET CLR 3.0.30618; .NET4.0C)"
220.102.98.97 - - [17/Nov/2017:12:53:05 +0000] "POST /search/?c=Books+Giftcards HTTP/1.1" 200 69 "/category/software" "Mozilla/5.0 (Macintosh; Intel Mac OS X 10.6; rv:9.0.1) Gecko/20100101 Firefox/9.0.1"
180.150.61.142 - - [17/Nov/2017:12:53:10 +0000] "GET /item/office/4637 HTTP/1.1" 200 70 "-" "Mozilla/5.0 (compatible; MSIE 9.0; Windows NT 6.1; WOW64; Trident/5.0)"
56.123.71.53 - - [17/Nov/2017:12:53:15 +0000] "POST /search/?c=Books+Electronics HTTP/1.1" 200 79 "-" "Mozilla/5.0 (Windows NT 6.1; WOW64; rv:10.0.1) Gecko/20100101 Firefox/10.0.1"
28.129.94.208 - - [17/Nov/2017:12:53:20 +0000] "GET /category/books HTTP/1.1" 200 51 "/category/books?from=0" "Mozilla/5.0 (Windows NT 6.1; WOW64) AppleWebKit/535.11 (KHTML, like Gecko) Chrome/17.0.963.56 Safari/535.11"
176.30.78.65 - - [17/Nov/2017:12:53:25 +0000] "POST /search/?c=Software+Software HTTP/1.1" 200 114 "/category/music?from=20" "Mozilla/5.0 (compatible; MSIE 9.0; Windows NT 6.1; WOW64; Trident/5.0)"
124.159.56.90 - - [17/Nov/2017:12:53:30 +0000] "GET /category/electronics HTTP/1.1" 200 118 "-" "Mozilla/4.0 (compatible; MSIE 8.0; Windows NT 5.1; Trident/4.0; BTRS122159; GTB7.2; .NET CLR 1.1.4322; .NET CLR 2.0.50727; .NET CLR 3.0.04506.30; .NET CLR 3.0.4506.2152; .NET CLR 3.5.30729; BRI/2)"
192.102.189.187 - - [17/Nov/2017:12:53:35 +0000] "GET /category/software HTTP/1.1" 200 129 "-" "Mozilla/5.0 (Windows NT 6.0) AppleWebKit/535.11 (KHTML, like Gecko) Chrome/17.0.963.56 Safari/535.11"
172.54.104.144 - - [17/Nov/2017:12:53:40 +0000] "GET /category/books HTTP/1.1" 200 112 "/category/music" "Mozilla/4.0 (compatible; MSIE 8.0; Windows NT 6.1; WOW64; Trident/4.0; YTB730; GTB7.2; EasyBits GO v1.0; SLCC2; .NET CLR 2.0.50727; .NET CLR 3.5.30729; .NET CLR 3.0.30729; Media Center PC 6.0; .NET4.0C)"
32.213.139.23 - - [17/Nov/2017:12:53:45 +0000] "GET /category/garden HTTP/1.1" 200 111 "-" "Mozilla/4.0 (compatible; MSIE 8.0; Windows NT 6.1; WOW64; Trident/4.0; GTB7.2; SLCC2; .NET CLR 2.0.50727; .NET CLR 3.5.30729; .NET CLR 3.0.30729; Media Center PC 6.0; .NET4.0C)"
160.45.81.35 - - [17/Nov/2017:12:53:50 +0000] "GET /category/office HTTP/1.1" 200 53 "-" "Mozilla/5.0 (Windows NT 5.1) AppleWebKit/535.11 (KHTML, like Gecko) Chrome/17.0.963.46 Safari/535.11"
184.144.144.34 - - [17/Nov/2017:12:53:55 +0000] "GET /category/software HTTP/1.1" 200 81 "-" "Mozilla/5.0 (compatible; MSIE 9.0; Windows NT 6.1; Trident/5.0)"
124.78.114.122 - - [17/Nov/2017:12:54:00 +0000] "GET /item/games/4762 HTTP/1.1" 200 96 "/search/?c=Games+Networking" "Mozilla/5.0 (compatible; MSIE 9.0; Windows NT 6.1; Trident/5.0)"
32.135.88.43 - - [17/Nov/2017:12:54:05 +0000] "GET /category/finance HTTP/1.1" 200 96 "/category/jewelry" "Mozilla/5.0 (compatible; Googlebot/2.1; +http://www.google.com/bot.html)"
60.147.125.150 - - [17/Nov/2017:12:54:10 +0000] "GET /category/electronics HTTP/1.1" 200 47 "-" "Mozilla/5.0 (compatible; MSIE 9.0; Windows NT 6.1; WOW64; Trident/5.0)"
52.78.205.139 - - [17/Nov/2017:12:54:15 +0000] "GET /item/electronics/2805 HTTP/1.1" 200 55 "/category/books?from=0" "Mozilla/5.0 (Windows NT 6.1; WOW64) AppleWebKit/535.11 (KHTML, like Gecko) Chrome/17.0.963.56 Safari/535.11"
156.93.179.59 - - [17/Nov/2017:12:54:20 +0000] "POST /search/?c=Giftcards+Garden HTTP/1.1" 200 82 "-" "Mozilla/5.0 (Windows NT 6.1; WOW64; rv:10.0.1) Gecko/20100101 Firefox/10.0.1"
128.63.115.118 - - [17/Nov/2017:12:54:25 +0000] "GET /item/software/1625 HTTP/1.1" 200 82 "-" "Mozilla/5.0 (Windows NT 6.0; rv:10.0.1) Gecko/20100101 Firefox/10.0.1"
80.69.198.127 - - [17/Nov/2017:12:54:30 +0000] "GET /category/jewelry HTTP/1.1" 200 40 "-" "Mozilla/5.0 (compatible; Googlebot/2.1; +http://www.google.com/bot.html)"
44.198.69.129 - - [17/Nov/2017:12:54:35 +0000] "GET /category/software?from=0 HTTP/1.1" 200 137 "-" "Mozilla/5.0 (compatible; MSIE 9.0; Windows NT 6.1; WOW64; Trident/5.0)"
136.60.226.41 - - [17/Nov/2017:12:54:40 +0000] "GET /category/software?from=0 HTTP/1.1" 200 66 "/category/software" "Mozilla/4.0 (compatible; MSIE 8.0; Windows NT 6.1; WOW64; Trident/4.0; YTB730; GTB7.2; EasyBits GO v1.0; SLCC2; .NET CLR 2.0.50727; .NET CLR 3.5.30729; .NET CLR 3.0.30729; Media Center PC 6.0; .NET4.0C)"
176.27.158.207 - - [17/Nov/2017:12:54:45 +0000] "POST /search/?c=Garden+Networking HTTP/1.1" 200 130 "/search/?c=Sports+Giftcards" "Mozilla/4.0 (compatible; MSIE 8.0; Windows NT 5.1; Trident/4.0; BTRS122159; GTB7.2; .NET CLR 1.1.4322; .NET CLR 2.0.50727; .NET CLR 3.0.04506.30; .NET CLR 3.0.4506.2152; .NET CLR 3.5.30729; BRI/2)"
148.60.198.141 - - [17/Nov/2017:12:54:50 +0000] "GET /category/books HTTP/1.1" 200 126 "/category/electronics?from=20" "Mozilla/5.0 (Windows NT 6.0) AppleWebKit/535.11 (KHTML, like Gecko) Chrome/17.0.963.56 Safari/535.11"
112.192.110.197 - - [17/Nov/2017:12:54:55 +0000] "GET /category/books HTTP/1.1" 200 121 "/item/books/4362" "Mozilla/5.0 (Windows NT 6.1; WOW64; rv:10.0.1) Gecko/20100101 Firefox/10.0.1"
112.219.145.202 - - [17/Nov/2017:12:55:00 +0000] "GET /category/electronics HTTP/1.1" 200 50 "-" "Mozilla/5.0 (Windows NT 6.0) AppleWebKit/535.11 (KHTML, like Gecko) Chrome/17.0.963.56 Safari/535.11"
76.177.95.159 - - [17/Nov/2017:12:55:05 +0000] "GET /item/electronics/1466 HTTP/1.1" 200 67 "-" "Mozilla/5.0 (Windows NT 6.0; rv:10.0.1) Gecko/20100101 Firefox/10.0.1"
64.156.78.228 - - [17/Nov/2017:12:55:10 +0000] "GET /category/software HTTP/1.1" 200 48 "/category/sports" "Mozilla/5.0 (compatible; Googlebot/2.1; +http://www.google.com/bot.html)"
60.123.150.225 - - [17/Nov/2017:12:55:15 +0000] "POST /search/?c=Cameras HTTP/1.1" 200 132 "/category/software" "Mozilla/5.0 (Windows NT 6.1; WOW64) AppleWebKit/535.11 (KHTML, like Gecko) Chrome/17.0.963.56 Safari/535.11"
24.216.171.77 - - [17/Nov/2017:12:55:20 +0000] "GET /item/electronics/2699 HTTP/1.1" 200 124 "/category/music" "Mozilla/5.0 (Windows NT 6.1; WOW64; rv:10.0.1) Gecko/20100101 Firefox/10.0.1"
44.102.75.27 - - [17/Nov/2017:12:55:25 +0000] "GET /item/sports/1884 HTTP/1.1" 200 105 "/search/?c=Sports+Music" "Mozilla/5.0 (compatible; Googlebot/2.1; +http://www.google.com/bot.html)"
88.57.117.104 - - [17/Nov/2017:12:55:30 +0000] "GET /category/games HTTP/1.1" 200 47 "/item/music/1695" "Mozilla/5.0 (Macintosh; Intel Mac OS X 10.6; rv:9.0.1) Gecko/20100101 Firefox/9.0.1"
28.111.188.194 - - [17/Nov/2017:12:55:35 +0000] "GET /category/software HTTP/1.1" 200 49 "-" "Mozilla/4.0 (compatible; MSIE 8.0; Windows NT 6.1; WOW64; Trident/4.0; GTB7.2; SLCC2; .NET CLR 2.0.50727; .NET CLR 3.5.30729; .NET CLR 3.0.30729; Media Center PC 6.0; .NET4.0C)"
56.24.57.163 - - [17/Nov/2017:12:55:40 +0000] "GET /item/cameras/2523 HTTP/1.1" 200 66 "-" "Mozilla/5.0 (Windows NT 6.0) AppleWebKit/535.11 (KHTML, like Gecko) Chrome/17.0.963.56 Safari/535.11"
192.228.50.109 - - [17/Nov/2017:12:55:45 +0000] "GET /category/office HTTP/1.1" 200 117 "-" "Mozilla/5.0 (Windows NT 6.0; rv:10.0.1) Gecko/20100101 Firefox/10.0.1"
176.177.74.90 - - [17/Nov/2017:12:55:50 +0000] "GET /category/software HTTP/1.1" 200 121 "/category/electronics" "Mozilla/4.0 (compatible; MSIE 8.0; Windows NT 6.0; WOW64; Trident/4.0; GTB6; SLCC1; .NET CLR 2.0.50727; Media Center PC 5.0; .NET CLR 3.5.30729; .NET CLR 3.0.30618; .NET4.0C)"
208.183.145.211 - - [17/Nov/2017:12:55:55 +0000] "GET /category/software?from=10 HTTP/1.1" 200 54 "-" "Mozilla/5.0 (compatible; MSIE 9.0; Windows NT 6.1; WOW64; Trident/5.0)"
24.156.218.186 - - [17/Nov/2017:12:56:00 +0000] "GET /item/office/2035 HTTP/1.1" 200 120 "/search/?c=Office" "Mozilla/5.0 (Windows NT 6.0; rv:10.0.1) Gecko/20100101 Firefox/10.0.1"
124.210.121.29 - - [17/Nov/2017:12:56:05 +0000] "POST /search/?c=Software HTTP/1.1" 200 61 "-" "Mozilla/5.0 (iPad; CPU OS 5_0_1 like Mac OS X) AppleWebKit/534.46 (KHTML, like Gecko) Version/5.1 Mobile/9A405 Safari/7534.48.3"
144.21.111.211 - - [17/Nov/2017:12:56:10 +0000] "POST /search/?c=Electronics+Electronics HTTP/1.1" 200 69 "-" "Mozilla/4.0 (compatible; MSIE 8.0; Windows NT 6.0; WOW64; Trident/4.0; GTB6; SLCC1; .NET CLR 2.0.50727; Media Center PC 5.0; .NET CLR 3.5.30729; .NET CLR 3.0.30618; .NET4.0C)"
56.186.73.100 - - [17/Nov/2017:12:56:15 +0000] "GET /category/music HTTP/1.1" 200 117 "-" "Mozilla/5.0 (compatible; MSIE 9.0; Windows NT 6.1; Trident/5.0)"
52.39.67.99 - - [17/Nov/2017:12:56:20 +0000] "GET /category/software HTTP/1.1" 200 99 "-" "Mozilla/5.0 (Windows NT 5.1) AppleWebKit/535.11 (KHTML, like Gecko) Chrome/17.0.963.46 Safari/535.11"
32.177.40.26 - - [17/Nov/2017:12:56:25 +0000] "POST /search/?c=Electronics+Garden HTTP/1.1" 200 118 "/category/electronics" "Mozilla/5.0 (compatible; Googlebot/2.1; +http://www.google.com/bot.html)"
200.144.113.93 - - [17/Nov/2017:12:56:30 +0000] "POST /search/?c=Garden+Electronics HTTP/1.1" 200 101 "-" "Mozilla/5.0 (compatible; Googlebot/2.1; +http://www.google.com/bot.html)"
32.69.59.79 - - [17/Nov/2017:12:56:35 +0000] "POST /search/?c=Sports+Giftcards HTTP/1.1" 200 117 "-" "Mozilla/5.0 (compatible; MSIE 9.0; Windows NT 6.1; WOW64; Trident/5.0)"
96.105.101.123 - - [17/Nov/2017:12:56:40 +0000] "GET /category/giftcards HTTP/1.1" 200 83 "-" "Mozilla/4.0 (compatible; MSIE 8.0; Windows NT 6.1; WOW64; Trident/4.0; GTB7.2; SLCC2; .NET CLR 2.0.50727; .NET CLR 3.5.30729; .NET CLR 3.0.30729; Media Center PC 6.0; .NET4.0C)"
36.219.69.202 - - [17/Nov/2017:12:56:45 +0000] "GET /category/health HTTP/1.1" 200 119 "http://www.google.com/search?ie=UTF-8&q=google&sclient=psy-ab&q=Health&oq=Health&aq=f&aqi=g-vL1&aql=&pbx=1&bav=on.2,or.r_gc.r_pw.r_qf.,cf.osb&biw=4270&bih=227" "Mozilla/5.0 (iPhone; CPU iPhone OS 5_0_1 like Mac OS X) AppleWebKit/534.46 (KHTML, like Gecko) Version/5.1 Mobile/9A405 Safari/7534.48.3"
48.105.184.168 - - [17/Nov/2017:12:56:50 +0000] "GET /item/sports/933 HTTP/1.1" 200 83 "/item/electronics/3162" "Mozilla/5.0 (iPad; CPU OS 5_0_1 like Mac OS X) AppleWebKit/534.46 (KHTML, like Gecko) Version/5.1 Mobile/9A405 Safari/7534.48.3"
212.186.212.20 - - [17/Nov/2017:12:56:55 +0000] "GET /category/software HTTP/1.1" 200 56 "http://www.google.com/search?ie=UTF-8&q=google&sclient=psy-ab&q=Software+Electronics&oq=Software+Electronics&aq=f&aqi=g-vL1&aql=&pbx=1&bav=on.2,or.r_gc.r_pw.r_qf.,cf.osb&biw=3155&bih=582" "Mozilla/5.0 (Windows NT 6.1; WOW64) AppleWebKit/535.11 (KHTML, like Gecko) Chrome/17.0.963.56 Safari/535.11"
92.99.104.37 - - [17/Nov/2017:12:57:00 +0000] "GET /category/computers HTTP/1.1" 200 131 "-" "Mozilla/5.0 (compatible; MSIE 9.0; Windows NT 6.1; WOW64; Trident/5.0)"
208.150.70.225 - - [17/Nov/2017:12:57:05 +0000] "GET /category/jewelry HTTP/1.1" 200 118 "/category/networking" "Mozilla/5.0 (compatible; MSIE 9.0; Windows NT 6.1; WOW64; Trident/5.0)"
36.51.160.119 - - [17/Nov/2017:12:57:10 +0000] "GET /category/software HTTP/1.1" 200 113 "-" "Mozilla/5.0 (Windows NT 6.1; WOW64) AppleWebKit/535.7 (KHTML, like Gecko) Chrome/16.0.912.77 Safari/535.7"
108.159.46.114 - - [17/Nov/2017:12:57:15 +0000] "GET /category/games HTTP/1.1" 200 97 "-" "Mozilla/5.0 (Windows NT 6.1; WOW64) AppleWebKit/535.11 (KHTML, like Gecko) Chrome/17.0.963.56 Safari/535.11"
128.177.137.56 - - [17/Nov/2017:12:57:20 +0000] "GET /category/software HTTP/1.1" 200 75 "/category/books" "Mozilla/5.0 (Windows NT 6.0; rv:10.0.1) Gecko/20100101 Firefox/10.0.1"
40.126.50.218 - - [17/Nov/2017:12:57:25 +0000] "GET /category/games HTTP/1.1" 200 77 "/category/software" "Mozilla/5.0 (Windows NT 6.0; rv:10.0.1) Gecko/20100101 Firefox/10.0.1"
84.150.50.150 - - [17/Nov/2017:12:57:30 +0000] "GET /category/finance HTTP/1.1" 200 122 "-" "Mozilla/4.0 (compatible; MSIE 8.0; Windows NT 6.1; WOW64; Trident/4.0; GTB7.2; SLCC2; .NET CLR 2.0.50727; .NET CLR 3.5.30729; .NET CLR 3.0.30729; Media Center PC 6.0; .NET4.0C)"
212.219.108.195 - - [17/Nov/2017:12:57:35 +0000] "GET /category/software?from=0 HTTP/1.1" 200 66 "/category/games" "Mozilla/4.0 (compatible; MSIE 8.0; Windows NT 5.1; Trident/4.0; BTRS122159; GTB7.2; .NET CLR 1.1.4322; .NET CLR 2.0.50727; .NET CLR 3.0.04506.30; .NET CLR 3.0.4506.2152; .NET CLR 3.5.30729; BRI/2)"
32.213.139.23 - - [17/Nov/2017:12:57:40 +0000] "GET /category/electronics HTTP/1.1" 200 101 "-" "Mozilla/4.0 (compatible; MSIE 8.0; Windows NT 6.1; WOW64; Trident/4.0; GTB7.2; SLCC2; .NET CLR 2.0.50727; .NET CLR 3.5.30729; .NET CLR 3.0.30729; Media Center PC 6.0; .NET4.0C)"
52.27.56.220 - - [17/Nov/2017:12:57:45 +0000] "GET /category/electronics HTTP/1.1" 200 101 "/category/giftcards" "Mozilla/5.0 (compatible; MSIE 9.0; Windows NT 6.1; Trident/5.0)"
188.36.41.47 - - [17/Nov/2017:12:57:50 +0000] "GET /category/games?from=0 HTTP/1.1" 200 124 "/category/electronics" "Mozilla/5.0 (Windows NT 6.1; WOW64) AppleWebKit/535.11 (KHTML, like Gecko) Chrome/17.0.963.56 Safari/535.11"
96.39.228.165 - - [17/Nov/2017:12:57:55 +0000] "POST /search/?c=Garden+Office HTTP/1.1" 200 100 "/search/?c=Games" "Mozilla/5.0 (Windows NT 6.1; WOW64) AppleWebKit/535.7 (KHTML, like Gecko) Chrome/16.0.912.77 Safari/535.7"
160.129.152.167 - - [17/Nov/2017:12:58:00 +0000] "GET /category/office HTTP/1.1" 200 71 "-" "Mozilla/5.0 (Windows NT 6.1; WOW64; rv:10.0.1) Gecko/20100101 Firefox/10.0.1"
164.207.101.92 - - [17/Nov/2017:12:58:05 +0000] "GET /category/toys HTTP/1.1" 200 125 "-" "Mozilla/5.0 (Windows NT 6.1; WOW64) AppleWebKit/535.7 (KHTML, like Gecko) Chrome/16.0.912.77 Safari/535.7"
220.57.136.83 - - [17/Nov/2017:12:58:10 +0000] "GET /item/music/4004 HTTP/1.1" 200 64 "/category/software?from=20" "Mozilla/4.0 (compatible; MSIE 8.0; Windows NT 5.1; Trident/4.0; YTB720; GTB7.2; .NET CLR 1.1.4322; .NET CLR 2.0.50727; .NET CLR 3.0.4506.2152; .NET CLR 3.5.30729)"
112.204.94.24 - - [17/Nov/2017:12:58:15 +0000] "GET /item/electronics/1057 HTTP/1.1" 200 137 "/category/games" "Mozilla/5.0 (Windows NT 6.1; WOW64) AppleWebKit/535.11 (KHTML, like Gecko) Chrome/17.0.963.56 Safari/535.11"
224.207.157.219 - - [17/Nov/2017:12:58:20 +0000] "GET /category/networking HTTP/1.1" 200 82 "-" "Mozilla/5.0 (Macintosh; Intel Mac OS X 10.6; rv:9.0.1) Gecko/20100101 Firefox/9.0.1"
204.219.223.54 - - [17/Nov/2017:12:58:25 +0000] "GET /category/games HTTP/1.1" 200 111 "/item/software/85" "Mozilla/5.0 (Macintosh; Intel Mac OS X 10.6; rv:9.0.1) Gecko/20100101 Firefox/9.0.1"
100.84.214.95 - - [17/Nov/2017:12:58:30 +0000] "GET /category/software HTTP/1.1" 200 71 "/search/?c=Toys+Toys" "Mozilla/5.0 (compatible; Googlebot/2.1; +http://www.google.com/bot.html)"
100.219.202.52 - - [17/Nov/2017:12:58:35 +0000] "GET /category/books HTTP/1.1" 200 57 "/category/office" "Mozilla/5.0 (Windows NT 6.0; rv:10.0.1) Gecko/20100101 Firefox/10.0.1"
40.126.50.218 - - [17/Nov/2017:12:58:40 +0000] "GET /category/garden HTTP/1.1" 200 88 "/category/electronics" "Mozilla/5.0 (Windows NT 6.0) AppleWebKit/535.11 (KHTML, like Gecko) Chrome/17.0.963.56 Safari/535.11"
132.120.217.35 - - [17/Nov/2017:12:58:45 +0000] "GET /item/books/4067 HTTP/1.1" 200 121 "/category/software" "Mozilla/4.0 (compatible; MSIE 8.0; Windows NT 6.1; WOW64; Trident/4.0; GTB7.2; SLCC2; .NET CLR 2.0.50727; .NET CLR 3.5.30729; .NET CLR 3.0.30729; Media Center PC 6.0; .NET4.0C)"
116.222.179.198 - - [17/Nov/2017:12:58:50 +0000] "GET /category/software HTTP/1.1" 200 114 "/item/health/1862" "Mozilla/4.0 (compatible; MSIE 8.0; Windows NT 6.1; WOW64; Trident/4.0; GTB7.2; SLCC2; .NET CLR 2.0.50727; .NET CLR 3.5.30729; .NET CLR 3.0.30729; Media Center PC 6.0; .NET4.0C)"
152.120.32.93 - - [17/Nov/2017:12:58:55 +0000] "GET /category/software HTTP/1.1" 200 110 "/category/electronics?from=20" "Mozilla/5.0 (compatible; MSIE 9.0; Windows NT 6.1; Trident/5.0)"
100.192.111.52 - - [17/Nov/2017:12:59:00 +0000] "GET /category/health HTTP/1.1" 200 133 "/category/games" "Mozilla/5.0 (Windows NT 6.0) AppleWebKit/535.11 (KHTML, like Gecko) Chrome/17.0.963.56 Safari/535.11"
120.189.186.127 - - [17/Nov/2017:12:59:05 +0000] "GET /item/computers/3135 HTTP/1.1" 200 107 "/category/games" "Mozilla/5.0 (Macintosh; Intel Mac OS X 10.6; rv:9.0.1) Gecko/20100101 Firefox/9.0.1"
208.150.70.225 - - [17/Nov/2017:12:59:10 +0000] "GET /item/garden/2166 HTTP/1.1" 200 139 "/item/books/953" "Mozilla/4.0 (compatible; MSIE 8.0; Windows NT 5.1; Trident/4.0; BTRS122159; GTB7.2; .NET CLR 1.1.4322; .NET CLR 2.0.50727; .NET CLR 3.0.04506.30; .NET CLR 3.0.4506.2152; .NET CLR 3.5.30729; BRI/2)"
76.33.84.154 - - [17/Nov/2017:12:59:15 +0000] "GET /item/software/2 HTTP/1.1" 200 139 "/item/cameras/590" "Mozilla/5.0 (Windows NT 6.1; WOW64) AppleWebKit/535.11 (KHTML, like Gecko) Chrome/17.0.963.56 Safari/535.11"
168.195.218.121 - - [17/Nov/2017:12:59:20 +0000] "GET /item/giftcards/905 HTTP/1.1" 200 94 "/category/electronics" "Mozilla/4.0 (compatible; MSIE 8.0; Windows NT 6.0; WOW64; Trident/4.0; GTB6; SLCC1; .NET CLR 2.0.50727; Media Center PC 5.0; .NET CLR 3.5.30729; .NET CLR 3.0.30618; .NET4.0C)"
224.36.38.130 - - [17/Nov/2017:12:59:25 +0000] "GET /category/toys HTTP/1.1" 200 40 "-" "Mozilla/5.0 (Windows NT 6.1; WOW64; rv:10.0.1) Gecko/20100101 Firefox/10.0.1"
224.192.71.37 - - [17/Nov/2017:12:59:30 +0000] "GET /category/computers HTTP/1.1" 200 114 "/search/?c=Office" "Mozilla/5.0 (Windows NT 6.1; WOW64) AppleWebKit/535.11 (KHTML, like Gecko) Chrome/17.0.963.56 Safari/535.11"
20.135.151.124 - - [17/Nov/2017:12:59:35 +0000] "GET /item/software/4034 HTTP/1.1" 200 131 "/item/cameras/1442" "Mozilla/5.0 (Windows NT 6.0; rv:10.0.1) Gecko/20100101 Firefox/10.0.1"
88.57.117.104 - - [17/Nov/2017:12:59:40 +0000] "GET /category/electronics HTTP/1.1" 200 117 "-" "Mozilla/5.0 (Windows NT 6.0; rv:10.0.1) Gecko/20100101 Firefox/10.0.1"
180.201.91.218 - - [17/Nov/2017:12:59:45 +0000] "GET /category/books HTTP/1.1" 200 131 "-" "Mozilla/4.0 (compatible; MSIE 8.0; Windows NT 5.1; Trident/4.0; BTRS122159; GTB7.2; .NET CLR 1.1.4322; .NET CLR 2.0.50727; .NET CLR 3.0.04506.30; .NET CLR 3.0.4506.2152; .NET CLR 3.5.30729; BRI/2)"
88.228.108.129 - - [17/Nov/2017:12:59:50 +0000] "GET /category/games HTTP/1.1" 200 98 "/item/electronics/3940" "Mozilla/4.0 (compatible; MSIE 8.0; Windows NT 6.1; WOW64; Trident/4.0; GTB7.2; SLCC2; .NET CLR 2.0.50727; .NET CLR 3.5.30729; .NET CLR 3.0.30729; Media Center PC 6.0; .NET4.0C)"
76.156.48.156 - - [17/Nov/2017:12:59:55 +0000] "GET /category/networking HTTP/1.1" 200 122 "-" "Mozilla/5.0 (Windows NT 6.0; rv:10.0.1) Gecko/20100101 Firefox/10.0.1"
40.36.176.35 - - [17/Nov/2017:13:00:00 +0000] "POST /search/?c=Music+Giftcards HTTP/1.1" 200 113 "-" "Mozilla/4.0 (compatible; MSIE 8.0; Windows NT 6.0; WOW64; Trident/4.0; GTB6; SLCC1; .NET CLR 2.0.50727; Media Center PC 5.0; .NET CLR 3.5.30729; .NET CLR 3.0.30618; .NET4.0C)"
68.201.134.81 - - [17/Nov/2017:13:00:05 +0000] "GET /category/electronics HTTP/1.1" 200 48 "-" "Mozilla/5.0 (Windows NT 6.1; WOW64; rv:10.0.1) Gecko/20100101 Firefox/10.0.1"
44.198.102.63 - - [17/Nov/2017:13:00:10 +0000] "GET /category/software HTTP/1.1" 200 76 "-" "Mozilla/5.0 (compatible; MSIE 9.0; Windows NT 6.1; Trident/5.0)"
164.207.101.92 - - [17/Nov/2017:13:00:15 +0000] "GET /item/electronics/3030 HTTP/1.1" 200 84 "/item/games/3868" "Mozilla/5.0 (Windows NT 5.1) AppleWebKit/535.11 (KHTML, like Gecko) Chrome/17.0.963.46 Safari/535.11"
84.192.102.111 - - [17/Nov/2017:13:00:20 +0000] "GET /category/office?from=0 HTTP/1.1" 200 50 "/category/office" "Mozilla/4.0 (compatible; MSIE 8.0; Windows NT 6.1; WOW64; Trident/4.0; YTB730; GTB7.2; EasyBits GO v1.0; SLCC2; .NET CLR 2.0.50727; .NET CLR 3.5.30729; .NET CLR 3.0.30729; Media Center PC 6.0; .NET4.0C)"
120.216.45.120 - - [17/Nov/2017:13:00:25 +0000] "GET /item/games/2827 HTTP/1.1" 200 113 "-" "Mozilla/5.0 (compatible; Googlebot/2.1; +http://www.google.com/bot.html)"
56.186.73.100 - - [17/Nov/2017:13:00:30 +0000] "GET /category/software HTTP/1.1" 200 98 "-" "Mozilla/5.0 (compatible; MSIE 9.0; Windows NT 6.1; Trident/5.0)"
112.48.91.130 - - [17/Nov/2017:13:00:35 +0000] "GET /item/games/526 HTTP/1.1" 200 104 "/search/?c=Games" "Mozilla/5.0 (iPad; CPU OS 5_0_1 like Mac OS X) AppleWebKit/534.46 (KHTML, like Gecko) Version/5.1 Mobile/9A405 Safari/7534.48.3"
72.219.156.125 - - [17/Nov/2017:13:00:40 +0000] "GET /item/electronics/1628 HTTP/1.1" 200 139 "/item/electronics/2563" "Mozilla/5.0 (compatible; MSIE 9.0; Windows NT 6.1; WOW64; Trident/5.0)"
36.33.116.55 - - [17/Nov/2017:13:00:45 +0000] "GET /item/finance/2872 HTTP/1.1" 200 40 "http://www.google.com/search?ie=UTF-8&q=google&sclient=psy-ab&q=Finance+Jewelry&oq=Finance+Jewelry&aq=f&aqi=g-vL1&aql=&pbx=1&bav=on.2,or.r_gc.r_pw.r_qf.,cf.osb&biw=465&bih=456" "Mozilla/4.0 (compatible; MSIE 8.0; Windows NT 6.1; WOW64; Trident/4.0; GTB7.2; SLCC2; .NET CLR 2.0.50727; .NET CLR 3.5.30729; .NET CLR 3.0.30729; Media Center PC 6.0; .NET4.0C)"
168.69.28.43 - - [17/Nov/2017:13:00:50 +0000] "GET /category/cameras?from=20 HTTP/1.1" 200 63 "-" "Mozilla/4.0 (compatible; MSIE 8.0; Windows NT 6.1; Trident/4.0; YTB730; SLCC2; .NET CLR 2.0.50727; .NET CLR 3.5.30729; .NET CLR 3.0.30729; Media Center PC 6.0; .NET4.0C)"
140.144.63.69 - - [17/Nov/2017:13:00:55 +0000] "GET /category/games HTTP/1.1" 200 78 "/item/electronics/2034" "Mozilla/5.0 (Windows NT 6.0) AppleWebKit/535.11 (KHTML, like Gecko) Chrome/17.0.963.56 Safari/535.11"
24.162.227.115 - - [17/Nov/2017:13:01:00 +0000] "GET /category/books HTTP/1.1" 200 88 "/item/games/3272" "Mozilla/5.0 (Macintosh; Intel Mac OS X 10.6; rv:9.0.1) Gecko/20100101 Firefox/9.0.1"
20.27.98.157 - - [17/Nov/2017:13:01:05 +0000] "GET /item/finance/3568 HTTP/1.1" 200 126 "http://www.google.com/search?ie=UTF-8&q=google&sclient=psy-ab&q=Finance+Electronics&oq=Finance+Electronics&aq=f&aqi=g-vL1&aql=&pbx=1&bav=on.2,or.r_gc.r_pw.r_qf.,cf.osb&biw=4667&bih=301" "Mozilla/4.0 (compatible; MSIE 8.0; Windows NT 6.1; Trident/4.0; YTB730; SLCC2; .NET CLR 2.0.50727; .NET CLR 3.5.30729; .NET CLR 3.0.30729; Media Center PC 6.0; .NET4.0C)"
152.90.227.164 - - [17/Nov/2017:13:01:10 +0000] "GET /category/networking HTTP/1.1" 200 103 "-" "Mozilla/4.0 (compatible; MSIE 8.0; Windows NT 5.1; Trident/4.0; BTRS122159; GTB7.2; .NET CLR 1.1.4322; .NET CLR 2.0.50727; .NET CLR 3.0.04506.30; .NET CLR 3.0.4506.2152; .NET CLR 3.5.30729; BRI/2)"
224.219.86.184 - - [17/Nov/2017:13:01:15 +0000] "GET /category/books HTTP/1.1" 200 139 "-" "Mozilla/4.0 (compatible; MSIE 8.0; Windows NT 6.1; WOW64; Trident/4.0; GTB7.2; SLCC2; .NET CLR 2.0.50727; .NET CLR 3.5.30729; .NET CLR 3.0.30729; Media Center PC 6.0; .NET4.0C)"
152.90.227.164 - - [17/Nov/2017:13:01:20 +0000] "GET /category/music HTTP/1.1" 200 92 "-" "Mozilla/5.0 (Macintosh; Intel Mac OS X 10.6; rv:9.0.1) Gecko/20100101 Firefox/9.0.1"
40.78.48.94 - - [17/Nov/2017:13:01:25 +0000] "GET /item/software/3165 HTTP/1.1" 200 63 "/category/electronics" "Mozilla/4.0 (compatible; MSIE 8.0; Windows NT 6.1; WOW64; Trident/4.0; YTB730; GTB7.2; SLCC2; .NET CLR 2.0.50727; .NET CLR 3.5.30729; .NET CLR 3.0.30729; .NET4.0C; .NET4.0E; Media Center PC 6.0)"
216.138.190.49 - - [17/Nov/2017:13:01:30 +0000] "GET /item/office/564 HTTP/1.1" 200 125 "http://www.google.com/search?ie=UTF-8&q=google&sclient=psy-ab&q=Office+Electronics&oq=Office+Electronics&aq=f&aqi=g-vL1&aql=&pbx=1&bav=on.2,or.r_gc.r_pw.r_qf.,cf.osb&biw=1500&bih=587" "Mozilla/5.0 (Macintosh; Intel Mac OS X 10.6; rv:9.0.1) Gecko/20100101 Firefox/9.0.1"
80.63.29.149 - - [17/Nov/2017:13:01:35 +0000] "GET /item/books/570 HTTP/1.1" 200 92 "http://www.google.com/search?ie=UTF-8&q=google&sclient=psy-ab&q=Books&oq=Books&aq=f&aqi=g-vL1&aql=&pbx=1&bav=on.2,or.r_gc.r_pw.r_qf.,cf.osb&biw=3030&bih=303" "Mozilla/5.0 (Windows NT 6.1; WOW64) AppleWebKit/535.11 (KHTML, like Gecko) Chrome/17.0.963.56 Safari/535.11"
224.153.72.151 - - [17/Nov/2017:13:01:40 +0000] "GET /item/software/875 HTTP/1.1" 200 132 "/search/?c=Software+Garden" "Mozilla/5.0 (Windows NT 6.1; WOW64) AppleWebKit/535.11 (KHTML, like Gecko) Chrome/17.0.963.56 Safari/535.11"
44.72.104.147 - - [17/Nov/2017:13:01:45 +0000] "GET /item/electronics/1089 HTTP/1.1" 200 54 "-" "Mozilla/5.0 (Windows NT 6.0; rv:10.0.1) Gecko/20100101 Firefox/10.0.1"
52.57.147.82 - - [17/Nov/2017:13:01:50 +0000] "GET /category/finance HTTP/1.1" 200 71 "-" "Mozilla/5.0 (Macintosh; Intel Mac OS X 10.6; rv:9.0.1) Gecko/20100101 Firefox/9.0.1"
52.153.118.131 - - [17/Nov/2017:13:01:55 +0000] "GET /category/finance?from=0 HTTP/1.1" 200 90 "/category/finance" "Mozilla/5.0 (compatible; Googlebot/2.1; +http://www.google.com/bot.html)"
224.57.160.208 - - [17/Nov/2017:13:02:00 +0000] "GET /category/software HTTP/1.1" 200 134 "/category/software" "Mozilla/4.0 (compatible; MSIE 8.0; Windows NT 6.0; WOW64; Trident/4.0; GTB6; SLCC1; .NET CLR 2.0.50727; Media Center PC 5.0; .NET CLR 3.5.30729; .NET CLR 3.0.30618; .NET4.0C)"
188.129.194.215 - - [17/Nov/2017:13:02:05 +0000] "GET /item/cameras/3403 HTTP/1.1" 200 108 "/item/games/2750" "Mozilla/5.0 (Windows NT 6.1; WOW64) AppleWebKit/535.7 (KHTML, like Gecko) Chrome/16.0.912.77 Safari/535.7"
176.27.101.193 - - [17/Nov/2017:13:02:10 +0000] "GET /category/books HTTP/1.1" 200 96 "/item/electronics/1079" "Mozilla/5.0 (Windows NT 6.1; WOW64; rv:10.0.1) Gecko/20100101 Firefox/10.0.1"
208.210.156.79 - - [17/Nov/2017:13:02:15 +0000] "GET /item/electronics/1309 HTTP/1.1" 200 133 "-" "Mozilla/5.0 (compatible; MSIE 9.0; Windows NT 6.1; WOW64; Trident/5.0)"
168.93.214.104 - - [17/Nov/2017:13:02:20 +0000] "GET /category/finance HTTP/1.1" 200 118 "-" "Mozilla/5.0 (Macintosh; Intel Mac OS X 10.6; rv:9.0.1) Gecko/20100101 Firefox/9.0.1"
20.153.84.177 - - [17/Nov/2017:13:02:25 +0000] "GET /item/giftcards/4757 HTTP/1.1" 200 102 "http://www.google.com/search?ie=UTF-8&q=google&sclient=psy-ab&q=Giftcards&oq=Giftcards&aq=f&aqi=g-vL1&aql=&pbx=1&bav=on.2,or.r_gc.r_pw.r_qf.,cf.osb&biw=1786&bih=330" "Mozilla/5.0 (compatible; MSIE 9.0; Windows NT 6.1; Trident/5.0)"
120.189.102.122 - - [17/Nov/2017:13:02:30 +0000] "GET /item/cameras/801 HTTP/1.1" 200 114 "-" "Mozilla/4.0 (compatible; MSIE 8.0; Windows NT 6.1; WOW64; Trident/4.0; GTB7.2; SLCC2; .NET CLR 2.0.50727; .NET CLR 3.5.30729; .NET CLR 3.0.30729; Media Center PC 6.0; .NET4.0C)"
216.30.210.172 - - [17/Nov/2017:13:02:35 +0000] "GET /item/garden/348 HTTP/1.1" 200 50 "-" "Mozilla/5.0 (iPhone; CPU iPhone OS 5_0_1 like Mac OS X) AppleWebKit/534.46 (KHTML, like Gecko) Version/5.1 Mobile/9A405 Safari/7534.48.3"
52.153.118.131 - - [17/Nov/2017:13:02:40 +0000] "GET /category/music HTTP/1.1" 200 56 "-" "Mozilla/5.0 (Macintosh; Intel Mac OS X 10.6; rv:9.0.1) Gecko/20100101 Firefox/9.0.1"
40.42.114.155 - - [17/Nov/2017:13:02:45 +0000] "GET /category/games HTTP/1.1" 200 111 "/item/music/2915" "Mozilla/4.0 (compatible; MSIE 8.0; Windows NT 5.1; Trident/4.0; YTB720; GTB7.2; .NET CLR 1.1.4322; .NET CLR 2.0.50727; .NET CLR 3.0.4506.2152; .NET CLR 3.5.30729)"
96.225.24.124 - - [17/Nov/2017:13:02:50 +0000] "GET /category/cameras?from=20 HTTP/1.1" 200 114 "/search/?c=Cameras" "Mozilla/5.0 (Windows NT 6.0) AppleWebKit/535.11 (KHTML, like Gecko) Chrome/17.0.963.56 Safari/535.11"
188.111.114.167 - - [17/Nov/2017:13:02:55 +0000] "GET /category/electronics HTTP/1.1" 200 110 "-" "Mozilla/5.0 (Windows NT 6.1; WOW64; rv:10.0.1) Gecko/20100101 Firefox/10.0.1"
160.177.125.192 - - [17/Nov/2017:13:03:00 +0000] "GET /category/networking?from=20 HTTP/1.1" 200 133 "-" "Mozilla/5.0 (Windows NT 5.1) AppleWebKit/535.11 (KHTML, like Gecko) Chrome/17.0.963.46 Safari/535.11"
184.27.50.181 - - [17/Nov/2017:13:03:05 +0000] "GET /item/software/1802 HTTP/1.1" 200 125 "/item/books/180" "Mozilla/5.0 (iPad; CPU OS 5_0_1 like Mac OS X) AppleWebKit/534.46 (KHTML, like Gecko) Version/5.1 Mobile/9A405 Safari/7534.48.3"
48.54.101.46 - - [17/Nov/2017:13:03:10 +0000] "GET /item/software/2699 HTTP/1.1" 200 50 "/category/games" "Mozilla/5.0 (Windows NT 6.0; rv:10.0.1) Gecko/20100101 Firefox/10.0.1"
212.204.212.109 - - [17/Nov/2017:13:03:15 +0000] "GET /item/books/1533 HTTP/1.1" 200 97 "-" "Mozilla/5.0 (compatible; Googlebot/2.1; +http://www.google.com/bot.html)"
44.51.178.212 - - [17/Nov/2017:13:03:20 +0000] "GET /category/computers?from=0 HTTP/1.1" 200 40 "/item/cameras/3320" "Mozilla/5.0 (Macintosh; Intel Mac OS X 10.6; rv:9.0.1) Gecko/20100101 Firefox/9.0.1"
116.48.59.21 - - [17/Nov/2017:13:03:25 +0000] "GET /category/books?from=10 HTTP/1.1" 200 86 "-" "Mozilla/5.0 (Windows NT 6.1; WOW64; rv:10.0.1) Gecko/20100101 Firefox/10.0.1"
212.186.23.183 - - [17/Nov/2017:13:03:30 +0000] "GET /category/computers HTTP/1.1" 200 126 "-" "Mozilla/5.0 (compatible; Googlebot/2.1; +http://www.google.com/bot.html)"
52.219.45.68 - - [17/Nov/2017:13:03:35 +0000] "GET /category/finance HTTP/1.1" 200 71 "/category/sports" "Mozilla/5.0 (Windows NT 6.1; WOW64) AppleWebKit/535.11 (KHTML, like Gecko) Chrome/17.0.963.56 Safari/535.11"
24.189.103.60 - - [17/Nov/2017:13:03:40 +0000] "GET /category/books HTTP/1.1" 200 68 "-" "Mozilla/5.0 (compatible; MSIE 9.0; Windows NT 6.1; WOW64; Trident/5.0)"
196.168.199.146 - - [17/Nov/2017:13:03:45 +0000] "GET /category/toys HTTP/1.1" 200 126 "/item/electronics/2972" "Mozilla/5.0 (Macintosh; Intel Mac OS X 10.6; rv:9.0.1) Gecko/20100101 Firefox/9.0.1"
104.207.115.95 - - [17/Nov/2017:13:03:50 +0000] "GET /category/software HTTP/1.1" 200 116 "-" "Mozilla/4.0 (compatible; MSIE 8.0; Windows NT 6.0; WOW64; Trident/4.0; GTB6; SLCC1; .NET CLR 2.0.50727; Media Center PC 5.0; .NET CLR 3.5.30729; .NET CLR 3.0.30618; .NET4.0C)"
52.153.118.131 - - [17/Nov/2017:13:03:55 +0000] "GET /item/music/2928 HTTP/1.1" 200 80 "-" "Mozilla/5.0 (compatible; MSIE 9.0; Windows NT 6.1; WOW64; Trident/5.0)"
196.57.135.222 - - [17/Nov/2017:13:04:00 +0000] "GET /item/software/2724 HTTP/1.1" 200 123 "/item/cameras/4995" "Mozilla/4.0 (compatible; MSIE 8.0; Windows NT 6.0; WOW64; Trident/4.0; GTB6; SLCC1; .NET CLR 2.0.50727; Media Center PC 5.0; .NET CLR 3.5.30729; .NET CLR 3.0.30618; .NET4.0C)"
92.150.116.137 - - [17/Nov/2017:13:04:05 +0000] "GET /item/electronics/3545 HTTP/1.1" 200 133 "/category/office" "Mozilla/5.0 (Macintosh; Intel Mac OS X 10.6; rv:9.0.1) Gecko/20100101 Firefox/9.0.1"
100.192.111.52 - - [17/Nov/2017:13:04:10 +0000] "GET /item/health/4912 HTTP/1.1" 200 105 "-" "Mozilla/5.0 (Windows NT 6.1; WOW64; rv:10.0.1) Gecko/20100101 Firefox/10.0.1"
108.93.207.173 - - [17/Nov/2017:13:04:15 +0000] "GET /category/finance HTTP/1.1" 200 49 "-" "Mozilla/4.0 (compatible; MSIE 8.0; Windows NT 6.1; WOW64; Trident/4.0; YTB730; GTB7.2; SLCC2; .NET CLR 2.0.50727; .NET CLR 3.5.30729; .NET CLR 3.0.30729; .NET4.0C; .NET4.0E; Media Center PC 6.0)"
148.21.130.45 - - [17/Nov/2017:13:04:20 +0000] "GET /item/giftcards/4709 HTTP/1.1" 200 53 "-" "Mozilla/5.0 (Windows NT 6.1; WOW64) AppleWebKit/535.11 (KHTML, like Gecko) Chrome/17.0.963.56 Safari/535.11"
100.165.48.87 - - [17/Nov/2017:13:04:25 +0000] "GET /category/networking?from=10 HTTP/1.1" 200 59 "-" "Mozilla/4.0 (compatible; MSIE 8.0; Windows NT 5.1; Trident/4.0; BTRS122159; GTB7.2; .NET CLR 1.1.4322; .NET CLR 2.0.50727; .NET CLR 3.0.04506.30; .NET CLR 3.0.4506.2152; .NET CLR 3.5.30729; BRI/2)"
160.207.59.34 - - [17/Nov/2017:13:04:30 +0000] "GET /category/electronics HTTP/1.1" 200 128 "/category/office" "Mozilla/4.0 (compatible; MSIE 8.0; Windows NT 5.1; Trident/4.0; BTRS122159; GTB7.2; .NET CLR 1.1.4322; .NET CLR 2.0.50727; .NET CLR 3.0.04506.30; .NET CLR 3.0.4506.2152; .NET CLR 3.5.30729; BRI/2)"
88.189.31.220 - - [17/Nov/2017:13:04:35 +0000] "GET /item/games/3868 HTTP/1.1" 200 98 "/item/cameras/590" "Mozilla/5.0 (Windows NT 6.0; rv:10.0.1) Gecko/20100101 Firefox/10.0.1"
132.132.109.164 - - [17/Nov/2017:13:04:40 +0000] "GET /category/electronics HTTP/1.1" 200 128 "-" "Mozilla/5.0 (Windows NT 6.1; WOW64; rv:10.0.1) Gecko/20100101 Firefox/10.0.1"
72.87.167.83 - - [17/Nov/2017:13:04:45 +0000] "GET /category/books HTTP/1.1" 200 41 "-" "Mozilla/5.0 (Macintosh; Intel Mac OS X 10.6; rv:9.0.1) Gecko/20100101 Firefox/9.0.1"
36.219.69.202 - - [17/Nov/2017:13:04:50 +0000] "GET /category/software?from=0 HTTP/1.1" 200 126 "-" "Mozilla/4.0 (compatible; MSIE 8.0; Windows NT 5.1; Trident/4.0; YTB720; GTB7.2; .NET CLR 1.1.4322; .NET CLR 2.0.50727; .NET CLR 3.0.4506.2152; .NET CLR 3.5.30729)"
152.159.202.129 - - [17/Nov/2017:13:04:55 +0000] "GET /item/software/2512 HTTP/1.1" 200 112 "-" "Mozilla/5.0 (Windows NT 6.0; rv:10.0.1) Gecko/20100101 Firefox/10.0.1"
112.219.145.202 - - [17/Nov/2017:13:05:00 +0000] "GET /category/networking HTTP/1.1" 200 65 "-" "Mozilla/5.0 (compatible; MSIE 9.0; Windows NT 6.1; Trident/5.0)"
88.228.108.129 - - [17/Nov/2017:13:05:05 +0000] "POST /search/?c=Computers HTTP/1.1" 200 41 "-" "Mozilla/4.0 (compatible; MSIE 8.0; Windows NT 5.1; Trident/4.0; BTRS122159; GTB7.2; .NET CLR 1.1.4322; .NET CLR 2.0.50727; .NET CLR 3.0.04506.30; .NET CLR 3.0.4506.2152; .NET CLR 3.5.30729; BRI/2)"
172.201.30.205 - - [17/Nov/2017:13:05:10 +0000] "GET /category/computers HTTP/1.1" 200 131 "/item/health/3601" "Mozilla/5.0 (Windows NT 6.1; WOW64; rv:10.0.1) Gecko/20100101 Firefox/10.0.1"
80.51.95.186 - - [17/Nov/2017:13:05:15 +0000] "GET /category/software HTTP/1.1" 200 70 "-" "Mozilla/4.0 (compatible; MSIE 8.0; Windows NT 6.0; WOW64; Trident/4.0; GTB6; SLCC1; .NET CLR 2.0.50727; Media Center PC 5.0; .NET CLR 3.5.30729; .NET CLR 3.0.30618; .NET4.0C)"
196.225.41.136 - - [17/Nov/2017:13:05:20 +0000] "GET /category/software?from=10 HTTP/1.1" 200 67 "/search/?c=Books+Jewelry" "Mozilla/5.0 (compatible; MSIE 9.0; Windows NT 6.1; Trident/5.0)"
60.54.88.65 - - [17/Nov/2017:13:05:25 +0000] "GET /category/electronics HTTP/1.1" 200 44 "-" "Mozilla/5.0 (compatible; MSIE 9.0; Windows NT 6.1; Trident/5.0)"
48.57.162.127 - - [17/Nov/2017:13:05:30 +0000] "GET /category/computers HTTP/1.1" 200 101 "/item/computers/3585" "Mozilla/5.0 (iPad; CPU OS 5_0_1 like Mac OS X) AppleWebKit/534.46 (KHTML, like Gecko) Version/5.1 Mobile/9A405 Safari/7534.48.3"
40.126.50.218 - - [17/Nov/2017:13:05:35 +0000] "GET /category/books HTTP/1.1" 200 121 "/category/computers" "Mozilla/5.0 (Windows NT 6.0; rv:10.0.1) Gecko/20100101 Firefox/10.0.1"
28.129.126.21 - - [17/Nov/2017:13:05:40 +0000] "GET /category/games HTTP/1.1" 200 42 "-" "Mozilla/5.0 (Windows NT 6.1; WOW64; rv:10.0.1) Gecko/20100101 Firefox/10.0.1"
36.213.156.170 - - [17/Nov/2017:13:05:45 +0000] "GET /category/software HTTP/1.1" 200 43 "/search/?c=Garden" "Mozilla/5.0 (compatible; MSIE 9.0; Windows NT 6.1; Trident/5.0)"
100.69.57.39 - - [17/Nov/2017:13:05:50 +0000] "GET /item/garden/1060 HTTP/1.1" 200 74 "/item/health/3601" "Mozilla/5.0 (compatible; MSIE 9.0; Windows NT 6.1; WOW64; Trident/5.0)"
176.120.38.36 - - [17/Nov/2017:13:05:55 +0000] "GET /category/games HTTP/1.1" 200 98 "/category/electronics" "Mozilla/5.0 (compatible; Googlebot/2.1; +http://www.google.com/bot.html)"
32.156.124.60 - - [17/Nov/2017:13:06:00 +0000] "GET /category/books HTTP/1.1" 200 96 "-" "Mozilla/5.0 (Windows NT 6.1; WOW64) AppleWebKit/535.11 (KHTML, like Gecko) Chrome/17.0.963.56 Safari/535.11"
224.210.40.49 - - [17/Nov/2017:13:06:05 +0000] "GET /category/health?from=10 HTTP/1.1" 200 124 "/category/software" "Mozilla/4.0 (compatible; MSIE 8.0; Windows NT 5.1; Trident/4.0; YTB720; GTB7.2; .NET CLR 1.1.4322; .NET CLR 2.0.50727; .NET CLR 3.0.4506.2152; .NET CLR 3.5.30729)"
208.150.93.221 - - [17/Nov/2017:13:06:10 +0000] "GET /item/office/1523 HTTP/1.1" 200 98 "/category/office" "Mozilla/5.0 (Windows NT 6.1; WOW64; rv:10.0.1) Gecko/20100101 Firefox/10.0.1"
188.96.82.146 - - [17/Nov/2017:13:06:15 +0000] "GET /category/office HTTP/1.1" 200 87 "/category/software" "Mozilla/5.0 (Windows NT 6.1; WOW64) AppleWebKit/535.11 (KHTML, like Gecko) Chrome/17.0.963.56 Safari/535.11"
116.63.29.208 - - [17/Nov/2017:13:06:20 +0000] "GET /item/finance/4688 HTTP/1.1" 200 96 "-" "Mozilla/5.0 (Windows NT 6.1; WOW64; rv:10.0.1) Gecko/20100101 Firefox/10.0.1"
188.210.194.32 - - [17/Nov/2017:13:06:25 +0000] "GET /item/electronics/1911 HTTP/1.1" 200 122 "/category/toys" "Mozilla/5.0 (Windows NT 6.0; rv:10.0.1) Gecko/20100101 Firefox/10.0.1"
176.30.78.65 - - [17/Nov/2017:13:06:30 +0000] "GET /item/health/1983 HTTP/1.1" 200 59 "/category/games" "Mozilla/5.0 (Macintosh; Intel Mac OS X 10.6; rv:9.0.1) Gecko/20100101 Firefox/9.0.1"
160.198.155.53 - - [17/Nov/2017:13:06:35 +0000] "GET /category/computers HTTP/1.1" 200 127 "/item/software/3586" "Mozilla/5.0 (compatible; Googlebot/2.1; +http://www.google.com/bot.html)"
108.159.46.114 - - [17/Nov/2017:13:06:40 +0000] "GET /category/electronics HTTP/1.1" 200 79 "-" "Mozilla/5.0 (Windows NT 5.1) AppleWebKit/535.11 (KHTML, like Gecko) Chrome/17.0.963.46 Safari/535.11"
116.219.67.62 - - [17/Nov/2017:13:06:45 +0000] "GET /item/computers/3259 HTTP/1.1" 200 112 "-" "Mozilla/5.0 (Windows NT 6.0; rv:10.0.1) Gecko/20100101 Firefox/10.0.1"
136.132.151.226 - - [17/Nov/2017:13:06:50 +0000] "GET /item/sports/933 HTTP/1.1" 200 83 "-" "Mozilla/5.0 (Windows NT 6.1; WOW64; rv:10.0.1) Gecko/20100101 Firefox/10.0.1"
60.90.187.169 - - [17/Nov/2017:13:06:55 +0000] "GET /category/games HTTP/1.1" 200 133 "-" "Mozilla/5.0 (Macintosh; Intel Mac OS X 10.6; rv:9.0.1) Gecko/20100101 Firefox/9.0.1"
72.189.134.198 - - [17/Nov/2017:13:07:00 +0000] "GET /category/electronics HTTP/1.1" 200 61 "/item/electronics/2524" "Mozilla/5.0 (Windows NT 6.1; WOW64) AppleWebKit/535.11 (KHTML, like Gecko) Chrome/17.0.963.56 Safari/535.11"
220.225.191.68 - - [17/Nov/2017:13:07:05 +0000] "GET /category/networking HTTP/1.1" 200 74 "-" "Mozilla/5.0 (Windows NT 6.0; rv:10.0.1) Gecko/20100101 Firefox/10.0.1"
36.51.149.50 - - [17/Nov/2017:13:07:10 +0000] "GET /category/electronics HTTP/1.1" 200 52 "/item/software/2724" "Mozilla/5.0 (iPhone; CPU iPhone OS 5_0_1 like Mac OS X) AppleWebKit/534.46 (KHTML, like Gecko) Version/5.1 Mobile/9A405 Safari/7534.48.3"
144.132.101.155 - - [17/Nov/2017:13:07:15 +0000] "GET /category/software HTTP/1.1" 200 94 "/category/software" "Mozilla/5.0 (compatible; MSIE 9.0; Windows NT 6.1; WOW64; Trident/5.0)"
64.132.229.177 - - [17/Nov/2017:13:07:20 +0000] "GET /item/computers/3585 HTTP/1.1" 200 65 "-" "Mozilla/5.0 (Windows NT 6.1; WOW64) AppleWebKit/535.11 (KHTML, like Gecko) Chrome/17.0.963.56 Safari/535.11"
36.126.150.23 - - [17/Nov/2017:13:07:25 +0000] "GET /item/software/1017 HTTP/1.1" 200 109 "-" "Mozilla/4.0 (compatible; MSIE 8.0; Windows NT 5.1; Trident/4.0; BTRS122159; GTB7.2; .NET CLR 1.1.4322; .NET CLR 2.0.50727; .NET CLR 3.0.04506.30; .NET CLR 3.0.4506.2152; .NET CLR 3.5.30729; BRI/2)"
192.213.30.56 - - [17/Nov/2017:13:07:30 +0000] "GET /item/office/851 HTTP/1.1" 200 129 "http://www.google.com/search?ie=UTF-8&q=google&sclient=psy-ab&q=Office&oq=Office&aq=f&aqi=g-vL1&aql=&pbx=1&bav=on.2,or.r_gc.r_pw.r_qf.,cf.osb&biw=1539&bih=326" "Mozilla/5.0 (Windows NT 6.1; WOW64) AppleWebKit/535.7 (KHTML, like Gecko) Chrome/16.0.912.77 Safari/535.7"
56.153.218.154 - - [17/Nov/2017:13:07:35 +0000] "GET /category/office HTTP/1.1" 200 68 "/category/electronics" "Mozilla/5.0 (Windows NT 5.1) AppleWebKit/535.11 (KHTML, like Gecko) Chrome/17.0.963.46 Safari/535.11"
228.111.87.205 - - [17/Nov/2017:13:07:40 +0000] "GET /item/games/3186 HTTP/1.1" 200 47 "/category/electronics" "Mozilla/5.0 (Windows NT 6.0; rv:10.0.1) Gecko/20100101 Firefox/10.0.1"
216.138.190.49 - - [17/Nov/2017:13:07:45 +0000] "GET /category/software HTTP/1.1" 200 108 "/category/jewelry" "Mozilla/5.0 (Macintosh; Intel Mac OS X 10.6; rv:9.0.1) Gecko/20100101 Firefox/9.0.1"
84.192.102.111 - - [17/Nov/2017:13:07:50 +0000] "GET /category/books HTTP/1.1" 200 67 "-" "Mozilla/4.0 (compatible; MSIE 8.0; Windows NT 6.1; WOW64; Trident/4.0; YTB730; GTB7.2; EasyBits GO v1.0; SLCC2; .NET CLR 2.0.50727; .NET CLR 3.5.30729; .NET CLR 3.0.30729; Media Center PC 6.0; .NET4.0C)"
20.63.176.160 - - [17/Nov/2017:13:07:55 +0000] "GET /category/electronics HTTP/1.1" 200 67 "-" "Mozilla/5.0 (Windows NT 6.0) AppleWebKit/535.11 (KHTML, like Gecko) Chrome/17.0.963.56 Safari/535.11"
176.63.34.227 - - [17/Nov/2017:13:08:00 +0000] "GET /category/games HTTP/1.1" 200 95 "/item/books/4942" "Mozilla/5.0 (Windows NT 6.1; WOW64) AppleWebKit/535.11 (KHTML, like Gecko) Chrome/17.0.963.56 Safari/535.11"
76.183.228.91 - - [17/Nov/2017:13:08:05 +0000] "GET /item/books/4942 HTTP/1.1" 200 76 "-" "Mozilla/5.0 (compatible; MSIE 9.0; Windows NT 6.1; WOW64; Trident/5.0)"
52.189.168.94 - - [17/Nov/2017:13:08:10 +0000] "POST /search/?c=Computers HTTP/1.1" 200 41 "/category/electronics" "Mozilla/5.0 (Windows NT 6.1; WOW64) AppleWebKit/535.7 (KHTML, like Gecko) Chrome/16.0.912.77 Safari/535.7"
104.138.92.26 - - [17/Nov/2017:13:08:15 +0000] "GET /item/health/3590 HTTP/1.1" 200 95 "/category/health" "Mozilla/5.0 (iPhone; CPU iPhone OS 5_0_1 like Mac OS X) AppleWebKit/534.46 (KHTML, like Gecko) Version/5.1 Mobile/9A405 Safari/7534.48.3"
44.198.102.63 - - [17/Nov/2017:13:08:20 +0000] "GET /item/electronics/2990 HTTP/1.1" 200 69 "-" "Mozilla/4.0 (compatible; MSIE 8.0; Windows NT 6.0; WOW64; Trident/4.0; GTB6; SLCC1; .NET CLR 2.0.50727; Media Center PC 5.0; .NET CLR 3.5.30729; .NET CLR 3.0.30618; .NET4.0C)"
148.42.153.163 - - [17/Nov/2017:13:08:25 +0000] "GET /category/software HTTP/1.1" 200 95 "-" "Mozilla/5.0 (iPhone; CPU iPhone OS 5_0_1 like Mac OS X) AppleWebKit/534.46 (KHTML, like Gecko) Version/5.1 Mobile/9A405 Safari/7534.48.3"
60.90.187.169 - - [17/Nov/2017:13:08:30 +0000] "GET /category/games HTTP/1.1" 200 77 "/item/toys/3509" "Mozilla/5.0 (compatible; MSIE 9.0; Windows NT 6.1; Trident/5.0)"
168.195.25.139 - - [17/Nov/2017:13:08:35 +0000] "GET /item/software/1594 HTTP/1.1" 200 80 "-" "Mozilla/4.0 (compatible; MSIE 8.0; Windows NT 6.1; Trident/4.0; YTB730; SLCC2; .NET CLR 2.0.50727; .NET CLR 3.5.30729; .NET CLR 3.0.30729; Media Center PC 6.0; .NET4.0C)"
36.156.181.221 - - [17/Nov/2017:13:08:40 +0000] "GET /item/finance/2872 HTTP/1.1" 200 40 "-" "Mozilla/5.0 (compatible; MSIE 9.0; Windows NT 6.1; WOW64; Trident/5.0)"
132.192.89.145 - - [17/Nov/2017:13:08:45 +0000] "GET /item/electronics/1679 HTTP/1.1" 200 70 "/item/electronics/1089" "Mozilla/4.0 (compatible; MSIE 8.0; Windows NT 5.1; Trident/4.0; YTB720; GTB7.2; .NET CLR 1.1.4322; .NET CLR 2.0.50727; .NET CLR 3.0.4506.2152; .NET CLR 3.5.30729)"
148.42.153.163 - - [17/Nov/2017:13:08:50 +0000] "GET /category/books HTTP/1.1" 200 96 "/category/finance?from=20" "Mozilla/5.0 (Windows NT 6.0) AppleWebKit/535.11 (KHTML, like Gecko) Chrome/17.0.963.56 Safari/535.11"
120.93.127.152 - - [17/Nov/2017:13:08:55 +0000] "GET /category/software HTTP/1.1" 200 100 "-" "Mozilla/5.0 (compatible; MSIE 9.0; Windows NT 6.1; WOW64; Trident/5.0)"
76.216.93.173 - - [17/Nov/2017:13:09:00 +0000] "GET /category/books HTTP/1.1" 200 40 "http://www.google.com/search?ie=UTF-8&q=google&sclient=psy-ab&q=Books&oq=Books&aq=f&aqi=g-vL1&aql=&pbx=1&bav=on.2,or.r_gc.r_pw.r_qf.,cf.osb&biw=744&bih=35" "Mozilla/4.0 (compatible; MSIE 8.0; Windows NT 6.1; WOW64; Trident/4.0; YTB730; GTB7.2; SLCC2; .NET CLR 2.0.50727; .NET CLR 3.5.30729; .NET CLR 3.0.30729; .NET4.0C; .NET4.0E; Media Center PC 6.0)"
216.120.179.55 - - [17/Nov/2017:13:09:05 +0000] "GET /item/music/1695 HTTP/1.1" 200 97 "/search/?c=Music+Electronics" "Mozilla/5.0 (Macintosh; Intel Mac OS X 10.6; rv:9.0.1) Gecko/20100101 Firefox/9.0.1"
212.213.59.205 - - [17/Nov/2017:13:09:10 +0000] "GET /category/games HTTP/1.1" 200 101 "-" "Mozilla/5.0 (Macintosh; Intel Mac OS X 10.6; rv:9.0.1) Gecko/20100101 Firefox/9.0.1"
196.24.211.196 - - [17/Nov/2017:13:09:15 +0000] "GET /category/office?from=0 HTTP/1.1" 200 50 "/category/software?from=0" "Mozilla/5.0 (Windows NT 5.1) AppleWebKit/535.11 (KHTML, like Gecko) Chrome/17.0.963.46 Safari/535.11"
100.81.22.31 - - [17/Nov/2017:13:09:20 +0000] "GET /category/jewelry HTTP/1.1" 200 71 "-" "Mozilla/4.0 (compatible; MSIE 8.0; Windows NT 6.1; WOW64; Trident/4.0; YTB730; GTB7.2; EasyBits GO v1.0; SLCC2; .NET CLR 2.0.50727; .NET CLR 3.5.30729; .NET CLR 3.0.30729; Media Center PC 6.0; .NET4.0C)"
176.27.101.193 - - [17/Nov/2017:13:09:25 +0000] "GET /item/computers/3135 HTTP/1.1" 200 107 "-" "Mozilla/4.0 (compatible; MSIE 8.0; Windows NT 5.1; Trident/4.0; YTB720; GTB7.2; .NET CLR 1.1.4322; .NET CLR 2.0.50727; .NET CLR 3.0.4506.2152; .NET CLR 3.5.30729)"
84.189.117.50 - - [17/Nov/2017:13:09:30 +0000] "GET /category/books HTTP/1.1" 200 131 "/item/cameras/2541" "Mozilla/5.0 (compatible; MSIE 9.0; Windows NT 6.1; WOW64; Trident/5.0)"
228.81.180.20 - - [17/Nov/2017:13:09:35 +0000] "GET /category/toys?from=20 HTTP/1.1" 200 70 "-" "Mozilla/4.0 (compatible; MSIE 8.0; Windows NT 6.1; WOW64; Trident/4.0; YTB730; GTB7.2; EasyBits GO v1.0; SLCC2; .NET CLR 2.0.50727; .NET CLR 3.5.30729; .NET CLR 3.0.30729; Media Center PC 6.0; .NET4.0C)"
20.180.93.217 - - [17/Nov/2017:13:09:40 +0000] "GET /item/electronics/681 HTTP/1.1" 200 64 "/item/giftcards/1476" "Mozilla/5.0 (Windows NT 6.0) AppleWebKit/535.11 (KHTML, like Gecko) Chrome/17.0.963.56 Safari/535.11"
164.186.39.214 - - [17/Nov/2017:13:09:45 +0000] "GET /item/health/1983 HTTP/1.1" 200 59 "/category/software" "Mozilla/4.0 (compatible; MSIE 8.0; Windows NT 6.1; Trident/4.0; YTB730; SLCC2; .NET CLR 2.0.50727; .NET CLR 3.5.30729; .NET CLR 3.0.30729; Media Center PC 6.0; .NET4.0C)"
128.27.201.209 - - [17/Nov/2017:13:09:50 +0000] "GET /item/software/2456 HTTP/1.1" 200 77 "-" "Mozilla/5.0 (Windows NT 6.0) AppleWebKit/535.11 (KHTML, like Gecko) Chrome/17.0.963.56 Safari/535.11"
220.195.117.90 - - [17/Nov/2017:13:09:55 +0000] "GET /category/office?from=0 HTTP/1.1" 200 50 "/item/sports/2911" "Mozilla/4.0 (compatible; MSIE 8.0; Windows NT 6.1; WOW64; Trident/4.0; YTB730; GTB7.2; EasyBits GO v1.0; SLCC2; .NET CLR 2.0.50727; .NET CLR 3.5.30729; .NET CLR 3.0.30729; Media Center PC 6.0; .NET4.0C)"
104.195.68.101 - - [17/Nov/2017:13:10:00 +0000] "GET /category/electronics HTTP/1.1" 200 88 "/category/jewelry" "Mozilla/5.0 (Macintosh; Intel Mac OS X 10.6; rv:9.0.1) Gecko/20100101 Firefox/9.0.1"
180.114.21.38 - - [17/Nov/2017:13:10:05 +0000] "GET /item/health/4912 HTTP/1.1" 200 105 "-" "Mozilla/5.0 (iPhone; CPU iPhone OS 5_0_1 like Mac OS X) AppleWebKit/534.46 (KHTML, like Gecko) Version/5.1 Mobile/9A405 Safari/7534.48.3"
204.111.23.227 - - [17/Nov/2017:13:10:10 +0000] "GET /category/jewelry HTTP/1.1" 200 78 "-" "Mozilla/5.0 (Windows NT 6.1; WOW64; rv:10.0.1) Gecko/20100101 Firefox/10.0.1"
80.75.100.166 - - [17/Nov/2017:13:10:15 +0000] "GET /category/sports HTTP/1.1" 200 137 "/category/garden" "Mozilla/4.0 (compatible; MSIE 8.0; Windows NT 6.1; WOW64; Trident/4.0; YTB730; GTB7.2; EasyBits GO v1.0; SLCC2; .NET CLR 2.0.50727; .NET CLR 3.5.30729; .NET CLR 3.0.30729; Media Center PC 6.0; .NET4.0C)"
216.177.42.228 - - [17/Nov/2017:13:10:20 +0000] "GET /category/office?from=10 HTTP/1.1" 200 88 "/category/office" "Mozilla/5.0 (compatible; Googlebot/2.1; +http://www.google.com/bot.html)"
212.213.59.205 - - [17/Nov/2017:13:10:25 +0000] "GET /category/books?from=20 HTTP/1.1" 200 88 "/category/cameras" "Mozilla/5.0 (Windows NT 6.1; WOW64) AppleWebKit/535.11 (KHTML, like Gecko) Chrome/17.0.963.56 Safari/535.11"
136.63.21.83 - - [17/Nov/2017:13:10:30 +0000] "GET /item/electronics/4642 HTTP/1.1" 200 65 "/item/finance/2549" "Mozilla/5.0 (Windows NT 5.1) AppleWebKit/535.11 (KHTML, like Gecko) Chrome/17.0.963.46 Safari/535.11"
88.228.128.46 - - [17/Nov/2017:13:10:35 +0000] "GET /item/electronics/2795 HTTP/1.1" 200 52 "/item/electronics/670" "Mozilla/5.0 (Windows NT 6.0; rv:10.0.1) Gecko/20100101 Firefox/10.0.1"
72.114.161.169 - - [17/Nov/2017:13:10:40 +0000] "GET /category/electronics HTTP/1.1" 200 95 "/item/music/4699" "Mozilla/5.0 (Windows NT 6.0) AppleWebKit/535.11 (KHTML, like Gecko) Chrome/17.0.963.56 Safari/535.11"
20.168.121.199 - - [17/Nov/2017:13:10:45 +0000] "GET /category/giftcards HTTP/1.1" 200 113 "/category/health" "Mozilla/5.0 (iPhone; CPU iPhone OS 5_0_1 like Mac OS X) AppleWebKit/534.46 (KHTML, like Gecko) Version/5.1 Mobile/9A405 Safari/7534.48.3"
140.78.40.160 - - [17/Nov/2017:13:10:50 +0000] "GET /category/jewelry HTTP/1.1" 200 113 "/search/?c=Music+Giftcards" "Mozilla/5.0 (Windows NT 6.1; WOW64) AppleWebKit/535.11 (KHTML, like Gecko) Chrome/17.0.963.56 Safari/535.11"
124.99.44.123 - - [17/Nov/2017:13:10:55 +0000] "GET /category/games HTTP/1.1" 200 86 "-" "Mozilla/5.0 (Windows NT 6.0; rv:10.0.1) Gecko/20100101 Firefox/10.0.1"
204.225.98.113 - - [17/Nov/2017:13:11:00 +0000] "GET /item/health/1983 HTTP/1.1" 200 59 "-" "Mozilla/5.0 (Macintosh; Intel Mac OS X 10.6; rv:9.0.1) Gecko/20100101 Firefox/9.0.1"
76.48.201.164 - - [17/Nov/2017:13:11:05 +0000] "GET /category/electronics HTTP/1.1" 200 108 "-" "Mozilla/4.0 (compatible; MSIE 8.0; Windows NT 5.1; Trident/4.0; BTRS122159; GTB7.2; .NET CLR 1.1.4322; .NET CLR 2.0.50727; .NET CLR 3.0.04506.30; .NET CLR 3.0.4506.2152; .NET CLR 3.5.30729; BRI/2)"
200.69.111.217 - - [17/Nov/2017:13:11:10 +0000] "GET /category/software HTTP/1.1" 200 64 "/search/?c=Jewelry" "Mozilla/5.0 (compatible; MSIE 9.0; Windows NT 6.1; Trident/5.0)"
176.180.122.216 - - [17/Nov/2017:13:11:15 +0000] "GET /category/sports?from=0 HTTP/1.1" 200 81 "/item/cameras/4503" "Mozilla/5.0 (compatible; MSIE 9.0; Windows NT 6.1; WOW64; Trident/5.0)"
156.198.60.199 - - [17/Nov/2017:13:11:20 +0000] "GET /item/books/4362 HTTP/1.1" 200 42 "-" "Mozilla/5.0 (Windows NT 6.0; rv:10.0.1) Gecko/20100101 Firefox/10.0.1"
20.135.151.124 - - [17/Nov/2017:13:11:25 +0000] "POST /search/?c=Giftcards+Garden HTTP/1.1" 200 82 "-" "Mozilla/5.0 (Windows NT 6.0) AppleWebKit/535.11 (KHTML, like Gecko) Chrome/17.0.963.56 Safari/535.11"
168.147.219.163 - - [17/Nov/2017:13:11:30 +0000] "GET /category/finance HTTP/1.1" 200 125 "/category/electronics" "Mozilla/5.0 (Windows NT 6.1; WOW64) AppleWebKit/535.11 (KHTML, like Gecko) Chrome/17.0.963.56 Safari/535.11"
80.21.83.68 - - [17/Nov/2017:13:11:35 +0000] "GET /item/electronics/4041 HTTP/1.1" 200 42 "/category/electronics" "Mozilla/5.0 (Macintosh; Intel Mac OS X 10.6; rv:9.0.1) Gecko/20100101 Firefox/9.0.1"
76.177.95.159 - - [17/Nov/2017:13:11:40 +0000] "POST /search/?c=Games+Software HTTP/1.1" 200 55 "-" "Mozilla/4.0 (compatible; MSIE 8.0; Windows NT 6.1; WOW64; Trident/4.0; YTB730; GTB7.2; EasyBits GO v1.0; SLCC2; .NET CLR 2.0.50727; .NET CLR 3.5.30729; .NET CLR 3.0.30729; Media Center PC 6.0; .NET4.0C)"
52.153.118.131 - - [17/Nov/2017:13:11:45 +0000] "GET /category/cameras?from=20 HTTP/1.1" 200 99 "/category/software" "Mozilla/5.0 (Macintosh; Intel Mac OS X 10.6; rv:9.0.1) Gecko/20100101 Firefox/9.0.1"
188.147.180.205 - - [17/Nov/2017:13:11:50 +0000] "GET /category/computers HTTP/1.1" 200 133 "/category/books?from=10" "Mozilla/5.0 (Windows NT 6.0; rv:10.0.1) Gecko/20100101 Firefox/10.0.1"
156.111.173.188 - - [17/Nov/2017:13:11:55 +0000] "GET /item/garden/2199 HTTP/1.1" 200 74 "-" "Mozilla/5.0 (Windows NT 6.0) AppleWebKit/535.11 (KHTML, like Gecko) Chrome/17.0.963.56 Safari/535.11"
184.123.73.180 - - [17/Nov/2017:13:12:00 +0000] "GET /item/finance/4075 HTTP/1.1" 200 77 "/item/electronics/2563" "Mozilla/5.0 (iPhone; CPU iPhone OS 5_0_1 like Mac OS X) AppleWebKit/534.46 (KHTML, like Gecko) Version/5.1 Mobile/9A405 Safari/7534.48.3"
204.162.54.90 - - [17/Nov/2017:13:12:05 +0000] "GET /category/books?from=20 HTTP/1.1" 200 80 "-" "Mozilla/5.0 (Windows NT 6.1; WOW64) AppleWebKit/535.7 (KHTML, like Gecko) Chrome/16.0.912.77 Safari/535.7"
84.126.82.184 - - [17/Nov/2017:13:12:10 +0000] "GET /item/games/3272 HTTP/1.1" 200 79 "-" "Mozilla/5.0 (Macintosh; Intel Mac OS X 10.6; rv:9.0.1) Gecko/20100101 Firefox/9.0.1"
80.126.81.138 - - [17/Nov/2017:13:12:15 +0000] "GET /category/giftcards HTTP/1.1" 200 117 "-" "Mozilla/5.0 (Windows NT 6.1; WOW64) AppleWebKit/535.7 (KHTML, like Gecko) Chrome/16.0.912.77 Safari/535.7"
168.129.116.168 - - [17/Nov/2017:13:12:20 +0000] "GET /category/computers HTTP/1.1" 200 131 "-" "Mozilla/5.0 (compatible; Googlebot/2.1; +http://www.google.com/bot.html)"
188.177.87.130 - - [17/Nov/2017:13:12:25 +0000] "GET /category/finance HTTP/1.1" 200 124 "/category/software?from=10" "Mozilla/5.0 (Windows NT 5.1) AppleWebKit/535.11 (KHTML, like Gecko) Chrome/17.0.963.46 Safari/535.11"
44.198.102.63 - - [17/Nov/2017:13:12:30 +0000] "GET /item/games/152 HTTP/1.1" 200 133 "/category/jewelry" "Mozilla/5.0 (compatible; MSIE 9.0; Windows NT 6.1; Trident/5.0)"
32.162.92.58 - - [17/Nov/2017:13:12:35 +0000] "GET /category/software HTTP/1.1" 200 70 "-" "Mozilla/5.0 (compatible; MSIE 9.0; Windows NT 6.1; WOW64; Trident/5.0)"
20.60.176.150 - - [17/Nov/2017:13:12:40 +0000] "GET /category/electronics HTTP/1.1" 200 62 "/category/electronics" "Mozilla/5.0 (Windows NT 6.0; rv:10.0.1) Gecko/20100101 Firefox/10.0.1"
60.177.133.24 - - [17/Nov/2017:13:12:45 +0000] "GET /category/games HTTP/1.1" 200 108 "-" "Mozilla/4.0 (compatible; MSIE 8.0; Windows NT 5.1; Trident/4.0; YTB720; GTB7.2; .NET CLR 1.1.4322; .NET CLR 2.0.50727; .NET CLR 3.0.4506.2152; .NET CLR 3.5.30729)"
208.126.73.169 - - [17/Nov/2017:13:12:50 +0000] "GET /category/games HTTP/1.1" 200 104 "/item/electronics/4582" "Mozilla/5.0 (compatible; MSIE 9.0; Windows NT 6.1; WOW64; Trident/5.0)"
48.213.177.74 - - [17/Nov/2017:13:12:55 +0000] "GET /category/finance HTTP/1.1" 200 68 "-" "Mozilla/5.0 (compatible; Googlebot/2.1; +http://www.google.com/bot.html)"
60.225.108.28 - - [17/Nov/2017:13:13:00 +0000] "GET /category/garden?from=0 HTTP/1.1" 200 90 "/category/games" "Mozilla/5.0 (compatible; MSIE 9.0; Windows NT 6.1; WOW64; Trident/5.0)"
220.102.98.97 - - [17/Nov/2017:13:13:05 +0000] "GET /item/software/1768 HTTP/1.1" 200 96 "/item/music/4403" "Mozilla/4.0 (compatible; MSIE 8.0; Windows NT 6.1; Trident/4.0; YTB730; SLCC2; .NET CLR 2.0.50727; .NET CLR 3.5.30729; .NET CLR 3.0.30729; Media Center PC 6.0; .NET4.0C)"
140.120.215.134 - - [17/Nov/2017:13:13:10 +0000] "GET /item/toys/3743 HTTP/1.1" 200 46 "/search/?c=Toys+Games" "Mozilla/5.0 (Windows NT 6.1; WOW64) AppleWebKit/535.7 (KHTML, like Gecko) Chrome/16.0.912.77 Safari/535.7"
200.225.111.124 - - [17/Nov/2017:13:13:15 +0000] "GET /category/health?from=0 HTTP/1.1" 200 81 "/search/?c=Health+Software" "Mozilla/4.0 (compatible; MSIE 8.0; Windows NT 6.1; WOW64; Trident/4.0; GTB7.2; SLCC2; .NET CLR 2.0.50727; .NET CLR 3.5.30729; .NET CLR 3.0.30729; Media Center PC 6.0; .NET4.0C)"
64.138.87.214 - - [17/Nov/2017:13:13:20 +0000] "GET /category/games HTTP/1.1" 200 83 "/category/cameras" "Mozilla/5.0 (iPad; CPU OS 5_0_1 like Mac OS X) AppleWebKit/534.46 (KHTML, like Gecko) Version/5.1 Mobile/9A405 Safari/7534.48.3"
104.111.99.133 - - [17/Nov/2017:13:13:25 +0000] "POST /search/?c=Books HTTP/1.1" 200 127 "-" "Mozilla/5.0 (Windows NT 6.1; WOW64; rv:10.0.1) Gecko/20100101 Firefox/10.0.1"
176.39.95.81 - - [17/Nov/2017:13:13:30 +0000] "GET /category/jewelry HTTP/1.1" 200 102 "-" "Mozilla/5.0 (compatible; MSIE 9.0; Windows NT 6.1; Trident/5.0)"
136.180.163.90 - - [17/Nov/2017:13:13:35 +0000] "GET /item/health/961 HTTP/1.1" 200 102 "/item/electronics/4582" "Mozilla/5.0 (compatible; MSIE 9.0; Windows NT 6.1; WOW64; Trident/5.0)"
40.111.117.84 - - [17/Nov/2017:13:13:40 +0000] "GET /item/computers/809 HTTP/1.1" 200 128 "/item/electronics/4270" "Mozilla/5.0 (compatible; Googlebot/2.1; +http://www.google.com/bot.html)"
24.57.24.122 - - [17/Nov/2017:13:13:45 +0000] "GET /item/books/4062 HTTP/1.1" 200 105 "/item/electronics/1270" "Mozilla/5.0 (compatible; MSIE 9.0; Windows NT 6.1; Trident/5.0)"
76.153.173.21 - - [17/Nov/2017:13:13:50 +0000] "GET /category/garden HTTP/1.1" 200 94 "/item/office/512" "Mozilla/5.0 (compatible; MSIE 9.0; Windows NT 6.1; Trident/5.0)"
192.183.227.24 - - [17/Nov/2017:13:13:55 +0000] "GET /category/health HTTP/1.1" 200 120 "/item/garden/957" "Mozilla/4.0 (compatible; MSIE 8.0; Windows NT 6.1; Trident/4.0; YTB730; SLCC2; .NET CLR 2.0.50727; .NET CLR 3.5.30729; .NET CLR 3.0.30729; Media Center PC 6.0; .NET4.0C)"
40.78.48.94 - - [17/Nov/2017:13:14:00 +0000] "GET /category/cameras?from=10 HTTP/1.1" 200 72 "/search/?c=Cameras+Software" "Mozilla/4.0 (compatible; MSIE 8.0; Windows NT 6.1; WOW64; Trident/4.0; GTB7.2; SLCC2; .NET CLR 2.0.50727; .NET CLR 3.5.30729; .NET CLR 3.0.30729; Media Center PC 6.0; .NET4.0C)"
208.84.85.126 - - [17/Nov/2017:13:14:05 +0000] "GET /category/games HTTP/1.1" 200 91 "-" "Mozilla/5.0 (Windows NT 6.1; WOW64; rv:10.0.1) Gecko/20100101 Firefox/10.0.1"
152.150.62.199 - - [17/Nov/2017:13:14:10 +0000] "GET /item/games/2268 HTTP/1.1" 200 100 "/search/?c=Books+Giftcards" "Mozilla/5.0 (Windows NT 6.1; WOW64) AppleWebKit/535.11 (KHTML, like Gecko) Chrome/17.0.963.56 Safari/535.11"
36.219.69.202 - - [17/Nov/2017:13:14:15 +0000] "GET /category/games HTTP/1.1" 200 114 "/item/finance/2872" "Mozilla/4.0 (compatible; MSIE 8.0; Windows NT 5.1; Trident/4.0; YTB720; GTB7.2; .NET CLR 1.1.4322; .NET CLR 2.0.50727; .NET CLR 3.0.4506.2152; .NET CLR 3.5.30729)"
148.99.211.139 - - [17/Nov/2017:13:14:20 +0000] "POST /search/?c=Software HTTP/1.1" 200 42 "/category/books" "Mozilla/4.0 (compatible; MSIE 8.0; Windows NT 6.1; WOW64; Trident/4.0; YTB730; GTB7.2; SLCC2; .NET CLR 2.0.50727; .NET CLR 3.5.30729; .NET CLR 3.0.30729; .NET4.0C; .NET4.0E; Media Center PC 6.0)"
120.129.24.195 - - [17/Nov/2017:13:14:25 +0000] "GET /category/giftcards HTTP/1.1" 200 120 "-" "Mozilla/5.0 (Windows NT 6.1; WOW64) AppleWebKit/535.7 (KHTML, like Gecko) Chrome/16.0.912.77 Safari/535.7"
172.51.61.163 - - [17/Nov/2017:13:14:30 +0000] "GET /category/electronics HTTP/1.1" 200 44 "/category/computers" "Mozilla/5.0 (Windows NT 6.1; WOW64; rv:10.0.1) Gecko/20100101 Firefox/10.0.1"
20.192.47.128 - - [17/Nov/2017:13:14:35 +0000] "GET /item/office/4595 HTTP/1.1" 200 137 "-" "Mozilla/5.0 (Windows NT 6.1; WOW64) AppleWebKit/535.7 (KHTML, like Gecko) Chrome/16.0.912.77 Safari/535.7"
20.153.84.177 - - [17/Nov/2017:13:14:40 +0000] "GET /category/office HTTP/1.1" 200 127 "/search/?c=Toys" "Mozilla/5.0 (Windows NT 6.1; WOW64) AppleWebKit/535.7 (KHTML, like Gecko) Chrome/16.0.912.77 Safari/535.7"
20.180.93.217 - - [17/Nov/2017:13:14:45 +0000] "GET /category/electronics?from=20 HTTP/1.1" 200 124 "/category/software" "Mozilla/4.0 (compatible; MSIE 8.0; Windows NT 6.1; WOW64; Trident/4.0; YTB730; GTB7.2; SLCC2; .NET CLR 2.0.50727; .NET CLR 3.5.30729; .NET CLR 3.0.30729; .NET4.0C; .NET4.0E; Media Center PC 6.0)"
140.207.125.132 - - [17/Nov/2017:13:14:50 +0000] "GET /item/health/3531 HTTP/1.1" 200 50 "/category/games" "Mozilla/5.0 (Windows NT 6.1; WOW64) AppleWebKit/535.11 (KHTML, like Gecko) Chrome/17.0.963.56 Safari/535.11"
100.93.108.122 - - [17/Nov/2017:13:14:55 +0000] "GET /category/software?from=0 HTTP/1.1" 200 64 "-" "Mozilla/4.0 (compatible; MSIE 8.0; Windows NT 6.1; WOW64; Trident/4.0; GTB7.2; SLCC2; .NET CLR 2.0.50727; .NET CLR 3.5.30729; .NET CLR 3.0.30729; Media Center PC 6.0; .NET4.0C)"
20.144.126.37 - - [17/Nov/2017:13:15:00 +0000] "GET /category/electronics HTTP/1.1" 200 116 "/item/health/4027" "Mozilla/5.0 (Windows NT 6.0; rv:10.0.1) Gecko/20100101 Firefox/10.0.1"
80.186.195.122 - - [17/Nov/2017:13:15:05 +0000] "GET /category/games HTTP/1.1" 200 45 "/item/books/180" "Mozilla/5.0 (Windows NT 6.1; WOW64; rv:10.0.1) Gecko/20100101 Firefox/10.0.1"
60.126.223.156 - - [17/Nov/2017:13:15:10 +0000] "GET /category/office HTTP/1.1" 200 72 "-" "Mozilla/5.0 (Windows NT 6.0; rv:10.0.1) Gecko/20100101 Firefox/10.0.1"
200.33.165.54 - - [17/Nov/2017:13:15:15 +0000] "GET /item/cameras/1329 HTTP/1.1" 200 59 "http://www.google.com/search?ie=UTF-8&q=google&sclient=psy-ab&q=Cameras+Sports&oq=Cameras+Sports&aq=f&aqi=g-vL1&aql=&pbx=1&bav=on.2,or.r_gc.r_pw.r_qf.,cf.osb&biw=3404&bih=265" "Mozilla/5.0 (Windows NT 6.0; rv:10.0.1) Gecko/20100101 Firefox/10.0.1"
28.150.146.21 - - [17/Nov/2017:13:15:20 +0000] "GET /category/software HTTP/1.1" 200 64 "/item/giftcards/4231" "Mozilla/5.0 (Macintosh; Intel Mac OS X 10.6; rv:9.0.1) Gecko/20100101 Firefox/9.0.1"
40.141.85.63 - - [17/Nov/2017:13:15:25 +0000] "GET /category/games HTTP/1.1" 200 69 "/category/electronics?from=0" "Mozilla/5.0 (Windows NT 6.0; rv:10.0.1) Gecko/20100101 Firefox/10.0.1"
60.126.223.156 - - [17/Nov/2017:13:15:30 +0000] "GET /category/software?from=0 HTTP/1.1" 200 40 "/search/?c=Software" "Mozilla/5.0 (Windows NT 6.0; rv:10.0.1) Gecko/20100101 Firefox/10.0.1"
216.210.207.165 - - [17/Nov/2017:13:15:35 +0000] "GET /category/games HTTP/1.1" 200 87 "-" "Mozilla/4.0 (compatible; MSIE 8.0; Windows NT 6.1; WOW64; Trident/4.0; YTB730; GTB7.2; EasyBits GO v1.0; SLCC2; .NET CLR 2.0.50727; .NET CLR 3.5.30729; .NET CLR 3.0.30729; Media Center PC 6.0; .NET4.0C)"
40.27.108.131 - - [17/Nov/2017:13:15:40 +0000] "POST /search/?c=Books+Electronics HTTP/1.1" 200 79 "/category/books" "Mozilla/4.0 (compatible; MSIE 8.0; Windows NT 6.1; WOW64; Trident/4.0; GTB7.2; SLCC2; .NET CLR 2.0.50727; .NET CLR 3.5.30729; .NET CLR 3.0.30729; Media Center PC 6.0; .NET4.0C)"
136.60.226.41 - - [17/Nov/2017:13:15:45 +0000] "GET /category/cameras HTTP/1.1" 200 97 "-" "Mozilla/4.0 (compatible; MSIE 8.0; Windows NT 6.1; WOW64; Trident/4.0; YTB730; GTB7.2; EasyBits GO v1.0; SLCC2; .NET CLR 2.0.50727; .NET CLR 3.5.30729; .NET CLR 3.0.30729; Media Center PC 6.0; .NET4.0C)"
152.21.213.161 - - [17/Nov/2017:13:15:50 +0000] "POST /search/?c=Software HTTP/1.1" 200 61 "/item/electronics/2670" "Mozilla/5.0 (Windows NT 6.1; WOW64) AppleWebKit/535.7 (KHTML, like Gecko) Chrome/16.0.912.77 Safari/535.7"
212.171.62.26 - - [17/Nov/2017:13:15:55 +0000] "GET /category/health HTTP/1.1" 200 94 "-" "Mozilla/5.0 (compatible; MSIE 9.0; Windows NT 6.1; WOW64; Trident/5.0)"
216.48.29.169 - - [17/Nov/2017:13:16:00 +0000] "GET /category/music HTTP/1.1" 200 44 "/category/software" "Mozilla/4.0 (compatible; MSIE 8.0; Windows NT 6.1; Trident/4.0; YTB730; SLCC2; .NET CLR 2.0.50727; .NET CLR 3.5.30729; .NET CLR 3.0.30729; Media Center PC 6.0; .NET4.0C)"
220.159.151.36 - - [17/Nov/2017:13:16:05 +0000] "GET /item/electronics/3224 HTTP/1.1" 200 120 "/search/?c=Electronics" "Mozilla/4.0 (compatible; MSIE 8.0; Windows NT 6.1; WOW64; Trident/4.0; YTB730; GTB7.2; SLCC2; .NET CLR 2.0.50727; .NET CLR 3.5.30729; .NET CLR 3.0.30729; .NET4.0C; .NET4.0E; Media Center PC 6.0)"
84.216.173.176 - - [17/Nov/2017:13:16:10 +0000] "GET /category/electronics HTTP/1.1" 200 138 "-" "Mozilla/5.0 (compatible; MSIE 9.0; Windows NT 6.1; WOW64; Trident/5.0)"
148.18.219.25 - - [17/Nov/2017:13:16:15 +0000] "GET /category/electronics HTTP/1.1" 200 89 "/item/books/335" "Mozilla/5.0 (Windows NT 6.0; rv:10.0.1) Gecko/20100101 Firefox/10.0.1"
212.156.57.223 - - [17/Nov/2017:13:16:20 +0000] "GET /item/electronics/2670 HTTP/1.1" 200 51 "/category/electronics" "Mozilla/5.0 (iPad; CPU OS 5_0_1 like Mac OS X) AppleWebKit/534.46 (KHTML, like Gecko) Version/5.1 Mobile/9A405 Safari/7534.48.3"
176.63.34.227 - - [17/Nov/2017:13:16:25 +0000] "POST /search/?c=Electronics+Toys HTTP/1.1" 200 128 "-" "Mozilla/5.0 (compatible; Googlebot/2.1; +http://www.google.com/bot.html)"
164.120.51.110 - - [17/Nov/2017:13:16:30 +0000] "GET /category/jewelry HTTP/1.1" 200 78 "-" "Mozilla/5.0 (Windows NT 6.0) AppleWebKit/535.11 (KHTML, like Gecko) Chrome/17.0.963.56 Safari/535.11"
104.117.61.206 - - [17/Nov/2017:13:16:35 +0000] "GET /category/electronics HTTP/1.1" 200 118 "/item/electronics/1057" "Mozilla/5.0 (Windows NT 6.0; rv:10.0.1) Gecko/20100101 Firefox/10.0.1"
36.192.196.184 - - [17/Nov/2017:13:16:40 +0000] "GET /item/games/526 HTTP/1.1" 200 104 "/category/electronics?from=20" "Mozilla/5.0 (Windows NT 6.0; rv:10.0.1) Gecko/20100101 Firefox/10.0.1"
140.213.200.225 - - [17/Nov/2017:13:16:45 +0000] "GET /category/health HTTP/1.1" 200 120 "/item/computers/770" "Mozilla/4.0 (compatible; MSIE 8.0; Windows NT 5.1; Trident/4.0; BTRS122159; GTB7.2; .NET CLR 1.1.4322; .NET CLR 2.0.50727; .NET CLR 3.0.04506.30; .NET CLR 3.0.4506.2152; .NET CLR 3.5.30729; BRI/2)"
212.219.212.37 - - [17/Nov/2017:13:16:50 +0000] "GET /category/games HTTP/1.1" 200 99 "-" "Mozilla/5.0 (iPhone; CPU iPhone OS 5_0_1 like Mac OS X) AppleWebKit/534.46 (KHTML, like Gecko) Version/5.1 Mobile/9A405 Safari/7534.48.3"
108.93.207.173 - - [17/Nov/2017:13:16:55 +0000] "GET /category/office HTTP/1.1" 200 135 "-" "Mozilla/5.0 (Macintosh; Intel Mac OS X 10.6; rv:9.0.1) Gecko/20100101 Firefox/9.0.1"
172.165.188.104 - - [17/Nov/2017:13:17:00 +0000] "GET /item/electronics/1206 HTTP/1.1" 200 136 "-" "Mozilla/5.0 (Macintosh; Intel Mac OS X 10.6; rv:9.0.1) Gecko/20100101 Firefox/9.0.1"
216.48.29.169 - - [17/Nov/2017:13:17:05 +0000] "POST /search/?c=Music+Music HTTP/1.1" 200 119 "/category/finance" "Mozilla/5.0 (Windows NT 6.0) AppleWebKit/535.11 (KHTML, like Gecko) Chrome/17.0.963.56 Safari/535.11"
108.132.126.119 - - [17/Nov/2017:13:17:10 +0000] "GET /item/garden/4648 HTTP/1.1" 200 76 "/category/software" "Mozilla/4.0 (compatible; MSIE 8.0; Windows NT 6.0; WOW64; Trident/4.0; GTB6; SLCC1; .NET CLR 2.0.50727; Media Center PC 5.0; .NET CLR 3.5.30729; .NET CLR 3.0.30618; .NET4.0C)"
108.219.222.220 - - [17/Nov/2017:13:17:15 +0000] "GET /category/electronics HTTP/1.1" 200 65 "/category/garden" "Mozilla/4.0 (compatible; MSIE 8.0; Windows NT 5.1; Trident/4.0; BTRS122159; GTB7.2; .NET CLR 1.1.4322; .NET CLR 2.0.50727; .NET CLR 3.0.04506.30; .NET CLR 3.0.4506.2152; .NET CLR 3.5.30729; BRI/2)"
80.144.46.167 - - [17/Nov/2017:13:17:20 +0000] "GET /category/cameras HTTP/1.1" 200 109 "-" "Mozilla/5.0 (compatible; MSIE 9.0; Windows NT 6.1; Trident/5.0)"
160.156.210.144 - - [17/Nov/2017:13:17:25 +0000] "GET /category/office HTTP/1.1" 200 126 "/category/books" "Mozilla/5.0 (iPad; CPU OS 5_0_1 like Mac OS X) AppleWebKit/534.46 (KHTML, like Gecko) Version/5.1 Mobile/9A405 Safari/7534.48.3"
84.21.159.189 - - [17/Nov/2017:13:17:30 +0000] "GET /category/sports?from=0 HTTP/1.1" 200 81 "/category/sports" "Mozilla/5.0 (Macintosh; Intel Mac OS X 10.6; rv:9.0.1) Gecko/20100101 Firefox/9.0.1"
52.159.188.199 - - [17/Nov/2017:13:17:35 +0000] "GET /category/books HTTP/1.1" 200 121 "/item/finance/1295" "Mozilla/5.0 (compatible; MSIE 9.0; Windows NT 6.1; WOW64; Trident/5.0)"
132.84.135.35 - - [17/Nov/2017:13:17:40 +0000] "GET /category/office HTTP/1.1" 200 69 "-" "Mozilla/4.0 (compatible; MSIE 8.0; Windows NT 6.1; WOW64; Trident/4.0; YTB730; GTB7.2; EasyBits GO v1.0; SLCC2; .NET CLR 2.0.50727; .NET CLR 3.5.30729; .NET CLR 3.0.30729; Media Center PC 6.0; .NET4.0C)"
228.111.87.205 - - [17/Nov/2017:13:17:45 +0000] "GET /category/electronics HTTP/1.1" 200 82 "/category/electronics" "Mozilla/5.0 (Macintosh; Intel Mac OS X 10.6; rv:9.0.1) Gecko/20100101 Firefox/9.0.1"
108.141.179.49 - - [17/Nov/2017:13:17:50 +0000] "GET /category/electronics HTTP/1.1" 200 84 "/category/sports" "Mozilla/5.0 (compatible; MSIE 9.0; Windows NT 6.1; Trident/5.0)"
212.75.227.45 - - [17/Nov/2017:13:17:55 +0000] "GET /item/games/3390 HTTP/1.1" 200 42 "-" "Mozilla/5.0 (Macintosh; Intel Mac OS X 10.6; rv:9.0.1) Gecko/20100101 Firefox/9.0.1"
196.63.209.217 - - [17/Nov/2017:13:18:00 +0000] "GET /category/books?from=10 HTTP/1.1" 200 97 "/search/?c=Books+Networking" "Mozilla/5.0 (Macintosh; Intel Mac OS X 10.6; rv:9.0.1) Gecko/20100101 Firefox/9.0.1"
76.153.173.21 - - [17/Nov/2017:13:18:05 +0000] "GET /category/office HTTP/1.1" 200 57 "/category/music" "Mozilla/5.0 (compatible; MSIE 9.0; Windows NT 6.1; Trident/5.0)"
220.195.117.90 - - [17/Nov/2017:13:18:10 +0000] "GET /item/games/3254 HTTP/1.1" 200 41 "/search/?c=Games+Jewelry" "Mozilla/5.0 (Windows NT 6.0; rv:10.0.1) Gecko/20100101 Firefox/10.0.1"
68.201.134.81 - - [17/Nov/2017:13:18:15 +0000] "GET /category/electronics?from=20 HTTP/1.1" 200 124 "/search/?c=Electronics" "Mozilla/5.0 (Macintosh; Intel Mac OS X 10.6; rv:9.0.1) Gecko/20100101 Firefox/9.0.1"
56.150.73.159 - - [17/Nov/2017:13:18:20 +0000] "GET /category/cameras HTTP/1.1" 200 127 "http://www.google.com/search?ie=UTF-8&q=google&sclient=psy-ab&q=Cameras+Books&oq=Cameras+Books&aq=f&aqi=g-vL1&aql=&pbx=1&bav=on.2,or.r_gc.r_pw.r_qf.,cf.osb&biw=4940&bih=578" "Mozilla/5.0 (iPad; CPU OS 5_0_1 like Mac OS X) AppleWebKit/534.46 (KHTML, like Gecko) Version/5.1 Mobile/9A405 Safari/7534.48.3"
188.165.102.75 - - [17/Nov/2017:13:18:25 +0000] "GET /item/electronics/1057 HTTP/1.1" 200 137 "-" "Mozilla/5.0 (Windows NT 6.0) AppleWebKit/535.11 (KHTML, like Gecko) Chrome/17.0.963.56 Safari/535.11"
44.198.69.129 - - [17/Nov/2017:13:18:30 +0000] "GET /category/computers HTTP/1.1" 200 114 "-" "Mozilla/5.0 (Windows NT 6.0; rv:10.0.1) Gecko/20100101 Firefox/10.0.1"
112.186.182.189 - - [17/Nov/2017:13:18:35 +0000] "GET /category/networking HTTP/1.1" 200 46 "/category/software" "Mozilla/5.0 (iPad; CPU OS 5_0_1 like Mac OS X) AppleWebKit/534.46 (KHTML, like Gecko) Version/5.1 Mobile/9A405 Safari/7534.48.3"
48.75.157.55 - - [17/Nov/2017:13:18:40 +0000] "GET /category/electronics HTTP/1.1" 200 54 "/category/software" "Mozilla/4.0 (compatible; MSIE 8.0; Windows NT 6.1; WOW64; Trident/4.0; YTB730; GTB7.2; SLCC2; .NET CLR 2.0.50727; .NET CLR 3.5.30729; .NET CLR 3.0.30729; .NET4.0C; .NET4.0E; Media Center PC 6.0)"
144.210.145.43 - - [17/Nov/2017:13:18:45 +0000] "GET /item/music/4221 HTTP/1.1" 200 94 "-" "Mozilla/4.0 (compatible; MSIE 8.0; Windows NT 6.1; WOW64; Trident/4.0; YTB730; GTB7.2; SLCC2; .NET CLR 2.0.50727; .NET CLR 3.5.30729; .NET CLR 3.0.30729; .NET4.0C; .NET4.0E; Media Center PC 6.0)"
172.171.155.192 - - [17/Nov/2017:13:18:50 +0000] "GET /category/electronics HTTP/1.1" 200 42 "/category/health" "Mozilla/5.0 (Macintosh; Intel Mac OS X 10.6; rv:9.0.1) Gecko/20100101 Firefox/9.0.1"
24.150.142.226 - - [17/Nov/2017:13:18:55 +0000] "GET /category/computers HTTP/1.1" 200 89 "/item/electronics/3574" "Mozilla/5.0 (Windows NT 6.1; WOW64; rv:10.0.1) Gecko/20100101 Firefox/10.0.1"
140.63.80.89 - - [17/Nov/2017:13:19:00 +0000] "GET /category/garden HTTP/1.1" 200 97 "/category/electronics" "Mozilla/4.0 (compatible; MSIE 8.0; Windows NT 5.1; Trident/4.0; BTRS122159; GTB7.2; .NET CLR 1.1.4322; .NET CLR 2.0.50727; .NET CLR 3.0.04506.30; .NET CLR 3.0.4506.2152; .NET CLR 3.5.30729; BRI/2)"
136.54.219.130 - - [17/Nov/2017:13:19:05 +0000] "GET /category/electronics HTTP/1.1" 200 89 "/category/giftcards" "Mozilla/5.0 (Windows NT 6.1; WOW64; rv:10.0.1) Gecko/20100101 Firefox/10.0.1"
148.171.78.128 - - [17/Nov/2017:13:19:10 +0000] "GET /item/jewelry/428 HTTP/1.1" 200 53 "/item/giftcards/2263" "Mozilla/5.0 (Windows NT 6.1; WOW64) AppleWebKit/535.11 (KHTML, like Gecko) Chrome/17.0.963.56 Safari/535.11"
36.144.139.176 - - [17/Nov/2017:13:19:15 +0000] "GET /category/jewelry HTTP/1.1" 200 102 "/search/?c=Books" "Mozilla/4.0 (compatible; MSIE 8.0; Windows NT 5.1; Trident/4.0; BTRS122159; GTB7.2; .NET CLR 1.1.4322; .NET CLR 2.0.50727; .NET CLR 3.0.04506.30; .NET CLR 3.0.4506.2152; .NET CLR 3.5.30729; BRI/2)"
140.216.85.20 - - [17/Nov/2017:13:19:20 +0000] "GET /category/games HTTP/1.1" 200 59 "-" "Mozilla/5.0 (Windows NT 6.0; rv:10.0.1) Gecko/20100101 Firefox/10.0.1"
164.78.138.100 - - [17/Nov/2017:13:19:25 +0000] "GET /category/games HTTP/1.1" 200 133 "-" "Mozilla/5.0 (Windows NT 6.1; WOW64; rv:10.0.1) Gecko/20100101 Firefox/10.0.1"
160.117.214.164 - - [17/Nov/2017:13:19:30 +0000] "GET /item/giftcards/2263 HTTP/1.1" 200 78 "/item/electronics/1433" "Mozilla/5.0 (Windows NT 6.0; rv:10.0.1) Gecko/20100101 Firefox/10.0.1"
168.60.226.215 - - [17/Nov/2017:13:19:35 +0000] "GET /category/software HTTP/1.1" 200 103 "/item/electronics/446" "Mozilla/5.0 (Windows NT 6.0; rv:10.0.1) Gecko/20100101 Firefox/10.0.1"
140.72.79.22 - - [17/Nov/2017:13:19:40 +0000] "GET /category/electronics HTTP/1.1" 200 84 "/category/software" "Mozilla/5.0 (Windows NT 6.1; WOW64) AppleWebKit/535.7 (KHTML, like Gecko) Chrome/16.0.912.77 Safari/535.7"
128.54.20.112 - - [17/Nov/2017:13:19:45 +0000] "GET /item/software/3887 HTTP/1.1" 200 100 "http://www.google.com/search?ie=UTF-8&q=google&sclient=psy-ab&q=Software+Giftcards&oq=Software+Giftcards&aq=f&aqi=g-vL1&aql=&pbx=1&bav=on.2,or.r_gc.r_pw.r_qf.,cf.osb&biw=1806&bih=315" "Mozilla/5.0 (compatible; MSIE 9.0; Windows NT 6.1; Trident/5.0)"
96.180.146.219 - - [17/Nov/2017:13:19:50 +0000] "GET /category/health HTTP/1.1" 200 79 "/category/books" "Mozilla/5.0 (Windows NT 6.1; WOW64; rv:10.0.1) Gecko/20100101 Firefox/10.0.1"
92.147.222.43 - - [17/Nov/2017:13:19:55 +0000] "GET /category/electronics HTTP/1.1" 200 61 "-" "Mozilla/5.0 (iPhone; CPU iPhone OS 5_0_1 like Mac OS X) AppleWebKit/534.46 (KHTML, like Gecko) Version/5.1 Mobile/9A405 Safari/7534.48.3"
176.30.78.65 - - [17/Nov/2017:13:20:00 +0000] "GET /item/electronics/4642 HTTP/1.1" 200 65 "-" "Mozilla/5.0 (compatible; MSIE 9.0; Windows NT 6.1; WOW64; Trident/5.0)"
212.174.139.73 - - [17/Nov/2017:13:20:05 +0000] "GET /category/computers HTTP/1.1" 200 89 "/item/sports/933" "Mozilla/5.0 (compatible; MSIE 9.0; Windows NT 6.1; Trident/5.0)"
96.75.214.176 - - [17/Nov/2017:13:20:10 +0000] "GET /item/toys/2937 HTTP/1.1" 200 54 "/category/sports" "Mozilla/5.0 (Windows NT 6.0; rv:10.0.1) Gecko/20100101 Firefox/10.0.1"
156.93.179.59 - - [17/Nov/2017:13:20:15 +0000] "GET /category/electronics HTTP/1.1" 200 98 "-" "Mozilla/5.0 (compatible; MSIE 9.0; Windows NT 6.1; Trident/5.0)"
164.186.39.214 - - [17/Nov/2017:13:20:20 +0000] "POST /search/?c=Games+Books HTTP/1.1" 200 68 "/category/electronics" "Mozilla/4.0 (compatible; MSIE 8.0; Windows NT 6.1; WOW64; Trident/4.0; YTB730; GTB7.2; SLCC2; .NET CLR 2.0.50727; .NET CLR 3.5.30729; .NET CLR 3.0.30729; .NET4.0C; .NET4.0E; Media Center PC 6.0)"
188.144.194.102 - - [17/Nov/2017:13:20:25 +0000] "GET /category/jewelry HTTP/1.1" 200 40 "http://www.google.com/search?ie=UTF-8&q=google&sclient=psy-ab&q=Jewelry+Networking&oq=Jewelry+Networking&aq=f&aqi=g-vL1&aql=&pbx=1&bav=on.2,or.r_gc.r_pw.r_qf.,cf.osb&biw=2299&bih=121" "Mozilla/5.0 (Windows NT 6.0; rv:10.0.1) Gecko/20100101 Firefox/10.0.1"
56.123.41.47 - - [17/Nov/2017:13:20:30 +0000] "GET /category/books HTTP/1.1" 200 65 "/category/office" "Mozilla/5.0 (Windows NT 6.0; rv:10.0.1) Gecko/20100101 Firefox/10.0.1"
44.198.69.129 - - [17/Nov/2017:13:20:35 +0000] "GET /category/games HTTP/1.1" 200 133 "/item/electronics/4629" "Mozilla/5.0 (Windows NT 6.1; WOW64; rv:10.0.1) Gecko/20100101 Firefox/10.0.1"
160.177.125.192 - - [17/Nov/2017:13:20:40 +0000] "GET /item/games/1885 HTTP/1.1" 200 83 "/item/cameras/2541" "Mozilla/5.0 (Windows NT 6.0; rv:10.0.1) Gecko/20100101 Firefox/10.0.1"
88.57.117.104 - - [17/Nov/2017:13:20:45 +0000] "GET /item/books/469 HTTP/1.1" 200 95 "/search/?c=Books+Electronics" "Mozilla/5.0 (Windows NT 6.0) AppleWebKit/535.11 (KHTML, like Gecko) Chrome/17.0.963.56 Safari/535.11"
80.39.220.94 - - [17/Nov/2017:13:20:50 +0000] "GET /category/electronics HTTP/1.1" 200 56 "/item/books/2829" "Mozilla/5.0 (compatible; MSIE 9.0; Windows NT 6.1; WOW64; Trident/5.0)"
136.30.65.186 - - [17/Nov/2017:13:20:55 +0000] "GET /category/software HTTP/1.1" 200 116 "-" "Mozilla/5.0 (iPhone; CPU iPhone OS 5_0_1 like Mac OS X) AppleWebKit/534.46 (KHTML, like Gecko) Version/5.1 Mobile/9A405 Safari/7534.48.3"
84.117.111.177 - - [17/Nov/2017:13:21:00 +0000] "GET /item/games/4819 HTTP/1.1" 200 115 "/category/jewelry" "Mozilla/5.0 (Macintosh; Intel Mac OS X 10.6; rv:9.0.1) Gecko/20100101 Firefox/9.0.1"
216.84.184.134 - - [17/Nov/2017:13:21:05 +0000] "GET /category/finance?from=10 HTTP/1.1" 200 96 "/category/games" "Mozilla/5.0 (Windows NT 6.1; WOW64) AppleWebKit/535.11 (KHTML, like Gecko) Chrome/17.0.963.56 Safari/535.11"
164.135.96.20 - - [17/Nov/2017:13:21:10 +0000] "GET /category/toys HTTP/1.1" 200 126 "/category/electronics" "Mozilla/5.0 (Windows NT 6.1; WOW64) AppleWebKit/535.11 (KHTML, like Gecko) Chrome/17.0.963.56 Safari/535.11"
92.144.202.140 - - [17/Nov/2017:13:21:15 +0000] "GET /category/electronics HTTP/1.1" 200 113 "-" "Mozilla/4.0 (compatible; MSIE 8.0; Windows NT 5.1; Trident/4.0; BTRS122159; GTB7.2; .NET CLR 1.1.4322; .NET CLR 2.0.50727; .NET CLR 3.0.04506.30; .NET CLR 3.0.4506.2152; .NET CLR 3.5.30729; BRI/2)"
88.123.35.97 - - [17/Nov/2017:13:21:20 +0000] "GET /category/electronics HTTP/1.1" 200 47 "-" "Mozilla/5.0 (compatible; MSIE 9.0; Windows NT 6.1; Trident/5.0)"
160.183.132.213 - - [17/Nov/2017:13:21:25 +0000] "GET /category/software?from=20 HTTP/1.1" 200 64 "-" "Mozilla/4.0 (compatible; MSIE 8.0; Windows NT 6.1; Trident/4.0; YTB730; SLCC2; .NET CLR 2.0.50727; .NET CLR 3.5.30729; .NET CLR 3.0.30729; Media Center PC 6.0; .NET4.0C)"
164.87.165.83 - - [17/Nov/2017:13:21:30 +0000] "GET /category/computers HTTP/1.1" 200 136 "/category/games" "Mozilla/4.0 (compatible; MSIE 8.0; Windows NT 5.1; Trident/4.0; YTB720; GTB7.2; .NET CLR 1.1.4322; .NET CLR 2.0.50727; .NET CLR 3.0.4506.2152; .NET CLR 3.5.30729)"
216.177.42.228 - - [17/Nov/2017:13:21:35 +0000] "GET /category/office HTTP/1.1" 200 57 "/search/?c=Office" "Mozilla/4.0 (compatible; MSIE 8.0; Windows NT 6.1; WOW64; Trident/4.0; YTB730; GTB7.2; SLCC2; .NET CLR 2.0.50727; .NET CLR 3.5.30729; .NET CLR 3.0.30729; .NET4.0C; .NET4.0E; Media Center PC 6.0)"
172.51.88.88 - - [17/Nov/2017:13:21:40 +0000] "GET /category/office HTTP/1.1" 200 88 "/item/music/4221" "Mozilla/5.0 (Windows NT 6.0; rv:10.0.1) Gecko/20100101 Firefox/10.0.1"
116.198.83.162 - - [17/Nov/2017:13:21:45 +0000] "GET /category/giftcards HTTP/1.1" 200 117 "/item/computers/3135" "Mozilla/5.0 (compatible; MSIE 9.0; Windows NT 6.1; WOW64; Trident/5.0)"
152.153.163.83 - - [17/Nov/2017:13:21:50 +0000] "GET /category/books HTTP/1.1" 200 84 "/item/electronics/867" "Mozilla/4.0 (compatible; MSIE 8.0; Windows NT 6.1; WOW64; Trident/4.0; YTB730; GTB7.2; SLCC2; .NET CLR 2.0.50727; .NET CLR 3.5.30729; .NET CLR 3.0.30729; .NET4.0C; .NET4.0E; Media Center PC 6.0)"
96.153.159.129 - - [17/Nov/2017:13:21:55 +0000] "GET /category/books?from=20 HTTP/1.1" 200 86 "-" "Mozilla/4.0 (compatible; MSIE 8.0; Windows NT 6.1; WOW64; Trident/4.0; YTB730; GTB7.2; SLCC2; .NET CLR 2.0.50727; .NET CLR 3.5.30729; .NET CLR 3.0.30729; .NET4.0C; .NET4.0E; Media Center PC 6.0)"
148.21.130.45 - - [17/Nov/2017:13:22:00 +0000] "GET /category/giftcards HTTP/1.1" 200 59 "/category/electronics?from=10" "Mozilla/4.0 (compatible; MSIE 8.0; Windows NT 5.1; Trident/4.0; BTRS122159; GTB7.2; .NET CLR 1.1.4322; .NET CLR 2.0.50727; .NET CLR 3.0.04506.30; .NET CLR 3.0.4506.2152; .NET CLR 3.5.30729; BRI/2)"
156.93.179.59 - - [17/Nov/2017:13:22:05 +0000] "GET /category/jewelry HTTP/1.1" 200 118 "-" "Mozilla/5.0 (Windows NT 6.0; rv:10.0.1) Gecko/20100101 Firefox/10.0.1"
128.123.38.119 - - [17/Nov/2017:13:22:10 +0000] "GET /category/finance HTTP/1.1" 200 52 "-" "Mozilla/5.0 (Windows NT 5.1) AppleWebKit/535.11 (KHTML, like Gecko) Chrome/17.0.963.46 Safari/535.11"
224.171.159.48 - - [17/Nov/2017:13:22:15 +0000] "GET /category/electronics HTTP/1.1" 200 84 "/category/office" "Mozilla/4.0 (compatible; MSIE 8.0; Windows NT 5.1; Trident/4.0; YTB720; GTB7.2; .NET CLR 1.1.4322; .NET CLR 2.0.50727; .NET CLR 3.0.4506.2152; .NET CLR 3.5.30729)"
76.138.226.38 - - [17/Nov/2017:13:22:20 +0000] "GET /item/games/4108 HTTP/1.1" 200 60 "/item/finance/1103" "Mozilla/5.0 (Windows NT 6.0; rv:10.0.1) Gecko/20100101 Firefox/10.0.1"
132.195.184.30 - - [17/Nov/2017:13:22:25 +0000] "GET /category/networking HTTP/1.1" 200 94 "/category/electronics" "Mozilla/5.0 (Macintosh; Intel Mac OS X 10.6; rv:9.0.1) Gecko/20100101 Firefox/9.0.1"
144.168.60.186 - - [17/Nov/2017:13:22:30 +0000] "GET /category/software HTTP/1.1" 200 72 "http://www.google.com/search?ie=UTF-8&q=google&sclient=psy-ab&q=Software+Jewelry&oq=Software+Jewelry&aq=f&aqi=g-vL1&aql=&pbx=1&bav=on.2,or.r_gc.r_pw.r_qf.,cf.osb&biw=3966&bih=392" "Mozilla/5.0 (Windows NT 6.0; rv:10.0.1) Gecko/20100101 Firefox/10.0.1"
144.222.227.44 - - [17/Nov/2017:13:22:35 +0000] "GET /category/books HTTP/1.1" 200 89 "-" "Mozilla/5.0 (Windows NT 6.0) AppleWebKit/535.11 (KHTML, like Gecko) Chrome/17.0.963.56 Safari/535.11"
180.186.35.139 - - [17/Nov/2017:13:22:40 +0000] "GET /category/jewelry?from=20 HTTP/1.1" 200 127 "-" "Mozilla/4.0 (compatible; MSIE 8.0; Windows NT 5.1; Trident/4.0; BTRS122159; GTB7.2; .NET CLR 1.1.4322; .NET CLR 2.0.50727; .NET CLR 3.0.04506.30; .NET CLR 3.0.4506.2152; .NET CLR 3.5.30729; BRI/2)"
60.72.43.103 - - [17/Nov/2017:13:22:45 +0000] "GET /category/software HTTP/1.1" 200 82 "/item/software/3523" "Mozilla/5.0 (Windows NT 6.0; rv:10.0.1) Gecko/20100101 Firefox/10.0.1"
128.39.75.36 - - [17/Nov/2017:13:22:50 +0000] "GET /item/jewelry/1473 HTTP/1.1" 200 48 "/category/jewelry" "Mozilla/5.0 (Windows NT 6.0; rv:10.0.1) Gecko/20100101 Firefox/10.0.1"
68.36.207.172 - - [17/Nov/2017:13:22:55 +0000] "GET /category/software HTTP/1.1" 200 98 "-" "Mozilla/5.0 (iPhone; CPU iPhone OS 5_0_1 like Mac OS X) AppleWebKit/534.46 (KHTML, like Gecko) Version/5.1 Mobile/9A405 Safari/7534.48.3"
140.36.40.82 - - [17/Nov/2017:13:23:00 +0000] "GET /item/games/110 HTTP/1.1" 200 48 "http://www.google.com/search?ie=UTF-8&q=google&sclient=psy-ab&q=Games+Computers&oq=Games+Computers&aq=f&aqi=g-vL1&aql=&pbx=1&bav=on.2,or.r_gc.r_pw.r_qf.,cf.osb&biw=4737&bih=191" "Mozilla/4.0 (compatible; MSIE 8.0; Windows NT 6.1; WOW64; Trident/4.0; YTB730; GTB7.2; EasyBits GO v1.0; SLCC2; .NET CLR 2.0.50727; .NET CLR 3.5.30729; .NET CLR 3.0.30729; Media Center PC 6.0; .NET4.0C)"
180.150.61.142 - - [17/Nov/2017:13:23:05 +0000] "GET /item/software/1831 HTTP/1.1" 200 69 "/item/games/4277" "Mozilla/5.0 (Macintosh; Intel Mac OS X 10.6; rv:9.0.1) Gecko/20100101 Firefox/9.0.1"
96.213.225.72 - - [17/Nov/2017:13:23:10 +0000] "GET /category/electronics HTTP/1.1" 200 91 "/category/games" "Mozilla/5.0 (Windows NT 6.1; WOW64) AppleWebKit/535.7 (KHTML, like Gecko) Chrome/16.0.912.77 Safari/535.7"
116.72.59.134 - - [17/Nov/2017:13:23:15 +0000] "GET /category/music?from=0 HTTP/1.1" 200 51 "-" "Mozilla/5.0 (Windows NT 6.0) AppleWebKit/535.11 (KHTML, like Gecko) Chrome/17.0.963.56 Safari/535.11"
96.24.145.93 - - [17/Nov/2017:13:23:20 +0000] "GET /category/software HTTP/1.1" 200 99 "/item/cameras/801" "Mozilla/5.0 (Windows NT 6.1; WOW64) AppleWebKit/535.11 (KHTML, like Gecko) Chrome/17.0.963.56 Safari/535.11"
104.93.76.126 - - [17/Nov/2017:13:23:25 +0000] "GET /item/software/4520 HTTP/1.1" 200 75 "/item/electronics/2792" "Mozilla/4.0 (compatible; MSIE 8.0; Windows NT 5.1; Trident/4.0; BTRS122159; GTB7.2; .NET CLR 1.1.4322; .NET CLR 2.0.50727; .NET CLR 3.0.04506.30; .NET CLR 3.0.4506.2152; .NET CLR 3.5.30729; BRI/2)"
84.21.159.189 - - [17/Nov/2017:13:23:30 +0000] "GET /category/electronics HTTP/1.1" 200 57 "-" "Mozilla/5.0 (Windows NT 6.1; WOW64; rv:10.0.1) Gecko/20100101 Firefox/10.0.1"
188.120.42.55 - - [17/Nov/2017:13:23:35 +0000] "GET /category/garden HTTP/1.1" 200 86 "/item/health/3590" "Mozilla/4.0 (compatible; MSIE 8.0; Windows NT 5.1; Trident/4.0; BTRS122159; GTB7.2; .NET CLR 1.1.4322; .NET CLR 2.0.50727; .NET CLR 3.0.04506.30; .NET CLR 3.0.4506.2152; .NET CLR 3.5.30729; BRI/2)"
208.183.145.211 - - [17/Nov/2017:13:23:40 +0000] "GET /category/electronics HTTP/1.1" 200 99 "/category/electronics" "Mozilla/5.0 (Windows NT 6.1; WOW64) AppleWebKit/535.11 (KHTML, like Gecko) Chrome/17.0.963.56 Safari/535.11"
172.33.83.66 - - [17/Nov/2017:13:23:45 +0000] "GET /category/software HTTP/1.1" 200 58 "/category/networking" "Mozilla/5.0 (Windows NT 6.1; WOW64) AppleWebKit/535.11 (KHTML, like Gecko) Chrome/17.0.963.56 Safari/535.11"
116.72.59.134 - - [17/Nov/2017:13:23:50 +0000] "GET /category/computers?from=20 HTTP/1.1" 200 52 "/item/garden/231" "Mozilla/5.0 (Windows NT 6.1; WOW64; rv:10.0.1) Gecko/20100101 Firefox/10.0.1"
36.51.160.119 - - [17/Nov/2017:13:23:55 +0000] "GET /category/games HTTP/1.1" 200 96 "-" "Mozilla/5.0 (compatible; MSIE 9.0; Windows NT 6.1; Trident/5.0)"
60.96.221.113 - - [17/Nov/2017:13:24:00 +0000] "GET /category/books HTTP/1.1" 200 137 "/item/books/2649" "Mozilla/5.0 (Windows NT 6.1; WOW64; rv:10.0.1) Gecko/20100101 Firefox/10.0.1"
196.36.158.223 - - [17/Nov/2017:13:24:05 +0000] "GET /item/software/2434 HTTP/1.1" 200 120 "/category/software" "Mozilla/5.0 (Windows NT 6.0) AppleWebKit/535.11 (KHTML, like Gecko) Chrome/17.0.963.56 Safari/535.11"
160.177.26.162 - - [17/Nov/2017:13:24:10 +0000] "GET /category/jewelry HTTP/1.1" 200 56 "/category/finance" "Mozilla/5.0 (compatible; MSIE 9.0; Windows NT 6.1; Trident/5.0)"
104.165.180.220 - - [17/Nov/2017:13:24:15 +0000] "POST /search/?c=Electronics+Garden HTTP/1.1" 200 139 "/category/books" "Mozilla/5.0 (Windows NT 6.1; WOW64) AppleWebKit/535.11 (KHTML, like Gecko) Chrome/17.0.963.56 Safari/535.11"
84.117.111.177 - - [17/Nov/2017:13:24:20 +0000] "GET /category/games HTTP/1.1" 200 99 "/category/software" "Mozilla/5.0 (Windows NT 6.1; WOW64; rv:10.0.1) Gecko/20100101 Firefox/10.0.1"
196.57.135.222 - - [17/Nov/2017:13:24:25 +0000] "GET /category/books HTTP/1.1" 200 67 "/category/electronics" "Mozilla/4.0 (compatible; MSIE 8.0; Windows NT 6.0; WOW64; Trident/4.0; GTB6; SLCC1; .NET CLR 2.0.50727; Media Center PC 5.0; .NET CLR 3.5.30729; .NET CLR 3.0.30618; .NET4.0C)"
80.189.195.176 - - [17/Nov/2017:13:24:30 +0000] "GET /item/giftcards/3166 HTTP/1.1" 200 108 "/item/electronics/367" "Mozilla/5.0 (Windows NT 6.1; WOW64) AppleWebKit/535.11 (KHTML, like Gecko) Chrome/17.0.963.56 Safari/535.11"
132.135.20.22 - - [17/Nov/2017:13:24:35 +0000] "GET /item/computers/4707 HTTP/1.1" 200 115 "/category/software" "Mozilla/5.0 (Windows NT 6.1; WOW64) AppleWebKit/535.7 (KHTML, like Gecko) Chrome/16.0.912.77 Safari/535.7"
84.207.145.22 - - [17/Nov/2017:13:24:40 +0000] "GET /category/electronics HTTP/1.1" 200 72 "/category/cameras" "Mozilla/5.0 (compatible; MSIE 9.0; Windows NT 6.1; WOW64; Trident/5.0)"
208.93.164.196 - - [17/Nov/2017:13:24:45 +0000] "GET /category/toys HTTP/1.1" 200 40 "-" "Mozilla/5.0 (compatible; MSIE 9.0; Windows NT 6.1; Trident/5.0)"
144.129.128.24 - - [17/Nov/2017:13:24:50 +0000] "GET /item/giftcards/202 HTTP/1.1" 200 51 "/category/giftcards" "Mozilla/5.0 (Windows NT 6.1; WOW64) AppleWebKit/535.7 (KHTML, like Gecko) Chrome/16.0.912.77 Safari/535.7"
140.102.40.156 - - [17/Nov/2017:13:24:55 +0000] "GET /item/computers/4451 HTTP/1.1" 200 42 "-" "Mozilla/5.0 (compatible; MSIE 9.0; Windows NT 6.1; WOW64; Trident/5.0)"
80.186.195.122 - - [17/Nov/2017:13:25:00 +0000] "GET /item/electronics/2128 HTTP/1.1" 200 128 "/search/?c=Electronics+Electronics" "Mozilla/5.0 (Windows NT 6.1; WOW64; rv:10.0.1) Gecko/20100101 Firefox/10.0.1"
208.210.156.79 - - [17/Nov/2017:13:25:05 +0000] "GET /category/computers HTTP/1.1" 200 45 "-" "Mozilla/5.0 (Windows NT 6.1; WOW64; rv:10.0.1) Gecko/20100101 Firefox/10.0.1"
156.177.136.57 - - [17/Nov/2017:13:25:10 +0000] "GET /category/books HTTP/1.1" 200 73 "http://www.google.com/search?ie=UTF-8&q=google&sclient=psy-ab&q=Books&oq=Books&aq=f&aqi=g-vL1&aql=&pbx=1&bav=on.2,or.r_gc.r_pw.r_qf.,cf.osb&biw=4471&bih=535" "Mozilla/4.0 (compatible; MSIE 8.0; Windows NT 6.1; WOW64; Trident/4.0; YTB730; GTB7.2; EasyBits GO v1.0; SLCC2; .NET CLR 2.0.50727; .NET CLR 3.5.30729; .NET CLR 3.0.30729; Media Center PC 6.0; .NET4.0C)"
192.168.159.47 - - [17/Nov/2017:13:25:15 +0000] "GET /category/electronics HTTP/1.1" 200 50 "/search/?c=Networking" "Mozilla/5.0 (Windows NT 6.1; WOW64; rv:10.0.1) Gecko/20100101 Firefox/10.0.1"
160.213.73.172 - - [17/Nov/2017:13:25:20 +0000] "GET /category/finance HTTP/1.1" 200 76 "/item/games/3420" "Mozilla/5.0 (compatible; MSIE 9.0; Windows NT 6.1; WOW64; Trident/5.0)"
224.27.173.79 - - [17/Nov/2017:13:25:25 +0000] "GET /category/cameras HTTP/1.1" 200 69 "-" "Mozilla/5.0 (Windows NT 6.1; WOW64; rv:10.0.1) Gecko/20100101 Firefox/10.0.1"
40.21.219.95 - - [17/Nov/2017:13:25:30 +0000] "GET /category/games HTTP/1.1" 200 108 "-" "Mozilla/5.0 (Windows NT 6.0) AppleWebKit/535.11 (KHTML, like Gecko) Chrome/17.0.963.56 Safari/535.11"
140.183.67.108 - - [17/Nov/2017:13:25:35 +0000] "GET /category/software HTTP/1.1" 200 98 "/category/software" "Mozilla/5.0 (iPhone; CPU iPhone OS 5_0_1 like Mac OS X) AppleWebKit/534.46 (KHTML, like Gecko) Version/5.1 Mobile/9A405 Safari/7534.48.3"
124.222.42.225 - - [17/Nov/2017:13:25:40 +0000] "GET /category/jewelry HTTP/1.1" 200 111 "-" "Mozilla/5.0 (compatible; MSIE 9.0; Windows NT 6.1; Trident/5.0)"
76.177.95.159 - - [17/Nov/2017:13:25:45 +0000] "GET /item/electronics/2792 HTTP/1.1" 200 114 "/search/?c=Electronics+Networking" "Mozilla/5.0 (iPhone; CPU iPhone OS 5_0_1 like Mac OS X) AppleWebKit/534.46 (KHTML, like Gecko) Version/5.1 Mobile/9A405 Safari/7534.48.3"
100.219.202.52 - - [17/Nov/2017:13:25:50 +0000] "POST /search/?c=Software HTTP/1.1" 200 126 "-" "Mozilla/5.0 (Windows NT 6.0; rv:10.0.1) Gecko/20100101 Firefox/10.0.1"
32.81.139.201 - - [17/Nov/2017:13:25:55 +0000] "GET /item/software/2103 HTTP/1.1" 200 73 "-" "Mozilla/4.0 (compatible; MSIE 8.0; Windows NT 5.1; Trident/4.0; YTB720; GTB7.2; .NET CLR 1.1.4322; .NET CLR 2.0.50727; .NET CLR 3.0.4506.2152; .NET CLR 3.5.30729)"
188.177.87.130 - - [17/Nov/2017:13:26:00 +0000] "GET /category/networking HTTP/1.1" 200 82 "-" "Mozilla/5.0 (Windows NT 6.0; rv:10.0.1) Gecko/20100101 Firefox/10.0.1"
152.150.118.201 - - [17/Nov/2017:13:26:05 +0000] "GET /category/software HTTP/1.1" 200 131 "-" "Mozilla/5.0 (Windows NT 6.1; WOW64; rv:10.0.1) Gecko/20100101 Firefox/10.0.1"
108.60.40.114 - - [17/Nov/2017:13:26:10 +0000] "GET /item/jewelry/2821 HTTP/1.1" 200 68 "/category/software" "Mozilla/5.0 (Windows NT 6.1; WOW64) AppleWebKit/535.7 (KHTML, like Gecko) Chrome/16.0.912.77 Safari/535.7"
88.48.32.227 - - [17/Nov/2017:13:26:15 +0000] "POST /search/?c=Garden HTTP/1.1" 200 114 "/category/books" "Mozilla/4.0 (compatible; MSIE 8.0; Windows NT 6.1; WOW64; Trident/4.0; GTB7.2; SLCC2; .NET CLR 2.0.50727; .NET CLR 3.5.30729; .NET CLR 3.0.30729; Media Center PC 6.0; .NET4.0C)"
176.204.131.157 - - [17/Nov/2017:13:26:20 +0000] "GET /category/electronics HTTP/1.1" 200 137 "-" "Mozilla/5.0 (compatible; Googlebot/2.1; +http://www.google.com/bot.html)"
224.87.199.41 - - [17/Nov/2017:13:26:25 +0000] "GET /category/toys HTTP/1.1" 200 132 "/item/toys/3180" "Mozilla/5.0 (iPhone; CPU iPhone OS 5_0_1 like Mac OS X) AppleWebKit/534.46 (KHTML, like Gecko) Version/5.1 Mobile/9A405 Safari/7534.48.3"
68.210.170.88 - - [17/Nov/2017:13:26:30 +0000] "GET /category/networking?from=20 HTTP/1.1" 200 133 "/category/networking" "Mozilla/5.0 (compatible; Googlebot/2.1; +http://www.google.com/bot.html)"
208.21.55.191 - - [17/Nov/2017:13:26:35 +0000] "GET /category/electronics HTTP/1.1" 200 131 "/category/electronics" "Mozilla/5.0 (iPad; CPU OS 5_0_1 like Mac OS X) AppleWebKit/534.46 (KHTML, like Gecko) Version/5.1 Mobile/9A405 Safari/7534.48.3"
156.222.94.210 - - [17/Nov/2017:13:26:40 +0000] "GET /category/cameras?from=20 HTTP/1.1" 200 99 "/category/garden" "Mozilla/5.0 (iPhone; CPU iPhone OS 5_0_1 like Mac OS X) AppleWebKit/534.46 (KHTML, like Gecko) Version/5.1 Mobile/9A405 Safari/7534.48.3"
148.84.100.197 - - [17/Nov/2017:13:26:45 +0000] "GET /item/electronics/3574 HTTP/1.1" 200 77 "/search/?c=Electronics" "Mozilla/5.0 (Windows NT 6.0; rv:10.0.1) Gecko/20100101 Firefox/10.0.1"
112.222.91.42 - - [17/Nov/2017:13:26:50 +0000] "GET /item/books/3336 HTTP/1.1" 200 88 "/category/books?from=20" "Mozilla/5.0 (Windows NT 6.0; rv:10.0.1) Gecko/20100101 Firefox/10.0.1"
28.129.126.21 - - [17/Nov/2017:13:26:55 +0000] "GET /category/software HTTP/1.1" 200 49 "-" "Mozilla/5.0 (Windows NT 6.1; WOW64; rv:10.0.1) Gecko/20100101 Firefox/10.0.1"
84.117.111.177 - - [17/Nov/2017:13:27:00 +0000] "GET /item/software/1323 HTTP/1.1" 200 74 "-" "Mozilla/5.0 (Windows NT 6.0) AppleWebKit/535.11 (KHTML, like Gecko) Chrome/17.0.963.56 Safari/535.11"
72.138.197.227 - - [17/Nov/2017:13:27:05 +0000] "GET /category/games HTTP/1.1" 200 116 "/item/electronics/861" "Mozilla/4.0 (compatible; MSIE 8.0; Windows NT 5.1; Trident/4.0; YTB720; GTB7.2; .NET CLR 1.1.4322; .NET CLR 2.0.50727; .NET CLR 3.0.4506.2152; .NET CLR 3.5.30729)"
224.87.180.175 - - [17/Nov/2017:13:27:10 +0000] "GET /category/computers HTTP/1.1" 200 87 "-" "Mozilla/5.0 (Windows NT 6.0) AppleWebKit/535.11 (KHTML, like Gecko) Chrome/17.0.963.56 Safari/535.11"
208.21.55.191 - - [17/Nov/2017:13:27:15 +0000] "GET /category/electronics HTTP/1.1" 200 93 "-" "Mozilla/5.0 (compatible; Googlebot/2.1; +http://www.google.com/bot.html)"
184.135.39.104 - - [17/Nov/2017:13:27:20 +0000] "POST /search/?c=Office+Electronics HTTP/1.1" 200 82 "-" "Mozilla/5.0 (Windows NT 6.1; WOW64) AppleWebKit/535.7 (KHTML, like Gecko) Chrome/16.0.912.77 Safari/535.7"
36.132.162.159 - - [17/Nov/2017:13:27:25 +0000] "GET /category/garden HTTP/1.1" 200 121 "/category/games" "Mozilla/5.0 (Macintosh; Intel Mac OS X 10.6; rv:9.0.1) Gecko/20100101 Firefox/9.0.1"
72.156.55.140 - - [17/Nov/2017:13:27:30 +0000] "GET /category/books HTTP/1.1" 200 98 "/category/games" "Mozilla/4.0 (compatible; MSIE 8.0; Windows NT 5.1; Trident/4.0; YTB720; GTB7.2; .NET CLR 1.1.4322; .NET CLR 2.0.50727; .NET CLR 3.0.4506.2152; .NET CLR 3.5.30729)"
188.117.206.31 - - [17/Nov/2017:13:27:35 +0000] "GET /category/software HTTP/1.1" 200 55 "-" "Mozilla/5.0 (Windows NT 6.1; WOW64; rv:10.0.1) Gecko/20100101 Firefox/10.0.1"
44.198.69.129 - - [17/Nov/2017:13:27:40 +0000] "GET /category/health HTTP/1.1" 200 82 "http://www.google.com/search?ie=UTF-8&q=google&sclient=psy-ab&q=Health+Cameras&oq=Health+Cameras&aq=f&aqi=g-vL1&aql=&pbx=1&bav=on.2,or.r_gc.r_pw.r_qf.,cf.osb&biw=3651&bih=223" "Mozilla/5.0 (Windows NT 6.1; WOW64; rv:10.0.1) Gecko/20100101 Firefox/10.0.1"
44.198.64.135 - - [17/Nov/2017:13:27:45 +0000] "GET /item/games/4762 HTTP/1.1" 200 96 "/category/games" "Mozilla/5.0 (Windows NT 6.1; WOW64) AppleWebKit/535.11 (KHTML, like Gecko) Chrome/17.0.963.56 Safari/535.11"
140.27.85.29 - - [17/Nov/2017:13:27:50 +0000] "GET /category/books?from=10 HTTP/1.1" 200 99 "/search/?c=Electronics+Toys" "Mozilla/4.0 (compatible; MSIE 8.0; Windows NT 6.1; WOW64; Trident/4.0; GTB7.2; SLCC2; .NET CLR 2.0.50727; .NET CLR 3.5.30729; .NET CLR 3.0.30729; Media Center PC 6.0; .NET4.0C)"
188.147.180.205 - - [17/Nov/2017:13:27:55 +0000] "GET /item/cameras/590 HTTP/1.1" 200 133 "-" "Mozilla/5.0 (compatible; Googlebot/2.1; +http://www.google.com/bot.html)"
164.87.165.83 - - [17/Nov/2017:13:28:00 +0000] "GET /category/electronics?from=0 HTTP/1.1" 200 101 "/search/?c=Electronics" "Mozilla/5.0 (Windows NT 6.1; WOW64; rv:10.0.1) Gecko/20100101 Firefox/10.0.1"
36.144.139.176 - - [17/Nov/2017:13:28:05 +0000] "GET /category/garden HTTP/1.1" 200 138 "-" "Mozilla/4.0 (compatible; MSIE 8.0; Windows NT 5.1; Trident/4.0; YTB720; GTB7.2; .NET CLR 1.1.4322; .NET CLR 2.0.50727; .NET CLR 3.0.4506.2152; .NET CLR 3.5.30729)"
136.27.27.51 - - [17/Nov/2017:13:28:10 +0000] "GET /category/cameras HTTP/1.1" 200 48 "-" "Mozilla/5.0 (Windows NT 6.1; WOW64) AppleWebKit/535.11 (KHTML, like Gecko) Chrome/17.0.963.56 Safari/535.11"
168.60.103.103 - - [17/Nov/2017:13:28:15 +0000] "GET /item/games/743 HTTP/1.1" 200 128 "/category/games" "Mozilla/4.0 (compatible; MSIE 8.0; Windows NT 5.1; Trident/4.0; YTB720; GTB7.2; .NET CLR 1.1.4322; .NET CLR 2.0.50727; .NET CLR 3.0.4506.2152; .NET CLR 3.5.30729)"
180.54.65.44 - - [17/Nov/2017:13:28:20 +0000] "GET /category/books HTTP/1.1" 200 139 "-" "Mozilla/5.0 (Windows NT 6.1; WOW64) AppleWebKit/535.11 (KHTML, like Gecko) Chrome/17.0.963.56 Safari/535.11"
116.111.183.132 - - [17/Nov/2017:13:28:25 +0000] "GET /category/books HTTP/1.1" 200 85 "-" "Mozilla/5.0 (Windows NT 6.1; WOW64) AppleWebKit/535.11 (KHTML, like Gecko) Chrome/17.0.963.56 Safari/535.11"
188.165.183.191 - - [17/Nov/2017:13:28:30 +0000] "GET /category/software?from=20 HTTP/1.1" 200 49 "/category/computers" "Mozilla/5.0 (Windows NT 6.0; rv:10.0.1) Gecko/20100101 Firefox/10.0.1"
220.102.98.97 - - [17/Nov/2017:13:28:35 +0000] "GET /category/electronics HTTP/1.1" 200 130 "-" "Mozilla/5.0 (compatible; MSIE 9.0; Windows NT 6.1; Trident/5.0)"
76.144.80.172 - - [17/Nov/2017:13:28:40 +0000] "GET /category/office HTTP/1.1" 200 132 "-" "Mozilla/5.0 (compatible; Googlebot/2.1; +http://www.google.com/bot.html)"
140.72.79.22 - - [17/Nov/2017:13:28:45 +0000] "GET /category/office HTTP/1.1" 200 71 "/category/garden?from=0" "Mozilla/5.0 (Windows NT 6.1; WOW64) AppleWebKit/535.7 (KHTML, like Gecko) Chrome/16.0.912.77 Safari/535.7"
68.24.152.91 - - [17/Nov/2017:13:28:50 +0000] "GET /category/sports?from=20 HTTP/1.1" 200 98 "/category/electronics" "Mozilla/5.0 (compatible; MSIE 9.0; Windows NT 6.1; WOW64; Trident/5.0)"
72.165.89.172 - - [17/Nov/2017:13:28:55 +0000] "GET /category/music HTTP/1.1" 200 82 "-" "Mozilla/5.0 (Windows NT 6.1; WOW64) AppleWebKit/535.7 (KHTML, like Gecko) Chrome/16.0.912.77 Safari/535.7"
24.216.105.63 - - [17/Nov/2017:13:29:00 +0000] "GET /item/books/3156 HTTP/1.1" 200 102 "/item/software/1831" "Mozilla/5.0 (compatible; MSIE 9.0; Windows NT 6.1; Trident/5.0)"
112.30.36.35 - - [17/Nov/2017:13:29:05 +0000] "GET /category/software HTTP/1.1" 200 81 "/category/electronics" "Mozilla/5.0 (compatible; MSIE 9.0; Windows NT 6.1; WOW64; Trident/5.0)"
128.54.20.112 - - [17/Nov/2017:13:29:10 +0000] "GET /category/finance HTTP/1.1" 200 76 "-" "Mozilla/4.0 (compatible; MSIE 8.0; Windows NT 6.1; WOW64; Trident/4.0; GTB7.2; SLCC2; .NET CLR 2.0.50727; .NET CLR 3.5.30729; .NET CLR 3.0.30729; Media Center PC 6.0; .NET4.0C)"
148.126.188.205 - - [17/Nov/2017:13:29:15 +0000] "GET /item/computers/1943 HTTP/1.1" 200 77 "/category/health?from=10" "Mozilla/5.0 (Windows NT 6.0; rv:10.0.1) Gecko/20100101 Firefox/10.0.1"
104.30.165.166 - - [17/Nov/2017:13:29:20 +0000] "GET /category/garden HTTP/1.1" 200 78 "/category/software" "Mozilla/4.0 (compatible; MSIE 8.0; Windows NT 6.0; WOW64; Trident/4.0; GTB6; SLCC1; .NET CLR 2.0.50727; Media Center PC 5.0; .NET CLR 3.5.30729; .NET CLR 3.0.30618; .NET4.0C)"
60.150.49.62 - - [17/Nov/2017:13:29:25 +0000] "POST /search/?c=Software HTTP/1.1" 200 102 "-" "Mozilla/5.0 (Windows NT 6.1; WOW64) AppleWebKit/535.7 (KHTML, like Gecko) Chrome/16.0.912.77 Safari/535.7"
76.138.226.38 - - [17/Nov/2017:13:29:30 +0000] "GET /category/books HTTP/1.1" 200 137 "-" "Mozilla/4.0 (compatible; MSIE 8.0; Windows NT 5.1; Trident/4.0; BTRS122159; GTB7.2; .NET CLR 1.1.4322; .NET CLR 2.0.50727; .NET CLR 3.0.04506.30; .NET CLR 3.0.4506.2152; .NET CLR 3.5.30729; BRI/2)"
212.189.191.81 - - [17/Nov/2017:13:29:35 +0000] "GET /category/networking HTTP/1.1" 200 53 "-" "Mozilla/5.0 (Macintosh; Intel Mac OS X 10.6; rv:9.0.1) Gecko/20100101 Firefox/9.0.1"
160.78.211.42 - - [17/Nov/2017:13:29:40 +0000] "GET /item/games/152 HTTP/1.1" 200 133 "/category/computers" "Mozilla/5.0 (compatible; MSIE 9.0; Windows NT 6.1; Trident/5.0)"
64.219.144.181 - - [17/Nov/2017:13:29:45 +0000] "GET /category/electronics HTTP/1.1" 200 58 "/category/computers" "Mozilla/5.0 (iPhone; CPU iPhone OS 5_0_1 like Mac OS X) AppleWebKit/534.46 (KHTML, like Gecko) Version/5.1 Mobile/9A405 Safari/7534.48.3"
88.141.158.50 - - [17/Nov/2017:13:29:50 +0000] "GET /category/computers HTTP/1.1" 200 133 "-" "Mozilla/4.0 (compatible; MSIE 8.0; Windows NT 6.1; WOW64; Trident/4.0; GTB7.2; SLCC2; .NET CLR 2.0.50727; .NET CLR 3.5.30729; .NET CLR 3.0.30729; Media Center PC 6.0; .NET4.0C)"
180.225.135.58 - - [17/Nov/2017:13:29:55 +0000] "GET /category/software HTTP/1.1" 200 56 "/item/software/1271" "Mozilla/4.0 (compatible; MSIE 8.0; Windows NT 6.0; WOW64; Trident/4.0; GTB6; SLCC1; .NET CLR 2.0.50727; Media Center PC 5.0; .NET CLR 3.5.30729; .NET CLR 3.0.30618; .NET4.0C)"
84.192.102.111 - - [17/Nov/2017:13:30:00 +0000] "GET /category/electronics HTTP/1.1" 200 65 "/item/games/4058" "Mozilla/5.0 (iPad; CPU OS 5_0_1 like Mac OS X) AppleWebKit/534.46 (KHTML, like Gecko) Version/5.1 Mobile/9A405 Safari/7534.48.3"
48.90.222.139 - - [17/Nov/2017:13:30:05 +0000] "GET /item/toys/3901 HTTP/1.1" 200 122 "-" "Mozilla/5.0 (compatible; MSIE 9.0; Windows NT 6.1; Trident/5.0)"
80.120.169.42 - - [17/Nov/2017:13:30:10 +0000] "GET /category/finance HTTP/1.1" 200 125 "/item/toys/1733" "Mozilla/5.0 (Windows NT 6.1; WOW64; rv:10.0.1) Gecko/20100101 Firefox/10.0.1"
188.144.194.102 - - [17/Nov/2017:13:30:15 +0000] "GET /category/electronics HTTP/1.1" 200 67 "-" "Mozilla/5.0 (Windows NT 6.0; rv:10.0.1) Gecko/20100101 Firefox/10.0.1"
48.63.222.76 - - [17/Nov/2017:13:30:20 +0000] "GET /category/jewelry HTTP/1.1" 200 48 "/item/giftcards/4032" "Mozilla/4.0 (compatible; MSIE 8.0; Windows NT 6.1; Trident/4.0; YTB730; SLCC2; .NET CLR 2.0.50727; .NET CLR 3.5.30729; .NET CLR 3.0.30729; Media Center PC 6.0; .NET4.0C)"
60.192.196.122 - - [17/Nov/2017:13:30:25 +0000] "GET /item/giftcards/4757 HTTP/1.1" 200 133 "/search/?c=Giftcards+Music" "Mozilla/5.0 (Windows NT 6.0) AppleWebKit/535.11 (KHTML, like Gecko) Chrome/17.0.963.56 Safari/535.11"
140.108.166.217 - - [17/Nov/2017:13:30:30 +0000] "GET /item/garden/1060 HTTP/1.1" 200 74 "-" "Mozilla/5.0 (Windows NT 6.0) AppleWebKit/535.11 (KHTML, like Gecko) Chrome/17.0.963.56 Safari/535.11"
176.84.117.57 - - [17/Nov/2017:13:30:35 +0000] "GET /category/books HTTP/1.1" 200 73 "/category/giftcards" "Mozilla/5.0 (compatible; MSIE 9.0; Windows NT 6.1; WOW64; Trident/5.0)"
84.201.48.127 - - [17/Nov/2017:13:30:40 +0000] "GET /item/music/4403 HTTP/1.1" 200 96 "/item/sports/4622" "Mozilla/5.0 (Windows NT 6.0; rv:10.0.1) Gecko/20100101 Firefox/10.0.1"
140.159.183.92 - - [17/Nov/2017:13:30:45 +0000] "GET /category/software HTTP/1.1" 200 123 "/category/software" "Mozilla/4.0 (compatible; MSIE 8.0; Windows NT 6.1; WOW64; Trident/4.0; GTB7.2; SLCC2; .NET CLR 2.0.50727; .NET CLR 3.5.30729; .NET CLR 3.0.30729; Media Center PC 6.0; .NET4.0C)"
48.57.162.127 - - [17/Nov/2017:13:30:50 +0000] "GET /category/software HTTP/1.1" 200 110 "/category/books" "Mozilla/4.0 (compatible; MSIE 8.0; Windows NT 6.1; WOW64; Trident/4.0; YTB730; GTB7.2; SLCC2; .NET CLR 2.0.50727; .NET CLR 3.5.30729; .NET CLR 3.0.30729; .NET4.0C; .NET4.0E; Media Center PC 6.0)"
28.111.188.194 - - [17/Nov/2017:13:30:55 +0000] "GET /item/toys/1733 HTTP/1.1" 200 117 "-" "Mozilla/5.0 (Macintosh; Intel Mac OS X 10.6; rv:9.0.1) Gecko/20100101 Firefox/9.0.1"
152.45.113.47 - - [17/Nov/2017:13:31:00 +0000] "POST /search/?c=Electronics HTTP/1.1" 200 69 "/category/software?from=10" "Mozilla/5.0 (Windows NT 6.0; rv:10.0.1) Gecko/20100101 Firefox/10.0.1"
148.63.165.61 - - [17/Nov/2017:13:31:05 +0000] "GET /item/health/3601 HTTP/1.1" 200 64 "http://www.google.com/search?ie=UTF-8&q=google&sclient=psy-ab&q=Health+Electronics&oq=Health+Electronics&aq=f&aqi=g-vL1&aql=&pbx=1&bav=on.2,or.r_gc.r_pw.r_qf.,cf.osb&biw=4630&bih=410" "Mozilla/5.0 (Macintosh; Intel Mac OS X 10.6; rv:9.0.1) Gecko/20100101 Firefox/9.0.1"
20.45.200.182 - - [17/Nov/2017:13:31:10 +0000] "GET /category/books?from=10 HTTP/1.1" 200 89 "/item/office/851" "Mozilla/5.0 (Windows NT 6.0) AppleWebKit/535.11 (KHTML, like Gecko) Chrome/17.0.963.56 Safari/535.11"
152.120.32.93 - - [17/Nov/2017:13:31:15 +0000] "GET /category/computers HTTP/1.1" 200 99 "/item/books/1568" "Mozilla/4.0 (compatible; MSIE 8.0; Windows NT 6.1; Trident/4.0; YTB730; SLCC2; .NET CLR 2.0.50727; .NET CLR 3.5.30729; .NET CLR 3.0.30729; Media Center PC 6.0; .NET4.0C)"
148.51.21.124 - - [17/Nov/2017:13:31:20 +0000] "GET /category/garden HTTP/1.1" 200 94 "/item/garden/4271" "Mozilla/5.0 (Windows NT 6.0; rv:10.0.1) Gecko/20100101 Firefox/10.0.1"
168.156.229.181 - - [17/Nov/2017:13:31:25 +0000] "GET /category/health HTTP/1.1" 200 100 "/item/electronics/2670" "Mozilla/5.0 (Macintosh; Intel Mac OS X 10.6; rv:9.0.1) Gecko/20100101 Firefox/9.0.1"
176.180.122.216 - - [17/Nov/2017:13:31:30 +0000] "GET /item/software/2434 HTTP/1.1" 200 120 "/category/jewelry" "Mozilla/5.0 (compatible; MSIE 9.0; Windows NT 6.1; WOW64; Trident/5.0)"
80.39.194.34 - - [17/Nov/2017:13:31:35 +0000] "GET /item/computers/1693 HTTP/1.1" 200 110 "/item/electronics/2805" "Mozilla/5.0 (Windows NT 6.0) AppleWebKit/535.11 (KHTML, like Gecko) Chrome/17.0.963.56 Safari/535.11"
40.54.165.166 - - [17/Nov/2017:13:31:40 +0000] "GET /category/garden HTTP/1.1" 200 138 "-" "Mozilla/5.0 (Windows NT 6.0; rv:10.0.1) Gecko/20100101 Firefox/10.0.1"
112.219.145.202 - - [17/Nov/2017:13:31:45 +0000] "GET /category/garden HTTP/1.1" 200 121 "-" "Mozilla/5.0 (compatible; MSIE 9.0; Windows NT 6.1; WOW64; Trident/5.0)"
96.108.78.226 - - [17/Nov/2017:13:31:50 +0000] "GET /category/electronics HTTP/1.1" 200 110 "/category/garden" "Mozilla/5.0 (iPad; CPU OS 5_0_1 like Mac OS X) AppleWebKit/534.46 (KHTML, like Gecko) Version/5.1 Mobile/9A405 Safari/7534.48.3"
188.117.206.31 - - [17/Nov/2017:13:31:55 +0000] "GET /category/software HTTP/1.1" 200 129 "-" "Mozilla/5.0 (Windows NT 6.1; WOW64; rv:10.0.1) Gecko/20100101 Firefox/10.0.1"
196.195.42.66 - - [17/Nov/2017:13:32:00 +0000] "GET /item/finance/1103 HTTP/1.1" 200 109 "-" "Mozilla/5.0 (compatible; MSIE 9.0; Windows NT 6.1; WOW64; Trident/5.0)"
112.33.59.25 - - [17/Nov/2017:13:32:05 +0000] "GET /category/games HTTP/1.1" 200 115 "-" "Mozilla/4.0 (compatible; MSIE 8.0; Windows NT 5.1; Trident/4.0; YTB720; GTB7.2; .NET CLR 1.1.4322; .NET CLR 2.0.50727; .NET CLR 3.0.4506.2152; .NET CLR 3.5.30729)"
84.216.40.211 - - [17/Nov/2017:13:32:10 +0000] "GET /category/games?from=0 HTTP/1.1" 200 124 "-" "Mozilla/5.0 (Windows NT 6.1; WOW64) AppleWebKit/535.11 (KHTML, like Gecko) Chrome/17.0.963.56 Safari/535.11"
168.159.154.110 - - [17/Nov/2017:13:32:15 +0000] "GET /category/computers HTTP/1.1" 200 131 "-" "Mozilla/5.0 (compatible; MSIE 9.0; Windows NT 6.1; Trident/5.0)"
76.90.203.178 - - [17/Nov/2017:13:32:20 +0000] "GET /category/games HTTP/1.1" 200 58 "/category/software?from=20" "Mozilla/5.0 (compatible; MSIE 9.0; Windows NT 6.1; WOW64; Trident/5.0)"
24.99.27.123 - - [17/Nov/2017:13:32:25 +0000] "GET /category/electronics HTTP/1.1" 200 96 "/item/books/1440" "Mozilla/5.0 (compatible; MSIE 9.0; Windows NT 6.1; WOW64; Trident/5.0)"
72.138.35.193 - - [17/Nov/2017:13:32:30 +0000] "GET /item/office/84 HTTP/1.1" 200 137 "-" "Mozilla/5.0 (Macintosh; Intel Mac OS X 10.6; rv:9.0.1) Gecko/20100101 Firefox/9.0.1"
84.225.150.149 - - [17/Nov/2017:13:32:35 +0000] "GET /category/software HTTP/1.1" 200 50 "/category/electronics" "Mozilla/5.0 (Macintosh; Intel Mac OS X 10.6; rv:9.0.1) Gecko/20100101 Firefox/9.0.1"
108.159.46.114 - - [17/Nov/2017:13:32:40 +0000] "GET /item/toys/2543 HTTP/1.1" 200 73 "/category/office" "Mozilla/5.0 (Macintosh; Intel Mac OS X 10.6; rv:9.0.1) Gecko/20100101 Firefox/9.0.1"
224.96.137.128 - - [17/Nov/2017:13:32:45 +0000] "GET /item/health/1094 HTTP/1.1" 200 86 "/category/health" "Mozilla/5.0 (Windows NT 6.1; WOW64) AppleWebKit/535.7 (KHTML, like Gecko) Chrome/16.0.912.77 Safari/535.7"
72.27.184.75 - - [17/Nov/2017:13:32:50 +0000] "GET /category/computers HTTP/1.1" 200 45 "/category/health" "Mozilla/5.0 (Windows NT 6.0; rv:10.0.1) Gecko/20100101 Firefox/10.0.1"
176.171.208.90 - - [17/Nov/2017:13:32:55 +0000] "POST /search/?c=Networking HTTP/1.1" 200 110 "-" "Mozilla/5.0 (iPad; CPU OS 5_0_1 like Mac OS X) AppleWebKit/534.46 (KHTML, like Gecko) Version/5.1 Mobile/9A405 Safari/7534.48.3"
160.207.59.34 - - [17/Nov/2017:13:33:00 +0000] "GET /item/games/3868 HTTP/1.1" 200 98 "/search/?c=Games+Office" "Mozilla/4.0 (compatible; MSIE 8.0; Windows NT 6.1; WOW64; Trident/4.0; YTB730; GTB7.2; SLCC2; .NET CLR 2.0.50727; .NET CLR 3.5.30729; .NET CLR 3.0.30729; .NET4.0C; .NET4.0E; Media Center PC 6.0)"
164.27.150.182 - - [17/Nov/2017:13:33:05 +0000] "GET /item/toys/3509 HTTP/1.1" 200 89 "/category/books" "Mozilla/5.0 (Windows NT 6.0; rv:10.0.1) Gecko/20100101 Firefox/10.0.1"
20.84.216.48 - - [17/Nov/2017:13:33:10 +0000] "GET /category/health HTTP/1.1" 200 94 "-" "Mozilla/5.0 (Macintosh; Intel Mac OS X 10.6; rv:9.0.1) Gecko/20100101 Firefox/9.0.1"
40.126.50.218 - - [17/Nov/2017:13:33:15 +0000] "GET /category/jewelry HTTP/1.1" 200 102 "/category/games" "Mozilla/5.0 (compatible; Googlebot/2.1; +http://www.google.com/bot.html)"
88.141.158.50 - - [17/Nov/2017:13:33:20 +0000] "GET /category/software HTTP/1.1" 200 86 "/category/electronics" "Mozilla/5.0 (compatible; MSIE 9.0; Windows NT 6.1; Trident/5.0)"
96.135.141.175 - - [17/Nov/2017:13:33:25 +0000] "GET /category/electronics HTTP/1.1" 200 80 "/item/health/3531" "Mozilla/5.0 (Macintosh; Intel Mac OS X 10.6; rv:9.0.1) Gecko/20100101 Firefox/9.0.1"
136.222.62.176 - - [17/Nov/2017:13:33:30 +0000] "GET /item/electronics/4788 HTTP/1.1" 200 46 "/category/office" "Mozilla/4.0 (compatible; MSIE 8.0; Windows NT 6.1; WOW64; Trident/4.0; GTB7.2; SLCC2; .NET CLR 2.0.50727; .NET CLR 3.5.30729; .NET CLR 3.0.30729; Media Center PC 6.0; .NET4.0C)"
148.81.169.77 - - [17/Nov/2017:13:33:35 +0000] "GET /item/books/3992 HTTP/1.1" 200 70 "-" "Mozilla/4.0 (compatible; MSIE 8.0; Windows NT 5.1; Trident/4.0; YTB720; GTB7.2; .NET CLR 1.1.4322; .NET CLR 2.0.50727; .NET CLR 3.0.4506.2152; .NET CLR 3.5.30729)"
124.162.24.47 - - [17/Nov/2017:13:33:40 +0000] "GET /item/electronics/695 HTTP/1.1" 200 125 "/item/health/961" "Mozilla/5.0 (iPad; CPU OS 5_0_1 like Mac OS X) AppleWebKit/534.46 (KHTML, like Gecko) Version/5.1 Mobile/9A405 Safari/7534.48.3"
104.117.61.206 - - [17/Nov/2017:13:33:45 +0000] "GET /item/games/3420 HTTP/1.1" 200 120 "/category/books" "Mozilla/5.0 (Windows NT 6.1; WOW64) AppleWebKit/535.11 (KHTML, like Gecko) Chrome/17.0.963.56 Safari/535.11"
96.75.214.176 - - [17/Nov/2017:13:33:50 +0000] "GET /category/games?from=0 HTTP/1.1" 200 72 "/category/office" "Mozilla/5.0 (compatible; Googlebot/2.1; +http://www.google.com/bot.html)"
164.63.57.53 - - [17/Nov/2017:13:33:55 +0000] "GET /category/garden HTTP/1.1" 200 114 "-" "Mozilla/5.0 (Windows NT 6.1; WOW64) AppleWebKit/535.7 (KHTML, like Gecko) Chrome/16.0.912.77 Safari/535.7"
216.210.62.164 - - [17/Nov/2017:13:34:00 +0000] "GET /category/jewelry HTTP/1.1" 200 77 "/category/office" "Mozilla/5.0 (compatible; Googlebot/2.1; +http://www.google.com/bot.html)"
152.159.202.129 - - [17/Nov/2017:13:34:05 +0000] "GET /item/games/3284 HTTP/1.1" 200 120 "-" "Mozilla/5.0 (compatible; MSIE 9.0; Windows NT 6.1; WOW64; Trident/5.0)"
192.198.24.209 - - [17/Nov/2017:13:34:10 +0000] "GET /category/games HTTP/1.1" 200 104 "-" "Mozilla/5.0 (iPad; CPU OS 5_0_1 like Mac OS X) AppleWebKit/534.46 (KHTML, like Gecko) Version/5.1 Mobile/9A405 Safari/7534.48.3"
144.180.166.148 - - [17/Nov/2017:13:34:15 +0000] "GET /category/software HTTP/1.1" 200 123 "/search/?c=Toys+Toys" "Mozilla/5.0 (Windows NT 6.1; WOW64) AppleWebKit/535.11 (KHTML, like Gecko) Chrome/17.0.963.56 Safari/535.11"
152.87.80.46 - - [17/Nov/2017:13:34:20 +0000] "GET /item/cameras/4995 HTTP/1.1" 200 97 "/item/electronics/446" "Mozilla/5.0 (Windows NT 6.1; WOW64) AppleWebKit/535.7 (KHTML, like Gecko) Chrome/16.0.912.77 Safari/535.7"
176.45.198.120 - - [17/Nov/2017:13:34:25 +0000] "GET /item/software/272 HTTP/1.1" 200 71 "/item/networking/4696" "Mozilla/5.0 (Windows NT 6.1; WOW64) AppleWebKit/535.11 (KHTML, like Gecko) Chrome/17.0.963.56 Safari/535.11"
84.153.168.36 - - [17/Nov/2017:13:34:30 +0000] "GET /item/office/1686 HTTP/1.1" 200 126 "-" "Mozilla/5.0 (compatible; MSIE 9.0; Windows NT 6.1; WOW64; Trident/5.0)"
72.39.200.100 - - [17/Nov/2017:13:34:35 +0000] "POST /search/?c=Software+Games HTTP/1.1" 200 124 "/item/electronics/2825" "Mozilla/5.0 (Windows NT 6.0; rv:10.0.1) Gecko/20100101 Firefox/10.0.1"
144.99.170.128 - - [17/Nov/2017:13:34:40 +0000] "POST /search/?c=Cameras+Office HTTP/1.1" 200 71 "/category/books" "Mozilla/5.0 (iPad; CPU OS 5_0_1 like Mac OS X) AppleWebKit/534.46 (KHTML, like Gecko) Version/5.1 Mobile/9A405 Safari/7534.48.3"
168.99.27.181 - - [17/Nov/2017:13:34:45 +0000] "GET /item/computers/3996 HTTP/1.1" 200 70 "-" "Mozilla/4.0 (compatible; MSIE 8.0; Windows NT 6.1; WOW64; Trident/4.0; YTB730; GTB7.2; EasyBits GO v1.0; SLCC2; .NET CLR 2.0.50727; .NET CLR 3.5.30729; .NET CLR 3.0.30729; Media Center PC 6.0; .NET4.0C)"
172.45.84.183 - - [17/Nov/2017:13:34:50 +0000] "GET /item/electronics/379 HTTP/1.1" 200 114 "http://www.google.com/search?ie=UTF-8&q=google&sclient=psy-ab&q=Electronics+Electronics&oq=Electronics+Electronics&aq=f&aqi=g-vL1&aql=&pbx=1&bav=on.2,or.r_gc.r_pw.r_qf.,cf.osb&biw=467&bih=182" "Mozilla/4.0 (compatible; MSIE 8.0; Windows NT 6.1; WOW64; Trident/4.0; YTB730; GTB7.2; SLCC2; .NET CLR 2.0.50727; .NET CLR 3.5.30729; .NET CLR 3.0.30729; .NET4.0C; .NET4.0E; Media Center PC 6.0)"
188.165.183.191 - - [17/Nov/2017:13:34:55 +0000] "GET /category/electronics HTTP/1.1" 200 83 "/category/books" "Mozilla/4.0 (compatible; MSIE 8.0; Windows NT 5.1; Trident/4.0; YTB720; GTB7.2; .NET CLR 1.1.4322; .NET CLR 2.0.50727; .NET CLR 3.0.4506.2152; .NET CLR 3.5.30729)"
140.183.67.108 - - [17/Nov/2017:13:35:00 +0000] "GET /category/computers HTTP/1.1" 200 131 "-" "Mozilla/5.0 (iPhone; CPU iPhone OS 5_0_1 like Mac OS X) AppleWebKit/534.46 (KHTML, like Gecko) Version/5.1 Mobile/9A405 Safari/7534.48.3"
56.123.71.53 - - [17/Nov/2017:13:35:05 +0000] "GET /category/electronics HTTP/1.1" 200 78 "-" "Mozilla/5.0 (Windows NT 6.1; WOW64) AppleWebKit/535.11 (KHTML, like Gecko) Chrome/17.0.963.56 Safari/535.11"
216.120.179.55 - - [17/Nov/2017:13:35:10 +0000] "GET /category/electronics HTTP/1.1" 200 114 "-" "Mozilla/5.0 (Macintosh; Intel Mac OS X 10.6; rv:9.0.1) Gecko/20100101 Firefox/9.0.1"
68.24.152.91 - - [17/Nov/2017:13:35:15 +0000] "GET /category/games HTTP/1.1" 200 133 "-" "Mozilla/5.0 (Windows NT 6.0; rv:10.0.1) Gecko/20100101 Firefox/10.0.1"
132.81.165.167 - - [17/Nov/2017:13:35:20 +0000] "GET /category/books?from=0 HTTP/1.1" 200 52 "/category/jewelry" "Mozilla/5.0 (Windows NT 6.0; rv:10.0.1) Gecko/20100101 Firefox/10.0.1"
212.183.136.225 - - [17/Nov/2017:13:35:25 +0000] "POST /search/?c=Software+Games HTTP/1.1" 200 124 "/category/finance" "Mozilla/4.0 (compatible; MSIE 8.0; Windows NT 5.1; Trident/4.0; YTB720; GTB7.2; .NET CLR 1.1.4322; .NET CLR 2.0.50727; .NET CLR 3.0.4506.2152; .NET CLR 3.5.30729)"
120.189.102.122 - - [17/Nov/2017:13:35:30 +0000] "GET /category/electronics HTTP/1.1" 200 88 "-" "Mozilla/4.0 (compatible; MSIE 8.0; Windows NT 6.1; WOW64; Trident/4.0; YTB730; GTB7.2; SLCC2; .NET CLR 2.0.50727; .NET CLR 3.5.30729; .NET CLR 3.0.30729; .NET4.0C; .NET4.0E; Media Center PC 6.0)"
148.219.89.124 - - [17/Nov/2017:13:35:35 +0000] "GET /item/electronics/2868 HTTP/1.1" 200 41 "/category/networking" "Mozilla/5.0 (Windows NT 6.0; rv:10.0.1) Gecko/20100101 Firefox/10.0.1"
32.198.203.102 - - [17/Nov/2017:13:35:40 +0000] "GET /category/electronics HTTP/1.1" 200 83 "/category/electronics" "Mozilla/5.0 (Windows NT 6.0; rv:10.0.1) Gecko/20100101 Firefox/10.0.1"
152.207.144.27 - - [17/Nov/2017:13:35:45 +0000] "GET /category/finance HTTP/1.1" 200 124 "/category/games" "Mozilla/4.0 (compatible; MSIE 8.0; Windows NT 5.1; Trident/4.0; YTB720; GTB7.2; .NET CLR 1.1.4322; .NET CLR 2.0.50727; .NET CLR 3.0.4506.2152; .NET CLR 3.5.30729)"
36.69.107.106 - - [17/Nov/2017:13:35:50 +0000] "GET /category/computers?from=20 HTTP/1.1" 200 52 "/category/computers" "Mozilla/5.0 (iPad; CPU OS 5_0_1 like Mac OS X) AppleWebKit/534.46 (KHTML, like Gecko) Version/5.1 Mobile/9A405 Safari/7534.48.3"
96.153.159.129 - - [17/Nov/2017:13:35:55 +0000] "GET /category/computers HTTP/1.1" 200 48 "/search/?c=Health" "Mozilla/4.0 (compatible; MSIE 8.0; Windows NT 5.1; Trident/4.0; YTB720; GTB7.2; .NET CLR 1.1.4322; .NET CLR 2.0.50727; .NET CLR 3.0.4506.2152; .NET CLR 3.5.30729)"
60.27.59.177 - - [17/Nov/2017:13:36:00 +0000] "GET /item/electronics/2699 HTTP/1.1" 200 124 "/category/electronics?from=20" "Mozilla/5.0 (compatible; MSIE 9.0; Windows NT 6.1; Trident/5.0)"
224.36.20.68 - - [17/Nov/2017:13:36:05 +0000] "GET /category/books HTTP/1.1" 200 57 "-" "Mozilla/5.0 (iPad; CPU OS 5_0_1 like Mac OS X) AppleWebKit/534.46 (KHTML, like Gecko) Version/5.1 Mobile/9A405 Safari/7534.48.3"
192.228.189.65 - - [17/Nov/2017:13:36:10 +0000] "GET /item/electronics/3529 HTTP/1.1" 404 122 "/search/?c=Electronics+Health" "Mozilla/4.0 (compatible; MSIE 8.0; Windows NT 6.1; WOW64; Trident/4.0; YTB730; GTB7.2; SLCC2; .NET CLR 2.0.50727; .NET CLR 3.5.30729; .NET CLR 3.0.30729; .NET4.0C; .NET4.0E; Media Center PC 6.0)"
212.186.212.20 - - [17/Nov/2017:13:36:15 +0000] "GET /item/electronics/367 HTTP/1.1" 200 79 "/category/electronics" "Mozilla/5.0 (Windows NT 5.1) AppleWebKit/535.11 (KHTML, like Gecko) Chrome/17.0.963.46 Safari/535.11"
188.165.183.191 - - [17/Nov/2017:13:36:20 +0000] "GET /item/office/4595 HTTP/1.1" 200 137 "-" "Mozilla/5.0 (compatible; MSIE 9.0; Windows NT 6.1; Trident/5.0)"
176.105.22.32 - - [17/Nov/2017:13:36:25 +0000] "GET /category/books HTTP/1.1" 200 131 "-" "Mozilla/4.0 (compatible; MSIE 8.0; Windows NT 6.1; Trident/4.0; YTB730; SLCC2; .NET CLR 2.0.50727; .NET CLR 3.5.30729; .NET CLR 3.0.30729; Media Center PC 6.0; .NET4.0C)"
164.48.123.206 - - [17/Nov/2017:13:36:30 +0000] "GET /category/sports HTTP/1.1" 200 72 "/category/finance" "Mozilla/5.0 (compatible; MSIE 9.0; Windows NT 6.1; WOW64; Trident/5.0)"
80.51.95.186 - - [17/Nov/2017:13:36:35 +0000] "GET /category/software?from=0 HTTP/1.1" 200 73 "/category/giftcards" "Mozilla/5.0 (compatible; MSIE 9.0; Windows NT 6.1; WOW64; Trident/5.0)"
84.108.138.186 - - [17/Nov/2017:13:36:40 +0000] "GET /item/health/961 HTTP/1.1" 200 102 "/search/?c=Health" "Mozilla/5.0 (compatible; MSIE 9.0; Windows NT 6.1; WOW64; Trident/5.0)"
52.39.67.99 - - [17/Nov/2017:13:36:45 +0000] "GET /item/electronics/3042 HTTP/1.1" 200 45 "-" "Mozilla/5.0 (iPad; CPU OS 5_0_1 like Mac OS X) AppleWebKit/534.46 (KHTML, like Gecko) Version/5.1 Mobile/9A405 Safari/7534.48.3"
224.207.157.219 - - [17/Nov/2017:13:36:50 +0000] "GET /category/software HTTP/1.1" 200 43 "-" "Mozilla/5.0 (Windows NT 6.0; rv:10.0.1) Gecko/20100101 Firefox/10.0.1"
116.153.59.162 - - [17/Nov/2017:13:36:55 +0000] "GET /category/health?from=10 HTTP/1.1" 200 124 "/search/?c=Office+Electronics" "Mozilla/5.0 (Windows NT 6.0; rv:10.0.1) Gecko/20100101 Firefox/10.0.1"
112.57.196.125 - - [17/Nov/2017:13:37:00 +0000] "GET /category/games HTTP/1.1" 200 135 "-" "Mozilla/5.0 (Windows NT 6.0; rv:10.0.1) Gecko/20100101 Firefox/10.0.1"
44.132.127.218 - - [17/Nov/2017:13:37:05 +0000] "GET /category/music HTTP/1.1" 200 87 "-" "Mozilla/5.0 (compatible; MSIE 9.0; Windows NT 6.1; WOW64; Trident/5.0)"
48.195.168.33 - - [17/Nov/2017:13:37:10 +0000] "POST /search/?c=Computers+Electronics HTTP/1.1" 200 44 "/item/office/2904" "Mozilla/5.0 (Windows NT 6.1; WOW64) AppleWebKit/535.11 (KHTML, like Gecko) Chrome/17.0.963.56 Safari/535.11"
168.159.181.20 - - [17/Nov/2017:13:37:15 +0000] "GET /category/books HTTP/1.1" 200 101 "/category/software" "Mozilla/5.0 (Windows NT 6.1; WOW64; rv:10.0.1) Gecko/20100101 Firefox/10.0.1"
44.60.152.105 - - [17/Nov/2017:13:37:20 +0000] "GET /item/software/875 HTTP/1.1" 200 132 "http://www.google.com/search?ie=UTF-8&q=google&sclient=psy-ab&q=Software&oq=Software&aq=f&aqi=g-vL1&aql=&pbx=1&bav=on.2,or.r_gc.r_pw.r_qf.,cf.osb&biw=816&bih=471" "Mozilla/5.0 (Windows NT 6.0; rv:10.0.1) Gecko/20100101 Firefox/10.0.1"
48.201.198.145 - - [17/Nov/2017:13:37:25 +0000] "POST /search/?c=Networking HTTP/1.1" 200 110 "-" "Mozilla/4.0 (compatible; MSIE 8.0; Windows NT 6.1; WOW64; Trident/4.0; GTB7.2; SLCC2; .NET CLR 2.0.50727; .NET CLR 3.5.30729; .NET CLR 3.0.30729; Media Center PC 6.0; .NET4.0C)"
220.42.55.83 - - [17/Nov/2017:13:37:30 +0000] "GET /item/electronics/3545 HTTP/1.1" 200 133 "-" "Mozilla/4.0 (compatible; MSIE 8.0; Windows NT 6.1; WOW64; Trident/4.0; YTB730; GTB7.2; EasyBits GO v1.0; SLCC2; .NET CLR 2.0.50727; .NET CLR 3.5.30729; .NET CLR 3.0.30729; Media Center PC 6.0; .NET4.0C)"
216.48.29.169 - - [17/Nov/2017:13:37:35 +0000] "GET /category/software HTTP/1.1" 200 109 "/category/giftcards" "Mozilla/5.0 (Windows NT 6.0) AppleWebKit/535.11 (KHTML, like Gecko) Chrome/17.0.963.56 Safari/535.11"
60.150.49.62 - - [17/Nov/2017:13:37:40 +0000] "GET /category/games HTTP/1.1" 200 49 "/search/?c=Electronics" "Mozilla/5.0 (Windows NT 5.1) AppleWebKit/535.11 (KHTML, like Gecko) Chrome/17.0.963.46 Safari/535.11"
216.210.62.164 - - [17/Nov/2017:13:37:45 +0000] "GET /item/cameras/3741 HTTP/1.1" 200 90 "/category/cameras" "Mozilla/4.0 (compatible; MSIE 8.0; Windows NT 6.1; WOW64; Trident/4.0; YTB730; GTB7.2; EasyBits GO v1.0; SLCC2; .NET CLR 2.0.50727; .NET CLR 3.5.30729; .NET CLR 3.0.30729; Media Center PC 6.0; .NET4.0C)"
68.183.57.183 - - [17/Nov/2017:13:37:50 +0000] "GET /category/games HTTP/1.1" 200 69 "-" "Mozilla/4.0 (compatible; MSIE 8.0; Windows NT 6.1; WOW64; Trident/4.0; GTB7.2; SLCC2; .NET CLR 2.0.50727; .NET CLR 3.5.30729; .NET CLR 3.0.30729; Media Center PC 6.0; .NET4.0C)"
124.171.169.38 - - [17/Nov/2017:13:37:55 +0000] "GET /item/books/4322 HTTP/1.1" 200 44 "/category/jewelry" "Mozilla/5.0 (iPhone; CPU iPhone OS 5_0_1 like Mac OS X) AppleWebKit/534.46 (KHTML, like Gecko) Version/5.1 Mobile/9A405 Safari/7534.48.3"
156.81.120.91 - - [17/Nov/2017:13:38:00 +0000] "GET /category/music HTTP/1.1" 200 121 "-" "Mozilla/5.0 (compatible; MSIE 9.0; Windows NT 6.1; Trident/5.0)"
212.93.61.84 - - [17/Nov/2017:13:38:05 +0000] "GET /category/software?from=0 HTTP/1.1" 200 126 "-" "Mozilla/4.0 (compatible; MSIE 8.0; Windows NT 6.0; WOW64; Trident/4.0; GTB6; SLCC1; .NET CLR 2.0.50727; Media Center PC 5.0; .NET CLR 3.5.30729; .NET CLR 3.0.30618; .NET4.0C)"
176.93.138.138 - - [17/Nov/2017:13:38:10 +0000] "GET /category/electronics HTTP/1.1" 200 99 "-" "Mozilla/5.0 (Windows NT 6.0) AppleWebKit/535.11 (KHTML, like Gecko) Chrome/17.0.963.56 Safari/535.11"
84.108.138.186 - - [17/Nov/2017:13:38:15 +0000] "GET /item/computers/1333 HTTP/1.1" 200 108 "-" "Mozilla/5.0 (compatible; MSIE 9.0; Windows NT 6.1; WOW64; Trident/5.0)"
108.174.61.62 - - [17/Nov/2017:13:38:20 +0000] "GET /item/health/3590 HTTP/1.1" 200 95 "-" "Mozilla/5.0 (compatible; MSIE 9.0; Windows NT 6.1; WOW64; Trident/5.0)"
144.51.141.192 - - [17/Nov/2017:13:38:25 +0000] "GET /category/music HTTP/1.1" 200 87 "-" "Mozilla/5.0 (compatible; MSIE 9.0; Windows NT 6.1; WOW64; Trident/5.0)"
224.57.160.208 - - [17/Nov/2017:13:38:30 +0000] "GET /category/finance HTTP/1.1" 200 71 "-" "Mozilla/5.0 (Windows NT 6.0) AppleWebKit/535.11 (KHTML, like Gecko) Chrome/17.0.963.56 Safari/535.11"
80.57.31.216 - - [17/Nov/2017:13:38:35 +0000] "GET /category/electronics HTTP/1.1" 200 104 "/category/electronics" "Mozilla/5.0 (Windows NT 6.1; WOW64) AppleWebKit/535.7 (KHTML, like Gecko) Chrome/16.0.912.77 Safari/535.7"
172.48.138.173 - - [17/Nov/2017:13:38:40 +0000] "GET /category/software HTTP/1.1" 200 110 "-" "Mozilla/5.0 (Macintosh; Intel Mac OS X 10.6; rv:9.0.1) Gecko/20100101 Firefox/9.0.1"
52.54.64.167 - - [17/Nov/2017:13:38:45 +0000] "GET /category/office HTTP/1.1" 200 46 "/item/health/4912" "Mozilla/5.0 (Windows NT 6.1; WOW64) AppleWebKit/535.11 (KHTML, like Gecko) Chrome/17.0.963.56 Safari/535.11"
60.72.43.103 - - [17/Nov/2017:13:38:50 +0000] "GET /category/cameras?from=20 HTTP/1.1" 200 133 "/search/?c=Cameras" "Mozilla/5.0 (Windows NT 6.1; WOW64) AppleWebKit/535.7 (KHTML, like Gecko) Chrome/16.0.912.77 Safari/535.7"
160.183.132.213 - - [17/Nov/2017:13:38:55 +0000] "GET /category/games HTTP/1.1" 200 49 "/item/office/393" "Mozilla/5.0 (Windows NT 6.1; WOW64) AppleWebKit/535.11 (KHTML, like Gecko) Chrome/17.0.963.56 Safari/535.11"
128.159.112.128 - - [17/Nov/2017:13:39:00 +0000] "GET /category/sports?from=0 HTTP/1.1" 200 81 "/item/music/532" "Mozilla/5.0 (Windows NT 5.1) AppleWebKit/535.11 (KHTML, like Gecko) Chrome/17.0.963.46 Safari/535.11"
140.72.79.22 - - [17/Nov/2017:13:39:05 +0000] "GET /item/electronics/4807 HTTP/1.1" 200 121 "http://www.google.com/search?ie=UTF-8&q=google&sclient=psy-ab&q=Electronics&oq=Electronics&aq=f&aqi=g-vL1&aql=&pbx=1&bav=on.2,or.r_gc.r_pw.r_qf.,cf.osb&biw=3646&bih=185" "Mozilla/5.0 (Windows NT 6.1; WOW64; rv:10.0.1) Gecko/20100101 Firefox/10.0.1"
20.84.216.48 - - [17/Nov/2017:13:39:10 +0000] "GET /item/health/4301 HTTP/1.1" 200 104 "-" "Mozilla/5.0 (Macintosh; Intel Mac OS X 10.6; rv:9.0.1) Gecko/20100101 Firefox/9.0.1"
188.36.41.47 - - [17/Nov/2017:13:39:15 +0000] "GET /category/electronics HTTP/1.1" 200 107 "-" "Mozilla/5.0 (Windows NT 6.1; WOW64; rv:10.0.1) Gecko/20100101 Firefox/10.0.1"
60.90.187.169 - - [17/Nov/2017:13:39:20 +0000] "GET /category/finance HTTP/1.1" 200 71 "/category/books" "Mozilla/5.0 (compatible; MSIE 9.0; Windows NT 6.1; Trident/5.0)"
32.135.88.43 - - [17/Nov/2017:13:39:25 +0000] "GET /category/electronics HTTP/1.1" 200 77 "/item/electronics/3410" "Mozilla/5.0 (compatible; Googlebot/2.1; +http://www.google.com/bot.html)"
112.186.182.189 - - [17/Nov/2017:13:39:30 +0000] "GET /category/garden HTTP/1.1" 200 135 "/item/electronics/450" "Mozilla/5.0 (compatible; MSIE 9.0; Windows NT 6.1; WOW64; Trident/5.0)"
168.129.116.168 - - [17/Nov/2017:13:39:35 +0000] "GET /category/electronics HTTP/1.1" 200 61 "-" "Mozilla/5.0 (compatible; Googlebot/2.1; +http://www.google.com/bot.html)"
164.45.62.175 - - [17/Nov/2017:13:39:40 +0000] "GET /item/electronics/4041 HTTP/1.1" 200 42 "-" "Mozilla/5.0 (Windows NT 6.0; rv:10.0.1) Gecko/20100101 Firefox/10.0.1"
216.81.116.200 - - [17/Nov/2017:13:39:45 +0000] "GET /category/books HTTP/1.1" 200 74 "/category/office" "Mozilla/5.0 (Windows NT 6.1; WOW64) AppleWebKit/535.7 (KHTML, like Gecko) Chrome/16.0.912.77 Safari/535.7"
160.78.211.42 - - [17/Nov/2017:13:39:50 +0000] "GET /category/electronics HTTP/1.1" 200 139 "-" "Mozilla/5.0 (compatible; MSIE 9.0; Windows NT 6.1; WOW64; Trident/5.0)"
64.108.210.186 - - [17/Nov/2017:13:39:55 +0000] "GET /category/software HTTP/1.1" 200 114 "/category/electronics" "Mozilla/5.0 (compatible; Googlebot/2.1; +http://www.google.com/bot.html)"
88.126.130.26 - - [17/Nov/2017:13:40:00 +0000] "GET /item/games/4277 HTTP/1.1" 200 49 "/category/software?from=20" "Mozilla/5.0 (Windows NT 6.0; rv:10.0.1) Gecko/20100101 Firefox/10.0.1"
76.144.80.172 - - [17/Nov/2017:13:40:05 +0000] "GET /item/electronics/1042 HTTP/1.1" 200 130 "-" "Mozilla/5.0 (compatible; MSIE 9.0; Windows NT 6.1; Trident/5.0)"
172.54.104.144 - - [17/Nov/2017:13:40:10 +0000] "GET /category/health HTTP/1.1" 200 94 "-" "Mozilla/5.0 (compatible; MSIE 9.0; Windows NT 6.1; WOW64; Trident/5.0)"
164.135.96.20 - - [17/Nov/2017:13:40:15 +0000] "GET /category/electronics HTTP/1.1" 200 138 "-" "Mozilla/5.0 (iPad; CPU OS 5_0_1 like Mac OS X) AppleWebKit/534.46 (KHTML, like Gecko) Version/5.1 Mobile/9A405 Safari/7534.48.3"
224.219.86.184 - - [17/Nov/2017:13:40:20 +0000] "POST /search/?c=Cameras+Finance HTTP/1.1" 200 49 "-" "Mozilla/5.0 (Windows NT 6.1; WOW64; rv:10.0.1) Gecko/20100101 Firefox/10.0.1"
52.189.217.120 - - [17/Nov/2017:13:40:25 +0000] "GET /category/health?from=10 HTTP/1.1" 200 124 "-" "Mozilla/5.0 (Windows NT 6.1; WOW64; rv:10.0.1) Gecko/20100101 Firefox/10.0.1"
24.138.192.196 - - [17/Nov/2017:13:40:30 +0000] "GET /item/networking/322 HTTP/1.1" 200 86 "/category/cameras" "Mozilla/5.0 (iPhone; CPU iPhone OS 5_0_1 like Mac OS X) AppleWebKit/534.46 (KHTML, like Gecko) Version/5.1 Mobile/9A405 Safari/7534.48.3"
104.117.61.206 - - [17/Nov/2017:13:40:35 +0000] "GET /item/health/2403 HTTP/1.1" 200 112 "/search/?c=Health+Electronics" "Mozilla/5.0 (Windows NT 6.1; WOW64) AppleWebKit/535.11 (KHTML, like Gecko) Chrome/17.0.963.56 Safari/535.11"
52.90.30.181 - - [17/Nov/2017:13:40:40 +0000] "GET /item/games/743 HTTP/1.1" 200 128 "/category/books" "Mozilla/5.0 (compatible; Googlebot/2.1; +http://www.google.com/bot.html)"
192.183.227.24 - - [17/Nov/2017:13:40:45 +0000] "GET /category/office HTTP/1.1" 200 59 "/category/games" "Mozilla/5.0 (Windows NT 6.0; rv:10.0.1) Gecko/20100101 Firefox/10.0.1"
192.90.171.212 - - [17/Nov/2017:13:40:50 +0000] "GET /category/cameras HTTP/1.1" 200 55 "-" "Mozilla/5.0 (Windows NT 6.0) AppleWebKit/535.11 (KHTML, like Gecko) Chrome/17.0.963.56 Safari/535.11"
216.123.84.162 - - [17/Nov/2017:13:40:55 +0000] "GET /category/games HTTP/1.1" 200 133 "-" "Mozilla/5.0 (compatible; MSIE 9.0; Windows NT 6.1; Trident/5.0)"
172.51.88.88 - - [17/Nov/2017:13:41:00 +0000] "GET /item/office/4637 HTTP/1.1" 200 70 "/search/?c=Books+Electronics" "Mozilla/5.0 (compatible; Googlebot/2.1; +http://www.google.com/bot.html)"
20.135.151.124 - - [17/Nov/2017:13:41:05 +0000] "GET /item/electronics/287 HTTP/1.1" 200 50 "http://www.google.com/search?ie=UTF-8&q=google&sclient=psy-ab&q=Electronics&oq=Electronics&aq=f&aqi=g-vL1&aql=&pbx=1&bav=on.2,or.r_gc.r_pw.r_qf.,cf.osb&biw=379&bih=255" "Mozilla/5.0 (Windows NT 6.1; WOW64; rv:10.0.1) Gecko/20100101 Firefox/10.0.1"
52.90.30.181 - - [17/Nov/2017:13:41:10 +0000] "GET /category/electronics?from=0 HTTP/1.1" 200 102 "/search/?c=Electronics" "Mozilla/4.0 (compatible; MSIE 8.0; Windows NT 6.1; WOW64; Trident/4.0; YTB730; GTB7.2; SLCC2; .NET CLR 2.0.50727; .NET CLR 3.5.30729; .NET CLR 3.0.30729; .NET4.0C; .NET4.0E; Media Center PC 6.0)"
76.177.95.159 - - [17/Nov/2017:13:41:15 +0000] "GET /category/health HTTP/1.1" 200 59 "/category/games" "Mozilla/5.0 (compatible; Googlebot/2.1; +http://www.google.com/bot.html)"
204.186.37.92 - - [17/Nov/2017:13:41:20 +0000] "GET /category/electronics HTTP/1.1" 200 63 "/item/electronics/261" "Mozilla/5.0 (Windows NT 6.0) AppleWebKit/535.11 (KHTML, like Gecko) Chrome/17.0.963.56 Safari/535.11"
84.126.57.104 - - [17/Nov/2017:13:41:25 +0000] "GET /category/electronics HTTP/1.1" 200 97 "-" "Mozilla/5.0 (Windows NT 6.0) AppleWebKit/535.11 (KHTML, like Gecko) Chrome/17.0.963.56 Safari/535.11"
88.102.169.148 - - [17/Nov/2017:13:41:30 +0000] "GET /category/electronics?from=20 HTTP/1.1" 200 48 "/category/office" "Mozilla/5.0 (Windows NT 5.1) AppleWebKit/535.11 (KHTML, like Gecko) Chrome/17.0.963.46 Safari/535.11"
212.204.212.109 - - [17/Nov/2017:13:41:35 +0000] "GET /category/electronics HTTP/1.1" 200 63 "-" "Mozilla/4.0 (compatible; MSIE 8.0; Windows NT 6.1; WOW64; Trident/4.0; YTB730; GTB7.2; SLCC2; .NET CLR 2.0.50727; .NET CLR 3.5.30729; .NET CLR 3.0.30729; .NET4.0C; .NET4.0E; Media Center PC 6.0)"
228.123.64.116 - - [17/Nov/2017:13:41:40 +0000] "POST /search/?c=Electronics HTTP/1.1" 200 69 "/category/electronics" "Mozilla/5.0 (Windows NT 6.1; WOW64; rv:10.0.1) Gecko/20100101 Firefox/10.0.1"
76.75.163.170 - - [17/Nov/2017:13:41:45 +0000] "GET /category/software HTTP/1.1" 200 126 "-" "Mozilla/5.0 (Windows NT 6.0; rv:10.0.1) Gecko/20100101 Firefox/10.0.1"
116.72.59.134 - - [17/Nov/2017:13:41:50 +0000] "GET /category/electronics HTTP/1.1" 200 75 "-" "Mozilla/5.0 (Windows NT 6.0) AppleWebKit/535.11 (KHTML, like Gecko) Chrome/17.0.963.56 Safari/535.11"
164.207.101.92 - - [17/Nov/2017:13:41:55 +0000] "GET /category/books HTTP/1.1" 200 101 "-" "Mozilla/5.0 (Windows NT 5.1) AppleWebKit/535.11 (KHTML, like Gecko) Chrome/17.0.963.46 Safari/535.11"
104.156.80.128 - - [17/Nov/2017:13:42:00 +0000] "GET /item/software/1531 HTTP/1.1" 200 102 "/item/jewelry/2821" "Mozilla/5.0 (iPad; CPU OS 5_0_1 like Mac OS X) AppleWebKit/534.46 (KHTML, like Gecko) Version/5.1 Mobile/9A405 Safari/7534.48.3"
72.225.153.31 - - [17/Nov/2017:13:42:05 +0000] "GET /item/networking/2266 HTTP/1.1" 404 75 "/search/?c=Networking+Electronics" "Mozilla/5.0 (compatible; Googlebot/2.1; +http://www.google.com/bot.html)"
192.198.24.209 - - [17/Nov/2017:13:42:10 +0000] "GET /category/software HTTP/1.1" 200 116 "/category/software?from=10" "Mozilla/5.0 (iPad; CPU OS 5_0_1 like Mac OS X) AppleWebKit/534.46 (KHTML, like Gecko) Version/5.1 Mobile/9A405 Safari/7534.48.3"
200.78.131.141 - - [17/Nov/2017:13:42:15 +0000] "GET /category/garden HTTP/1.1" 200 77 "-" "Mozilla/5.0 (Windows NT 6.1; WOW64) AppleWebKit/535.7 (KHTML, like Gecko) Chrome/16.0.912.77 Safari/535.7"
168.129.116.168 - - [17/Nov/2017:13:42:20 +0000] "GET /item/electronics/2895 HTTP/1.1" 200 47 "-" "Mozilla/5.0 (Windows NT 6.0; rv:10.0.1) Gecko/20100101 Firefox/10.0.1"
100.21.56.172 - - [17/Nov/2017:13:42:25 +0000] "GET /item/health/3531 HTTP/1.1" 200 50 "/category/games" "Mozilla/5.0 (compatible; Googlebot/2.1; +http://www.google.com/bot.html)"
72.189.134.198 - - [17/Nov/2017:13:42:30 +0000] "GET /category/electronics HTTP/1.1" 200 98 "/category/jewelry?from=20" "Mozilla/5.0 (compatible; Googlebot/2.1; +http://www.google.com/bot.html)"
52.90.30.181 - - [17/Nov/2017:13:42:35 +0000] "GET /item/music/4403 HTTP/1.1" 200 96 "-" "Mozilla/5.0 (compatible; Googlebot/2.1; +http://www.google.com/bot.html)"
196.168.199.146 - - [17/Nov/2017:13:42:40 +0000] "GET /category/giftcards HTTP/1.1" 200 43 "-" "Mozilla/5.0 (Windows NT 6.0) AppleWebKit/535.11 (KHTML, like Gecko) Chrome/17.0.963.56 Safari/535.11"
48.201.198.145 - - [17/Nov/2017:13:42:45 +0000] "GET /category/computers HTTP/1.1" 200 48 "-" "Mozilla/4.0 (compatible; MSIE 8.0; Windows NT 6.0; WOW64; Trident/4.0; GTB6; SLCC1; .NET CLR 2.0.50727; Media Center PC 5.0; .NET CLR 3.5.30729; .NET CLR 3.0.30618; .NET4.0C)"
60.30.169.122 - - [17/Nov/2017:13:42:50 +0000] "GET /category/cameras HTTP/1.1" 200 77 "-" "Mozilla/5.0 (compatible; MSIE 9.0; Windows NT 6.1; WOW64; Trident/5.0)"
216.210.62.164 - - [17/Nov/2017:13:42:55 +0000] "POST /search/?c=Cameras+Office HTTP/1.1" 200 71 "/item/computers/2093" "Mozilla/5.0 (compatible; Googlebot/2.1; +http://www.google.com/bot.html)"
60.126.223.156 - - [17/Nov/2017:13:43:00 +0000] "GET /category/jewelry?from=20 HTTP/1.1" 200 107 "/item/electronics/229" "Mozilla/5.0 (Windows NT 6.0; rv:10.0.1) Gecko/20100101 Firefox/10.0.1"
200.207.132.97 - - [17/Nov/2017:13:43:05 +0000] "POST /search/?c=Cameras HTTP/1.1" 200 132 "-" "Mozilla/5.0 (Windows NT 6.0) AppleWebKit/535.11 (KHTML, like Gecko) Chrome/17.0.963.56 Safari/535.11"
36.75.71.169 - - [17/Nov/2017:13:43:10 +0000] "GET /item/electronics/4807 HTTP/1.1" 200 121 "/category/computers" "Mozilla/5.0 (Windows NT 6.0) AppleWebKit/535.11 (KHTML, like Gecko) Chrome/17.0.963.56 Safari/535.11"
224.171.159.48 - - [17/Nov/2017:13:43:15 +0000] "GET /category/electronics HTTP/1.1" 200 88 "-" "Mozilla/5.0 (compatible; Googlebot/2.1; +http://www.google.com/bot.html)"
24.225.171.131 - - [17/Nov/2017:13:43:20 +0000] "GET /category/jewelry HTTP/1.1" 200 113 "-" "Mozilla/4.0 (compatible; MSIE 8.0; Windows NT 6.1; Trident/4.0; YTB730; SLCC2; .NET CLR 2.0.50727; .NET CLR 3.5.30729; .NET CLR 3.0.30729; Media Center PC 6.0; .NET4.0C)"
72.27.184.75 - - [17/Nov/2017:13:43:25 +0000] "GET /category/software HTTP/1.1" 200 64 "/category/sports" "Mozilla/5.0 (Windows NT 6.0; rv:10.0.1) Gecko/20100101 Firefox/10.0.1"
168.159.154.110 - - [17/Nov/2017:13:43:30 +0000] "GET /category/jewelry HTTP/1.1" 200 76 "http://www.google.com/search?ie=UTF-8&q=google&sclient=psy-ab&q=Jewelry&oq=Jewelry&aq=f&aqi=g-vL1&aql=&pbx=1&bav=on.2,or.r_gc.r_pw.r_qf.,cf.osb&biw=4784&bih=226" "Mozilla/5.0 (Windows NT 6.0; rv:10.0.1) Gecko/20100101 Firefox/10.0.1"
216.177.42.228 - - [17/Nov/2017:13:43:35 +0000] "GET /category/software?from=20 HTTP/1.1" 200 49 "-" "Mozilla/5.0 (Windows NT 6.1; WOW64) AppleWebKit/535.7 (KHTML, like Gecko) Chrome/16.0.912.77 Safari/535.7"
96.39.228.165 - - [17/Nov/2017:13:43:40 +0000] "GET /item/electronics/2990 HTTP/1.1" 200 69 "/item/books/1869" "Mozilla/5.0 (compatible; MSIE 9.0; Windows NT 6.1; WOW64; Trident/5.0)"
32.30.60.100 - - [17/Nov/2017:13:43:45 +0000] "GET /category/books HTTP/1.1" 200 73 "-" "Mozilla/5.0 (Macintosh; Intel Mac OS X 10.6; rv:9.0.1) Gecko/20100101 Firefox/9.0.1"
36.69.107.106 - - [17/Nov/2017:13:43:50 +0000] "GET /category/electronics HTTP/1.1" 200 82 "-" "Mozilla/5.0 (compatible; MSIE 9.0; Windows NT 6.1; Trident/5.0)"
48.84.25.228 - - [17/Nov/2017:13:43:55 +0000] "GET /item/toys/2543 HTTP/1.1" 200 73 "/category/toys" "Mozilla/5.0 (compatible; Googlebot/2.1; +http://www.google.com/bot.html)"
196.51.65.141 - - [17/Nov/2017:13:44:00 +0000] "POST /search/?c=Giftcards HTTP/1.1" 200 116 "-" "Mozilla/5.0 (compatible; MSIE 9.0; Windows NT 6.1; Trident/5.0)"
224.195.180.118 - - [17/Nov/2017:13:44:05 +0000] "GET /category/cameras?from=0 HTTP/1.1" 200 139 "/search/?c=Office+Computers" "Mozilla/5.0 (compatible; MSIE 9.0; Windows NT 6.1; WOW64; Trident/5.0)"
140.108.166.217 - - [17/Nov/2017:13:44:10 +0000] "GET /category/software HTTP/1.1" 200 98 "-" "Mozilla/5.0 (compatible; MSIE 9.0; Windows NT 6.1; WOW64; Trident/5.0)"
120.147.115.60 - - [17/Nov/2017:13:44:15 +0000] "GET /item/electronics/4030 HTTP/1.1" 200 111 "-" "Mozilla/5.0 (compatible; MSIE 9.0; Windows NT 6.1; WOW64; Trident/5.0)"
108.225.225.104 - - [17/Nov/2017:13:44:20 +0000] "GET /category/software?from=0 HTTP/1.1" 200 126 "/search/?c=Computers" "Mozilla/4.0 (compatible; MSIE 8.0; Windows NT 6.1; WOW64; Trident/4.0; GTB7.2; SLCC2; .NET CLR 2.0.50727; .NET CLR 3.5.30729; .NET CLR 3.0.30729; Media Center PC 6.0; .NET4.0C)"
72.129.64.28 - - [17/Nov/2017:13:44:25 +0000] "GET /category/electronics HTTP/1.1" 200 130 "/category/software" "Mozilla/5.0 (Macintosh; Intel Mac OS X 10.6; rv:9.0.1) Gecko/20100101 Firefox/9.0.1"
168.159.181.20 - - [17/Nov/2017:13:44:30 +0000] "GET /item/games/2215 HTTP/1.1" 200 64 "-" "Mozilla/5.0 (Windows NT 6.1; WOW64; rv:10.0.1) Gecko/20100101 Firefox/10.0.1"
104.216.208.39 - - [17/Nov/2017:13:44:35 +0000] "GET /category/books HTTP/1.1" 200 73 "/search/?c=Books+Networking" "Mozilla/5.0 (Macintosh; Intel Mac OS X 10.6; rv:9.0.1) Gecko/20100101 Firefox/9.0.1"
196.216.204.193 - - [17/Nov/2017:13:44:40 +0000] "GET /item/jewelry/4114 HTTP/1.1" 404 139 "/category/jewelry" "Mozilla/5.0 (Windows NT 6.1; WOW64) AppleWebKit/535.7 (KHTML, like Gecko) Chrome/16.0.912.77 Safari/535.7"
160.93.50.158 - - [17/Nov/2017:13:44:45 +0000] "GET /category/software?from=0 HTTP/1.1" 200 44 "/category/software" "Mozilla/4.0 (compatible; MSIE 8.0; Windows NT 6.1; WOW64; Trident/4.0; YTB730; GTB7.2; EasyBits GO v1.0; SLCC2; .NET CLR 2.0.50727; .NET CLR 3.5.30729; .NET CLR 3.0.30729; Media Center PC 6.0; .NET4.0C)"
160.78.146.93 - - [17/Nov/2017:13:44:50 +0000] "GET /item/finance/1639 HTTP/1.1" 200 114 "/category/electronics" "Mozilla/5.0 (compatible; MSIE 9.0; Windows NT 6.1; Trident/5.0)"
188.213.34.150 - - [17/Nov/2017:13:44:55 +0000] "GET /category/sports HTTP/1.1" 200 137 "-" "Mozilla/5.0 (Windows NT 6.1; WOW64) AppleWebKit/535.11 (KHTML, like Gecko) Chrome/17.0.963.56 Safari/535.11"
148.21.130.45 - - [17/Nov/2017:13:45:00 +0000] "GET /category/jewelry HTTP/1.1" 200 73 "-" "Mozilla/5.0 (Windows NT 6.1; WOW64) AppleWebKit/535.11 (KHTML, like Gecko) Chrome/17.0.963.56 Safari/535.11"
148.108.60.129 - - [17/Nov/2017:13:45:05 +0000] "GET /category/books HTTP/1.1" 200 122 "-" "Mozilla/5.0 (Windows NT 6.0; rv:10.0.1) Gecko/20100101 Firefox/10.0.1"
116.132.223.92 - - [17/Nov/2017:13:45:10 +0000] "GET /item/electronics/4025 HTTP/1.1" 200 124 "-" "Mozilla/5.0 (Windows NT 6.1; WOW64; rv:10.0.1) Gecko/20100101 Firefox/10.0.1"
152.123.68.77 - - [17/Nov/2017:13:45:15 +0000] "GET /category/electronics HTTP/1.1" 200 77 "/item/books/3877" "Mozilla/5.0 (Windows NT 6.0; rv:10.0.1) Gecko/20100101 Firefox/10.0.1"
196.24.211.196 - - [17/Nov/2017:13:45:20 +0000] "GET /category/books HTTP/1.1" 200 67 "-" "Mozilla/5.0 (compatible; Googlebot/2.1; +http://www.google.com/bot.html)"
96.138.127.49 - - [17/Nov/2017:13:45:25 +0000] "GET /category/electronics HTTP/1.1" 200 83 "-" "Mozilla/5.0 (Windows NT 6.1; WOW64) AppleWebKit/535.7 (KHTML, like Gecko) Chrome/16.0.912.77 Safari/535.7"
176.171.208.90 - - [17/Nov/2017:13:45:30 +0000] "GET /category/health HTTP/1.1" 200 103 "http://www.google.com/search?ie=UTF-8&q=google&sclient=psy-ab&q=Health&oq=Health&aq=f&aqi=g-vL1&aql=&pbx=1&bav=on.2,or.r_gc.r_pw.r_qf.,cf.osb&biw=1477&bih=534" "Mozilla/5.0 (iPad; CPU OS 5_0_1 like Mac OS X) AppleWebKit/534.46 (KHTML, like Gecko) Version/5.1 Mobile/9A405 Safari/7534.48.3"
212.183.136.225 - - [17/Nov/2017:13:45:35 +0000] "GET /item/software/1531 HTTP/1.1" 200 102 "/search/?c=Software+Software" "Mozilla/5.0 (Windows NT 6.0) AppleWebKit/535.11 (KHTML, like Gecko) Chrome/17.0.963.56 Safari/535.11"
220.105.182.218 - - [17/Nov/2017:13:45:40 +0000] "GET /category/jewelry HTTP/1.1" 200 40 "/item/music/1695" "Mozilla/5.0 (Windows NT 6.1; WOW64; rv:10.0.1) Gecko/20100101 Firefox/10.0.1"
116.123.101.195 - - [17/Nov/2017:13:45:45 +0000] "GET /item/electronics/1042 HTTP/1.1" 200 130 "/category/health" "Mozilla/5.0 (Windows NT 6.1; WOW64; rv:10.0.1) Gecko/20100101 Firefox/10.0.1"
132.81.165.167 - - [17/Nov/2017:13:45:50 +0000] "GET /item/books/1869 HTTP/1.1" 200 134 "-" "Mozilla/5.0 (Windows NT 6.1; WOW64) AppleWebKit/535.7 (KHTML, like Gecko) Chrome/16.0.912.77 Safari/535.7"
72.96.123.40 - - [17/Nov/2017:13:45:55 +0000] "GET /category/office HTTP/1.1" 200 79 "/category/networking?from=10" "Mozilla/5.0 (Windows NT 6.0) AppleWebKit/535.11 (KHTML, like Gecko) Chrome/17.0.963.56 Safari/535.11"
36.183.156.215 - - [17/Nov/2017:13:46:00 +0000] "GET /category/electronics HTTP/1.1" 200 47 "-" "Mozilla/5.0 (Windows NT 6.0; rv:10.0.1) Gecko/20100101 Firefox/10.0.1"
200.138.201.118 - - [17/Nov/2017:13:46:05 +0000] "GET /category/garden HTTP/1.1" 200 47 "-" "Mozilla/5.0 (Windows NT 6.0; rv:10.0.1) Gecko/20100101 Firefox/10.0.1"
36.222.81.121 - - [17/Nov/2017:13:46:10 +0000] "GET /item/electronics/4807 HTTP/1.1" 200 121 "-" "Mozilla/5.0 (Windows NT 6.0; rv:10.0.1) Gecko/20100101 Firefox/10.0.1"
140.63.197.40 - - [17/Nov/2017:13:46:15 +0000] "GET /category/games?from=0 HTTP/1.1" 200 124 "/category/garden" "Mozilla/4.0 (compatible; MSIE 8.0; Windows NT 6.0; WOW64; Trident/4.0; GTB6; SLCC1; .NET CLR 2.0.50727; Media Center PC 5.0; .NET CLR 3.5.30729; .NET CLR 3.0.30618; .NET4.0C)"
188.198.226.23 - - [17/Nov/2017:13:46:20 +0000] "GET /category/games HTTP/1.1" 200 107 "/item/games/1885" "Mozilla/5.0 (Windows NT 6.0; rv:10.0.1) Gecko/20100101 Firefox/10.0.1"
32.81.139.201 - - [17/Nov/2017:13:46:25 +0000] "GET /category/electronics?from=0 HTTP/1.1" 200 40 "-" "Mozilla/5.0 (iPhone; CPU iPhone OS 5_0_1 like Mac OS X) AppleWebKit/534.46 (KHTML, like Gecko) Version/5.1 Mobile/9A405 Safari/7534.48.3"
116.174.202.224 - - [17/Nov/2017:13:46:30 +0000] "GET /category/finance HTTP/1.1" 200 68 "http://www.google.com/search?ie=UTF-8&q=google&sclient=psy-ab&q=Finance&oq=Finance&aq=f&aqi=g-vL1&aql=&pbx=1&bav=on.2,or.r_gc.r_pw.r_qf.,cf.osb&biw=2806&bih=273" "Mozilla/5.0 (Windows NT 6.0; rv:10.0.1) Gecko/20100101 Firefox/10.0.1"
216.192.41.57 - - [17/Nov/2017:13:46:35 +0000] "GET /item/games/3390 HTTP/1.1" 200 42 "/search/?c=Music+Music" "Mozilla/5.0 (Windows NT 6.1; WOW64; rv:10.0.1) Gecko/20100101 Firefox/10.0.1"
188.213.129.190 - - [17/Nov/2017:13:46:40 +0000] "GET /item/garden/4052 HTTP/1.1" 200 88 "/search/?c=Health" "Mozilla/4.0 (compatible; MSIE 8.0; Windows NT 6.1; WOW64; Trident/4.0; GTB7.2; SLCC2; .NET CLR 2.0.50727; .NET CLR 3.5.30729; .NET CLR 3.0.30729; Media Center PC 6.0; .NET4.0C)"
84.117.68.27 - - [17/Nov/2017:13:46:45 +0000] "GET /item/toys/1733 HTTP/1.1" 200 117 "/category/games?from=20" "Mozilla/5.0 (Windows NT 6.0) AppleWebKit/535.11 (KHTML, like Gecko) Chrome/17.0.963.56 Safari/535.11"
208.120.110.135 - - [17/Nov/2017:13:46:50 +0000] "GET /category/software HTTP/1.1" 200 121 "-" "Mozilla/5.0 (compatible; Googlebot/2.1; +http://www.google.com/bot.html)"
196.180.153.197 - - [17/Nov/2017:13:46:55 +0000] "GET /category/games HTTP/1.1" 200 44 "/category/cameras?from=20" "Mozilla/4.0 (compatible; MSIE 8.0; Windows NT 5.1; Trident/4.0; BTRS122159; GTB7.2; .NET CLR 1.1.4322; .NET CLR 2.0.50727; .NET CLR 3.0.04506.30; .NET CLR 3.0.4506.2152; .NET CLR 3.5.30729; BRI/2)"
176.210.71.83 - - [17/Nov/2017:13:47:00 +0000] "GET /item/software/2 HTTP/1.1" 200 139 "/search/?c=Software" "Mozilla/5.0 (Windows NT 6.1; WOW64; rv:10.0.1) Gecko/20100101 Firefox/10.0.1"
56.222.168.46 - - [17/Nov/2017:13:47:05 +0000] "GET /item/electronics/1828 HTTP/1.1" 200 57 "-" "Mozilla/5.0 (Windows NT 6.1; WOW64) AppleWebKit/535.11 (KHTML, like Gecko) Chrome/17.0.963.56 Safari/535.11"
136.126.144.37 - - [17/Nov/2017:13:47:10 +0000] "GET /category/software HTTP/1.1" 200 127 "-" "Mozilla/5.0 (Windows NT 6.1; WOW64) AppleWebKit/535.7 (KHTML, like Gecko) Chrome/16.0.912.77 Safari/535.7"
52.219.45.68 - - [17/Nov/2017:13:47:15 +0000] "GET /category/sports HTTP/1.1" 200 72 "-" "Mozilla/5.0 (Windows NT 6.0) AppleWebKit/535.11 (KHTML, like Gecko) Chrome/17.0.963.56 Safari/535.11"
32.177.40.26 - - [17/Nov/2017:13:47:20 +0000] "GET /item/software/2109 HTTP/1.1" 200 107 "/search/?c=Software" "Mozilla/4.0 (compatible; MSIE 8.0; Windows NT 5.1; Trident/4.0; BTRS122159; GTB7.2; .NET CLR 1.1.4322; .NET CLR 2.0.50727; .NET CLR 3.0.04506.30; .NET CLR 3.0.4506.2152; .NET CLR 3.5.30729; BRI/2)"
116.150.145.77 - - [17/Nov/2017:13:47:25 +0000] "GET /category/office HTTP/1.1" 200 68 "-" "Mozilla/5.0 (Windows NT 6.0; rv:10.0.1) Gecko/20100101 Firefox/10.0.1"
148.66.143.65 - - [17/Nov/2017:13:47:30 +0000] "GET /category/networking HTTP/1.1" 200 127 "/category/electronics" "Mozilla/5.0 (compatible; MSIE 9.0; Windows NT 6.1; WOW64; Trident/5.0)"
204.162.54.90 - - [17/Nov/2017:13:47:35 +0000] "GET /item/games/152 HTTP/1.1" 200 133 "/item/garden/4052" "Mozilla/5.0 (Windows NT 6.0; rv:10.0.1) Gecko/20100101 Firefox/10.0.1"
128.66.82.98 - - [17/Nov/2017:13:47:40 +0000] "GET /category/electronics HTTP/1.1" 200 72 "/category/books?from=20" "Mozilla/5.0 (compatible; Googlebot/2.1; +http://www.google.com/bot.html)"
140.93.196.122 - - [17/Nov/2017:13:47:45 +0000] "GET /category/computers HTTP/1.1" 200 99 "/category/finance" "Mozilla/4.0 (compatible; MSIE 8.0; Windows NT 5.1; Trident/4.0; YTB720; GTB7.2; .NET CLR 1.1.4322; .NET CLR 2.0.50727; .NET CLR 3.0.4506.2152; .NET CLR 3.5.30729)"
128.54.131.218 - - [17/Nov/2017:13:47:50 +0000] "GET /category/jewelry HTTP/1.1" 200 111 "-" "Mozilla/5.0 (Windows NT 6.1; WOW64) AppleWebKit/535.11 (KHTML, like Gecko) Chrome/17.0.963.56 Safari/535.11"
136.165.204.44 - - [17/Nov/2017:13:47:55 +0000] "POST /search/?c=Giftcards HTTP/1.1" 200 104 "/category/electronics?from=20" "Mozilla/5.0 (Windows NT 6.1; WOW64; rv:10.0.1) Gecko/20100101 Firefox/10.0.1"
224.27.47.136 - - [17/Nov/2017:13:48:00 +0000] "GET /category/toys?from=10 HTTP/1.1" 200 96 "-" "Mozilla/5.0 (Windows NT 6.1; WOW64) AppleWebKit/535.7 (KHTML, like Gecko) Chrome/16.0.912.77 Safari/535.7"
72.120.175.129 - - [17/Nov/2017:13:48:05 +0000] "GET /item/games/2694 HTTP/1.1" 200 90 "/category/books" "Mozilla/5.0 (Macintosh; Intel Mac OS X 10.6; rv:9.0.1) Gecko/20100101 Firefox/9.0.1"
116.99.75.204 - - [17/Nov/2017:13:48:10 +0000] "GET /category/games HTTP/1.1" 200 69 "/item/finance/3479" "Mozilla/5.0 (Windows NT 6.0; rv:10.0.1) Gecko/20100101 Firefox/10.0.1"
32.78.107.79 - - [17/Nov/2017:13:48:15 +0000] "GET /category/networking HTTP/1.1" 200 82 "/item/computers/4182" "Mozilla/5.0 (Windows NT 6.1; WOW64) AppleWebKit/535.11 (KHTML, like Gecko) Chrome/17.0.963.56 Safari/535.11"
140.27.162.195 - - [17/Nov/2017:13:48:20 +0000] "GET /item/software/2487 HTTP/1.1" 200 51 "/category/jewelry" "Mozilla/5.0 (Windows NT 6.1; WOW64) AppleWebKit/535.7 (KHTML, like Gecko) Chrome/16.0.912.77 Safari/535.7"
124.210.121.29 - - [17/Nov/2017:13:48:25 +0000] "GET /item/toys/1283 HTTP/1.1" 200 49 "-" "Mozilla/5.0 (compatible; MSIE 9.0; Windows NT 6.1; Trident/5.0)"
176.93.138.138 - - [17/Nov/2017:13:48:30 +0000] "GET /category/electronics?from=0 HTTP/1.1" 200 71 "/category/electronics" "Mozilla/5.0 (compatible; Googlebot/2.1; +http://www.google.com/bot.html)"
180.60.171.28 - - [17/Nov/2017:13:48:35 +0000] "POST /search/?c=Toys HTTP/1.1" 200 72 "-" "Mozilla/5.0 (Windows NT 6.1; WOW64; rv:10.0.1) Gecko/20100101 Firefox/10.0.1"
196.69.125.183 - - [17/Nov/2017:13:48:40 +0000] "GET /item/games/2827 HTTP/1.1" 200 113 "-" "Mozilla/5.0 (Windows NT 6.0; rv:10.0.1) Gecko/20100101 Firefox/10.0.1"
216.177.42.228 - - [17/Nov/2017:13:48:45 +0000] "GET /item/electronics/2104 HTTP/1.1" 200 59 "/item/garden/2971" "Mozilla/5.0 (compatible; Googlebot/2.1; +http://www.google.com/bot.html)"
88.99.48.102 - - [17/Nov/2017:13:48:50 +0000] "POST /search/?c=Games+Electronics HTTP/1.1" 200 52 "-" "Mozilla/4.0 (compatible; MSIE 8.0; Windows NT 6.1; WOW64; Trident/4.0; YTB730; GTB7.2; SLCC2; .NET CLR 2.0.50727; .NET CLR 3.5.30729; .NET CLR 3.0.30729; .NET4.0C; .NET4.0E; Media Center PC 6.0)"
56.186.73.100 - - [17/Nov/2017:13:48:55 +0000] "GET /category/electronics?from=20 HTTP/1.1" 200 124 "-" "Mozilla/5.0 (compatible; MSIE 9.0; Windows NT 6.1; Trident/5.0)"
120.225.200.117 - - [17/Nov/2017:13:49:00 +0000] "GET /category/software?from=0 HTTP/1.1" 200 109 "-" "Mozilla/5.0 (compatible; MSIE 9.0; Windows NT 6.1; WOW64; Trident/5.0)"
80.162.143.170 - - [17/Nov/2017:13:49:05 +0000] "GET /category/computers?from=20 HTTP/1.1" 200 52 "/category/health" "Mozilla/5.0 (Macintosh; Intel Mac OS X 10.6; rv:9.0.1) Gecko/20100101 Firefox/9.0.1"
216.159.84.36 - - [17/Nov/2017:13:49:10 +0000] "POST /search/?c=Games+Giftcards HTTP/1.1" 200 78 "/category/electronics" "Mozilla/5.0 (iPad; CPU OS 5_0_1 like Mac OS X) AppleWebKit/534.46 (KHTML, like Gecko) Version/5.1 Mobile/9A405 Safari/7534.48.3"
92.225.46.39 - - [17/Nov/2017:13:49:15 +0000] "GET /category/software HTTP/1.1" 200 50 "/category/software" "Mozilla/5.0 (Macintosh; Intel Mac OS X 10.6; rv:9.0.1) Gecko/20100101 Firefox/9.0.1"
96.195.52.25 - - [17/Nov/2017:13:49:20 +0000] "GET /category/giftcards HTTP/1.1" 200 93 "/item/games/4604" "Mozilla/5.0 (Windows NT 6.0; rv:10.0.1) Gecko/20100101 Firefox/10.0.1"
28.129.94.208 - - [17/Nov/2017:13:49:25 +0000] "GET /item/software/875 HTTP/1.1" 200 132 "/item/books/469" "Mozilla/5.0 (Windows NT 6.1; WOW64) AppleWebKit/535.11 (KHTML, like Gecko) Chrome/17.0.963.56 Safari/535.11"
140.144.140.227 - - [17/Nov/2017:13:49:30 +0000] "GET /item/books/570 HTTP/1.1" 200 92 "-" "Mozilla/5.0 (Windows NT 6.1; WOW64; rv:10.0.1) Gecko/20100101 Firefox/10.0.1"
216.192.41.57 - - [17/Nov/2017:13:49:35 +0000] "GET /category/cameras?from=20 HTTP/1.1" 200 63 "/category/cameras" "Mozilla/5.0 (Windows NT 6.1; WOW64; rv:10.0.1) Gecko/20100101 Firefox/10.0.1"
132.219.26.113 - - [17/Nov/2017:13:49:40 +0000] "GET /category/electronics HTTP/1.1" 200 138 "/item/software/1625" "Mozilla/5.0 (Windows NT 6.1; WOW64; rv:10.0.1) Gecko/20100101 Firefox/10.0.1"
132.81.165.167 - - [17/Nov/2017:13:49:45 +0000] "GET /category/health?from=0 HTTP/1.1" 200 81 "/item/software/1831" "Mozilla/5.0 (Macintosh; Intel Mac OS X 10.6; rv:9.0.1) Gecko/20100101 Firefox/9.0.1"
172.111.229.114 - - [17/Nov/2017:13:49:50 +0000] "GET /category/cameras HTTP/1.1" 200 48 "-" "Mozilla/4.0 (compatible; MSIE 8.0; Windows NT 5.1; Trident/4.0; YTB720; GTB7.2; .NET CLR 1.1.4322; .NET CLR 2.0.50727; .NET CLR 3.0.4506.2152; .NET CLR 3.5.30729)"
96.72.174.129 - - [17/Nov/2017:13:49:55 +0000] "GET /item/cameras/2299 HTTP/1.1" 200 64 "/category/games" "Mozilla/5.0 (Windows NT 6.0; rv:10.0.1) Gecko/20100101 Firefox/10.0.1"
76.126.75.166 - - [17/Nov/2017:13:50:00 +0000] "GET /item/electronics/2972 HTTP/1.1" 200 130 "/search/?c=Electronics" "Mozilla/5.0 (Windows NT 6.1; WOW64) AppleWebKit/535.7 (KHTML, like Gecko) Chrome/16.0.912.77 Safari/535.7"
120.93.127.152 - - [17/Nov/2017:13:50:05 +0000] "GET /item/giftcards/3907 HTTP/1.1" 200 93 "-" "Mozilla/5.0 (compatible; MSIE 9.0; Windows NT 6.1; WOW64; Trident/5.0)"
152.102.198.201 - - [17/Nov/2017:13:50:10 +0000] "GET /category/electronics?from=20 HTTP/1.1" 200 97 "/category/music" "Mozilla/5.0 (compatible; MSIE 9.0; Windows NT 6.1; Trident/5.0)"
80.39.220.94 - - [17/Nov/2017:13:50:15 +0000] "GET /category/computers HTTP/1.1" 200 117 "-" "Mozilla/5.0 (Windows NT 6.1; WOW64) AppleWebKit/535.7 (KHTML, like Gecko) Chrome/16.0.912.77 Safari/535.7"
224.150.137.59 - - [17/Nov/2017:13:50:20 +0000] "GET /category/software?from=20 HTTP/1.1" 200 94 "/search/?c=Software" "Mozilla/5.0 (compatible; MSIE 9.0; Windows NT 6.1; WOW64; Trident/5.0)"
32.63.131.213 - - [17/Nov/2017:13:50:25 +0000] "GET /category/software HTTP/1.1" 200 51 "/category/books" "Mozilla/4.0 (compatible; MSIE 8.0; Windows NT 5.1; Trident/4.0; YTB720; GTB7.2; .NET CLR 1.1.4322; .NET CLR 2.0.50727; .NET CLR 3.0.4506.2152; .NET CLR 3.5.30729)"
112.60.139.35 - - [17/Nov/2017:13:50:30 +0000] "GET /category/electronics HTTP/1.1" 200 47 "-" "Mozilla/4.0 (compatible; MSIE 8.0; Windows NT 5.1; Trident/4.0; BTRS122159; GTB7.2; .NET CLR 1.1.4322; .NET CLR 2.0.50727; .NET CLR 3.0.04506.30; .NET CLR 3.0.4506.2152; .NET CLR 3.5.30729; BRI/2)"
52.54.64.167 - - [17/Nov/2017:13:50:35 +0000] "GET /item/networking/2789 HTTP/1.1" 200 132 "http://www.google.com/search?ie=UTF-8&q=google&sclient=psy-ab&q=Networking&oq=Networking&aq=f&aqi=g-vL1&aql=&pbx=1&bav=on.2,or.r_gc.r_pw.r_qf.,cf.osb&biw=1210&bih=309" "Mozilla/5.0 (Windows NT 6.0; rv:10.0.1) Gecko/20100101 Firefox/10.0.1"
36.126.150.23 - - [17/Nov/2017:13:50:40 +0000] "GET /category/office HTTP/1.1" 200 79 "-" "Mozilla/4.0 (compatible; MSIE 8.0; Windows NT 5.1; Trident/4.0; BTRS122159; GTB7.2; .NET CLR 1.1.4322; .NET CLR 2.0.50727; .NET CLR 3.0.04506.30; .NET CLR 3.0.4506.2152; .NET CLR 3.5.30729; BRI/2)"
92.120.192.181 - - [17/Nov/2017:13:50:45 +0000] "GET /category/software HTTP/1.1" 200 42 "-" "Mozilla/5.0 (Windows NT 6.1; WOW64) AppleWebKit/535.11 (KHTML, like Gecko) Chrome/17.0.963.56 Safari/535.11"
52.153.207.187 - - [17/Nov/2017:13:50:50 +0000] "GET /category/jewelry HTTP/1.1" 200 40 "-" "Mozilla/5.0 (compatible; MSIE 9.0; Windows NT 6.1; Trident/5.0)"
200.144.113.93 - - [17/Nov/2017:13:50:55 +0000] "GET /item/office/2035 HTTP/1.1" 200 120 "/search/?c=Office" "Mozilla/5.0 (Windows NT 6.1; WOW64; rv:10.0.1) Gecko/20100101 Firefox/10.0.1"
220.72.103.132 - - [17/Nov/2017:13:51:00 +0000] "GET /item/games/2779 HTTP/1.1" 200 56 "-" "Mozilla/5.0 (Windows NT 6.0) AppleWebKit/535.11 (KHTML, like Gecko) Chrome/17.0.963.56 Safari/535.11"
28.93.191.106 - - [17/Nov/2017:13:51:05 +0000] "GET /item/software/1323 HTTP/1.1" 200 74 "/search/?c=Electronics+Garden" "Mozilla/5.0 (compatible; MSIE 9.0; Windows NT 6.1; Trident/5.0)"
64.207.189.196 - - [17/Nov/2017:13:51:10 +0000] "GET /category/electronics HTTP/1.1" 200 77 "-" "Mozilla/5.0 (compatible; Googlebot/2.1; +http://www.google.com/bot.html)"
52.153.118.131 - - [17/Nov/2017:13:51:15 +0000] "GET /category/books HTTP/1.1" 200 121 "/item/books/4362" "Mozilla/5.0 (compatible; Googlebot/2.1; +http://www.google.com/bot.html)"
212.75.227.45 - - [17/Nov/2017:13:51:20 +0000] "GET /category/electronics HTTP/1.1" 200 90 "-" "Mozilla/5.0 (compatible; Googlebot/2.1; +http://www.google.com/bot.html)"
100.18.93.108 - - [17/Nov/2017:13:51:25 +0000] "GET /category/software HTTP/1.1" 200 100 "http://www.google.com/search?ie=UTF-8&q=google&sclient=psy-ab&q=Software&oq=Software&aq=f&aqi=g-vL1&aql=&pbx=1&bav=on.2,or.r_gc.r_pw.r_qf.,cf.osb&biw=4672&bih=80" "Mozilla/5.0 (Windows NT 6.1; WOW64) AppleWebKit/535.11 (KHTML, like Gecko) Chrome/17.0.963.56 Safari/535.11"
92.186.177.75 - - [17/Nov/2017:13:51:30 +0000] "GET /item/jewelry/1473 HTTP/1.1" 200 48 "-" "Mozilla/4.0 (compatible; MSIE 8.0; Windows NT 5.1; Trident/4.0; BTRS122159; GTB7.2; .NET CLR 1.1.4322; .NET CLR 2.0.50727; .NET CLR 3.0.04506.30; .NET CLR 3.0.4506.2152; .NET CLR 3.5.30729; BRI/2)"
64.102.84.121 - - [17/Nov/2017:13:51:35 +0000] "POST /search/?c=Software HTTP/1.1" 200 42 "-" "Mozilla/5.0 (Windows NT 5.1) AppleWebKit/535.11 (KHTML, like Gecko) Chrome/17.0.963.46 Safari/535.11"
36.222.81.121 - - [17/Nov/2017:13:51:40 +0000] "POST /search/?c=Books+Giftcards HTTP/1.1" 200 69 "/category/books" "Mozilla/5.0 (Windows NT 5.1) AppleWebKit/535.11 (KHTML, like Gecko) Chrome/17.0.963.46 Safari/535.11"
44.51.178.212 - - [17/Nov/2017:13:51:45 +0000] "GET /item/garden/4383 HTTP/1.1" 200 95 "http://www.google.com/search?ie=UTF-8&q=google&sclient=psy-ab&q=Garden&oq=Garden&aq=f&aqi=g-vL1&aql=&pbx=1&bav=on.2,or.r_gc.r_pw.r_qf.,cf.osb&biw=423&bih=381" "Mozilla/5.0 (Macintosh; Intel Mac OS X 10.6; rv:9.0.1) Gecko/20100101 Firefox/9.0.1"
224.189.104.73 - - [17/Nov/2017:13:51:50 +0000] "GET /category/electronics HTTP/1.1" 200 119 "/item/electronics/1876" "Mozilla/4.0 (compatible; MSIE 8.0; Windows NT 5.1; Trident/4.0; YTB720; GTB7.2; .NET CLR 1.1.4322; .NET CLR 2.0.50727; .NET CLR 3.0.4506.2152; .NET CLR 3.5.30729)"
80.21.83.68 - - [17/Nov/2017:13:51:55 +0000] "GET /item/giftcards/1901 HTTP/1.1" 200 63 "/item/electronics/4339" "Mozilla/5.0 (compatible; Googlebot/2.1; +http://www.google.com/bot.html)"
112.159.47.221 - - [17/Nov/2017:13:52:00 +0000] "GET /item/electronics/2990 HTTP/1.1" 200 69 "/search/?c=Software+Networking" "Mozilla/5.0 (Windows NT 6.0; rv:10.0.1) Gecko/20100101 Firefox/10.0.1"
140.72.172.206 - - [17/Nov/2017:13:52:05 +0000] "GET /category/games HTTP/1.1" 200 100 "/category/office" "Mozilla/5.0 (Windows NT 6.1; WOW64; rv:10.0.1) Gecko/20100101 Firefox/10.0.1"
148.18.219.25 - - [17/Nov/2017:13:52:10 +0000] "GET /item/software/3165 HTTP/1.1" 200 63 "/item/books/3757" "Mozilla/5.0 (Windows NT 6.0; rv:10.0.1) Gecko/20100101 Firefox/10.0.1"
96.24.145.93 - - [17/Nov/2017:13:52:15 +0000] "GET /item/electronics/3972 HTTP/1.1" 200 114 "-" "Mozilla/5.0 (compatible; Googlebot/2.1; +http://www.google.com/bot.html)"
192.54.212.194 - - [17/Nov/2017:13:52:20 +0000] "GET /category/books HTTP/1.1" 200 51 "-" "Mozilla/5.0 (Macintosh; Intel Mac OS X 10.6; rv:9.0.1) Gecko/20100101 Firefox/9.0.1"
204.186.37.92 - - [17/Nov/2017:13:52:25 +0000] "GET /category/electronics?from=0 HTTP/1.1" 200 112 "/search/?c=Electronics" "Mozilla/5.0 (Windows NT 6.0) AppleWebKit/535.11 (KHTML, like Gecko) Chrome/17.0.963.56 Safari/535.11"
80.198.63.143 - - [17/Nov/2017:13:52:30 +0000] "POST /search/?c=Office+Electronics HTTP/1.1" 200 82 "-" "Mozilla/5.0 (compatible; Googlebot/2.1; +http://www.google.com/bot.html)"
212.204.212.109 - - [17/Nov/2017:13:52:35 +0000] "GET /item/electronics/1679 HTTP/1.1" 200 70 "/category/computers?from=20" "Mozilla/5.0 (Macintosh; Intel Mac OS X 10.6; rv:9.0.1) Gecko/20100101 Firefox/9.0.1"
220.126.137.81 - - [17/Nov/2017:13:52:40 +0000] "GET /category/jewelry HTTP/1.1" 200 40 "-" "Mozilla/5.0 (Windows NT 6.0) AppleWebKit/535.11 (KHTML, like Gecko) Chrome/17.0.963.56 Safari/535.11"
128.54.131.218 - - [17/Nov/2017:13:52:45 +0000] "GET /item/music/4403 HTTP/1.1" 200 96 "-" "Mozilla/5.0 (Windows NT 6.1; WOW64) AppleWebKit/535.11 (KHTML, like Gecko) Chrome/17.0.963.56 Safari/535.11"
60.117.58.163 - - [17/Nov/2017:13:52:50 +0000] "GET /category/games HTTP/1.1" 200 66 "/search/?c=Games+Books" "Mozilla/5.0 (Windows NT 6.0; rv:10.0.1) Gecko/20100101 Firefox/10.0.1"
52.153.118.131 - - [17/Nov/2017:13:52:55 +0000] "GET /item/computers/3135 HTTP/1.1" 200 107 "http://www.google.com/search?ie=UTF-8&q=google&sclient=psy-ab&q=Computers&oq=Computers&aq=f&aqi=g-vL1&aql=&pbx=1&bav=on.2,or.r_gc.r_pw.r_qf.,cf.osb&biw=1773&bih=485" "Mozilla/5.0 (compatible; Googlebot/2.1; +http://www.google.com/bot.html)"
140.144.140.227 - - [17/Nov/2017:13:53:00 +0000] "GET /category/books HTTP/1.1" 200 125 "/category/networking" "Mozilla/5.0 (compatible; Googlebot/2.1; +http://www.google.com/bot.html)"
32.171.95.119 - - [17/Nov/2017:13:53:05 +0000] "GET /category/garden HTTP/1.1" 200 121 "-" "Mozilla/4.0 (compatible; MSIE 8.0; Windows NT 5.1; Trident/4.0; BTRS122159; GTB7.2; .NET CLR 1.1.4322; .NET CLR 2.0.50727; .NET CLR 3.0.04506.30; .NET CLR 3.0.4506.2152; .NET CLR 3.5.30729; BRI/2)"
80.120.169.42 - - [17/Nov/2017:13:53:10 +0000] "GET /category/health HTTP/1.1" 200 100 "/search/?c=Games+Electronics" "Mozilla/5.0 (Windows NT 6.1; WOW64) AppleWebKit/535.7 (KHTML, like Gecko) Chrome/16.0.912.77 Safari/535.7"
84.123.83.114 - - [17/Nov/2017:13:53:15 +0000] "GET /category/games HTTP/1.1" 200 121 "/item/electronics/1042" "Mozilla/5.0 (Windows NT 6.0) AppleWebKit/535.11 (KHTML, like Gecko) Chrome/17.0.963.56 Safari/535.11"
120.171.185.176 - - [17/Nov/2017:13:53:20 +0000] "POST /search/?c=Cameras+Finance HTTP/1.1" 200 49 "-" "Mozilla/5.0 (Windows NT 6.0; rv:10.0.1) Gecko/20100101 Firefox/10.0.1"
180.48.74.50 - - [17/Nov/2017:13:53:25 +0000] "GET /item/networking/4421 HTTP/1.1" 200 47 "/category/electronics" "Mozilla/5.0 (Windows NT 6.0; rv:10.0.1) Gecko/20100101 Firefox/10.0.1"
92.99.34.90 - - [17/Nov/2017:13:53:30 +0000] "GET /item/games/3491 HTTP/1.1" 200 100 "/category/electronics" "Mozilla/5.0 (compatible; Googlebot/2.1; +http://www.google.com/bot.html)"
176.63.110.119 - - [17/Nov/2017:13:53:35 +0000] "GET /item/jewelry/1164 HTTP/1.1" 200 106 "/search/?c=Sports+Giftcards" "Mozilla/5.0 (Windows NT 6.1; WOW64; rv:10.0.1) Gecko/20100101 Firefox/10.0.1"
44.102.49.36 - - [17/Nov/2017:13:53:40 +0000] "GET /item/software/272 HTTP/1.1" 200 71 "/category/games?from=20" "Mozilla/5.0 (Windows NT 6.1; WOW64) AppleWebKit/535.11 (KHTML, like Gecko) Chrome/17.0.963.56 Safari/535.11"
132.135.20.22 - - [17/Nov/2017:13:53:45 +0000] "GET /category/software HTTP/1.1" 200 121 "-" "Mozilla/5.0 (Windows NT 5.1) AppleWebKit/535.11 (KHTML, like Gecko) Chrome/17.0.963.46 Safari/535.11"
68.72.35.74 - - [17/Nov/2017:13:53:50 +0000] "GET /category/toys HTTP/1.1" 200 125 "-" "Mozilla/5.0 (compatible; MSIE 9.0; Windows NT 6.1; WOW64; Trident/5.0)"
184.60.35.189 - - [17/Nov/2017:13:53:55 +0000] "GET /item/sports/1884 HTTP/1.1" 200 105 "http://www.google.com/search?ie=UTF-8&q=google&sclient=psy-ab&q=Sports+Music&oq=Sports+Music&aq=f&aqi=g-vL1&aql=&pbx=1&bav=on.2,or.r_gc.r_pw.r_qf.,cf.osb&biw=3928&bih=406" "Mozilla/5.0 (Windows NT 6.0) AppleWebKit/535.11 (KHTML, like Gecko) Chrome/17.0.963.56 Safari/535.11"
208.30.147.227 - - [17/Nov/2017:13:54:00 +0000] "GET /category/electronics HTTP/1.1" 200 51 "-" "Mozilla/5.0 (Windows NT 6.1; WOW64) AppleWebKit/535.7 (KHTML, like Gecko) Chrome/16.0.912.77 Safari/535.7"
188.66.87.61 - - [17/Nov/2017:13:54:05 +0000] "GET /category/networking?from=20 HTTP/1.1" 200 133 "-" "Mozilla/5.0 (Windows NT 6.0; rv:10.0.1) Gecko/20100101 Firefox/10.0.1"
52.90.30.181 - - [17/Nov/2017:13:54:10 +0000] "POST /search/?c=Garden+Electronics HTTP/1.1" 200 101 "-" "Mozilla/4.0 (compatible; MSIE 8.0; Windows NT 6.0; WOW64; Trident/4.0; GTB6; SLCC1; .NET CLR 2.0.50727; Media Center PC 5.0; .NET CLR 3.5.30729; .NET CLR 3.0.30618; .NET4.0C)"
92.147.222.43 - - [17/Nov/2017:13:54:15 +0000] "GET /item/sports/1884 HTTP/1.1" 200 105 "/search/?c=Sports+Music" "Mozilla/5.0 (iPhone; CPU iPhone OS 5_0_1 like Mac OS X) AppleWebKit/534.46 (KHTML, like Gecko) Version/5.1 Mobile/9A405 Safari/7534.48.3"
36.180.97.199 - - [17/Nov/2017:13:54:20 +0000] "GET /item/networking/4696 HTTP/1.1" 200 138 "-" "Mozilla/5.0 (Windows NT 6.0) AppleWebKit/535.11 (KHTML, like Gecko) Chrome/17.0.963.56 Safari/535.11"
124.105.200.100 - - [17/Nov/2017:13:54:25 +0000] "GET /category/software HTTP/1.1" 200 92 "-" "Mozilla/4.0 (compatible; MSIE 8.0; Windows NT 5.1; Trident/4.0; BTRS122159; GTB7.2; .NET CLR 1.1.4322; .NET CLR 2.0.50727; .NET CLR 3.0.04506.30; .NET CLR 3.0.4506.2152; .NET CLR 3.5.30729; BRI/2)"
208.207.38.30 - - [17/Nov/2017:13:54:30 +0000] "GET /category/games HTTP/1.1" 200 71 "-" "Mozilla/4.0 (compatible; MSIE 8.0; Windows NT 6.0; WOW64; Trident/4.0; GTB6; SLCC1; .NET CLR 2.0.50727; Media Center PC 5.0; .NET CLR 3.5.30729; .NET CLR 3.0.30618; .NET4.0C)"
208.30.147.227 - - [17/Nov/2017:13:54:35 +0000] "GET /category/software HTTP/1.1" 200 119 "-" "Mozilla/5.0 (iPad; CPU OS 5_0_1 like Mac OS X) AppleWebKit/534.46 (KHTML, like Gecko) Version/5.1 Mobile/9A405 Safari/7534.48.3"
124.207.71.32 - - [17/Nov/2017:13:54:40 +0000] "POST /search/?c=Giftcards+Music HTTP/1.1" 200 118 "/category/books" "Mozilla/4.0 (compatible; MSIE 8.0; Windows NT 6.1; WOW64; Trident/4.0; YTB730; GTB7.2; EasyBits GO v1.0; SLCC2; .NET CLR 2.0.50727; .NET CLR 3.5.30729; .NET CLR 3.0.30729; Media Center PC 6.0; .NET4.0C)"
80.120.169.42 - - [17/Nov/2017:13:54:45 +0000] "GET /category/software HTTP/1.1" 200 85 "/item/giftcards/2757" "Mozilla/5.0 (Windows NT 6.1; WOW64; rv:10.0.1) Gecko/20100101 Firefox/10.0.1"
28.96.205.110 - - [17/Nov/2017:13:54:50 +0000] "GET /category/games?from=0 HTTP/1.1" 200 70 "/category/games" "Mozilla/4.0 (compatible; MSIE 8.0; Windows NT 5.1; Trident/4.0; BTRS122159; GTB7.2; .NET CLR 1.1.4322; .NET CLR 2.0.50727; .NET CLR 3.0.04506.30; .NET CLR 3.0.4506.2152; .NET CLR 3.5.30729; BRI/2)"
168.210.175.118 - - [17/Nov/2017:13:54:55 +0000] "GET /category/finance HTTP/1.1" 200 132 "/category/software" "Mozilla/4.0 (compatible; MSIE 8.0; Windows NT 6.1; Trident/4.0; YTB730; SLCC2; .NET CLR 2.0.50727; .NET CLR 3.5.30729; .NET CLR 3.0.30729; Media Center PC 6.0; .NET4.0C)"
176.177.94.159 - - [17/Nov/2017:13:55:00 +0000] "GET /category/software?from=20 HTTP/1.1" 200 100 "/category/games" "Mozilla/5.0 (compatible; MSIE 9.0; Windows NT 6.1; WOW64; Trident/5.0)"
48.63.222.76 - - [17/Nov/2017:13:55:05 +0000] "GET /category/electronics?from=10 HTTP/1.1" 200 119 "/category/games" "Mozilla/4.0 (compatible; MSIE 8.0; Windows NT 6.1; Trident/4.0; YTB730; SLCC2; .NET CLR 2.0.50727; .NET CLR 3.5.30729; .NET CLR 3.0.30729; Media Center PC 6.0; .NET4.0C)"
160.135.24.226 - - [17/Nov/2017:13:55:10 +0000] "GET /category/electronics HTTP/1.1" 200 113 "/category/software" "Mozilla/4.0 (compatible; MSIE 8.0; Windows NT 6.0; WOW64; Trident/4.0; GTB6; SLCC1; .NET CLR 2.0.50727; Media Center PC 5.0; .NET CLR 3.5.30729; .NET CLR 3.0.30618; .NET4.0C)"
212.219.108.195 - - [17/Nov/2017:13:55:15 +0000] "POST /search/?c=Software+Software HTTP/1.1" 200 123 "-" "Mozilla/5.0 (compatible; MSIE 9.0; Windows NT 6.1; Trident/5.0)"
148.141.150.198 - - [17/Nov/2017:13:55:20 +0000] "GET /item/electronics/1679 HTTP/1.1" 200 70 "-" "Mozilla/4.0 (compatible; MSIE 8.0; Windows NT 6.0; WOW64; Trident/4.0; GTB6; SLCC1; .NET CLR 2.0.50727; Media Center PC 5.0; .NET CLR 3.5.30729; .NET CLR 3.0.30618; .NET4.0C)"
108.93.215.147 - - [17/Nov/2017:13:55:25 +0000] "GET /category/music HTTP/1.1" 200 117 "-" "Mozilla/5.0 (Macintosh; Intel Mac OS X 10.6; rv:9.0.1) Gecko/20100101 Firefox/9.0.1"
224.27.47.136 - - [17/Nov/2017:13:55:30 +0000] "GET /category/electronics?from=20 HTTP/1.1" 200 63 "/category/books" "Mozilla/4.0 (compatible; MSIE 8.0; Windows NT 6.1; WOW64; Trident/4.0; GTB7.2; SLCC2; .NET CLR 2.0.50727; .NET CLR 3.5.30729; .NET CLR 3.0.30729; Media Center PC 6.0; .NET4.0C)"
112.165.201.203 - - [17/Nov/2017:13:55:35 +0000] "GET /category/health HTTP/1.1" 200 132 "/item/books/1568" "Mozilla/5.0 (Windows NT 6.0) AppleWebKit/535.11 (KHTML, like Gecko) Chrome/17.0.963.56 Safari/535.11"
216.129.86.169 - - [17/Nov/2017:13:55:40 +0000] "GET /category/music HTTP/1.1" 200 61 "http://www.google.com/search?ie=UTF-8&q=google&sclient=psy-ab&q=Music&oq=Music&aq=f&aqi=g-vL1&aql=&pbx=1&bav=on.2,or.r_gc.r_pw.r_qf.,cf.osb&biw=2198&bih=487" "Mozilla/5.0 (Windows NT 6.1; WOW64; rv:10.0.1) Gecko/20100101 Firefox/10.0.1"
192.183.227.24 - - [17/Nov/2017:13:55:45 +0000] "GET /category/sports HTTP/1.1" 200 48 "/category/electronics" "Mozilla/4.0 (compatible; MSIE 8.0; Windows NT 6.1; Trident/4.0; YTB730; SLCC2; .NET CLR 2.0.50727; .NET CLR 3.5.30729; .NET CLR 3.0.30729; Media Center PC 6.0; .NET4.0C)"
96.213.225.72 - - [17/Nov/2017:13:55:50 +0000] "GET /category/jewelry HTTP/1.1" 200 112 "/item/games/3272" "Mozilla/5.0 (compatible; MSIE 9.0; Windows NT 6.1; Trident/5.0)"
152.72.100.218 - - [17/Nov/2017:13:55:55 +0000] "GET /item/music/532 HTTP/1.1" 200 43 "-" "Mozilla/5.0 (Windows NT 6.1; WOW64) AppleWebKit/535.11 (KHTML, like Gecko) Chrome/17.0.963.56 Safari/535.11"
208.117.69.117 - - [17/Nov/2017:13:56:00 +0000] "GET /category/finance HTTP/1.1" 200 55 "/category/cameras" "Mozilla/5.0 (Macintosh; Intel Mac OS X 10.6; rv:9.0.1) Gecko/20100101 Firefox/9.0.1"
108.93.215.147 - - [17/Nov/2017:13:56:05 +0000] "GET /category/computers HTTP/1.1" 200 94 "/category/software" "Mozilla/5.0 (Macintosh; Intel Mac OS X 10.6; rv:9.0.1) Gecko/20100101 Firefox/9.0.1"
40.63.61.211 - - [17/Nov/2017:13:56:10 +0000] "GET /category/electronics HTTP/1.1" 200 115 "/category/finance" "Mozilla/5.0 (Windows NT 6.0) AppleWebKit/535.11 (KHTML, like Gecko) Chrome/17.0.963.56 Safari/535.11"
120.57.151.184 - - [17/Nov/2017:13:56:15 +0000] "GET /category/software HTTP/1.1" 200 51 "-" "Mozilla/5.0 (Windows NT 6.0) AppleWebKit/535.11 (KHTML, like Gecko) Chrome/17.0.963.56 Safari/535.11"
80.114.224.190 - - [17/Nov/2017:13:56:20 +0000] "GET /category/software HTTP/1.1" 200 72 "-" "Mozilla/5.0 (Windows NT 6.0) AppleWebKit/535.11 (KHTML, like Gecko) Chrome/17.0.963.56 Safari/535.11"
88.51.112.169 - - [17/Nov/2017:13:56:25 +0000] "GET /category/electronics?from=10 HTTP/1.1" 200 88 "-" "Mozilla/5.0 (Windows NT 5.1) AppleWebKit/535.11 (KHTML, like Gecko) Chrome/17.0.963.46 Safari/535.11"
196.162.93.51 - - [17/Nov/2017:13:56:30 +0000] "GET /item/books/3101 HTTP/1.1" 200 61 "/search/?c=Books" "Mozilla/5.0 (compatible; MSIE 9.0; Windows NT 6.1; WOW64; Trident/5.0)"
140.33.212.195 - - [17/Nov/2017:13:56:35 +0000] "GET /category/computers?from=20 HTTP/1.1" 200 62 "-" "Mozilla/4.0 (compatible; MSIE 8.0; Windows NT 6.1; WOW64; Trident/4.0; YTB730; GTB7.2; SLCC2; .NET CLR 2.0.50727; .NET CLR 3.5.30729; .NET CLR 3.0.30729; .NET4.0C; .NET4.0E; Media Center PC 6.0)"
96.144.218.175 - - [17/Nov/2017:13:56:40 +0000] "GET /category/computers HTTP/1.1" 200 94 "-" "Mozilla/5.0 (Windows NT 6.1; WOW64) AppleWebKit/535.7 (KHTML, like Gecko) Chrome/16.0.912.77 Safari/535.7"
224.210.40.49 - - [17/Nov/2017:13:56:45 +0000] "GET /item/electronics/3036 HTTP/1.1" 200 49 "/category/giftcards" "Mozilla/5.0 (compatible; Googlebot/2.1; +http://www.google.com/bot.html)"
212.192.182.120 - - [17/Nov/2017:13:56:50 +0000] "GET /item/office/378 HTTP/1.1" 200 57 "/category/software" "Mozilla/5.0 (compatible; Googlebot/2.1; +http://www.google.com/bot.html)"
176.30.78.65 - - [17/Nov/2017:13:56:55 +0000] "GET /category/computers HTTP/1.1" 200 77 "-" "Mozilla/5.0 (Windows NT 6.0; rv:10.0.1) Gecko/20100101 Firefox/10.0.1"
104.189.169.48 - - [17/Nov/2017:13:57:00 +0000] "GET /item/garden/1220 HTTP/1.1" 200 112 "/item/software/2456" "Mozilla/5.0 (Windows NT 6.0; rv:10.0.1) Gecko/20100101 Firefox/10.0.1"
116.21.137.191 - - [17/Nov/2017:13:57:05 +0000] "GET /category/software HTTP/1.1" 200 84 "-" "Mozilla/5.0 (Windows NT 6.1; WOW64) AppleWebKit/535.7 (KHTML, like Gecko) Chrome/16.0.912.77 Safari/535.7"
208.114.138.190 - - [17/Nov/2017:13:57:10 +0000] "GET /category/software HTTP/1.1" 200 129 "/category/software" "Mozilla/5.0 (Windows NT 6.1; WOW64) AppleWebKit/535.11 (KHTML, like Gecko) Chrome/17.0.963.56 Safari/535.11"
128.159.112.128 - - [17/Nov/2017:13:57:15 +0000] "POST /search/?c=Garden HTTP/1.1" 200 120 "-" "Mozilla/5.0 (Windows NT 6.1; WOW64) AppleWebKit/535.11 (KHTML, like Gecko) Chrome/17.0.963.56 Safari/535.11"
80.144.46.167 - - [17/Nov/2017:13:57:20 +0000] "POST /search/?c=Software+Electronics HTTP/1.1" 200 99 "-" "Mozilla/5.0 (Macintosh; Intel Mac OS X 10.6; rv:9.0.1) Gecko/20100101 Firefox/9.0.1"
116.123.101.195 - - [17/Nov/2017:13:57:25 +0000] "GET /category/cameras?from=20 HTTP/1.1" 200 133 "/category/electronics" "Mozilla/5.0 (compatible; MSIE 9.0; Windows NT 6.1; WOW64; Trident/5.0)"
144.201.149.141 - - [17/Nov/2017:13:57:30 +0000] "GET /item/networking/435 HTTP/1.1" 200 109 "/search/?c=Electronics+Books" "Mozilla/5.0 (Windows NT 6.0) AppleWebKit/535.11 (KHTML, like Gecko) Chrome/17.0.963.56 Safari/535.11"
196.225.171.61 - - [17/Nov/2017:13:57:35 +0000] "GET /item/games/152 HTTP/1.1" 200 133 "-" "Mozilla/4.0 (compatible; MSIE 8.0; Windows NT 6.1; WOW64; Trident/4.0; YTB730; GTB7.2; SLCC2; .NET CLR 2.0.50727; .NET CLR 3.5.30729; .NET CLR 3.0.30729; .NET4.0C; .NET4.0E; Media Center PC 6.0)"
68.225.106.184 - - [17/Nov/2017:13:57:40 +0000] "POST /search/?c=Games+Electronics HTTP/1.1" 200 81 "/item/software/4520" "Mozilla/4.0 (compatible; MSIE 8.0; Windows NT 5.1; Trident/4.0; YTB720; GTB7.2; .NET CLR 1.1.4322; .NET CLR 2.0.50727; .NET CLR 3.0.4506.2152; .NET CLR 3.5.30729)"
140.138.221.130 - - [17/Nov/2017:13:57:45 +0000] "GET /category/books HTTP/1.1" 200 40 "/category/electronics" "Mozilla/5.0 (Windows NT 6.0) AppleWebKit/535.11 (KHTML, like Gecko) Chrome/17.0.963.56 Safari/535.11"
220.99.157.29 - - [17/Nov/2017:13:57:50 +0000] "GET /category/health?from=10 HTTP/1.1" 200 89 "-" "Mozilla/5.0 (compatible; MSIE 9.0; Windows NT 6.1; Trident/5.0)"
148.108.60.129 - - [17/Nov/2017:13:57:55 +0000] "GET /category/computers HTTP/1.1" 200 113 "/category/software" "Mozilla/4.0 (compatible; MSIE 8.0; Windows NT 6.1; WOW64; Trident/4.0; YTB730; GTB7.2; EasyBits GO v1.0; SLCC2; .NET CLR 2.0.50727; .NET CLR 3.5.30729; .NET CLR 3.0.30729; Media Center PC 6.0; .NET4.0C)"
168.156.229.181 - - [17/Nov/2017:13:58:00 +0000] "GET /category/electronics HTTP/1.1" 200 82 "/search/?c=Networking+Networking" "Mozilla/5.0 (compatible; Googlebot/2.1; +http://www.google.com/bot.html)"
200.144.113.93 - - [17/Nov/2017:13:58:05 +0000] "GET /category/electronics HTTP/1.1" 200 80 "/category/office" "Mozilla/5.0 (Windows NT 6.0; rv:10.0.1) Gecko/20100101 Firefox/10.0.1"
48.105.184.168 - - [17/Nov/2017:13:58:10 +0000] "GET /item/games/3032 HTTP/1.1" 200 115 "/item/games/2751" "Mozilla/4.0 (compatible; MSIE 8.0; Windows NT 6.1; WOW64; Trident/4.0; YTB730; GTB7.2; SLCC2; .NET CLR 2.0.50727; .NET CLR 3.5.30729; .NET CLR 3.0.30729; .NET4.0C; .NET4.0E; Media Center PC 6.0)"
40.54.165.166 - - [17/Nov/2017:13:58:15 +0000] "GET /category/books HTTP/1.1" 200 139 "/search/?c=Games" "Mozilla/5.0 (Windows NT 6.0; rv:10.0.1) Gecko/20100101 Firefox/10.0.1"
204.219.223.54 - - [17/Nov/2017:13:58:20 +0000] "GET /item/garden/1912 HTTP/1.1" 200 84 "/search/?c=Garden" "Mozilla/5.0 (Windows NT 6.1; WOW64) AppleWebKit/535.7 (KHTML, like Gecko) Chrome/16.0.912.77 Safari/535.7"
188.147.180.205 - - [17/Nov/2017:13:58:25 +0000] "GET /category/toys?from=10 HTTP/1.1" 200 96 "/item/office/278" "Mozilla/5.0 (compatible; Googlebot/2.1; +http://www.google.com/bot.html)"
92.99.34.90 - - [17/Nov/2017:13:58:30 +0000] "GET /item/finance/3901 HTTP/1.1" 200 107 "/search/?c=Finance" "Mozilla/4.0 (compatible; MSIE 8.0; Windows NT 6.1; WOW64; Trident/4.0; GTB7.2; SLCC2; .NET CLR 2.0.50727; .NET CLR 3.5.30729; .NET CLR 3.0.30729; Media Center PC 6.0; .NET4.0C)"
84.108.138.186 - - [17/Nov/2017:13:58:35 +0000] "GET /item/office/851 HTTP/1.1" 200 129 "/category/finance" "Mozilla/5.0 (Windows NT 6.0; rv:10.0.1) Gecko/20100101 Firefox/10.0.1"
128.114.217.21 - - [17/Nov/2017:13:58:40 +0000] "GET /item/toys/1283 HTTP/1.1" 200 49 "-" "Mozilla/5.0 (Windows NT 6.0; rv:10.0.1) Gecko/20100101 Firefox/10.0.1"
84.189.135.46 - - [17/Nov/2017:13:58:45 +0000] "GET /item/electronics/3036 HTTP/1.1" 200 49 "/search/?c=Electronics+Computers" "Mozilla/4.0 (compatible; MSIE 8.0; Windows NT 6.1; WOW64; Trident/4.0; GTB7.2; SLCC2; .NET CLR 2.0.50727; .NET CLR 3.5.30729; .NET CLR 3.0.30729; Media Center PC 6.0; .NET4.0C)"
184.93.57.135 - - [17/Nov/2017:13:58:50 +0000] "GET /category/software HTTP/1.1" 200 130 "-" "Mozilla/5.0 (Macintosh; Intel Mac OS X 10.6; rv:9.0.1) Gecko/20100101 Firefox/9.0.1"
140.144.140.227 - - [17/Nov/2017:13:58:55 +0000] "POST /search/?c=Computers HTTP/1.1" 200 41 "-" "Mozilla/5.0 (compatible; MSIE 9.0; Windows NT 6.1; Trident/5.0)"
36.81.83.145 - - [17/Nov/2017:13:59:00 +0000] "POST /search/?c=Software+Software HTTP/1.1" 200 114 "-" "Mozilla/4.0 (compatible; MSIE 8.0; Windows NT 5.1; Trident/4.0; BTRS122159; GTB7.2; .NET CLR 1.1.4322; .NET CLR 2.0.50727; .NET CLR 3.0.04506.30; .NET CLR 3.0.4506.2152; .NET CLR 3.5.30729; BRI/2)"
220.123.112.58 - - [17/Nov/2017:13:59:05 +0000] "GET /category/health HTTP/1.1" 200 137 "/category/software" "Mozilla/5.0 (iPhone; CPU iPhone OS 5_0_1 like Mac OS X) AppleWebKit/534.46 (KHTML, like Gecko) Version/5.1 Mobile/9A405 Safari/7534.48.3"
40.105.210.146 - - [17/Nov/2017:13:59:10 +0000] "GET /item/games/4762 HTTP/1.1" 200 96 "/item/networking/3624" "Mozilla/5.0 (compatible; Googlebot/2.1; +http://www.google.com/bot.html)"
60.99.81.68 - - [17/Nov/2017:13:59:15 +0000] "GET /category/electronics HTTP/1.1" 200 72 "-" "Mozilla/5.0 (compatible; MSIE 9.0; Windows NT 6.1; WOW64; Trident/5.0)"
124.66.153.212 - - [17/Nov/2017:13:59:20 +0000] "POST /search/?c=Giftcards HTTP/1.1" 200 116 "-" "Mozilla/5.0 (compatible; MSIE 9.0; Windows NT 6.1; Trident/5.0)"
136.225.199.202 - - [17/Nov/2017:13:59:25 +0000] "GET /category/computers?from=0 HTTP/1.1" 200 40 "/category/office?from=0" "Mozilla/5.0 (Windows NT 6.0; rv:10.0.1) Gecko/20100101 Firefox/10.0.1"
64.108.210.186 - - [17/Nov/2017:13:59:30 +0000] "GET /category/electronics HTTP/1.1" 200 113 "-" "Mozilla/5.0 (compatible; Googlebot/2.1; +http://www.google.com/bot.html)"
188.24.181.91 - - [17/Nov/2017:13:59:35 +0000] "GET /category/software HTTP/1.1" 200 108 "/item/electronics/4030" "Mozilla/5.0 (Windows NT 6.1; WOW64) AppleWebKit/535.11 (KHTML, like Gecko) Chrome/17.0.963.56 Safari/535.11"
60.186.25.54 - - [17/Nov/2017:13:59:40 +0000] "GET /category/books?from=10 HTTP/1.1" 200 137 "/category/finance" "Mozilla/5.0 (compatible; Googlebot/2.1; +http://www.google.com/bot.html)"
128.66.82.98 - - [17/Nov/2017:13:59:45 +0000] "GET /item/music/4699 HTTP/1.1" 200 48 "/search/?c=Music" "Mozilla/5.0 (Windows NT 6.0; rv:10.0.1) Gecko/20100101 Firefox/10.0.1"
144.216.152.78 - - [17/Nov/2017:13:59:50 +0000] "GET /item/toys/2432 HTTP/1.1" 200 54 "-" "Mozilla/5.0 (Windows NT 6.0; rv:10.0.1) Gecko/20100101 Firefox/10.0.1"
176.27.158.207 - - [17/Nov/2017:13:59:55 +0000] "GET /item/electronics/4270 HTTP/1.1" 200 118 "/category/games" "Mozilla/5.0 (Windows NT 6.1; WOW64; rv:10.0.1) Gecko/20100101 Firefox/10.0.1"
204.162.85.31 - - [17/Nov/2017:14:00:00 +0000] "GET /item/software/1323 HTTP/1.1" 200 74 "/category/electronics" "Mozilla/5.0 (Windows NT 6.0; rv:10.0.1) Gecko/20100101 Firefox/10.0.1"
172.108.215.191 - - [17/Nov/2017:14:00:05 +0000] "GET /category/computers HTTP/1.1" 200 136 "-" "Mozilla/5.0 (Windows NT 6.1; WOW64; rv:10.0.1) Gecko/20100101 Firefox/10.0.1"
188.78.192.171 - - [17/Nov/2017:14:00:10 +0000] "GET /item/jewelry/4156 HTTP/1.1" 200 71 "/item/electronics/367" "Mozilla/4.0 (compatible; MSIE 8.0; Windows NT 5.1; Trident/4.0; BTRS122159; GTB7.2; .NET CLR 1.1.4322; .NET CLR 2.0.50727; .NET CLR 3.0.04506.30; .NET CLR 3.0.4506.2152; .NET CLR 3.5.30729; BRI/2)"
188.144.194.102 - - [17/Nov/2017:14:00:15 +0000] "GET /category/jewelry HTTP/1.1" 200 76 "-" "Mozilla/5.0 (Macintosh; Intel Mac OS X 10.6; rv:9.0.1) Gecko/20100101 Firefox/9.0.1"
148.126.188.205 - - [17/Nov/2017:14:00:20 +0000] "GET /item/games/2827 HTTP/1.1" 200 113 "/search/?c=Games+Electronics" "Mozilla/5.0 (Macintosh; Intel Mac OS X 10.6; rv:9.0.1) Gecko/20100101 Firefox/9.0.1"
28.105.55.188 - - [17/Nov/2017:14:00:25 +0000] "GET /category/games HTTP/1.1" 200 114 "-" "Mozilla/5.0 (Windows NT 6.0; rv:10.0.1) Gecko/20100101 Firefox/10.0.1"
140.159.183.92 - - [17/Nov/2017:14:00:30 +0000] "GET /item/games/15 HTTP/1.1" 200 128 "/category/games" "Mozilla/5.0 (Windows NT 6.0) AppleWebKit/535.11 (KHTML, like Gecko) Chrome/17.0.963.56 Safari/535.11"
152.51.200.216 - - [17/Nov/2017:14:00:35 +0000] "POST /search/?c=Electronics+Garden HTTP/1.1" 200 104 "/category/electronics" "Mozilla/5.0 (compatible; MSIE 9.0; Windows NT 6.1; WOW64; Trident/5.0)"
68.117.130.229 - - [17/Nov/2017:14:00:40 +0000] "GET /item/toys/1733 HTTP/1.1" 200 117 "/category/toys" "Mozilla/5.0 (Windows NT 5.1) AppleWebKit/535.11 (KHTML, like Gecko) Chrome/17.0.963.46 Safari/535.11"
144.180.57.180 - - [17/Nov/2017:14:00:45 +0000] "GET /category/books HTTP/1.1" 200 131 "-" "Mozilla/5.0 (Windows NT 6.0) AppleWebKit/535.11 (KHTML, like Gecko) Chrome/17.0.963.56 Safari/535.11"
176.87.116.29 - - [17/Nov/2017:14:00:50 +0000] "GET /category/software HTTP/1.1" 200 58 "/category/giftcards" "Mozilla/5.0 (compatible; MSIE 9.0; Windows NT 6.1; Trident/5.0)"
212.189.47.176 - - [17/Nov/2017:14:00:55 +0000] "GET /category/sports?from=0 HTTP/1.1" 200 81 "/search/?c=Sports+Networking" "Mozilla/5.0 (Windows NT 6.1; WOW64) AppleWebKit/535.11 (KHTML, like Gecko) Chrome/17.0.963.56 Safari/535.11"
92.180.180.225 - - [17/Nov/2017:14:01:00 +0000] "GET /category/games HTTP/1.1" 200 71 "/item/health/4591" "Mozilla/5.0 (Windows NT 6.0; rv:10.0.1) Gecko/20100101 Firefox/10.0.1"
224.129.127.102 - - [17/Nov/2017:14:01:05 +0000] "GET /category/electronics HTTP/1.1" 200 82 "/category/health" "Mozilla/4.0 (compatible; MSIE 8.0; Windows NT 5.1; Trident/4.0; YTB720; GTB7.2; .NET CLR 1.1.4322; .NET CLR 2.0.50727; .NET CLR 3.0.4506.2152; .NET CLR 3.5.30729)"
212.141.30.226 - - [17/Nov/2017:14:01:10 +0000] "GET /category/electronics HTTP/1.1" 200 130 "-" "Mozilla/5.0 (Windows NT 6.1; WOW64; rv:10.0.1) Gecko/20100101 Firefox/10.0.1"
36.183.156.215 - - [17/Nov/2017:14:01:15 +0000] "GET /item/electronics/1095 HTTP/1.1" 200 106 "/search/?c=Office+Computers" "Mozilla/5.0 (Windows NT 6.0; rv:10.0.1) Gecko/20100101 Firefox/10.0.1"
180.183.221.119 - - [17/Nov/2017:14:01:20 +0000] "GET /item/garden/3051 HTTP/1.1" 200 40 "/item/games/3254" "Mozilla/5.0 (Windows NT 5.1) AppleWebKit/535.11 (KHTML, like Gecko) Chrome/17.0.963.46 Safari/535.11"
192.168.159.47 - - [17/Nov/2017:14:01:25 +0000] "GET /category/books HTTP/1.1" 200 139 "/category/networking" "Mozilla/4.0 (compatible; MSIE 8.0; Windows NT 6.1; WOW64; Trident/4.0; GTB7.2; SLCC2; .NET CLR 2.0.50727; .NET CLR 3.5.30729; .NET CLR 3.0.30729; Media Center PC 6.0; .NET4.0C)"
184.135.39.104 - - [17/Nov/2017:14:01:30 +0000] "GET /category/giftcards HTTP/1.1" 200 55 "/category/electronics" "Mozilla/5.0 (Windows NT 6.0; rv:10.0.1) Gecko/20100101 Firefox/10.0.1"
60.96.221.113 - - [17/Nov/2017:14:01:35 +0000] "GET /category/garden HTTP/1.1" 200 122 "/item/computers/4451" "Mozilla/5.0 (compatible; MSIE 9.0; Windows NT 6.1; WOW64; Trident/5.0)"
184.93.57.135 - - [17/Nov/2017:14:01:40 +0000] "GET /category/software HTTP/1.1" 200 55 "-" "Mozilla/5.0 (Macintosh; Intel Mac OS X 10.6; rv:9.0.1) Gecko/20100101 Firefox/9.0.1"
200.33.165.54 - - [17/Nov/2017:14:01:45 +0000] "GET /category/music HTTP/1.1" 200 55 "/category/books" "Mozilla/5.0 (Windows NT 6.0; rv:10.0.1) Gecko/20100101 Firefox/10.0.1"
192.42.201.189 - - [17/Nov/2017:14:01:50 +0000] "GET /item/giftcards/4231 HTTP/1.1" 200 52 "-" "Mozilla/5.0 (Windows NT 6.1; WOW64) AppleWebKit/535.11 (KHTML, like Gecko) Chrome/17.0.963.56 Safari/535.11"
184.135.39.104 - - [17/Nov/2017:14:01:55 +0000] "GET /item/electronics/1667 HTTP/1.1" 200 121 "/item/games/4762" "Mozilla/5.0 (Windows NT 6.1; WOW64) AppleWebKit/535.7 (KHTML, like Gecko) Chrome/16.0.912.77 Safari/535.7"
24.216.105.63 - - [17/Nov/2017:14:02:00 +0000] "POST /search/?c=Computers+Electronics HTTP/1.1" 200 44 "-" "Mozilla/5.0 (Macintosh; Intel Mac OS X 10.6; rv:9.0.1) Gecko/20100101 Firefox/9.0.1"
56.150.202.109 - - [17/Nov/2017:14:02:05 +0000] "GET /item/books/3156 HTTP/1.1" 200 102 "-" "Mozilla/4.0 (compatible; MSIE 8.0; Windows NT 5.1; Trident/4.0; BTRS122159; GTB7.2; .NET CLR 1.1.4322; .NET CLR 2.0.50727; .NET CLR 3.0.04506.30; .NET CLR 3.0.4506.2152; .NET CLR 3.5.30729; BRI/2)"
168.147.219.163 - - [17/Nov/2017:14:02:10 +0000] "GET /category/toys HTTP/1.1" 200 40 "/category/books" "Mozilla/5.0 (Macintosh; Intel Mac OS X 10.6; rv:9.0.1) Gecko/20100101 Firefox/9.0.1"
192.42.201.189 - - [17/Nov/2017:14:02:15 +0000] "POST /search/?c=Electronics+Electronics HTTP/1.1" 200 69 "-" "Mozilla/4.0 (compatible; MSIE 8.0; Windows NT 6.1; WOW64; Trident/4.0; GTB7.2; SLCC2; .NET CLR 2.0.50727; .NET CLR 3.5.30729; .NET CLR 3.0.30729; Media Center PC 6.0; .NET4.0C)"
96.144.218.175 - - [17/Nov/2017:14:02:20 +0000] "GET /category/electronics?from=10 HTTP/1.1" 200 119 "/item/giftcards/1476" "Mozilla/5.0 (Windows NT 6.0; rv:10.0.1) Gecko/20100101 Firefox/10.0.1"
196.84.86.62 - - [17/Nov/2017:14:02:25 +0000] "GET /item/electronics/2653 HTTP/1.1" 200 139 "/item/electronics/1706" "Mozilla/5.0 (Windows NT 6.1; WOW64) AppleWebKit/535.11 (KHTML, like Gecko) Chrome/17.0.963.56 Safari/535.11"
104.63.161.214 - - [17/Nov/2017:14:02:30 +0000] "GET /category/electronics HTTP/1.1" 200 82 "/category/finance" "Mozilla/5.0 (Windows NT 6.0) AppleWebKit/535.11 (KHTML, like Gecko) Chrome/17.0.963.56 Safari/535.11"
40.177.178.144 - - [17/Nov/2017:14:02:35 +0000] "GET /category/office HTTP/1.1" 200 57 "-" "Mozilla/5.0 (Windows NT 6.1; WOW64) AppleWebKit/535.11 (KHTML, like Gecko) Chrome/17.0.963.56 Safari/535.11"
160.93.50.158 - - [17/Nov/2017:14:02:40 +0000] "GET /item/electronics/2825 HTTP/1.1" 200 108 "/category/books" "Mozilla/5.0 (compatible; MSIE 9.0; Windows NT 6.1; WOW64; Trident/5.0)"
88.216.133.209 - - [17/Nov/2017:14:02:45 +0000] "GET /category/office HTTP/1.1" 200 132 "-" "Mozilla/5.0 (Windows NT 6.0; rv:10.0.1) Gecko/20100101 Firefox/10.0.1"
108.132.126.119 - - [17/Nov/2017:14:02:50 +0000] "POST /search/?c=Electronics HTTP/1.1" 200 73 "-" "Mozilla/5.0 (Windows NT 6.1; WOW64) AppleWebKit/535.11 (KHTML, like Gecko) Chrome/17.0.963.56 Safari/535.11"
220.42.55.83 - - [17/Nov/2017:14:02:55 +0000] "GET /category/networking HTTP/1.1" 200 119 "/item/finance/4100" "Mozilla/5.0 (Windows NT 6.1; WOW64) AppleWebKit/535.11 (KHTML, like Gecko) Chrome/17.0.963.56 Safari/535.11"
144.123.122.206 - - [17/Nov/2017:14:03:00 +0000] "GET /category/health HTTP/1.1" 200 100 "-" "Mozilla/5.0 (Windows NT 6.1; WOW64) AppleWebKit/535.7 (KHTML, like Gecko) Chrome/16.0.912.77 Safari/535.7"
152.207.187.181 - - [17/Nov/2017:14:03:05 +0000] "GET /category/books HTTP/1.1" 200 81 "/category/games" "Mozilla/5.0 (Windows NT 5.1) AppleWebKit/535.11 (KHTML, like Gecko) Chrome/17.0.963.46 Safari/535.11"
120.57.151.184 - - [17/Nov/2017:14:03:10 +0000] "POST /search/?c=Giftcards+Games HTTP/1.1" 200 116 "/search/?c=Books+Giftcards" "Mozilla/5.0 (Windows NT 6.0; rv:10.0.1) Gecko/20100101 Firefox/10.0.1"
104.207.115.95 - - [17/Nov/2017:14:03:15 +0000] "GET /category/software HTTP/1.1" 200 81 "http://www.google.com/search?ie=UTF-8&q=google&sclient=psy-ab&q=Software&oq=Software&aq=f&aqi=g-vL1&aql=&pbx=1&bav=on.2,or.r_gc.r_pw.r_qf.,cf.osb&biw=4083&bih=156" "Mozilla/5.0 (compatible; MSIE 9.0; Windows NT 6.1; WOW64; Trident/5.0)"
96.195.40.31 - - [17/Nov/2017:14:03:20 +0000] "GET /category/cameras HTTP/1.1" 200 115 "/category/games" "Mozilla/5.0 (Macintosh; Intel Mac OS X 10.6; rv:9.0.1) Gecko/20100101 Firefox/9.0.1"
128.159.112.128 - - [17/Nov/2017:14:03:25 +0000] "GET /category/music HTTP/1.1" 200 44 "-" "Mozilla/5.0 (Windows NT 5.1) AppleWebKit/535.11 (KHTML, like Gecko) Chrome/17.0.963.46 Safari/535.11"
76.132.177.175 - - [17/Nov/2017:14:03:30 +0000] "GET /category/software HTTP/1.1" 200 116 "/item/finance/3737" "Mozilla/5.0 (Windows NT 6.0) AppleWebKit/535.11 (KHTML, like Gecko) Chrome/17.0.963.56 Safari/535.11"
216.120.179.55 - - [17/Nov/2017:14:03:35 +0000] "GET /category/electronics HTTP/1.1" 200 115 "/category/health" "Mozilla/5.0 (compatible; Googlebot/2.1; +http://www.google.com/bot.html)"
28.150.146.21 - - [17/Nov/2017:14:03:40 +0000] "GET /item/computers/811 HTTP/1.1" 200 128 "/category/electronics" "Mozilla/5.0 (Windows NT 6.1; WOW64; rv:10.0.1) Gecko/20100101 Firefox/10.0.1"
76.114.187.160 - - [17/Nov/2017:14:03:45 +0000] "GET /item/games/3390 HTTP/1.1" 200 42 "/item/finance/3737" "Mozilla/5.0 (compatible; MSIE 9.0; Windows NT 6.1; Trident/5.0)"
176.228.179.33 - - [17/Nov/2017:14:03:50 +0000] "POST /search/?c=Electronics HTTP/1.1" 200 73 "/item/software/2" "Mozilla/5.0 (compatible; MSIE 9.0; Windows NT 6.1; WOW64; Trident/5.0)"
108.78.86.154 - - [17/Nov/2017:14:03:55 +0000] "GET /category/electronics HTTP/1.1" 200 75 "/item/books/757" "Mozilla/4.0 (compatible; MSIE 8.0; Windows NT 6.0; WOW64; Trident/4.0; GTB6; SLCC1; .NET CLR 2.0.50727; Media Center PC 5.0; .NET CLR 3.5.30729; .NET CLR 3.0.30618; .NET4.0C)"
72.156.55.140 - - [17/Nov/2017:14:04:00 +0000] "GET /item/books/1573 HTTP/1.1" 200 72 "-" "Mozilla/4.0 (compatible; MSIE 8.0; Windows NT 5.1; Trident/4.0; YTB720; GTB7.2; .NET CLR 1.1.4322; .NET CLR 2.0.50727; .NET CLR 3.0.4506.2152; .NET CLR 3.5.30729)"
60.186.25.54 - - [17/Nov/2017:14:04:05 +0000] "GET /category/electronics HTTP/1.1" 200 98 "/category/software" "Mozilla/4.0 (compatible; MSIE 8.0; Windows NT 5.1; Trident/4.0; YTB720; GTB7.2; .NET CLR 1.1.4322; .NET CLR 2.0.50727; .NET CLR 3.0.4506.2152; .NET CLR 3.5.30729)"
216.111.41.52 - - [17/Nov/2017:14:04:10 +0000] "GET /category/office HTTP/1.1" 200 46 "-" "Mozilla/5.0 (Windows NT 6.1; WOW64; rv:10.0.1) Gecko/20100101 Firefox/10.0.1"
144.78.204.148 - - [17/Nov/2017:14:04:15 +0000] "POST /search/?c=Software+Networking HTTP/1.1" 200 104 "/item/electronics/2895" "Mozilla/5.0 (Windows NT 6.0) AppleWebKit/535.11 (KHTML, like Gecko) Chrome/17.0.963.56 Safari/535.11"
72.39.200.100 - - [17/Nov/2017:14:04:20 +0000] "GET /category/garden HTTP/1.1" 200 94 "-" "Mozilla/5.0 (Windows NT 6.0; rv:10.0.1) Gecko/20100101 Firefox/10.0.1"
32.171.95.119 - - [17/Nov/2017:14:04:25 +0000] "GET /category/games?from=0 HTTP/1.1" 200 72 "/item/finance/4075" "Mozilla/5.0 (Windows NT 6.1; WOW64) AppleWebKit/535.7 (KHTML, like Gecko) Chrome/16.0.912.77 Safari/535.7"
212.168.228.88 - - [17/Nov/2017:14:04:30 +0000] "GET /item/computers/3259 HTTP/1.1" 200 112 "/category/games" "Mozilla/5.0 (Macintosh; Intel Mac OS X 10.6; rv:9.0.1) Gecko/20100101 Firefox/9.0.1"
80.114.151.203 - - [17/Nov/2017:14:04:35 +0000] "GET /item/health/1094 HTTP/1.1" 200 86 "/category/software" "Mozilla/5.0 (iPad; CPU OS 5_0_1 like Mac OS X) AppleWebKit/534.46 (KHTML, like Gecko) Version/5.1 Mobile/9A405 Safari/7534.48.3"
132.81.165.167 - - [17/Nov/2017:14:04:40 +0000] "GET /category/computers HTTP/1.1" 200 131 "/item/cameras/2644" "Mozilla/5.0 (Windows NT 6.0; rv:10.0.1) Gecko/20100101 Firefox/10.0.1"
72.96.123.40 - - [17/Nov/2017:14:04:45 +0000] "GET /category/books?from=0 HTTP/1.1" 200 56 "/category/health" "Mozilla/5.0 (Windows NT 6.0) AppleWebKit/535.11 (KHTML, like Gecko) Chrome/17.0.963.56 Safari/535.11"
224.93.67.44 - - [17/Nov/2017:14:04:50 +0000] "GET /item/computers/1106 HTTP/1.1" 200 57 "/search/?c=Toys" "Mozilla/5.0 (Windows NT 6.1; WOW64) AppleWebKit/535.7 (KHTML, like Gecko) Chrome/16.0.912.77 Safari/535.7"
40.36.176.35 - - [17/Nov/2017:14:04:55 +0000] "GET /item/games/4277 HTTP/1.1" 200 49 "-" "Mozilla/4.0 (compatible; MSIE 8.0; Windows NT 6.1; Trident/4.0; YTB730; SLCC2; .NET CLR 2.0.50727; .NET CLR 3.5.30729; .NET CLR 3.0.30729; Media Center PC 6.0; .NET4.0C)"
124.207.71.32 - - [17/Nov/2017:14:05:00 +0000] "GET /item/electronics/1466 HTTP/1.1" 200 67 "/search/?c=Jewelry" "Mozilla/4.0 (compatible; MSIE 8.0; Windows NT 6.1; WOW64; Trident/4.0; YTB730; GTB7.2; EasyBits GO v1.0; SLCC2; .NET CLR 2.0.50727; .NET CLR 3.5.30729; .NET CLR 3.0.30729; Media Center PC 6.0; .NET4.0C)"
116.180.157.149 - - [17/Nov/2017:14:05:05 +0000] "GET /category/toys?from=20 HTTP/1.1" 200 70 "/item/cameras/2822" "Mozilla/5.0 (Windows NT 6.0) AppleWebKit/535.11 (KHTML, like Gecko) Chrome/17.0.963.56 Safari/535.11"
20.165.89.171 - - [17/Nov/2017:14:05:10 +0000] "POST /search/?c=Electronics+Games HTTP/1.1" 200 88 "/category/games" "Mozilla/4.0 (compatible; MSIE 8.0; Windows NT 6.1; WOW64; Trident/4.0; YTB730; GTB7.2; SLCC2; .NET CLR 2.0.50727; .NET CLR 3.5.30729; .NET CLR 3.0.30729; .NET4.0C; .NET4.0E; Media Center PC 6.0)"
176.45.198.120 - - [17/Nov/2017:14:05:15 +0000] "GET /category/electronics?from=10 HTTP/1.1" 200 88 "/category/office" "Mozilla/5.0 (Windows NT 6.1; WOW64) AppleWebKit/535.11 (KHTML, like Gecko) Chrome/17.0.963.56 Safari/535.11"
40.78.48.94 - - [17/Nov/2017:14:05:20 +0000] "GET /category/electronics?from=0 HTTP/1.1" 200 112 "/item/health/2423" "Mozilla/4.0 (compatible; MSIE 8.0; Windows NT 6.1; WOW64; Trident/4.0; YTB730; GTB7.2; SLCC2; .NET CLR 2.0.50727; .NET CLR 3.5.30729; .NET CLR 3.0.30729; .NET4.0C; .NET4.0E; Media Center PC 6.0)"
68.156.204.168 - - [17/Nov/2017:14:05:25 +0000] "GET /item/electronics/3162 HTTP/1.1" 200 71 "-" "Mozilla/5.0 (Macintosh; Intel Mac OS X 10.6; rv:9.0.1) Gecko/20100101 Firefox/9.0.1"
224.69.88.152 - - [17/Nov/2017:14:05:30 +0000] "GET /category/books HTTP/1.1" 200 40 "-" "Mozilla/5.0 (Windows NT 6.0; rv:10.0.1) Gecko/20100101 Firefox/10.0.1"
144.21.111.211 - - [17/Nov/2017:14:05:35 +0000] "GET /item/cameras/2644 HTTP/1.1" 200 124 "/item/garden/3051" "Mozilla/5.0 (Macintosh; Intel Mac OS X 10.6; rv:9.0.1) Gecko/20100101 Firefox/9.0.1"
20.69.121.129 - - [17/Nov/2017:14:05:40 +0000] "GET /category/office HTTP/1.1" 200 121 "/item/jewelry/2479" "Mozilla/4.0 (compatible; MSIE 8.0; Windows NT 6.1; WOW64; Trident/4.0; GTB7.2; SLCC2; .NET CLR 2.0.50727; .NET CLR 3.5.30729; .NET CLR 3.0.30729; Media Center PC 6.0; .NET4.0C)"
80.189.195.176 - - [17/Nov/2017:14:05:45 +0000] "GET /category/games HTTP/1.1" 200 78 "-" "Mozilla/5.0 (compatible; Googlebot/2.1; +http://www.google.com/bot.html)"
40.39.105.229 - - [17/Nov/2017:14:05:50 +0000] "GET /category/software HTTP/1.1" 200 81 "/item/software/2434" "Mozilla/5.0 (Macintosh; Intel Mac OS X 10.6; rv:9.0.1) Gecko/20100101 Firefox/9.0.1"
148.42.153.163 - - [17/Nov/2017:14:05:55 +0000] "GET /item/networking/67 HTTP/1.1" 200 52 "http://www.google.com/search?ie=UTF-8&q=google&sclient=psy-ab&q=Networking+Electronics&oq=Networking+Electronics&aq=f&aqi=g-vL1&aql=&pbx=1&bav=on.2,or.r_gc.r_pw.r_qf.,cf.osb&biw=1983&bih=350" "Mozilla/4.0 (compatible; MSIE 8.0; Windows NT 6.1; WOW64; Trident/4.0; YTB730; GTB7.2; EasyBits GO v1.0; SLCC2; .NET CLR 2.0.50727; .NET CLR 3.5.30729; .NET CLR 3.0.30729; Media Center PC 6.0; .NET4.0C)"
60.117.58.163 - - [17/Nov/2017:14:06:00 +0000] "GET /category/office HTTP/1.1" 200 109 "-" "Mozilla/4.0 (compatible; MSIE 8.0; Windows NT 6.0; WOW64; Trident/4.0; GTB6; SLCC1; .NET CLR 2.0.50727; Media Center PC 5.0; .NET CLR 3.5.30729; .NET CLR 3.0.30618; .NET4.0C)"
76.138.226.38 - - [17/Nov/2017:14:06:05 +0000] "POST /search/?c=Giftcards HTTP/1.1" 200 116 "-" "Mozilla/5.0 (Windows NT 6.0; rv:10.0.1) Gecko/20100101 Firefox/10.0.1"
32.126.192.64 - - [17/Nov/2017:14:06:10 +0000] "GET /item/electronics/450 HTTP/1.1" 200 123 "/search/?c=Electronics" "Mozilla/4.0 (compatible; MSIE 8.0; Windows NT 6.1; WOW64; Trident/4.0; GTB7.2; SLCC2; .NET CLR 2.0.50727; .NET CLR 3.5.30729; .NET CLR 3.0.30729; Media Center PC 6.0; .NET4.0C)"
144.126.86.47 - - [17/Nov/2017:14:06:15 +0000] "GET /item/games/918 HTTP/1.1" 200 76 "-" "Mozilla/5.0 (Windows NT 6.0; rv:10.0.1) Gecko/20100101 Firefox/10.0.1"
124.207.71.32 - - [17/Nov/2017:14:06:20 +0000] "GET /category/networking HTTP/1.1" 200 94 "-" "Mozilla/5.0 (compatible; Googlebot/2.1; +http://www.google.com/bot.html)"
72.138.35.193 - - [17/Nov/2017:14:06:25 +0000] "GET /category/electronics?from=20 HTTP/1.1" 200 124 "/item/electronics/1079" "Mozilla/5.0 (Windows NT 6.1; WOW64; rv:10.0.1) Gecko/20100101 Firefox/10.0.1"
152.72.100.218 - - [17/Nov/2017:14:06:30 +0000] "GET /item/games/2649 HTTP/1.1" 200 61 "/category/games" "Mozilla/5.0 (iPhone; CPU iPhone OS 5_0_1 like Mac OS X) AppleWebKit/534.46 (KHTML, like Gecko) Version/5.1 Mobile/9A405 Safari/7534.48.3"
108.93.207.173 - - [17/Nov/2017:14:06:35 +0000] "GET /category/jewelry HTTP/1.1" 200 116 "/category/office" "Mozilla/5.0 (Macintosh; Intel Mac OS X 10.6; rv:9.0.1) Gecko/20100101 Firefox/9.0.1"
224.219.86.184 - - [17/Nov/2017:14:06:40 +0000] "GET /category/books HTTP/1.1" 200 91 "-" "Mozilla/4.0 (compatible; MSIE 8.0; Windows NT 6.1; WOW64; Trident/4.0; GTB7.2; SLCC2; .NET CLR 2.0.50727; .NET CLR 3.5.30729; .NET CLR 3.0.30729; Media Center PC 6.0; .NET4.0C)"
172.126.211.27 - - [17/Nov/2017:14:06:45 +0000] "GET /category/electronics HTTP/1.1" 200 44 "-" "Mozilla/4.0 (compatible; MSIE 8.0; Windows NT 6.0; WOW64; Trident/4.0; GTB6; SLCC1; .NET CLR 2.0.50727; Media Center PC 5.0; .NET CLR 3.5.30729; .NET CLR 3.0.30618; .NET4.0C)"
192.90.171.212 - - [17/Nov/2017:14:06:50 +0000] "POST /search/?c=Books+Jewelry HTTP/1.1" 200 61 "-" "Mozilla/5.0 (Windows NT 6.0) AppleWebKit/535.11 (KHTML, like Gecko) Chrome/17.0.963.56 Safari/535.11"
160.213.73.172 - - [17/Nov/2017:14:06:55 +0000] "GET /category/garden HTTP/1.1" 200 86 "-" "Mozilla/5.0 (Windows NT 6.0; rv:10.0.1) Gecko/20100101 Firefox/10.0.1"
96.72.174.129 - - [17/Nov/2017:14:07:00 +0000] "GET /category/computers HTTP/1.1" 200 99 "-" "Mozilla/4.0 (compatible; MSIE 8.0; Windows NT 6.1; WOW64; Trident/4.0; YTB730; GTB7.2; SLCC2; .NET CLR 2.0.50727; .NET CLR 3.5.30729; .NET CLR 3.0.30729; .NET4.0C; .NET4.0E; Media Center PC 6.0)"
120.216.45.120 - - [17/Nov/2017:14:07:05 +0000] "GET /category/health HTTP/1.1" 200 92 "-" "Mozilla/5.0 (Windows NT 6.0; rv:10.0.1) Gecko/20100101 Firefox/10.0.1"
56.162.217.61 - - [17/Nov/2017:14:07:10 +0000] "GET /item/software/4545 HTTP/1.1" 200 135 "/search/?c=Software" "Mozilla/5.0 (Windows NT 6.1; WOW64; rv:10.0.1) Gecko/20100101 Firefox/10.0.1"
108.84.228.94 - - [17/Nov/2017:14:07:15 +0000] "GET /category/games HTTP/1.1" 200 105 "-" "Mozilla/5.0 (Macintosh; Intel Mac OS X 10.6; rv:9.0.1) Gecko/20100101 Firefox/9.0.1"
168.156.229.181 - - [17/Nov/2017:14:07:20 +0000] "GET /item/office/863 HTTP/1.1" 200 125 "-" "Mozilla/5.0 (compatible; MSIE 9.0; Windows NT 6.1; WOW64; Trident/5.0)"
84.36.65.60 - - [17/Nov/2017:14:07:25 +0000] "GET /item/networking/2266 HTTP/1.1" 404 75 "/category/music" "Mozilla/5.0 (compatible; Googlebot/2.1; +http://www.google.com/bot.html)"
76.132.177.175 - - [17/Nov/2017:14:07:30 +0000] "GET /category/cameras HTTP/1.1" 200 97 "/category/books" "Mozilla/5.0 (compatible; MSIE 9.0; Windows NT 6.1; WOW64; Trident/5.0)"
208.150.93.221 - - [17/Nov/2017:14:07:35 +0000] "POST /search/?c=Software+Electronics HTTP/1.1" 200 97 "/category/computers" "Mozilla/5.0 (compatible; MSIE 9.0; Windows NT 6.1; Trident/5.0)"
132.141.158.51 - - [17/Nov/2017:14:07:40 +0000] "GET /category/software HTTP/1.1" 200 121 "/category/software?from=10" "Mozilla/5.0 (Windows NT 5.1) AppleWebKit/535.11 (KHTML, like Gecko) Chrome/17.0.963.46 Safari/535.11"
216.183.77.82 - - [17/Nov/2017:14:07:45 +0000] "POST /search/?c=Office+Electronics HTTP/1.1" 200 82 "-" "Mozilla/5.0 (Windows NT 6.0; rv:10.0.1) Gecko/20100101 Firefox/10.0.1"
164.120.51.110 - - [17/Nov/2017:14:07:50 +0000] "POST /search/?c=Toys+Toys HTTP/1.1" 200 102 "/category/software" "Mozilla/4.0 (compatible; MSIE 8.0; Windows NT 6.1; WOW64; Trident/4.0; YTB730; GTB7.2; EasyBits GO v1.0; SLCC2; .NET CLR 2.0.50727; .NET CLR 3.5.30729; .NET CLR 3.0.30729; Media Center PC 6.0; .NET4.0C)"
204.99.132.70 - - [17/Nov/2017:14:07:55 +0000] "GET /item/books/3992 HTTP/1.1" 200 70 "/search/?c=Books+Cameras" "Mozilla/5.0 (Windows NT 6.1; WOW64) AppleWebKit/535.11 (KHTML, like Gecko) Chrome/17.0.963.56 Safari/535.11"
200.78.131.141 - - [17/Nov/2017:14:08:00 +0000] "GET /item/software/2109 HTTP/1.1" 200 107 "/category/finance" "Mozilla/5.0 (Windows NT 6.1; WOW64) AppleWebKit/535.7 (KHTML, like Gecko) Chrome/16.0.912.77 Safari/535.7"
216.210.207.165 - - [17/Nov/2017:14:08:05 +0000] "GET /category/cameras HTTP/1.1" 200 127 "/category/games" "Mozilla/5.0 (iPhone; CPU iPhone OS 5_0_1 like Mac OS X) AppleWebKit/534.46 (KHTML, like Gecko) Version/5.1 Mobile/9A405 Safari/7534.48.3"
28.207.139.33 - - [17/Nov/2017:14:08:10 +0000] "GET /category/software HTTP/1.1" 200 84 "/item/health/3590" "Mozilla/5.0 (compatible; MSIE 9.0; Windows NT 6.1; Trident/5.0)"
164.228.120.56 - - [17/Nov/2017:14:08:15 +0000] "POST /search/?c=Networking+Networking HTTP/1.1" 200 50 "/category/software" "Mozilla/5.0 (compatible; Googlebot/2.1; +http://www.google.com/bot.html)"
28.96.205.110 - - [17/Nov/2017:14:08:20 +0000] "GET /category/toys HTTP/1.1" 200 120 "-" "Mozilla/4.0 (compatible; MSIE 8.0; Windows NT 6.1; WOW64; Trident/4.0; YTB730; GTB7.2; SLCC2; .NET CLR 2.0.50727; .NET CLR 3.5.30729; .NET CLR 3.0.30729; .NET4.0C; .NET4.0E; Media Center PC 6.0)"
40.195.97.189 - - [17/Nov/2017:14:08:25 +0000] "GET /item/health/4912 HTTP/1.1" 200 105 "-" "Mozilla/4.0 (compatible; MSIE 8.0; Windows NT 6.1; Trident/4.0; YTB730; SLCC2; .NET CLR 2.0.50727; .NET CLR 3.5.30729; .NET CLR 3.0.30729; Media Center PC 6.0; .NET4.0C)"
136.108.176.209 - - [17/Nov/2017:14:08:30 +0000] "GET /item/books/1573 HTTP/1.1" 200 72 "-" "Mozilla/5.0 (Windows NT 6.1; WOW64) AppleWebKit/535.11 (KHTML, like Gecko) Chrome/17.0.963.56 Safari/535.11"
200.201.187.211 - - [17/Nov/2017:14:08:35 +0000] "GET /item/electronics/4788 HTTP/1.1" 200 46 "/category/games" "Mozilla/4.0 (compatible; MSIE 8.0; Windows NT 6.1; WOW64; Trident/4.0; YTB730; GTB7.2; EasyBits GO v1.0; SLCC2; .NET CLR 2.0.50727; .NET CLR 3.5.30729; .NET CLR 3.0.30729; Media Center PC 6.0; .NET4.0C)"
104.117.61.206 - - [17/Nov/2017:14:08:40 +0000] "GET /item/electronics/4788 HTTP/1.1" 200 46 "/category/electronics" "Mozilla/5.0 (Windows NT 6.0; rv:10.0.1) Gecko/20100101 Firefox/10.0.1"
28.63.225.191 - - [17/Nov/2017:14:08:45 +0000] "GET /category/electronics HTTP/1.1" 200 83 "-" "Mozilla/5.0 (compatible; MSIE 9.0; Windows NT 6.1; Trident/5.0)"
136.138.110.70 - - [17/Nov/2017:14:08:50 +0000] "GET /item/toys/3901 HTTP/1.1" 200 122 "/category/toys" "Mozilla/5.0 (iPhone; CPU iPhone OS 5_0_1 like Mac OS X) AppleWebKit/534.46 (KHTML, like Gecko) Version/5.1 Mobile/9A405 Safari/7534.48.3"
192.168.214.196 - - [17/Nov/2017:14:08:55 +0000] "GET /item/electronics/1828 HTTP/1.1" 200 57 "http://www.google.com/search?ie=UTF-8&q=google&sclient=psy-ab&q=Electronics&oq=Electronics&aq=f&aqi=g-vL1&aql=&pbx=1&bav=on.2,or.r_gc.r_pw.r_qf.,cf.osb&biw=1179&bih=226" "Mozilla/4.0 (compatible; MSIE 8.0; Windows NT 5.1; Trident/4.0; BTRS122159; GTB7.2; .NET CLR 1.1.4322; .NET CLR 2.0.50727; .NET CLR 3.0.04506.30; .NET CLR 3.0.4506.2152; .NET CLR 3.5.30729; BRI/2)"
84.126.57.104 - - [17/Nov/2017:14:09:00 +0000] "GET /category/finance HTTP/1.1" 200 118 "/category/software" "Mozilla/5.0 (Windows NT 6.0) AppleWebKit/535.11 (KHTML, like Gecko) Chrome/17.0.963.56 Safari/535.11"
212.186.212.20 - - [17/Nov/2017:14:09:05 +0000] "GET /item/software/3887 HTTP/1.1" 200 100 "-" "Mozilla/5.0 (Windows NT 5.1) AppleWebKit/535.11 (KHTML, like Gecko) Chrome/17.0.963.46 Safari/535.11"
92.216.114.137 - - [17/Nov/2017:14:09:10 +0000] "GET /category/books HTTP/1.1" 200 96 "-" "Mozilla/5.0 (compatible; MSIE 9.0; Windows NT 6.1; WOW64; Trident/5.0)"
36.24.74.155 - - [17/Nov/2017:14:09:15 +0000] "GET /category/games HTTP/1.1" 200 69 "/category/software" "Mozilla/5.0 (Windows NT 6.0; rv:10.0.1) Gecko/20100101 Firefox/10.0.1"
180.201.91.218 - - [17/Nov/2017:14:09:20 +0000] "GET /item/office/863 HTTP/1.1" 200 125 "/item/software/155" "Mozilla/4.0 (compatible; MSIE 8.0; Windows NT 6.1; WOW64; Trident/4.0; YTB730; GTB7.2; EasyBits GO v1.0; SLCC2; .NET CLR 2.0.50727; .NET CLR 3.5.30729; .NET CLR 3.0.30729; Media Center PC 6.0; .NET4.0C)"
112.93.23.140 - - [17/Nov/2017:14:09:25 +0000] "GET /category/electronics HTTP/1.1" 200 103 "-" "Mozilla/5.0 (Windows NT 6.0; rv:10.0.1) Gecko/20100101 Firefox/10.0.1"
72.165.89.172 - - [17/Nov/2017:14:09:30 +0000] "GET /item/electronics/1195 HTTP/1.1" 200 46 "/category/electronics" "Mozilla/5.0 (compatible; Googlebot/2.1; +http://www.google.com/bot.html)"
48.222.150.132 - - [17/Nov/2017:14:09:35 +0000] "GET /category/software HTTP/1.1" 200 131 "-" "Mozilla/4.0 (compatible; MSIE 8.0; Windows NT 5.1; Trident/4.0; YTB720; GTB7.2; .NET CLR 1.1.4322; .NET CLR 2.0.50727; .NET CLR 3.0.4506.2152; .NET CLR 3.5.30729)"
40.78.48.94 - - [17/Nov/2017:14:09:40 +0000] "GET /item/books/2829 HTTP/1.1" 200 80 "-" "Mozilla/4.0 (compatible; MSIE 8.0; Windows NT 6.1; WOW64; Trident/4.0; GTB7.2; SLCC2; .NET CLR 2.0.50727; .NET CLR 3.5.30729; .NET CLR 3.0.30729; Media Center PC 6.0; .NET4.0C)"
44.60.152.105 - - [17/Nov/2017:14:09:45 +0000] "GET /item/health/2403 HTTP/1.1" 200 112 "/item/garden/4383" "Mozilla/5.0 (Windows NT 6.1; WOW64) AppleWebKit/535.7 (KHTML, like Gecko) Chrome/16.0.912.77 Safari/535.7"
88.63.121.43 - - [17/Nov/2017:14:09:50 +0000] "GET /category/computers HTTP/1.1" 200 99 "/category/toys" "Mozilla/5.0 (Macintosh; Intel Mac OS X 10.6; rv:9.0.1) Gecko/20100101 Firefox/9.0.1"
200.138.201.118 - - [17/Nov/2017:14:09:55 +0000] "GET /item/software/3523 HTTP/1.1" 200 68 "-" "Mozilla/5.0 (Windows NT 6.0; rv:10.0.1) Gecko/20100101 Firefox/10.0.1"
144.165.175.190 - - [17/Nov/2017:14:10:00 +0000] "GET /item/electronics/106 HTTP/1.1" 200 50 "/item/games/4604" "Mozilla/5.0 (Windows NT 6.0; rv:10.0.1) Gecko/20100101 Firefox/10.0.1"
40.36.91.188 - - [17/Nov/2017:14:10:05 +0000] "GET /category/jewelry HTTP/1.1" 200 112 "/category/garden?from=20" "Mozilla/5.0 (iPhone; CPU iPhone OS 5_0_1 like Mac OS X) AppleWebKit/534.46 (KHTML, like Gecko) Version/5.1 Mobile/9A405 Safari/7534.48.3"
84.225.150.149 - - [17/Nov/2017:14:10:10 +0000] "GET /item/software/1950 HTTP/1.1" 200 117 "-" "Mozilla/4.0 (compatible; MSIE 8.0; Windows NT 6.1; WOW64; Trident/4.0; GTB7.2; SLCC2; .NET CLR 2.0.50727; .NET CLR 3.5.30729; .NET CLR 3.0.30729; Media Center PC 6.0; .NET4.0C)"
144.216.152.78 - - [17/Nov/2017:14:10:15 +0000] "GET /category/sports HTTP/1.1" 200 48 "/category/games" "Mozilla/5.0 (compatible; MSIE 9.0; Windows NT 6.1; WOW64; Trident/5.0)"
168.108.147.195 - - [17/Nov/2017:14:10:20 +0000] "GET /category/books HTTP/1.1" 200 109 "-" "Mozilla/5.0 (Windows NT 6.0; rv:10.0.1) Gecko/20100101 Firefox/10.0.1"
76.93.187.155 - - [17/Nov/2017:14:10:25 +0000] "GET /item/electronics/2792 HTTP/1.1" 200 114 "-" "Mozilla/5.0 (Windows NT 6.1; WOW64) AppleWebKit/535.11 (KHTML, like Gecko) Chrome/17.0.963.56 Safari/535.11"
224.27.47.136 - - [17/Nov/2017:14:10:30 +0000] "GET /item/health/4591 HTTP/1.1" 200 101 "/item/books/1573" "Mozilla/5.0 (iPhone; CPU iPhone OS 5_0_1 like Mac OS X) AppleWebKit/534.46 (KHTML, like Gecko) Version/5.1 Mobile/9A405 Safari/7534.48.3"
228.111.87.205 - - [17/Nov/2017:14:10:35 +0000] "GET /category/games HTTP/1.1" 200 59 "-" "Mozilla/5.0 (Windows NT 6.0; rv:10.0.1) Gecko/20100101 Firefox/10.0.1"
212.174.138.139 - - [17/Nov/2017:14:10:40 +0000] "GET /item/music/1760 HTTP/1.1" 200 112 "-" "Mozilla/5.0 (Windows NT 6.0) AppleWebKit/535.11 (KHTML, like Gecko) Chrome/17.0.963.56 Safari/535.11"
208.114.138.190 - - [17/Nov/2017:14:10:45 +0000] "GET /category/books HTTP/1.1" 200 117 "-" "Mozilla/5.0 (Windows NT 6.1; WOW64) AppleWebKit/535.11 (KHTML, like Gecko) Chrome/17.0.963.56 Safari/535.11"
208.150.70.225 - - [17/Nov/2017:14:10:50 +0000] "POST /search/?c=Sports+Giftcards HTTP/1.1" 200 117 "-" "Mozilla/4.0 (compatible; MSIE 8.0; Windows NT 5.1; Trident/4.0; BTRS122159; GTB7.2; .NET CLR 1.1.4322; .NET CLR 2.0.50727; .NET CLR 3.0.04506.30; .NET CLR 3.0.4506.2152; .NET CLR 3.5.30729; BRI/2)"
56.162.217.61 - - [17/Nov/2017:14:10:55 +0000] "GET /item/giftcards/4032 HTTP/1.1" 200 122 "-" "Mozilla/5.0 (Windows NT 6.1; WOW64) AppleWebKit/535.11 (KHTML, like Gecko) Chrome/17.0.963.56 Safari/535.11"
176.87.116.29 - - [17/Nov/2017:14:11:00 +0000] "GET /category/office?from=0 HTTP/1.1" 200 50 "/category/software" "Mozilla/4.0 (compatible; MSIE 8.0; Windows NT 6.1; WOW64; Trident/4.0; YTB730; GTB7.2; EasyBits GO v1.0; SLCC2; .NET CLR 2.0.50727; .NET CLR 3.5.30729; .NET CLR 3.0.30729; Media Center PC 6.0; .NET4.0C)"
96.108.78.226 - - [17/Nov/2017:14:11:05 +0000] "GET /item/games/4398 HTTP/1.1" 200 112 "/category/health" "Mozilla/5.0 (compatible; MSIE 9.0; Windows NT 6.1; Trident/5.0)"
80.198.63.143 - - [17/Nov/2017:14:11:10 +0000] "POST /search/?c=Electronics+Toys HTTP/1.1" 200 128 "-" "Mozilla/5.0 (compatible; Googlebot/2.1; +http://www.google.com/bot.html)"
180.225.227.228 - - [17/Nov/2017:14:11:15 +0000] "GET /item/software/1625 HTTP/1.1" 200 82 "-" "Mozilla/4.0 (compatible; MSIE 8.0; Windows NT 6.1; WOW64; Trident/4.0; YTB730; GTB7.2; EasyBits GO v1.0; SLCC2; .NET CLR 2.0.50727; .NET CLR 3.5.30729; .NET CLR 3.0.30729; Media Center PC 6.0; .NET4.0C)"
44.123.149.113 - - [17/Nov/2017:14:11:20 +0000] "GET /category/toys HTTP/1.1" 200 40 "-" "Mozilla/5.0 (iPad; CPU OS 5_0_1 like Mac OS X) AppleWebKit/534.46 (KHTML, like Gecko) Version/5.1 Mobile/9A405 Safari/7534.48.3"
196.96.50.86 - - [17/Nov/2017:14:11:25 +0000] "GET /item/garden/2971 HTTP/1.1" 200 116 "/category/garden" "Mozilla/4.0 (compatible; MSIE 8.0; Windows NT 6.1; WOW64; Trident/4.0; YTB730; GTB7.2; SLCC2; .NET CLR 2.0.50727; .NET CLR 3.5.30729; .NET CLR 3.0.30729; .NET4.0C; .NET4.0E; Media Center PC 6.0)"
116.123.101.195 - - [17/Nov/2017:14:11:30 +0000] "GET /category/software HTTP/1.1" 200 81 "-" "Mozilla/4.0 (compatible; MSIE 8.0; Windows NT 6.1; WOW64; Trident/4.0; YTB730; GTB7.2; SLCC2; .NET CLR 2.0.50727; .NET CLR 3.5.30729; .NET CLR 3.0.30729; .NET4.0C; .NET4.0E; Media Center PC 6.0)"
120.168.180.96 - - [17/Nov/2017:14:11:35 +0000] "GET /item/finance/4100 HTTP/1.1" 200 84 "/category/electronics" "Mozilla/5.0 (iPad; CPU OS 5_0_1 like Mac OS X) AppleWebKit/534.46 (KHTML, like Gecko) Version/5.1 Mobile/9A405 Safari/7534.48.3"
164.219.72.37 - - [17/Nov/2017:14:11:40 +0000] "GET /item/computers/1693 HTTP/1.1" 200 110 "/item/health/4591" "Mozilla/4.0 (compatible; MSIE 8.0; Windows NT 5.1; Trident/4.0; YTB720; GTB7.2; .NET CLR 1.1.4322; .NET CLR 2.0.50727; .NET CLR 3.0.4506.2152; .NET CLR 3.5.30729)"
120.225.200.117 - - [17/Nov/2017:14:11:45 +0000] "GET /category/books?from=0 HTTP/1.1" 200 103 "/category/books" "Mozilla/5.0 (compatible; MSIE 9.0; Windows NT 6.1; WOW64; Trident/5.0)"
24.162.227.115 - - [17/Nov/2017:14:11:50 +0000] "GET /item/jewelry/1164 HTTP/1.1" 200 106 "/category/cameras" "Mozilla/4.0 (compatible; MSIE 8.0; Windows NT 6.1; WOW64; Trident/4.0; YTB730; GTB7.2; SLCC2; .NET CLR 2.0.50727; .NET CLR 3.5.30729; .NET CLR 3.0.30729; .NET4.0C; .NET4.0E; Media Center PC 6.0)"
184.198.208.220 - - [17/Nov/2017:14:11:55 +0000] "GET /category/electronics HTTP/1.1" 200 116 "/item/software/2711" "Mozilla/5.0 (Windows NT 5.1) AppleWebKit/535.11 (KHTML, like Gecko) Chrome/17.0.963.46 Safari/535.11"
224.87.199.41 - - [17/Nov/2017:14:12:00 +0000] "GET /category/sports HTTP/1.1" 200 48 "/category/books" "Mozilla/5.0 (iPhone; CPU iPhone OS 5_0_1 like Mac OS X) AppleWebKit/534.46 (KHTML, like Gecko) Version/5.1 Mobile/9A405 Safari/7534.48.3"
164.219.72.37 - - [17/Nov/2017:14:12:05 +0000] "GET /category/office HTTP/1.1" 200 68 "/category/electronics" "Mozilla/5.0 (Windows NT 6.1; WOW64; rv:10.0.1) Gecko/20100101 Firefox/10.0.1"
208.171.196.220 - - [17/Nov/2017:14:12:10 +0000] "GET /item/giftcards/1901 HTTP/1.1" 200 63 "-" "Mozilla/4.0 (compatible; MSIE 8.0; Windows NT 6.1; WOW64; Trident/4.0; YTB730; GTB7.2; EasyBits GO v1.0; SLCC2; .NET CLR 2.0.50727; .NET CLR 3.5.30729; .NET CLR 3.0.30729; Media Center PC 6.0; .NET4.0C)"
192.126.144.136 - - [17/Nov/2017:14:12:15 +0000] "GET /category/cameras HTTP/1.1" 200 99 "/item/books/4062" "Mozilla/5.0 (Windows NT 6.0; rv:10.0.1) Gecko/20100101 Firefox/10.0.1"
212.219.108.195 - - [17/Nov/2017:14:12:20 +0000] "GET /item/software/1017 HTTP/1.1" 200 109 "/category/computers?from=0" "Mozilla/5.0 (Windows NT 6.1; WOW64) AppleWebKit/535.7 (KHTML, like Gecko) Chrome/16.0.912.77 Safari/535.7"
44.57.212.87 - - [17/Nov/2017:14:12:25 +0000] "GET /item/software/4545 HTTP/1.1" 200 135 "/item/electronics/2451" "Mozilla/5.0 (compatible; MSIE 9.0; Windows NT 6.1; WOW64; Trident/5.0)"
176.105.22.32 - - [17/Nov/2017:14:12:30 +0000] "GET /category/office HTTP/1.1" 200 82 "/item/jewelry/2593" "Mozilla/4.0 (compatible; MSIE 8.0; Windows NT 6.0; WOW64; Trident/4.0; GTB6; SLCC1; .NET CLR 2.0.50727; Media Center PC 5.0; .NET CLR 3.5.30729; .NET CLR 3.0.30618; .NET4.0C)"
136.81.127.192 - - [17/Nov/2017:14:12:35 +0000] "GET /item/cameras/2644 HTTP/1.1" 200 124 "/item/electronics/1433" "Mozilla/5.0 (Macintosh; Intel Mac OS X 10.6; rv:9.0.1) Gecko/20100101 Firefox/9.0.1"
156.198.60.199 - - [17/Nov/2017:14:12:40 +0000] "POST /search/?c=Software HTTP/1.1" 200 126 "-" "Mozilla/5.0 (compatible; MSIE 9.0; Windows NT 6.1; WOW64; Trident/5.0)"
200.138.201.118 - - [17/Nov/2017:14:12:45 +0000] "GET /item/electronics/1195 HTTP/1.1" 200 46 "/category/software" "Mozilla/4.0 (compatible; MSIE 8.0; Windows NT 5.1; Trident/4.0; YTB720; GTB7.2; .NET CLR 1.1.4322; .NET CLR 2.0.50727; .NET CLR 3.0.4506.2152; .NET CLR 3.5.30729)"
172.165.66.62 - - [17/Nov/2017:14:12:50 +0000] "GET /item/giftcards/4231 HTTP/1.1" 200 52 "/item/garden/1912" "Mozilla/5.0 (Windows NT 6.1; WOW64; rv:10.0.1) Gecko/20100101 Firefox/10.0.1"
208.114.138.190 - - [17/Nov/2017:14:12:55 +0000] "GET /category/software HTTP/1.1" 200 56 "/item/toys/1283" "Mozilla/5.0 (Windows NT 6.1; WOW64) AppleWebKit/535.11 (KHTML, like Gecko) Chrome/17.0.963.56 Safari/535.11"
24.156.128.139 - - [17/Nov/2017:14:13:00 +0000] "GET /category/software HTTP/1.1" 200 72 "-" "Mozilla/5.0 (Windows NT 5.1) AppleWebKit/535.11 (KHTML, like Gecko) Chrome/17.0.963.46 Safari/535.11"
80.45.35.178 - - [17/Nov/2017:14:13:05 +0000] "GET /category/office HTTP/1.1" 200 42 "-" "Mozilla/5.0 (Windows NT 6.1; WOW64) AppleWebKit/535.11 (KHTML, like Gecko) Chrome/17.0.963.56 Safari/535.11"
152.21.213.161 - - [17/Nov/2017:14:13:10 +0000] "GET /category/garden HTTP/1.1" 200 126 "-" "Mozilla/5.0 (compatible; MSIE 9.0; Windows NT 6.1; Trident/5.0)"
216.210.207.165 - - [17/Nov/2017:14:13:15 +0000] "GET /category/office HTTP/1.1" 200 100 "-" "Mozilla/5.0 (iPhone; CPU iPhone OS 5_0_1 like Mac OS X) AppleWebKit/534.46 (KHTML, like Gecko) Version/5.1 Mobile/9A405 Safari/7534.48.3"
116.72.59.134 - - [17/Nov/2017:14:13:20 +0000] "GET /category/jewelry HTTP/1.1" 200 48 "/category/giftcards?from=10" "Mozilla/5.0 (Windows NT 6.0) AppleWebKit/535.11 (KHTML, like Gecko) Chrome/17.0.963.56 Safari/535.11"
156.51.157.126 - - [17/Nov/2017:14:13:25 +0000] "GET /item/books/3588 HTTP/1.1" 200 117 "/item/electronics/3940" "Mozilla/5.0 (compatible; MSIE 9.0; Windows NT 6.1; Trident/5.0)"
108.132.126.119 - - [17/Nov/2017:14:13:30 +0000] "GET /category/electronics HTTP/1.1" 200 104 "-" "Mozilla/5.0 (Windows NT 6.1; WOW64) AppleWebKit/535.7 (KHTML, like Gecko) Chrome/16.0.912.77 Safari/535.7"
224.210.40.49 - - [17/Nov/2017:14:13:35 +0000] "POST /search/?c=Electronics HTTP/1.1" 200 101 "-" "Mozilla/5.0 (compatible; Googlebot/2.1; +http://www.google.com/bot.html)"
88.48.32.227 - - [17/Nov/2017:14:13:40 +0000] "POST /search/?c=Office+Computers HTTP/1.1" 200 62 "-" "Mozilla/4.0 (compatible; MSIE 8.0; Windows NT 6.1; WOW64; Trident/4.0; GTB7.2; SLCC2; .NET CLR 2.0.50727; .NET CLR 3.5.30729; .NET CLR 3.0.30729; Media Center PC 6.0; .NET4.0C)"
52.54.64.167 - - [17/Nov/2017:14:13:45 +0000] "GET /item/cameras/4995 HTTP/1.1" 200 97 "/category/books" "Mozilla/4.0 (compatible; MSIE 8.0; Windows NT 6.0; WOW64; Trident/4.0; GTB6; SLCC1; .NET CLR 2.0.50727; Media Center PC 5.0; .NET CLR 3.5.30729; .NET CLR 3.0.30618; .NET4.0C)"
120.63.173.157 - - [17/Nov/2017:14:13:50 +0000] "GET /item/health/3601 HTTP/1.1" 200 64 "-" "Mozilla/5.0 (iPad; CPU OS 5_0_1 like Mac OS X) AppleWebKit/534.46 (KHTML, like Gecko) Version/5.1 Mobile/9A405 Safari/7534.48.3"
216.132.160.25 - - [17/Nov/2017:14:13:55 +0000] "GET /category/games HTTP/1.1" 200 98 "/search/?c=Electronics+Garden" "Mozilla/5.0 (compatible; Googlebot/2.1; +http://www.google.com/bot.html)"
176.27.101.193 - - [17/Nov/2017:14:14:00 +0000] "GET /item/games/3422 HTTP/1.1" 200 88 "/category/jewelry" "Mozilla/4.0 (compatible; MSIE 8.0; Windows NT 5.1; Trident/4.0; YTB720; GTB7.2; .NET CLR 1.1.4322; .NET CLR 2.0.50727; .NET CLR 3.0.4506.2152; .NET CLR 3.5.30729)"
204.162.54.90 - - [17/Nov/2017:14:14:05 +0000] "GET /category/office HTTP/1.1" 200 58 "/item/health/3601" "Mozilla/5.0 (compatible; Googlebot/2.1; +http://www.google.com/bot.html)"
56.48.140.129 - - [17/Nov/2017:14:14:10 +0000] "GET /category/computers HTTP/1.1" 200 48 "-" "Mozilla/5.0 (Windows NT 6.1; WOW64) AppleWebKit/535.11 (KHTML, like Gecko) Chrome/17.0.963.56 Safari/535.11"
200.138.201.118 - - [17/Nov/2017:14:14:15 +0000] "GET /category/health HTTP/1.1" 200 82 "/category/software" "Mozilla/4.0 (compatible; MSIE 8.0; Windows NT 5.1; Trident/4.0; YTB720; GTB7.2; .NET CLR 1.1.4322; .NET CLR 2.0.50727; .NET CLR 3.0.4506.2152; .NET CLR 3.5.30729)"
216.222.35.46 - - [17/Nov/2017:14:14:20 +0000] "GET /category/software HTTP/1.1" 200 108 "-" "Mozilla/5.0 (Windows NT 6.1; WOW64) AppleWebKit/535.7 (KHTML, like Gecko) Chrome/16.0.912.77 Safari/535.7"
192.51.157.22 - - [17/Nov/2017:14:14:25 +0000] "POST /search/?c=Music+Music HTTP/1.1" 200 119 "-" "Mozilla/5.0 (Windows NT 6.1; WOW64; rv:10.0.1) Gecko/20100101 Firefox/10.0.1"
192.126.144.136 - - [17/Nov/2017:14:14:30 +0000] "GET /category/electronics HTTP/1.1" 200 90 "-" "Mozilla/4.0 (compatible; MSIE 8.0; Windows NT 6.1; Trident/4.0; YTB730; SLCC2; .NET CLR 2.0.50727; .NET CLR 3.5.30729; .NET CLR 3.0.30729; Media Center PC 6.0; .NET4.0C)"
84.21.159.189 - - [17/Nov/2017:14:14:35 +0000] "GET /item/books/3336 HTTP/1.1" 200 88 "/search/?c=Books" "Mozilla/5.0 (Macintosh; Intel Mac OS X 10.6; rv:9.0.1) Gecko/20100101 Firefox/9.0.1"
192.51.157.22 - - [17/Nov/2017:14:14:40 +0000] "GET /item/electronics/3162 HTTP/1.1" 200 71 "/category/electronics" "Mozilla/5.0 (Windows NT 6.1; WOW64) AppleWebKit/535.11 (KHTML, like Gecko) Chrome/17.0.963.56 Safari/535.11"
148.81.169.77 - - [17/Nov/2017:14:14:45 +0000] "POST /search/?c=Cameras HTTP/1.1" 200 132 "/category/networking" "Mozilla/5.0 (Windows NT 6.1; WOW64) AppleWebKit/535.11 (KHTML, like Gecko) Chrome/17.0.963.56 Safari/535.11"
56.117.147.155 - - [17/Nov/2017:14:14:50 +0000] "GET /category/sports HTTP/1.1" 200 61 "-" "Mozilla/4.0 (compatible; MSIE 8.0; Windows NT 6.0; WOW64; Trident/4.0; GTB6; SLCC1; .NET CLR 2.0.50727; Media Center PC 5.0; .NET CLR 3.5.30729; .NET CLR 3.0.30618; .NET4.0C)"
200.114.202.134 - - [17/Nov/2017:14:14:55 +0000] "GET /category/software?from=10 HTTP/1.1" 200 54 "/category/office" "Mozilla/4.0 (compatible; MSIE 8.0; Windows NT 6.0; WOW64; Trident/4.0; GTB6; SLCC1; .NET CLR 2.0.50727; Media Center PC 5.0; .NET CLR 3.5.30729; .NET CLR 3.0.30618; .NET4.0C)"
28.201.26.192 - - [17/Nov/2017:14:15:00 +0000] "GET /category/electronics HTTP/1.1" 200 128 "/category/music?from=20" "Mozilla/5.0 (compatible; Googlebot/2.1; +http://www.google.com/bot.html)"
24.99.27.123 - - [17/Nov/2017:14:15:05 +0000] "GET /category/games HTTP/1.1" 200 98 "-" "Mozilla/4.0 (compatible; MSIE 8.0; Windows NT 5.1; Trident/4.0; BTRS122159; GTB7.2; .NET CLR 1.1.4322; .NET CLR 2.0.50727; .NET CLR 3.0.04506.30; .NET CLR 3.0.4506.2152; .NET CLR 3.5.30729; BRI/2)"
152.123.68.77 - - [17/Nov/2017:14:15:10 +0000] "GET /category/software HTTP/1.1" 200 104 "-" "Mozilla/5.0 (Windows NT 6.0; rv:10.0.1) Gecko/20100101 Firefox/10.0.1"
28.66.41.90 - - [17/Nov/2017:14:15:15 +0000] "GET /category/giftcards HTTP/1.1" 200 60 "/category/books?from=10" "Mozilla/5.0 (Windows NT 6.0; rv:10.0.1) Gecko/20100101 Firefox/10.0.1"
64.72.99.80 - - [17/Nov/2017:14:15:20 +0000] "GET /item/books/1440 HTTP/1.1" 200 108 "/search/?c=Toys" "Mozilla/5.0 (Windows NT 6.0; rv:10.0.1) Gecko/20100101 Firefox/10.0.1"
220.159.151.36 - - [17/Nov/2017:14:15:25 +0000] "GET /category/books HTTP/1.1" 200 126 "/category/giftcards" "Mozilla/5.0 (compatible; Googlebot/2.1; +http://www.google.com/bot.html)"
208.117.69.117 - - [17/Nov/2017:14:15:30 +0000] "GET /item/books/939 HTTP/1.1" 200 48 "-" "Mozilla/5.0 (compatible; MSIE 9.0; Windows NT 6.1; Trident/5.0)"
144.72.194.63 - - [17/Nov/2017:14:15:35 +0000] "GET /category/games HTTP/1.1" 200 44 "-" "Mozilla/5.0 (Windows NT 6.1; WOW64) AppleWebKit/535.7 (KHTML, like Gecko) Chrome/16.0.912.77 Safari/535.7"
72.120.175.129 - - [17/Nov/2017:14:15:40 +0000] "GET /item/cameras/3403 HTTP/1.1" 200 108 "/category/software" "Mozilla/5.0 (Windows NT 6.0) AppleWebKit/535.11 (KHTML, like Gecko) Chrome/17.0.963.56 Safari/535.11"
88.87.28.220 - - [17/Nov/2017:14:15:45 +0000] "GET /category/software HTTP/1.1" 200 105 "-" "Mozilla/5.0 (Windows NT 6.0; rv:10.0.1) Gecko/20100101 Firefox/10.0.1"
132.120.123.35 - - [17/Nov/2017:14:15:50 +0000] "GET /category/electronics HTTP/1.1" 200 128 "-" "Mozilla/5.0 (compatible; MSIE 9.0; Windows NT 6.1; WOW64; Trident/5.0)"
132.81.165.167 - - [17/Nov/2017:14:15:55 +0000] "GET /category/books HTTP/1.1" 200 49 "/category/giftcards" "Mozilla/5.0 (Windows NT 6.0; rv:10.0.1) Gecko/20100101 Firefox/10.0.1"
72.39.200.100 - - [17/Nov/2017:14:16:00 +0000] "GET /category/music HTTP/1.1" 200 138 "/item/giftcards/4231" "Mozilla/5.0 (Windows NT 6.0; rv:10.0.1) Gecko/20100101 Firefox/10.0.1"
208.180.52.36 - - [17/Nov/2017:14:16:05 +0000] "GET /item/garden/1634 HTTP/1.1" 200 43 "/item/health/4301" "Mozilla/5.0 (Windows NT 6.0; rv:10.0.1) Gecko/20100101 Firefox/10.0.1"
136.198.147.93 - - [17/Nov/2017:14:16:10 +0000] "GET /category/electronics HTTP/1.1" 200 65 "/category/computers" "Mozilla/5.0 (compatible; MSIE 9.0; Windows NT 6.1; WOW64; Trident/5.0)"
104.147.188.161 - - [17/Nov/2017:14:16:15 +0000] "POST /search/?c=Giftcards HTTP/1.1" 200 116 "/category/electronics" "Mozilla/5.0 (Windows NT 6.0; rv:10.0.1) Gecko/20100101 Firefox/10.0.1"
180.48.74.50 - - [17/Nov/2017:14:16:20 +0000] "GET /category/office?from=0 HTTP/1.1" 200 50 "-" "Mozilla/4.0 (compatible; MSIE 8.0; Windows NT 5.1; Trident/4.0; BTRS122159; GTB7.2; .NET CLR 1.1.4322; .NET CLR 2.0.50727; .NET CLR 3.0.04506.30; .NET CLR 3.0.4506.2152; .NET CLR 3.5.30729; BRI/2)"
188.138.65.208 - - [17/Nov/2017:14:16:25 +0000] "GET /category/software HTTP/1.1" 200 75 "/category/office" "Mozilla/5.0 (compatible; MSIE 9.0; Windows NT 6.1; Trident/5.0)"
168.108.43.22 - - [17/Nov/2017:14:16:30 +0000] "GET /category/electronics HTTP/1.1" 200 63 "/category/software" "Mozilla/5.0 (compatible; MSIE 9.0; Windows NT 6.1; Trident/5.0)"
60.90.187.169 - - [17/Nov/2017:14:16:35 +0000] "GET /item/electronics/1466 HTTP/1.1" 200 67 "http://www.google.com/search?ie=UTF-8&q=google&sclient=psy-ab&q=Electronics+Books&oq=Electronics+Books&aq=f&aqi=g-vL1&aql=&pbx=1&bav=on.2,or.r_gc.r_pw.r_qf.,cf.osb&biw=4476&bih=343" "Mozilla/5.0 (Macintosh; Intel Mac OS X 10.6; rv:9.0.1) Gecko/20100101 Firefox/9.0.1"
168.159.154.110 - - [17/Nov/2017:14:16:40 +0000] "GET /category/cameras HTTP/1.1" 200 77 "/item/software/3586" "Mozilla/4.0 (compatible; MSIE 8.0; Windows NT 6.1; WOW64; Trident/4.0; YTB730; GTB7.2; SLCC2; .NET CLR 2.0.50727; .NET CLR 3.5.30729; .NET CLR 3.0.30729; .NET4.0C; .NET4.0E; Media Center PC 6.0)"
164.27.150.182 - - [17/Nov/2017:14:16:45 +0000] "GET /category/computers HTTP/1.1" 200 114 "-" "Mozilla/5.0 (compatible; MSIE 9.0; Windows NT 6.1; WOW64; Trident/5.0)"
204.75.217.225 - - [17/Nov/2017:14:16:50 +0000] "GET /category/networking HTTP/1.1" 200 74 "-" "Mozilla/4.0 (compatible; MSIE 8.0; Windows NT 6.1; WOW64; Trident/4.0; YTB730; GTB7.2; EasyBits GO v1.0; SLCC2; .NET CLR 2.0.50727; .NET CLR 3.5.30729; .NET CLR 3.0.30729; Media Center PC 6.0; .NET4.0C)"
224.36.38.130 - - [17/Nov/2017:14:16:55 +0000] "GET /item/garden/2166 HTTP/1.1" 200 139 "/category/books" "Mozilla/5.0 (Windows NT 6.0) AppleWebKit/535.11 (KHTML, like Gecko) Chrome/17.0.963.56 Safari/535.11"
40.174.209.108 - - [17/Nov/2017:14:17:00 +0000] "GET /category/books HTTP/1.1" 200 73 "-" "Mozilla/4.0 (compatible; MSIE 8.0; Windows NT 6.1; WOW64; Trident/4.0; GTB7.2; SLCC2; .NET CLR 2.0.50727; .NET CLR 3.5.30729; .NET CLR 3.0.30729; Media Center PC 6.0; .NET4.0C)"
216.183.77.82 - - [17/Nov/2017:14:17:05 +0000] "GET /category/music HTTP/1.1" 200 121 "/category/office" "Mozilla/5.0 (Windows NT 6.0; rv:10.0.1) Gecko/20100101 Firefox/10.0.1"
32.213.174.79 - - [17/Nov/2017:14:17:10 +0000] "GET /category/electronics?from=10 HTTP/1.1" 200 88 "-" "Mozilla/4.0 (compatible; MSIE 8.0; Windows NT 6.1; WOW64; Trident/4.0; GTB7.2; SLCC2; .NET CLR 2.0.50727; .NET CLR 3.5.30729; .NET CLR 3.0.30729; Media Center PC 6.0; .NET4.0C)"
20.144.126.37 - - [17/Nov/2017:14:17:15 +0000] "POST /search/?c=Electronics+Books HTTP/1.1" 200 96 "-" "Mozilla/5.0 (Windows NT 6.1; WOW64) AppleWebKit/535.7 (KHTML, like Gecko) Chrome/16.0.912.77 Safari/535.7"
180.60.171.28 - - [17/Nov/2017:14:17:20 +0000] "GET /category/giftcards HTTP/1.1" 200 81 "/search/?c=Software+Software" "Mozilla/5.0 (compatible; Googlebot/2.1; +http://www.google.com/bot.html)"
84.201.48.127 - - [17/Nov/2017:14:17:25 +0000] "GET /item/electronics/2895 HTTP/1.1" 200 47 "-" "Mozilla/5.0 (compatible; MSIE 9.0; Windows NT 6.1; WOW64; Trident/5.0)"
220.102.98.97 - - [17/Nov/2017:14:17:30 +0000] "GET /category/toys HTTP/1.1" 200 126 "-" "Mozilla/5.0 (Macintosh; Intel Mac OS X 10.6; rv:9.0.1) Gecko/20100101 Firefox/9.0.1"
136.132.151.226 - - [17/Nov/2017:14:17:35 +0000] "GET /category/books?from=10 HTTP/1.1" 200 97 "-" "Mozilla/5.0 (compatible; MSIE 9.0; Windows NT 6.1; Trident/5.0)"
212.219.108.195 - - [17/Nov/2017:14:17:40 +0000] "GET /category/garden?from=0 HTTP/1.1" 200 90 "/category/games" "Mozilla/5.0 (Windows NT 6.1; WOW64; rv:10.0.1) Gecko/20100101 Firefox/10.0.1"
24.114.164.152 - - [17/Nov/2017:14:17:45 +0000] "GET /category/books HTTP/1.1" 200 57 "/category/software?from=10" "Mozilla/5.0 (Windows NT 5.1) AppleWebKit/535.11 (KHTML, like Gecko) Chrome/17.0.963.46 Safari/535.11"
84.36.65.60 - - [17/Nov/2017:14:17:50 +0000] "GET /category/garden HTTP/1.1" 200 41 "/category/software" "Mozilla/5.0 (compatible; Googlebot/2.1; +http://www.google.com/bot.html)"
184.60.35.189 - - [17/Nov/2017:14:17:55 +0000] "GET /item/books/515 HTTP/1.1" 200 124 "/item/electronics/3882" "Mozilla/5.0 (compatible; Googlebot/2.1; +http://www.google.com/bot.html)"
68.222.159.224 - - [17/Nov/2017:14:18:00 +0000] "GET /category/jewelry HTTP/1.1" 200 86 "-" "Mozilla/5.0 (Windows NT 6.1; WOW64; rv:10.0.1) Gecko/20100101 Firefox/10.0.1"
228.123.64.116 - - [17/Nov/2017:14:18:05 +0000] "GET /item/office/2904 HTTP/1.1" 200 59 "-" "Mozilla/5.0 (Windows NT 6.1; WOW64; rv:10.0.1) Gecko/20100101 Firefox/10.0.1"
180.183.221.119 - - [17/Nov/2017:14:18:10 +0000] "GET /category/giftcards HTTP/1.1" 200 126 "-" "Mozilla/5.0 (Macintosh; Intel Mac OS X 10.6; rv:9.0.1) Gecko/20100101 Firefox/9.0.1"
76.126.75.166 - - [17/Nov/2017:14:18:15 +0000] "POST /search/?c=Garden HTTP/1.1" 200 44 "/category/finance" "Mozilla/5.0 (Windows NT 6.1; WOW64) AppleWebKit/535.11 (KHTML, like Gecko) Chrome/17.0.963.56 Safari/535.11"
136.129.115.173 - - [17/Nov/2017:14:18:20 +0000] "GET /category/office HTTP/1.1" 200 72 "/search/?c=Finance" "Mozilla/5.0 (Windows NT 6.0; rv:10.0.1) Gecko/20100101 Firefox/10.0.1"
208.207.38.30 - - [17/Nov/2017:14:18:25 +0000] "POST /search/?c=Toys HTTP/1.1" 200 96 "-" "Mozilla/5.0 (Windows NT 6.0; rv:10.0.1) Gecko/20100101 Firefox/10.0.1"
112.69.33.49 - - [17/Nov/2017:14:18:30 +0000] "GET /category/electronics HTTP/1.1" 200 105 "http://www.google.com/search?ie=UTF-8&q=google&sclient=psy-ab&q=Electronics&oq=Electronics&aq=f&aqi=g-vL1&aql=&pbx=1&bav=on.2,or.r_gc.r_pw.r_qf.,cf.osb&biw=966&bih=221" "Mozilla/5.0 (Macintosh; Intel Mac OS X 10.6; rv:9.0.1) Gecko/20100101 Firefox/9.0.1"
140.57.182.120 - - [17/Nov/2017:14:18:35 +0000] "GET /category/health HTTP/1.1" 200 105 "-" "Mozilla/5.0 (Windows NT 6.0) AppleWebKit/535.11 (KHTML, like Gecko) Chrome/17.0.963.56 Safari/535.11"
192.213.30.56 - - [17/Nov/2017:14:18:40 +0000] "GET /category/electronics?from=20 HTTP/1.1" 200 88 "-" "Mozilla/5.0 (Windows NT 6.0; rv:10.0.1) Gecko/20100101 Firefox/10.0.1"
92.48.177.183 - - [17/Nov/2017:14:18:45 +0000] "GET /category/software HTTP/1.1" 200 68 "/category/books" "Mozilla/5.0 (compatible; MSIE 9.0; Windows NT 6.1; WOW64; Trident/5.0)"
136.132.151.226 - - [17/Nov/2017:14:18:50 +0000] "POST /search/?c=Software+Networking HTTP/1.1" 200 104 "-" "Mozilla/5.0 (iPad; CPU OS 5_0_1 like Mac OS X) AppleWebKit/534.46 (KHTML, like Gecko) Version/5.1 Mobile/9A405 Safari/7534.48.3"
224.69.88.152 - - [17/Nov/2017:14:18:55 +0000] "GET /item/books/4078 HTTP/1.1" 200 74 "/item/software/1531" "Mozilla/5.0 (Windows NT 6.0; rv:10.0.1) Gecko/20100101 Firefox/10.0.1"
168.159.154.110 - - [17/Nov/2017:14:19:00 +0000] "GET /item/computers/1943 HTTP/1.1" 200 77 "-" "Mozilla/5.0 (iPhone; CPU iPhone OS 5_0_1 like Mac OS X) AppleWebKit/534.46 (KHTML, like Gecko) Version/5.1 Mobile/9A405 Safari/7534.48.3"
72.123.67.110 - - [17/Nov/2017:14:19:05 +0000] "GET /category/books HTTP/1.1" 200 122 "-" "Mozilla/5.0 (compatible; MSIE 9.0; Windows NT 6.1; Trident/5.0)"
36.219.202.185 - - [17/Nov/2017:14:19:10 +0000] "GET /category/electronics HTTP/1.1" 200 78 "-" "Mozilla/4.0 (compatible; MSIE 8.0; Windows NT 6.1; WOW64; Trident/4.0; GTB7.2; SLCC2; .NET CLR 2.0.50727; .NET CLR 3.5.30729; .NET CLR 3.0.30729; Media Center PC 6.0; .NET4.0C)"
56.189.95.197 - - [17/Nov/2017:14:19:15 +0000] "GET /category/software HTTP/1.1" 200 129 "-" "Mozilla/5.0 (Macintosh; Intel Mac OS X 10.6; rv:9.0.1) Gecko/20100101 Firefox/9.0.1"
132.111.91.221 - - [17/Nov/2017:14:19:20 +0000] "GET /category/software HTTP/1.1" 200 50 "-" "Mozilla/5.0 (Windows NT 6.0; rv:10.0.1) Gecko/20100101 Firefox/10.0.1"
152.150.118.201 - - [17/Nov/2017:14:19:25 +0000] "GET /category/sports HTTP/1.1" 200 137 "/item/cameras/2541" "Mozilla/5.0 (Windows NT 6.1; WOW64; rv:10.0.1) Gecko/20100101 Firefox/10.0.1"
56.24.223.76 - - [17/Nov/2017:14:19:30 +0000] "GET /item/electronics/3042 HTTP/1.1" 200 45 "http://www.google.com/search?ie=UTF-8&q=google&sclient=psy-ab&q=Electronics&oq=Electronics&aq=f&aqi=g-vL1&aql=&pbx=1&bav=on.2,or.r_gc.r_pw.r_qf.,cf.osb&biw=431&bih=341" "Mozilla/4.0 (compatible; MSIE 8.0; Windows NT 6.1; WOW64; Trident/4.0; YTB730; GTB7.2; EasyBits GO v1.0; SLCC2; .NET CLR 2.0.50727; .NET CLR 3.5.30729; .NET CLR 3.0.30729; Media Center PC 6.0; .NET4.0C)"
168.69.212.143 - - [17/Nov/2017:14:19:35 +0000] "GET /category/music HTTP/1.1" 200 56 "/item/electronics/1095" "Mozilla/4.0 (compatible; MSIE 8.0; Windows NT 6.1; WOW64; Trident/4.0; YTB730; GTB7.2; SLCC2; .NET CLR 2.0.50727; .NET CLR 3.5.30729; .NET CLR 3.0.30729; .NET4.0C; .NET4.0E; Media Center PC 6.0)"
28.111.188.194 - - [17/Nov/2017:14:19:40 +0000] "GET /item/music/1695 HTTP/1.1" 200 97 "/search/?c=Music+Electronics" "Mozilla/5.0 (Windows NT 6.0; rv:10.0.1) Gecko/20100101 Firefox/10.0.1"
176.108.47.217 - - [17/Nov/2017:14:19:45 +0000] "GET /category/jewelry HTTP/1.1" 200 137 "/category/electronics" "Mozilla/5.0 (Windows NT 5.1) AppleWebKit/535.11 (KHTML, like Gecko) Chrome/17.0.963.46 Safari/535.11"
104.225.169.202 - - [17/Nov/2017:14:19:50 +0000] "POST /search/?c=Electronics+Electronics HTTP/1.1" 200 69 "-" "Mozilla/5.0 (Windows NT 6.0) AppleWebKit/535.11 (KHTML, like Gecko) Chrome/17.0.963.56 Safari/535.11"
48.105.77.215 - - [17/Nov/2017:14:19:55 +0000] "GET /item/software/4657 HTTP/1.1" 200 136 "/item/books/3588" "Mozilla/5.0 (Windows NT 6.0; rv:10.0.1) Gecko/20100101 Firefox/10.0.1"
152.78.91.213 - - [17/Nov/2017:14:20:00 +0000] "GET /category/music HTTP/1.1" 200 51 "-" "Mozilla/5.0 (iPhone; CPU iPhone OS 5_0_1 like Mac OS X) AppleWebKit/534.46 (KHTML, like Gecko) Version/5.1 Mobile/9A405 Safari/7534.48.3"
100.42.49.57 - - [17/Nov/2017:14:20:05 +0000] "GET /category/games HTTP/1.1" 200 71 "-" "Mozilla/4.0 (compatible; MSIE 8.0; Windows NT 6.1; WOW64; Trident/4.0; GTB7.2; SLCC2; .NET CLR 2.0.50727; .NET CLR 3.5.30729; .NET CLR 3.0.30729; Media Center PC 6.0; .NET4.0C)"
84.192.102.111 - - [17/Nov/2017:14:20:10 +0000] "GET /category/electronics HTTP/1.1" 200 46 "-" "Mozilla/5.0 (compatible; MSIE 9.0; Windows NT 6.1; Trident/5.0)"
60.126.127.74 - - [17/Nov/2017:14:20:15 +0000] "GET /category/health HTTP/1.1" 200 100 "/category/cameras" "Mozilla/5.0 (Windows NT 6.1; WOW64) AppleWebKit/535.11 (KHTML, like Gecko) Chrome/17.0.963.56 Safari/535.11"
180.153.208.26 - - [17/Nov/2017:14:20:20 +0000] "GET /category/sports HTTP/1.1" 200 48 "-" "Mozilla/4.0 (compatible; MSIE 8.0; Windows NT 6.1; WOW64; Trident/4.0; YTB730; GTB7.2; EasyBits GO v1.0; SLCC2; .NET CLR 2.0.50727; .NET CLR 3.5.30729; .NET CLR 3.0.30729; Media Center PC 6.0; .NET4.0C)"
172.165.188.104 - - [17/Nov/2017:14:20:25 +0000] "GET /category/cameras HTTP/1.1" 200 69 "-" "Mozilla/5.0 (Macintosh; Intel Mac OS X 10.6; rv:9.0.1) Gecko/20100101 Firefox/9.0.1"
88.102.169.148 - - [17/Nov/2017:14:20:30 +0000] "GET /item/electronics/3410 HTTP/1.1" 200 123 "/category/music?from=20" "Mozilla/5.0 (Windows NT 5.1) AppleWebKit/535.11 (KHTML, like Gecko) Chrome/17.0.963.46 Safari/535.11"
96.75.214.176 - - [17/Nov/2017:14:20:35 +0000] "GET /item/cameras/2822 HTTP/1.1" 200 131 "/category/software" "Mozilla/5.0 (Windows NT 5.1) AppleWebKit/535.11 (KHTML, like Gecko) Chrome/17.0.963.46 Safari/535.11"
40.36.176.35 - - [17/Nov/2017:14:20:40 +0000] "GET /item/computers/3996 HTTP/1.1" 200 70 "/category/software?from=20" "Mozilla/5.0 (Macintosh; Intel Mac OS X 10.6; rv:9.0.1) Gecko/20100101 Firefox/9.0.1"
212.186.212.20 - - [17/Nov/2017:14:20:45 +0000] "GET /category/software HTTP/1.1" 200 123 "/category/games" "Mozilla/5.0 (Windows NT 5.1) AppleWebKit/535.11 (KHTML, like Gecko) Chrome/17.0.963.46 Safari/535.11"
216.81.116.200 - - [17/Nov/2017:14:20:50 +0000] "GET /item/electronics/861 HTTP/1.1" 200 85 "/category/toys" "Mozilla/4.0 (compatible; MSIE 8.0; Windows NT 6.1; WOW64; Trident/4.0; GTB7.2; SLCC2; .NET CLR 2.0.50727; .NET CLR 3.5.30729; .NET CLR 3.0.30729; Media Center PC 6.0; .NET4.0C)"
60.123.150.225 - - [17/Nov/2017:14:20:55 +0000] "GET /category/software HTTP/1.1" 200 84 "/category/books" "Mozilla/4.0 (compatible; MSIE 8.0; Windows NT 5.1; Trident/4.0; BTRS122159; GTB7.2; .NET CLR 1.1.4322; .NET CLR 2.0.50727; .NET CLR 3.0.04506.30; .NET CLR 3.0.4506.2152; .NET CLR 3.5.30729; BRI/2)"
132.183.166.198 - - [17/Nov/2017:14:21:00 +0000] "POST /search/?c=Music+Giftcards HTTP/1.1" 200 113 "-" "Mozilla/5.0 (Macintosh; Intel Mac OS X 10.6; rv:9.0.1) Gecko/20100101 Firefox/9.0.1"
220.57.136.83 - - [17/Nov/2017:14:21:05 +0000] "GET /item/games/2694 HTTP/1.1" 200 90 "-" "Mozilla/4.0 (compatible; MSIE 8.0; Windows NT 6.1; WOW64; Trident/4.0; YTB730; GTB7.2; SLCC2; .NET CLR 2.0.50727; .NET CLR 3.5.30729; .NET CLR 3.0.30729; .NET4.0C; .NET4.0E; Media Center PC 6.0)"
156.177.136.57 - - [17/Nov/2017:14:21:10 +0000] "POST /search/?c=Computers+Electronics HTTP/1.1" 200 136 "/category/sports" "Mozilla/5.0 (Macintosh; Intel Mac OS X 10.6; rv:9.0.1) Gecko/20100101 Firefox/9.0.1"
88.126.130.26 - - [17/Nov/2017:14:21:15 +0000] "GET /category/software HTTP/1.1" 200 40 "-" "Mozilla/4.0 (compatible; MSIE 8.0; Windows NT 6.1; Trident/4.0; YTB730; SLCC2; .NET CLR 2.0.50727; .NET CLR 3.5.30729; .NET CLR 3.0.30729; Media Center PC 6.0; .NET4.0C)"
156.90.180.107 - - [17/Nov/2017:14:21:20 +0000] "GET /category/electronics HTTP/1.1" 200 108 "-" "Mozilla/5.0 (Windows NT 5.1) AppleWebKit/535.11 (KHTML, like Gecko) Chrome/17.0.963.46 Safari/535.11"
188.213.129.190 - - [17/Nov/2017:14:21:25 +0000] "GET /category/software?from=0 HTTP/1.1" 200 77 "/category/jewelry" "Mozilla/4.0 (compatible; MSIE 8.0; Windows NT 6.1; WOW64; Trident/4.0; GTB7.2; SLCC2; .NET CLR 2.0.50727; .NET CLR 3.5.30729; .NET CLR 3.0.30729; Media Center PC 6.0; .NET4.0C)"
212.222.165.164 - - [17/Nov/2017:14:21:30 +0000] "GET /item/software/2699 HTTP/1.1" 200 50 "/item/garden/1634" "Mozilla/5.0 (Macintosh; Intel Mac OS X 10.6; rv:9.0.1) Gecko/20100101 Firefox/9.0.1"
64.156.78.228 - - [17/Nov/2017:14:21:35 +0000] "POST /search/?c=Toys+Games HTTP/1.1" 200 92 "-" "Mozilla/4.0 (compatible; MSIE 8.0; Windows NT 5.1; Trident/4.0; YTB720; GTB7.2; .NET CLR 1.1.4322; .NET CLR 2.0.50727; .NET CLR 3.0.4506.2152; .NET CLR 3.5.30729)"
144.132.101.155 - - [17/Nov/2017:14:21:40 +0000] "GET /category/games HTTP/1.1" 200 104 "-" "Mozilla/5.0 (compatible; MSIE 9.0; Windows NT 6.1; WOW64; Trident/5.0)"
172.219.78.39 - - [17/Nov/2017:14:21:45 +0000] "GET /item/electronics/2451 HTTP/1.1" 200 108 "/category/electronics" "Mozilla/5.0 (compatible; Googlebot/2.1; +http://www.google.com/bot.html)"
36.126.180.91 - - [17/Nov/2017:14:21:50 +0000] "GET /category/games HTTP/1.1" 200 66 "/category/health" "Mozilla/5.0 (Windows NT 6.0; rv:10.0.1) Gecko/20100101 Firefox/10.0.1"
40.63.61.211 - - [17/Nov/2017:14:21:55 +0000] "GET /item/games/1021 HTTP/1.1" 200 124 "-" "Mozilla/5.0 (iPhone; CPU iPhone OS 5_0_1 like Mac OS X) AppleWebKit/534.46 (KHTML, like Gecko) Version/5.1 Mobile/9A405 Safari/7534.48.3"
212.213.59.205 - - [17/Nov/2017:14:22:00 +0000] "GET /category/books HTTP/1.1" 200 99 "-" "Mozilla/5.0 (Windows NT 6.1; WOW64) AppleWebKit/535.11 (KHTML, like Gecko) Chrome/17.0.963.56 Safari/535.11"
220.72.103.132 - - [17/Nov/2017:14:22:05 +0000] "GET /item/software/1323 HTTP/1.1" 200 74 "/item/networking/3236" "Mozilla/5.0 (Windows NT 6.0; rv:10.0.1) Gecko/20100101 Firefox/10.0.1"
140.33.212.195 - - [17/Nov/2017:14:22:10 +0000] "GET /item/computers/4801 HTTP/1.1" 200 128 "/item/finance/4688" "Mozilla/5.0 (Windows NT 6.0; rv:10.0.1) Gecko/20100101 Firefox/10.0.1"
148.90.219.96 - - [17/Nov/2017:14:22:15 +0000] "GET /item/books/3757 HTTP/1.1" 200 115 "-" "Mozilla/5.0 (Windows NT 6.0; rv:10.0.1) Gecko/20100101 Firefox/10.0.1"
32.222.29.160 - - [17/Nov/2017:14:22:20 +0000] "GET /category/electronics HTTP/1.1" 200 58 "-" "Mozilla/5.0 (Windows NT 6.1; WOW64) AppleWebKit/535.7 (KHTML, like Gecko) Chrome/16.0.912.77 Safari/535.7"
196.216.154.206 - - [17/Nov/2017:14:22:25 +0000] "GET /item/software/530 HTTP/1.1" 200 126 "/category/software" "Mozilla/5.0 (Windows NT 6.1; WOW64) AppleWebKit/535.7 (KHTML, like Gecko) Chrome/16.0.912.77 Safari/535.7"
72.111.113.84 - - [17/Nov/2017:14:22:30 +0000] "GET /category/software HTTP/1.1" 200 71 "/item/books/1785" "Mozilla/5.0 (Macintosh; Intel Mac OS X 10.6; rv:9.0.1) Gecko/20100101 Firefox/9.0.1"
196.162.93.51 - - [17/Nov/2017:14:22:35 +0000] "GET /item/music/2048 HTTP/1.1" 200 56 "/search/?c=Music+Office" "Mozilla/5.0 (Windows NT 5.1) AppleWebKit/535.11 (KHTML, like Gecko) Chrome/17.0.963.46 Safari/535.11"
164.120.163.97 - - [17/Nov/2017:14:22:40 +0000] "GET /category/electronics HTTP/1.1" 200 139 "/item/software/1950" "Mozilla/5.0 (Windows NT 5.1) AppleWebKit/535.11 (KHTML, like Gecko) Chrome/17.0.963.46 Safari/535.11"
176.63.34.227 - - [17/Nov/2017:14:22:45 +0000] "GET /category/books HTTP/1.1" 200 101 "/item/electronics/1466" "Mozilla/5.0 (Windows NT 6.1; WOW64) AppleWebKit/535.11 (KHTML, like Gecko) Chrome/17.0.963.56 Safari/535.11"
88.51.112.169 - - [17/Nov/2017:14:22:50 +0000] "GET /category/games HTTP/1.1" 200 114 "-" "Mozilla/5.0 (Windows NT 6.0; rv:10.0.1) Gecko/20100101 Firefox/10.0.1"
196.96.50.86 - - [17/Nov/2017:14:22:55 +0000] "GET /item/finance/2549 HTTP/1.1" 200 114 "/search/?c=Cameras+Books" "Mozilla/5.0 (compatible; MSIE 9.0; Windows NT 6.1; WOW64; Trident/5.0)"
160.222.46.45 - - [17/Nov/2017:14:23:00 +0000] "GET /category/games HTTP/1.1" 200 101 "/item/software/880" "Mozilla/5.0 (compatible; MSIE 9.0; Windows NT 6.1; WOW64; Trident/5.0)"
184.210.167.77 - - [17/Nov/2017:14:23:05 +0000] "GET /item/office/4792 HTTP/1.1" 200 56 "/category/office" "Mozilla/5.0 (Windows NT 6.0; rv:10.0.1) Gecko/20100101 Firefox/10.0.1"
128.36.120.25 - - [17/Nov/2017:14:23:10 +0000] "GET /category/books HTTP/1.1" 200 51 "/category/electronics?from=20" "Mozilla/5.0 (Windows NT 6.1; WOW64; rv:10.0.1) Gecko/20100101 Firefox/10.0.1"
80.57.31.216 - - [17/Nov/2017:14:23:15 +0000] "GET /category/cameras HTTP/1.1" 200 127 "/category/software" "Mozilla/5.0 (Windows NT 6.1; WOW64) AppleWebKit/535.11 (KHTML, like Gecko) Chrome/17.0.963.56 Safari/535.11"
184.93.57.135 - - [17/Nov/2017:14:23:20 +0000] "GET /item/electronics/1079 HTTP/1.1" 200 83 "http://www.google.com/search?ie=UTF-8&q=google&sclient=psy-ab&q=Electronics&oq=Electronics&aq=f&aqi=g-vL1&aql=&pbx=1&bav=on.2,or.r_gc.r_pw.r_qf.,cf.osb&biw=1652&bih=104" "Mozilla/5.0 (Macintosh; Intel Mac OS X 10.6; rv:9.0.1) Gecko/20100101 Firefox/9.0.1"
104.210.132.59 - - [17/Nov/2017:14:23:25 +0000] "GET /category/games HTTP/1.1" 200 47 "/category/games?from=20" "Mozilla/5.0 (compatible; Googlebot/2.1; +http://www.google.com/bot.html)"
60.54.78.101 - - [17/Nov/2017:14:23:30 +0000] "GET /category/computers HTTP/1.1" 200 131 "-" "Mozilla/5.0 (Windows NT 6.1; WOW64) AppleWebKit/535.7 (KHTML, like Gecko) Chrome/16.0.912.77 Safari/535.7"
168.216.60.85 - - [17/Nov/2017:14:23:35 +0000] "GET /category/giftcards HTTP/1.1" 200 120 "/item/computers/4448" "Mozilla/4.0 (compatible; MSIE 8.0; Windows NT 6.1; WOW64; Trident/4.0; YTB730; GTB7.2; EasyBits GO v1.0; SLCC2; .NET CLR 2.0.50727; .NET CLR 3.5.30729; .NET CLR 3.0.30729; Media Center PC 6.0; .NET4.0C)"
208.84.85.126 - - [17/Nov/2017:14:23:40 +0000] "GET /item/computers/770 HTTP/1.1" 200 105 "/category/books" "Mozilla/5.0 (Macintosh; Intel Mac OS X 10.6; rv:9.0.1) Gecko/20100101 Firefox/9.0.1"
180.201.91.218 - - [17/Nov/2017:14:23:45 +0000] "GET /category/electronics HTTP/1.1" 200 80 "-" "Mozilla/4.0 (compatible; MSIE 8.0; Windows NT 6.1; WOW64; Trident/4.0; YTB730; GTB7.2; EasyBits GO v1.0; SLCC2; .NET CLR 2.0.50727; .NET CLR 3.5.30729; .NET CLR 3.0.30729; Media Center PC 6.0; .NET4.0C)"
116.225.31.103 - - [17/Nov/2017:14:23:50 +0000] "GET /item/computers/4182 HTTP/1.1" 200 50 "/category/books" "Mozilla/5.0 (Macintosh; Intel Mac OS X 10.6; rv:9.0.1) Gecko/20100101 Firefox/9.0.1"
24.216.171.77 - - [17/Nov/2017:14:23:55 +0000] "GET /category/books HTTP/1.1" 200 55 "-" "Mozilla/5.0 (Macintosh; Intel Mac OS X 10.6; rv:9.0.1) Gecko/20100101 Firefox/9.0.1"
200.39.205.215 - - [17/Nov/2017:14:24:00 +0000] "POST /search/?c=Software+Computers HTTP/1.1" 200 93 "/item/garden/4052" "Mozilla/4.0 (compatible; MSIE 8.0; Windows NT 6.0; WOW64; Trident/4.0; GTB6; SLCC1; .NET CLR 2.0.50727; Media Center PC 5.0; .NET CLR 3.5.30729; .NET CLR 3.0.30618; .NET4.0C)"
60.123.32.130 - - [17/Nov/2017:14:24:05 +0000] "GET /category/finance HTTP/1.1" 200 124 "-" "Mozilla/5.0 (Windows NT 6.0; rv:10.0.1) Gecko/20100101 Firefox/10.0.1"
32.156.124.60 - - [17/Nov/2017:14:24:10 +0000] "GET /item/electronics/4416 HTTP/1.1" 200 94 "http://www.google.com/search?ie=UTF-8&q=google&sclient=psy-ab&q=Electronics+Garden&oq=Electronics+Garden&aq=f&aqi=g-vL1&aql=&pbx=1&bav=on.2,or.r_gc.r_pw.r_qf.,cf.osb&biw=1959&bih=23" "Mozilla/5.0 (Windows NT 6.1; WOW64; rv:10.0.1) Gecko/20100101 Firefox/10.0.1"
200.225.111.124 - - [17/Nov/2017:14:24:15 +0000] "GET /category/garden HTTP/1.1" 200 122 "-" "Mozilla/5.0 (Windows NT 6.1; WOW64; rv:10.0.1) Gecko/20100101 Firefox/10.0.1"
144.129.150.26 - - [17/Nov/2017:14:24:20 +0000] "GET /category/cameras HTTP/1.1" 200 53 "/category/office" "Mozilla/4.0 (compatible; MSIE 8.0; Windows NT 6.1; WOW64; Trident/4.0; YTB730; GTB7.2; SLCC2; .NET CLR 2.0.50727; .NET CLR 3.5.30729; .NET CLR 3.0.30729; .NET4.0C; .NET4.0E; Media Center PC 6.0)"
120.93.127.152 - - [17/Nov/2017:14:24:25 +0000] "GET /item/electronics/367 HTTP/1.1" 200 79 "/category/electronics" "Mozilla/5.0 (iPad; CPU OS 5_0_1 like Mac OS X) AppleWebKit/534.46 (KHTML, like Gecko) Version/5.1 Mobile/9A405 Safari/7534.48.3"
228.54.175.57 - - [17/Nov/2017:14:24:30 +0000] "GET /item/electronics/1206 HTTP/1.1" 200 136 "-" "Mozilla/5.0 (Windows NT 6.1; WOW64; rv:10.0.1) Gecko/20100101 Firefox/10.0.1"
76.123.219.106 - - [17/Nov/2017:14:24:35 +0000] "GET /category/books HTTP/1.1" 200 68 "/category/computers" "Mozilla/5.0 (compatible; MSIE 9.0; Windows NT 6.1; WOW64; Trident/5.0)"
144.105.154.81 - - [17/Nov/2017:14:24:40 +0000] "GET /category/books HTTP/1.1" 200 106 "-" "Mozilla/5.0 (Windows NT 6.1; WOW64) AppleWebKit/535.11 (KHTML, like Gecko) Chrome/17.0.963.56 Safari/535.11"
68.78.152.172 - - [17/Nov/2017:14:24:45 +0000] "GET /category/office HTTP/1.1" 200 135 "-" "Mozilla/5.0 (compatible; MSIE 9.0; Windows NT 6.1; Trident/5.0)"
196.36.158.223 - - [17/Nov/2017:14:24:50 +0000] "GET /category/books HTTP/1.1" 200 131 "-" "Mozilla/4.0 (compatible; MSIE 8.0; Windows NT 5.1; Trident/4.0; YTB720; GTB7.2; .NET CLR 1.1.4322; .NET CLR 2.0.50727; .NET CLR 3.0.4506.2152; .NET CLR 3.5.30729)"
212.189.191.81 - - [17/Nov/2017:14:24:55 +0000] "GET /item/electronics/3377 HTTP/1.1" 200 125 "/search/?c=Electronics+Garden" "Mozilla/5.0 (Macintosh; Intel Mac OS X 10.6; rv:9.0.1) Gecko/20100101 Firefox/9.0.1"
112.66.219.85 - - [17/Nov/2017:14:25:00 +0000] "GET /item/games/1456 HTTP/1.1" 200 111 "/category/games" "Mozilla/5.0 (compatible; Googlebot/2.1; +http://www.google.com/bot.html)"
76.177.95.159 - - [17/Nov/2017:14:25:05 +0000] "GET /item/electronics/3983 HTTP/1.1" 200 47 "/search/?c=Electronics" "Mozilla/5.0 (iPhone; CPU iPhone OS 5_0_1 like Mac OS X) AppleWebKit/534.46 (KHTML, like Gecko) Version/5.1 Mobile/9A405 Safari/7534.48.3"
148.57.150.184 - - [17/Nov/2017:14:25:10 +0000] "GET /category/software HTTP/1.1" 200 131 "-" "Mozilla/5.0 (Windows NT 6.1; WOW64) AppleWebKit/535.7 (KHTML, like Gecko) Chrome/16.0.912.77 Safari/535.7"
196.186.196.93 - - [17/Nov/2017:14:25:15 +0000] "GET /category/electronics HTTP/1.1" 200 91 "/category/networking" "Mozilla/4.0 (compatible; MSIE 8.0; Windows NT 6.1; Trident/4.0; YTB730; SLCC2; .NET CLR 2.0.50727; .NET CLR 3.5.30729; .NET CLR 3.0.30729; Media Center PC 6.0; .NET4.0C)"
212.204.212.109 - - [17/Nov/2017:14:25:20 +0000] "POST /search/?c=Software+Garden HTTP/1.1" 200 98 "/category/electronics" "Mozilla/5.0 (Macintosh; Intel Mac OS X 10.6; rv:9.0.1) Gecko/20100101 Firefox/9.0.1"
132.102.43.57 - - [17/Nov/2017:14:25:25 +0000] "GET /item/games/1490 HTTP/1.1" 200 47 "-" "Mozilla/4.0 (compatible; MSIE 8.0; Windows NT 6.1; Trident/4.0; YTB730; SLCC2; .NET CLR 2.0.50727; .NET CLR 3.5.30729; .NET CLR 3.0.30729; Media Center PC 6.0; .NET4.0C)"
24.156.128.139 - - [17/Nov/2017:14:25:30 +0000] "GET /item/electronics/3529 HTTP/1.1" 404 122 "-" "Mozilla/5.0 (Windows NT 6.1; WOW64; rv:10.0.1) Gecko/20100101 Firefox/10.0.1"
68.195.70.77 - - [17/Nov/2017:14:25:35 +0000] "GET /category/software HTTP/1.1" 200 41 "/search/?c=Games" "Mozilla/5.0 (Windows NT 6.0) AppleWebKit/535.11 (KHTML, like Gecko) Chrome/17.0.963.56 Safari/535.11"
196.144.108.166 - - [17/Nov/2017:14:25:40 +0000] "POST /search/?c=Electronics+Sports HTTP/1.1" 200 139 "-" "Mozilla/4.0 (compatible; MSIE 8.0; Windows NT 6.1; WOW64; Trident/4.0; YTB730; GTB7.2; EasyBits GO v1.0; SLCC2; .NET CLR 2.0.50727; .NET CLR 3.5.30729; .NET CLR 3.0.30729; Media Center PC 6.0; .NET4.0C)"
224.210.57.35 - - [17/Nov/2017:14:25:45 +0000] "GET /item/software/2699 HTTP/1.1" 200 50 "-" "Mozilla/5.0 (compatible; MSIE 9.0; Windows NT 6.1; Trident/5.0)"
80.174.167.30 - - [17/Nov/2017:14:25:50 +0000] "GET /category/electronics HTTP/1.1" 200 86 "/category/electronics" "Mozilla/5.0 (Windows NT 6.0; rv:10.0.1) Gecko/20100101 Firefox/10.0.1"
180.225.135.58 - - [17/Nov/2017:14:25:55 +0000] "GET /item/jewelry/2821 HTTP/1.1" 200 68 "-" "Mozilla/5.0 (Windows NT 6.1; WOW64) AppleWebKit/535.11 (KHTML, like Gecko) Chrome/17.0.963.56 Safari/535.11"
188.69.32.39 - - [17/Nov/2017:14:26:00 +0000] "GET /category/networking HTTP/1.1" 200 83 "/item/software/1625" "Mozilla/5.0 (Windows NT 5.1) AppleWebKit/535.11 (KHTML, like Gecko) Chrome/17.0.963.46 Safari/535.11"
168.39.135.79 - - [17/Nov/2017:14:26:05 +0000] "POST /search/?c=Books HTTP/1.1" 200 114 "/category/music" "Mozilla/5.0 (compatible; MSIE 9.0; Windows NT 6.1; Trident/5.0)"
176.93.138.138 - - [17/Nov/2017:14:26:10 +0000] "GET /category/software HTTP/1.1" 200 66 "/category/office" "Mozilla/5.0 (Windows NT 6.1; WOW64) AppleWebKit/535.7 (KHTML, like Gecko) Chrome/16.0.912.77 Safari/535.7"
144.213.38.93 - - [17/Nov/2017:14:26:15 +0000] "GET /category/software HTTP/1.1" 200 109 "-" "Mozilla/5.0 (Windows NT 6.1; WOW64) AppleWebKit/535.11 (KHTML, like Gecko) Chrome/17.0.963.56 Safari/535.11"
116.210.150.60 - - [17/Nov/2017:14:26:20 +0000] "GET /category/electronics HTTP/1.1" 200 117 "/search/?c=Networking" "Mozilla/5.0 (Windows NT 6.0) AppleWebKit/535.11 (KHTML, like Gecko) Chrome/17.0.963.56 Safari/535.11"
184.135.39.104 - - [17/Nov/2017:14:26:25 +0000] "GET /category/health HTTP/1.1" 200 105 "/category/books" "Mozilla/4.0 (compatible; MSIE 8.0; Windows NT 6.1; WOW64; Trident/4.0; YTB730; GTB7.2; SLCC2; .NET CLR 2.0.50727; .NET CLR 3.5.30729; .NET CLR 3.0.30729; .NET4.0C; .NET4.0E; Media Center PC 6.0)"
84.108.138.186 - - [17/Nov/2017:14:26:30 +0000] "GET /category/electronics HTTP/1.1" 200 96 "-" "Mozilla/5.0 (Windows NT 6.0; rv:10.0.1) Gecko/20100101 Firefox/10.0.1"
152.63.117.36 - - [17/Nov/2017:14:26:35 +0000] "GET /category/toys HTTP/1.1" 200 128 "/category/sports" "Mozilla/5.0 (Windows NT 6.1; WOW64) AppleWebKit/535.11 (KHTML, like Gecko) Chrome/17.0.963.56 Safari/535.11"
48.222.150.132 - - [17/Nov/2017:14:26:40 +0000] "GET /category/software?from=0 HTTP/1.1" 200 64 "/category/books" "Mozilla/5.0 (compatible; MSIE 9.0; Windows NT 6.1; WOW64; Trident/5.0)"
212.171.62.26 - - [17/Nov/2017:14:26:45 +0000] "GET /category/garden HTTP/1.1" 200 87 "-" "Mozilla/5.0 (compatible; MSIE 9.0; Windows NT 6.1; Trident/5.0)"
48.39.50.112 - - [17/Nov/2017:14:26:50 +0000] "GET /category/electronics HTTP/1.1" 200 61 "-" "Mozilla/5.0 (compatible; MSIE 9.0; Windows NT 6.1; Trident/5.0)"
148.213.116.158 - - [17/Nov/2017:14:26:55 +0000] "POST /search/?c=Toys HTTP/1.1" 200 96 "-" "Mozilla/5.0 (iPhone; CPU iPhone OS 5_0_1 like Mac OS X) AppleWebKit/534.46 (KHTML, like Gecko) Version/5.1 Mobile/9A405 Safari/7534.48.3"
56.36.38.124 - - [17/Nov/2017:14:27:00 +0000] "POST /search/?c=Giftcards HTTP/1.1" 200 116 "-" "Mozilla/5.0 (compatible; MSIE 9.0; Windows NT 6.1; Trident/5.0)"
36.126.180.91 - - [17/Nov/2017:14:27:05 +0000] "GET /item/electronics/1433 HTTP/1.1" 200 107 "/item/software/3961" "Mozilla/5.0 (Windows NT 6.0; rv:10.0.1) Gecko/20100101 Firefox/10.0.1"
84.216.40.211 - - [17/Nov/2017:14:27:10 +0000] "GET /item/games/526 HTTP/1.1" 200 104 "/item/finance/3226" "Mozilla/5.0 (Windows NT 6.1; WOW64) AppleWebKit/535.7 (KHTML, like Gecko) Chrome/16.0.912.77 Safari/535.7"
72.138.197.227 - - [17/Nov/2017:14:27:15 +0000] "GET /category/software HTTP/1.1" 200 50 "/category/networking" "Mozilla/4.0 (compatible; MSIE 8.0; Windows NT 5.1; Trident/4.0; YTB720; GTB7.2; .NET CLR 1.1.4322; .NET CLR 2.0.50727; .NET CLR 3.0.4506.2152; .NET CLR 3.5.30729)"
148.66.143.65 - - [17/Nov/2017:14:27:20 +0000] "GET /category/health?from=10 HTTP/1.1" 200 124 "-" "Mozilla/5.0 (compatible; Googlebot/2.1; +http://www.google.com/bot.html)"
136.21.168.104 - - [17/Nov/2017:14:27:25 +0000] "POST /search/?c=Electronics+Sports HTTP/1.1" 200 139 "-" "Mozilla/4.0 (compatible; MSIE 8.0; Windows NT 6.1; Trident/4.0; YTB730; SLCC2; .NET CLR 2.0.50727; .NET CLR 3.5.30729; .NET CLR 3.0.30729; Media Center PC 6.0; .NET4.0C)"
40.39.105.229 - - [17/Nov/2017:14:27:30 +0000] "POST /search/?c=Toys+Toys HTTP/1.1" 200 69 "-" "Mozilla/5.0 (Macintosh; Intel Mac OS X 10.6; rv:9.0.1) Gecko/20100101 Firefox/9.0.1"
40.39.105.229 - - [17/Nov/2017:14:27:35 +0000] "GET /category/computers?from=0 HTTP/1.1" 200 85 "/item/electronics/287" "Mozilla/4.0 (compatible; MSIE 8.0; Windows NT 6.0; WOW64; Trident/4.0; GTB6; SLCC1; .NET CLR 2.0.50727; Media Center PC 5.0; .NET CLR 3.5.30729; .NET CLR 3.0.30618; .NET4.0C)"
156.189.180.223 - - [17/Nov/2017:14:27:40 +0000] "GET /item/health/4533 HTTP/1.1" 200 55 "/item/networking/322" "Mozilla/5.0 (Windows NT 6.0) AppleWebKit/535.11 (KHTML, like Gecko) Chrome/17.0.963.56 Safari/535.11"
52.219.45.68 - - [17/Nov/2017:14:27:45 +0000] "GET /category/finance HTTP/1.1" 200 68 "-" "Mozilla/5.0 (Windows NT 6.0) AppleWebKit/535.11 (KHTML, like Gecko) Chrome/17.0.963.56 Safari/535.11"
136.132.151.226 - - [17/Nov/2017:14:27:50 +0000] "GET /category/games HTTP/1.1" 200 59 "-" "Mozilla/5.0 (compatible; Googlebot/2.1; +http://www.google.com/bot.html)"
104.72.204.155 - - [17/Nov/2017:14:27:55 +0000] "GET /category/jewelry HTTP/1.1" 200 138 "-" "Mozilla/5.0 (Windows NT 6.1; WOW64) AppleWebKit/535.7 (KHTML, like Gecko) Chrome/16.0.912.77 Safari/535.7"
108.60.40.114 - - [17/Nov/2017:14:28:00 +0000] "GET /category/toys HTTP/1.1" 200 41 "-" "Mozilla/4.0 (compatible; MSIE 8.0; Windows NT 6.1; WOW64; Trident/4.0; YTB730; GTB7.2; EasyBits GO v1.0; SLCC2; .NET CLR 2.0.50727; .NET CLR 3.5.30729; .NET CLR 3.0.30729; Media Center PC 6.0; .NET4.0C)"
224.183.83.85 - - [17/Nov/2017:14:28:05 +0000] "GET /item/finance/4175 HTTP/1.1" 200 42 "/search/?c=Finance" "Mozilla/5.0 (compatible; Googlebot/2.1; +http://www.google.com/bot.html)"
156.159.223.147 - - [17/Nov/2017:14:28:10 +0000] "POST /search/?c=Software+Networking HTTP/1.1" 200 104 "-" "Mozilla/4.0 (compatible; MSIE 8.0; Windows NT 6.1; Trident/4.0; YTB730; SLCC2; .NET CLR 2.0.50727; .NET CLR 3.5.30729; .NET CLR 3.0.30729; Media Center PC 6.0; .NET4.0C)"
108.219.222.220 - - [17/Nov/2017:14:28:15 +0000] "POST /search/?c=Electronics+Software HTTP/1.1" 200 77 "/category/electronics" "Mozilla/4.0 (compatible; MSIE 8.0; Windows NT 5.1; Trident/4.0; BTRS122159; GTB7.2; .NET CLR 1.1.4322; .NET CLR 2.0.50727; .NET CLR 3.0.04506.30; .NET CLR 3.0.4506.2152; .NET CLR 3.5.30729; BRI/2)"
72.39.200.100 - - [17/Nov/2017:14:28:20 +0000] "GET /item/software/1323 HTTP/1.1" 200 74 "/search/?c=Software+Giftcards" "Mozilla/5.0 (Windows NT 6.1; WOW64; rv:10.0.1) Gecko/20100101 Firefox/10.0.1"
92.120.192.181 - - [17/Nov/2017:14:28:25 +0000] "GET /category/software HTTP/1.1" 200 43 "/category/software" "Mozilla/5.0 (Windows NT 6.1; WOW64; rv:10.0.1) Gecko/20100101 Firefox/10.0.1"
212.117.157.59 - - [17/Nov/2017:14:28:30 +0000] "GET /item/books/570 HTTP/1.1" 200 92 "-" "Mozilla/5.0 (Windows NT 6.1; WOW64; rv:10.0.1) Gecko/20100101 Firefox/10.0.1"
20.84.216.48 - - [17/Nov/2017:14:28:35 +0000] "GET /category/jewelry HTTP/1.1" 200 102 "-" "Mozilla/5.0 (compatible; MSIE 9.0; Windows NT 6.1; WOW64; Trident/5.0)"
100.93.35.154 - - [17/Nov/2017:14:28:40 +0000] "GET /category/software?from=0 HTTP/1.1" 200 66 "/item/electronics/3314" "Mozilla/5.0 (Windows NT 6.0; rv:10.0.1) Gecko/20100101 Firefox/10.0.1"
148.189.181.127 - - [17/Nov/2017:14:28:45 +0000] "GET /category/software HTTP/1.1" 200 127 "-" "Mozilla/5.0 (compatible; MSIE 9.0; Windows NT 6.1; Trident/5.0)"
132.120.217.35 - - [17/Nov/2017:14:28:50 +0000] "GET /item/office/4595 HTTP/1.1" 200 137 "-" "Mozilla/5.0 (Windows NT 6.1; WOW64) AppleWebKit/535.7 (KHTML, like Gecko) Chrome/16.0.912.77 Safari/535.7"
180.207.97.33 - - [17/Nov/2017:14:28:55 +0000] "GET /item/books/590 HTTP/1.1" 200 55 "-" "Mozilla/5.0 (Windows NT 6.1; WOW64) AppleWebKit/535.11 (KHTML, like Gecko) Chrome/17.0.963.56 Safari/535.11"
32.162.92.58 - - [17/Nov/2017:14:29:00 +0000] "GET /category/electronics HTTP/1.1" 200 116 "/category/games" "Mozilla/5.0 (Windows NT 6.1; WOW64) AppleWebKit/535.7 (KHTML, like Gecko) Chrome/16.0.912.77 Safari/535.7"
72.111.113.84 - - [17/Nov/2017:14:29:05 +0000] "POST /search/?c=Music+Sports HTTP/1.1" 200 126 "/item/giftcards/202" "Mozilla/5.0 (iPad; CPU OS 5_0_1 like Mac OS X) AppleWebKit/534.46 (KHTML, like Gecko) Version/5.1 Mobile/9A405 Safari/7534.48.3"
184.144.144.34 - - [17/Nov/2017:14:29:10 +0000] "GET /category/electronics HTTP/1.1" 200 128 "-" "Mozilla/5.0 (compatible; MSIE 9.0; Windows NT 6.1; WOW64; Trident/5.0)"
220.105.182.218 - - [17/Nov/2017:14:29:15 +0000] "POST /search/?c=Health HTTP/1.1" 200 105 "/item/office/394" "Mozilla/5.0 (compatible; MSIE 9.0; Windows NT 6.1; WOW64; Trident/5.0)"
164.48.123.206 - - [17/Nov/2017:14:29:20 +0000] "GET /item/electronics/3529 HTTP/1.1" 404 122 "-" "Mozilla/5.0 (Windows NT 6.1; WOW64; rv:10.0.1) Gecko/20100101 Firefox/10.0.1"
136.198.147.93 - - [17/Nov/2017:14:29:25 +0000] "GET /category/sports?from=20 HTTP/1.1" 200 98 "/category/games" "Mozilla/5.0 (Windows NT 6.1; WOW64; rv:10.0.1) Gecko/20100101 Firefox/10.0.1"
76.225.209.116 - - [17/Nov/2017:14:29:30 +0000] "GET /category/giftcards HTTP/1.1" 200 49 "/item/music/4403" "Mozilla/4.0 (compatible; MSIE 8.0; Windows NT 6.1; WOW64; Trident/4.0; YTB730; GTB7.2; SLCC2; .NET CLR 2.0.50727; .NET CLR 3.5.30729; .NET CLR 3.0.30729; .NET4.0C; .NET4.0E; Media Center PC 6.0)"
204.99.132.70 - - [17/Nov/2017:14:29:35 +0000] "GET /category/games HTTP/1.1" 200 83 "-" "Mozilla/5.0 (compatible; MSIE 9.0; Windows NT 6.1; Trident/5.0)"
184.210.102.195 - - [17/Nov/2017:14:29:40 +0000] "GET /category/music HTTP/1.1" 200 87 "-" "Mozilla/5.0 (Windows NT 6.1; WOW64) AppleWebKit/535.11 (KHTML, like Gecko) Chrome/17.0.963.56 Safari/535.11"
104.210.132.59 - - [17/Nov/2017:14:29:45 +0000] "GET /item/electronics/3882 HTTP/1.1" 200 94 "/item/office/863" "Mozilla/5.0 (compatible; Googlebot/2.1; +http://www.google.com/bot.html)"
68.111.65.149 - - [17/Nov/2017:14:29:50 +0000] "GET /category/jewelry HTTP/1.1" 200 112 "/category/software?from=0" "Mozilla/5.0 (Windows NT 6.1; WOW64) AppleWebKit/535.11 (KHTML, like Gecko) Chrome/17.0.963.56 Safari/535.11"
212.213.59.205 - - [17/Nov/2017:14:29:55 +0000] "GET /category/cameras HTTP/1.1" 200 127 "-" "Mozilla/5.0 (Windows NT 6.1; WOW64; rv:10.0.1) Gecko/20100101 Firefox/10.0.1"
164.78.138.100 - - [17/Nov/2017:14:30:00 +0000] "GET /item/networking/3624 HTTP/1.1" 200 44 "-" "Mozilla/5.0 (Macintosh; Intel Mac OS X 10.6; rv:9.0.1) Gecko/20100101 Firefox/9.0.1"
156.123.139.120 - - [17/Nov/2017:14:30:05 +0000] "GET /category/books HTTP/1.1" 200 126 "/category/office?from=0" "Mozilla/5.0 (Windows NT 6.0) AppleWebKit/535.11 (KHTML, like Gecko) Chrome/17.0.963.56 Safari/535.11"
32.63.131.213 - - [17/Nov/2017:14:30:10 +0000] "GET /category/books HTTP/1.1" 200 80 "-" "Mozilla/4.0 (compatible; MSIE 8.0; Windows NT 5.1; Trident/4.0; YTB720; GTB7.2; .NET CLR 1.1.4322; .NET CLR 2.0.50727; .NET CLR 3.0.4506.2152; .NET CLR 3.5.30729)"
116.225.31.103 - - [17/Nov/2017:14:30:15 +0000] "GET /category/giftcards HTTP/1.1" 200 127 "-" "Mozilla/5.0 (Windows NT 6.0; rv:10.0.1) Gecko/20100101 Firefox/10.0.1"
136.180.163.90 - - [17/Nov/2017:14:30:20 +0000] "GET /item/networking/67 HTTP/1.1" 200 52 "/category/sports?from=20" "Mozilla/5.0 (Windows NT 6.0; rv:10.0.1) Gecko/20100101 Firefox/10.0.1"
44.39.69.128 - - [17/Nov/2017:14:30:25 +0000] "GET /category/networking HTTP/1.1" 200 136 "/item/software/85" "Mozilla/4.0 (compatible; MSIE 8.0; Windows NT 6.1; Trident/4.0; YTB730; SLCC2; .NET CLR 2.0.50727; .NET CLR 3.5.30729; .NET CLR 3.0.30729; Media Center PC 6.0; .NET4.0C)"
224.117.61.161 - - [17/Nov/2017:14:30:30 +0000] "GET /item/electronics/2940 HTTP/1.1" 200 103 "/item/finance/3737" "Mozilla/5.0 (compatible; Googlebot/2.1; +http://www.google.com/bot.html)"
84.150.155.34 - - [17/Nov/2017:14:30:35 +0000] "GET /item/giftcards/3907 HTTP/1.1" 200 93 "/category/electronics" "Mozilla/5.0 (compatible; MSIE 9.0; Windows NT 6.1; Trident/5.0)"
100.192.111.52 - - [17/Nov/2017:14:30:40 +0000] "GET /category/health HTTP/1.1" 200 120 "/category/giftcards" "Mozilla/5.0 (Windows NT 6.1; WOW64; rv:10.0.1) Gecko/20100101 Firefox/10.0.1"
120.141.183.120 - - [17/Nov/2017:14:30:45 +0000] "GET /category/games HTTP/1.1" 200 111 "/category/garden?from=0" "Mozilla/5.0 (Windows NT 6.0; rv:10.0.1) Gecko/20100101 Firefox/10.0.1"
92.186.177.75 - - [17/Nov/2017:14:30:50 +0000] "GET /item/electronics/450 HTTP/1.1" 200 123 "/item/electronics/1679" "Mozilla/5.0 (Windows NT 6.1; WOW64) AppleWebKit/535.11 (KHTML, like Gecko) Chrome/17.0.963.56 Safari/535.11"
60.99.81.68 - - [17/Nov/2017:14:30:55 +0000] "GET /category/health HTTP/1.1" 200 92 "/category/sports" "Mozilla/5.0 (compatible; MSIE 9.0; Windows NT 6.1; Trident/5.0)"
152.51.72.184 - - [17/Nov/2017:14:31:00 +0000] "POST /search/?c=Electronics HTTP/1.1" 200 134 "/category/giftcards" "Mozilla/4.0 (compatible; MSIE 8.0; Windows NT 6.1; WOW64; Trident/4.0; YTB730; GTB7.2; EasyBits GO v1.0; SLCC2; .NET CLR 2.0.50727; .NET CLR 3.5.30729; .NET CLR 3.0.30729; Media Center PC 6.0; .NET4.0C)"
148.57.150.184 - - [17/Nov/2017:14:31:05 +0000] "GET /category/software HTTP/1.1" 200 104 "/search/?c=Electronics+Games" "Mozilla/5.0 (Windows NT 6.1; WOW64) AppleWebKit/535.7 (KHTML, like Gecko) Chrome/16.0.912.77 Safari/535.7"
136.225.199.202 - - [17/Nov/2017:14:31:10 +0000] "GET /item/books/3487 HTTP/1.1" 200 92 "/item/books/4062" "Mozilla/5.0 (iPhone; CPU iPhone OS 5_0_1 like Mac OS X) AppleWebKit/534.46 (KHTML, like Gecko) Version/5.1 Mobile/9A405 Safari/7534.48.3"
56.102.229.220 - - [17/Nov/2017:14:31:15 +0000] "POST /search/?c=Software+Books HTTP/1.1" 200 79 "-" "Mozilla/4.0 (compatible; MSIE 8.0; Windows NT 6.1; Trident/4.0; YTB730; SLCC2; .NET CLR 2.0.50727; .NET CLR 3.5.30729; .NET CLR 3.0.30729; Media Center PC 6.0; .NET4.0C)"
172.186.101.199 - - [17/Nov/2017:14:31:20 +0000] "GET /category/computers HTTP/1.1" 200 114 "/item/garden/4804" "Mozilla/5.0 (compatible; MSIE 9.0; Windows NT 6.1; WOW64; Trident/5.0)"
180.69.110.215 - - [17/Nov/2017:14:31:25 +0000] "GET /category/software?from=20 HTTP/1.1" 200 94 "/item/books/3977" "Mozilla/5.0 (Windows NT 6.0; rv:10.0.1) Gecko/20100101 Firefox/10.0.1"
44.165.199.141 - - [17/Nov/2017:14:31:30 +0000] "GET /item/office/378 HTTP/1.1" 200 57 "/category/office" "Mozilla/5.0 (Windows NT 6.0; rv:10.0.1) Gecko/20100101 Firefox/10.0.1"
88.195.115.100 - - [17/Nov/2017:14:31:35 +0000] "GET /item/cameras/3320 HTTP/1.1" 200 109 "-" "Mozilla/5.0 (Windows NT 6.1; WOW64; rv:10.0.1) Gecko/20100101 Firefox/10.0.1"
204.189.85.23 - - [17/Nov/2017:14:31:40 +0000] "GET /item/finance/2915 HTTP/1.1" 200 87 "/item/garden/3631" "Mozilla/5.0 (iPad; CPU OS 5_0_1 like Mac OS X) AppleWebKit/534.46 (KHTML, like Gecko) Version/5.1 Mobile/9A405 Safari/7534.48.3"
188.213.34.150 - - [17/Nov/2017:14:31:45 +0000] "GET /category/finance HTTP/1.1" 200 71 "/category/electronics" "Mozilla/5.0 (Windows NT 6.1; WOW64) AppleWebKit/535.11 (KHTML, like Gecko) Chrome/17.0.963.56 Safari/535.11"
136.138.38.142 - - [17/Nov/2017:14:31:50 +0000] "GET /item/computers/512 HTTP/1.1" 200 97 "/item/books/1785" "Mozilla/5.0 (compatible; MSIE 9.0; Windows NT 6.1; WOW64; Trident/5.0)"
148.21.130.45 - - [17/Nov/2017:14:31:55 +0000] "GET /category/cameras HTTP/1.1" 200 106 "-" "Mozilla/4.0 (compatible; MSIE 8.0; Windows NT 5.1; Trident/4.0; BTRS122159; GTB7.2; .NET CLR 1.1.4322; .NET CLR 2.0.50727; .NET CLR 3.0.04506.30; .NET CLR 3.0.4506.2152; .NET CLR 3.5.30729; BRI/2)"
224.117.61.161 - - [17/Nov/2017:14:32:00 +0000] "GET /category/garden HTTP/1.1" 200 86 "/category/giftcards" "Mozilla/4.0 (compatible; MSIE 8.0; Windows NT 6.1; WOW64; Trident/4.0; YTB730; GTB7.2; SLCC2; .NET CLR 2.0.50727; .NET CLR 3.5.30729; .NET CLR 3.0.30729; .NET4.0C; .NET4.0E; Media Center PC 6.0)"
136.54.219.130 - - [17/Nov/2017:14:32:05 +0000] "POST /search/?c=Books+Jewelry HTTP/1.1" 200 61 "/item/games/4604" "Mozilla/4.0 (compatible; MSIE 8.0; Windows NT 6.0; WOW64; Trident/4.0; GTB6; SLCC1; .NET CLR 2.0.50727; Media Center PC 5.0; .NET CLR 3.5.30729; .NET CLR 3.0.30618; .NET4.0C)"
140.144.140.227 - - [17/Nov/2017:14:32:10 +0000] "GET /item/electronics/1667 HTTP/1.1" 200 121 "/category/software" "Mozilla/5.0 (compatible; MSIE 9.0; Windows NT 6.1; Trident/5.0)"
212.189.128.184 - - [17/Nov/2017:14:32:15 +0000] "GET /category/books?from=0 HTTP/1.1" 200 56 "-" "Mozilla/5.0 (Windows NT 6.1; WOW64) AppleWebKit/535.7 (KHTML, like Gecko) Chrome/16.0.912.77 Safari/535.7"
156.123.86.77 - - [17/Nov/2017:14:32:20 +0000] "GET /item/garden/2308 HTTP/1.1" 200 62 "/search/?c=Jewelry" "Mozilla/5.0 (Windows NT 6.1; WOW64) AppleWebKit/535.11 (KHTML, like Gecko) Chrome/17.0.963.56 Safari/535.11"
128.114.217.21 - - [17/Nov/2017:14:32:25 +0000] "GET /category/finance HTTP/1.1" 200 46 "-" "Mozilla/5.0 (Windows NT 6.0; rv:10.0.1) Gecko/20100101 Firefox/10.0.1"
24.189.103.60 - - [17/Nov/2017:14:32:30 +0000] "GET /item/garden/1060 HTTP/1.1" 200 74 "/item/electronics/3529" "Mozilla/5.0 (Windows NT 6.1; WOW64) AppleWebKit/535.11 (KHTML, like Gecko) Chrome/17.0.963.56 Safari/535.11"
68.195.70.77 - - [17/Nov/2017:14:32:35 +0000] "POST /search/?c=Software+Books HTTP/1.1" 200 79 "-" "Mozilla/5.0 (compatible; MSIE 9.0; Windows NT 6.1; WOW64; Trident/5.0)"
36.222.81.121 - - [17/Nov/2017:14:32:40 +0000] "GET /item/electronics/3444 HTTP/1.1" 200 131 "-" "Mozilla/4.0 (compatible; MSIE 8.0; Windows NT 6.1; WOW64; Trident/4.0; GTB7.2; SLCC2; .NET CLR 2.0.50727; .NET CLR 3.5.30729; .NET CLR 3.0.30729; Media Center PC 6.0; .NET4.0C)"
52.135.193.44 - - [17/Nov/2017:14:32:45 +0000] "GET /category/electronics HTTP/1.1" 200 107 "-" "Mozilla/5.0 (Macintosh; Intel Mac OS X 10.6; rv:9.0.1) Gecko/20100101 Firefox/9.0.1"
88.51.112.169 - - [17/Nov/2017:14:32:50 +0000] "GET /category/toys HTTP/1.1" 200 47 "-" "Mozilla/5.0 (Windows NT 6.0; rv:10.0.1) Gecko/20100101 Firefox/10.0.1"
228.81.180.20 - - [17/Nov/2017:14:32:55 +0000] "GET /item/electronics/4025 HTTP/1.1" 200 124 "-" "Mozilla/5.0 (Windows NT 6.0; rv:10.0.1) Gecko/20100101 Firefox/10.0.1"
220.222.196.154 - - [17/Nov/2017:14:33:00 +0000] "GET /item/games/3422 HTTP/1.1" 200 88 "-" "Mozilla/4.0 (compatible; MSIE 8.0; Windows NT 5.1; Trident/4.0; YTB720; GTB7.2; .NET CLR 1.1.4322; .NET CLR 2.0.50727; .NET CLR 3.0.4506.2152; .NET CLR 3.5.30729)"
220.102.98.97 - - [17/Nov/2017:14:33:05 +0000] "GET /category/electronics HTTP/1.1" 200 44 "/category/books" "Mozilla/5.0 (Windows NT 6.0; rv:10.0.1) Gecko/20100101 Firefox/10.0.1"
116.198.83.162 - - [17/Nov/2017:14:33:10 +0000] "GET /category/electronics?from=0 HTTP/1.1" 200 102 "-" "Mozilla/5.0 (Windows NT 6.1; WOW64) AppleWebKit/535.11 (KHTML, like Gecko) Chrome/17.0.963.56 Safari/535.11"
100.81.22.31 - - [17/Nov/2017:14:33:15 +0000] "GET /category/computers?from=0 HTTP/1.1" 200 85 "-" "Mozilla/5.0 (iPhone; CPU iPhone OS 5_0_1 like Mac OS X) AppleWebKit/534.46 (KHTML, like Gecko) Version/5.1 Mobile/9A405 Safari/7534.48.3"
128.90.218.42 - - [17/Nov/2017:14:33:20 +0000] "GET /category/games HTTP/1.1" 200 111 "/category/books" "Mozilla/5.0 (Windows NT 6.1; WOW64) AppleWebKit/535.7 (KHTML, like Gecko) Chrome/16.0.912.77 Safari/535.7"
100.144.219.108 - - [17/Nov/2017:14:33:25 +0000] "GET /item/games/15 HTTP/1.1" 200 128 "/category/software" "Mozilla/4.0 (compatible; MSIE 8.0; Windows NT 5.1; Trident/4.0; YTB720; GTB7.2; .NET CLR 1.1.4322; .NET CLR 2.0.50727; .NET CLR 3.0.4506.2152; .NET CLR 3.5.30729)"
68.117.130.229 - - [17/Nov/2017:14:33:30 +0000] "GET /item/software/2 HTTP/1.1" 200 139 "/category/software" "Mozilla/4.0 (compatible; MSIE 8.0; Windows NT 6.1; Trident/4.0; YTB730; SLCC2; .NET CLR 2.0.50727; .NET CLR 3.5.30729; .NET CLR 3.0.30729; Media Center PC 6.0; .NET4.0C)"
164.87.165.83 - - [17/Nov/2017:14:33:35 +0000] "GET /category/software HTTP/1.1" 200 51 "-" "Mozilla/5.0 (Windows NT 6.1; WOW64; rv:10.0.1) Gecko/20100101 Firefox/10.0.1"
100.135.99.62 - - [17/Nov/2017:14:33:40 +0000] "GET /category/toys HTTP/1.1" 200 93 "-" "Mozilla/5.0 (Windows NT 6.1; WOW64) AppleWebKit/535.11 (KHTML, like Gecko) Chrome/17.0.963.56 Safari/535.11"
104.69.39.75 - - [17/Nov/2017:14:33:45 +0000] "GET /item/electronics/3042 HTTP/1.1" 200 45 "/category/office" "Mozilla/5.0 (Windows NT 6.1; WOW64) AppleWebKit/535.11 (KHTML, like Gecko) Chrome/17.0.963.56 Safari/535.11"
220.123.112.58 - - [17/Nov/2017:14:33:50 +0000] "GET /item/giftcards/3907 HTTP/1.1" 200 93 "/item/electronics/4416" "Mozilla/5.0 (iPhone; CPU iPhone OS 5_0_1 like Mac OS X) AppleWebKit/534.46 (KHTML, like Gecko) Version/5.1 Mobile/9A405 Safari/7534.48.3"
68.195.70.77 - - [17/Nov/2017:14:33:55 +0000] "POST /search/?c=Books+Electronics HTTP/1.1" 200 79 "/item/giftcards/3166" "Mozilla/5.0 (Windows NT 6.0) AppleWebKit/535.11 (KHTML, like Gecko) Chrome/17.0.963.56 Safari/535.11"
168.60.103.103 - - [17/Nov/2017:14:34:00 +0000] "GET /category/jewelry HTTP/1.1" 200 71 "-" "Mozilla/5.0 (Windows NT 6.0; rv:10.0.1) Gecko/20100101 Firefox/10.0.1"
208.114.138.190 - - [17/Nov/2017:14:34:05 +0000] "GET /category/games HTTP/1.1" 200 88 "-" "Mozilla/5.0 (Windows NT 6.0) AppleWebKit/535.11 (KHTML, like Gecko) Chrome/17.0.963.56 Safari/535.11"
168.60.226.215 - - [17/Nov/2017:14:34:10 +0000] "GET /category/software HTTP/1.1" 200 126 "-" "Mozilla/5.0 (Windows NT 6.1; WOW64) AppleWebKit/535.11 (KHTML, like Gecko) Chrome/17.0.963.56 Safari/535.11"
96.72.174.129 - - [17/Nov/2017:14:34:15 +0000] "POST /search/?c=Office+Office HTTP/1.1" 200 86 "/category/electronics" "Mozilla/5.0 (Windows NT 6.0; rv:10.0.1) Gecko/20100101 Firefox/10.0.1"
216.117.163.69 - - [17/Nov/2017:14:34:20 +0000] "GET /category/electronics HTTP/1.1" 200 97 "http://www.google.com/search?ie=UTF-8&q=google&sclient=psy-ab&q=Electronics&oq=Electronics&aq=f&aqi=g-vL1&aql=&pbx=1&bav=on.2,or.r_gc.r_pw.r_qf.,cf.osb&biw=4741&bih=182" "Mozilla/4.0 (compatible; MSIE 8.0; Windows NT 5.1; Trident/4.0; BTRS122159; GTB7.2; .NET CLR 1.1.4322; .NET CLR 2.0.50727; .NET CLR 3.0.04506.30; .NET CLR 3.0.4506.2152; .NET CLR 3.5.30729; BRI/2)"
188.30.222.174 - - [17/Nov/2017:14:34:25 +0000] "GET /category/computers HTTP/1.1" 200 77 "/category/giftcards?from=0" "Mozilla/5.0 (compatible; MSIE 9.0; Windows NT 6.1; Trident/5.0)"
144.105.154.81 - - [17/Nov/2017:14:34:30 +0000] "GET /item/networking/3831 HTTP/1.1" 200 85 "/category/electronics" "Mozilla/4.0 (compatible; MSIE 8.0; Windows NT 6.1; Trident/4.0; YTB730; SLCC2; .NET CLR 2.0.50727; .NET CLR 3.5.30729; .NET CLR 3.0.30729; Media Center PC 6.0; .NET4.0C)"
64.99.106.139 - - [17/Nov/2017:14:34:35 +0000] "GET /category/cameras HTTP/1.1" 200 77 "-" "Mozilla/5.0 (Windows NT 6.0; rv:10.0.1) Gecko/20100101 Firefox/10.0.1"
176.69.100.211 - - [17/Nov/2017:14:34:40 +0000] "GET /category/toys HTTP/1.1" 200 63 "-" "Mozilla/5.0 (Windows NT 5.1) AppleWebKit/535.11 (KHTML, like Gecko) Chrome/17.0.963.46 Safari/535.11"
212.84.86.22 - - [17/Nov/2017:14:34:45 +0000] "GET /item/cameras/2822 HTTP/1.1" 200 131 "-" "Mozilla/5.0 (Windows NT 6.0; rv:10.0.1) Gecko/20100101 Firefox/10.0.1"
152.150.62.199 - - [17/Nov/2017:14:34:50 +0000] "GET /category/electronics HTTP/1.1" 200 75 "/category/garden" "Mozilla/5.0 (Windows NT 6.0; rv:10.0.1) Gecko/20100101 Firefox/10.0.1"
124.87.214.172 - - [17/Nov/2017:14:34:55 +0000] "GET /category/networking HTTP/1.1" 200 82 "-" "Mozilla/5.0 (Windows NT 6.1; WOW64) AppleWebKit/535.11 (KHTML, like Gecko) Chrome/17.0.963.56 Safari/535.11"
168.147.219.163 - - [17/Nov/2017:14:35:00 +0000] "POST /search/?c=Music+Music HTTP/1.1" 200 119 "/category/software" "Mozilla/5.0 (Windows NT 6.0) AppleWebKit/535.11 (KHTML, like Gecko) Chrome/17.0.963.56 Safari/535.11"
44.189.22.22 - - [17/Nov/2017:14:35:05 +0000] "GET /category/computers HTTP/1.1" 200 131 "-" "Mozilla/5.0 (Windows NT 6.0; rv:10.0.1) Gecko/20100101 Firefox/10.0.1"
196.216.204.193 - - [17/Nov/2017:14:35:10 +0000] "GET /category/cameras HTTP/1.1" 200 48 "/item/networking/3236" "Mozilla/5.0 (Windows NT 6.1; WOW64) AppleWebKit/535.7 (KHTML, like Gecko) Chrome/16.0.912.77 Safari/535.7"
32.171.95.119 - - [17/Nov/2017:14:35:15 +0000] "GET /category/computers HTTP/1.1" 200 133 "-" "Mozilla/5.0 (Windows NT 6.1; WOW64) AppleWebKit/535.7 (KHTML, like Gecko) Chrome/16.0.912.77 Safari/535.7"
56.198.171.175 - - [17/Nov/2017:14:35:20 +0000] "GET /item/software/3887 HTTP/1.1" 200 100 "/item/cameras/2541" "Mozilla/5.0 (Windows NT 6.1; WOW64; rv:10.0.1) Gecko/20100101 Firefox/10.0.1"
80.114.67.84 - - [17/Nov/2017:14:35:25 +0000] "POST /search/?c=Books+Finance HTTP/1.1" 200 93 "-" "Mozilla/5.0 (compatible; MSIE 9.0; Windows NT 6.1; WOW64; Trident/5.0)"
164.63.57.53 - - [17/Nov/2017:14:35:30 +0000] "GET /item/health/1329 HTTP/1.1" 200 66 "/item/giftcards/3907" "Mozilla/5.0 (Windows NT 6.1; WOW64) AppleWebKit/535.7 (KHTML, like Gecko) Chrome/16.0.912.77 Safari/535.7"
44.198.64.135 - - [17/Nov/2017:14:35:35 +0000] "GET /category/software?from=0 HTTP/1.1" 200 44 "-" "Mozilla/5.0 (Windows NT 6.1; WOW64) AppleWebKit/535.11 (KHTML, like Gecko) Chrome/17.0.963.56 Safari/535.11"
172.225.223.37 - - [17/Nov/2017:14:35:40 +0000] "GET /category/electronics HTTP/1.1" 200 62 "-" "Mozilla/4.0 (compatible; MSIE 8.0; Windows NT 6.1; WOW64; Trident/4.0; YTB730; GTB7.2; SLCC2; .NET CLR 2.0.50727; .NET CLR 3.5.30729; .NET CLR 3.0.30729; .NET4.0C; .NET4.0E; Media Center PC 6.0)"
124.180.126.94 - - [17/Nov/2017:14:35:45 +0000] "GET /category/electronics HTTP/1.1" 200 72 "-" "Mozilla/4.0 (compatible; MSIE 8.0; Windows NT 6.1; WOW64; Trident/4.0; YTB730; GTB7.2; EasyBits GO v1.0; SLCC2; .NET CLR 2.0.50727; .NET CLR 3.5.30729; .NET CLR 3.0.30729; Media Center PC 6.0; .NET4.0C)"
84.117.111.177 - - [17/Nov/2017:14:35:50 +0000] "GET /category/software HTTP/1.1" 200 125 "/item/software/155" "Mozilla/5.0 (Windows NT 6.0; rv:10.0.1) Gecko/20100101 Firefox/10.0.1"
40.78.48.94 - - [17/Nov/2017:14:35:55 +0000] "GET /category/jewelry HTTP/1.1" 200 56 "-" "Mozilla/5.0 (compatible; MSIE 9.0; Windows NT 6.1; WOW64; Trident/5.0)"
200.201.187.211 - - [17/Nov/2017:14:36:00 +0000] "GET /category/software?from=20 HTTP/1.1" 200 94 "/category/software" "Mozilla/5.0 (compatible; Googlebot/2.1; +http://www.google.com/bot.html)"
224.117.61.161 - - [17/Nov/2017:14:36:05 +0000] "GET /item/finance/1207 HTTP/1.1" 200 57 "/item/electronics/3410" "Mozilla/4.0 (compatible; MSIE 8.0; Windows NT 6.1; WOW64; Trident/4.0; YTB730; GTB7.2; SLCC2; .NET CLR 2.0.50727; .NET CLR 3.5.30729; .NET CLR 3.0.30729; .NET4.0C; .NET4.0E; Media Center PC 6.0)"
168.108.171.195 - - [17/Nov/2017:14:36:10 +0000] "GET /category/jewelry HTTP/1.1" 200 114 "-" "Mozilla/5.0 (Windows NT 6.1; WOW64) AppleWebKit/535.11 (KHTML, like Gecko) Chrome/17.0.963.56 Safari/535.11"
116.222.179.198 - - [17/Nov/2017:14:36:15 +0000] "GET /category/music HTTP/1.1" 200 82 "/category/jewelry" "Mozilla/5.0 (Windows NT 6.0; rv:10.0.1) Gecko/20100101 Firefox/10.0.1"
116.174.202.224 - - [17/Nov/2017:14:36:20 +0000] "POST /search/?c=Garden+Office HTTP/1.1" 200 100 "-" "Mozilla/5.0 (Macintosh; Intel Mac OS X 10.6; rv:9.0.1) Gecko/20100101 Firefox/9.0.1"
52.27.56.220 - - [17/Nov/2017:14:36:25 +0000] "GET /category/games?from=20 HTTP/1.1" 200 42 "/category/books?from=20" "Mozilla/5.0 (Windows NT 6.0) AppleWebKit/535.11 (KHTML, like Gecko) Chrome/17.0.963.56 Safari/535.11"
192.21.211.81 - - [17/Nov/2017:14:36:30 +0000] "GET /category/books HTTP/1.1" 200 89 "-" "Mozilla/5.0 (compatible; MSIE 9.0; Windows NT 6.1; Trident/5.0)"
80.123.121.100 - - [17/Nov/2017:14:36:35 +0000] "GET /category/electronics HTTP/1.1" 200 86 "-" "Mozilla/5.0 (Windows NT 6.0; rv:10.0.1) Gecko/20100101 Firefox/10.0.1"
28.129.126.21 - - [17/Nov/2017:14:36:40 +0000] "GET /category/electronics HTTP/1.1" 200 61 "http://www.google.com/search?ie=UTF-8&q=google&sclient=psy-ab&q=Electronics&oq=Electronics&aq=f&aqi=g-vL1&aql=&pbx=1&bav=on.2,or.r_gc.r_pw.r_qf.,cf.osb&biw=3889&bih=329" "Mozilla/5.0 (Windows NT 6.1; WOW64; rv:10.0.1) Gecko/20100101 Firefox/10.0.1"
196.144.108.166 - - [17/Nov/2017:14:36:45 +0000] "GET /category/games HTTP/1.1" 200 69 "/category/cameras" "Mozilla/5.0 (compatible; Googlebot/2.1; +http://www.google.com/bot.html)"
60.213.58.52 - - [17/Nov/2017:14:36:50 +0000] "GET /category/books HTTP/1.1" 200 68 "/item/books/1533" "Mozilla/5.0 (compatible; MSIE 9.0; Windows NT 6.1; Trident/5.0)"
168.27.211.221 - - [17/Nov/2017:14:36:55 +0000] "GET /category/health HTTP/1.1" 200 59 "/category/networking" "Mozilla/5.0 (Windows NT 6.0) AppleWebKit/535.11 (KHTML, like Gecko) Chrome/17.0.963.56 Safari/535.11"
72.114.161.169 - - [17/Nov/2017:14:37:00 +0000] "GET /category/electronics HTTP/1.1" 200 46 "/item/jewelry/4114" "Mozilla/5.0 (Windows NT 6.0) AppleWebKit/535.11 (KHTML, like Gecko) Chrome/17.0.963.56 Safari/535.11"
68.72.35.74 - - [17/Nov/2017:14:37:05 +0000] "GET /category/health HTTP/1.1" 200 137 "/category/electronics" "Mozilla/5.0 (Windows NT 6.1; WOW64) AppleWebKit/535.7 (KHTML, like Gecko) Chrome/16.0.912.77 Safari/535.7"
180.207.97.33 - - [17/Nov/2017:14:37:10 +0000] "GET /category/electronics HTTP/1.1" 200 110 "-" "Mozilla/5.0 (Windows NT 6.0; rv:10.0.1) Gecko/20100101 Firefox/10.0.1"
216.177.42.228 - - [17/Nov/2017:14:37:15 +0000] "GET /category/electronics HTTP/1.1" 200 90 "/category/software" "Mozilla/5.0 (compatible; Googlebot/2.1; +http://www.google.com/bot.html)"
120.147.115.60 - - [17/Nov/2017:14:37:20 +0000] "GET /item/software/71 HTTP/1.1" 200 116 "/category/health" "Mozilla/5.0 (compatible; MSIE 9.0; Windows NT 6.1; WOW64; Trident/5.0)"
36.138.203.140 - - [17/Nov/2017:14:37:25 +0000] "GET /item/office/393 HTTP/1.1" 200 128 "http://www.google.com/search?ie=UTF-8&q=google&sclient=psy-ab&q=Office&oq=Office&aq=f&aqi=g-vL1&aql=&pbx=1&bav=on.2,or.r_gc.r_pw.r_qf.,cf.osb&biw=920&bih=145" "Mozilla/5.0 (Windows NT 6.1; WOW64) AppleWebKit/535.7 (KHTML, like Gecko) Chrome/16.0.912.77 Safari/535.7"
140.144.63.69 - - [17/Nov/2017:14:37:30 +0000] "GET /category/finance HTTP/1.1" 200 68 "-" "Mozilla/5.0 (Macintosh; Intel Mac OS X 10.6; rv:9.0.1) Gecko/20100101 Firefox/9.0.1"
48.105.77.215 - - [17/Nov/2017:14:37:35 +0000] "GET /item/books/2829 HTTP/1.1" 200 80 "http://www.google.com/search?ie=UTF-8&q=google&sclient=psy-ab&q=Books&oq=Books&aq=f&aqi=g-vL1&aql=&pbx=1&bav=on.2,or.r_gc.r_pw.r_qf.,cf.osb&biw=4329&bih=147" "Mozilla/4.0 (compatible; MSIE 8.0; Windows NT 6.1; WOW64; Trident/4.0; YTB730; GTB7.2; EasyBits GO v1.0; SLCC2; .NET CLR 2.0.50727; .NET CLR 3.5.30729; .NET CLR 3.0.30729; Media Center PC 6.0; .NET4.0C)"
36.51.160.119 - - [17/Nov/2017:14:37:40 +0000] "GET /item/computers/1710 HTTP/1.1" 200 47 "/item/sports/1656" "Mozilla/5.0 (compatible; Googlebot/2.1; +http://www.google.com/bot.html)"
168.183.144.126 - - [17/Nov/2017:14:37:45 +0000] "GET /category/giftcards?from=10 HTTP/1.1" 200 100 "-" "Mozilla/5.0 (Windows NT 6.1; WOW64) AppleWebKit/535.7 (KHTML, like Gecko) Chrome/16.0.912.77 Safari/535.7"
28.147.67.42 - - [17/Nov/2017:14:37:50 +0000] "GET /item/health/2403 HTTP/1.1" 200 112 "/item/garden/1634" "Mozilla/5.0 (iPhone; CPU iPhone OS 5_0_1 like Mac OS X) AppleWebKit/534.46 (KHTML, like Gecko) Version/5.1 Mobile/9A405 Safari/7534.48.3"
28.150.146.21 - - [17/Nov/2017:14:37:55 +0000] "GET /category/games HTTP/1.1" 200 97 "-" "Mozilla/4.0 (compatible; MSIE 8.0; Windows NT 6.1; Trident/4.0; YTB730; SLCC2; .NET CLR 2.0.50727; .NET CLR 3.5.30729; .NET CLR 3.0.30729; Media Center PC 6.0; .NET4.0C)"
60.30.84.168 - - [17/Nov/2017:14:38:00 +0000] "GET /category/computers HTTP/1.1" 200 126 "-" "Mozilla/5.0 (Windows NT 6.0) AppleWebKit/535.11 (KHTML, like Gecko) Chrome/17.0.963.56 Safari/535.11"
44.159.148.20 - - [17/Nov/2017:14:38:05 +0000] "GET /category/software HTTP/1.1" 200 58 "/item/jewelry/3466" "Mozilla/5.0 (compatible; MSIE 9.0; Windows NT 6.1; WOW64; Trident/5.0)"
116.153.59.162 - - [17/Nov/2017:14:38:10 +0000] "GET /category/networking HTTP/1.1" 200 65 "/item/software/2629" "Mozilla/5.0 (Windows NT 6.0; rv:10.0.1) Gecko/20100101 Firefox/10.0.1"
220.195.117.90 - - [17/Nov/2017:14:38:15 +0000] "GET /item/software/2190 HTTP/1.1" 200 70 "/category/electronics?from=20" "Mozilla/5.0 (Windows NT 6.0; rv:10.0.1) Gecko/20100101 Firefox/10.0.1"
120.189.102.122 - - [17/Nov/2017:14:38:20 +0000] "GET /category/garden HTTP/1.1" 200 87 "-" "Mozilla/5.0 (Windows NT 6.1; WOW64) AppleWebKit/535.7 (KHTML, like Gecko) Chrome/16.0.912.77 Safari/535.7"
128.66.82.98 - - [17/Nov/2017:14:38:25 +0000] "GET /item/books/4362 HTTP/1.1" 200 42 "-" "Mozilla/5.0 (Windows NT 6.0; rv:10.0.1) Gecko/20100101 Firefox/10.0.1"
100.195.21.152 - - [17/Nov/2017:14:38:30 +0000] "GET /category/electronics?from=0 HTTP/1.1" 200 101 "-" "Mozilla/5.0 (Windows NT 6.1; WOW64) AppleWebKit/535.7 (KHTML, like Gecko) Chrome/16.0.912.77 Safari/535.7"
228.48.125.88 - - [17/Nov/2017:14:38:35 +0000] "POST /search/?c=Books HTTP/1.1" 200 40 "-" "Mozilla/5.0 (Windows NT 6.1; WOW64) AppleWebKit/535.11 (KHTML, like Gecko) Chrome/17.0.963.56 Safari/535.11"
112.177.180.133 - - [17/Nov/2017:14:38:40 +0000] "GET /category/games HTTP/1.1" 200 87 "-" "Mozilla/5.0 (Windows NT 6.0; rv:10.0.1) Gecko/20100101 Firefox/10.0.1"
128.123.38.119 - - [17/Nov/2017:14:38:45 +0000] "GET /item/cameras/2541 HTTP/1.1" 200 110 "-" "Mozilla/5.0 (iPhone; CPU iPhone OS 5_0_1 like Mac OS X) AppleWebKit/534.46 (KHTML, like Gecko) Version/5.1 Mobile/9A405 Safari/7534.48.3"
80.21.83.68 - - [17/Nov/2017:14:38:50 +0000] "GET /category/software?from=20 HTTP/1.1" 200 57 "/category/books" "Mozilla/5.0 (Macintosh; Intel Mac OS X 10.6; rv:9.0.1) Gecko/20100101 Firefox/9.0.1"
144.165.175.190 - - [17/Nov/2017:14:38:55 +0000] "POST /search/?c=Games HTTP/1.1" 200 73 "-" "Mozilla/5.0 (Windows NT 6.0; rv:10.0.1) Gecko/20100101 Firefox/10.0.1"
148.84.138.22 - - [17/Nov/2017:14:39:00 +0000] "GET /item/networking/4696 HTTP/1.1" 200 138 "/category/games" "Mozilla/4.0 (compatible; MSIE 8.0; Windows NT 5.1; Trident/4.0; YTB720; GTB7.2; .NET CLR 1.1.4322; .NET CLR 2.0.50727; .NET CLR 3.0.4506.2152; .NET CLR 3.5.30729)"
112.30.36.35 - - [17/Nov/2017:14:39:05 +0000] "GET /category/office HTTP/1.1" 200 124 "/search/?c=Books+Health" "Mozilla/5.0 (compatible; MSIE 9.0; Windows NT 6.1; WOW64; Trident/5.0)"
172.51.88.88 - - [17/Nov/2017:14:39:10 +0000] "GET /category/electronics?from=20 HTTP/1.1" 200 48 "/search/?c=Software+Software" "Mozilla/4.0 (compatible; MSIE 8.0; Windows NT 5.1; Trident/4.0; YTB720; GTB7.2; .NET CLR 1.1.4322; .NET CLR 2.0.50727; .NET CLR 3.0.4506.2152; .NET CLR 3.5.30729)"
136.63.21.83 - - [17/Nov/2017:14:39:15 +0000] "GET /category/office HTTP/1.1" 200 68 "/item/games/2882" "Mozilla/5.0 (compatible; MSIE 9.0; Windows NT 6.1; WOW64; Trident/5.0)"
172.186.53.43 - - [17/Nov/2017:14:39:20 +0000] "GET /item/finance/1639 HTTP/1.1" 200 114 "/item/electronics/1706" "Mozilla/5.0 (Windows NT 6.1; WOW64) AppleWebKit/535.11 (KHTML, like Gecko) Chrome/17.0.963.56 Safari/535.11"
140.33.212.195 - - [17/Nov/2017:14:39:25 +0000] "GET /item/books/1440 HTTP/1.1" 200 108 "/item/computers/1710" "Mozilla/5.0 (Windows NT 6.1; WOW64) AppleWebKit/535.7 (KHTML, like Gecko) Chrome/16.0.912.77 Safari/535.7"
128.213.146.74 - - [17/Nov/2017:14:39:30 +0000] "GET /category/jewelry HTTP/1.1" 200 40 "-" "Mozilla/5.0 (Windows NT 6.1; WOW64) AppleWebKit/535.11 (KHTML, like Gecko) Chrome/17.0.963.56 Safari/535.11"
116.60.31.130 - - [17/Nov/2017:14:39:35 +0000] "GET /item/electronics/1466 HTTP/1.1" 200 67 "/search/?c=Electronics+Books" "Mozilla/5.0 (Windows NT 6.0; rv:10.0.1) Gecko/20100101 Firefox/10.0.1"
112.30.36.35 - - [17/Nov/2017:14:39:40 +0000] "GET /item/office/278 HTTP/1.1" 200 108 "/category/software" "Mozilla/5.0 (Windows NT 6.0; rv:10.0.1) Gecko/20100101 Firefox/10.0.1"
156.69.192.82 - - [17/Nov/2017:14:39:45 +0000] "GET /category/sports HTTP/1.1" 200 61 "/item/networking/3979" "Mozilla/5.0 (compatible; MSIE 9.0; Windows NT 6.1; WOW64; Trident/5.0)"
140.120.88.217 - - [17/Nov/2017:14:39:50 +0000] "GET /category/software HTTP/1.1" 200 121 "/item/sports/3851" "Mozilla/5.0 (Windows NT 6.1; WOW64; rv:10.0.1) Gecko/20100101 Firefox/10.0.1"
20.117.120.97 - - [17/Nov/2017:14:39:55 +0000] "GET /category/computers HTTP/1.1" 200 101 "-" "Mozilla/5.0 (compatible; MSIE 9.0; Windows NT 6.1; WOW64; Trident/5.0)"
224.192.171.198 - - [17/Nov/2017:14:40:00 +0000] "GET /category/electronics HTTP/1.1" 200 47 "/item/games/3032" "Mozilla/5.0 (iPhone; CPU iPhone OS 5_0_1 like Mac OS X) AppleWebKit/534.46 (KHTML, like Gecko) Version/5.1 Mobile/9A405 Safari/7534.48.3"
196.180.153.197 - - [17/Nov/2017:14:40:05 +0000] "GET /item/cameras/1329 HTTP/1.1" 200 59 "-" "Mozilla/4.0 (compatible; MSIE 8.0; Windows NT 5.1; Trident/4.0; BTRS122159; GTB7.2; .NET CLR 1.1.4322; .NET CLR 2.0.50727; .NET CLR 3.0.04506.30; .NET CLR 3.0.4506.2152; .NET CLR 3.5.30729; BRI/2)"
120.168.180.96 - - [17/Nov/2017:14:40:10 +0000] "GET /category/games HTTP/1.1" 200 107 "-" "Mozilla/5.0 (Windows NT 6.1; WOW64; rv:10.0.1) Gecko/20100101 Firefox/10.0.1"
108.27.225.109 - - [17/Nov/2017:14:40:15 +0000] "GET /item/networking/4706 HTTP/1.1" 200 61 "-" "Mozilla/5.0 (Windows NT 6.1; WOW64) AppleWebKit/535.11 (KHTML, like Gecko) Chrome/17.0.963.56 Safari/535.11"
116.144.123.207 - - [17/Nov/2017:14:40:20 +0000] "GET /item/office/2855 HTTP/1.1" 200 52 "/search/?c=Office+Office" "Mozilla/5.0 (Windows NT 6.0; rv:10.0.1) Gecko/20100101 Firefox/10.0.1"
28.63.225.191 - - [17/Nov/2017:14:40:25 +0000] "GET /category/software HTTP/1.1" 200 70 "/category/software" "Mozilla/4.0 (compatible; MSIE 8.0; Windows NT 5.1; Trident/4.0; YTB720; GTB7.2; .NET CLR 1.1.4322; .NET CLR 2.0.50727; .NET CLR 3.0.4506.2152; .NET CLR 3.5.30729)"
100.48.146.116 - - [17/Nov/2017:14:40:30 +0000] "POST /search/?c=Toys+Games HTTP/1.1" 200 92 "-" "Mozilla/5.0 (Windows NT 6.1; WOW64; rv:10.0.1) Gecko/20100101 Firefox/10.0.1"
132.102.43.57 - - [17/Nov/2017:14:40:35 +0000] "GET /category/sports HTTP/1.1" 200 49 "/item/books/335" "Mozilla/5.0 (Windows NT 6.0; rv:10.0.1) Gecko/20100101 Firefox/10.0.1"
220.30.157.208 - - [17/Nov/2017:14:40:40 +0000] "GET /category/books HTTP/1.1" 200 139 "-" "Mozilla/5.0 (Windows NT 6.0) AppleWebKit/535.11 (KHTML, like Gecko) Chrome/17.0.963.56 Safari/535.11"
48.219.110.88 - - [17/Nov/2017:14:40:45 +0000] "GET /category/music HTTP/1.1" 200 82 "/item/software/3523" "Mozilla/5.0 (Macintosh; Intel Mac OS X 10.6; rv:9.0.1) Gecko/20100101 Firefox/9.0.1"
176.39.156.216 - - [17/Nov/2017:14:40:50 +0000] "GET /item/books/3992 HTTP/1.1" 200 70 "/search/?c=Software" "Mozilla/4.0 (compatible; MSIE 8.0; Windows NT 6.1; Trident/4.0; YTB730; SLCC2; .NET CLR 2.0.50727; .NET CLR 3.5.30729; .NET CLR 3.0.30729; Media Center PC 6.0; .NET4.0C)"
188.69.32.39 - - [17/Nov/2017:14:40:55 +0000] "GET /category/computers HTTP/1.1" 200 127 "-" "Mozilla/5.0 (Windows NT 5.1) AppleWebKit/535.11 (KHTML, like Gecko) Chrome/17.0.963.46 Safari/535.11"
44.198.64.135 - - [17/Nov/2017:14:41:00 +0000] "GET /category/sports HTTP/1.1" 200 49 "-" "Mozilla/4.0 (compatible; MSIE 8.0; Windows NT 6.1; WOW64; Trident/4.0; GTB7.2; SLCC2; .NET CLR 2.0.50727; .NET CLR 3.5.30729; .NET CLR 3.0.30729; Media Center PC 6.0; .NET4.0C)"
228.111.87.205 - - [17/Nov/2017:14:41:05 +0000] "GET /category/electronics HTTP/1.1" 200 110 "/category/giftcards" "Mozilla/5.0 (Windows NT 6.1; WOW64) AppleWebKit/535.7 (KHTML, like Gecko) Chrome/16.0.912.77 Safari/535.7"
168.69.212.143 - - [17/Nov/2017:14:41:10 +0000] "GET /category/office HTTP/1.1" 200 100 "http://www.google.com/search?ie=UTF-8&q=google&sclient=psy-ab&q=Office&oq=Office&aq=f&aqi=g-vL1&aql=&pbx=1&bav=on.2,or.r_gc.r_pw.r_qf.,cf.osb&biw=4986&bih=153" "Mozilla/4.0 (compatible; MSIE 8.0; Windows NT 6.1; WOW64; Trident/4.0; YTB730; GTB7.2; SLCC2; .NET CLR 2.0.50727; .NET CLR 3.5.30729; .NET CLR 3.0.30729; .NET4.0C; .NET4.0E; Media Center PC 6.0)"
172.108.215.191 - - [17/Nov/2017:14:41:15 +0000] "GET /category/books HTTP/1.1" 200 109 "-" "Mozilla/5.0 (Windows NT 6.1; WOW64) AppleWebKit/535.11 (KHTML, like Gecko) Chrome/17.0.963.56 Safari/535.11"
224.207.157.219 - - [17/Nov/2017:14:41:20 +0000] "GET /item/software/2724 HTTP/1.1" 200 123 "/search/?c=Software" "Mozilla/5.0 (iPad; CPU OS 5_0_1 like Mac OS X) AppleWebKit/534.46 (KHTML, like Gecko) Version/5.1 Mobile/9A405 Safari/7534.48.3"
48.75.157.55 - - [17/Nov/2017:14:41:25 +0000] "GET /category/books?from=10 HTTP/1.1" 200 89 "/category/electronics" "Mozilla/5.0 (Windows NT 6.0) AppleWebKit/535.11 (KHTML, like Gecko) Chrome/17.0.963.56 Safari/535.11"
40.195.97.189 - - [17/Nov/2017:14:41:30 +0000] "GET /item/software/2512 HTTP/1.1" 200 112 "/category/books?from=0" "Mozilla/4.0 (compatible; MSIE 8.0; Windows NT 6.1; Trident/4.0; YTB730; SLCC2; .NET CLR 2.0.50727; .NET CLR 3.5.30729; .NET CLR 3.0.30729; Media Center PC 6.0; .NET4.0C)"
144.168.60.186 - - [17/Nov/2017:14:41:35 +0000] "GET /category/books HTTP/1.1" 200 65 "-" "Mozilla/4.0 (compatible; MSIE 8.0; Windows NT 5.1; Trident/4.0; YTB720; GTB7.2; .NET CLR 1.1.4322; .NET CLR 2.0.50727; .NET CLR 3.0.4506.2152; .NET CLR 3.5.30729)"
156.159.223.147 - - [17/Nov/2017:14:41:40 +0000] "GET /category/software HTTP/1.1" 200 128 "-" "Mozilla/5.0 (Windows NT 6.0; rv:10.0.1) Gecko/20100101 Firefox/10.0.1"
136.147.227.152 - - [17/Nov/2017:14:41:45 +0000] "POST /search/?c=Electronics+Garden HTTP/1.1" 200 139 "-" "Mozilla/4.0 (compatible; MSIE 8.0; Windows NT 6.1; WOW64; Trident/4.0; YTB730; GTB7.2; SLCC2; .NET CLR 2.0.50727; .NET CLR 3.5.30729; .NET CLR 3.0.30729; .NET4.0C; .NET4.0E; Media Center PC 6.0)"
72.138.35.193 - - [17/Nov/2017:14:41:50 +0000] "GET /category/networking HTTP/1.1" 200 65 "/search/?c=Toys+Toys" "Mozilla/5.0 (iPhone; CPU iPhone OS 5_0_1 like Mac OS X) AppleWebKit/534.46 (KHTML, like Gecko) Version/5.1 Mobile/9A405 Safari/7534.48.3"
96.219.205.43 - - [17/Nov/2017:14:41:55 +0000] "GET /item/games/3284 HTTP/1.1" 200 120 "/category/electronics" "Mozilla/5.0 (Windows NT 6.1; WOW64) AppleWebKit/535.7 (KHTML, like Gecko) Chrome/16.0.912.77 Safari/535.7"
84.150.50.150 - - [17/Nov/2017:14:42:00 +0000] "GET /category/sports HTTP/1.1" 200 49 "/item/electronics/2940" "Mozilla/5.0 (iPhone; CPU iPhone OS 5_0_1 like Mac OS X) AppleWebKit/534.46 (KHTML, like Gecko) Version/5.1 Mobile/9A405 Safari/7534.48.3"
116.72.59.134 - - [17/Nov/2017:14:42:05 +0000] "POST /search/?c=Software+Books HTTP/1.1" 200 79 "/category/health" "Mozilla/5.0 (Windows NT 6.1; WOW64; rv:10.0.1) Gecko/20100101 Firefox/10.0.1"
176.87.116.29 - - [17/Nov/2017:14:42:10 +0000] "GET /category/electronics HTTP/1.1" 200 79 "-" "Mozilla/4.0 (compatible; MSIE 8.0; Windows NT 6.1; Trident/4.0; YTB730; SLCC2; .NET CLR 2.0.50727; .NET CLR 3.5.30729; .NET CLR 3.0.30729; Media Center PC 6.0; .NET4.0C)"
48.75.157.55 - - [17/Nov/2017:14:42:15 +0000] "GET /category/health HTTP/1.1" 200 101 "-" "Mozilla/4.0 (compatible; MSIE 8.0; Windows NT 6.1; Trident/4.0; YTB730; SLCC2; .NET CLR 2.0.50727; .NET CLR 3.5.30729; .NET CLR 3.0.30729; Media Center PC 6.0; .NET4.0C)"
172.111.229.114 - - [17/Nov/2017:14:42:20 +0000] "GET /category/games HTTP/1.1" 200 111 "-" "Mozilla/5.0 (Macintosh; Intel Mac OS X 10.6; rv:9.0.1) Gecko/20100101 Firefox/9.0.1"
72.120.175.129 - - [17/Nov/2017:14:42:25 +0000] "GET /item/electronics/3393 HTTP/1.1" 404 59 "-" "Mozilla/5.0 (Windows NT 6.0) AppleWebKit/535.11 (KHTML, like Gecko) Chrome/17.0.963.56 Safari/535.11"
52.54.64.167 - - [17/Nov/2017:14:42:30 +0000] "GET /category/cameras?from=20 HTTP/1.1" 200 133 "/category/cameras" "Mozilla/5.0 (Windows NT 6.1; WOW64) AppleWebKit/535.11 (KHTML, like Gecko) Chrome/17.0.963.56 Safari/535.11"
80.21.83.68 - - [17/Nov/2017:14:42:35 +0000] "GET /item/games/2750 HTTP/1.1" 200 102 "/category/books" "Mozilla/5.0 (Windows NT 6.1; WOW64) AppleWebKit/535.7 (KHTML, like Gecko) Chrome/16.0.912.77 Safari/535.7"
84.225.150.149 - - [17/Nov/2017:14:42:40 +0000] "GET /category/software HTTP/1.1" 200 72 "-" "Mozilla/4.0 (compatible; MSIE 8.0; Windows NT 6.1; WOW64; Trident/4.0; GTB7.2; SLCC2; .NET CLR 2.0.50727; .NET CLR 3.5.30729; .NET CLR 3.0.30729; Media Center PC 6.0; .NET4.0C)"
152.21.213.161 - - [17/Nov/2017:14:42:45 +0000] "GET /item/health/4533 HTTP/1.1" 200 55 "-" "Mozilla/5.0 (iPad; CPU OS 5_0_1 like Mac OS X) AppleWebKit/534.46 (KHTML, like Gecko) Version/5.1 Mobile/9A405 Safari/7534.48.3"
140.63.80.89 - - [17/Nov/2017:14:42:50 +0000] "GET /item/electronics/1089 HTTP/1.1" 200 54 "/search/?c=Electronics+Networking" "Mozilla/5.0 (iPad; CPU OS 5_0_1 like Mac OS X) AppleWebKit/534.46 (KHTML, like Gecko) Version/5.1 Mobile/9A405 Safari/7534.48.3"
92.102.204.173 - - [17/Nov/2017:14:42:55 +0000] "GET /item/networking/2266 HTTP/1.1" 404 75 "/category/books" "Mozilla/5.0 (Windows NT 5.1) AppleWebKit/535.11 (KHTML, like Gecko) Chrome/17.0.963.46 Safari/535.11"
40.111.117.84 - - [17/Nov/2017:14:43:00 +0000] "GET /category/garden HTTP/1.1" 200 87 "-" "Mozilla/5.0 (compatible; Googlebot/2.1; +http://www.google.com/bot.html)"
208.207.38.30 - - [17/Nov/2017:14:43:05 +0000] "GET /category/books HTTP/1.1" 200 51 "/category/software" "Mozilla/5.0 (compatible; MSIE 9.0; Windows NT 6.1; WOW64; Trident/5.0)"
44.198.209.156 - - [17/Nov/2017:14:43:10 +0000] "GET /category/books?from=0 HTTP/1.1" 200 103 "-" "Mozilla/5.0 (Windows NT 6.1; WOW64) AppleWebKit/535.11 (KHTML, like Gecko) Chrome/17.0.963.56 Safari/535.11"
132.141.158.51 - - [17/Nov/2017:14:43:15 +0000] "GET /category/software HTTP/1.1" 200 79 "/item/software/3586" "Mozilla/5.0 (Windows NT 5.1) AppleWebKit/535.11 (KHTML, like Gecko) Chrome/17.0.963.46 Safari/535.11"
120.144.87.152 - - [17/Nov/2017:14:43:20 +0000] "GET /category/electronics HTTP/1.1" 200 59 "/category/networking" "Mozilla/5.0 (Windows NT 6.1; WOW64; rv:10.0.1) Gecko/20100101 Firefox/10.0.1"
24.156.128.139 - - [17/Nov/2017:14:43:25 +0000] "GET /category/electronics HTTP/1.1" 200 91 "-" "Mozilla/5.0 (Windows NT 6.0; rv:10.0.1) Gecko/20100101 Firefox/10.0.1"
148.198.144.149 - - [17/Nov/2017:14:43:30 +0000] "GET /item/books/469 HTTP/1.1" 200 95 "/search/?c=Books+Electronics" "Mozilla/5.0 (Windows NT 6.0; rv:10.0.1) Gecko/20100101 Firefox/10.0.1"
24.99.27.123 - - [17/Nov/2017:14:43:35 +0000] "GET /item/software/3165 HTTP/1.1" 200 63 "/category/toys" "Mozilla/4.0 (compatible; MSIE 8.0; Windows NT 5.1; Trident/4.0; BTRS122159; GTB7.2; .NET CLR 1.1.4322; .NET CLR 2.0.50727; .NET CLR 3.0.04506.30; .NET CLR 3.0.4506.2152; .NET CLR 3.5.30729; BRI/2)"
212.192.182.120 - - [17/Nov/2017:14:43:40 +0000] "GET /category/giftcards HTTP/1.1" 200 43 "-" "Mozilla/5.0 (compatible; MSIE 9.0; Windows NT 6.1; Trident/5.0)"
120.225.200.117 - - [17/Nov/2017:14:43:45 +0000] "GET /item/software/71 HTTP/1.1" 200 116 "/item/garden/2199" "Mozilla/4.0 (compatible; MSIE 8.0; Windows NT 6.0; WOW64; Trident/4.0; GTB6; SLCC1; .NET CLR 2.0.50727; Media Center PC 5.0; .NET CLR 3.5.30729; .NET CLR 3.0.30618; .NET4.0C)"
40.33.157.65 - - [17/Nov/2017:14:43:50 +0000] "GET /category/software HTTP/1.1" 200 85 "/item/books/1440" "Mozilla/4.0 (compatible; MSIE 8.0; Windows NT 6.1; WOW64; Trident/4.0; GTB7.2; SLCC2; .NET CLR 2.0.50727; .NET CLR 3.5.30729; .NET CLR 3.0.30729; Media Center PC 6.0; .NET4.0C)"
80.189.195.176 - - [17/Nov/2017:14:43:55 +0000] "GET /item/health/3531 HTTP/1.1" 200 50 "/category/giftcards" "Mozilla/4.0 (compatible; MSIE 8.0; Windows NT 6.1; WOW64; Trident/4.0; GTB7.2; SLCC2; .NET CLR 2.0.50727; .NET CLR 3.5.30729; .NET CLR 3.0.30729; Media Center PC 6.0; .NET4.0C)"
36.144.139.176 - - [17/Nov/2017:14:44:00 +0000] "GET /category/jewelry HTTP/1.1" 200 111 "/search/?c=Software" "Mozilla/5.0 (compatible; MSIE 9.0; Windows NT 6.1; Trident/5.0)"
144.72.194.63 - - [17/Nov/2017:14:44:05 +0000] "GET /item/garden/4648 HTTP/1.1" 200 76 "/category/finance?from=10" "Mozilla/5.0 (Windows NT 6.1; WOW64) AppleWebKit/535.7 (KHTML, like Gecko) Chrome/16.0.912.77 Safari/535.7"
88.132.208.162 - - [17/Nov/2017:14:44:10 +0000] "GET /category/electronics HTTP/1.1" 200 46 "/item/electronics/4251" "Mozilla/5.0 (Windows NT 6.0; rv:10.0.1) Gecko/20100101 Firefox/10.0.1"
196.36.158.223 - - [17/Nov/2017:14:44:15 +0000] "GET /category/software HTTP/1.1" 200 105 "/category/electronics" "Mozilla/5.0 (Windows NT 6.0) AppleWebKit/535.11 (KHTML, like Gecko) Chrome/17.0.963.56 Safari/535.11"
180.69.110.215 - - [17/Nov/2017:14:44:20 +0000] "GET /category/music HTTP/1.1" 200 53 "/category/jewelry" "Mozilla/5.0 (Windows NT 6.1; WOW64) AppleWebKit/535.11 (KHTML, like Gecko) Chrome/17.0.963.56 Safari/535.11"
220.222.196.154 - - [17/Nov/2017:14:44:25 +0000] "GET /item/giftcards/3166 HTTP/1.1" 200 108 "-" "Mozilla/5.0 (compatible; MSIE 9.0; Windows NT 6.1; Trident/5.0)"
168.99.27.181 - - [17/Nov/2017:14:44:30 +0000] "GET /category/garden HTTP/1.1" 200 86 "/category/garden" "Mozilla/5.0 (compatible; MSIE 9.0; Windows NT 6.1; Trident/5.0)"
44.132.127.218 - - [17/Nov/2017:14:44:35 +0000] "GET /category/software HTTP/1.1" 200 71 "/item/electronics/3224" "Mozilla/5.0 (compatible; MSIE 9.0; Windows NT 6.1; WOW64; Trident/5.0)"
160.135.24.226 - - [17/Nov/2017:14:44:40 +0000] "GET /category/health HTTP/1.1" 200 137 "/search/?c=Toys+Games" "Mozilla/4.0 (compatible; MSIE 8.0; Windows NT 6.1; WOW64; Trident/4.0; YTB730; GTB7.2; SLCC2; .NET CLR 2.0.50727; .NET CLR 3.5.30729; .NET CLR 3.0.30729; .NET4.0C; .NET4.0E; Media Center PC 6.0)"
112.69.33.49 - - [17/Nov/2017:14:44:45 +0000] "GET /category/electronics HTTP/1.1" 200 138 "/item/software/517" "Mozilla/5.0 (Macintosh; Intel Mac OS X 10.6; rv:9.0.1) Gecko/20100101 Firefox/9.0.1"
76.219.110.59 - - [17/Nov/2017:14:44:50 +0000] "GET /item/games/4762 HTTP/1.1" 200 96 "/search/?c=Games+Networking" "Mozilla/4.0 (compatible; MSIE 8.0; Windows NT 5.1; Trident/4.0; YTB720; GTB7.2; .NET CLR 1.1.4322; .NET CLR 2.0.50727; .NET CLR 3.0.4506.2152; .NET CLR 3.5.30729)"
128.27.201.209 - - [17/Nov/2017:14:44:55 +0000] "GET /category/software HTTP/1.1" 200 81 "/category/software" "Mozilla/4.0 (compatible; MSIE 8.0; Windows NT 5.1; Trident/4.0; YTB720; GTB7.2; .NET CLR 1.1.4322; .NET CLR 2.0.50727; .NET CLR 3.0.4506.2152; .NET CLR 3.5.30729)"
196.216.204.193 - - [17/Nov/2017:14:45:00 +0000] "GET /category/software HTTP/1.1" 200 55 "http://www.google.com/search?ie=UTF-8&q=google&sclient=psy-ab&q=Software&oq=Software&aq=f&aqi=g-vL1&aql=&pbx=1&bav=on.2,or.r_gc.r_pw.r_qf.,cf.osb&biw=415&bih=406" "Mozilla/5.0 (compatible; MSIE 9.0; Windows NT 6.1; WOW64; Trident/5.0)"
44.165.199.141 - - [17/Nov/2017:14:45:05 +0000] "GET /category/toys HTTP/1.1" 200 47 "-" "Mozilla/5.0 (iPad; CPU OS 5_0_1 like Mac OS X) AppleWebKit/534.46 (KHTML, like Gecko) Version/5.1 Mobile/9A405 Safari/7534.48.3"
128.123.27.92 - - [17/Nov/2017:14:45:10 +0000] "GET /category/toys HTTP/1.1" 200 57 "/category/computers" "Mozilla/5.0 (compatible; MSIE 9.0; Windows NT 6.1; Trident/5.0)"
148.213.116.158 - - [17/Nov/2017:14:45:15 +0000] "GET /item/software/1831 HTTP/1.1" 200 69 "/category/computers" "Mozilla/5.0 (Windows NT 6.1; WOW64; rv:10.0.1) Gecko/20100101 Firefox/10.0.1"
20.132.185.140 - - [17/Nov/2017:14:45:20 +0000] "GET /item/networking/3979 HTTP/1.1" 200 66 "/category/jewelry" "Mozilla/5.0 (compatible; Googlebot/2.1; +http://www.google.com/bot.html)"
72.138.35.193 - - [17/Nov/2017:14:45:25 +0000] "GET /category/electronics HTTP/1.1" 200 61 "-" "Mozilla/5.0 (iPhone; CPU iPhone OS 5_0_1 like Mac OS X) AppleWebKit/534.46 (KHTML, like Gecko) Version/5.1 Mobile/9A405 Safari/7534.48.3"
184.60.35.189 - - [17/Nov/2017:14:45:30 +0000] "GET /category/giftcards HTTP/1.1" 200 49 "-" "Mozilla/5.0 (Windows NT 6.1; WOW64) AppleWebKit/535.7 (KHTML, like Gecko) Chrome/16.0.912.77 Safari/535.7"
128.123.134.69 - - [17/Nov/2017:14:45:35 +0000] "GET /item/sports/4622 HTTP/1.1" 200 109 "/category/garden?from=0" "Mozilla/5.0 (compatible; MSIE 9.0; Windows NT 6.1; Trident/5.0)"
140.183.67.108 - - [17/Nov/2017:14:45:40 +0000] "GET /item/computers/4707 HTTP/1.1" 200 115 "/category/office" "Mozilla/5.0 (iPhone; CPU iPhone OS 5_0_1 like Mac OS X) AppleWebKit/534.46 (KHTML, like Gecko) Version/5.1 Mobile/9A405 Safari/7534.48.3"
180.150.61.142 - - [17/Nov/2017:14:45:45 +0000] "GET /item/music/4004 HTTP/1.1" 200 64 "http://www.google.com/search?ie=UTF-8&q=google&sclient=psy-ab&q=Music&oq=Music&aq=f&aqi=g-vL1&aql=&pbx=1&bav=on.2,or.r_gc.r_pw.r_qf.,cf.osb&biw=3983&bih=573" "Mozilla/5.0 (compatible; MSIE 9.0; Windows NT 6.1; WOW64; Trident/5.0)"
224.27.173.79 - - [17/Nov/2017:14:45:50 +0000] "GET /category/computers HTTP/1.1" 200 45 "/item/software/2456" "Mozilla/5.0 (compatible; MSIE 9.0; Windows NT 6.1; Trident/5.0)"
88.123.35.97 - - [17/Nov/2017:14:45:55 +0000] "GET /category/games HTTP/1.1" 200 63 "-" "Mozilla/5.0 (Macintosh; Intel Mac OS X 10.6; rv:9.0.1) Gecko/20100101 Firefox/9.0.1"
108.171.226.164 - - [17/Nov/2017:14:46:00 +0000] "GET /category/computers HTTP/1.1" 200 113 "/item/office/851" "Mozilla/5.0 (Macintosh; Intel Mac OS X 10.6; rv:9.0.1) Gecko/20100101 Firefox/9.0.1"
208.180.46.35 - - [17/Nov/2017:14:46:05 +0000] "POST /search/?c=Toys HTTP/1.1" 200 96 "/item/software/2109" "Mozilla/5.0 (compatible; MSIE 9.0; Windows NT 6.1; WOW64; Trident/5.0)"
20.84.216.48 - - [17/Nov/2017:14:46:10 +0000] "GET /item/games/2827 HTTP/1.1" 200 113 "/item/books/4067" "Mozilla/5.0 (Macintosh; Intel Mac OS X 10.6; rv:9.0.1) Gecko/20100101 Firefox/9.0.1"
32.213.139.23 - - [17/Nov/2017:14:46:15 +0000] "GET /category/electronics HTTP/1.1" 200 138 "/item/games/4398" "Mozilla/4.0 (compatible; MSIE 8.0; Windows NT 6.1; WOW64; Trident/4.0; GTB7.2; SLCC2; .NET CLR 2.0.50727; .NET CLR 3.5.30729; .NET CLR 3.0.30729; Media Center PC 6.0; .NET4.0C)"
52.216.223.224 - - [17/Nov/2017:14:46:20 +0000] "GET /category/office HTTP/1.1" 200 57 "/category/software?from=10" "Mozilla/5.0 (Windows NT 6.0; rv:10.0.1) Gecko/20100101 Firefox/10.0.1"
68.195.70.77 - - [17/Nov/2017:14:46:25 +0000] "GET /item/electronics/1195 HTTP/1.1" 200 46 "/search/?c=Electronics+Software" "Mozilla/5.0 (Windows NT 6.0) AppleWebKit/535.11 (KHTML, like Gecko) Chrome/17.0.963.56 Safari/535.11"
60.147.125.150 - - [17/Nov/2017:14:46:30 +0000] "GET /category/jewelry HTTP/1.1" 200 102 "-" "Mozilla/5.0 (compatible; MSIE 9.0; Windows NT 6.1; Trident/5.0)"
216.156.23.194 - - [17/Nov/2017:14:46:35 +0000] "GET /item/garden/4804 HTTP/1.1" 200 82 "/item/games/526" "Mozilla/4.0 (compatible; MSIE 8.0; Windows NT 6.1; WOW64; Trident/4.0; YTB730; GTB7.2; EasyBits GO v1.0; SLCC2; .NET CLR 2.0.50727; .NET CLR 3.5.30729; .NET CLR 3.0.30729; Media Center PC 6.0; .NET4.0C)"
140.75.187.67 - - [17/Nov/2017:14:46:40 +0000] "POST /search/?c=Toys HTTP/1.1" 200 72 "-" "Mozilla/5.0 (compatible; MSIE 9.0; Windows NT 6.1; WOW64; Trident/5.0)"
92.147.59.203 - - [17/Nov/2017:14:46:45 +0000] "GET /item/electronics/950 HTTP/1.1" 200 92 "/category/jewelry" "Mozilla/5.0 (Windows NT 6.1; WOW64) AppleWebKit/535.11 (KHTML, like Gecko) Chrome/17.0.963.56 Safari/535.11"
64.219.70.102 - - [17/Nov/2017:14:46:50 +0000] "GET /category/toys HTTP/1.1" 200 129 "/item/software/3387" "Mozilla/5.0 (Macintosh; Intel Mac OS X 10.6; rv:9.0.1) Gecko/20100101 Firefox/9.0.1"
148.99.211.139 - - [17/Nov/2017:14:46:55 +0000] "GET /category/software HTTP/1.1" 200 104 "-" "Mozilla/4.0 (compatible; MSIE 8.0; Windows NT 6.1; WOW64; Trident/4.0; YTB730; GTB7.2; SLCC2; .NET CLR 2.0.50727; .NET CLR 3.5.30729; .NET CLR 3.0.30729; .NET4.0C; .NET4.0E; Media Center PC 6.0)"
184.144.144.34 - - [17/Nov/2017:14:47:00 +0000] "GET /category/software?from=10 HTTP/1.1" 200 95 "-" "Mozilla/5.0 (compatible; MSIE 9.0; Windows NT 6.1; WOW64; Trident/5.0)"
152.21.213.161 - - [17/Nov/2017:14:47:05 +0000] "GET /category/garden HTTP/1.1" 200 117 "/item/electronics/1344" "Mozilla/5.0 (iPad; CPU OS 5_0_1 like Mac OS X) AppleWebKit/534.46 (KHTML, like Gecko) Version/5.1 Mobile/9A405 Safari/7534.48.3"
76.180.131.65 - - [17/Nov/2017:14:47:10 +0000] "GET /item/software/4520 HTTP/1.1" 200 75 "/category/electronics" "Mozilla/4.0 (compatible; MSIE 8.0; Windows NT 5.1; Trident/4.0; BTRS122159; GTB7.2; .NET CLR 1.1.4322; .NET CLR 2.0.50727; .NET CLR 3.0.04506.30; .NET CLR 3.0.4506.2152; .NET CLR 3.5.30729; BRI/2)"
32.132.45.143 - - [17/Nov/2017:14:47:15 +0000] "GET /category/electronics HTTP/1.1" 200 63 "/category/electronics" "Mozilla/5.0 (Windows NT 6.1; WOW64) AppleWebKit/535.7 (KHTML, like Gecko) Chrome/16.0.912.77 Safari/535.7"
116.63.29.208 - - [17/Nov/2017:14:47:20 +0000] "GET /category/giftcards?from=10 HTTP/1.1" 200 100 "/search/?c=Giftcards+Software" "Mozilla/5.0 (Windows NT 6.0; rv:10.0.1) Gecko/20100101 Firefox/10.0.1"
160.156.210.144 - - [17/Nov/2017:14:47:25 +0000] "GET /category/health HTTP/1.1" 200 132 "-" "Mozilla/5.0 (Windows NT 6.0; rv:10.0.1) Gecko/20100101 Firefox/10.0.1"
140.27.162.195 - - [17/Nov/2017:14:47:30 +0000] "GET /item/software/2512 HTTP/1.1" 200 112 "/category/books" "Mozilla/5.0 (Windows NT 6.1; WOW64) AppleWebKit/535.7 (KHTML, like Gecko) Chrome/16.0.912.77 Safari/535.7"
156.105.121.202 - - [17/Nov/2017:14:47:35 +0000] "GET /item/garden/4383 HTTP/1.1" 200 95 "-" "Mozilla/5.0 (Windows NT 6.1; WOW64; rv:10.0.1) Gecko/20100101 Firefox/10.0.1"
188.171.194.118 - - [17/Nov/2017:14:47:40 +0000] "GET /category/electronics HTTP/1.1" 200 72 "-" "Mozilla/5.0 (iPhone; CPU iPhone OS 5_0_1 like Mac OS X) AppleWebKit/534.46 (KHTML, like Gecko) Version/5.1 Mobile/9A405 Safari/7534.48.3"
188.78.192.171 - - [17/Nov/2017:14:47:45 +0000] "GET /item/electronics/2670 HTTP/1.1" 200 51 "/category/electronics" "Mozilla/4.0 (compatible; MSIE 8.0; Windows NT 5.1; Trident/4.0; YTB720; GTB7.2; .NET CLR 1.1.4322; .NET CLR 2.0.50727; .NET CLR 3.0.4506.2152; .NET CLR 3.5.30729)"
56.36.38.124 - - [17/Nov/2017:14:47:50 +0000] "GET /category/office?from=0 HTTP/1.1" 200 93 "/category/office" "Mozilla/5.0 (Windows NT 5.1) AppleWebKit/535.11 (KHTML, like Gecko) Chrome/17.0.963.46 Safari/535.11"
160.45.81.35 - - [17/Nov/2017:14:47:55 +0000] "GET /category/games?from=0 HTTP/1.1" 200 124 "/item/books/953" "Mozilla/5.0 (compatible; Googlebot/2.1; +http://www.google.com/bot.html)"
84.189.117.50 - - [17/Nov/2017:14:48:00 +0000] "GET /item/software/2456 HTTP/1.1" 200 77 "/search/?c=Software+Games" "Mozilla/5.0 (Macintosh; Intel Mac OS X 10.6; rv:9.0.1) Gecko/20100101 Firefox/9.0.1"
92.180.25.27 - - [17/Nov/2017:14:48:05 +0000] "GET /category/networking HTTP/1.1" 200 127 "/category/books" "Mozilla/5.0 (Windows NT 6.1; WOW64; rv:10.0.1) Gecko/20100101 Firefox/10.0.1"
120.129.24.195 - - [17/Nov/2017:14:48:10 +0000] "GET /item/music/4221 HTTP/1.1" 200 94 "-" "Mozilla/5.0 (Windows NT 6.1; WOW64) AppleWebKit/535.7 (KHTML, like Gecko) Chrome/16.0.912.77 Safari/535.7"
140.138.221.130 - - [17/Nov/2017:14:48:15 +0000] "POST /search/?c=Finance HTTP/1.1" 200 85 "-" "Mozilla/5.0 (Windows NT 6.0) AppleWebKit/535.11 (KHTML, like Gecko) Chrome/17.0.963.56 Safari/535.11"
32.171.95.119 - - [17/Nov/2017:14:48:20 +0000] "GET /category/giftcards HTTP/1.1" 200 126 "/category/office" "Mozilla/5.0 (Windows NT 6.0; rv:10.0.1) Gecko/20100101 Firefox/10.0.1"
80.114.224.190 - - [17/Nov/2017:14:48:25 +0000] "GET /item/software/992 HTTP/1.1" 200 113 "/category/garden?from=0" "Mozilla/4.0 (compatible; MSIE 8.0; Windows NT 6.1; WOW64; Trident/4.0; GTB7.2; SLCC2; .NET CLR 2.0.50727; .NET CLR 3.5.30729; .NET CLR 3.0.30729; Media Center PC 6.0; .NET4.0C)"
184.210.102.195 - - [17/Nov/2017:14:48:30 +0000] "POST /search/?c=Electronics+Software HTTP/1.1" 200 77 "-" "Mozilla/4.0 (compatible; MSIE 8.0; Windows NT 5.1; Trident/4.0; YTB720; GTB7.2; .NET CLR 1.1.4322; .NET CLR 2.0.50727; .NET CLR 3.0.4506.2152; .NET CLR 3.5.30729)"
104.69.39.75 - - [17/Nov/2017:14:48:35 +0000] "GET /item/office/394 HTTP/1.1" 200 65 "-" "Mozilla/5.0 (iPad; CPU OS 5_0_1 like Mac OS X) AppleWebKit/534.46 (KHTML, like Gecko) Version/5.1 Mobile/9A405 Safari/7534.48.3"
196.57.59.219 - - [17/Nov/2017:14:48:40 +0000] "GET /category/office HTTP/1.1" 200 51 "/category/garden" "Mozilla/5.0 (Windows NT 6.1; WOW64; rv:10.0.1) Gecko/20100101 Firefox/10.0.1"
220.30.157.208 - - [17/Nov/2017:14:48:45 +0000] "GET /category/electronics HTTP/1.1" 200 83 "/item/books/1573" "Mozilla/5.0 (Windows NT 6.0) AppleWebKit/535.11 (KHTML, like Gecko) Chrome/17.0.963.56 Safari/535.11"
100.186.30.119 - - [17/Nov/2017:14:48:50 +0000] "POST /search/?c=Electronics HTTP/1.1" 200 101 "/search/?c=Cameras+Finance" "Mozilla/5.0 (Windows NT 6.0; rv:10.0.1) Gecko/20100101 Firefox/10.0.1"
76.168.181.34 - - [17/Nov/2017:14:48:55 +0000] "GET /item/books/4586 HTTP/1.1" 200 130 "-" "Mozilla/5.0 (Windows NT 5.1) AppleWebKit/535.11 (KHTML, like Gecko) Chrome/17.0.963.46 Safari/535.11"
224.183.83.85 - - [17/Nov/2017:14:49:00 +0000] "GET /item/software/2190 HTTP/1.1" 200 70 "/item/electronics/2277" "Mozilla/5.0 (compatible; Googlebot/2.1; +http://www.google.com/bot.html)"
44.198.69.129 - - [17/Nov/2017:14:49:05 +0000] "GET /category/software?from=10 HTTP/1.1" 200 95 "-" "Mozilla/5.0 (compatible; Googlebot/2.1; +http://www.google.com/bot.html)"
100.195.21.152 - - [17/Nov/2017:14:49:10 +0000] "GET /item/electronics/3377 HTTP/1.1" 200 125 "http://www.google.com/search?ie=UTF-8&q=google&sclient=psy-ab&q=Electronics+Electronics&oq=Electronics+Electronics&aq=f&aqi=g-vL1&aql=&pbx=1&bav=on.2,or.r_gc.r_pw.r_qf.,cf.osb&biw=2848&bih=171" "Mozilla/5.0 (iPhone; CPU iPhone OS 5_0_1 like Mac OS X) AppleWebKit/534.46 (KHTML, like Gecko) Version/5.1 Mobile/9A405 Safari/7534.48.3"
216.129.86.169 - - [17/Nov/2017:14:49:15 +0000] "GET /category/books?from=20 HTTP/1.1" 200 80 "/category/books" "Mozilla/5.0 (Windows NT 6.1; WOW64) AppleWebKit/535.7 (KHTML, like Gecko) Chrome/16.0.912.77 Safari/535.7"
108.102.68.52 - - [17/Nov/2017:14:49:20 +0000] "GET /item/toys/3743 HTTP/1.1" 200 46 "/search/?c=Toys+Games" "Mozilla/5.0 (compatible; MSIE 9.0; Windows NT 6.1; WOW64; Trident/5.0)"
200.102.224.162 - - [17/Nov/2017:14:49:25 +0000] "GET /category/music HTTP/1.1" 200 44 "/item/software/4545" "Mozilla/5.0 (Macintosh; Intel Mac OS X 10.6; rv:9.0.1) Gecko/20100101 Firefox/9.0.1"
84.207.145.22 - - [17/Nov/2017:14:49:30 +0000] "GET /item/books/1440 HTTP/1.1" 200 108 "/category/finance" "Mozilla/4.0 (compatible; MSIE 8.0; Windows NT 5.1; Trident/4.0; YTB720; GTB7.2; .NET CLR 1.1.4322; .NET CLR 2.0.50727; .NET CLR 3.0.4506.2152; .NET CLR 3.5.30729)"
168.225.50.133 - - [17/Nov/2017:14:49:35 +0000] "GET /item/computers/4707 HTTP/1.1" 200 115 "/search/?c=Office+Electronics" "Mozilla/5.0 (compatible; MSIE 9.0; Windows NT 6.1; WOW64; Trident/5.0)"
200.192.163.62 - - [17/Nov/2017:14:49:40 +0000] "GET /item/computers/770 HTTP/1.1" 200 105 "/search/?c=Computers+Office" "Mozilla/4.0 (compatible; MSIE 8.0; Windows NT 6.1; WOW64; Trident/4.0; YTB730; GTB7.2; SLCC2; .NET CLR 2.0.50727; .NET CLR 3.5.30729; .NET CLR 3.0.30729; .NET4.0C; .NET4.0E; Media Center PC 6.0)"
164.135.167.29 - - [17/Nov/2017:14:49:45 +0000] "GET /category/health?from=0 HTTP/1.1" 200 81 "/category/software" "Mozilla/4.0 (compatible; MSIE 8.0; Windows NT 5.1; Trident/4.0; YTB720; GTB7.2; .NET CLR 1.1.4322; .NET CLR 2.0.50727; .NET CLR 3.0.4506.2152; .NET CLR 3.5.30729)"
104.207.115.95 - - [17/Nov/2017:14:49:50 +0000] "POST /search/?c=Electronics+Software HTTP/1.1" 200 67 "/category/garden" "Mozilla/5.0 (compatible; MSIE 9.0; Windows NT 6.1; WOW64; Trident/5.0)"
104.225.169.202 - - [17/Nov/2017:14:49:55 +0000] "GET /item/software/875 HTTP/1.1" 200 132 "/search/?c=Software" "Mozilla/5.0 (Windows NT 6.1; WOW64) AppleWebKit/535.11 (KHTML, like Gecko) Chrome/17.0.963.56 Safari/535.11"
168.156.229.181 - - [17/Nov/2017:14:50:00 +0000] "GET /category/books?from=20 HTTP/1.1" 200 121 "/category/office" "Mozilla/5.0 (compatible; MSIE 9.0; Windows NT 6.1; WOW64; Trident/5.0)"
56.24.223.76 - - [17/Nov/2017:14:50:05 +0000] "GET /item/books/335 HTTP/1.1" 200 49 "/search/?c=Books" "Mozilla/4.0 (compatible; MSIE 8.0; Windows NT 6.1; Trident/4.0; YTB730; SLCC2; .NET CLR 2.0.50727; .NET CLR 3.5.30729; .NET CLR 3.0.30729; Media Center PC 6.0; .NET4.0C)"
160.207.59.34 - - [17/Nov/2017:14:50:10 +0000] "POST /search/?c=Software+Games HTTP/1.1" 200 97 "/category/software" "Mozilla/5.0 (Macintosh; Intel Mac OS X 10.6; rv:9.0.1) Gecko/20100101 Firefox/9.0.1"
40.135.213.74 - - [17/Nov/2017:14:50:15 +0000] "GET /category/finance HTTP/1.1" 200 49 "/item/garden/4804" "Mozilla/5.0 (Windows NT 6.0) AppleWebKit/535.11 (KHTML, like Gecko) Chrome/17.0.963.56 Safari/535.11"
96.159.160.163 - - [17/Nov/2017:14:50:20 +0000] "GET /category/books HTTP/1.1" 200 136 "/item/electronics/3393" "Mozilla/5.0 (Windows NT 6.0; rv:10.0.1) Gecko/20100101 Firefox/10.0.1"
116.144.123.207 - - [17/Nov/2017:14:50:25 +0000] "GET /category/games HTTP/1.1" 200 57 "/category/music" "Mozilla/5.0 (Windows NT 6.0; rv:10.0.1) Gecko/20100101 Firefox/10.0.1"
116.24.121.47 - - [17/Nov/2017:14:50:30 +0000] "GET /item/books/939 HTTP/1.1" 200 48 "/category/books" "Mozilla/4.0 (compatible; MSIE 8.0; Windows NT 5.1; Trident/4.0; YTB720; GTB7.2; .NET CLR 1.1.4322; .NET CLR 2.0.50727; .NET CLR 3.0.4506.2152; .NET CLR 3.5.30729)"
32.177.40.26 - - [17/Nov/2017:14:50:35 +0000] "GET /item/games/2779 HTTP/1.1" 200 56 "/category/software" "Mozilla/4.0 (compatible; MSIE 8.0; Windows NT 6.1; WOW64; Trident/4.0; YTB730; GTB7.2; EasyBits GO v1.0; SLCC2; .NET CLR 2.0.50727; .NET CLR 3.5.30729; .NET CLR 3.0.30729; Media Center PC 6.0; .NET4.0C)"
80.114.67.84 - - [17/Nov/2017:14:50:40 +0000] "GET /category/electronics HTTP/1.1" 200 64 "/item/electronics/2868" "Mozilla/5.0 (compatible; Googlebot/2.1; +http://www.google.com/bot.html)"
96.159.160.163 - - [17/Nov/2017:14:50:45 +0000] "POST /search/?c=Health HTTP/1.1" 200 60 "/category/software" "Mozilla/5.0 (Windows NT 6.1; WOW64; rv:10.0.1) Gecko/20100101 Firefox/10.0.1"
200.114.202.134 - - [17/Nov/2017:14:50:50 +0000] "GET /category/games HTTP/1.1" 200 69 "-" "Mozilla/4.0 (compatible; MSIE 8.0; Windows NT 6.0; WOW64; Trident/4.0; GTB6; SLCC1; .NET CLR 2.0.50727; Media Center PC 5.0; .NET CLR 3.5.30729; .NET CLR 3.0.30618; .NET4.0C)"
220.36.59.198 - - [17/Nov/2017:14:50:55 +0000] "POST /search/?c=Books+Finance HTTP/1.1" 200 93 "-" "Mozilla/5.0 (compatible; MSIE 9.0; Windows NT 6.1; WOW64; Trident/5.0)"
24.150.142.226 - - [17/Nov/2017:14:51:00 +0000] "GET /category/health HTTP/1.1" 200 59 "-" "Mozilla/4.0 (compatible; MSIE 8.0; Windows NT 6.0; WOW64; Trident/4.0; GTB6; SLCC1; .NET CLR 2.0.50727; Media Center PC 5.0; .NET CLR 3.5.30729; .NET CLR 3.0.30618; .NET4.0C)"
24.225.171.131 - - [17/Nov/2017:14:51:05 +0000] "GET /category/office?from=0 HTTP/1.1" 200 50 "/search/?c=Electronics+Toys" "Mozilla/5.0 (Windows NT 6.1; WOW64; rv:10.0.1) Gecko/20100101 Firefox/10.0.1"
208.210.156.79 - - [17/Nov/2017:14:51:10 +0000] "GET /category/music HTTP/1.1" 200 117 "/item/giftcards/2452" "Mozilla/4.0 (compatible; MSIE 8.0; Windows NT 6.1; WOW64; Trident/4.0; YTB730; GTB7.2; EasyBits GO v1.0; SLCC2; .NET CLR 2.0.50727; .NET CLR 3.5.30729; .NET CLR 3.0.30729; Media Center PC 6.0; .NET4.0C)"
180.192.53.62 - - [17/Nov/2017:14:51:15 +0000] "GET /category/networking HTTP/1.1" 200 46 "-" "Mozilla/4.0 (compatible; MSIE 8.0; Windows NT 5.1; Trident/4.0; YTB720; GTB7.2; .NET CLR 1.1.4322; .NET CLR 2.0.50727; .NET CLR 3.0.4506.2152; .NET CLR 3.5.30729)"
124.210.121.29 - - [17/Nov/2017:14:51:20 +0000] "GET /category/music HTTP/1.1" 200 138 "/category/software" "Mozilla/4.0 (compatible; MSIE 8.0; Windows NT 6.1; WOW64; Trident/4.0; GTB7.2; SLCC2; .NET CLR 2.0.50727; .NET CLR 3.5.30729; .NET CLR 3.0.30729; Media Center PC 6.0; .NET4.0C)"
140.93.196.122 - - [17/Nov/2017:14:51:25 +0000] "POST /search/?c=Electronics HTTP/1.1" 200 130 "/search/?c=Electronics" "Mozilla/4.0 (compatible; MSIE 8.0; Windows NT 5.1; Trident/4.0; YTB720; GTB7.2; .NET CLR 1.1.4322; .NET CLR 2.0.50727; .NET CLR 3.0.4506.2152; .NET CLR 3.5.30729)"
140.27.162.195 - - [17/Nov/2017:14:51:30 +0000] "GET /item/electronics/2451 HTTP/1.1" 200 108 "/search/?c=Electronics+Electronics" "Mozilla/5.0 (Windows NT 6.1; WOW64) AppleWebKit/535.11 (KHTML, like Gecko) Chrome/17.0.963.56 Safari/535.11"
128.123.27.92 - - [17/Nov/2017:14:51:35 +0000] "GET /category/office?from=10 HTTP/1.1" 200 88 "/search/?c=Office" "Mozilla/5.0 (Windows NT 6.1; WOW64) AppleWebKit/535.11 (KHTML, like Gecko) Chrome/17.0.963.56 Safari/535.11"
128.27.201.209 - - [17/Nov/2017:14:51:40 +0000] "GET /category/giftcards HTTP/1.1" 200 59 "/category/games" "Mozilla/5.0 (compatible; MSIE 9.0; Windows NT 6.1; WOW64; Trident/5.0)"
32.105.122.34 - - [17/Nov/2017:14:51:45 +0000] "GET /item/electronics/3162 HTTP/1.1" 200 71 "/item/electronics/266" "Mozilla/5.0 (compatible; MSIE 9.0; Windows NT 6.1; WOW64; Trident/5.0)"
80.162.143.170 - - [17/Nov/2017:14:51:50 +0000] "GET /category/books HTTP/1.1" 200 129 "-" "Mozilla/5.0 (Windows NT 5.1) AppleWebKit/535.11 (KHTML, like Gecko) Chrome/17.0.963.46 Safari/535.11"
184.135.39.104 - - [17/Nov/2017:14:51:55 +0000] "GET /item/software/4520 HTTP/1.1" 200 75 "-" "Mozilla/5.0 (Windows NT 6.0; rv:10.0.1) Gecko/20100101 Firefox/10.0.1"
100.66.170.80 - - [17/Nov/2017:14:52:00 +0000] "GET /category/games HTTP/1.1" 200 59 "-" "Mozilla/5.0 (Macintosh; Intel Mac OS X 10.6; rv:9.0.1) Gecko/20100101 Firefox/9.0.1"
188.162.174.58 - - [17/Nov/2017:14:52:05 +0000] "GET /category/software HTTP/1.1" 200 49 "/category/electronics" "Mozilla/5.0 (Windows NT 6.1; WOW64) AppleWebKit/535.11 (KHTML, like Gecko) Chrome/17.0.963.56 Safari/535.11"
96.72.174.129 - - [17/Nov/2017:14:52:10 +0000] "GET /category/electronics HTTP/1.1" 200 51 "-" "Mozilla/4.0 (compatible; MSIE 8.0; Windows NT 6.1; WOW64; Trident/4.0; YTB730; GTB7.2; SLCC2; .NET CLR 2.0.50727; .NET CLR 3.5.30729; .NET CLR 3.0.30729; .NET4.0C; .NET4.0E; Media Center PC 6.0)"
80.39.121.152 - - [17/Nov/2017:14:52:15 +0000] "GET /category/electronics HTTP/1.1" 200 138 "/category/electronics" "Mozilla/5.0 (Windows NT 5.1) AppleWebKit/535.11 (KHTML, like Gecko) Chrome/17.0.963.46 Safari/535.11"
128.123.27.92 - - [17/Nov/2017:14:52:20 +0000] "POST /search/?c=Giftcards+Games HTTP/1.1" 200 116 "/item/electronics/2426" "Mozilla/5.0 (Macintosh; Intel Mac OS X 10.6; rv:9.0.1) Gecko/20100101 Firefox/9.0.1"
224.153.72.151 - - [17/Nov/2017:14:52:25 +0000] "POST /search/?c=Jewelry HTTP/1.1" 200 89 "/item/games/3390" "Mozilla/5.0 (Windows NT 6.1; WOW64) AppleWebKit/535.11 (KHTML, like Gecko) Chrome/17.0.963.56 Safari/535.11"
76.93.187.155 - - [17/Nov/2017:14:52:30 +0000] "GET /item/software/2434 HTTP/1.1" 200 120 "/category/software" "Mozilla/5.0 (Windows NT 6.1; WOW64) AppleWebKit/535.11 (KHTML, like Gecko) Chrome/17.0.963.56 Safari/535.11"
136.129.115.173 - - [17/Nov/2017:14:52:35 +0000] "GET /item/electronics/2868 HTTP/1.1" 200 41 "-" "Mozilla/5.0 (Windows NT 6.0; rv:10.0.1) Gecko/20100101 Firefox/10.0.1"
176.153.215.204 - - [17/Nov/2017:14:52:40 +0000] "GET /item/toys/3743 HTTP/1.1" 200 46 "/item/music/2069" "Mozilla/5.0 (Windows NT 6.0) AppleWebKit/535.11 (KHTML, like Gecko) Chrome/17.0.963.56 Safari/535.11"
124.210.121.29 - - [17/Nov/2017:14:52:45 +0000] "GET /item/books/3977 HTTP/1.1" 200 56 "/search/?c=Books+Electronics" "Mozilla/4.0 (compatible; MSIE 8.0; Windows NT 6.1; WOW64; Trident/4.0; GTB7.2; SLCC2; .NET CLR 2.0.50727; .NET CLR 3.5.30729; .NET CLR 3.0.30729; Media Center PC 6.0; .NET4.0C)"
176.210.158.39 - - [17/Nov/2017:14:52:50 +0000] "GET /category/books HTTP/1.1" 200 125 "/item/toys/2937" "Mozilla/5.0 (Macintosh; Intel Mac OS X 10.6; rv:9.0.1) Gecko/20100101 Firefox/9.0.1"
116.222.179.198 - - [17/Nov/2017:14:52:55 +0000] "GET /item/books/4818 HTTP/1.1" 200 71 "/search/?c=Software" "Mozilla/5.0 (Windows NT 5.1) AppleWebKit/535.11 (KHTML, like Gecko) Chrome/17.0.963.46 Safari/535.11"
176.93.138.138 - - [17/Nov/2017:14:53:00 +0000] "GET /category/electronics HTTP/1.1" 200 77 "/category/electronics" "Mozilla/5.0 (Windows NT 6.1; WOW64) AppleWebKit/535.11 (KHTML, like Gecko) Chrome/17.0.963.56 Safari/535.11"
84.216.40.211 - - [17/Nov/2017:14:53:05 +0000] "GET /item/games/1885 HTTP/1.1" 200 83 "/category/software" "Mozilla/5.0 (Windows NT 6.1; WOW64) AppleWebKit/535.7 (KHTML, like Gecko) Chrome/16.0.912.77 Safari/535.7"
156.105.121.202 - - [17/Nov/2017:14:53:10 +0000] "GET /category/health HTTP/1.1" 200 105 "-" "Mozilla/5.0 (Windows NT 6.1; WOW64; rv:10.0.1) Gecko/20100101 Firefox/10.0.1"
100.48.146.116 - - [17/Nov/2017:14:53:15 +0000] "GET /item/sports/2911 HTTP/1.1" 200 130 "-" "Mozilla/4.0 (compatible; MSIE 8.0; Windows NT 6.1; Trident/4.0; YTB730; SLCC2; .NET CLR 2.0.50727; .NET CLR 3.5.30729; .NET CLR 3.0.30729; Media Center PC 6.0; .NET4.0C)"
172.186.101.199 - - [17/Nov/2017:14:53:20 +0000] "GET /item/electronics/2049 HTTP/1.1" 200 101 "/category/electronics" "Mozilla/5.0 (iPad; CPU OS 5_0_1 like Mac OS X) AppleWebKit/534.46 (KHTML, like Gecko) Version/5.1 Mobile/9A405 Safari/7534.48.3"
112.93.23.140 - - [17/Nov/2017:14:53:25 +0000] "GET /category/electronics HTTP/1.1" 200 44 "-" "Mozilla/5.0 (Windows NT 6.0; rv:10.0.1) Gecko/20100101 Firefox/10.0.1"
36.192.126.32 - - [17/Nov/2017:14:53:30 +0000] "GET /item/games/1547 HTTP/1.1" 200 113 "-" "Mozilla/5.0 (Windows NT 5.1) AppleWebKit/535.11 (KHTML, like Gecko) Chrome/17.0.963.46 Safari/535.11"
140.63.80.89 - - [17/Nov/2017:14:53:35 +0000] "GET /category/games HTTP/1.1" 200 110 "/category/books" "Mozilla/4.0 (compatible; MSIE 8.0; Windows NT 5.1; Trident/4.0; BTRS122159; GTB7.2; .NET CLR 1.1.4322; .NET CLR 2.0.50727; .NET CLR 3.0.04506.30; .NET CLR 3.0.4506.2152; .NET CLR 3.5.30729; BRI/2)"
28.147.67.42 - - [17/Nov/2017:14:53:40 +0000] "GET /category/computers HTTP/1.1" 200 126 "/search/?c=Books" "Mozilla/4.0 (compatible; MSIE 8.0; Windows NT 6.1; WOW64; Trident/4.0; GTB7.2; SLCC2; .NET CLR 2.0.50727; .NET CLR 3.5.30729; .NET CLR 3.0.30729; Media Center PC 6.0; .NET4.0C)"
120.123.162.208 - - [17/Nov/2017:14:53:45 +0000] "GET /category/electronics?from=20 HTTP/1.1" 200 63 "/category/games" "Mozilla/4.0 (compatible; MSIE 8.0; Windows NT 5.1; Trident/4.0; BTRS122159; GTB7.2; .NET CLR 1.1.4322; .NET CLR 2.0.50727; .NET CLR 3.0.04506.30; .NET CLR 3.0.4506.2152; .NET CLR 3.5.30729; BRI/2)"
104.225.169.202 - - [17/Nov/2017:14:53:50 +0000] "GET /item/software/272 HTTP/1.1" 200 71 "http://www.google.com/search?ie=UTF-8&q=google&sclient=psy-ab&q=Software&oq=Software&aq=f&aqi=g-vL1&aql=&pbx=1&bav=on.2,or.r_gc.r_pw.r_qf.,cf.osb&biw=3961&bih=264" "Mozilla/5.0 (Macintosh; Intel Mac OS X 10.6; rv:9.0.1) Gecko/20100101 Firefox/9.0.1"
156.168.77.168 - - [17/Nov/2017:14:53:55 +0000] "GET /category/electronics HTTP/1.1" 200 116 "-" "Mozilla/5.0 (compatible; MSIE 9.0; Windows NT 6.1; WOW64; Trident/5.0)"
160.78.146.93 - - [17/Nov/2017:14:54:00 +0000] "GET /category/electronics?from=10 HTTP/1.1" 200 88 "/search/?c=Electronics+Networking" "Mozilla/5.0 (compatible; Googlebot/2.1; +http://www.google.com/bot.html)"
76.216.93.173 - - [17/Nov/2017:14:54:05 +0000] "POST /search/?c=Electronics+Garden HTTP/1.1" 200 104 "/item/health/4912" "Mozilla/5.0 (compatible; Googlebot/2.1; +http://www.google.com/bot.html)"
72.39.200.100 - - [17/Nov/2017:14:54:10 +0000] "GET /category/networking HTTP/1.1" 200 103 "-" "Mozilla/5.0 (Windows NT 6.0) AppleWebKit/535.11 (KHTML, like Gecko) Chrome/17.0.963.56 Safari/535.11"
176.108.47.217 - - [17/Nov/2017:14:54:15 +0000] "GET /category/computers HTTP/1.1" 200 136 "/item/toys/2937" "Mozilla/5.0 (Windows NT 6.1; WOW64; rv:10.0.1) Gecko/20100101 Firefox/10.0.1"
32.198.203.102 - - [17/Nov/2017:14:54:20 +0000] "GET /category/electronics HTTP/1.1" 200 48 "http://www.google.com/search?ie=UTF-8&q=google&sclient=psy-ab&q=Electronics+Software&oq=Electronics+Software&aq=f&aqi=g-vL1&aql=&pbx=1&bav=on.2,or.r_gc.r_pw.r_qf.,cf.osb&biw=600&bih=567" "Mozilla/5.0 (Windows NT 6.0) AppleWebKit/535.11 (KHTML, like Gecko) Chrome/17.0.963.56 Safari/535.11"
168.93.214.104 - - [17/Nov/2017:14:54:25 +0000] "GET /category/health?from=10 HTTP/1.1" 200 89 "/category/electronics" "Mozilla/5.0 (iPad; CPU OS 5_0_1 like Mac OS X) AppleWebKit/534.46 (KHTML, like Gecko) Version/5.1 Mobile/9A405 Safari/7534.48.3"
76.144.80.172 - - [17/Nov/2017:14:54:30 +0000] "GET /category/software HTTP/1.1" 200 110 "/category/health" "Mozilla/5.0 (Windows NT 6.0; rv:10.0.1) Gecko/20100101 Firefox/10.0.1"
196.186.196.93 - - [17/Nov/2017:14:54:35 +0000] "GET /item/finance/1639 HTTP/1.1" 200 114 "-" "Mozilla/5.0 (Windows NT 6.0) AppleWebKit/535.11 (KHTML, like Gecko) Chrome/17.0.963.56 Safari/535.11"
152.90.220.86 - - [17/Nov/2017:14:54:40 +0000] "GET /item/garden/957 HTTP/1.1" 200 106 "/item/games/4709" "Mozilla/5.0 (Windows NT 6.0; rv:10.0.1) Gecko/20100101 Firefox/10.0.1"
156.168.77.168 - - [17/Nov/2017:14:54:45 +0000] "GET /category/electronics HTTP/1.1" 200 113 "-" "Mozilla/4.0 (compatible; MSIE 8.0; Windows NT 6.0; WOW64; Trident/4.0; GTB6; SLCC1; .NET CLR 2.0.50727; Media Center PC 5.0; .NET CLR 3.5.30729; .NET CLR 3.0.30618; .NET4.0C)"
180.150.61.142 - - [17/Nov/2017:14:54:50 +0000] "GET /item/games/2882 HTTP/1.1" 200 130 "-" "Mozilla/5.0 (compatible; MSIE 9.0; Windows NT 6.1; WOW64; Trident/5.0)"
64.108.210.186 - - [17/Nov/2017:14:54:55 +0000] "GET /item/software/3887 HTTP/1.1" 200 100 "/item/health/3590" "Mozilla/5.0 (compatible; Googlebot/2.1; +http://www.google.com/bot.html)"
28.201.26.192 - - [17/Nov/2017:14:55:00 +0000] "GET /item/electronics/4807 HTTP/1.1" 200 121 "-" "Mozilla/5.0 (compatible; Googlebot/2.1; +http://www.google.com/bot.html)"
208.207.38.30 - - [17/Nov/2017:14:55:05 +0000] "GET /item/electronics/4629 HTTP/1.1" 200 83 "/category/office" "Mozilla/5.0 (compatible; MSIE 9.0; Windows NT 6.1; WOW64; Trident/5.0)"
64.138.87.214 - - [17/Nov/2017:14:55:10 +0000] "GET /category/office HTTP/1.1" 200 42 "/item/software/1831" "Mozilla/5.0 (compatible; MSIE 9.0; Windows NT 6.1; WOW64; Trident/5.0)"
80.81.66.77 - - [17/Nov/2017:14:55:15 +0000] "GET /item/electronics/2563 HTTP/1.1" 200 81 "/item/jewelry/4114" "Mozilla/4.0 (compatible; MSIE 8.0; Windows NT 6.1; WOW64; Trident/4.0; GTB7.2; SLCC2; .NET CLR 2.0.50727; .NET CLR 3.5.30729; .NET CLR 3.0.30729; Media Center PC 6.0; .NET4.0C)"
64.126.80.139 - - [17/Nov/2017:14:55:20 +0000] "GET /category/software HTTP/1.1" 200 114 "-" "Mozilla/5.0 (Windows NT 6.1; WOW64) AppleWebKit/535.11 (KHTML, like Gecko) Chrome/17.0.963.56 Safari/535.11"
160.45.81.35 - - [17/Nov/2017:14:55:25 +0000] "GET /item/electronics/4339 HTTP/1.1" 200 55 "/category/books" "Mozilla/5.0 (compatible; Googlebot/2.1; +http://www.google.com/bot.html)"
144.90.208.217 - - [17/Nov/2017:14:55:30 +0000] "GET /category/electronics HTTP/1.1" 200 74 "/category/games" "Mozilla/5.0 (Windows NT 6.1; WOW64; rv:10.0.1) Gecko/20100101 Firefox/10.0.1"
156.189.180.223 - - [17/Nov/2017:14:55:35 +0000] "POST /search/?c=Electronics HTTP/1.1" 200 69 "/search/?c=Garden+Electronics" "Mozilla/5.0 (Windows NT 6.0; rv:10.0.1) Gecko/20100101 Firefox/10.0.1"
20.84.216.48 - - [17/Nov/2017:14:55:40 +0000] "GET /category/health HTTP/1.1" 200 101 "/category/toys" "Mozilla/5.0 (compatible; MSIE 9.0; Windows NT 6.1; WOW64; Trident/5.0)"
104.138.92.26 - - [17/Nov/2017:14:55:45 +0000] "GET /category/cameras HTTP/1.1" 200 48 "/category/computers" "Mozilla/5.0 (iPhone; CPU iPhone OS 5_0_1 like Mac OS X) AppleWebKit/534.46 (KHTML, like Gecko) Version/5.1 Mobile/9A405 Safari/7534.48.3"
176.69.116.108 - - [17/Nov/2017:14:55:50 +0000] "GET /category/finance HTTP/1.1" 200 111 "/category/electronics?from=10" "Mozilla/5.0 (Macintosh; Intel Mac OS X 10.6; rv:9.0.1) Gecko/20100101 Firefox/9.0.1"
152.90.220.86 - - [17/Nov/2017:14:55:55 +0000] "GET /category/electronics HTTP/1.1" 200 44 "-" "Mozilla/4.0 (compatible; MSIE 8.0; Windows NT 5.1; Trident/4.0; BTRS122159; GTB7.2; .NET CLR 1.1.4322; .NET CLR 2.0.50727; .NET CLR 3.0.04506.30; .NET CLR 3.0.4506.2152; .NET CLR 3.5.30729; BRI/2)"
156.159.223.147 - - [17/Nov/2017:14:56:00 +0000] "GET /item/giftcards/4231 HTTP/1.1" 200 52 "/item/health/3601" "Mozilla/5.0 (Windows NT 6.1; WOW64; rv:10.0.1) Gecko/20100101 Firefox/10.0.1"
100.171.120.84 - - [17/Nov/2017:14:56:05 +0000] "POST /search/?c=Books+Networking HTTP/1.1" 200 82 "-" "Mozilla/5.0 (compatible; MSIE 9.0; Windows NT 6.1; Trident/5.0)"
176.84.117.57 - - [17/Nov/2017:14:56:10 +0000] "GET /item/office/278 HTTP/1.1" 200 108 "/category/software?from=0" "Mozilla/5.0 (iPad; CPU OS 5_0_1 like Mac OS X) AppleWebKit/534.46 (KHTML, like Gecko) Version/5.1 Mobile/9A405 Safari/7534.48.3"
104.69.39.75 - - [17/Nov/2017:14:56:15 +0000] "GET /category/software HTTP/1.1" 200 90 "-" "Mozilla/5.0 (Windows NT 6.1; WOW64) AppleWebKit/535.11 (KHTML, like Gecko) Chrome/17.0.963.56 Safari/535.11"
192.198.24.209 - - [17/Nov/2017:14:56:20 +0000] "GET /item/games/1021 HTTP/1.1" 200 124 "/item/games/2746" "Mozilla/5.0 (iPad; CPU OS 5_0_1 like Mac OS X) AppleWebKit/534.46 (KHTML, like Gecko) Version/5.1 Mobile/9A405 Safari/7534.48.3"
44.138.105.89 - - [17/Nov/2017:14:56:25 +0000] "GET /category/books HTTP/1.1" 200 125 "-" "Mozilla/5.0 (Windows NT 5.1) AppleWebKit/535.11 (KHTML, like Gecko) Chrome/17.0.963.46 Safari/535.11"
112.165.201.203 - - [17/Nov/2017:14:56:30 +0000] "GET /category/software HTTP/1.1" 200 65 "/category/office" "Mozilla/5.0 (Windows NT 6.0) AppleWebKit/535.11 (KHTML, like Gecko) Chrome/17.0.963.56 Safari/535.11"
20.45.200.182 - - [17/Nov/2017:14:56:35 +0000] "GET /category/office HTTP/1.1" 200 132 "/search/?c=Garden+Office" "Mozilla/5.0 (Windows NT 6.0) AppleWebKit/535.11 (KHTML, like Gecko) Chrome/17.0.963.56 Safari/535.11"
188.66.87.61 - - [17/Nov/2017:14:56:40 +0000] "GET /category/software HTTP/1.1" 200 126 "/item/toys/3743" "Mozilla/5.0 (Windows NT 6.1; WOW64; rv:10.0.1) Gecko/20100101 Firefox/10.0.1"
20.63.78.107 - - [17/Nov/2017:14:56:45 +0000] "GET /item/garden/957 HTTP/1.1" 200 106 "/search/?c=Garden+Office" "Mozilla/5.0 (compatible; MSIE 9.0; Windows NT 6.1; WOW64; Trident/5.0)"
108.84.228.94 - - [17/Nov/2017:14:56:50 +0000] "GET /category/software HTTP/1.1" 200 106 "/search/?c=Jewelry+Games" "Mozilla/5.0 (Windows NT 6.1; WOW64) AppleWebKit/535.11 (KHTML, like Gecko) Chrome/17.0.963.56 Safari/535.11"
60.54.88.65 - - [17/Nov/2017:14:56:55 +0000] "GET /category/office HTTP/1.1" 200 127 "/item/books/4818" "Mozilla/5.0 (Windows NT 5.1) AppleWebKit/535.11 (KHTML, like Gecko) Chrome/17.0.963.46 Safari/535.11"
136.198.147.93 - - [17/Nov/2017:14:57:00 +0000] "GET /item/electronics/1195 HTTP/1.1" 200 46 "-" "Mozilla/5.0 (compatible; MSIE 9.0; Windows NT 6.1; WOW64; Trident/5.0)"
220.81.172.204 - - [17/Nov/2017:14:57:05 +0000] "GET /item/cameras/4503 HTTP/1.1" 200 92 "/search/?c=Cameras+Software" "Mozilla/4.0 (compatible; MSIE 8.0; Windows NT 6.1; WOW64; Trident/4.0; GTB7.2; SLCC2; .NET CLR 2.0.50727; .NET CLR 3.5.30729; .NET CLR 3.0.30729; Media Center PC 6.0; .NET4.0C)"
20.153.84.177 - - [17/Nov/2017:14:57:10 +0000] "GET /item/health/1094 HTTP/1.1" 200 86 "-" "Mozilla/5.0 (compatible; MSIE 9.0; Windows NT 6.1; Trident/5.0)"
40.39.105.229 - - [17/Nov/2017:14:57:15 +0000] "GET /category/jewelry HTTP/1.1" 200 73 "-" "Mozilla/5.0 (Windows NT 6.1; WOW64) AppleWebKit/535.11 (KHTML, like Gecko) Chrome/17.0.963.56 Safari/535.11"
132.60.108.133 - - [17/Nov/2017:14:57:20 +0000] "GET /category/office HTTP/1.1" 200 72 "/category/jewelry" "Mozilla/5.0 (Windows NT 6.0) AppleWebKit/535.11 (KHTML, like Gecko) Chrome/17.0.963.56 Safari/535.11"
188.36.41.47 - - [17/Nov/2017:14:57:25 +0000] "GET /category/cameras HTTP/1.1" 200 117 "-" "Mozilla/5.0 (Windows NT 6.1; WOW64; rv:10.0.1) Gecko/20100101 Firefox/10.0.1"
196.195.42.66 - - [17/Nov/2017:14:57:30 +0000] "GET /item/electronics/4248 HTTP/1.1" 200 48 "-" "Mozilla/4.0 (compatible; MSIE 8.0; Windows NT 5.1; Trident/4.0; YTB720; GTB7.2; .NET CLR 1.1.4322; .NET CLR 2.0.50727; .NET CLR 3.0.4506.2152; .NET CLR 3.5.30729)"
40.36.205.118 - - [17/Nov/2017:14:57:35 +0000] "GET /item/cameras/2299 HTTP/1.1" 200 64 "-" "Mozilla/4.0 (compatible; MSIE 8.0; Windows NT 6.0; WOW64; Trident/4.0; GTB6; SLCC1; .NET CLR 2.0.50727; Media Center PC 5.0; .NET CLR 3.5.30729; .NET CLR 3.0.30618; .NET4.0C)"
212.213.59.205 - - [17/Nov/2017:14:57:40 +0000] "GET /category/software HTTP/1.1" 200 108 "/item/electronics/106" "Mozilla/4.0 (compatible; MSIE 8.0; Windows NT 6.1; WOW64; Trident/4.0; YTB730; GTB7.2; EasyBits GO v1.0; SLCC2; .NET CLR 2.0.50727; .NET CLR 3.5.30729; .NET CLR 3.0.30729; Media Center PC 6.0; .NET4.0C)"
200.69.111.217 - - [17/Nov/2017:14:57:45 +0000] "GET /item/games/15 HTTP/1.1" 200 128 "/item/jewelry/2821" "Mozilla/5.0 (Windows NT 6.1; WOW64) AppleWebKit/535.11 (KHTML, like Gecko) Chrome/17.0.963.56 Safari/535.11"
60.195.75.126 - - [17/Nov/2017:14:57:50 +0000] "GET /category/electronics HTTP/1.1" 200 91 "-" "Mozilla/5.0 (compatible; MSIE 9.0; Windows NT 6.1; Trident/5.0)"
140.36.40.82 - - [17/Nov/2017:14:57:55 +0000] "POST /search/?c=Health HTTP/1.1" 200 105 "/category/electronics" "Mozilla/5.0 (Windows NT 6.1; WOW64) AppleWebKit/535.11 (KHTML, like Gecko) Chrome/17.0.963.56 Safari/535.11"
92.141.177.68 - - [17/Nov/2017:14:58:00 +0000] "GET /category/software?from=0 HTTP/1.1" 200 44 "/category/software" "Mozilla/5.0 (Windows NT 5.1) AppleWebKit/535.11 (KHTML, like Gecko) Chrome/17.0.963.46 Safari/535.11"
48.105.77.215 - - [17/Nov/2017:14:58:05 +0000] "GET /item/sports/4622 HTTP/1.1" 200 109 "-" "Mozilla/5.0 (compatible; MSIE 9.0; Windows NT 6.1; WOW64; Trident/5.0)"
132.81.165.167 - - [17/Nov/2017:14:58:10 +0000] "GET /category/giftcards HTTP/1.1" 200 60 "-" "Mozilla/5.0 (Macintosh; Intel Mac OS X 10.6; rv:9.0.1) Gecko/20100101 Firefox/9.0.1"
144.72.194.63 - - [17/Nov/2017:14:58:15 +0000] "GET /category/giftcards HTTP/1.1" 200 120 "-" "Mozilla/4.0 (compatible; MSIE 8.0; Windows NT 6.1; WOW64; Trident/4.0; GTB7.2; SLCC2; .NET CLR 2.0.50727; .NET CLR 3.5.30729; .NET CLR 3.0.30729; Media Center PC 6.0; .NET4.0C)"
56.189.95.197 - - [17/Nov/2017:14:58:20 +0000] "GET /item/games/15 HTTP/1.1" 200 128 "/category/games" "Mozilla/5.0 (Macintosh; Intel Mac OS X 10.6; rv:9.0.1) Gecko/20100101 Firefox/9.0.1"
32.222.29.160 - - [17/Nov/2017:14:58:25 +0000] "GET /item/software/3887 HTTP/1.1" 200 100 "/category/books" "Mozilla/4.0 (compatible; MSIE 8.0; Windows NT 6.0; WOW64; Trident/4.0; GTB6; SLCC1; .NET CLR 2.0.50727; Media Center PC 5.0; .NET CLR 3.5.30729; .NET CLR 3.0.30618; .NET4.0C)"
84.36.65.60 - - [17/Nov/2017:14:58:30 +0000] "GET /item/books/953 HTTP/1.1" 200 97 "/category/software" "Mozilla/5.0 (compatible; Googlebot/2.1; +http://www.google.com/bot.html)"
96.225.24.124 - - [17/Nov/2017:14:58:35 +0000] "GET /category/electronics HTTP/1.1" 200 138 "/category/cameras" "Mozilla/5.0 (Windows NT 6.0) AppleWebKit/535.11 (KHTML, like Gecko) Chrome/17.0.963.56 Safari/535.11"
64.99.106.139 - - [17/Nov/2017:14:58:40 +0000] "GET /category/electronics HTTP/1.1" 200 128 "/item/electronics/1206" "Mozilla/4.0 (compatible; MSIE 8.0; Windows NT 6.0; WOW64; Trident/4.0; GTB6; SLCC1; .NET CLR 2.0.50727; Media Center PC 5.0; .NET CLR 3.5.30729; .NET CLR 3.0.30618; .NET4.0C)"
108.93.215.147 - - [17/Nov/2017:14:58:45 +0000] "GET /item/games/2750 HTTP/1.1" 200 102 "/category/electronics" "Mozilla/5.0 (Macintosh; Intel Mac OS X 10.6; rv:9.0.1) Gecko/20100101 Firefox/9.0.1"
48.219.110.88 - - [17/Nov/2017:14:58:50 +0000] "GET /category/office HTTP/1.1" 200 42 "/category/books" "Mozilla/5.0 (Macintosh; Intel Mac OS X 10.6; rv:9.0.1) Gecko/20100101 Firefox/9.0.1"
24.150.142.226 - - [17/Nov/2017:14:58:55 +0000] "GET /item/electronics/4574 HTTP/1.1" 200 98 "/search/?c=Electronics+Garden" "Mozilla/5.0 (Windows NT 6.1; WOW64; rv:10.0.1) Gecko/20100101 Firefox/10.0.1"
100.54.120.206 - - [17/Nov/2017:14:59:00 +0000] "GET /category/toys HTTP/1.1" 200 77 "-" "Mozilla/5.0 (iPad; CPU OS 5_0_1 like Mac OS X) AppleWebKit/534.46 (KHTML, like Gecko) Version/5.1 Mobile/9A405 Safari/7534.48.3"
188.66.87.61 - - [17/Nov/2017:14:59:05 +0000] "GET /item/electronics/681 HTTP/1.1" 200 64 "-" "Mozilla/5.0 (Macintosh; Intel Mac OS X 10.6; rv:9.0.1) Gecko/20100101 Firefox/9.0.1"
96.195.40.31 - - [17/Nov/2017:14:59:10 +0000] "GET /item/computers/1158 HTTP/1.1" 200 122 "/category/finance" "Mozilla/5.0 (Macintosh; Intel Mac OS X 10.6; rv:9.0.1) Gecko/20100101 Firefox/9.0.1"
68.24.152.91 - - [17/Nov/2017:14:59:15 +0000] "GET /category/garden?from=0 HTTP/1.1" 200 90 "/category/books" "Mozilla/4.0 (compatible; MSIE 8.0; Windows NT 5.1; Trident/4.0; BTRS122159; GTB7.2; .NET CLR 1.1.4322; .NET CLR 2.0.50727; .NET CLR 3.0.04506.30; .NET CLR 3.0.4506.2152; .NET CLR 3.5.30729; BRI/2)"
148.81.169.77 - - [17/Nov/2017:14:59:20 +0000] "GET /category/office HTTP/1.1" 200 44 "-" "Mozilla/5.0 (compatible; MSIE 9.0; Windows NT 6.1; Trident/5.0)"
208.99.126.192 - - [17/Nov/2017:14:59:25 +0000] "GET /category/software HTTP/1.1" 200 43 "/category/electronics" "Mozilla/4.0 (compatible; MSIE 8.0; Windows NT 6.1; WOW64; Trident/4.0; YTB730; GTB7.2; SLCC2; .NET CLR 2.0.50727; .NET CLR 3.5.30729; .NET CLR 3.0.30729; .NET4.0C; .NET4.0E; Media Center PC 6.0)"
196.225.171.61 - - [17/Nov/2017:14:59:30 +0000] "GET /item/software/1594 HTTP/1.1" 200 80 "/item/software/2109" "Mozilla/5.0 (compatible; MSIE 9.0; Windows NT 6.1; Trident/5.0)"
32.30.60.100 - - [17/Nov/2017:14:59:35 +0000] "GET /item/cameras/2644 HTTP/1.1" 200 124 "/category/software" "Mozilla/4.0 (compatible; MSIE 8.0; Windows NT 5.1; Trident/4.0; BTRS122159; GTB7.2; .NET CLR 1.1.4322; .NET CLR 2.0.50727; .NET CLR 3.0.04506.30; .NET CLR 3.0.4506.2152; .NET CLR 3.5.30729; BRI/2)"
80.120.169.42 - - [17/Nov/2017:14:59:40 +0000] "GET /category/electronics HTTP/1.1" 200 83 "/category/software" "Mozilla/5.0 (compatible; Googlebot/2.1; +http://www.google.com/bot.html)"
60.225.108.28 - - [17/Nov/2017:14:59:45 +0000] "GET /item/software/3371 HTTP/1.1" 200 121 "-" "Mozilla/5.0 (compatible; MSIE 9.0; Windows NT 6.1; WOW64; Trident/5.0)"
32.213.139.23 - - [17/Nov/2017:14:59:50 +0000] "GET /category/software HTTP/1.1" 200 93 "/category/garden" "Mozilla/4.0 (compatible; MSIE 8.0; Windows NT 6.1; WOW64; Trident/4.0; YTB730; GTB7.2; SLCC2; .NET CLR 2.0.50727; .NET CLR 3.5.30729; .NET CLR 3.0.30729; .NET4.0C; .NET4.0E; Media Center PC 6.0)"
180.39.180.68 - - [17/Nov/2017:14:59:55 +0000] "GET /item/sports/3881 HTTP/1.1" 200 89 "/category/sports" "Mozilla/5.0 (Windows NT 6.0) AppleWebKit/535.11 (KHTML, like Gecko) Chrome/17.0.963.56 Safari/535.11"
36.222.81.121 - - [17/Nov/2017:15:00:00 +0000] "GET /category/books HTTP/1.1" 200 49 "http://www.google.com/search?ie=UTF-8&q=google&sclient=psy-ab&q=Books&oq=Books&aq=f&aqi=g-vL1&aql=&pbx=1&bav=on.2,or.r_gc.r_pw.r_qf.,cf.osb&biw=2097&bih=492" "Mozilla/4.0 (compatible; MSIE 8.0; Windows NT 6.1; WOW64; Trident/4.0; GTB7.2; SLCC2; .NET CLR 2.0.50727; .NET CLR 3.5.30729; .NET CLR 3.0.30729; Media Center PC 6.0; .NET4.0C)"
164.78.138.100 - - [17/Nov/2017:15:00:05 +0000] "GET /category/software HTTP/1.1" 200 78 "/category/electronics" "Mozilla/5.0 (Windows NT 6.1; WOW64; rv:10.0.1) Gecko/20100101 Firefox/10.0.1"
132.219.26.113 - - [17/Nov/2017:15:00:10 +0000] "GET /category/garden HTTP/1.1" 200 129 "/category/garden" "Mozilla/5.0 (Windows NT 6.1; WOW64; rv:10.0.1) Gecko/20100101 Firefox/10.0.1"
168.216.60.85 - - [17/Nov/2017:15:00:15 +0000] "GET /category/computers HTTP/1.1" 200 103 "-" "Mozilla/5.0 (Windows NT 6.1; WOW64) AppleWebKit/535.11 (KHTML, like Gecko) Chrome/17.0.963.56 Safari/535.11"
120.63.173.157 - - [17/Nov/2017:15:00:20 +0000] "GET /category/electronics HTTP/1.1" 200 97 "/item/books/3156" "Mozilla/5.0 (Windows NT 6.0) AppleWebKit/535.11 (KHTML, like Gecko) Chrome/17.0.963.56 Safari/535.11"
196.138.160.145 - - [17/Nov/2017:15:00:25 +0000] "GET /category/music HTTP/1.1" 200 53 "-" "Mozilla/5.0 (Windows NT 6.0; rv:10.0.1) Gecko/20100101 Firefox/10.0.1"
36.213.156.170 - - [17/Nov/2017:15:00:30 +0000] "GET /category/garden?from=0 HTTP/1.1" 200 90 "-" "Mozilla/5.0 (compatible; MSIE 9.0; Windows NT 6.1; WOW64; Trident/5.0)"
160.111.20.54 - - [17/Nov/2017:15:00:35 +0000] "GET /item/cameras/1442 HTTP/1.1" 200 56 "/category/electronics" "Mozilla/5.0 (Windows NT 5.1) AppleWebKit/535.11 (KHTML, like Gecko) Chrome/17.0.963.46 Safari/535.11"
220.162.66.229 - - [17/Nov/2017:15:00:40 +0000] "GET /category/software HTTP/1.1" 200 66 "-" "Mozilla/5.0 (Windows NT 6.0; rv:10.0.1) Gecko/20100101 Firefox/10.0.1"
132.102.43.57 - - [17/Nov/2017:15:00:45 +0000] "GET /category/software HTTP/1.1" 200 103 "-" "Mozilla/5.0 (Windows NT 6.0; rv:10.0.1) Gecko/20100101 Firefox/10.0.1"
148.108.60.129 - - [17/Nov/2017:15:00:50 +0000] "GET /item/cameras/1329 HTTP/1.1" 200 59 "/category/electronics?from=0" "Mozilla/4.0 (compatible; MSIE 8.0; Windows NT 6.1; WOW64; Trident/4.0; YTB730; GTB7.2; EasyBits GO v1.0; SLCC2; .NET CLR 2.0.50727; .NET CLR 3.5.30729; .NET CLR 3.0.30729; Media Center PC 6.0; .NET4.0C)"
132.72.140.78 - - [17/Nov/2017:15:00:55 +0000] "GET /item/health/2887 HTTP/1.1" 200 65 "/item/networking/67" "Mozilla/5.0 (Windows NT 6.1; WOW64) AppleWebKit/535.11 (KHTML, like Gecko) Chrome/17.0.963.56 Safari/535.11"
176.105.22.32 - - [17/Nov/2017:15:01:00 +0000] "GET /item/electronics/1089 HTTP/1.1" 200 54 "-" "Mozilla/4.0 (compatible; MSIE 8.0; Windows NT 6.1; Trident/4.0; YTB730; SLCC2; .NET CLR 2.0.50727; .NET CLR 3.5.30729; .NET CLR 3.0.30729; Media Center PC 6.0; .NET4.0C)"
184.93.57.135 - - [17/Nov/2017:15:01:05 +0000] "POST /search/?c=Garden+Networking HTTP/1.1" 200 130 "-" "Mozilla/5.0 (Macintosh; Intel Mac OS X 10.6; rv:9.0.1) Gecko/20100101 Firefox/9.0.1"
156.105.121.202 - - [17/Nov/2017:15:01:10 +0000] "GET /category/sports HTTP/1.1" 200 98 "/category/electronics" "Mozilla/5.0 (Windows NT 6.1; WOW64) AppleWebKit/535.11 (KHTML, like Gecko) Chrome/17.0.963.56 Safari/535.11"
136.198.147.93 - - [17/Nov/2017:15:01:15 +0000] "GET /category/books?from=0 HTTP/1.1" 200 74 "/search/?c=Finance+Books" "Mozilla/5.0 (Windows NT 6.1; WOW64; rv:10.0.1) Gecko/20100101 Firefox/10.0.1"
84.30.118.31 - - [17/Nov/2017:15:01:20 +0000] "GET /item/electronics/3224 HTTP/1.1" 200 120 "-" "Mozilla/5.0 (Macintosh; Intel Mac OS X 10.6; rv:9.0.1) Gecko/20100101 Firefox/9.0.1"
180.186.35.139 - - [17/Nov/2017:15:01:25 +0000] "GET /item/computers/4451 HTTP/1.1" 200 42 "/category/computers" "Mozilla/5.0 (compatible; Googlebot/2.1; +http://www.google.com/bot.html)"
180.186.35.139 - - [17/Nov/2017:15:01:30 +0000] "GET /category/software HTTP/1.1" 200 48 "-" "Mozilla/5.0 (compatible; Googlebot/2.1; +http://www.google.com/bot.html)"
24.225.171.131 - - [17/Nov/2017:15:01:35 +0000] "GET /category/software HTTP/1.1" 200 128 "-" "Mozilla/5.0 (Windows NT 6.1; WOW64; rv:10.0.1) Gecko/20100101 Firefox/10.0.1"
88.126.130.26 - - [17/Nov/2017:15:01:40 +0000] "GET /category/computers HTTP/1.1" 200 77 "-" "Mozilla/4.0 (compatible; MSIE 8.0; Windows NT 6.1; Trident/4.0; YTB730; SLCC2; .NET CLR 2.0.50727; .NET CLR 3.5.30729; .NET CLR 3.0.30729; Media Center PC 6.0; .NET4.0C)"
132.141.158.51 - - [17/Nov/2017:15:01:45 +0000] "GET /item/software/875 HTTP/1.1" 200 132 "/search/?c=Software" "Mozilla/5.0 (Windows NT 5.1) AppleWebKit/535.11 (KHTML, like Gecko) Chrome/17.0.963.46 Safari/535.11"
32.132.45.143 - - [17/Nov/2017:15:01:50 +0000] "GET /category/games HTTP/1.1" 200 59 "/category/games" "Mozilla/5.0 (Windows NT 6.1; WOW64; rv:10.0.1) Gecko/20100101 Firefox/10.0.1"
52.189.168.94 - - [17/Nov/2017:15:01:55 +0000] "GET /category/jewelry HTTP/1.1" 200 73 "/category/electronics" "Mozilla/5.0 (Windows NT 6.0; rv:10.0.1) Gecko/20100101 Firefox/10.0.1"
208.138.152.63 - - [17/Nov/2017:15:02:00 +0000] "GET /category/music HTTP/1.1" 200 92 "-" "Mozilla/5.0 (iPad; CPU OS 5_0_1 like Mac OS X) AppleWebKit/534.46 (KHTML, like Gecko) Version/5.1 Mobile/9A405 Safari/7534.48.3"
200.186.57.64 - - [17/Nov/2017:15:02:05 +0000] "GET /category/networking?from=10 HTTP/1.1" 200 127 "/category/games" "Mozilla/5.0 (Windows NT 6.1; WOW64) AppleWebKit/535.7 (KHTML, like Gecko) Chrome/16.0.912.77 Safari/535.7"
112.21.69.67 - - [17/Nov/2017:15:02:10 +0000] "GET /item/software/2699 HTTP/1.1" 200 50 "/search/?c=Software" "Mozilla/5.0 (Windows NT 6.0) AppleWebKit/535.11 (KHTML, like Gecko) Chrome/17.0.963.56 Safari/535.11"
68.156.204.168 - - [17/Nov/2017:15:02:15 +0000] "GET /item/office/964 HTTP/1.1" 200 56 "-" "Mozilla/5.0 (Windows NT 5.1) AppleWebKit/535.11 (KHTML, like Gecko) Chrome/17.0.963.46 Safari/535.11"
160.78.146.93 - - [17/Nov/2017:15:02:20 +0000] "GET /category/books HTTP/1.1" 200 89 "-" "Mozilla/4.0 (compatible; MSIE 8.0; Windows NT 6.0; WOW64; Trident/4.0; GTB6; SLCC1; .NET CLR 2.0.50727; Media Center PC 5.0; .NET CLR 3.5.30729; .NET CLR 3.0.30618; .NET4.0C)"
116.36.140.116 - - [17/Nov/2017:15:02:25 +0000] "GET /item/books/469 HTTP/1.1" 200 95 "/search/?c=Books+Electronics" "Mozilla/5.0 (Windows NT 6.0) AppleWebKit/535.11 (KHTML, like Gecko) Chrome/17.0.963.56 Safari/535.11"
200.168.160.120 - - [17/Nov/2017:15:02:30 +0000] "GET /category/electronics HTTP/1.1" 200 50 "/category/giftcards?from=0" "Mozilla/5.0 (compatible; Googlebot/2.1; +http://www.google.com/bot.html)"
48.57.65.104 - - [17/Nov/2017:15:02:35 +0000] "GET /category/games?from=20 HTTP/1.1" 200 101 "/category/games" "Mozilla/5.0 (compatible; MSIE 9.0; Windows NT 6.1; WOW64; Trident/5.0)"
100.45.176.200 - - [17/Nov/2017:15:02:40 +0000] "GET /item/networking/67 HTTP/1.1" 200 52 "/category/networking" "Mozilla/5.0 (Windows NT 5.1) AppleWebKit/535.11 (KHTML, like Gecko) Chrome/17.0.963.46 Safari/535.11"
84.36.65.60 - - [17/Nov/2017:15:02:45 +0000] "GET /category/games HTTP/1.1" 200 50 "-" "Mozilla/5.0 (compatible; Googlebot/2.1; +http://www.google.com/bot.html)"
188.69.32.39 - - [17/Nov/2017:15:02:50 +0000] "GET /category/electronics HTTP/1.1" 200 107 "/item/computers/3622" "Mozilla/5.0 (compatible; MSIE 9.0; Windows NT 6.1; WOW64; Trident/5.0)"
80.132.181.27 - - [17/Nov/2017:15:02:55 +0000] "GET /category/books HTTP/1.1" 200 73 "/category/software" "Mozilla/5.0 (Macintosh; Intel Mac OS X 10.6; rv:9.0.1) Gecko/20100101 Firefox/9.0.1"
52.78.205.139 - - [17/Nov/2017:15:03:00 +0000] "GET /category/jewelry HTTP/1.1" 200 102 "/search/?c=Toys+Games" "Mozilla/5.0 (Windows NT 6.0; rv:10.0.1) Gecko/20100101 Firefox/10.0.1"
176.63.110.119 - - [17/Nov/2017:15:03:05 +0000] "POST /search/?c=Finance HTTP/1.1" 200 85 "/item/games/3254" "Mozilla/5.0 (Windows NT 6.1; WOW64; rv:10.0.1) Gecko/20100101 Firefox/10.0.1"
216.210.62.164 - - [17/Nov/2017:15:03:10 +0000] "GET /category/health HTTP/1.1" 200 103 "/item/electronics/1911" "Mozilla/4.0 (compatible; MSIE 8.0; Windows NT 6.1; WOW64; Trident/4.0; YTB730; GTB7.2; EasyBits GO v1.0; SLCC2; .NET CLR 2.0.50727; .NET CLR 3.5.30729; .NET CLR 3.0.30729; Media Center PC 6.0; .NET4.0C)"
108.171.226.164 - - [17/Nov/2017:15:03:15 +0000] "POST /search/?c=Cameras+Office HTTP/1.1" 200 71 "-" "Mozilla/4.0 (compatible; MSIE 8.0; Windows NT 5.1; Trident/4.0; YTB720; GTB7.2; .NET CLR 1.1.4322; .NET CLR 2.0.50727; .NET CLR 3.0.4506.2152; .NET CLR 3.5.30729)"
180.39.180.68 - - [17/Nov/2017:15:03:20 +0000] "GET /category/jewelry HTTP/1.1" 200 48 "/item/electronics/1911" "Mozilla/4.0 (compatible; MSIE 8.0; Windows NT 5.1; Trident/4.0; YTB720; GTB7.2; .NET CLR 1.1.4322; .NET CLR 2.0.50727; .NET CLR 3.0.4506.2152; .NET CLR 3.5.30729)"
20.153.84.177 - - [17/Nov/2017:15:03:25 +0000] "GET /category/garden HTTP/1.1" 200 86 "-" "Mozilla/5.0 (Windows NT 6.1; WOW64) AppleWebKit/535.7 (KHTML, like Gecko) Chrome/16.0.912.77 Safari/535.7"
192.54.221.227 - - [17/Nov/2017:15:03:30 +0000] "GET /category/books HTTP/1.1" 200 94 "http://www.google.com/search?ie=UTF-8&q=google&sclient=psy-ab&q=Books&oq=Books&aq=f&aqi=g-vL1&aql=&pbx=1&bav=on.2,or.r_gc.r_pw.r_qf.,cf.osb&biw=1734&bih=184" "Mozilla/5.0 (Windows NT 6.1; WOW64) AppleWebKit/535.7 (KHTML, like Gecko) Chrome/16.0.912.77 Safari/535.7"
60.27.59.177 - - [17/Nov/2017:15:03:35 +0000] "GET /item/giftcards/4757 HTTP/1.1" 200 102 "-" "Mozilla/5.0 (compatible; MSIE 9.0; Windows NT 6.1; Trident/5.0)"
128.66.82.98 - - [17/Nov/2017:15:03:40 +0000] "GET /category/finance HTTP/1.1" 200 68 "-" "Mozilla/5.0 (Windows NT 6.0; rv:10.0.1) Gecko/20100101 Firefox/10.0.1"
184.45.158.136 - - [17/Nov/2017:15:03:45 +0000] "GET /item/software/2512 HTTP/1.1" 200 112 "/category/software" "Mozilla/5.0 (Windows NT 6.0; rv:10.0.1) Gecko/20100101 Firefox/10.0.1"
52.153.118.131 - - [17/Nov/2017:15:03:50 +0000] "GET /category/electronics HTTP/1.1" 200 114 "-" "Mozilla/5.0 (compatible; Googlebot/2.1; +http://www.google.com/bot.html)"
224.219.86.184 - - [17/Nov/2017:15:03:55 +0000] "GET /category/software?from=0 HTTP/1.1" 200 77 "-" "Mozilla/4.0 (compatible; MSIE 8.0; Windows NT 6.1; WOW64; Trident/4.0; GTB7.2; SLCC2; .NET CLR 2.0.50727; .NET CLR 3.5.30729; .NET CLR 3.0.30729; Media Center PC 6.0; .NET4.0C)"
148.99.211.139 - - [17/Nov/2017:15:04:00 +0000] "GET /category/software HTTP/1.1" 200 134 "-" "Mozilla/4.0 (compatible; MSIE 8.0; Windows NT 6.1; WOW64; Trident/4.0; YTB730; GTB7.2; SLCC2; .NET CLR 2.0.50727; .NET CLR 3.5.30729; .NET CLR 3.0.30729; .NET4.0C; .NET4.0E; Media Center PC 6.0)"
192.168.214.196 - - [17/Nov/2017:15:04:05 +0000] "GET /category/electronics HTTP/1.1" 200 78 "/category/books" "Mozilla/5.0 (compatible; MSIE 9.0; Windows NT 6.1; WOW64; Trident/5.0)"
168.201.46.220 - - [17/Nov/2017:15:04:10 +0000] "GET /category/software HTTP/1.1" 200 92 "-" "Mozilla/5.0 (Windows NT 6.0; rv:10.0.1) Gecko/20100101 Firefox/10.0.1"
184.30.98.141 - - [17/Nov/2017:15:04:15 +0000] "GET /item/finance/3226 HTTP/1.1" 200 48 "/item/electronics/3842" "Mozilla/5.0 (compatible; MSIE 9.0; Windows NT 6.1; WOW64; Trident/5.0)"
76.222.22.161 - - [17/Nov/2017:15:04:20 +0000] "GET /item/health/1329 HTTP/1.1" 200 66 "/category/music" "Mozilla/5.0 (compatible; MSIE 9.0; Windows NT 6.1; WOW64; Trident/5.0)"
128.213.146.74 - - [17/Nov/2017:15:04:25 +0000] "GET /item/sports/13 HTTP/1.1" 200 100 "/category/software" "Mozilla/4.0 (compatible; MSIE 8.0; Windows NT 5.1; Trident/4.0; YTB720; GTB7.2; .NET CLR 1.1.4322; .NET CLR 2.0.50727; .NET CLR 3.0.4506.2152; .NET CLR 3.5.30729)"
80.45.209.74 - - [17/Nov/2017:15:04:30 +0000] "GET /category/toys HTTP/1.1" 200 120 "http://www.google.com/search?ie=UTF-8&q=google&sclient=psy-ab&q=Toys+Toys&oq=Toys+Toys&aq=f&aqi=g-vL1&aql=&pbx=1&bav=on.2,or.r_gc.r_pw.r_qf.,cf.osb&biw=3001&bih=340" "Mozilla/4.0 (compatible; MSIE 8.0; Windows NT 6.1; WOW64; Trident/4.0; GTB7.2; SLCC2; .NET CLR 2.0.50727; .NET CLR 3.5.30729; .NET CLR 3.0.30729; Media Center PC 6.0; .NET4.0C)"
136.60.226.41 - - [17/Nov/2017:15:04:35 +0000] "GET /item/books/4322 HTTP/1.1" 200 44 "/category/giftcards" "Mozilla/4.0 (compatible; MSIE 8.0; Windows NT 6.1; WOW64; Trident/4.0; YTB730; GTB7.2; EasyBits GO v1.0; SLCC2; .NET CLR 2.0.50727; .NET CLR 3.5.30729; .NET CLR 3.0.30729; Media Center PC 6.0; .NET4.0C)"
88.102.169.148 - - [17/Nov/2017:15:04:40 +0000] "GET /category/software HTTP/1.1" 200 126 "/category/books" "Mozilla/5.0 (Windows NT 6.0; rv:10.0.1) Gecko/20100101 Firefox/10.0.1"
56.123.71.53 - - [17/Nov/2017:15:04:45 +0000] "GET /category/books HTTP/1.1" 200 57 "/item/jewelry/3466" "Mozilla/5.0 (Macintosh; Intel Mac OS X 10.6; rv:9.0.1) Gecko/20100101 Firefox/9.0.1"
80.180.214.20 - - [17/Nov/2017:15:04:50 +0000] "GET /item/health/3601 HTTP/1.1" 200 64 "-" "Mozilla/5.0 (Windows NT 6.1; WOW64) AppleWebKit/535.11 (KHTML, like Gecko) Chrome/17.0.963.56 Safari/535.11"
104.117.61.206 - - [17/Nov/2017:15:04:55 +0000] "GET /category/software HTTP/1.1" 200 130 "/item/games/2750" "Mozilla/5.0 (compatible; Googlebot/2.1; +http://www.google.com/bot.html)"
208.93.164.196 - - [17/Nov/2017:15:05:00 +0000] "GET /category/software HTTP/1.1" 200 82 "/category/toys" "Mozilla/5.0 (compatible; Googlebot/2.1; +http://www.google.com/bot.html)"
44.198.209.156 - - [17/Nov/2017:15:05:05 +0000] "GET /category/sports HTTP/1.1" 200 121 "-" "Mozilla/4.0 (compatible; MSIE 8.0; Windows NT 6.1; Trident/4.0; YTB730; SLCC2; .NET CLR 2.0.50727; .NET CLR 3.5.30729; .NET CLR 3.0.30729; Media Center PC 6.0; .NET4.0C)"
108.141.179.49 - - [17/Nov/2017:15:05:10 +0000] "GET /category/books HTTP/1.1" 200 73 "/category/office" "Mozilla/5.0 (Windows NT 6.0; rv:10.0.1) Gecko/20100101 Firefox/10.0.1"
116.39.203.186 - - [17/Nov/2017:15:05:15 +0000] "GET /item/games/905 HTTP/1.1" 200 55 "-" "Mozilla/5.0 (compatible; MSIE 9.0; Windows NT 6.1; WOW64; Trident/5.0)"
224.210.40.49 - - [17/Nov/2017:15:05:20 +0000] "GET /category/electronics HTTP/1.1" 200 130 "-" "Mozilla/4.0 (compatible; MSIE 8.0; Windows NT 5.1; Trident/4.0; YTB720; GTB7.2; .NET CLR 1.1.4322; .NET CLR 2.0.50727; .NET CLR 3.0.4506.2152; .NET CLR 3.5.30729)"
84.150.155.34 - - [17/Nov/2017:15:05:25 +0000] "POST /search/?c=Computers+Electronics HTTP/1.1" 200 44 "/category/games" "Mozilla/5.0 (compatible; MSIE 9.0; Windows NT 6.1; WOW64; Trident/5.0)"
140.72.172.206 - - [17/Nov/2017:15:05:30 +0000] "POST /search/?c=Music+Music HTTP/1.1" 200 119 "-" "Mozilla/5.0 (Windows NT 5.1) AppleWebKit/535.11 (KHTML, like Gecko) Chrome/17.0.963.46 Safari/535.11"
52.54.64.167 - - [17/Nov/2017:15:05:35 +0000] "GET /item/books/4586 HTTP/1.1" 200 130 "/category/software?from=20" "Mozilla/5.0 (Windows NT 6.1; WOW64) AppleWebKit/535.11 (KHTML, like Gecko) Chrome/17.0.963.56 Safari/535.11"
168.69.28.43 - - [17/Nov/2017:15:05:40 +0000] "GET /category/electronics HTTP/1.1" 200 62 "/category/cameras" "Mozilla/5.0 (Macintosh; Intel Mac OS X 10.6; rv:9.0.1) Gecko/20100101 Firefox/9.0.1"
72.123.67.110 - - [17/Nov/2017:15:05:45 +0000] "GET /category/garden HTTP/1.1" 200 117 "/category/electronics" "Mozilla/4.0 (compatible; MSIE 8.0; Windows NT 6.1; WOW64; Trident/4.0; YTB730; GTB7.2; SLCC2; .NET CLR 2.0.50727; .NET CLR 3.5.30729; .NET CLR 3.0.30729; .NET4.0C; .NET4.0E; Media Center PC 6.0)"
196.168.130.146 - - [17/Nov/2017:15:05:50 +0000] "GET /item/computers/512 HTTP/1.1" 200 97 "-" "Mozilla/5.0 (compatible; MSIE 9.0; Windows NT 6.1; WOW64; Trident/5.0)"
76.180.131.65 - - [17/Nov/2017:15:05:55 +0000] "GET /item/finance/3226 HTTP/1.1" 200 48 "/item/toys/1283" "Mozilla/5.0 (Windows NT 6.0; rv:10.0.1) Gecko/20100101 Firefox/10.0.1"
192.168.214.196 - - [17/Nov/2017:15:06:00 +0000] "GET /category/music HTTP/1.1" 200 55 "-" "Mozilla/5.0 (compatible; MSIE 9.0; Windows NT 6.1; WOW64; Trident/5.0)"
100.84.214.95 - - [17/Nov/2017:15:06:05 +0000] "POST /search/?c=Cameras+Books HTTP/1.1" 200 87 "-" "Mozilla/5.0 (Windows NT 6.1; WOW64) AppleWebKit/535.7 (KHTML, like Gecko) Chrome/16.0.912.77 Safari/535.7"
84.192.102.111 - - [17/Nov/2017:15:06:10 +0000] "GET /item/office/4595 HTTP/1.1" 200 137 "/category/finance" "Mozilla/5.0 (compatible; MSIE 9.0; Windows NT 6.1; Trident/5.0)"
52.132.50.197 - - [17/Nov/2017:15:06:15 +0000] "GET /category/books?from=0 HTTP/1.1" 200 114 "/category/electronics" "Mozilla/5.0 (compatible; MSIE 9.0; Windows NT 6.1; WOW64; Trident/5.0)"
212.219.212.37 - - [17/Nov/2017:15:06:20 +0000] "GET /category/games?from=0 HTTP/1.1" 200 72 "/item/computers/3259" "Mozilla/5.0 (compatible; Googlebot/2.1; +http://www.google.com/bot.html)"
216.159.84.36 - - [17/Nov/2017:15:06:25 +0000] "GET /item/computers/3585 HTTP/1.1" 200 65 "/category/electronics" "Mozilla/5.0 (iPad; CPU OS 5_0_1 like Mac OS X) AppleWebKit/534.46 (KHTML, like Gecko) Version/5.1 Mobile/9A405 Safari/7534.48.3"
216.99.176.92 - - [17/Nov/2017:15:06:30 +0000] "GET /category/electronics HTTP/1.1" 200 67 "-" "Mozilla/5.0 (Windows NT 6.0) AppleWebKit/535.11 (KHTML, like Gecko) Chrome/17.0.963.56 Safari/535.11"
216.123.84.162 - - [17/Nov/2017:15:06:35 +0000] "GET /item/health/3601 HTTP/1.1" 200 64 "/category/giftcards" "Mozilla/5.0 (compatible; MSIE 9.0; Windows NT 6.1; Trident/5.0)"
144.45.41.37 - - [17/Nov/2017:15:06:40 +0000] "GET /category/jewelry HTTP/1.1" 200 48 "-" "Mozilla/5.0 (Windows NT 6.0) AppleWebKit/535.11 (KHTML, like Gecko) Chrome/17.0.963.56 Safari/535.11"
76.168.181.34 - - [17/Nov/2017:15:06:45 +0000] "GET /category/jewelry?from=20 HTTP/1.1" 200 107 "-" "Mozilla/5.0 (compatible; Googlebot/2.1; +http://www.google.com/bot.html)"
96.180.146.219 - - [17/Nov/2017:15:06:50 +0000] "GET /category/finance HTTP/1.1" 200 135 "/category/health" "Mozilla/5.0 (Windows NT 6.1; WOW64; rv:10.0.1) Gecko/20100101 Firefox/10.0.1"
96.39.228.165 - - [17/Nov/2017:15:06:55 +0000] "GET /category/books HTTP/1.1" 200 121 "/search/?c=Games" "Mozilla/5.0 (compatible; MSIE 9.0; Windows NT 6.1; WOW64; Trident/5.0)"
64.156.78.228 - - [17/Nov/2017:15:07:00 +0000] "GET /item/electronics/3821 HTTP/1.1" 200 75 "/search/?c=Networking" "Mozilla/5.0 (Windows NT 6.0) AppleWebKit/535.11 (KHTML, like Gecko) Chrome/17.0.963.56 Safari/535.11"
180.192.53.62 - - [17/Nov/2017:15:07:05 +0000] "GET /item/electronics/4807 HTTP/1.1" 200 121 "/category/electronics" "Mozilla/4.0 (compatible; MSIE 8.0; Windows NT 5.1; Trident/4.0; YTB720; GTB7.2; .NET CLR 1.1.4322; .NET CLR 2.0.50727; .NET CLR 3.0.4506.2152; .NET CLR 3.5.30729)"
56.150.202.109 - - [17/Nov/2017:15:07:10 +0000] "GET /category/books HTTP/1.1" 200 99 "-" "Mozilla/4.0 (compatible; MSIE 8.0; Windows NT 5.1; Trident/4.0; YTB720; GTB7.2; .NET CLR 1.1.4322; .NET CLR 2.0.50727; .NET CLR 3.0.4506.2152; .NET CLR 3.5.30729)"
132.135.20.22 - - [17/Nov/2017:15:07:15 +0000] "GET /item/software/2711 HTTP/1.1" 200 89 "/search/?c=Software" "Mozilla/5.0 (Windows NT 5.1) AppleWebKit/535.11 (KHTML, like Gecko) Chrome/17.0.963.46 Safari/535.11"
160.135.24.226 - - [17/Nov/2017:15:07:20 +0000] "POST /search/?c=Electronics+Books HTTP/1.1" 200 134 "/category/games" "Mozilla/5.0 (compatible; Googlebot/2.1; +http://www.google.com/bot.html)"
60.123.150.225 - - [17/Nov/2017:15:07:25 +0000] "POST /search/?c=Electronics HTTP/1.1" 200 130 "-" "Mozilla/5.0 (iPhone; CPU iPhone OS 5_0_1 like Mac OS X) AppleWebKit/534.46 (KHTML, like Gecko) Version/5.1 Mobile/9A405 Safari/7534.48.3"
196.36.158.223 - - [17/Nov/2017:15:07:30 +0000] "GET /item/giftcards/3166 HTTP/1.1" 200 108 "/search/?c=Giftcards+Electronics" "Mozilla/5.0 (iPad; CPU OS 5_0_1 like Mac OS X) AppleWebKit/534.46 (KHTML, like Gecko) Version/5.1 Mobile/9A405 Safari/7534.48.3"
176.30.78.65 - - [17/Nov/2017:15:07:35 +0000] "GET /category/software HTTP/1.1" 200 105 "/category/office" "Mozilla/5.0 (Macintosh; Intel Mac OS X 10.6; rv:9.0.1) Gecko/20100101 Firefox/9.0.1"
224.66.34.113 - - [17/Nov/2017:15:07:40 +0000] "POST /search/?c=Games+Office HTTP/1.1" 200 72 "/category/software" "Mozilla/5.0 (compatible; MSIE 9.0; Windows NT 6.1; WOW64; Trident/5.0)"
152.66.214.200 - - [17/Nov/2017:15:07:45 +0000] "GET /item/music/4004 HTTP/1.1" 200 64 "/item/electronics/3972" "Mozilla/5.0 (Windows NT 6.1; WOW64; rv:10.0.1) Gecko/20100101 Firefox/10.0.1"
84.123.83.114 - - [17/Nov/2017:15:07:50 +0000] "GET /category/books HTTP/1.1" 200 72 "/category/toys" "Mozilla/5.0 (Windows NT 5.1) AppleWebKit/535.11 (KHTML, like Gecko) Chrome/17.0.963.46 Safari/535.11"
144.180.57.180 - - [17/Nov/2017:15:07:55 +0000] "GET /category/electronics HTTP/1.1" 200 47 "/search/?c=Garden+Electronics" "Mozilla/5.0 (compatible; Googlebot/2.1; +http://www.google.com/bot.html)"
216.159.84.36 - - [17/Nov/2017:15:08:00 +0000] "GET /category/jewelry HTTP/1.1" 200 137 "/category/software?from=0" "Mozilla/4.0 (compatible; MSIE 8.0; Windows NT 6.1; Trident/4.0; YTB730; SLCC2; .NET CLR 2.0.50727; .NET CLR 3.5.30729; .NET CLR 3.0.30729; Media Center PC 6.0; .NET4.0C)"
96.39.228.165 - - [17/Nov/2017:15:08:05 +0000] "GET /category/networking HTTP/1.1" 200 46 "/category/music" "Mozilla/5.0 (compatible; MSIE 9.0; Windows NT 6.1; WOW64; Trident/5.0)"
20.132.185.140 - - [17/Nov/2017:15:08:10 +0000] "GET /category/software?from=0 HTTP/1.1" 200 77 "/item/networking/3236" "Mozilla/4.0 (compatible; MSIE 8.0; Windows NT 6.1; WOW64; Trident/4.0; YTB730; GTB7.2; SLCC2; .NET CLR 2.0.50727; .NET CLR 3.5.30729; .NET CLR 3.0.30729; .NET4.0C; .NET4.0E; Media Center PC 6.0)"
208.54.69.174 - - [17/Nov/2017:15:08:15 +0000] "GET /category/health HTTP/1.1" 200 42 "/category/books" "Mozilla/5.0 (Windows NT 6.1; WOW64; rv:10.0.1) Gecko/20100101 Firefox/10.0.1"
52.219.45.68 - - [17/Nov/2017:15:08:20 +0000] "GET /category/garden HTTP/1.1" 200 138 "/item/finance/3901" "Mozilla/5.0 (Windows NT 6.0) AppleWebKit/535.11 (KHTML, like Gecko) Chrome/17.0.963.56 Safari/535.11"
152.159.202.129 - - [17/Nov/2017:15:08:25 +0000] "GET /category/garden?from=0 HTTP/1.1" 200 90 "/item/games/1885" "Mozilla/5.0 (Windows NT 6.0; rv:10.0.1) Gecko/20100101 Firefox/10.0.1"
208.138.152.63 - - [17/Nov/2017:15:08:30 +0000] "GET /item/electronics/450 HTTP/1.1" 200 123 "http://www.google.com/search?ie=UTF-8&q=google&sclient=psy-ab&q=Electronics&oq=Electronics&aq=f&aqi=g-vL1&aql=&pbx=1&bav=on.2,or.r_gc.r_pw.r_qf.,cf.osb&biw=1030&bih=54" "Mozilla/5.0 (iPad; CPU OS 5_0_1 like Mac OS X) AppleWebKit/534.46 (KHTML, like Gecko) Version/5.1 Mobile/9A405 Safari/7534.48.3"
224.171.159.48 - - [17/Nov/2017:15:08:35 +0000] "POST /search/?c=Computers+Jewelry HTTP/1.1" 200 81 "/item/jewelry/3466" "Mozilla/5.0 (compatible; Googlebot/2.1; +http://www.google.com/bot.html)"
124.210.121.29 - - [17/Nov/2017:15:08:40 +0000] "GET /category/jewelry HTTP/1.1" 200 95 "-" "Mozilla/5.0 (Macintosh; Intel Mac OS X 10.6; rv:9.0.1) Gecko/20100101 Firefox/9.0.1"
64.219.144.181 - - [17/Nov/2017:15:08:45 +0000] "GET /category/office HTTP/1.1" 200 57 "-" "Mozilla/5.0 (compatible; MSIE 9.0; Windows NT 6.1; Trident/5.0)"
84.201.48.127 - - [17/Nov/2017:15:08:50 +0000] "GET /category/computers?from=20 HTTP/1.1" 200 62 "/category/electronics" "Mozilla/5.0 (iPhone; CPU iPhone OS 5_0_1 like Mac OS X) AppleWebKit/534.46 (KHTML, like Gecko) Version/5.1 Mobile/9A405 Safari/7534.48.3"
124.48.209.187 - - [17/Nov/2017:15:08:55 +0000] "GET /category/software HTTP/1.1" 200 104 "-" "Mozilla/5.0 (compatible; MSIE 9.0; Windows NT 6.1; Trident/5.0)"
172.33.83.66 - - [17/Nov/2017:15:09:00 +0000] "GET /item/computers/4448 HTTP/1.1" 200 100 "/search/?c=Computers" "Mozilla/4.0 (compatible; MSIE 8.0; Windows NT 6.0; WOW64; Trident/4.0; GTB6; SLCC1; .NET CLR 2.0.50727; Media Center PC 5.0; .NET CLR 3.5.30729; .NET CLR 3.0.30618; .NET4.0C)"
140.120.215.134 - - [17/Nov/2017:15:09:05 +0000] "GET /category/networking HTTP/1.1" 200 108 "/item/jewelry/1473" "Mozilla/5.0 (Windows NT 6.1; WOW64; rv:10.0.1) Gecko/20100101 Firefox/10.0.1"
28.150.146.21 - - [17/Nov/2017:15:09:10 +0000] "GET /item/electronics/1344 HTTP/1.1" 200 61 "-" "Mozilla/5.0 (Windows NT 6.1; WOW64; rv:10.0.1) Gecko/20100101 Firefox/10.0.1"
208.150.70.225 - - [17/Nov/2017:15:09:15 +0000] "POST /search/?c=Toys+Toys HTTP/1.1" 200 102 "/category/games" "Mozilla/4.0 (compatible; MSIE 8.0; Windows NT 5.1; Trident/4.0; BTRS122159; GTB7.2; .NET CLR 1.1.4322; .NET CLR 2.0.50727; .NET CLR 3.0.04506.30; .NET CLR 3.0.4506.2152; .NET CLR 3.5.30729; BRI/2)"
168.156.229.181 - - [17/Nov/2017:15:09:20 +0000] "GET /item/computers/4707 HTTP/1.1" 200 115 "/search/?c=Computers" "Mozilla/4.0 (compatible; MSIE 8.0; Windows NT 6.1; Trident/4.0; YTB730; SLCC2; .NET CLR 2.0.50727; .NET CLR 3.5.30729; .NET CLR 3.0.30729; Media Center PC 6.0; .NET4.0C)"
116.219.67.62 - - [17/Nov/2017:15:09:25 +0000] "GET /item/cameras/2644 HTTP/1.1" 200 124 "/item/electronics/722" "Mozilla/5.0 (Windows NT 6.1; WOW64; rv:10.0.1) Gecko/20100101 Firefox/10.0.1"
140.33.212.195 - - [17/Nov/2017:15:09:30 +0000] "GET /category/electronics?from=20 HTTP/1.1" 200 45 "/search/?c=Jewelry" "Mozilla/5.0 (Windows NT 6.1; WOW64) AppleWebKit/535.7 (KHTML, like Gecko) Chrome/16.0.912.77 Safari/535.7"
196.84.86.62 - - [17/Nov/2017:15:09:35 +0000] "GET /category/sports HTTP/1.1" 200 137 "-" "Mozilla/5.0 (Windows NT 6.1; WOW64) AppleWebKit/535.7 (KHTML, like Gecko) Chrome/16.0.912.77 Safari/535.7"
20.21.65.80 - - [17/Nov/2017:15:09:40 +0000] "GET /item/software/1625 HTTP/1.1" 200 82 "/search/?c=Software" "Mozilla/4.0 (compatible; MSIE 8.0; Windows NT 5.1; Trident/4.0; BTRS122159; GTB7.2; .NET CLR 1.1.4322; .NET CLR 2.0.50727; .NET CLR 3.0.04506.30; .NET CLR 3.0.4506.2152; .NET CLR 3.5.30729; BRI/2)"
164.63.57.53 - - [17/Nov/2017:15:09:45 +0000] "GET /item/garden/957 HTTP/1.1" 200 106 "/category/software" "Mozilla/5.0 (Windows NT 6.1; WOW64; rv:10.0.1) Gecko/20100101 Firefox/10.0.1"
168.201.46.220 - - [17/Nov/2017:15:09:50 +0000] "GET /item/games/3254 HTTP/1.1" 200 41 "/category/office" "Mozilla/5.0 (Windows NT 6.0; rv:10.0.1) Gecko/20100101 Firefox/10.0.1"
136.60.226.41 - - [17/Nov/2017:15:09:55 +0000] "GET /category/cameras HTTP/1.1" 200 106 "-" "Mozilla/5.0 (Windows NT 6.1; WOW64) AppleWebKit/535.11 (KHTML, like Gecko) Chrome/17.0.963.56 Safari/535.11"
192.51.157.22 - - [17/Nov/2017:15:10:00 +0000] "GET /item/electronics/2104 HTTP/1.1" 200 59 "/search/?c=Electronics" "Mozilla/5.0 (Windows NT 6.1; WOW64) AppleWebKit/535.11 (KHTML, like Gecko) Chrome/17.0.963.56 Safari/535.11"
72.123.144.157 - - [17/Nov/2017:15:10:05 +0000] "GET /item/office/2035 HTTP/1.1" 200 120 "http://www.google.com/search?ie=UTF-8&q=google&sclient=psy-ab&q=Office&oq=Office&aq=f&aqi=g-vL1&aql=&pbx=1&bav=on.2,or.r_gc.r_pw.r_qf.,cf.osb&biw=140&bih=68" "Mozilla/5.0 (Windows NT 6.1; WOW64) AppleWebKit/535.11 (KHTML, like Gecko) Chrome/17.0.963.56 Safari/535.11"
148.66.143.65 - - [17/Nov/2017:15:10:10 +0000] "GET /category/games HTTP/1.1" 200 57 "/category/books" "Mozilla/5.0 (compatible; Googlebot/2.1; +http://www.google.com/bot.html)"
120.189.102.122 - - [17/Nov/2017:15:10:15 +0000] "POST /search/?c=Electronics HTTP/1.1" 200 130 "-" "Mozilla/4.0 (compatible; MSIE 8.0; Windows NT 6.1; WOW64; Trident/4.0; GTB7.2; SLCC2; .NET CLR 2.0.50727; .NET CLR 3.5.30729; .NET CLR 3.0.30729; Media Center PC 6.0; .NET4.0C)"
80.186.195.122 - - [17/Nov/2017:15:10:20 +0000] "GET /category/electronics HTTP/1.1" 200 61 "-" "Mozilla/5.0 (Windows NT 6.1; WOW64; rv:10.0.1) Gecko/20100101 Firefox/10.0.1"
144.180.57.180 - - [17/Nov/2017:15:10:25 +0000] "GET /item/electronics/1309 HTTP/1.1" 200 133 "-" "Mozilla/5.0 (Windows NT 6.1; WOW64) AppleWebKit/535.7 (KHTML, like Gecko) Chrome/16.0.912.77 Safari/535.7"
220.102.98.97 - - [17/Nov/2017:15:10:30 +0000] "GET /category/garden HTTP/1.1" 200 121 "-" "Mozilla/5.0 (compatible; MSIE 9.0; Windows NT 6.1; Trident/5.0)"
128.27.201.209 - - [17/Nov/2017:15:10:35 +0000] "GET /item/electronics/1911 HTTP/1.1" 200 122 "-" "Mozilla/5.0 (Windows NT 6.0; rv:10.0.1) Gecko/20100101 Firefox/10.0.1"
184.54.99.170 - - [17/Nov/2017:15:10:40 +0000] "GET /category/cameras HTTP/1.1" 200 80 "http://www.google.com/search?ie=UTF-8&q=google&sclient=psy-ab&q=Cameras&oq=Cameras&aq=f&aqi=g-vL1&aql=&pbx=1&bav=on.2,or.r_gc.r_pw.r_qf.,cf.osb&biw=81&bih=260" "Mozilla/5.0 (Windows NT 6.1; WOW64) AppleWebKit/535.7 (KHTML, like Gecko) Chrome/16.0.912.77 Safari/535.7"
220.189.195.98 - - [17/Nov/2017:15:10:45 +0000] "GET /category/games?from=20 HTTP/1.1" 200 119 "/category/games" "Mozilla/4.0 (compatible; MSIE 8.0; Windows NT 5.1; Trident/4.0; YTB720; GTB7.2; .NET CLR 1.1.4322; .NET CLR 2.0.50727; .NET CLR 3.0.4506.2152; .NET CLR 3.5.30729)"
148.57.150.184 - - [17/Nov/2017:15:10:50 +0000] "GET /category/electronics HTTP/1.1" 200 104 "/category/networking" "Mozilla/4.0 (compatible; MSIE 8.0; Windows NT 6.0; WOW64; Trident/4.0; GTB6; SLCC1; .NET CLR 2.0.50727; Media Center PC 5.0; .NET CLR 3.5.30729; .NET CLR 3.0.30618; .NET4.0C)"
112.144.23.168 - - [17/Nov/2017:15:10:55 +0000] "GET /item/books/1503 HTTP/1.1" 200 49 "http://www.google.com/search?ie=UTF-8&q=google&sclient=psy-ab&q=Books&oq=Books&aq=f&aqi=g-vL1&aql=&pbx=1&bav=on.2,or.r_gc.r_pw.r_qf.,cf.osb&biw=2775&bih=563" "Mozilla/5.0 (Windows NT 6.1; WOW64) AppleWebKit/535.11 (KHTML, like Gecko) Chrome/17.0.963.56 Safari/535.11"
180.114.21.38 - - [17/Nov/2017:15:11:00 +0000] "GET /category/games HTTP/1.1" 200 114 "/category/jewelry" "Mozilla/5.0 (Windows NT 5.1) AppleWebKit/535.11 (KHTML, like Gecko) Chrome/17.0.963.46 Safari/535.11"
32.213.139.23 - - [17/Nov/2017:15:11:05 +0000] "GET /category/jewelry HTTP/1.1" 200 77 "/item/books/237" "Mozilla/4.0 (compatible; MSIE 8.0; Windows NT 6.1; WOW64; Trident/4.0; GTB7.2; SLCC2; .NET CLR 2.0.50727; .NET CLR 3.5.30729; .NET CLR 3.0.30729; Media Center PC 6.0; .NET4.0C)"
112.60.183.55 - - [17/Nov/2017:15:11:10 +0000] "GET /category/office HTTP/1.1" 200 121 "-" "Mozilla/4.0 (compatible; MSIE 8.0; Windows NT 6.1; Trident/4.0; YTB730; SLCC2; .NET CLR 2.0.50727; .NET CLR 3.5.30729; .NET CLR 3.0.30729; Media Center PC 6.0; .NET4.0C)"
132.219.26.113 - - [17/Nov/2017:15:11:15 +0000] "GET /item/garden/348 HTTP/1.1" 200 50 "-" "Mozilla/5.0 (Windows NT 5.1) AppleWebKit/535.11 (KHTML, like Gecko) Chrome/17.0.963.46 Safari/535.11"
144.213.38.93 - - [17/Nov/2017:15:11:20 +0000] "GET /category/books HTTP/1.1" 200 41 "-" "Mozilla/5.0 (compatible; MSIE 9.0; Windows NT 6.1; WOW64; Trident/5.0)"
36.75.71.169 - - [17/Nov/2017:15:11:25 +0000] "GET /category/software HTTP/1.1" 200 93 "-" "Mozilla/5.0 (iPhone; CPU iPhone OS 5_0_1 like Mac OS X) AppleWebKit/534.46 (KHTML, like Gecko) Version/5.1 Mobile/9A405 Safari/7534.48.3"
72.156.195.112 - - [17/Nov/2017:15:11:30 +0000] "GET /category/games HTTP/1.1" 200 83 "http://www.google.com/search?ie=UTF-8&q=google&sclient=psy-ab&q=Games+Cameras&oq=Games+Cameras&aq=f&aqi=g-vL1&aql=&pbx=1&bav=on.2,or.r_gc.r_pw.r_qf.,cf.osb&biw=2228&bih=403" "Mozilla/4.0 (compatible; MSIE 8.0; Windows NT 6.1; Trident/4.0; YTB730; SLCC2; .NET CLR 2.0.50727; .NET CLR 3.5.30729; .NET CLR 3.0.30729; Media Center PC 6.0; .NET4.0C)"
224.129.127.102 - - [17/Nov/2017:15:11:35 +0000] "GET /category/jewelry HTTP/1.1" 200 111 "http://www.google.com/search?ie=UTF-8&q=google&sclient=psy-ab&q=Jewelry&oq=Jewelry&aq=f&aqi=g-vL1&aql=&pbx=1&bav=on.2,or.r_gc.r_pw.r_qf.,cf.osb&biw=2303&bih=572" "Mozilla/4.0 (compatible; MSIE 8.0; Windows NT 5.1; Trident/4.0; YTB720; GTB7.2; .NET CLR 1.1.4322; .NET CLR 2.0.50727; .NET CLR 3.0.4506.2152; .NET CLR 3.5.30729)"
48.54.186.185 - - [17/Nov/2017:15:11:40 +0000] "GET /category/electronics HTTP/1.1" 200 68 "-" "Mozilla/5.0 (Windows NT 6.0; rv:10.0.1) Gecko/20100101 Firefox/10.0.1"
72.138.35.193 - - [17/Nov/2017:15:11:45 +0000] "GET /item/electronics/1195 HTTP/1.1" 200 46 "/category/books" "Mozilla/5.0 (Windows NT 6.1; WOW64; rv:10.0.1) Gecko/20100101 Firefox/10.0.1"
152.87.80.46 - - [17/Nov/2017:15:11:50 +0000] "GET /category/software HTTP/1.1" 200 89 "/item/office/512" "Mozilla/4.0 (compatible; MSIE 8.0; Windows NT 6.1; WOW64; Trident/4.0; YTB730; GTB7.2; EasyBits GO v1.0; SLCC2; .NET CLR 2.0.50727; .NET CLR 3.5.30729; .NET CLR 3.0.30729; Media Center PC 6.0; .NET4.0C)"
44.162.33.184 - - [17/Nov/2017:15:11:55 +0000] "GET /item/electronics/681 HTTP/1.1" 200 64 "/category/electronics" "Mozilla/5.0 (Macintosh; Intel Mac OS X 10.6; rv:9.0.1) Gecko/20100101 Firefox/9.0.1"
116.111.183.132 - - [17/Nov/2017:15:12:00 +0000] "GET /category/games HTTP/1.1" 200 138 "/search/?c=Cameras+Books" "Mozilla/5.0 (compatible; MSIE 9.0; Windows NT 6.1; WOW64; Trident/5.0)"
80.51.95.186 - - [17/Nov/2017:15:12:05 +0000] "GET /category/games HTTP/1.1" 200 59 "-" "Mozilla/5.0 (Macintosh; Intel Mac OS X 10.6; rv:9.0.1) Gecko/20100101 Firefox/9.0.1"
172.201.30.205 - - [17/Nov/2017:15:12:10 +0000] "GET /category/games HTTP/1.1" 200 63 "-" "Mozilla/4.0 (compatible; MSIE 8.0; Windows NT 6.1; Trident/4.0; YTB730; SLCC2; .NET CLR 2.0.50727; .NET CLR 3.5.30729; .NET CLR 3.0.30729; Media Center PC 6.0; .NET4.0C)"
100.150.67.191 - - [17/Nov/2017:15:12:15 +0000] "GET /item/games/1885 HTTP/1.1" 200 83 "/item/electronics/2524" "Mozilla/4.0 (compatible; MSIE 8.0; Windows NT 6.1; WOW64; Trident/4.0; YTB730; GTB7.2; SLCC2; .NET CLR 2.0.50727; .NET CLR 3.5.30729; .NET CLR 3.0.30729; .NET4.0C; .NET4.0E; Media Center PC 6.0)"
52.132.50.197 - - [17/Nov/2017:15:12:20 +0000] "GET /item/jewelry/428 HTTP/1.1" 200 53 "/category/networking" "Mozilla/4.0 (compatible; MSIE 8.0; Windows NT 6.1; WOW64; Trident/4.0; YTB730; GTB7.2; SLCC2; .NET CLR 2.0.50727; .NET CLR 3.5.30729; .NET CLR 3.0.30729; .NET4.0C; .NET4.0E; Media Center PC 6.0)"
96.90.32.31 - - [17/Nov/2017:15:12:25 +0000] "GET /item/office/378 HTTP/1.1" 200 57 "/category/networking" "Mozilla/5.0 (iPhone; CPU iPhone OS 5_0_1 like Mac OS X) AppleWebKit/534.46 (KHTML, like Gecko) Version/5.1 Mobile/9A405 Safari/7534.48.3"
152.120.32.93 - - [17/Nov/2017:15:12:30 +0000] "GET /category/games HTTP/1.1" 200 47 "/category/electronics" "Mozilla/5.0 (Windows NT 6.0; rv:10.0.1) Gecko/20100101 Firefox/10.0.1"
220.99.157.29 - - [17/Nov/2017:15:12:35 +0000] "GET /item/computers/1333 HTTP/1.1" 200 108 "/search/?c=Computers+Health" "Mozilla/5.0 (compatible; MSIE 9.0; Windows NT 6.1; Trident/5.0)"
32.105.122.34 - - [17/Nov/2017:15:12:40 +0000] "GET /item/software/3165 HTTP/1.1" 200 63 "/search/?c=Software" "Mozilla/5.0 (Windows NT 6.0; rv:10.0.1) Gecko/20100101 Firefox/10.0.1"
140.144.140.227 - - [17/Nov/2017:15:12:45 +0000] "GET /category/software HTTP/1.1" 200 50 "/category/electronics" "Mozilla/5.0 (compatible; MSIE 9.0; Windows NT 6.1; Trident/5.0)"
188.162.174.58 - - [17/Nov/2017:15:12:50 +0000] "GET /category/computers?from=20 HTTP/1.1" 200 52 "-" "Mozilla/5.0 (Windows NT 6.1; WOW64) AppleWebKit/535.11 (KHTML, like Gecko) Chrome/17.0.963.56 Safari/535.11"
112.132.152.220 - - [17/Nov/2017:15:12:55 +0000] "POST /search/?c=Toys HTTP/1.1" 200 72 "-" "Mozilla/5.0 (Windows NT 6.1; WOW64; rv:10.0.1) Gecko/20100101 Firefox/10.0.1"
60.33.34.174 - - [17/Nov/2017:15:13:00 +0000] "GET /item/electronics/1678 HTTP/1.1" 200 108 "-" "Mozilla/5.0 (Macintosh; Intel Mac OS X 10.6; rv:9.0.1) Gecko/20100101 Firefox/9.0.1"
76.153.22.87 - - [17/Nov/2017:15:13:05 +0000] "GET /category/health HTTP/1.1" 200 103 "/category/health" "Mozilla/5.0 (Windows NT 6.0; rv:10.0.1) Gecko/20100101 Firefox/10.0.1"
28.207.139.33 - - [17/Nov/2017:15:13:10 +0000] "GET /category/software HTTP/1.1" 200 123 "-" "Mozilla/5.0 (compatible; Googlebot/2.1; +http://www.google.com/bot.html)"
200.33.165.54 - - [17/Nov/2017:15:13:15 +0000] "GET /item/computers/3135 HTTP/1.1" 200 107 "http://www.google.com/search?ie=UTF-8&q=google&sclient=psy-ab&q=Computers&oq=Computers&aq=f&aqi=g-vL1&aql=&pbx=1&bav=on.2,or.r_gc.r_pw.r_qf.,cf.osb&biw=1773&bih=485" "Mozilla/5.0 (Windows NT 6.0; rv:10.0.1) Gecko/20100101 Firefox/10.0.1"
152.45.194.229 - - [17/Nov/2017:15:13:20 +0000] "GET /category/finance HTTP/1.1" 200 132 "-" "Mozilla/5.0 (Windows NT 6.0) AppleWebKit/535.11 (KHTML, like Gecko) Chrome/17.0.963.56 Safari/535.11"
56.186.73.100 - - [17/Nov/2017:15:13:25 +0000] "GET /category/office HTTP/1.1" 200 71 "-" "Mozilla/5.0 (compatible; MSIE 9.0; Windows NT 6.1; Trident/5.0)"
28.81.112.82 - - [17/Nov/2017:15:13:30 +0000] "GET /item/garden/995 HTTP/1.1" 200 77 "-" "Mozilla/5.0 (Windows NT 6.0; rv:10.0.1) Gecko/20100101 Firefox/10.0.1"
192.213.30.56 - - [17/Nov/2017:15:13:35 +0000] "GET /category/electronics?from=0 HTTP/1.1" 200 101 "-" "Mozilla/5.0 (Macintosh; Intel Mac OS X 10.6; rv:9.0.1) Gecko/20100101 Firefox/9.0.1"
220.159.151.36 - - [17/Nov/2017:15:13:40 +0000] "GET /category/software?from=0 HTTP/1.1" 200 40 "/search/?c=Software" "Mozilla/5.0 (compatible; Googlebot/2.1; +http://www.google.com/bot.html)"
52.90.30.181 - - [17/Nov/2017:15:13:45 +0000] "GET /category/software?from=10 HTTP/1.1" 200 54 "/category/software" "Mozilla/4.0 (compatible; MSIE 8.0; Windows NT 6.0; WOW64; Trident/4.0; GTB6; SLCC1; .NET CLR 2.0.50727; Media Center PC 5.0; .NET CLR 3.5.30729; .NET CLR 3.0.30618; .NET4.0C)"
84.30.118.31 - - [17/Nov/2017:15:13:50 +0000] "GET /category/jewelry HTTP/1.1" 200 122 "/category/electronics" "Mozilla/5.0 (compatible; MSIE 9.0; Windows NT 6.1; Trident/5.0)"
80.198.63.143 - - [17/Nov/2017:15:13:55 +0000] "POST /search/?c=Toys HTTP/1.1" 200 72 "/category/books" "Mozilla/4.0 (compatible; MSIE 8.0; Windows NT 6.0; WOW64; Trident/4.0; GTB6; SLCC1; .NET CLR 2.0.50727; Media Center PC 5.0; .NET CLR 3.5.30729; .NET CLR 3.0.30618; .NET4.0C)"
76.48.201.164 - - [17/Nov/2017:15:14:00 +0000] "GET /item/games/152 HTTP/1.1" 200 133 "/category/music" "Mozilla/5.0 (Windows NT 6.1; WOW64; rv:10.0.1) Gecko/20100101 Firefox/10.0.1"
48.105.77.215 - - [17/Nov/2017:15:14:05 +0000] "POST /search/?c=Electronics HTTP/1.1" 200 69 "-" "Mozilla/5.0 (compatible; MSIE 9.0; Windows NT 6.1; WOW64; Trident/5.0)"
164.177.22.225 - - [17/Nov/2017:15:14:10 +0000] "GET /item/toys/2937 HTTP/1.1" 200 54 "/category/music" "Mozilla/4.0 (compatible; MSIE 8.0; Windows NT 6.1; WOW64; Trident/4.0; GTB7.2; SLCC2; .NET CLR 2.0.50727; .NET CLR 3.5.30729; .NET CLR 3.0.30729; Media Center PC 6.0; .NET4.0C)"
60.165.28.148 - - [17/Nov/2017:15:14:15 +0000] "POST /search/?c=Electronics+Games HTTP/1.1" 200 88 "-" "Mozilla/5.0 (Windows NT 6.1; WOW64; rv:10.0.1) Gecko/20100101 Firefox/10.0.1"
144.168.60.186 - - [17/Nov/2017:15:14:20 +0000] "GET /item/software/875 HTTP/1.1" 200 132 "/category/software" "Mozilla/5.0 (Windows NT 6.1; WOW64; rv:10.0.1) Gecko/20100101 Firefox/10.0.1"
224.159.219.206 - - [17/Nov/2017:15:14:25 +0000] "GET /item/software/1831 HTTP/1.1" 200 69 "/search/?c=Software" "Mozilla/5.0 (Windows NT 6.1; WOW64; rv:10.0.1) Gecko/20100101 Firefox/10.0.1"
32.30.60.100 - - [17/Nov/2017:15:14:30 +0000] "GET /category/toys HTTP/1.1" 200 129 "-" "Mozilla/5.0 (Windows NT 6.1; WOW64; rv:10.0.1) Gecko/20100101 Firefox/10.0.1"
220.102.98.97 - - [17/Nov/2017:15:14:35 +0000] "GET /category/toys HTTP/1.1" 200 57 "-" "Mozilla/5.0 (Macintosh; Intel Mac OS X 10.6; rv:9.0.1) Gecko/20100101 Firefox/9.0.1"
176.87.116.29 - - [17/Nov/2017:15:14:40 +0000] "GET /category/software HTTP/1.1" 200 71 "/item/electronics/4416" "Mozilla/5.0 (Windows NT 5.1) AppleWebKit/535.11 (KHTML, like Gecko) Chrome/17.0.963.46 Safari/535.11"
96.72.174.129 - - [17/Nov/2017:15:14:45 +0000] "POST /search/?c=Software+Computers HTTP/1.1" 200 93 "-" "Mozilla/4.0 (compatible; MSIE 8.0; Windows NT 6.1; WOW64; Trident/4.0; GTB7.2; SLCC2; .NET CLR 2.0.50727; .NET CLR 3.5.30729; .NET CLR 3.0.30729; Media Center PC 6.0; .NET4.0C)"
112.84.123.124 - - [17/Nov/2017:15:14:50 +0000] "GET /category/giftcards HTTP/1.1" 200 126 "/category/games" "Mozilla/5.0 (Windows NT 6.1; WOW64) AppleWebKit/535.7 (KHTML, like Gecko) Chrome/16.0.912.77 Safari/535.7"
92.150.116.137 - - [17/Nov/2017:15:14:55 +0000] "GET /item/electronics/2606 HTTP/1.1" 200 138 "-" "Mozilla/5.0 (Macintosh; Intel Mac OS X 10.6; rv:9.0.1) Gecko/20100101 Firefox/9.0.1"
24.57.24.122 - - [17/Nov/2017:15:15:00 +0000] "GET /category/electronics HTTP/1.1" 200 78 "-" "Mozilla/4.0 (compatible; MSIE 8.0; Windows NT 6.1; WOW64; Trident/4.0; GTB7.2; SLCC2; .NET CLR 2.0.50727; .NET CLR 3.5.30729; .NET CLR 3.0.30729; Media Center PC 6.0; .NET4.0C)"
192.207.80.72 - - [17/Nov/2017:15:15:05 +0000] "GET /item/computers/1710 HTTP/1.1" 200 47 "/category/office" "Mozilla/5.0 (Windows NT 6.0; rv:10.0.1) Gecko/20100101 Firefox/10.0.1"
80.114.224.190 - - [17/Nov/2017:15:15:10 +0000] "GET /category/electronics HTTP/1.1" 200 78 "/item/sports/4622" "Mozilla/5.0 (Windows NT 6.1; WOW64) AppleWebKit/535.11 (KHTML, like Gecko) Chrome/17.0.963.56 Safari/535.11"
192.213.30.56 - - [17/Nov/2017:15:15:15 +0000] "GET /category/office HTTP/1.1" 200 128 "/category/music" "Mozilla/5.0 (Windows NT 6.0; rv:10.0.1) Gecko/20100101 Firefox/10.0.1"
140.216.102.224 - - [17/Nov/2017:15:15:20 +0000] "GET /category/office?from=0 HTTP/1.1" 200 93 "/category/office" "Mozilla/5.0 (compatible; MSIE 9.0; Windows NT 6.1; Trident/5.0)"
32.156.124.60 - - [17/Nov/2017:15:15:25 +0000] "GET /category/software HTTP/1.1" 200 119 "-" "Mozilla/5.0 (Windows NT 6.0) AppleWebKit/535.11 (KHTML, like Gecko) Chrome/17.0.963.56 Safari/535.11"
200.114.202.134 - - [17/Nov/2017:15:15:30 +0000] "GET /item/computers/1158 HTTP/1.1" 200 122 "/item/computers/809" "Mozilla/4.0 (compatible; MSIE 8.0; Windows NT 6.0; WOW64; Trident/4.0; GTB6; SLCC1; .NET CLR 2.0.50727; Media Center PC 5.0; .NET CLR 3.5.30729; .NET CLR 3.0.30618; .NET4.0C)"
28.27.177.180 - - [17/Nov/2017:15:15:35 +0000] "GET /category/electronics HTTP/1.1" 200 80 "-" "Mozilla/4.0 (compatible; MSIE 8.0; Windows NT 6.1; Trident/4.0; YTB730; SLCC2; .NET CLR 2.0.50727; .NET CLR 3.5.30729; .NET CLR 3.0.30729; Media Center PC 6.0; .NET4.0C)"
188.162.174.58 - - [17/Nov/2017:15:15:40 +0000] "GET /item/electronics/722 HTTP/1.1" 200 102 "/item/giftcards/202" "Mozilla/5.0 (Windows NT 6.1; WOW64) AppleWebKit/535.11 (KHTML, like Gecko) Chrome/17.0.963.56 Safari/535.11"
224.228.152.212 - - [17/Nov/2017:15:15:45 +0000] "GET /category/music?from=20 HTTP/1.1" 200 40 "/category/electronics" "Mozilla/4.0 (compatible; MSIE 8.0; Windows NT 6.1; WOW64; Trident/4.0; GTB7.2; SLCC2; .NET CLR 2.0.50727; .NET CLR 3.5.30729; .NET CLR 3.0.30729; Media Center PC 6.0; .NET4.0C)"
176.186.192.119 - - [17/Nov/2017:15:15:50 +0000] "GET /category/books HTTP/1.1" 200 129 "-" "Mozilla/5.0 (compatible; MSIE 9.0; Windows NT 6.1; WOW64; Trident/5.0)"
164.228.120.56 - - [17/Nov/2017:15:15:55 +0000] "GET /category/computers?from=20 HTTP/1.1" 200 62 "/category/software" "Mozilla/5.0 (compatible; Googlebot/2.1; +http://www.google.com/bot.html)"
52.192.158.142 - - [17/Nov/2017:15:16:00 +0000] "GET /category/cameras HTTP/1.1" 200 66 "/category/electronics" "Mozilla/5.0 (compatible; MSIE 9.0; Windows NT 6.1; WOW64; Trident/5.0)"
224.87.199.41 - - [17/Nov/2017:15:16:05 +0000] "GET /category/software HTTP/1.1" 200 43 "/category/software" "Mozilla/5.0 (iPhone; CPU iPhone OS 5_0_1 like Mac OS X) AppleWebKit/534.46 (KHTML, like Gecko) Version/5.1 Mobile/9A405 Safari/7534.48.3"
80.57.31.216 - - [17/Nov/2017:15:16:10 +0000] "POST /search/?c=Cameras+Office HTTP/1.1" 200 71 "/category/books" "Mozilla/5.0 (compatible; Googlebot/2.1; +http://www.google.com/bot.html)"
220.93.97.101 - - [17/Nov/2017:15:16:15 +0000] "GET /item/garden/2971 HTTP/1.1" 200 116 "-" "Mozilla/5.0 (iPhone; CPU iPhone OS 5_0_1 like Mac OS X) AppleWebKit/534.46 (KHTML, like Gecko) Version/5.1 Mobile/9A405 Safari/7534.48.3"
188.210.194.32 - - [17/Nov/2017:15:16:20 +0000] "GET /category/games HTTP/1.1" 200 59 "/category/electronics" "Mozilla/5.0 (Windows NT 6.1; WOW64) AppleWebKit/535.11 (KHTML, like Gecko) Chrome/17.0.963.56 Safari/535.11"
44.57.212.87 - - [17/Nov/2017:15:16:25 +0000] "GET /category/electronics?from=0 HTTP/1.1" 200 112 "/category/finance" "Mozilla/5.0 (compatible; MSIE 9.0; Windows NT 6.1; WOW64; Trident/5.0)"
204.147.33.196 - - [17/Nov/2017:15:16:30 +0000] "GET /category/toys HTTP/1.1" 200 109 "/category/books" "Mozilla/5.0 (compatible; Googlebot/2.1; +http://www.google.com/bot.html)"
64.30.173.72 - - [17/Nov/2017:15:16:35 +0000] "GET /item/health/2403 HTTP/1.1" 200 112 "/search/?c=Health+Electronics" "Mozilla/5.0 (Windows NT 6.1; WOW64) AppleWebKit/535.11 (KHTML, like Gecko) Chrome/17.0.963.56 Safari/535.11"
168.195.218.121 - - [17/Nov/2017:15:16:40 +0000] "GET /category/finance?from=20 HTTP/1.1" 200 116 "-" "Mozilla/5.0 (Windows NT 6.1; WOW64) AppleWebKit/535.7 (KHTML, like Gecko) Chrome/16.0.912.77 Safari/535.7"
52.93.144.151 - - [17/Nov/2017:15:16:45 +0000] "POST /search/?c=Garden+Office HTTP/1.1" 200 100 "-" "Mozilla/5.0 (compatible; MSIE 9.0; Windows NT 6.1; Trident/5.0)"
136.81.127.192 - - [17/Nov/2017:15:16:50 +0000] "POST /search/?c=Software+Office HTTP/1.1" 200 103 "/item/books/757" "Mozilla/5.0 (Macintosh; Intel Mac OS X 10.6; rv:9.0.1) Gecko/20100101 Firefox/9.0.1"
136.138.110.70 - - [17/Nov/2017:15:16:55 +0000] "GET /item/computers/4451 HTTP/1.1" 200 42 "/search/?c=Computers" "Mozilla/4.0 (compatible; MSIE 8.0; Windows NT 6.1; Trident/4.0; YTB730; SLCC2; .NET CLR 2.0.50727; .NET CLR 3.5.30729; .NET CLR 3.0.30729; Media Center PC 6.0; .NET4.0C)"
176.117.229.92 - - [17/Nov/2017:15:17:00 +0000] "POST /search/?c=Software+Games HTTP/1.1" 200 124 "-" "Mozilla/5.0 (Windows NT 6.0; rv:10.0.1) Gecko/20100101 Firefox/10.0.1"
224.219.86.184 - - [17/Nov/2017:15:17:05 +0000] "GET /category/books HTTP/1.1" 200 121 "http://www.google.com/search?ie=UTF-8&q=google&sclient=psy-ab&q=Books+Office&oq=Books+Office&aq=f&aqi=g-vL1&aql=&pbx=1&bav=on.2,or.r_gc.r_pw.r_qf.,cf.osb&biw=3392&bih=593" "Mozilla/4.0 (compatible; MSIE 8.0; Windows NT 6.1; WOW64; Trident/4.0; YTB730; GTB7.2; SLCC2; .NET CLR 2.0.50727; .NET CLR 3.5.30729; .NET CLR 3.0.30729; .NET4.0C; .NET4.0E; Media Center PC 6.0)"
72.216.215.73 - - [17/Nov/2017:15:17:10 +0000] "GET /item/software/3887 HTTP/1.1" 200 100 "-" "Mozilla/4.0 (compatible; MSIE 8.0; Windows NT 5.1; Trident/4.0; BTRS122159; GTB7.2; .NET CLR 1.1.4322; .NET CLR 2.0.50727; .NET CLR 3.0.04506.30; .NET CLR 3.0.4506.2152; .NET CLR 3.5.30729; BRI/2)"
180.225.227.228 - - [17/Nov/2017:15:17:15 +0000] "POST /search/?c=Electronics+Games HTTP/1.1" 200 138 "/category/electronics" "Mozilla/5.0 (Windows NT 6.1; WOW64; rv:10.0.1) Gecko/20100101 Firefox/10.0.1"
208.138.152.63 - - [17/Nov/2017:15:17:20 +0000] "GET /category/electronics HTTP/1.1" 200 47 "-" "Mozilla/4.0 (compatible; MSIE 8.0; Windows NT 5.1; Trident/4.0; YTB720; GTB7.2; .NET CLR 1.1.4322; .NET CLR 2.0.50727; .NET CLR 3.0.4506.2152; .NET CLR 3.5.30729)"
152.159.202.129 - - [17/Nov/2017:15:17:25 +0000] "GET /category/games HTTP/1.1" 200 116 "-" "Mozilla/5.0 (Macintosh; Intel Mac OS X 10.6; rv:9.0.1) Gecko/20100101 Firefox/9.0.1"
176.180.122.216 - - [17/Nov/2017:15:17:30 +0000] "GET /category/garden HTTP/1.1" 200 78 "/item/giftcards/2452" "Mozilla/5.0 (Windows NT 6.1; WOW64; rv:10.0.1) Gecko/20100101 Firefox/10.0.1"
200.102.224.162 - - [17/Nov/2017:15:17:35 +0000] "GET /item/games/4058 HTTP/1.1" 200 94 "/category/electronics" "Mozilla/5.0 (Macintosh; Intel Mac OS X 10.6; rv:9.0.1) Gecko/20100101 Firefox/9.0.1"
48.201.198.145 - - [17/Nov/2017:15:17:40 +0000] "GET /category/electronics HTTP/1.1" 200 95 "-" "Mozilla/5.0 (Windows NT 6.1; WOW64; rv:10.0.1) Gecko/20100101 Firefox/10.0.1"
116.219.67.62 - - [17/Nov/2017:15:17:45 +0000] "GET /category/garden HTTP/1.1" 200 114 "-" "Mozilla/4.0 (compatible; MSIE 8.0; Windows NT 6.0; WOW64; Trident/4.0; GTB6; SLCC1; .NET CLR 2.0.50727; Media Center PC 5.0; .NET CLR 3.5.30729; .NET CLR 3.0.30618; .NET4.0C)"
68.78.197.161 - - [17/Nov/2017:15:17:50 +0000] "GET /category/electronics HTTP/1.1" 200 97 "-" "Mozilla/5.0 (Windows NT 6.0; rv:10.0.1) Gecko/20100101 Firefox/10.0.1"
60.123.32.130 - - [17/Nov/2017:15:17:55 +0000] "GET /category/cameras HTTP/1.1" 200 124 "-" "Mozilla/5.0 (Windows NT 6.0; rv:10.0.1) Gecko/20100101 Firefox/10.0.1"
168.108.147.195 - - [17/Nov/2017:15:18:00 +0000] "GET /item/giftcards/4709 HTTP/1.1" 200 53 "/item/games/2694" "Mozilla/5.0 (Windows NT 6.0; rv:10.0.1) Gecko/20100101 Firefox/10.0.1"
208.93.164.196 - - [17/Nov/2017:15:18:05 +0000] "GET /category/electronics HTTP/1.1" 200 113 "-" "Mozilla/5.0 (compatible; MSIE 9.0; Windows NT 6.1; Trident/5.0)"
152.63.117.36 - - [17/Nov/2017:15:18:10 +0000] "GET /item/games/2882 HTTP/1.1" 200 130 "/search/?c=Cameras+Finance" "Mozilla/5.0 (Windows NT 6.1; WOW64; rv:10.0.1) Gecko/20100101 Firefox/10.0.1"
108.141.179.49 - - [17/Nov/2017:15:18:15 +0000] "GET /category/electronics HTTP/1.1" 200 86 "http://www.google.com/search?ie=UTF-8&q=google&sclient=psy-ab&q=Electronics&oq=Electronics&aq=f&aqi=g-vL1&aql=&pbx=1&bav=on.2,or.r_gc.r_pw.r_qf.,cf.osb&biw=469&bih=595" "Mozilla/4.0 (compatible; MSIE 8.0; Windows NT 5.1; Trident/4.0; BTRS122159; GTB7.2; .NET CLR 1.1.4322; .NET CLR 2.0.50727; .NET CLR 3.0.04506.30; .NET CLR 3.0.4506.2152; .NET CLR 3.5.30729; BRI/2)"
68.72.35.74 - - [17/Nov/2017:15:18:20 +0000] "GET /item/electronics/3882 HTTP/1.1" 200 94 "/category/computers" "Mozilla/5.0 (compatible; MSIE 9.0; Windows NT 6.1; WOW64; Trident/5.0)"
136.198.147.93 - - [17/Nov/2017:15:18:25 +0000] "GET /category/sports HTTP/1.1" 200 98 "/item/sports/1884" "Mozilla/5.0 (Windows NT 6.1; WOW64; rv:10.0.1) Gecko/20100101 Firefox/10.0.1"
180.192.53.62 - - [17/Nov/2017:15:18:30 +0000] "GET /category/software HTTP/1.1" 200 105 "/category/toys" "Mozilla/4.0 (compatible; MSIE 8.0; Windows NT 5.1; Trident/4.0; BTRS122159; GTB7.2; .NET CLR 1.1.4322; .NET CLR 2.0.50727; .NET CLR 3.0.04506.30; .NET CLR 3.0.4506.2152; .NET CLR 3.5.30729; BRI/2)"
188.21.107.76 - - [17/Nov/2017:15:18:35 +0000] "GET /category/electronics HTTP/1.1" 200 62 "/item/computers/1693" "Mozilla/5.0 (compatible; Googlebot/2.1; +http://www.google.com/bot.html)"
104.141.80.150 - - [17/Nov/2017:15:18:40 +0000] "GET /category/health HTTP/1.1" 200 132 "/item/networking/4696" "Mozilla/5.0 (compatible; MSIE 9.0; Windows NT 6.1; WOW64; Trident/5.0)"
164.36.150.129 - - [17/Nov/2017:15:18:45 +0000] "GET /category/office HTTP/1.1" 200 51 "/item/software/992" "Mozilla/4.0 (compatible; MSIE 8.0; Windows NT 6.0; WOW64; Trident/4.0; GTB6; SLCC1; .NET CLR 2.0.50727; Media Center PC 5.0; .NET CLR 3.5.30729; .NET CLR 3.0.30618; .NET4.0C)"
104.111.99.133 - - [17/Nov/2017:15:18:50 +0000] "GET /category/office HTTP/1.1" 200 118 "-" "Mozilla/5.0 (compatible; Googlebot/2.1; +http://www.google.com/bot.html)"
208.171.120.182 - - [17/Nov/2017:15:18:55 +0000] "GET /category/garden HTTP/1.1" 200 52 "-" "Mozilla/5.0 (compatible; Googlebot/2.1; +http://www.google.com/bot.html)"
152.159.202.129 - - [17/Nov/2017:15:19:00 +0000] "POST /search/?c=Electronics HTTP/1.1" 200 69 "/category/electronics" "Mozilla/5.0 (compatible; Googlebot/2.1; +http://www.google.com/bot.html)"
136.225.199.202 - - [17/Nov/2017:15:19:05 +0000] "GET /category/sports?from=0 HTTP/1.1" 200 81 "/category/cameras?from=20" "Mozilla/5.0 (compatible; MSIE 9.0; Windows NT 6.1; Trident/5.0)"
152.48.198.194 - - [17/Nov/2017:15:19:10 +0000] "GET /category/software HTTP/1.1" 200 72 "-" "Mozilla/5.0 (Windows NT 6.1; WOW64; rv:10.0.1) Gecko/20100101 Firefox/10.0.1"
192.132.36.118 - - [17/Nov/2017:15:19:15 +0000] "GET /category/electronics HTTP/1.1" 200 89 "http://www.google.com/search?ie=UTF-8&q=google&sclient=psy-ab&q=Electronics&oq=Electronics&aq=f&aqi=g-vL1&aql=&pbx=1&bav=on.2,or.r_gc.r_pw.r_qf.,cf.osb&biw=4025&bih=219" "Mozilla/5.0 (compatible; Googlebot/2.1; +http://www.google.com/bot.html)"
212.66.174.222 - - [17/Nov/2017:15:19:20 +0000] "GET /item/games/2882 HTTP/1.1" 200 130 "/search/?c=Games+Games" "Mozilla/5.0 (Windows NT 6.0; rv:10.0.1) Gecko/20100101 Firefox/10.0.1"
144.216.152.78 - - [17/Nov/2017:15:19:25 +0000] "GET /item/cameras/4995 HTTP/1.1" 200 97 "/search/?c=Electronics+Software" "Mozilla/5.0 (compatible; MSIE 9.0; Windows NT 6.1; WOW64; Trident/5.0)"
120.189.186.127 - - [17/Nov/2017:15:19:30 +0000] "GET /category/giftcards HTTP/1.1" 200 60 "/category/electronics" "Mozilla/5.0 (iPhone; CPU iPhone OS 5_0_1 like Mac OS X) AppleWebKit/534.46 (KHTML, like Gecko) Version/5.1 Mobile/9A405 Safari/7534.48.3"
88.87.28.220 - - [17/Nov/2017:15:19:35 +0000] "GET /category/electronics HTTP/1.1" 200 128 "-" "Mozilla/5.0 (Windows NT 6.0; rv:10.0.1) Gecko/20100101 Firefox/10.0.1"
52.147.68.57 - - [17/Nov/2017:15:19:40 +0000] "POST /search/?c=Software+Books HTTP/1.1" 200 79 "/category/software" "Mozilla/5.0 (Windows NT 6.0; rv:10.0.1) Gecko/20100101 Firefox/10.0.1"
152.21.213.161 - - [17/Nov/2017:15:19:45 +0000] "GET /category/sports HTTP/1.1" 200 98 "-" "Mozilla/5.0 (Windows NT 6.1; WOW64) AppleWebKit/535.7 (KHTML, like Gecko) Chrome/16.0.912.77 Safari/535.7"
84.222.57.97 - - [17/Nov/2017:15:19:50 +0000] "GET /item/electronics/2426 HTTP/1.1" 200 91 "/search/?c=Electronics+Sports" "Mozilla/5.0 (Windows NT 6.0) AppleWebKit/535.11 (KHTML, like Gecko) Chrome/17.0.963.56 Safari/535.11"
200.201.187.211 - - [17/Nov/2017:15:19:55 +0000] "GET /category/books HTTP/1.1" 200 101 "-" "Mozilla/5.0 (compatible; Googlebot/2.1; +http://www.google.com/bot.html)"
56.162.217.61 - - [17/Nov/2017:15:20:00 +0000] "GET /item/jewelry/4156 HTTP/1.1" 200 71 "/search/?c=Jewelry" "Mozilla/5.0 (Windows NT 6.0; rv:10.0.1) Gecko/20100101 Firefox/10.0.1"
188.42.152.136 - - [17/Nov/2017:15:20:05 +0000] "GET /category/cameras?from=20 HTTP/1.1" 200 63 "/category/cameras" "Mozilla/5.0 (compatible; MSIE 9.0; Windows NT 6.1; WOW64; Trident/5.0)"
120.147.115.60 - - [17/Nov/2017:15:20:10 +0000] "GET /item/finance/1207 HTTP/1.1" 200 57 "/item/cameras/2541" "Mozilla/5.0 (compatible; MSIE 9.0; Windows NT 6.1; WOW64; Trident/5.0)"
88.87.28.220 - - [17/Nov/2017:15:20:15 +0000] "GET /item/books/1503 HTTP/1.1" 200 49 "/category/books" "Mozilla/5.0 (Windows NT 6.0; rv:10.0.1) Gecko/20100101 Firefox/10.0.1"
152.45.194.229 - - [17/Nov/2017:15:20:20 +0000] "GET /category/networking HTTP/1.1" 200 136 "/item/electronics/4642" "Mozilla/4.0 (compatible; MSIE 8.0; Windows NT 5.1; Trident/4.0; YTB720; GTB7.2; .NET CLR 1.1.4322; .NET CLR 2.0.50727; .NET CLR 3.0.4506.2152; .NET CLR 3.5.30729)"
168.156.229.181 - - [17/Nov/2017:15:20:25 +0000] "GET /item/health/3531 HTTP/1.1" 200 50 "-" "Mozilla/4.0 (compatible; MSIE 8.0; Windows NT 6.1; Trident/4.0; YTB730; SLCC2; .NET CLR 2.0.50727; .NET CLR 3.5.30729; .NET CLR 3.0.30729; Media Center PC 6.0; .NET4.0C)"
52.219.45.68 - - [17/Nov/2017:15:20:30 +0000] "GET /category/software HTTP/1.1" 200 116 "-" "Mozilla/5.0 (Windows NT 6.1; WOW64) AppleWebKit/535.11 (KHTML, like Gecko) Chrome/17.0.963.56 Safari/535.11"
116.60.150.29 - - [17/Nov/2017:15:20:35 +0000] "POST /search/?c=Electronics+Toys HTTP/1.1" 200 128 "-" "Mozilla/4.0 (compatible; MSIE 8.0; Windows NT 6.1; WOW64; Trident/4.0; YTB730; GTB7.2; SLCC2; .NET CLR 2.0.50727; .NET CLR 3.5.30729; .NET CLR 3.0.30729; .NET4.0C; .NET4.0E; Media Center PC 6.0)"
28.201.26.192 - - [17/Nov/2017:15:20:40 +0000] "GET /item/games/2751 HTTP/1.1" 200 43 "/item/games/3422" "Mozilla/5.0 (Windows NT 6.1; WOW64) AppleWebKit/535.11 (KHTML, like Gecko) Chrome/17.0.963.56 Safari/535.11"
144.213.38.93 - - [17/Nov/2017:15:20:45 +0000] "GET /category/electronics HTTP/1.1" 200 71 "/search/?c=Books+Electronics" "Mozilla/5.0 (compatible; MSIE 9.0; Windows NT 6.1; WOW64; Trident/5.0)"
104.69.39.75 - - [17/Nov/2017:15:20:50 +0000] "GET /category/games HTTP/1.1" 200 58 "-" "Mozilla/5.0 (Windows NT 6.1; WOW64) AppleWebKit/535.11 (KHTML, like Gecko) Chrome/17.0.963.56 Safari/535.11"
40.180.101.220 - - [17/Nov/2017:15:20:55 +0000] "GET /item/computers/1158 HTTP/1.1" 200 122 "/search/?c=Jewelry" "Mozilla/4.0 (compatible; MSIE 8.0; Windows NT 6.1; Trident/4.0; YTB730; SLCC2; .NET CLR 2.0.50727; .NET CLR 3.5.30729; .NET CLR 3.0.30729; Media Center PC 6.0; .NET4.0C)"
120.180.161.107 - - [17/Nov/2017:15:21:00 +0000] "GET /category/software HTTP/1.1" 200 92 "/category/software" "Mozilla/5.0 (iPad; CPU OS 5_0_1 like Mac OS X) AppleWebKit/534.46 (KHTML, like Gecko) Version/5.1 Mobile/9A405 Safari/7534.48.3"
36.33.116.55 - - [17/Nov/2017:15:21:05 +0000] "GET /item/books/4062 HTTP/1.1" 200 105 "/category/electronics" "Mozilla/4.0 (compatible; MSIE 8.0; Windows NT 6.1; WOW64; Trident/4.0; GTB7.2; SLCC2; .NET CLR 2.0.50727; .NET CLR 3.5.30729; .NET CLR 3.0.30729; Media Center PC 6.0; .NET4.0C)"
116.219.67.62 - - [17/Nov/2017:15:21:10 +0000] "GET /item/books/469 HTTP/1.1" 200 95 "/item/electronics/266" "Mozilla/5.0 (Windows NT 6.0; rv:10.0.1) Gecko/20100101 Firefox/10.0.1"
140.78.40.160 - - [17/Nov/2017:15:21:15 +0000] "GET /item/software/272 HTTP/1.1" 200 71 "/search/?c=Software" "Mozilla/4.0 (compatible; MSIE 8.0; Windows NT 6.0; WOW64; Trident/4.0; GTB6; SLCC1; .NET CLR 2.0.50727; Media Center PC 5.0; .NET CLR 3.5.30729; .NET CLR 3.0.30618; .NET4.0C)"
56.48.140.129 - - [17/Nov/2017:15:21:20 +0000] "GET /item/electronics/1911 HTTP/1.1" 200 122 "/category/games" "Mozilla/5.0 (Windows NT 6.1; WOW64) AppleWebKit/535.11 (KHTML, like Gecko) Chrome/17.0.963.56 Safari/535.11"
164.42.137.37 - - [17/Nov/2017:15:21:25 +0000] "GET /category/networking HTTP/1.1" 200 65 "/search/?c=Toys" "Mozilla/4.0 (compatible; MSIE 8.0; Windows NT 6.1; WOW64; Trident/4.0; GTB7.2; SLCC2; .NET CLR 2.0.50727; .NET CLR 3.5.30729; .NET CLR 3.0.30729; Media Center PC 6.0; .NET4.0C)"
200.168.160.120 - - [17/Nov/2017:15:21:30 +0000] "GET /category/software HTTP/1.1" 200 68 "-" "Mozilla/5.0 (compatible; Googlebot/2.1; +http://www.google.com/bot.html)"
136.225.199.202 - - [17/Nov/2017:15:21:35 +0000] "GET /item/computers/4182 HTTP/1.1" 200 50 "-" "Mozilla/5.0 (compatible; MSIE 9.0; Windows NT 6.1; Trident/5.0)"
136.81.127.192 - - [17/Nov/2017:15:21:40 +0000] "GET /category/electronics HTTP/1.1" 200 61 "/item/electronics/1042" "Mozilla/5.0 (Macintosh; Intel Mac OS X 10.6; rv:9.0.1) Gecko/20100101 Firefox/9.0.1"
88.63.121.43 - - [17/Nov/2017:15:21:45 +0000] "GET /category/games HTTP/1.1" 200 91 "/category/sports" "Mozilla/5.0 (Windows NT 6.1; WOW64) AppleWebKit/535.11 (KHTML, like Gecko) Chrome/17.0.963.56 Safari/535.11"
92.72.135.226 - - [17/Nov/2017:15:21:50 +0000] "GET /category/garden HTTP/1.1" 200 78 "/category/cameras" "Mozilla/5.0 (Windows NT 6.0; rv:10.0.1) Gecko/20100101 Firefox/10.0.1"
200.153.109.43 - - [17/Nov/2017:15:21:55 +0000] "GET /category/jewelry HTTP/1.1" 200 102 "/category/health" "Mozilla/5.0 (Windows NT 6.1; WOW64) AppleWebKit/535.11 (KHTML, like Gecko) Chrome/17.0.963.56 Safari/535.11"
40.123.201.66 - - [17/Nov/2017:15:22:00 +0000] "GET /category/cameras HTTP/1.1" 200 99 "-" "Mozilla/5.0 (iPad; CPU OS 5_0_1 like Mac OS X) AppleWebKit/534.46 (KHTML, like Gecko) Version/5.1 Mobile/9A405 Safari/7534.48.3"
128.87.206.114 - - [17/Nov/2017:15:22:05 +0000] "GET /item/music/4004 HTTP/1.1" 200 64 "/category/jewelry" "Mozilla/5.0 (Windows NT 6.0; rv:10.0.1) Gecko/20100101 Firefox/10.0.1"
168.156.229.181 - - [17/Nov/2017:15:22:10 +0000] "GET /category/software HTTP/1.1" 200 100 "/item/software/875" "Mozilla/4.0 (compatible; MSIE 8.0; Windows NT 6.1; Trident/4.0; YTB730; SLCC2; .NET CLR 2.0.50727; .NET CLR 3.5.30729; .NET CLR 3.0.30729; Media Center PC 6.0; .NET4.0C)"
148.78.49.128 - - [17/Nov/2017:15:22:15 +0000] "GET /item/electronics/3393 HTTP/1.1" 404 59 "/category/jewelry?from=20" "Mozilla/5.0 (compatible; MSIE 9.0; Windows NT 6.1; Trident/5.0)"
128.63.115.118 - - [17/Nov/2017:15:22:20 +0000] "GET /category/games HTTP/1.1" 200 86 "-" "Mozilla/5.0 (Windows NT 6.0; rv:10.0.1) Gecko/20100101 Firefox/10.0.1"
192.180.36.138 - - [17/Nov/2017:15:22:25 +0000] "GET /category/electronics HTTP/1.1" 200 105 "/category/software" "Mozilla/5.0 (iPhone; CPU iPhone OS 5_0_1 like Mac OS X) AppleWebKit/534.46 (KHTML, like Gecko) Version/5.1 Mobile/9A405 Safari/7534.48.3"
24.48.22.162 - - [17/Nov/2017:15:22:30 +0000] "GET /category/electronics HTTP/1.1" 200 97 "/item/giftcards/1901" "Mozilla/4.0 (compatible; MSIE 8.0; Windows NT 6.1; WOW64; Trident/4.0; YTB730; GTB7.2; EasyBits GO v1.0; SLCC2; .NET CLR 2.0.50727; .NET CLR 3.5.30729; .NET CLR 3.0.30729; Media Center PC 6.0; .NET4.0C)"
140.102.40.156 - - [17/Nov/2017:15:22:35 +0000] "GET /item/games/3272 HTTP/1.1" 200 79 "/search/?c=Games+Toys" "Mozilla/5.0 (Windows NT 6.1; WOW64) AppleWebKit/535.11 (KHTML, like Gecko) Chrome/17.0.963.56 Safari/535.11"
148.21.130.45 - - [17/Nov/2017:15:22:40 +0000] "GET /category/games?from=10 HTTP/1.1" 200 124 "/category/games" "Mozilla/5.0 (iPad; CPU OS 5_0_1 like Mac OS X) AppleWebKit/534.46 (KHTML, like Gecko) Version/5.1 Mobile/9A405 Safari/7534.48.3"
92.99.34.90 - - [17/Nov/2017:15:22:45 +0000] "GET /item/games/1456 HTTP/1.1" 200 111 "-" "Mozilla/5.0 (compatible; Googlebot/2.1; +http://www.google.com/bot.html)"
148.213.116.158 - - [17/Nov/2017:15:22:50 +0000] "GET /item/sports/3881 HTTP/1.1" 200 89 "/search/?c=Sports+Music" "Mozilla/5.0 (iPhone; CPU iPhone OS 5_0_1 like Mac OS X) AppleWebKit/534.46 (KHTML, like Gecko) Version/5.1 Mobile/9A405 Safari/7534.48.3"
148.42.153.163 - - [17/Nov/2017:15:22:55 +0000] "GET /item/electronics/266 HTTP/1.1" 200 95 "-" "Mozilla/5.0 (iPhone; CPU iPhone OS 5_0_1 like Mac OS X) AppleWebKit/534.46 (KHTML, like Gecko) Version/5.1 Mobile/9A405 Safari/7534.48.3"
128.36.120.25 - - [17/Nov/2017:15:23:00 +0000] "GET /category/software HTTP/1.1" 200 87 "-" "Mozilla/5.0 (compatible; Googlebot/2.1; +http://www.google.com/bot.html)"
172.51.88.88 - - [17/Nov/2017:15:23:05 +0000] "GET /item/cameras/590 HTTP/1.1" 200 133 "/category/jewelry" "Mozilla/4.0 (compatible; MSIE 8.0; Windows NT 6.1; WOW64; Trident/4.0; GTB7.2; SLCC2; .NET CLR 2.0.50727; .NET CLR 3.5.30729; .NET CLR 3.0.30729; Media Center PC 6.0; .NET4.0C)"
88.57.117.104 - - [17/Nov/2017:15:23:10 +0000] "GET /category/software HTTP/1.1" 200 82 "/category/sports" "Mozilla/5.0 (Windows NT 6.0; rv:10.0.1) Gecko/20100101 Firefox/10.0.1"
220.159.151.36 - - [17/Nov/2017:15:23:15 +0000] "GET /category/garden HTTP/1.1" 200 78 "/item/games/4762" "Mozilla/4.0 (compatible; MSIE 8.0; Windows NT 6.1; WOW64; Trident/4.0; YTB730; GTB7.2; SLCC2; .NET CLR 2.0.50727; .NET CLR 3.5.30729; .NET CLR 3.0.30729; .NET4.0C; .NET4.0E; Media Center PC 6.0)"
84.126.57.104 - - [17/Nov/2017:15:23:20 +0000] "GET /item/software/2103 HTTP/1.1" 200 73 "-" "Mozilla/5.0 (Windows NT 6.0; rv:10.0.1) Gecko/20100101 Firefox/10.0.1"
224.153.72.151 - - [17/Nov/2017:15:23:25 +0000] "GET /category/software HTTP/1.1" 200 123 "/category/jewelry" "Mozilla/5.0 (Windows NT 5.1) AppleWebKit/535.11 (KHTML, like Gecko) Chrome/17.0.963.46 Safari/535.11"
108.78.86.154 - - [17/Nov/2017:15:23:30 +0000] "GET /category/garden HTTP/1.1" 200 122 "/category/cameras" "Mozilla/5.0 (Windows NT 6.0) AppleWebKit/535.11 (KHTML, like Gecko) Chrome/17.0.963.56 Safari/535.11"
188.177.87.130 - - [17/Nov/2017:15:23:35 +0000] "GET /item/finance/3226 HTTP/1.1" 200 48 "/category/electronics" "Mozilla/5.0 (Windows NT 6.1; WOW64) AppleWebKit/535.7 (KHTML, like Gecko) Chrome/16.0.912.77 Safari/535.7"
132.120.217.35 - - [17/Nov/2017:15:23:40 +0000] "GET /category/music HTTP/1.1" 200 117 "-" "Mozilla/5.0 (Windows NT 6.1; WOW64) AppleWebKit/535.7 (KHTML, like Gecko) Chrome/16.0.912.77 Safari/535.7"
164.135.96.20 - - [17/Nov/2017:15:23:45 +0000] "GET /category/office HTTP/1.1" 200 128 "/category/games" "Mozilla/5.0 (Windows NT 6.1; WOW64) AppleWebKit/535.11 (KHTML, like Gecko) Chrome/17.0.963.56 Safari/535.11"
92.180.25.27 - - [17/Nov/2017:15:23:50 +0000] "POST /search/?c=Electronics HTTP/1.1" 200 130 "-" "Mozilla/5.0 (Windows NT 6.1; WOW64; rv:10.0.1) Gecko/20100101 Firefox/10.0.1"
88.228.108.129 - - [17/Nov/2017:15:23:55 +0000] "GET /item/electronics/861 HTTP/1.1" 200 85 "/category/electronics" "Mozilla/4.0 (compatible; MSIE 8.0; Windows NT 6.1; WOW64; Trident/4.0; GTB7.2; SLCC2; .NET CLR 2.0.50727; .NET CLR 3.5.30729; .NET CLR 3.0.30729; Media Center PC 6.0; .NET4.0C)"
148.84.100.197 - - [17/Nov/2017:15:24:00 +0000] "GET /category/garden HTTP/1.1" 200 111 "/item/games/3032" "Mozilla/5.0 (Windows NT 6.0) AppleWebKit/535.11 (KHTML, like Gecko) Chrome/17.0.963.56 Safari/535.11"
212.93.61.84 - - [17/Nov/2017:15:24:05 +0000] "GET /category/electronics HTTP/1.1" 200 131 "/item/finance/1103" "Mozilla/5.0 (compatible; MSIE 9.0; Windows NT 6.1; Trident/5.0)"
96.135.141.175 - - [17/Nov/2017:15:24:10 +0000] "GET /item/electronics/1 HTTP/1.1" 200 128 "/item/health/1329" "Mozilla/5.0 (Windows NT 6.1; WOW64) AppleWebKit/535.11 (KHTML, like Gecko) Chrome/17.0.963.56 Safari/535.11"
200.33.165.54 - - [17/Nov/2017:15:24:15 +0000] "GET /category/games HTTP/1.1" 200 114 "-" "Mozilla/5.0 (Windows NT 6.1; WOW64) AppleWebKit/535.7 (KHTML, like Gecko) Chrome/16.0.912.77 Safari/535.7"
224.27.58.174 - - [17/Nov/2017:15:24:20 +0000] "GET /category/health HTTP/1.1" 200 92 "/category/games" "Mozilla/5.0 (Windows NT 6.1; WOW64; rv:10.0.1) Gecko/20100101 Firefox/10.0.1"
184.99.31.112 - - [17/Nov/2017:15:24:25 +0000] "GET /category/office HTTP/1.1" 200 77 "/category/computers" "Mozilla/4.0 (compatible; MSIE 8.0; Windows NT 6.1; WOW64; Trident/4.0; YTB730; GTB7.2; EasyBits GO v1.0; SLCC2; .NET CLR 2.0.50727; .NET CLR 3.5.30729; .NET CLR 3.0.30729; Media Center PC 6.0; .NET4.0C)"
156.177.136.57 - - [17/Nov/2017:15:24:30 +0000] "GET /category/games HTTP/1.1" 200 50 "/item/music/2069" "Mozilla/4.0 (compatible; MSIE 8.0; Windows NT 6.0; WOW64; Trident/4.0; GTB6; SLCC1; .NET CLR 2.0.50727; Media Center PC 5.0; .NET CLR 3.5.30729; .NET CLR 3.0.30618; .NET4.0C)"
64.126.80.139 - - [17/Nov/2017:15:24:35 +0000] "GET /category/games HTTP/1.1" 200 59 "/item/finance/3479" "Mozilla/5.0 (Windows NT 6.1; WOW64) AppleWebKit/535.11 (KHTML, like Gecko) Chrome/17.0.963.56 Safari/535.11"
20.45.200.182 - - [17/Nov/2017:15:24:40 +0000] "GET /category/toys HTTP/1.1" 200 57 "-" "Mozilla/4.0 (compatible; MSIE 8.0; Windows NT 5.1; Trident/4.0; BTRS122159; GTB7.2; .NET CLR 1.1.4322; .NET CLR 2.0.50727; .NET CLR 3.0.04506.30; .NET CLR 3.0.4506.2152; .NET CLR 3.5.30729; BRI/2)"
116.180.157.149 - - [17/Nov/2017:15:24:45 +0000] "POST /search/?c=Office+Office HTTP/1.1" 200 86 "-" "Mozilla/5.0 (Windows NT 6.1; WOW64) AppleWebKit/535.11 (KHTML, like Gecko) Chrome/17.0.963.56 Safari/535.11"
180.60.171.28 - - [17/Nov/2017:15:24:50 +0000] "GET /category/office HTTP/1.1" 200 139 "/item/sports/1884" "Mozilla/5.0 (compatible; Googlebot/2.1; +http://www.google.com/bot.html)"
220.24.100.197 - - [17/Nov/2017:15:24:55 +0000] "GET /item/software/1271 HTTP/1.1" 200 103 "/category/software" "Mozilla/5.0 (compatible; Googlebot/2.1; +http://www.google.com/bot.html)"
64.138.87.214 - - [17/Nov/2017:15:25:00 +0000] "GET /item/books/4586 HTTP/1.1" 200 130 "/search/?c=Books" "Mozilla/4.0 (compatible; MSIE 8.0; Windows NT 5.1; Trident/4.0; YTB720; GTB7.2; .NET CLR 1.1.4322; .NET CLR 2.0.50727; .NET CLR 3.0.4506.2152; .NET CLR 3.5.30729)"
164.63.57.53 - - [17/Nov/2017:15:25:05 +0000] "GET /item/jewelry/1164 HTTP/1.1" 200 106 "/item/office/2904" "Mozilla/5.0 (Windows NT 6.1; WOW64; rv:10.0.1) Gecko/20100101 Firefox/10.0.1"
164.126.158.215 - - [17/Nov/2017:15:25:10 +0000] "GET /category/software HTTP/1.1" 200 134 "/category/software" "Mozilla/4.0 (compatible; MSIE 8.0; Windows NT 6.1; WOW64; Trident/4.0; GTB7.2; SLCC2; .NET CLR 2.0.50727; .NET CLR 3.5.30729; .NET CLR 3.0.30729; Media Center PC 6.0; .NET4.0C)"
212.219.212.37 - - [17/Nov/2017:15:25:15 +0000] "GET /category/software HTTP/1.1" 200 108 "-" "Mozilla/5.0 (iPhone; CPU iPhone OS 5_0_1 like Mac OS X) AppleWebKit/534.46 (KHTML, like Gecko) Version/5.1 Mobile/9A405 Safari/7534.48.3"
200.186.57.64 - - [17/Nov/2017:15:25:20 +0000] "GET /item/electronics/1678 HTTP/1.1" 200 108 "/search/?c=Electronics" "Mozilla/4.0 (compatible; MSIE 8.0; Windows NT 5.1; Trident/4.0; YTB720; GTB7.2; .NET CLR 1.1.4322; .NET CLR 2.0.50727; .NET CLR 3.0.4506.2152; .NET CLR 3.5.30729)"
60.126.223.156 - - [17/Nov/2017:15:25:25 +0000] "GET /category/office HTTP/1.1" 200 87 "/category/office" "Mozilla/5.0 (Windows NT 5.1) AppleWebKit/535.11 (KHTML, like Gecko) Chrome/17.0.963.46 Safari/535.11"
84.30.95.135 - - [17/Nov/2017:15:25:30 +0000] "GET /category/jewelry HTTP/1.1" 200 102 "/item/games/1490" "Mozilla/5.0 (Windows NT 6.1; WOW64) AppleWebKit/535.11 (KHTML, like Gecko) Chrome/17.0.963.56 Safari/535.11"
200.102.224.162 - - [17/Nov/2017:15:25:35 +0000] "GET /category/software HTTP/1.1" 200 105 "-" "Mozilla/5.0 (Macintosh; Intel Mac OS X 10.6; rv:9.0.1) Gecko/20100101 Firefox/9.0.1"
108.225.225.104 - - [17/Nov/2017:15:25:40 +0000] "GET /item/sports/3851 HTTP/1.1" 200 49 "-" "Mozilla/5.0 (Windows NT 6.0; rv:10.0.1) Gecko/20100101 Firefox/10.0.1"
96.195.52.25 - - [17/Nov/2017:15:25:45 +0000] "GET /item/finance/2872 HTTP/1.1" 200 40 "/category/finance" "Mozilla/5.0 (Windows NT 6.0; rv:10.0.1) Gecko/20100101 Firefox/10.0.1"
220.81.172.204 - - [17/Nov/2017:15:25:50 +0000] "GET /category/toys HTTP/1.1" 200 126 "-" "Mozilla/5.0 (compatible; Googlebot/2.1; +http://www.google.com/bot.html)"
40.21.219.95 - - [17/Nov/2017:15:25:55 +0000] "GET /item/garden/2199 HTTP/1.1" 200 74 "/item/electronics/3393" "Mozilla/5.0 (Windows NT 6.0) AppleWebKit/535.11 (KHTML, like Gecko) Chrome/17.0.963.56 Safari/535.11"
96.144.218.175 - - [17/Nov/2017:15:26:00 +0000] "GET /category/games HTTP/1.1" 200 114 "/item/electronics/4642" "Mozilla/5.0 (Windows NT 6.1; WOW64) AppleWebKit/535.7 (KHTML, like Gecko) Chrome/16.0.912.77 Safari/535.7"
80.114.67.84 - - [17/Nov/2017:15:26:05 +0000] "GET /category/electronics HTTP/1.1" 200 104 "/item/toys/1283" "Mozilla/5.0 (compatible; MSIE 9.0; Windows NT 6.1; WOW64; Trident/5.0)"
72.156.195.112 - - [17/Nov/2017:15:26:10 +0000] "GET /category/electronics HTTP/1.1" 200 114 "-" "Mozilla/4.0 (compatible; MSIE 8.0; Windows NT 6.1; WOW64; Trident/4.0; GTB7.2; SLCC2; .NET CLR 2.0.50727; .NET CLR 3.5.30729; .NET CLR 3.0.30729; Media Center PC 6.0; .NET4.0C)"
44.39.69.128 - - [17/Nov/2017:15:26:15 +0000] "GET /item/garden/4029 HTTP/1.1" 200 64 "-" "Mozilla/5.0 (compatible; Googlebot/2.1; +http://www.google.com/bot.html)"
200.192.163.62 - - [17/Nov/2017:15:26:20 +0000] "GET /item/giftcards/3907 HTTP/1.1" 200 93 "-" "Mozilla/5.0 (compatible; Googlebot/2.1; +http://www.google.com/bot.html)"
120.111.204.203 - - [17/Nov/2017:15:26:25 +0000] "GET /item/software/2487 HTTP/1.1" 200 51 "http://www.google.com/search?ie=UTF-8&q=google&sclient=psy-ab&q=Software&oq=Software&aq=f&aqi=g-vL1&aql=&pbx=1&bav=on.2,or.r_gc.r_pw.r_qf.,cf.osb&biw=4629&bih=430" "Mozilla/5.0 (compatible; MSIE 9.0; Windows NT 6.1; WOW64; Trident/5.0)"
148.81.169.77 - - [17/Nov/2017:15:26:30 +0000] "GET /item/books/4062 HTTP/1.1" 200 105 "-" "Mozilla/5.0 (Windows NT 6.1; WOW64) AppleWebKit/535.11 (KHTML, like Gecko) Chrome/17.0.963.56 Safari/535.11"
36.213.156.170 - - [17/Nov/2017:15:26:35 +0000] "GET /category/computers HTTP/1.1" 200 117 "/item/networking/4696" "Mozilla/5.0 (compatible; MSIE 9.0; Windows NT 6.1; WOW64; Trident/5.0)"
40.195.97.189 - - [17/Nov/2017:15:26:40 +0000] "GET /category/jewelry HTTP/1.1" 200 40 "/category/office" "Mozilla/5.0 (Windows NT 6.0) AppleWebKit/535.11 (KHTML, like Gecko) Chrome/17.0.963.56 Safari/535.11"
44.165.199.141 - - [17/Nov/2017:15:26:45 +0000] "GET /item/electronics/1195 HTTP/1.1" 200 46 "/category/electronics" "Mozilla/5.0 (compatible; MSIE 9.0; Windows NT 6.1; WOW64; Trident/5.0)"
192.42.201.189 - - [17/Nov/2017:15:26:50 +0000] "POST /search/?c=Electronics+Books HTTP/1.1" 200 134 "-" "Mozilla/5.0 (Windows NT 6.0) AppleWebKit/535.11 (KHTML, like Gecko) Chrome/17.0.963.56 Safari/535.11"
176.30.78.65 - - [17/Nov/2017:15:26:55 +0000] "GET /item/books/2829 HTTP/1.1" 200 80 "-" "Mozilla/5.0 (compatible; MSIE 9.0; Windows NT 6.1; WOW64; Trident/5.0)"
128.123.27.92 - - [17/Nov/2017:15:27:00 +0000] "GET /category/software?from=20 HTTP/1.1" 200 64 "/category/electronics" "Mozilla/5.0 (Windows NT 6.1; WOW64) AppleWebKit/535.11 (KHTML, like Gecko) Chrome/17.0.963.56 Safari/535.11"
76.123.219.106 - - [17/Nov/2017:15:27:05 +0000] "GET /item/books/180 HTTP/1.1" 200 126 "/category/cameras?from=20" "Mozilla/5.0 (Windows NT 6.0; rv:10.0.1) Gecko/20100101 Firefox/10.0.1"
156.189.180.223 - - [17/Nov/2017:15:27:10 +0000] "POST /search/?c=Computers+Electronics HTTP/1.1" 200 136 "/search/?c=Software+Software" "Mozilla/5.0 (Windows NT 6.0; rv:10.0.1) Gecko/20100101 Firefox/10.0.1"
184.57.80.221 - - [17/Nov/2017:15:27:15 +0000] "POST /search/?c=Electronics HTTP/1.1" 200 130 "-" "Mozilla/4.0 (compatible; MSIE 8.0; Windows NT 5.1; Trident/4.0; BTRS122159; GTB7.2; .NET CLR 1.1.4322; .NET CLR 2.0.50727; .NET CLR 3.0.04506.30; .NET CLR 3.0.4506.2152; .NET CLR 3.5.30729; BRI/2)"
188.96.82.146 - - [17/Nov/2017:15:27:20 +0000] "GET /category/software?from=20 HTTP/1.1" 200 86 "/item/computers/3996" "Mozilla/5.0 (Windows NT 6.0) AppleWebKit/535.11 (KHTML, like Gecko) Chrome/17.0.963.56 Safari/535.11"
124.162.24.47 - - [17/Nov/2017:15:27:25 +0000] "POST /search/?c=Computers+Electronics HTTP/1.1" 200 136 "/category/electronics" "Mozilla/5.0 (Windows NT 6.0; rv:10.0.1) Gecko/20100101 Firefox/10.0.1"
72.66.199.152 - - [17/Nov/2017:15:27:30 +0000] "GET /category/books HTTP/1.1" 200 78 "/category/electronics" "Mozilla/4.0 (compatible; MSIE 8.0; Windows NT 6.0; WOW64; Trident/4.0; GTB6; SLCC1; .NET CLR 2.0.50727; Media Center PC 5.0; .NET CLR 3.5.30729; .NET CLR 3.0.30618; .NET4.0C)"
224.36.38.130 - - [17/Nov/2017:15:27:35 +0000] "GET /item/electronics/2104 HTTP/1.1" 200 59 "/category/games" "Mozilla/5.0 (Windows NT 6.1; WOW64; rv:10.0.1) Gecko/20100101 Firefox/10.0.1"
48.75.157.55 - - [17/Nov/2017:15:27:40 +0000] "GET /category/books HTTP/1.1" 200 48 "-" "Mozilla/5.0 (Windows NT 6.0) AppleWebKit/535.11 (KHTML, like Gecko) Chrome/17.0.963.56 Safari/535.11"
84.222.57.97 - - [17/Nov/2017:15:27:45 +0000] "GET /item/electronics/1678 HTTP/1.1" 200 108 "/category/finance" "Mozilla/5.0 (Windows NT 6.0) AppleWebKit/535.11 (KHTML, like Gecko) Chrome/17.0.963.56 Safari/535.11"
76.75.163.170 - - [17/Nov/2017:15:27:50 +0000] "GET /category/books HTTP/1.1" 200 137 "-" "Mozilla/5.0 (Windows NT 6.1; WOW64) AppleWebKit/535.11 (KHTML, like Gecko) Chrome/17.0.963.56 Safari/535.11"
132.60.108.133 - - [17/Nov/2017:15:27:55 +0000] "GET /category/computers HTTP/1.1" 200 48 "-" "Mozilla/5.0 (compatible; MSIE 9.0; Windows NT 6.1; Trident/5.0)"
32.171.95.119 - - [17/Nov/2017:15:28:00 +0000] "GET /category/health HTTP/1.1" 200 100 "/category/games" "Mozilla/4.0 (compatible; MSIE 8.0; Windows NT 5.1; Trident/4.0; BTRS122159; GTB7.2; .NET CLR 1.1.4322; .NET CLR 2.0.50727; .NET CLR 3.0.04506.30; .NET CLR 3.0.4506.2152; .NET CLR 3.5.30729; BRI/2)"
60.54.88.65 - - [17/Nov/2017:15:28:05 +0000] "GET /category/electronics HTTP/1.1" 200 101 "/category/garden" "Mozilla/5.0 (compatible; MSIE 9.0; Windows NT 6.1; Trident/5.0)"
128.39.75.36 - - [17/Nov/2017:15:28:10 +0000] "GET /category/music HTTP/1.1" 200 138 "/category/garden" "Mozilla/5.0 (Windows NT 6.0; rv:10.0.1) Gecko/20100101 Firefox/10.0.1"
72.45.161.107 - - [17/Nov/2017:15:28:15 +0000] "GET /category/games HTTP/1.1" 200 66 "/category/garden" "Mozilla/5.0 (Windows NT 6.0) AppleWebKit/535.11 (KHTML, like Gecko) Chrome/17.0.963.56 Safari/535.11"
176.228.179.33 - - [17/Nov/2017:15:28:20 +0000] "GET /category/electronics HTTP/1.1" 200 115 "/category/books" "Mozilla/4.0 (compatible; MSIE 8.0; Windows NT 5.1; Trident/4.0; YTB720; GTB7.2; .NET CLR 1.1.4322; .NET CLR 2.0.50727; .NET CLR 3.0.4506.2152; .NET CLR 3.5.30729)"
64.207.189.196 - - [17/Nov/2017:15:28:25 +0000] "GET /category/books HTTP/1.1" 200 94 "-" "Mozilla/4.0 (compatible; MSIE 8.0; Windows NT 5.1; Trident/4.0; YTB720; GTB7.2; .NET CLR 1.1.4322; .NET CLR 2.0.50727; .NET CLR 3.0.4506.2152; .NET CLR 3.5.30729)"
212.219.108.195 - - [17/Nov/2017:15:28:30 +0000] "GET /item/jewelry/1981 HTTP/1.1" 200 89 "/item/electronics/2670" "Mozilla/5.0 (compatible; MSIE 9.0; Windows NT 6.1; Trident/5.0)"
32.126.192.64 - - [17/Nov/2017:15:28:35 +0000] "POST /search/?c=Computers+Electronics HTTP/1.1" 200 44 "-" "Mozilla/5.0 (Windows NT 6.1; WOW64) AppleWebKit/535.7 (KHTML, like Gecko) Chrome/16.0.912.77 Safari/535.7"
32.213.139.23 - - [17/Nov/2017:15:28:40 +0000] "POST /search/?c=Garden+Networking HTTP/1.1" 200 130 "/category/office" "Mozilla/5.0 (Windows NT 6.1; WOW64) AppleWebKit/535.11 (KHTML, like Gecko) Chrome/17.0.963.56 Safari/535.11"
40.126.128.141 - - [17/Nov/2017:15:28:45 +0000] "GET /category/finance HTTP/1.1" 200 132 "-" "Mozilla/5.0 (Windows NT 6.1; WOW64) AppleWebKit/535.7 (KHTML, like Gecko) Chrome/16.0.912.77 Safari/535.7"
228.81.180.20 - - [17/Nov/2017:15:28:50 +0000] "GET /category/electronics HTTP/1.1" 200 57 "-" "Mozilla/5.0 (Windows NT 6.0; rv:10.0.1) Gecko/20100101 Firefox/10.0.1"
60.186.25.54 - - [17/Nov/2017:15:28:55 +0000] "GET /item/giftcards/4231 HTTP/1.1" 200 52 "/item/games/1547" "Mozilla/5.0 (Windows NT 6.1; WOW64; rv:10.0.1) Gecko/20100101 Firefox/10.0.1"
36.222.81.121 - - [17/Nov/2017:15:29:00 +0000] "GET /category/games HTTP/1.1" 200 86 "-" "Mozilla/5.0 (Windows NT 6.0; rv:10.0.1) Gecko/20100101 Firefox/10.0.1"
196.57.59.219 - - [17/Nov/2017:15:29:05 +0000] "GET /category/software HTTP/1.1" 200 64 "-" "Mozilla/5.0 (iPhone; CPU iPhone OS 5_0_1 like Mac OS X) AppleWebKit/534.46 (KHTML, like Gecko) Version/5.1 Mobile/9A405 Safari/7534.48.3"
164.210.109.27 - - [17/Nov/2017:15:29:10 +0000] "GET /item/giftcards/3907 HTTP/1.1" 200 93 "/item/cameras/1442" "Mozilla/5.0 (Windows NT 6.0; rv:10.0.1) Gecko/20100101 Firefox/10.0.1"
192.207.80.72 - - [17/Nov/2017:15:29:15 +0000] "GET /item/finance/3479 HTTP/1.1" 200 85 "-" "Mozilla/4.0 (compatible; MSIE 8.0; Windows NT 6.1; WOW64; Trident/4.0; YTB730; GTB7.2; EasyBits GO v1.0; SLCC2; .NET CLR 2.0.50727; .NET CLR 3.5.30729; .NET CLR 3.0.30729; Media Center PC 6.0; .NET4.0C)"
76.93.187.155 - - [17/Nov/2017:15:29:20 +0000] "GET /category/cameras HTTP/1.1" 200 47 "-" "Mozilla/5.0 (Windows NT 6.1; WOW64) AppleWebKit/535.7 (KHTML, like Gecko) Chrome/16.0.912.77 Safari/535.7"
180.54.65.44 - - [17/Nov/2017:15:29:25 +0000] "GET /item/garden/2199 HTTP/1.1" 200 74 "/category/books" "Mozilla/5.0 (Windows NT 6.1; WOW64) AppleWebKit/535.7 (KHTML, like Gecko) Chrome/16.0.912.77 Safari/535.7"
164.213.39.153 - - [17/Nov/2017:15:29:30 +0000] "GET /category/garden HTTP/1.1" 200 129 "-" "Mozilla/4.0 (compatible; MSIE 8.0; Windows NT 6.1; Trident/4.0; YTB730; SLCC2; .NET CLR 2.0.50727; .NET CLR 3.5.30729; .NET CLR 3.0.30729; Media Center PC 6.0; .NET4.0C)"
128.72.102.177 - - [17/Nov/2017:15:29:35 +0000] "GET /item/books/3588 HTTP/1.1" 200 117 "/item/games/3186" "Mozilla/5.0 (Windows NT 6.1; WOW64) AppleWebKit/535.11 (KHTML, like Gecko) Chrome/17.0.963.56 Safari/535.11"
132.195.184.30 - - [17/Nov/2017:15:29:40 +0000] "GET /item/games/1547 HTTP/1.1" 200 113 "-" "Mozilla/5.0 (Windows NT 5.1) AppleWebKit/535.11 (KHTML, like Gecko) Chrome/17.0.963.46 Safari/535.11"
104.141.80.150 - - [17/Nov/2017:15:29:45 +0000] "GET /category/games HTTP/1.1" 200 86 "-" "Mozilla/4.0 (compatible; MSIE 8.0; Windows NT 6.1; Trident/4.0; YTB730; SLCC2; .NET CLR 2.0.50727; .NET CLR 3.5.30729; .NET CLR 3.0.30729; Media Center PC 6.0; .NET4.0C)"
80.162.143.170 - - [17/Nov/2017:15:29:50 +0000] "GET /category/cameras?from=10 HTTP/1.1" 200 72 "/item/books/4362" "Mozilla/5.0 (iPad; CPU OS 5_0_1 like Mac OS X) AppleWebKit/534.46 (KHTML, like Gecko) Version/5.1 Mobile/9A405 Safari/7534.48.3"
132.102.43.57 - - [17/Nov/2017:15:29:55 +0000] "GET /category/books HTTP/1.1" 200 117 "/search/?c=Electronics+Electronics" "Mozilla/4.0 (compatible; MSIE 8.0; Windows NT 6.0; WOW64; Trident/4.0; GTB6; SLCC1; .NET CLR 2.0.50727; Media Center PC 5.0; .NET CLR 3.5.30729; .NET CLR 3.0.30618; .NET4.0C)"
176.33.111.181 - - [17/Nov/2017:15:30:00 +0000] "POST /search/?c=Music+Music HTTP/1.1" 200 119 "-" "Mozilla/5.0 (Macintosh; Intel Mac OS X 10.6; rv:9.0.1) Gecko/20100101 Firefox/9.0.1"
120.171.185.176 - - [17/Nov/2017:15:30:05 +0000] "GET /item/health/4027 HTTP/1.1" 200 58 "/category/health" "Mozilla/5.0 (Macintosh; Intel Mac OS X 10.6; rv:9.0.1) Gecko/20100101 Firefox/9.0.1"
52.219.45.68 - - [17/Nov/2017:15:30:10 +0000] "GET /category/health HTTP/1.1" 200 103 "/category/software" "Mozilla/5.0 (Macintosh; Intel Mac OS X 10.6; rv:9.0.1) Gecko/20100101 Firefox/9.0.1"
92.150.116.137 - - [17/Nov/2017:15:30:15 +0000] "GET /category/software HTTP/1.1" 200 99 "-" "Mozilla/5.0 (Macintosh; Intel Mac OS X 10.6; rv:9.0.1) Gecko/20100101 Firefox/9.0.1"
32.99.62.111 - - [17/Nov/2017:15:30:20 +0000] "GET /item/office/964 HTTP/1.1" 200 56 "-" "Mozilla/5.0 (Windows NT 6.1; WOW64; rv:10.0.1) Gecko/20100101 Firefox/10.0.1"
56.123.41.47 - - [17/Nov/2017:15:30:25 +0000] "GET /category/sports?from=10 HTTP/1.1" 200 52 "/category/electronics" "Mozilla/5.0 (Windows NT 6.1; WOW64) AppleWebKit/535.7 (KHTML, like Gecko) Chrome/16.0.912.77 Safari/535.7"
156.51.157.126 - - [17/Nov/2017:15:30:30 +0000] "GET /category/finance HTTP/1.1" 200 55 "-" "Mozilla/5.0 (Windows NT 6.0) AppleWebKit/535.11 (KHTML, like Gecko) Chrome/17.0.963.56 Safari/535.11"
200.138.201.118 - - [17/Nov/2017:15:30:35 +0000] "GET /category/garden HTTP/1.1" 200 94 "-" "Mozilla/4.0 (compatible; MSIE 8.0; Windows NT 6.0; WOW64; Trident/4.0; GTB6; SLCC1; .NET CLR 2.0.50727; Media Center PC 5.0; .NET CLR 3.5.30729; .NET CLR 3.0.30618; .NET4.0C)"
144.126.86.47 - - [17/Nov/2017:15:30:40 +0000] "GET /category/toys HTTP/1.1" 200 77 "-" "Mozilla/5.0 (Windows NT 6.0; rv:10.0.1) Gecko/20100101 Firefox/10.0.1"
52.153.118.131 - - [17/Nov/2017:15:30:45 +0000] "GET /item/books/1503 HTTP/1.1" 200 49 "/item/giftcards/4231" "Mozilla/5.0 (Macintosh; Intel Mac OS X 10.6; rv:9.0.1) Gecko/20100101 Firefox/9.0.1"
144.180.57.180 - - [17/Nov/2017:15:30:50 +0000] "GET /item/software/4520 HTTP/1.1" 200 75 "/search/?c=Software+Games" "Mozilla/5.0 (Macintosh; Intel Mac OS X 10.6; rv:9.0.1) Gecko/20100101 Firefox/9.0.1"
88.228.108.129 - - [17/Nov/2017:15:30:55 +0000] "POST /search/?c=Software+Games HTTP/1.1" 200 124 "-" "Mozilla/4.0 (compatible; MSIE 8.0; Windows NT 5.1; Trident/4.0; BTRS122159; GTB7.2; .NET CLR 1.1.4322; .NET CLR 2.0.50727; .NET CLR 3.0.04506.30; .NET CLR 3.0.4506.2152; .NET CLR 3.5.30729; BRI/2)"
208.81.168.36 - - [17/Nov/2017:15:31:00 +0000] "GET /category/office?from=0 HTTP/1.1" 200 93 "/search/?c=Office+Electronics" "Mozilla/5.0 (compatible; MSIE 9.0; Windows NT 6.1; Trident/5.0)"
48.168.148.167 - - [17/Nov/2017:15:31:05 +0000] "GET /category/software HTTP/1.1" 200 92 "-" "Mozilla/5.0 (Windows NT 6.1; WOW64) AppleWebKit/535.11 (KHTML, like Gecko) Chrome/17.0.963.56 Safari/535.11"
160.78.146.93 - - [17/Nov/2017:15:31:10 +0000] "GET /category/books?from=10 HTTP/1.1" 200 89 "-" "Mozilla/5.0 (Windows NT 6.1; WOW64) AppleWebKit/535.11 (KHTML, like Gecko) Chrome/17.0.963.56 Safari/535.11"
144.213.38.93 - - [17/Nov/2017:15:31:15 +0000] "GET /category/software?from=0 HTTP/1.1" 200 109 "/category/software" "Mozilla/5.0 (compatible; MSIE 9.0; Windows NT 6.1; WOW64; Trident/5.0)"
152.216.71.152 - - [17/Nov/2017:15:31:20 +0000] "GET /category/electronics HTTP/1.1" 200 62 "http://www.google.com/search?ie=UTF-8&q=google&sclient=psy-ab&q=Electronics&oq=Electronics&aq=f&aqi=g-vL1&aql=&pbx=1&bav=on.2,or.r_gc.r_pw.r_qf.,cf.osb&biw=4715&bih=332" "Mozilla/4.0 (compatible; MSIE 8.0; Windows NT 6.1; WOW64; Trident/4.0; YTB730; GTB7.2; SLCC2; .NET CLR 2.0.50727; .NET CLR 3.5.30729; .NET CLR 3.0.30729; .NET4.0C; .NET4.0E; Media Center PC 6.0)"
220.30.157.208 - - [17/Nov/2017:15:31:25 +0000] "GET /item/software/2629 HTTP/1.1" 200 61 "/item/electronics/1433" "Mozilla/5.0 (compatible; MSIE 9.0; Windows NT 6.1; Trident/5.0)"
116.174.202.224 - - [17/Nov/2017:15:31:30 +0000] "GET /category/games?from=0 HTTP/1.1" 200 70 "-" "Mozilla/5.0 (Windows NT 6.0; rv:10.0.1) Gecko/20100101 Firefox/10.0.1"
72.123.67.110 - - [17/Nov/2017:15:31:35 +0000] "GET /item/software/2724 HTTP/1.1" 200 123 "/category/electronics?from=0" "Mozilla/5.0 (iPhone; CPU iPhone OS 5_0_1 like Mac OS X) AppleWebKit/534.46 (KHTML, like Gecko) Version/5.1 Mobile/9A405 Safari/7534.48.3"
88.48.32.227 - - [17/Nov/2017:15:31:40 +0000] "GET /category/networking?from=10 HTTP/1.1" 200 59 "/category/networking" "Mozilla/4.0 (compatible; MSIE 8.0; Windows NT 6.1; WOW64; Trident/4.0; GTB7.2; SLCC2; .NET CLR 2.0.50727; .NET CLR 3.5.30729; .NET CLR 3.0.30729; Media Center PC 6.0; .NET4.0C)"
80.114.151.203 - - [17/Nov/2017:15:31:45 +0000] "GET /category/books HTTP/1.1" 200 50 "-" "Mozilla/5.0 (iPad; CPU OS 5_0_1 like Mac OS X) AppleWebKit/534.46 (KHTML, like Gecko) Version/5.1 Mobile/9A405 Safari/7534.48.3"
80.21.83.68 - - [17/Nov/2017:15:31:50 +0000] "GET /category/software HTTP/1.1" 200 108 "/category/computers?from=20" "Mozilla/5.0 (Macintosh; Intel Mac OS X 10.6; rv:9.0.1) Gecko/20100101 Firefox/9.0.1"
56.222.85.33 - - [17/Nov/2017:15:31:55 +0000] "GET /category/jewelry HTTP/1.1" 200 102 "-" "Mozilla/5.0 (Macintosh; Intel Mac OS X 10.6; rv:9.0.1) Gecko/20100101 Firefox/9.0.1"
180.153.208.26 - - [17/Nov/2017:15:32:00 +0000] "GET /item/toys/3509 HTTP/1.1" 200 89 "http://www.google.com/search?ie=UTF-8&q=google&sclient=psy-ab&q=Toys&oq=Toys&aq=f&aqi=g-vL1&aql=&pbx=1&bav=on.2,or.r_gc.r_pw.r_qf.,cf.osb&biw=920&bih=376" "Mozilla/5.0 (Windows NT 6.1; WOW64; rv:10.0.1) Gecko/20100101 Firefox/10.0.1"
28.129.53.32 - - [17/Nov/2017:15:32:05 +0000] "GET /category/software HTTP/1.1" 200 78 "-" "Mozilla/5.0 (Macintosh; Intel Mac OS X 10.6; rv:9.0.1) Gecko/20100101 Firefox/9.0.1"
100.192.111.52 - - [17/Nov/2017:15:32:10 +0000] "GET /item/electronics/1206 HTTP/1.1" 200 136 "-" "Mozilla/5.0 (Windows NT 6.1; WOW64; rv:10.0.1) Gecko/20100101 Firefox/10.0.1"
100.165.48.87 - - [17/Nov/2017:15:32:15 +0000] "POST /search/?c=Software+Networking HTTP/1.1" 200 104 "/item/finance/3737" "Mozilla/5.0 (compatible; MSIE 9.0; Windows NT 6.1; Trident/5.0)"
136.30.65.186 - - [17/Nov/2017:15:32:20 +0000] "GET /category/garden HTTP/1.1" 200 87 "/category/health" "Mozilla/5.0 (iPhone; CPU iPhone OS 5_0_1 like Mac OS X) AppleWebKit/534.46 (KHTML, like Gecko) Version/5.1 Mobile/9A405 Safari/7534.48.3"
120.123.162.208 - - [17/Nov/2017:15:32:25 +0000] "GET /category/electronics HTTP/1.1" 200 79 "-" "Mozilla/4.0 (compatible; MSIE 8.0; Windows NT 5.1; Trident/4.0; YTB720; GTB7.2; .NET CLR 1.1.4322; .NET CLR 2.0.50727; .NET CLR 3.0.4506.2152; .NET CLR 3.5.30729)"
164.135.96.20 - - [17/Nov/2017:15:32:30 +0000] "GET /category/electronics?from=20 HTTP/1.1" 200 124 "/category/electronics" "Mozilla/5.0 (Windows NT 6.1; WOW64) AppleWebKit/535.11 (KHTML, like Gecko) Chrome/17.0.963.56 Safari/535.11"
140.54.169.166 - - [17/Nov/2017:15:32:35 +0000] "GET /item/health/3590 HTTP/1.1" 200 95 "/search/?c=Health+Software" "Mozilla/5.0 (compatible; MSIE 9.0; Windows NT 6.1; Trident/5.0)"
188.216.204.124 - - [17/Nov/2017:15:32:40 +0000] "GET /category/software HTTP/1.1" 200 134 "/item/electronics/3529" "Mozilla/5.0 (Windows NT 6.1; WOW64) AppleWebKit/535.11 (KHTML, like Gecko) Chrome/17.0.963.56 Safari/535.11"
140.63.80.89 - - [17/Nov/2017:15:32:45 +0000] "GET /category/toys?from=10 HTTP/1.1" 200 96 "/category/electronics" "Mozilla/5.0 (Windows NT 6.1; WOW64) AppleWebKit/535.11 (KHTML, like Gecko) Chrome/17.0.963.56 Safari/535.11"
208.150.70.225 - - [17/Nov/2017:15:32:50 +0000] "GET /item/games/4058 HTTP/1.1" 200 94 "/category/health?from=10" "Mozilla/5.0 (Macintosh; Intel Mac OS X 10.6; rv:9.0.1) Gecko/20100101 Firefox/9.0.1"
88.102.169.148 - - [17/Nov/2017:15:32:55 +0000] "GET /item/garden/1634 HTTP/1.1" 200 43 "/category/sports" "Mozilla/5.0 (Windows NT 6.0; rv:10.0.1) Gecko/20100101 Firefox/10.0.1"
108.93.215.147 - - [17/Nov/2017:15:33:00 +0000] "GET /category/cameras HTTP/1.1" 200 127 "/category/books" "Mozilla/5.0 (Windows NT 6.0; rv:10.0.1) Gecko/20100101 Firefox/10.0.1"
112.18.198.226 - - [17/Nov/2017:15:33:05 +0000] "GET /item/jewelry/2821 HTTP/1.1" 200 68 "/category/jewelry" "Mozilla/5.0 (Windows NT 6.0; rv:10.0.1) Gecko/20100101 Firefox/10.0.1"
120.57.151.184 - - [17/Nov/2017:15:33:10 +0000] "GET /item/networking/2789 HTTP/1.1" 200 132 "-" "Mozilla/5.0 (Windows NT 6.0; rv:10.0.1) Gecko/20100101 Firefox/10.0.1"
84.216.40.211 - - [17/Nov/2017:15:33:15 +0000] "GET /item/books/590 HTTP/1.1" 200 55 "-" "Mozilla/5.0 (Windows NT 6.1; WOW64) AppleWebKit/535.11 (KHTML, like Gecko) Chrome/17.0.963.56 Safari/535.11"
144.90.208.217 - - [17/Nov/2017:15:33:20 +0000] "GET /item/garden/1912 HTTP/1.1" 200 84 "/item/health/2887" "Mozilla/4.0 (compatible; MSIE 8.0; Windows NT 6.1; Trident/4.0; YTB730; SLCC2; .NET CLR 2.0.50727; .NET CLR 3.5.30729; .NET CLR 3.0.30729; Media Center PC 6.0; .NET4.0C)"
196.168.130.146 - - [17/Nov/2017:15:33:25 +0000] "GET /item/toys/3180 HTTP/1.1" 200 46 "/category/electronics" "Mozilla/5.0 (Windows NT 6.1; WOW64) AppleWebKit/535.11 (KHTML, like Gecko) Chrome/17.0.963.56 Safari/535.11"
76.225.209.116 - - [17/Nov/2017:15:33:30 +0000] "GET /category/electronics HTTP/1.1" 200 138 "-" "Mozilla/5.0 (Macintosh; Intel Mac OS X 10.6; rv:9.0.1) Gecko/20100101 Firefox/9.0.1"
148.78.49.128 - - [17/Nov/2017:15:33:35 +0000] "GET /item/finance/4100 HTTP/1.1" 200 84 "/item/electronics/2699" "Mozilla/5.0 (compatible; MSIE 9.0; Windows NT 6.1; Trident/5.0)"
60.150.49.62 - - [17/Nov/2017:15:33:40 +0000] "GET /item/software/4520 HTTP/1.1" 200 75 "/item/cameras/2299" "Mozilla/5.0 (Windows NT 6.1; WOW64) AppleWebKit/535.7 (KHTML, like Gecko) Chrome/16.0.912.77 Safari/535.7"
52.132.50.197 - - [17/Nov/2017:15:33:45 +0000] "GET /category/software HTTP/1.1" 200 65 "-" "Mozilla/5.0 (Windows NT 6.0) AppleWebKit/535.11 (KHTML, like Gecko) Chrome/17.0.963.56 Safari/535.11"
52.135.193.44 - - [17/Nov/2017:15:33:50 +0000] "GET /category/electronics HTTP/1.1" 200 44 "/item/games/2882" "Mozilla/5.0 (Macintosh; Intel Mac OS X 10.6; rv:9.0.1) Gecko/20100101 Firefox/9.0.1"
96.138.127.49 - - [17/Nov/2017:15:33:55 +0000] "GET /category/games HTTP/1.1" 200 63 "-" "Mozilla/5.0 (Windows NT 6.1; WOW64) AppleWebKit/535.7 (KHTML, like Gecko) Chrome/16.0.912.77 Safari/535.7"
176.30.78.65 - - [17/Nov/2017:15:34:00 +0000] "GET /item/health/2887 HTTP/1.1" 200 65 "/search/?c=Electronics+Electronics" "Mozilla/5.0 (compatible; MSIE 9.0; Windows NT 6.1; WOW64; Trident/5.0)"
100.93.35.154 - - [17/Nov/2017:15:34:05 +0000] "GET /category/cameras HTTP/1.1" 200 106 "/item/software/3387" "Mozilla/5.0 (Windows NT 6.1; WOW64) AppleWebKit/535.7 (KHTML, like Gecko) Chrome/16.0.912.77 Safari/535.7"
56.150.202.109 - - [17/Nov/2017:15:34:10 +0000] "GET /category/cameras?from=20 HTTP/1.1" 200 63 "/category/cameras" "Mozilla/5.0 (Windows NT 6.0; rv:10.0.1) Gecko/20100101 Firefox/10.0.1"
80.144.46.167 - - [17/Nov/2017:15:34:15 +0000] "GET /category/computers HTTP/1.1" 200 136 "-" "Mozilla/5.0 (Macintosh; Intel Mac OS X 10.6; rv:9.0.1) Gecko/20100101 Firefox/9.0.1"
204.219.223.54 - - [17/Nov/2017:15:34:20 +0000] "GET /item/office/4367 HTTP/1.1" 200 64 "/search/?c=Office+Books" "Mozilla/5.0 (Windows NT 6.1; WOW64) AppleWebKit/535.7 (KHTML, like Gecko) Chrome/16.0.912.77 Safari/535.7"
200.186.57.64 - - [17/Nov/2017:15:34:25 +0000] "GET /item/music/4699 HTTP/1.1" 200 48 "/search/?c=Music" "Mozilla/5.0 (iPhone; CPU iPhone OS 5_0_1 like Mac OS X) AppleWebKit/534.46 (KHTML, like Gecko) Version/5.1 Mobile/9A405 Safari/7534.48.3"
32.135.88.43 - - [17/Nov/2017:15:34:30 +0000] "GET /category/giftcards HTTP/1.1" 200 126 "/item/software/2724" "Mozilla/5.0 (compatible; Googlebot/2.1; +http://www.google.com/bot.html)"
124.207.71.32 - - [17/Nov/2017:15:34:35 +0000] "GET /category/software HTTP/1.1" 200 83 "-" "Mozilla/5.0 (compatible; MSIE 9.0; Windows NT 6.1; WOW64; Trident/5.0)"
36.192.196.184 - - [17/Nov/2017:15:34:40 +0000] "GET /category/computers HTTP/1.1" 200 136 "-" "Mozilla/5.0 (iPhone; CPU iPhone OS 5_0_1 like Mac OS X) AppleWebKit/534.46 (KHTML, like Gecko) Version/5.1 Mobile/9A405 Safari/7534.48.3"
68.171.43.168 - - [17/Nov/2017:15:34:45 +0000] "GET /item/jewelry/2479 HTTP/1.1" 200 126 "/search/?c=Jewelry" "Mozilla/5.0 (Windows NT 6.1; WOW64) AppleWebKit/535.7 (KHTML, like Gecko) Chrome/16.0.912.77 Safari/535.7"
224.87.199.41 - - [17/Nov/2017:15:34:50 +0000] "GET /category/electronics HTTP/1.1" 200 114 "/item/electronics/1344" "Mozilla/5.0 (Windows NT 6.0; rv:10.0.1) Gecko/20100101 Firefox/10.0.1"
212.60.196.21 - - [17/Nov/2017:15:34:55 +0000] "GET /item/electronics/3030 HTTP/1.1" 200 84 "/item/giftcards/119" "Mozilla/5.0 (Macintosh; Intel Mac OS X 10.6; rv:9.0.1) Gecko/20100101 Firefox/9.0.1"
112.93.23.140 - - [17/Nov/2017:15:35:00 +0000] "GET /item/electronics/3983 HTTP/1.1" 200 47 "/item/electronics/953" "Mozilla/5.0 (Windows NT 6.1; WOW64) AppleWebKit/535.11 (KHTML, like Gecko) Chrome/17.0.963.56 Safari/535.11"
100.81.22.31 - - [17/Nov/2017:15:35:05 +0000] "GET /category/software HTTP/1.1" 200 100 "-" "Mozilla/5.0 (compatible; MSIE 9.0; Windows NT 6.1; Trident/5.0)"
148.21.130.45 - - [17/Nov/2017:15:35:10 +0000] "GET /category/finance?from=20 HTTP/1.1" 200 116 "/category/finance" "Mozilla/4.0 (compatible; MSIE 8.0; Windows NT 5.1; Trident/4.0; BTRS122159; GTB7.2; .NET CLR 1.1.4322; .NET CLR 2.0.50727; .NET CLR 3.0.04506.30; .NET CLR 3.0.4506.2152; .NET CLR 3.5.30729; BRI/2)"
188.165.102.75 - - [17/Nov/2017:15:35:15 +0000] "GET /item/health/1862 HTTP/1.1" 200 89 "-" "Mozilla/5.0 (compatible; Googlebot/2.1; +http://www.google.com/bot.html)"
176.177.74.90 - - [17/Nov/2017:15:35:20 +0000] "GET /category/software HTTP/1.1" 200 108 "/search/?c=Electronics" "Mozilla/5.0 (Windows NT 6.1; WOW64; rv:10.0.1) Gecko/20100101 Firefox/10.0.1"
200.201.187.211 - - [17/Nov/2017:15:35:25 +0000] "GET /category/software HTTP/1.1" 200 43 "-" "Mozilla/5.0 (Windows NT 5.1) AppleWebKit/535.11 (KHTML, like Gecko) Chrome/17.0.963.46 Safari/535.11"
120.33.154.173 - - [17/Nov/2017:15:35:30 +0000] "GET /category/cameras?from=20 HTTP/1.1" 200 114 "/item/electronics/2034" "Mozilla/5.0 (Windows NT 6.1; WOW64; rv:10.0.1) Gecko/20100101 Firefox/10.0.1"
200.39.205.215 - - [17/Nov/2017:15:35:35 +0000] "GET /category/sports?from=20 HTTP/1.1" 200 98 "/item/games/4058" "Mozilla/4.0 (compatible; MSIE 8.0; Windows NT 6.0; WOW64; Trident/4.0; GTB6; SLCC1; .NET CLR 2.0.50727; Media Center PC 5.0; .NET CLR 3.5.30729; .NET CLR 3.0.30618; .NET4.0C)"
120.180.161.107 - - [17/Nov/2017:15:35:40 +0000] "GET /item/networking/3831 HTTP/1.1" 200 85 "/category/software" "Mozilla/5.0 (Windows NT 6.0) AppleWebKit/535.11 (KHTML, like Gecko) Chrome/17.0.963.56 Safari/535.11"
76.153.22.87 - - [17/Nov/2017:15:35:45 +0000] "GET /category/cameras HTTP/1.1" 200 77 "-" "Mozilla/4.0 (compatible; MSIE 8.0; Windows NT 6.1; WOW64; Trident/4.0; YTB730; GTB7.2; SLCC2; .NET CLR 2.0.50727; .NET CLR 3.5.30729; .NET CLR 3.0.30729; .NET4.0C; .NET4.0E; Media Center PC 6.0)"
92.99.104.37 - - [17/Nov/2017:15:35:50 +0000] "GET /category/toys HTTP/1.1" 200 126 "-" "Mozilla/5.0 (Windows NT 6.0) AppleWebKit/535.11 (KHTML, like Gecko) Chrome/17.0.963.56 Safari/535.11"
180.96.213.98 - - [17/Nov/2017:15:35:55 +0000] "GET /category/games HTTP/1.1" 200 91 "-" "Mozilla/4.0 (compatible; MSIE 8.0; Windows NT 5.1; Trident/4.0; BTRS122159; GTB7.2; .NET CLR 1.1.4322; .NET CLR 2.0.50727; .NET CLR 3.0.04506.30; .NET CLR 3.0.4506.2152; .NET CLR 3.5.30729; BRI/2)"
80.180.214.20 - - [17/Nov/2017:15:36:00 +0000] "GET /category/games HTTP/1.1" 200 59 "/category/giftcards" "Mozilla/4.0 (compatible; MSIE 8.0; Windows NT 5.1; Trident/4.0; YTB720; GTB7.2; .NET CLR 1.1.4322; .NET CLR 2.0.50727; .NET CLR 3.0.4506.2152; .NET CLR 3.5.30729)"
80.123.121.100 - - [17/Nov/2017:15:36:05 +0000] "GET /item/networking/435 HTTP/1.1" 200 109 "/category/cameras" "Mozilla/5.0 (Windows NT 6.0; rv:10.0.1) Gecko/20100101 Firefox/10.0.1"
112.132.152.220 - - [17/Nov/2017:15:36:10 +0000] "GET /category/music?from=20 HTTP/1.1" 200 40 "/search/?c=Books" "Mozilla/5.0 (Windows NT 6.1; WOW64) AppleWebKit/535.11 (KHTML, like Gecko) Chrome/17.0.963.56 Safari/535.11"
184.57.118.95 - - [17/Nov/2017:15:36:15 +0000] "GET /category/books HTTP/1.1" 200 131 "/category/cameras" "Mozilla/5.0 (Windows NT 6.1; WOW64) AppleWebKit/535.11 (KHTML, like Gecko) Chrome/17.0.963.56 Safari/535.11"
176.105.22.32 - - [17/Nov/2017:15:36:20 +0000] "GET /category/electronics HTTP/1.1" 200 90 "/item/giftcards/905" "Mozilla/4.0 (compatible; MSIE 8.0; Windows NT 6.1; Trident/4.0; YTB730; SLCC2; .NET CLR 2.0.50727; .NET CLR 3.5.30729; .NET CLR 3.0.30729; Media Center PC 6.0; .NET4.0C)"
40.21.219.95 - - [17/Nov/2017:15:36:25 +0000] "GET /category/jewelry?from=10 HTTP/1.1" 200 106 "/search/?c=Jewelry" "Mozilla/5.0 (compatible; MSIE 9.0; Windows NT 6.1; Trident/5.0)"
56.24.57.163 - - [17/Nov/2017:15:36:30 +0000] "GET /item/books/3977 HTTP/1.1" 200 56 "/item/cameras/3741" "Mozilla/5.0 (Windows NT 6.1; WOW64; rv:10.0.1) Gecko/20100101 Firefox/10.0.1"
160.78.146.93 - - [17/Nov/2017:15:36:35 +0000] "GET /item/games/2750 HTTP/1.1" 200 102 "/category/games" "Mozilla/4.0 (compatible; MSIE 8.0; Windows NT 6.0; WOW64; Trident/4.0; GTB6; SLCC1; .NET CLR 2.0.50727; Media Center PC 5.0; .NET CLR 3.5.30729; .NET CLR 3.0.30618; .NET4.0C)"
108.225.225.104 - - [17/Nov/2017:15:36:40 +0000] "GET /category/software HTTP/1.1" 200 105 "http://www.google.com/search?ie=UTF-8&q=google&sclient=psy-ab&q=Software&oq=Software&aq=f&aqi=g-vL1&aql=&pbx=1&bav=on.2,or.r_gc.r_pw.r_qf.,cf.osb&biw=888&bih=299" "Mozilla/5.0 (iPad; CPU OS 5_0_1 like Mac OS X) AppleWebKit/534.46 (KHTML, like Gecko) Version/5.1 Mobile/9A405 Safari/7534.48.3"
184.225.210.39 - - [17/Nov/2017:15:36:45 +0000] "GET /category/computers HTTP/1.1" 200 131 "-" "Mozilla/4.0 (compatible; MSIE 8.0; Windows NT 6.1; WOW64; Trident/4.0; YTB730; GTB7.2; EasyBits GO v1.0; SLCC2; .NET CLR 2.0.50727; .NET CLR 3.5.30729; .NET CLR 3.0.30729; Media Center PC 6.0; .NET4.0C)"
40.126.50.218 - - [17/Nov/2017:15:36:50 +0000] "GET /category/finance HTTP/1.1" 200 98 "/category/electronics" "Mozilla/5.0 (Windows NT 6.0; rv:10.0.1) Gecko/20100101 Firefox/10.0.1"
72.156.195.112 - - [17/Nov/2017:15:36:55 +0000] "GET /item/health/3613 HTTP/1.1" 200 90 "/category/software" "Mozilla/5.0 (compatible; MSIE 9.0; Windows NT 6.1; Trident/5.0)"
208.93.164.196 - - [17/Nov/2017:15:37:00 +0000] "GET /category/jewelry HTTP/1.1" 200 59 "/category/electronics" "Mozilla/5.0 (Windows NT 6.1; WOW64; rv:10.0.1) Gecko/20100101 Firefox/10.0.1"
124.99.44.123 - - [17/Nov/2017:15:37:05 +0000] "GET /category/software HTTP/1.1" 200 108 "-" "Mozilla/5.0 (Windows NT 6.1; WOW64) AppleWebKit/535.7 (KHTML, like Gecko) Chrome/16.0.912.77 Safari/535.7"
44.51.178.212 - - [17/Nov/2017:15:37:10 +0000] "GET /category/cameras HTTP/1.1" 200 132 "-" "Mozilla/5.0 (Macintosh; Intel Mac OS X 10.6; rv:9.0.1) Gecko/20100101 Firefox/9.0.1"
156.123.86.77 - - [17/Nov/2017:15:37:15 +0000] "GET /category/computers HTTP/1.1" 200 131 "-" "Mozilla/5.0 (compatible; MSIE 9.0; Windows NT 6.1; Trident/5.0)"
136.177.181.50 - - [17/Nov/2017:15:37:20 +0000] "GET /item/health/1329 HTTP/1.1" 200 66 "-" "Mozilla/5.0 (compatible; Googlebot/2.1; +http://www.google.com/bot.html)"
44.189.22.22 - - [17/Nov/2017:15:37:25 +0000] "GET /category/music HTTP/1.1" 200 46 "-" "Mozilla/5.0 (Windows NT 6.1; WOW64) AppleWebKit/535.7 (KHTML, like Gecko) Chrome/16.0.912.77 Safari/535.7"
60.30.37.117 - - [17/Nov/2017:15:37:30 +0000] "GET /category/sports HTTP/1.1" 200 98 "/category/books" "Mozilla/5.0 (compatible; MSIE 9.0; Windows NT 6.1; WOW64; Trident/5.0)"
40.36.176.35 - - [17/Nov/2017:15:37:35 +0000] "GET /category/cameras HTTP/1.1" 200 53 "-" "Mozilla/5.0 (Macintosh; Intel Mac OS X 10.6; rv:9.0.1) Gecko/20100101 Firefox/9.0.1"
68.207.95.201 - - [17/Nov/2017:15:37:40 +0000] "GET /category/software HTTP/1.1" 200 106 "/item/electronics/4807" "Mozilla/5.0 (Windows NT 6.0; rv:10.0.1) Gecko/20100101 Firefox/10.0.1"
76.126.75.166 - - [17/Nov/2017:15:37:45 +0000] "GET /category/books HTTP/1.1" 200 109 "-" "Mozilla/5.0 (Windows NT 6.1; WOW64) AppleWebKit/535.11 (KHTML, like Gecko) Chrome/17.0.963.56 Safari/535.11"
76.123.219.106 - - [17/Nov/2017:15:37:50 +0000] "GET /category/software HTTP/1.1" 200 129 "-" "Mozilla/5.0 (iPad; CPU OS 5_0_1 like Mac OS X) AppleWebKit/534.46 (KHTML, like Gecko) Version/5.1 Mobile/9A405 Safari/7534.48.3"
180.54.65.44 - - [17/Nov/2017:15:37:55 +0000] "GET /category/health HTTP/1.1" 200 82 "-" "Mozilla/5.0 (Windows NT 6.1; WOW64) AppleWebKit/535.7 (KHTML, like Gecko) Chrome/16.0.912.77 Safari/535.7"
32.81.139.201 - - [17/Nov/2017:15:38:00 +0000] "GET /category/networking?from=10 HTTP/1.1" 200 127 "-" "Mozilla/5.0 (Windows NT 6.1; WOW64; rv:10.0.1) Gecko/20100101 Firefox/10.0.1"
192.228.50.109 - - [17/Nov/2017:15:38:05 +0000] "GET /item/electronics/2524 HTTP/1.1" 200 57 "-" "Mozilla/5.0 (Windows NT 6.1; WOW64) AppleWebKit/535.11 (KHTML, like Gecko) Chrome/17.0.963.56 Safari/535.11"
40.33.157.65 - - [17/Nov/2017:15:38:10 +0000] "GET /item/games/2268 HTTP/1.1" 200 100 "/category/networking" "Mozilla/5.0 (Windows NT 6.1; WOW64) AppleWebKit/535.11 (KHTML, like Gecko) Chrome/17.0.963.56 Safari/535.11"
164.228.120.56 - - [17/Nov/2017:15:38:15 +0000] "GET /item/electronics/1344 HTTP/1.1" 200 61 "/category/electronics" "Mozilla/5.0 (compatible; Googlebot/2.1; +http://www.google.com/bot.html)"
20.153.84.177 - - [17/Nov/2017:15:38:20 +0000] "GET /item/electronics/3574 HTTP/1.1" 200 77 "/category/finance?from=20" "Mozilla/5.0 (compatible; MSIE 9.0; Windows NT 6.1; Trident/5.0)"
132.72.140.78 - - [17/Nov/2017:15:38:25 +0000] "GET /category/toys HTTP/1.1" 200 57 "-" "Mozilla/5.0 (Windows NT 6.1; WOW64; rv:10.0.1) Gecko/20100101 Firefox/10.0.1"
188.165.183.191 - - [17/Nov/2017:15:38:30 +0000] "GET /category/books HTTP/1.1" 200 83 "/category/office?from=0" "Mozilla/5.0 (Windows NT 6.0; rv:10.0.1) Gecko/20100101 Firefox/10.0.1"
36.69.107.106 - - [17/Nov/2017:15:38:35 +0000] "GET /category/software HTTP/1.1" 200 77 "/category/books" "Mozilla/5.0 (compatible; MSIE 9.0; Windows NT 6.1; Trident/5.0)"
164.213.39.153 - - [17/Nov/2017:15:38:40 +0000] "GET /category/jewelry HTTP/1.1" 200 56 "/item/cameras/4503" "Mozilla/5.0 (Windows NT 6.1; WOW64) AppleWebKit/535.7 (KHTML, like Gecko) Chrome/16.0.912.77 Safari/535.7"
52.219.45.68 - - [17/Nov/2017:15:38:45 +0000] "GET /category/electronics HTTP/1.1" 200 96 "-" "Mozilla/5.0 (Macintosh; Intel Mac OS X 10.6; rv:9.0.1) Gecko/20100101 Firefox/9.0.1"
36.183.156.215 - - [17/Nov/2017:15:38:50 +0000] "GET /item/sports/1656 HTTP/1.1" 200 118 "/item/games/3284" "Mozilla/5.0 (Windows NT 6.0; rv:10.0.1) Gecko/20100101 Firefox/10.0.1"
144.132.101.155 - - [17/Nov/2017:15:38:55 +0000] "POST /search/?c=Electronics+Games HTTP/1.1" 200 138 "/item/games/743" "Mozilla/5.0 (compatible; MSIE 9.0; Windows NT 6.1; WOW64; Trident/5.0)"
36.33.116.55 - - [17/Nov/2017:15:39:00 +0000] "GET /category/music HTTP/1.1" 200 53 "-" "Mozilla/4.0 (compatible; MSIE 8.0; Windows NT 5.1; Trident/4.0; BTRS122159; GTB7.2; .NET CLR 1.1.4322; .NET CLR 2.0.50727; .NET CLR 3.0.04506.30; .NET CLR 3.0.4506.2152; .NET CLR 3.5.30729; BRI/2)"
68.156.204.168 - - [17/Nov/2017:15:39:05 +0000] "GET /category/sports HTTP/1.1" 200 72 "-" "Mozilla/5.0 (compatible; MSIE 9.0; Windows NT 6.1; WOW64; Trident/5.0)"
196.186.196.93 - - [17/Nov/2017:15:39:10 +0000] "GET /category/jewelry HTTP/1.1" 200 59 "http://www.google.com/search?ie=UTF-8&q=google&sclient=psy-ab&q=Jewelry+Office&oq=Jewelry+Office&aq=f&aqi=g-vL1&aql=&pbx=1&bav=on.2,or.r_gc.r_pw.r_qf.,cf.osb&biw=1391&bih=436" "Mozilla/5.0 (Windows NT 6.0) AppleWebKit/535.11 (KHTML, like Gecko) Chrome/17.0.963.56 Safari/535.11"
100.168.183.82 - - [17/Nov/2017:15:39:15 +0000] "GET /item/software/4545 HTTP/1.1" 200 135 "-" "Mozilla/5.0 (Windows NT 6.0) AppleWebKit/535.11 (KHTML, like Gecko) Chrome/17.0.963.56 Safari/535.11"
56.153.218.154 - - [17/Nov/2017:15:39:20 +0000] "GET /item/games/1697 HTTP/1.1" 200 63 "/search/?c=Games" "Mozilla/5.0 (compatible; MSIE 9.0; Windows NT 6.1; Trident/5.0)"
144.126.86.47 - - [17/Nov/2017:15:39:25 +0000] "GET /category/toys HTTP/1.1" 200 40 "-" "Mozilla/5.0 (Windows NT 6.0; rv:10.0.1) Gecko/20100101 Firefox/10.0.1"
172.48.138.173 - - [17/Nov/2017:15:39:30 +0000] "GET /category/health HTTP/1.1" 200 105 "-" "Mozilla/5.0 (Macintosh; Intel Mac OS X 10.6; rv:9.0.1) Gecko/20100101 Firefox/9.0.1"
96.183.135.66 - - [17/Nov/2017:15:39:35 +0000] "GET /item/electronics/4072 HTTP/1.1" 200 63 "-" "Mozilla/5.0 (Windows NT 6.1; WOW64) AppleWebKit/535.11 (KHTML, like Gecko) Chrome/17.0.963.56 Safari/535.11"
32.162.92.58 - - [17/Nov/2017:15:39:40 +0000] "GET /category/electronics HTTP/1.1" 200 91 "/category/software" "Mozilla/5.0 (Windows NT 6.1; WOW64) AppleWebKit/535.7 (KHTML, like Gecko) Chrome/16.0.912.77 Safari/535.7"
176.180.122.216 - - [17/Nov/2017:15:39:45 +0000] "GET /category/books HTTP/1.1" 200 112 "/category/electronics" "Mozilla/5.0 (Windows NT 6.1; WOW64; rv:10.0.1) Gecko/20100101 Firefox/10.0.1"
100.42.49.57 - - [17/Nov/2017:15:39:50 +0000] "GET /category/software HTTP/1.1" 200 94 "/category/software" "Mozilla/4.0 (compatible; MSIE 8.0; Windows NT 6.1; WOW64; Trident/4.0; GTB7.2; SLCC2; .NET CLR 2.0.50727; .NET CLR 3.5.30729; .NET CLR 3.0.30729; Media Center PC 6.0; .NET4.0C)"
100.192.111.52 - - [17/Nov/2017:15:39:55 +0000] "GET /item/electronics/1195 HTTP/1.1" 200 46 "/category/electronics" "Mozilla/5.0 (Windows NT 6.0) AppleWebKit/535.11 (KHTML, like Gecko) Chrome/17.0.963.56 Safari/535.11"
112.60.183.55 - - [17/Nov/2017:15:40:00 +0000] "GET /category/electronics HTTP/1.1" 200 42 "-" "Mozilla/4.0 (compatible; MSIE 8.0; Windows NT 6.1; Trident/4.0; YTB730; SLCC2; .NET CLR 2.0.50727; .NET CLR 3.5.30729; .NET CLR 3.0.30729; Media Center PC 6.0; .NET4.0C)"
128.66.82.98 - - [17/Nov/2017:15:40:05 +0000] "POST /search/?c=Giftcards HTTP/1.1" 200 104 "/category/office" "Mozilla/4.0 (compatible; MSIE 8.0; Windows NT 6.1; Trident/4.0; YTB730; SLCC2; .NET CLR 2.0.50727; .NET CLR 3.5.30729; .NET CLR 3.0.30729; Media Center PC 6.0; .NET4.0C)"
204.225.98.113 - - [17/Nov/2017:15:40:10 +0000] "POST /search/?c=Electronics+Books HTTP/1.1" 200 96 "-" "Mozilla/5.0 (Windows NT 6.1; WOW64) AppleWebKit/535.11 (KHTML, like Gecko) Chrome/17.0.963.56 Safari/535.11"
60.54.88.65 - - [17/Nov/2017:15:40:15 +0000] "GET /category/toys HTTP/1.1" 200 40 "/category/games" "Mozilla/5.0 (Windows NT 5.1) AppleWebKit/535.11 (KHTML, like Gecko) Chrome/17.0.963.46 Safari/535.11"
76.114.187.160 - - [17/Nov/2017:15:40:20 +0000] "GET /category/garden?from=20 HTTP/1.1" 200 69 "/category/office" "Mozilla/5.0 (compatible; MSIE 9.0; Windows NT 6.1; Trident/5.0)"
164.228.120.56 - - [17/Nov/2017:15:40:25 +0000] "GET /item/cameras/2523 HTTP/1.1" 200 66 "-" "Mozilla/5.0 (compatible; MSIE 9.0; Windows NT 6.1; Trident/5.0)"
196.24.211.196 - - [17/Nov/2017:15:40:30 +0000] "GET /item/games/3254 HTTP/1.1" 200 41 "/category/cameras" "Mozilla/5.0 (Windows NT 5.1) AppleWebKit/535.11 (KHTML, like Gecko) Chrome/17.0.963.46 Safari/535.11"
160.93.50.158 - - [17/Nov/2017:15:40:35 +0000] "GET /item/electronics/3410 HTTP/1.1" 200 123 "/category/software" "Mozilla/5.0 (compatible; MSIE 9.0; Windows NT 6.1; WOW64; Trident/5.0)"
204.60.81.51 - - [17/Nov/2017:15:40:40 +0000] "GET /item/toys/67 HTTP/1.1" 200 117 "-" "Mozilla/5.0 (Windows NT 6.0) AppleWebKit/535.11 (KHTML, like Gecko) Chrome/17.0.963.56 Safari/535.11"
104.195.68.101 - - [17/Nov/2017:15:40:45 +0000] "GET /item/computers/3996 HTTP/1.1" 200 70 "/item/electronics/1089" "Mozilla/5.0 (Macintosh; Intel Mac OS X 10.6; rv:9.0.1) Gecko/20100101 Firefox/9.0.1"
136.177.181.50 - - [17/Nov/2017:15:40:50 +0000] "GET /category/computers HTTP/1.1" 200 131 "-" "Mozilla/5.0 (compatible; Googlebot/2.1; +http://www.google.com/bot.html)"
176.210.71.83 - - [17/Nov/2017:15:40:55 +0000] "GET /category/software HTTP/1.1" 200 41 "/category/computers" "Mozilla/5.0 (Windows NT 6.1; WOW64) AppleWebKit/535.7 (KHTML, like Gecko) Chrome/16.0.912.77 Safari/535.7"
228.111.87.205 - - [17/Nov/2017:15:41:00 +0000] "GET /item/electronics/229 HTTP/1.1" 200 105 "/category/electronics" "Mozilla/5.0 (Windows NT 6.0; rv:10.0.1) Gecko/20100101 Firefox/10.0.1"
224.210.173.173 - - [17/Nov/2017:15:41:05 +0000] "GET /category/games HTTP/1.1" 200 59 "/item/health/3601" "Mozilla/5.0 (Windows NT 6.1; WOW64) AppleWebKit/535.11 (KHTML, like Gecko) Chrome/17.0.963.56 Safari/535.11"
104.117.61.206 - - [17/Nov/2017:15:41:10 +0000] "GET /category/giftcards HTTP/1.1" 200 126 "-" "Mozilla/5.0 (Windows NT 6.0; rv:10.0.1) Gecko/20100101 Firefox/10.0.1"
104.138.92.26 - - [17/Nov/2017:15:41:15 +0000] "GET /category/jewelry HTTP/1.1" 200 102 "-" "Mozilla/4.0 (compatible; MSIE 8.0; Windows NT 6.1; WOW64; Trident/4.0; YTB730; GTB7.2; SLCC2; .NET CLR 2.0.50727; .NET CLR 3.5.30729; .NET CLR 3.0.30729; .NET4.0C; .NET4.0E; Media Center PC 6.0)"
52.51.140.109 - - [17/Nov/2017:15:41:20 +0000] "GET /item/books/1440 HTTP/1.1" 200 108 "/category/networking" "Mozilla/5.0 (Macintosh; Intel Mac OS X 10.6; rv:9.0.1) Gecko/20100101 Firefox/9.0.1"
208.120.110.135 - - [17/Nov/2017:15:41:25 +0000] "POST /search/?c=Computers+Jewelry HTTP/1.1" 200 81 "/category/electronics" "Mozilla/5.0 (compatible; Googlebot/2.1; +http://www.google.com/bot.html)"
148.75.141.188 - - [17/Nov/2017:15:41:30 +0000] "POST /search/?c=Software+Games HTTP/1.1" 200 124 "-" "Mozilla/4.0 (compatible; MSIE 8.0; Windows NT 5.1; Trident/4.0; YTB720; GTB7.2; .NET CLR 1.1.4322; .NET CLR 2.0.50727; .NET CLR 3.0.4506.2152; .NET CLR 3.5.30729)"
40.78.48.94 - - [17/Nov/2017:15:41:35 +0000] "GET /item/games/3390 HTTP/1.1" 200 42 "/search/?c=Games+Cameras" "Mozilla/4.0 (compatible; MSIE 8.0; Windows NT 6.1; WOW64; Trident/4.0; YTB730; GTB7.2; SLCC2; .NET CLR 2.0.50727; .NET CLR 3.5.30729; .NET CLR 3.0.30729; .NET4.0C; .NET4.0E; Media Center PC 6.0)"
100.150.67.191 - - [17/Nov/2017:15:41:40 +0000] "GET /category/electronics HTTP/1.1" 200 116 "-" "Mozilla/5.0 (Windows NT 6.0; rv:10.0.1) Gecko/20100101 Firefox/10.0.1"
136.54.219.130 - - [17/Nov/2017:15:41:45 +0000] "GET /category/games HTTP/1.1" 200 114 "/category/software" "Mozilla/5.0 (Windows NT 6.0) AppleWebKit/535.11 (KHTML, like Gecko) Chrome/17.0.963.56 Safari/535.11"
176.69.116.108 - - [17/Nov/2017:15:41:50 +0000] "GET /item/electronics/261 HTTP/1.1" 200 70 "-" "Mozilla/5.0 (Macintosh; Intel Mac OS X 10.6; rv:9.0.1) Gecko/20100101 Firefox/9.0.1"
112.30.36.35 - - [17/Nov/2017:15:41:55 +0000] "GET /item/games/2827 HTTP/1.1" 200 113 "/item/electronics/4005" "Mozilla/5.0 (Windows NT 6.1; WOW64) AppleWebKit/535.11 (KHTML, like Gecko) Chrome/17.0.963.56 Safari/535.11"
148.57.150.184 - - [17/Nov/2017:15:42:00 +0000] "GET /category/electronics HTTP/1.1" 200 61 "-" "Mozilla/5.0 (compatible; Googlebot/2.1; +http://www.google.com/bot.html)"
136.132.151.226 - - [17/Nov/2017:15:42:05 +0000] "GET /item/jewelry/4114 HTTP/1.1" 404 139 "/search/?c=Jewelry" "Mozilla/5.0 (iPad; CPU OS 5_0_1 like Mac OS X) AppleWebKit/534.46 (KHTML, like Gecko) Version/5.1 Mobile/9A405 Safari/7534.48.3"
160.156.210.144 - - [17/Nov/2017:15:42:10 +0000] "GET /category/software HTTP/1.1" 200 84 "-" "Mozilla/5.0 (Windows NT 6.0; rv:10.0.1) Gecko/20100101 Firefox/10.0.1"
56.102.229.220 - - [17/Nov/2017:15:42:15 +0000] "POST /search/?c=Electronics HTTP/1.1" 200 73 "-" "Mozilla/5.0 (Windows NT 6.1; WOW64) AppleWebKit/535.11 (KHTML, like Gecko) Chrome/17.0.963.56 Safari/535.11"
132.63.161.43 - - [17/Nov/2017:15:42:20 +0000] "GET /category/games?from=0 HTTP/1.1" 200 124 "-" "Mozilla/4.0 (compatible; MSIE 8.0; Windows NT 5.1; Trident/4.0; BTRS122159; GTB7.2; .NET CLR 1.1.4322; .NET CLR 2.0.50727; .NET CLR 3.0.04506.30; .NET CLR 3.0.4506.2152; .NET CLR 3.5.30729; BRI/2)"
112.192.110.197 - - [17/Nov/2017:15:42:25 +0000] "GET /item/electronics/1 HTTP/1.1" 200 128 "/search/?c=Electronics+Software" "Mozilla/4.0 (compatible; MSIE 8.0; Windows NT 5.1; Trident/4.0; BTRS122159; GTB7.2; .NET CLR 1.1.4322; .NET CLR 2.0.50727; .NET CLR 3.0.04506.30; .NET CLR 3.0.4506.2152; .NET CLR 3.5.30729; BRI/2)"
80.63.29.149 - - [17/Nov/2017:15:42:30 +0000] "GET /item/cameras/4995 HTTP/1.1" 200 97 "-" "Mozilla/5.0 (Windows NT 6.1; WOW64) AppleWebKit/535.11 (KHTML, like Gecko) Chrome/17.0.963.56 Safari/535.11"
96.99.84.183 - - [17/Nov/2017:15:42:35 +0000] "GET /category/electronics?from=10 HTTP/1.1" 200 88 "/category/games" "Mozilla/5.0 (Windows NT 6.1; WOW64; rv:10.0.1) Gecko/20100101 Firefox/10.0.1"
120.144.87.152 - - [17/Nov/2017:15:42:40 +0000] "GET /item/health/1094 HTTP/1.1" 200 86 "-" "Mozilla/5.0 (iPad; CPU OS 5_0_1 like Mac OS X) AppleWebKit/534.46 (KHTML, like Gecko) Version/5.1 Mobile/9A405 Safari/7534.48.3"
36.183.156.215 - - [17/Nov/2017:15:42:45 +0000] "GET /category/software HTTP/1.1" 200 131 "-" "Mozilla/5.0 (Windows NT 6.0; rv:10.0.1) Gecko/20100101 Firefox/10.0.1"
220.36.59.198 - - [17/Nov/2017:15:42:50 +0000] "GET /category/health HTTP/1.1" 200 42 "-" "Mozilla/5.0 (Windows NT 6.0) AppleWebKit/535.11 (KHTML, like Gecko) Chrome/17.0.963.56 Safari/535.11"
140.216.85.20 - - [17/Nov/2017:15:42:55 +0000] "GET /category/games HTTP/1.1" 200 59 "-" "Mozilla/5.0 (Windows NT 6.1; WOW64; rv:10.0.1) Gecko/20100101 Firefox/10.0.1"
208.183.145.211 - - [17/Nov/2017:15:43:00 +0000] "GET /category/electronics HTTP/1.1" 200 93 "-" "Mozilla/5.0 (compatible; MSIE 9.0; Windows NT 6.1; WOW64; Trident/5.0)"
156.69.192.82 - - [17/Nov/2017:15:43:05 +0000] "GET /item/networking/4421 HTTP/1.1" 200 47 "/item/electronics/450" "Mozilla/5.0 (compatible; MSIE 9.0; Windows NT 6.1; WOW64; Trident/5.0)"
64.210.40.162 - - [17/Nov/2017:15:43:10 +0000] "GET /item/software/875 HTTP/1.1" 200 132 "/search/?c=Software" "Mozilla/5.0 (Macintosh; Intel Mac OS X 10.6; rv:9.0.1) Gecko/20100101 Firefox/9.0.1"
96.213.225.72 - - [17/Nov/2017:15:43:15 +0000] "GET /category/cameras HTTP/1.1" 200 55 "/category/office" "Mozilla/5.0 (compatible; MSIE 9.0; Windows NT 6.1; Trident/5.0)"
224.171.159.48 - - [17/Nov/2017:15:43:20 +0000] "GET /item/health/4912 HTTP/1.1" 200 105 "-" "Mozilla/4.0 (compatible; MSIE 8.0; Windows NT 5.1; Trident/4.0; YTB720; GTB7.2; .NET CLR 1.1.4322; .NET CLR 2.0.50727; .NET CLR 3.0.4506.2152; .NET CLR 3.5.30729)"
36.192.126.32 - - [17/Nov/2017:15:43:25 +0000] "GET /category/sports HTTP/1.1" 200 72 "/search/?c=Electronics+Games" "Mozilla/5.0 (Windows NT 6.0; rv:10.0.1) Gecko/20100101 Firefox/10.0.1"
164.219.67.33 - - [17/Nov/2017:15:43:30 +0000] "GET /item/health/3590 HTTP/1.1" 200 95 "/category/giftcards" "Mozilla/4.0 (compatible; MSIE 8.0; Windows NT 6.1; WOW64; Trident/4.0; YTB730; GTB7.2; SLCC2; .NET CLR 2.0.50727; .NET CLR 3.5.30729; .NET CLR 3.0.30729; .NET4.0C; .NET4.0E; Media Center PC 6.0)"
24.57.24.122 - - [17/Nov/2017:15:43:35 +0000] "GET /category/software HTTP/1.1" 200 131 "/item/giftcards/357" "Mozilla/4.0 (compatible; MSIE 8.0; Windows NT 6.1; WOW64; Trident/4.0; YTB730; GTB7.2; EasyBits GO v1.0; SLCC2; .NET CLR 2.0.50727; .NET CLR 3.5.30729; .NET CLR 3.0.30729; Media Center PC 6.0; .NET4.0C)"
176.45.198.120 - - [17/Nov/2017:15:43:40 +0000] "GET /category/games HTTP/1.1" 200 133 "/item/electronics/4270" "Mozilla/5.0 (compatible; MSIE 9.0; Windows NT 6.1; WOW64; Trident/5.0)"
200.144.113.93 - - [17/Nov/2017:15:43:45 +0000] "GET /item/games/3186 HTTP/1.1" 200 47 "/category/electronics" "Mozilla/5.0 (compatible; Googlebot/2.1; +http://www.google.com/bot.html)"
76.144.80.172 - - [17/Nov/2017:15:43:50 +0000] "GET /item/giftcards/3275 HTTP/1.1" 200 95 "/category/computers" "Mozilla/5.0 (compatible; Googlebot/2.1; +http://www.google.com/bot.html)"
24.156.218.186 - - [17/Nov/2017:15:43:55 +0000] "GET /category/electronics HTTP/1.1" 200 119 "/category/jewelry" "Mozilla/5.0 (iPad; CPU OS 5_0_1 like Mac OS X) AppleWebKit/534.46 (KHTML, like Gecko) Version/5.1 Mobile/9A405 Safari/7534.48.3"
48.63.222.76 - - [17/Nov/2017:15:44:00 +0000] "GET /category/electronics HTTP/1.1" 200 90 "/item/software/1271" "Mozilla/4.0 (compatible; MSIE 8.0; Windows NT 5.1; Trident/4.0; YTB720; GTB7.2; .NET CLR 1.1.4322; .NET CLR 2.0.50727; .NET CLR 3.0.4506.2152; .NET CLR 3.5.30729)"
48.168.148.167 - - [17/Nov/2017:15:44:05 +0000] "POST /search/?c=Software HTTP/1.1" 200 50 "/category/garden" "Mozilla/5.0 (Windows NT 6.0; rv:10.0.1) Gecko/20100101 Firefox/10.0.1"
172.165.188.104 - - [17/Nov/2017:15:44:10 +0000] "GET /category/electronics HTTP/1.1" 200 97 "/category/software" "Mozilla/5.0 (Macintosh; Intel Mac OS X 10.6; rv:9.0.1) Gecko/20100101 Firefox/9.0.1"
168.183.144.126 - - [17/Nov/2017:15:44:15 +0000] "GET /item/games/2827 HTTP/1.1" 200 113 "/category/electronics" "Mozilla/5.0 (Windows NT 6.1; WOW64) AppleWebKit/535.7 (KHTML, like Gecko) Chrome/16.0.912.77 Safari/535.7"
104.111.99.133 - - [17/Nov/2017:15:44:20 +0000] "GET /category/games HTTP/1.1" 200 86 "/category/office" "Mozilla/5.0 (Windows NT 6.1; WOW64) AppleWebKit/535.11 (KHTML, like Gecko) Chrome/17.0.963.56 Safari/535.11"
140.36.89.127 - - [17/Nov/2017:15:44:25 +0000] "GET /category/office HTTP/1.1" 200 132 "/item/electronics/367" "Mozilla/5.0 (Windows NT 6.0; rv:10.0.1) Gecko/20100101 Firefox/10.0.1"
48.90.222.139 - - [17/Nov/2017:15:44:30 +0000] "GET /category/cameras HTTP/1.1" 200 53 "-" "Mozilla/5.0 (Macintosh; Intel Mac OS X 10.6; rv:9.0.1) Gecko/20100101 Firefox/9.0.1"
140.216.85.20 - - [17/Nov/2017:15:44:35 +0000] "GET /category/games HTTP/1.1" 200 121 "/item/office/84" "Mozilla/5.0 (compatible; MSIE 9.0; Windows NT 6.1; WOW64; Trident/5.0)"
80.186.195.122 - - [17/Nov/2017:15:44:40 +0000] "GET /category/computers HTTP/1.1" 200 139 "-" "Mozilla/5.0 (Windows NT 6.1; WOW64) AppleWebKit/535.11 (KHTML, like Gecko) Chrome/17.0.963.56 Safari/535.11"
192.213.30.56 - - [17/Nov/2017:15:44:45 +0000] "GET /category/electronics HTTP/1.1" 200 61 "-" "Mozilla/5.0 (iPad; CPU OS 5_0_1 like Mac OS X) AppleWebKit/534.46 (KHTML, like Gecko) Version/5.1 Mobile/9A405 Safari/7534.48.3"
20.45.119.184 - - [17/Nov/2017:15:44:50 +0000] "GET /item/computers/4448 HTTP/1.1" 200 100 "/category/health" "Mozilla/5.0 (Windows NT 6.0; rv:10.0.1) Gecko/20100101 Firefox/10.0.1"
196.225.171.61 - - [17/Nov/2017:15:44:55 +0000] "GET /item/toys/4220 HTTP/1.1" 200 102 "-" "Mozilla/5.0 (compatible; MSIE 9.0; Windows NT 6.1; Trident/5.0)"
32.78.86.157 - - [17/Nov/2017:15:45:00 +0000] "GET /category/books HTTP/1.1" 200 49 "/search/?c=Software" "Mozilla/4.0 (compatible; MSIE 8.0; Windows NT 5.1; Trident/4.0; YTB720; GTB7.2; .NET CLR 1.1.4322; .NET CLR 2.0.50727; .NET CLR 3.0.4506.2152; .NET CLR 3.5.30729)"
68.201.134.81 - - [17/Nov/2017:15:45:05 +0000] "GET /category/software HTTP/1.1" 200 87 "/category/finance" "Mozilla/5.0 (Windows NT 6.1; WOW64; rv:10.0.1) Gecko/20100101 Firefox/10.0.1"
96.183.135.66 - - [17/Nov/2017:15:45:10 +0000] "GET /item/garden/231 HTTP/1.1" 200 59 "/category/finance" "Mozilla/5.0 (Windows NT 6.1; WOW64) AppleWebKit/535.11 (KHTML, like Gecko) Chrome/17.0.963.56 Safari/535.11"
36.81.83.145 - - [17/Nov/2017:15:45:15 +0000] "GET /category/books HTTP/1.1" 200 131 "/category/electronics" "Mozilla/4.0 (compatible; MSIE 8.0; Windows NT 6.0; WOW64; Trident/4.0; GTB6; SLCC1; .NET CLR 2.0.50727; Media Center PC 5.0; .NET CLR 3.5.30729; .NET CLR 3.0.30618; .NET4.0C)"
164.213.39.153 - - [17/Nov/2017:15:45:20 +0000] "GET /category/games HTTP/1.1" 200 88 "http://www.google.com/search?ie=UTF-8&q=google&sclient=psy-ab&q=Games&oq=Games&aq=f&aqi=g-vL1&aql=&pbx=1&bav=on.2,or.r_gc.r_pw.r_qf.,cf.osb&biw=4976&bih=371" "Mozilla/5.0 (Windows NT 6.1; WOW64) AppleWebKit/535.7 (KHTML, like Gecko) Chrome/16.0.912.77 Safari/535.7"
60.96.221.113 - - [17/Nov/2017:15:45:25 +0000] "GET /category/cameras HTTP/1.1" 200 132 "-" "Mozilla/5.0 (Windows NT 6.1; WOW64; rv:10.0.1) Gecko/20100101 Firefox/10.0.1"
188.117.206.31 - - [17/Nov/2017:15:45:30 +0000] "GET /category/music HTTP/1.1" 200 51 "/search/?c=Software+Games" "Mozilla/5.0 (Windows NT 6.1; WOW64; rv:10.0.1) Gecko/20100101 Firefox/10.0.1"
156.168.77.168 - - [17/Nov/2017:15:45:35 +0000] "GET /category/jewelry HTTP/1.1" 200 95 "-" "Mozilla/5.0 (compatible; MSIE 9.0; Windows NT 6.1; WOW64; Trident/5.0)"
32.81.139.201 - - [17/Nov/2017:15:45:40 +0000] "GET /category/books HTTP/1.1" 200 122 "-" "Mozilla/5.0 (compatible; Googlebot/2.1; +http://www.google.com/bot.html)"
112.105.131.47 - - [17/Nov/2017:15:45:45 +0000] "GET /category/computers HTTP/1.1" 200 131 "/category/books" "Mozilla/5.0 (Windows NT 6.1; WOW64) AppleWebKit/535.11 (KHTML, like Gecko) Chrome/17.0.963.56 Safari/535.11"
200.33.165.54 - - [17/Nov/2017:15:45:50 +0000] "POST /search/?c=Electronics+Software HTTP/1.1" 200 77 "-" "Mozilla/5.0 (compatible; MSIE 9.0; Windows NT 6.1; Trident/5.0)"
20.135.151.124 - - [17/Nov/2017:15:45:55 +0000] "GET /category/software HTTP/1.1" 200 41 "-" "Mozilla/5.0 (Windows NT 6.1; WOW64; rv:10.0.1) Gecko/20100101 Firefox/10.0.1"
76.219.110.59 - - [17/Nov/2017:15:46:00 +0000] "GET /category/games HTTP/1.1" 200 115 "/category/games" "Mozilla/5.0 (Windows NT 5.1) AppleWebKit/535.11 (KHTML, like Gecko) Chrome/17.0.963.46 Safari/535.11"
192.36.167.103 - - [17/Nov/2017:15:46:05 +0000] "GET /category/music HTTP/1.1" 200 44 "-" "Mozilla/5.0 (Windows NT 6.1; WOW64) AppleWebKit/535.11 (KHTML, like Gecko) Chrome/17.0.963.56 Safari/535.11"
196.225.171.61 - - [17/Nov/2017:15:46:10 +0000] "GET /category/software HTTP/1.1" 200 131 "-" "Mozilla/4.0 (compatible; MSIE 8.0; Windows NT 6.1; WOW64; Trident/4.0; YTB730; GTB7.2; SLCC2; .NET CLR 2.0.50727; .NET CLR 3.5.30729; .NET CLR 3.0.30729; .NET4.0C; .NET4.0E; Media Center PC 6.0)"
56.123.41.47 - - [17/Nov/2017:15:46:15 +0000] "GET /category/office HTTP/1.1" 200 87 "-" "Mozilla/5.0 (Windows NT 6.0; rv:10.0.1) Gecko/20100101 Firefox/10.0.1"
120.216.45.120 - - [17/Nov/2017:15:46:20 +0000] "GET /item/games/1547 HTTP/1.1" 200 113 "http://www.google.com/search?ie=UTF-8&q=google&sclient=psy-ab&q=Games+Electronics&oq=Games+Electronics&aq=f&aqi=g-vL1&aql=&pbx=1&bav=on.2,or.r_gc.r_pw.r_qf.,cf.osb&biw=1423&bih=467" "Mozilla/5.0 (compatible; Googlebot/2.1; +http://www.google.com/bot.html)"
172.33.83.66 - - [17/Nov/2017:15:46:25 +0000] "GET /item/finance/1207 HTTP/1.1" 200 57 "/search/?c=Finance+Office" "Mozilla/5.0 (compatible; Googlebot/2.1; +http://www.google.com/bot.html)"
28.66.41.90 - - [17/Nov/2017:15:46:30 +0000] "GET /category/office HTTP/1.1" 200 109 "-" "Mozilla/5.0 (iPhone; CPU iPhone OS 5_0_1 like Mac OS X) AppleWebKit/534.46 (KHTML, like Gecko) Version/5.1 Mobile/9A405 Safari/7534.48.3"
144.51.141.192 - - [17/Nov/2017:15:46:35 +0000] "GET /item/games/526 HTTP/1.1" 200 104 "/category/games" "Mozilla/5.0 (Windows NT 6.0; rv:10.0.1) Gecko/20100101 Firefox/10.0.1"
204.162.85.31 - - [17/Nov/2017:15:46:40 +0000] "GET /category/cameras HTTP/1.1" 200 77 "/category/games" "Mozilla/4.0 (compatible; MSIE 8.0; Windows NT 5.1; Trident/4.0; YTB720; GTB7.2; .NET CLR 1.1.4322; .NET CLR 2.0.50727; .NET CLR 3.0.4506.2152; .NET CLR 3.5.30729)"
104.111.99.133 - - [17/Nov/2017:15:46:45 +0000] "GET /category/jewelry HTTP/1.1" 200 71 "/category/electronics" "Mozilla/5.0 (Windows NT 6.1; WOW64; rv:10.0.1) Gecko/20100101 Firefox/10.0.1"
224.192.71.37 - - [17/Nov/2017:15:46:50 +0000] "GET /category/giftcards HTTP/1.1" 200 138 "/item/software/530" "Mozilla/5.0 (compatible; MSIE 9.0; Windows NT 6.1; WOW64; Trident/5.0)"
132.132.109.164 - - [17/Nov/2017:15:46:55 +0000] "GET /category/music HTTP/1.1" 200 138 "/category/health?from=10" "Mozilla/5.0 (Windows NT 6.1; WOW64; rv:10.0.1) Gecko/20100101 Firefox/10.0.1"
208.210.156.79 - - [17/Nov/2017:15:47:00 +0000] "GET /category/office HTTP/1.1" 200 51 "-" "Mozilla/5.0 (compatible; Googlebot/2.1; +http://www.google.com/bot.html)"
100.168.223.44 - - [17/Nov/2017:15:47:05 +0000] "GET /item/electronics/1042 HTTP/1.1" 200 130 "-" "Mozilla/4.0 (compatible; MSIE 8.0; Windows NT 6.0; WOW64; Trident/4.0; GTB6; SLCC1; .NET CLR 2.0.50727; Media Center PC 5.0; .NET CLR 3.5.30729; .NET CLR 3.0.30618; .NET4.0C)"
32.105.122.34 - - [17/Nov/2017:15:47:10 +0000] "GET /item/sports/3881 HTTP/1.1" 200 89 "-" "Mozilla/4.0 (compatible; MSIE 8.0; Windows NT 5.1; Trident/4.0; BTRS122159; GTB7.2; .NET CLR 1.1.4322; .NET CLR 2.0.50727; .NET CLR 3.0.04506.30; .NET CLR 3.0.4506.2152; .NET CLR 3.5.30729; BRI/2)"
68.183.57.183 - - [17/Nov/2017:15:47:15 +0000] "GET /item/games/3491 HTTP/1.1" 200 100 "/item/garden/348" "Mozilla/4.0 (compatible; MSIE 8.0; Windows NT 6.1; WOW64; Trident/4.0; GTB7.2; SLCC2; .NET CLR 2.0.50727; .NET CLR 3.5.30729; .NET CLR 3.0.30729; Media Center PC 6.0; .NET4.0C)"
220.57.136.83 - - [17/Nov/2017:15:47:20 +0000] "GET /item/giftcards/357 HTTP/1.1" 200 92 "/category/electronics" "Mozilla/4.0 (compatible; MSIE 8.0; Windows NT 5.1; Trident/4.0; YTB720; GTB7.2; .NET CLR 1.1.4322; .NET CLR 2.0.50727; .NET CLR 3.0.4506.2152; .NET CLR 3.5.30729)"
204.162.54.90 - - [17/Nov/2017:15:47:25 +0000] "GET /category/sports?from=20 HTTP/1.1" 200 98 "/category/electronics" "Mozilla/5.0 (compatible; Googlebot/2.1; +http://www.google.com/bot.html)"
56.189.95.197 - - [17/Nov/2017:15:47:30 +0000] "GET /category/computers HTTP/1.1" 200 126 "-" "Mozilla/5.0 (compatible; Googlebot/2.1; +http://www.google.com/bot.html)"
40.54.165.166 - - [17/Nov/2017:15:47:35 +0000] "POST /search/?c=Books+Networking HTTP/1.1" 200 82 "-" "Mozilla/5.0 (Windows NT 6.0; rv:10.0.1) Gecko/20100101 Firefox/10.0.1"
28.165.95.144 - - [17/Nov/2017:15:47:40 +0000] "GET /item/computers/4448 HTTP/1.1" 200 100 "-" "Mozilla/5.0 (compatible; MSIE 9.0; Windows NT 6.1; Trident/5.0)"
128.90.218.42 - - [17/Nov/2017:15:47:45 +0000] "GET /item/electronics/1344 HTTP/1.1" 200 61 "/category/music" "Mozilla/5.0 (Windows NT 6.1; WOW64) AppleWebKit/535.7 (KHTML, like Gecko) Chrome/16.0.912.77 Safari/535.7"
32.78.107.79 - - [17/Nov/2017:15:47:50 +0000] "GET /item/sports/4622 HTTP/1.1" 200 109 "/category/electronics" "Mozilla/5.0 (Windows NT 6.1; WOW64) AppleWebKit/535.7 (KHTML, like Gecko) Chrome/16.0.912.77 Safari/535.7"
180.225.227.228 - - [17/Nov/2017:15:47:55 +0000] "GET /category/toys HTTP/1.1" 200 63 "/category/garden" "Mozilla/5.0 (Windows NT 6.1; WOW64; rv:10.0.1) Gecko/20100101 Firefox/10.0.1"
60.123.32.130 - - [17/Nov/2017:15:48:00 +0000] "GET /category/giftcards HTTP/1.1" 200 120 "/item/health/1094" "Mozilla/5.0 (Windows NT 6.0; rv:10.0.1) Gecko/20100101 Firefox/10.0.1"
172.108.215.191 - - [17/Nov/2017:15:48:05 +0000] "GET /category/games HTTP/1.1" 200 133 "/item/games/2268" "Mozilla/5.0 (Windows NT 6.1; WOW64) AppleWebKit/535.11 (KHTML, like Gecko) Chrome/17.0.963.56 Safari/535.11"
52.132.139.46 - - [17/Nov/2017:15:48:10 +0000] "GET /item/software/1527 HTTP/1.1" 200 64 "/category/garden" "Mozilla/4.0 (compatible; MSIE 8.0; Windows NT 6.1; WOW64; Trident/4.0; YTB730; GTB7.2; EasyBits GO v1.0; SLCC2; .NET CLR 2.0.50727; .NET CLR 3.5.30729; .NET CLR 3.0.30729; Media Center PC 6.0; .NET4.0C)"
156.90.25.118 - - [17/Nov/2017:15:48:15 +0000] "GET /category/books HTTP/1.1" 200 137 "-" "Mozilla/5.0 (Windows NT 6.1; WOW64) AppleWebKit/535.7 (KHTML, like Gecko) Chrome/16.0.912.77 Safari/535.7"
148.21.130.45 - - [17/Nov/2017:15:48:20 +0000] "GET /category/toys HTTP/1.1" 200 77 "-" "Mozilla/4.0 (compatible; MSIE 8.0; Windows NT 6.1; WOW64; Trident/4.0; YTB730; GTB7.2; SLCC2; .NET CLR 2.0.50727; .NET CLR 3.5.30729; .NET CLR 3.0.30729; .NET4.0C; .NET4.0E; Media Center PC 6.0)"
76.216.93.173 - - [17/Nov/2017:15:48:25 +0000] "GET /item/books/4362 HTTP/1.1" 200 42 "/category/networking?from=10" "Mozilla/5.0 (Macintosh; Intel Mac OS X 10.6; rv:9.0.1) Gecko/20100101 Firefox/9.0.1"
92.180.180.225 - - [17/Nov/2017:15:48:30 +0000] "GET /category/games?from=0 HTTP/1.1" 200 70 "/category/software" "Mozilla/5.0 (Windows NT 6.0; rv:10.0.1) Gecko/20100101 Firefox/10.0.1"
56.24.57.163 - - [17/Nov/2017:15:48:35 +0000] "GET /item/electronics/722 HTTP/1.1" 200 102 "/item/electronics/2940" "Mozilla/4.0 (compatible; MSIE 8.0; Windows NT 6.1; WOW64; Trident/4.0; YTB730; GTB7.2; EasyBits GO v1.0; SLCC2; .NET CLR 2.0.50727; .NET CLR 3.5.30729; .NET CLR 3.0.30729; Media Center PC 6.0; .NET4.0C)"
216.99.176.92 - - [17/Nov/2017:15:48:40 +0000] "GET /item/games/152 HTTP/1.1" 200 133 "-" "Mozilla/5.0 (iPad; CPU OS 5_0_1 like Mac OS X) AppleWebKit/534.46 (KHTML, like Gecko) Version/5.1 Mobile/9A405 Safari/7534.48.3"
228.186.82.142 - - [17/Nov/2017:15:48:45 +0000] "GET /item/games/2649 HTTP/1.1" 200 61 "/item/electronics/1089" "Mozilla/5.0 (Windows NT 6.1; WOW64) AppleWebKit/535.7 (KHTML, like Gecko) Chrome/16.0.912.77 Safari/535.7"
40.180.101.220 - - [17/Nov/2017:15:48:50 +0000] "GET /item/books/4078 HTTP/1.1" 200 74 "/search/?c=Finance" "Mozilla/5.0 (Windows NT 6.0) AppleWebKit/535.11 (KHTML, like Gecko) Chrome/17.0.963.56 Safari/535.11"
48.63.222.76 - - [17/Nov/2017:15:48:55 +0000] "GET /category/software HTTP/1.1" 200 134 "-" "Mozilla/4.0 (compatible; MSIE 8.0; Windows NT 6.1; WOW64; Trident/4.0; YTB730; GTB7.2; SLCC2; .NET CLR 2.0.50727; .NET CLR 3.5.30729; .NET CLR 3.0.30729; .NET4.0C; .NET4.0E; Media Center PC 6.0)"
72.111.113.84 - - [17/Nov/2017:15:49:00 +0000] "POST /search/?c=Software+Books HTTP/1.1" 200 79 "/search/?c=Finance+Books" "Mozilla/5.0 (compatible; MSIE 9.0; Windows NT 6.1; Trident/5.0)"
200.168.160.120 - - [17/Nov/2017:15:49:05 +0000] "GET /category/electronics HTTP/1.1" 200 128 "-" "Mozilla/5.0 (Windows NT 6.1; WOW64) AppleWebKit/535.11 (KHTML, like Gecko) Chrome/17.0.963.56 Safari/535.11"
112.42.221.126 - - [17/Nov/2017:15:49:10 +0000] "GET /category/jewelry HTTP/1.1" 200 82 "-" "Mozilla/5.0 (Windows NT 6.1; WOW64; rv:10.0.1) Gecko/20100101 Firefox/10.0.1"
88.216.133.209 - - [17/Nov/2017:15:49:15 +0000] "GET /item/software/3387 HTTP/1.1" 200 121 "/item/office/512" "Mozilla/4.0 (compatible; MSIE 8.0; Windows NT 6.1; WOW64; Trident/4.0; YTB730; GTB7.2; SLCC2; .NET CLR 2.0.50727; .NET CLR 3.5.30729; .NET CLR 3.0.30729; .NET4.0C; .NET4.0E; Media Center PC 6.0)"
132.195.184.30 - - [17/Nov/2017:15:49:20 +0000] "GET /category/office HTTP/1.1" 200 127 "/category/jewelry" "Mozilla/5.0 (Windows NT 5.1) AppleWebKit/535.11 (KHTML, like Gecko) Chrome/17.0.963.46 Safari/535.11"
68.156.204.168 - - [17/Nov/2017:15:49:25 +0000] "GET /item/cameras/2644 HTTP/1.1" 200 124 "/search/?c=Cameras+Jewelry" "Mozilla/4.0 (compatible; MSIE 8.0; Windows NT 6.1; WOW64; Trident/4.0; YTB730; GTB7.2; EasyBits GO v1.0; SLCC2; .NET CLR 2.0.50727; .NET CLR 3.5.30729; .NET CLR 3.0.30729; Media Center PC 6.0; .NET4.0C)"
160.207.59.34 - - [17/Nov/2017:15:49:30 +0000] "GET /category/sports HTTP/1.1" 200 48 "/category/books" "Mozilla/4.0 (compatible; MSIE 8.0; Windows NT 5.1; Trident/4.0; YTB720; GTB7.2; .NET CLR 1.1.4322; .NET CLR 2.0.50727; .NET CLR 3.0.4506.2152; .NET CLR 3.5.30729)"
60.150.49.62 - - [17/Nov/2017:15:49:35 +0000] "GET /category/giftcards HTTP/1.1" 200 59 "-" "Mozilla/4.0 (compatible; MSIE 8.0; Windows NT 5.1; Trident/4.0; YTB720; GTB7.2; .NET CLR 1.1.4322; .NET CLR 2.0.50727; .NET CLR 3.0.4506.2152; .NET CLR 3.5.30729)"
128.27.162.45 - - [17/Nov/2017:15:49:40 +0000] "GET /category/office HTTP/1.1" 200 126 "/category/electronics" "Mozilla/5.0 (Windows NT 6.0) AppleWebKit/535.11 (KHTML, like Gecko) Chrome/17.0.963.56 Safari/535.11"
136.180.163.90 - - [17/Nov/2017:15:49:45 +0000] "GET /category/toys HTTP/1.1" 200 40 "-" "Mozilla/5.0 (compatible; MSIE 9.0; Windows NT 6.1; WOW64; Trident/5.0)"
144.216.152.78 - - [17/Nov/2017:15:49:50 +0000] "POST /search/?c=Games+Software HTTP/1.1" 200 55 "-" "Mozilla/4.0 (compatible; MSIE 8.0; Windows NT 5.1; Trident/4.0; YTB720; GTB7.2; .NET CLR 1.1.4322; .NET CLR 2.0.50727; .NET CLR 3.0.4506.2152; .NET CLR 3.5.30729)"
144.129.150.26 - - [17/Nov/2017:15:49:55 +0000] "GET /item/games/4819 HTTP/1.1" 200 115 "-" "Mozilla/4.0 (compatible; MSIE 8.0; Windows NT 6.1; WOW64; Trident/4.0; YTB730; GTB7.2; SLCC2; .NET CLR 2.0.50727; .NET CLR 3.5.30729; .NET CLR 3.0.30729; .NET4.0C; .NET4.0E; Media Center PC 6.0)"
44.162.33.184 - - [17/Nov/2017:15:50:00 +0000] "POST /search/?c=Toys HTTP/1.1" 200 96 "/category/books?from=10" "Mozilla/5.0 (compatible; MSIE 9.0; Windows NT 6.1; Trident/5.0)"
100.192.111.52 - - [17/Nov/2017:15:50:05 +0000] "GET /category/electronics HTTP/1.1" 200 57 "/item/garden/4383" "Mozilla/5.0 (iPad; CPU OS 5_0_1 like Mac OS X) AppleWebKit/534.46 (KHTML, like Gecko) Version/5.1 Mobile/9A405 Safari/7534.48.3"
212.66.174.222 - - [17/Nov/2017:15:50:10 +0000] "GET /category/sports HTTP/1.1" 200 72 "/category/software" "Mozilla/5.0 (Windows NT 6.0; rv:10.0.1) Gecko/20100101 Firefox/10.0.1"
100.219.202.52 - - [17/Nov/2017:15:50:15 +0000] "GET /category/electronics HTTP/1.1" 200 90 "-" "Mozilla/4.0 (compatible; MSIE 8.0; Windows NT 6.0; WOW64; Trident/4.0; GTB6; SLCC1; .NET CLR 2.0.50727; Media Center PC 5.0; .NET CLR 3.5.30729; .NET CLR 3.0.30618; .NET4.0C)"
180.186.35.139 - - [17/Nov/2017:15:50:20 +0000] "GET /item/books/939 HTTP/1.1" 200 48 "/item/finance/3226" "Mozilla/5.0 (compatible; Googlebot/2.1; +http://www.google.com/bot.html)"
64.189.132.112 - - [17/Nov/2017:15:50:25 +0000] "GET /item/computers/809 HTTP/1.1" 200 128 "/category/games" "Mozilla/5.0 (Macintosh; Intel Mac OS X 10.6; rv:9.0.1) Gecko/20100101 Firefox/9.0.1"
60.147.125.150 - - [17/Nov/2017:15:50:30 +0000] "POST /search/?c=Office+Computers HTTP/1.1" 200 62 "-" "Mozilla/5.0 (compatible; Googlebot/2.1; +http://www.google.com/bot.html)"
60.123.32.130 - - [17/Nov/2017:15:50:35 +0000] "GET /item/computers/3996 HTTP/1.1" 200 70 "/category/software" "Mozilla/5.0 (Macintosh; Intel Mac OS X 10.6; rv:9.0.1) Gecko/20100101 Firefox/9.0.1"
112.159.47.221 - - [17/Nov/2017:15:50:40 +0000] "GET /item/games/3272 HTTP/1.1" 200 79 "-" "Mozilla/5.0 (Windows NT 6.0; rv:10.0.1) Gecko/20100101 Firefox/10.0.1"
176.180.122.216 - - [17/Nov/2017:15:50:45 +0000] "GET /category/sports HTTP/1.1" 200 72 "/category/electronics" "Mozilla/5.0 (compatible; MSIE 9.0; Windows NT 6.1; WOW64; Trident/5.0)"
56.102.229.220 - - [17/Nov/2017:15:50:50 +0000] "GET /category/software HTTP/1.1" 200 134 "/search/?c=Finance" "Mozilla/4.0 (compatible; MSIE 8.0; Windows NT 6.1; Trident/4.0; YTB730; SLCC2; .NET CLR 2.0.50727; .NET CLR 3.5.30729; .NET CLR 3.0.30729; Media Center PC 6.0; .NET4.0C)"
216.81.116.200 - - [17/Nov/2017:15:50:55 +0000] "POST /search/?c=Office HTTP/1.1" 200 131 "-" "Mozilla/5.0 (Windows NT 6.1; WOW64) AppleWebKit/535.7 (KHTML, like Gecko) Chrome/16.0.912.77 Safari/535.7"
168.183.144.126 - - [17/Nov/2017:15:51:00 +0000] "GET /category/electronics HTTP/1.1" 200 101 "-" "Mozilla/5.0 (compatible; MSIE 9.0; Windows NT 6.1; WOW64; Trident/5.0)"
28.105.55.188 - - [17/Nov/2017:15:51:05 +0000] "GET /item/networking/2266 HTTP/1.1" 404 75 "/category/electronics?from=20" "Mozilla/4.0 (compatible; MSIE 8.0; Windows NT 6.1; WOW64; Trident/4.0; YTB730; GTB7.2; SLCC2; .NET CLR 2.0.50727; .NET CLR 3.5.30729; .NET CLR 3.0.30729; .NET4.0C; .NET4.0E; Media Center PC 6.0)"
76.225.209.116 - - [17/Nov/2017:15:51:10 +0000] "GET /category/office?from=10 HTTP/1.1" 200 88 "/search/?c=Office" "Mozilla/5.0 (Windows NT 6.1; WOW64; rv:10.0.1) Gecko/20100101 Firefox/10.0.1"
208.84.85.126 - - [17/Nov/2017:15:51:15 +0000] "GET /item/office/4637 HTTP/1.1" 200 70 "/item/jewelry/2593" "Mozilla/5.0 (Macintosh; Intel Mac OS X 10.6; rv:9.0.1) Gecko/20100101 Firefox/9.0.1"
116.33.181.169 - - [17/Nov/2017:15:51:20 +0000] "GET /category/music?from=10 HTTP/1.1" 200 101 "/category/music" "Mozilla/4.0 (compatible; MSIE 8.0; Windows NT 5.1; Trident/4.0; YTB720; GTB7.2; .NET CLR 1.1.4322; .NET CLR 2.0.50727; .NET CLR 3.0.4506.2152; .NET CLR 3.5.30729)"
152.114.173.61 - - [17/Nov/2017:15:51:25 +0000] "GET /item/giftcards/2757 HTTP/1.1" 200 50 "/category/jewelry" "Mozilla/4.0 (compatible; MSIE 8.0; Windows NT 5.1; Trident/4.0; YTB720; GTB7.2; .NET CLR 1.1.4322; .NET CLR 2.0.50727; .NET CLR 3.0.4506.2152; .NET CLR 3.5.30729)"
68.72.35.74 - - [17/Nov/2017:15:51:30 +0000] "POST /search/?c=Electronics+Books HTTP/1.1" 200 134 "/category/networking" "Mozilla/5.0 (Windows NT 6.1; WOW64) AppleWebKit/535.7 (KHTML, like Gecko) Chrome/16.0.912.77 Safari/535.7"
20.69.121.129 - - [17/Nov/2017:15:51:35 +0000] "GET /category/cameras HTTP/1.1" 200 97 "-" "Mozilla/4.0 (compatible; MSIE 8.0; Windows NT 6.1; WOW64; Trident/4.0; GTB7.2; SLCC2; .NET CLR 2.0.50727; .NET CLR 3.5.30729; .NET CLR 3.0.30729; Media Center PC 6.0; .NET4.0C)"
92.216.114.137 - - [17/Nov/2017:15:51:40 +0000] "GET /item/computers/4182 HTTP/1.1" 200 50 "-" "Mozilla/5.0 (iPad; CPU OS 5_0_1 like Mac OS X) AppleWebKit/534.46 (KHTML, like Gecko) Version/5.1 Mobile/9A405 Safari/7534.48.3"
156.105.121.202 - - [17/Nov/2017:15:51:45 +0000] "GET /item/sports/933 HTTP/1.1" 200 83 "http://www.google.com/search?ie=UTF-8&q=google&sclient=psy-ab&q=Sports&oq=Sports&aq=f&aqi=g-vL1&aql=&pbx=1&bav=on.2,or.r_gc.r_pw.r_qf.,cf.osb&biw=1733&bih=379" "Mozilla/5.0 (Macintosh; Intel Mac OS X 10.6; rv:9.0.1) Gecko/20100101 Firefox/9.0.1"
212.117.157.59 - - [17/Nov/2017:15:51:50 +0000] "GET /category/office HTTP/1.1" 200 46 "-" "Mozilla/5.0 (Windows NT 6.1; WOW64; rv:10.0.1) Gecko/20100101 Firefox/10.0.1"
132.219.26.113 - - [17/Nov/2017:15:51:55 +0000] "GET /item/finance/3901 HTTP/1.1" 200 107 "/category/software" "Mozilla/4.0 (compatible; MSIE 8.0; Windows NT 6.1; WOW64; Trident/4.0; GTB7.2; SLCC2; .NET CLR 2.0.50727; .NET CLR 3.5.30729; .NET CLR 3.0.30729; Media Center PC 6.0; .NET4.0C)"
220.30.157.208 - - [17/Nov/2017:15:52:00 +0000] "GET /item/cameras/1329 HTTP/1.1" 200 59 "/item/electronics/106" "Mozilla/5.0 (Windows NT 6.1; WOW64) AppleWebKit/535.11 (KHTML, like Gecko) Chrome/17.0.963.56 Safari/535.11"
108.102.68.52 - - [17/Nov/2017:15:52:05 +0000] "GET /category/garden HTTP/1.1" 200 41 "/item/finance/4100" "Mozilla/5.0 (Windows NT 6.0; rv:10.0.1) Gecko/20100101 Firefox/10.0.1"
156.132.137.129 - - [17/Nov/2017:15:52:10 +0000] "GET /category/finance HTTP/1.1" 200 52 "/category/cameras" "Mozilla/4.0 (compatible; MSIE 8.0; Windows NT 6.1; WOW64; Trident/4.0; YTB730; GTB7.2; EasyBits GO v1.0; SLCC2; .NET CLR 2.0.50727; .NET CLR 3.5.30729; .NET CLR 3.0.30729; Media Center PC 6.0; .NET4.0C)"
28.81.112.82 - - [17/Nov/2017:15:52:15 +0000] "GET /category/software HTTP/1.1" 200 123 "/item/electronics/3444" "Mozilla/5.0 (Windows NT 6.0; rv:10.0.1) Gecko/20100101 Firefox/10.0.1"
84.189.117.50 - - [17/Nov/2017:15:52:20 +0000] "GET /item/electronics/2426 HTTP/1.1" 200 91 "/category/cameras" "Mozilla/5.0 (compatible; MSIE 9.0; Windows NT 6.1; WOW64; Trident/5.0)"
160.93.50.158 - - [17/Nov/2017:15:52:25 +0000] "GET /category/games HTTP/1.1" 200 99 "-" "Mozilla/5.0 (compatible; MSIE 9.0; Windows NT 6.1; WOW64; Trident/5.0)"
136.108.176.209 - - [17/Nov/2017:15:52:30 +0000] "GET /category/software HTTP/1.1" 200 72 "-" "Mozilla/5.0 (Windows NT 6.1; WOW64) AppleWebKit/535.11 (KHTML, like Gecko) Chrome/17.0.963.56 Safari/535.11"
100.192.67.188 - - [17/Nov/2017:15:52:35 +0000] "GET /category/computers HTTP/1.1" 200 114 "/category/software" "Mozilla/5.0 (Macintosh; Intel Mac OS X 10.6; rv:9.0.1) Gecko/20100101 Firefox/9.0.1"
228.111.87.205 - - [17/Nov/2017:15:52:40 +0000] "GET /category/cameras HTTP/1.1" 200 55 "/category/software" "Mozilla/5.0 (Macintosh; Intel Mac OS X 10.6; rv:9.0.1) Gecko/20100101 Firefox/9.0.1"
52.153.207.187 - - [17/Nov/2017:15:52:45 +0000] "GET /category/sports HTTP/1.1" 200 49 "-" "Mozilla/5.0 (Windows NT 6.1; WOW64; rv:10.0.1) Gecko/20100101 Firefox/10.0.1"
120.225.200.117 - - [17/Nov/2017:15:52:50 +0000] "GET /item/jewelry/4114 HTTP/1.1" 404 139 "/category/office" "Mozilla/4.0 (compatible; MSIE 8.0; Windows NT 5.1; Trident/4.0; YTB720; GTB7.2; .NET CLR 1.1.4322; .NET CLR 2.0.50727; .NET CLR 3.0.4506.2152; .NET CLR 3.5.30729)"
136.54.219.130 - - [17/Nov/2017:15:52:55 +0000] "GET /item/office/1867 HTTP/1.1" 200 83 "/search/?c=Office+Office" "Mozilla/5.0 (compatible; MSIE 9.0; Windows NT 6.1; Trident/5.0)"
192.54.212.194 - - [17/Nov/2017:15:53:00 +0000] "GET /item/computers/809 HTTP/1.1" 200 128 "-" "Mozilla/5.0 (compatible; MSIE 9.0; Windows NT 6.1; Trident/5.0)"
116.198.83.162 - - [17/Nov/2017:15:53:05 +0000] "GET /item/electronics/2795 HTTP/1.1" 200 52 "/search/?c=Electronics" "Mozilla/5.0 (Windows NT 6.1; WOW64) AppleWebKit/535.11 (KHTML, like Gecko) Chrome/17.0.963.56 Safari/535.11"
220.99.157.29 - - [17/Nov/2017:15:53:10 +0000] "GET /item/electronics/4788 HTTP/1.1" 200 46 "/category/software" "Mozilla/5.0 (Windows NT 6.1; WOW64; rv:10.0.1) Gecko/20100101 Firefox/10.0.1"
156.105.121.202 - - [17/Nov/2017:15:53:15 +0000] "GET /category/electronics HTTP/1.1" 200 90 "-" "Mozilla/5.0 (Windows NT 6.1; WOW64; rv:10.0.1) Gecko/20100101 Firefox/10.0.1"
36.33.116.55 - - [17/Nov/2017:15:53:20 +0000] "GET /category/computers HTTP/1.1" 200 131 "-" "Mozilla/4.0 (compatible; MSIE 8.0; Windows NT 5.1; Trident/4.0; BTRS122159; GTB7.2; .NET CLR 1.1.4322; .NET CLR 2.0.50727; .NET CLR 3.0.04506.30; .NET CLR 3.0.4506.2152; .NET CLR 3.5.30729; BRI/2)"
24.216.171.77 - - [17/Nov/2017:15:53:25 +0000] "POST /search/?c=Electronics HTTP/1.1" 200 73 "-" "Mozilla/4.0 (compatible; MSIE 8.0; Windows NT 6.1; WOW64; Trident/4.0; GTB7.2; SLCC2; .NET CLR 2.0.50727; .NET CLR 3.5.30729; .NET CLR 3.0.30729; Media Center PC 6.0; .NET4.0C)"
20.180.93.217 - - [17/Nov/2017:15:53:30 +0000] "GET /item/electronics/3377 HTTP/1.1" 200 125 "/item/software/2434" "Mozilla/4.0 (compatible; MSIE 8.0; Windows NT 6.1; Trident/4.0; YTB730; SLCC2; .NET CLR 2.0.50727; .NET CLR 3.5.30729; .NET CLR 3.0.30729; Media Center PC 6.0; .NET4.0C)"
32.135.88.43 - - [17/Nov/2017:15:53:35 +0000] "GET /category/electronics HTTP/1.1" 200 72 "-" "Mozilla/4.0 (compatible; MSIE 8.0; Windows NT 5.1; Trident/4.0; YTB720; GTB7.2; .NET CLR 1.1.4322; .NET CLR 2.0.50727; .NET CLR 3.0.4506.2152; .NET CLR 3.5.30729)"
144.201.149.141 - - [17/Nov/2017:15:53:40 +0000] "GET /category/software HTTP/1.1" 200 123 "-" "Mozilla/5.0 (Windows NT 6.0) AppleWebKit/535.11 (KHTML, like Gecko) Chrome/17.0.963.56 Safari/535.11"
60.195.75.126 - - [17/Nov/2017:15:53:45 +0000] "GET /category/software HTTP/1.1" 200 128 "-" "Mozilla/5.0 (Windows NT 6.0) AppleWebKit/535.11 (KHTML, like Gecko) Chrome/17.0.963.56 Safari/535.11"
144.90.208.217 - - [17/Nov/2017:15:53:50 +0000] "GET /item/games/3491 HTTP/1.1" 200 100 "/search/?c=Games" "Mozilla/5.0 (Windows NT 6.0) AppleWebKit/535.11 (KHTML, like Gecko) Chrome/17.0.963.56 Safari/535.11"
188.96.82.146 - - [17/Nov/2017:15:53:55 +0000] "GET /item/networking/2266 HTTP/1.1" 404 75 "/category/electronics" "Mozilla/5.0 (Windows NT 6.0) AppleWebKit/535.11 (KHTML, like Gecko) Chrome/17.0.963.56 Safari/535.11"
168.150.74.102 - - [17/Nov/2017:15:54:00 +0000] "GET /category/jewelry?from=10 HTTP/1.1" 200 106 "/category/books" "Mozilla/5.0 (Windows NT 6.0; rv:10.0.1) Gecko/20100101 Firefox/10.0.1"
132.141.158.51 - - [17/Nov/2017:15:54:05 +0000] "GET /category/music HTTP/1.1" 200 54 "/search/?c=Software" "Mozilla/5.0 (Windows NT 5.1) AppleWebKit/535.11 (KHTML, like Gecko) Chrome/17.0.963.46 Safari/535.11"
84.192.102.111 - - [17/Nov/2017:15:54:10 +0000] "GET /item/electronics/2374 HTTP/1.1" 200 96 "-" "Mozilla/5.0 (compatible; MSIE 9.0; Windows NT 6.1; Trident/5.0)"
84.108.138.186 - - [17/Nov/2017:15:54:15 +0000] "GET /category/software HTTP/1.1" 200 134 "/item/computers/1158" "Mozilla/5.0 (Windows NT 6.0) AppleWebKit/535.11 (KHTML, like Gecko) Chrome/17.0.963.56 Safari/535.11"
60.27.59.177 - - [17/Nov/2017:15:54:20 +0000] "GET /category/finance HTTP/1.1" 200 76 "/category/electronics?from=0" "Mozilla/5.0 (compatible; MSIE 9.0; Windows NT 6.1; Trident/5.0)"
88.48.32.227 - - [17/Nov/2017:15:54:25 +0000] "GET /item/toys/3509 HTTP/1.1" 200 89 "/category/electronics" "Mozilla/5.0 (Macintosh; Intel Mac OS X 10.6; rv:9.0.1) Gecko/20100101 Firefox/9.0.1"
164.63.56.171 - - [17/Nov/2017:15:54:30 +0000] "GET /category/electronics HTTP/1.1" 200 125 "-" "Mozilla/5.0 (Macintosh; Intel Mac OS X 10.6; rv:9.0.1) Gecko/20100101 Firefox/9.0.1"
76.225.209.116 - - [17/Nov/2017:15:54:35 +0000] "GET /category/computers HTTP/1.1" 200 77 "-" "Mozilla/5.0 (Windows NT 6.1; WOW64) AppleWebKit/535.11 (KHTML, like Gecko) Chrome/17.0.963.56 Safari/535.11"
76.39.153.224 - - [17/Nov/2017:15:54:40 +0000] "GET /category/software HTTP/1.1" 200 131 "/category/health?from=0" "Mozilla/4.0 (compatible; MSIE 8.0; Windows NT 6.1; WOW64; Trident/4.0; GTB7.2; SLCC2; .NET CLR 2.0.50727; .NET CLR 3.5.30729; .NET CLR 3.0.30729; Media Center PC 6.0; .NET4.0C)"
44.36.69.119 - - [17/Nov/2017:15:54:45 +0000] "GET /category/sports HTTP/1.1" 200 59 "/category/books" "Mozilla/5.0 (Windows NT 6.1; WOW64; rv:10.0.1) Gecko/20100101 Firefox/10.0.1"
200.78.131.141 - - [17/Nov/2017:15:54:50 +0000] "GET /category/software HTTP/1.1" 200 114 "-" "Mozilla/5.0 (compatible; MSIE 9.0; Windows NT 6.1; WOW64; Trident/5.0)"
188.147.180.205 - - [17/Nov/2017:15:54:55 +0000] "GET /category/games HTTP/1.1" 200 111 "/item/games/1697" "Mozilla/5.0 (compatible; Googlebot/2.1; +http://www.google.com/bot.html)"
68.36.207.172 - - [17/Nov/2017:15:55:00 +0000] "GET /category/electronics HTTP/1.1" 200 113 "-" "Mozilla/5.0 (iPhone; CPU iPhone OS 5_0_1 like Mac OS X) AppleWebKit/534.46 (KHTML, like Gecko) Version/5.1 Mobile/9A405 Safari/7534.48.3"
124.87.214.172 - - [17/Nov/2017:15:55:05 +0000] "GET /item/health/3601 HTTP/1.1" 200 64 "/item/games/2779" "Mozilla/5.0 (Macintosh; Intel Mac OS X 10.6; rv:9.0.1) Gecko/20100101 Firefox/9.0.1"
112.93.23.140 - - [17/Nov/2017:15:55:10 +0000] "GET /category/electronics HTTP/1.1" 200 86 "/category/computers" "Mozilla/5.0 (Windows NT 6.0; rv:10.0.1) Gecko/20100101 Firefox/10.0.1"
92.36.35.38 - - [17/Nov/2017:15:55:15 +0000] "GET /category/electronics HTTP/1.1" 200 68 "-" "Mozilla/4.0 (compatible; MSIE 8.0; Windows NT 6.1; WOW64; Trident/4.0; GTB7.2; SLCC2; .NET CLR 2.0.50727; .NET CLR 3.5.30729; .NET CLR 3.0.30729; Media Center PC 6.0; .NET4.0C)"
160.207.59.34 - - [17/Nov/2017:15:55:20 +0000] "GET /category/office HTTP/1.1" 200 58 "-" "Mozilla/4.0 (compatible; MSIE 8.0; Windows NT 5.1; Trident/4.0; YTB720; GTB7.2; .NET CLR 1.1.4322; .NET CLR 2.0.50727; .NET CLR 3.0.4506.2152; .NET CLR 3.5.30729)"
68.117.130.229 - - [17/Nov/2017:15:55:25 +0000] "GET /item/networking/4706 HTTP/1.1" 200 61 "/category/health" "Mozilla/5.0 (Windows NT 5.1) AppleWebKit/535.11 (KHTML, like Gecko) Chrome/17.0.963.46 Safari/535.11"
192.213.228.212 - - [17/Nov/2017:15:55:30 +0000] "GET /category/giftcards HTTP/1.1" 200 117 "/category/software" "Mozilla/5.0 (Windows NT 6.0) AppleWebKit/535.11 (KHTML, like Gecko) Chrome/17.0.963.56 Safari/535.11"
56.222.168.46 - - [17/Nov/2017:15:55:35 +0000] "GET /item/books/4078 HTTP/1.1" 200 74 "/search/?c=Electronics+Software" "Mozilla/5.0 (Windows NT 6.1; WOW64) AppleWebKit/535.11 (KHTML, like Gecko) Chrome/17.0.963.56 Safari/535.11"
64.24.130.157 - - [17/Nov/2017:15:55:40 +0000] "GET /category/sports HTTP/1.1" 200 48 "-" "Mozilla/4.0 (compatible; MSIE 8.0; Windows NT 6.1; WOW64; Trident/4.0; YTB730; GTB7.2; EasyBits GO v1.0; SLCC2; .NET CLR 2.0.50727; .NET CLR 3.5.30729; .NET CLR 3.0.30729; Media Center PC 6.0; .NET4.0C)"
184.186.89.120 - - [17/Nov/2017:15:55:45 +0000] "POST /search/?c=Music+Giftcards HTTP/1.1" 200 113 "/item/networking/4421" "Mozilla/5.0 (compatible; Googlebot/2.1; +http://www.google.com/bot.html)"
88.120.125.141 - - [17/Nov/2017:15:55:50 +0000] "GET /category/games HTTP/1.1" 200 42 "-" "Mozilla/5.0 (Windows NT 6.0; rv:10.0.1) Gecko/20100101 Firefox/10.0.1"
224.117.61.161 - - [17/Nov/2017:15:55:55 +0000] "GET /category/games HTTP/1.1" 200 91 "-" "Mozilla/5.0 (Windows NT 6.1; WOW64) AppleWebKit/535.11 (KHTML, like Gecko) Chrome/17.0.963.56 Safari/535.11"
212.84.86.22 - - [17/Nov/2017:15:56:00 +0000] "GET /category/garden HTTP/1.1" 200 117 "/category/sports?from=0" "Mozilla/4.0 (compatible; MSIE 8.0; Windows NT 6.1; WOW64; Trident/4.0; YTB730; GTB7.2; SLCC2; .NET CLR 2.0.50727; .NET CLR 3.5.30729; .NET CLR 3.0.30729; .NET4.0C; .NET4.0E; Media Center PC 6.0)"
84.162.134.68 - - [17/Nov/2017:15:56:05 +0000] "GET /item/jewelry/1981 HTTP/1.1" 200 89 "http://www.google.com/search?ie=UTF-8&q=google&sclient=psy-ab&q=Jewelry&oq=Jewelry&aq=f&aqi=g-vL1&aql=&pbx=1&bav=on.2,or.r_gc.r_pw.r_qf.,cf.osb&biw=111&bih=29" "Mozilla/5.0 (compatible; MSIE 9.0; Windows NT 6.1; Trident/5.0)"
152.87.163.219 - - [17/Nov/2017:15:56:10 +0000] "GET /category/finance?from=20 HTTP/1.1" 200 116 "/category/cameras" "Mozilla/5.0 (Windows NT 6.0) AppleWebKit/535.11 (KHTML, like Gecko) Chrome/17.0.963.56 Safari/535.11"
176.171.208.90 - - [17/Nov/2017:15:56:15 +0000] "GET /item/electronics/3972 HTTP/1.1" 200 114 "/item/electronics/861" "Mozilla/5.0 (compatible; Googlebot/2.1; +http://www.google.com/bot.html)"
56.24.57.163 - - [17/Nov/2017:15:56:20 +0000] "GET /category/software HTTP/1.1" 200 116 "-" "Mozilla/4.0 (compatible; MSIE 8.0; Windows NT 6.1; WOW64; Trident/4.0; YTB730; GTB7.2; EasyBits GO v1.0; SLCC2; .NET CLR 2.0.50727; .NET CLR 3.5.30729; .NET CLR 3.0.30729; Media Center PC 6.0; .NET4.0C)"
208.150.171.60 - - [17/Nov/2017:15:56:25 +0000] "GET /item/books/757 HTTP/1.1" 200 90 "/search/?c=Books" "Mozilla/5.0 (Windows NT 6.0; rv:10.0.1) Gecko/20100101 Firefox/10.0.1"
92.144.202.140 - - [17/Nov/2017:15:56:30 +0000] "GET /category/health HTTP/1.1" 200 104 "/item/finance/4175" "Mozilla/4.0 (compatible; MSIE 8.0; Windows NT 5.1; Trident/4.0; BTRS122159; GTB7.2; .NET CLR 1.1.4322; .NET CLR 2.0.50727; .NET CLR 3.0.04506.30; .NET CLR 3.0.4506.2152; .NET CLR 3.5.30729; BRI/2)"
108.144.39.52 - - [17/Nov/2017:15:56:35 +0000] "GET /item/electronics/1678 HTTP/1.1" 200 108 "-" "Mozilla/5.0 (Macintosh; Intel Mac OS X 10.6; rv:9.0.1) Gecko/20100101 Firefox/9.0.1"
196.69.125.183 - - [17/Nov/2017:15:56:40 +0000] "GET /item/networking/3979 HTTP/1.1" 200 66 "/search/?c=Cameras+Office" "Mozilla/5.0 (Windows NT 6.0; rv:10.0.1) Gecko/20100101 Firefox/10.0.1"
176.30.78.65 - - [17/Nov/2017:15:56:45 +0000] "GET /category/office HTTP/1.1" 200 53 "-" "Mozilla/5.0 (compatible; MSIE 9.0; Windows NT 6.1; WOW64; Trident/5.0)"
216.84.184.134 - - [17/Nov/2017:15:56:50 +0000] "GET /item/software/3961 HTTP/1.1" 200 86 "-" "Mozilla/5.0 (Windows NT 6.0; rv:10.0.1) Gecko/20100101 Firefox/10.0.1"
80.75.100.166 - - [17/Nov/2017:15:56:55 +0000] "GET /category/software HTTP/1.1" 200 42 "-" "Mozilla/5.0 (Macintosh; Intel Mac OS X 10.6; rv:9.0.1) Gecko/20100101 Firefox/9.0.1"
212.45.141.113 - - [17/Nov/2017:15:57:00 +0000] "GET /category/cameras?from=0 HTTP/1.1" 200 139 "/search/?c=Cameras" "Mozilla/5.0 (Macintosh; Intel Mac OS X 10.6; rv:9.0.1) Gecko/20100101 Firefox/9.0.1"
180.54.65.44 - - [17/Nov/2017:15:57:05 +0000] "GET /item/electronics/4416 HTTP/1.1" 200 94 "/category/sports?from=10" "Mozilla/5.0 (Windows NT 6.1; WOW64) AppleWebKit/535.11 (KHTML, like Gecko) Chrome/17.0.963.56 Safari/535.11"
204.213.121.181 - - [17/Nov/2017:15:57:10 +0000] "GET /item/computers/1693 HTTP/1.1" 200 110 "/category/computers" "Mozilla/5.0 (iPhone; CPU iPhone OS 5_0_1 like Mac OS X) AppleWebKit/534.46 (KHTML, like Gecko) Version/5.1 Mobile/9A405 Safari/7534.48.3"
124.108.42.189 - - [17/Nov/2017:15:57:15 +0000] "GET /category/giftcards HTTP/1.1" 200 93 "http://www.google.com/search?ie=UTF-8&q=google&sclient=psy-ab&q=Giftcards+Games&oq=Giftcards+Games&aq=f&aqi=g-vL1&aql=&pbx=1&bav=on.2,or.r_gc.r_pw.r_qf.,cf.osb&biw=685&bih=20" "Mozilla/5.0 (Windows NT 6.0; rv:10.0.1) Gecko/20100101 Firefox/10.0.1"
224.207.157.219 - - [17/Nov/2017:15:57:20 +0000] "GET /item/electronics/4642 HTTP/1.1" 200 65 "-" "Mozilla/5.0 (Windows NT 6.0; rv:10.0.1) Gecko/20100101 Firefox/10.0.1"
76.126.75.166 - - [17/Nov/2017:15:57:25 +0000] "GET /item/giftcards/4757 HTTP/1.1" 200 102 "/search/?c=Giftcards" "Mozilla/5.0 (Windows NT 6.0) AppleWebKit/535.11 (KHTML, like Gecko) Chrome/17.0.963.56 Safari/535.11"
148.189.181.127 - - [17/Nov/2017:15:57:30 +0000] "GET /category/health?from=10 HTTP/1.1" 200 124 "/search/?c=Health+Games" "Mozilla/4.0 (compatible; MSIE 8.0; Windows NT 5.1; Trident/4.0; YTB720; GTB7.2; .NET CLR 1.1.4322; .NET CLR 2.0.50727; .NET CLR 3.0.4506.2152; .NET CLR 3.5.30729)"
112.159.38.190 - - [17/Nov/2017:15:57:35 +0000] "GET /category/garden HTTP/1.1" 200 47 "/category/books" "Mozilla/5.0 (Windows NT 6.1; WOW64; rv:10.0.1) Gecko/20100101 Firefox/10.0.1"
92.180.180.225 - - [17/Nov/2017:15:57:40 +0000] "GET /category/computers HTTP/1.1" 200 103 "-" "Mozilla/5.0 (Macintosh; Intel Mac OS X 10.6; rv:9.0.1) Gecko/20100101 Firefox/9.0.1"
148.63.165.61 - - [17/Nov/2017:15:57:45 +0000] "GET /category/books?from=20 HTTP/1.1" 200 88 "/category/garden" "Mozilla/4.0 (compatible; MSIE 8.0; Windows NT 6.0; WOW64; Trident/4.0; GTB6; SLCC1; .NET CLR 2.0.50727; Media Center PC 5.0; .NET CLR 3.5.30729; .NET CLR 3.0.30618; .NET4.0C)"
56.24.57.163 - - [17/Nov/2017:15:57:50 +0000] "GET /category/jewelry HTTP/1.1" 200 77 "/category/networking?from=10" "Mozilla/5.0 (Windows NT 6.0) AppleWebKit/535.11 (KHTML, like Gecko) Chrome/17.0.963.56 Safari/535.11"
68.195.70.77 - - [17/Nov/2017:15:57:55 +0000] "GET /item/software/4657 HTTP/1.1" 200 136 "/category/networking" "Mozilla/5.0 (compatible; MSIE 9.0; Windows NT 6.1; WOW64; Trident/5.0)"
212.186.212.20 - - [17/Nov/2017:15:58:00 +0000] "GET /category/cameras HTTP/1.1" 200 132 "-" "Mozilla/4.0 (compatible; MSIE 8.0; Windows NT 5.1; Trident/4.0; YTB720; GTB7.2; .NET CLR 1.1.4322; .NET CLR 2.0.50727; .NET CLR 3.0.4506.2152; .NET CLR 3.5.30729)"
192.21.211.81 - - [17/Nov/2017:15:58:05 +0000] "GET /category/electronics HTTP/1.1" 200 78 "-" "Mozilla/5.0 (iPad; CPU OS 5_0_1 like Mac OS X) AppleWebKit/534.46 (KHTML, like Gecko) Version/5.1 Mobile/9A405 Safari/7534.48.3"
196.57.59.219 - - [17/Nov/2017:15:58:10 +0000] "GET /category/software HTTP/1.1" 200 83 "/item/jewelry/2593" "Mozilla/4.0 (compatible; MSIE 8.0; Windows NT 5.1; Trident/4.0; BTRS122159; GTB7.2; .NET CLR 1.1.4322; .NET CLR 2.0.50727; .NET CLR 3.0.04506.30; .NET CLR 3.0.4506.2152; .NET CLR 3.5.30729; BRI/2)"
20.132.185.140 - - [17/Nov/2017:15:58:15 +0000] "GET /category/software HTTP/1.1" 200 126 "/search/?c=Software+Electronics" "Mozilla/4.0 (compatible; MSIE 8.0; Windows NT 6.1; WOW64; Trident/4.0; YTB730; GTB7.2; SLCC2; .NET CLR 2.0.50727; .NET CLR 3.5.30729; .NET CLR 3.0.30729; .NET4.0C; .NET4.0E; Media Center PC 6.0)"
140.120.88.217 - - [17/Nov/2017:15:58:20 +0000] "GET /category/books HTTP/1.1" 200 67 "-" "Mozilla/5.0 (Windows NT 6.1; WOW64; rv:10.0.1) Gecko/20100101 Firefox/10.0.1"
72.156.195.112 - - [17/Nov/2017:15:58:25 +0000] "GET /item/electronics/4248 HTTP/1.1" 200 48 "/category/electronics" "Mozilla/4.0 (compatible; MSIE 8.0; Windows NT 6.1; WOW64; Trident/4.0; GTB7.2; SLCC2; .NET CLR 2.0.50727; .NET CLR 3.5.30729; .NET CLR 3.0.30729; Media Center PC 6.0; .NET4.0C)"
212.174.138.139 - - [17/Nov/2017:15:58:30 +0000] "GET /item/electronics/4251 HTTP/1.1" 200 139 "/search/?c=Electronics+Books" "Mozilla/5.0 (Macintosh; Intel Mac OS X 10.6; rv:9.0.1) Gecko/20100101 Firefox/9.0.1"
44.36.71.120 - - [17/Nov/2017:15:58:35 +0000] "GET /item/electronics/287 HTTP/1.1" 200 50 "-" "Mozilla/5.0 (Macintosh; Intel Mac OS X 10.6; rv:9.0.1) Gecko/20100101 Firefox/9.0.1"
72.138.35.193 - - [17/Nov/2017:15:58:40 +0000] "GET /item/giftcards/4757 HTTP/1.1" 200 102 "/search/?c=Giftcards" "Mozilla/5.0 (Macintosh; Intel Mac OS X 10.6; rv:9.0.1) Gecko/20100101 Firefox/9.0.1"
180.186.35.139 - - [17/Nov/2017:15:58:45 +0000] "POST /search/?c=Electronics+Sports HTTP/1.1" 200 139 "/category/toys" "Mozilla/5.0 (compatible; Googlebot/2.1; +http://www.google.com/bot.html)"
164.213.39.153 - - [17/Nov/2017:15:58:50 +0000] "GET /category/computers?from=20 HTTP/1.1" 200 52 "-" "Mozilla/5.0 (Windows NT 6.0) AppleWebKit/535.11 (KHTML, like Gecko) Chrome/17.0.963.56 Safari/535.11"
152.66.214.200 - - [17/Nov/2017:15:58:55 +0000] "POST /search/?c=Cameras+Finance HTTP/1.1" 200 49 "-" "Mozilla/5.0 (Macintosh; Intel Mac OS X 10.6; rv:9.0.1) Gecko/20100101 Firefox/9.0.1"
28.45.145.192 - - [17/Nov/2017:15:59:00 +0000] "GET /category/cameras HTTP/1.1" 200 53 "/item/finance/1295" "Mozilla/5.0 (iPad; CPU OS 5_0_1 like Mac OS X) AppleWebKit/534.46 (KHTML, like Gecko) Version/5.1 Mobile/9A405 Safari/7534.48.3"
80.198.63.143 - - [17/Nov/2017:15:59:05 +0000] "POST /search/?c=Music HTTP/1.1" 200 44 "/category/games?from=20" "Mozilla/5.0 (compatible; Googlebot/2.1; +http://www.google.com/bot.html)"
84.126.82.184 - - [17/Nov/2017:15:59:10 +0000] "GET /category/books HTTP/1.1" 200 74 "-" "Mozilla/5.0 (Macintosh; Intel Mac OS X 10.6; rv:9.0.1) Gecko/20100101 Firefox/9.0.1"
184.186.89.120 - - [17/Nov/2017:15:59:15 +0000] "GET /item/games/1021 HTTP/1.1" 200 124 "/item/giftcards/119" "Mozilla/5.0 (iPhone; CPU iPhone OS 5_0_1 like Mac OS X) AppleWebKit/534.46 (KHTML, like Gecko) Version/5.1 Mobile/9A405 Safari/7534.48.3"
204.219.223.54 - - [17/Nov/2017:15:59:20 +0000] "GET /category/music HTTP/1.1" 200 138 "/category/sports" "Mozilla/5.0 (Macintosh; Intel Mac OS X 10.6; rv:9.0.1) Gecko/20100101 Firefox/9.0.1"
212.117.157.59 - - [17/Nov/2017:15:59:25 +0000] "GET /category/finance HTTP/1.1" 200 122 "/category/electronics" "Mozilla/5.0 (Windows NT 6.1; WOW64; rv:10.0.1) Gecko/20100101 Firefox/10.0.1"
72.216.215.73 - - [17/Nov/2017:15:59:30 +0000] "GET /item/electronics/106 HTTP/1.1" 200 50 "/category/software" "Mozilla/5.0 (iPad; CPU OS 5_0_1 like Mac OS X) AppleWebKit/534.46 (KHTML, like Gecko) Version/5.1 Mobile/9A405 Safari/7534.48.3"
52.216.117.160 - - [17/Nov/2017:15:59:35 +0000] "POST /search/?c=Software+Garden HTTP/1.1" 200 98 "-" "Mozilla/5.0 (Windows NT 6.0) AppleWebKit/535.11 (KHTML, like Gecko) Chrome/17.0.963.56 Safari/535.11"
104.189.169.48 - - [17/Nov/2017:15:59:40 +0000] "GET /category/software HTTP/1.1" 200 48 "-" "Mozilla/4.0 (compatible; MSIE 8.0; Windows NT 6.1; WOW64; Trident/4.0; YTB730; GTB7.2; EasyBits GO v1.0; SLCC2; .NET CLR 2.0.50727; .NET CLR 3.5.30729; .NET CLR 3.0.30729; Media Center PC 6.0; .NET4.0C)"
52.189.168.94 - - [17/Nov/2017:15:59:45 +0000] "GET /item/electronics/681 HTTP/1.1" 200 64 "/category/games" "Mozilla/5.0 (Macintosh; Intel Mac OS X 10.6; rv:9.0.1) Gecko/20100101 Firefox/9.0.1"
52.132.50.197 - - [17/Nov/2017:15:59:50 +0000] "GET /category/electronics HTTP/1.1" 200 104 "-" "Mozilla/5.0 (compatible; MSIE 9.0; Windows NT 6.1; WOW64; Trident/5.0)"
96.159.160.163 - - [17/Nov/2017:15:59:55 +0000] "GET /category/cameras?from=20 HTTP/1.1" 200 99 "-" "Mozilla/5.0 (Windows NT 6.1; WOW64; rv:10.0.1) Gecko/20100101 Firefox/10.0.1"
148.126.188.205 - - [17/Nov/2017:16:00:00 +0000] "GET /item/networking/67 HTTP/1.1" 200 52 "-" "Mozilla/5.0 (Windows NT 6.0; rv:10.0.1) Gecko/20100101 Firefox/10.0.1"
152.129.164.95 - - [17/Nov/2017:16:00:05 +0000] "GET /category/cameras HTTP/1.1" 200 106 "/category/electronics" "Mozilla/5.0 (compatible; MSIE 9.0; Windows NT 6.1; Trident/5.0)"
208.171.196.220 - - [17/Nov/2017:16:00:10 +0000] "GET /category/games HTTP/1.1" 200 104 "-" "Mozilla/4.0 (compatible; MSIE 8.0; Windows NT 5.1; Trident/4.0; YTB720; GTB7.2; .NET CLR 1.1.4322; .NET CLR 2.0.50727; .NET CLR 3.0.4506.2152; .NET CLR 3.5.30729)"
108.159.46.114 - - [17/Nov/2017:16:00:15 +0000] "GET /category/cameras HTTP/1.1" 200 117 "-" "Mozilla/5.0 (Windows NT 6.1; WOW64) AppleWebKit/535.11 (KHTML, like Gecko) Chrome/17.0.963.56 Safari/535.11"
216.111.41.52 - - [17/Nov/2017:16:00:20 +0000] "GET /item/office/964 HTTP/1.1" 200 56 "/search/?c=Office" "Mozilla/5.0 (Windows NT 6.1; WOW64; rv:10.0.1) Gecko/20100101 Firefox/10.0.1"
188.69.32.39 - - [17/Nov/2017:16:00:25 +0000] "GET /category/garden HTTP/1.1" 200 78 "/item/networking/3831" "Mozilla/5.0 (iPhone; CPU iPhone OS 5_0_1 like Mac OS X) AppleWebKit/534.46 (KHTML, like Gecko) Version/5.1 Mobile/9A405 Safari/7534.48.3"
60.192.196.122 - - [17/Nov/2017:16:00:30 +0000] "GET /category/office HTTP/1.1" 200 109 "/category/health" "Mozilla/5.0 (iPhone; CPU iPhone OS 5_0_1 like Mac OS X) AppleWebKit/534.46 (KHTML, like Gecko) Version/5.1 Mobile/9A405 Safari/7534.48.3"
76.39.153.224 - - [17/Nov/2017:16:00:35 +0000] "GET /category/books HTTP/1.1" 200 78 "/category/electronics" "Mozilla/4.0 (compatible; MSIE 8.0; Windows NT 6.0; WOW64; Trident/4.0; GTB6; SLCC1; .NET CLR 2.0.50727; Media Center PC 5.0; .NET CLR 3.5.30729; .NET CLR 3.0.30618; .NET4.0C)"
192.54.212.194 - - [17/Nov/2017:16:00:40 +0000] "POST /search/?c=Electronics HTTP/1.1" 200 69 "/category/electronics" "Mozilla/5.0 (compatible; MSIE 9.0; Windows NT 6.1; WOW64; Trident/5.0)"
176.177.94.159 - - [17/Nov/2017:16:00:45 +0000] "GET /item/health/3590 HTTP/1.1" 200 95 "/search/?c=Health+Software" "Mozilla/5.0 (Windows NT 6.1; WOW64) AppleWebKit/535.7 (KHTML, like Gecko) Chrome/16.0.912.77 Safari/535.7"
68.207.95.201 - - [17/Nov/2017:16:00:50 +0000] "GET /category/electronics HTTP/1.1" 200 115 "/item/sports/933" "Mozilla/4.0 (compatible; MSIE 8.0; Windows NT 6.1; WOW64; Trident/4.0; YTB730; GTB7.2; SLCC2; .NET CLR 2.0.50727; .NET CLR 3.5.30729; .NET CLR 3.0.30729; .NET4.0C; .NET4.0E; Media Center PC 6.0)"
212.204.212.109 - - [17/Nov/2017:16:00:55 +0000] "GET /item/cameras/3403 HTTP/1.1" 200 108 "/category/office" "Mozilla/5.0 (compatible; MSIE 9.0; Windows NT 6.1; WOW64; Trident/5.0)"
132.219.26.113 - - [17/Nov/2017:16:01:00 +0000] "GET /category/software HTTP/1.1" 200 85 "-" "Mozilla/5.0 (Windows NT 5.1) AppleWebKit/535.11 (KHTML, like Gecko) Chrome/17.0.963.46 Safari/535.11"
28.27.177.180 - - [17/Nov/2017:16:01:05 +0000] "GET /item/books/2649 HTTP/1.1" 200 60 "-" "Mozilla/5.0 (compatible; MSIE 9.0; Windows NT 6.1; WOW64; Trident/5.0)"
52.153.118.131 - - [17/Nov/2017:16:01:10 +0000] "GET /category/electronics HTTP/1.1" 200 42 "/category/toys" "Mozilla/5.0 (compatible; Googlebot/2.1; +http://www.google.com/bot.html)"
204.186.37.92 - - [17/Nov/2017:16:01:15 +0000] "GET /item/games/2694 HTTP/1.1" 200 90 "/category/cameras" "Mozilla/5.0 (Windows NT 6.0) AppleWebKit/535.11 (KHTML, like Gecko) Chrome/17.0.963.56 Safari/535.11"
76.132.177.175 - - [17/Nov/2017:16:01:20 +0000] "GET /category/electronics HTTP/1.1" 200 97 "/category/software" "Mozilla/5.0 (Windows NT 6.0) AppleWebKit/535.11 (KHTML, like Gecko) Chrome/17.0.963.56 Safari/535.11"
84.192.102.111 - - [17/Nov/2017:16:01:25 +0000] "GET /category/music HTTP/1.1" 200 138 "-" "Mozilla/5.0 (compatible; MSIE 9.0; Windows NT 6.1; Trident/5.0)"
188.147.180.205 - - [17/Nov/2017:16:01:30 +0000] "GET /category/software HTTP/1.1" 200 51 "-" "Mozilla/5.0 (compatible; MSIE 9.0; Windows NT 6.1; WOW64; Trident/5.0)"
92.99.34.90 - - [17/Nov/2017:16:01:35 +0000] "GET /category/software HTTP/1.1" 200 118 "/item/computers/512" "Mozilla/5.0 (Windows NT 6.1; WOW64; rv:10.0.1) Gecko/20100101 Firefox/10.0.1"
132.171.86.44 - - [17/Nov/2017:16:01:40 +0000] "GET /category/office?from=0 HTTP/1.1" 200 50 "-" "Mozilla/5.0 (Windows NT 6.0; rv:10.0.1) Gecko/20100101 Firefox/10.0.1"
28.63.225.191 - - [17/Nov/2017:16:01:45 +0000] "GET /item/games/2746 HTTP/1.1" 200 135 "/item/jewelry/2593" "Mozilla/5.0 (Windows NT 6.1; WOW64) AppleWebKit/535.7 (KHTML, like Gecko) Chrome/16.0.912.77 Safari/535.7"
168.159.154.110 - - [17/Nov/2017:16:01:50 +0000] "GET /category/networking HTTP/1.1" 200 65 "-" "Mozilla/5.0 (compatible; MSIE 9.0; Windows NT 6.1; Trident/5.0)"
196.216.154.206 - - [17/Nov/2017:16:01:55 +0000] "GET /category/books HTTP/1.1" 200 106 "/item/electronics/950" "Mozilla/4.0 (compatible; MSIE 8.0; Windows NT 6.1; WOW64; Trident/4.0; YTB730; GTB7.2; EasyBits GO v1.0; SLCC2; .NET CLR 2.0.50727; .NET CLR 3.5.30729; .NET CLR 3.0.30729; Media Center PC 6.0; .NET4.0C)"
48.54.101.46 - - [17/Nov/2017:16:02:00 +0000] "GET /category/books HTTP/1.1" 200 78 "-" "Mozilla/5.0 (Macintosh; Intel Mac OS X 10.6; rv:9.0.1) Gecko/20100101 Firefox/9.0.1"
156.105.121.202 - - [17/Nov/2017:16:02:05 +0000] "GET /category/electronics HTTP/1.1" 200 107 "-" "Mozilla/5.0 (Macintosh; Intel Mac OS X 10.6; rv:9.0.1) Gecko/20100101 Firefox/9.0.1"
72.96.123.40 - - [17/Nov/2017:16:02:10 +0000] "GET /category/toys HTTP/1.1" 200 41 "-" "Mozilla/5.0 (Windows NT 6.1; WOW64) AppleWebKit/535.11 (KHTML, like Gecko) Chrome/17.0.963.56 Safari/535.11"
68.36.207.172 - - [17/Nov/2017:16:02:15 +0000] "GET /category/health HTTP/1.1" 200 132 "-" "Mozilla/4.0 (compatible; MSIE 8.0; Windows NT 6.1; WOW64; Trident/4.0; YTB730; GTB7.2; EasyBits GO v1.0; SLCC2; .NET CLR 2.0.50727; .NET CLR 3.5.30729; .NET CLR 3.0.30729; Media Center PC 6.0; .NET4.0C)"
164.135.96.20 - - [17/Nov/2017:16:02:20 +0000] "GET /category/books HTTP/1.1" 200 136 "-" "Mozilla/5.0 (Windows NT 6.1; WOW64) AppleWebKit/535.11 (KHTML, like Gecko) Chrome/17.0.963.56 Safari/535.11"
76.39.153.224 - - [17/Nov/2017:16:02:25 +0000] "GET /item/health/4301 HTTP/1.1" 200 104 "-" "Mozilla/5.0 (compatible; MSIE 9.0; Windows NT 6.1; Trident/5.0)"
208.180.46.35 - - [17/Nov/2017:16:02:30 +0000] "GET /category/electronics HTTP/1.1" 200 43 "/item/networking/4706" "Mozilla/5.0 (compatible; MSIE 9.0; Windows NT 6.1; Trident/5.0)"
156.129.86.124 - - [17/Nov/2017:16:02:35 +0000] "GET /category/health HTTP/1.1" 200 127 "/category/software" "Mozilla/4.0 (compatible; MSIE 8.0; Windows NT 5.1; Trident/4.0; YTB720; GTB7.2; .NET CLR 1.1.4322; .NET CLR 2.0.50727; .NET CLR 3.0.4506.2152; .NET CLR 3.5.30729)"
196.78.91.172 - - [17/Nov/2017:16:02:40 +0000] "GET /category/electronics HTTP/1.1" 200 75 "-" "Mozilla/4.0 (compatible; MSIE 8.0; Windows NT 5.1; Trident/4.0; YTB720; GTB7.2; .NET CLR 1.1.4322; .NET CLR 2.0.50727; .NET CLR 3.0.4506.2152; .NET CLR 3.5.30729)"
140.33.212.195 - - [17/Nov/2017:16:02:45 +0000] "GET /category/software HTTP/1.1" 200 64 "/item/computers/4707" "Mozilla/5.0 (Windows NT 6.0) AppleWebKit/535.11 (KHTML, like Gecko) Chrome/17.0.963.56 Safari/535.11"
124.210.121.29 - - [17/Nov/2017:16:02:50 +0000] "GET /category/software HTTP/1.1" 200 45 "-" "Mozilla/5.0 (compatible; MSIE 9.0; Windows NT 6.1; Trident/5.0)"
52.153.207.187 - - [17/Nov/2017:16:02:55 +0000] "GET /category/electronics HTTP/1.1" 200 62 "-" "Mozilla/5.0 (Windows NT 6.1; WOW64; rv:10.0.1) Gecko/20100101 Firefox/10.0.1"
92.141.177.68 - - [17/Nov/2017:16:03:00 +0000] "GET /category/software HTTP/1.1" 200 81 "-" "Mozilla/4.0 (compatible; MSIE 8.0; Windows NT 5.1; Trident/4.0; YTB720; GTB7.2; .NET CLR 1.1.4322; .NET CLR 2.0.50727; .NET CLR 3.0.4506.2152; .NET CLR 3.5.30729)"
48.120.174.143 - - [17/Nov/2017:16:03:05 +0000] "GET /item/giftcards/2452 HTTP/1.1" 200 53 "-" "Mozilla/5.0 (Macintosh; Intel Mac OS X 10.6; rv:9.0.1) Gecko/20100101 Firefox/9.0.1"
152.90.227.164 - - [17/Nov/2017:16:03:10 +0000] "GET /category/electronics HTTP/1.1" 200 88 "/item/electronics/4270" "Mozilla/5.0 (Windows NT 6.1; WOW64) AppleWebKit/535.7 (KHTML, like Gecko) Chrome/16.0.912.77 Safari/535.7"
220.153.74.79 - - [17/Nov/2017:16:03:15 +0000] "GET /item/electronics/3298 HTTP/1.1" 200 93 "/search/?c=Electronics" "Mozilla/4.0 (compatible; MSIE 8.0; Windows NT 6.1; WOW64; Trident/4.0; YTB730; GTB7.2; SLCC2; .NET CLR 2.0.50727; .NET CLR 3.5.30729; .NET CLR 3.0.30729; .NET4.0C; .NET4.0E; Media Center PC 6.0)"
112.84.123.124 - - [17/Nov/2017:16:03:20 +0000] "GET /category/games HTTP/1.1" 200 101 "-" "Mozilla/5.0 (Windows NT 6.1; WOW64; rv:10.0.1) Gecko/20100101 Firefox/10.0.1"
228.165.180.112 - - [17/Nov/2017:16:03:25 +0000] "GET /item/games/2694 HTTP/1.1" 200 90 "http://www.google.com/search?ie=UTF-8&q=google&sclient=psy-ab&q=Games&oq=Games&aq=f&aqi=g-vL1&aql=&pbx=1&bav=on.2,or.r_gc.r_pw.r_qf.,cf.osb&biw=316&bih=378" "Mozilla/5.0 (Windows NT 6.1; WOW64) AppleWebKit/535.7 (KHTML, like Gecko) Chrome/16.0.912.77 Safari/535.7"
56.120.188.55 - - [17/Nov/2017:16:03:30 +0000] "GET /category/giftcards HTTP/1.1" 200 120 "/category/games" "Mozilla/5.0 (compatible; MSIE 9.0; Windows NT 6.1; Trident/5.0)"
52.147.207.228 - - [17/Nov/2017:16:03:35 +0000] "GET /category/jewelry HTTP/1.1" 200 48 "/category/electronics" "Mozilla/5.0 (compatible; Googlebot/2.1; +http://www.google.com/bot.html)"
36.180.97.199 - - [17/Nov/2017:16:03:40 +0000] "POST /search/?c=Software HTTP/1.1" 200 61 "/category/games" "Mozilla/5.0 (Windows NT 6.0) AppleWebKit/535.11 (KHTML, like Gecko) Chrome/17.0.963.56 Safari/535.11"
60.123.150.225 - - [17/Nov/2017:16:03:45 +0000] "GET /category/cameras?from=20 HTTP/1.1" 200 133 "/category/games" "Mozilla/4.0 (compatible; MSIE 8.0; Windows NT 5.1; Trident/4.0; BTRS122159; GTB7.2; .NET CLR 1.1.4322; .NET CLR 2.0.50727; .NET CLR 3.0.04506.30; .NET CLR 3.0.4506.2152; .NET CLR 3.5.30729; BRI/2)"
136.54.219.130 - - [17/Nov/2017:16:03:50 +0000] "GET /category/finance HTTP/1.1" 200 68 "/category/computers" "Mozilla/5.0 (compatible; MSIE 9.0; Windows NT 6.1; Trident/5.0)"
140.27.162.195 - - [17/Nov/2017:16:03:55 +0000] "GET /category/software HTTP/1.1" 200 65 "/search/?c=Software+Computers" "Mozilla/5.0 (Macintosh; Intel Mac OS X 10.6; rv:9.0.1) Gecko/20100101 Firefox/9.0.1"
124.48.209.187 - - [17/Nov/2017:16:04:00 +0000] "GET /category/electronics?from=20 HTTP/1.1" 200 88 "/category/sports" "Mozilla/5.0 (Windows NT 6.1; WOW64) AppleWebKit/535.11 (KHTML, like Gecko) Chrome/17.0.963.56 Safari/535.11"
108.159.46.114 - - [17/Nov/2017:16:04:05 +0000] "POST /search/?c=Games+Office HTTP/1.1" 200 72 "/category/office" "Mozilla/5.0 (Windows NT 5.1) AppleWebKit/535.11 (KHTML, like Gecko) Chrome/17.0.963.46 Safari/535.11"
180.96.213.98 - - [17/Nov/2017:16:04:10 +0000] "GET /category/software HTTP/1.1" 200 41 "-" "Mozilla/4.0 (compatible; MSIE 8.0; Windows NT 5.1; Trident/4.0; YTB720; GTB7.2; .NET CLR 1.1.4322; .NET CLR 2.0.50727; .NET CLR 3.0.4506.2152; .NET CLR 3.5.30729)"
216.99.176.92 - - [17/Nov/2017:16:04:15 +0000] "GET /category/electronics HTTP/1.1" 200 77 "-" "Mozilla/5.0 (iPad; CPU OS 5_0_1 like Mac OS X) AppleWebKit/534.46 (KHTML, like Gecko) Version/5.1 Mobile/9A405 Safari/7534.48.3"
112.60.139.35 - - [17/Nov/2017:16:04:20 +0000] "GET /category/games HTTP/1.1" 200 107 "/category/office" "Mozilla/4.0 (compatible; MSIE 8.0; Windows NT 6.1; WOW64; Trident/4.0; GTB7.2; SLCC2; .NET CLR 2.0.50727; .NET CLR 3.5.30729; .NET CLR 3.0.30729; Media Center PC 6.0; .NET4.0C)"
28.87.124.152 - - [17/Nov/2017:16:04:25 +0000] "GET /category/giftcards HTTP/1.1" 200 49 "/category/software" "Mozilla/5.0 (Windows NT 6.1; WOW64) AppleWebKit/535.7 (KHTML, like Gecko) Chrome/16.0.912.77 Safari/535.7"
68.222.159.224 - - [17/Nov/2017:16:04:30 +0000] "GET /category/software HTTP/1.1" 200 94 "/category/health" "Mozilla/5.0 (compatible; MSIE 9.0; Windows NT 6.1; WOW64; Trident/5.0)"
220.126.137.81 - - [17/Nov/2017:16:04:35 +0000] "GET /category/software HTTP/1.1" 200 45 "-" "Mozilla/5.0 (compatible; MSIE 9.0; Windows NT 6.1; Trident/5.0)"
212.93.61.84 - - [17/Nov/2017:16:04:40 +0000] "GET /item/electronics/2895 HTTP/1.1" 200 47 "/category/toys" "Mozilla/5.0 (Windows NT 6.0) AppleWebKit/535.11 (KHTML, like Gecko) Chrome/17.0.963.56 Safari/535.11"
56.48.89.225 - - [17/Nov/2017:16:04:45 +0000] "GET /item/cameras/4503 HTTP/1.1" 200 92 "/category/electronics" "Mozilla/5.0 (Windows NT 6.1; WOW64) AppleWebKit/535.7 (KHTML, like Gecko) Chrome/16.0.912.77 Safari/535.7"
100.54.120.206 - - [17/Nov/2017:16:04:50 +0000] "GET /item/office/394 HTTP/1.1" 200 65 "-" "Mozilla/5.0 (Windows NT 6.0; rv:10.0.1) Gecko/20100101 Firefox/10.0.1"
192.207.80.72 - - [17/Nov/2017:16:04:55 +0000] "GET /item/electronics/950 HTTP/1.1" 200 92 "/search/?c=Electronics" "Mozilla/5.0 (compatible; MSIE 9.0; Windows NT 6.1; Trident/5.0)"
144.213.38.93 - - [17/Nov/2017:16:05:00 +0000] "GET /item/networking/4174 HTTP/1.1" 200 125 "/category/networking" "Mozilla/5.0 (compatible; MSIE 9.0; Windows NT 6.1; WOW64; Trident/5.0)"
88.57.117.104 - - [17/Nov/2017:16:05:05 +0000] "POST /search/?c=Networking HTTP/1.1" 200 66 "-" "Mozilla/5.0 (compatible; Googlebot/2.1; +http://www.google.com/bot.html)"
192.93.155.127 - - [17/Nov/2017:16:05:10 +0000] "GET /category/giftcards HTTP/1.1" 200 55 "/category/software" "Mozilla/5.0 (Macintosh; Intel Mac OS X 10.6; rv:9.0.1) Gecko/20100101 Firefox/9.0.1"
88.228.108.129 - - [17/Nov/2017:16:05:15 +0000] "GET /category/games?from=20 HTTP/1.1" 200 42 "/category/electronics" "Mozilla/4.0 (compatible; MSIE 8.0; Windows NT 6.1; WOW64; Trident/4.0; GTB7.2; SLCC2; .NET CLR 2.0.50727; .NET CLR 3.5.30729; .NET CLR 3.0.30729; Media Center PC 6.0; .NET4.0C)"
28.129.126.21 - - [17/Nov/2017:16:05:20 +0000] "GET /category/networking HTTP/1.1" 200 103 "/item/garden/1220" "Mozilla/5.0 (Windows NT 6.1; WOW64; rv:10.0.1) Gecko/20100101 Firefox/10.0.1"
224.177.34.186 - - [17/Nov/2017:16:05:25 +0000] "GET /item/games/1490 HTTP/1.1" 200 47 "/search/?c=Games" "Mozilla/5.0 (compatible; MSIE 9.0; Windows NT 6.1; Trident/5.0)"
120.180.161.107 - - [17/Nov/2017:16:05:30 +0000] "GET /item/giftcards/4709 HTTP/1.1" 200 53 "/category/software" "Mozilla/5.0 (compatible; MSIE 9.0; Windows NT 6.1; Trident/5.0)"
224.150.137.59 - - [17/Nov/2017:16:05:35 +0000] "GET /category/books HTTP/1.1" 200 129 "-" "Mozilla/5.0 (Windows NT 6.1; WOW64) AppleWebKit/535.7 (KHTML, like Gecko) Chrome/16.0.912.77 Safari/535.7"
116.225.31.103 - - [17/Nov/2017:16:05:40 +0000] "GET /item/computers/4801 HTTP/1.1" 200 128 "-" "Mozilla/5.0 (Macintosh; Intel Mac OS X 10.6; rv:9.0.1) Gecko/20100101 Firefox/9.0.1"
176.27.158.207 - - [17/Nov/2017:16:05:45 +0000] "GET /category/electronics HTTP/1.1" 200 44 "/item/software/4034" "Mozilla/4.0 (compatible; MSIE 8.0; Windows NT 5.1; Trident/4.0; BTRS122159; GTB7.2; .NET CLR 1.1.4322; .NET CLR 2.0.50727; .NET CLR 3.0.04506.30; .NET CLR 3.0.4506.2152; .NET CLR 3.5.30729; BRI/2)"
88.126.130.26 - - [17/Nov/2017:16:05:50 +0000] "GET /item/games/4108 HTTP/1.1" 200 60 "/category/software" "Mozilla/5.0 (Windows NT 6.0; rv:10.0.1) Gecko/20100101 Firefox/10.0.1"
176.63.110.119 - - [17/Nov/2017:16:05:55 +0000] "GET /item/games/4819 HTTP/1.1" 200 115 "/search/?c=Games+Garden" "Mozilla/5.0 (Windows NT 6.1; WOW64; rv:10.0.1) Gecko/20100101 Firefox/10.0.1"
104.141.80.150 - - [17/Nov/2017:16:06:00 +0000] "GET /category/electronics HTTP/1.1" 200 62 "-" "Mozilla/4.0 (compatible; MSIE 8.0; Windows NT 6.1; Trident/4.0; YTB730; SLCC2; .NET CLR 2.0.50727; .NET CLR 3.5.30729; .NET CLR 3.0.30729; Media Center PC 6.0; .NET4.0C)"
148.108.60.129 - - [17/Nov/2017:16:06:05 +0000] "GET /category/software HTTP/1.1" 200 109 "-" "Mozilla/4.0 (compatible; MSIE 8.0; Windows NT 5.1; Trident/4.0; BTRS122159; GTB7.2; .NET CLR 1.1.4322; .NET CLR 2.0.50727; .NET CLR 3.0.04506.30; .NET CLR 3.0.4506.2152; .NET CLR 3.5.30729; BRI/2)"
208.117.69.117 - - [17/Nov/2017:16:06:10 +0000] "GET /item/electronics/2128 HTTP/1.1" 200 128 "/category/jewelry" "Mozilla/5.0 (compatible; MSIE 9.0; Windows NT 6.1; Trident/5.0)"
148.198.144.149 - - [17/Nov/2017:16:06:15 +0000] "GET /item/office/964 HTTP/1.1" 200 56 "/category/jewelry" "Mozilla/5.0 (Windows NT 6.0; rv:10.0.1) Gecko/20100101 Firefox/10.0.1"
152.225.175.76 - - [17/Nov/2017:16:06:20 +0000] "GET /item/books/4942 HTTP/1.1" 200 76 "/item/electronics/106" "Mozilla/4.0 (compatible; MSIE 8.0; Windows NT 6.1; WOW64; Trident/4.0; YTB730; GTB7.2; EasyBits GO v1.0; SLCC2; .NET CLR 2.0.50727; .NET CLR 3.5.30729; .NET CLR 3.0.30729; Media Center PC 6.0; .NET4.0C)"
24.57.24.122 - - [17/Nov/2017:16:06:25 +0000] "GET /item/office/1867 HTTP/1.1" 200 83 "-" "Mozilla/4.0 (compatible; MSIE 8.0; Windows NT 6.1; WOW64; Trident/4.0; GTB7.2; SLCC2; .NET CLR 2.0.50727; .NET CLR 3.5.30729; .NET CLR 3.0.30729; Media Center PC 6.0; .NET4.0C)"
148.21.130.45 - - [17/Nov/2017:16:06:30 +0000] "GET /item/books/4942 HTTP/1.1" 200 76 "/category/books" "Mozilla/4.0 (compatible; MSIE 8.0; Windows NT 6.1; WOW64; Trident/4.0; YTB730; GTB7.2; SLCC2; .NET CLR 2.0.50727; .NET CLR 3.5.30729; .NET CLR 3.0.30729; .NET4.0C; .NET4.0E; Media Center PC 6.0)"
164.36.150.129 - - [17/Nov/2017:16:06:35 +0000] "GET /category/electronics HTTP/1.1" 200 107 "/item/books/4067" "Mozilla/5.0 (Macintosh; Intel Mac OS X 10.6; rv:9.0.1) Gecko/20100101 Firefox/9.0.1"
120.225.200.117 - - [17/Nov/2017:16:06:40 +0000] "GET /category/games HTTP/1.1" 200 47 "/category/health" "Mozilla/4.0 (compatible; MSIE 8.0; Windows NT 5.1; Trident/4.0; YTB720; GTB7.2; .NET CLR 1.1.4322; .NET CLR 2.0.50727; .NET CLR 3.0.4506.2152; .NET CLR 3.5.30729)"
28.147.67.42 - - [17/Nov/2017:16:06:45 +0000] "GET /category/software HTTP/1.1" 200 104 "-" "Mozilla/4.0 (compatible; MSIE 8.0; Windows NT 6.1; WOW64; Trident/4.0; GTB7.2; SLCC2; .NET CLR 2.0.50727; .NET CLR 3.5.30729; .NET CLR 3.0.30729; Media Center PC 6.0; .NET4.0C)"
104.138.92.26 - - [17/Nov/2017:16:06:50 +0000] "GET /category/electronics HTTP/1.1" 200 131 "/category/books" "Mozilla/5.0 (Windows NT 6.0; rv:10.0.1) Gecko/20100101 Firefox/10.0.1"
168.60.103.103 - - [17/Nov/2017:16:06:55 +0000] "GET /item/finance/3737 HTTP/1.1" 200 127 "/search/?c=Finance" "Mozilla/5.0 (Windows NT 6.0; rv:10.0.1) Gecko/20100101 Firefox/10.0.1"
48.75.157.55 - - [17/Nov/2017:16:07:00 +0000] "GET /category/electronics HTTP/1.1" 200 79 "/category/electronics" "Mozilla/4.0 (compatible; MSIE 8.0; Windows NT 6.1; Trident/4.0; YTB730; SLCC2; .NET CLR 2.0.50727; .NET CLR 3.5.30729; .NET CLR 3.0.30729; Media Center PC 6.0; .NET4.0C)"
116.198.83.162 - - [17/Nov/2017:16:07:05 +0000] "GET /category/software HTTP/1.1" 200 94 "/category/cameras" "Mozilla/5.0 (Macintosh; Intel Mac OS X 10.6; rv:9.0.1) Gecko/20100101 Firefox/9.0.1"
104.30.165.166 - - [17/Nov/2017:16:07:10 +0000] "GET /item/electronics/3975 HTTP/1.1" 200 122 "http://www.google.com/search?ie=UTF-8&q=google&sclient=psy-ab&q=Electronics&oq=Electronics&aq=f&aqi=g-vL1&aql=&pbx=1&bav=on.2,or.r_gc.r_pw.r_qf.,cf.osb&biw=2899&bih=524" "Mozilla/5.0 (iPad; CPU OS 5_0_1 like Mac OS X) AppleWebKit/534.46 (KHTML, like Gecko) Version/5.1 Mobile/9A405 Safari/7534.48.3"
76.132.177.175 - - [17/Nov/2017:16:07:15 +0000] "GET /category/music HTTP/1.1" 200 95 "-" "Mozilla/5.0 (Windows NT 6.0) AppleWebKit/535.11 (KHTML, like Gecko) Chrome/17.0.963.56 Safari/535.11"
160.207.59.34 - - [17/Nov/2017:16:07:20 +0000] "GET /item/books/3877 HTTP/1.1" 200 47 "-" "Mozilla/4.0 (compatible; MSIE 8.0; Windows NT 6.1; WOW64; Trident/4.0; YTB730; GTB7.2; SLCC2; .NET CLR 2.0.50727; .NET CLR 3.5.30729; .NET CLR 3.0.30729; .NET4.0C; .NET4.0E; Media Center PC 6.0)"
224.96.137.128 - - [17/Nov/2017:16:07:25 +0000] "GET /category/health HTTP/1.1" 200 92 "-" "Mozilla/5.0 (Windows NT 6.1; WOW64) AppleWebKit/535.7 (KHTML, like Gecko) Chrome/16.0.912.77 Safari/535.7"
92.204.226.50 - - [17/Nov/2017:16:07:30 +0000] "GET /item/games/4762 HTTP/1.1" 200 96 "/category/electronics" "Mozilla/5.0 (compatible; MSIE 9.0; Windows NT 6.1; Trident/5.0)"
68.72.35.74 - - [17/Nov/2017:16:07:35 +0000] "POST /search/?c=Music+Giftcards HTTP/1.1" 200 113 "-" "Mozilla/4.0 (compatible; MSIE 8.0; Windows NT 6.1; Trident/4.0; YTB730; SLCC2; .NET CLR 2.0.50727; .NET CLR 3.5.30729; .NET CLR 3.0.30729; Media Center PC 6.0; .NET4.0C)"
32.132.45.143 - - [17/Nov/2017:16:07:40 +0000] "GET /category/office?from=0 HTTP/1.1" 200 93 "/category/office" "Mozilla/5.0 (Windows NT 6.1; WOW64; rv:10.0.1) Gecko/20100101 Firefox/10.0.1"
40.36.205.118 - - [17/Nov/2017:16:07:45 +0000] "GET /category/software HTTP/1.1" 200 121 "-" "Mozilla/5.0 (Windows NT 6.0; rv:10.0.1) Gecko/20100101 Firefox/10.0.1"
196.57.135.222 - - [17/Nov/2017:16:07:50 +0000] "GET /item/software/1768 HTTP/1.1" 200 96 "/category/health?from=10" "Mozilla/5.0 (compatible; Googlebot/2.1; +http://www.google.com/bot.html)"
76.153.173.21 - - [17/Nov/2017:16:07:55 +0000] "POST /search/?c=Garden+Networking HTTP/1.1" 200 130 "/item/electronics/950" "Mozilla/5.0 (Windows NT 6.1; WOW64; rv:10.0.1) Gecko/20100101 Firefox/10.0.1"
68.171.43.168 - - [17/Nov/2017:16:08:00 +0000] "GET /category/garden HTTP/1.1" 200 121 "/search/?c=Garden+Office" "Mozilla/5.0 (compatible; MSIE 9.0; Windows NT 6.1; WOW64; Trident/5.0)"
148.90.219.96 - - [17/Nov/2017:16:08:05 +0000] "GET /item/software/2699 HTTP/1.1" 200 50 "-" "Mozilla/5.0 (Windows NT 6.0; rv:10.0.1) Gecko/20100101 Firefox/10.0.1"
192.42.201.189 - - [17/Nov/2017:16:08:10 +0000] "GET /category/software HTTP/1.1" 200 128 "-" "Mozilla/5.0 (Windows NT 6.0) AppleWebKit/535.11 (KHTML, like Gecko) Chrome/17.0.963.56 Safari/535.11"
136.198.147.93 - - [17/Nov/2017:16:08:15 +0000] "GET /category/office HTTP/1.1" 200 86 "/item/computers/512" "Mozilla/5.0 (compatible; MSIE 9.0; Windows NT 6.1; WOW64; Trident/5.0)"
188.165.183.191 - - [17/Nov/2017:16:08:20 +0000] "GET /category/electronics HTTP/1.1" 200 75 "-" "Mozilla/4.0 (compatible; MSIE 8.0; Windows NT 5.1; Trident/4.0; YTB720; GTB7.2; .NET CLR 1.1.4322; .NET CLR 2.0.50727; .NET CLR 3.0.4506.2152; .NET CLR 3.5.30729)"
212.186.212.20 - - [17/Nov/2017:16:08:25 +0000] "GET /category/health HTTP/1.1" 200 133 "/item/computers/2093" "Mozilla/5.0 (Windows NT 6.1; WOW64) AppleWebKit/535.11 (KHTML, like Gecko) Chrome/17.0.963.56 Safari/535.11"
60.192.196.122 - - [17/Nov/2017:16:08:30 +0000] "POST /search/?c=Jewelry+Games HTTP/1.1" 200 129 "/item/giftcards/4236" "Mozilla/5.0 (Windows NT 6.0; rv:10.0.1) Gecko/20100101 Firefox/10.0.1"
176.69.116.108 - - [17/Nov/2017:16:08:35 +0000] "GET /category/games?from=10 HTTP/1.1" 200 124 "/category/music" "Mozilla/5.0 (Windows NT 6.1; WOW64) AppleWebKit/535.11 (KHTML, like Gecko) Chrome/17.0.963.56 Safari/535.11"
136.225.199.202 - - [17/Nov/2017:16:08:40 +0000] "GET /category/software HTTP/1.1" 200 49 "http://www.google.com/search?ie=UTF-8&q=google&sclient=psy-ab&q=Software&oq=Software&aq=f&aqi=g-vL1&aql=&pbx=1&bav=on.2,or.r_gc.r_pw.r_qf.,cf.osb&biw=1705&bih=104" "Mozilla/5.0 (iPhone; CPU iPhone OS 5_0_1 like Mac OS X) AppleWebKit/534.46 (KHTML, like Gecko) Version/5.1 Mobile/9A405 Safari/7534.48.3"
168.195.25.139 - - [17/Nov/2017:16:08:45 +0000] "GET /category/games HTTP/1.1" 200 59 "/category/electronics" "Mozilla/5.0 (iPad; CPU OS 5_0_1 like Mac OS X) AppleWebKit/534.46 (KHTML, like Gecko) Version/5.1 Mobile/9A405 Safari/7534.48.3"
168.201.46.220 - - [17/Nov/2017:16:08:50 +0000] "GET /item/giftcards/202 HTTP/1.1" 200 51 "-" "Mozilla/5.0 (Windows NT 6.1; WOW64) AppleWebKit/535.7 (KHTML, like Gecko) Chrome/16.0.912.77 Safari/535.7"
204.117.20.72 - - [17/Nov/2017:16:08:55 +0000] "GET /item/cameras/801 HTTP/1.1" 200 114 "-" "Mozilla/5.0 (Windows NT 6.0; rv:10.0.1) Gecko/20100101 Firefox/10.0.1"
48.213.177.74 - - [17/Nov/2017:16:09:00 +0000] "GET /category/toys HTTP/1.1" 200 128 "-" "Mozilla/5.0 (Windows NT 6.1; WOW64) AppleWebKit/535.7 (KHTML, like Gecko) Chrome/16.0.912.77 Safari/535.7"
104.63.161.214 - - [17/Nov/2017:16:09:05 +0000] "GET /category/electronics HTTP/1.1" 200 82 "-" "Mozilla/4.0 (compatible; MSIE 8.0; Windows NT 6.1; Trident/4.0; YTB730; SLCC2; .NET CLR 2.0.50727; .NET CLR 3.5.30729; .NET CLR 3.0.30729; Media Center PC 6.0; .NET4.0C)"
220.123.112.58 - - [17/Nov/2017:16:09:10 +0000] "POST /search/?c=Electronics+Sports HTTP/1.1" 200 139 "-" "Mozilla/5.0 (Windows NT 5.1) AppleWebKit/535.11 (KHTML, like Gecko) Chrome/17.0.963.46 Safari/535.11"
116.111.183.132 - - [17/Nov/2017:16:09:15 +0000] "GET /item/giftcards/3275 HTTP/1.1" 200 95 "-" "Mozilla/5.0 (compatible; MSIE 9.0; Windows NT 6.1; WOW64; Trident/5.0)"
120.63.173.157 - - [17/Nov/2017:16:09:20 +0000] "GET /category/software HTTP/1.1" 200 43 "/search/?c=Software+Garden" "Mozilla/4.0 (compatible; MSIE 8.0; Windows NT 6.1; Trident/4.0; YTB730; SLCC2; .NET CLR 2.0.50727; .NET CLR 3.5.30729; .NET CLR 3.0.30729; Media Center PC 6.0; .NET4.0C)"
96.75.214.176 - - [17/Nov/2017:16:09:25 +0000] "POST /search/?c=Giftcards HTTP/1.1" 200 116 "/search/?c=Computers+Jewelry" "Mozilla/5.0 (compatible; Googlebot/2.1; +http://www.google.com/bot.html)"
220.105.182.218 - - [17/Nov/2017:16:09:30 +0000] "GET /item/games/4709 HTTP/1.1" 200 43 "-" "Mozilla/5.0 (Windows NT 6.1; WOW64) AppleWebKit/535.11 (KHTML, like Gecko) Chrome/17.0.963.56 Safari/535.11"
148.198.144.149 - - [17/Nov/2017:16:09:35 +0000] "POST /search/?c=Electronics HTTP/1.1" 200 130 "-" "Mozilla/5.0 (compatible; MSIE 9.0; Windows NT 6.1; WOW64; Trident/5.0)"
216.192.41.57 - - [17/Nov/2017:16:09:40 +0000] "GET /category/electronics HTTP/1.1" 200 79 "-" "Mozilla/5.0 (Windows NT 6.1; WOW64; rv:10.0.1) Gecko/20100101 Firefox/10.0.1"
72.66.199.152 - - [17/Nov/2017:16:09:45 +0000] "GET /category/office HTTP/1.1" 200 60 "-" "Mozilla/5.0 (Windows NT 6.1; WOW64) AppleWebKit/535.7 (KHTML, like Gecko) Chrome/16.0.912.77 Safari/535.7"
56.51.48.185 - - [17/Nov/2017:16:09:50 +0000] "GET /item/books/2829 HTTP/1.1" 200 80 "/category/software" "Mozilla/5.0 (compatible; Googlebot/2.1; +http://www.google.com/bot.html)"
92.132.142.60 - - [17/Nov/2017:16:09:55 +0000] "GET /category/games?from=0 HTTP/1.1" 200 124 "/category/games" "Mozilla/5.0 (Windows NT 6.1; WOW64) AppleWebKit/535.11 (KHTML, like Gecko) Chrome/17.0.963.56 Safari/535.11"
132.132.44.91 - - [17/Nov/2017:16:10:00 +0000] "GET /category/finance HTTP/1.1" 200 71 "/category/networking" "Mozilla/5.0 (Windows NT 5.1) AppleWebKit/535.11 (KHTML, like Gecko) Chrome/17.0.963.46 Safari/535.11"
224.87.199.41 - - [17/Nov/2017:16:10:05 +0000] "GET /item/electronics/2895 HTTP/1.1" 200 47 "-" "Mozilla/5.0 (iPhone; CPU iPhone OS 5_0_1 like Mac OS X) AppleWebKit/534.46 (KHTML, like Gecko) Version/5.1 Mobile/9A405 Safari/7534.48.3"
28.147.67.42 - - [17/Nov/2017:16:10:10 +0000] "GET /item/games/4108 HTTP/1.1" 200 60 "/category/software" "Mozilla/5.0 (Windows NT 6.0; rv:10.0.1) Gecko/20100101 Firefox/10.0.1"
80.57.31.216 - - [17/Nov/2017:16:10:15 +0000] "GET /category/books HTTP/1.1" 200 131 "/category/jewelry" "Mozilla/5.0 (Windows NT 6.1; WOW64) AppleWebKit/535.7 (KHTML, like Gecko) Chrome/16.0.912.77 Safari/535.7"
200.189.168.228 - - [17/Nov/2017:16:10:20 +0000] "GET /category/electronics HTTP/1.1" 200 125 "-" "Mozilla/4.0 (compatible; MSIE 8.0; Windows NT 5.1; Trident/4.0; BTRS122159; GTB7.2; .NET CLR 1.1.4322; .NET CLR 2.0.50727; .NET CLR 3.0.04506.30; .NET CLR 3.0.4506.2152; .NET CLR 3.5.30729; BRI/2)"
156.198.60.199 - - [17/Nov/2017:16:10:25 +0000] "GET /item/electronics/3162 HTTP/1.1" 200 71 "/category/cameras" "Mozilla/5.0 (compatible; MSIE 9.0; Windows NT 6.1; Trident/5.0)"
64.111.228.178 - - [17/Nov/2017:16:10:30 +0000] "GET /category/giftcards HTTP/1.1" 200 120 "/category/computers" "Mozilla/5.0 (Macintosh; Intel Mac OS X 10.6; rv:9.0.1) Gecko/20100101 Firefox/9.0.1"
56.102.229.220 - - [17/Nov/2017:16:10:35 +0000] "GET /item/cameras/801 HTTP/1.1" 200 114 "/search/?c=Cameras" "Mozilla/5.0 (Windows NT 6.1; WOW64; rv:10.0.1) Gecko/20100101 Firefox/10.0.1"
180.192.53.62 - - [17/Nov/2017:16:10:40 +0000] "GET /category/software HTTP/1.1" 200 82 "/category/electronics" "Mozilla/5.0 (compatible; Googlebot/2.1; +http://www.google.com/bot.html)"
172.171.155.192 - - [17/Nov/2017:16:10:45 +0000] "GET /item/software/2109 HTTP/1.1" 200 107 "/search/?c=Games+Books" "Mozilla/5.0 (iPhone; CPU iPhone OS 5_0_1 like Mac OS X) AppleWebKit/534.46 (KHTML, like Gecko) Version/5.1 Mobile/9A405 Safari/7534.48.3"
224.183.83.85 - - [17/Nov/2017:16:10:50 +0000] "GET /item/electronics/3030 HTTP/1.1" 200 84 "/search/?c=Electronics" "Mozilla/5.0 (compatible; Googlebot/2.1; +http://www.google.com/bot.html)"
220.81.172.204 - - [17/Nov/2017:16:10:55 +0000] "GET /category/electronics HTTP/1.1" 200 84 "-" "Mozilla/4.0 (compatible; MSIE 8.0; Windows NT 6.1; WOW64; Trident/4.0; GTB7.2; SLCC2; .NET CLR 2.0.50727; .NET CLR 3.5.30729; .NET CLR 3.0.30729; Media Center PC 6.0; .NET4.0C)"
148.27.172.38 - - [17/Nov/2017:16:11:00 +0000] "GET /category/garden HTTP/1.1" 200 114 "/item/jewelry/4156" "Mozilla/5.0 (compatible; MSIE 9.0; Windows NT 6.1; WOW64; Trident/5.0)"
192.96.212.129 - - [17/Nov/2017:16:11:05 +0000] "GET /category/office HTTP/1.1" 200 79 "/item/games/4762" "Mozilla/5.0 (iPhone; CPU iPhone OS 5_0_1 like Mac OS X) AppleWebKit/534.46 (KHTML, like Gecko) Version/5.1 Mobile/9A405 Safari/7534.48.3"
88.87.28.220 - - [17/Nov/2017:16:11:10 +0000] "POST /search/?c=Electronics+Games HTTP/1.1" 200 88 "-" "Mozilla/5.0 (Windows NT 6.1; WOW64) AppleWebKit/535.7 (KHTML, like Gecko) Chrome/16.0.912.77 Safari/535.7"
24.201.68.49 - - [17/Nov/2017:16:11:15 +0000] "GET /category/electronics HTTP/1.1" 200 82 "/category/cameras" "Mozilla/5.0 (Windows NT 6.1; WOW64) AppleWebKit/535.11 (KHTML, like Gecko) Chrome/17.0.963.56 Safari/535.11"
40.126.50.218 - - [17/Nov/2017:16:11:20 +0000] "GET /category/books HTTP/1.1" 200 93 "http://www.google.com/search?ie=UTF-8&q=google&sclient=psy-ab&q=Books&oq=Books&aq=f&aqi=g-vL1&aql=&pbx=1&bav=on.2,or.r_gc.r_pw.r_qf.,cf.osb&biw=2782&bih=222" "Mozilla/5.0 (Windows NT 6.0; rv:10.0.1) Gecko/20100101 Firefox/10.0.1"
68.78.152.172 - - [17/Nov/2017:16:11:25 +0000] "GET /category/music HTTP/1.1" 200 46 "/category/jewelry?from=20" "Mozilla/5.0 (compatible; MSIE 9.0; Windows NT 6.1; Trident/5.0)"
196.84.86.62 - - [17/Nov/2017:16:11:30 +0000] "GET /item/electronics/3444 HTTP/1.1" 200 131 "/search/?c=Electronics+Jewelry" "Mozilla/5.0 (compatible; Googlebot/2.1; +http://www.google.com/bot.html)"
84.21.159.189 - - [17/Nov/2017:16:11:35 +0000] "GET /category/networking HTTP/1.1" 200 136 "-" "Mozilla/5.0 (compatible; MSIE 9.0; Windows NT 6.1; Trident/5.0)"
120.93.127.152 - - [17/Nov/2017:16:11:40 +0000] "POST /search/?c=Software+Software HTTP/1.1" 200 114 "/category/electronics" "Mozilla/5.0 (compatible; MSIE 9.0; Windows NT 6.1; WOW64; Trident/5.0)"
88.216.133.209 - - [17/Nov/2017:16:11:45 +0000] "GET /category/electronics HTTP/1.1" 200 104 "/category/health" "Mozilla/5.0 (Windows NT 5.1) AppleWebKit/535.11 (KHTML, like Gecko) Chrome/17.0.963.46 Safari/535.11"
104.141.80.150 - - [17/Nov/2017:16:11:50 +0000] "GET /category/jewelry HTTP/1.1" 200 73 "-" "Mozilla/4.0 (compatible; MSIE 8.0; Windows NT 6.1; Trident/4.0; YTB730; SLCC2; .NET CLR 2.0.50727; .NET CLR 3.5.30729; .NET CLR 3.0.30729; Media Center PC 6.0; .NET4.0C)"
144.99.170.128 - - [17/Nov/2017:16:11:55 +0000] "GET /category/office?from=0 HTTP/1.1" 200 50 "/category/toys" "Mozilla/5.0 (Windows NT 6.0) AppleWebKit/535.11 (KHTML, like Gecko) Chrome/17.0.963.56 Safari/535.11"
84.222.57.97 - - [17/Nov/2017:16:12:00 +0000] "GET /item/sports/4622 HTTP/1.1" 200 109 "/item/electronics/4339" "Mozilla/5.0 (compatible; MSIE 9.0; Windows NT 6.1; WOW64; Trident/5.0)"
56.48.89.225 - - [17/Nov/2017:16:12:05 +0000] "GET /item/toys/67 HTTP/1.1" 200 117 "/category/garden" "Mozilla/5.0 (Windows NT 5.1) AppleWebKit/535.11 (KHTML, like Gecko) Chrome/17.0.963.46 Safari/535.11"
208.126.73.169 - - [17/Nov/2017:16:12:10 +0000] "POST /search/?c=Software+Software HTTP/1.1" 200 114 "/category/electronics" "Mozilla/5.0 (compatible; MSIE 9.0; Windows NT 6.1; WOW64; Trident/5.0)"
100.66.170.80 - - [17/Nov/2017:16:12:15 +0000] "GET /category/office HTTP/1.1" 200 128 "-" "Mozilla/5.0 (Macintosh; Intel Mac OS X 10.6; rv:9.0.1) Gecko/20100101 Firefox/9.0.1"
24.216.105.63 - - [17/Nov/2017:16:12:20 +0000] "GET /category/software HTTP/1.1" 200 81 "-" "Mozilla/5.0 (compatible; MSIE 9.0; Windows NT 6.1; Trident/5.0)"
140.72.79.22 - - [17/Nov/2017:16:12:25 +0000] "POST /search/?c=Electronics HTTP/1.1" 200 101 "/item/electronics/3821" "Mozilla/4.0 (compatible; MSIE 8.0; Windows NT 6.1; Trident/4.0; YTB730; SLCC2; .NET CLR 2.0.50727; .NET CLR 3.5.30729; .NET CLR 3.0.30729; Media Center PC 6.0; .NET4.0C)"
124.192.214.79 - - [17/Nov/2017:16:12:30 +0000] "GET /category/jewelry HTTP/1.1" 200 60 "/item/finance/3479" "Mozilla/5.0 (Macintosh; Intel Mac OS X 10.6; rv:9.0.1) Gecko/20100101 Firefox/9.0.1"
184.60.35.189 - - [17/Nov/2017:16:12:35 +0000] "GET /item/books/3487 HTTP/1.1" 200 92 "-" "Mozilla/5.0 (compatible; Googlebot/2.1; +http://www.google.com/bot.html)"
116.198.83.162 - - [17/Nov/2017:16:12:40 +0000] "GET /category/networking?from=10 HTTP/1.1" 200 127 "/search/?c=Networking+Software" "Mozilla/5.0 (Windows NT 6.1; WOW64; rv:10.0.1) Gecko/20100101 Firefox/10.0.1"
216.177.75.217 - - [17/Nov/2017:16:12:45 +0000] "GET /category/books HTTP/1.1" 200 40 "/item/office/2035" "Mozilla/5.0 (Macintosh; Intel Mac OS X 10.6; rv:9.0.1) Gecko/20100101 Firefox/9.0.1"
224.210.57.35 - - [17/Nov/2017:16:12:50 +0000] "GET /category/electronics HTTP/1.1" 200 79 "/category/software" "Mozilla/5.0 (compatible; MSIE 9.0; Windows NT 6.1; Trident/5.0)"
112.48.147.108 - - [17/Nov/2017:16:12:55 +0000] "GET /item/music/4403 HTTP/1.1" 200 96 "http://www.google.com/search?ie=UTF-8&q=google&sclient=psy-ab&q=Music&oq=Music&aq=f&aqi=g-vL1&aql=&pbx=1&bav=on.2,or.r_gc.r_pw.r_qf.,cf.osb&biw=3047&bih=352" "Mozilla/5.0 (Windows NT 6.1; WOW64) AppleWebKit/535.11 (KHTML, like Gecko) Chrome/17.0.963.56 Safari/535.11"
128.213.146.74 - - [17/Nov/2017:16:13:00 +0000] "GET /category/sports?from=0 HTTP/1.1" 200 81 "/category/software" "Mozilla/4.0 (compatible; MSIE 8.0; Windows NT 5.1; Trident/4.0; YTB720; GTB7.2; .NET CLR 1.1.4322; .NET CLR 2.0.50727; .NET CLR 3.0.4506.2152; .NET CLR 3.5.30729)"
92.72.135.226 - - [17/Nov/2017:16:13:05 +0000] "GET /category/office HTTP/1.1" 200 71 "-" "Mozilla/4.0 (compatible; MSIE 8.0; Windows NT 6.1; Trident/4.0; YTB730; SLCC2; .NET CLR 2.0.50727; .NET CLR 3.5.30729; .NET CLR 3.0.30729; Media Center PC 6.0; .NET4.0C)"
208.84.85.126 - - [17/Nov/2017:16:13:10 +0000] "GET /category/health HTTP/1.1" 200 42 "-" "Mozilla/5.0 (iPhone; CPU iPhone OS 5_0_1 like Mac OS X) AppleWebKit/534.46 (KHTML, like Gecko) Version/5.1 Mobile/9A405 Safari/7534.48.3"
52.78.205.139 - - [17/Nov/2017:16:13:15 +0000] "GET /category/software HTTP/1.1" 200 126 "-" "Mozilla/5.0 (compatible; MSIE 9.0; Windows NT 6.1; Trident/5.0)"
108.225.225.104 - - [17/Nov/2017:16:13:20 +0000] "GET /item/books/4062 HTTP/1.1" 200 105 "-" "Mozilla/5.0 (iPad; CPU OS 5_0_1 like Mac OS X) AppleWebKit/534.46 (KHTML, like Gecko) Version/5.1 Mobile/9A405 Safari/7534.48.3"
176.27.158.207 - - [17/Nov/2017:16:13:25 +0000] "GET /item/electronics/1095 HTTP/1.1" 200 106 "/search/?c=Software+Office" "Mozilla/5.0 (Windows NT 6.0; rv:10.0.1) Gecko/20100101 Firefox/10.0.1"
160.168.34.130 - - [17/Nov/2017:16:13:30 +0000] "GET /category/games HTTP/1.1" 200 91 "/item/games/3272" "Mozilla/4.0 (compatible; MSIE 8.0; Windows NT 6.1; WOW64; Trident/4.0; YTB730; GTB7.2; EasyBits GO v1.0; SLCC2; .NET CLR 2.0.50727; .NET CLR 3.5.30729; .NET CLR 3.0.30729; Media Center PC 6.0; .NET4.0C)"
156.81.120.91 - - [17/Nov/2017:16:13:35 +0000] "POST /search/?c=Garden+Office HTTP/1.1" 200 100 "-" "Mozilla/5.0 (compatible; MSIE 9.0; Windows NT 6.1; Trident/5.0)"
44.57.212.87 - - [17/Nov/2017:16:13:40 +0000] "GET /item/networking/435 HTTP/1.1" 200 109 "-" "Mozilla/5.0 (Windows NT 6.0; rv:10.0.1) Gecko/20100101 Firefox/10.0.1"
96.219.205.43 - - [17/Nov/2017:16:13:45 +0000] "GET /item/electronics/3842 HTTP/1.1" 200 50 "/category/electronics" "Mozilla/5.0 (Windows NT 6.1; WOW64) AppleWebKit/535.11 (KHTML, like Gecko) Chrome/17.0.963.56 Safari/535.11"
184.144.144.34 - - [17/Nov/2017:16:13:50 +0000] "GET /item/software/875 HTTP/1.1" 200 132 "/item/electronics/3298" "Mozilla/5.0 (compatible; MSIE 9.0; Windows NT 6.1; WOW64; Trident/5.0)"
108.174.61.62 - - [17/Nov/2017:16:13:55 +0000] "GET /category/office HTTP/1.1" 200 43 "/category/software" "Mozilla/4.0 (compatible; MSIE 8.0; Windows NT 6.1; WOW64; Trident/4.0; YTB730; GTB7.2; SLCC2; .NET CLR 2.0.50727; .NET CLR 3.5.30729; .NET CLR 3.0.30729; .NET4.0C; .NET4.0E; Media Center PC 6.0)"
192.168.214.196 - - [17/Nov/2017:16:14:00 +0000] "GET /category/finance?from=10 HTTP/1.1" 200 96 "/item/software/1876" "Mozilla/4.0 (compatible; MSIE 8.0; Windows NT 5.1; Trident/4.0; BTRS122159; GTB7.2; .NET CLR 1.1.4322; .NET CLR 2.0.50727; .NET CLR 3.0.04506.30; .NET CLR 3.0.4506.2152; .NET CLR 3.5.30729; BRI/2)"
188.144.194.102 - - [17/Nov/2017:16:14:05 +0000] "GET /category/garden HTTP/1.1" 200 97 "-" "Mozilla/4.0 (compatible; MSIE 8.0; Windows NT 6.1; WOW64; Trident/4.0; YTB730; GTB7.2; EasyBits GO v1.0; SLCC2; .NET CLR 2.0.50727; .NET CLR 3.5.30729; .NET CLR 3.0.30729; Media Center PC 6.0; .NET4.0C)"
180.114.21.38 - - [17/Nov/2017:16:14:10 +0000] "GET /item/electronics/4642 HTTP/1.1" 200 65 "http://www.google.com/search?ie=UTF-8&q=google&sclient=psy-ab&q=Electronics+Office&oq=Electronics+Office&aq=f&aqi=g-vL1&aql=&pbx=1&bav=on.2,or.r_gc.r_pw.r_qf.,cf.osb&biw=4344&bih=26" "Mozilla/5.0 (Windows NT 5.1) AppleWebKit/535.11 (KHTML, like Gecko) Chrome/17.0.963.46 Safari/535.11"
64.24.130.157 - - [17/Nov/2017:16:14:15 +0000] "GET /item/office/378 HTTP/1.1" 200 57 "/category/software" "Mozilla/5.0 (compatible; MSIE 9.0; Windows NT 6.1; Trident/5.0)"
144.129.128.24 - - [17/Nov/2017:16:14:20 +0000] "GET /category/jewelry HTTP/1.1" 200 118 "/category/networking?from=10" "Mozilla/5.0 (iPhone; CPU iPhone OS 5_0_1 like Mac OS X) AppleWebKit/534.46 (KHTML, like Gecko) Version/5.1 Mobile/9A405 Safari/7534.48.3"
144.228.38.65 - - [17/Nov/2017:16:14:25 +0000] "GET /category/finance HTTP/1.1" 200 55 "-" "Mozilla/5.0 (compatible; MSIE 9.0; Windows NT 6.1; Trident/5.0)"
172.54.104.144 - - [17/Nov/2017:16:14:30 +0000] "GET /item/finance/1295 HTTP/1.1" 200 105 "/category/games" "Mozilla/5.0 (compatible; MSIE 9.0; Windows NT 6.1; WOW64; Trident/5.0)"
76.183.228.91 - - [17/Nov/2017:16:14:35 +0000] "GET /category/books HTTP/1.1" 200 136 "-" "Mozilla/5.0 (compatible; Googlebot/2.1; +http://www.google.com/bot.html)"
164.48.123.206 - - [17/Nov/2017:16:14:40 +0000] "GET /category/electronics HTTP/1.1" 200 102 "-" "Mozilla/5.0 (compatible; MSIE 9.0; Windows NT 6.1; WOW64; Trident/5.0)"
132.195.184.30 - - [17/Nov/2017:16:14:45 +0000] "GET /category/giftcards HTTP/1.1" 200 60 "-" "Mozilla/5.0 (Macintosh; Intel Mac OS X 10.6; rv:9.0.1) Gecko/20100101 Firefox/9.0.1"
184.186.89.120 - - [17/Nov/2017:16:14:50 +0000] "GET /category/giftcards HTTP/1.1" 200 43 "/item/electronics/2595" "Mozilla/5.0 (Windows NT 6.1; WOW64) AppleWebKit/535.7 (KHTML, like Gecko) Chrome/16.0.912.77 Safari/535.7"
52.189.168.94 - - [17/Nov/2017:16:14:55 +0000] "GET /category/jewelry HTTP/1.1" 200 112 "/item/software/2629" "Mozilla/5.0 (Windows NT 6.0; rv:10.0.1) Gecko/20100101 Firefox/10.0.1"
220.24.100.197 - - [17/Nov/2017:16:15:00 +0000] "GET /item/computers/3135 HTTP/1.1" 200 107 "/category/computers" "Mozilla/5.0 (Windows NT 5.1) AppleWebKit/535.11 (KHTML, like Gecko) Chrome/17.0.963.46 Safari/535.11"
56.150.202.109 - - [17/Nov/2017:16:15:05 +0000] "GET /item/software/2711 HTTP/1.1" 200 89 "-" "Mozilla/4.0 (compatible; MSIE 8.0; Windows NT 5.1; Trident/4.0; BTRS122159; GTB7.2; .NET CLR 1.1.4322; .NET CLR 2.0.50727; .NET CLR 3.0.04506.30; .NET CLR 3.0.4506.2152; .NET CLR 3.5.30729; BRI/2)"
60.54.88.65 - - [17/Nov/2017:16:15:10 +0000] "GET /category/electronics HTTP/1.1" 200 50 "-" "Mozilla/5.0 (Windows NT 5.1) AppleWebKit/535.11 (KHTML, like Gecko) Chrome/17.0.963.46 Safari/535.11"
56.186.73.100 - - [17/Nov/2017:16:15:15 +0000] "GET /item/software/1802 HTTP/1.1" 200 125 "/category/software" "Mozilla/5.0 (compatible; MSIE 9.0; Windows NT 6.1; Trident/5.0)"
108.171.226.164 - - [17/Nov/2017:16:15:20 +0000] "GET /category/games HTTP/1.1" 200 116 "-" "Mozilla/5.0 (Macintosh; Intel Mac OS X 10.6; rv:9.0.1) Gecko/20100101 Firefox/9.0.1"
156.168.77.168 - - [17/Nov/2017:16:15:25 +0000] "GET /category/jewelry HTTP/1.1" 200 77 "/category/software" "Mozilla/5.0 (Macintosh; Intel Mac OS X 10.6; rv:9.0.1) Gecko/20100101 Firefox/9.0.1"
28.129.126.21 - - [17/Nov/2017:16:15:30 +0000] "GET /category/electronics HTTP/1.1" 200 78 "-" "Mozilla/5.0 (compatible; Googlebot/2.1; +http://www.google.com/bot.html)"
188.171.194.118 - - [17/Nov/2017:16:15:35 +0000] "GET /category/books HTTP/1.1" 200 89 "http://www.google.com/search?ie=UTF-8&q=google&sclient=psy-ab&q=Books&oq=Books&aq=f&aqi=g-vL1&aql=&pbx=1&bav=on.2,or.r_gc.r_pw.r_qf.,cf.osb&biw=654&bih=274" "Mozilla/4.0 (compatible; MSIE 8.0; Windows NT 6.1; Trident/4.0; YTB730; SLCC2; .NET CLR 2.0.50727; .NET CLR 3.5.30729; .NET CLR 3.0.30729; Media Center PC 6.0; .NET4.0C)"
44.36.69.119 - - [17/Nov/2017:16:15:40 +0000] "GET /category/garden HTTP/1.1" 200 47 "/category/health" "Mozilla/5.0 (Windows NT 6.1; WOW64; rv:10.0.1) Gecko/20100101 Firefox/10.0.1"
152.105.117.77 - - [17/Nov/2017:16:15:45 +0000] "GET /category/garden?from=0 HTTP/1.1" 200 90 "/item/electronics/1876" "Mozilla/4.0 (compatible; MSIE 8.0; Windows NT 6.0; WOW64; Trident/4.0; GTB6; SLCC1; .NET CLR 2.0.50727; Media Center PC 5.0; .NET CLR 3.5.30729; .NET CLR 3.0.30618; .NET4.0C)"
152.66.214.200 - - [17/Nov/2017:16:15:50 +0000] "POST /search/?c=Office HTTP/1.1" 200 131 "/item/garden/995" "Mozilla/5.0 (Windows NT 5.1) AppleWebKit/535.11 (KHTML, like Gecko) Chrome/17.0.963.46 Safari/535.11"
144.21.111.211 - - [17/Nov/2017:16:15:55 +0000] "GET /item/books/3487 HTTP/1.1" 200 92 "/category/garden" "Mozilla/5.0 (Macintosh; Intel Mac OS X 10.6; rv:9.0.1) Gecko/20100101 Firefox/9.0.1"
192.228.189.65 - - [17/Nov/2017:16:16:00 +0000] "GET /item/books/180 HTTP/1.1" 200 126 "-" "Mozilla/5.0 (compatible; MSIE 9.0; Windows NT 6.1; WOW64; Trident/5.0)"
156.198.60.199 - - [17/Nov/2017:16:16:05 +0000] "GET /item/software/1546 HTTP/1.1" 200 45 "-" "Mozilla/5.0 (compatible; MSIE 9.0; Windows NT 6.1; WOW64; Trident/5.0)"
76.168.181.34 - - [17/Nov/2017:16:16:10 +0000] "GET /item/networking/3831 HTTP/1.1" 200 85 "-" "Mozilla/5.0 (Windows NT 5.1) AppleWebKit/535.11 (KHTML, like Gecko) Chrome/17.0.963.46 Safari/535.11"
136.177.181.50 - - [17/Nov/2017:16:16:15 +0000] "GET /item/electronics/367 HTTP/1.1" 200 79 "/category/electronics" "Mozilla/5.0 (compatible; Googlebot/2.1; +http://www.google.com/bot.html)"
180.39.180.68 - - [17/Nov/2017:16:16:20 +0000] "GET /category/cameras HTTP/1.1" 200 77 "-" "Mozilla/4.0 (compatible; MSIE 8.0; Windows NT 5.1; Trident/4.0; YTB720; GTB7.2; .NET CLR 1.1.4322; .NET CLR 2.0.50727; .NET CLR 3.0.4506.2152; .NET CLR 3.5.30729)"
136.21.168.104 - - [17/Nov/2017:16:16:25 +0000] "POST /search/?c=Games HTTP/1.1" 200 48 "/category/electronics" "Mozilla/5.0 (Windows NT 6.1; WOW64; rv:10.0.1) Gecko/20100101 Firefox/10.0.1"
164.45.62.175 - - [17/Nov/2017:16:16:30 +0000] "GET /category/software HTTP/1.1" 200 56 "/item/software/155" "Mozilla/5.0 (Macintosh; Intel Mac OS X 10.6; rv:9.0.1) Gecko/20100101 Firefox/9.0.1"
144.45.41.37 - - [17/Nov/2017:16:16:35 +0000] "GET /category/office HTTP/1.1" 200 87 "/item/garden/1220" "Mozilla/5.0 (compatible; MSIE 9.0; Windows NT 6.1; WOW64; Trident/5.0)"
56.150.73.159 - - [17/Nov/2017:16:16:40 +0000] "GET /item/electronics/4030 HTTP/1.1" 200 111 "/item/computers/3585" "Mozilla/5.0 (compatible; MSIE 9.0; Windows NT 6.1; Trident/5.0)"
44.123.149.113 - - [17/Nov/2017:16:16:45 +0000] "GET /item/electronics/4025 HTTP/1.1" 200 124 "/search/?c=Electronics" "Mozilla/4.0 (compatible; MSIE 8.0; Windows NT 6.0; WOW64; Trident/4.0; GTB6; SLCC1; .NET CLR 2.0.50727; Media Center PC 5.0; .NET CLR 3.5.30729; .NET CLR 3.0.30618; .NET4.0C)"
140.75.187.67 - - [17/Nov/2017:16:16:50 +0000] "GET /item/books/590 HTTP/1.1" 200 55 "-" "Mozilla/5.0 (Windows NT 6.0; rv:10.0.1) Gecko/20100101 Firefox/10.0.1"
80.75.100.166 - - [17/Nov/2017:16:16:55 +0000] "GET /category/garden?from=20 HTTP/1.1" 200 69 "/category/garden" "Mozilla/5.0 (compatible; Googlebot/2.1; +http://www.google.com/bot.html)"
220.81.172.204 - - [17/Nov/2017:16:17:00 +0000] "GET /category/office?from=0 HTTP/1.1" 200 50 "/category/jewelry" "Mozilla/4.0 (compatible; MSIE 8.0; Windows NT 6.1; WOW64; Trident/4.0; GTB7.2; SLCC2; .NET CLR 2.0.50727; .NET CLR 3.5.30729; .NET CLR 3.0.30729; Media Center PC 6.0; .NET4.0C)"
100.144.219.108 - - [17/Nov/2017:16:17:05 +0000] "GET /category/software HTTP/1.1" 200 134 "-" "Mozilla/5.0 (Windows NT 6.1; WOW64) AppleWebKit/535.11 (KHTML, like Gecko) Chrome/17.0.963.56 Safari/535.11"
120.129.24.195 - - [17/Nov/2017:16:17:10 +0000] "GET /category/networking HTTP/1.1" 200 82 "/search/?c=Music" "Mozilla/5.0 (Windows NT 6.1; WOW64) AppleWebKit/535.7 (KHTML, like Gecko) Chrome/16.0.912.77 Safari/535.7"
144.225.225.182 - - [17/Nov/2017:16:17:15 +0000] "GET /category/books?from=0 HTTP/1.1" 200 103 "/category/office" "Mozilla/5.0 (Macintosh; Intel Mac OS X 10.6; rv:9.0.1) Gecko/20100101 Firefox/9.0.1"
160.198.155.53 - - [17/Nov/2017:16:17:20 +0000] "GET /item/garden/4052 HTTP/1.1" 200 88 "/item/books/4619" "Mozilla/5.0 (compatible; Googlebot/2.1; +http://www.google.com/bot.html)"
56.102.229.220 - - [17/Nov/2017:16:17:25 +0000] "GET /item/games/3186 HTTP/1.1" 200 47 "http://www.google.com/search?ie=UTF-8&q=google&sclient=psy-ab&q=Games+Books&oq=Games+Books&aq=f&aqi=g-vL1&aql=&pbx=1&bav=on.2,or.r_gc.r_pw.r_qf.,cf.osb&biw=3566&bih=42" "Mozilla/5.0 (Windows NT 6.1; WOW64) AppleWebKit/535.11 (KHTML, like Gecko) Chrome/17.0.963.56 Safari/535.11"
220.126.137.81 - - [17/Nov/2017:16:17:30 +0000] "GET /category/books HTTP/1.1" 200 101 "/category/electronics" "Mozilla/5.0 (compatible; MSIE 9.0; Windows NT 6.1; Trident/5.0)"
60.186.25.54 - - [17/Nov/2017:16:17:35 +0000] "GET /item/garden/4052 HTTP/1.1" 200 88 "/item/jewelry/1473" "Mozilla/5.0 (Windows NT 6.1; WOW64; rv:10.0.1) Gecko/20100101 Firefox/10.0.1"
148.81.169.77 - - [17/Nov/2017:16:17:40 +0000] "GET /category/computers HTTP/1.1" 200 136 "/item/software/1802" "Mozilla/5.0 (Macintosh; Intel Mac OS X 10.6; rv:9.0.1) Gecko/20100101 Firefox/9.0.1"
168.195.218.121 - - [17/Nov/2017:16:17:45 +0000] "GET /item/electronics/4030 HTTP/1.1" 200 111 "-" "Mozilla/5.0 (Windows NT 6.1; WOW64) AppleWebKit/535.7 (KHTML, like Gecko) Chrome/16.0.912.77 Safari/535.7"
176.108.47.217 - - [17/Nov/2017:16:17:50 +0000] "GET /category/electronics HTTP/1.1" 200 114 "-" "Mozilla/5.0 (Windows NT 6.1; WOW64; rv:10.0.1) Gecko/20100101 Firefox/10.0.1"
156.159.223.147 - - [17/Nov/2017:16:17:55 +0000] "POST /search/?c=Jewelry+Games HTTP/1.1" 200 129 "-" "Mozilla/5.0 (Windows NT 6.1; WOW64; rv:10.0.1) Gecko/20100101 Firefox/10.0.1"
144.228.38.65 - - [17/Nov/2017:16:18:00 +0000] "GET /item/finance/2549 HTTP/1.1" 200 114 "/category/electronics" "Mozilla/5.0 (Macintosh; Intel Mac OS X 10.6; rv:9.0.1) Gecko/20100101 Firefox/9.0.1"
172.54.104.144 - - [17/Nov/2017:16:18:05 +0000] "GET /category/games HTTP/1.1" 200 89 "/item/electronics/2524" "Mozilla/5.0 (compatible; MSIE 9.0; Windows NT 6.1; WOW64; Trident/5.0)"
100.54.117.195 - - [17/Nov/2017:16:18:10 +0000] "GET /item/books/4255 HTTP/1.1" 200 108 "/category/software" "Mozilla/5.0 (compatible; MSIE 9.0; Windows NT 6.1; WOW64; Trident/5.0)"
212.186.23.183 - - [17/Nov/2017:16:18:15 +0000] "GET /category/office HTTP/1.1" 200 57 "-" "Mozilla/5.0 (Windows NT 5.1) AppleWebKit/535.11 (KHTML, like Gecko) Chrome/17.0.963.46 Safari/535.11"
100.168.223.44 - - [17/Nov/2017:16:18:20 +0000] "GET /item/games/2779 HTTP/1.1" 200 56 "/category/books" "Mozilla/4.0 (compatible; MSIE 8.0; Windows NT 5.1; Trident/4.0; YTB720; GTB7.2; .NET CLR 1.1.4322; .NET CLR 2.0.50727; .NET CLR 3.0.4506.2152; .NET CLR 3.5.30729)"
168.150.74.102 - - [17/Nov/2017:16:18:25 +0000] "POST /search/?c=Electronics+Garden HTTP/1.1" 200 118 "-" "Mozilla/5.0 (Windows NT 6.0) AppleWebKit/535.11 (KHTML, like Gecko) Chrome/17.0.963.56 Safari/535.11"
160.78.211.42 - - [17/Nov/2017:16:18:30 +0000] "GET /category/electronics HTTP/1.1" 200 63 "/category/computers" "Mozilla/5.0 (Windows NT 6.0) AppleWebKit/535.11 (KHTML, like Gecko) Chrome/17.0.963.56 Safari/535.11"
28.93.191.106 - - [17/Nov/2017:16:18:35 +0000] "GET /category/giftcards HTTP/1.1" 200 86 "-" "Mozilla/5.0 (Windows NT 6.1; WOW64; rv:10.0.1) Gecko/20100101 Firefox/10.0.1"
168.150.74.102 - - [17/Nov/2017:16:18:40 +0000] "POST /search/?c=Giftcards+Music HTTP/1.1" 200 118 "/item/electronics/1270" "Mozilla/5.0 (Windows NT 6.0; rv:10.0.1) Gecko/20100101 Firefox/10.0.1"
88.102.169.148 - - [17/Nov/2017:16:18:45 +0000] "GET /category/office HTTP/1.1" 200 132 "-" "Mozilla/5.0 (Windows NT 5.1) AppleWebKit/535.11 (KHTML, like Gecko) Chrome/17.0.963.46 Safari/535.11"
200.225.159.107 - - [17/Nov/2017:16:18:50 +0000] "GET /item/electronics/867 HTTP/1.1" 200 83 "/item/books/469" "Mozilla/5.0 (iPhone; CPU iPhone OS 5_0_1 like Mac OS X) AppleWebKit/534.46 (KHTML, like Gecko) Version/5.1 Mobile/9A405 Safari/7534.48.3"
212.213.59.205 - - [17/Nov/2017:16:18:55 +0000] "GET /category/office HTTP/1.1" 200 72 "-" "Mozilla/5.0 (Macintosh; Intel Mac OS X 10.6; rv:9.0.1) Gecko/20100101 Firefox/9.0.1"
92.186.177.75 - - [17/Nov/2017:16:19:00 +0000] "GET /item/computers/770 HTTP/1.1" 200 105 "-" "Mozilla/5.0 (compatible; Googlebot/2.1; +http://www.google.com/bot.html)"
20.165.89.171 - - [17/Nov/2017:16:19:05 +0000] "GET /category/giftcards?from=10 HTTP/1.1" 200 100 "/search/?c=Giftcards+Software" "Mozilla/4.0 (compatible; MSIE 8.0; Windows NT 6.1; WOW64; Trident/4.0; YTB730; GTB7.2; SLCC2; .NET CLR 2.0.50727; .NET CLR 3.5.30729; .NET CLR 3.0.30729; .NET4.0C; .NET4.0E; Media Center PC 6.0)"
108.93.215.147 - - [17/Nov/2017:16:19:10 +0000] "GET /category/networking HTTP/1.1" 200 40 "-" "Mozilla/5.0 (Windows NT 6.0; rv:10.0.1) Gecko/20100101 Firefox/10.0.1"
60.195.75.126 - - [17/Nov/2017:16:19:15 +0000] "GET /category/garden HTTP/1.1" 200 78 "/category/finance" "Mozilla/5.0 (Windows NT 6.0; rv:10.0.1) Gecko/20100101 Firefox/10.0.1"
52.153.207.187 - - [17/Nov/2017:16:19:20 +0000] "GET /category/books HTTP/1.1" 200 84 "/item/finance/4075" "Mozilla/4.0 (compatible; MSIE 8.0; Windows NT 6.1; Trident/4.0; YTB730; SLCC2; .NET CLR 2.0.50727; .NET CLR 3.5.30729; .NET CLR 3.0.30729; Media Center PC 6.0; .NET4.0C)"
144.72.194.63 - - [17/Nov/2017:16:19:25 +0000] "GET /category/finance?from=20 HTTP/1.1" 200 116 "/item/sports/2911" "Mozilla/4.0 (compatible; MSIE 8.0; Windows NT 6.1; WOW64; Trident/4.0; GTB7.2; SLCC2; .NET CLR 2.0.50727; .NET CLR 3.5.30729; .NET CLR 3.0.30729; Media Center PC 6.0; .NET4.0C)"
112.159.47.221 - - [17/Nov/2017:16:19:30 +0000] "GET /category/electronics HTTP/1.1" 200 61 "/item/office/863" "Mozilla/5.0 (Windows NT 6.0; rv:10.0.1) Gecko/20100101 Firefox/10.0.1"
68.195.70.77 - - [17/Nov/2017:16:19:35 +0000] "GET /item/networking/2266 HTTP/1.1" 404 75 "-" "Mozilla/5.0 (Windows NT 5.1) AppleWebKit/535.11 (KHTML, like Gecko) Chrome/17.0.963.46 Safari/535.11"
208.54.112.203 - - [17/Nov/2017:16:19:40 +0000] "GET /item/software/1046 HTTP/1.1" 200 90 "/category/software" "Mozilla/5.0 (compatible; MSIE 9.0; Windows NT 6.1; Trident/5.0)"
176.93.138.138 - - [17/Nov/2017:16:19:45 +0000] "GET /category/finance HTTP/1.1" 200 125 "-" "Mozilla/5.0 (Windows NT 6.1; WOW64) AppleWebKit/535.7 (KHTML, like Gecko) Chrome/16.0.912.77 Safari/535.7"
84.189.135.46 - - [17/Nov/2017:16:19:50 +0000] "GET /category/electronics HTTP/1.1" 200 113 "/category/finance" "Mozilla/4.0 (compatible; MSIE 8.0; Windows NT 6.1; WOW64; Trident/4.0; GTB7.2; SLCC2; .NET CLR 2.0.50727; .NET CLR 3.5.30729; .NET CLR 3.0.30729; Media Center PC 6.0; .NET4.0C)"
152.150.118.201 - - [17/Nov/2017:16:19:55 +0000] "GET /category/software HTTP/1.1" 200 103 "-" "Mozilla/5.0 (Windows NT 6.1; WOW64) AppleWebKit/535.7 (KHTML, like Gecko) Chrome/16.0.912.77 Safari/535.7"
196.168.199.146 - - [17/Nov/2017:16:20:00 +0000] "GET /item/electronics/2101 HTTP/1.1" 200 84 "-" "Mozilla/5.0 (Windows NT 6.1; WOW64) AppleWebKit/535.7 (KHTML, like Gecko) Chrome/16.0.912.77 Safari/535.7"
216.144.153.181 - - [17/Nov/2017:16:20:05 +0000] "GET /item/jewelry/428 HTTP/1.1" 200 53 "/category/electronics" "Mozilla/5.0 (Macintosh; Intel Mac OS X 10.6; rv:9.0.1) Gecko/20100101 Firefox/9.0.1"
224.171.144.182 - - [17/Nov/2017:16:20:10 +0000] "GET /category/jewelry HTTP/1.1" 200 80 "-" "Mozilla/5.0 (Windows NT 6.0; rv:10.0.1) Gecko/20100101 Firefox/10.0.1"
20.45.119.184 - - [17/Nov/2017:16:20:15 +0000] "GET /item/books/3336 HTTP/1.1" 200 88 "/category/games" "Mozilla/5.0 (compatible; MSIE 9.0; Windows NT 6.1; WOW64; Trident/5.0)"
148.84.138.22 - - [17/Nov/2017:16:20:20 +0000] "GET /category/computers HTTP/1.1" 200 131 "-" "Mozilla/5.0 (Windows NT 6.0; rv:10.0.1) Gecko/20100101 Firefox/10.0.1"
100.171.120.84 - - [17/Nov/2017:16:20:25 +0000] "GET /item/electronics/1 HTTP/1.1" 200 128 "-" "Mozilla/5.0 (compatible; Googlebot/2.1; +http://www.google.com/bot.html)"
140.72.79.22 - - [17/Nov/2017:16:20:30 +0000] "GET /item/software/2711 HTTP/1.1" 200 89 "/category/finance" "Mozilla/4.0 (compatible; MSIE 8.0; Windows NT 6.1; Trident/4.0; YTB730; SLCC2; .NET CLR 2.0.50727; .NET CLR 3.5.30729; .NET CLR 3.0.30729; Media Center PC 6.0; .NET4.0C)"
140.204.32.148 - - [17/Nov/2017:16:20:35 +0000] "GET /category/software HTTP/1.1" 200 43 "-" "Mozilla/4.0 (compatible; MSIE 8.0; Windows NT 5.1; Trident/4.0; BTRS122159; GTB7.2; .NET CLR 1.1.4322; .NET CLR 2.0.50727; .NET CLR 3.0.04506.30; .NET CLR 3.0.4506.2152; .NET CLR 3.5.30729; BRI/2)"
148.63.165.61 - - [17/Nov/2017:16:20:40 +0000] "GET /item/office/863 HTTP/1.1" 200 125 "/category/health" "Mozilla/5.0 (Macintosh; Intel Mac OS X 10.6; rv:9.0.1) Gecko/20100101 Firefox/9.0.1"
156.132.137.129 - - [17/Nov/2017:16:20:45 +0000] "GET /category/electronics HTTP/1.1" 200 83 "/category/electronics" "Mozilla/5.0 (compatible; Googlebot/2.1; +http://www.google.com/bot.html)"
156.132.137.129 - - [17/Nov/2017:16:20:50 +0000] "GET /item/software/4545 HTTP/1.1" 200 135 "/item/jewelry/1164" "Mozilla/4.0 (compatible; MSIE 8.0; Windows NT 6.1; WOW64; Trident/4.0; YTB730; GTB7.2; EasyBits GO v1.0; SLCC2; .NET CLR 2.0.50727; .NET CLR 3.5.30729; .NET CLR 3.0.30729; Media Center PC 6.0; .NET4.0C)"
168.60.103.103 - - [17/Nov/2017:16:20:55 +0000] "GET /category/software HTTP/1.1" 200 81 "/category/electronics" "Mozilla/4.0 (compatible; MSIE 8.0; Windows NT 5.1; Trident/4.0; YTB720; GTB7.2; .NET CLR 1.1.4322; .NET CLR 2.0.50727; .NET CLR 3.0.4506.2152; .NET CLR 3.5.30729)"
204.60.81.51 - - [17/Nov/2017:16:21:00 +0000] "GET /category/software HTTP/1.1" 200 108 "/category/books?from=20" "Mozilla/5.0 (compatible; MSIE 9.0; Windows NT 6.1; WOW64; Trident/5.0)"
220.24.100.197 - - [17/Nov/2017:16:21:05 +0000] "GET /category/games?from=20 HTTP/1.1" 200 42 "-" "Mozilla/5.0 (compatible; Googlebot/2.1; +http://www.google.com/bot.html)"
124.180.126.94 - - [17/Nov/2017:16:21:10 +0000] "GET /category/electronics HTTP/1.1" 200 54 "/item/games/4604" "Mozilla/4.0 (compatible; MSIE 8.0; Windows NT 6.1; WOW64; Trident/4.0; YTB730; GTB7.2; SLCC2; .NET CLR 2.0.50727; .NET CLR 3.5.30729; .NET CLR 3.0.30729; .NET4.0C; .NET4.0E; Media Center PC 6.0)"
224.159.219.206 - - [17/Nov/2017:16:21:15 +0000] "GET /category/toys HTTP/1.1" 200 128 "-" "Mozilla/5.0 (compatible; MSIE 9.0; Windows NT 6.1; Trident/5.0)"
164.219.67.33 - - [17/Nov/2017:16:21:20 +0000] "GET /category/software HTTP/1.1" 200 71 "-" "Mozilla/5.0 (compatible; MSIE 9.0; Windows NT 6.1; WOW64; Trident/5.0)"
124.99.44.123 - - [17/Nov/2017:16:21:25 +0000] "GET /item/books/4255 HTTP/1.1" 200 108 "/search/?c=Electronics" "Mozilla/5.0 (compatible; MSIE 9.0; Windows NT 6.1; Trident/5.0)"
92.186.177.75 - - [17/Nov/2017:16:21:30 +0000] "GET /category/music?from=10 HTTP/1.1" 200 101 "-" "Mozilla/4.0 (compatible; MSIE 8.0; Windows NT 5.1; Trident/4.0; BTRS122159; GTB7.2; .NET CLR 1.1.4322; .NET CLR 2.0.50727; .NET CLR 3.0.04506.30; .NET CLR 3.0.4506.2152; .NET CLR 3.5.30729; BRI/2)"
80.81.66.77 - - [17/Nov/2017:16:21:35 +0000] "GET /category/books HTTP/1.1" 200 129 "-" "Mozilla/4.0 (compatible; MSIE 8.0; Windows NT 6.1; WOW64; Trident/4.0; GTB7.2; SLCC2; .NET CLR 2.0.50727; .NET CLR 3.5.30729; .NET CLR 3.0.30729; Media Center PC 6.0; .NET4.0C)"
68.33.56.24 - - [17/Nov/2017:16:21:40 +0000] "GET /category/finance HTTP/1.1" 200 125 "/category/electronics" "Mozilla/5.0 (Windows NT 6.0; rv:10.0.1) Gecko/20100101 Firefox/10.0.1"
120.129.24.195 - - [17/Nov/2017:16:21:45 +0000] "GET /item/health/3613 HTTP/1.1" 200 90 "-" "Mozilla/4.0 (compatible; MSIE 8.0; Windows NT 6.1; WOW64; Trident/4.0; YTB730; GTB7.2; EasyBits GO v1.0; SLCC2; .NET CLR 2.0.50727; .NET CLR 3.5.30729; .NET CLR 3.0.30729; Media Center PC 6.0; .NET4.0C)"
212.66.174.222 - - [17/Nov/2017:16:21:50 +0000] "GET /category/computers HTTP/1.1" 200 131 "/category/electronics" "Mozilla/5.0 (iPad; CPU OS 5_0_1 like Mac OS X) AppleWebKit/534.46 (KHTML, like Gecko) Version/5.1 Mobile/9A405 Safari/7534.48.3"
168.108.147.195 - - [17/Nov/2017:16:21:55 +0000] "GET /category/games HTTP/1.1" 200 47 "/category/software" "Mozilla/5.0 (Windows NT 6.0; rv:10.0.1) Gecko/20100101 Firefox/10.0.1"
204.162.54.90 - - [17/Nov/2017:16:22:00 +0000] "GET /item/networking/67 HTTP/1.1" 200 52 "-" "Mozilla/5.0 (Windows NT 6.0; rv:10.0.1) Gecko/20100101 Firefox/10.0.1"
108.78.86.154 - - [17/Nov/2017:16:22:05 +0000] "GET /category/electronics?from=0 HTTP/1.1" 200 102 "/search/?c=Electronics" "Mozilla/5.0 (Windows NT 6.1; WOW64) AppleWebKit/535.7 (KHTML, like Gecko) Chrome/16.0.912.77 Safari/535.7"
36.219.69.202 - - [17/Nov/2017:16:22:10 +0000] "GET /category/electronics HTTP/1.1" 200 101 "-" "Mozilla/5.0 (compatible; Googlebot/2.1; +http://www.google.com/bot.html)"
24.162.227.115 - - [17/Nov/2017:16:22:15 +0000] "GET /category/electronics HTTP/1.1" 200 47 "/category/networking?from=10" "Mozilla/4.0 (compatible; MSIE 8.0; Windows NT 6.1; WOW64; Trident/4.0; YTB730; GTB7.2; SLCC2; .NET CLR 2.0.50727; .NET CLR 3.5.30729; .NET CLR 3.0.30729; .NET4.0C; .NET4.0E; Media Center PC 6.0)"
200.153.109.43 - - [17/Nov/2017:16:22:20 +0000] "GET /item/computers/1943 HTTP/1.1" 200 77 "/category/books" "Mozilla/5.0 (Windows NT 6.1; WOW64; rv:10.0.1) Gecko/20100101 Firefox/10.0.1"
208.180.46.35 - - [17/Nov/2017:16:22:25 +0000] "GET /category/electronics?from=10 HTTP/1.1" 200 88 "/category/electronics" "Mozilla/5.0 (compatible; MSIE 9.0; Windows NT 6.1; Trident/5.0)"
156.174.158.57 - - [17/Nov/2017:16:22:30 +0000] "GET /category/electronics HTTP/1.1" 200 104 "/item/finance/4100" "Mozilla/5.0 (Windows NT 6.0; rv:10.0.1) Gecko/20100101 Firefox/10.0.1"
164.186.39.214 - - [17/Nov/2017:16:22:35 +0000] "GET /category/electronics HTTP/1.1" 200 139 "/item/games/2215" "Mozilla/4.0 (compatible; MSIE 8.0; Windows NT 6.1; Trident/4.0; YTB730; SLCC2; .NET CLR 2.0.50727; .NET CLR 3.5.30729; .NET CLR 3.0.30729; Media Center PC 6.0; .NET4.0C)"
200.102.224.162 - - [17/Nov/2017:16:22:40 +0000] "GET /category/books?from=20 HTTP/1.1" 200 121 "/item/health/4027" "Mozilla/5.0 (Macintosh; Intel Mac OS X 10.6; rv:9.0.1) Gecko/20100101 Firefox/9.0.1"
40.168.92.164 - - [17/Nov/2017:16:22:45 +0000] "GET /category/giftcards HTTP/1.1" 200 81 "-" "Mozilla/5.0 (Macintosh; Intel Mac OS X 10.6; rv:9.0.1) Gecko/20100101 Firefox/9.0.1"
60.225.108.28 - - [17/Nov/2017:16:22:50 +0000] "GET /item/games/110 HTTP/1.1" 200 48 "-" "Mozilla/5.0 (Windows NT 6.1; WOW64; rv:10.0.1) Gecko/20100101 Firefox/10.0.1"
188.198.226.23 - - [17/Nov/2017:16:22:55 +0000] "GET /category/electronics HTTP/1.1" 200 115 "-" "Mozilla/5.0 (Windows NT 6.1; WOW64; rv:10.0.1) Gecko/20100101 Firefox/10.0.1"
96.195.40.31 - - [17/Nov/2017:16:23:00 +0000] "GET /category/office HTTP/1.1" 200 46 "-" "Mozilla/5.0 (Windows NT 6.0; rv:10.0.1) Gecko/20100101 Firefox/10.0.1"
160.207.59.34 - - [17/Nov/2017:16:23:05 +0000] "GET /item/electronics/1911 HTTP/1.1" 200 122 "/category/games" "Mozilla/4.0 (compatible; MSIE 8.0; Windows NT 5.1; Trident/4.0; YTB720; GTB7.2; .NET CLR 1.1.4322; .NET CLR 2.0.50727; .NET CLR 3.0.4506.2152; .NET CLR 3.5.30729)"
168.108.147.195 - - [17/Nov/2017:16:23:10 +0000] "GET /category/garden HTTP/1.1" 200 52 "-" "Mozilla/5.0 (Windows NT 6.1; WOW64) AppleWebKit/535.7 (KHTML, like Gecko) Chrome/16.0.912.77 Safari/535.7"
176.204.131.157 - - [17/Nov/2017:16:23:15 +0000] "GET /category/jewelry HTTP/1.1" 200 137 "-" "Mozilla/5.0 (compatible; MSIE 9.0; Windows NT 6.1; Trident/5.0)"
172.165.66.62 - - [17/Nov/2017:16:23:20 +0000] "GET /item/computers/3135 HTTP/1.1" 200 107 "-" "Mozilla/5.0 (compatible; MSIE 9.0; Windows NT 6.1; WOW64; Trident/5.0)"
164.75.155.177 - - [17/Nov/2017:16:23:25 +0000] "GET /item/toys/1283 HTTP/1.1" 200 49 "/category/books" "Mozilla/4.0 (compatible; MSIE 8.0; Windows NT 6.1; WOW64; Trident/4.0; YTB730; GTB7.2; SLCC2; .NET CLR 2.0.50727; .NET CLR 3.5.30729; .NET CLR 3.0.30729; .NET4.0C; .NET4.0E; Media Center PC 6.0)"
204.57.93.50 - - [17/Nov/2017:16:23:30 +0000] "GET /category/electronics HTTP/1.1" 200 115 "-" "Mozilla/4.0 (compatible; MSIE 8.0; Windows NT 6.1; WOW64; Trident/4.0; YTB730; GTB7.2; SLCC2; .NET CLR 2.0.50727; .NET CLR 3.5.30729; .NET CLR 3.0.30729; .NET4.0C; .NET4.0E; Media Center PC 6.0)"
76.183.228.91 - - [17/Nov/2017:16:23:35 +0000] "GET /item/computers/3585 HTTP/1.1" 200 65 "/category/computers" "Mozilla/5.0 (compatible; MSIE 9.0; Windows NT 6.1; WOW64; Trident/5.0)"
144.129.150.26 - - [17/Nov/2017:16:23:40 +0000] "GET /category/sports HTTP/1.1" 200 98 "/category/jewelry" "Mozilla/5.0 (Windows NT 6.1; WOW64) AppleWebKit/535.7 (KHTML, like Gecko) Chrome/16.0.912.77 Safari/535.7"
220.153.74.79 - - [17/Nov/2017:16:23:45 +0000] "GET /category/finance HTTP/1.1" 200 76 "-" "Mozilla/4.0 (compatible; MSIE 8.0; Windows NT 6.1; WOW64; Trident/4.0; YTB730; GTB7.2; SLCC2; .NET CLR 2.0.50727; .NET CLR 3.5.30729; .NET CLR 3.0.30729; .NET4.0C; .NET4.0E; Media Center PC 6.0)"
224.117.61.161 - - [17/Nov/2017:16:23:50 +0000] "GET /category/electronics HTTP/1.1" 200 71 "-" "Mozilla/4.0 (compatible; MSIE 8.0; Windows NT 6.1; WOW64; Trident/4.0; YTB730; GTB7.2; SLCC2; .NET CLR 2.0.50727; .NET CLR 3.5.30729; .NET CLR 3.0.30729; .NET4.0C; .NET4.0E; Media Center PC 6.0)"
196.168.199.146 - - [17/Nov/2017:16:23:55 +0000] "GET /category/software HTTP/1.1" 200 98 "/category/books" "Mozilla/5.0 (Windows NT 6.0) AppleWebKit/535.11 (KHTML, like Gecko) Chrome/17.0.963.56 Safari/535.11"
184.225.210.39 - - [17/Nov/2017:16:24:00 +0000] "GET /item/electronics/1628 HTTP/1.1" 200 139 "-" "Mozilla/5.0 (compatible; MSIE 9.0; Windows NT 6.1; Trident/5.0)"
120.111.204.203 - - [17/Nov/2017:16:24:05 +0000] "GET /category/games?from=0 HTTP/1.1" 200 70 "-" "Mozilla/5.0 (compatible; MSIE 9.0; Windows NT 6.1; WOW64; Trident/5.0)"
188.96.51.51 - - [17/Nov/2017:16:24:10 +0000] "GET /category/finance HTTP/1.1" 200 76 "/item/games/2649" "Mozilla/5.0 (Windows NT 5.1) AppleWebKit/535.11 (KHTML, like Gecko) Chrome/17.0.963.46 Safari/535.11"
152.48.198.194 - - [17/Nov/2017:16:24:15 +0000] "GET /category/games HTTP/1.1" 200 50 "/category/games" "Mozilla/4.0 (compatible; MSIE 8.0; Windows NT 6.1; WOW64; Trident/4.0; YTB730; GTB7.2; EasyBits GO v1.0; SLCC2; .NET CLR 2.0.50727; .NET CLR 3.5.30729; .NET CLR 3.0.30729; Media Center PC 6.0; .NET4.0C)"
208.207.38.30 - - [17/Nov/2017:16:24:20 +0000] "POST /search/?c=Electronics+Books HTTP/1.1" 200 134 "/item/electronics/3224" "Mozilla/4.0 (compatible; MSIE 8.0; Windows NT 6.0; WOW64; Trident/4.0; GTB6; SLCC1; .NET CLR 2.0.50727; Media Center PC 5.0; .NET CLR 3.5.30729; .NET CLR 3.0.30618; .NET4.0C)"
152.51.200.216 - - [17/Nov/2017:16:24:25 +0000] "GET /category/networking?from=10 HTTP/1.1" 200 59 "/category/networking" "Mozilla/5.0 (Windows NT 6.0; rv:10.0.1) Gecko/20100101 Firefox/10.0.1"
84.21.159.189 - - [17/Nov/2017:16:24:30 +0000] "GET /item/health/1094 HTTP/1.1" 200 86 "/category/software" "Mozilla/5.0 (Windows NT 6.0) AppleWebKit/535.11 (KHTML, like Gecko) Chrome/17.0.963.56 Safari/535.11"
152.72.100.218 - - [17/Nov/2017:16:24:35 +0000] "POST /search/?c=Networking HTTP/1.1" 200 66 "-" "Mozilla/5.0 (iPhone; CPU iPhone OS 5_0_1 like Mac OS X) AppleWebKit/534.46 (KHTML, like Gecko) Version/5.1 Mobile/9A405 Safari/7534.48.3"
128.72.102.177 - - [17/Nov/2017:16:24:40 +0000] "GET /item/electronics/1433 HTTP/1.1" 200 107 "-" "Mozilla/5.0 (Windows NT 6.0; rv:10.0.1) Gecko/20100101 Firefox/10.0.1"
44.132.127.218 - - [17/Nov/2017:16:24:45 +0000] "GET /category/books?from=10 HTTP/1.1" 200 99 "/category/books" "Mozilla/5.0 (iPad; CPU OS 5_0_1 like Mac OS X) AppleWebKit/534.46 (KHTML, like Gecko) Version/5.1 Mobile/9A405 Safari/7534.48.3"
152.45.194.229 - - [17/Nov/2017:16:24:50 +0000] "GET /item/electronics/950 HTTP/1.1" 200 92 "-" "Mozilla/5.0 (Windows NT 6.1; WOW64) AppleWebKit/535.7 (KHTML, like Gecko) Chrome/16.0.912.77 Safari/535.7"
224.93.67.44 - - [17/Nov/2017:16:24:55 +0000] "GET /item/networking/4421 HTTP/1.1" 200 47 "-" "Mozilla/4.0 (compatible; MSIE 8.0; Windows NT 6.1; WOW64; Trident/4.0; GTB7.2; SLCC2; .NET CLR 2.0.50727; .NET CLR 3.5.30729; .NET CLR 3.0.30729; Media Center PC 6.0; .NET4.0C)"
176.171.208.90 - - [17/Nov/2017:16:25:00 +0000] "GET /item/garden/4383 HTTP/1.1" 200 95 "/category/software" "Mozilla/5.0 (compatible; Googlebot/2.1; +http://www.google.com/bot.html)"
64.30.21.149 - - [17/Nov/2017:16:25:05 +0000] "GET /item/electronics/4788 HTTP/1.1" 200 46 "/search/?c=Music" "Mozilla/5.0 (Windows NT 6.1; WOW64) AppleWebKit/535.11 (KHTML, like Gecko) Chrome/17.0.963.56 Safari/535.11"
168.150.74.102 - - [17/Nov/2017:16:25:10 +0000] "GET /item/software/875 HTTP/1.1" 200 132 "/search/?c=Software" "Mozilla/5.0 (Windows NT 6.0) AppleWebKit/535.11 (KHTML, like Gecko) Chrome/17.0.963.56 Safari/535.11"
128.63.115.118 - - [17/Nov/2017:16:25:15 +0000] "GET /item/electronics/2563 HTTP/1.1" 200 81 "/category/office?from=0" "Mozilla/5.0 (Macintosh; Intel Mac OS X 10.6; rv:9.0.1) Gecko/20100101 Firefox/9.0.1"
152.63.117.36 - - [17/Nov/2017:16:25:20 +0000] "GET /category/electronics HTTP/1.1" 200 75 "http://www.google.com/search?ie=UTF-8&q=google&sclient=psy-ab&q=Electronics+Books&oq=Electronics+Books&aq=f&aqi=g-vL1&aql=&pbx=1&bav=on.2,or.r_gc.r_pw.r_qf.,cf.osb&biw=4164&bih=302" "Mozilla/4.0 (compatible; MSIE 8.0; Windows NT 5.1; Trident/4.0; BTRS122159; GTB7.2; .NET CLR 1.1.4322; .NET CLR 2.0.50727; .NET CLR 3.0.04506.30; .NET CLR 3.0.4506.2152; .NET CLR 3.5.30729; BRI/2)"
100.195.21.152 - - [17/Nov/2017:16:25:25 +0000] "GET /category/toys HTTP/1.1" 200 41 "/category/networking" "Mozilla/4.0 (compatible; MSIE 8.0; Windows NT 6.1; Trident/4.0; YTB730; SLCC2; .NET CLR 2.0.50727; .NET CLR 3.5.30729; .NET CLR 3.0.30729; Media Center PC 6.0; .NET4.0C)"
48.57.65.104 - - [17/Nov/2017:16:25:30 +0000] "GET /category/electronics HTTP/1.1" 200 128 "/item/music/4004" "Mozilla/5.0 (Macintosh; Intel Mac OS X 10.6; rv:9.0.1) Gecko/20100101 Firefox/9.0.1"
28.96.205.110 - - [17/Nov/2017:16:25:35 +0000] "GET /item/health/3531 HTTP/1.1" 200 50 "/category/software" "Mozilla/4.0 (compatible; MSIE 8.0; Windows NT 5.1; Trident/4.0; BTRS122159; GTB7.2; .NET CLR 1.1.4322; .NET CLR 2.0.50727; .NET CLR 3.0.04506.30; .NET CLR 3.0.4506.2152; .NET CLR 3.5.30729; BRI/2)"
108.63.102.146 - - [17/Nov/2017:16:25:40 +0000] "POST /search/?c=Software+Electronics HTTP/1.1" 200 99 "-" "Mozilla/5.0 (Windows NT 6.0; rv:10.0.1) Gecko/20100101 Firefox/10.0.1"
216.219.89.75 - - [17/Nov/2017:16:25:45 +0000] "GET /item/electronics/1706 HTTP/1.1" 200 119 "-" "Mozilla/5.0 (Windows NT 6.0) AppleWebKit/535.11 (KHTML, like Gecko) Chrome/17.0.963.56 Safari/535.11"
184.210.102.195 - - [17/Nov/2017:16:25:50 +0000] "GET /category/office HTTP/1.1" 200 42 "-" "Mozilla/5.0 (Windows NT 6.1; WOW64) AppleWebKit/535.11 (KHTML, like Gecko) Chrome/17.0.963.56 Safari/535.11"
20.27.98.157 - - [17/Nov/2017:16:25:55 +0000] "GET /category/office HTTP/1.1" 200 88 "-" "Mozilla/5.0 (compatible; MSIE 9.0; Windows NT 6.1; Trident/5.0)"
124.210.121.29 - - [17/Nov/2017:16:26:00 +0000] "GET /category/cameras?from=20 HTTP/1.1" 200 63 "/category/books" "Mozilla/5.0 (compatible; MSIE 9.0; Windows NT 6.1; Trident/5.0)"
64.138.87.214 - - [17/Nov/2017:16:26:05 +0000] "GET /category/garden HTTP/1.1" 200 134 "-" "Mozilla/5.0 (compatible; MSIE 9.0; Windows NT 6.1; WOW64; Trident/5.0)"
152.87.67.123 - - [17/Nov/2017:16:26:10 +0000] "GET /category/electronics HTTP/1.1" 200 50 "/category/cameras" "Mozilla/5.0 (Windows NT 6.1; WOW64) AppleWebKit/535.7 (KHTML, like Gecko) Chrome/16.0.912.77 Safari/535.7"
148.126.188.205 - - [17/Nov/2017:16:26:15 +0000] "GET /item/office/2035 HTTP/1.1" 200 120 "/category/music?from=20" "Mozilla/5.0 (Windows NT 6.1; WOW64; rv:10.0.1) Gecko/20100101 Firefox/10.0.1"
216.222.35.46 - - [17/Nov/2017:16:26:20 +0000] "GET /item/toys/2543 HTTP/1.1" 200 73 "-" "Mozilla/5.0 (compatible; MSIE 9.0; Windows NT 6.1; WOW64; Trident/5.0)"
184.156.203.71 - - [17/Nov/2017:16:26:25 +0000] "GET /item/giftcards/4757 HTTP/1.1" 200 102 "http://www.google.com/search?ie=UTF-8&q=google&sclient=psy-ab&q=Giftcards&oq=Giftcards&aq=f&aqi=g-vL1&aql=&pbx=1&bav=on.2,or.r_gc.r_pw.r_qf.,cf.osb&biw=1786&bih=330" "Mozilla/5.0 (Windows NT 6.1; WOW64) AppleWebKit/535.7 (KHTML, like Gecko) Chrome/16.0.912.77 Safari/535.7"
128.177.137.56 - - [17/Nov/2017:16:26:30 +0000] "GET /item/electronics/3972 HTTP/1.1" 200 114 "-" "Mozilla/5.0 (Windows NT 6.0; rv:10.0.1) Gecko/20100101 Firefox/10.0.1"
192.168.159.47 - - [17/Nov/2017:16:26:35 +0000] "GET /item/music/1695 HTTP/1.1" 200 97 "/search/?c=Books+Electronics" "Mozilla/4.0 (compatible; MSIE 8.0; Windows NT 6.1; WOW64; Trident/4.0; GTB7.2; SLCC2; .NET CLR 2.0.50727; .NET CLR 3.5.30729; .NET CLR 3.0.30729; Media Center PC 6.0; .NET4.0C)"
60.195.75.126 - - [17/Nov/2017:16:26:40 +0000] "GET /category/computers HTTP/1.1" 200 45 "-" "Mozilla/5.0 (Windows NT 6.0) AppleWebKit/535.11 (KHTML, like Gecko) Chrome/17.0.963.56 Safari/535.11"
148.51.21.124 - - [17/Nov/2017:16:26:45 +0000] "GET /category/books HTTP/1.1" 200 88 "-" "Mozilla/5.0 (compatible; MSIE 9.0; Windows NT 6.1; WOW64; Trident/5.0)"
80.132.181.27 - - [17/Nov/2017:16:26:50 +0000] "GET /category/books?from=10 HTTP/1.1" 200 137 "-" "Mozilla/5.0 (Macintosh; Intel Mac OS X 10.6; rv:9.0.1) Gecko/20100101 Firefox/9.0.1"
100.66.170.80 - - [17/Nov/2017:16:26:55 +0000] "GET /category/jewelry HTTP/1.1" 200 95 "-" "Mozilla/5.0 (Macintosh; Intel Mac OS X 10.6; rv:9.0.1) Gecko/20100101 Firefox/9.0.1"
108.225.225.104 - - [17/Nov/2017:16:27:00 +0000] "GET /item/finance/4100 HTTP/1.1" 200 84 "/item/finance/2872" "Mozilla/5.0 (iPad; CPU OS 5_0_1 like Mac OS X) AppleWebKit/534.46 (KHTML, like Gecko) Version/5.1 Mobile/9A405 Safari/7534.48.3"
220.189.195.98 - - [17/Nov/2017:16:27:05 +0000] "GET /category/books HTTP/1.1" 200 80 "-" "Mozilla/5.0 (Windows NT 6.1; WOW64) AppleWebKit/535.7 (KHTML, like Gecko) Chrome/16.0.912.77 Safari/535.7"
80.120.169.42 - - [17/Nov/2017:16:27:10 +0000] "GET /category/health HTTP/1.1" 200 127 "/category/office" "Mozilla/5.0 (Windows NT 6.1; WOW64; rv:10.0.1) Gecko/20100101 Firefox/10.0.1"
140.57.182.120 - - [17/Nov/2017:16:27:15 +0000] "GET /item/electronics/4629 HTTP/1.1" 200 83 "/category/electronics" "Mozilla/5.0 (Windows NT 6.0) AppleWebKit/535.11 (KHTML, like Gecko) Chrome/17.0.963.56 Safari/535.11"
88.228.108.129 - - [17/Nov/2017:16:27:20 +0000] "GET /category/jewelry HTTP/1.1" 200 40 "/search/?c=Software+Electronics" "Mozilla/4.0 (compatible; MSIE 8.0; Windows NT 6.1; WOW64; Trident/4.0; YTB730; GTB7.2; SLCC2; .NET CLR 2.0.50727; .NET CLR 3.5.30729; .NET CLR 3.0.30729; .NET4.0C; .NET4.0E; Media Center PC 6.0)"
188.171.194.118 - - [17/Nov/2017:16:27:25 +0000] "GET /item/music/1760 HTTP/1.1" 200 112 "/search/?c=Software" "Mozilla/4.0 (compatible; MSIE 8.0; Windows NT 6.1; Trident/4.0; YTB730; SLCC2; .NET CLR 2.0.50727; .NET CLR 3.5.30729; .NET CLR 3.0.30729; Media Center PC 6.0; .NET4.0C)"
68.183.57.183 - - [17/Nov/2017:16:27:30 +0000] "GET /item/electronics/3529 HTTP/1.1" 404 122 "/category/sports?from=0" "Mozilla/4.0 (compatible; MSIE 8.0; Windows NT 6.0; WOW64; Trident/4.0; GTB6; SLCC1; .NET CLR 2.0.50727; Media Center PC 5.0; .NET CLR 3.5.30729; .NET CLR 3.0.30618; .NET4.0C)"
128.123.27.92 - - [17/Nov/2017:16:27:35 +0000] "GET /category/sports HTTP/1.1" 200 56 "/category/computers" "Mozilla/5.0 (Macintosh; Intel Mac OS X 10.6; rv:9.0.1) Gecko/20100101 Firefox/9.0.1"
84.162.134.68 - - [17/Nov/2017:16:27:40 +0000] "GET /item/electronics/1828 HTTP/1.1" 200 57 "/category/software" "Mozilla/4.0 (compatible; MSIE 8.0; Windows NT 5.1; Trident/4.0; BTRS122159; GTB7.2; .NET CLR 1.1.4322; .NET CLR 2.0.50727; .NET CLR 3.0.04506.30; .NET CLR 3.0.4506.2152; .NET CLR 3.5.30729; BRI/2)"
148.18.219.25 - - [17/Nov/2017:16:27:45 +0000] "GET /category/electronics HTTP/1.1" 200 50 "-" "Mozilla/5.0 (Windows NT 6.0; rv:10.0.1) Gecko/20100101 Firefox/10.0.1"
180.60.171.28 - - [17/Nov/2017:16:27:50 +0000] "GET /item/finance/1103 HTTP/1.1" 200 109 "/category/health" "Mozilla/5.0 (Windows NT 6.1; WOW64; rv:10.0.1) Gecko/20100101 Firefox/10.0.1"
176.93.138.138 - - [17/Nov/2017:16:27:55 +0000] "GET /item/games/4058 HTTP/1.1" 200 94 "/category/electronics" "Mozilla/5.0 (Windows NT 6.1; WOW64) AppleWebKit/535.11 (KHTML, like Gecko) Chrome/17.0.963.56 Safari/535.11"
212.45.141.113 - - [17/Nov/2017:16:28:00 +0000] "GET /category/office HTTP/1.1" 200 120 "/item/software/2487" "Mozilla/4.0 (compatible; MSIE 8.0; Windows NT 6.1; WOW64; Trident/4.0; YTB730; GTB7.2; SLCC2; .NET CLR 2.0.50727; .NET CLR 3.5.30729; .NET CLR 3.0.30729; .NET4.0C; .NET4.0E; Media Center PC 6.0)"
216.81.116.200 - - [17/Nov/2017:16:28:05 +0000] "GET /item/garden/348 HTTP/1.1" 200 50 "-" "Mozilla/5.0 (Windows NT 6.1; WOW64) AppleWebKit/535.7 (KHTML, like Gecko) Chrome/16.0.912.77 Safari/535.7"
108.174.61.62 - - [17/Nov/2017:16:28:10 +0000] "GET /item/books/570 HTTP/1.1" 200 92 "/category/software" "Mozilla/4.0 (compatible; MSIE 8.0; Windows NT 6.1; WOW64; Trident/4.0; YTB730; GTB7.2; SLCC2; .NET CLR 2.0.50727; .NET CLR 3.5.30729; .NET CLR 3.0.30729; .NET4.0C; .NET4.0E; Media Center PC 6.0)"
160.117.214.164 - - [17/Nov/2017:16:28:15 +0000] "GET /item/finance/4175 HTTP/1.1" 200 42 "/category/electronics" "Mozilla/5.0 (Windows NT 6.1; WOW64) AppleWebKit/535.11 (KHTML, like Gecko) Chrome/17.0.963.56 Safari/535.11"
212.192.182.120 - - [17/Nov/2017:16:28:20 +0000] "GET /item/electronics/4025 HTTP/1.1" 200 124 "/item/garden/4029" "Mozilla/4.0 (compatible; MSIE 8.0; Windows NT 6.1; WOW64; Trident/4.0; YTB730; GTB7.2; EasyBits GO v1.0; SLCC2; .NET CLR 2.0.50727; .NET CLR 3.5.30729; .NET CLR 3.0.30729; Media Center PC 6.0; .NET4.0C)"
60.30.37.117 - - [17/Nov/2017:16:28:25 +0000] "GET /category/office HTTP/1.1" 200 77 "/item/electronics/3298" "Mozilla/5.0 (Windows NT 6.1; WOW64) AppleWebKit/535.11 (KHTML, like Gecko) Chrome/17.0.963.56 Safari/535.11"
20.69.121.129 - - [17/Nov/2017:16:28:30 +0000] "GET /category/electronics HTTP/1.1" 200 63 "-" "Mozilla/5.0 (Windows NT 6.0; rv:10.0.1) Gecko/20100101 Firefox/10.0.1"
176.69.100.211 - - [17/Nov/2017:16:28:35 +0000] "GET /category/games HTTP/1.1" 200 66 "/category/software?from=0" "Mozilla/5.0 (Windows NT 6.1; WOW64) AppleWebKit/535.11 (KHTML, like Gecko) Chrome/17.0.963.56 Safari/535.11"
224.150.137.59 - - [17/Nov/2017:16:28:40 +0000] "GET /category/electronics HTTP/1.1" 200 44 "/search/?c=Electronics+Games" "Mozilla/5.0 (Windows NT 6.1; WOW64) AppleWebKit/535.11 (KHTML, like Gecko) Chrome/17.0.963.56 Safari/535.11"
188.162.174.58 - - [17/Nov/2017:16:28:45 +0000] "GET /item/computers/3996 HTTP/1.1" 200 70 "-" "Mozilla/5.0 (Windows NT 6.1; WOW64) AppleWebKit/535.11 (KHTML, like Gecko) Chrome/17.0.963.56 Safari/535.11"
32.177.40.26 - - [17/Nov/2017:16:28:50 +0000] "GET /category/electronics HTTP/1.1" 200 48 "/item/books/1440" "Mozilla/4.0 (compatible; MSIE 8.0; Windows NT 6.1; WOW64; Trident/4.0; YTB730; GTB7.2; EasyBits GO v1.0; SLCC2; .NET CLR 2.0.50727; .NET CLR 3.5.30729; .NET CLR 3.0.30729; Media Center PC 6.0; .NET4.0C)"
40.33.157.65 - - [17/Nov/2017:16:28:55 +0000] "GET /category/electronics HTTP/1.1" 200 51 "/category/software?from=10" "Mozilla/5.0 (compatible; MSIE 9.0; Windows NT 6.1; Trident/5.0)"
220.99.157.29 - - [17/Nov/2017:16:29:00 +0000] "GET /category/electronics HTTP/1.1" 200 138 "/item/books/3588" "Mozilla/5.0 (Windows NT 6.1; WOW64; rv:10.0.1) Gecko/20100101 Firefox/10.0.1"
108.174.61.62 - - [17/Nov/2017:16:29:05 +0000] "GET /category/cameras HTTP/1.1" 200 48 "-" "Mozilla/4.0 (compatible; MSIE 8.0; Windows NT 6.1; WOW64; Trident/4.0; YTB730; GTB7.2; SLCC2; .NET CLR 2.0.50727; .NET CLR 3.5.30729; .NET CLR 3.0.30729; .NET4.0C; .NET4.0E; Media Center PC 6.0)"
100.42.49.57 - - [17/Nov/2017:16:29:10 +0000] "GET /item/computers/3585 HTTP/1.1" 200 65 "http://www.google.com/search?ie=UTF-8&q=google&sclient=psy-ab&q=Computers+Games&oq=Computers+Games&aq=f&aqi=g-vL1&aql=&pbx=1&bav=on.2,or.r_gc.r_pw.r_qf.,cf.osb&biw=2332&bih=448" "Mozilla/4.0 (compatible; MSIE 8.0; Windows NT 6.1; WOW64; Trident/4.0; YTB730; GTB7.2; EasyBits GO v1.0; SLCC2; .NET CLR 2.0.50727; .NET CLR 3.5.30729; .NET CLR 3.0.30729; Media Center PC 6.0; .NET4.0C)"
144.123.122.206 - - [17/Nov/2017:16:29:15 +0000] "GET /item/software/155 HTTP/1.1" 200 61 "/item/office/1168" "Mozilla/5.0 (Windows NT 6.0; rv:10.0.1) Gecko/20100101 Firefox/10.0.1"
60.51.108.129 - - [17/Nov/2017:16:29:20 +0000] "GET /item/computers/1943 HTTP/1.1" 200 77 "-" "Mozilla/5.0 (Macintosh; Intel Mac OS X 10.6; rv:9.0.1) Gecko/20100101 Firefox/9.0.1"
220.189.195.98 - - [17/Nov/2017:16:29:25 +0000] "GET /item/electronics/2792 HTTP/1.1" 200 114 "/item/electronics/4248" "Mozilla/4.0 (compatible; MSIE 8.0; Windows NT 5.1; Trident/4.0; YTB720; GTB7.2; .NET CLR 1.1.4322; .NET CLR 2.0.50727; .NET CLR 3.0.4506.2152; .NET CLR 3.5.30729)"
120.168.180.96 - - [17/Nov/2017:16:29:30 +0000] "GET /category/garden HTTP/1.1" 200 77 "-" "Mozilla/5.0 (iPad; CPU OS 5_0_1 like Mac OS X) AppleWebKit/534.46 (KHTML, like Gecko) Version/5.1 Mobile/9A405 Safari/7534.48.3"
64.210.40.162 - - [17/Nov/2017:16:29:35 +0000] "GET /item/networking/4421 HTTP/1.1" 200 47 "/item/electronics/3444" "Mozilla/5.0 (compatible; MSIE 9.0; Windows NT 6.1; WOW64; Trident/5.0)"
84.207.145.22 - - [17/Nov/2017:16:29:40 +0000] "GET /category/office HTTP/1.1" 200 96 "-" "Mozilla/5.0 (Windows NT 6.1; WOW64) AppleWebKit/535.11 (KHTML, like Gecko) Chrome/17.0.963.56 Safari/535.11"
60.33.34.174 - - [17/Nov/2017:16:29:45 +0000] "GET /item/electronics/1679 HTTP/1.1" 200 70 "/item/music/2915" "Mozilla/5.0 (Windows NT 5.1) AppleWebKit/535.11 (KHTML, like Gecko) Chrome/17.0.963.46 Safari/535.11"
92.186.177.75 - - [17/Nov/2017:16:29:50 +0000] "GET /item/books/4078 HTTP/1.1" 200 74 "-" "Mozilla/4.0 (compatible; MSIE 8.0; Windows NT 5.1; Trident/4.0; BTRS122159; GTB7.2; .NET CLR 1.1.4322; .NET CLR 2.0.50727; .NET CLR 3.0.04506.30; .NET CLR 3.0.4506.2152; .NET CLR 3.5.30729; BRI/2)"
20.168.121.199 - - [17/Nov/2017:16:29:55 +0000] "GET /item/software/4034 HTTP/1.1" 200 131 "-" "Mozilla/5.0 (Windows NT 6.0) AppleWebKit/535.11 (KHTML, like Gecko) Chrome/17.0.963.56 Safari/535.11"
28.117.160.187 - - [17/Nov/2017:16:30:00 +0000] "GET /item/jewelry/1164 HTTP/1.1" 200 106 "/search/?c=Software+Software" "Mozilla/5.0 (compatible; MSIE 9.0; Windows NT 6.1; Trident/5.0)"
188.36.41.47 - - [17/Nov/2017:16:30:05 +0000] "GET /category/cameras HTTP/1.1" 200 99 "-" "Mozilla/5.0 (Windows NT 6.1; WOW64; rv:10.0.1) Gecko/20100101 Firefox/10.0.1"
196.81.179.31 - - [17/Nov/2017:16:30:10 +0000] "GET /item/health/961 HTTP/1.1" 200 102 "-" "Mozilla/4.0 (compatible; MSIE 8.0; Windows NT 6.0; WOW64; Trident/4.0; GTB6; SLCC1; .NET CLR 2.0.50727; Media Center PC 5.0; .NET CLR 3.5.30729; .NET CLR 3.0.30618; .NET4.0C)"
76.153.22.87 - - [17/Nov/2017:16:30:15 +0000] "GET /category/cameras HTTP/1.1" 200 80 "/category/computers?from=0" "Mozilla/5.0 (Windows NT 6.0; rv:10.0.1) Gecko/20100101 Firefox/10.0.1"
168.69.212.143 - - [17/Nov/2017:16:30:20 +0000] "GET /item/software/2343 HTTP/1.1" 200 81 "/search/?c=Software+Games" "Mozilla/5.0 (compatible; MSIE 9.0; Windows NT 6.1; Trident/5.0)"
92.132.142.60 - - [17/Nov/2017:16:30:25 +0000] "GET /category/electronics HTTP/1.1" 200 51 "-" "Mozilla/5.0 (iPad; CPU OS 5_0_1 like Mac OS X) AppleWebKit/534.46 (KHTML, like Gecko) Version/5.1 Mobile/9A405 Safari/7534.48.3"
216.48.29.169 - - [17/Nov/2017:16:30:30 +0000] "GET /category/toys HTTP/1.1" 200 40 "-" "Mozilla/5.0 (Macintosh; Intel Mac OS X 10.6; rv:9.0.1) Gecko/20100101 Firefox/9.0.1"
156.168.77.168 - - [17/Nov/2017:16:30:35 +0000] "GET /item/electronics/3162 HTTP/1.1" 200 71 "/category/networking" "Mozilla/5.0 (Windows NT 6.1; WOW64) AppleWebKit/535.7 (KHTML, like Gecko) Chrome/16.0.912.77 Safari/535.7"
204.162.85.31 - - [17/Nov/2017:16:30:40 +0000] "GET /category/jewelry HTTP/1.1" 200 137 "/category/electronics?from=20" "Mozilla/5.0 (compatible; MSIE 9.0; Windows NT 6.1; WOW64; Trident/5.0)"
124.186.126.51 - - [17/Nov/2017:16:30:45 +0000] "GET /item/jewelry/2479 HTTP/1.1" 200 126 "/category/electronics" "Mozilla/5.0 (Windows NT 6.1; WOW64; rv:10.0.1) Gecko/20100101 Firefox/10.0.1"
56.36.38.124 - - [17/Nov/2017:16:30:50 +0000] "POST /search/?c=Office HTTP/1.1" 200 138 "-" "Mozilla/5.0 (Windows NT 5.1) AppleWebKit/535.11 (KHTML, like Gecko) Chrome/17.0.963.46 Safari/535.11"
172.204.128.196 - - [17/Nov/2017:16:30:55 +0000] "GET /item/electronics/1828 HTTP/1.1" 200 57 "/item/office/1686" "Mozilla/5.0 (Windows NT 6.0; rv:10.0.1) Gecko/20100101 Firefox/10.0.1"
204.75.217.225 - - [17/Nov/2017:16:31:00 +0000] "GET /item/software/2699 HTTP/1.1" 200 50 "/item/electronics/2563" "Mozilla/4.0 (compatible; MSIE 8.0; Windows NT 6.1; Trident/4.0; YTB730; SLCC2; .NET CLR 2.0.50727; .NET CLR 3.5.30729; .NET CLR 3.0.30729; Media Center PC 6.0; .NET4.0C)"
168.108.43.22 - - [17/Nov/2017:16:31:05 +0000] "GET /item/electronics/681 HTTP/1.1" 200 64 "/search/?c=Electronics" "Mozilla/5.0 (compatible; MSIE 9.0; Windows NT 6.1; Trident/5.0)"
48.183.212.212 - - [17/Nov/2017:16:31:10 +0000] "GET /category/music HTTP/1.1" 200 92 "-" "Mozilla/4.0 (compatible; MSIE 8.0; Windows NT 6.0; WOW64; Trident/4.0; GTB6; SLCC1; .NET CLR 2.0.50727; Media Center PC 5.0; .NET CLR 3.5.30729; .NET CLR 3.0.30618; .NET4.0C)"
104.156.80.128 - - [17/Nov/2017:16:31:15 +0000] "GET /category/software HTTP/1.1" 200 48 "-" "Mozilla/5.0 (Windows NT 6.0) AppleWebKit/535.11 (KHTML, like Gecko) Chrome/17.0.963.56 Safari/535.11"
180.225.227.228 - - [17/Nov/2017:16:31:20 +0000] "GET /category/games?from=10 HTTP/1.1" 200 124 "/item/toys/2432" "Mozilla/4.0 (compatible; MSIE 8.0; Windows NT 6.1; WOW64; Trident/4.0; YTB730; GTB7.2; EasyBits GO v1.0; SLCC2; .NET CLR 2.0.50727; .NET CLR 3.5.30729; .NET CLR 3.0.30729; Media Center PC 6.0; .NET4.0C)"
216.177.75.217 - - [17/Nov/2017:16:31:25 +0000] "GET /category/electronics HTTP/1.1" 200 97 "/category/electronics" "Mozilla/5.0 (Macintosh; Intel Mac OS X 10.6; rv:9.0.1) Gecko/20100101 Firefox/9.0.1"
60.81.133.199 - - [17/Nov/2017:16:31:30 +0000] "GET /category/software HTTP/1.1" 200 108 "/category/electronics" "Mozilla/5.0 (Windows NT 6.0; rv:10.0.1) Gecko/20100101 Firefox/10.0.1"
100.54.117.195 - - [17/Nov/2017:16:31:35 +0000] "GET /category/music HTTP/1.1" 200 117 "/category/games" "Mozilla/5.0 (iPhone; CPU iPhone OS 5_0_1 like Mac OS X) AppleWebKit/534.46 (KHTML, like Gecko) Version/5.1 Mobile/9A405 Safari/7534.48.3"
200.153.109.43 - - [17/Nov/2017:16:31:40 +0000] "GET /category/software HTTP/1.1" 200 81 "/item/software/3586" "Mozilla/5.0 (Windows NT 6.1; WOW64) AppleWebKit/535.11 (KHTML, like Gecko) Chrome/17.0.963.56 Safari/535.11"
84.72.133.74 - - [17/Nov/2017:16:31:45 +0000] "POST /search/?c=Software+Software HTTP/1.1" 200 123 "/category/jewelry" "Mozilla/5.0 (Windows NT 5.1) AppleWebKit/535.11 (KHTML, like Gecko) Chrome/17.0.963.46 Safari/535.11"
192.183.227.24 - - [17/Nov/2017:16:31:50 +0000] "GET /category/office HTTP/1.1" 200 128 "/category/networking" "Mozilla/5.0 (Windows NT 6.0; rv:10.0.1) Gecko/20100101 Firefox/10.0.1"
48.54.101.46 - - [17/Nov/2017:16:31:55 +0000] "GET /category/computers HTTP/1.1" 200 94 "/category/jewelry" "Mozilla/5.0 (Windows NT 6.0; rv:10.0.1) Gecko/20100101 Firefox/10.0.1"
220.93.97.101 - - [17/Nov/2017:16:32:00 +0000] "POST /search/?c=Software+Office HTTP/1.1" 200 103 "-" "Mozilla/4.0 (compatible; MSIE 8.0; Windows NT 5.1; Trident/4.0; BTRS122159; GTB7.2; .NET CLR 1.1.4322; .NET CLR 2.0.50727; .NET CLR 3.0.04506.30; .NET CLR 3.0.4506.2152; .NET CLR 3.5.30729; BRI/2)"
152.48.198.194 - - [17/Nov/2017:16:32:05 +0000] "GET /category/office HTTP/1.1" 200 136 "-" "Mozilla/5.0 (Windows NT 5.1) AppleWebKit/535.11 (KHTML, like Gecko) Chrome/17.0.963.46 Safari/535.11"
100.69.57.39 - - [17/Nov/2017:16:32:10 +0000] "GET /category/electronics HTTP/1.1" 200 128 "/item/giftcards/4032" "Mozilla/5.0 (compatible; MSIE 9.0; Windows NT 6.1; WOW64; Trident/5.0)"
224.93.67.44 - - [17/Nov/2017:16:32:15 +0000] "GET /item/games/2750 HTTP/1.1" 200 102 "/category/software" "Mozilla/5.0 (Windows NT 6.1; WOW64) AppleWebKit/535.7 (KHTML, like Gecko) Chrome/16.0.912.77 Safari/535.7"
72.189.134.198 - - [17/Nov/2017:16:32:20 +0000] "GET /category/books HTTP/1.1" 200 99 "/item/sports/1884" "Mozilla/5.0 (Windows NT 6.1; WOW64) AppleWebKit/535.11 (KHTML, like Gecko) Chrome/17.0.963.56 Safari/535.11"
20.60.176.150 - - [17/Nov/2017:16:32:25 +0000] "POST /search/?c=Books+Finance HTTP/1.1" 200 93 "-" "Mozilla/5.0 (Windows NT 5.1) AppleWebKit/535.11 (KHTML, like Gecko) Chrome/17.0.963.46 Safari/535.11"
60.213.58.52 - - [17/Nov/2017:16:32:30 +0000] "GET /category/jewelry HTTP/1.1" 200 48 "/category/books?from=20" "Mozilla/5.0 (Macintosh; Intel Mac OS X 10.6; rv:9.0.1) Gecko/20100101 Firefox/9.0.1"
64.24.130.157 - - [17/Nov/2017:16:32:35 +0000] "GET /item/health/2887 HTTP/1.1" 200 65 "/category/health" "Mozilla/4.0 (compatible; MSIE 8.0; Windows NT 6.1; WOW64; Trident/4.0; YTB730; GTB7.2; EasyBits GO v1.0; SLCC2; .NET CLR 2.0.50727; .NET CLR 3.5.30729; .NET CLR 3.0.30729; Media Center PC 6.0; .NET4.0C)"
144.180.166.148 - - [17/Nov/2017:16:32:40 +0000] "GET /category/electronics HTTP/1.1" 200 67 "/category/networking" "Mozilla/4.0 (compatible; MSIE 8.0; Windows NT 6.1; Trident/4.0; YTB730; SLCC2; .NET CLR 2.0.50727; .NET CLR 3.5.30729; .NET CLR 3.0.30729; Media Center PC 6.0; .NET4.0C)"
28.132.108.116 - - [17/Nov/2017:16:32:45 +0000] "GET /item/finance/2915 HTTP/1.1" 200 87 "/item/electronics/1678" "Mozilla/5.0 (iPad; CPU OS 5_0_1 like Mac OS X) AppleWebKit/534.46 (KHTML, like Gecko) Version/5.1 Mobile/9A405 Safari/7534.48.3"
28.87.124.152 - - [17/Nov/2017:16:32:50 +0000] "GET /category/electronics HTTP/1.1" 200 47 "/category/books" "Mozilla/5.0 (Windows NT 6.0; rv:10.0.1) Gecko/20100101 Firefox/10.0.1"
108.93.207.173 - - [17/Nov/2017:16:32:55 +0000] "GET /category/office HTTP/1.1" 200 59 "/item/electronics/4512" "Mozilla/5.0 (Macintosh; Intel Mac OS X 10.6; rv:9.0.1) Gecko/20100101 Firefox/9.0.1"
68.201.134.81 - - [17/Nov/2017:16:33:00 +0000] "GET /category/music?from=10 HTTP/1.1" 200 101 "/item/networking/3831" "Mozilla/5.0 (Macintosh; Intel Mac OS X 10.6; rv:9.0.1) Gecko/20100101 Firefox/9.0.1"
52.147.68.57 - - [17/Nov/2017:16:33:05 +0000] "GET /category/networking HTTP/1.1" 200 74 "/category/toys?from=20" "Mozilla/5.0 (Windows NT 6.0; rv:10.0.1) Gecko/20100101 Firefox/10.0.1"
100.219.202.52 - - [17/Nov/2017:16:33:10 +0000] "GET /item/computers/4182 HTTP/1.1" 200 50 "/search/?c=Electronics" "Mozilla/5.0 (Windows NT 6.0; rv:10.0.1) Gecko/20100101 Firefox/10.0.1"
52.147.207.228 - - [17/Nov/2017:16:33:15 +0000] "GET /category/software HTTP/1.1" 200 95 "-" "Mozilla/5.0 (compatible; MSIE 9.0; Windows NT 6.1; WOW64; Trident/5.0)"
216.84.184.134 - - [17/Nov/2017:16:33:20 +0000] "GET /category/health HTTP/1.1" 200 82 "-" "Mozilla/5.0 (iPad; CPU OS 5_0_1 like Mac OS X) AppleWebKit/534.46 (KHTML, like Gecko) Version/5.1 Mobile/9A405 Safari/7534.48.3"
132.102.43.57 - - [17/Nov/2017:16:33:25 +0000] "POST /search/?c=Music+Music HTTP/1.1" 200 119 "-" "Mozilla/5.0 (Windows NT 6.0; rv:10.0.1) Gecko/20100101 Firefox/10.0.1"
188.54.62.28 - - [17/Nov/2017:16:33:30 +0000] "GET /category/books HTTP/1.1" 200 88 "-" "Mozilla/5.0 (Windows NT 6.0) AppleWebKit/535.11 (KHTML, like Gecko) Chrome/17.0.963.56 Safari/535.11"
220.36.59.198 - - [17/Nov/2017:16:33:35 +0000] "POST /search/?c=Finance HTTP/1.1" 200 85 "/category/health" "Mozilla/5.0 (Macintosh; Intel Mac OS X 10.6; rv:9.0.1) Gecko/20100101 Firefox/9.0.1"
120.111.204.203 - - [17/Nov/2017:16:33:40 +0000] "POST /search/?c=Garden+Networking HTTP/1.1" 200 130 "-" "Mozilla/4.0 (compatible; MSIE 8.0; Windows NT 6.1; WOW64; Trident/4.0; YTB730; GTB7.2; SLCC2; .NET CLR 2.0.50727; .NET CLR 3.5.30729; .NET CLR 3.0.30729; .NET4.0C; .NET4.0E; Media Center PC 6.0)"
76.114.187.160 - - [17/Nov/2017:16:33:45 +0000] "POST /search/?c=Software+Games HTTP/1.1" 200 124 "-" "Mozilla/5.0 (Macintosh; Intel Mac OS X 10.6; rv:9.0.1) Gecko/20100101 Firefox/9.0.1"
100.192.111.52 - - [17/Nov/2017:16:33:50 +0000] "GET /category/electronics HTTP/1.1" 200 73 "/category/software?from=0" "Mozilla/4.0 (compatible; MSIE 8.0; Windows NT 5.1; Trident/4.0; YTB720; GTB7.2; .NET CLR 1.1.4322; .NET CLR 2.0.50727; .NET CLR 3.0.4506.2152; .NET CLR 3.5.30729)"
160.93.50.158 - - [17/Nov/2017:16:33:55 +0000] "GET /category/electronics HTTP/1.1" 200 139 "/category/electronics" "Mozilla/4.0 (compatible; MSIE 8.0; Windows NT 6.1; WOW64; Trident/4.0; YTB730; GTB7.2; EasyBits GO v1.0; SLCC2; .NET CLR 2.0.50727; .NET CLR 3.5.30729; .NET CLR 3.0.30729; Media Center PC 6.0; .NET4.0C)"
24.156.218.186 - - [17/Nov/2017:16:34:00 +0000] "GET /item/books/4062 HTTP/1.1" 200 105 "/category/books" "Mozilla/5.0 (compatible; MSIE 9.0; Windows NT 6.1; WOW64; Trident/5.0)"
224.171.144.182 - - [17/Nov/2017:16:34:05 +0000] "GET /item/books/4255 HTTP/1.1" 200 108 "-" "Mozilla/5.0 (Windows NT 6.0; rv:10.0.1) Gecko/20100101 Firefox/10.0.1"
116.222.179.198 - - [17/Nov/2017:16:34:10 +0000] "GET /category/jewelry HTTP/1.1" 200 77 "/item/music/4403" "Mozilla/5.0 (Windows NT 6.0; rv:10.0.1) Gecko/20100101 Firefox/10.0.1"
96.135.141.175 - - [17/Nov/2017:16:34:15 +0000] "GET /category/giftcards HTTP/1.1" 200 120 "-" "Mozilla/5.0 (Windows NT 6.1; WOW64) AppleWebKit/535.11 (KHTML, like Gecko) Chrome/17.0.963.56 Safari/535.11"
192.93.155.127 - - [17/Nov/2017:16:34:20 +0000] "GET /category/computers HTTP/1.1" 200 103 "/item/games/3390" "Mozilla/5.0 (Windows NT 5.1) AppleWebKit/535.11 (KHTML, like Gecko) Chrome/17.0.963.46 Safari/535.11"
188.210.194.32 - - [17/Nov/2017:16:34:25 +0000] "POST /search/?c=Cameras+Finance HTTP/1.1" 200 49 "-" "Mozilla/5.0 (Windows NT 6.0; rv:10.0.1) Gecko/20100101 Firefox/10.0.1"
100.150.67.191 - - [17/Nov/2017:16:34:30 +0000] "GET /category/giftcards HTTP/1.1" 200 86 "-" "Mozilla/5.0 (Macintosh; Intel Mac OS X 10.6; rv:9.0.1) Gecko/20100101 Firefox/9.0.1"
168.225.50.133 - - [17/Nov/2017:16:34:35 +0000] "GET /category/books HTTP/1.1" 200 80 "/category/cameras" "Mozilla/4.0 (compatible; MSIE 8.0; Windows NT 6.1; WOW64; Trident/4.0; GTB7.2; SLCC2; .NET CLR 2.0.50727; .NET CLR 3.5.30729; .NET CLR 3.0.30729; Media Center PC 6.0; .NET4.0C)"
216.48.29.169 - - [17/Nov/2017:16:34:40 +0000] "POST /search/?c=Health HTTP/1.1" 200 60 "/category/books" "Mozilla/4.0 (compatible; MSIE 8.0; Windows NT 6.1; Trident/4.0; YTB730; SLCC2; .NET CLR 2.0.50727; .NET CLR 3.5.30729; .NET CLR 3.0.30729; Media Center PC 6.0; .NET4.0C)"
144.51.141.192 - - [17/Nov/2017:16:34:45 +0000] "GET /category/books HTTP/1.1" 200 50 "/category/garden" "Mozilla/4.0 (compatible; MSIE 8.0; Windows NT 6.0; WOW64; Trident/4.0; GTB6; SLCC1; .NET CLR 2.0.50727; Media Center PC 5.0; .NET CLR 3.5.30729; .NET CLR 3.0.30618; .NET4.0C)"
136.72.86.184 - - [17/Nov/2017:16:34:50 +0000] "GET /category/health HTTP/1.1" 200 59 "-" "Mozilla/5.0 (Windows NT 6.0; rv:10.0.1) Gecko/20100101 Firefox/10.0.1"
28.45.145.192 - - [17/Nov/2017:16:34:55 +0000] "GET /category/software HTTP/1.1" 200 56 "http://www.google.com/search?ie=UTF-8&q=google&sclient=psy-ab&q=Software&oq=Software&aq=f&aqi=g-vL1&aql=&pbx=1&bav=on.2,or.r_gc.r_pw.r_qf.,cf.osb&biw=1330&bih=197" "Mozilla/5.0 (compatible; Googlebot/2.1; +http://www.google.com/bot.html)"
60.192.196.122 - - [17/Nov/2017:16:35:00 +0000] "GET /category/finance?from=0 HTTP/1.1" 200 90 "/category/finance" "Mozilla/5.0 (Windows NT 6.0; rv:10.0.1) Gecko/20100101 Firefox/10.0.1"
200.225.111.124 - - [17/Nov/2017:16:35:05 +0000] "GET /category/jewelry HTTP/1.1" 200 56 "/category/books?from=0" "Mozilla/5.0 (Windows NT 6.0) AppleWebKit/535.11 (KHTML, like Gecko) Chrome/17.0.963.56 Safari/535.11"
44.198.102.63 - - [17/Nov/2017:16:35:10 +0000] "GET /category/computers HTTP/1.1" 200 117 "/category/electronics" "Mozilla/5.0 (compatible; MSIE 9.0; Windows NT 6.1; Trident/5.0)"
188.66.87.61 - - [17/Nov/2017:16:35:15 +0000] "GET /category/office HTTP/1.1" 200 100 "-" "Mozilla/5.0 (Windows NT 6.0; rv:10.0.1) Gecko/20100101 Firefox/10.0.1"
148.126.188.205 - - [17/Nov/2017:16:35:20 +0000] "GET /category/electronics HTTP/1.1" 200 79 "/category/office" "Mozilla/5.0 (Macintosh; Intel Mac OS X 10.6; rv:9.0.1) Gecko/20100101 Firefox/9.0.1"
204.189.85.23 - - [17/Nov/2017:16:35:25 +0000] "GET /category/toys HTTP/1.1" 200 125 "-" "Mozilla/5.0 (iPad; CPU OS 5_0_1 like Mac OS X) AppleWebKit/534.46 (KHTML, like Gecko) Version/5.1 Mobile/9A405 Safari/7534.48.3"
216.129.164.166 - - [17/Nov/2017:16:35:30 +0000] "GET /category/software HTTP/1.1" 200 105 "/search/?c=Software+Electronics" "Mozilla/5.0 (Windows NT 6.1; WOW64) AppleWebKit/535.11 (KHTML, like Gecko) Chrome/17.0.963.56 Safari/535.11"
188.78.192.171 - - [17/Nov/2017:16:35:35 +0000] "GET /category/software?from=10 HTTP/1.1" 200 67 "/category/software" "Mozilla/5.0 (Windows NT 6.0; rv:10.0.1) Gecko/20100101 Firefox/10.0.1"
96.33.37.61 - - [17/Nov/2017:16:35:40 +0000] "GET /item/electronics/3271 HTTP/1.1" 200 138 "/item/books/570" "Mozilla/5.0 (compatible; MSIE 9.0; Windows NT 6.1; WOW64; Trident/5.0)"
204.162.85.31 - - [17/Nov/2017:16:35:45 +0000] "GET /category/garden?from=20 HTTP/1.1" 200 86 "-" "Mozilla/5.0 (compatible; MSIE 9.0; Windows NT 6.1; Trident/5.0)"
208.30.147.227 - - [17/Nov/2017:16:35:50 +0000] "GET /category/games HTTP/1.1" 200 97 "-" "Mozilla/5.0 (Windows NT 6.1; WOW64) AppleWebKit/535.11 (KHTML, like Gecko) Chrome/17.0.963.56 Safari/535.11"
132.72.140.78 - - [17/Nov/2017:16:35:55 +0000] "GET /category/games HTTP/1.1" 200 135 "-" "Mozilla/5.0 (Macintosh; Intel Mac OS X 10.6; rv:9.0.1) Gecko/20100101 Firefox/9.0.1"
72.138.197.227 - - [17/Nov/2017:16:36:00 +0000] "GET /category/books HTTP/1.1" 200 131 "/category/electronics" "Mozilla/5.0 (Windows NT 6.0; rv:10.0.1) Gecko/20100101 Firefox/10.0.1"
36.81.83.145 - - [17/Nov/2017:16:36:05 +0000] "GET /category/electronics HTTP/1.1" 200 139 "/item/electronics/1270" "Mozilla/4.0 (compatible; MSIE 8.0; Windows NT 5.1; Trident/4.0; BTRS122159; GTB7.2; .NET CLR 1.1.4322; .NET CLR 2.0.50727; .NET CLR 3.0.04506.30; .NET CLR 3.0.4506.2152; .NET CLR 3.5.30729; BRI/2)"
168.108.43.22 - - [17/Nov/2017:16:36:10 +0000] "GET /item/toys/3901 HTTP/1.1" 200 122 "/category/toys" "Mozilla/4.0 (compatible; MSIE 8.0; Windows NT 5.1; Trident/4.0; BTRS122159; GTB7.2; .NET CLR 1.1.4322; .NET CLR 2.0.50727; .NET CLR 3.0.04506.30; .NET CLR 3.0.4506.2152; .NET CLR 3.5.30729; BRI/2)"
112.165.201.203 - - [17/Nov/2017:16:36:15 +0000] "GET /category/electronics HTTP/1.1" 200 96 "-" "Mozilla/4.0 (compatible; MSIE 8.0; Windows NT 6.1; WOW64; Trident/4.0; YTB730; GTB7.2; EasyBits GO v1.0; SLCC2; .NET CLR 2.0.50727; .NET CLR 3.5.30729; .NET CLR 3.0.30729; Media Center PC 6.0; .NET4.0C)"
136.225.199.202 - - [17/Nov/2017:16:36:20 +0000] "GET /item/office/851 HTTP/1.1" 200 129 "-" "Mozilla/5.0 (compatible; MSIE 9.0; Windows NT 6.1; WOW64; Trident/5.0)"
116.189.197.54 - - [17/Nov/2017:16:36:25 +0000] "GET /category/office HTTP/1.1" 200 69 "-" "Mozilla/4.0 (compatible; MSIE 8.0; Windows NT 5.1; Trident/4.0; BTRS122159; GTB7.2; .NET CLR 1.1.4322; .NET CLR 2.0.50727; .NET CLR 3.0.04506.30; .NET CLR 3.0.4506.2152; .NET CLR 3.5.30729; BRI/2)"
196.36.158.223 - - [17/Nov/2017:16:36:30 +0000] "POST /search/?c=Software+Networking HTTP/1.1" 200 104 "-" "Mozilla/5.0 (Windows NT 6.1; WOW64) AppleWebKit/535.11 (KHTML, like Gecko) Chrome/17.0.963.56 Safari/535.11"
220.189.195.98 - - [17/Nov/2017:16:36:35 +0000] "GET /category/software HTTP/1.1" 200 51 "/item/giftcards/4236" "Mozilla/5.0 (compatible; Googlebot/2.1; +http://www.google.com/bot.html)"
80.114.151.203 - - [17/Nov/2017:16:36:40 +0000] "GET /category/networking HTTP/1.1" 200 40 "-" "Mozilla/5.0 (Windows NT 6.1; WOW64) AppleWebKit/535.11 (KHTML, like Gecko) Chrome/17.0.963.56 Safari/535.11"
200.195.153.115 - - [17/Nov/2017:16:36:45 +0000] "GET /category/books HTTP/1.1" 200 49 "http://www.google.com/search?ie=UTF-8&q=google&sclient=psy-ab&q=Books+Networking&oq=Books+Networking&aq=f&aqi=g-vL1&aql=&pbx=1&bav=on.2,or.r_gc.r_pw.r_qf.,cf.osb&biw=2498&bih=106" "Mozilla/5.0 (Windows NT 6.1; WOW64) AppleWebKit/535.7 (KHTML, like Gecko) Chrome/16.0.912.77 Safari/535.7"
160.93.50.158 - - [17/Nov/2017:16:36:50 +0000] "GET /category/cameras HTTP/1.1" 200 124 "http://www.google.com/search?ie=UTF-8&q=google&sclient=psy-ab&q=Cameras+Cameras&oq=Cameras+Cameras&aq=f&aqi=g-vL1&aql=&pbx=1&bav=on.2,or.r_gc.r_pw.r_qf.,cf.osb&biw=3448&bih=550" "Mozilla/5.0 (compatible; MSIE 9.0; Windows NT 6.1; WOW64; Trident/5.0)"
208.120.110.135 - - [17/Nov/2017:16:36:55 +0000] "GET /category/games HTTP/1.1" 200 59 "http://www.google.com/search?ie=UTF-8&q=google&sclient=psy-ab&q=Games&oq=Games&aq=f&aqi=g-vL1&aql=&pbx=1&bav=on.2,or.r_gc.r_pw.r_qf.,cf.osb&biw=946&bih=193" "Mozilla/5.0 (compatible; Googlebot/2.1; +http://www.google.com/bot.html)"
172.111.229.114 - - [17/Nov/2017:16:37:00 +0000] "GET /category/software HTTP/1.1" 200 114 "/category/giftcards?from=0" "Mozilla/5.0 (Windows NT 6.1; WOW64) AppleWebKit/535.7 (KHTML, like Gecko) Chrome/16.0.912.77 Safari/535.7"
184.123.73.180 - - [17/Nov/2017:16:37:05 +0000] "GET /category/electronics?from=20 HTTP/1.1" 200 124 "/category/software" "Mozilla/5.0 (iPhone; CPU iPhone OS 5_0_1 like Mac OS X) AppleWebKit/534.46 (KHTML, like Gecko) Version/5.1 Mobile/9A405 Safari/7534.48.3"
60.30.169.122 - - [17/Nov/2017:16:37:10 +0000] "GET /category/software HTTP/1.1" 200 83 "-" "Mozilla/5.0 (compatible; MSIE 9.0; Windows NT 6.1; WOW64; Trident/5.0)"
40.78.48.94 - - [17/Nov/2017:16:37:15 +0000] "GET /category/health?from=0 HTTP/1.1" 200 81 "/category/health" "Mozilla/5.0 (Windows NT 6.1; WOW64; rv:10.0.1) Gecko/20100101 Firefox/10.0.1"
44.213.68.121 - - [17/Nov/2017:16:37:20 +0000] "GET /category/electronics HTTP/1.1" 200 51 "/category/finance?from=0" "Mozilla/5.0 (Windows NT 6.0; rv:10.0.1) Gecko/20100101 Firefox/10.0.1"
48.84.25.228 - - [17/Nov/2017:16:37:25 +0000] "GET /category/electronics HTTP/1.1" 200 138 "/category/computers" "Mozilla/5.0 (Windows NT 6.0) AppleWebKit/535.11 (KHTML, like Gecko) Chrome/17.0.963.56 Safari/535.11"
100.84.214.95 - - [17/Nov/2017:16:37:30 +0000] "GET /category/books HTTP/1.1" 200 122 "/item/health/2423" "Mozilla/4.0 (compatible; MSIE 8.0; Windows NT 5.1; Trident/4.0; BTRS122159; GTB7.2; .NET CLR 1.1.4322; .NET CLR 2.0.50727; .NET CLR 3.0.04506.30; .NET CLR 3.0.4506.2152; .NET CLR 3.5.30729; BRI/2)"
120.123.162.208 - - [17/Nov/2017:16:37:35 +0000] "GET /item/electronics/3271 HTTP/1.1" 200 138 "/category/electronics" "Mozilla/5.0 (Windows NT 6.0) AppleWebKit/535.11 (KHTML, like Gecko) Chrome/17.0.963.56 Safari/535.11"
144.210.145.43 - - [17/Nov/2017:16:37:40 +0000] "GET /item/electronics/3030 HTTP/1.1" 200 84 "/category/software" "Mozilla/5.0 (Windows NT 6.1; WOW64) AppleWebKit/535.11 (KHTML, like Gecko) Chrome/17.0.963.56 Safari/535.11"
132.120.217.35 - - [17/Nov/2017:16:37:45 +0000] "GET /item/electronics/2990 HTTP/1.1" 200 69 "/search/?c=Electronics" "Mozilla/4.0 (compatible; MSIE 8.0; Windows NT 6.1; WOW64; Trident/4.0; YTB730; GTB7.2; EasyBits GO v1.0; SLCC2; .NET CLR 2.0.50727; .NET CLR 3.5.30729; .NET CLR 3.0.30729; Media Center PC 6.0; .NET4.0C)"
148.75.141.188 - - [17/Nov/2017:16:37:50 +0000] "GET /item/games/3272 HTTP/1.1" 200 79 "http://www.google.com/search?ie=UTF-8&q=google&sclient=psy-ab&q=Games+Toys&oq=Games+Toys&aq=f&aqi=g-vL1&aql=&pbx=1&bav=on.2,or.r_gc.r_pw.r_qf.,cf.osb&biw=2855&bih=526" "Mozilla/4.0 (compatible; MSIE 8.0; Windows NT 5.1; Trident/4.0; YTB720; GTB7.2; .NET CLR 1.1.4322; .NET CLR 2.0.50727; .NET CLR 3.0.4506.2152; .NET CLR 3.5.30729)"
200.153.109.43 - - [17/Nov/2017:16:37:55 +0000] "GET /category/toys?from=20 HTTP/1.1" 200 70 "-" "Mozilla/5.0 (Windows NT 6.1; WOW64) AppleWebKit/535.11 (KHTML, like Gecko) Chrome/17.0.963.56 Safari/535.11"
168.39.135.79 - - [17/Nov/2017:16:38:00 +0000] "GET /item/electronics/3821 HTTP/1.1" 200 75 "/category/software" "Mozilla/5.0 (compatible; MSIE 9.0; Windows NT 6.1; Trident/5.0)"
224.78.220.39 - - [17/Nov/2017:16:38:05 +0000] "POST /search/?c=Software+Games HTTP/1.1" 200 97 "/item/software/1625" "Mozilla/4.0 (compatible; MSIE 8.0; Windows NT 6.1; WOW64; Trident/4.0; YTB730; GTB7.2; EasyBits GO v1.0; SLCC2; .NET CLR 2.0.50727; .NET CLR 3.5.30729; .NET CLR 3.0.30729; Media Center PC 6.0; .NET4.0C)"
192.54.221.227 - - [17/Nov/2017:16:38:10 +0000] "GET /category/electronics HTTP/1.1" 200 93 "/category/garden" "Mozilla/5.0 (Windows NT 6.0; rv:10.0.1) Gecko/20100101 Firefox/10.0.1"
176.210.71.83 - - [17/Nov/2017:16:38:15 +0000] "GET /item/computers/1710 HTTP/1.1" 200 47 "http://www.google.com/search?ie=UTF-8&q=google&sclient=psy-ab&q=Computers+Jewelry&oq=Computers+Jewelry&aq=f&aqi=g-vL1&aql=&pbx=1&bav=on.2,or.r_gc.r_pw.r_qf.,cf.osb&biw=2364&bih=296" "Mozilla/5.0 (Windows NT 6.1; WOW64; rv:10.0.1) Gecko/20100101 Firefox/10.0.1"
164.207.101.92 - - [17/Nov/2017:16:38:20 +0000] "GET /item/games/4398 HTTP/1.1" 200 112 "/search/?c=Games+Networking" "Mozilla/5.0 (Windows NT 6.1; WOW64) AppleWebKit/535.7 (KHTML, like Gecko) Chrome/16.0.912.77 Safari/535.7"
68.201.134.81 - - [17/Nov/2017:16:38:25 +0000] "GET /category/software HTTP/1.1" 200 86 "/item/giftcards/2452" "Mozilla/5.0 (Macintosh; Intel Mac OS X 10.6; rv:9.0.1) Gecko/20100101 Firefox/9.0.1"
168.195.218.121 - - [17/Nov/2017:16:38:30 +0000] "GET /category/office?from=0 HTTP/1.1" 200 93 "-" "Mozilla/5.0 (Windows NT 6.1; WOW64) AppleWebKit/535.7 (KHTML, like Gecko) Chrome/16.0.912.77 Safari/535.7"
220.42.55.83 - - [17/Nov/2017:16:38:35 +0000] "GET /item/electronics/1042 HTTP/1.1" 200 130 "/category/electronics" "Mozilla/5.0 (Windows NT 6.0) AppleWebKit/535.11 (KHTML, like Gecko) Chrome/17.0.963.56 Safari/535.11"
140.120.215.134 - - [17/Nov/2017:16:38:40 +0000] "GET /item/health/3613 HTTP/1.1" 200 90 "http://www.google.com/search?ie=UTF-8&q=google&sclient=psy-ab&q=Health&oq=Health&aq=f&aqi=g-vL1&aql=&pbx=1&bav=on.2,or.r_gc.r_pw.r_qf.,cf.osb&biw=3523&bih=572" "Mozilla/4.0 (compatible; MSIE 8.0; Windows NT 5.1; Trident/4.0; YTB720; GTB7.2; .NET CLR 1.1.4322; .NET CLR 2.0.50727; .NET CLR 3.0.4506.2152; .NET CLR 3.5.30729)"
228.81.180.20 - - [17/Nov/2017:16:38:45 +0000] "GET /category/cameras HTTP/1.1" 200 69 "/search/?c=Electronics+Garden" "Mozilla/4.0 (compatible; MSIE 8.0; Windows NT 6.1; WOW64; Trident/4.0; YTB730; GTB7.2; EasyBits GO v1.0; SLCC2; .NET CLR 2.0.50727; .NET CLR 3.5.30729; .NET CLR 3.0.30729; Media Center PC 6.0; .NET4.0C)"
28.156.128.90 - - [17/Nov/2017:16:38:50 +0000] "POST /search/?c=Electronics HTTP/1.1" 200 73 "/category/software" "Mozilla/4.0 (compatible; MSIE 8.0; Windows NT 6.1; WOW64; Trident/4.0; GTB7.2; SLCC2; .NET CLR 2.0.50727; .NET CLR 3.5.30729; .NET CLR 3.0.30729; Media Center PC 6.0; .NET4.0C)"
132.81.165.167 - - [17/Nov/2017:16:38:55 +0000] "GET /category/software HTTP/1.1" 200 49 "-" "Mozilla/5.0 (Windows NT 6.0; rv:10.0.1) Gecko/20100101 Firefox/10.0.1"
92.57.122.229 - - [17/Nov/2017:16:39:00 +0000] "POST /search/?c=Electronics+Books HTTP/1.1" 200 134 "/category/electronics" "Mozilla/5.0 (compatible; MSIE 9.0; Windows NT 6.1; WOW64; Trident/5.0)"
124.162.24.47 - - [17/Nov/2017:16:39:05 +0000] "POST /search/?c=Electronics+Garden HTTP/1.1" 200 53 "/category/jewelry" "Mozilla/5.0 (Windows NT 6.0; rv:10.0.1) Gecko/20100101 Firefox/10.0.1"
36.156.181.221 - - [17/Nov/2017:16:39:10 +0000] "GET /item/computers/3585 HTTP/1.1" 200 65 "/category/computers" "Mozilla/5.0 (Macintosh; Intel Mac OS X 10.6; rv:9.0.1) Gecko/20100101 Firefox/9.0.1"
108.78.86.154 - - [17/Nov/2017:16:39:15 +0000] "GET /item/music/2048 HTTP/1.1" 200 56 "/item/electronics/1195" "Mozilla/5.0 (compatible; MSIE 9.0; Windows NT 6.1; Trident/5.0)"
40.27.108.131 - - [17/Nov/2017:16:39:20 +0000] "GET /item/electronics/1042 HTTP/1.1" 200 130 "-" "Mozilla/5.0 (Windows NT 6.1; WOW64) AppleWebKit/535.7 (KHTML, like Gecko) Chrome/16.0.912.77 Safari/535.7"
28.135.90.185 - - [17/Nov/2017:16:39:25 +0000] "GET /category/software HTTP/1.1" 200 90 "/category/jewelry" "Mozilla/5.0 (compatible; Googlebot/2.1; +http://www.google.com/bot.html)"
28.93.191.106 - - [17/Nov/2017:16:39:30 +0000] "GET /category/software HTTP/1.1" 200 106 "/item/office/1523" "Mozilla/5.0 (compatible; MSIE 9.0; Windows NT 6.1; Trident/5.0)"
200.195.153.115 - - [17/Nov/2017:16:39:35 +0000] "GET /category/software HTTP/1.1" 200 43 "-" "Mozilla/5.0 (iPhone; CPU iPhone OS 5_0_1 like Mac OS X) AppleWebKit/534.46 (KHTML, like Gecko) Version/5.1 Mobile/9A405 Safari/7534.48.3"
164.45.62.175 - - [17/Nov/2017:16:39:40 +0000] "GET /item/toys/3180 HTTP/1.1" 200 46 "/search/?c=Books" "Mozilla/5.0 (Macintosh; Intel Mac OS X 10.6; rv:9.0.1) Gecko/20100101 Firefox/9.0.1"
80.114.67.84 - - [17/Nov/2017:16:39:45 +0000] "GET /item/electronics/953 HTTP/1.1" 200 59 "/search/?c=Jewelry" "Mozilla/5.0 (compatible; MSIE 9.0; Windows NT 6.1; WOW64; Trident/5.0)"
160.198.155.53 - - [17/Nov/2017:16:39:50 +0000] "GET /item/electronics/3842 HTTP/1.1" 200 50 "/search/?c=Office" "Mozilla/5.0 (iPhone; CPU iPhone OS 5_0_1 like Mac OS X) AppleWebKit/534.46 (KHTML, like Gecko) Version/5.1 Mobile/9A405 Safari/7534.48.3"
132.135.20.22 - - [17/Nov/2017:16:39:55 +0000] "GET /category/office HTTP/1.1" 200 127 "/search/?c=Networking+Networking" "Mozilla/5.0 (Windows NT 6.1; WOW64) AppleWebKit/535.7 (KHTML, like Gecko) Chrome/16.0.912.77 Safari/535.7"
68.201.134.81 - - [17/Nov/2017:16:40:00 +0000] "GET /item/electronics/4788 HTTP/1.1" 200 46 "/category/jewelry" "Mozilla/5.0 (Macintosh; Intel Mac OS X 10.6; rv:9.0.1) Gecko/20100101 Firefox/9.0.1"
132.66.131.85 - - [17/Nov/2017:16:40:05 +0000] "GET /item/games/4819 HTTP/1.1" 200 115 "/category/office" "Mozilla/4.0 (compatible; MSIE 8.0; Windows NT 6.0; WOW64; Trident/4.0; GTB6; SLCC1; .NET CLR 2.0.50727; Media Center PC 5.0; .NET CLR 3.5.30729; .NET CLR 3.0.30618; .NET4.0C)"
140.144.140.227 - - [17/Nov/2017:16:40:10 +0000] "GET /item/office/964 HTTP/1.1" 200 56 "/category/software" "Mozilla/5.0 (compatible; MSIE 9.0; Windows NT 6.1; Trident/5.0)"
88.51.212.158 - - [17/Nov/2017:16:40:15 +0000] "GET /category/sports HTTP/1.1" 200 137 "-" "Mozilla/5.0 (Macintosh; Intel Mac OS X 10.6; rv:9.0.1) Gecko/20100101 Firefox/9.0.1"
208.138.152.63 - - [17/Nov/2017:16:40:20 +0000] "GET /item/health/2403 HTTP/1.1" 200 112 "http://www.google.com/search?ie=UTF-8&q=google&sclient=psy-ab&q=Health+Electronics&oq=Health+Electronics&aq=f&aqi=g-vL1&aql=&pbx=1&bav=on.2,or.r_gc.r_pw.r_qf.,cf.osb&biw=3145&bih=454" "Mozilla/5.0 (Windows NT 6.0; rv:10.0.1) Gecko/20100101 Firefox/10.0.1"
172.45.84.183 - - [17/Nov/2017:16:40:25 +0000] "POST /search/?c=Software HTTP/1.1" 200 61 "-" "Mozilla/4.0 (compatible; MSIE 8.0; Windows NT 5.1; Trident/4.0; BTRS122159; GTB7.2; .NET CLR 1.1.4322; .NET CLR 2.0.50727; .NET CLR 3.0.04506.30; .NET CLR 3.0.4506.2152; .NET CLR 3.5.30729; BRI/2)"
192.213.228.212 - - [17/Nov/2017:16:40:30 +0000] "GET /item/books/4362 HTTP/1.1" 200 42 "/category/software" "Mozilla/5.0 (Windows NT 6.0) AppleWebKit/535.11 (KHTML, like Gecko) Chrome/17.0.963.56 Safari/535.11"
52.93.144.151 - - [17/Nov/2017:16:40:35 +0000] "GET /item/giftcards/357 HTTP/1.1" 200 92 "/item/garden/4648" "Mozilla/4.0 (compatible; MSIE 8.0; Windows NT 6.0; WOW64; Trident/4.0; GTB6; SLCC1; .NET CLR 2.0.50727; Media Center PC 5.0; .NET CLR 3.5.30729; .NET CLR 3.0.30618; .NET4.0C)"
80.45.35.178 - - [17/Nov/2017:16:40:40 +0000] "GET /item/software/1046 HTTP/1.1" 200 90 "/category/toys?from=10" "Mozilla/5.0 (Windows NT 6.1; WOW64) AppleWebKit/535.11 (KHTML, like Gecko) Chrome/17.0.963.56 Safari/535.11"
92.141.177.68 - - [17/Nov/2017:16:40:45 +0000] "GET /category/computers HTTP/1.1" 200 48 "/category/computers" "Mozilla/4.0 (compatible; MSIE 8.0; Windows NT 6.1; WOW64; Trident/4.0; YTB730; GTB7.2; EasyBits GO v1.0; SLCC2; .NET CLR 2.0.50727; .NET CLR 3.5.30729; .NET CLR 3.0.30729; Media Center PC 6.0; .NET4.0C)"
100.48.203.91 - - [17/Nov/2017:16:40:50 +0000] "GET /item/games/1456 HTTP/1.1" 200 111 "/item/software/3961" "Mozilla/5.0 (compatible; MSIE 9.0; Windows NT 6.1; WOW64; Trident/5.0)"
64.108.210.186 - - [17/Nov/2017:16:40:55 +0000] "GET /category/games HTTP/1.1" 200 59 "/category/computers" "Mozilla/5.0 (compatible; Googlebot/2.1; +http://www.google.com/bot.html)"
120.189.102.122 - - [17/Nov/2017:16:41:00 +0000] "GET /item/games/3868 HTTP/1.1" 200 98 "-" "Mozilla/4.0 (compatible; MSIE 8.0; Windows NT 6.1; WOW64; Trident/4.0; YTB730; GTB7.2; SLCC2; .NET CLR 2.0.50727; .NET CLR 3.5.30729; .NET CLR 3.0.30729; .NET4.0C; .NET4.0E; Media Center PC 6.0)"
76.153.173.21 - - [17/Nov/2017:16:41:05 +0000] "GET /item/electronics/2805 HTTP/1.1" 200 55 "/item/health/4591" "Mozilla/5.0 (iPhone; CPU iPhone OS 5_0_1 like Mac OS X) AppleWebKit/534.46 (KHTML, like Gecko) Version/5.1 Mobile/9A405 Safari/7534.48.3"
132.183.166.198 - - [17/Nov/2017:16:41:10 +0000] "GET /item/software/3961 HTTP/1.1" 200 86 "/category/books?from=0" "Mozilla/5.0 (Windows NT 6.1; WOW64; rv:10.0.1) Gecko/20100101 Firefox/10.0.1"
188.144.194.102 - - [17/Nov/2017:16:41:15 +0000] "GET /item/books/953 HTTP/1.1" 200 97 "/search/?c=Books+Electronics" "Mozilla/5.0 (Macintosh; Intel Mac OS X 10.6; rv:9.0.1) Gecko/20100101 Firefox/9.0.1"
136.21.168.104 - - [17/Nov/2017:16:41:20 +0000] "GET /category/networking HTTP/1.1" 200 127 "-" "Mozilla/4.0 (compatible; MSIE 8.0; Windows NT 6.1; WOW64; Trident/4.0; YTB730; GTB7.2; EasyBits GO v1.0; SLCC2; .NET CLR 2.0.50727; .NET CLR 3.5.30729; .NET CLR 3.0.30729; Media Center PC 6.0; .NET4.0C)"
84.117.111.177 - - [17/Nov/2017:16:41:25 +0000] "GET /category/jewelry HTTP/1.1" 200 77 "/category/giftcards" "Mozilla/5.0 (Macintosh; Intel Mac OS X 10.6; rv:9.0.1) Gecko/20100101 Firefox/9.0.1"
200.192.163.62 - - [17/Nov/2017:16:41:30 +0000] "GET /category/software HTTP/1.1" 200 56 "-" "Mozilla/5.0 (Windows NT 6.1; WOW64) AppleWebKit/535.11 (KHTML, like Gecko) Chrome/17.0.963.56 Safari/535.11"
96.159.160.163 - - [17/Nov/2017:16:41:35 +0000] "GET /category/games HTTP/1.1" 200 96 "/category/electronics" "Mozilla/5.0 (Windows NT 6.1; WOW64; rv:10.0.1) Gecko/20100101 Firefox/10.0.1"
188.78.192.171 - - [17/Nov/2017:16:41:40 +0000] "GET /item/electronics/2563 HTTP/1.1" 200 81 "/search/?c=Electronics" "Mozilla/4.0 (compatible; MSIE 8.0; Windows NT 5.1; Trident/4.0; YTB720; GTB7.2; .NET CLR 1.1.4322; .NET CLR 2.0.50727; .NET CLR 3.0.4506.2152; .NET CLR 3.5.30729)"
48.54.186.185 - - [17/Nov/2017:16:41:45 +0000] "GET /item/garden/1060 HTTP/1.1" 200 74 "-" "Mozilla/4.0 (compatible; MSIE 8.0; Windows NT 6.1; WOW64; Trident/4.0; YTB730; GTB7.2; EasyBits GO v1.0; SLCC2; .NET CLR 2.0.50727; .NET CLR 3.5.30729; .NET CLR 3.0.30729; Media Center PC 6.0; .NET4.0C)"
132.63.161.43 - - [17/Nov/2017:16:41:50 +0000] "GET /item/computers/3585 HTTP/1.1" 200 65 "-" "Mozilla/4.0 (compatible; MSIE 8.0; Windows NT 5.1; Trident/4.0; BTRS122159; GTB7.2; .NET CLR 1.1.4322; .NET CLR 2.0.50727; .NET CLR 3.0.04506.30; .NET CLR 3.0.4506.2152; .NET CLR 3.5.30729; BRI/2)"
28.135.90.185 - - [17/Nov/2017:16:41:55 +0000] "GET /item/electronics/1042 HTTP/1.1" 200 130 "-" "Mozilla/4.0 (compatible; MSIE 8.0; Windows NT 6.1; Trident/4.0; YTB730; SLCC2; .NET CLR 2.0.50727; .NET CLR 3.5.30729; .NET CLR 3.0.30729; Media Center PC 6.0; .NET4.0C)"
96.183.135.66 - - [17/Nov/2017:16:42:00 +0000] "GET /category/software HTTP/1.1" 200 50 "-" "Mozilla/5.0 (Windows NT 6.1; WOW64) AppleWebKit/535.11 (KHTML, like Gecko) Chrome/17.0.963.56 Safari/535.11"
88.51.112.169 - - [17/Nov/2017:16:42:05 +0000] "GET /item/computers/3996 HTTP/1.1" 200 70 "/category/electronics" "Mozilla/5.0 (Windows NT 6.0; rv:10.0.1) Gecko/20100101 Firefox/10.0.1"
128.72.102.177 - - [17/Nov/2017:16:42:10 +0000] "GET /category/sports HTTP/1.1" 200 118 "-" "Mozilla/5.0 (Windows NT 6.1; WOW64) AppleWebKit/535.11 (KHTML, like Gecko) Chrome/17.0.963.56 Safari/535.11"
192.168.159.47 - - [17/Nov/2017:16:42:15 +0000] "GET /category/electronics HTTP/1.1" 200 113 "/item/jewelry/2821" "Mozilla/5.0 (Windows NT 6.1; WOW64) AppleWebKit/535.11 (KHTML, like Gecko) Chrome/17.0.963.56 Safari/535.11"
60.33.34.174 - - [17/Nov/2017:16:42:20 +0000] "GET /category/garden HTTP/1.1" 200 117 "-" "Mozilla/5.0 (iPad; CPU OS 5_0_1 like Mac OS X) AppleWebKit/534.46 (KHTML, like Gecko) Version/5.1 Mobile/9A405 Safari/7534.48.3"
60.30.84.168 - - [17/Nov/2017:16:42:25 +0000] "GET /category/giftcards HTTP/1.1" 200 117 "/category/electronics" "Mozilla/5.0 (Macintosh; Intel Mac OS X 10.6; rv:9.0.1) Gecko/20100101 Firefox/9.0.1"
32.198.203.102 - - [17/Nov/2017:16:42:30 +0000] "GET /category/games HTTP/1.1" 200 78 "-" "Mozilla/5.0 (compatible; Googlebot/2.1; +http://www.google.com/bot.html)"
60.117.58.163 - - [17/Nov/2017:16:42:35 +0000] "GET /category/electronics HTTP/1.1" 200 128 "/search/?c=Software+Books" "Mozilla/5.0 (Windows NT 6.0; rv:10.0.1) Gecko/20100101 Firefox/10.0.1"
184.45.158.136 - - [17/Nov/2017:16:42:40 +0000] "GET /category/garden?from=20 HTTP/1.1" 200 86 "/search/?c=Garden+Electronics" "Mozilla/4.0 (compatible; MSIE 8.0; Windows NT 6.1; WOW64; Trident/4.0; YTB730; GTB7.2; SLCC2; .NET CLR 2.0.50727; .NET CLR 3.5.30729; .NET CLR 3.0.30729; .NET4.0C; .NET4.0E; Media Center PC 6.0)"
148.213.116.158 - - [17/Nov/2017:16:42:45 +0000] "GET /item/electronics/229 HTTP/1.1" 200 105 "-" "Mozilla/5.0 (Windows NT 6.1; WOW64; rv:10.0.1) Gecko/20100101 Firefox/10.0.1"
148.219.89.124 - - [17/Nov/2017:16:42:50 +0000] "POST /search/?c=Games+Software HTTP/1.1" 200 55 "-" "Mozilla/5.0 (Windows NT 6.0; rv:10.0.1) Gecko/20100101 Firefox/10.0.1"
60.33.34.174 - - [17/Nov/2017:16:42:55 +0000] "GET /category/books?from=0 HTTP/1.1" 200 74 "/search/?c=Books" "Mozilla/5.0 (Macintosh; Intel Mac OS X 10.6; rv:9.0.1) Gecko/20100101 Firefox/9.0.1"
56.123.71.53 - - [17/Nov/2017:16:43:00 +0000] "POST /search/?c=Finance+Books HTTP/1.1" 200 54 "/search/?c=Giftcards" "Mozilla/5.0 (Windows NT 6.1; WOW64) AppleWebKit/535.11 (KHTML, like Gecko) Chrome/17.0.963.56 Safari/535.11"
220.99.157.29 - - [17/Nov/2017:16:43:05 +0000] "GET /category/electronics HTTP/1.1" 200 84 "/category/electronics?from=20" "Mozilla/5.0 (iPad; CPU OS 5_0_1 like Mac OS X) AppleWebKit/534.46 (KHTML, like Gecko) Version/5.1 Mobile/9A405 Safari/7534.48.3"
144.216.152.78 - - [17/Nov/2017:16:43:10 +0000] "GET /category/electronics HTTP/1.1" 200 82 "-" "Mozilla/5.0 (Windows NT 6.0; rv:10.0.1) Gecko/20100101 Firefox/10.0.1"
52.189.168.94 - - [17/Nov/2017:16:43:15 +0000] "GET /category/electronics HTTP/1.1" 200 84 "-" "Mozilla/5.0 (compatible; MSIE 9.0; Windows NT 6.1; WOW64; Trident/5.0)"
28.66.41.90 - - [17/Nov/2017:16:43:20 +0000] "GET /item/books/1568 HTTP/1.1" 200 79 "/item/cameras/1442" "Mozilla/5.0 (iPhone; CPU iPhone OS 5_0_1 like Mac OS X) AppleWebKit/534.46 (KHTML, like Gecko) Version/5.1 Mobile/9A405 Safari/7534.48.3"
212.171.62.26 - - [17/Nov/2017:16:43:25 +0000] "GET /category/electronics?from=10 HTTP/1.1" 200 88 "/search/?c=Electronics+Networking" "Mozilla/5.0 (compatible; MSIE 9.0; Windows NT 6.1; Trident/5.0)"
144.45.41.37 - - [17/Nov/2017:16:43:30 +0000] "GET /item/electronics/950 HTTP/1.1" 200 92 "-" "Mozilla/5.0 (compatible; MSIE 9.0; Windows NT 6.1; WOW64; Trident/5.0)"
92.141.177.68 - - [17/Nov/2017:16:43:35 +0000] "GET /category/electronics HTTP/1.1" 200 110 "-" "Mozilla/4.0 (compatible; MSIE 8.0; Windows NT 6.1; WOW64; Trident/4.0; YTB730; GTB7.2; EasyBits GO v1.0; SLCC2; .NET CLR 2.0.50727; .NET CLR 3.5.30729; .NET CLR 3.0.30729; Media Center PC 6.0; .NET4.0C)"
52.147.68.57 - - [17/Nov/2017:16:43:40 +0000] "GET /category/games HTTP/1.1" 200 114 "-" "Mozilla/5.0 (Windows NT 6.0; rv:10.0.1) Gecko/20100101 Firefox/10.0.1"
132.84.135.35 - - [17/Nov/2017:16:43:45 +0000] "GET /category/books HTTP/1.1" 200 139 "-" "Mozilla/5.0 (Windows NT 6.0; rv:10.0.1) Gecko/20100101 Firefox/10.0.1"
188.138.65.208 - - [17/Nov/2017:16:43:50 +0000] "GET /item/electronics/2049 HTTP/1.1" 200 101 "/category/computers" "Mozilla/5.0 (Windows NT 6.1; WOW64; rv:10.0.1) Gecko/20100101 Firefox/10.0.1"
212.45.141.113 - - [17/Nov/2017:16:43:55 +0000] "GET /item/networking/67 HTTP/1.1" 200 52 "/item/books/2649" "Mozilla/5.0 (Windows NT 6.0) AppleWebKit/535.11 (KHTML, like Gecko) Chrome/17.0.963.56 Safari/535.11"
116.111.183.132 - - [17/Nov/2017:16:44:00 +0000] "GET /category/games HTTP/1.1" 200 47 "-" "Mozilla/5.0 (Windows NT 6.1; WOW64) AppleWebKit/535.11 (KHTML, like Gecko) Chrome/17.0.963.56 Safari/535.11"
48.90.222.139 - - [17/Nov/2017:16:44:05 +0000] "GET /category/toys HTTP/1.1" 200 57 "-" "Mozilla/4.0 (compatible; MSIE 8.0; Windows NT 6.0; WOW64; Trident/4.0; GTB6; SLCC1; .NET CLR 2.0.50727; Media Center PC 5.0; .NET CLR 3.5.30729; .NET CLR 3.0.30618; .NET4.0C)"
56.198.171.175 - - [17/Nov/2017:16:44:10 +0000] "GET /category/office HTTP/1.1" 200 74 "/category/garden" "Mozilla/5.0 (Windows NT 5.1) AppleWebKit/535.11 (KHTML, like Gecko) Chrome/17.0.963.46 Safari/535.11"
180.39.180.68 - - [17/Nov/2017:16:44:15 +0000] "GET /item/software/2190 HTTP/1.1" 200 70 "/search/?c=Software+Office" "Mozilla/4.0 (compatible; MSIE 8.0; Windows NT 5.1; Trident/4.0; YTB720; GTB7.2; .NET CLR 1.1.4322; .NET CLR 2.0.50727; .NET CLR 3.0.4506.2152; .NET CLR 3.5.30729)"
80.75.100.166 - - [17/Nov/2017:16:44:20 +0000] "GET /item/software/2490 HTTP/1.1" 200 51 "/category/electronics" "Mozilla/4.0 (compatible; MSIE 8.0; Windows NT 6.1; WOW64; Trident/4.0; YTB730; GTB7.2; EasyBits GO v1.0; SLCC2; .NET CLR 2.0.50727; .NET CLR 3.5.30729; .NET CLR 3.0.30729; Media Center PC 6.0; .NET4.0C)"
212.228.110.108 - - [17/Nov/2017:16:44:25 +0000] "GET /item/books/570 HTTP/1.1" 200 92 "-" "Mozilla/5.0 (iPad; CPU OS 5_0_1 like Mac OS X) AppleWebKit/534.46 (KHTML, like Gecko) Version/5.1 Mobile/9A405 Safari/7534.48.3"
112.159.38.190 - - [17/Nov/2017:16:44:30 +0000] "GET /category/software HTTP/1.1" 200 126 "-" "Mozilla/5.0 (Windows NT 6.1; WOW64; rv:10.0.1) Gecko/20100101 Firefox/10.0.1"
80.180.214.20 - - [17/Nov/2017:16:44:35 +0000] "GET /item/office/2855 HTTP/1.1" 200 52 "/category/electronics" "Mozilla/4.0 (compatible; MSIE 8.0; Windows NT 5.1; Trident/4.0; YTB720; GTB7.2; .NET CLR 1.1.4322; .NET CLR 2.0.50727; .NET CLR 3.0.4506.2152; .NET CLR 3.5.30729)"
40.63.61.211 - - [17/Nov/2017:16:44:40 +0000] "GET /category/electronics HTTP/1.1" 200 67 "-" "Mozilla/4.0 (compatible; MSIE 8.0; Windows NT 6.0; WOW64; Trident/4.0; GTB6; SLCC1; .NET CLR 2.0.50727; Media Center PC 5.0; .NET CLR 3.5.30729; .NET CLR 3.0.30618; .NET4.0C)"
96.72.174.129 - - [17/Nov/2017:16:44:45 +0000] "GET /category/office HTTP/1.1" 200 85 "-" "Mozilla/5.0 (Windows NT 6.0; rv:10.0.1) Gecko/20100101 Firefox/10.0.1"
36.144.139.176 - - [17/Nov/2017:16:44:50 +0000] "GET /category/books HTTP/1.1" 200 49 "-" "Mozilla/5.0 (Windows NT 6.1; WOW64) AppleWebKit/535.11 (KHTML, like Gecko) Chrome/17.0.963.56 Safari/535.11"
196.138.160.145 - - [17/Nov/2017:16:44:55 +0000] "GET /category/toys HTTP/1.1" 200 41 "/category/finance" "Mozilla/5.0 (Windows NT 6.1; WOW64) AppleWebKit/535.11 (KHTML, like Gecko) Chrome/17.0.963.56 Safari/535.11"
124.42.157.72 - - [17/Nov/2017:16:45:00 +0000] "GET /category/computers HTTP/1.1" 200 94 "/category/games" "Mozilla/4.0 (compatible; MSIE 8.0; Windows NT 6.1; WOW64; Trident/4.0; YTB730; GTB7.2; SLCC2; .NET CLR 2.0.50727; .NET CLR 3.5.30729; .NET CLR 3.0.30729; .NET4.0C; .NET4.0E; Media Center PC 6.0)"
96.195.97.48 - - [17/Nov/2017:16:45:05 +0000] "GET /category/software HTTP/1.1" 200 64 "-" "Mozilla/5.0 (Windows NT 6.0; rv:10.0.1) Gecko/20100101 Firefox/10.0.1"
88.141.158.50 - - [17/Nov/2017:16:45:10 +0000] "GET /category/health?from=10 HTTP/1.1" 200 124 "-" "Mozilla/5.0 (compatible; MSIE 9.0; Windows NT 6.1; Trident/5.0)"
80.120.169.42 - - [17/Nov/2017:16:45:15 +0000] "GET /category/electronics HTTP/1.1" 200 137 "-" "Mozilla/5.0 (Windows NT 6.1; WOW64; rv:10.0.1) Gecko/20100101 Firefox/10.0.1"
140.51.85.207 - - [17/Nov/2017:16:45:20 +0000] "GET /category/cameras HTTP/1.1" 200 117 "/search/?c=Games+Office" "Mozilla/5.0 (Windows NT 6.1; WOW64) AppleWebKit/535.11 (KHTML, like Gecko) Chrome/17.0.963.56 Safari/535.11"
220.225.191.68 - - [17/Nov/2017:16:45:25 +0000] "GET /category/jewelry HTTP/1.1" 200 80 "/category/health" "Mozilla/5.0 (Windows NT 6.1; WOW64; rv:10.0.1) Gecko/20100101 Firefox/10.0.1"
100.18.93.108 - - [17/Nov/2017:16:45:30 +0000] "GET /category/software HTTP/1.1" 200 98 "/item/electronics/3821" "Mozilla/5.0 (Windows NT 6.0) AppleWebKit/535.11 (KHTML, like Gecko) Chrome/17.0.963.56 Safari/535.11"
144.126.86.47 - - [17/Nov/2017:16:45:35 +0000] "POST /search/?c=Music+Sports HTTP/1.1" 200 126 "/item/networking/3624" "Mozilla/5.0 (Windows NT 6.0; rv:10.0.1) Gecko/20100101 Firefox/10.0.1"
112.159.47.221 - - [17/Nov/2017:16:45:40 +0000] "GET /category/music HTTP/1.1" 200 84 "/category/electronics" "Mozilla/5.0 (Windows NT 6.0; rv:10.0.1) Gecko/20100101 Firefox/10.0.1"
196.78.91.172 - - [17/Nov/2017:16:45:45 +0000] "GET /item/electronics/261 HTTP/1.1" 200 70 "/item/books/3757" "Mozilla/5.0 (Windows NT 6.1; WOW64; rv:10.0.1) Gecko/20100101 Firefox/10.0.1"
196.165.36.208 - - [17/Nov/2017:16:45:50 +0000] "POST /search/?c=Books+Jewelry HTTP/1.1" 200 61 "-" "Mozilla/5.0 (Macintosh; Intel Mac OS X 10.6; rv:9.0.1) Gecko/20100101 Firefox/9.0.1"
88.27.37.78 - - [17/Nov/2017:16:45:55 +0000] "GET /item/jewelry/2479 HTTP/1.1" 200 126 "-" "Mozilla/5.0 (Windows NT 6.1; WOW64) AppleWebKit/535.11 (KHTML, like Gecko) Chrome/17.0.963.56 Safari/535.11"
48.105.77.215 - - [17/Nov/2017:16:46:00 +0000] "GET /category/garden HTTP/1.1" 200 88 "-" "Mozilla/4.0 (compatible; MSIE 8.0; Windows NT 6.1; WOW64; Trident/4.0; YTB730; GTB7.2; EasyBits GO v1.0; SLCC2; .NET CLR 2.0.50727; .NET CLR 3.5.30729; .NET CLR 3.0.30729; Media Center PC 6.0; .NET4.0C)"
96.150.113.225 - - [17/Nov/2017:16:46:05 +0000] "GET /category/games HTTP/1.1" 200 89 "-" "Mozilla/5.0 (compatible; MSIE 9.0; Windows NT 6.1; WOW64; Trident/5.0)"
60.33.34.174 - - [17/Nov/2017:16:46:10 +0000] "GET /category/electronics HTTP/1.1" 200 79 "/item/cameras/2299" "Mozilla/5.0 (Windows NT 5.1) AppleWebKit/535.11 (KHTML, like Gecko) Chrome/17.0.963.46 Safari/535.11"
36.81.83.145 - - [17/Nov/2017:16:46:15 +0000] "POST /search/?c=Software HTTP/1.1" 200 102 "-" "Mozilla/4.0 (compatible; MSIE 8.0; Windows NT 6.0; WOW64; Trident/4.0; GTB6; SLCC1; .NET CLR 2.0.50727; Media Center PC 5.0; .NET CLR 3.5.30729; .NET CLR 3.0.30618; .NET4.0C)"
52.51.140.109 - - [17/Nov/2017:16:46:20 +0000] "GET /category/garden HTTP/1.1" 200 87 "/item/computers/1943" "Mozilla/4.0 (compatible; MSIE 8.0; Windows NT 6.1; WOW64; Trident/4.0; GTB7.2; SLCC2; .NET CLR 2.0.50727; .NET CLR 3.5.30729; .NET CLR 3.0.30729; Media Center PC 6.0; .NET4.0C)"
140.75.187.67 - - [17/Nov/2017:16:46:25 +0000] "GET /item/health/4591 HTTP/1.1" 200 101 "/item/electronics/3410" "Mozilla/5.0 (compatible; MSIE 9.0; Windows NT 6.1; WOW64; Trident/5.0)"
96.183.135.66 - - [17/Nov/2017:16:46:30 +0000] "GET /category/sports HTTP/1.1" 200 48 "-" "Mozilla/5.0 (Windows NT 6.1; WOW64) AppleWebKit/535.7 (KHTML, like Gecko) Chrome/16.0.912.77 Safari/535.7"
92.150.116.137 - - [17/Nov/2017:16:46:35 +0000] "GET /category/computers HTTP/1.1" 200 136 "/search/?c=Games+Books" "Mozilla/5.0 (Macintosh; Intel Mac OS X 10.6; rv:9.0.1) Gecko/20100101 Firefox/9.0.1"
124.48.209.187 - - [17/Nov/2017:16:46:40 +0000] "GET /item/electronics/4025 HTTP/1.1" 200 124 "-" "Mozilla/4.0 (compatible; MSIE 8.0; Windows NT 5.1; Trident/4.0; YTB720; GTB7.2; .NET CLR 1.1.4322; .NET CLR 2.0.50727; .NET CLR 3.0.4506.2152; .NET CLR 3.5.30729)"
112.105.131.47 - - [17/Nov/2017:16:46:45 +0000] "GET /category/software HTTP/1.1" 200 73 "/item/games/4604" "Mozilla/4.0 (compatible; MSIE 8.0; Windows NT 6.1; WOW64; Trident/4.0; YTB730; GTB7.2; SLCC2; .NET CLR 2.0.50727; .NET CLR 3.5.30729; .NET CLR 3.0.30729; .NET4.0C; .NET4.0E; Media Center PC 6.0)"
176.69.116.108 - - [17/Nov/2017:16:46:50 +0000] "GET /category/electronics HTTP/1.1" 200 137 "/item/books/1785" "Mozilla/5.0 (Windows NT 6.1; WOW64) AppleWebKit/535.11 (KHTML, like Gecko) Chrome/17.0.963.56 Safari/535.11"
108.219.222.220 - - [17/Nov/2017:16:46:55 +0000] "GET /category/electronics HTTP/1.1" 200 48 "/category/office" "Mozilla/5.0 (Macintosh; Intel Mac OS X 10.6; rv:9.0.1) Gecko/20100101 Firefox/9.0.1"
208.171.120.182 - - [17/Nov/2017:16:47:00 +0000] "GET /item/games/1456 HTTP/1.1" 200 111 "/category/software" "Mozilla/4.0 (compatible; MSIE 8.0; Windows NT 6.1; WOW64; Trident/4.0; YTB730; GTB7.2; EasyBits GO v1.0; SLCC2; .NET CLR 2.0.50727; .NET CLR 3.5.30729; .NET CLR 3.0.30729; Media Center PC 6.0; .NET4.0C)"
96.33.37.61 - - [17/Nov/2017:16:47:05 +0000] "GET /category/games HTTP/1.1" 200 114 "-" "Mozilla/5.0 (compatible; MSIE 9.0; Windows NT 6.1; WOW64; Trident/5.0)"
52.153.207.187 - - [17/Nov/2017:16:47:10 +0000] "GET /category/sports HTTP/1.1" 200 48 "-" "Mozilla/5.0 (compatible; MSIE 9.0; Windows NT 6.1; Trident/5.0)"
80.81.66.77 - - [17/Nov/2017:16:47:15 +0000] "GET /item/jewelry/1473 HTTP/1.1" 200 48 "-" "Mozilla/5.0 (Windows NT 6.0) AppleWebKit/535.11 (KHTML, like Gecko) Chrome/17.0.963.56 Safari/535.11"
84.192.102.111 - - [17/Nov/2017:16:47:20 +0000] "GET /category/jewelry HTTP/1.1" 200 111 "-" "Mozilla/5.0 (compatible; MSIE 9.0; Windows NT 6.1; Trident/5.0)"
116.72.59.134 - - [17/Nov/2017:16:47:25 +0000] "POST /search/?c=Software+Cameras HTTP/1.1" 200 60 "/category/electronics" "Mozilla/5.0 (Windows NT 6.0; rv:10.0.1) Gecko/20100101 Firefox/10.0.1"
128.123.27.92 - - [17/Nov/2017:16:47:30 +0000] "GET /item/software/1271 HTTP/1.1" 200 103 "/category/music" "Mozilla/5.0 (Macintosh; Intel Mac OS X 10.6; rv:9.0.1) Gecko/20100101 Firefox/9.0.1"
144.129.128.24 - - [17/Nov/2017:16:47:35 +0000] "GET /item/computers/770 HTTP/1.1" 200 105 "-" "Mozilla/5.0 (iPhone; CPU iPhone OS 5_0_1 like Mac OS X) AppleWebKit/534.46 (KHTML, like Gecko) Version/5.1 Mobile/9A405 Safari/7534.48.3"
204.111.23.227 - - [17/Nov/2017:16:47:40 +0000] "GET /category/giftcards HTTP/1.1" 200 60 "/category/electronics" "Mozilla/4.0 (compatible; MSIE 8.0; Windows NT 6.1; Trident/4.0; YTB730; SLCC2; .NET CLR 2.0.50727; .NET CLR 3.5.30729; .NET CLR 3.0.30729; Media Center PC 6.0; .NET4.0C)"
156.105.121.202 - - [17/Nov/2017:16:47:45 +0000] "GET /category/office HTTP/1.1" 200 51 "-" "Mozilla/5.0 (Windows NT 6.1; WOW64; rv:10.0.1) Gecko/20100101 Firefox/10.0.1"
56.48.89.225 - - [17/Nov/2017:16:47:50 +0000] "GET /item/office/512 HTTP/1.1" 200 41 "-" "Mozilla/5.0 (Windows NT 6.1; WOW64) AppleWebKit/535.7 (KHTML, like Gecko) Chrome/16.0.912.77 Safari/535.7"
204.147.33.196 - - [17/Nov/2017:16:47:55 +0000] "GET /category/software HTTP/1.1" 200 93 "/search/?c=Software" "Mozilla/5.0 (compatible; Googlebot/2.1; +http://www.google.com/bot.html)"
132.72.140.78 - - [17/Nov/2017:16:48:00 +0000] "GET /item/software/1802 HTTP/1.1" 200 125 "/item/giftcards/1476" "Mozilla/5.0 (Windows NT 6.1; WOW64; rv:10.0.1) Gecko/20100101 Firefox/10.0.1"
80.39.121.152 - - [17/Nov/2017:16:48:05 +0000] "GET /category/electronics HTTP/1.1" 200 84 "/category/finance" "Mozilla/5.0 (Windows NT 6.1; WOW64) AppleWebKit/535.11 (KHTML, like Gecko) Chrome/17.0.963.56 Safari/535.11"
28.207.155.107 - - [17/Nov/2017:16:48:10 +0000] "GET /item/garden/2308 HTTP/1.1" 200 62 "-" "Mozilla/5.0 (Windows NT 6.1; WOW64) AppleWebKit/535.11 (KHTML, like Gecko) Chrome/17.0.963.56 Safari/535.11"
164.219.72.37 - - [17/Nov/2017:16:48:15 +0000] "GET /category/office HTTP/1.1" 200 72 "/item/office/4595" "Mozilla/5.0 (compatible; MSIE 9.0; Windows NT 6.1; WOW64; Trident/5.0)"
220.159.151.36 - - [17/Nov/2017:16:48:20 +0000] "GET /category/music HTTP/1.1" 200 117 "/item/garden/1060" "Mozilla/5.0 (iPad; CPU OS 5_0_1 like Mac OS X) AppleWebKit/534.46 (KHTML, like Gecko) Version/5.1 Mobile/9A405 Safari/7534.48.3"
100.192.111.52 - - [17/Nov/2017:16:48:25 +0000] "GET /item/electronics/1 HTTP/1.1" 200 128 "/item/garden/1912" "Mozilla/5.0 (iPad; CPU OS 5_0_1 like Mac OS X) AppleWebKit/534.46 (KHTML, like Gecko) Version/5.1 Mobile/9A405 Safari/7534.48.3"
180.36.176.29 - - [17/Nov/2017:16:48:30 +0000] "GET /category/toys HTTP/1.1" 200 41 "-" "Mozilla/5.0 (Windows NT 6.0; rv:10.0.1) Gecko/20100101 Firefox/10.0.1"
32.162.92.58 - - [17/Nov/2017:16:48:35 +0000] "GET /category/networking HTTP/1.1" 200 46 "-" "Mozilla/5.0 (Windows NT 6.1; WOW64; rv:10.0.1) Gecko/20100101 Firefox/10.0.1"
172.48.138.173 - - [17/Nov/2017:16:48:40 +0000] "POST /search/?c=Cameras+Office HTTP/1.1" 200 71 "-" "Mozilla/5.0 (Macintosh; Intel Mac OS X 10.6; rv:9.0.1) Gecko/20100101 Firefox/9.0.1"
64.189.132.112 - - [17/Nov/2017:16:48:45 +0000] "GET /item/computers/4182 HTTP/1.1" 200 50 "/category/music" "Mozilla/5.0 (compatible; Googlebot/2.1; +http://www.google.com/bot.html)"
52.78.205.139 - - [17/Nov/2017:16:48:50 +0000] "GET /category/electronics HTTP/1.1" 200 115 "-" "Mozilla/5.0 (Windows NT 6.0; rv:10.0.1) Gecko/20100101 Firefox/10.0.1"
168.108.171.195 - - [17/Nov/2017:16:48:55 +0000] "GET /item/office/378 HTTP/1.1" 200 57 "/search/?c=Office" "Mozilla/5.0 (Macintosh; Intel Mac OS X 10.6; rv:9.0.1) Gecko/20100101 Firefox/9.0.1"
60.51.108.129 - - [17/Nov/2017:16:49:00 +0000] "GET /category/electronics HTTP/1.1" 200 82 "/category/books" "Mozilla/4.0 (compatible; MSIE 8.0; Windows NT 5.1; Trident/4.0; YTB720; GTB7.2; .NET CLR 1.1.4322; .NET CLR 2.0.50727; .NET CLR 3.0.4506.2152; .NET CLR 3.5.30729)"
132.141.158.51 - - [17/Nov/2017:16:49:05 +0000] "GET /category/software HTTP/1.1" 200 77 "-" "Mozilla/5.0 (compatible; MSIE 9.0; Windows NT 6.1; Trident/5.0)"
128.54.20.112 - - [17/Nov/2017:16:49:10 +0000] "GET /category/jewelry HTTP/1.1" 200 77 "-" "Mozilla/5.0 (Windows NT 6.1; WOW64) AppleWebKit/535.7 (KHTML, like Gecko) Chrome/16.0.912.77 Safari/535.7"
80.69.198.127 - - [17/Nov/2017:16:49:15 +0000] "GET /category/jewelry HTTP/1.1" 200 40 "/category/electronics" "Mozilla/5.0 (compatible; Googlebot/2.1; +http://www.google.com/bot.html)"
76.144.80.172 - - [17/Nov/2017:16:49:20 +0000] "POST /search/?c=Networking HTTP/1.1" 200 66 "/category/office" "Mozilla/5.0 (compatible; MSIE 9.0; Windows NT 6.1; Trident/5.0)"
208.54.69.174 - - [17/Nov/2017:16:49:25 +0000] "GET /category/books HTTP/1.1" 200 41 "/item/giftcards/1476" "Mozilla/5.0 (Windows NT 6.1; WOW64; rv:10.0.1) Gecko/20100101 Firefox/10.0.1"
48.54.101.46 - - [17/Nov/2017:16:49:30 +0000] "GET /category/software HTTP/1.1" 200 56 "http://www.google.com/search?ie=UTF-8&q=google&sclient=psy-ab&q=Software+Electronics&oq=Software+Electronics&aq=f&aqi=g-vL1&aql=&pbx=1&bav=on.2,or.r_gc.r_pw.r_qf.,cf.osb&biw=3155&bih=582" "Mozilla/5.0 (compatible; MSIE 9.0; Windows NT 6.1; Trident/5.0)"
160.93.50.158 - - [17/Nov/2017:16:49:35 +0000] "GET /category/software HTTP/1.1" 200 70 "-" "Mozilla/5.0 (compatible; MSIE 9.0; Windows NT 6.1; WOW64; Trident/5.0)"
28.27.177.180 - - [17/Nov/2017:16:49:40 +0000] "GET /category/office HTTP/1.1" 200 87 "-" "Mozilla/5.0 (compatible; MSIE 9.0; Windows NT 6.1; WOW64; Trident/5.0)"
204.120.171.145 - - [17/Nov/2017:16:49:45 +0000] "GET /category/office HTTP/1.1" 200 139 "-" "Mozilla/4.0 (compatible; MSIE 8.0; Windows NT 5.1; Trident/4.0; YTB720; GTB7.2; .NET CLR 1.1.4322; .NET CLR 2.0.50727; .NET CLR 3.0.4506.2152; .NET CLR 3.5.30729)"
208.210.156.79 - - [17/Nov/2017:16:49:50 +0000] "GET /category/music HTTP/1.1" 200 53 "-" "Mozilla/5.0 (compatible; Googlebot/2.1; +http://www.google.com/bot.html)"
128.66.82.98 - - [17/Nov/2017:16:49:55 +0000] "GET /category/electronics HTTP/1.1" 200 130 "/category/electronics" "Mozilla/5.0 (compatible; Googlebot/2.1; +http://www.google.com/bot.html)"
44.198.209.156 - - [17/Nov/2017:16:50:00 +0000] "GET /item/giftcards/1901 HTTP/1.1" 200 63 "/category/games" "Mozilla/5.0 (Macintosh; Intel Mac OS X 10.6; rv:9.0.1) Gecko/20100101 Firefox/9.0.1"
140.69.87.26 - - [17/Nov/2017:16:50:05 +0000] "GET /category/books?from=10 HTTP/1.1" 200 97 "/category/cameras" "Mozilla/4.0 (compatible; MSIE 8.0; Windows NT 6.1; WOW64; Trident/4.0; GTB7.2; SLCC2; .NET CLR 2.0.50727; .NET CLR 3.5.30729; .NET CLR 3.0.30729; Media Center PC 6.0; .NET4.0C)"
56.48.140.129 - - [17/Nov/2017:16:50:10 +0000] "GET /category/office HTTP/1.1" 200 86 "/category/finance" "Mozilla/5.0 (compatible; MSIE 9.0; Windows NT 6.1; WOW64; Trident/5.0)"
200.69.111.217 - - [17/Nov/2017:16:50:15 +0000] "GET /item/software/2629 HTTP/1.1" 200 61 "/category/software" "Mozilla/5.0 (compatible; MSIE 9.0; Windows NT 6.1; WOW64; Trident/5.0)"
116.222.179.198 - - [17/Nov/2017:16:50:20 +0000] "GET /category/giftcards HTTP/1.1" 200 93 "-" "Mozilla/4.0 (compatible; MSIE 8.0; Windows NT 6.1; WOW64; Trident/4.0; GTB7.2; SLCC2; .NET CLR 2.0.50727; .NET CLR 3.5.30729; .NET CLR 3.0.30729; Media Center PC 6.0; .NET4.0C)"
136.129.115.173 - - [17/Nov/2017:16:50:25 +0000] "GET /category/games HTTP/1.1" 200 111 "/category/electronics" "Mozilla/5.0 (Macintosh; Intel Mac OS X 10.6; rv:9.0.1) Gecko/20100101 Firefox/9.0.1"
196.96.50.86 - - [17/Nov/2017:16:50:30 +0000] "GET /item/music/4699 HTTP/1.1" 200 48 "/search/?c=Music" "Mozilla/5.0 (Windows NT 6.0) AppleWebKit/535.11 (KHTML, like Gecko) Chrome/17.0.963.56 Safari/535.11"
156.90.25.118 - - [17/Nov/2017:16:50:35 +0000] "GET /category/health HTTP/1.1" 200 42 "/category/books" "Mozilla/5.0 (Windows NT 6.1; WOW64) AppleWebKit/535.11 (KHTML, like Gecko) Chrome/17.0.963.56 Safari/535.11"
124.180.126.94 - - [17/Nov/2017:16:50:40 +0000] "GET /category/jewelry HTTP/1.1" 200 114 "-" "Mozilla/5.0 (compatible; MSIE 9.0; Windows NT 6.1; Trident/5.0)"
32.177.40.26 - - [17/Nov/2017:16:50:45 +0000] "GET /item/books/3992 HTTP/1.1" 200 70 "/category/books" "Mozilla/4.0 (compatible; MSIE 8.0; Windows NT 5.1; Trident/4.0; BTRS122159; GTB7.2; .NET CLR 1.1.4322; .NET CLR 2.0.50727; .NET CLR 3.0.04506.30; .NET CLR 3.0.4506.2152; .NET CLR 3.5.30729; BRI/2)"
180.36.176.29 - - [17/Nov/2017:16:50:50 +0000] "GET /item/books/1573 HTTP/1.1" 200 72 "/category/software" "Mozilla/5.0 (Windows NT 6.0; rv:10.0.1) Gecko/20100101 Firefox/10.0.1"
96.153.159.129 - - [17/Nov/2017:16:50:55 +0000] "GET /category/electronics HTTP/1.1" 200 49 "-" "Mozilla/5.0 (Windows NT 6.1; WOW64) AppleWebKit/535.11 (KHTML, like Gecko) Chrome/17.0.963.56 Safari/535.11"
100.48.203.91 - - [17/Nov/2017:16:51:00 +0000] "GET /category/books HTTP/1.1" 200 96 "-" "Mozilla/4.0 (compatible; MSIE 8.0; Windows NT 6.1; Trident/4.0; YTB730; SLCC2; .NET CLR 2.0.50727; .NET CLR 3.5.30729; .NET CLR 3.0.30729; Media Center PC 6.0; .NET4.0C)"
44.39.69.128 - - [17/Nov/2017:16:51:05 +0000] "GET /item/electronics/4072 HTTP/1.1" 200 63 "http://www.google.com/search?ie=UTF-8&q=google&sclient=psy-ab&q=Electronics&oq=Electronics&aq=f&aqi=g-vL1&aql=&pbx=1&bav=on.2,or.r_gc.r_pw.r_qf.,cf.osb&biw=1875&bih=222" "Mozilla/4.0 (compatible; MSIE 8.0; Windows NT 6.1; Trident/4.0; YTB730; SLCC2; .NET CLR 2.0.50727; .NET CLR 3.5.30729; .NET CLR 3.0.30729; Media Center PC 6.0; .NET4.0C)"
40.126.194.206 - - [17/Nov/2017:16:51:10 +0000] "GET /item/games/918 HTTP/1.1" 200 76 "/search/?c=Games+Office" "Mozilla/5.0 (compatible; MSIE 9.0; Windows NT 6.1; WOW64; Trident/5.0)"
184.123.73.180 - - [17/Nov/2017:16:51:15 +0000] "GET /category/electronics HTTP/1.1" 200 59 "-" "Mozilla/5.0 (iPhone; CPU iPhone OS 5_0_1 like Mac OS X) AppleWebKit/534.46 (KHTML, like Gecko) Version/5.1 Mobile/9A405 Safari/7534.48.3"
160.213.73.172 - - [17/Nov/2017:16:51:20 +0000] "GET /category/books HTTP/1.1" 200 48 "-" "Mozilla/5.0 (Windows NT 6.1; WOW64) AppleWebKit/535.11 (KHTML, like Gecko) Chrome/17.0.963.56 Safari/535.11"
92.204.226.50 - - [17/Nov/2017:16:51:25 +0000] "GET /category/books HTTP/1.1" 200 88 "-" "Mozilla/5.0 (compatible; Googlebot/2.1; +http://www.google.com/bot.html)"
140.204.32.148 - - [17/Nov/2017:16:51:30 +0000] "POST /search/?c=Finance+Books HTTP/1.1" 200 54 "-" "Mozilla/4.0 (compatible; MSIE 8.0; Windows NT 5.1; Trident/4.0; BTRS122159; GTB7.2; .NET CLR 1.1.4322; .NET CLR 2.0.50727; .NET CLR 3.0.04506.30; .NET CLR 3.0.4506.2152; .NET CLR 3.5.30729; BRI/2)"
92.144.202.140 - - [17/Nov/2017:16:51:35 +0000] "GET /category/finance HTTP/1.1" 200 68 "/category/books?from=10" "Mozilla/4.0 (compatible; MSIE 8.0; Windows NT 5.1; Trident/4.0; BTRS122159; GTB7.2; .NET CLR 1.1.4322; .NET CLR 2.0.50727; .NET CLR 3.0.04506.30; .NET CLR 3.0.4506.2152; .NET CLR 3.5.30729; BRI/2)"
96.195.52.25 - - [17/Nov/2017:16:51:40 +0000] "GET /category/games HTTP/1.1" 200 99 "/category/health" "Mozilla/5.0 (Windows NT 6.0) AppleWebKit/535.11 (KHTML, like Gecko) Chrome/17.0.963.56 Safari/535.11"
20.144.126.37 - - [17/Nov/2017:16:51:45 +0000] "POST /search/?c=Software HTTP/1.1" 200 126 "-" "Mozilla/5.0 (Windows NT 6.0; rv:10.0.1) Gecko/20100101 Firefox/10.0.1"
144.159.198.187 - - [17/Nov/2017:16:51:50 +0000] "GET /item/electronics/3545 HTTP/1.1" 200 133 "/search/?c=Electronics+Software" "Mozilla/5.0 (iPad; CPU OS 5_0_1 like Mac OS X) AppleWebKit/534.46 (KHTML, like Gecko) Version/5.1 Mobile/9A405 Safari/7534.48.3"
192.132.36.118 - - [17/Nov/2017:16:51:55 +0000] "GET /category/software HTTP/1.1" 200 104 "-" "Mozilla/5.0 (Windows NT 6.1; WOW64; rv:10.0.1) Gecko/20100101 Firefox/10.0.1"
64.99.106.139 - - [17/Nov/2017:16:52:00 +0000] "GET /category/games HTTP/1.1" 200 135 "-" "Mozilla/5.0 (Windows NT 6.0; rv:10.0.1) Gecko/20100101 Firefox/10.0.1"
48.168.148.167 - - [17/Nov/2017:16:52:05 +0000] "GET /category/software HTTP/1.1" 200 105 "/category/garden" "Mozilla/5.0 (Windows NT 6.1; WOW64) AppleWebKit/535.11 (KHTML, like Gecko) Chrome/17.0.963.56 Safari/535.11"
196.225.171.61 - - [17/Nov/2017:16:52:10 +0000] "GET /item/books/4062 HTTP/1.1" 200 105 "/search/?c=Books+Electronics" "Mozilla/4.0 (compatible; MSIE 8.0; Windows NT 6.1; WOW64; Trident/4.0; YTB730; GTB7.2; SLCC2; .NET CLR 2.0.50727; .NET CLR 3.5.30729; .NET CLR 3.0.30729; .NET4.0C; .NET4.0E; Media Center PC 6.0)"
56.189.95.197 - - [17/Nov/2017:16:52:15 +0000] "GET /item/office/4595 HTTP/1.1" 200 137 "/item/jewelry/3466" "Mozilla/5.0 (compatible; Googlebot/2.1; +http://www.google.com/bot.html)"
156.132.137.129 - - [17/Nov/2017:16:52:20 +0000] "GET /item/cameras/1329 HTTP/1.1" 200 59 "/search/?c=Cameras+Sports" "Mozilla/4.0 (compatible; MSIE 8.0; Windows NT 6.1; WOW64; Trident/4.0; YTB730; GTB7.2; EasyBits GO v1.0; SLCC2; .NET CLR 2.0.50727; .NET CLR 3.5.30729; .NET CLR 3.0.30729; Media Center PC 6.0; .NET4.0C)"
104.165.180.220 - - [17/Nov/2017:16:52:25 +0000] "GET /item/finance/1207 HTTP/1.1" 200 57 "-" "Mozilla/5.0 (Macintosh; Intel Mac OS X 10.6; rv:9.0.1) Gecko/20100101 Firefox/9.0.1"
116.132.223.92 - - [17/Nov/2017:16:52:30 +0000] "GET /category/software?from=0 HTTP/1.1" 200 64 "/item/office/863" "Mozilla/5.0 (Macintosh; Intel Mac OS X 10.6; rv:9.0.1) Gecko/20100101 Firefox/9.0.1"
44.198.64.135 - - [17/Nov/2017:16:52:35 +0000] "POST /search/?c=Networking HTTP/1.1" 200 110 "-" "Mozilla/5.0 (Windows NT 6.1; WOW64; rv:10.0.1) Gecko/20100101 Firefox/10.0.1"
44.213.68.121 - - [17/Nov/2017:16:52:40 +0000] "GET /category/sports HTTP/1.1" 200 137 "-" "Mozilla/5.0 (Windows NT 6.0; rv:10.0.1) Gecko/20100101 Firefox/10.0.1"
172.51.61.163 - - [17/Nov/2017:16:52:45 +0000] "GET /item/electronics/229 HTTP/1.1" 200 105 "http://www.google.com/search?ie=UTF-8&q=google&sclient=psy-ab&q=Electronics+Cameras&oq=Electronics+Cameras&aq=f&aqi=g-vL1&aql=&pbx=1&bav=on.2,or.r_gc.r_pw.r_qf.,cf.osb&biw=3847&bih=310" "Mozilla/4.0 (compatible; MSIE 8.0; Windows NT 6.1; Trident/4.0; YTB730; SLCC2; .NET CLR 2.0.50727; .NET CLR 3.5.30729; .NET CLR 3.0.30729; Media Center PC 6.0; .NET4.0C)"
176.141.46.22 - - [17/Nov/2017:16:52:50 +0000] "GET /category/toys HTTP/1.1" 200 125 "/item/electronics/3975" "Mozilla/5.0 (compatible; MSIE 9.0; Windows NT 6.1; Trident/5.0)"
72.66.199.152 - - [17/Nov/2017:16:52:55 +0000] "GET /item/electronics/1667 HTTP/1.1" 200 121 "/item/electronics/2374" "Mozilla/5.0 (Windows NT 6.1; WOW64; rv:10.0.1) Gecko/20100101 Firefox/10.0.1"
36.51.149.50 - - [17/Nov/2017:16:53:00 +0000] "GET /category/cameras HTTP/1.1" 200 97 "/category/games" "Mozilla/4.0 (compatible; MSIE 8.0; Windows NT 6.1; WOW64; Trident/4.0; GTB7.2; SLCC2; .NET CLR 2.0.50727; .NET CLR 3.5.30729; .NET CLR 3.0.30729; Media Center PC 6.0; .NET4.0C)"
76.225.209.116 - - [17/Nov/2017:16:53:05 +0000] "GET /item/electronics/2895 HTTP/1.1" 200 47 "-" "Mozilla/5.0 (Windows NT 6.1; WOW64) AppleWebKit/535.11 (KHTML, like Gecko) Chrome/17.0.963.56 Safari/535.11"
152.87.67.123 - - [17/Nov/2017:16:53:10 +0000] "GET /category/office HTTP/1.1" 200 118 "-" "Mozilla/5.0 (Windows NT 6.1; WOW64) AppleWebKit/535.7 (KHTML, like Gecko) Chrome/16.0.912.77 Safari/535.7"
208.117.69.117 - - [17/Nov/2017:16:53:15 +0000] "POST /search/?c=Software HTTP/1.1" 200 98 "-" "Mozilla/5.0 (Windows NT 6.1; WOW64) AppleWebKit/535.7 (KHTML, like Gecko) Chrome/16.0.912.77 Safari/535.7"
196.24.211.196 - - [17/Nov/2017:16:53:20 +0000] "GET /item/networking/3624 HTTP/1.1" 200 44 "/category/software" "Mozilla/5.0 (Windows NT 5.1) AppleWebKit/535.11 (KHTML, like Gecko) Chrome/17.0.963.46 Safari/535.11"
104.141.83.168 - - [17/Nov/2017:16:53:25 +0000] "GET /category/software HTTP/1.1" 200 51 "/category/jewelry" "Mozilla/5.0 (Macintosh; Intel Mac OS X 10.6; rv:9.0.1) Gecko/20100101 Firefox/9.0.1"
64.138.87.214 - - [17/Nov/2017:16:53:30 +0000] "GET /category/software?from=0 HTTP/1.1" 200 77 "/category/software" "Mozilla/4.0 (compatible; MSIE 8.0; Windows NT 5.1; Trident/4.0; YTB720; GTB7.2; .NET CLR 1.1.4322; .NET CLR 2.0.50727; .NET CLR 3.0.4506.2152; .NET CLR 3.5.30729)"
224.93.67.44 - - [17/Nov/2017:16:53:35 +0000] "GET /category/electronics HTTP/1.1" 200 93 "-" "Mozilla/4.0 (compatible; MSIE 8.0; Windows NT 6.1; WOW64; Trident/4.0; GTB7.2; SLCC2; .NET CLR 2.0.50727; .NET CLR 3.5.30729; .NET CLR 3.0.30729; Media Center PC 6.0; .NET4.0C)"
48.195.168.33 - - [17/Nov/2017:16:53:40 +0000] "GET /category/electronics HTTP/1.1" 200 131 "/item/electronics/1079" "Mozilla/5.0 (Windows NT 6.1; WOW64; rv:10.0.1) Gecko/20100101 Firefox/10.0.1"
228.54.175.57 - - [17/Nov/2017:16:53:45 +0000] "GET /category/electronics HTTP/1.1" 200 139 "/category/health" "Mozilla/5.0 (Windows NT 6.0; rv:10.0.1) Gecko/20100101 Firefox/10.0.1"
24.48.22.162 - - [17/Nov/2017:16:53:50 +0000] "GET /item/garden/2166 HTTP/1.1" 200 139 "/category/computers" "Mozilla/5.0 (compatible; MSIE 9.0; Windows NT 6.1; WOW64; Trident/5.0)"
68.207.95.201 - - [17/Nov/2017:16:53:55 +0000] "GET /category/software?from=0 HTTP/1.1" 200 44 "-" "Mozilla/4.0 (compatible; MSIE 8.0; Windows NT 5.1; Trident/4.0; YTB720; GTB7.2; .NET CLR 1.1.4322; .NET CLR 2.0.50727; .NET CLR 3.0.4506.2152; .NET CLR 3.5.30729)"
48.90.222.139 - - [17/Nov/2017:16:54:00 +0000] "GET /category/software HTTP/1.1" 200 109 "-" "Mozilla/4.0 (compatible; MSIE 8.0; Windows NT 6.0; WOW64; Trident/4.0; GTB6; SLCC1; .NET CLR 2.0.50727; Media Center PC 5.0; .NET CLR 3.5.30729; .NET CLR 3.0.30618; .NET4.0C)"
204.120.171.145 - - [17/Nov/2017:16:54:05 +0000] "GET /item/books/1568 HTTP/1.1" 200 79 "/category/cameras" "Mozilla/5.0 (iPad; CPU OS 5_0_1 like Mac OS X) AppleWebKit/534.46 (KHTML, like Gecko) Version/5.1 Mobile/9A405 Safari/7534.48.3"
60.72.43.103 - - [17/Nov/2017:16:54:10 +0000] "GET /category/books?from=0 HTTP/1.1" 200 56 "/search/?c=Books" "Mozilla/5.0 (Windows NT 6.0) AppleWebKit/535.11 (KHTML, like Gecko) Chrome/17.0.963.56 Safari/535.11"
56.150.202.109 - - [17/Nov/2017:16:54:15 +0000] "GET /category/toys HTTP/1.1" 200 109 "/category/office" "Mozilla/5.0 (Windows NT 6.0; rv:10.0.1) Gecko/20100101 Firefox/10.0.1"
72.189.134.198 - - [17/Nov/2017:16:54:20 +0000] "GET /item/electronics/681 HTTP/1.1" 200 64 "/search/?c=Electronics" "Mozilla/5.0 (compatible; Googlebot/2.1; +http://www.google.com/bot.html)"
100.144.219.108 - - [17/Nov/2017:16:54:25 +0000] "GET /item/computers/3135 HTTP/1.1" 200 107 "/category/computers" "Mozilla/4.0 (compatible; MSIE 8.0; Windows NT 5.1; Trident/4.0; YTB720; GTB7.2; .NET CLR 1.1.4322; .NET CLR 2.0.50727; .NET CLR 3.0.4506.2152; .NET CLR 3.5.30729)"
160.111.20.54 - - [17/Nov/2017:16:54:30 +0000] "GET /category/electronics HTTP/1.1" 200 72 "/category/games" "Mozilla/5.0 (Macintosh; Intel Mac OS X 10.6; rv:9.0.1) Gecko/20100101 Firefox/9.0.1"
128.123.134.69 - - [17/Nov/2017:16:54:35 +0000] "GET /category/books HTTP/1.1" 200 131 "-" "Mozilla/5.0 (Windows NT 6.0) AppleWebKit/535.11 (KHTML, like Gecko) Chrome/17.0.963.56 Safari/535.11"
208.93.164.196 - - [17/Nov/2017:16:54:40 +0000] "GET /item/jewelry/4114 HTTP/1.1" 404 139 "/search/?c=Jewelry" "Mozilla/5.0 (compatible; MSIE 9.0; Windows NT 6.1; WOW64; Trident/5.0)"
36.219.202.185 - - [17/Nov/2017:16:54:45 +0000] "GET /category/games HTTP/1.1" 200 42 "/category/jewelry" "Mozilla/5.0 (iPhone; CPU iPhone OS 5_0_1 like Mac OS X) AppleWebKit/534.46 (KHTML, like Gecko) Version/5.1 Mobile/9A405 Safari/7534.48.3"
80.21.83.68 - - [17/Nov/2017:16:54:50 +0000] "GET /item/health/3601 HTTP/1.1" 200 64 "-" "Mozilla/5.0 (Macintosh; Intel Mac OS X 10.6; rv:9.0.1) Gecko/20100101 Firefox/9.0.1"
216.153.155.217 - - [17/Nov/2017:16:54:55 +0000] "GET /category/jewelry HTTP/1.1" 200 102 "/item/games/2215" "Mozilla/4.0 (compatible; MSIE 8.0; Windows NT 6.1; WOW64; Trident/4.0; YTB730; GTB7.2; SLCC2; .NET CLR 2.0.50727; .NET CLR 3.5.30729; .NET CLR 3.0.30729; .NET4.0C; .NET4.0E; Media Center PC 6.0)"
84.150.155.34 - - [17/Nov/2017:16:55:00 +0000] "GET /category/electronics?from=20 HTTP/1.1" 200 63 "-" "Mozilla/5.0 (Windows NT 6.1; WOW64; rv:10.0.1) Gecko/20100101 Firefox/10.0.1"
148.90.219.96 - - [17/Nov/2017:16:55:05 +0000] "GET /category/games HTTP/1.1" 200 83 "/item/electronics/2524" "Mozilla/5.0 (Windows NT 6.0; rv:10.0.1) Gecko/20100101 Firefox/10.0.1"
84.30.95.135 - - [17/Nov/2017:16:55:10 +0000] "GET /category/electronics HTTP/1.1" 200 67 "/category/books?from=20" "Mozilla/5.0 (compatible; MSIE 9.0; Windows NT 6.1; Trident/5.0)"
176.108.47.217 - - [17/Nov/2017:16:55:15 +0000] "GET /category/software HTTP/1.1" 200 48 "/category/cameras?from=20" "Mozilla/5.0 (compatible; MSIE 9.0; Windows NT 6.1; WOW64; Trident/5.0)"
88.228.108.129 - - [17/Nov/2017:16:55:20 +0000] "GET /category/finance HTTP/1.1" 200 136 "/item/electronics/2795" "Mozilla/4.0 (compatible; MSIE 8.0; Windows NT 5.1; Trident/4.0; BTRS122159; GTB7.2; .NET CLR 1.1.4322; .NET CLR 2.0.50727; .NET CLR 3.0.04506.30; .NET CLR 3.0.4506.2152; .NET CLR 3.5.30729; BRI/2)"
172.225.223.37 - - [17/Nov/2017:16:55:25 +0000] "GET /category/software HTTP/1.1" 200 56 "-" "Mozilla/4.0 (compatible; MSIE 8.0; Windows NT 6.1; WOW64; Trident/4.0; YTB730; GTB7.2; SLCC2; .NET CLR 2.0.50727; .NET CLR 3.5.30729; .NET CLR 3.0.30729; .NET4.0C; .NET4.0E; Media Center PC 6.0)"
140.63.80.89 - - [17/Nov/2017:16:55:30 +0000] "GET /category/networking HTTP/1.1" 200 136 "-" "Mozilla/5.0 (Windows NT 6.1; WOW64) AppleWebKit/535.11 (KHTML, like Gecko) Chrome/17.0.963.56 Safari/535.11"
104.189.169.48 - - [17/Nov/2017:16:55:35 +0000] "GET /category/software HTTP/1.1" 200 66 "/category/software" "Mozilla/4.0 (compatible; MSIE 8.0; Windows NT 6.1; WOW64; Trident/4.0; YTB730; GTB7.2; EasyBits GO v1.0; SLCC2; .NET CLR 2.0.50727; .NET CLR 3.5.30729; .NET CLR 3.0.30729; Media Center PC 6.0; .NET4.0C)"
96.150.113.225 - - [17/Nov/2017:16:55:40 +0000] "GET /category/books HTTP/1.1" 200 98 "/search/?c=Electronics+Games" "Mozilla/5.0 (compatible; MSIE 9.0; Windows NT 6.1; WOW64; Trident/5.0)"
196.36.158.223 - - [17/Nov/2017:16:55:45 +0000] "GET /item/books/237 HTTP/1.1" 200 95 "-" "Mozilla/5.0 (Windows NT 6.0) AppleWebKit/535.11 (KHTML, like Gecko) Chrome/17.0.963.56 Safari/535.11"
100.192.111.52 - - [17/Nov/2017:16:55:50 +0000] "GET /category/electronics HTTP/1.1" 200 117 "/category/software" "Mozilla/4.0 (compatible; MSIE 8.0; Windows NT 5.1; Trident/4.0; YTB720; GTB7.2; .NET CLR 1.1.4322; .NET CLR 2.0.50727; .NET CLR 3.0.4506.2152; .NET CLR 3.5.30729)"
152.207.187.181 - - [17/Nov/2017:16:55:55 +0000] "GET /category/books HTTP/1.1" 200 84 "/category/finance" "Mozilla/5.0 (Windows NT 6.1; WOW64) AppleWebKit/535.11 (KHTML, like Gecko) Chrome/17.0.963.56 Safari/535.11"
212.213.59.205 - - [17/Nov/2017:16:56:00 +0000] "GET /category/computers HTTP/1.1" 200 131 "/search/?c=Books" "Mozilla/5.0 (Macintosh; Intel Mac OS X 10.6; rv:9.0.1) Gecko/20100101 Firefox/9.0.1"
40.54.165.166 - - [17/Nov/2017:16:56:05 +0000] "GET /category/networking?from=20 HTTP/1.1" 200 133 "/category/networking" "Mozilla/5.0 (iPad; CPU OS 5_0_1 like Mac OS X) AppleWebKit/534.46 (KHTML, like Gecko) Version/5.1 Mobile/9A405 Safari/7534.48.3"
112.159.47.221 - - [17/Nov/2017:16:56:10 +0000] "GET /item/toys/1044 HTTP/1.1" 200 40 "/category/giftcards" "Mozilla/5.0 (Windows NT 6.1; WOW64) AppleWebKit/535.7 (KHTML, like Gecko) Chrome/16.0.912.77 Safari/535.7"
156.123.139.120 - - [17/Nov/2017:16:56:15 +0000] "GET /category/software HTTP/1.1" 200 72 "-" "Mozilla/5.0 (Windows NT 6.0; rv:10.0.1) Gecko/20100101 Firefox/10.0.1"
68.201.134.81 - - [17/Nov/2017:16:56:20 +0000] "GET /category/garden?from=0 HTTP/1.1" 200 41 "-" "Mozilla/5.0 (Windows NT 6.1; WOW64; rv:10.0.1) Gecko/20100101 Firefox/10.0.1"
24.99.27.123 - - [17/Nov/2017:16:56:25 +0000] "GET /item/giftcards/3166 HTTP/1.1" 200 108 "/category/music" "Mozilla/4.0 (compatible; MSIE 8.0; Windows NT 5.1; Trident/4.0; BTRS122159; GTB7.2; .NET CLR 1.1.4322; .NET CLR 2.0.50727; .NET CLR 3.0.04506.30; .NET CLR 3.0.4506.2152; .NET CLR 3.5.30729; BRI/2)"
204.219.223.54 - - [17/Nov/2017:16:56:30 +0000] "POST /search/?c=Music HTTP/1.1" 200 44 "-" "Mozilla/5.0 (Macintosh; Intel Mac OS X 10.6; rv:9.0.1) Gecko/20100101 Firefox/9.0.1"
36.156.149.92 - - [17/Nov/2017:16:56:35 +0000] "GET /category/electronics HTTP/1.1" 200 51 "-" "Mozilla/5.0 (compatible; Googlebot/2.1; +http://www.google.com/bot.html)"
140.93.196.122 - - [17/Nov/2017:16:56:40 +0000] "GET /item/health/4027 HTTP/1.1" 200 58 "/category/computers" "Mozilla/5.0 (Windows NT 6.1; WOW64) AppleWebKit/535.11 (KHTML, like Gecko) Chrome/17.0.963.56 Safari/535.11"
20.27.98.157 - - [17/Nov/2017:16:56:45 +0000] "POST /search/?c=Books HTTP/1.1" 200 85 "/category/books" "Mozilla/5.0 (Windows NT 5.1) AppleWebKit/535.11 (KHTML, like Gecko) Chrome/17.0.963.46 Safari/535.11"
104.141.83.168 - - [17/Nov/2017:16:56:50 +0000] "GET /item/books/3992 HTTP/1.1" 200 70 "/category/books" "Mozilla/4.0 (compatible; MSIE 8.0; Windows NT 6.1; WOW64; Trident/4.0; YTB730; GTB7.2; EasyBits GO v1.0; SLCC2; .NET CLR 2.0.50727; .NET CLR 3.5.30729; .NET CLR 3.0.30729; Media Center PC 6.0; .NET4.0C)"
80.180.214.20 - - [17/Nov/2017:16:56:55 +0000] "GET /category/finance HTTP/1.1" 200 98 "/category/sports" "Mozilla/5.0 (Windows NT 6.1; WOW64) AppleWebKit/535.11 (KHTML, like Gecko) Chrome/17.0.963.56 Safari/535.11"
140.108.166.217 - - [17/Nov/2017:16:57:00 +0000] "GET /category/books HTTP/1.1" 200 55 "/category/finance" "Mozilla/4.0 (compatible; MSIE 8.0; Windows NT 6.0; WOW64; Trident/4.0; GTB6; SLCC1; .NET CLR 2.0.50727; Media Center PC 5.0; .NET CLR 3.5.30729; .NET CLR 3.0.30618; .NET4.0C)"
220.36.59.198 - - [17/Nov/2017:16:57:05 +0000] "GET /item/toys/1283 HTTP/1.1" 200 49 "/item/software/1017" "Mozilla/5.0 (Macintosh; Intel Mac OS X 10.6; rv:9.0.1) Gecko/20100101 Firefox/9.0.1"
212.45.141.113 - - [17/Nov/2017:16:57:10 +0000] "GET /category/books HTTP/1.1" 200 106 "-" "Mozilla/5.0 (Windows NT 6.1; WOW64) AppleWebKit/535.11 (KHTML, like Gecko) Chrome/17.0.963.56 Safari/535.11"
196.24.211.196 - - [17/Nov/2017:16:57:15 +0000] "GET /item/electronics/2895 HTTP/1.1" 200 47 "/item/software/272" "Mozilla/5.0 (Windows NT 5.1) AppleWebKit/535.11 (KHTML, like Gecko) Chrome/17.0.963.46 Safari/535.11"
52.93.144.151 - - [17/Nov/2017:16:57:20 +0000] "GET /category/software?from=0 HTTP/1.1" 200 91 "/category/computers" "Mozilla/5.0 (Macintosh; Intel Mac OS X 10.6; rv:9.0.1) Gecko/20100101 Firefox/9.0.1"
36.75.71.169 - - [17/Nov/2017:16:57:25 +0000] "GET /category/software HTTP/1.1" 200 86 "-" "Mozilla/5.0 (Windows NT 6.0; rv:10.0.1) Gecko/20100101 Firefox/10.0.1"
172.165.188.104 - - [17/Nov/2017:16:57:30 +0000] "GET /category/software HTTP/1.1" 200 127 "/search/?c=Networking+Networking" "Mozilla/5.0 (compatible; Googlebot/2.1; +http://www.google.com/bot.html)"
176.45.198.120 - - [17/Nov/2017:16:57:35 +0000] "POST /search/?c=Games+Electronics HTTP/1.1" 200 81 "/item/books/4619" "Mozilla/5.0 (compatible; MSIE 9.0; Windows NT 6.1; WOW64; Trident/5.0)"
208.174.27.69 - - [17/Nov/2017:16:57:40 +0000] "GET /category/electronics HTTP/1.1" 200 118 "/category/games" "Mozilla/5.0 (Macintosh; Intel Mac OS X 10.6; rv:9.0.1) Gecko/20100101 Firefox/9.0.1"
140.72.172.206 - - [17/Nov/2017:16:57:45 +0000] "GET /category/software HTTP/1.1" 200 104 "/category/software" "Mozilla/5.0 (Windows NT 5.1) AppleWebKit/535.11 (KHTML, like Gecko) Chrome/17.0.963.46 Safari/535.11"
76.180.131.65 - - [17/Nov/2017:16:57:50 +0000] "GET /item/games/2215 HTTP/1.1" 200 64 "-" "Mozilla/5.0 (compatible; MSIE 9.0; Windows NT 6.1; Trident/5.0)"
164.210.109.27 - - [17/Nov/2017:16:57:55 +0000] "GET /item/electronics/2426 HTTP/1.1" 200 91 "/search/?c=Electronics+Sports" "Mozilla/5.0 (Macintosh; Intel Mac OS X 10.6; rv:9.0.1) Gecko/20100101 Firefox/9.0.1"
52.198.156.151 - - [17/Nov/2017:16:58:00 +0000] "GET /category/games HTTP/1.1" 200 71 "-" "Mozilla/5.0 (Windows NT 6.1; WOW64; rv:10.0.1) Gecko/20100101 Firefox/10.0.1"
44.189.22.22 - - [17/Nov/2017:16:58:05 +0000] "GET /category/software HTTP/1.1" 200 98 "-" "Mozilla/5.0 (Windows NT 6.1; WOW64) AppleWebKit/535.7 (KHTML, like Gecko) Chrome/16.0.912.77 Safari/535.7"
128.63.115.118 - - [17/Nov/2017:16:58:10 +0000] "GET /item/garden/2308 HTTP/1.1" 200 62 "/item/software/2434" "Mozilla/5.0 (Windows NT 6.0; rv:10.0.1) Gecko/20100101 Firefox/10.0.1"
180.150.61.142 - - [17/Nov/2017:16:58:15 +0000] "GET /category/office HTTP/1.1" 200 88 "/category/health" "Mozilla/4.0 (compatible; MSIE 8.0; Windows NT 5.1; Trident/4.0; YTB720; GTB7.2; .NET CLR 1.1.4322; .NET CLR 2.0.50727; .NET CLR 3.0.4506.2152; .NET CLR 3.5.30729)"
80.114.67.84 - - [17/Nov/2017:16:58:20 +0000] "GET /category/giftcards HTTP/1.1" 200 49 "-" "Mozilla/5.0 (compatible; Googlebot/2.1; +http://www.google.com/bot.html)"
36.219.202.185 - - [17/Nov/2017:16:58:25 +0000] "GET /item/jewelry/2593 HTTP/1.1" 200 118 "/category/electronics" "Mozilla/5.0 (iPhone; CPU iPhone OS 5_0_1 like Mac OS X) AppleWebKit/534.46 (KHTML, like Gecko) Version/5.1 Mobile/9A405 Safari/7534.48.3"
20.63.78.107 - - [17/Nov/2017:16:58:30 +0000] "GET /category/electronics HTTP/1.1" 200 83 "/category/garden" "Mozilla/5.0 (Macintosh; Intel Mac OS X 10.6; rv:9.0.1) Gecko/20100101 Firefox/9.0.1"
36.207.70.163 - - [17/Nov/2017:16:58:35 +0000] "GET /item/networking/973 HTTP/1.1" 200 48 "/category/sports" "Mozilla/5.0 (iPhone; CPU iPhone OS 5_0_1 like Mac OS X) AppleWebKit/534.46 (KHTML, like Gecko) Version/5.1 Mobile/9A405 Safari/7534.48.3"
112.21.69.67 - - [17/Nov/2017:16:58:40 +0000] "GET /category/books HTTP/1.1" 200 93 "/category/books" "Mozilla/4.0 (compatible; MSIE 8.0; Windows NT 6.0; WOW64; Trident/4.0; GTB6; SLCC1; .NET CLR 2.0.50727; Media Center PC 5.0; .NET CLR 3.5.30729; .NET CLR 3.0.30618; .NET4.0C)"
152.105.117.77 - - [17/Nov/2017:16:58:45 +0000] "GET /category/electronics HTTP/1.1" 200 57 "/item/electronics/2104" "Mozilla/5.0 (iPad; CPU OS 5_0_1 like Mac OS X) AppleWebKit/534.46 (KHTML, like Gecko) Version/5.1 Mobile/9A405 Safari/7534.48.3"
76.114.187.160 - - [17/Nov/2017:16:58:50 +0000] "GET /category/office HTTP/1.1" 200 60 "/category/cameras" "Mozilla/5.0 (compatible; MSIE 9.0; Windows NT 6.1; Trident/5.0)"
32.69.59.79 - - [17/Nov/2017:16:58:55 +0000] "GET /category/books HTTP/1.1" 200 93 "-" "Mozilla/5.0 (Windows NT 6.1; WOW64; rv:10.0.1) Gecko/20100101 Firefox/10.0.1"
52.159.188.199 - - [17/Nov/2017:16:59:00 +0000] "GET /category/garden HTTP/1.1" 200 52 "-" "Mozilla/4.0 (compatible; MSIE 8.0; Windows NT 6.1; Trident/4.0; YTB730; SLCC2; .NET CLR 2.0.50727; .NET CLR 3.5.30729; .NET CLR 3.0.30729; Media Center PC 6.0; .NET4.0C)"
228.165.180.112 - - [17/Nov/2017:16:59:05 +0000] "GET /item/toys/67 HTTP/1.1" 200 117 "/category/office" "Mozilla/5.0 (Macintosh; Intel Mac OS X 10.6; rv:9.0.1) Gecko/20100101 Firefox/9.0.1"
124.78.114.122 - - [17/Nov/2017:16:59:10 +0000] "POST /search/?c=Books HTTP/1.1" 200 114 "-" "Mozilla/5.0 (Windows NT 6.0; rv:10.0.1) Gecko/20100101 Firefox/10.0.1"
204.225.98.113 - - [17/Nov/2017:16:59:15 +0000] "GET /item/giftcards/202 HTTP/1.1" 200 51 "/category/software" "Mozilla/5.0 (Macintosh; Intel Mac OS X 10.6; rv:9.0.1) Gecko/20100101 Firefox/9.0.1"
32.222.29.160 - - [17/Nov/2017:16:59:20 +0000] "GET /category/electronics HTTP/1.1" 200 64 "-" "Mozilla/5.0 (compatible; Googlebot/2.1; +http://www.google.com/bot.html)"
156.51.157.126 - - [17/Nov/2017:16:59:25 +0000] "GET /item/networking/4706 HTTP/1.1" 200 61 "/item/toys/3180" "Mozilla/5.0 (compatible; MSIE 9.0; Windows NT 6.1; Trident/5.0)"
40.180.147.109 - - [17/Nov/2017:16:59:30 +0000] "GET /category/garden HTTP/1.1" 200 114 "/category/software" "Mozilla/4.0 (compatible; MSIE 8.0; Windows NT 6.0; WOW64; Trident/4.0; GTB6; SLCC1; .NET CLR 2.0.50727; Media Center PC 5.0; .NET CLR 3.5.30729; .NET CLR 3.0.30618; .NET4.0C)"
80.123.121.100 - - [17/Nov/2017:16:59:35 +0000] "GET /category/electronics?from=0 HTTP/1.1" 200 112 "/search/?c=Music+Sports" "Mozilla/5.0 (Windows NT 6.0; rv:10.0.1) Gecko/20100101 Firefox/10.0.1"
32.105.122.34 - - [17/Nov/2017:16:59:40 +0000] "POST /search/?c=Software HTTP/1.1" 200 126 "-" "Mozilla/4.0 (compatible; MSIE 8.0; Windows NT 5.1; Trident/4.0; BTRS122159; GTB7.2; .NET CLR 1.1.4322; .NET CLR 2.0.50727; .NET CLR 3.0.04506.30; .NET CLR 3.0.4506.2152; .NET CLR 3.5.30729; BRI/2)"
192.42.201.189 - - [17/Nov/2017:16:59:45 +0000] "GET /item/electronics/2426 HTTP/1.1" 200 91 "/search/?c=Electronics+Sports" "Mozilla/4.0 (compatible; MSIE 8.0; Windows NT 5.1; Trident/4.0; YTB720; GTB7.2; .NET CLR 1.1.4322; .NET CLR 2.0.50727; .NET CLR 3.0.4506.2152; .NET CLR 3.5.30729)"
116.48.59.21 - - [17/Nov/2017:16:59:50 +0000] "GET /item/electronics/2426 HTTP/1.1" 200 91 "/category/electronics" "Mozilla/4.0 (compatible; MSIE 8.0; Windows NT 5.1; Trident/4.0; BTRS122159; GTB7.2; .NET CLR 1.1.4322; .NET CLR 2.0.50727; .NET CLR 3.0.04506.30; .NET CLR 3.0.4506.2152; .NET CLR 3.5.30729; BRI/2)"
144.222.227.44 - - [17/Nov/2017:16:59:55 +0000] "GET /category/health HTTP/1.1" 200 103 "-" "Mozilla/5.0 (Windows NT 6.0) AppleWebKit/535.11 (KHTML, like Gecko) Chrome/17.0.963.56 Safari/535.11"
56.153.218.154 - - [17/Nov/2017:17:00:00 +0000] "GET /item/games/4058 HTTP/1.1" 200 94 "/category/cameras?from=20" "Mozilla/4.0 (compatible; MSIE 8.0; Windows NT 6.0; WOW64; Trident/4.0; GTB6; SLCC1; .NET CLR 2.0.50727; Media Center PC 5.0; .NET CLR 3.5.30729; .NET CLR 3.0.30618; .NET4.0C)"
196.165.36.208 - - [17/Nov/2017:17:00:05 +0000] "GET /category/games?from=20 HTTP/1.1" 200 119 "/category/games" "Mozilla/5.0 (compatible; MSIE 9.0; Windows NT 6.1; Trident/5.0)"
68.24.152.91 - - [17/Nov/2017:17:00:10 +0000] "GET /category/jewelry HTTP/1.1" 200 86 "/category/jewelry" "Mozilla/5.0 (Windows NT 6.0; rv:10.0.1) Gecko/20100101 Firefox/10.0.1"
20.120.111.64 - - [17/Nov/2017:17:00:15 +0000] "POST /search/?c=Garden HTTP/1.1" 200 120 "-" "Mozilla/5.0 (compatible; MSIE 9.0; Windows NT 6.1; WOW64; Trident/5.0)"
176.108.47.217 - - [17/Nov/2017:17:00:20 +0000] "GET /category/books?from=10 HTTP/1.1" 200 137 "/search/?c=Books" "Mozilla/5.0 (Windows NT 5.1) AppleWebKit/535.11 (KHTML, like Gecko) Chrome/17.0.963.46 Safari/535.11"
148.126.188.205 - - [17/Nov/2017:17:00:25 +0000] "GET /item/computers/3996 HTTP/1.1" 200 70 "-" "Mozilla/5.0 (Windows NT 6.1; WOW64; rv:10.0.1) Gecko/20100101 Firefox/10.0.1"
124.66.153.212 - - [17/Nov/2017:17:00:30 +0000] "GET /category/books HTTP/1.1" 200 81 "/category/software" "Mozilla/5.0 (compatible; MSIE 9.0; Windows NT 6.1; Trident/5.0)"
184.60.35.189 - - [17/Nov/2017:17:00:35 +0000] "GET /category/office HTTP/1.1" 200 68 "/category/software?from=20" "Mozilla/5.0 (iPhone; CPU iPhone OS 5_0_1 like Mac OS X) AppleWebKit/534.46 (KHTML, like Gecko) Version/5.1 Mobile/9A405 Safari/7534.48.3"
132.195.184.30 - - [17/Nov/2017:17:00:40 +0000] "GET /category/health HTTP/1.1" 200 120 "/category/office" "Mozilla/5.0 (Windows NT 5.1) AppleWebKit/535.11 (KHTML, like Gecko) Chrome/17.0.963.46 Safari/535.11"
40.105.210.146 - - [17/Nov/2017:17:00:45 +0000] "GET /category/electronics HTTP/1.1" 200 137 "-" "Mozilla/5.0 (Windows NT 6.1; WOW64) AppleWebKit/535.11 (KHTML, like Gecko) Chrome/17.0.963.56 Safari/535.11"
204.189.85.23 - - [17/Nov/2017:17:00:50 +0000] "GET /category/computers HTTP/1.1" 200 131 "-" "Mozilla/5.0 (compatible; MSIE 9.0; Windows NT 6.1; WOW64; Trident/5.0)"
124.180.126.94 - - [17/Nov/2017:17:00:55 +0000] "GET /category/toys HTTP/1.1" 200 120 "-" "Mozilla/5.0 (compatible; MSIE 9.0; Windows NT 6.1; Trident/5.0)"
100.48.203.91 - - [17/Nov/2017:17:01:00 +0000] "GET /category/software HTTP/1.1" 200 55 "-" "Mozilla/5.0 (Windows NT 6.1; WOW64) AppleWebKit/535.11 (KHTML, like Gecko) Chrome/17.0.963.56 Safari/535.11"
200.114.202.134 - - [17/Nov/2017:17:01:05 +0000] "GET /category/finance?from=20 HTTP/1.1" 200 116 "/search/?c=Office+Office" "Mozilla/4.0 (compatible; MSIE 8.0; Windows NT 6.0; WOW64; Trident/4.0; GTB6; SLCC1; .NET CLR 2.0.50727; Media Center PC 5.0; .NET CLR 3.5.30729; .NET CLR 3.0.30618; .NET4.0C)"
140.69.87.26 - - [17/Nov/2017:17:01:10 +0000] "GET /category/electronics HTTP/1.1" 200 75 "-" "Mozilla/4.0 (compatible; MSIE 8.0; Windows NT 6.1; WOW64; Trident/4.0; GTB7.2; SLCC2; .NET CLR 2.0.50727; .NET CLR 3.5.30729; .NET CLR 3.0.30729; Media Center PC 6.0; .NET4.0C)"
92.102.204.173 - - [17/Nov/2017:17:01:15 +0000] "GET /category/garden HTTP/1.1" 200 78 "/category/electronics?from=20" "Mozilla/5.0 (Windows NT 6.1; WOW64) AppleWebKit/535.7 (KHTML, like Gecko) Chrome/16.0.912.77 Safari/535.7"
108.93.215.147 - - [17/Nov/2017:17:01:20 +0000] "GET /category/electronics HTTP/1.1" 200 116 "/category/electronics" "Mozilla/5.0 (Windows NT 6.0; rv:10.0.1) Gecko/20100101 Firefox/10.0.1"
164.195.181.157 - - [17/Nov/2017:17:01:25 +0000] "GET /item/music/4403 HTTP/1.1" 200 96 "-" "Mozilla/4.0 (compatible; MSIE 8.0; Windows NT 6.0; WOW64; Trident/4.0; GTB6; SLCC1; .NET CLR 2.0.50727; Media Center PC 5.0; .NET CLR 3.5.30729; .NET CLR 3.0.30618; .NET4.0C)"
200.138.201.118 - - [17/Nov/2017:17:01:30 +0000] "GET /category/games HTTP/1.1" 200 104 "/category/computers" "Mozilla/4.0 (compatible; MSIE 8.0; Windows NT 6.0; WOW64; Trident/4.0; GTB6; SLCC1; .NET CLR 2.0.50727; Media Center PC 5.0; .NET CLR 3.5.30729; .NET CLR 3.0.30618; .NET4.0C)"
64.99.106.139 - - [17/Nov/2017:17:01:35 +0000] "GET /item/software/2190 HTTP/1.1" 200 70 "/category/garden?from=20" "Mozilla/5.0 (Macintosh; Intel Mac OS X 10.6; rv:9.0.1) Gecko/20100101 Firefox/9.0.1"
116.72.59.134 - - [17/Nov/2017:17:01:40 +0000] "GET /category/electronics HTTP/1.1" 200 118 "/item/computers/4707" "Mozilla/5.0 (Windows NT 6.0) AppleWebKit/535.11 (KHTML, like Gecko) Chrome/17.0.963.56 Safari/535.11"
224.171.144.182 - - [17/Nov/2017:17:01:45 +0000] "GET /item/software/3371 HTTP/1.1" 200 121 "/item/books/2829" "Mozilla/4.0 (compatible; MSIE 8.0; Windows NT 6.1; WOW64; Trident/4.0; GTB7.2; SLCC2; .NET CLR 2.0.50727; .NET CLR 3.5.30729; .NET CLR 3.0.30729; Media Center PC 6.0; .NET4.0C)"
60.117.58.163 - - [17/Nov/2017:17:01:50 +0000] "GET /category/electronics HTTP/1.1" 200 78 "/item/electronics/2426" "Mozilla/4.0 (compatible; MSIE 8.0; Windows NT 6.0; WOW64; Trident/4.0; GTB6; SLCC1; .NET CLR 2.0.50727; Media Center PC 5.0; .NET CLR 3.5.30729; .NET CLR 3.0.30618; .NET4.0C)"
84.207.145.22 - - [17/Nov/2017:17:01:55 +0000] "GET /item/networking/4706 HTTP/1.1" 200 61 "-" "Mozilla/4.0 (compatible; MSIE 8.0; Windows NT 6.1; WOW64; Trident/4.0; GTB7.2; SLCC2; .NET CLR 2.0.50727; .NET CLR 3.5.30729; .NET CLR 3.0.30729; Media Center PC 6.0; .NET4.0C)"
56.150.202.109 - - [17/Nov/2017:17:02:00 +0000] "GET /category/jewelry HTTP/1.1" 200 95 "-" "Mozilla/4.0 (compatible; MSIE 8.0; Windows NT 5.1; Trident/4.0; BTRS122159; GTB7.2; .NET CLR 1.1.4322; .NET CLR 2.0.50727; .NET CLR 3.0.04506.30; .NET CLR 3.0.4506.2152; .NET CLR 3.5.30729; BRI/2)"
40.78.48.94 - - [17/Nov/2017:17:02:05 +0000] "GET /item/games/3491 HTTP/1.1" 200 100 "/category/computers" "Mozilla/4.0 (compatible; MSIE 8.0; Windows NT 6.1; WOW64; Trident/4.0; YTB730; GTB7.2; SLCC2; .NET CLR 2.0.50727; .NET CLR 3.5.30729; .NET CLR 3.0.30729; .NET4.0C; .NET4.0E; Media Center PC 6.0)"
36.24.74.155 - - [17/Nov/2017:17:02:10 +0000] "GET /category/computers HTTP/1.1" 200 103 "/category/software" "Mozilla/5.0 (Macintosh; Intel Mac OS X 10.6; rv:9.0.1) Gecko/20100101 Firefox/9.0.1"
224.87.180.175 - - [17/Nov/2017:17:02:15 +0000] "GET /category/cameras HTTP/1.1" 200 116 "-" "Mozilla/5.0 (Windows NT 6.1; WOW64) AppleWebKit/535.7 (KHTML, like Gecko) Chrome/16.0.912.77 Safari/535.7"
100.48.203.91 - - [17/Nov/2017:17:02:20 +0000] "GET /category/toys HTTP/1.1" 200 115 "/item/software/2699" "Mozilla/5.0 (Windows NT 6.1; WOW64) AppleWebKit/535.11 (KHTML, like Gecko) Chrome/17.0.963.56 Safari/535.11"
28.129.94.208 - - [17/Nov/2017:17:02:25 +0000] "GET /category/software HTTP/1.1" 200 77 "-" "Mozilla/5.0 (Windows NT 6.1; WOW64) AppleWebKit/535.11 (KHTML, like Gecko) Chrome/17.0.963.56 Safari/535.11"
188.96.51.51 - - [17/Nov/2017:17:02:30 +0000] "GET /item/games/3032 HTTP/1.1" 200 115 "http://www.google.com/search?ie=UTF-8&q=google&sclient=psy-ab&q=Games+Games&oq=Games+Games&aq=f&aqi=g-vL1&aql=&pbx=1&bav=on.2,or.r_gc.r_pw.r_qf.,cf.osb&biw=4550&bih=9" "Mozilla/5.0 (Windows NT 5.1) AppleWebKit/535.11 (KHTML, like Gecko) Chrome/17.0.963.46 Safari/535.11"
196.162.93.51 - - [17/Nov/2017:17:02:35 +0000] "GET /category/software HTTP/1.1" 200 116 "/search/?c=Books+Health" "Mozilla/5.0 (Windows NT 5.1) AppleWebKit/535.11 (KHTML, like Gecko) Chrome/17.0.963.46 Safari/535.11"
228.54.175.57 - - [17/Nov/2017:17:02:40 +0000] "GET /category/software HTTP/1.1" 200 98 "-" "Mozilla/5.0 (Windows NT 6.0; rv:10.0.1) Gecko/20100101 Firefox/10.0.1"
132.120.217.35 - - [17/Nov/2017:17:02:45 +0000] "GET /category/electronics HTTP/1.1" 200 116 "/item/computers/1943" "Mozilla/4.0 (compatible; MSIE 8.0; Windows NT 6.1; WOW64; Trident/4.0; GTB7.2; SLCC2; .NET CLR 2.0.50727; .NET CLR 3.5.30729; .NET CLR 3.0.30729; Media Center PC 6.0; .NET4.0C)"
100.168.223.44 - - [17/Nov/2017:17:02:50 +0000] "GET /item/office/278 HTTP/1.1" 200 108 "/search/?c=Software" "Mozilla/4.0 (compatible; MSIE 8.0; Windows NT 5.1; Trident/4.0; YTB720; GTB7.2; .NET CLR 1.1.4322; .NET CLR 2.0.50727; .NET CLR 3.0.4506.2152; .NET CLR 3.5.30729)"
204.111.23.227 - - [17/Nov/2017:17:02:55 +0000] "GET /category/office HTTP/1.1" 200 109 "-" "Mozilla/5.0 (Windows NT 6.1; WOW64; rv:10.0.1) Gecko/20100101 Firefox/10.0.1"
212.66.174.222 - - [17/Nov/2017:17:03:00 +0000] "GET /category/electronics HTTP/1.1" 200 83 "/category/games" "Mozilla/5.0 (iPad; CPU OS 5_0_1 like Mac OS X) AppleWebKit/534.46 (KHTML, like Gecko) Version/5.1 Mobile/9A405 Safari/7534.48.3"
80.45.209.74 - - [17/Nov/2017:17:03:05 +0000] "GET /item/software/1271 HTTP/1.1" 200 103 "/category/software" "Mozilla/5.0 (compatible; MSIE 9.0; Windows NT 6.1; WOW64; Trident/5.0)"
76.126.75.166 - - [17/Nov/2017:17:03:10 +0000] "GET /category/electronics HTTP/1.1" 200 71 "-" "Mozilla/5.0 (Windows NT 6.0) AppleWebKit/535.11 (KHTML, like Gecko) Chrome/17.0.963.56 Safari/535.11"
84.168.145.91 - - [17/Nov/2017:17:03:15 +0000] "GET /category/games HTTP/1.1" 200 83 "-" "Mozilla/5.0 (Windows NT 6.1; WOW64) AppleWebKit/535.7 (KHTML, like Gecko) Chrome/16.0.912.77 Safari/535.7"
44.57.212.87 - - [17/Nov/2017:17:03:20 +0000] "GET /item/cameras/2541 HTTP/1.1" 200 110 "-" "Mozilla/4.0 (compatible; MSIE 8.0; Windows NT 5.1; Trident/4.0; BTRS122159; GTB7.2; .NET CLR 1.1.4322; .NET CLR 2.0.50727; .NET CLR 3.0.04506.30; .NET CLR 3.0.4506.2152; .NET CLR 3.5.30729; BRI/2)"
124.135.65.135 - - [17/Nov/2017:17:03:25 +0000] "GET /category/health HTTP/1.1" 200 105 "-" "Mozilla/4.0 (compatible; MSIE 8.0; Windows NT 6.1; WOW64; Trident/4.0; GTB7.2; SLCC2; .NET CLR 2.0.50727; .NET CLR 3.5.30729; .NET CLR 3.0.30729; Media Center PC 6.0; .NET4.0C)"
176.171.208.90 - - [17/Nov/2017:17:03:30 +0000] "GET /category/software HTTP/1.1" 200 69 "-" "Mozilla/5.0 (Windows NT 6.0; rv:10.0.1) Gecko/20100101 Firefox/10.0.1"
200.153.109.43 - - [17/Nov/2017:17:03:35 +0000] "GET /category/software HTTP/1.1" 200 58 "http://www.google.com/search?ie=UTF-8&q=google&sclient=psy-ab&q=Software+Electronics&oq=Software+Electronics&aq=f&aqi=g-vL1&aql=&pbx=1&bav=on.2,or.r_gc.r_pw.r_qf.,cf.osb&biw=2215&bih=323" "Mozilla/5.0 (compatible; Googlebot/2.1; +http://www.google.com/bot.html)"
36.180.97.199 - - [17/Nov/2017:17:03:40 +0000] "GET /category/sports?from=0 HTTP/1.1" 200 81 "-" "Mozilla/5.0 (Windows NT 6.0) AppleWebKit/535.11 (KHTML, like Gecko) Chrome/17.0.963.56 Safari/535.11"
208.171.196.220 - - [17/Nov/2017:17:03:45 +0000] "GET /item/games/2268 HTTP/1.1" 200 100 "/category/software?from=0" "Mozilla/5.0 (compatible; MSIE 9.0; Windows NT 6.1; WOW64; Trident/5.0)"
68.201.134.81 - - [17/Nov/2017:17:03:50 +0000] "GET /item/electronics/2990 HTTP/1.1" 200 69 "http://www.google.com/search?ie=UTF-8&q=google&sclient=psy-ab&q=Electronics&oq=Electronics&aq=f&aqi=g-vL1&aql=&pbx=1&bav=on.2,or.r_gc.r_pw.r_qf.,cf.osb&biw=155&bih=49" "Mozilla/5.0 (Windows NT 6.1; WOW64; rv:10.0.1) Gecko/20100101 Firefox/10.0.1"
20.84.216.48 - - [17/Nov/2017:17:03:55 +0000] "GET /category/garden HTTP/1.1" 200 94 "-" "Mozilla/5.0 (Windows NT 6.1; WOW64; rv:10.0.1) Gecko/20100101 Firefox/10.0.1"
192.213.24.121 - - [17/Nov/2017:17:04:00 +0000] "GET /category/electronics HTTP/1.1" 200 83 "/search/?c=Office" "Mozilla/5.0 (Windows NT 6.1; WOW64) AppleWebKit/535.11 (KHTML, like Gecko) Chrome/17.0.963.56 Safari/535.11"
120.141.183.120 - - [17/Nov/2017:17:04:05 +0000] "GET /item/giftcards/3622 HTTP/1.1" 200 59 "/category/software" "Mozilla/4.0 (compatible; MSIE 8.0; Windows NT 6.1; Trident/4.0; YTB730; SLCC2; .NET CLR 2.0.50727; .NET CLR 3.5.30729; .NET CLR 3.0.30729; Media Center PC 6.0; .NET4.0C)"
96.72.174.129 - - [17/Nov/2017:17:04:10 +0000] "GET /item/electronics/3393 HTTP/1.1" 404 59 "/category/jewelry" "Mozilla/4.0 (compatible; MSIE 8.0; Windows NT 6.1; WOW64; Trident/4.0; YTB730; GTB7.2; SLCC2; .NET CLR 2.0.50727; .NET CLR 3.5.30729; .NET CLR 3.0.30729; .NET4.0C; .NET4.0E; Media Center PC 6.0)"
108.159.46.114 - - [17/Nov/2017:17:04:15 +0000] "GET /category/music HTTP/1.1" 200 84 "/category/software?from=0" "Mozilla/5.0 (Macintosh; Intel Mac OS X 10.6; rv:9.0.1) Gecko/20100101 Firefox/9.0.1"
72.156.195.112 - - [17/Nov/2017:17:04:20 +0000] "GET /category/jewelry HTTP/1.1" 200 48 "/item/electronics/2653" "Mozilla/4.0 (compatible; MSIE 8.0; Windows NT 6.1; WOW64; Trident/4.0; GTB7.2; SLCC2; .NET CLR 2.0.50727; .NET CLR 3.5.30729; .NET CLR 3.0.30729; Media Center PC 6.0; .NET4.0C)"
176.39.95.81 - - [17/Nov/2017:17:04:25 +0000] "GET /item/electronics/2374 HTTP/1.1" 200 96 "/category/games" "Mozilla/5.0 (compatible; MSIE 9.0; Windows NT 6.1; Trident/5.0)"
72.189.134.198 - - [17/Nov/2017:17:04:30 +0000] "GET /category/garden HTTP/1.1" 200 126 "/category/networking" "Mozilla/5.0 (compatible; Googlebot/2.1; +http://www.google.com/bot.html)"
92.144.202.140 - - [17/Nov/2017:17:04:35 +0000] "GET /item/books/1573 HTTP/1.1" 200 72 "-" "Mozilla/5.0 (Windows NT 6.0) AppleWebKit/535.11 (KHTML, like Gecko) Chrome/17.0.963.56 Safari/535.11"
56.117.147.155 - - [17/Nov/2017:17:04:40 +0000] "GET /item/cameras/3320 HTTP/1.1" 200 109 "/search/?c=Electronics+Books" "Mozilla/5.0 (compatible; Googlebot/2.1; +http://www.google.com/bot.html)"
28.129.126.21 - - [17/Nov/2017:17:04:45 +0000] "GET /category/books HTTP/1.1" 200 49 "/search/?c=Books+Finance" "Mozilla/5.0 (Windows NT 6.1; WOW64; rv:10.0.1) Gecko/20100101 Firefox/10.0.1"
172.126.211.27 - - [17/Nov/2017:17:04:50 +0000] "GET /category/software HTTP/1.1" 200 134 "-" "Mozilla/5.0 (compatible; MSIE 9.0; Windows NT 6.1; Trident/5.0)"
64.102.84.121 - - [17/Nov/2017:17:04:55 +0000] "POST /search/?c=Electronics+Garden HTTP/1.1" 200 104 "-" "Mozilla/5.0 (compatible; Googlebot/2.1; +http://www.google.com/bot.html)"
40.63.61.211 - - [17/Nov/2017:17:05:00 +0000] "GET /category/finance HTTP/1.1" 200 71 "-" "Mozilla/4.0 (compatible; MSIE 8.0; Windows NT 5.1; Trident/4.0; YTB720; GTB7.2; .NET CLR 1.1.4322; .NET CLR 2.0.50727; .NET CLR 3.0.4506.2152; .NET CLR 3.5.30729)"
148.63.165.61 - - [17/Nov/2017:17:05:05 +0000] "GET /category/books HTTP/1.1" 200 99 "/item/music/2915" "Mozilla/5.0 (compatible; MSIE 9.0; Windows NT 6.1; Trident/5.0)"
64.30.173.72 - - [17/Nov/2017:17:05:10 +0000] "GET /category/electronics HTTP/1.1" 200 104 "-" "Mozilla/4.0 (compatible; MSIE 8.0; Windows NT 6.1; Trident/4.0; YTB730; SLCC2; .NET CLR 2.0.50727; .NET CLR 3.5.30729; .NET CLR 3.0.30729; Media Center PC 6.0; .NET4.0C)"
64.219.144.181 - - [17/Nov/2017:17:05:15 +0000] "GET /category/jewelry HTTP/1.1" 200 77 "/item/electronics/953" "Mozilla/5.0 (Windows NT 6.0; rv:10.0.1) Gecko/20100101 Firefox/10.0.1"
208.180.52.36 - - [17/Nov/2017:17:05:20 +0000] "GET /category/giftcards HTTP/1.1" 200 126 "/item/games/905" "Mozilla/5.0 (Macintosh; Intel Mac OS X 10.6; rv:9.0.1) Gecko/20100101 Firefox/9.0.1"
164.63.57.53 - - [17/Nov/2017:17:05:25 +0000] "GET /item/networking/4421 HTTP/1.1" 200 47 "/category/software" "Mozilla/5.0 (Windows NT 6.1; WOW64) AppleWebKit/535.7 (KHTML, like Gecko) Chrome/16.0.912.77 Safari/535.7"
28.63.225.191 - - [17/Nov/2017:17:05:30 +0000] "GET /category/electronics HTTP/1.1" 200 113 "-" "Mozilla/5.0 (Windows NT 6.1; WOW64) AppleWebKit/535.7 (KHTML, like Gecko) Chrome/16.0.912.77 Safari/535.7"
188.216.204.124 - - [17/Nov/2017:17:05:35 +0000] "GET /category/software?from=0 HTTP/1.1" 200 73 "/category/games?from=10" "Mozilla/5.0 (Windows NT 6.0; rv:10.0.1) Gecko/20100101 Firefox/10.0.1"
52.198.156.151 - - [17/Nov/2017:17:05:40 +0000] "GET /category/electronics HTTP/1.1" 200 59 "-" "Mozilla/5.0 (Windows NT 6.1; WOW64; rv:10.0.1) Gecko/20100101 Firefox/10.0.1"
60.186.25.54 - - [17/Nov/2017:17:05:45 +0000] "GET /item/office/1686 HTTP/1.1" 200 126 "/category/garden" "Mozilla/5.0 (compatible; Googlebot/2.1; +http://www.google.com/bot.html)"
36.138.203.140 - - [17/Nov/2017:17:05:50 +0000] "GET /category/software HTTP/1.1" 200 55 "/category/office" "Mozilla/5.0 (compatible; MSIE 9.0; Windows NT 6.1; Trident/5.0)"
156.69.192.82 - - [17/Nov/2017:17:05:55 +0000] "GET /item/games/4709 HTTP/1.1" 200 43 "-" "Mozilla/4.0 (compatible; MSIE 8.0; Windows NT 6.0; WOW64; Trident/4.0; GTB6; SLCC1; .NET CLR 2.0.50727; Media Center PC 5.0; .NET CLR 3.5.30729; .NET CLR 3.0.30618; .NET4.0C)"
152.51.72.184 - - [17/Nov/2017:17:06:00 +0000] "GET /category/giftcards HTTP/1.1" 200 60 "-" "Mozilla/5.0 (Macintosh; Intel Mac OS X 10.6; rv:9.0.1) Gecko/20100101 Firefox/9.0.1"
164.210.109.27 - - [17/Nov/2017:17:06:05 +0000] "GET /category/software HTTP/1.1" 200 119 "-" "Mozilla/5.0 (Windows NT 6.0; rv:10.0.1) Gecko/20100101 Firefox/10.0.1"
96.105.101.123 - - [17/Nov/2017:17:06:10 +0000] "GET /category/office HTTP/1.1" 200 43 "/category/games?from=0" "Mozilla/4.0 (compatible; MSIE 8.0; Windows NT 6.1; WOW64; Trident/4.0; GTB7.2; SLCC2; .NET CLR 2.0.50727; .NET CLR 3.5.30729; .NET CLR 3.0.30729; Media Center PC 6.0; .NET4.0C)"
100.186.30.119 - - [17/Nov/2017:17:06:15 +0000] "GET /category/music?from=10 HTTP/1.1" 200 101 "/search/?c=Software+Garden" "Mozilla/5.0 (compatible; MSIE 9.0; Windows NT 6.1; WOW64; Trident/5.0)"
224.186.203.56 - - [17/Nov/2017:17:06:20 +0000] "GET /category/books?from=10 HTTP/1.1" 200 89 "/category/books" "Mozilla/5.0 (Macintosh; Intel Mac OS X 10.6; rv:9.0.1) Gecko/20100101 Firefox/9.0.1"
180.60.171.28 - - [17/Nov/2017:17:06:25 +0000] "GET /category/sports HTTP/1.1" 200 95 "/category/software" "Mozilla/4.0 (compatible; MSIE 8.0; Windows NT 5.1; Trident/4.0; YTB720; GTB7.2; .NET CLR 1.1.4322; .NET CLR 2.0.50727; .NET CLR 3.0.4506.2152; .NET CLR 3.5.30729)"
216.210.62.164 - - [17/Nov/2017:17:06:30 +0000] "GET /item/networking/2789 HTTP/1.1" 200 132 "/category/networking" "Mozilla/4.0 (compatible; MSIE 8.0; Windows NT 6.1; WOW64; Trident/4.0; YTB730; GTB7.2; EasyBits GO v1.0; SLCC2; .NET CLR 2.0.50727; .NET CLR 3.5.30729; .NET CLR 3.0.30729; Media Center PC 6.0; .NET4.0C)"
148.84.20.175 - - [17/Nov/2017:17:06:35 +0000] "GET /category/games HTTP/1.1" 200 133 "/category/sports" "Mozilla/5.0 (Windows NT 6.0; rv:10.0.1) Gecko/20100101 Firefox/10.0.1"
124.78.114.122 - - [17/Nov/2017:17:06:40 +0000] "GET /category/office HTTP/1.1" 200 132 "/category/office" "Mozilla/4.0 (compatible; MSIE 8.0; Windows NT 6.1; WOW64; Trident/4.0; GTB7.2; SLCC2; .NET CLR 2.0.50727; .NET CLR 3.5.30729; .NET CLR 3.0.30729; Media Center PC 6.0; .NET4.0C)"
208.84.85.126 - - [17/Nov/2017:17:06:45 +0000] "GET /category/health HTTP/1.1" 200 100 "-" "Mozilla/5.0 (Windows NT 6.1; WOW64; rv:10.0.1) Gecko/20100101 Firefox/10.0.1"
92.150.116.137 - - [17/Nov/2017:17:06:50 +0000] "GET /category/electronics HTTP/1.1" 200 130 "/search/?c=Office+Electronics" "Mozilla/5.0 (Macintosh; Intel Mac OS X 10.6; rv:9.0.1) Gecko/20100101 Firefox/9.0.1"
148.84.100.197 - - [17/Nov/2017:17:06:55 +0000] "POST /search/?c=Software+Office HTTP/1.1" 200 103 "/category/electronics" "Mozilla/5.0 (Windows NT 6.0) AppleWebKit/535.11 (KHTML, like Gecko) Chrome/17.0.963.56 Safari/535.11"
216.177.42.228 - - [17/Nov/2017:17:07:00 +0000] "GET /item/office/4792 HTTP/1.1" 200 56 "/search/?c=Office+Office" "Mozilla/4.0 (compatible; MSIE 8.0; Windows NT 6.1; WOW64; Trident/4.0; YTB730; GTB7.2; SLCC2; .NET CLR 2.0.50727; .NET CLR 3.5.30729; .NET CLR 3.0.30729; .NET4.0C; .NET4.0E; Media Center PC 6.0)"
184.186.89.120 - - [17/Nov/2017:17:07:05 +0000] "GET /item/software/1046 HTTP/1.1" 200 90 "/category/software" "Mozilla/4.0 (compatible; MSIE 8.0; Windows NT 6.1; WOW64; Trident/4.0; GTB7.2; SLCC2; .NET CLR 2.0.50727; .NET CLR 3.5.30729; .NET CLR 3.0.30729; Media Center PC 6.0; .NET4.0C)"
176.87.116.29 - - [17/Nov/2017:17:07:10 +0000] "GET /item/software/1594 HTTP/1.1" 200 80 "/item/health/4912" "Mozilla/5.0 (compatible; MSIE 9.0; Windows NT 6.1; Trident/5.0)"
128.120.138.51 - - [17/Nov/2017:17:07:15 +0000] "GET /category/health?from=0 HTTP/1.1" 200 81 "/category/software" "Mozilla/5.0 (Windows NT 6.0) AppleWebKit/535.11 (KHTML, like Gecko) Chrome/17.0.963.56 Safari/535.11"
24.216.171.77 - - [17/Nov/2017:17:07:20 +0000] "GET /item/cameras/2822 HTTP/1.1" 200 131 "/search/?c=Cameras" "Mozilla/4.0 (compatible; MSIE 8.0; Windows NT 6.1; WOW64; Trident/4.0; GTB7.2; SLCC2; .NET CLR 2.0.50727; .NET CLR 3.5.30729; .NET CLR 3.0.30729; Media Center PC 6.0; .NET4.0C)"
144.114.134.210 - - [17/Nov/2017:17:07:25 +0000] "POST /search/?c=Games HTTP/1.1" 200 48 "-" "Mozilla/4.0 (compatible; MSIE 8.0; Windows NT 5.1; Trident/4.0; BTRS122159; GTB7.2; .NET CLR 1.1.4322; .NET CLR 2.0.50727; .NET CLR 3.0.04506.30; .NET CLR 3.0.4506.2152; .NET CLR 3.5.30729; BRI/2)"
28.111.188.194 - - [17/Nov/2017:17:07:30 +0000] "GET /item/software/1594 HTTP/1.1" 200 80 "/item/software/517" "Mozilla/4.0 (compatible; MSIE 8.0; Windows NT 6.1; WOW64; Trident/4.0; GTB7.2; SLCC2; .NET CLR 2.0.50727; .NET CLR 3.5.30729; .NET CLR 3.0.30729; Media Center PC 6.0; .NET4.0C)"
68.195.70.77 - - [17/Nov/2017:17:07:35 +0000] "GET /category/games HTTP/1.1" 200 99 "-" "Mozilla/5.0 (compatible; MSIE 9.0; Windows NT 6.1; WOW64; Trident/5.0)"
100.168.223.44 - - [17/Nov/2017:17:07:40 +0000] "GET /item/computers/1333 HTTP/1.1" 200 108 "/category/finance" "Mozilla/4.0 (compatible; MSIE 8.0; Windows NT 5.1; Trident/4.0; BTRS122159; GTB7.2; .NET CLR 1.1.4322; .NET CLR 2.0.50727; .NET CLR 3.0.04506.30; .NET CLR 3.0.4506.2152; .NET CLR 3.5.30729; BRI/2)"
84.150.155.34 - - [17/Nov/2017:17:07:45 +0000] "POST /search/?c=Cameras+Office HTTP/1.1" 200 71 "-" "Mozilla/5.0 (compatible; MSIE 9.0; Windows NT 6.1; Trident/5.0)"
168.156.229.181 - - [17/Nov/2017:17:07:50 +0000] "GET /item/finance/4100 HTTP/1.1" 200 84 "-" "Mozilla/5.0 (Macintosh; Intel Mac OS X 10.6; rv:9.0.1) Gecko/20100101 Firefox/9.0.1"
104.117.61.206 - - [17/Nov/2017:17:07:55 +0000] "GET /category/software HTTP/1.1" 200 76 "/category/electronics" "Mozilla/5.0 (compatible; MSIE 9.0; Windows NT 6.1; Trident/5.0)"
72.216.45.153 - - [17/Nov/2017:17:08:00 +0000] "GET /category/cameras HTTP/1.1" 200 77 "/item/books/590" "Mozilla/4.0 (compatible; MSIE 8.0; Windows NT 6.1; WOW64; Trident/4.0; YTB730; GTB7.2; EasyBits GO v1.0; SLCC2; .NET CLR 2.0.50727; .NET CLR 3.5.30729; .NET CLR 3.0.30729; Media Center PC 6.0; .NET4.0C)"
60.90.187.169 - - [17/Nov/2017:17:08:05 +0000] "GET /category/electronics HTTP/1.1" 200 104 "/item/health/4027" "Mozilla/5.0 (compatible; MSIE 9.0; Windows NT 6.1; WOW64; Trident/5.0)"
196.36.158.223 - - [17/Nov/2017:17:08:10 +0000] "POST /search/?c=Toys HTTP/1.1" 200 96 "-" "Mozilla/5.0 (iPad; CPU OS 5_0_1 like Mac OS X) AppleWebKit/534.46 (KHTML, like Gecko) Version/5.1 Mobile/9A405 Safari/7534.48.3"
64.99.106.139 - - [17/Nov/2017:17:08:15 +0000] "GET /item/garden/3051 HTTP/1.1" 200 40 "http://www.google.com/search?ie=UTF-8&q=google&sclient=psy-ab&q=Garden+Music&oq=Garden+Music&aq=f&aqi=g-vL1&aql=&pbx=1&bav=on.2,or.r_gc.r_pw.r_qf.,cf.osb&biw=3806&bih=266" "Mozilla/5.0 (Windows NT 6.0; rv:10.0.1) Gecko/20100101 Firefox/10.0.1"
216.30.210.172 - - [17/Nov/2017:17:08:20 +0000] "GET /category/electronics HTTP/1.1" 200 82 "/category/electronics" "Mozilla/5.0 (compatible; MSIE 9.0; Windows NT 6.1; Trident/5.0)"
132.219.26.113 - - [17/Nov/2017:17:08:25 +0000] "GET /item/software/2629 HTTP/1.1" 200 61 "-" "Mozilla/4.0 (compatible; MSIE 8.0; Windows NT 6.1; WOW64; Trident/4.0; GTB7.2; SLCC2; .NET CLR 2.0.50727; .NET CLR 3.5.30729; .NET CLR 3.0.30729; Media Center PC 6.0; .NET4.0C)"
40.141.85.63 - - [17/Nov/2017:17:08:30 +0000] "GET /category/software HTTP/1.1" 200 84 "-" "Mozilla/4.0 (compatible; MSIE 8.0; Windows NT 6.1; Trident/4.0; YTB730; SLCC2; .NET CLR 2.0.50727; .NET CLR 3.5.30729; .NET CLR 3.0.30729; Media Center PC 6.0; .NET4.0C)"
52.27.56.220 - - [17/Nov/2017:17:08:35 +0000] "POST /search/?c=Electronics HTTP/1.1" 200 69 "/item/software/2512" "Mozilla/5.0 (Windows NT 6.0) AppleWebKit/535.11 (KHTML, like Gecko) Chrome/17.0.963.56 Safari/535.11"
192.198.25.191 - - [17/Nov/2017:17:08:40 +0000] "GET /category/games HTTP/1.1" 200 59 "/category/games" "Mozilla/5.0 (compatible; MSIE 9.0; Windows NT 6.1; WOW64; Trident/5.0)"
20.69.121.129 - - [17/Nov/2017:17:08:45 +0000] "GET /category/electronics HTTP/1.1" 200 115 "-" "Mozilla/5.0 (Windows NT 6.0; rv:10.0.1) Gecko/20100101 Firefox/10.0.1"
20.63.176.160 - - [17/Nov/2017:17:08:50 +0000] "GET /category/books?from=10 HTTP/1.1" 200 89 "-" "Mozilla/5.0 (Windows NT 6.0) AppleWebKit/535.11 (KHTML, like Gecko) Chrome/17.0.963.56 Safari/535.11"
148.27.172.38 - - [17/Nov/2017:17:08:55 +0000] "POST /search/?c=Electronics+Software HTTP/1.1" 200 77 "/category/electronics" "Mozilla/5.0 (Macintosh; Intel Mac OS X 10.6; rv:9.0.1) Gecko/20100101 Firefox/9.0.1"
68.33.56.24 - - [17/Nov/2017:17:09:00 +0000] "GET /category/jewelry HTTP/1.1" 200 86 "/item/garden/1634" "Mozilla/5.0 (iPhone; CPU iPhone OS 5_0_1 like Mac OS X) AppleWebKit/534.46 (KHTML, like Gecko) Version/5.1 Mobile/9A405 Safari/7534.48.3"
40.219.75.36 - - [17/Nov/2017:17:09:05 +0000] "GET /category/computers HTTP/1.1" 200 94 "-" "Mozilla/5.0 (Windows NT 6.0; rv:10.0.1) Gecko/20100101 Firefox/10.0.1"
148.81.169.77 - - [17/Nov/2017:17:09:10 +0000] "GET /item/books/3757 HTTP/1.1" 200 115 "/item/books/4255" "Mozilla/5.0 (Macintosh; Intel Mac OS X 10.6; rv:9.0.1) Gecko/20100101 Firefox/9.0.1"
180.183.221.119 - - [17/Nov/2017:17:09:15 +0000] "GET /category/software?from=0 HTTP/1.1" 200 66 "/search/?c=Software+Electronics" "Mozilla/5.0 (Windows NT 5.1) AppleWebKit/535.11 (KHTML, like Gecko) Chrome/17.0.963.46 Safari/535.11"
128.123.27.92 - - [17/Nov/2017:17:09:20 +0000] "GET /category/games HTTP/1.1" 200 108 "/category/cameras" "Mozilla/5.0 (Windows NT 6.1; WOW64) AppleWebKit/535.11 (KHTML, like Gecko) Chrome/17.0.963.56 Safari/535.11"
80.81.66.77 - - [17/Nov/2017:17:09:25 +0000] "GET /category/software HTTP/1.1" 200 63 "/category/music" "Mozilla/5.0 (Windows NT 6.0) AppleWebKit/535.11 (KHTML, like Gecko) Chrome/17.0.963.56 Safari/535.11"
172.111.229.114 - - [17/Nov/2017:17:09:30 +0000] "GET /item/books/1869 HTTP/1.1" 200 134 "/item/electronics/261" "Mozilla/5.0 (Macintosh; Intel Mac OS X 10.6; rv:9.0.1) Gecko/20100101 Firefox/9.0.1"
96.195.40.31 - - [17/Nov/2017:17:09:35 +0000] "GET /item/jewelry/1164 HTTP/1.1" 200 106 "/category/giftcards" "Mozilla/5.0 (Macintosh; Intel Mac OS X 10.6; rv:9.0.1) Gecko/20100101 Firefox/9.0.1"
216.177.75.217 - - [17/Nov/2017:17:09:40 +0000] "GET /category/electronics HTTP/1.1" 200 79 "/category/games" "Mozilla/5.0 (compatible; MSIE 9.0; Windows NT 6.1; WOW64; Trident/5.0)"
100.18.93.108 - - [17/Nov/2017:17:09:45 +0000] "GET /item/software/2434 HTTP/1.1" 200 120 "http://www.google.com/search?ie=UTF-8&q=google&sclient=psy-ab&q=Software&oq=Software&aq=f&aqi=g-vL1&aql=&pbx=1&bav=on.2,or.r_gc.r_pw.r_qf.,cf.osb&biw=3334&bih=35" "Mozilla/5.0 (Windows NT 6.0) AppleWebKit/535.11 (KHTML, like Gecko) Chrome/17.0.963.56 Safari/535.11"
144.201.149.141 - - [17/Nov/2017:17:09:50 +0000] "GET /category/finance HTTP/1.1" 200 125 "/item/office/4792" "Mozilla/5.0 (Macintosh; Intel Mac OS X 10.6; rv:9.0.1) Gecko/20100101 Firefox/9.0.1"
196.84.86.62 - - [17/Nov/2017:17:09:55 +0000] "GET /category/toys HTTP/1.1" 200 47 "-" "Mozilla/5.0 (compatible; Googlebot/2.1; +http://www.google.com/bot.html)"
184.210.167.77 - - [17/Nov/2017:17:10:00 +0000] "GET /item/finance/2915 HTTP/1.1" 200 87 "/category/office" "Mozilla/5.0 (Windows NT 6.0; rv:10.0.1) Gecko/20100101 Firefox/10.0.1"
84.108.138.186 - - [17/Nov/2017:17:10:05 +0000] "GET /category/music HTTP/1.1" 200 55 "/search/?c=Electronics+Games" "Mozilla/5.0 (Windows NT 6.0; rv:10.0.1) Gecko/20100101 Firefox/10.0.1"
216.108.51.187 - - [17/Nov/2017:17:10:10 +0000] "GET /category/garden HTTP/1.1" 200 97 "-" "Mozilla/4.0 (compatible; MSIE 8.0; Windows NT 6.1; WOW64; Trident/4.0; YTB730; GTB7.2; SLCC2; .NET CLR 2.0.50727; .NET CLR 3.5.30729; .NET CLR 3.0.30729; .NET4.0C; .NET4.0E; Media Center PC 6.0)"
216.90.56.55 - - [17/Nov/2017:17:10:15 +0000] "GET /category/sports HTTP/1.1" 200 56 "/item/finance/3226" "Mozilla/4.0 (compatible; MSIE 8.0; Windows NT 6.1; Trident/4.0; YTB730; SLCC2; .NET CLR 2.0.50727; .NET CLR 3.5.30729; .NET CLR 3.0.30729; Media Center PC 6.0; .NET4.0C)"
76.216.93.173 - - [17/Nov/2017:17:10:20 +0000] "GET /category/toys HTTP/1.1" 200 41 "/category/electronics" "Mozilla/5.0 (compatible; Googlebot/2.1; +http://www.google.com/bot.html)"
100.42.49.57 - - [17/Nov/2017:17:10:25 +0000] "GET /item/jewelry/4114 HTTP/1.1" 404 139 "-" "Mozilla/5.0 (Windows NT 6.0; rv:10.0.1) Gecko/20100101 Firefox/10.0.1"
120.141.183.120 - - [17/Nov/2017:17:10:30 +0000] "GET /item/jewelry/1473 HTTP/1.1" 200 48 "/item/computers/1158" "Mozilla/5.0 (Windows NT 6.0; rv:10.0.1) Gecko/20100101 Firefox/10.0.1"
168.159.181.20 - - [17/Nov/2017:17:10:35 +0000] "GET /category/electronics HTTP/1.1" 200 105 "/item/giftcards/4709" "Mozilla/5.0 (iPhone; CPU iPhone OS 5_0_1 like Mac OS X) AppleWebKit/534.46 (KHTML, like Gecko) Version/5.1 Mobile/9A405 Safari/7534.48.3"
112.33.59.25 - - [17/Nov/2017:17:10:40 +0000] "GET /item/office/564 HTTP/1.1" 200 125 "/category/office" "Mozilla/5.0 (Windows NT 6.0) AppleWebKit/535.11 (KHTML, like Gecko) Chrome/17.0.963.56 Safari/535.11"
60.81.133.199 - - [17/Nov/2017:17:10:45 +0000] "GET /category/toys HTTP/1.1" 200 120 "-" "Mozilla/5.0 (Windows NT 6.0; rv:10.0.1) Gecko/20100101 Firefox/10.0.1"
128.72.102.177 - - [17/Nov/2017:17:10:50 +0000] "GET /category/electronics HTTP/1.1" 200 96 "-" "Mozilla/5.0 (Windows NT 6.0; rv:10.0.1) Gecko/20100101 Firefox/10.0.1"
36.126.180.91 - - [17/Nov/2017:17:10:55 +0000] "GET /category/electronics HTTP/1.1" 200 47 "/item/garden/957" "Mozilla/5.0 (Windows NT 6.0; rv:10.0.1) Gecko/20100101 Firefox/10.0.1"
184.27.50.181 - - [17/Nov/2017:17:11:00 +0000] "GET /category/games HTTP/1.1" 200 71 "-" "Mozilla/5.0 (Macintosh; Intel Mac OS X 10.6; rv:9.0.1) Gecko/20100101 Firefox/9.0.1"
176.141.46.22 - - [17/Nov/2017:17:11:05 +0000] "GET /category/giftcards HTTP/1.1" 200 83 "/item/networking/435" "Mozilla/4.0 (compatible; MSIE 8.0; Windows NT 6.0; WOW64; Trident/4.0; GTB6; SLCC1; .NET CLR 2.0.50727; Media Center PC 5.0; .NET CLR 3.5.30729; .NET CLR 3.0.30618; .NET4.0C)"
116.222.179.198 - - [17/Nov/2017:17:11:10 +0000] "GET /item/software/2 HTTP/1.1" 200 139 "-" "Mozilla/5.0 (Windows NT 6.0; rv:10.0.1) Gecko/20100101 Firefox/10.0.1"
44.198.102.63 - - [17/Nov/2017:17:11:15 +0000] "GET /item/books/3757 HTTP/1.1" 200 115 "/item/finance/3901" "Mozilla/5.0 (Windows NT 6.0; rv:10.0.1) Gecko/20100101 Firefox/10.0.1"
188.66.87.61 - - [17/Nov/2017:17:11:20 +0000] "GET /category/music HTTP/1.1" 200 54 "-" "Mozilla/5.0 (Windows NT 6.0; rv:10.0.1) Gecko/20100101 Firefox/10.0.1"
208.180.75.49 - - [17/Nov/2017:17:11:25 +0000] "GET /category/electronics HTTP/1.1" 200 80 "-" "Mozilla/5.0 (Windows NT 6.1; WOW64) AppleWebKit/535.11 (KHTML, like Gecko) Chrome/17.0.963.56 Safari/535.11"
216.30.210.172 - - [17/Nov/2017:17:11:30 +0000] "GET /category/networking HTTP/1.1" 200 53 "-" "Mozilla/5.0 (Windows NT 6.1; WOW64; rv:10.0.1) Gecko/20100101 Firefox/10.0.1"
88.228.108.129 - - [17/Nov/2017:17:11:35 +0000] "POST /search/?c=Electronics+Electronics HTTP/1.1" 200 69 "/category/jewelry?from=20" "Mozilla/5.0 (Windows NT 6.0; rv:10.0.1) Gecko/20100101 Firefox/10.0.1"
52.216.117.160 - - [17/Nov/2017:17:11:40 +0000] "GET /category/finance?from=20 HTTP/1.1" 200 122 "/category/games" "Mozilla/5.0 (Windows NT 5.1) AppleWebKit/535.11 (KHTML, like Gecko) Chrome/17.0.963.46 Safari/535.11"
220.30.157.208 - - [17/Nov/2017:17:11:45 +0000] "GET /item/office/4792 HTTP/1.1" 200 56 "-" "Mozilla/5.0 (compatible; Googlebot/2.1; +http://www.google.com/bot.html)"
72.129.64.28 - - [17/Nov/2017:17:11:50 +0000] "GET /category/electronics HTTP/1.1" 200 113 "/search/?c=Jewelry" "Mozilla/5.0 (Windows NT 6.0) AppleWebKit/535.11 (KHTML, like Gecko) Chrome/17.0.963.56 Safari/535.11"
212.90.155.59 - - [17/Nov/2017:17:11:55 +0000] "GET /item/books/4362 HTTP/1.1" 200 42 "/search/?c=Software+Computers" "Mozilla/5.0 (compatible; MSIE 9.0; Windows NT 6.1; WOW64; Trident/5.0)"
200.168.160.120 - - [17/Nov/2017:17:12:00 +0000] "GET /item/music/4699 HTTP/1.1" 200 48 "/category/music" "Mozilla/4.0 (compatible; MSIE 8.0; Windows NT 5.1; Trident/4.0; YTB720; GTB7.2; .NET CLR 1.1.4322; .NET CLR 2.0.50727; .NET CLR 3.0.4506.2152; .NET CLR 3.5.30729)"
144.27.80.155 - - [17/Nov/2017:17:12:05 +0000] "GET /item/books/3877 HTTP/1.1" 200 47 "/category/garden" "Mozilla/5.0 (compatible; MSIE 9.0; Windows NT 6.1; WOW64; Trident/5.0)"
124.135.65.135 - - [17/Nov/2017:17:12:10 +0000] "GET /item/computers/809 HTTP/1.1" 200 128 "/search/?c=Computers" "Mozilla/4.0 (compatible; MSIE 8.0; Windows NT 6.1; Trident/4.0; YTB730; SLCC2; .NET CLR 2.0.50727; .NET CLR 3.5.30729; .NET CLR 3.0.30729; Media Center PC 6.0; .NET4.0C)"
152.51.72.184 - - [17/Nov/2017:17:12:15 +0000] "GET /category/books HTTP/1.1" 200 101 "/category/sports" "Mozilla/5.0 (Macintosh; Intel Mac OS X 10.6; rv:9.0.1) Gecko/20100101 Firefox/9.0.1"
124.222.42.225 - - [17/Nov/2017:17:12:20 +0000] "GET /item/software/1831 HTTP/1.1" 200 69 "/category/games?from=10" "Mozilla/5.0 (Macintosh; Intel Mac OS X 10.6; rv:9.0.1) Gecko/20100101 Firefox/9.0.1"
88.222.58.180 - - [17/Nov/2017:17:12:25 +0000] "GET /category/jewelry HTTP/1.1" 200 112 "/category/office" "Mozilla/5.0 (compatible; MSIE 9.0; Windows NT 6.1; Trident/5.0)"
104.156.80.128 - - [17/Nov/2017:17:12:30 +0000] "GET /item/games/1490 HTTP/1.1" 200 47 "/search/?c=Games" "Mozilla/5.0 (iPad; CPU OS 5_0_1 like Mac OS X) AppleWebKit/534.46 (KHTML, like Gecko) Version/5.1 Mobile/9A405 Safari/7534.48.3"
144.165.175.190 - - [17/Nov/2017:17:12:35 +0000] "GET /item/books/237 HTTP/1.1" 200 95 "/search/?c=Books" "Mozilla/5.0 (Windows NT 6.1; WOW64) AppleWebKit/535.7 (KHTML, like Gecko) Chrome/16.0.912.77 Safari/535.7"
48.63.222.76 - - [17/Nov/2017:17:12:40 +0000] "GET /category/finance HTTP/1.1" 200 132 "/item/books/3487" "Mozilla/4.0 (compatible; MSIE 8.0; Windows NT 6.1; Trident/4.0; YTB730; SLCC2; .NET CLR 2.0.50727; .NET CLR 3.5.30729; .NET CLR 3.0.30729; Media Center PC 6.0; .NET4.0C)"
156.111.173.188 - - [17/Nov/2017:17:12:45 +0000] "GET /item/finance/4175 HTTP/1.1" 200 42 "-" "Mozilla/5.0 (Windows NT 6.0) AppleWebKit/535.11 (KHTML, like Gecko) Chrome/17.0.963.56 Safari/535.11"
88.99.48.102 - - [17/Nov/2017:17:12:50 +0000] "GET /item/software/2629 HTTP/1.1" 200 61 "/category/electronics" "Mozilla/5.0 (Macintosh; Intel Mac OS X 10.6; rv:9.0.1) Gecko/20100101 Firefox/9.0.1"
32.39.91.121 - - [17/Nov/2017:17:12:55 +0000] "GET /item/garden/473 HTTP/1.1" 200 137 "-" "Mozilla/5.0 (Windows NT 6.1; WOW64; rv:10.0.1) Gecko/20100101 Firefox/10.0.1"
140.69.87.26 - - [17/Nov/2017:17:13:00 +0000] "GET /category/electronics?from=0 HTTP/1.1" 200 102 "-" "Mozilla/5.0 (Windows NT 6.0) AppleWebKit/535.11 (KHTML, like Gecko) Chrome/17.0.963.56 Safari/535.11"
140.102.40.156 - - [17/Nov/2017:17:13:05 +0000] "GET /category/electronics HTTP/1.1" 200 67 "/category/toys" "Mozilla/4.0 (compatible; MSIE 8.0; Windows NT 6.0; WOW64; Trident/4.0; GTB6; SLCC1; .NET CLR 2.0.50727; Media Center PC 5.0; .NET CLR 3.5.30729; .NET CLR 3.0.30618; .NET4.0C)"
44.123.149.113 - - [17/Nov/2017:17:13:10 +0000] "GET /item/music/1760 HTTP/1.1" 200 112 "http://www.google.com/search?ie=UTF-8&q=google&sclient=psy-ab&q=Music+Electronics&oq=Music+Electronics&aq=f&aqi=g-vL1&aql=&pbx=1&bav=on.2,or.r_gc.r_pw.r_qf.,cf.osb&biw=1910&bih=530" "Mozilla/5.0 (iPad; CPU OS 5_0_1 like Mac OS X) AppleWebKit/534.46 (KHTML, like Gecko) Version/5.1 Mobile/9A405 Safari/7534.48.3"
176.93.138.138 - - [17/Nov/2017:17:13:15 +0000] "GET /item/software/2 HTTP/1.1" 200 139 "http://www.google.com/search?ie=UTF-8&q=google&sclient=psy-ab&q=Software&oq=Software&aq=f&aqi=g-vL1&aql=&pbx=1&bav=on.2,or.r_gc.r_pw.r_qf.,cf.osb&biw=4358&bih=387" "Mozilla/5.0 (Windows NT 6.1; WOW64) AppleWebKit/535.11 (KHTML, like Gecko) Chrome/17.0.963.56 Safari/535.11"
132.63.161.43 - - [17/Nov/2017:17:13:20 +0000] "GET /category/electronics HTTP/1.1" 200 97 "/category/computers" "Mozilla/4.0 (compatible; MSIE 8.0; Windows NT 5.1; Trident/4.0; BTRS122159; GTB7.2; .NET CLR 1.1.4322; .NET CLR 2.0.50727; .NET CLR 3.0.04506.30; .NET CLR 3.0.4506.2152; .NET CLR 3.5.30729; BRI/2)"
96.195.97.48 - - [17/Nov/2017:17:13:25 +0000] "GET /category/electronics HTTP/1.1" 200 97 "-" "Mozilla/5.0 (Windows NT 6.0) AppleWebKit/535.11 (KHTML, like Gecko) Chrome/17.0.963.56 Safari/535.11"
228.54.175.57 - - [17/Nov/2017:17:13:30 +0000] "GET /item/games/3390 HTTP/1.1" 200 42 "/search/?c=Games+Cameras" "Mozilla/4.0 (compatible; MSIE 8.0; Windows NT 6.1; WOW64; Trident/4.0; YTB730; GTB7.2; SLCC2; .NET CLR 2.0.50727; .NET CLR 3.5.30729; .NET CLR 3.0.30729; .NET4.0C; .NET4.0E; Media Center PC 6.0)"
164.63.56.171 - - [17/Nov/2017:17:13:35 +0000] "GET /category/cameras HTTP/1.1" 200 77 "/item/electronics/2049" "Mozilla/5.0 (Macintosh; Intel Mac OS X 10.6; rv:9.0.1) Gecko/20100101 Firefox/9.0.1"
120.63.173.157 - - [17/Nov/2017:17:13:40 +0000] "GET /category/books HTTP/1.1" 200 83 "/category/games" "Mozilla/5.0 (Windows NT 6.0) AppleWebKit/535.11 (KHTML, like Gecko) Chrome/17.0.963.56 Safari/535.11"
108.63.102.146 - - [17/Nov/2017:17:13:45 +0000] "POST /search/?c=Giftcards+Garden HTTP/1.1" 200 82 "/category/networking?from=20" "Mozilla/5.0 (Windows NT 6.0; rv:10.0.1) Gecko/20100101 Firefox/10.0.1"
40.36.176.35 - - [17/Nov/2017:17:13:50 +0000] "POST /search/?c=Giftcards+Music HTTP/1.1" 200 118 "/category/finance" "Mozilla/4.0 (compatible; MSIE 8.0; Windows NT 6.0; WOW64; Trident/4.0; GTB6; SLCC1; .NET CLR 2.0.50727; Media Center PC 5.0; .NET CLR 3.5.30729; .NET CLR 3.0.30618; .NET4.0C)"
128.72.166.105 - - [17/Nov/2017:17:13:55 +0000] "GET /category/networking?from=20 HTTP/1.1" 200 133 "/category/books" "Mozilla/5.0 (Windows NT 6.0; rv:10.0.1) Gecko/20100101 Firefox/10.0.1"
100.45.176.200 - - [17/Nov/2017:17:14:00 +0000] "GET /category/games HTTP/1.1" 200 121 "/category/games" "Mozilla/5.0 (Windows NT 6.1; WOW64) AppleWebKit/535.7 (KHTML, like Gecko) Chrome/16.0.912.77 Safari/535.7"
144.21.111.211 - - [17/Nov/2017:17:14:05 +0000] "GET /item/electronics/287 HTTP/1.1" 200 50 "-" "Mozilla/5.0 (Macintosh; Intel Mac OS X 10.6; rv:9.0.1) Gecko/20100101 Firefox/9.0.1"
104.69.39.75 - - [17/Nov/2017:17:14:10 +0000] "GET /item/health/2403 HTTP/1.1" 200 112 "-" "Mozilla/5.0 (Windows NT 6.1; WOW64) AppleWebKit/535.11 (KHTML, like Gecko) Chrome/17.0.963.56 Safari/535.11"
36.207.70.163 - - [17/Nov/2017:17:14:15 +0000] "GET /category/cameras HTTP/1.1" 200 55 "-" "Mozilla/5.0 (Windows NT 6.0; rv:10.0.1) Gecko/20100101 Firefox/10.0.1"
224.171.144.182 - - [17/Nov/2017:17:14:20 +0000] "GET /category/books HTTP/1.1" 200 137 "-" "Mozilla/4.0 (compatible; MSIE 8.0; Windows NT 6.1; WOW64; Trident/4.0; GTB7.2; SLCC2; .NET CLR 2.0.50727; .NET CLR 3.5.30729; .NET CLR 3.0.30729; Media Center PC 6.0; .NET4.0C)"
224.177.34.186 - - [17/Nov/2017:17:14:25 +0000] "GET /category/computers HTTP/1.1" 200 131 "http://www.google.com/search?ie=UTF-8&q=google&sclient=psy-ab&q=Computers&oq=Computers&aq=f&aqi=g-vL1&aql=&pbx=1&bav=on.2,or.r_gc.r_pw.r_qf.,cf.osb&biw=2512&bih=576" "Mozilla/5.0 (compatible; MSIE 9.0; Windows NT 6.1; WOW64; Trident/5.0)"
52.189.168.94 - - [17/Nov/2017:17:14:30 +0000] "GET /category/computers HTTP/1.1" 200 127 "-" "Mozilla/5.0 (Macintosh; Intel Mac OS X 10.6; rv:9.0.1) Gecko/20100101 Firefox/9.0.1"
88.51.212.158 - - [17/Nov/2017:17:14:35 +0000] "GET /item/finance/4688 HTTP/1.1" 200 96 "-" "Mozilla/4.0 (compatible; MSIE 8.0; Windows NT 6.1; WOW64; Trident/4.0; GTB7.2; SLCC2; .NET CLR 2.0.50727; .NET CLR 3.5.30729; .NET CLR 3.0.30729; Media Center PC 6.0; .NET4.0C)"
124.42.157.72 - - [17/Nov/2017:17:14:40 +0000] "GET /category/garden HTTP/1.1" 200 117 "-" "Mozilla/5.0 (compatible; MSIE 9.0; Windows NT 6.1; Trident/5.0)"
28.63.225.191 - - [17/Nov/2017:17:14:45 +0000] "GET /item/music/4699 HTTP/1.1" 200 48 "/search/?c=Jewelry" "Mozilla/5.0 (Windows NT 6.1; WOW64) AppleWebKit/535.7 (KHTML, like Gecko) Chrome/16.0.912.77 Safari/535.7"
32.156.124.60 - - [17/Nov/2017:17:14:50 +0000] "GET /category/games HTTP/1.1" 200 111 "-" "Mozilla/5.0 (Windows NT 6.1; WOW64; rv:10.0.1) Gecko/20100101 Firefox/10.0.1"
32.39.91.121 - - [17/Nov/2017:17:14:55 +0000] "GET /category/electronics HTTP/1.1" 200 46 "/item/computers/4801" "Mozilla/5.0 (Windows NT 6.0; rv:10.0.1) Gecko/20100101 Firefox/10.0.1"
224.210.40.49 - - [17/Nov/2017:17:15:00 +0000] "GET /item/software/4034 HTTP/1.1" 200 131 "/item/electronics/2698" "Mozilla/5.0 (Windows NT 6.1; WOW64) AppleWebKit/535.11 (KHTML, like Gecko) Chrome/17.0.963.56 Safari/535.11"
152.216.71.152 - - [17/Nov/2017:17:15:05 +0000] "GET /category/giftcards HTTP/1.1" 200 81 "/category/electronics" "Mozilla/4.0 (compatible; MSIE 8.0; Windows NT 6.1; WOW64; Trident/4.0; YTB730; GTB7.2; SLCC2; .NET CLR 2.0.50727; .NET CLR 3.5.30729; .NET CLR 3.0.30729; .NET4.0C; .NET4.0E; Media Center PC 6.0)"
56.48.140.129 - - [17/Nov/2017:17:15:10 +0000] "GET /category/games HTTP/1.1" 200 133 "/item/finance/3479" "Mozilla/5.0 (compatible; MSIE 9.0; Windows NT 6.1; WOW64; Trident/5.0)"
168.39.135.79 - - [17/Nov/2017:17:15:15 +0000] "POST /search/?c=Garden+Office HTTP/1.1" 200 100 "/category/software" "Mozilla/5.0 (Macintosh; Intel Mac OS X 10.6; rv:9.0.1) Gecko/20100101 Firefox/9.0.1"
100.195.21.152 - - [17/Nov/2017:17:15:20 +0000] "GET /category/office HTTP/1.1" 200 74 "-" "Mozilla/5.0 (Windows NT 6.1; WOW64) AppleWebKit/535.7 (KHTML, like Gecko) Chrome/16.0.912.77 Safari/535.7"
100.93.108.122 - - [17/Nov/2017:17:15:25 +0000] "GET /item/music/2928 HTTP/1.1" 200 80 "http://www.google.com/search?ie=UTF-8&q=google&sclient=psy-ab&q=Music+Garden&oq=Music+Garden&aq=f&aqi=g-vL1&aql=&pbx=1&bav=on.2,or.r_gc.r_pw.r_qf.,cf.osb&biw=4422&bih=33" "Mozilla/5.0 (Windows NT 6.1; WOW64; rv:10.0.1) Gecko/20100101 Firefox/10.0.1"
168.150.74.102 - - [17/Nov/2017:17:15:30 +0000] "GET /category/finance HTTP/1.1" 200 68 "/category/giftcards" "Mozilla/5.0 (Windows NT 6.0; rv:10.0.1) Gecko/20100101 Firefox/10.0.1"
172.54.104.144 - - [17/Nov/2017:17:15:35 +0000] "GET /item/games/3164 HTTP/1.1" 200 49 "-" "Mozilla/5.0 (compatible; MSIE 9.0; Windows NT 6.1; WOW64; Trident/5.0)"
40.126.50.218 - - [17/Nov/2017:17:15:40 +0000] "GET /item/electronics/3574 HTTP/1.1" 200 77 "/category/electronics" "Mozilla/5.0 (compatible; Googlebot/2.1; +http://www.google.com/bot.html)"
204.156.85.164 - - [17/Nov/2017:17:15:45 +0000] "GET /category/games HTTP/1.1" 200 114 "/item/electronics/663" "Mozilla/5.0 (Windows NT 6.1; WOW64; rv:10.0.1) Gecko/20100101 Firefox/10.0.1"
20.27.98.157 - - [17/Nov/2017:17:15:50 +0000] "GET /item/games/526 HTTP/1.1" 200 104 "/item/software/2343" "Mozilla/4.0 (compatible; MSIE 8.0; Windows NT 6.1; Trident/4.0; YTB730; SLCC2; .NET CLR 2.0.50727; .NET CLR 3.5.30729; .NET CLR 3.0.30729; Media Center PC 6.0; .NET4.0C)"
220.81.172.204 - - [17/Nov/2017:17:15:55 +0000] "GET /item/computers/1693 HTTP/1.1" 200 110 "/item/software/1271" "Mozilla/5.0 (compatible; Googlebot/2.1; +http://www.google.com/bot.html)"
84.192.102.111 - - [17/Nov/2017:17:16:00 +0000] "POST /search/?c=Finance HTTP/1.1" 200 122 "-" "Mozilla/5.0 (compatible; MSIE 9.0; Windows NT 6.1; Trident/5.0)"
104.165.180.220 - - [17/Nov/2017:17:16:05 +0000] "GET /item/electronics/950 HTTP/1.1" 200 92 "/category/sports?from=0" "Mozilla/5.0 (Macintosh; Intel Mac OS X 10.6; rv:9.0.1) Gecko/20100101 Firefox/9.0.1"
164.165.47.101 - - [17/Nov/2017:17:16:10 +0000] "GET /category/electronics HTTP/1.1" 200 83 "/category/electronics?from=0" "Mozilla/5.0 (iPhone; CPU iPhone OS 5_0_1 like Mac OS X) AppleWebKit/534.46 (KHTML, like Gecko) Version/5.1 Mobile/9A405 Safari/7534.48.3"
184.30.98.141 - - [17/Nov/2017:17:16:15 +0000] "GET /item/books/4255 HTTP/1.1" 200 108 "-" "Mozilla/5.0 (Windows NT 6.0) AppleWebKit/535.11 (KHTML, like Gecko) Chrome/17.0.963.56 Safari/535.11"
148.84.20.175 - - [17/Nov/2017:17:16:20 +0000] "GET /category/software HTTP/1.1" 200 51 "-" "Mozilla/5.0 (Windows NT 6.1; WOW64) AppleWebKit/535.11 (KHTML, like Gecko) Chrome/17.0.963.56 Safari/535.11"
20.153.84.177 - - [17/Nov/2017:17:16:25 +0000] "GET /category/electronics HTTP/1.1" 200 48 "/search/?c=Garden+Networking" "Mozilla/5.0 (Windows NT 6.1; WOW64) AppleWebKit/535.7 (KHTML, like Gecko) Chrome/16.0.912.77 Safari/535.7"
148.63.165.61 - - [17/Nov/2017:17:16:30 +0000] "GET /item/garden/2308 HTTP/1.1" 200 62 "/item/electronics/4642" "Mozilla/5.0 (iPad; CPU OS 5_0_1 like Mac OS X) AppleWebKit/534.46 (KHTML, like Gecko) Version/5.1 Mobile/9A405 Safari/7534.48.3"
64.30.173.72 - - [17/Nov/2017:17:16:35 +0000] "GET /category/electronics HTTP/1.1" 200 52 "-" "Mozilla/5.0 (compatible; MSIE 9.0; Windows NT 6.1; Trident/5.0)"
148.60.198.141 - - [17/Nov/2017:17:16:40 +0000] "GET /category/software HTTP/1.1" 200 130 "-" "Mozilla/5.0 (Windows NT 6.0) AppleWebKit/535.11 (KHTML, like Gecko) Chrome/17.0.963.56 Safari/535.11"
112.192.110.197 - - [17/Nov/2017:17:16:45 +0000] "POST /search/?c=Games+Electronics HTTP/1.1" 200 52 "-" "Mozilla/5.0 (Windows NT 6.0) AppleWebKit/535.11 (KHTML, like Gecko) Chrome/17.0.963.56 Safari/535.11"
224.27.58.174 - - [17/Nov/2017:17:16:50 +0000] "GET /item/software/4034 HTTP/1.1" 200 131 "/category/garden" "Mozilla/5.0 (compatible; MSIE 9.0; Windows NT 6.1; Trident/5.0)"
168.69.212.143 - - [17/Nov/2017:17:16:55 +0000] "GET /item/electronics/3975 HTTP/1.1" 200 122 "/search/?c=Sports+Giftcards" "Mozilla/5.0 (compatible; MSIE 9.0; Windows NT 6.1; Trident/5.0)"
68.33.56.24 - - [17/Nov/2017:17:17:00 +0000] "GET /item/books/3156 HTTP/1.1" 200 102 "/item/electronics/3410" "Mozilla/5.0 (iPad; CPU OS 5_0_1 like Mac OS X) AppleWebKit/534.46 (KHTML, like Gecko) Version/5.1 Mobile/9A405 Safari/7534.48.3"
132.111.91.221 - - [17/Nov/2017:17:17:05 +0000] "GET /category/electronics HTTP/1.1" 200 117 "/category/garden" "Mozilla/5.0 (compatible; MSIE 9.0; Windows NT 6.1; Trident/5.0)"
84.126.82.184 - - [17/Nov/2017:17:17:10 +0000] "GET /item/electronics/3036 HTTP/1.1" 200 49 "/category/office" "Mozilla/4.0 (compatible; MSIE 8.0; Windows NT 6.1; WOW64; Trident/4.0; YTB730; GTB7.2; SLCC2; .NET CLR 2.0.50727; .NET CLR 3.5.30729; .NET CLR 3.0.30729; .NET4.0C; .NET4.0E; Media Center PC 6.0)"
188.66.87.61 - - [17/Nov/2017:17:17:15 +0000] "GET /item/electronics/1876 HTTP/1.1" 200 54 "/item/garden/1220" "Mozilla/5.0 (Macintosh; Intel Mac OS X 10.6; rv:9.0.1) Gecko/20100101 Firefox/9.0.1"
220.36.59.198 - - [17/Nov/2017:17:17:20 +0000] "GET /category/software HTTP/1.1" 200 77 "/category/books" "Mozilla/5.0 (compatible; MSIE 9.0; Windows NT 6.1; WOW64; Trident/5.0)"
112.144.23.168 - - [17/Nov/2017:17:17:25 +0000] "GET /category/electronics HTTP/1.1" 200 96 "-" "Mozilla/5.0 (Windows NT 6.1; WOW64) AppleWebKit/535.11 (KHTML, like Gecko) Chrome/17.0.963.56 Safari/535.11"
76.123.219.106 - - [17/Nov/2017:17:17:30 +0000] "GET /item/games/3868 HTTP/1.1" 200 98 "/category/electronics" "Mozilla/5.0 (Windows NT 6.0; rv:10.0.1) Gecko/20100101 Firefox/10.0.1"
76.144.80.172 - - [17/Nov/2017:17:17:35 +0000] "GET /item/books/3877 HTTP/1.1" 200 47 "/category/electronics" "Mozilla/5.0 (compatible; MSIE 9.0; Windows NT 6.1; Trident/5.0)"
52.198.156.151 - - [17/Nov/2017:17:17:40 +0000] "GET /item/electronics/3030 HTTP/1.1" 200 84 "-" "Mozilla/4.0 (compatible; MSIE 8.0; Windows NT 6.1; Trident/4.0; YTB730; SLCC2; .NET CLR 2.0.50727; .NET CLR 3.5.30729; .NET CLR 3.0.30729; Media Center PC 6.0; .NET4.0C)"
216.138.190.49 - - [17/Nov/2017:17:17:45 +0000] "GET /category/software HTTP/1.1" 200 99 "/search/?c=Games" "Mozilla/5.0 (compatible; MSIE 9.0; Windows NT 6.1; Trident/5.0)"
200.168.160.120 - - [17/Nov/2017:17:17:50 +0000] "GET /category/cameras HTTP/1.1" 200 106 "/category/games" "Mozilla/5.0 (Windows NT 6.1; WOW64) AppleWebKit/535.11 (KHTML, like Gecko) Chrome/17.0.963.56 Safari/535.11"
52.132.139.46 - - [17/Nov/2017:17:17:55 +0000] "GET /category/jewelry HTTP/1.1" 200 95 "-" "Mozilla/5.0 (Windows NT 6.0) AppleWebKit/535.11 (KHTML, like Gecko) Chrome/17.0.963.56 Safari/535.11"
176.210.127.134 - - [17/Nov/2017:17:18:00 +0000] "GET /category/garden HTTP/1.1" 200 94 "/category/office" "Mozilla/5.0 (Windows NT 6.1; WOW64) AppleWebKit/535.7 (KHTML, like Gecko) Chrome/16.0.912.77 Safari/535.7"
40.195.97.189 - - [17/Nov/2017:17:18:05 +0000] "GET /item/software/1527 HTTP/1.1" 200 64 "/item/electronics/2868" "Mozilla/5.0 (Windows NT 6.0) AppleWebKit/535.11 (KHTML, like Gecko) Chrome/17.0.963.56 Safari/535.11"
184.210.167.77 - - [17/Nov/2017:17:18:10 +0000] "POST /search/?c=Cameras+Books HTTP/1.1" 200 87 "-" "Mozilla/5.0 (Windows NT 6.0; rv:10.0.1) Gecko/20100101 Firefox/10.0.1"
96.144.218.175 - - [17/Nov/2017:17:18:15 +0000] "GET /category/electronics HTTP/1.1" 200 126 "/category/software" "Mozilla/5.0 (Windows NT 6.0; rv:10.0.1) Gecko/20100101 Firefox/10.0.1"
188.129.194.215 - - [17/Nov/2017:17:18:20 +0000] "GET /category/games HTTP/1.1" 200 49 "/item/electronics/4947" "Mozilla/5.0 (Windows NT 6.0) AppleWebKit/535.11 (KHTML, like Gecko) Chrome/17.0.963.56 Safari/535.11"
148.171.78.128 - - [17/Nov/2017:17:18:25 +0000] "GET /category/cameras HTTP/1.1" 200 97 "-" "Mozilla/5.0 (Windows NT 6.1; WOW64) AppleWebKit/535.11 (KHTML, like Gecko) Chrome/17.0.963.56 Safari/535.11"
124.201.55.168 - - [17/Nov/2017:17:18:30 +0000] "GET /item/software/2490 HTTP/1.1" 200 51 "/item/networking/435" "Mozilla/5.0 (Windows NT 6.0; rv:10.0.1) Gecko/20100101 Firefox/10.0.1"
100.219.202.52 - - [17/Nov/2017:17:18:35 +0000] "GET /category/office HTTP/1.1" 200 59 "-" "Mozilla/5.0 (Windows NT 6.0; rv:10.0.1) Gecko/20100101 Firefox/10.0.1"
216.120.179.55 - - [17/Nov/2017:17:18:40 +0000] "GET /item/electronics/2940 HTTP/1.1" 200 103 "/item/sports/4528" "Mozilla/5.0 (Macintosh; Intel Mac OS X 10.6; rv:9.0.1) Gecko/20100101 Firefox/9.0.1"
176.120.38.36 - - [17/Nov/2017:17:18:45 +0000] "GET /category/books HTTP/1.1" 200 67 "-" "Mozilla/5.0 (Windows NT 6.0) AppleWebKit/535.11 (KHTML, like Gecko) Chrome/17.0.963.56 Safari/535.11"
220.123.112.58 - - [17/Nov/2017:17:18:50 +0000] "GET /category/software HTTP/1.1" 200 100 "-" "Mozilla/5.0 (iPhone; CPU iPhone OS 5_0_1 like Mac OS X) AppleWebKit/534.46 (KHTML, like Gecko) Version/5.1 Mobile/9A405 Safari/7534.48.3"
220.36.59.198 - - [17/Nov/2017:17:18:55 +0000] "GET /category/computers HTTP/1.1" 200 48 "/category/software?from=0" "Mozilla/5.0 (Macintosh; Intel Mac OS X 10.6; rv:9.0.1) Gecko/20100101 Firefox/9.0.1"
212.222.165.164 - - [17/Nov/2017:17:19:00 +0000] "POST /search/?c=Garden HTTP/1.1" 200 114 "/category/electronics" "Mozilla/5.0 (Macintosh; Intel Mac OS X 10.6; rv:9.0.1) Gecko/20100101 Firefox/9.0.1"
224.117.61.161 - - [17/Nov/2017:17:19:05 +0000] "GET /item/networking/67 HTTP/1.1" 200 52 "-" "Mozilla/5.0 (compatible; MSIE 9.0; Windows NT 6.1; Trident/5.0)"
144.180.166.148 - - [17/Nov/2017:17:19:10 +0000] "GET /category/computers?from=0 HTTP/1.1" 200 85 "/search/?c=Computers" "Mozilla/5.0 (Macintosh; Intel Mac OS X 10.6; rv:9.0.1) Gecko/20100101 Firefox/9.0.1"
144.210.145.43 - - [17/Nov/2017:17:19:15 +0000] "GET /category/books HTTP/1.1" 200 98 "-" "Mozilla/5.0 (compatible; Googlebot/2.1; +http://www.google.com/bot.html)"
40.63.61.211 - - [17/Nov/2017:17:19:20 +0000] "GET /category/health?from=10 HTTP/1.1" 200 89 "/category/office" "Mozilla/5.0 (Windows NT 6.0) AppleWebKit/535.11 (KHTML, like Gecko) Chrome/17.0.963.56 Safari/535.11"
212.183.136.225 - - [17/Nov/2017:17:19:25 +0000] "GET /category/office HTTP/1.1" 200 46 "-" "Mozilla/5.0 (Windows NT 6.0) AppleWebKit/535.11 (KHTML, like Gecko) Chrome/17.0.963.56 Safari/535.11"
36.207.70.163 - - [17/Nov/2017:17:19:30 +0000] "GET /category/office HTTP/1.1" 200 82 "/category/jewelry" "Mozilla/5.0 (Windows NT 6.0; rv:10.0.1) Gecko/20100101 Firefox/10.0.1"
112.105.131.47 - - [17/Nov/2017:17:19:35 +0000] "GET /item/software/4034 HTTP/1.1" 200 131 "/item/software/1950" "Mozilla/5.0 (Macintosh; Intel Mac OS X 10.6; rv:9.0.1) Gecko/20100101 Firefox/9.0.1"
36.192.196.184 - - [17/Nov/2017:17:19:40 +0000] "GET /category/music HTTP/1.1" 200 61 "/item/software/4680" "Mozilla/5.0 (iPhone; CPU iPhone OS 5_0_1 like Mac OS X) AppleWebKit/534.46 (KHTML, like Gecko) Version/5.1 Mobile/9A405 Safari/7534.48.3"
224.66.34.113 - - [17/Nov/2017:17:19:45 +0000] "GET /category/office HTTP/1.1" 200 132 "-" "Mozilla/5.0 (compatible; MSIE 9.0; Windows NT 6.1; WOW64; Trident/5.0)"
40.219.75.36 - - [17/Nov/2017:17:19:50 +0000] "GET /category/electronics?from=10 HTTP/1.1" 200 119 "/search/?c=Electronics+Office" "Mozilla/4.0 (compatible; MSIE 8.0; Windows NT 6.1; WOW64; Trident/4.0; YTB730; GTB7.2; EasyBits GO v1.0; SLCC2; .NET CLR 2.0.50727; .NET CLR 3.5.30729; .NET CLR 3.0.30729; Media Center PC 6.0; .NET4.0C)"
144.165.175.190 - - [17/Nov/2017:17:19:55 +0000] "GET /category/games HTTP/1.1" 200 135 "-" "Mozilla/5.0 (Windows NT 6.1; WOW64; rv:10.0.1) Gecko/20100101 Firefox/10.0.1"
32.156.124.60 - - [17/Nov/2017:17:20:00 +0000] "GET /item/cameras/1329 HTTP/1.1" 200 59 "-" "Mozilla/5.0 (Windows NT 6.1; WOW64; rv:10.0.1) Gecko/20100101 Firefox/10.0.1"
144.51.141.192 - - [17/Nov/2017:17:20:05 +0000] "GET /item/office/1867 HTTP/1.1" 200 83 "/item/software/4520" "Mozilla/5.0 (Windows NT 6.0; rv:10.0.1) Gecko/20100101 Firefox/10.0.1"
24.201.68.49 - - [17/Nov/2017:17:20:10 +0000] "GET /category/networking?from=10 HTTP/1.1" 200 127 "/item/software/2109" "Mozilla/5.0 (Windows NT 6.1; WOW64) AppleWebKit/535.11 (KHTML, like Gecko) Chrome/17.0.963.56 Safari/535.11"
100.66.170.80 - - [17/Nov/2017:17:20:15 +0000] "GET /category/software HTTP/1.1" 200 56 "-" "Mozilla/5.0 (Macintosh; Intel Mac OS X 10.6; rv:9.0.1) Gecko/20100101 Firefox/9.0.1"
100.150.67.191 - - [17/Nov/2017:17:20:20 +0000] "GET /category/software HTTP/1.1" 200 114 "-" "Mozilla/5.0 (Windows NT 6.0; rv:10.0.1) Gecko/20100101 Firefox/10.0.1"
108.102.68.52 - - [17/Nov/2017:17:20:25 +0000] "POST /search/?c=Software+Networking HTTP/1.1" 200 104 "/category/computers" "Mozilla/5.0 (compatible; MSIE 9.0; Windows NT 6.1; WOW64; Trident/5.0)"
160.156.210.144 - - [17/Nov/2017:17:20:30 +0000] "GET /category/electronics HTTP/1.1" 200 128 "/category/jewelry" "Mozilla/5.0 (Windows NT 6.0; rv:10.0.1) Gecko/20100101 Firefox/10.0.1"
36.192.126.32 - - [17/Nov/2017:17:20:35 +0000] "GET /category/electronics HTTP/1.1" 200 113 "/category/books" "Mozilla/5.0 (Windows NT 5.1) AppleWebKit/535.11 (KHTML, like Gecko) Chrome/17.0.963.46 Safari/535.11"
224.177.225.75 - - [17/Nov/2017:17:20:40 +0000] "GET /category/games HTTP/1.1" 200 101 "-" "Mozilla/5.0 (iPad; CPU OS 5_0_1 like Mac OS X) AppleWebKit/534.46 (KHTML, like Gecko) Version/5.1 Mobile/9A405 Safari/7534.48.3"
148.99.211.139 - - [17/Nov/2017:17:20:45 +0000] "GET /item/cameras/2644 HTTP/1.1" 200 124 "-" "Mozilla/4.0 (compatible; MSIE 8.0; Windows NT 5.1; Trident/4.0; YTB720; GTB7.2; .NET CLR 1.1.4322; .NET CLR 2.0.50727; .NET CLR 3.0.4506.2152; .NET CLR 3.5.30729)"
96.159.160.163 - - [17/Nov/2017:17:20:50 +0000] "GET /category/jewelry HTTP/1.1" 200 40 "-" "Mozilla/5.0 (Windows NT 6.1; WOW64; rv:10.0.1) Gecko/20100101 Firefox/10.0.1"
108.93.207.173 - - [17/Nov/2017:17:20:55 +0000] "GET /category/computers HTTP/1.1" 200 45 "-" "Mozilla/5.0 (compatible; Googlebot/2.1; +http://www.google.com/bot.html)"
76.225.209.116 - - [17/Nov/2017:17:21:00 +0000] "GET /item/books/237 HTTP/1.1" 200 95 "/item/books/1503" "Mozilla/5.0 (Macintosh; Intel Mac OS X 10.6; rv:9.0.1) Gecko/20100101 Firefox/9.0.1"
40.105.210.146 - - [17/Nov/2017:17:21:05 +0000] "GET /item/books/2829 HTTP/1.1" 200 80 "http://www.google.com/search?ie=UTF-8&q=google&sclient=psy-ab&q=Books&oq=Books&aq=f&aqi=g-vL1&aql=&pbx=1&bav=on.2,or.r_gc.r_pw.r_qf.,cf.osb&biw=4329&bih=147" "Mozilla/5.0 (Macintosh; Intel Mac OS X 10.6; rv:9.0.1) Gecko/20100101 Firefox/9.0.1"
148.126.188.205 - - [17/Nov/2017:17:21:10 +0000] "GET /item/electronics/2825 HTTP/1.1" 200 108 "/category/software" "Mozilla/5.0 (Macintosh; Intel Mac OS X 10.6; rv:9.0.1) Gecko/20100101 Firefox/9.0.1"
220.222.196.154 - - [17/Nov/2017:17:21:15 +0000] "GET /category/cameras HTTP/1.1" 200 99 "-" "Mozilla/4.0 (compatible; MSIE 8.0; Windows NT 5.1; Trident/4.0; YTB720; GTB7.2; .NET CLR 1.1.4322; .NET CLR 2.0.50727; .NET CLR 3.0.4506.2152; .NET CLR 3.5.30729)"
56.195.124.151 - - [17/Nov/2017:17:21:20 +0000] "GET /category/giftcards HTTP/1.1" 200 113 "-" "Mozilla/4.0 (compatible; MSIE 8.0; Windows NT 5.1; Trident/4.0; YTB720; GTB7.2; .NET CLR 1.1.4322; .NET CLR 2.0.50727; .NET CLR 3.0.4506.2152; .NET CLR 3.5.30729)"
136.132.151.226 - - [17/Nov/2017:17:21:25 +0000] "GET /category/games HTTP/1.1" 200 107 "/category/software" "Mozilla/5.0 (compatible; Googlebot/2.1; +http://www.google.com/bot.html)"
32.156.124.60 - - [17/Nov/2017:17:21:30 +0000] "GET /category/software HTTP/1.1" 200 99 "-" "Mozilla/5.0 (Windows NT 6.1; WOW64; rv:10.0.1) Gecko/20100101 Firefox/10.0.1"
196.69.125.183 - - [17/Nov/2017:17:21:35 +0000] "GET /item/electronics/3042 HTTP/1.1" 200 45 "/category/electronics" "Mozilla/4.0 (compatible; MSIE 8.0; Windows NT 6.1; WOW64; Trident/4.0; GTB7.2; SLCC2; .NET CLR 2.0.50727; .NET CLR 3.5.30729; .NET CLR 3.0.30729; Media Center PC 6.0; .NET4.0C)"
32.171.95.119 - - [17/Nov/2017:17:21:40 +0000] "GET /item/electronics/4582 HTTP/1.1" 200 48 "/category/books" "Mozilla/5.0 (Windows NT 6.0; rv:10.0.1) Gecko/20100101 Firefox/10.0.1"
32.78.86.157 - - [17/Nov/2017:17:21:45 +0000] "GET /category/office HTTP/1.1" 200 77 "-" "Mozilla/5.0 (Windows NT 5.1) AppleWebKit/535.11 (KHTML, like Gecko) Chrome/17.0.963.46 Safari/535.11"
76.138.226.38 - - [17/Nov/2017:17:21:50 +0000] "GET /category/office HTTP/1.1" 200 96 "/item/books/2829" "Mozilla/5.0 (Windows NT 6.0; rv:10.0.1) Gecko/20100101 Firefox/10.0.1"
164.75.155.177 - - [17/Nov/2017:17:21:55 +0000] "GET /category/electronics HTTP/1.1" 200 84 "/category/computers" "Mozilla/5.0 (iPhone; CPU iPhone OS 5_0_1 like Mac OS X) AppleWebKit/534.46 (KHTML, like Gecko) Version/5.1 Mobile/9A405 Safari/7534.48.3"
56.123.41.47 - - [17/Nov/2017:17:22:00 +0000] "GET /item/electronics/3042 HTTP/1.1" 200 45 "/category/electronics" "Mozilla/5.0 (compatible; MSIE 9.0; Windows NT 6.1; WOW64; Trident/5.0)"
84.222.57.97 - - [17/Nov/2017:17:22:05 +0000] "GET /category/software HTTP/1.1" 200 68 "/item/software/85" "Mozilla/5.0 (Windows NT 5.1) AppleWebKit/535.11 (KHTML, like Gecko) Chrome/17.0.963.46 Safari/535.11"
188.162.174.58 - - [17/Nov/2017:17:22:10 +0000] "GET /category/computers?from=20 HTTP/1.1" 200 52 "-" "Mozilla/5.0 (Windows NT 6.1; WOW64) AppleWebKit/535.11 (KHTML, like Gecko) Chrome/17.0.963.56 Safari/535.11"
212.75.227.45 - - [17/Nov/2017:17:22:15 +0000] "GET /item/networking/67 HTTP/1.1" 200 52 "/category/electronics" "Mozilla/5.0 (Macintosh; Intel Mac OS X 10.6; rv:9.0.1) Gecko/20100101 Firefox/9.0.1"
128.213.155.67 - - [17/Nov/2017:17:22:20 +0000] "GET /category/books?from=0 HTTP/1.1" 200 103 "/search/?c=Garden" "Mozilla/5.0 (Windows NT 6.1; WOW64) AppleWebKit/535.7 (KHTML, like Gecko) Chrome/16.0.912.77 Safari/535.7"
184.189.139.105 - - [17/Nov/2017:17:22:25 +0000] "GET /category/electronics HTTP/1.1" 200 89 "/category/software" "Mozilla/5.0 (Macintosh; Intel Mac OS X 10.6; rv:9.0.1) Gecko/20100101 Firefox/9.0.1"
224.207.157.219 - - [17/Nov/2017:17:22:30 +0000] "GET /category/sports HTTP/1.1" 200 118 "/category/electronics" "Mozilla/5.0 (iPad; CPU OS 5_0_1 like Mac OS X) AppleWebKit/534.46 (KHTML, like Gecko) Version/5.1 Mobile/9A405 Safari/7534.48.3"
224.27.47.136 - - [17/Nov/2017:17:22:35 +0000] "GET /item/books/4362 HTTP/1.1" 200 42 "/search/?c=Books" "Mozilla/4.0 (compatible; MSIE 8.0; Windows NT 6.1; WOW64; Trident/4.0; GTB7.2; SLCC2; .NET CLR 2.0.50727; .NET CLR 3.5.30729; .NET CLR 3.0.30729; Media Center PC 6.0; .NET4.0C)"
76.75.163.170 - - [17/Nov/2017:17:22:40 +0000] "GET /item/electronics/367 HTTP/1.1" 200 79 "/category/sports" "Mozilla/5.0 (Windows NT 6.0; rv:10.0.1) Gecko/20100101 Firefox/10.0.1"
192.168.214.196 - - [17/Nov/2017:17:22:45 +0000] "GET /category/finance?from=20 HTTP/1.1" 200 116 "/category/finance" "Mozilla/5.0 (Windows NT 6.0; rv:10.0.1) Gecko/20100101 Firefox/10.0.1"
184.57.80.221 - - [17/Nov/2017:17:22:50 +0000] "GET /item/electronics/2101 HTTP/1.1" 200 84 "/category/electronics" "Mozilla/4.0 (compatible; MSIE 8.0; Windows NT 5.1; Trident/4.0; BTRS122159; GTB7.2; .NET CLR 1.1.4322; .NET CLR 2.0.50727; .NET CLR 3.0.04506.30; .NET CLR 3.0.4506.2152; .NET CLR 3.5.30729; BRI/2)"
84.108.138.186 - - [17/Nov/2017:17:22:55 +0000] "POST /search/?c=Electronics+Garden HTTP/1.1" 200 118 "/category/software" "Mozilla/5.0 (Windows NT 6.0) AppleWebKit/535.11 (KHTML, like Gecko) Chrome/17.0.963.56 Safari/535.11"
160.177.26.162 - - [17/Nov/2017:17:23:00 +0000] "GET /category/electronics HTTP/1.1" 200 126 "/category/office" "Mozilla/5.0 (compatible; MSIE 9.0; Windows NT 6.1; Trident/5.0)"
72.27.184.75 - - [17/Nov/2017:17:23:05 +0000] "GET /category/software HTTP/1.1" 200 126 "/item/finance/3226" "Mozilla/5.0 (iPhone; CPU iPhone OS 5_0_1 like Mac OS X) AppleWebKit/534.46 (KHTML, like Gecko) Version/5.1 Mobile/9A405 Safari/7534.48.3"
40.36.205.118 - - [17/Nov/2017:17:23:10 +0000] "GET /category/software?from=0 HTTP/1.1" 200 44 "/search/?c=Software+Books" "Mozilla/5.0 (compatible; MSIE 9.0; Windows NT 6.1; WOW64; Trident/5.0)"
132.60.108.133 - - [17/Nov/2017:17:23:15 +0000] "GET /category/health?from=10 HTTP/1.1" 200 124 "/category/health" "Mozilla/5.0 (Windows NT 6.0) AppleWebKit/535.11 (KHTML, like Gecko) Chrome/17.0.963.56 Safari/535.11"
128.120.138.51 - - [17/Nov/2017:17:23:20 +0000] "GET /item/electronics/450 HTTP/1.1" 200 123 "-" "Mozilla/5.0 (Windows NT 6.1; WOW64; rv:10.0.1) Gecko/20100101 Firefox/10.0.1"
104.156.80.128 - - [17/Nov/2017:17:23:25 +0000] "GET /item/software/2190 HTTP/1.1" 500 70 "http://www.google.com/search?ie=UTF-8&q=google&sclient=psy-ab&q=Software+Finance&oq=Software+Finance&aq=f&aqi=g-vL1&aql=&pbx=1&bav=on.2,or.r_gc.r_pw.r_qf.,cf.osb&biw=962&bih=322" "Mozilla/5.0 (Windows NT 6.0) AppleWebKit/535.11 (KHTML, like Gecko) Chrome/17.0.963.56 Safari/535.11"
148.66.143.65 - - [17/Nov/2017:17:23:30 +0000] "GET /category/health HTTP/1.1" 200 105 "-" "Mozilla/5.0 (compatible; Googlebot/2.1; +http://www.google.com/bot.html)"
148.90.219.96 - - [17/Nov/2017:17:23:35 +0000] "GET /item/electronics/3882 HTTP/1.1" 200 94 "/category/electronics" "Mozilla/5.0 (Windows NT 6.1; WOW64) AppleWebKit/535.7 (KHTML, like Gecko) Chrome/16.0.912.77 Safari/535.7"
36.138.203.140 - - [17/Nov/2017:17:23:40 +0000] "GET /item/electronics/4947 HTTP/1.1" 200 124 "/category/networking?from=10" "Mozilla/5.0 (compatible; MSIE 9.0; Windows NT 6.1; Trident/5.0)"
40.39.105.229 - - [17/Nov/2017:17:23:45 +0000] "GET /category/office?from=10 HTTP/1.1" 200 88 "/item/electronics/1828" "Mozilla/4.0 (compatible; MSIE 8.0; Windows NT 6.0; WOW64; Trident/4.0; GTB6; SLCC1; .NET CLR 2.0.50727; Media Center PC 5.0; .NET CLR 3.5.30729; .NET CLR 3.0.30618; .NET4.0C)"
60.165.28.148 - - [17/Nov/2017:17:23:50 +0000] "GET /category/giftcards HTTP/1.1" 200 93 "/item/jewelry/2593" "Mozilla/5.0 (Windows NT 6.1; WOW64; rv:10.0.1) Gecko/20100101 Firefox/10.0.1"
100.69.57.39 - - [17/Nov/2017:17:23:55 +0000] "GET /item/games/2649 HTTP/1.1" 200 61 "/category/jewelry" "Mozilla/5.0 (Windows NT 6.0; rv:10.0.1) Gecko/20100101 Firefox/10.0.1"
20.135.151.124 - - [17/Nov/2017:17:24:00 +0000] "GET /category/music HTTP/1.1" 200 121 "http://www.google.com/search?ie=UTF-8&q=google&sclient=psy-ab&q=Music&oq=Music&aq=f&aqi=g-vL1&aql=&pbx=1&bav=on.2,or.r_gc.r_pw.r_qf.,cf.osb&biw=2774&bih=140" "Mozilla/5.0 (Windows NT 6.1; WOW64) AppleWebKit/535.11 (KHTML, like Gecko) Chrome/17.0.963.56 Safari/535.11"
148.90.219.96 - - [17/Nov/2017:17:24:05 +0000] "GET /category/networking HTTP/1.1" 200 122 "/search/?c=Software+Cameras" "Mozilla/5.0 (Windows NT 6.1; WOW64) AppleWebKit/535.11 (KHTML, like Gecko) Chrome/17.0.963.56 Safari/535.11"
176.105.22.32 - - [17/Nov/2017:17:24:10 +0000] "GET /category/giftcards HTTP/1.1" 200 83 "-" "Mozilla/4.0 (compatible; MSIE 8.0; Windows NT 6.0; WOW64; Trident/4.0; GTB6; SLCC1; .NET CLR 2.0.50727; Media Center PC 5.0; .NET CLR 3.5.30729; .NET CLR 3.0.30618; .NET4.0C)"
56.36.38.124 - - [17/Nov/2017:17:24:15 +0000] "GET /category/games HTTP/1.1" 200 71 "-" "Mozilla/5.0 (compatible; MSIE 9.0; Windows NT 6.1; Trident/5.0)"
92.99.34.90 - - [17/Nov/2017:17:24:20 +0000] "GET /item/games/918 HTTP/1.1" 200 76 "/search/?c=Games+Office" "Mozilla/5.0 (compatible; Googlebot/2.1; +http://www.google.com/bot.html)"
200.186.57.64 - - [17/Nov/2017:17:24:25 +0000] "GET /item/finance/4100 HTTP/1.1" 200 84 "-" "Mozilla/5.0 (iPhone; CPU iPhone OS 5_0_1 like Mac OS X) AppleWebKit/534.46 (KHTML, like Gecko) Version/5.1 Mobile/9A405 Safari/7534.48.3"
116.24.121.47 - - [17/Nov/2017:17:24:30 +0000] "GET /category/toys HTTP/1.1" 200 77 "-" "Mozilla/5.0 (Windows NT 6.1; WOW64) AppleWebKit/535.11 (KHTML, like Gecko) Chrome/17.0.963.56 Safari/535.11"
48.105.184.168 - - [17/Nov/2017:17:24:35 +0000] "GET /item/electronics/1706 HTTP/1.1" 200 119 "/item/electronics/1042" "Mozilla/5.0 (Windows NT 6.0) AppleWebKit/535.11 (KHTML, like Gecko) Chrome/17.0.963.56 Safari/535.11"
128.213.155.67 - - [17/Nov/2017:17:24:40 +0000] "GET /category/garden HTTP/1.1" 200 94 "-" "Mozilla/5.0 (compatible; MSIE 9.0; Windows NT 6.1; WOW64; Trident/5.0)"
80.51.95.186 - - [17/Nov/2017:17:24:45 +0000] "GET /item/electronics/4788 HTTP/1.1" 200 46 "/category/software?from=0" "Mozilla/5.0 (compatible; MSIE 9.0; Windows NT 6.1; WOW64; Trident/5.0)"
168.27.211.221 - - [17/Nov/2017:17:24:50 +0000] "GET /category/electronics HTTP/1.1" 200 137 "/item/networking/435" "Mozilla/5.0 (compatible; MSIE 9.0; Windows NT 6.1; Trident/5.0)"
224.171.159.48 - - [17/Nov/2017:17:24:55 +0000] "GET /category/office HTTP/1.1" 200 121 "-" "Mozilla/4.0 (compatible; MSIE 8.0; Windows NT 5.1; Trident/4.0; YTB720; GTB7.2; .NET CLR 1.1.4322; .NET CLR 2.0.50727; .NET CLR 3.0.4506.2152; .NET CLR 3.5.30729)"
216.33.82.203 - - [17/Nov/2017:17:25:00 +0000] "GET /category/software HTTP/1.1" 200 77 "/item/jewelry/1473" "Mozilla/4.0 (compatible; MSIE 8.0; Windows NT 6.0; WOW64; Trident/4.0; GTB6; SLCC1; .NET CLR 2.0.50727; Media Center PC 5.0; .NET CLR 3.5.30729; .NET CLR 3.0.30618; .NET4.0C)"
216.159.84.36 - - [17/Nov/2017:17:25:05 +0000] "GET /category/computers HTTP/1.1" 200 45 "-" "Mozilla/4.0 (compatible; MSIE 8.0; Windows NT 6.1; WOW64; Trident/4.0; YTB730; GTB7.2; SLCC2; .NET CLR 2.0.50727; .NET CLR 3.5.30729; .NET CLR 3.0.30729; .NET4.0C; .NET4.0E; Media Center PC 6.0)"
152.150.118.201 - - [17/Nov/2017:17:25:10 +0000] "GET /category/cameras HTTP/1.1" 200 99 "/item/sports/1884" "Mozilla/5.0 (compatible; Googlebot/2.1; +http://www.google.com/bot.html)"
96.90.32.31 - - [17/Nov/2017:17:25:15 +0000] "GET /item/electronics/4248 HTTP/1.1" 200 48 "/search/?c=Books+Giftcards" "Mozilla/5.0 (iPhone; CPU iPhone OS 5_0_1 like Mac OS X) AppleWebKit/534.46 (KHTML, like Gecko) Version/5.1 Mobile/9A405 Safari/7534.48.3"
20.153.84.177 - - [17/Nov/2017:17:25:20 +0000] "GET /item/software/1271 HTTP/1.1" 200 103 "-" "Mozilla/5.0 (Windows NT 6.1; WOW64) AppleWebKit/535.7 (KHTML, like Gecko) Chrome/16.0.912.77 Safari/535.7"
144.210.145.43 - - [17/Nov/2017:17:25:25 +0000] "GET /item/games/2215 HTTP/1.1" 200 64 "/category/games?from=20" "Mozilla/5.0 (Windows NT 6.1; WOW64) AppleWebKit/535.11 (KHTML, like Gecko) Chrome/17.0.963.56 Safari/535.11"
72.156.55.140 - - [17/Nov/2017:17:25:30 +0000] "GET /category/office HTTP/1.1" 200 126 "/category/software?from=0" "Mozilla/5.0 (compatible; MSIE 9.0; Windows NT 6.1; WOW64; Trident/5.0)"
92.72.135.226 - - [17/Nov/2017:17:25:35 +0000] "POST /search/?c=Software+Games HTTP/1.1" 200 124 "/item/electronics/4005" "Mozilla/5.0 (compatible; Googlebot/2.1; +http://www.google.com/bot.html)"
140.27.162.195 - - [17/Nov/2017:17:25:40 +0000] "POST /search/?c=Electronics HTTP/1.1" 200 101 "/category/electronics" "Mozilla/5.0 (Windows NT 6.1; WOW64) AppleWebKit/535.7 (KHTML, like Gecko) Chrome/16.0.912.77 Safari/535.7"
136.129.115.173 - - [17/Nov/2017:17:25:45 +0000] "GET /category/games HTTP/1.1" 200 111 "-" "Mozilla/5.0 (compatible; MSIE 9.0; Windows NT 6.1; Trident/5.0)"
108.78.41.69 - - [17/Nov/2017:17:25:50 +0000] "GET /item/electronics/953 HTTP/1.1" 200 59 "-" "Mozilla/5.0 (compatible; MSIE 9.0; Windows NT 6.1; WOW64; Trident/5.0)"
180.48.74.50 - - [17/Nov/2017:17:25:55 +0000] "GET /category/software HTTP/1.1" 200 70 "/category/electronics" "Mozilla/5.0 (Windows NT 6.0; rv:10.0.1) Gecko/20100101 Firefox/10.0.1"
100.69.57.39 - - [17/Nov/2017:17:26:00 +0000] "GET /item/games/2694 HTTP/1.1" 200 90 "http://www.google.com/search?ie=UTF-8&q=google&sclient=psy-ab&q=Games&oq=Games&aq=f&aqi=g-vL1&aql=&pbx=1&bav=on.2,or.r_gc.r_pw.r_qf.,cf.osb&biw=316&bih=378" "Mozilla/5.0 (Windows NT 6.0; rv:10.0.1) Gecko/20100101 Firefox/10.0.1"
44.189.22.22 - - [17/Nov/2017:17:26:05 +0000] "GET /category/office HTTP/1.1" 200 74 "-" "Mozilla/4.0 (compatible; MSIE 8.0; Windows NT 5.1; Trident/4.0; BTRS122159; GTB7.2; .NET CLR 1.1.4322; .NET CLR 2.0.50727; .NET CLR 3.0.04506.30; .NET CLR 3.0.4506.2152; .NET CLR 3.5.30729; BRI/2)"
72.39.200.100 - - [17/Nov/2017:17:26:10 +0000] "GET /category/finance HTTP/1.1" 200 55 "-" "Mozilla/5.0 (Windows NT 6.0) AppleWebKit/535.11 (KHTML, like Gecko) Chrome/17.0.963.56 Safari/535.11"
92.180.180.225 - - [17/Nov/2017:17:26:15 +0000] "GET /item/software/1802 HTTP/1.1" 200 125 "http://www.google.com/search?ie=UTF-8&q=google&sclient=psy-ab&q=Software+Cameras&oq=Software+Cameras&aq=f&aqi=g-vL1&aql=&pbx=1&bav=on.2,or.r_gc.r_pw.r_qf.,cf.osb&biw=533&bih=296" "Mozilla/5.0 (iPhone; CPU iPhone OS 5_0_1 like Mac OS X) AppleWebKit/534.46 (KHTML, like Gecko) Version/5.1 Mobile/9A405 Safari/7534.48.3"
72.45.161.107 - - [17/Nov/2017:17:26:20 +0000] "GET /category/electronics HTTP/1.1" 200 83 "-" "Mozilla/5.0 (Windows NT 6.1; WOW64) AppleWebKit/535.7 (KHTML, like Gecko) Chrome/16.0.912.77 Safari/535.7"
44.189.22.22 - - [17/Nov/2017:17:26:25 +0000] "GET /category/office?from=0 HTTP/1.1" 200 59 "-" "Mozilla/4.0 (compatible; MSIE 8.0; Windows NT 5.1; Trident/4.0; BTRS122159; GTB7.2; .NET CLR 1.1.4322; .NET CLR 2.0.50727; .NET CLR 3.0.04506.30; .NET CLR 3.0.4506.2152; .NET CLR 3.5.30729; BRI/2)"
204.213.121.181 - - [17/Nov/2017:17:26:30 +0000] "GET /category/games HTTP/1.1" 200 49 "/item/software/2343" "Mozilla/4.0 (compatible; MSIE 8.0; Windows NT 6.1; WOW64; Trident/4.0; YTB730; GTB7.2; EasyBits GO v1.0; SLCC2; .NET CLR 2.0.50727; .NET CLR 3.5.30729; .NET CLR 3.0.30729; Media Center PC 6.0; .NET4.0C)"
152.78.91.213 - - [17/Nov/2017:17:26:35 +0000] "GET /category/sports HTTP/1.1" 200 59 "/category/electronics" "Mozilla/5.0 (compatible; MSIE 9.0; Windows NT 6.1; Trident/5.0)"
60.213.58.52 - - [17/Nov/2017:17:26:40 +0000] "GET /category/health HTTP/1.1" 200 105 "-" "Mozilla/5.0 (Macintosh; Intel Mac OS X 10.6; rv:9.0.1) Gecko/20100101 Firefox/9.0.1"
188.111.114.167 - - [17/Nov/2017:17:26:45 +0000] "GET /category/software HTTP/1.1" 200 68 "-" "Mozilla/5.0 (compatible; Googlebot/2.1; +http://www.google.com/bot.html)"
80.69.198.127 - - [17/Nov/2017:17:26:50 +0000] "GET /item/software/4034 HTTP/1.1" 200 131 "-" "Mozilla/5.0 (Macintosh; Intel Mac OS X 10.6; rv:9.0.1) Gecko/20100101 Firefox/9.0.1"
48.219.110.88 - - [17/Nov/2017:17:26:55 +0000] "GET /category/cameras?from=0 HTTP/1.1" 200 139 "/search/?c=Cameras" "Mozilla/4.0 (compatible; MSIE 8.0; Windows NT 6.1; WOW64; Trident/4.0; GTB7.2; SLCC2; .NET CLR 2.0.50727; .NET CLR 3.5.30729; .NET CLR 3.0.30729; Media Center PC 6.0; .NET4.0C)"
76.93.187.155 - - [17/Nov/2017:17:27:00 +0000] "GET /item/software/272 HTTP/1.1" 200 71 "/category/electronics" "Mozilla/4.0 (compatible; MSIE 8.0; Windows NT 6.1; Trident/4.0; YTB730; SLCC2; .NET CLR 2.0.50727; .NET CLR 3.5.30729; .NET CLR 3.0.30729; Media Center PC 6.0; .NET4.0C)"
168.108.147.195 - - [17/Nov/2017:17:27:05 +0000] "GET /item/office/4637 HTTP/1.1" 200 70 "/category/office" "Mozilla/5.0 (Windows NT 6.1; WOW64) AppleWebKit/535.7 (KHTML, like Gecko) Chrome/16.0.912.77 Safari/535.7"
208.114.138.190 - - [17/Nov/2017:17:27:10 +0000] "GET /category/software HTTP/1.1" 200 56 "/category/electronics" "Mozilla/5.0 (Windows NT 6.0) AppleWebKit/535.11 (KHTML, like Gecko) Chrome/17.0.963.56 Safari/535.11"
44.51.178.212 - - [17/Nov/2017:17:27:15 +0000] "GET /item/electronics/2049 HTTP/1.1" 200 101 "/category/electronics" "Mozilla/5.0 (Macintosh; Intel Mac OS X 10.6; rv:9.0.1) Gecko/20100101 Firefox/9.0.1"
112.132.152.220 - - [17/Nov/2017:17:27:20 +0000] "GET /item/books/1869 HTTP/1.1" 200 134 "/category/networking" "Mozilla/5.0 (Windows NT 6.1; WOW64) AppleWebKit/535.11 (KHTML, like Gecko) Chrome/17.0.963.56 Safari/535.11"
100.93.35.154 - - [17/Nov/2017:17:27:25 +0000] "GET /category/jewelry HTTP/1.1" 200 78 "/item/electronics/2426" "Mozilla/5.0 (Windows NT 6.1; WOW64) AppleWebKit/535.7 (KHTML, like Gecko) Chrome/16.0.912.77 Safari/535.7"
140.144.140.227 - - [17/Nov/2017:17:27:30 +0000] "POST /search/?c=Toys HTTP/1.1" 200 72 "-" "Mozilla/5.0 (compatible; MSIE 9.0; Windows NT 6.1; Trident/5.0)"
104.138.92.26 - - [17/Nov/2017:17:27:35 +0000] "GET /category/electronics?from=20 HTTP/1.1" 200 52 "-" "Mozilla/5.0 (iPhone; CPU iPhone OS 5_0_1 like Mac OS X) AppleWebKit/534.46 (KHTML, like Gecko) Version/5.1 Mobile/9A405 Safari/7534.48.3"
124.180.126.94 - - [17/Nov/2017:17:27:40 +0000] "GET /category/health?from=10 HTTP/1.1" 200 124 "/category/jewelry" "Mozilla/4.0 (compatible; MSIE 8.0; Windows NT 6.1; WOW64; Trident/4.0; YTB730; GTB7.2; EasyBits GO v1.0; SLCC2; .NET CLR 2.0.50727; .NET CLR 3.5.30729; .NET CLR 3.0.30729; Media Center PC 6.0; .NET4.0C)"
56.150.202.109 - - [17/Nov/2017:17:27:45 +0000] "GET /category/networking HTTP/1.1" 200 119 "http://www.google.com/search?ie=UTF-8&q=google&sclient=psy-ab&q=Networking+Electronics&oq=Networking+Electronics&aq=f&aqi=g-vL1&aql=&pbx=1&bav=on.2,or.r_gc.r_pw.r_qf.,cf.osb&biw=389&bih=548" "Mozilla/5.0 (Windows NT 6.0; rv:10.0.1) Gecko/20100101 Firefox/10.0.1"
176.27.101.193 - - [17/Nov/2017:17:27:50 +0000] "GET /category/jewelry HTTP/1.1" 200 40 "/search/?c=Books+Health" "Mozilla/5.0 (Windows NT 6.1; WOW64; rv:10.0.1) Gecko/20100101 Firefox/10.0.1"
68.117.130.229 - - [17/Nov/2017:17:27:55 +0000] "GET /category/electronics HTTP/1.1" 200 113 "/category/cameras" "Mozilla/5.0 (compatible; MSIE 9.0; Windows NT 6.1; WOW64; Trident/5.0)"
40.105.210.146 - - [17/Nov/2017:17:28:00 +0000] "GET /item/networking/4696 HTTP/1.1" 200 138 "/category/games" "Mozilla/5.0 (Macintosh; Intel Mac OS X 10.6; rv:9.0.1) Gecko/20100101 Firefox/9.0.1"
124.171.169.38 - - [17/Nov/2017:17:28:05 +0000] "GET /category/books HTTP/1.1" 200 48 "/category/books" "Mozilla/5.0 (iPad; CPU OS 5_0_1 like Mac OS X) AppleWebKit/534.46 (KHTML, like Gecko) Version/5.1 Mobile/9A405 Safari/7534.48.3"
152.78.91.213 - - [17/Nov/2017:17:28:10 +0000] "POST /search/?c=Garden+Networking HTTP/1.1" 200 130 "-" "Mozilla/5.0 (iPhone; CPU iPhone OS 5_0_1 like Mac OS X) AppleWebKit/534.46 (KHTML, like Gecko) Version/5.1 Mobile/9A405 Safari/7534.48.3"
116.189.197.54 - - [17/Nov/2017:17:28:15 +0000] "GET /category/jewelry HTTP/1.1" 200 137 "-" "Mozilla/4.0 (compatible; MSIE 8.0; Windows NT 5.1; Trident/4.0; BTRS122159; GTB7.2; .NET CLR 1.1.4322; .NET CLR 2.0.50727; .NET CLR 3.0.04506.30; .NET CLR 3.0.4506.2152; .NET CLR 3.5.30729; BRI/2)"
156.69.192.82 - - [17/Nov/2017:17:28:20 +0000] "GET /item/software/3887 HTTP/1.1" 200 100 "/category/software" "Mozilla/4.0 (compatible; MSIE 8.0; Windows NT 6.0; WOW64; Trident/4.0; GTB6; SLCC1; .NET CLR 2.0.50727; Media Center PC 5.0; .NET CLR 3.5.30729; .NET CLR 3.0.30618; .NET4.0C)"
60.54.78.101 - - [17/Nov/2017:17:28:25 +0000] "GET /category/electronics HTTP/1.1" 200 79 "/category/books" "Mozilla/5.0 (Windows NT 6.1; WOW64) AppleWebKit/535.7 (KHTML, like Gecko) Chrome/16.0.912.77 Safari/535.7"
160.45.81.35 - - [17/Nov/2017:17:28:30 +0000] "GET /category/computers HTTP/1.1" 200 101 "-" "Mozilla/5.0 (compatible; MSIE 9.0; Windows NT 6.1; WOW64; Trident/5.0)"
140.102.40.156 - - [17/Nov/2017:17:28:35 +0000] "GET /category/software HTTP/1.1" 200 108 "-" "Mozilla/5.0 (Windows NT 6.1; WOW64) AppleWebKit/535.11 (KHTML, like Gecko) Chrome/17.0.963.56 Safari/535.11"
208.183.145.211 - - [17/Nov/2017:17:28:40 +0000] "GET /category/toys HTTP/1.1" 200 115 "-" "Mozilla/5.0 (compatible; MSIE 9.0; Windows NT 6.1; WOW64; Trident/5.0)"
48.222.150.132 - - [17/Nov/2017:17:28:45 +0000] "GET /category/cameras HTTP/1.1" 200 99 "/category/sports?from=10" "Mozilla/4.0 (compatible; MSIE 8.0; Windows NT 5.1; Trident/4.0; YTB720; GTB7.2; .NET CLR 1.1.4322; .NET CLR 2.0.50727; .NET CLR 3.0.4506.2152; .NET CLR 3.5.30729)"
44.36.69.119 - - [17/Nov/2017:17:28:50 +0000] "GET /item/sports/2911 HTTP/1.1" 200 130 "/search/?c=Sports+Electronics" "Mozilla/5.0 (Windows NT 6.1; WOW64; rv:10.0.1) Gecko/20100101 Firefox/10.0.1"
212.171.62.26 - - [17/Nov/2017:17:28:55 +0000] "GET /category/electronics HTTP/1.1" 200 89 "-" "Mozilla/5.0 (Windows NT 6.1; WOW64) AppleWebKit/535.11 (KHTML, like Gecko) Chrome/17.0.963.56 Safari/535.11"
32.105.122.34 - - [17/Nov/2017:17:29:00 +0000] "GET /item/electronics/4041 HTTP/1.1" 200 42 "/item/books/1568" "Mozilla/5.0 (compatible; MSIE 9.0; Windows NT 6.1; WOW64; Trident/5.0)"
108.159.46.114 - - [17/Nov/2017:17:29:05 +0000] "GET /item/electronics/1344 HTTP/1.1" 200 61 "-" "Mozilla/4.0 (compatible; MSIE 8.0; Windows NT 6.1; WOW64; Trident/4.0; YTB730; GTB7.2; EasyBits GO v1.0; SLCC2; .NET CLR 2.0.50727; .NET CLR 3.5.30729; .NET CLR 3.0.30729; Media Center PC 6.0; .NET4.0C)"
28.81.112.82 - - [17/Nov/2017:17:29:10 +0000] "GET /category/finance HTTP/1.1" 200 125 "/category/health" "Mozilla/5.0 (iPad; CPU OS 5_0_1 like Mac OS X) AppleWebKit/534.46 (KHTML, like Gecko) Version/5.1 Mobile/9A405 Safari/7534.48.3"
124.180.126.94 - - [17/Nov/2017:17:29:15 +0000] "GET /item/electronics/2563 HTTP/1.1" 200 81 "/item/health/1329" "Mozilla/4.0 (compatible; MSIE 8.0; Windows NT 6.1; WOW64; Trident/4.0; YTB730; GTB7.2; EasyBits GO v1.0; SLCC2; .NET CLR 2.0.50727; .NET CLR 3.5.30729; .NET CLR 3.0.30729; Media Center PC 6.0; .NET4.0C)"
148.27.172.38 - - [17/Nov/2017:17:29:20 +0000] "GET /category/games HTTP/1.1" 200 104 "/category/software" "Mozilla/5.0 (Macintosh; Intel Mac OS X 10.6; rv:9.0.1) Gecko/20100101 Firefox/9.0.1"
184.30.98.141 - - [17/Nov/2017:17:29:25 +0000] "POST /search/?c=Electronics+Garden HTTP/1.1" 200 118 "/item/books/4062" "Mozilla/4.0 (compatible; MSIE 8.0; Windows NT 5.1; Trident/4.0; YTB720; GTB7.2; .NET CLR 1.1.4322; .NET CLR 2.0.50727; .NET CLR 3.0.4506.2152; .NET CLR 3.5.30729)"
196.69.125.183 - - [17/Nov/2017:17:29:30 +0000] "GET /category/software?from=20 HTTP/1.1" 200 57 "/category/software" "Mozilla/4.0 (compatible; MSIE 8.0; Windows NT 5.1; Trident/4.0; YTB720; GTB7.2; .NET CLR 1.1.4322; .NET CLR 2.0.50727; .NET CLR 3.0.4506.2152; .NET CLR 3.5.30729)"
184.144.144.34 - - [17/Nov/2017:17:29:35 +0000] "GET /category/networking HTTP/1.1" 200 122 "/category/books" "Mozilla/5.0 (Windows NT 6.0) AppleWebKit/535.11 (KHTML, like Gecko) Chrome/17.0.963.56 Safari/535.11"
152.174.211.73 - - [17/Nov/2017:17:29:40 +0000] "GET /category/giftcards HTTP/1.1" 200 81 "/category/books" "Mozilla/5.0 (iPhone; CPU iPhone OS 5_0_1 like Mac OS X) AppleWebKit/534.46 (KHTML, like Gecko) Version/5.1 Mobile/9A405 Safari/7534.48.3"
104.147.188.161 - - [17/Nov/2017:17:29:45 +0000] "GET /category/software HTTP/1.1" 200 105 "-" "Mozilla/5.0 (compatible; MSIE 9.0; Windows NT 6.1; WOW64; Trident/5.0)"
180.192.53.62 - - [17/Nov/2017:17:29:50 +0000] "GET /category/books HTTP/1.1" 200 139 "-" "Mozilla/5.0 (compatible; Googlebot/2.1; +http://www.google.com/bot.html)"
156.132.137.129 - - [17/Nov/2017:17:29:55 +0000] "POST /search/?c=Giftcards HTTP/1.1" 200 104 "/category/sports" "Mozilla/5.0 (Windows NT 6.1; WOW64) AppleWebKit/535.11 (KHTML, like Gecko) Chrome/17.0.963.56 Safari/535.11"
108.159.46.114 - - [17/Nov/2017:17:30:00 +0000] "POST /search/?c=Giftcards+Music HTTP/1.1" 200 118 "/category/books" "Mozilla/5.0 (Windows NT 6.1; WOW64) AppleWebKit/535.11 (KHTML, like Gecko) Chrome/17.0.963.56 Safari/535.11"
148.57.150.184 - - [17/Nov/2017:17:30:05 +0000] "GET /category/cameras HTTP/1.1" 200 53 "-" "Mozilla/4.0 (compatible; MSIE 8.0; Windows NT 6.1; WOW64; Trident/4.0; YTB730; GTB7.2; EasyBits GO v1.0; SLCC2; .NET CLR 2.0.50727; .NET CLR 3.5.30729; .NET CLR 3.0.30729; Media Center PC 6.0; .NET4.0C)"
60.123.150.225 - - [17/Nov/2017:17:30:10 +0000] "GET /item/finance/1295 HTTP/1.1" 200 105 "/category/finance" "Mozilla/5.0 (iPhone; CPU iPhone OS 5_0_1 like Mac OS X) AppleWebKit/534.46 (KHTML, like Gecko) Version/5.1 Mobile/9A405 Safari/7534.48.3"
176.210.158.39 - - [17/Nov/2017:17:30:15 +0000] "GET /category/games HTTP/1.1" 200 105 "-" "Mozilla/5.0 (Windows NT 6.1; WOW64; rv:10.0.1) Gecko/20100101 Firefox/10.0.1"
80.96.105.54 - - [17/Nov/2017:17:30:20 +0000] "GET /item/giftcards/4032 HTTP/1.1" 200 122 "/category/giftcards" "Mozilla/5.0 (Macintosh; Intel Mac OS X 10.6; rv:9.0.1) Gecko/20100101 Firefox/9.0.1"
76.114.187.160 - - [17/Nov/2017:17:30:25 +0000] "POST /search/?c=Books HTTP/1.1" 200 40 "/category/office" "Mozilla/5.0 (compatible; MSIE 9.0; Windows NT 6.1; Trident/5.0)"
132.171.86.44 - - [17/Nov/2017:17:30:30 +0000] "GET /category/finance HTTP/1.1" 200 124 "-" "Mozilla/5.0 (Windows NT 6.0; rv:10.0.1) Gecko/20100101 Firefox/10.0.1"
152.63.117.36 - - [17/Nov/2017:17:30:35 +0000] "GET /item/electronics/4629 HTTP/1.1" 200 83 "/category/health" "Mozilla/5.0 (Windows NT 6.1; WOW64) AppleWebKit/535.11 (KHTML, like Gecko) Chrome/17.0.963.56 Safari/535.11"
124.210.121.29 - - [17/Nov/2017:17:30:40 +0000] "GET /category/software HTTP/1.1" 200 51 "-" "Mozilla/5.0 (compatible; MSIE 9.0; Windows NT 6.1; Trident/5.0)"
124.48.209.187 - - [17/Nov/2017:17:30:45 +0000] "GET /category/games HTTP/1.1" 200 104 "-" "Mozilla/5.0 (Windows NT 6.1; WOW64) AppleWebKit/535.11 (KHTML, like Gecko) Chrome/17.0.963.56 Safari/535.11"
120.168.187.112 - - [17/Nov/2017:17:30:50 +0000] "GET /item/sports/4622 HTTP/1.1" 200 109 "/category/electronics" "Mozilla/4.0 (compatible; MSIE 8.0; Windows NT 6.1; Trident/4.0; YTB730; SLCC2; .NET CLR 2.0.50727; .NET CLR 3.5.30729; .NET CLR 3.0.30729; Media Center PC 6.0; .NET4.0C)"
60.126.127.74 - - [17/Nov/2017:17:30:55 +0000] "GET /category/software HTTP/1.1" 200 73 "http://www.google.com/search?ie=UTF-8&q=google&sclient=psy-ab&q=Software&oq=Software&aq=f&aqi=g-vL1&aql=&pbx=1&bav=on.2,or.r_gc.r_pw.r_qf.,cf.osb&biw=2398&bih=438" "Mozilla/5.0 (Windows NT 5.1) AppleWebKit/535.11 (KHTML, like Gecko) Chrome/17.0.963.46 Safari/535.11"
188.219.65.49 - - [17/Nov/2017:17:31:00 +0000] "GET /item/toys/3180 HTTP/1.1" 200 46 "/category/software?from=0" "Mozilla/4.0 (compatible; MSIE 8.0; Windows NT 6.1; Trident/4.0; YTB730; SLCC2; .NET CLR 2.0.50727; .NET CLR 3.5.30729; .NET CLR 3.0.30729; Media Center PC 6.0; .NET4.0C)"
144.129.150.26 - - [17/Nov/2017:17:31:05 +0000] "GET /item/electronics/229 HTTP/1.1" 200 105 "/category/books?from=20" "Mozilla/4.0 (compatible; MSIE 8.0; Windows NT 6.1; WOW64; Trident/4.0; YTB730; GTB7.2; SLCC2; .NET CLR 2.0.50727; .NET CLR 3.5.30729; .NET CLR 3.0.30729; .NET4.0C; .NET4.0E; Media Center PC 6.0)"
92.147.222.43 - - [17/Nov/2017:17:31:10 +0000] "GET /category/electronics HTTP/1.1" 200 128 "/item/electronics/3224" "Mozilla/5.0 (compatible; Googlebot/2.1; +http://www.google.com/bot.html)"
88.228.128.46 - - [17/Nov/2017:17:31:15 +0000] "GET /category/garden HTTP/1.1" 200 86 "-" "Mozilla/5.0 (Windows NT 6.0; rv:10.0.1) Gecko/20100101 Firefox/10.0.1"
96.24.145.93 - - [17/Nov/2017:17:31:20 +0000] "GET /category/electronics HTTP/1.1" 200 78 "/search/?c=Office" "Mozilla/5.0 (iPad; CPU OS 5_0_1 like Mac OS X) AppleWebKit/534.46 (KHTML, like Gecko) Version/5.1 Mobile/9A405 Safari/7534.48.3"
104.54.191.185 - - [17/Nov/2017:17:31:25 +0000] "GET /item/jewelry/1981 HTTP/1.1" 200 89 "/search/?c=Jewelry" "Mozilla/5.0 (Windows NT 6.0; rv:10.0.1) Gecko/20100101 Firefox/10.0.1"
76.153.173.21 - - [17/Nov/2017:17:31:30 +0000] "GET /category/networking?from=10 HTTP/1.1" 200 59 "/category/office" "Mozilla/5.0 (iPhone; CPU iPhone OS 5_0_1 like Mac OS X) AppleWebKit/534.46 (KHTML, like Gecko) Version/5.1 Mobile/9A405 Safari/7534.48.3"
224.195.180.118 - - [17/Nov/2017:17:31:35 +0000] "GET /category/office HTTP/1.1" 200 42 "-" "Mozilla/5.0 (Windows NT 6.1; WOW64) AppleWebKit/535.7 (KHTML, like Gecko) Chrome/16.0.912.77 Safari/535.7"
196.57.59.219 - - [17/Nov/2017:17:31:40 +0000] "GET /category/cameras HTTP/1.1" 200 47 "/category/software" "Mozilla/4.0 (compatible; MSIE 8.0; Windows NT 6.0; WOW64; Trident/4.0; GTB6; SLCC1; .NET CLR 2.0.50727; Media Center PC 5.0; .NET CLR 3.5.30729; .NET CLR 3.0.30618; .NET4.0C)"
96.213.225.72 - - [17/Nov/2017:17:31:45 +0000] "POST /search/?c=Games+Software HTTP/1.1" 200 55 "/item/electronics/1089" "Mozilla/5.0 (compatible; MSIE 9.0; Windows NT 6.1; Trident/5.0)"
120.225.200.117 - - [17/Nov/2017:17:31:50 +0000] "GET /item/software/1527 HTTP/1.1" 200 64 "/search/?c=Software+Office" "Mozilla/4.0 (compatible; MSIE 8.0; Windows NT 5.1; Trident/4.0; YTB720; GTB7.2; .NET CLR 1.1.4322; .NET CLR 2.0.50727; .NET CLR 3.0.4506.2152; .NET CLR 3.5.30729)"
184.186.89.120 - - [17/Nov/2017:17:31:55 +0000] "GET /item/computers/1710 HTTP/1.1" 200 47 "/category/cameras?from=20" "Mozilla/5.0 (Windows NT 6.1; WOW64) AppleWebKit/535.7 (KHTML, like Gecko) Chrome/16.0.912.77 Safari/535.7"
220.36.59.198 - - [17/Nov/2017:17:32:00 +0000] "GET /category/toys HTTP/1.1" 200 115 "/item/health/1983" "Mozilla/5.0 (Macintosh; Intel Mac OS X 10.6; rv:9.0.1) Gecko/20100101 Firefox/9.0.1"
56.222.85.33 - - [17/Nov/2017:17:32:05 +0000] "GET /category/electronics HTTP/1.1" 200 74 "/category/books?from=20" "Mozilla/5.0 (compatible; MSIE 9.0; Windows NT 6.1; Trident/5.0)"
28.201.26.192 - - [17/Nov/2017:17:32:10 +0000] "GET /category/books HTTP/1.1" 200 65 "/category/networking?from=10" "Mozilla/5.0 (Windows NT 6.1; WOW64) AppleWebKit/535.7 (KHTML, like Gecko) Chrome/16.0.912.77 Safari/535.7"
48.105.77.215 - - [17/Nov/2017:17:32:15 +0000] "POST /search/?c=Games+Software HTTP/1.1" 200 55 "/category/software" "Mozilla/5.0 (Windows NT 6.0; rv:10.0.1) Gecko/20100101 Firefox/10.0.1"
56.120.188.55 - - [17/Nov/2017:17:32:20 +0000] "GET /item/software/1876 HTTP/1.1" 200 42 "/item/electronics/3393" "Mozilla/5.0 (Windows NT 6.0) AppleWebKit/535.11 (KHTML, like Gecko) Chrome/17.0.963.56 Safari/535.11"
92.147.222.43 - - [17/Nov/2017:17:32:25 +0000] "GET /category/music?from=10 HTTP/1.1" 200 101 "/search/?c=Music" "Mozilla/5.0 (iPhone; CPU iPhone OS 5_0_1 like Mac OS X) AppleWebKit/534.46 (KHTML, like Gecko) Version/5.1 Mobile/9A405 Safari/7534.48.3"
152.114.173.61 - - [17/Nov/2017:17:32:30 +0000] "GET /category/finance?from=20 HTTP/1.1" 200 122 "/item/office/4637" "Mozilla/5.0 (Windows NT 6.0) AppleWebKit/535.11 (KHTML, like Gecko) Chrome/17.0.963.56 Safari/535.11"
40.54.165.166 - - [17/Nov/2017:17:32:35 +0000] "GET /item/electronics/2524 HTTP/1.1" 200 57 "/item/computers/1333" "Mozilla/5.0 (Windows NT 6.0; rv:10.0.1) Gecko/20100101 Firefox/10.0.1"
116.39.203.186 - - [17/Nov/2017:17:32:40 +0000] "GET /item/giftcards/4709 HTTP/1.1" 200 53 "-" "Mozilla/5.0 (compatible; MSIE 9.0; Windows NT 6.1; WOW64; Trident/5.0)"
156.123.139.120 - - [17/Nov/2017:17:32:45 +0000] "GET /category/software HTTP/1.1" 200 105 "/category/health" "Mozilla/5.0 (Windows NT 6.0) AppleWebKit/535.11 (KHTML, like Gecko) Chrome/17.0.963.56 Safari/535.11"
212.222.165.164 - - [17/Nov/2017:17:32:50 +0000] "GET /item/cameras/801 HTTP/1.1" 200 114 "-" "Mozilla/5.0 (Windows NT 6.0; rv:10.0.1) Gecko/20100101 Firefox/10.0.1"
184.144.144.34 - - [17/Nov/2017:17:32:55 +0000] "GET /category/giftcards HTTP/1.1" 200 113 "/item/networking/4706" "Mozilla/5.0 (compatible; MSIE 9.0; Windows NT 6.1; Trident/5.0)"
80.180.214.20 - - [17/Nov/2017:17:33:00 +0000] "POST /search/?c=Health HTTP/1.1" 200 105 "/category/games" "Mozilla/5.0 (Windows NT 6.0; rv:10.0.1) Gecko/20100101 Firefox/10.0.1"
180.186.35.139 - - [17/Nov/2017:17:33:05 +0000] "GET /item/office/863 HTTP/1.1" 200 125 "/category/networking" "Mozilla/5.0 (Windows NT 6.0; rv:10.0.1) Gecko/20100101 Firefox/10.0.1"
176.45.134.220 - - [17/Nov/2017:17:33:10 +0000] "GET /category/jewelry?from=20 HTTP/1.1" 200 107 "/item/electronics/4582" "Mozilla/5.0 (Macintosh; Intel Mac OS X 10.6; rv:9.0.1) Gecko/20100101 Firefox/9.0.1"
84.30.118.31 - - [17/Nov/2017:17:33:15 +0000] "GET /category/jewelry HTTP/1.1" 200 95 "-" "Mozilla/5.0 (Macintosh; Intel Mac OS X 10.6; rv:9.0.1) Gecko/20100101 Firefox/9.0.1"
40.174.209.108 - - [17/Nov/2017:17:33:20 +0000] "GET /category/electronics HTTP/1.1" 200 128 "-" "Mozilla/5.0 (Windows NT 6.0) AppleWebKit/535.11 (KHTML, like Gecko) Chrome/17.0.963.56 Safari/535.11"
76.216.93.173 - - [17/Nov/2017:17:33:25 +0000] "GET /category/electronics HTTP/1.1" 200 98 "/item/music/1232" "Mozilla/4.0 (compatible; MSIE 8.0; Windows NT 6.1; WOW64; Trident/4.0; YTB730; GTB7.2; SLCC2; .NET CLR 2.0.50727; .NET CLR 3.5.30729; .NET CLR 3.0.30729; .NET4.0C; .NET4.0E; Media Center PC 6.0)"
180.48.74.50 - - [17/Nov/2017:17:33:30 +0000] "GET /category/music HTTP/1.1" 200 46 "/category/electronics" "Mozilla/5.0 (Windows NT 6.0; rv:10.0.1) Gecko/20100101 Firefox/10.0.1"
60.63.96.106 - - [17/Nov/2017:17:33:35 +0000] "POST /search/?c=Sports+Giftcards HTTP/1.1" 200 117 "-" "Mozilla/4.0 (compatible; MSIE 8.0; Windows NT 6.1; WOW64; Trident/4.0; YTB730; GTB7.2; SLCC2; .NET CLR 2.0.50727; .NET CLR 3.5.30729; .NET CLR 3.0.30729; .NET4.0C; .NET4.0E; Media Center PC 6.0)"
136.21.168.104 - - [17/Nov/2017:17:33:40 +0000] "GET /item/electronics/4248 HTTP/1.1" 200 48 "-" "Mozilla/4.0 (compatible; MSIE 8.0; Windows NT 6.1; Trident/4.0; YTB730; SLCC2; .NET CLR 2.0.50727; .NET CLR 3.5.30729; .NET CLR 3.0.30729; Media Center PC 6.0; .NET4.0C)"
48.57.65.104 - - [17/Nov/2017:17:33:45 +0000] "GET /category/software HTTP/1.1" 200 98 "-" "Mozilla/5.0 (Macintosh; Intel Mac OS X 10.6; rv:9.0.1) Gecko/20100101 Firefox/9.0.1"
132.141.158.51 - - [17/Nov/2017:17:33:50 +0000] "GET /category/electronics HTTP/1.1" 200 73 "/category/music" "Mozilla/5.0 (compatible; Googlebot/2.1; +http://www.google.com/bot.html)"
220.162.66.229 - - [17/Nov/2017:17:33:55 +0000] "GET /category/software HTTP/1.1" 200 94 "/category/software" "Mozilla/5.0 (Windows NT 6.0; rv:10.0.1) Gecko/20100101 Firefox/10.0.1"
64.24.130.157 - - [17/Nov/2017:17:34:00 +0000] "POST /search/?c=Office HTTP/1.1" 200 138 "/category/books" "Mozilla/4.0 (compatible; MSIE 8.0; Windows NT 6.1; WOW64; Trident/4.0; YTB730; GTB7.2; EasyBits GO v1.0; SLCC2; .NET CLR 2.0.50727; .NET CLR 3.5.30729; .NET CLR 3.0.30729; Media Center PC 6.0; .NET4.0C)"
220.30.157.208 - - [17/Nov/2017:17:34:05 +0000] "GET /category/jewelry HTTP/1.1" 200 48 "/category/electronics" "Mozilla/5.0 (Windows NT 6.0) AppleWebKit/535.11 (KHTML, like Gecko) Chrome/17.0.963.56 Safari/535.11"
148.102.155.163 - - [17/Nov/2017:17:34:10 +0000] "GET /item/toys/3901 HTTP/1.1" 200 122 "/item/finance/4075" "Mozilla/5.0 (Windows NT 6.0; rv:10.0.1) Gecko/20100101 Firefox/10.0.1"
24.156.128.139 - - [17/Nov/2017:17:34:15 +0000] "GET /category/toys?from=20 HTTP/1.1" 200 70 "/search/?c=Electronics" "Mozilla/5.0 (Windows NT 5.1) AppleWebKit/535.11 (KHTML, like Gecko) Chrome/17.0.963.46 Safari/535.11"
144.162.184.30 - - [17/Nov/2017:17:34:20 +0000] "POST /search/?c=Computers HTTP/1.1" 200 100 "/category/office" "Mozilla/5.0 (Windows NT 5.1) AppleWebKit/535.11 (KHTML, like Gecko) Chrome/17.0.963.46 Safari/535.11"
68.78.152.172 - - [17/Nov/2017:17:34:25 +0000] "GET /item/software/1323 HTTP/1.1" 200 74 "/item/computers/2093" "Mozilla/5.0 (compatible; MSIE 9.0; Windows NT 6.1; WOW64; Trident/5.0)"
96.72.174.129 - - [17/Nov/2017:17:34:30 +0000] "GET /category/electronics HTTP/1.1" 200 82 "-" "Mozilla/5.0 (Windows NT 6.0; rv:10.0.1) Gecko/20100101 Firefox/10.0.1"
36.24.74.155 - - [17/Nov/2017:17:34:35 +0000] "GET /category/books HTTP/1.1" 200 84 "-" "Mozilla/5.0 (Windows NT 6.0; rv:10.0.1) Gecko/20100101 Firefox/10.0.1"
80.180.214.20 - - [17/Nov/2017:17:34:40 +0000] "GET /category/software HTTP/1.1" 200 71 "/item/software/2" "Mozilla/5.0 (Windows NT 6.1; WOW64) AppleWebKit/535.11 (KHTML, like Gecko) Chrome/17.0.963.56 Safari/535.11"
64.138.87.214 - - [17/Nov/2017:17:34:45 +0000] "GET /category/electronics HTTP/1.1" 200 82 "/category/software" "Mozilla/5.0 (compatible; MSIE 9.0; Windows NT 6.1; WOW64; Trident/5.0)"
116.144.123.207 - - [17/Nov/2017:17:34:50 +0000] "GET /item/games/2746 HTTP/1.1" 200 135 "/category/software" "Mozilla/5.0 (Macintosh; Intel Mac OS X 10.6; rv:9.0.1) Gecko/20100101 Firefox/9.0.1"
44.213.68.121 - - [17/Nov/2017:17:34:55 +0000] "POST /search/?c=Electronics+Books HTTP/1.1" 200 134 "-" "Mozilla/5.0 (Windows NT 6.1; WOW64) AppleWebKit/535.11 (KHTML, like Gecko) Chrome/17.0.963.56 Safari/535.11"
24.201.68.49 - - [17/Nov/2017:17:35:00 +0000] "GET /category/software HTTP/1.1" 200 94 "/item/music/4403" "Mozilla/5.0 (Windows NT 6.1; WOW64) AppleWebKit/535.11 (KHTML, like Gecko) Chrome/17.0.963.56 Safari/535.11"
32.69.59.79 - - [17/Nov/2017:17:35:05 +0000] "GET /category/games HTTP/1.1" 200 97 "/category/garden" "Mozilla/5.0 (Windows NT 6.1; WOW64; rv:10.0.1) Gecko/20100101 Firefox/10.0.1"
216.117.163.69 - - [17/Nov/2017:17:35:10 +0000] "GET /category/office HTTP/1.1" 200 132 "-" "Mozilla/5.0 (Windows NT 6.0; rv:10.0.1) Gecko/20100101 Firefox/10.0.1"
36.183.156.215 - - [17/Nov/2017:17:35:15 +0000] "GET /category/books HTTP/1.1" 200 137 "/item/games/918" "Mozilla/5.0 (Windows NT 6.0; rv:10.0.1) Gecko/20100101 Firefox/10.0.1"
48.213.177.74 - - [17/Nov/2017:17:35:20 +0000] "GET /category/health HTTP/1.1" 200 59 "-" "Mozilla/5.0 (Windows NT 6.1; WOW64) AppleWebKit/535.7 (KHTML, like Gecko) Chrome/16.0.912.77 Safari/535.7"
108.93.207.173 - - [17/Nov/2017:17:35:25 +0000] "GET /item/electronics/1679 HTTP/1.1" 200 70 "/search/?c=Electronics" "Mozilla/5.0 (Macintosh; Intel Mac OS X 10.6; rv:9.0.1) Gecko/20100101 Firefox/9.0.1"
40.174.209.108 - - [17/Nov/2017:17:35:30 +0000] "GET /category/office HTTP/1.1" 200 53 "/item/electronics/1095" "Mozilla/5.0 (Windows NT 6.0; rv:10.0.1) Gecko/20100101 Firefox/10.0.1"
200.138.201.118 - - [17/Nov/2017:17:35:35 +0000] "GET /category/electronics?from=0 HTTP/1.1" 200 101 "/category/software" "Mozilla/5.0 (Windows NT 6.1; WOW64; rv:10.0.1) Gecko/20100101 Firefox/10.0.1"
24.162.227.115 - - [17/Nov/2017:17:35:40 +0000] "POST /search/?c=Computers+Electronics HTTP/1.1" 200 44 "-" "Mozilla/5.0 (Macintosh; Intel Mac OS X 10.6; rv:9.0.1) Gecko/20100101 Firefox/9.0.1"
160.135.24.226 - - [17/Nov/2017:17:35:45 +0000] "GET /item/music/1695 HTTP/1.1" 200 97 "-" "Mozilla/5.0 (compatible; Googlebot/2.1; +http://www.google.com/bot.html)"
128.66.82.98 - - [17/Nov/2017:17:35:50 +0000] "GET /category/games?from=0 HTTP/1.1" 200 72 "-" "Mozilla/5.0 (Windows NT 6.0; rv:10.0.1) Gecko/20100101 Firefox/10.0.1"
36.198.198.61 - - [17/Nov/2017:17:35:55 +0000] "GET /category/software HTTP/1.1" 200 104 "-" "Mozilla/5.0 (iPhone; CPU iPhone OS 5_0_1 like Mac OS X) AppleWebKit/534.46 (KHTML, like Gecko) Version/5.1 Mobile/9A405 Safari/7534.48.3"
44.132.181.113 - - [17/Nov/2017:17:36:00 +0000] "GET /category/books HTTP/1.1" 200 54 "/category/electronics" "Mozilla/5.0 (compatible; MSIE 9.0; Windows NT 6.1; Trident/5.0)"
184.186.89.120 - - [17/Nov/2017:17:36:05 +0000] "POST /search/?c=Toys+Toys HTTP/1.1" 200 102 "-" "Mozilla/5.0 (compatible; Googlebot/2.1; +http://www.google.com/bot.html)"
180.96.213.98 - - [17/Nov/2017:17:36:10 +0000] "GET /item/computers/811 HTTP/1.1" 200 128 "/category/toys" "Mozilla/4.0 (compatible; MSIE 8.0; Windows NT 5.1; Trident/4.0; BTRS122159; GTB7.2; .NET CLR 1.1.4322; .NET CLR 2.0.50727; .NET CLR 3.0.04506.30; .NET CLR 3.0.4506.2152; .NET CLR 3.5.30729; BRI/2)"
48.201.198.145 - - [17/Nov/2017:17:36:15 +0000] "POST /search/?c=Electronics HTTP/1.1" 200 99 "-" "Mozilla/4.0 (compatible; MSIE 8.0; Windows NT 6.0; WOW64; Trident/4.0; GTB6; SLCC1; .NET CLR 2.0.50727; Media Center PC 5.0; .NET CLR 3.5.30729; .NET CLR 3.0.30618; .NET4.0C)"
180.183.221.119 - - [17/Nov/2017:17:36:20 +0000] "GET /item/software/4933 HTTP/1.1" 200 52 "/category/networking" "Mozilla/5.0 (compatible; Googlebot/2.1; +http://www.google.com/bot.html)"
96.225.24.124 - - [17/Nov/2017:17:36:25 +0000] "GET /category/software HTTP/1.1" 200 104 "/item/electronics/287" "Mozilla/5.0 (Windows NT 6.0) AppleWebKit/535.11 (KHTML, like Gecko) Chrome/17.0.963.56 Safari/535.11"
68.24.152.91 - - [17/Nov/2017:17:36:30 +0000] "GET /item/electronics/670 HTTP/1.1" 200 66 "/search/?c=Electronics+Electronics" "Mozilla/4.0 (compatible; MSIE 8.0; Windows NT 5.1; Trident/4.0; BTRS122159; GTB7.2; .NET CLR 1.1.4322; .NET CLR 2.0.50727; .NET CLR 3.0.04506.30; .NET CLR 3.0.4506.2152; .NET CLR 3.5.30729; BRI/2)"
224.27.47.136 - - [17/Nov/2017:17:36:35 +0000] "GET /item/finance/4492 HTTP/1.1" 200 41 "-" "Mozilla/5.0 (iPhone; CPU iPhone OS 5_0_1 like Mac OS X) AppleWebKit/534.46 (KHTML, like Gecko) Version/5.1 Mobile/9A405 Safari/7534.48.3"
164.78.138.100 - - [17/Nov/2017:17:36:40 +0000] "GET /category/cameras HTTP/1.1" 200 66 "-" "Mozilla/4.0 (compatible; MSIE 8.0; Windows NT 6.0; WOW64; Trident/4.0; GTB6; SLCC1; .NET CLR 2.0.50727; Media Center PC 5.0; .NET CLR 3.5.30729; .NET CLR 3.0.30618; .NET4.0C)"
136.72.86.184 - - [17/Nov/2017:17:36:45 +0000] "GET /category/software HTTP/1.1" 200 81 "-" "Mozilla/5.0 (Windows NT 6.0; rv:10.0.1) Gecko/20100101 Firefox/10.0.1"
68.78.197.161 - - [17/Nov/2017:17:36:50 +0000] "POST /search/?c=Cameras HTTP/1.1" 200 132 "/category/health" "Mozilla/5.0 (Windows NT 6.1; WOW64) AppleWebKit/535.7 (KHTML, like Gecko) Chrome/16.0.912.77 Safari/535.7"
52.189.168.94 - - [17/Nov/2017:17:36:55 +0000] "GET /item/games/3186 HTTP/1.1" 200 47 "/search/?c=Jewelry+Games" "Mozilla/5.0 (Windows NT 6.1; WOW64) AppleWebKit/535.7 (KHTML, like Gecko) Chrome/16.0.912.77 Safari/535.7"
188.66.87.61 - - [17/Nov/2017:17:37:00 +0000] "POST /search/?c=Software HTTP/1.1" 200 126 "/item/giftcards/4032" "Mozilla/5.0 (Windows NT 6.0; rv:10.0.1) Gecko/20100101 Firefox/10.0.1"
188.213.34.150 - - [17/Nov/2017:17:37:05 +0000] "POST /search/?c=Books+Giftcards HTTP/1.1" 200 69 "/item/electronics/4339" "Mozilla/5.0 (Windows NT 5.1) AppleWebKit/535.11 (KHTML, like Gecko) Chrome/17.0.963.46 Safari/535.11"
216.99.176.92 - - [17/Nov/2017:17:37:10 +0000] "POST /search/?c=Electronics+Software HTTP/1.1" 200 77 "/category/giftcards" "Mozilla/5.0 (Windows NT 6.1; WOW64) AppleWebKit/535.11 (KHTML, like Gecko) Chrome/17.0.963.56 Safari/535.11"
132.141.158.51 - - [17/Nov/2017:17:37:15 +0000] "GET /item/games/4709 HTTP/1.1" 200 43 "/category/electronics" "Mozilla/5.0 (compatible; MSIE 9.0; Windows NT 6.1; WOW64; Trident/5.0)"
128.54.131.218 - - [17/Nov/2017:17:37:20 +0000] "GET /item/electronics/953 HTTP/1.1" 200 59 "/category/games" "Mozilla/5.0 (Windows NT 6.0; rv:10.0.1) Gecko/20100101 Firefox/10.0.1"
216.117.163.69 - - [17/Nov/2017:17:37:25 +0000] "GET /category/games HTTP/1.1" 200 59 "/category/giftcards" "Mozilla/4.0 (compatible; MSIE 8.0; Windows NT 5.1; Trident/4.0; BTRS122159; GTB7.2; .NET CLR 1.1.4322; .NET CLR 2.0.50727; .NET CLR 3.0.04506.30; .NET CLR 3.0.4506.2152; .NET CLR 3.5.30729; BRI/2)"
104.195.68.101 - - [17/Nov/2017:17:37:30 +0000] "GET /category/garden HTTP/1.1" 200 122 "-" "Mozilla/5.0 (Windows NT 6.1; WOW64) AppleWebKit/535.11 (KHTML, like Gecko) Chrome/17.0.963.56 Safari/535.11"
144.21.111.211 - - [17/Nov/2017:17:37:35 +0000] "GET /item/software/1323 HTTP/1.1" 200 74 "/item/finance/3479" "Mozilla/5.0 (iPhone; CPU iPhone OS 5_0_1 like Mac OS X) AppleWebKit/534.46 (KHTML, like Gecko) Version/5.1 Mobile/9A405 Safari/7534.48.3"
216.84.184.134 - - [17/Nov/2017:17:37:40 +0000] "GET /category/games HTTP/1.1" 200 44 "/category/giftcards" "Mozilla/5.0 (Windows NT 6.0; rv:10.0.1) Gecko/20100101 Firefox/10.0.1"
148.81.169.77 - - [17/Nov/2017:17:37:45 +0000] "GET /category/jewelry HTTP/1.1" 200 138 "-" "Mozilla/5.0 (Macintosh; Intel Mac OS X 10.6; rv:9.0.1) Gecko/20100101 Firefox/9.0.1"
128.27.162.45 - - [17/Nov/2017:17:37:50 +0000] "GET /category/books HTTP/1.1" 200 49 "/item/games/2751" "Mozilla/5.0 (Windows NT 6.0) AppleWebKit/535.11 (KHTML, like Gecko) Chrome/17.0.963.56 Safari/535.11"
128.123.134.69 - - [17/Nov/2017:17:37:55 +0000] "GET /category/computers?from=20 HTTP/1.1" 200 62 "/item/books/2829" "Mozilla/5.0 (compatible; MSIE 9.0; Windows NT 6.1; Trident/5.0)"
24.99.27.123 - - [17/Nov/2017:17:38:00 +0000] "GET /category/software HTTP/1.1" 200 69 "http://www.google.com/search?ie=UTF-8&q=google&sclient=psy-ab&q=Software&oq=Software&aq=f&aqi=g-vL1&aql=&pbx=1&bav=on.2,or.r_gc.r_pw.r_qf.,cf.osb&biw=4853&bih=237" "Mozilla/4.0 (compatible; MSIE 8.0; Windows NT 5.1; Trident/4.0; BTRS122159; GTB7.2; .NET CLR 1.1.4322; .NET CLR 2.0.50727; .NET CLR 3.0.04506.30; .NET CLR 3.0.4506.2152; .NET CLR 3.5.30729; BRI/2)"
120.33.154.173 - - [17/Nov/2017:17:38:05 +0000] "GET /category/garden?from=0 HTTP/1.1" 200 41 "-" "Mozilla/5.0 (Windows NT 6.0) AppleWebKit/535.11 (KHTML, like Gecko) Chrome/17.0.963.56 Safari/535.11"
156.222.94.210 - - [17/Nov/2017:17:38:10 +0000] "POST /search/?c=Software+Electronics HTTP/1.1" 200 99 "-" "Mozilla/5.0 (iPhone; CPU iPhone OS 5_0_1 like Mac OS X) AppleWebKit/534.46 (KHTML, like Gecko) Version/5.1 Mobile/9A405 Safari/7534.48.3"
208.81.168.36 - - [17/Nov/2017:17:38:15 +0000] "GET /item/garden/2308 HTTP/1.1" 200 62 "/category/books" "Mozilla/5.0 (Windows NT 6.0) AppleWebKit/535.11 (KHTML, like Gecko) Chrome/17.0.963.56 Safari/535.11"
28.201.26.192 - - [17/Nov/2017:17:38:20 +0000] "GET /category/software HTTP/1.1" 200 76 "/item/electronics/2128" "Mozilla/5.0 (Windows NT 6.1; WOW64) AppleWebKit/535.7 (KHTML, like Gecko) Chrome/16.0.912.77 Safari/535.7"
188.66.87.61 - - [17/Nov/2017:17:38:25 +0000] "GET /item/books/1440 HTTP/1.1" 200 108 "/category/software" "Mozilla/5.0 (Windows NT 6.1; WOW64; rv:10.0.1) Gecko/20100101 Firefox/10.0.1"
104.24.39.126 - - [17/Nov/2017:17:38:30 +0000] "GET /category/electronics HTTP/1.1" 200 128 "-" "Mozilla/5.0 (Windows NT 6.0; rv:10.0.1) Gecko/20100101 Firefox/10.0.1"
224.87.199.41 - - [17/Nov/2017:17:38:35 +0000] "GET /item/electronics/705 HTTP/1.1" 200 92 "-" "Mozilla/5.0 (iPhone; CPU iPhone OS 5_0_1 like Mac OS X) AppleWebKit/534.46 (KHTML, like Gecko) Version/5.1 Mobile/9A405 Safari/7534.48.3"
112.57.196.125 - - [17/Nov/2017:17:38:40 +0000] "GET /item/electronics/2001 HTTP/1.1" 200 90 "/search/?c=Electronics+Software" "Mozilla/5.0 (compatible; Googlebot/2.1; +http://www.google.com/bot.html)"
60.30.84.168 - - [17/Nov/2017:17:38:45 +0000] "GET /category/games?from=20 HTTP/1.1" 200 101 "/category/games" "Mozilla/4.0 (compatible; MSIE 8.0; Windows NT 6.1; Trident/4.0; YTB730; SLCC2; .NET CLR 2.0.50727; .NET CLR 3.5.30729; .NET CLR 3.0.30729; Media Center PC 6.0; .NET4.0C)"
20.180.93.217 - - [17/Nov/2017:17:38:50 +0000] "GET /category/software HTTP/1.1" 200 48 "/category/games" "Mozilla/4.0 (compatible; MSIE 8.0; Windows NT 5.1; Trident/4.0; YTB720; GTB7.2; .NET CLR 1.1.4322; .NET CLR 2.0.50727; .NET CLR 3.0.4506.2152; .NET CLR 3.5.30729)"
140.63.197.40 - - [17/Nov/2017:17:38:55 +0000] "GET /category/office HTTP/1.1" 200 121 "-" "Mozilla/5.0 (Windows NT 6.1; WOW64) AppleWebKit/535.7 (KHTML, like Gecko) Chrome/16.0.912.77 Safari/535.7"
200.33.165.54 - - [17/Nov/2017:17:39:00 +0000] "POST /search/?c=Jewelry+Games HTTP/1.1" 200 129 "-" "Mozilla/5.0 (Windows NT 6.0; rv:10.0.1) Gecko/20100101 Firefox/10.0.1"
32.222.29.160 - - [17/Nov/2017:17:39:05 +0000] "GET /item/electronics/2868 HTTP/1.1" 200 41 "/search/?c=Electronics+Software" "Mozilla/5.0 (Windows NT 6.1; WOW64) AppleWebKit/535.7 (KHTML, like Gecko) Chrome/16.0.912.77 Safari/535.7"
140.93.196.122 - - [17/Nov/2017:17:39:10 +0000] "GET /item/electronics/2868 HTTP/1.1" 200 41 "-" "Mozilla/4.0 (compatible; MSIE 8.0; Windows NT 5.1; Trident/4.0; YTB720; GTB7.2; .NET CLR 1.1.4322; .NET CLR 2.0.50727; .NET CLR 3.0.4506.2152; .NET CLR 3.5.30729)"
148.219.89.124 - - [17/Nov/2017:17:39:15 +0000] "GET /category/finance HTTP/1.1" 200 52 "http://www.google.com/search?ie=UTF-8&q=google&sclient=psy-ab&q=Finance+Electronics&oq=Finance+Electronics&aq=f&aqi=g-vL1&aql=&pbx=1&bav=on.2,or.r_gc.r_pw.r_qf.,cf.osb&biw=4211&bih=556" "Mozilla/5.0 (compatible; MSIE 9.0; Windows NT 6.1; WOW64; Trident/5.0)"
68.222.159.224 - - [17/Nov/2017:17:39:20 +0000] "GET /item/books/2829 HTTP/1.1" 200 80 "/item/software/1323" "Mozilla/5.0 (compatible; MSIE 9.0; Windows NT 6.1; WOW64; Trident/5.0)"
112.159.38.190 - - [17/Nov/2017:17:39:25 +0000] "GET /category/music HTTP/1.1" 200 121 "-" "Mozilla/5.0 (Windows NT 6.0; rv:10.0.1) Gecko/20100101 Firefox/10.0.1"
96.159.160.163 - - [17/Nov/2017:17:39:30 +0000] "GET /category/games HTTP/1.1" 200 107 "/item/electronics/2104" "Mozilla/5.0 (Windows NT 6.1; WOW64; rv:10.0.1) Gecko/20100101 Firefox/10.0.1"
204.75.217.225 - - [17/Nov/2017:17:39:35 +0000] "GET /category/finance HTTP/1.1" 200 52 "-" "Mozilla/4.0 (compatible; MSIE 8.0; Windows NT 6.1; Trident/4.0; YTB730; SLCC2; .NET CLR 2.0.50727; .NET CLR 3.5.30729; .NET CLR 3.0.30729; Media Center PC 6.0; .NET4.0C)"
132.60.108.133 - - [17/Nov/2017:17:39:40 +0000] "GET /category/software HTTP/1.1" 200 66 "-" "Mozilla/5.0 (compatible; MSIE 9.0; Windows NT 6.1; Trident/5.0)"
164.228.120.56 - - [17/Nov/2017:17:39:45 +0000] "GET /category/office HTTP/1.1" 200 128 "http://www.google.com/search?ie=UTF-8&q=google&sclient=psy-ab&q=Office&oq=Office&aq=f&aqi=g-vL1&aql=&pbx=1&bav=on.2,or.r_gc.r_pw.r_qf.,cf.osb&biw=3716&bih=45" "Mozilla/5.0 (compatible; Googlebot/2.1; +http://www.google.com/bot.html)"
32.39.91.121 - - [17/Nov/2017:17:39:50 +0000] "GET /category/networking HTTP/1.1" 200 94 "-" "Mozilla/5.0 (Windows NT 6.0) AppleWebKit/535.11 (KHTML, like Gecko) Chrome/17.0.963.56 Safari/535.11"
88.99.48.102 - - [17/Nov/2017:17:39:55 +0000] "GET /item/games/526 HTTP/1.1" 200 104 "/category/games" "Mozilla/5.0 (Macintosh; Intel Mac OS X 10.6; rv:9.0.1) Gecko/20100101 Firefox/9.0.1"
168.99.27.181 - - [17/Nov/2017:17:40:00 +0000] "GET /category/software HTTP/1.1" 200 43 "http://www.google.com/search?ie=UTF-8&q=google&sclient=psy-ab&q=Software&oq=Software&aq=f&aqi=g-vL1&aql=&pbx=1&bav=on.2,or.r_gc.r_pw.r_qf.,cf.osb&biw=4976&bih=299" "Mozilla/5.0 (compatible; MSIE 9.0; Windows NT 6.1; Trident/5.0)"
116.36.140.116 - - [17/Nov/2017:17:40:05 +0000] "GET /item/electronics/681 HTTP/1.1" 200 64 "-" "Mozilla/5.0 (Windows NT 6.0; rv:10.0.1) Gecko/20100101 Firefox/10.0.1"
152.63.117.36 - - [17/Nov/2017:17:40:10 +0000] "GET /item/electronics/2595 HTTP/1.1" 200 59 "http://www.google.com/search?ie=UTF-8&q=google&sclient=psy-ab&q=Electronics&oq=Electronics&aq=f&aqi=g-vL1&aql=&pbx=1&bav=on.2,or.r_gc.r_pw.r_qf.,cf.osb&biw=4623&bih=403" "Mozilla/5.0 (Windows NT 6.1; WOW64) AppleWebKit/535.11 (KHTML, like Gecko) Chrome/17.0.963.56 Safari/535.11"
80.45.209.74 - - [17/Nov/2017:17:40:15 +0000] "POST /search/?c=Music+Music HTTP/1.1" 200 119 "-" "Mozilla/4.0 (compatible; MSIE 8.0; Windows NT 5.1; Trident/4.0; BTRS122159; GTB7.2; .NET CLR 1.1.4322; .NET CLR 2.0.50727; .NET CLR 3.0.04506.30; .NET CLR 3.0.4506.2152; .NET CLR 3.5.30729; BRI/2)"
124.207.71.32 - - [17/Nov/2017:17:40:20 +0000] "GET /category/garden HTTP/1.1" 200 122 "-" "Mozilla/4.0 (compatible; MSIE 8.0; Windows NT 6.1; WOW64; Trident/4.0; YTB730; GTB7.2; EasyBits GO v1.0; SLCC2; .NET CLR 2.0.50727; .NET CLR 3.5.30729; .NET CLR 3.0.30729; Media Center PC 6.0; .NET4.0C)"
116.189.197.54 - - [17/Nov/2017:17:40:25 +0000] "GET /item/games/2694 HTTP/1.1" 200 90 "/category/games" "Mozilla/4.0 (compatible; MSIE 8.0; Windows NT 6.0; WOW64; Trident/4.0; GTB6; SLCC1; .NET CLR 2.0.50727; Media Center PC 5.0; .NET CLR 3.5.30729; .NET CLR 3.0.30618; .NET4.0C)"
216.129.86.169 - - [17/Nov/2017:17:40:30 +0000] "GET /category/books HTTP/1.1" 200 40 "/search/?c=Finance+Books" "Mozilla/5.0 (compatible; MSIE 9.0; Windows NT 6.1; WOW64; Trident/5.0)"
160.78.146.93 - - [17/Nov/2017:17:40:35 +0000] "POST /search/?c=Software+Software HTTP/1.1" 200 114 "-" "Mozilla/5.0 (compatible; Googlebot/2.1; +http://www.google.com/bot.html)"
192.228.50.109 - - [17/Nov/2017:17:40:40 +0000] "POST /search/?c=Music HTTP/1.1" 200 44 "-" "Mozilla/5.0 (Windows NT 6.1; WOW64) AppleWebKit/535.11 (KHTML, like Gecko) Chrome/17.0.963.56 Safari/535.11"
148.84.20.175 - - [17/Nov/2017:17:40:45 +0000] "GET /category/jewelry?from=20 HTTP/1.1" 200 107 "/category/software?from=20" "Mozilla/5.0 (compatible; MSIE 9.0; Windows NT 6.1; WOW64; Trident/5.0)"
68.24.152.91 - - [17/Nov/2017:17:40:50 +0000] "GET /item/garden/348 HTTP/1.1" 200 50 "/category/electronics" "Mozilla/5.0 (Windows NT 6.0; rv:10.0.1) Gecko/20100101 Firefox/10.0.1"
192.228.189.65 - - [17/Nov/2017:17:40:55 +0000] "GET /category/electronics HTTP/1.1" 200 115 "/category/games" "Mozilla/5.0 (Windows NT 6.0; rv:10.0.1) Gecko/20100101 Firefox/10.0.1"
168.210.175.118 - - [17/Nov/2017:17:41:00 +0000] "GET /category/garden HTTP/1.1" 200 135 "http://www.google.com/search?ie=UTF-8&q=google&sclient=psy-ab&q=Garden+Electronics&oq=Garden+Electronics&aq=f&aqi=g-vL1&aql=&pbx=1&bav=on.2,or.r_gc.r_pw.r_qf.,cf.osb&biw=1389&bih=549" "Mozilla/5.0 (compatible; MSIE 9.0; Windows NT 6.1; WOW64; Trident/5.0)"
116.99.75.204 - - [17/Nov/2017:17:41:05 +0000] "GET /category/office HTTP/1.1" 200 57 "-" "Mozilla/5.0 (Windows NT 6.0; rv:10.0.1) Gecko/20100101 Firefox/10.0.1"
168.108.147.195 - - [17/Nov/2017:17:41:10 +0000] "POST /search/?c=Giftcards+Games HTTP/1.1" 200 116 "/category/games" "Mozilla/5.0 (Windows NT 6.0; rv:10.0.1) Gecko/20100101 Firefox/10.0.1"
172.108.215.191 - - [17/Nov/2017:17:41:15 +0000] "GET /category/electronics HTTP/1.1" 200 115 "-" "Mozilla/5.0 (Windows NT 6.1; WOW64) AppleWebKit/535.11 (KHTML, like Gecko) Chrome/17.0.963.56 Safari/535.11"
104.141.83.168 - - [17/Nov/2017:17:41:20 +0000] "GET /category/music HTTP/1.1" 200 44 "-" "Mozilla/5.0 (Windows NT 6.0) AppleWebKit/535.11 (KHTML, like Gecko) Chrome/17.0.963.56 Safari/535.11"
128.159.112.128 - - [17/Nov/2017:17:41:25 +0000] "GET /category/networking HTTP/1.1" 200 83 "-" "Mozilla/5.0 (Windows NT 5.1) AppleWebKit/535.11 (KHTML, like Gecko) Chrome/17.0.963.46 Safari/535.11"
116.153.59.162 - - [17/Nov/2017:17:41:30 +0000] "GET /category/electronics HTTP/1.1" 200 99 "-" "Mozilla/5.0 (Windows NT 6.0; rv:10.0.1) Gecko/20100101 Firefox/10.0.1"
204.147.33.196 - - [17/Nov/2017:17:41:35 +0000] "GET /item/books/3487 HTTP/1.1" 200 92 "-" "Mozilla/5.0 (Windows NT 6.1; WOW64) AppleWebKit/535.11 (KHTML, like Gecko) Chrome/17.0.963.56 Safari/535.11"
76.168.181.34 - - [17/Nov/2017:17:41:40 +0000] "POST /search/?c=Garden+Electronics HTTP/1.1" 200 101 "/category/software" "Mozilla/5.0 (compatible; Googlebot/2.1; +http://www.google.com/bot.html)"
28.156.128.90 - - [17/Nov/2017:17:41:45 +0000] "GET /category/books HTTP/1.1" 200 129 "/category/networking" "Mozilla/4.0 (compatible; MSIE 8.0; Windows NT 6.1; WOW64; Trident/4.0; GTB7.2; SLCC2; .NET CLR 2.0.50727; .NET CLR 3.5.30729; .NET CLR 3.0.30729; Media Center PC 6.0; .NET4.0C)"
100.54.117.195 - - [17/Nov/2017:17:41:50 +0000] "GET /item/software/2724 HTTP/1.1" 200 123 "/item/electronics/2001" "Mozilla/5.0 (Windows NT 6.1; WOW64) AppleWebKit/535.7 (KHTML, like Gecko) Chrome/16.0.912.77 Safari/535.7"
92.150.116.137 - - [17/Nov/2017:17:41:55 +0000] "GET /item/jewelry/428 HTTP/1.1" 200 53 "/category/software" "Mozilla/5.0 (Macintosh; Intel Mac OS X 10.6; rv:9.0.1) Gecko/20100101 Firefox/9.0.1"
116.123.101.195 - - [17/Nov/2017:17:42:00 +0000] "POST /search/?c=Games HTTP/1.1" 200 73 "/item/giftcards/1476" "Mozilla/4.0 (compatible; MSIE 8.0; Windows NT 6.1; WOW64; Trident/4.0; YTB730; GTB7.2; SLCC2; .NET CLR 2.0.50727; .NET CLR 3.5.30729; .NET CLR 3.0.30729; .NET4.0C; .NET4.0E; Media Center PC 6.0)"
104.45.160.209 - - [17/Nov/2017:17:42:05 +0000] "GET /item/books/3101 HTTP/1.1" 200 61 "/item/software/155" "Mozilla/5.0 (compatible; Googlebot/2.1; +http://www.google.com/bot.html)"
100.195.21.152 - - [17/Nov/2017:17:42:10 +0000] "GET /item/electronics/670 HTTP/1.1" 200 66 "/search/?c=Toys+Toys" "Mozilla/4.0 (compatible; MSIE 8.0; Windows NT 6.1; Trident/4.0; YTB730; SLCC2; .NET CLR 2.0.50727; .NET CLR 3.5.30729; .NET CLR 3.0.30729; Media Center PC 6.0; .NET4.0C)"
204.117.20.72 - - [17/Nov/2017:17:42:15 +0000] "GET /item/garden/957 HTTP/1.1" 200 106 "/item/software/2490" "Mozilla/5.0 (Windows NT 6.0; rv:10.0.1) Gecko/20100101 Firefox/10.0.1"
136.222.62.176 - - [17/Nov/2017:17:42:20 +0000] "GET /category/jewelry HTTP/1.1" 200 40 "/item/software/4933" "Mozilla/5.0 (Windows NT 6.0; rv:10.0.1) Gecko/20100101 Firefox/10.0.1"
60.54.88.65 - - [17/Nov/2017:17:42:25 +0000] "GET /category/electronics HTTP/1.1" 200 43 "/category/office?from=0" "Mozilla/5.0 (Windows NT 6.1; WOW64) AppleWebKit/535.11 (KHTML, like Gecko) Chrome/17.0.963.56 Safari/535.11"
184.156.203.71 - - [17/Nov/2017:17:42:30 +0000] "POST /search/?c=Garden HTTP/1.1" 200 44 "-" "Mozilla/5.0 (Windows NT 6.0; rv:10.0.1) Gecko/20100101 Firefox/10.0.1"
88.228.108.129 - - [17/Nov/2017:17:42:35 +0000] "GET /category/jewelry HTTP/1.1" 200 40 "/category/games?from=0" "Mozilla/4.0 (compatible; MSIE 8.0; Windows NT 6.1; WOW64; Trident/4.0; GTB7.2; SLCC2; .NET CLR 2.0.50727; .NET CLR 3.5.30729; .NET CLR 3.0.30729; Media Center PC 6.0; .NET4.0C)"
60.123.150.225 - - [17/Nov/2017:17:42:40 +0000] "POST /search/?c=Software HTTP/1.1" 200 126 "/item/games/3164" "Mozilla/4.0 (compatible; MSIE 8.0; Windows NT 5.1; Trident/4.0; BTRS122159; GTB7.2; .NET CLR 1.1.4322; .NET CLR 2.0.50727; .NET CLR 3.0.04506.30; .NET CLR 3.0.4506.2152; .NET CLR 3.5.30729; BRI/2)"
36.24.74.155 - - [17/Nov/2017:17:42:45 +0000] "GET /category/games HTTP/1.1" 200 101 "-" "Mozilla/5.0 (Macintosh; Intel Mac OS X 10.6; rv:9.0.1) Gecko/20100101 Firefox/9.0.1"
128.54.131.218 - - [17/Nov/2017:17:42:50 +0000] "GET /category/electronics HTTP/1.1" 200 93 "-" "Mozilla/5.0 (Windows NT 6.1; WOW64) AppleWebKit/535.11 (KHTML, like Gecko) Chrome/17.0.963.56 Safari/535.11"
148.21.130.45 - - [17/Nov/2017:17:42:55 +0000] "GET /item/health/4027 HTTP/1.1" 200 58 "-" "Mozilla/4.0 (compatible; MSIE 8.0; Windows NT 5.1; Trident/4.0; BTRS122159; GTB7.2; .NET CLR 1.1.4322; .NET CLR 2.0.50727; .NET CLR 3.0.04506.30; .NET CLR 3.0.4506.2152; .NET CLR 3.5.30729; BRI/2)"
84.189.117.50 - - [17/Nov/2017:17:43:00 +0000] "GET /item/electronics/3410 HTTP/1.1" 200 123 "-" "Mozilla/5.0 (Macintosh; Intel Mac OS X 10.6; rv:9.0.1) Gecko/20100101 Firefox/9.0.1"
24.138.192.196 - - [17/Nov/2017:17:43:05 +0000] "GET /category/jewelry HTTP/1.1" 200 114 "/category/software" "Mozilla/5.0 (Windows NT 6.1; WOW64; rv:10.0.1) Gecko/20100101 Firefox/10.0.1"
224.69.88.152 - - [17/Nov/2017:17:43:10 +0000] "GET /category/books HTTP/1.1" 200 48 "http://www.google.com/search?ie=UTF-8&q=google&sclient=psy-ab&q=Books&oq=Books&aq=f&aqi=g-vL1&aql=&pbx=1&bav=on.2,or.r_gc.r_pw.r_qf.,cf.osb&biw=2689&bih=219" "Mozilla/5.0 (Macintosh; Intel Mac OS X 10.6; rv:9.0.1) Gecko/20100101 Firefox/9.0.1"
216.219.89.75 - - [17/Nov/2017:17:43:15 +0000] "POST /search/?c=Cameras HTTP/1.1" 200 132 "/category/books" "Mozilla/5.0 (compatible; MSIE 9.0; Windows NT 6.1; WOW64; Trident/5.0)"
116.39.203.186 - - [17/Nov/2017:17:43:20 +0000] "GET /item/electronics/106 HTTP/1.1" 200 50 "/category/electronics" "Mozilla/5.0 (compatible; MSIE 9.0; Windows NT 6.1; WOW64; Trident/5.0)"
140.120.88.217 - - [17/Nov/2017:17:43:25 +0000] "GET /category/music HTTP/1.1" 200 95 "-" "Mozilla/5.0 (Windows NT 6.0; rv:10.0.1) Gecko/20100101 Firefox/10.0.1"
168.99.27.181 - - [17/Nov/2017:17:43:30 +0000] "GET /category/garden HTTP/1.1" 200 114 "/category/networking" "Mozilla/5.0 (Macintosh; Intel Mac OS X 10.6; rv:9.0.1) Gecko/20100101 Firefox/9.0.1"
164.219.67.33 - - [17/Nov/2017:17:43:35 +0000] "GET /item/networking/3979 HTTP/1.1" 200 66 "-" "Mozilla/4.0 (compatible; MSIE 8.0; Windows NT 6.1; WOW64; Trident/4.0; YTB730; GTB7.2; EasyBits GO v1.0; SLCC2; .NET CLR 2.0.50727; .NET CLR 3.5.30729; .NET CLR 3.0.30729; Media Center PC 6.0; .NET4.0C)"
116.99.75.204 - - [17/Nov/2017:17:43:40 +0000] "GET /category/software HTTP/1.1" 200 128 "/category/sports" "Mozilla/5.0 (Windows NT 6.1; WOW64) AppleWebKit/535.11 (KHTML, like Gecko) Chrome/17.0.963.56 Safari/535.11"
112.159.38.190 - - [17/Nov/2017:17:43:45 +0000] "GET /category/books?from=20 HTTP/1.1" 200 86 "-" "Mozilla/5.0 (Windows NT 6.0; rv:10.0.1) Gecko/20100101 Firefox/10.0.1"
72.114.161.169 - - [17/Nov/2017:17:43:50 +0000] "GET /category/finance HTTP/1.1" 200 71 "-" "Mozilla/5.0 (iPad; CPU OS 5_0_1 like Mac OS X) AppleWebKit/534.46 (KHTML, like Gecko) Version/5.1 Mobile/9A405 Safari/7534.48.3"
220.30.157.208 - - [17/Nov/2017:17:43:55 +0000] "GET /category/jewelry HTTP/1.1" 200 73 "/category/electronics" "Mozilla/5.0 (Windows NT 6.1; WOW64) AppleWebKit/535.11 (KHTML, like Gecko) Chrome/17.0.963.56 Safari/535.11"
196.69.125.183 - - [17/Nov/2017:17:44:00 +0000] "GET /item/finance/4175 HTTP/1.1" 200 42 "/category/sports" "Mozilla/5.0 (iPad; CPU OS 5_0_1 like Mac OS X) AppleWebKit/534.46 (KHTML, like Gecko) Version/5.1 Mobile/9A405 Safari/7534.48.3"
208.54.69.174 - - [17/Nov/2017:17:44:05 +0000] "GET /item/giftcards/3622 HTTP/1.1" 200 59 "/category/software?from=0" "Mozilla/5.0 (Windows NT 6.1; WOW64) AppleWebKit/535.7 (KHTML, like Gecko) Chrome/16.0.912.77 Safari/535.7"
216.129.164.166 - - [17/Nov/2017:17:44:10 +0000] "GET /category/games HTTP/1.1" 200 133 "/search/?c=Office" "Mozilla/5.0 (Windows NT 6.1; WOW64) AppleWebKit/535.7 (KHTML, like Gecko) Chrome/16.0.912.77 Safari/535.7"
128.222.178.102 - - [17/Nov/2017:17:44:15 +0000] "GET /category/games HTTP/1.1" 200 91 "/category/cameras" "Mozilla/5.0 (Windows NT 6.0; rv:10.0.1) Gecko/20100101 Firefox/10.0.1"
116.36.140.116 - - [17/Nov/2017:17:44:20 +0000] "GET /item/office/564 HTTP/1.1" 200 125 "http://www.google.com/search?ie=UTF-8&q=google&sclient=psy-ab&q=Office+Electronics&oq=Office+Electronics&aq=f&aqi=g-vL1&aql=&pbx=1&bav=on.2,or.r_gc.r_pw.r_qf.,cf.osb&biw=1500&bih=587" "Mozilla/5.0 (compatible; MSIE 9.0; Windows NT 6.1; WOW64; Trident/5.0)"
32.30.60.100 - - [17/Nov/2017:17:44:25 +0000] "GET /item/giftcards/3622 HTTP/1.1" 200 59 "http://www.google.com/search?ie=UTF-8&q=google&sclient=psy-ab&q=Giftcards+Office&oq=Giftcards+Office&aq=f&aqi=g-vL1&aql=&pbx=1&bav=on.2,or.r_gc.r_pw.r_qf.,cf.osb&biw=2048&bih=175" "Mozilla/5.0 (Macintosh; Intel Mac OS X 10.6; rv:9.0.1) Gecko/20100101 Firefox/9.0.1"
148.213.116.158 - - [17/Nov/2017:17:44:30 +0000] "GET /item/electronics/3162 HTTP/1.1" 200 71 "-" "Mozilla/5.0 (compatible; Googlebot/2.1; +http://www.google.com/bot.html)"
176.228.179.33 - - [17/Nov/2017:17:44:35 +0000] "GET /category/electronics HTTP/1.1" 200 72 "/item/finance/2915" "Mozilla/5.0 (Macintosh; Intel Mac OS X 10.6; rv:9.0.1) Gecko/20100101 Firefox/9.0.1"
136.108.176.209 - - [17/Nov/2017:17:44:40 +0000] "GET /category/software HTTP/1.1" 200 43 "/category/electronics" "Mozilla/5.0 (Windows NT 6.0; rv:10.0.1) Gecko/20100101 Firefox/10.0.1"
176.27.101.193 - - [17/Nov/2017:17:44:45 +0000] "GET /category/garden HTTP/1.1" 200 97 "/category/computers" "Mozilla/5.0 (Macintosh; Intel Mac OS X 10.6; rv:9.0.1) Gecko/20100101 Firefox/9.0.1"
36.180.97.199 - - [17/Nov/2017:17:44:50 +0000] "GET /item/electronics/1195 HTTP/1.1" 200 46 "-" "Mozilla/5.0 (iPhone; CPU iPhone OS 5_0_1 like Mac OS X) AppleWebKit/534.46 (KHTML, like Gecko) Version/5.1 Mobile/9A405 Safari/7534.48.3"
152.72.100.218 - - [17/Nov/2017:17:44:55 +0000] "GET /item/software/3586 HTTP/1.1" 200 111 "/category/books" "Mozilla/5.0 (Windows NT 6.1; WOW64) AppleWebKit/535.11 (KHTML, like Gecko) Chrome/17.0.963.56 Safari/535.11"
172.165.66.62 - - [17/Nov/2017:17:45:00 +0000] "GET /category/games HTTP/1.1" 200 137 "-" "Mozilla/5.0 (Windows NT 6.0; rv:10.0.1) Gecko/20100101 Firefox/10.0.1"
196.180.153.197 - - [17/Nov/2017:17:45:05 +0000] "GET /category/cameras?from=0 HTTP/1.1" 200 139 "/category/garden" "Mozilla/5.0 (Windows NT 6.1; WOW64; rv:10.0.1) Gecko/20100101 Firefox/10.0.1"
136.72.86.184 - - [17/Nov/2017:17:45:10 +0000] "GET /category/electronics HTTP/1.1" 200 82 "/item/giftcards/2757" "Mozilla/5.0 (Windows NT 6.0; rv:10.0.1) Gecko/20100101 Firefox/10.0.1"
76.183.228.91 - - [17/Nov/2017:17:45:15 +0000] "GET /item/finance/4688 HTTP/1.1" 200 96 "-" "Mozilla/4.0 (compatible; MSIE 8.0; Windows NT 5.1; Trident/4.0; BTRS122159; GTB7.2; .NET CLR 1.1.4322; .NET CLR 2.0.50727; .NET CLR 3.0.04506.30; .NET CLR 3.0.4506.2152; .NET CLR 3.5.30729; BRI/2)"
168.156.229.181 - - [17/Nov/2017:17:45:20 +0000] "POST /search/?c=Toys+Games HTTP/1.1" 200 92 "-" "Mozilla/4.0 (compatible; MSIE 8.0; Windows NT 6.1; Trident/4.0; YTB730; SLCC2; .NET CLR 2.0.50727; .NET CLR 3.5.30729; .NET CLR 3.0.30729; Media Center PC 6.0; .NET4.0C)"
212.219.108.195 - - [17/Nov/2017:17:45:25 +0000] "GET /category/sports HTTP/1.1" 200 48 "-" "Mozilla/5.0 (Windows NT 6.1; WOW64) AppleWebKit/535.7 (KHTML, like Gecko) Chrome/16.0.912.77 Safari/535.7"
140.93.196.122 - - [17/Nov/2017:17:45:30 +0000] "POST /search/?c=Cameras+Office HTTP/1.1" 200 71 "/category/electronics" "Mozilla/5.0 (Windows NT 6.1; WOW64) AppleWebKit/535.11 (KHTML, like Gecko) Chrome/17.0.963.56 Safari/535.11"
36.213.156.170 - - [17/Nov/2017:17:45:35 +0000] "GET /item/giftcards/3907 HTTP/1.1" 200 93 "/category/electronics" "Mozilla/5.0 (compatible; MSIE 9.0; Windows NT 6.1; WOW64; Trident/5.0)"
196.24.211.196 - - [17/Nov/2017:17:45:40 +0000] "GET /category/electronics HTTP/1.1" 200 104 "/item/toys/4220" "Mozilla/5.0 (Windows NT 5.1) AppleWebKit/535.11 (KHTML, like Gecko) Chrome/17.0.963.46 Safari/535.11"
72.114.161.169 - - [17/Nov/2017:17:45:45 +0000] "GET /item/books/2829 HTTP/1.1" 200 80 "/item/networking/3979" "Mozilla/5.0 (Windows NT 6.0) AppleWebKit/535.11 (KHTML, like Gecko) Chrome/17.0.963.56 Safari/535.11"
164.63.57.53 - - [17/Nov/2017:17:45:50 +0000] "POST /search/?c=Electronics+Software HTTP/1.1" 200 67 "/category/software?from=0" "Mozilla/4.0 (compatible; MSIE 8.0; Windows NT 6.1; WOW64; Trident/4.0; YTB730; GTB7.2; SLCC2; .NET CLR 2.0.50727; .NET CLR 3.5.30729; .NET CLR 3.0.30729; .NET4.0C; .NET4.0E; Media Center PC 6.0)"
188.213.129.190 - - [17/Nov/2017:17:45:55 +0000] "GET /category/software HTTP/1.1" 200 109 "/item/electronics/1679" "Mozilla/5.0 (Windows NT 6.1; WOW64) AppleWebKit/535.7 (KHTML, like Gecko) Chrome/16.0.912.77 Safari/535.7"
140.57.182.120 - - [17/Nov/2017:17:46:00 +0000] "GET /category/software HTTP/1.1" 200 94 "-" "Mozilla/5.0 (Windows NT 6.0) AppleWebKit/535.11 (KHTML, like Gecko) Chrome/17.0.963.56 Safari/535.11"
168.69.212.143 - - [17/Nov/2017:17:46:05 +0000] "GET /category/jewelry HTTP/1.1" 200 116 "/item/giftcards/202" "Mozilla/5.0 (compatible; MSIE 9.0; Windows NT 6.1; Trident/5.0)"
140.72.79.22 - - [17/Nov/2017:17:46:10 +0000] "POST /search/?c=Toys+Toys HTTP/1.1" 200 69 "/search/?c=Finance+Books" "Mozilla/5.0 (Windows NT 6.1; WOW64; rv:10.0.1) Gecko/20100101 Firefox/10.0.1"
44.123.149.113 - - [17/Nov/2017:17:46:15 +0000] "GET /category/health?from=10 HTTP/1.1" 200 124 "/category/electronics" "Mozilla/5.0 (iPad; CPU OS 5_0_1 like Mac OS X) AppleWebKit/534.46 (KHTML, like Gecko) Version/5.1 Mobile/9A405 Safari/7534.48.3"
116.60.150.29 - - [17/Nov/2017:17:46:20 +0000] "GET /category/electronics HTTP/1.1" 200 83 "/category/health" "Mozilla/4.0 (compatible; MSIE 8.0; Windows NT 5.1; Trident/4.0; YTB720; GTB7.2; .NET CLR 1.1.4322; .NET CLR 2.0.50727; .NET CLR 3.0.4506.2152; .NET CLR 3.5.30729)"
184.93.57.135 - - [17/Nov/2017:17:46:25 +0000] "GET /category/games HTTP/1.1" 200 133 "/category/electronics" "Mozilla/5.0 (compatible; Googlebot/2.1; +http://www.google.com/bot.html)"
188.54.62.28 - - [17/Nov/2017:17:46:30 +0000] "GET /item/office/2855 HTTP/1.1" 200 52 "/category/electronics" "Mozilla/4.0 (compatible; MSIE 8.0; Windows NT 6.0; WOW64; Trident/4.0; GTB6; SLCC1; .NET CLR 2.0.50727; Media Center PC 5.0; .NET CLR 3.5.30729; .NET CLR 3.0.30618; .NET4.0C)"
168.60.103.103 - - [17/Nov/2017:17:46:35 +0000] "GET /item/books/515 HTTP/1.1" 200 124 "http://www.google.com/search?ie=UTF-8&q=google&sclient=psy-ab&q=Books+Finance&oq=Books+Finance&aq=f&aqi=g-vL1&aql=&pbx=1&bav=on.2,or.r_gc.r_pw.r_qf.,cf.osb&biw=2076&bih=486" "Mozilla/5.0 (iPhone; CPU iPhone OS 5_0_1 like Mac OS X) AppleWebKit/534.46 (KHTML, like Gecko) Version/5.1 Mobile/9A405 Safari/7534.48.3"
72.156.55.140 - - [17/Nov/2017:17:46:40 +0000] "GET /category/electronics HTTP/1.1" 200 108 "/category/games" "Mozilla/4.0 (compatible; MSIE 8.0; Windows NT 5.1; Trident/4.0; YTB720; GTB7.2; .NET CLR 1.1.4322; .NET CLR 2.0.50727; .NET CLR 3.0.4506.2152; .NET CLR 3.5.30729)"
92.36.35.38 - - [17/Nov/2017:17:46:45 +0000] "GET /category/garden HTTP/1.1" 200 138 "-" "Mozilla/4.0 (compatible; MSIE 8.0; Windows NT 6.1; WOW64; Trident/4.0; GTB7.2; SLCC2; .NET CLR 2.0.50727; .NET CLR 3.5.30729; .NET CLR 3.0.30729; Media Center PC 6.0; .NET4.0C)"
188.78.192.171 - - [17/Nov/2017:17:46:50 +0000] "GET /category/toys HTTP/1.1" 200 40 "-" "Mozilla/5.0 (Windows NT 6.1; WOW64) AppleWebKit/535.11 (KHTML, like Gecko) Chrome/17.0.963.56 Safari/535.11"
40.21.219.95 - - [17/Nov/2017:17:46:55 +0000] "GET /item/books/4322 HTTP/1.1" 200 44 "/search/?c=Books+Books" "Mozilla/5.0 (compatible; MSIE 9.0; Windows NT 6.1; WOW64; Trident/5.0)"
164.207.101.92 - - [17/Nov/2017:17:47:00 +0000] "GET /category/games HTTP/1.1" 200 50 "/item/office/564" "Mozilla/5.0 (Windows NT 6.1; WOW64) AppleWebKit/535.11 (KHTML, like Gecko) Chrome/17.0.963.56 Safari/535.11"
116.60.31.130 - - [17/Nov/2017:17:47:05 +0000] "GET /category/software HTTP/1.1" 200 72 "-" "Mozilla/5.0 (Windows NT 6.0; rv:10.0.1) Gecko/20100101 Firefox/10.0.1"
196.96.50.86 - - [17/Nov/2017:17:47:10 +0000] "GET /item/software/2 HTTP/1.1" 200 139 "http://www.google.com/search?ie=UTF-8&q=google&sclient=psy-ab&q=Software&oq=Software&aq=f&aqi=g-vL1&aql=&pbx=1&bav=on.2,or.r_gc.r_pw.r_qf.,cf.osb&biw=4358&bih=387" "Mozilla/5.0 (Windows NT 6.0) AppleWebKit/535.11 (KHTML, like Gecko) Chrome/17.0.963.56 Safari/535.11"
76.153.22.87 - - [17/Nov/2017:17:47:15 +0000] "GET /category/books?from=20 HTTP/1.1" 200 86 "/category/software" "Mozilla/5.0 (Windows NT 6.1; WOW64) AppleWebKit/535.7 (KHTML, like Gecko) Chrome/16.0.912.77 Safari/535.7"
44.198.69.129 - - [17/Nov/2017:17:47:20 +0000] "GET /item/networking/4696 HTTP/1.1" 200 138 "/item/electronics/3882" "Mozilla/5.0 (Windows NT 6.1; WOW64; rv:10.0.1) Gecko/20100101 Firefox/10.0.1"
100.21.56.172 - - [17/Nov/2017:17:47:25 +0000] "GET /category/software HTTP/1.1" 200 123 "-" "Mozilla/5.0 (compatible; MSIE 9.0; Windows NT 6.1; WOW64; Trident/5.0)"
144.162.184.30 - - [17/Nov/2017:17:47:30 +0000] "GET /category/electronics HTTP/1.1" 200 62 "-" "Mozilla/5.0 (Windows NT 6.1; WOW64) AppleWebKit/535.7 (KHTML, like Gecko) Chrome/16.0.912.77 Safari/535.7"
220.222.196.154 - - [17/Nov/2017:17:47:35 +0000] "GET /category/giftcards?from=0 HTTP/1.1" 200 81 "/search/?c=Giftcards" "Mozilla/5.0 (compatible; Googlebot/2.1; +http://www.google.com/bot.html)"
196.57.135.222 - - [17/Nov/2017:17:47:40 +0000] "GET /category/software HTTP/1.1" 200 70 "-" "Mozilla/4.0 (compatible; MSIE 8.0; Windows NT 6.0; WOW64; Trident/4.0; GTB6; SLCC1; .NET CLR 2.0.50727; Media Center PC 5.0; .NET CLR 3.5.30729; .NET CLR 3.0.30618; .NET4.0C)"
52.93.144.151 - - [17/Nov/2017:17:47:45 +0000] "GET /category/finance?from=20 HTTP/1.1" 200 116 "/category/cameras" "Mozilla/4.0 (compatible; MSIE 8.0; Windows NT 6.0; WOW64; Trident/4.0; GTB6; SLCC1; .NET CLR 2.0.50727; Media Center PC 5.0; .NET CLR 3.5.30729; .NET CLR 3.0.30618; .NET4.0C)"
180.114.21.38 - - [17/Nov/2017:17:47:50 +0000] "GET /item/toys/3901 HTTP/1.1" 200 122 "/category/toys" "Mozilla/5.0 (iPhone; CPU iPhone OS 5_0_1 like Mac OS X) AppleWebKit/534.46 (KHTML, like Gecko) Version/5.1 Mobile/9A405 Safari/7534.48.3"
136.72.86.184 - - [17/Nov/2017:17:47:55 +0000] "GET /item/networking/322 HTTP/1.1" 200 86 "/item/games/3491" "Mozilla/5.0 (Windows NT 6.0; rv:10.0.1) Gecko/20100101 Firefox/10.0.1"
80.63.29.149 - - [17/Nov/2017:17:48:00 +0000] "GET /category/sports HTTP/1.1" 200 137 "-" "Mozilla/5.0 (Windows NT 6.1; WOW64) AppleWebKit/535.7 (KHTML, like Gecko) Chrome/16.0.912.77 Safari/535.7"
144.129.128.24 - - [17/Nov/2017:17:48:05 +0000] "GET /item/books/570 HTTP/1.1" 200 92 "/item/finance/2872" "Mozilla/4.0 (compatible; MSIE 8.0; Windows NT 6.1; WOW64; Trident/4.0; YTB730; GTB7.2; SLCC2; .NET CLR 2.0.50727; .NET CLR 3.5.30729; .NET CLR 3.0.30729; .NET4.0C; .NET4.0E; Media Center PC 6.0)"
148.198.144.149 - - [17/Nov/2017:17:48:10 +0000] "GET /category/finance HTTP/1.1" 200 46 "-" "Mozilla/4.0 (compatible; MSIE 8.0; Windows NT 6.1; WOW64; Trident/4.0; YTB730; GTB7.2; EasyBits GO v1.0; SLCC2; .NET CLR 2.0.50727; .NET CLR 3.5.30729; .NET CLR 3.0.30729; Media Center PC 6.0; .NET4.0C)"
28.96.205.110 - - [17/Nov/2017:17:48:15 +0000] "GET /category/software HTTP/1.1" 200 109 "-" "Mozilla/4.0 (compatible; MSIE 8.0; Windows NT 5.1; Trident/4.0; BTRS122159; GTB7.2; .NET CLR 1.1.4322; .NET CLR 2.0.50727; .NET CLR 3.0.04506.30; .NET CLR 3.0.4506.2152; .NET CLR 3.5.30729; BRI/2)"
140.75.187.67 - - [17/Nov/2017:17:48:20 +0000] "GET /category/books HTTP/1.1" 200 129 "/category/electronics?from=0" "Mozilla/5.0 (compatible; MSIE 9.0; Windows NT 6.1; WOW64; Trident/5.0)"
36.219.202.185 - - [17/Nov/2017:17:48:25 +0000] "GET /item/office/1867 HTTP/1.1" 200 83 "/search/?c=Office+Office" "Mozilla/5.0 (Windows NT 6.0) AppleWebKit/535.11 (KHTML, like Gecko) Chrome/17.0.963.56 Safari/535.11"
84.117.161.61 - - [17/Nov/2017:17:48:30 +0000] "GET /item/books/4362 HTTP/1.1" 200 42 "-" "Mozilla/4.0 (compatible; MSIE 8.0; Windows NT 5.1; Trident/4.0; BTRS122159; GTB7.2; .NET CLR 1.1.4322; .NET CLR 2.0.50727; .NET CLR 3.0.04506.30; .NET CLR 3.0.4506.2152; .NET CLR 3.5.30729; BRI/2)"
192.36.167.103 - - [17/Nov/2017:17:48:35 +0000] "GET /item/games/3254 HTTP/1.1" 200 41 "/category/books" "Mozilla/4.0 (compatible; MSIE 8.0; Windows NT 6.1; WOW64; Trident/4.0; YTB730; GTB7.2; SLCC2; .NET CLR 2.0.50727; .NET CLR 3.5.30729; .NET CLR 3.0.30729; .NET4.0C; .NET4.0E; Media Center PC 6.0)"
36.183.156.215 - - [17/Nov/2017:17:48:40 +0000] "GET /category/electronics HTTP/1.1" 200 101 "-" "Mozilla/5.0 (Windows NT 6.0; rv:10.0.1) Gecko/20100101 Firefox/10.0.1"
76.138.226.38 - - [17/Nov/2017:17:48:45 +0000] "GET /category/computers HTTP/1.1" 200 131 "-" "Mozilla/4.0 (compatible; MSIE 8.0; Windows NT 5.1; Trident/4.0; BTRS122159; GTB7.2; .NET CLR 1.1.4322; .NET CLR 2.0.50727; .NET CLR 3.0.04506.30; .NET CLR 3.0.4506.2152; .NET CLR 3.5.30729; BRI/2)"
212.60.196.21 - - [17/Nov/2017:17:48:50 +0000] "GET /category/office HTTP/1.1" 200 100 "-" "Mozilla/5.0 (Windows NT 6.1; WOW64; rv:10.0.1) Gecko/20100101 Firefox/10.0.1"
108.135.211.36 - - [17/Nov/2017:17:48:55 +0000] "GET /category/electronics HTTP/1.1" 200 80 "-" "Mozilla/5.0 (compatible; MSIE 9.0; Windows NT 6.1; Trident/5.0)"
164.63.57.53 - - [17/Nov/2017:17:49:00 +0000] "GET /item/electronics/3042 HTTP/1.1" 200 45 "-" "Mozilla/5.0 (Windows NT 6.1; WOW64) AppleWebKit/535.7 (KHTML, like Gecko) Chrome/16.0.912.77 Safari/535.7"
192.132.36.118 - - [17/Nov/2017:17:49:05 +0000] "POST /search/?c=Electronics+Books HTTP/1.1" 200 134 "/item/electronics/3983" "Mozilla/5.0 (compatible; Googlebot/2.1; +http://www.google.com/bot.html)"
72.153.193.186 - - [17/Nov/2017:17:49:10 +0000] "GET /item/electronics/4574 HTTP/1.1" 200 98 "/item/books/3977" "Mozilla/4.0 (compatible; MSIE 8.0; Windows NT 6.1; WOW64; Trident/4.0; YTB730; GTB7.2; EasyBits GO v1.0; SLCC2; .NET CLR 2.0.50727; .NET CLR 3.5.30729; .NET CLR 3.0.30729; Media Center PC 6.0; .NET4.0C)"
120.180.161.107 - - [17/Nov/2017:17:49:15 +0000] "GET /category/office HTTP/1.1" 200 69 "/item/electronics/4005" "Mozilla/5.0 (iPad; CPU OS 5_0_1 like Mac OS X) AppleWebKit/534.46 (KHTML, like Gecko) Version/5.1 Mobile/9A405 Safari/7534.48.3"
148.42.153.163 - - [17/Nov/2017:17:49:20 +0000] "GET /category/software HTTP/1.1" 200 77 "-" "Mozilla/5.0 (compatible; MSIE 9.0; Windows NT 6.1; WOW64; Trident/5.0)"
48.219.110.88 - - [17/Nov/2017:17:49:25 +0000] "GET /category/garden?from=20 HTTP/1.1" 200 86 "/item/software/530" "Mozilla/4.0 (compatible; MSIE 8.0; Windows NT 6.1; WOW64; Trident/4.0; GTB7.2; SLCC2; .NET CLR 2.0.50727; .NET CLR 3.5.30729; .NET CLR 3.0.30729; Media Center PC 6.0; .NET4.0C)"
204.213.121.181 - - [17/Nov/2017:17:49:30 +0000] "GET /category/games HTTP/1.1" 200 63 "-" "Mozilla/5.0 (iPhone; CPU iPhone OS 5_0_1 like Mac OS X) AppleWebKit/534.46 (KHTML, like Gecko) Version/5.1 Mobile/9A405 Safari/7534.48.3"
120.168.180.96 - - [17/Nov/2017:17:49:35 +0000] "GET /item/computers/1693 HTTP/1.1" 200 110 "/search/?c=Computers+Electronics" "Mozilla/5.0 (iPad; CPU OS 5_0_1 like Mac OS X) AppleWebKit/534.46 (KHTML, like Gecko) Version/5.1 Mobile/9A405 Safari/7534.48.3"
172.51.61.163 - - [17/Nov/2017:17:49:40 +0000] "GET /category/finance HTTP/1.1" 200 71 "-" "Mozilla/5.0 (Windows NT 6.1; WOW64; rv:10.0.1) Gecko/20100101 Firefox/10.0.1"
40.78.48.94 - - [17/Nov/2017:17:49:45 +0000] "GET /category/finance?from=10 HTTP/1.1" 200 96 "-" "Mozilla/4.0 (compatible; MSIE 8.0; Windows NT 6.1; WOW64; Trident/4.0; GTB7.2; SLCC2; .NET CLR 2.0.50727; .NET CLR 3.5.30729; .NET CLR 3.0.30729; Media Center PC 6.0; .NET4.0C)"
76.48.201.164 - - [17/Nov/2017:17:49:50 +0000] "GET /item/electronics/2451 HTTP/1.1" 200 108 "/search/?c=Games+Software" "Mozilla/5.0 (Windows NT 6.1; WOW64) AppleWebKit/535.11 (KHTML, like Gecko) Chrome/17.0.963.56 Safari/535.11"
188.177.87.130 - - [17/Nov/2017:17:49:55 +0000] "GET /item/computers/1106 HTTP/1.1" 200 57 "/category/software" "Mozilla/5.0 (Windows NT 6.1; WOW64) AppleWebKit/535.7 (KHTML, like Gecko) Chrome/16.0.912.77 Safari/535.7"
152.150.62.199 - - [17/Nov/2017:17:50:00 +0000] "POST /search/?c=Electronics HTTP/1.1" 200 134 "/category/software" "Mozilla/5.0 (compatible; MSIE 9.0; Windows NT 6.1; WOW64; Trident/5.0)"
76.219.110.59 - - [17/Nov/2017:17:50:05 +0000] "GET /category/electronics HTTP/1.1" 200 79 "/category/electronics" "Mozilla/5.0 (iPad; CPU OS 5_0_1 like Mac OS X) AppleWebKit/534.46 (KHTML, like Gecko) Version/5.1 Mobile/9A405 Safari/7534.48.3"
172.219.78.39 - - [17/Nov/2017:17:50:10 +0000] "GET /category/books HTTP/1.1" 200 48 "/category/software?from=20" "Mozilla/5.0 (compatible; Googlebot/2.1; +http://www.google.com/bot.html)"
164.27.150.182 - - [17/Nov/2017:17:50:15 +0000] "GET /category/electronics HTTP/1.1" 200 74 "-" "Mozilla/5.0 (Windows NT 6.0; rv:10.0.1) Gecko/20100101 Firefox/10.0.1"
188.42.152.136 - - [17/Nov/2017:17:50:20 +0000] "GET /item/electronics/3975 HTTP/1.1" 200 122 "-" "Mozilla/5.0 (Windows NT 6.0) AppleWebKit/535.11 (KHTML, like Gecko) Chrome/17.0.963.56 Safari/535.11"
144.159.198.187 - - [17/Nov/2017:17:50:25 +0000] "GET /category/software?from=0 HTTP/1.1" 200 44 "/item/electronics/4072" "Mozilla/4.0 (compatible; MSIE 8.0; Windows NT 6.1; WOW64; Trident/4.0; GTB7.2; SLCC2; .NET CLR 2.0.50727; .NET CLR 3.5.30729; .NET CLR 3.0.30729; Media Center PC 6.0; .NET4.0C)"
80.39.194.34 - - [17/Nov/2017:17:50:30 +0000] "GET /category/sports HTTP/1.1" 200 49 "-" "Mozilla/5.0 (compatible; MSIE 9.0; Windows NT 6.1; WOW64; Trident/5.0)"
192.93.155.127 - - [17/Nov/2017:17:50:35 +0000] "GET /item/cameras/2541 HTTP/1.1" 200 110 "/category/garden" "Mozilla/5.0 (Windows NT 5.1) AppleWebKit/535.11 (KHTML, like Gecko) Chrome/17.0.963.46 Safari/535.11"
156.93.179.59 - - [17/Nov/2017:17:50:40 +0000] "GET /category/office HTTP/1.1" 200 86 "-" "Mozilla/5.0 (Windows NT 6.0; rv:10.0.1) Gecko/20100101 Firefox/10.0.1"
72.120.175.129 - - [17/Nov/2017:17:50:45 +0000] "GET /category/games HTTP/1.1" 200 111 "http://www.google.com/search?ie=UTF-8&q=google&sclient=psy-ab&q=Games&oq=Games&aq=f&aqi=g-vL1&aql=&pbx=1&bav=on.2,or.r_gc.r_pw.r_qf.,cf.osb&biw=3605&bih=407" "Mozilla/5.0 (Macintosh; Intel Mac OS X 10.6; rv:9.0.1) Gecko/20100101 Firefox/9.0.1"
92.216.114.137 - - [17/Nov/2017:17:50:50 +0000] "GET /item/garden/4153 HTTP/1.1" 200 77 "-" "Mozilla/5.0 (iPad; CPU OS 5_0_1 like Mac OS X) AppleWebKit/534.46 (KHTML, like Gecko) Version/5.1 Mobile/9A405 Safari/7534.48.3"
60.96.221.113 - - [17/Nov/2017:17:50:55 +0000] "GET /category/music HTTP/1.1" 200 61 "-" "Mozilla/5.0 (compatible; MSIE 9.0; Windows NT 6.1; WOW64; Trident/5.0)"
204.117.20.72 - - [17/Nov/2017:17:51:00 +0000] "GET /item/electronics/3972 HTTP/1.1" 200 114 "/item/electronics/3298" "Mozilla/4.0 (compatible; MSIE 8.0; Windows NT 6.1; WOW64; Trident/4.0; YTB730; GTB7.2; EasyBits GO v1.0; SLCC2; .NET CLR 2.0.50727; .NET CLR 3.5.30729; .NET CLR 3.0.30729; Media Center PC 6.0; .NET4.0C)"
84.117.68.27 - - [17/Nov/2017:17:51:05 +0000] "POST /search/?c=Garden+Office HTTP/1.1" 200 100 "/category/sports" "Mozilla/5.0 (Windows NT 6.1; WOW64; rv:10.0.1) Gecko/20100101 Firefox/10.0.1"
192.183.227.24 - - [17/Nov/2017:17:51:10 +0000] "GET /item/games/4398 HTTP/1.1" 200 112 "-" "Mozilla/5.0 (Windows NT 6.0; rv:10.0.1) Gecko/20100101 Firefox/10.0.1"
192.96.212.129 - - [17/Nov/2017:17:51:15 +0000] "GET /category/electronics HTTP/1.1" 200 102 "/category/toys" "Mozilla/5.0 (iPad; CPU OS 5_0_1 like Mac OS X) AppleWebKit/534.46 (KHTML, like Gecko) Version/5.1 Mobile/9A405 Safari/7534.48.3"
136.126.144.37 - - [17/Nov/2017:17:51:20 +0000] "GET /category/electronics HTTP/1.1" 200 80 "-" "Mozilla/5.0 (compatible; MSIE 9.0; Windows NT 6.1; WOW64; Trident/5.0)"
84.192.102.111 - - [17/Nov/2017:17:51:25 +0000] "GET /category/office?from=10 HTTP/1.1" 200 88 "/search/?c=Office" "Mozilla/4.0 (compatible; MSIE 8.0; Windows NT 6.1; WOW64; Trident/4.0; YTB730; GTB7.2; EasyBits GO v1.0; SLCC2; .NET CLR 2.0.50727; .NET CLR 3.5.30729; .NET CLR 3.0.30729; Media Center PC 6.0; .NET4.0C)"
184.210.102.195 - - [17/Nov/2017:17:51:30 +0000] "GET /category/networking?from=20 HTTP/1.1" 200 133 "/category/books" "Mozilla/5.0 (Windows NT 6.0; rv:10.0.1) Gecko/20100101 Firefox/10.0.1"
176.117.229.92 - - [17/Nov/2017:17:51:35 +0000] "GET /category/books HTTP/1.1" 200 78 "/category/electronics" "Mozilla/5.0 (compatible; MSIE 9.0; Windows NT 6.1; WOW64; Trident/5.0)"
176.69.100.211 - - [17/Nov/2017:17:51:40 +0000] "GET /category/electronics HTTP/1.1" 200 44 "/search/?c=Office+Computers" "Mozilla/5.0 (Windows NT 5.1) AppleWebKit/535.11 (KHTML, like Gecko) Chrome/17.0.963.46 Safari/535.11"
224.27.58.174 - - [17/Nov/2017:17:51:45 +0000] "GET /item/computers/4448 HTTP/1.1" 200 100 "/category/garden" "Mozilla/5.0 (compatible; MSIE 9.0; Windows NT 6.1; Trident/5.0)"
212.156.57.223 - - [17/Nov/2017:17:51:50 +0000] "GET /category/jewelry HTTP/1.1" 200 59 "-" "Mozilla/5.0 (compatible; MSIE 9.0; Windows NT 6.1; WOW64; Trident/5.0)"
52.93.144.151 - - [17/Nov/2017:17:51:55 +0000] "GET /category/software?from=0 HTTP/1.1" 200 73 "-" "Mozilla/4.0 (compatible; MSIE 8.0; Windows NT 6.0; WOW64; Trident/4.0; GTB6; SLCC1; .NET CLR 2.0.50727; Media Center PC 5.0; .NET CLR 3.5.30729; .NET CLR 3.0.30618; .NET4.0C)"
72.111.113.84 - - [17/Nov/2017:17:52:00 +0000] "GET /item/finance/1639 HTTP/1.1" 200 114 "-" "Mozilla/5.0 (Macintosh; Intel Mac OS X 10.6; rv:9.0.1) Gecko/20100101 Firefox/9.0.1"
144.159.198.187 - - [17/Nov/2017:17:52:05 +0000] "GET /category/electronics HTTP/1.1" 200 49 "-" "Mozilla/5.0 (Windows NT 6.0) AppleWebKit/535.11 (KHTML, like Gecko) Chrome/17.0.963.56 Safari/535.11"
164.27.150.182 - - [17/Nov/2017:17:52:10 +0000] "GET /category/books HTTP/1.1" 200 89 "/item/software/1271" "Mozilla/5.0 (Macintosh; Intel Mac OS X 10.6; rv:9.0.1) Gecko/20100101 Firefox/9.0.1"
48.123.171.122 - - [17/Nov/2017:17:52:15 +0000] "GET /category/software HTTP/1.1" 200 109 "/category/giftcards" "Mozilla/4.0 (compatible; MSIE 8.0; Windows NT 6.0; WOW64; Trident/4.0; GTB6; SLCC1; .NET CLR 2.0.50727; Media Center PC 5.0; .NET CLR 3.5.30729; .NET CLR 3.0.30618; .NET4.0C)"
224.36.38.130 - - [17/Nov/2017:17:52:20 +0000] "GET /item/books/4062 HTTP/1.1" 200 105 "/category/books?from=10" "Mozilla/5.0 (Windows NT 6.1; WOW64; rv:10.0.1) Gecko/20100101 Firefox/10.0.1"
124.180.221.151 - - [17/Nov/2017:17:52:25 +0000] "POST /search/?c=Finance HTTP/1.1" 200 85 "-" "Mozilla/4.0 (compatible; MSIE 8.0; Windows NT 6.0; WOW64; Trident/4.0; GTB6; SLCC1; .NET CLR 2.0.50727; Media Center PC 5.0; .NET CLR 3.5.30729; .NET CLR 3.0.30618; .NET4.0C)"
40.33.157.65 - - [17/Nov/2017:17:52:30 +0000] "GET /item/games/4108 HTTP/1.1" 200 60 "/item/finance/4100" "Mozilla/5.0 (compatible; MSIE 9.0; Windows NT 6.1; Trident/5.0)"
196.168.199.146 - - [17/Nov/2017:17:52:35 +0000] "GET /category/electronics HTTP/1.1" 200 102 "-" "Mozilla/5.0 (Windows NT 6.1; WOW64) AppleWebKit/535.7 (KHTML, like Gecko) Chrome/16.0.912.77 Safari/535.7"
216.54.131.48 - - [17/Nov/2017:17:52:40 +0000] "GET /item/sports/1884 HTTP/1.1" 200 105 "-" "Mozilla/5.0 (Windows NT 6.0; rv:10.0.1) Gecko/20100101 Firefox/10.0.1"
60.117.58.163 - - [17/Nov/2017:17:52:45 +0000] "GET /category/books HTTP/1.1" 200 131 "-" "Mozilla/5.0 (Windows NT 6.0; rv:10.0.1) Gecko/20100101 Firefox/10.0.1"
68.192.196.217 - - [17/Nov/2017:17:52:50 +0000] "GET /category/software HTTP/1.1" 200 94 "/category/sports" "Mozilla/5.0 (compatible; MSIE 9.0; Windows NT 6.1; Trident/5.0)"
72.129.64.28 - - [17/Nov/2017:17:52:55 +0000] "GET /category/books HTTP/1.1" 200 131 "/category/software" "Mozilla/4.0 (compatible; MSIE 8.0; Windows NT 6.1; WOW64; Trident/4.0; GTB7.2; SLCC2; .NET CLR 2.0.50727; .NET CLR 3.5.30729; .NET CLR 3.0.30729; Media Center PC 6.0; .NET4.0C)"
216.219.89.75 - - [17/Nov/2017:17:53:00 +0000] "GET /category/cameras HTTP/1.1" 200 77 "/search/?c=Health" "Mozilla/5.0 (compatible; MSIE 9.0; Windows NT 6.1; WOW64; Trident/5.0)"
40.180.101.220 - - [17/Nov/2017:17:53:05 +0000] "GET /category/electronics HTTP/1.1" 200 91 "-" "Mozilla/5.0 (Windows NT 5.1) AppleWebKit/535.11 (KHTML, like Gecko) Chrome/17.0.963.46 Safari/535.11"
136.81.127.192 - - [17/Nov/2017:17:53:10 +0000] "GET /category/games HTTP/1.1" 200 95 "-" "Mozilla/5.0 (Windows NT 6.1; WOW64; rv:10.0.1) Gecko/20100101 Firefox/10.0.1"
36.81.83.145 - - [17/Nov/2017:17:53:15 +0000] "GET /item/computers/4182 HTTP/1.1" 200 50 "/category/cameras" "Mozilla/5.0 (Windows NT 6.0; rv:10.0.1) Gecko/20100101 Firefox/10.0.1"
136.165.204.44 - - [17/Nov/2017:17:53:20 +0000] "GET /category/books HTTP/1.1" 200 55 "-" "Mozilla/5.0 (Windows NT 6.0; rv:10.0.1) Gecko/20100101 Firefox/10.0.1"
20.132.185.140 - - [17/Nov/2017:17:53:25 +0000] "GET /category/electronics HTTP/1.1" 200 52 "-" "Mozilla/4.0 (compatible; MSIE 8.0; Windows NT 6.1; WOW64; Trident/4.0; YTB730; GTB7.2; SLCC2; .NET CLR 2.0.50727; .NET CLR 3.5.30729; .NET CLR 3.0.30729; .NET4.0C; .NET4.0E; Media Center PC 6.0)"
72.120.175.129 - - [17/Nov/2017:17:53:30 +0000] "GET /category/toys HTTP/1.1" 200 47 "-" "Mozilla/5.0 (Windows NT 6.0) AppleWebKit/535.11 (KHTML, like Gecko) Chrome/17.0.963.56 Safari/535.11"
188.111.114.167 - - [17/Nov/2017:17:53:35 +0000] "GET /category/books?from=20 HTTP/1.1" 200 88 "/category/giftcards" "Mozilla/5.0 (Windows NT 6.1; WOW64; rv:10.0.1) Gecko/20100101 Firefox/10.0.1"
224.195.180.118 - - [17/Nov/2017:17:53:40 +0000] "GET /category/books?from=0 HTTP/1.1" 200 74 "/category/giftcards" "Mozilla/5.0 (Windows NT 6.1; WOW64) AppleWebKit/535.11 (KHTML, like Gecko) Chrome/17.0.963.56 Safari/535.11"
108.93.207.173 - - [17/Nov/2017:17:53:45 +0000] "GET /item/jewelry/2593 HTTP/1.1" 200 118 "/search/?c=Jewelry" "Mozilla/5.0 (Macintosh; Intel Mac OS X 10.6; rv:9.0.1) Gecko/20100101 Firefox/9.0.1"
168.60.103.103 - - [17/Nov/2017:17:53:50 +0000] "GET /category/toys HTTP/1.1" 200 132 "/category/books" "Mozilla/5.0 (Windows NT 6.0; rv:10.0.1) Gecko/20100101 Firefox/10.0.1"
100.171.120.84 - - [17/Nov/2017:17:53:55 +0000] "GET /category/software HTTP/1.1" 200 49 "/item/toys/3901" "Mozilla/5.0 (compatible; MSIE 9.0; Windows NT 6.1; Trident/5.0)"
124.105.200.100 - - [17/Nov/2017:17:54:00 +0000] "GET /category/games HTTP/1.1" 200 110 "/search/?c=Computers+Jewelry" "Mozilla/5.0 (compatible; Googlebot/2.1; +http://www.google.com/bot.html)"
44.213.68.121 - - [17/Nov/2017:17:54:05 +0000] "GET /item/software/1546 HTTP/1.1" 200 45 "/category/electronics" "Mozilla/5.0 (compatible; MSIE 9.0; Windows NT 6.1; Trident/5.0)"
60.81.133.199 - - [17/Nov/2017:17:54:10 +0000] "GET /category/jewelry HTTP/1.1" 200 56 "/item/health/3531" "Mozilla/5.0 (Windows NT 6.0; rv:10.0.1) Gecko/20100101 Firefox/10.0.1"
80.45.209.74 - - [17/Nov/2017:17:54:15 +0000] "GET /category/cameras HTTP/1.1" 200 127 "-" "Mozilla/5.0 (compatible; MSIE 9.0; Windows NT 6.1; WOW64; Trident/5.0)"
192.93.155.127 - - [17/Nov/2017:17:54:20 +0000] "POST /search/?c=Books HTTP/1.1" 200 114 "-" "Mozilla/5.0 (Windows NT 5.1) AppleWebKit/535.11 (KHTML, like Gecko) Chrome/17.0.963.46 Safari/535.11"
20.84.216.48 - - [17/Nov/2017:17:54:25 +0000] "GET /item/software/1527 HTTP/1.1" 200 64 "-" "Mozilla/5.0 (Windows NT 6.1; WOW64; rv:10.0.1) Gecko/20100101 Firefox/10.0.1"
112.30.36.35 - - [17/Nov/2017:17:54:30 +0000] "GET /category/games HTTP/1.1" 200 114 "-" "Mozilla/5.0 (Windows NT 6.0; rv:10.0.1) Gecko/20100101 Firefox/10.0.1"
188.69.32.39 - - [17/Nov/2017:17:54:35 +0000] "GET /item/books/4586 HTTP/1.1" 200 130 "-" "Mozilla/5.0 (iPhone; CPU iPhone OS 5_0_1 like Mac OS X) AppleWebKit/534.46 (KHTML, like Gecko) Version/5.1 Mobile/9A405 Safari/7534.48.3"
200.201.187.211 - - [17/Nov/2017:17:54:40 +0000] "GET /category/software HTTP/1.1" 200 84 "-" "Mozilla/5.0 (Windows NT 5.1) AppleWebKit/535.11 (KHTML, like Gecko) Chrome/17.0.963.46 Safari/535.11"
184.162.181.93 - - [17/Nov/2017:17:54:45 +0000] "GET /category/finance HTTP/1.1" 200 98 "/item/toys/1733" "Mozilla/5.0 (Windows NT 5.1) AppleWebKit/535.11 (KHTML, like Gecko) Chrome/17.0.963.46 Safari/535.11"
128.177.137.56 - - [17/Nov/2017:17:54:50 +0000] "GET /item/finance/4175 HTTP/1.1" 200 42 "/item/office/1686" "Mozilla/5.0 (compatible; Googlebot/2.1; +http://www.google.com/bot.html)"
80.132.181.27 - - [17/Nov/2017:17:54:55 +0000] "GET /category/games HTTP/1.1" 200 78 "/item/office/512" "Mozilla/5.0 (Windows NT 5.1) AppleWebKit/535.11 (KHTML, like Gecko) Chrome/17.0.963.46 Safari/535.11"
132.66.131.85 - - [17/Nov/2017:17:55:00 +0000] "GET /category/computers HTTP/1.1" 200 101 "/category/sports?from=10" "Mozilla/5.0 (Windows NT 6.1; WOW64) AppleWebKit/535.11 (KHTML, like Gecko) Chrome/17.0.963.56 Safari/535.11"
48.63.222.76 - - [17/Nov/2017:17:55:05 +0000] "GET /category/electronics HTTP/1.1" 200 126 "-" "Mozilla/4.0 (compatible; MSIE 8.0; Windows NT 6.1; WOW64; Trident/4.0; YTB730; GTB7.2; SLCC2; .NET CLR 2.0.50727; .NET CLR 3.5.30729; .NET CLR 3.0.30729; .NET4.0C; .NET4.0E; Media Center PC 6.0)"
152.21.213.161 - - [17/Nov/2017:17:55:10 +0000] "GET /category/books HTTP/1.1" 200 41 "/item/health/3590" "Mozilla/5.0 (iPad; CPU OS 5_0_1 like Mac OS X) AppleWebKit/534.46 (KHTML, like Gecko) Version/5.1 Mobile/9A405 Safari/7534.48.3"
44.138.105.89 - - [17/Nov/2017:17:55:15 +0000] "GET /item/games/3272 HTTP/1.1" 200 79 "/search/?c=Games+Toys" "Mozilla/5.0 (Windows NT 6.0; rv:10.0.1) Gecko/20100101 Firefox/10.0.1"
60.150.49.62 - - [17/Nov/2017:17:55:20 +0000] "GET /item/books/4818 HTTP/1.1" 200 71 "/item/sports/1884" "Mozilla/5.0 (Windows NT 5.1) AppleWebKit/535.11 (KHTML, like Gecko) Chrome/17.0.963.46 Safari/535.11"
124.78.114.122 - - [17/Nov/2017:17:55:25 +0000] "GET /category/garden HTTP/1.1" 200 41 "-" "Mozilla/4.0 (compatible; MSIE 8.0; Windows NT 5.1; Trident/4.0; YTB720; GTB7.2; .NET CLR 1.1.4322; .NET CLR 2.0.50727; .NET CLR 3.0.4506.2152; .NET CLR 3.5.30729)"
40.177.178.144 - - [17/Nov/2017:17:55:30 +0000] "POST /search/?c=Finance HTTP/1.1" 200 122 "/category/software" "Mozilla/5.0 (Windows NT 6.1; WOW64) AppleWebKit/535.11 (KHTML, like Gecko) Chrome/17.0.963.56 Safari/535.11"
80.180.214.20 - - [17/Nov/2017:17:55:35 +0000] "GET /category/electronics HTTP/1.1" 200 52 "/category/garden" "Mozilla/5.0 (Windows NT 6.1; WOW64) AppleWebKit/535.7 (KHTML, like Gecko) Chrome/16.0.912.77 Safari/535.7"
156.111.173.188 - - [17/Nov/2017:17:55:40 +0000] "GET /item/networking/435 HTTP/1.1" 200 109 "-" "Mozilla/5.0 (Windows NT 6.0) AppleWebKit/535.11 (KHTML, like Gecko) Chrome/17.0.963.56 Safari/535.11"
60.147.125.150 - - [17/Nov/2017:17:55:45 +0000] "GET /item/software/2699 HTTP/1.1" 200 50 "/category/cameras" "Mozilla/5.0 (compatible; MSIE 9.0; Windows NT 6.1; Trident/5.0)"
44.162.33.184 - - [17/Nov/2017:17:55:50 +0000] "GET /category/music?from=20 HTTP/1.1" 200 40 "-" "Mozilla/4.0 (compatible; MSIE 8.0; Windows NT 6.1; WOW64; Trident/4.0; GTB7.2; SLCC2; .NET CLR 2.0.50727; .NET CLR 3.5.30729; .NET CLR 3.0.30729; Media Center PC 6.0; .NET4.0C)"
224.117.61.161 - - [17/Nov/2017:17:55:55 +0000] "GET /category/books HTTP/1.1" 200 83 "/category/games" "Mozilla/5.0 (compatible; Googlebot/2.1; +http://www.google.com/bot.html)"
60.126.127.74 - - [17/Nov/2017:17:56:00 +0000] "GET /category/health HTTP/1.1" 200 137 "/category/garden" "Mozilla/5.0 (Windows NT 6.0) AppleWebKit/535.11 (KHTML, like Gecko) Chrome/17.0.963.56 Safari/535.11"
176.63.34.227 - - [17/Nov/2017:17:56:05 +0000] "GET /item/jewelry/2821 HTTP/1.1" 200 68 "-" "Mozilla/5.0 (Windows NT 6.1; WOW64) AppleWebKit/535.11 (KHTML, like Gecko) Chrome/17.0.963.56 Safari/535.11"
164.195.181.157 - - [17/Nov/2017:17:56:10 +0000] "GET /item/health/4533 HTTP/1.1" 200 55 "/category/jewelry" "Mozilla/4.0 (compatible; MSIE 8.0; Windows NT 6.0; WOW64; Trident/4.0; GTB6; SLCC1; .NET CLR 2.0.50727; Media Center PC 5.0; .NET CLR 3.5.30729; .NET CLR 3.0.30618; .NET4.0C)"
64.24.130.157 - - [17/Nov/2017:17:56:15 +0000] "GET /item/electronics/2034 HTTP/1.1" 200 100 "-" "Mozilla/4.0 (compatible; MSIE 8.0; Windows NT 6.1; WOW64; Trident/4.0; YTB730; GTB7.2; EasyBits GO v1.0; SLCC2; .NET CLR 2.0.50727; .NET CLR 3.5.30729; .NET CLR 3.0.30729; Media Center PC 6.0; .NET4.0C)"
96.75.214.176 - - [17/Nov/2017:17:56:20 +0000] "GET /category/electronics?from=20 HTTP/1.1" 200 124 "/category/health" "Mozilla/5.0 (Windows NT 6.0; rv:10.0.1) Gecko/20100101 Firefox/10.0.1"
32.198.203.102 - - [17/Nov/2017:17:56:25 +0000] "POST /search/?c=Giftcards+Music HTTP/1.1" 200 118 "/item/sports/3851" "Mozilla/5.0 (compatible; Googlebot/2.1; +http://www.google.com/bot.html)"
216.138.190.49 - - [17/Nov/2017:17:56:30 +0000] "GET /category/software?from=0 HTTP/1.1" 200 126 "/category/books" "Mozilla/5.0 (Macintosh; Intel Mac OS X 10.6; rv:9.0.1) Gecko/20100101 Firefox/9.0.1"
116.36.140.116 - - [17/Nov/2017:17:56:35 +0000] "GET /item/electronics/2940 HTTP/1.1" 200 103 "/item/electronics/2451" "Mozilla/5.0 (Windows NT 6.0; rv:10.0.1) Gecko/20100101 Firefox/10.0.1"
112.159.38.190 - - [17/Nov/2017:17:56:40 +0000] "GET /category/electronics HTTP/1.1" 200 43 "-" "Mozilla/5.0 (Windows NT 6.0; rv:10.0.1) Gecko/20100101 Firefox/10.0.1"
152.123.68.77 - - [17/Nov/2017:17:56:45 +0000] "GET /category/computers HTTP/1.1" 200 94 "/category/electronics" "Mozilla/5.0 (Windows NT 6.1; WOW64) AppleWebKit/535.11 (KHTML, like Gecko) Chrome/17.0.963.56 Safari/535.11"
68.24.152.91 - - [17/Nov/2017:17:56:50 +0000] "GET /item/electronics/3042 HTTP/1.1" 200 45 "/category/electronics" "Mozilla/4.0 (compatible; MSIE 8.0; Windows NT 5.1; Trident/4.0; BTRS122159; GTB7.2; .NET CLR 1.1.4322; .NET CLR 2.0.50727; .NET CLR 3.0.04506.30; .NET CLR 3.0.4506.2152; .NET CLR 3.5.30729; BRI/2)"
128.147.75.132 - - [17/Nov/2017:17:56:55 +0000] "GET /category/giftcards HTTP/1.1" 200 93 "/item/software/1594" "Mozilla/5.0 (Windows NT 6.0) AppleWebKit/535.11 (KHTML, like Gecko) Chrome/17.0.963.56 Safari/535.11"
100.174.103.32 - - [17/Nov/2017:17:57:00 +0000] "GET /category/computers HTTP/1.1" 200 87 "/category/software?from=10" "Mozilla/4.0 (compatible; MSIE 8.0; Windows NT 6.1; WOW64; Trident/4.0; GTB7.2; SLCC2; .NET CLR 2.0.50727; .NET CLR 3.5.30729; .NET CLR 3.0.30729; Media Center PC 6.0; .NET4.0C)"
152.105.117.77 - - [17/Nov/2017:17:57:05 +0000] "GET /category/garden HTTP/1.1" 200 41 "-" "Mozilla/4.0 (compatible; MSIE 8.0; Windows NT 6.0; WOW64; Trident/4.0; GTB6; SLCC1; .NET CLR 2.0.50727; Media Center PC 5.0; .NET CLR 3.5.30729; .NET CLR 3.0.30618; .NET4.0C)"
176.141.46.22 - - [17/Nov/2017:17:57:10 +0000] "GET /item/games/3868 HTTP/1.1" 200 98 "http://www.google.com/search?ie=UTF-8&q=google&sclient=psy-ab&q=Games+Office&oq=Games+Office&aq=f&aqi=g-vL1&aql=&pbx=1&bav=on.2,or.r_gc.r_pw.r_qf.,cf.osb&biw=2475&bih=132" "Mozilla/4.0 (compatible; MSIE 8.0; Windows NT 6.1; WOW64; Trident/4.0; YTB730; GTB7.2; EasyBits GO v1.0; SLCC2; .NET CLR 2.0.50727; .NET CLR 3.5.30729; .NET CLR 3.0.30729; Media Center PC 6.0; .NET4.0C)"
104.45.160.209 - - [17/Nov/2017:17:57:15 +0000] "GET /item/jewelry/2479 HTTP/1.1" 200 126 "-" "Mozilla/5.0 (compatible; MSIE 9.0; Windows NT 6.1; WOW64; Trident/5.0)"
200.225.111.124 - - [17/Nov/2017:17:57:20 +0000] "GET /item/music/1760 HTTP/1.1" 200 112 "-" "Mozilla/5.0 (Windows NT 6.1; WOW64; rv:10.0.1) Gecko/20100101 Firefox/10.0.1"
204.156.85.164 - - [17/Nov/2017:17:57:25 +0000] "GET /item/software/3961 HTTP/1.1" 200 86 "/category/jewelry" "Mozilla/5.0 (compatible; Googlebot/2.1; +http://www.google.com/bot.html)"
48.57.162.127 - - [17/Nov/2017:17:57:30 +0000] "POST /search/?c=Games+Software HTTP/1.1" 200 55 "-" "Mozilla/4.0 (compatible; MSIE 8.0; Windows NT 6.1; WOW64; Trident/4.0; YTB730; GTB7.2; SLCC2; .NET CLR 2.0.50727; .NET CLR 3.5.30729; .NET CLR 3.0.30729; .NET4.0C; .NET4.0E; Media Center PC 6.0)"
192.54.212.194 - - [17/Nov/2017:17:57:35 +0000] "GET /category/books HTTP/1.1" 200 126 "/category/books" "Mozilla/4.0 (compatible; MSIE 8.0; Windows NT 6.0; WOW64; Trident/4.0; GTB6; SLCC1; .NET CLR 2.0.50727; Media Center PC 5.0; .NET CLR 3.5.30729; .NET CLR 3.0.30618; .NET4.0C)"
48.222.150.132 - - [17/Nov/2017:17:57:40 +0000] "GET /item/electronics/2101 HTTP/1.1" 200 84 "http://www.google.com/search?ie=UTF-8&q=google&sclient=psy-ab&q=Electronics&oq=Electronics&aq=f&aqi=g-vL1&aql=&pbx=1&bav=on.2,or.r_gc.r_pw.r_qf.,cf.osb&biw=3604&bih=239" "Mozilla/5.0 (Windows NT 6.0) AppleWebKit/535.11 (KHTML, like Gecko) Chrome/17.0.963.56 Safari/535.11"
24.156.218.186 - - [17/Nov/2017:17:57:45 +0000] "GET /category/health HTTP/1.1" 200 42 "/category/electronics?from=20" "Mozilla/5.0 (compatible; MSIE 9.0; Windows NT 6.1; WOW64; Trident/5.0)"
92.132.142.60 - - [17/Nov/2017:17:57:50 +0000] "GET /category/electronics HTTP/1.1" 200 119 "/item/toys/2543" "Mozilla/4.0 (compatible; MSIE 8.0; Windows NT 6.1; Trident/4.0; YTB730; SLCC2; .NET CLR 2.0.50727; .NET CLR 3.5.30729; .NET CLR 3.0.30729; Media Center PC 6.0; .NET4.0C)"
100.45.176.200 - - [17/Nov/2017:17:57:55 +0000] "GET /category/electronics?from=20 HTTP/1.1" 200 63 "/category/electronics" "Mozilla/5.0 (Windows NT 6.1; WOW64) AppleWebKit/535.11 (KHTML, like Gecko) Chrome/17.0.963.56 Safari/535.11"
224.96.137.128 - - [17/Nov/2017:17:58:00 +0000] "POST /search/?c=Books HTTP/1.1" 200 127 "/item/garden/957" "Mozilla/4.0 (compatible; MSIE 8.0; Windows NT 6.1; WOW64; Trident/4.0; YTB730; GTB7.2; EasyBits GO v1.0; SLCC2; .NET CLR 2.0.50727; .NET CLR 3.5.30729; .NET CLR 3.0.30729; Media Center PC 6.0; .NET4.0C)"
148.78.49.128 - - [17/Nov/2017:17:58:05 +0000] "GET /category/books HTTP/1.1" 200 106 "-" "Mozilla/5.0 (Windows NT 6.1; WOW64) AppleWebKit/535.11 (KHTML, like Gecko) Chrome/17.0.963.56 Safari/535.11"
132.63.161.43 - - [17/Nov/2017:17:58:10 +0000] "POST /search/?c=Giftcards+Garden HTTP/1.1" 200 82 "/item/software/1271" "Mozilla/5.0 (compatible; MSIE 9.0; Windows NT 6.1; Trident/5.0)"
172.186.53.43 - - [17/Nov/2017:17:58:15 +0000] "POST /search/?c=Computers HTTP/1.1" 200 100 "/category/networking" "Mozilla/5.0 (Windows NT 6.1; WOW64; rv:10.0.1) Gecko/20100101 Firefox/10.0.1"
88.123.35.97 - - [17/Nov/2017:17:58:20 +0000] "POST /search/?c=Giftcards+Games HTTP/1.1" 200 116 "-" "Mozilla/5.0 (Windows NT 6.1; WOW64) AppleWebKit/535.11 (KHTML, like Gecko) Chrome/17.0.963.56 Safari/535.11"
32.213.139.23 - - [17/Nov/2017:17:58:25 +0000] "GET /item/electronics/450 HTTP/1.1" 200 123 "-" "Mozilla/4.0 (compatible; MSIE 8.0; Windows NT 6.1; WOW64; Trident/4.0; YTB730; GTB7.2; SLCC2; .NET CLR 2.0.50727; .NET CLR 3.5.30729; .NET CLR 3.0.30729; .NET4.0C; .NET4.0E; Media Center PC 6.0)"
40.135.213.74 - - [17/Nov/2017:17:58:30 +0000] "GET /item/software/2724 HTTP/1.1" 200 123 "/category/software" "Mozilla/5.0 (compatible; Googlebot/2.1; +http://www.google.com/bot.html)"
148.75.141.188 - - [17/Nov/2017:17:58:35 +0000] "GET /category/health HTTP/1.1" 200 132 "/category/electronics" "Mozilla/4.0 (compatible; MSIE 8.0; Windows NT 6.1; WOW64; Trident/4.0; YTB730; GTB7.2; SLCC2; .NET CLR 2.0.50727; .NET CLR 3.5.30729; .NET CLR 3.0.30729; .NET4.0C; .NET4.0E; Media Center PC 6.0)"
80.120.169.42 - - [17/Nov/2017:17:58:40 +0000] "POST /search/?c=Electronics+Software HTTP/1.1" 200 77 "/item/electronics/1206" "Mozilla/5.0 (compatible; Googlebot/2.1; +http://www.google.com/bot.html)"
188.177.87.130 - - [17/Nov/2017:17:58:45 +0000] "GET /category/health HTTP/1.1" 200 133 "/category/networking?from=10" "Mozilla/5.0 (Windows NT 5.1) AppleWebKit/535.11 (KHTML, like Gecko) Chrome/17.0.963.46 Safari/535.11"
92.147.222.43 - - [17/Nov/2017:17:58:50 +0000] "GET /category/electronics HTTP/1.1" 200 96 "-" "Mozilla/4.0 (compatible; MSIE 8.0; Windows NT 6.1; WOW64; Trident/4.0; GTB7.2; SLCC2; .NET CLR 2.0.50727; .NET CLR 3.5.30729; .NET CLR 3.0.30729; Media Center PC 6.0; .NET4.0C)"
204.156.85.164 - - [17/Nov/2017:17:58:55 +0000] "GET /category/toys HTTP/1.1" 200 40 "-" "Mozilla/5.0 (Windows NT 6.0) AppleWebKit/535.11 (KHTML, like Gecko) Chrome/17.0.963.56 Safari/535.11"
224.210.173.173 - - [17/Nov/2017:17:59:00 +0000] "GET /category/garden HTTP/1.1" 200 78 "/category/software" "Mozilla/4.0 (compatible; MSIE 8.0; Windows NT 6.0; WOW64; Trident/4.0; GTB6; SLCC1; .NET CLR 2.0.50727; Media Center PC 5.0; .NET CLR 3.5.30729; .NET CLR 3.0.30618; .NET4.0C)"
120.33.154.173 - - [17/Nov/2017:17:59:05 +0000] "GET /item/books/4586 HTTP/1.1" 200 130 "/category/jewelry" "Mozilla/4.0 (compatible; MSIE 8.0; Windows NT 6.1; WOW64; Trident/4.0; YTB730; GTB7.2; SLCC2; .NET CLR 2.0.50727; .NET CLR 3.5.30729; .NET CLR 3.0.30729; .NET4.0C; .NET4.0E; Media Center PC 6.0)"
172.51.88.88 - - [17/Nov/2017:17:59:10 +0000] "GET /category/software?from=20 HTTP/1.1" 200 100 "/item/games/15" "Mozilla/4.0 (compatible; MSIE 8.0; Windows NT 5.1; Trident/4.0; YTB720; GTB7.2; .NET CLR 1.1.4322; .NET CLR 2.0.50727; .NET CLR 3.0.4506.2152; .NET CLR 3.5.30729)"
76.39.153.224 - - [17/Nov/2017:17:59:15 +0000] "GET /category/electronics?from=0 HTTP/1.1" 200 40 "/item/electronics/1095" "Mozilla/4.0 (compatible; MSIE 8.0; Windows NT 6.0; WOW64; Trident/4.0; GTB6; SLCC1; .NET CLR 2.0.50727; Media Center PC 5.0; .NET CLR 3.5.30729; .NET CLR 3.0.30618; .NET4.0C)"
40.126.194.206 - - [17/Nov/2017:17:59:20 +0000] "GET /category/finance HTTP/1.1" 200 76 "-" "Mozilla/5.0 (compatible; Googlebot/2.1; +http://www.google.com/bot.html)"
88.123.35.97 - - [17/Nov/2017:17:59:25 +0000] "GET /category/cameras HTTP/1.1" 200 66 "/category/software" "Mozilla/5.0 (Windows NT 6.1; WOW64) AppleWebKit/535.11 (KHTML, like Gecko) Chrome/17.0.963.56 Safari/535.11"
116.132.223.92 - - [17/Nov/2017:17:59:30 +0000] "GET /category/sports HTTP/1.1" 200 72 "/item/networking/4696" "Mozilla/5.0 (Windows NT 6.0; rv:10.0.1) Gecko/20100101 Firefox/10.0.1"
132.60.108.133 - - [17/Nov/2017:17:59:35 +0000] "GET /category/software HTTP/1.1" 200 72 "/category/software" "Mozilla/5.0 (Windows NT 6.1; WOW64) AppleWebKit/535.11 (KHTML, like Gecko) Chrome/17.0.963.56 Safari/535.11"
140.63.80.89 - - [17/Nov/2017:17:59:40 +0000] "GET /category/electronics HTTP/1.1" 200 128 "/category/games" "Mozilla/5.0 (Windows NT 6.1; WOW64) AppleWebKit/535.11 (KHTML, like Gecko) Chrome/17.0.963.56 Safari/535.11"
64.102.84.121 - - [17/Nov/2017:17:59:45 +0000] "GET /item/books/4078 HTTP/1.1" 200 74 "/category/electronics" "Mozilla/5.0 (Windows NT 6.0; rv:10.0.1) Gecko/20100101 Firefox/10.0.1"
216.192.41.57 - - [17/Nov/2017:17:59:50 +0000] "GET /item/electronics/3393 HTTP/1.1" 404 59 "/category/networking" "Mozilla/5.0 (compatible; MSIE 9.0; Windows NT 6.1; Trident/5.0)"
176.228.179.33 - - [17/Nov/2017:17:59:55 +0000] "GET /item/computers/3622 HTTP/1.1" 200 110 "/category/electronics" "Mozilla/5.0 (Macintosh; Intel Mac OS X 10.6; rv:9.0.1) Gecko/20100101 Firefox/9.0.1"
24.225.171.131 - - [17/Nov/2017:18:00:00 +0000] "GET /item/finance/2872 HTTP/1.1" 200 40 "/item/giftcards/3907" "Mozilla/4.0 (compatible; MSIE 8.0; Windows NT 6.1; WOW64; Trident/4.0; YTB730; GTB7.2; EasyBits GO v1.0; SLCC2; .NET CLR 2.0.50727; .NET CLR 3.5.30729; .NET CLR 3.0.30729; Media Center PC 6.0; .NET4.0C)"
220.159.151.36 - - [17/Nov/2017:18:00:05 +0000] "GET /category/books HTTP/1.1" 200 139 "-" "Mozilla/5.0 (iPad; CPU OS 5_0_1 like Mac OS X) AppleWebKit/534.46 (KHTML, like Gecko) Version/5.1 Mobile/9A405 Safari/7534.48.3"
120.189.102.122 - - [17/Nov/2017:18:00:10 +0000] "GET /item/books/3992 HTTP/1.1" 200 70 "/category/games" "Mozilla/4.0 (compatible; MSIE 8.0; Windows NT 6.1; WOW64; Trident/4.0; GTB7.2; SLCC2; .NET CLR 2.0.50727; .NET CLR 3.5.30729; .NET CLR 3.0.30729; Media Center PC 6.0; .NET4.0C)"
156.51.157.126 - - [17/Nov/2017:18:00:15 +0000] "GET /category/software HTTP/1.1" 200 78 "-" "Mozilla/5.0 (Windows NT 6.0) AppleWebKit/535.11 (KHTML, like Gecko) Chrome/17.0.963.56 Safari/535.11"
220.30.157.208 - - [17/Nov/2017:18:00:20 +0000] "GET /category/sports HTTP/1.1" 200 137 "/search/?c=Software+Electronics" "Mozilla/5.0 (compatible; MSIE 9.0; Windows NT 6.1; Trident/5.0)"
72.225.153.31 - - [17/Nov/2017:18:00:25 +0000] "GET /item/jewelry/4114 HTTP/1.1" 404 139 "http://www.google.com/search?ie=UTF-8&q=google&sclient=psy-ab&q=Jewelry&oq=Jewelry&aq=f&aqi=g-vL1&aql=&pbx=1&bav=on.2,or.r_gc.r_pw.r_qf.,cf.osb&biw=4881&bih=529" "Mozilla/5.0 (Windows NT 6.0; rv:10.0.1) Gecko/20100101 Firefox/10.0.1"
164.36.150.129 - - [17/Nov/2017:18:00:30 +0000] "POST /search/?c=Finance HTTP/1.1" 200 85 "/search/?c=Electronics" "Mozilla/5.0 (Windows NT 5.1) AppleWebKit/535.11 (KHTML, like Gecko) Chrome/17.0.963.46 Safari/535.11"
140.159.183.92 - - [17/Nov/2017:18:00:35 +0000] "GET /category/computers HTTP/1.1" 200 77 "/item/sports/933" "Mozilla/5.0 (Windows NT 6.0; rv:10.0.1) Gecko/20100101 Firefox/10.0.1"
188.96.82.146 - - [17/Nov/2017:18:00:40 +0000] "GET /item/finance/4175 HTTP/1.1" 200 42 "-" "Mozilla/5.0 (Windows NT 6.0) AppleWebKit/535.11 (KHTML, like Gecko) Chrome/17.0.963.56 Safari/535.11"
108.132.126.119 - - [17/Nov/2017:18:00:45 +0000] "GET /item/music/4004 HTTP/1.1" 200 64 "/search/?c=Music" "Mozilla/5.0 (Windows NT 6.1; WOW64) AppleWebKit/535.11 (KHTML, like Gecko) Chrome/17.0.963.56 Safari/535.11"
72.219.156.125 - - [17/Nov/2017:18:00:50 +0000] "GET /category/finance?from=10 HTTP/1.1" 200 96 "/category/giftcards" "Mozilla/4.0 (compatible; MSIE 8.0; Windows NT 6.0; WOW64; Trident/4.0; GTB6; SLCC1; .NET CLR 2.0.50727; Media Center PC 5.0; .NET CLR 3.5.30729; .NET CLR 3.0.30618; .NET4.0C)"
172.33.83.66 - - [17/Nov/2017:18:00:55 +0000] "GET /category/electronics HTTP/1.1" 200 118 "/item/games/1547" "Mozilla/4.0 (compatible; MSIE 8.0; Windows NT 6.0; WOW64; Trident/4.0; GTB6; SLCC1; .NET CLR 2.0.50727; Media Center PC 5.0; .NET CLR 3.5.30729; .NET CLR 3.0.30618; .NET4.0C)"
52.198.156.151 - - [17/Nov/2017:18:01:00 +0000] "GET /item/software/880 HTTP/1.1" 200 138 "/category/electronics" "Mozilla/5.0 (Windows NT 5.1) AppleWebKit/535.11 (KHTML, like Gecko) Chrome/17.0.963.46 Safari/535.11"
196.207.160.124 - - [17/Nov/2017:18:01:05 +0000] "POST /search/?c=Giftcards+Garden HTTP/1.1" 200 82 "/category/cameras" "Mozilla/5.0 (compatible; MSIE 9.0; Windows NT 6.1; Trident/5.0)"
152.114.173.61 - - [17/Nov/2017:18:01:10 +0000] "GET /category/cameras HTTP/1.1" 200 116 "/item/electronics/4807" "Mozilla/4.0 (compatible; MSIE 8.0; Windows NT 5.1; Trident/4.0; YTB720; GTB7.2; .NET CLR 1.1.4322; .NET CLR 2.0.50727; .NET CLR 3.0.4506.2152; .NET CLR 3.5.30729)"
208.93.164.196 - - [17/Nov/2017:18:01:15 +0000] "POST /search/?c=Toys HTTP/1.1" 200 96 "/item/computers/3585" "Mozilla/5.0 (compatible; Googlebot/2.1; +http://www.google.com/bot.html)"
20.135.151.124 - - [17/Nov/2017:18:01:20 +0000] "GET /category/finance HTTP/1.1" 200 91 "-" "Mozilla/5.0 (Windows NT 6.0; rv:10.0.1) Gecko/20100101 Firefox/10.0.1"
120.216.45.120 - - [17/Nov/2017:18:01:25 +0000] "GET /item/electronics/2049 HTTP/1.1" 200 101 "/category/software" "Mozilla/5.0 (Windows NT 6.1; WOW64) AppleWebKit/535.11 (KHTML, like Gecko) Chrome/17.0.963.56 Safari/535.11"
88.63.121.43 - - [17/Nov/2017:18:01:30 +0000] "GET /category/books HTTP/1.1" 200 40 "/item/computers/1272" "Mozilla/4.0 (compatible; MSIE 8.0; Windows NT 6.0; WOW64; Trident/4.0; GTB6; SLCC1; .NET CLR 2.0.50727; Media Center PC 5.0; .NET CLR 3.5.30729; .NET CLR 3.0.30618; .NET4.0C)"
120.123.162.208 - - [17/Nov/2017:18:01:35 +0000] "GET /category/books HTTP/1.1" 200 121 "/search/?c=Jewelry+Games" "Mozilla/5.0 (Windows NT 6.0) AppleWebKit/535.11 (KHTML, like Gecko) Chrome/17.0.963.56 Safari/535.11"
164.213.39.153 - - [17/Nov/2017:18:01:40 +0000] "GET /category/toys HTTP/1.1" 200 40 "/category/electronics?from=0" "Mozilla/5.0 (Windows NT 6.0) AppleWebKit/535.11 (KHTML, like Gecko) Chrome/17.0.963.56 Safari/535.11"
112.132.152.220 - - [17/Nov/2017:18:01:45 +0000] "POST /search/?c=Giftcards+Music HTTP/1.1" 200 118 "-" "Mozilla/5.0 (Windows NT 6.1; WOW64) AppleWebKit/535.11 (KHTML, like Gecko) Chrome/17.0.963.56 Safari/535.11"
76.114.187.160 - - [17/Nov/2017:18:01:50 +0000] "GET /category/office HTTP/1.1" 200 79 "/category/electronics?from=0" "Mozilla/5.0 (compatible; MSIE 9.0; Windows NT 6.1; Trident/5.0)"
156.81.120.91 - - [17/Nov/2017:18:01:55 +0000] "GET /category/electronics HTTP/1.1" 200 91 "/item/giftcards/4757" "Mozilla/5.0 (compatible; MSIE 9.0; Windows NT 6.1; WOW64; Trident/5.0)"
104.156.80.128 - - [17/Nov/2017:18:02:00 +0000] "GET /item/games/152 HTTP/1.1" 200 133 "/category/electronics" "Mozilla/5.0 (iPhone; CPU iPhone OS 5_0_1 like Mac OS X) AppleWebKit/534.46 (KHTML, like Gecko) Version/5.1 Mobile/9A405 Safari/7534.48.3"
164.87.165.83 - - [17/Nov/2017:18:02:05 +0000] "GET /category/jewelry HTTP/1.1" 200 114 "-" "Mozilla/5.0 (Windows NT 6.1; WOW64; rv:10.0.1) Gecko/20100101 Firefox/10.0.1"
192.228.50.109 - - [17/Nov/2017:18:02:10 +0000] "GET /category/software?from=0 HTTP/1.1" 200 40 "/category/software" "Mozilla/5.0 (iPad; CPU OS 5_0_1 like Mac OS X) AppleWebKit/534.46 (KHTML, like Gecko) Version/5.1 Mobile/9A405 Safari/7534.48.3"
220.189.195.98 - - [17/Nov/2017:18:02:15 +0000] "GET /category/games HTTP/1.1" 200 99 "/item/books/3977" "Mozilla/5.0 (iPhone; CPU iPhone OS 5_0_1 like Mac OS X) AppleWebKit/534.46 (KHTML, like Gecko) Version/5.1 Mobile/9A405 Safari/7534.48.3"
188.165.102.75 - - [17/Nov/2017:18:02:20 +0000] "GET /item/computers/4182 HTTP/1.1" 200 50 "/category/electronics" "Mozilla/5.0 (Windows NT 6.1; WOW64) AppleWebKit/535.7 (KHTML, like Gecko) Chrome/16.0.912.77 Safari/535.7"
148.42.153.163 - - [17/Nov/2017:18:02:25 +0000] "GET /category/software?from=10 HTTP/1.1" 200 54 "/search/?c=Software" "Mozilla/5.0 (iPhone; CPU iPhone OS 5_0_1 like Mac OS X) AppleWebKit/534.46 (KHTML, like Gecko) Version/5.1 Mobile/9A405 Safari/7534.48.3"
68.183.57.183 - - [17/Nov/2017:18:02:30 +0000] "GET /category/games HTTP/1.1" 200 44 "/category/software" "Mozilla/4.0 (compatible; MSIE 8.0; Windows NT 6.0; WOW64; Trident/4.0; GTB6; SLCC1; .NET CLR 2.0.50727; Media Center PC 5.0; .NET CLR 3.5.30729; .NET CLR 3.0.30618; .NET4.0C)"
200.78.216.173 - - [17/Nov/2017:18:02:35 +0000] "GET /category/electronics HTTP/1.1" 200 116 "-" "Mozilla/4.0 (compatible; MSIE 8.0; Windows NT 6.1; Trident/4.0; YTB730; SLCC2; .NET CLR 2.0.50727; .NET CLR 3.5.30729; .NET CLR 3.0.30729; Media Center PC 6.0; .NET4.0C)"
72.45.161.107 - - [17/Nov/2017:18:02:40 +0000] "POST /search/?c=Software+Software HTTP/1.1" 200 114 "-" "Mozilla/5.0 (Windows NT 6.1; WOW64) AppleWebKit/535.7 (KHTML, like Gecko) Chrome/16.0.912.77 Safari/535.7"
140.63.197.40 - - [17/Nov/2017:18:02:45 +0000] "GET /item/finance/3737 HTTP/1.1" 200 127 "/category/office" "Mozilla/5.0 (Windows NT 6.0) AppleWebKit/535.11 (KHTML, like Gecko) Chrome/17.0.963.56 Safari/535.11"
72.96.123.40 - - [17/Nov/2017:18:02:50 +0000] "GET /category/software HTTP/1.1" 200 48 "-" "Mozilla/5.0 (Windows NT 6.1; WOW64) AppleWebKit/535.11 (KHTML, like Gecko) Chrome/17.0.963.56 Safari/535.11"
176.39.156.216 - - [17/Nov/2017:18:02:55 +0000] "GET /category/games HTTP/1.1" 200 95 "-" "Mozilla/5.0 (compatible; MSIE 9.0; Windows NT 6.1; WOW64; Trident/5.0)"
68.192.196.217 - - [17/Nov/2017:18:03:00 +0000] "GET /item/software/1594 HTTP/1.1" 200 80 "/category/garden?from=20" "Mozilla/5.0 (compatible; MSIE 9.0; Windows NT 6.1; Trident/5.0)"
92.204.226.50 - - [17/Nov/2017:18:03:05 +0000] "GET /category/software HTTP/1.1" 200 110 "-" "Mozilla/5.0 (Windows NT 5.1) AppleWebKit/535.11 (KHTML, like Gecko) Chrome/17.0.963.46 Safari/535.11"
212.171.62.26 - - [17/Nov/2017:18:03:10 +0000] "GET /category/games HTTP/1.1" 200 108 "/item/electronics/4629" "Mozilla/5.0 (compatible; MSIE 9.0; Windows NT 6.1; Trident/5.0)"
156.105.121.202 - - [17/Nov/2017:18:03:15 +0000] "GET /item/electronics/695 HTTP/1.1" 200 125 "/category/games?from=0" "Mozilla/5.0 (Windows NT 6.1; WOW64) AppleWebKit/535.11 (KHTML, like Gecko) Chrome/17.0.963.56 Safari/535.11"
208.54.112.203 - - [17/Nov/2017:18:03:20 +0000] "GET /category/software HTTP/1.1" 200 121 "-" "Mozilla/5.0 (compatible; MSIE 9.0; Windows NT 6.1; Trident/5.0)"
72.153.193.186 - - [17/Nov/2017:18:03:25 +0000] "GET /category/software HTTP/1.1" 200 129 "/category/software" "Mozilla/5.0 (Windows NT 6.1; WOW64) AppleWebKit/535.11 (KHTML, like Gecko) Chrome/17.0.963.56 Safari/535.11"
92.186.177.75 - - [17/Nov/2017:18:03:30 +0000] "POST /search/?c=Jewelry+Games HTTP/1.1" 200 129 "-" "Mozilla/5.0 (Windows NT 6.0; rv:10.0.1) Gecko/20100101 Firefox/10.0.1"
184.45.158.136 - - [17/Nov/2017:18:03:35 +0000] "GET /category/software HTTP/1.1" 200 104 "/category/garden" "Mozilla/4.0 (compatible; MSIE 8.0; Windows NT 6.1; WOW64; Trident/4.0; YTB730; GTB7.2; SLCC2; .NET CLR 2.0.50727; .NET CLR 3.5.30729; .NET CLR 3.0.30729; .NET4.0C; .NET4.0E; Media Center PC 6.0)"
72.156.55.140 - - [17/Nov/2017:18:03:40 +0000] "GET /category/garden HTTP/1.1" 200 77 "/category/books" "Mozilla/5.0 (compatible; MSIE 9.0; Windows NT 6.1; WOW64; Trident/5.0)"
64.138.87.214 - - [17/Nov/2017:18:03:45 +0000] "GET /category/electronics?from=10 HTTP/1.1" 200 119 "/category/toys" "Mozilla/4.0 (compatible; MSIE 8.0; Windows NT 5.1; Trident/4.0; YTB720; GTB7.2; .NET CLR 1.1.4322; .NET CLR 2.0.50727; .NET CLR 3.0.4506.2152; .NET CLR 3.5.30729)"
28.111.188.194 - - [17/Nov/2017:18:03:50 +0000] "GET /category/software HTTP/1.1" 200 105 "-" "Mozilla/5.0 (Macintosh; Intel Mac OS X 10.6; rv:9.0.1) Gecko/20100101 Firefox/9.0.1"
108.219.222.220 - - [17/Nov/2017:18:03:55 +0000] "GET /category/books HTTP/1.1" 200 84 "/search/?c=Health" "Mozilla/5.0 (Windows NT 6.0; rv:10.0.1) Gecko/20100101 Firefox/10.0.1"
140.75.187.67 - - [17/Nov/2017:18:04:00 +0000] "GET /item/software/4657 HTTP/1.1" 200 136 "-" "Mozilla/5.0 (compatible; MSIE 9.0; Windows NT 6.1; WOW64; Trident/5.0)"
160.183.132.213 - - [17/Nov/2017:18:04:05 +0000] "GET /item/networking/973 HTTP/1.1" 200 48 "/search/?c=Networking+Toys" "Mozilla/5.0 (Windows NT 6.1; WOW64) AppleWebKit/535.11 (KHTML, like Gecko) Chrome/17.0.963.56 Safari/535.11"
144.90.208.217 - - [17/Nov/2017:18:04:10 +0000] "GET /item/giftcards/3622 HTTP/1.1" 200 59 "/category/giftcards" "Mozilla/4.0 (compatible; MSIE 8.0; Windows NT 6.1; Trident/4.0; YTB730; SLCC2; .NET CLR 2.0.50727; .NET CLR 3.5.30729; .NET CLR 3.0.30729; Media Center PC 6.0; .NET4.0C)"
112.219.145.202 - - [17/Nov/2017:18:04:15 +0000] "GET /item/networking/3831 HTTP/1.1" 200 85 "-" "Mozilla/5.0 (compatible; MSIE 9.0; Windows NT 6.1; WOW64; Trident/5.0)"
32.162.92.58 - - [17/Nov/2017:18:04:20 +0000] "GET /item/software/1323 HTTP/1.1" 200 74 "/search/?c=Giftcards" "Mozilla/5.0 (Windows NT 6.1; WOW64) AppleWebKit/535.7 (KHTML, like Gecko) Chrome/16.0.912.77 Safari/535.7"
168.69.212.143 - - [17/Nov/2017:18:04:25 +0000] "GET /item/electronics/3036 HTTP/1.1" 200 49 "/category/toys?from=10" "Mozilla/4.0 (compatible; MSIE 8.0; Windows NT 6.1; WOW64; Trident/4.0; YTB730; GTB7.2; SLCC2; .NET CLR 2.0.50727; .NET CLR 3.5.30729; .NET CLR 3.0.30729; .NET4.0C; .NET4.0E; Media Center PC 6.0)"
196.162.93.51 - - [17/Nov/2017:18:04:30 +0000] "GET /category/electronics HTTP/1.1" 200 48 "/category/electronics" "Mozilla/5.0 (compatible; MSIE 9.0; Windows NT 6.1; WOW64; Trident/5.0)"
116.132.223.92 - - [17/Nov/2017:18:04:35 +0000] "GET /item/software/2434 HTTP/1.1" 200 120 "/search/?c=Software" "Mozilla/5.0 (Macintosh; Intel Mac OS X 10.6; rv:9.0.1) Gecko/20100101 Firefox/9.0.1"
124.48.209.187 - - [17/Nov/2017:18:04:40 +0000] "GET /item/networking/4174 HTTP/1.1" 200 125 "/item/office/2035" "Mozilla/5.0 (Windows NT 6.1; WOW64) AppleWebKit/535.11 (KHTML, like Gecko) Chrome/17.0.963.56 Safari/535.11"
96.99.105.24 - - [17/Nov/2017:18:04:45 +0000] "GET /category/software?from=20 HTTP/1.1" 200 64 "/search/?c=Software+Software" "Mozilla/4.0 (compatible; MSIE 8.0; Windows NT 6.0; WOW64; Trident/4.0; GTB6; SLCC1; .NET CLR 2.0.50727; Media Center PC 5.0; .NET CLR 3.5.30729; .NET CLR 3.0.30618; .NET4.0C)"
152.129.164.95 - - [17/Nov/2017:18:04:50 +0000] "GET /item/books/3336 HTTP/1.1" 200 88 "/item/electronics/2595" "Mozilla/5.0 (compatible; MSIE 9.0; Windows NT 6.1; Trident/5.0)"
148.213.116.158 - - [17/Nov/2017:18:04:55 +0000] "GET /category/electronics HTTP/1.1" 200 74 "-" "Mozilla/5.0 (Windows NT 6.1; WOW64) AppleWebKit/535.11 (KHTML, like Gecko) Chrome/17.0.963.56 Safari/535.11"
60.150.49.62 - - [17/Nov/2017:18:05:00 +0000] "GET /category/electronics HTTP/1.1" 200 83 "/category/computers" "Mozilla/4.0 (compatible; MSIE 8.0; Windows NT 5.1; Trident/4.0; YTB720; GTB7.2; .NET CLR 1.1.4322; .NET CLR 2.0.50727; .NET CLR 3.0.4506.2152; .NET CLR 3.5.30729)"
208.126.73.169 - - [17/Nov/2017:18:05:05 +0000] "GET /item/books/180 HTTP/1.1" 200 126 "/search/?c=Books" "Mozilla/5.0 (Windows NT 6.0; rv:10.0.1) Gecko/20100101 Firefox/10.0.1"
56.120.188.55 - - [17/Nov/2017:18:05:10 +0000] "GET /category/garden HTTP/1.1" 200 129 "-" "Mozilla/5.0 (iPad; CPU OS 5_0_1 like Mac OS X) AppleWebKit/534.46 (KHTML, like Gecko) Version/5.1 Mobile/9A405 Safari/7534.48.3"
20.180.93.217 - - [17/Nov/2017:18:05:15 +0000] "GET /item/computers/3996 HTTP/1.1" 200 70 "/category/electronics" "Mozilla/5.0 (Windows NT 6.0) AppleWebKit/535.11 (KHTML, like Gecko) Chrome/17.0.963.56 Safari/535.11"
96.183.135.66 - - [17/Nov/2017:18:05:20 +0000] "GET /item/books/335 HTTP/1.1" 200 49 "/search/?c=Books" "Mozilla/5.0 (Windows NT 6.1; WOW64) AppleWebKit/535.7 (KHTML, like Gecko) Chrome/16.0.912.77 Safari/535.7"
224.189.104.73 - - [17/Nov/2017:18:05:25 +0000] "GET /category/books HTTP/1.1" 200 67 "-" "Mozilla/5.0 (Windows NT 6.1; WOW64) AppleWebKit/535.11 (KHTML, like Gecko) Chrome/17.0.963.56 Safari/535.11"
140.144.140.227 - - [17/Nov/2017:18:05:30 +0000] "GET /item/software/1323 HTTP/1.1" 200 74 "/category/office" "Mozilla/5.0 (compatible; Googlebot/2.1; +http://www.google.com/bot.html)"
20.120.111.64 - - [17/Nov/2017:18:05:35 +0000] "GET /category/software HTTP/1.1" 200 104 "/search/?c=Electronics" "Mozilla/4.0 (compatible; MSIE 8.0; Windows NT 5.1; Trident/4.0; BTRS122159; GTB7.2; .NET CLR 1.1.4322; .NET CLR 2.0.50727; .NET CLR 3.0.04506.30; .NET CLR 3.0.4506.2152; .NET CLR 3.5.30729; BRI/2)"
64.138.87.214 - - [17/Nov/2017:18:05:40 +0000] "GET /item/software/2629 HTTP/1.1" 200 61 "/category/books" "Mozilla/5.0 (compatible; MSIE 9.0; Windows NT 6.1; WOW64; Trident/5.0)"
132.120.123.35 - - [17/Nov/2017:18:05:45 +0000] "GET /item/garden/2971 HTTP/1.1" 200 116 "/category/networking" "Mozilla/4.0 (compatible; MSIE 8.0; Windows NT 5.1; Trident/4.0; BTRS122159; GTB7.2; .NET CLR 1.1.4322; .NET CLR 2.0.50727; .NET CLR 3.0.04506.30; .NET CLR 3.0.4506.2152; .NET CLR 3.5.30729; BRI/2)"
28.129.94.208 - - [17/Nov/2017:18:05:50 +0000] "GET /item/books/939 HTTP/1.1" 200 48 "http://www.google.com/search?ie=UTF-8&q=google&sclient=psy-ab&q=Books+Games&oq=Books+Games&aq=f&aqi=g-vL1&aql=&pbx=1&bav=on.2,or.r_gc.r_pw.r_qf.,cf.osb&biw=2843&bih=127" "Mozilla/5.0 (Windows NT 6.0; rv:10.0.1) Gecko/20100101 Firefox/10.0.1"
148.18.219.25 - - [17/Nov/2017:18:05:55 +0000] "GET /item/games/3868 HTTP/1.1" 200 98 "-" "Mozilla/5.0 (Windows NT 6.0; rv:10.0.1) Gecko/20100101 Firefox/10.0.1"
48.84.25.228 - - [17/Nov/2017:18:06:00 +0000] "GET /item/health/961 HTTP/1.1" 200 102 "-" "Mozilla/5.0 (compatible; Googlebot/2.1; +http://www.google.com/bot.html)"
20.135.151.124 - - [17/Nov/2017:18:06:05 +0000] "GET /category/software HTTP/1.1" 200 131 "/item/books/757" "Mozilla/5.0 (Windows NT 6.1; WOW64) AppleWebKit/535.11 (KHTML, like Gecko) Chrome/17.0.963.56 Safari/535.11"
220.42.55.83 - - [17/Nov/2017:18:06:10 +0000] "GET /item/giftcards/3275 HTTP/1.1" 200 95 "/category/giftcards" "Mozilla/5.0 (Windows NT 6.1; WOW64) AppleWebKit/535.11 (KHTML, like Gecko) Chrome/17.0.963.56 Safari/535.11"
144.27.80.155 - - [17/Nov/2017:18:06:15 +0000] "GET /category/music HTTP/1.1" 200 138 "-" "Mozilla/4.0 (compatible; MSIE 8.0; Windows NT 6.1; WOW64; Trident/4.0; GTB7.2; SLCC2; .NET CLR 2.0.50727; .NET CLR 3.5.30729; .NET CLR 3.0.30729; Media Center PC 6.0; .NET4.0C)"
164.78.138.100 - - [17/Nov/2017:18:06:20 +0000] "GET /item/books/4067 HTTP/1.1" 200 121 "-" "Mozilla/4.0 (compatible; MSIE 8.0; Windows NT 6.0; WOW64; Trident/4.0; GTB6; SLCC1; .NET CLR 2.0.50727; Media Center PC 5.0; .NET CLR 3.5.30729; .NET CLR 3.0.30618; .NET4.0C)"
72.216.215.73 - - [17/Nov/2017:18:06:25 +0000] "GET /item/electronics/2451 HTTP/1.1" 200 108 "-" "Mozilla/4.0 (compatible; MSIE 8.0; Windows NT 5.1; Trident/4.0; BTRS122159; GTB7.2; .NET CLR 1.1.4322; .NET CLR 2.0.50727; .NET CLR 3.0.04506.30; .NET CLR 3.0.4506.2152; .NET CLR 3.5.30729; BRI/2)"
124.48.209.187 - - [17/Nov/2017:18:06:30 +0000] "GET /category/games HTTP/1.1" 200 87 "/category/finance" "Mozilla/5.0 (Windows NT 6.1; WOW64) AppleWebKit/535.7 (KHTML, like Gecko) Chrome/16.0.912.77 Safari/535.7"
96.75.214.176 - - [17/Nov/2017:18:06:35 +0000] "GET /category/software HTTP/1.1" 200 41 "/category/books" "Mozilla/5.0 (compatible; Googlebot/2.1; +http://www.google.com/bot.html)"
40.141.85.63 - - [17/Nov/2017:18:06:40 +0000] "GET /category/giftcards HTTP/1.1" 200 81 "/search/?c=Electronics" "Mozilla/5.0 (compatible; Googlebot/2.1; +http://www.google.com/bot.html)"
184.162.181.93 - - [17/Nov/2017:18:06:45 +0000] "GET /item/finance/4100 HTTP/1.1" 200 84 "-" "Mozilla/5.0 (Windows NT 6.1; WOW64; rv:10.0.1) Gecko/20100101 Firefox/10.0.1"
120.189.102.122 - - [17/Nov/2017:18:06:50 +0000] "GET /item/software/2036 HTTP/1.1" 200 55 "-" "Mozilla/4.0 (compatible; MSIE 8.0; Windows NT 6.1; WOW64; Trident/4.0; YTB730; GTB7.2; SLCC2; .NET CLR 2.0.50727; .NET CLR 3.5.30729; .NET CLR 3.0.30729; .NET4.0C; .NET4.0E; Media Center PC 6.0)"
132.219.26.113 - - [17/Nov/2017:18:06:55 +0000] "GET /item/books/1533 HTTP/1.1" 200 97 "-" "Mozilla/5.0 (Windows NT 5.1) AppleWebKit/535.11 (KHTML, like Gecko) Chrome/17.0.963.46 Safari/535.11"
60.33.34.174 - - [17/Nov/2017:18:07:00 +0000] "GET /item/health/4027 HTTP/1.1" 200 58 "/item/finance/3479" "Mozilla/5.0 (Macintosh; Intel Mac OS X 10.6; rv:9.0.1) Gecko/20100101 Firefox/9.0.1"
64.189.132.112 - - [17/Nov/2017:18:07:05 +0000] "GET /category/electronics HTTP/1.1" 200 119 "/category/garden" "Mozilla/4.0 (compatible; MSIE 8.0; Windows NT 6.1; WOW64; Trident/4.0; YTB730; GTB7.2; SLCC2; .NET CLR 2.0.50727; .NET CLR 3.5.30729; .NET CLR 3.0.30729; .NET4.0C; .NET4.0E; Media Center PC 6.0)"
140.78.40.160 - - [17/Nov/2017:18:07:10 +0000] "GET /category/software HTTP/1.1" 200 82 "/category/software" "Mozilla/5.0 (Windows NT 6.1; WOW64) AppleWebKit/535.11 (KHTML, like Gecko) Chrome/17.0.963.56 Safari/535.11"
124.48.209.187 - - [17/Nov/2017:18:07:15 +0000] "GET /item/computers/3135 HTTP/1.1" 200 107 "/category/software" "Mozilla/5.0 (Windows NT 6.1; WOW64) AppleWebKit/535.11 (KHTML, like Gecko) Chrome/17.0.963.56 Safari/535.11"
132.195.184.30 - - [17/Nov/2017:18:07:20 +0000] "POST /search/?c=Jewelry HTTP/1.1" 200 89 "-" "Mozilla/5.0 (Windows NT 5.1) AppleWebKit/535.11 (KHTML, like Gecko) Chrome/17.0.963.46 Safari/535.11"
128.222.178.102 - - [17/Nov/2017:18:07:25 +0000] "POST /search/?c=Games+Software HTTP/1.1" 200 55 "/category/computers" "Mozilla/5.0 (Windows NT 6.1; WOW64) AppleWebKit/535.11 (KHTML, like Gecko) Chrome/17.0.963.56 Safari/535.11"
180.225.135.58 - - [17/Nov/2017:18:07:30 +0000] "GET /category/giftcards?from=10 HTTP/1.1" 200 100 "/category/software" "Mozilla/5.0 (Windows NT 6.1; WOW64) AppleWebKit/535.11 (KHTML, like Gecko) Chrome/17.0.963.56 Safari/535.11"
88.27.37.78 - - [17/Nov/2017:18:07:35 +0000] "POST /search/?c=Toys+Toys HTTP/1.1" 200 69 "/item/health/961" "Mozilla/5.0 (Windows NT 6.0; rv:10.0.1) Gecko/20100101 Firefox/10.0.1"
128.222.178.102 - - [17/Nov/2017:18:07:40 +0000] "GET /category/software HTTP/1.1" 200 94 "/category/finance" "Mozilla/5.0 (Windows NT 6.1; WOW64) AppleWebKit/535.11 (KHTML, like Gecko) Chrome/17.0.963.56 Safari/535.11"
96.72.174.129 - - [17/Nov/2017:18:07:45 +0000] "POST /search/?c=Cameras+Office HTTP/1.1" 200 71 "/category/health" "Mozilla/4.0 (compatible; MSIE 8.0; Windows NT 6.1; WOW64; Trident/4.0; GTB7.2; SLCC2; .NET CLR 2.0.50727; .NET CLR 3.5.30729; .NET CLR 3.0.30729; Media Center PC 6.0; .NET4.0C)"
132.192.89.145 - - [17/Nov/2017:18:07:50 +0000] "GET /category/books HTTP/1.1" 200 85 "http://www.google.com/search?ie=UTF-8&q=google&sclient=psy-ab&q=Books+Games&oq=Books+Games&aq=f&aqi=g-vL1&aql=&pbx=1&bav=on.2,or.r_gc.r_pw.r_qf.,cf.osb&biw=1407&bih=339" "Mozilla/5.0 (compatible; MSIE 9.0; Windows NT 6.1; WOW64; Trident/5.0)"
40.177.178.144 - - [17/Nov/2017:18:07:55 +0000] "GET /category/software HTTP/1.1" 200 119 "/category/books" "Mozilla/5.0 (Windows NT 6.1; WOW64) AppleWebKit/535.11 (KHTML, like Gecko) Chrome/17.0.963.56 Safari/535.11"
136.225.199.202 - - [17/Nov/2017:18:08:00 +0000] "GET /category/games?from=0 HTTP/1.1" 200 70 "/category/games" "Mozilla/5.0 (Windows NT 6.0; rv:10.0.1) Gecko/20100101 Firefox/10.0.1"
180.225.166.107 - - [17/Nov/2017:18:08:05 +0000] "GET /category/games HTTP/1.1" 200 57 "http://www.google.com/search?ie=UTF-8&q=google&sclient=psy-ab&q=Games+Electronics&oq=Games+Electronics&aq=f&aqi=g-vL1&aql=&pbx=1&bav=on.2,or.r_gc.r_pw.r_qf.,cf.osb&biw=4138&bih=29" "Mozilla/5.0 (Windows NT 6.0; rv:10.0.1) Gecko/20100101 Firefox/10.0.1"
60.192.196.122 - - [17/Nov/2017:18:08:10 +0000] "GET /category/cameras HTTP/1.1" 200 99 "-" "Mozilla/5.0 (Windows NT 6.0; rv:10.0.1) Gecko/20100101 Firefox/10.0.1"
136.225.199.202 - - [17/Nov/2017:18:08:15 +0000] "POST /search/?c=Software+Electronics HTTP/1.1" 200 99 "/item/health/1329" "Mozilla/5.0 (Windows NT 6.0; rv:10.0.1) Gecko/20100101 Firefox/10.0.1"
192.108.192.88 - - [17/Nov/2017:18:08:20 +0000] "GET /category/software HTTP/1.1" 200 129 "-" "Mozilla/5.0 (compatible; MSIE 9.0; Windows NT 6.1; WOW64; Trident/5.0)"
68.222.159.224 - - [17/Nov/2017:18:08:25 +0000] "GET /category/office HTTP/1.1" 200 121 "-" "Mozilla/5.0 (compatible; MSIE 9.0; Windows NT 6.1; WOW64; Trident/5.0)"
104.24.39.126 - - [17/Nov/2017:18:08:30 +0000] "GET /category/software HTTP/1.1" 200 85 "/category/office" "Mozilla/5.0 (Windows NT 6.0) AppleWebKit/535.11 (KHTML, like Gecko) Chrome/17.0.963.56 Safari/535.11"
92.57.122.229 - - [17/Nov/2017:18:08:35 +0000] "GET /category/electronics HTTP/1.1" 200 51 "-" "Mozilla/4.0 (compatible; MSIE 8.0; Windows NT 6.1; Trident/4.0; YTB730; SLCC2; .NET CLR 2.0.50727; .NET CLR 3.5.30729; .NET CLR 3.0.30729; Media Center PC 6.0; .NET4.0C)"
168.201.46.220 - - [17/Nov/2017:18:08:40 +0000] "GET /category/toys HTTP/1.1" 200 47 "/category/office?from=0" "Mozilla/5.0 (Windows NT 6.0; rv:10.0.1) Gecko/20100101 Firefox/10.0.1"
104.63.161.214 - - [17/Nov/2017:18:08:45 +0000] "GET /item/software/4933 HTTP/1.1" 200 52 "-" "Mozilla/5.0 (Windows NT 6.0; rv:10.0.1) Gecko/20100101 Firefox/10.0.1"
156.93.179.59 - - [17/Nov/2017:18:08:50 +0000] "GET /category/jewelry HTTP/1.1" 200 102 "http://www.google.com/search?ie=UTF-8&q=google&sclient=psy-ab&q=Jewelry&oq=Jewelry&aq=f&aqi=g-vL1&aql=&pbx=1&bav=on.2,or.r_gc.r_pw.r_qf.,cf.osb&biw=3&bih=135" "Mozilla/5.0 (Windows NT 6.0; rv:10.0.1) Gecko/20100101 Firefox/10.0.1"
176.69.100.211 - - [17/Nov/2017:18:08:55 +0000] "GET /item/electronics/2868 HTTP/1.1" 200 41 "-" "Mozilla/5.0 (Windows NT 6.1; WOW64) AppleWebKit/535.11 (KHTML, like Gecko) Chrome/17.0.963.56 Safari/535.11"
188.96.82.146 - - [17/Nov/2017:18:09:00 +0000] "GET /item/electronics/1195 HTTP/1.1" 200 46 "/category/jewelry" "Mozilla/5.0 (Windows NT 6.0) AppleWebKit/535.11 (KHTML, like Gecko) Chrome/17.0.963.56 Safari/535.11"
152.87.67.123 - - [17/Nov/2017:18:09:05 +0000] "GET /category/books HTTP/1.1" 200 65 "/category/finance" "Mozilla/5.0 (compatible; MSIE 9.0; Windows NT 6.1; WOW64; Trident/5.0)"
216.210.207.165 - - [17/Nov/2017:18:09:10 +0000] "GET /item/software/2036 HTTP/1.1" 200 55 "-" "Mozilla/4.0 (compatible; MSIE 8.0; Windows NT 6.1; WOW64; Trident/4.0; YTB730; GTB7.2; EasyBits GO v1.0; SLCC2; .NET CLR 2.0.50727; .NET CLR 3.5.30729; .NET CLR 3.0.30729; Media Center PC 6.0; .NET4.0C)"
56.123.71.53 - - [17/Nov/2017:18:09:15 +0000] "GET /category/games HTTP/1.1" 200 114 "-" "Mozilla/5.0 (Macintosh; Intel Mac OS X 10.6; rv:9.0.1) Gecko/20100101 Firefox/9.0.1"
36.126.150.23 - - [17/Nov/2017:18:09:20 +0000] "GET /category/software HTTP/1.1" 200 110 "-" "Mozilla/4.0 (compatible; MSIE 8.0; Windows NT 5.1; Trident/4.0; BTRS122159; GTB7.2; .NET CLR 1.1.4322; .NET CLR 2.0.50727; .NET CLR 3.0.04506.30; .NET CLR 3.0.4506.2152; .NET CLR 3.5.30729; BRI/2)"
116.150.145.77 - - [17/Nov/2017:18:09:25 +0000] "GET /category/games HTTP/1.1" 200 111 "/category/games" "Mozilla/5.0 (compatible; MSIE 9.0; Windows NT 6.1; WOW64; Trident/5.0)"
116.180.157.149 - - [17/Nov/2017:18:09:30 +0000] "GET /category/books HTTP/1.1" 200 74 "-" "Mozilla/5.0 (Windows NT 6.1; WOW64) AppleWebKit/535.11 (KHTML, like Gecko) Chrome/17.0.963.56 Safari/535.11"
48.75.157.55 - - [17/Nov/2017:18:09:35 +0000] "GET /category/games HTTP/1.1" 200 59 "-" "Mozilla/5.0 (Macintosh; Intel Mac OS X 10.6; rv:9.0.1) Gecko/20100101 Firefox/9.0.1"
60.117.58.163 - - [17/Nov/2017:18:09:40 +0000] "GET /category/garden HTTP/1.1" 200 88 "/item/office/278" "Mozilla/4.0 (compatible; MSIE 8.0; Windows NT 6.0; WOW64; Trident/4.0; GTB6; SLCC1; .NET CLR 2.0.50727; Media Center PC 5.0; .NET CLR 3.5.30729; .NET CLR 3.0.30618; .NET4.0C)"
188.213.129.190 - - [17/Nov/2017:18:09:45 +0000] "GET /category/electronics HTTP/1.1" 200 82 "-" "Mozilla/5.0 (Windows NT 6.1; WOW64) AppleWebKit/535.7 (KHTML, like Gecko) Chrome/16.0.912.77 Safari/535.7"
40.195.97.189 - - [17/Nov/2017:18:09:50 +0000] "GET /category/software HTTP/1.1" 200 92 "-" "Mozilla/5.0 (Windows NT 6.0) AppleWebKit/535.11 (KHTML, like Gecko) Chrome/17.0.963.56 Safari/535.11"
196.168.130.146 - - [17/Nov/2017:18:09:55 +0000] "GET /category/electronics HTTP/1.1" 200 52 "/category/finance" "Mozilla/5.0 (Windows NT 6.0; rv:10.0.1) Gecko/20100101 Firefox/10.0.1"
84.219.194.27 - - [17/Nov/2017:18:10:00 +0000] "POST /search/?c=Games HTTP/1.1" 200 48 "/category/electronics" "Mozilla/5.0 (Windows NT 6.0) AppleWebKit/535.11 (KHTML, like Gecko) Chrome/17.0.963.56 Safari/535.11"
60.90.187.169 - - [17/Nov/2017:18:10:05 +0000] "GET /category/games HTTP/1.1" 200 91 "/search/?c=Garden" "Mozilla/5.0 (compatible; MSIE 9.0; Windows NT 6.1; WOW64; Trident/5.0)"
192.102.189.187 - - [17/Nov/2017:18:10:10 +0000] "GET /category/software HTTP/1.1" 200 105 "-" "Mozilla/5.0 (compatible; MSIE 9.0; Windows NT 6.1; WOW64; Trident/5.0)"
212.186.212.20 - - [17/Nov/2017:18:10:15 +0000] "GET /category/electronics HTTP/1.1" 200 78 "-" "Mozilla/5.0 (Windows NT 5.1) AppleWebKit/535.11 (KHTML, like Gecko) Chrome/17.0.963.46 Safari/535.11"
208.183.145.211 - - [17/Nov/2017:18:10:20 +0000] "POST /search/?c=Music+Music HTTP/1.1" 200 119 "/search/?c=Cameras+Finance" "Mozilla/5.0 (Windows NT 6.1; WOW64) AppleWebKit/535.7 (KHTML, like Gecko) Chrome/16.0.912.77 Safari/535.7"
60.117.58.163 - - [17/Nov/2017:18:10:25 +0000] "GET /category/books HTTP/1.1" 200 117 "/category/electronics" "Mozilla/5.0 (compatible; MSIE 9.0; Windows NT 6.1; Trident/5.0)"
224.129.127.102 - - [17/Nov/2017:18:10:30 +0000] "POST /search/?c=Giftcards HTTP/1.1" 200 104 "/category/garden" "Mozilla/5.0 (Windows NT 6.1; WOW64) AppleWebKit/535.7 (KHTML, like Gecko) Chrome/16.0.912.77 Safari/535.7"
84.162.134.68 - - [17/Nov/2017:18:10:35 +0000] "GET /category/software HTTP/1.1" 200 99 "-" "Mozilla/5.0 (Macintosh; Intel Mac OS X 10.6; rv:9.0.1) Gecko/20100101 Firefox/9.0.1"
36.24.74.155 - - [17/Nov/2017:18:10:40 +0000] "GET /category/software HTTP/1.1" 200 87 "/item/networking/4696" "Mozilla/5.0 (Windows NT 6.0; rv:10.0.1) Gecko/20100101 Firefox/10.0.1"
20.165.89.171 - - [17/Nov/2017:18:10:45 +0000] "GET /category/software HTTP/1.1" 200 92 "/category/games" "Mozilla/5.0 (Windows NT 6.1; WOW64) AppleWebKit/535.11 (KHTML, like Gecko) Chrome/17.0.963.56 Safari/535.11"
28.147.67.42 - - [17/Nov/2017:18:10:50 +0000] "GET /category/software HTTP/1.1" 200 82 "/category/software" "Mozilla/4.0 (compatible; MSIE 8.0; Windows NT 6.1; WOW64; Trident/4.0; GTB7.2; SLCC2; .NET CLR 2.0.50727; .NET CLR 3.5.30729; .NET CLR 3.0.30729; Media Center PC 6.0; .NET4.0C)"
116.144.123.207 - - [17/Nov/2017:18:10:55 +0000] "GET /category/books HTTP/1.1" 200 41 "-" "Mozilla/4.0 (compatible; MSIE 8.0; Windows NT 6.1; WOW64; Trident/4.0; YTB730; GTB7.2; SLCC2; .NET CLR 2.0.50727; .NET CLR 3.5.30729; .NET CLR 3.0.30729; .NET4.0C; .NET4.0E; Media Center PC 6.0)"
196.102.21.104 - - [17/Nov/2017:18:11:00 +0000] "GET /category/electronics HTTP/1.1" 200 82 "/item/finance/2872" "Mozilla/5.0 (Macintosh; Intel Mac OS X 10.6; rv:9.0.1) Gecko/20100101 Firefox/9.0.1"
128.54.20.112 - - [17/Nov/2017:18:11:05 +0000] "GET /category/software HTTP/1.1" 200 105 "-" "Mozilla/5.0 (Windows NT 6.1; WOW64) AppleWebKit/535.7 (KHTML, like Gecko) Chrome/16.0.912.77 Safari/535.7"
52.216.117.160 - - [17/Nov/2017:18:11:10 +0000] "GET /item/office/394 HTTP/1.1" 200 65 "/category/computers?from=0" "Mozilla/5.0 (Windows NT 6.0; rv:10.0.1) Gecko/20100101 Firefox/10.0.1"
20.192.47.128 - - [17/Nov/2017:18:11:15 +0000] "GET /category/software HTTP/1.1" 200 72 "/item/jewelry/4114" "Mozilla/5.0 (Windows NT 6.1; WOW64) AppleWebKit/535.7 (KHTML, like Gecko) Chrome/16.0.912.77 Safari/535.7"
160.45.81.35 - - [17/Nov/2017:18:11:20 +0000] "GET /category/computers?from=0 HTTP/1.1" 200 40 "/search/?c=Computers" "Mozilla/5.0 (compatible; MSIE 9.0; Windows NT 6.1; WOW64; Trident/5.0)"
124.108.42.189 - - [17/Nov/2017:18:11:25 +0000] "GET /category/garden?from=0 HTTP/1.1" 200 41 "/item/health/2887" "Mozilla/4.0 (compatible; MSIE 8.0; Windows NT 5.1; Trident/4.0; YTB720; GTB7.2; .NET CLR 1.1.4322; .NET CLR 2.0.50727; .NET CLR 3.0.4506.2152; .NET CLR 3.5.30729)"
208.114.138.190 - - [17/Nov/2017:18:11:30 +0000] "GET /category/health HTTP/1.1" 200 59 "/category/electronics" "Mozilla/5.0 (Macintosh; Intel Mac OS X 10.6; rv:9.0.1) Gecko/20100101 Firefox/9.0.1"
112.84.123.124 - - [17/Nov/2017:18:11:35 +0000] "GET /item/electronics/2374 HTTP/1.1" 200 96 "/category/computers" "Mozilla/5.0 (Windows NT 6.1; WOW64) AppleWebKit/535.7 (KHTML, like Gecko) Chrome/16.0.912.77 Safari/535.7"
20.144.126.37 - - [17/Nov/2017:18:11:40 +0000] "GET /category/software HTTP/1.1" 200 68 "/item/games/1021" "Mozilla/5.0 (Windows NT 6.0; rv:10.0.1) Gecko/20100101 Firefox/10.0.1"
60.54.88.65 - - [17/Nov/2017:18:11:45 +0000] "GET /category/software HTTP/1.1" 200 128 "/search/?c=Books+Jewelry" "Mozilla/5.0 (Windows NT 6.0; rv:10.0.1) Gecko/20100101 Firefox/10.0.1"
208.207.38.30 - - [17/Nov/2017:18:11:50 +0000] "GET /item/cameras/4503 HTTP/1.1" 200 92 "http://www.google.com/search?ie=UTF-8&q=google&sclient=psy-ab&q=Cameras+Software&oq=Cameras+Software&aq=f&aqi=g-vL1&aql=&pbx=1&bav=on.2,or.r_gc.r_pw.r_qf.,cf.osb&biw=2954&bih=154" "Mozilla/5.0 (Windows NT 6.0; rv:10.0.1) Gecko/20100101 Firefox/10.0.1"
220.72.103.132 - - [17/Nov/2017:18:11:55 +0000] "GET /category/software HTTP/1.1" 200 131 "/category/software" "Mozilla/5.0 (Macintosh; Intel Mac OS X 10.6; rv:9.0.1) Gecko/20100101 Firefox/9.0.1"
72.39.200.100 - - [17/Nov/2017:18:12:00 +0000] "GET /item/software/2456 HTTP/1.1" 200 77 "/category/electronics" "Mozilla/5.0 (Windows NT 6.1; WOW64; rv:10.0.1) Gecko/20100101 Firefox/10.0.1"
156.189.180.223 - - [17/Nov/2017:18:12:05 +0000] "POST /search/?c=Games HTTP/1.1" 200 48 "-" "Mozilla/5.0 (compatible; MSIE 9.0; Windows NT 6.1; Trident/5.0)"
188.198.226.23 - - [17/Nov/2017:18:12:10 +0000] "GET /category/office HTTP/1.1" 200 54 "-" "Mozilla/5.0 (Windows NT 6.1; WOW64; rv:10.0.1) Gecko/20100101 Firefox/10.0.1"
120.180.161.107 - - [17/Nov/2017:18:12:15 +0000] "GET /category/finance?from=10 HTTP/1.1" 200 96 "/category/jewelry" "Mozilla/5.0 (Windows NT 6.0) AppleWebKit/535.11 (KHTML, like Gecko) Chrome/17.0.963.56 Safari/535.11"
76.183.228.91 - - [17/Nov/2017:18:12:20 +0000] "GET /item/sports/4528 HTTP/1.1" 200 43 "/category/electronics" "Mozilla/5.0 (compatible; MSIE 9.0; Windows NT 6.1; WOW64; Trident/5.0)"
116.222.179.198 - - [17/Nov/2017:18:12:25 +0000] "GET /category/office HTTP/1.1" 200 46 "http://www.google.com/search?ie=UTF-8&q=google&sclient=psy-ab&q=Office+Software&oq=Office+Software&aq=f&aqi=g-vL1&aql=&pbx=1&bav=on.2,or.r_gc.r_pw.r_qf.,cf.osb&biw=962&bih=464" "Mozilla/5.0 (Windows NT 6.1; WOW64; rv:10.0.1) Gecko/20100101 Firefox/10.0.1"
212.192.182.120 - - [17/Nov/2017:18:12:30 +0000] "GET /item/office/2904 HTTP/1.1" 200 59 "http://www.google.com/search?ie=UTF-8&q=google&sclient=psy-ab&q=Office+Electronics&oq=Office+Electronics&aq=f&aqi=g-vL1&aql=&pbx=1&bav=on.2,or.r_gc.r_pw.r_qf.,cf.osb&biw=183&bih=12" "Mozilla/5.0 (compatible; Googlebot/2.1; +http://www.google.com/bot.html)"
32.156.124.60 - - [17/Nov/2017:18:12:35 +0000] "GET /category/software HTTP/1.1" 200 41 "/category/books" "Mozilla/5.0 (Windows NT 6.1; WOW64) AppleWebKit/535.11 (KHTML, like Gecko) Chrome/17.0.963.56 Safari/535.11"
144.168.60.186 - - [17/Nov/2017:18:12:40 +0000] "GET /category/electronics HTTP/1.1" 200 72 "-" "Mozilla/5.0 (Macintosh; Intel Mac OS X 10.6; rv:9.0.1) Gecko/20100101 Firefox/9.0.1"
136.147.227.152 - - [17/Nov/2017:18:12:45 +0000] "GET /category/games HTTP/1.1" 200 66 "-" "Mozilla/4.0 (compatible; MSIE 8.0; Windows NT 6.1; WOW64; Trident/4.0; YTB730; GTB7.2; SLCC2; .NET CLR 2.0.50727; .NET CLR 3.5.30729; .NET CLR 3.0.30729; .NET4.0C; .NET4.0E; Media Center PC 6.0)"
176.39.156.216 - - [17/Nov/2017:18:12:50 +0000] "GET /category/electronics HTTP/1.1" 200 49 "/item/software/4657" "Mozilla/5.0 (compatible; MSIE 9.0; Windows NT 6.1; WOW64; Trident/5.0)"
100.144.219.108 - - [17/Nov/2017:18:12:55 +0000] "GET /category/books HTTP/1.1" 200 78 "/item/health/4301" "Mozilla/5.0 (Windows NT 6.1; WOW64) AppleWebKit/535.11 (KHTML, like Gecko) Chrome/17.0.963.56 Safari/535.11"
152.150.62.199 - - [17/Nov/2017:18:13:00 +0000] "GET /item/networking/2789 HTTP/1.1" 200 132 "/category/games" "Mozilla/5.0 (Windows NT 6.0; rv:10.0.1) Gecko/20100101 Firefox/10.0.1"
120.216.45.120 - - [17/Nov/2017:18:13:05 +0000] "POST /search/?c=Networking HTTP/1.1" 200 110 "-" "Mozilla/4.0 (compatible; MSIE 8.0; Windows NT 6.1; WOW64; Trident/4.0; YTB730; GTB7.2; SLCC2; .NET CLR 2.0.50727; .NET CLR 3.5.30729; .NET CLR 3.0.30729; .NET4.0C; .NET4.0E; Media Center PC 6.0)"
152.120.32.93 - - [17/Nov/2017:18:13:10 +0000] "GET /category/games HTTP/1.1" 200 88 "/category/cameras" "Mozilla/4.0 (compatible; MSIE 8.0; Windows NT 5.1; Trident/4.0; BTRS122159; GTB7.2; .NET CLR 1.1.4322; .NET CLR 2.0.50727; .NET CLR 3.0.04506.30; .NET CLR 3.0.4506.2152; .NET CLR 3.5.30729; BRI/2)"
188.165.183.191 - - [17/Nov/2017:18:13:15 +0000] "POST /search/?c=Garden+Office HTTP/1.1" 200 100 "/category/office" "Mozilla/4.0 (compatible; MSIE 8.0; Windows NT 6.1; WOW64; Trident/4.0; YTB730; GTB7.2; SLCC2; .NET CLR 2.0.50727; .NET CLR 3.5.30729; .NET CLR 3.0.30729; .NET4.0C; .NET4.0E; Media Center PC 6.0)"
200.201.187.211 - - [17/Nov/2017:18:13:20 +0000] "GET /item/computers/4448 HTTP/1.1" 200 100 "-" "Mozilla/5.0 (Windows NT 5.1) AppleWebKit/535.11 (KHTML, like Gecko) Chrome/17.0.963.46 Safari/535.11"
136.138.110.70 - - [17/Nov/2017:18:13:25 +0000] "GET /category/software HTTP/1.1" 200 116 "-" "Mozilla/5.0 (iPhone; CPU iPhone OS 5_0_1 like Mac OS X) AppleWebKit/534.46 (KHTML, like Gecko) Version/5.1 Mobile/9A405 Safari/7534.48.3"
116.60.150.29 - - [17/Nov/2017:18:13:30 +0000] "GET /category/software HTTP/1.1" 200 134 "/item/finance/1295" "Mozilla/4.0 (compatible; MSIE 8.0; Windows NT 6.1; WOW64; Trident/4.0; YTB730; GTB7.2; SLCC2; .NET CLR 2.0.50727; .NET CLR 3.5.30729; .NET CLR 3.0.30729; .NET4.0C; .NET4.0E; Media Center PC 6.0)"
120.180.161.107 - - [17/Nov/2017:18:13:35 +0000] "GET /item/software/1546 HTTP/1.1" 200 45 "-" "Mozilla/5.0 (Windows NT 6.1; WOW64) AppleWebKit/535.11 (KHTML, like Gecko) Chrome/17.0.963.56 Safari/535.11"
68.156.204.168 - - [17/Nov/2017:18:13:40 +0000] "GET /category/electronics?from=20 HTTP/1.1" 200 97 "/item/networking/3624" "Mozilla/5.0 (Macintosh; Intel Mac OS X 10.6; rv:9.0.1) Gecko/20100101 Firefox/9.0.1"
104.63.161.214 - - [17/Nov/2017:18:13:45 +0000] "POST /search/?c=Computers HTTP/1.1" 200 100 "/item/computers/3585" "Mozilla/4.0 (compatible; MSIE 8.0; Windows NT 6.1; Trident/4.0; YTB730; SLCC2; .NET CLR 2.0.50727; .NET CLR 3.5.30729; .NET CLR 3.0.30729; Media Center PC 6.0; .NET4.0C)"
104.138.92.26 - - [17/Nov/2017:18:13:50 +0000] "GET /category/games HTTP/1.1" 200 96 "/search/?c=Software+Computers" "Mozilla/4.0 (compatible; MSIE 8.0; Windows NT 6.1; WOW64; Trident/4.0; YTB730; GTB7.2; SLCC2; .NET CLR 2.0.50727; .NET CLR 3.5.30729; .NET CLR 3.0.30729; .NET4.0C; .NET4.0E; Media Center PC 6.0)"
112.159.38.190 - - [17/Nov/2017:18:13:55 +0000] "GET /category/health HTTP/1.1" 200 100 "-" "Mozilla/5.0 (Windows NT 6.1; WOW64; rv:10.0.1) Gecko/20100101 Firefox/10.0.1"
176.117.229.92 - - [17/Nov/2017:18:14:00 +0000] "GET /item/computers/4182 HTTP/1.1" 200 50 "/item/toys/2432" "Mozilla/5.0 (Windows NT 6.0) AppleWebKit/535.11 (KHTML, like Gecko) Chrome/17.0.963.56 Safari/535.11"
152.66.214.200 - - [17/Nov/2017:18:14:05 +0000] "GET /item/giftcards/4757 HTTP/1.1" 200 133 "-" "Mozilla/5.0 (Windows NT 6.1; WOW64; rv:10.0.1) Gecko/20100101 Firefox/10.0.1"
148.27.172.38 - - [17/Nov/2017:18:14:10 +0000] "GET /category/books?from=10 HTTP/1.1" 200 86 "-" "Mozilla/5.0 (Macintosh; Intel Mac OS X 10.6; rv:9.0.1) Gecko/20100101 Firefox/9.0.1"
32.135.88.43 - - [17/Nov/2017:18:14:15 +0000] "GET /item/games/4108 HTTP/1.1" 200 60 "-" "Mozilla/5.0 (compatible; Googlebot/2.1; +http://www.google.com/bot.html)"
112.33.59.25 - - [17/Nov/2017:18:14:20 +0000] "GET /category/garden HTTP/1.1" 200 122 "-" "Mozilla/5.0 (Windows NT 6.0) AppleWebKit/535.11 (KHTML, like Gecko) Chrome/17.0.963.56 Safari/535.11"
216.84.184.134 - - [17/Nov/2017:18:14:25 +0000] "GET /category/health HTTP/1.1" 200 95 "-" "Mozilla/5.0 (Windows NT 6.1; WOW64) AppleWebKit/535.11 (KHTML, like Gecko) Chrome/17.0.963.56 Safari/535.11"
172.54.104.144 - - [17/Nov/2017:18:14:30 +0000] "GET /category/electronics HTTP/1.1" 200 79 "-" "Mozilla/4.0 (compatible; MSIE 8.0; Windows NT 5.1; Trident/4.0; BTRS122159; GTB7.2; .NET CLR 1.1.4322; .NET CLR 2.0.50727; .NET CLR 3.0.04506.30; .NET CLR 3.0.4506.2152; .NET CLR 3.5.30729; BRI/2)"
224.228.152.212 - - [17/Nov/2017:18:14:35 +0000] "GET /category/electronics HTTP/1.1" 200 78 "/item/books/4062" "Mozilla/5.0 (Macintosh; Intel Mac OS X 10.6; rv:9.0.1) Gecko/20100101 Firefox/9.0.1"
220.162.66.229 - - [17/Nov/2017:18:14:40 +0000] "GET /item/electronics/1679 HTTP/1.1" 200 70 "/category/electronics" "Mozilla/5.0 (Windows NT 6.0; rv:10.0.1) Gecko/20100101 Firefox/10.0.1"
184.60.35.189 - - [17/Nov/2017:18:14:45 +0000] "GET /item/electronics/705 HTTP/1.1" 200 92 "http://www.google.com/search?ie=UTF-8&q=google&sclient=psy-ab&q=Electronics+Electronics&oq=Electronics+Electronics&aq=f&aqi=g-vL1&aql=&pbx=1&bav=on.2,or.r_gc.r_pw.r_qf.,cf.osb&biw=4226&bih=280" "Mozilla/5.0 (Windows NT 6.0) AppleWebKit/535.11 (KHTML, like Gecko) Chrome/17.0.963.56 Safari/535.11"
148.63.165.61 - - [17/Nov/2017:18:14:50 +0000] "GET /item/software/2512 HTTP/1.1" 200 112 "/category/office" "Mozilla/5.0 (iPad; CPU OS 5_0_1 like Mac OS X) AppleWebKit/534.46 (KHTML, like Gecko) Version/5.1 Mobile/9A405 Safari/7534.48.3"
200.189.168.228 - - [17/Nov/2017:18:14:55 +0000] "GET /category/cameras?from=20 HTTP/1.1" 200 114 "/category/cameras" "Mozilla/5.0 (compatible; MSIE 9.0; Windows NT 6.1; Trident/5.0)"
216.183.77.82 - - [17/Nov/2017:18:15:00 +0000] "GET /item/software/530 HTTP/1.1" 200 126 "-" "Mozilla/5.0 (Windows NT 6.0; rv:10.0.1) Gecko/20100101 Firefox/10.0.1"
140.183.67.108 - - [17/Nov/2017:18:15:05 +0000] "GET /category/cameras?from=20 HTTP/1.1" 200 133 "/item/software/1594" "Mozilla/5.0 (Macintosh; Intel Mac OS X 10.6; rv:9.0.1) Gecko/20100101 Firefox/9.0.1"
104.117.61.206 - - [17/Nov/2017:18:15:10 +0000] "GET /category/electronics HTTP/1.1" 200 93 "-" "Mozilla/5.0 (compatible; Googlebot/2.1; +http://www.google.com/bot.html)"
172.51.61.163 - - [17/Nov/2017:18:15:15 +0000] "GET /category/software HTTP/1.1" 200 90 "/category/electronics" "Mozilla/5.0 (Windows NT 6.1; WOW64; rv:10.0.1) Gecko/20100101 Firefox/10.0.1"
20.153.84.177 - - [17/Nov/2017:18:15:20 +0000] "GET /category/office HTTP/1.1" 200 124 "-" "Mozilla/5.0 (Windows NT 6.0) AppleWebKit/535.11 (KHTML, like Gecko) Chrome/17.0.963.56 Safari/535.11"
136.27.27.51 - - [17/Nov/2017:18:15:25 +0000] "GET /category/software HTTP/1.1" 200 58 "/item/electronics/953" "Mozilla/5.0 (iPad; CPU OS 5_0_1 like Mac OS X) AppleWebKit/534.46 (KHTML, like Gecko) Version/5.1 Mobile/9A405 Safari/7534.48.3"
140.144.63.69 - - [17/Nov/2017:18:15:30 +0000] "GET /category/computers HTTP/1.1" 200 45 "/item/giftcards/4236" "Mozilla/5.0 (Windows NT 6.0) AppleWebKit/535.11 (KHTML, like Gecko) Chrome/17.0.963.56 Safari/535.11"
112.30.36.35 - - [17/Nov/2017:18:15:35 +0000] "GET /category/computers HTTP/1.1" 200 136 "http://www.google.com/search?ie=UTF-8&q=google&sclient=psy-ab&q=Computers+Giftcards&oq=Computers+Giftcards&aq=f&aqi=g-vL1&aql=&pbx=1&bav=on.2,or.r_gc.r_pw.r_qf.,cf.osb&biw=1761&bih=345" "Mozilla/5.0 (Windows NT 6.1; WOW64) AppleWebKit/535.11 (KHTML, like Gecko) Chrome/17.0.963.56 Safari/535.11"
60.54.88.65 - - [17/Nov/2017:18:15:40 +0000] "GET /category/electronics HTTP/1.1" 200 128 "-" "Mozilla/5.0 (Windows NT 6.0; rv:10.0.1) Gecko/20100101 Firefox/10.0.1"
104.63.161.214 - - [17/Nov/2017:18:15:45 +0000] "GET /item/electronics/3271 HTTP/1.1" 200 138 "-" "Mozilla/4.0 (compatible; MSIE 8.0; Windows NT 6.1; Trident/4.0; YTB730; SLCC2; .NET CLR 2.0.50727; .NET CLR 3.5.30729; .NET CLR 3.0.30729; Media Center PC 6.0; .NET4.0C)"
104.216.208.39 - - [17/Nov/2017:18:15:50 +0000] "GET /item/books/3757 HTTP/1.1" 200 115 "/category/electronics" "Mozilla/5.0 (Windows NT 5.1) AppleWebKit/535.11 (KHTML, like Gecko) Chrome/17.0.963.46 Safari/535.11"
152.150.118.201 - - [17/Nov/2017:18:15:55 +0000] "GET /item/networking/4706 HTTP/1.1" 200 61 "/category/office" "Mozilla/4.0 (compatible; MSIE 8.0; Windows NT 6.1; WOW64; Trident/4.0; GTB7.2; SLCC2; .NET CLR 2.0.50727; .NET CLR 3.5.30729; .NET CLR 3.0.30729; Media Center PC 6.0; .NET4.0C)"
140.144.63.69 - - [17/Nov/2017:18:16:00 +0000] "GET /category/software HTTP/1.1" 200 94 "/category/games" "Mozilla/5.0 (compatible; MSIE 9.0; Windows NT 6.1; WOW64; Trident/5.0)"
160.222.46.45 - - [17/Nov/2017:18:16:05 +0000] "GET /item/giftcards/1901 HTTP/1.1" 200 63 "-" "Mozilla/5.0 (compatible; MSIE 9.0; Windows NT 6.1; WOW64; Trident/5.0)"
192.54.212.194 - - [17/Nov/2017:18:16:10 +0000] "GET /item/electronics/4339 HTTP/1.1" 200 55 "http://www.google.com/search?ie=UTF-8&q=google&sclient=psy-ab&q=Electronics&oq=Electronics&aq=f&aqi=g-vL1&aql=&pbx=1&bav=on.2,or.r_gc.r_pw.r_qf.,cf.osb&biw=3112&bih=184" "Mozilla/5.0 (Macintosh; Intel Mac OS X 10.6; rv:9.0.1) Gecko/20100101 Firefox/9.0.1"
52.189.217.120 - - [17/Nov/2017:18:16:15 +0000] "GET /category/health HTTP/1.1" 200 59 "/category/software" "Mozilla/5.0 (Windows NT 6.0) AppleWebKit/535.11 (KHTML, like Gecko) Chrome/17.0.963.56 Safari/535.11"
40.126.50.218 - - [17/Nov/2017:18:16:20 +0000] "GET /item/games/1697 HTTP/1.1" 200 63 "/category/software" "Mozilla/5.0 (compatible; Googlebot/2.1; +http://www.google.com/bot.html)"
100.93.35.154 - - [17/Nov/2017:18:16:25 +0000] "GET /category/garden?from=20 HTTP/1.1" 200 86 "/category/software" "Mozilla/5.0 (Windows NT 6.0; rv:10.0.1) Gecko/20100101 Firefox/10.0.1"
132.225.76.162 - - [17/Nov/2017:18:16:30 +0000] "GET /category/software HTTP/1.1" 200 95 "-" "Mozilla/5.0 (Windows NT 6.1; WOW64) AppleWebKit/535.7 (KHTML, like Gecko) Chrome/16.0.912.77 Safari/535.7"
140.108.166.217 - - [17/Nov/2017:18:16:35 +0000] "GET /item/electronics/1911 HTTP/1.1" 200 122 "-" "Mozilla/4.0 (compatible; MSIE 8.0; Windows NT 6.0; WOW64; Trident/4.0; GTB6; SLCC1; .NET CLR 2.0.50727; Media Center PC 5.0; .NET CLR 3.5.30729; .NET CLR 3.0.30618; .NET4.0C)"
92.102.204.173 - - [17/Nov/2017:18:16:40 +0000] "GET /category/music?from=0 HTTP/1.1" 200 51 "/item/jewelry/4114" "Mozilla/5.0 (Windows NT 6.1; WOW64) AppleWebKit/535.7 (KHTML, like Gecko) Chrome/16.0.912.77 Safari/535.7"
72.219.156.125 - - [17/Nov/2017:18:16:45 +0000] "GET /item/giftcards/4757 HTTP/1.1" 200 102 "http://www.google.com/search?ie=UTF-8&q=google&sclient=psy-ab&q=Giftcards&oq=Giftcards&aq=f&aqi=g-vL1&aql=&pbx=1&bav=on.2,or.r_gc.r_pw.r_qf.,cf.osb&biw=1786&bih=330" "Mozilla/5.0 (Windows NT 6.1; WOW64) AppleWebKit/535.7 (KHTML, like Gecko) Chrome/16.0.912.77 Safari/535.7"
52.57.147.82 - - [17/Nov/2017:18:16:50 +0000] "GET /category/software HTTP/1.1" 200 56 "/category/software?from=0" "Mozilla/5.0 (Windows NT 6.0; rv:10.0.1) Gecko/20100101 Firefox/10.0.1"
112.159.47.221 - - [17/Nov/2017:18:16:55 +0000] "GET /category/software HTTP/1.1" 200 84 "-" "Mozilla/5.0 (Windows NT 6.0; rv:10.0.1) Gecko/20100101 Firefox/10.0.1"
152.105.117.77 - - [17/Nov/2017:18:17:00 +0000] "GET /category/jewelry HTTP/1.1" 200 59 "/item/books/469" "Mozilla/5.0 (iPad; CPU OS 5_0_1 like Mac OS X) AppleWebKit/534.46 (KHTML, like Gecko) Version/5.1 Mobile/9A405 Safari/7534.48.3"
164.177.22.225 - - [17/Nov/2017:18:17:05 +0000] "GET /item/electronics/287 HTTP/1.1" 200 50 "-" "Mozilla/4.0 (compatible; MSIE 8.0; Windows NT 6.0; WOW64; Trident/4.0; GTB6; SLCC1; .NET CLR 2.0.50727; Media Center PC 5.0; .NET CLR 3.5.30729; .NET CLR 3.0.30618; .NET4.0C)"
128.54.20.112 - - [17/Nov/2017:18:17:10 +0000] "GET /item/cameras/3320 HTTP/1.1" 200 109 "/category/cameras" "Mozilla/5.0 (Windows NT 6.1; WOW64) AppleWebKit/535.7 (KHTML, like Gecko) Chrome/16.0.912.77 Safari/535.7"
76.90.203.178 - - [17/Nov/2017:18:17:15 +0000] "GET /category/software HTTP/1.1" 200 83 "/search/?c=Computers" "Mozilla/5.0 (compatible; MSIE 9.0; Windows NT 6.1; WOW64; Trident/5.0)"
60.30.84.168 - - [17/Nov/2017:18:17:20 +0000] "GET /category/electronics HTTP/1.1" 200 79 "-" "Mozilla/5.0 (Macintosh; Intel Mac OS X 10.6; rv:9.0.1) Gecko/20100101 Firefox/9.0.1"
36.219.69.202 - - [17/Nov/2017:18:17:25 +0000] "GET /category/computers HTTP/1.1" 200 106 "-" "Mozilla/4.0 (compatible; MSIE 8.0; Windows NT 5.1; Trident/4.0; BTRS122159; GTB7.2; .NET CLR 1.1.4322; .NET CLR 2.0.50727; .NET CLR 3.0.04506.30; .NET CLR 3.0.4506.2152; .NET CLR 3.5.30729; BRI/2)"
100.219.202.52 - - [17/Nov/2017:18:17:30 +0000] "GET /item/music/2915 HTTP/1.1" 200 106 "http://www.google.com/search?ie=UTF-8&q=google&sclient=psy-ab&q=Music&oq=Music&aq=f&aqi=g-vL1&aql=&pbx=1&bav=on.2,or.r_gc.r_pw.r_qf.,cf.osb&biw=4790&bih=469" "Mozilla/4.0 (compatible; MSIE 8.0; Windows NT 6.1; WOW64; Trident/4.0; GTB7.2; SLCC2; .NET CLR 2.0.50727; .NET CLR 3.5.30729; .NET CLR 3.0.30729; Media Center PC 6.0; .NET4.0C)"
140.159.183.92 - - [17/Nov/2017:18:17:35 +0000] "GET /item/electronics/722 HTTP/1.1" 200 102 "/category/finance" "Mozilla/5.0 (Windows NT 6.0) AppleWebKit/535.11 (KHTML, like Gecko) Chrome/17.0.963.56 Safari/535.11"
136.111.189.48 - - [17/Nov/2017:18:17:40 +0000] "GET /category/jewelry HTTP/1.1" 200 116 "/category/cameras" "Mozilla/5.0 (Macintosh; Intel Mac OS X 10.6; rv:9.0.1) Gecko/20100101 Firefox/9.0.1"
84.126.57.104 - - [17/Nov/2017:18:17:45 +0000] "GET /category/finance HTTP/1.1" 200 55 "-" "Mozilla/5.0 (Windows NT 6.0; rv:10.0.1) Gecko/20100101 Firefox/10.0.1"
188.78.192.171 - - [17/Nov/2017:18:17:50 +0000] "GET /item/music/4403 HTTP/1.1" 200 96 "/item/software/3523" "Mozilla/5.0 (Windows NT 6.0; rv:10.0.1) Gecko/20100101 Firefox/10.0.1"
64.189.132.112 - - [17/Nov/2017:18:17:55 +0000] "GET /category/games HTTP/1.1" 200 114 "-" "Mozilla/5.0 (Macintosh; Intel Mac OS X 10.6; rv:9.0.1) Gecko/20100101 Firefox/9.0.1"
136.111.189.48 - - [17/Nov/2017:18:18:00 +0000] "GET /item/electronics/1309 HTTP/1.1" 200 133 "http://www.google.com/search?ie=UTF-8&q=google&sclient=psy-ab&q=Electronics&oq=Electronics&aq=f&aqi=g-vL1&aql=&pbx=1&bav=on.2,or.r_gc.r_pw.r_qf.,cf.osb&biw=2762&bih=373" "Mozilla/5.0 (compatible; Googlebot/2.1; +http://www.google.com/bot.html)"
156.222.94.210 - - [17/Nov/2017:18:18:05 +0000] "GET /item/giftcards/2757 HTTP/1.1" 200 50 "-" "Mozilla/5.0 (Windows NT 6.0; rv:10.0.1) Gecko/20100101 Firefox/10.0.1"
92.216.114.137 - - [17/Nov/2017:18:18:10 +0000] "GET /category/software HTTP/1.1" 200 77 "/item/electronics/4072" "Mozilla/5.0 (Windows NT 6.0) AppleWebKit/535.11 (KHTML, like Gecko) Chrome/17.0.963.56 Safari/535.11"
180.228.190.87 - - [17/Nov/2017:18:18:15 +0000] "GET /category/jewelry HTTP/1.1" 200 76 "-" "Mozilla/5.0 (iPhone; CPU iPhone OS 5_0_1 like Mac OS X) AppleWebKit/534.46 (KHTML, like Gecko) Version/5.1 Mobile/9A405 Safari/7534.48.3"
112.69.33.49 - - [17/Nov/2017:18:18:20 +0000] "GET /item/computers/3135 HTTP/1.1" 200 107 "-" "Mozilla/5.0 (Windows NT 6.1; WOW64; rv:10.0.1) Gecko/20100101 Firefox/10.0.1"
152.150.118.201 - - [17/Nov/2017:18:18:25 +0000] "GET /category/garden HTTP/1.1" 200 122 "/category/electronics" "Mozilla/5.0 (Windows NT 6.1; WOW64; rv:10.0.1) Gecko/20100101 Firefox/10.0.1"
148.141.150.198 - - [17/Nov/2017:18:18:30 +0000] "GET /category/software HTTP/1.1" 200 114 "/category/cameras" "Mozilla/4.0 (compatible; MSIE 8.0; Windows NT 6.0; WOW64; Trident/4.0; GTB6; SLCC1; .NET CLR 2.0.50727; Media Center PC 5.0; .NET CLR 3.5.30729; .NET CLR 3.0.30618; .NET4.0C)"
228.165.180.112 - - [17/Nov/2017:18:18:35 +0000] "GET /item/electronics/2990 HTTP/1.1" 200 69 "/search/?c=Electronics" "Mozilla/5.0 (compatible; Googlebot/2.1; +http://www.google.com/bot.html)"
84.21.159.189 - - [17/Nov/2017:18:18:40 +0000] "GET /item/software/3165 HTTP/1.1" 200 63 "/category/computers" "Mozilla/5.0 (Windows NT 6.1; WOW64; rv:10.0.1) Gecko/20100101 Firefox/10.0.1"
224.228.152.212 - - [17/Nov/2017:18:18:45 +0000] "GET /item/books/4255 HTTP/1.1" 200 108 "/category/office" "Mozilla/5.0 (Macintosh; Intel Mac OS X 10.6; rv:9.0.1) Gecko/20100101 Firefox/9.0.1"
196.81.179.31 - - [17/Nov/2017:18:18:50 +0000] "GET /category/office HTTP/1.1" 200 117 "-" "Mozilla/5.0 (Macintosh; Intel Mac OS X 10.6; rv:9.0.1) Gecko/20100101 Firefox/9.0.1"
152.129.164.95 - - [17/Nov/2017:18:18:55 +0000] "GET /category/finance HTTP/1.1" 200 125 "-" "Mozilla/5.0 (Macintosh; Intel Mac OS X 10.6; rv:9.0.1) Gecko/20100101 Firefox/9.0.1"
96.195.52.25 - - [17/Nov/2017:18:19:00 +0000] "POST /search/?c=Books+Giftcards HTTP/1.1" 200 69 "-" "Mozilla/5.0 (Windows NT 6.0; rv:10.0.1) Gecko/20100101 Firefox/10.0.1"
128.120.138.51 - - [17/Nov/2017:18:19:05 +0000] "GET /item/finance/4175 HTTP/1.1" 200 42 "/item/software/3165" "Mozilla/5.0 (Windows NT 6.1; WOW64; rv:10.0.1) Gecko/20100101 Firefox/10.0.1"
44.57.212.87 - - [17/Nov/2017:18:19:10 +0000] "GET /item/networking/3831 HTTP/1.1" 200 85 "/search/?c=Software" "Mozilla/4.0 (compatible; MSIE 8.0; Windows NT 5.1; Trident/4.0; YTB720; GTB7.2; .NET CLR 1.1.4322; .NET CLR 2.0.50727; .NET CLR 3.0.4506.2152; .NET CLR 3.5.30729)"
224.171.144.182 - - [17/Nov/2017:18:19:15 +0000] "POST /search/?c=Garden HTTP/1.1" 200 120 "-" "Mozilla/4.0 (compatible; MSIE 8.0; Windows NT 6.1; WOW64; Trident/4.0; GTB7.2; SLCC2; .NET CLR 2.0.50727; .NET CLR 3.5.30729; .NET CLR 3.0.30729; Media Center PC 6.0; .NET4.0C)"
56.150.202.109 - - [17/Nov/2017:18:19:20 +0000] "GET /item/software/3961 HTTP/1.1" 200 86 "/search/?c=Toys+Toys" "Mozilla/4.0 (compatible; MSIE 8.0; Windows NT 5.1; Trident/4.0; BTRS122159; GTB7.2; .NET CLR 1.1.4322; .NET CLR 2.0.50727; .NET CLR 3.0.04506.30; .NET CLR 3.0.4506.2152; .NET CLR 3.5.30729; BRI/2)"
60.150.49.62 - - [17/Nov/2017:18:19:25 +0000] "GET /item/office/2035 HTTP/1.1" 200 120 "-" "Mozilla/5.0 (Windows NT 6.1; WOW64) AppleWebKit/535.7 (KHTML, like Gecko) Chrome/16.0.912.77 Safari/535.7"
196.162.93.51 - - [17/Nov/2017:18:19:30 +0000] "GET /category/electronics HTTP/1.1" 200 97 "/item/health/2403" "Mozilla/5.0 (Windows NT 5.1) AppleWebKit/535.11 (KHTML, like Gecko) Chrome/17.0.963.46 Safari/535.11"
104.138.92.26 - - [17/Nov/2017:18:19:35 +0000] "GET /item/garden/1220 HTTP/1.1" 200 112 "/item/games/2215" "Mozilla/4.0 (compatible; MSIE 8.0; Windows NT 6.1; WOW64; Trident/4.0; YTB730; GTB7.2; SLCC2; .NET CLR 2.0.50727; .NET CLR 3.5.30729; .NET CLR 3.0.30729; .NET4.0C; .NET4.0E; Media Center PC 6.0)"
164.165.47.101 - - [17/Nov/2017:18:19:40 +0000] "GET /category/books HTTP/1.1" 200 80 "/item/books/953" "Mozilla/5.0 (Windows NT 6.1; WOW64) AppleWebKit/535.7 (KHTML, like Gecko) Chrome/16.0.912.77 Safari/535.7"
140.27.162.195 - - [17/Nov/2017:18:19:45 +0000] "GET /category/books HTTP/1.1" 200 85 "/item/books/1503" "Mozilla/5.0 (Macintosh; Intel Mac OS X 10.6; rv:9.0.1) Gecko/20100101 Firefox/9.0.1"
196.165.36.208 - - [17/Nov/2017:18:19:50 +0000] "GET /category/books HTTP/1.1" 200 84 "-" "Mozilla/5.0 (Windows NT 6.1; WOW64) AppleWebKit/535.7 (KHTML, like Gecko) Chrome/16.0.912.77 Safari/535.7"
92.57.122.229 - - [17/Nov/2017:18:19:55 +0000] "GET /item/sports/933 HTTP/1.1" 200 83 "-" "Mozilla/5.0 (compatible; MSIE 9.0; Windows NT 6.1; WOW64; Trident/5.0)"
52.219.45.68 - - [17/Nov/2017:18:20:00 +0000] "GET /category/electronics HTTP/1.1" 200 83 "/item/software/3887" "Mozilla/5.0 (Windows NT 6.1; WOW64) AppleWebKit/535.11 (KHTML, like Gecko) Chrome/17.0.963.56 Safari/535.11"
76.75.163.170 - - [17/Nov/2017:18:20:05 +0000] "GET /category/electronics HTTP/1.1" 200 79 "-" "Mozilla/5.0 (Windows NT 6.1; WOW64) AppleWebKit/535.11 (KHTML, like Gecko) Chrome/17.0.963.56 Safari/535.11"
152.225.175.76 - - [17/Nov/2017:18:20:10 +0000] "GET /item/garden/4648 HTTP/1.1" 200 76 "/category/garden" "Mozilla/5.0 (Windows NT 6.1; WOW64) AppleWebKit/535.11 (KHTML, like Gecko) Chrome/17.0.963.56 Safari/535.11"
116.60.150.29 - - [17/Nov/2017:18:20:15 +0000] "GET /item/cameras/801 HTTP/1.1" 200 114 "-" "Mozilla/4.0 (compatible; MSIE 8.0; Windows NT 5.1; Trident/4.0; YTB720; GTB7.2; .NET CLR 1.1.4322; .NET CLR 2.0.50727; .NET CLR 3.0.4506.2152; .NET CLR 3.5.30729)"
20.63.176.160 - - [17/Nov/2017:18:20:20 +0000] "GET /category/books HTTP/1.1" 200 73 "-" "Mozilla/5.0 (Windows NT 5.1) AppleWebKit/535.11 (KHTML, like Gecko) Chrome/17.0.963.46 Safari/535.11"
204.78.117.193 - - [17/Nov/2017:18:20:25 +0000] "GET /item/electronics/4072 HTTP/1.1" 200 63 "/category/books" "Mozilla/4.0 (compatible; MSIE 8.0; Windows NT 6.0; WOW64; Trident/4.0; GTB6; SLCC1; .NET CLR 2.0.50727; Media Center PC 5.0; .NET CLR 3.5.30729; .NET CLR 3.0.30618; .NET4.0C)"
160.177.26.162 - - [17/Nov/2017:18:20:30 +0000] "GET /item/computers/770 HTTP/1.1" 200 105 "/category/finance" "Mozilla/5.0 (compatible; MSIE 9.0; Windows NT 6.1; Trident/5.0)"
56.186.73.100 - - [17/Nov/2017:18:20:35 +0000] "POST /search/?c=Books HTTP/1.1" 200 127 "-" "Mozilla/5.0 (compatible; MSIE 9.0; Windows NT 6.1; Trident/5.0)"
196.186.196.93 - - [17/Nov/2017:18:20:40 +0000] "GET /category/garden HTTP/1.1" 200 126 "-" "Mozilla/5.0 (Windows NT 6.1; WOW64) AppleWebKit/535.11 (KHTML, like Gecko) Chrome/17.0.963.56 Safari/535.11"
36.219.69.202 - - [17/Nov/2017:18:20:45 +0000] "GET /category/jewelry HTTP/1.1" 200 40 "/category/electronics?from=10" "Mozilla/4.0 (compatible; MSIE 8.0; Windows NT 5.1; Trident/4.0; BTRS122159; GTB7.2; .NET CLR 1.1.4322; .NET CLR 2.0.50727; .NET CLR 3.0.04506.30; .NET CLR 3.0.4506.2152; .NET CLR 3.5.30729; BRI/2)"
140.63.80.89 - - [17/Nov/2017:18:20:50 +0000] "GET /category/sports HTTP/1.1" 200 137 "/item/networking/3979" "Mozilla/5.0 (Windows NT 6.1; WOW64) AppleWebKit/535.11 (KHTML, like Gecko) Chrome/17.0.963.56 Safari/535.11"
96.105.101.123 - - [17/Nov/2017:18:20:55 +0000] "GET /item/finance/1103 HTTP/1.1" 200 109 "/category/software?from=20" "Mozilla/5.0 (Windows NT 5.1) AppleWebKit/535.11 (KHTML, like Gecko) Chrome/17.0.963.46 Safari/535.11"
24.48.22.162 - - [17/Nov/2017:18:21:00 +0000] "GET /item/software/1950 HTTP/1.1" 200 117 "/category/games" "Mozilla/5.0 (Windows NT 6.1; WOW64) AppleWebKit/535.11 (KHTML, like Gecko) Chrome/17.0.963.56 Safari/535.11"
60.126.223.156 - - [17/Nov/2017:18:21:05 +0000] "GET /category/office HTTP/1.1" 200 57 "/item/books/3757" "Mozilla/5.0 (Windows NT 6.0; rv:10.0.1) Gecko/20100101 Firefox/10.0.1"
80.144.46.167 - - [17/Nov/2017:18:21:10 +0000] "GET /category/software HTTP/1.1" 200 129 "/item/electronics/705" "Mozilla/5.0 (compatible; MSIE 9.0; Windows NT 6.1; Trident/5.0)"
64.99.106.139 - - [17/Nov/2017:18:21:15 +0000] "GET /item/giftcards/2757 HTTP/1.1" 200 50 "/item/cameras/2523" "Mozilla/5.0 (Macintosh; Intel Mac OS X 10.6; rv:9.0.1) Gecko/20100101 Firefox/9.0.1"
44.60.152.105 - - [17/Nov/2017:18:21:20 +0000] "GET /category/finance HTTP/1.1" 200 71 "http://www.google.com/search?ie=UTF-8&q=google&sclient=psy-ab&q=Finance&oq=Finance&aq=f&aqi=g-vL1&aql=&pbx=1&bav=on.2,or.r_gc.r_pw.r_qf.,cf.osb&biw=2890&bih=114" "Mozilla/5.0 (Windows NT 6.1; WOW64) AppleWebKit/535.7 (KHTML, like Gecko) Chrome/16.0.912.77 Safari/535.7"
60.30.169.122 - - [17/Nov/2017:18:21:25 +0000] "GET /category/networking HTTP/1.1" 200 136 "-" "Mozilla/5.0 (compatible; MSIE 9.0; Windows NT 6.1; WOW64; Trident/5.0)"
88.57.117.104 - - [17/Nov/2017:18:21:30 +0000] "GET /item/electronics/3036 HTTP/1.1" 200 49 "-" "Mozilla/5.0 (Macintosh; Intel Mac OS X 10.6; rv:9.0.1) Gecko/20100101 Firefox/9.0.1"
104.225.169.202 - - [17/Nov/2017:18:21:35 +0000] "GET /item/electronics/1466 HTTP/1.1" 200 67 "-" "Mozilla/5.0 (Windows NT 6.1; WOW64) AppleWebKit/535.11 (KHTML, like Gecko) Chrome/17.0.963.56 Safari/535.11"
96.75.214.176 - - [17/Nov/2017:18:21:40 +0000] "GET /item/giftcards/357 HTTP/1.1" 200 92 "-" "Mozilla/5.0 (Windows NT 6.0; rv:10.0.1) Gecko/20100101 Firefox/10.0.1"
116.36.140.116 - - [17/Nov/2017:18:21:45 +0000] "GET /item/health/1983 HTTP/1.1" 200 59 "-" "Mozilla/5.0 (Windows NT 6.0) AppleWebKit/535.11 (KHTML, like Gecko) Chrome/17.0.963.56 Safari/535.11"
32.132.45.143 - - [17/Nov/2017:18:21:50 +0000] "GET /category/office HTTP/1.1" 200 126 "/item/computers/4707" "Mozilla/5.0 (iPad; CPU OS 5_0_1 like Mac OS X) AppleWebKit/534.46 (KHTML, like Gecko) Version/5.1 Mobile/9A405 Safari/7534.48.3"
216.129.86.169 - - [17/Nov/2017:18:21:55 +0000] "GET /category/electronics HTTP/1.1" 200 110 "-" "Mozilla/5.0 (Windows NT 6.1; WOW64) AppleWebKit/535.11 (KHTML, like Gecko) Chrome/17.0.963.56 Safari/535.11"
220.222.196.154 - - [17/Nov/2017:18:22:00 +0000] "GET /item/software/4545 HTTP/1.1" 200 135 "/item/games/1490" "Mozilla/5.0 (compatible; MSIE 9.0; Windows NT 6.1; Trident/5.0)"
108.93.207.173 - - [17/Nov/2017:18:22:05 +0000] "GET /category/garden HTTP/1.1" 200 126 "-" "Mozilla/5.0 (Macintosh; Intel Mac OS X 10.6; rv:9.0.1) Gecko/20100101 Firefox/9.0.1"
136.21.168.104 - - [17/Nov/2017:18:22:10 +0000] "GET /category/software HTTP/1.1" 200 131 "-" "Mozilla/4.0 (compatible; MSIE 8.0; Windows NT 6.1; WOW64; Trident/4.0; YTB730; GTB7.2; EasyBits GO v1.0; SLCC2; .NET CLR 2.0.50727; .NET CLR 3.5.30729; .NET CLR 3.0.30729; Media Center PC 6.0; .NET4.0C)"
52.132.139.46 - - [17/Nov/2017:18:22:15 +0000] "GET /category/electronics HTTP/1.1" 200 101 "-" "Mozilla/5.0 (Windows NT 6.0) AppleWebKit/535.11 (KHTML, like Gecko) Chrome/17.0.963.56 Safari/535.11"
100.81.22.31 - - [17/Nov/2017:18:22:20 +0000] "GET /item/books/3588 HTTP/1.1" 200 117 "/item/garden/1912" "Mozilla/5.0 (iPhone; CPU iPhone OS 5_0_1 like Mac OS X) AppleWebKit/534.46 (KHTML, like Gecko) Version/5.1 Mobile/9A405 Safari/7534.48.3"
108.171.226.164 - - [17/Nov/2017:18:22:25 +0000] "GET /item/software/3586 HTTP/1.1" 200 111 "/category/electronics" "Mozilla/4.0 (compatible; MSIE 8.0; Windows NT 6.0; WOW64; Trident/4.0; GTB6; SLCC1; .NET CLR 2.0.50727; Media Center PC 5.0; .NET CLR 3.5.30729; .NET CLR 3.0.30618; .NET4.0C)"
76.75.163.170 - - [17/Nov/2017:18:22:30 +0000] "GET /category/software HTTP/1.1" 200 48 "/search/?c=Software+Networking" "Mozilla/5.0 (Windows NT 6.0; rv:10.0.1) Gecko/20100101 Firefox/10.0.1"
96.213.225.72 - - [17/Nov/2017:18:22:35 +0000] "GET /item/games/1697 HTTP/1.1" 200 63 "-" "Mozilla/4.0 (compatible; MSIE 8.0; Windows NT 6.1; WOW64; Trident/4.0; YTB730; GTB7.2; EasyBits GO v1.0; SLCC2; .NET CLR 2.0.50727; .NET CLR 3.5.30729; .NET CLR 3.0.30729; Media Center PC 6.0; .NET4.0C)"
32.189.72.176 - - [17/Nov/2017:18:22:40 +0000] "GET /item/software/517 HTTP/1.1" 200 123 "-" "Mozilla/5.0 (compatible; MSIE 9.0; Windows NT 6.1; WOW64; Trident/5.0)"
192.51.157.22 - - [17/Nov/2017:18:22:45 +0000] "GET /item/electronics/4339 HTTP/1.1" 200 55 "http://www.google.com/search?ie=UTF-8&q=google&sclient=psy-ab&q=Electronics&oq=Electronics&aq=f&aqi=g-vL1&aql=&pbx=1&bav=on.2,or.r_gc.r_pw.r_qf.,cf.osb&biw=3112&bih=184" "Mozilla/5.0 (Windows NT 6.1; WOW64) AppleWebKit/535.11 (KHTML, like Gecko) Chrome/17.0.963.56 Safari/535.11"
132.120.217.35 - - [17/Nov/2017:18:22:50 +0000] "GET /category/books HTTP/1.1" 200 57 "-" "Mozilla/4.0 (compatible; MSIE 8.0; Windows NT 6.1; WOW64; Trident/4.0; GTB7.2; SLCC2; .NET CLR 2.0.50727; .NET CLR 3.5.30729; .NET CLR 3.0.30729; Media Center PC 6.0; .NET4.0C)"
44.189.22.22 - - [17/Nov/2017:18:22:55 +0000] "GET /category/games HTTP/1.1" 200 108 "-" "Mozilla/5.0 (Windows NT 6.0; rv:10.0.1) Gecko/20100101 Firefox/10.0.1"
60.30.37.117 - - [17/Nov/2017:18:23:00 +0000] "GET /item/electronics/1706 HTTP/1.1" 200 119 "/item/games/4277" "Mozilla/5.0 (Windows NT 6.0; rv:10.0.1) Gecko/20100101 Firefox/10.0.1"
108.78.86.154 - - [17/Nov/2017:18:23:05 +0000] "GET /item/books/3588 HTTP/1.1" 200 117 "/category/books" "Mozilla/5.0 (Windows NT 6.1; WOW64) AppleWebKit/535.7 (KHTML, like Gecko) Chrome/16.0.912.77 Safari/535.7"
220.99.157.29 - - [17/Nov/2017:18:23:10 +0000] "GET /category/computers HTTP/1.1" 200 131 "/category/office" "Mozilla/5.0 (Windows NT 6.0; rv:10.0.1) Gecko/20100101 Firefox/10.0.1"
128.123.27.92 - - [17/Nov/2017:18:23:15 +0000] "GET /category/games HTTP/1.1" 200 115 "-" "Mozilla/5.0 (compatible; MSIE 9.0; Windows NT 6.1; Trident/5.0)"
72.156.55.140 - - [17/Nov/2017:18:23:20 +0000] "GET /category/toys?from=20 HTTP/1.1" 200 70 "/item/software/1546" "Mozilla/4.0 (compatible; MSIE 8.0; Windows NT 5.1; Trident/4.0; BTRS122159; GTB7.2; .NET CLR 1.1.4322; .NET CLR 2.0.50727; .NET CLR 3.0.04506.30; .NET CLR 3.0.4506.2152; .NET CLR 3.5.30729; BRI/2)"
128.90.218.42 - - [17/Nov/2017:18:23:25 +0000] "GET /category/software HTTP/1.1" 200 81 "-" "Mozilla/5.0 (compatible; Googlebot/2.1; +http://www.google.com/bot.html)"
136.30.65.186 - - [17/Nov/2017:18:23:30 +0000] "GET /item/electronics/663 HTTP/1.1" 404 78 "/search/?c=Electronics" "Mozilla/5.0 (iPhone; CPU iPhone OS 5_0_1 like Mac OS X) AppleWebKit/534.46 (KHTML, like Gecko) Version/5.1 Mobile/9A405 Safari/7534.48.3"
116.132.223.92 - - [17/Nov/2017:18:23:35 +0000] "GET /item/cameras/2822 HTTP/1.1" 200 131 "-" "Mozilla/5.0 (Macintosh; Intel Mac OS X 10.6; rv:9.0.1) Gecko/20100101 Firefox/9.0.1"
112.165.201.203 - - [17/Nov/2017:18:23:40 +0000] "GET /item/music/2048 HTTP/1.1" 200 56 "-" "Mozilla/4.0 (compatible; MSIE 8.0; Windows NT 5.1; Trident/4.0; YTB720; GTB7.2; .NET CLR 1.1.4322; .NET CLR 2.0.50727; .NET CLR 3.0.4506.2152; .NET CLR 3.5.30729)"
220.99.157.29 - - [17/Nov/2017:18:23:45 +0000] "GET /category/electronics HTTP/1.1" 200 54 "-" "Mozilla/5.0 (iPad; CPU OS 5_0_1 like Mac OS X) AppleWebKit/534.46 (KHTML, like Gecko) Version/5.1 Mobile/9A405 Safari/7534.48.3"
124.207.71.32 - - [17/Nov/2017:18:23:50 +0000] "GET /item/electronics/4248 HTTP/1.1" 200 48 "/category/electronics" "Mozilla/5.0 (Windows NT 6.0; rv:10.0.1) Gecko/20100101 Firefox/10.0.1"
76.114.187.160 - - [17/Nov/2017:18:23:55 +0000] "GET /category/electronics HTTP/1.1" 200 51 "-" "Mozilla/5.0 (compatible; MSIE 9.0; Windows NT 6.1; Trident/5.0)"
216.222.35.46 - - [17/Nov/2017:18:24:00 +0000] "GET /category/electronics HTTP/1.1" 200 72 "-" "Mozilla/5.0 (Windows NT 6.1; WOW64) AppleWebKit/535.7 (KHTML, like Gecko) Chrome/16.0.912.77 Safari/535.7"
76.138.226.38 - - [17/Nov/2017:18:24:05 +0000] "GET /category/jewelry HTTP/1.1" 200 77 "-" "Mozilla/4.0 (compatible; MSIE 8.0; Windows NT 5.1; Trident/4.0; BTRS122159; GTB7.2; .NET CLR 1.1.4322; .NET CLR 2.0.50727; .NET CLR 3.0.04506.30; .NET CLR 3.0.4506.2152; .NET CLR 3.5.30729; BRI/2)"
68.207.95.201 - - [17/Nov/2017:18:24:10 +0000] "GET /item/cameras/801 HTTP/1.1" 200 114 "-" "Mozilla/4.0 (compatible; MSIE 8.0; Windows NT 6.1; WOW64; Trident/4.0; YTB730; GTB7.2; SLCC2; .NET CLR 2.0.50727; .NET CLR 3.5.30729; .NET CLR 3.0.30729; .NET4.0C; .NET4.0E; Media Center PC 6.0)"
40.36.176.35 - - [17/Nov/2017:18:24:15 +0000] "GET /item/games/4709 HTTP/1.1" 200 43 "-" "Mozilla/5.0 (Windows NT 6.0; rv:10.0.1) Gecko/20100101 Firefox/10.0.1"
164.63.57.53 - - [17/Nov/2017:18:24:20 +0000] "GET /category/garden HTTP/1.1" 200 134 "-" "Mozilla/5.0 (Windows NT 6.1; WOW64; rv:10.0.1) Gecko/20100101 Firefox/10.0.1"
80.126.81.138 - - [17/Nov/2017:18:24:25 +0000] "GET /category/cameras HTTP/1.1" 200 53 "-" "Mozilla/5.0 (Macintosh; Intel Mac OS X 10.6; rv:9.0.1) Gecko/20100101 Firefox/9.0.1"
76.144.80.172 - - [17/Nov/2017:18:24:30 +0000] "GET /item/music/4699 HTTP/1.1" 200 48 "/search/?c=Jewelry" "Mozilla/5.0 (compatible; MSIE 9.0; Windows NT 6.1; Trident/5.0)"
68.225.106.184 - - [17/Nov/2017:18:24:35 +0000] "GET /item/software/4520 HTTP/1.1" 200 75 "-" "Mozilla/5.0 (compatible; MSIE 9.0; Windows NT 6.1; Trident/5.0)"
120.111.204.203 - - [17/Nov/2017:18:24:40 +0000] "GET /category/computers HTTP/1.1" 200 131 "/item/health/3601" "Mozilla/5.0 (compatible; MSIE 9.0; Windows NT 6.1; Trident/5.0)"
72.219.156.125 - - [17/Nov/2017:18:24:45 +0000] "GET /item/books/3992 HTTP/1.1" 200 70 "/category/office?from=0" "Mozilla/5.0 (compatible; Googlebot/2.1; +http://www.google.com/bot.html)"
188.69.32.39 - - [17/Nov/2017:18:24:50 +0000] "GET /category/electronics HTTP/1.1" 200 48 "/category/cameras" "Mozilla/5.0 (iPhone; CPU iPhone OS 5_0_1 like Mac OS X) AppleWebKit/534.46 (KHTML, like Gecko) Version/5.1 Mobile/9A405 Safari/7534.48.3"
212.156.57.223 - - [17/Nov/2017:18:24:55 +0000] "GET /item/electronics/2653 HTTP/1.1" 200 139 "/category/books" "Mozilla/4.0 (compatible; MSIE 8.0; Windows NT 5.1; Trident/4.0; BTRS122159; GTB7.2; .NET CLR 1.1.4322; .NET CLR 2.0.50727; .NET CLR 3.0.04506.30; .NET CLR 3.0.4506.2152; .NET CLR 3.5.30729; BRI/2)"
92.36.35.38 - - [17/Nov/2017:18:25:00 +0000] "GET /category/software HTTP/1.1" 200 104 "-" "Mozilla/4.0 (compatible; MSIE 8.0; Windows NT 6.1; WOW64; Trident/4.0; YTB730; GTB7.2; EasyBits GO v1.0; SLCC2; .NET CLR 2.0.50727; .NET CLR 3.5.30729; .NET CLR 3.0.30729; Media Center PC 6.0; .NET4.0C)"
56.123.41.47 - - [17/Nov/2017:18:25:05 +0000] "GET /item/books/3336 HTTP/1.1" 200 88 "-" "Mozilla/5.0 (Windows NT 6.1; WOW64) AppleWebKit/535.7 (KHTML, like Gecko) Chrome/16.0.912.77 Safari/535.7"
52.135.193.44 - - [17/Nov/2017:18:25:10 +0000] "POST /search/?c=Electronics HTTP/1.1" 200 134 "/item/office/4792" "Mozilla/5.0 (compatible; Googlebot/2.1; +http://www.google.com/bot.html)"
132.102.43.57 - - [17/Nov/2017:18:25:15 +0000] "GET /category/software HTTP/1.1" 200 70 "-" "Mozilla/4.0 (compatible; MSIE 8.0; Windows NT 6.1; Trident/4.0; YTB730; SLCC2; .NET CLR 2.0.50727; .NET CLR 3.5.30729; .NET CLR 3.0.30729; Media Center PC 6.0; .NET4.0C)"
128.213.155.67 - - [17/Nov/2017:18:25:20 +0000] "POST /search/?c=Games+Giftcards HTTP/1.1" 200 78 "-" "Mozilla/5.0 (Windows NT 6.1; WOW64) AppleWebKit/535.7 (KHTML, like Gecko) Chrome/16.0.912.77 Safari/535.7"
224.177.225.75 - - [17/Nov/2017:18:25:25 +0000] "POST /search/?c=Toys+Games HTTP/1.1" 200 92 "-" "Mozilla/5.0 (iPhone; CPU iPhone OS 5_0_1 like Mac OS X) AppleWebKit/534.46 (KHTML, like Gecko) Version/5.1 Mobile/9A405 Safari/7534.48.3"
108.171.226.164 - - [17/Nov/2017:18:25:30 +0000] "GET /item/music/532 HTTP/1.1" 200 43 "/category/electronics" "Mozilla/4.0 (compatible; MSIE 8.0; Windows NT 5.1; Trident/4.0; YTB720; GTB7.2; .NET CLR 1.1.4322; .NET CLR 2.0.50727; .NET CLR 3.0.4506.2152; .NET CLR 3.5.30729)"
76.225.209.116 - - [17/Nov/2017:18:25:35 +0000] "GET /item/electronics/1270 HTTP/1.1" 200 107 "-" "Mozilla/5.0 (Windows NT 6.1; WOW64; rv:10.0.1) Gecko/20100101 Firefox/10.0.1"
204.111.23.227 - - [17/Nov/2017:18:25:40 +0000] "GET /item/cameras/2822 HTTP/1.1" 200 131 "/category/cameras" "Mozilla/5.0 (Windows NT 6.1; WOW64; rv:10.0.1) Gecko/20100101 Firefox/10.0.1"
64.30.21.149 - - [17/Nov/2017:18:25:45 +0000] "GET /item/networking/973 HTTP/1.1" 200 48 "-" "Mozilla/5.0 (Windows NT 6.1; WOW64) AppleWebKit/535.11 (KHTML, like Gecko) Chrome/17.0.963.56 Safari/535.11"
228.186.82.142 - - [17/Nov/2017:18:25:50 +0000] "GET /item/games/4108 HTTP/1.1" 200 60 "/search/?c=Games+Office" "Mozilla/5.0 (Windows NT 6.1; WOW64) AppleWebKit/535.7 (KHTML, like Gecko) Chrome/16.0.912.77 Safari/535.7"
40.123.201.66 - - [17/Nov/2017:18:25:55 +0000] "GET /category/giftcards HTTP/1.1" 200 109 "-" "Mozilla/5.0 (Windows NT 6.0) AppleWebKit/535.11 (KHTML, like Gecko) Chrome/17.0.963.56 Safari/535.11"
196.78.91.172 - - [17/Nov/2017:18:26:00 +0000] "GET /category/office HTTP/1.1" 200 43 "/item/electronics/3972" "Mozilla/5.0 (Windows NT 6.1; WOW64; rv:10.0.1) Gecko/20100101 Firefox/10.0.1"
156.198.60.199 - - [17/Nov/2017:18:26:05 +0000] "GET /item/games/4108 HTTP/1.1" 200 60 "/item/garden/1220" "Mozilla/5.0 (compatible; MSIE 9.0; Windows NT 6.1; WOW64; Trident/5.0)"
56.150.202.109 - - [17/Nov/2017:18:26:10 +0000] "GET /category/finance?from=10 HTTP/1.1" 200 96 "-" "Mozilla/4.0 (compatible; MSIE 8.0; Windows NT 5.1; Trident/4.0; BTRS122159; GTB7.2; .NET CLR 1.1.4322; .NET CLR 2.0.50727; .NET CLR 3.0.04506.30; .NET CLR 3.0.4506.2152; .NET CLR 3.5.30729; BRI/2)"
32.105.122.34 - - [17/Nov/2017:18:26:15 +0000] "GET /category/software HTTP/1.1" 200 127 "-" "Mozilla/5.0 (Windows NT 6.0; rv:10.0.1) Gecko/20100101 Firefox/10.0.1"
28.21.175.63 - - [17/Nov/2017:18:26:20 +0000] "GET /item/office/964 HTTP/1.1" 200 56 "-" "Mozilla/5.0 (Windows NT 6.1; WOW64) AppleWebKit/535.11 (KHTML, like Gecko) Chrome/17.0.963.56 Safari/535.11"
32.63.131.213 - - [17/Nov/2017:18:26:25 +0000] "GET /category/giftcards HTTP/1.1" 200 93 "/category/health?from=10" "Mozilla/4.0 (compatible; MSIE 8.0; Windows NT 5.1; Trident/4.0; YTB720; GTB7.2; .NET CLR 1.1.4322; .NET CLR 2.0.50727; .NET CLR 3.0.4506.2152; .NET CLR 3.5.30729)"
24.150.47.136 - - [17/Nov/2017:18:26:30 +0000] "GET /category/software HTTP/1.1" 200 95 "/item/electronics/3940" "Mozilla/5.0 (Macintosh; Intel Mac OS X 10.6; rv:9.0.1) Gecko/20100101 Firefox/9.0.1"
40.174.209.108 - - [17/Nov/2017:18:26:35 +0000] "GET /item/office/1523 HTTP/1.1" 200 98 "/search/?c=Office+Sports" "Mozilla/4.0 (compatible; MSIE 8.0; Windows NT 6.1; Trident/4.0; YTB730; SLCC2; .NET CLR 2.0.50727; .NET CLR 3.5.30729; .NET CLR 3.0.30729; Media Center PC 6.0; .NET4.0C)"
56.222.85.33 - - [17/Nov/2017:18:26:40 +0000] "GET /item/electronics/3975 HTTP/1.1" 200 122 "/category/electronics" "Mozilla/4.0 (compatible; MSIE 8.0; Windows NT 6.0; WOW64; Trident/4.0; GTB6; SLCC1; .NET CLR 2.0.50727; Media Center PC 5.0; .NET CLR 3.5.30729; .NET CLR 3.0.30618; .NET4.0C)"
76.222.22.161 - - [17/Nov/2017:18:26:45 +0000] "GET /item/garden/4271 HTTP/1.1" 200 127 "-" "Mozilla/4.0 (compatible; MSIE 8.0; Windows NT 6.1; WOW64; Trident/4.0; YTB730; GTB7.2; SLCC2; .NET CLR 2.0.50727; .NET CLR 3.5.30729; .NET CLR 3.0.30729; .NET4.0C; .NET4.0E; Media Center PC 6.0)"
84.108.138.186 - - [17/Nov/2017:18:26:50 +0000] "GET /category/games HTTP/1.1" 200 137 "-" "Mozilla/5.0 (Windows NT 6.0; rv:10.0.1) Gecko/20100101 Firefox/10.0.1"
76.153.173.21 - - [17/Nov/2017:18:26:55 +0000] "GET /category/electronics HTTP/1.1" 200 64 "/item/giftcards/4032" "Mozilla/5.0 (Windows NT 6.1; WOW64) AppleWebKit/535.11 (KHTML, like Gecko) Chrome/17.0.963.56 Safari/535.11"
20.27.98.157 - - [17/Nov/2017:18:27:00 +0000] "GET /category/electronics HTTP/1.1" 200 79 "-" "Mozilla/4.0 (compatible; MSIE 8.0; Windows NT 6.1; Trident/4.0; YTB730; SLCC2; .NET CLR 2.0.50727; .NET CLR 3.5.30729; .NET CLR 3.0.30729; Media Center PC 6.0; .NET4.0C)"
180.54.65.44 - - [17/Nov/2017:18:27:05 +0000] "GET /item/electronics/4251 HTTP/1.1" 200 139 "-" "Mozilla/5.0 (Macintosh; Intel Mac OS X 10.6; rv:9.0.1) Gecko/20100101 Firefox/9.0.1"
88.222.58.180 - - [17/Nov/2017:18:27:10 +0000] "GET /category/electronics HTTP/1.1" 200 113 "/category/books" "Mozilla/5.0 (Windows NT 6.1; WOW64) AppleWebKit/535.7 (KHTML, like Gecko) Chrome/16.0.912.77 Safari/535.7"
64.189.132.112 - - [17/Nov/2017:18:27:15 +0000] "GET /item/computers/1693 HTTP/1.1" 200 110 "-" "Mozilla/4.0 (compatible; MSIE 8.0; Windows NT 6.1; WOW64; Trident/4.0; YTB730; GTB7.2; SLCC2; .NET CLR 2.0.50727; .NET CLR 3.5.30729; .NET CLR 3.0.30729; .NET4.0C; .NET4.0E; Media Center PC 6.0)"
92.123.218.35 - - [17/Nov/2017:18:27:20 +0000] "GET /category/sports HTTP/1.1" 200 49 "/category/software" "Mozilla/5.0 (Windows NT 6.1; WOW64) AppleWebKit/535.11 (KHTML, like Gecko) Chrome/17.0.963.56 Safari/535.11"
108.225.225.104 - - [17/Nov/2017:18:27:25 +0000] "GET /category/software HTTP/1.1" 200 123 "-" "Mozilla/5.0 (Windows NT 6.0; rv:10.0.1) Gecko/20100101 Firefox/10.0.1"
156.81.120.91 - - [17/Nov/2017:18:27:30 +0000] "GET /category/office?from=0 HTTP/1.1" 200 50 "/item/software/2343" "Mozilla/5.0 (compatible; MSIE 9.0; Windows NT 6.1; WOW64; Trident/5.0)"
84.207.145.22 - - [17/Nov/2017:18:27:35 +0000] "GET /category/electronics HTTP/1.1" 200 72 "/category/networking?from=10" "Mozilla/4.0 (compatible; MSIE 8.0; Windows NT 6.1; WOW64; Trident/4.0; GTB7.2; SLCC2; .NET CLR 2.0.50727; .NET CLR 3.5.30729; .NET CLR 3.0.30729; Media Center PC 6.0; .NET4.0C)"
140.138.221.130 - - [17/Nov/2017:18:27:40 +0000] "GET /category/office?from=0 HTTP/1.1" 200 93 "-" "Mozilla/4.0 (compatible; MSIE 8.0; Windows NT 6.1; WOW64; Trident/4.0; YTB730; GTB7.2; SLCC2; .NET CLR 2.0.50727; .NET CLR 3.5.30729; .NET CLR 3.0.30729; .NET4.0C; .NET4.0E; Media Center PC 6.0)"
100.135.99.62 - - [17/Nov/2017:18:27:45 +0000] "GET /item/health/1862 HTTP/1.1" 200 89 "/category/finance" "Mozilla/5.0 (Windows NT 6.0; rv:10.0.1) Gecko/20100101 Firefox/10.0.1"
72.156.55.140 - - [17/Nov/2017:18:27:50 +0000] "GET /category/computers?from=0 HTTP/1.1" 200 40 "/search/?c=Computers" "Mozilla/4.0 (compatible; MSIE 8.0; Windows NT 5.1; Trident/4.0; BTRS122159; GTB7.2; .NET CLR 1.1.4322; .NET CLR 2.0.50727; .NET CLR 3.0.04506.30; .NET CLR 3.0.4506.2152; .NET CLR 3.5.30729; BRI/2)"
224.87.199.41 - - [17/Nov/2017:18:27:55 +0000] "GET /item/electronics/3030 HTTP/1.1" 200 84 "/search/?c=Electronics" "Mozilla/5.0 (Windows NT 6.1; WOW64) AppleWebKit/535.7 (KHTML, like Gecko) Chrome/16.0.912.77 Safari/535.7"
156.132.137.129 - - [17/Nov/2017:18:28:00 +0000] "GET /category/office HTTP/1.1" 200 136 "/category/software" "Mozilla/4.0 (compatible; MSIE 8.0; Windows NT 6.1; WOW64; Trident/4.0; YTB730; GTB7.2; EasyBits GO v1.0; SLCC2; .NET CLR 2.0.50727; .NET CLR 3.5.30729; .NET CLR 3.0.30729; Media Center PC 6.0; .NET4.0C)"
112.159.47.221 - - [17/Nov/2017:18:28:05 +0000] "GET /category/games HTTP/1.1" 200 49 "-" "Mozilla/5.0 (Windows NT 6.1; WOW64) AppleWebKit/535.7 (KHTML, like Gecko) Chrome/16.0.912.77 Safari/535.7"
220.93.97.101 - - [17/Nov/2017:18:28:10 +0000] "GET /item/garden/2199 HTTP/1.1" 200 74 "/search/?c=Garden+Music" "Mozilla/5.0 (compatible; MSIE 9.0; Windows NT 6.1; Trident/5.0)"
176.228.179.33 - - [17/Nov/2017:18:28:15 +0000] "GET /item/software/875 HTTP/1.1" 200 132 "/category/games" "Mozilla/5.0 (Macintosh; Intel Mac OS X 10.6; rv:9.0.1) Gecko/20100101 Firefox/9.0.1"
152.87.80.46 - - [17/Nov/2017:18:28:20 +0000] "GET /item/garden/4153 HTTP/1.1" 200 77 "http://www.google.com/search?ie=UTF-8&q=google&sclient=psy-ab&q=Garden+Games&oq=Garden+Games&aq=f&aqi=g-vL1&aql=&pbx=1&bav=on.2,or.r_gc.r_pw.r_qf.,cf.osb&biw=1171&bih=204" "Mozilla/5.0 (Windows NT 6.1; WOW64) AppleWebKit/535.7 (KHTML, like Gecko) Chrome/16.0.912.77 Safari/535.7"
144.162.184.30 - - [17/Nov/2017:18:28:25 +0000] "GET /category/electronics HTTP/1.1" 200 115 "/category/software" "Mozilla/4.0 (compatible; MSIE 8.0; Windows NT 5.1; Trident/4.0; BTRS122159; GTB7.2; .NET CLR 1.1.4322; .NET CLR 2.0.50727; .NET CLR 3.0.04506.30; .NET CLR 3.0.4506.2152; .NET CLR 3.5.30729; BRI/2)"
216.129.86.169 - - [17/Nov/2017:18:28:30 +0000] "GET /item/garden/3631 HTTP/1.1" 200 102 "-" "Mozilla/5.0 (Windows NT 6.1; WOW64; rv:10.0.1) Gecko/20100101 Firefox/10.0.1"
148.18.219.25 - - [17/Nov/2017:18:28:35 +0000] "GET /category/electronics HTTP/1.1" 200 107 "/category/electronics?from=20" "Mozilla/5.0 (Windows NT 6.0; rv:10.0.1) Gecko/20100101 Firefox/10.0.1"
32.171.95.119 - - [17/Nov/2017:18:28:40 +0000] "GET /category/books HTTP/1.1" 200 68 "-" "Mozilla/4.0 (compatible; MSIE 8.0; Windows NT 5.1; Trident/4.0; BTRS122159; GTB7.2; .NET CLR 1.1.4322; .NET CLR 2.0.50727; .NET CLR 3.0.04506.30; .NET CLR 3.0.4506.2152; .NET CLR 3.5.30729; BRI/2)"
80.132.181.27 - - [17/Nov/2017:18:28:45 +0000] "GET /category/software HTTP/1.1" 200 77 "-" "Mozilla/5.0 (Windows NT 5.1) AppleWebKit/535.11 (KHTML, like Gecko) Chrome/17.0.963.46 Safari/535.11"
152.66.214.200 - - [17/Nov/2017:18:28:50 +0000] "POST /search/?c=Electronics+Books HTTP/1.1" 200 96 "/item/software/2109" "Mozilla/5.0 (Windows NT 5.1) AppleWebKit/535.11 (KHTML, like Gecko) Chrome/17.0.963.46 Safari/535.11"
188.177.87.130 - - [17/Nov/2017:18:28:55 +0000] "GET /category/computers HTTP/1.1" 200 94 "http://www.google.com/search?ie=UTF-8&q=google&sclient=psy-ab&q=Computers&oq=Computers&aq=f&aqi=g-vL1&aql=&pbx=1&bav=on.2,or.r_gc.r_pw.r_qf.,cf.osb&biw=301&bih=579" "Mozilla/5.0 (Windows NT 6.1; WOW64) AppleWebKit/535.7 (KHTML, like Gecko) Chrome/16.0.912.77 Safari/535.7"
196.144.108.166 - - [17/Nov/2017:18:29:00 +0000] "GET /item/books/2829 HTTP/1.1" 200 80 "/item/electronics/3298" "Mozilla/5.0 (Windows NT 6.1; WOW64) AppleWebKit/535.7 (KHTML, like Gecko) Chrome/16.0.912.77 Safari/535.7"
196.51.65.141 - - [17/Nov/2017:18:29:05 +0000] "GET /item/games/152 HTTP/1.1" 200 133 "/item/electronics/2104" "Mozilla/5.0 (compatible; MSIE 9.0; Windows NT 6.1; Trident/5.0)"
224.189.104.73 - - [17/Nov/2017:18:29:10 +0000] "GET /category/games HTTP/1.1" 200 114 "/category/electronics" "Mozilla/4.0 (compatible; MSIE 8.0; Windows NT 6.0; WOW64; Trident/4.0; GTB6; SLCC1; .NET CLR 2.0.50727; Media Center PC 5.0; .NET CLR 3.5.30729; .NET CLR 3.0.30618; .NET4.0C)"
120.129.24.195 - - [17/Nov/2017:18:29:15 +0000] "GET /item/electronics/2670 HTTP/1.1" 200 51 "/category/software?from=10" "Mozilla/5.0 (Windows NT 6.1; WOW64) AppleWebKit/535.7 (KHTML, like Gecko) Chrome/16.0.912.77 Safari/535.7"
212.90.155.59 - - [17/Nov/2017:18:29:20 +0000] "GET /category/software HTTP/1.1" 200 58 "/category/music" "Mozilla/5.0 (compatible; MSIE 9.0; Windows NT 6.1; WOW64; Trident/5.0)"
176.84.117.57 - - [17/Nov/2017:18:29:25 +0000] "GET /item/jewelry/2479 HTTP/1.1" 200 126 "/item/books/757" "Mozilla/5.0 (compatible; MSIE 9.0; Windows NT 6.1; WOW64; Trident/5.0)"
52.192.158.142 - - [17/Nov/2017:18:29:30 +0000] "GET /category/electronics HTTP/1.1" 200 49 "-" "Mozilla/5.0 (compatible; MSIE 9.0; Windows NT 6.1; WOW64; Trident/5.0)"
168.216.60.85 - - [17/Nov/2017:18:29:35 +0000] "GET /item/health/1094 HTTP/1.1" 200 86 "http://www.google.com/search?ie=UTF-8&q=google&sclient=psy-ab&q=Health+Garden&oq=Health+Garden&aq=f&aqi=g-vL1&aql=&pbx=1&bav=on.2,or.r_gc.r_pw.r_qf.,cf.osb&biw=2&bih=425" "Mozilla/5.0 (Windows NT 6.1; WOW64) AppleWebKit/535.11 (KHTML, like Gecko) Chrome/17.0.963.56 Safari/535.11"
100.93.108.122 - - [17/Nov/2017:18:29:40 +0000] "GET /category/office HTTP/1.1" 200 86 "-" "Mozilla/5.0 (Windows NT 6.1; WOW64; rv:10.0.1) Gecko/20100101 Firefox/10.0.1"
164.87.165.83 - - [17/Nov/2017:18:29:45 +0000] "GET /category/office HTTP/1.1" 200 132 "/item/electronics/2426" "Mozilla/5.0 (Windows NT 6.1; WOW64; rv:10.0.1) Gecko/20100101 Firefox/10.0.1"
220.72.103.132 - - [17/Nov/2017:18:29:50 +0000] "POST /search/?c=Software HTTP/1.1" 200 126 "-" "Mozilla/5.0 (Windows NT 6.0) AppleWebKit/535.11 (KHTML, like Gecko) Chrome/17.0.963.56 Safari/535.11"
216.123.84.162 - - [17/Nov/2017:18:29:55 +0000] "GET /category/office HTTP/1.1" 200 68 "/search/?c=Garden" "Mozilla/5.0 (iPhone; CPU iPhone OS 5_0_1 like Mac OS X) AppleWebKit/534.46 (KHTML, like Gecko) Version/5.1 Mobile/9A405 Safari/7534.48.3"
160.222.46.45 - - [17/Nov/2017:18:30:00 +0000] "GET /item/computers/4448 HTTP/1.1" 200 100 "/category/computers" "Mozilla/5.0 (Windows NT 5.1) AppleWebKit/535.11 (KHTML, like Gecko) Chrome/17.0.963.46 Safari/535.11"
164.213.39.153 - - [17/Nov/2017:18:30:05 +0000] "GET /category/office HTTP/1.1" 200 43 "-" "Mozilla/4.0 (compatible; MSIE 8.0; Windows NT 6.1; Trident/4.0; YTB730; SLCC2; .NET CLR 2.0.50727; .NET CLR 3.5.30729; .NET CLR 3.0.30729; Media Center PC 6.0; .NET4.0C)"
116.63.29.208 - - [17/Nov/2017:18:30:10 +0000] "GET /category/finance HTTP/1.1" 200 86 "/category/games" "Mozilla/5.0 (iPad; CPU OS 5_0_1 like Mac OS X) AppleWebKit/534.46 (KHTML, like Gecko) Version/5.1 Mobile/9A405 Safari/7534.48.3"
48.195.168.33 - - [17/Nov/2017:18:30:15 +0000] "GET /item/computers/811 HTTP/1.1" 200 128 "/search/?c=Computers" "Mozilla/5.0 (Windows NT 6.1; WOW64) AppleWebKit/535.11 (KHTML, like Gecko) Chrome/17.0.963.56 Safari/535.11"
36.138.203.140 - - [17/Nov/2017:18:30:20 +0000] "GET /category/electronics HTTP/1.1" 200 80 "/category/electronics" "Mozilla/5.0 (Windows NT 6.1; WOW64) AppleWebKit/535.7 (KHTML, like Gecko) Chrome/16.0.912.77 Safari/535.7"
200.186.57.64 - - [17/Nov/2017:18:30:25 +0000] "GET /item/sports/1656 HTTP/1.1" 200 118 "/category/health" "Mozilla/5.0 (iPhone; CPU iPhone OS 5_0_1 like Mac OS X) AppleWebKit/534.46 (KHTML, like Gecko) Version/5.1 Mobile/9A405 Safari/7534.48.3"
224.36.38.130 - - [17/Nov/2017:18:30:30 +0000] "GET /category/software HTTP/1.1" 200 129 "/item/electronics/2049" "Mozilla/5.0 (Windows NT 6.1; WOW64; rv:10.0.1) Gecko/20100101 Firefox/10.0.1"
140.204.32.148 - - [17/Nov/2017:18:30:35 +0000] "GET /category/sports HTTP/1.1" 200 59 "-" "Mozilla/4.0 (compatible; MSIE 8.0; Windows NT 5.1; Trident/4.0; BTRS122159; GTB7.2; .NET CLR 1.1.4322; .NET CLR 2.0.50727; .NET CLR 3.0.04506.30; .NET CLR 3.0.4506.2152; .NET CLR 3.5.30729; BRI/2)"
128.54.20.112 - - [17/Nov/2017:18:30:40 +0000] "GET /category/office HTTP/1.1" 200 60 "-" "Mozilla/4.0 (compatible; MSIE 8.0; Windows NT 6.1; WOW64; Trident/4.0; GTB7.2; SLCC2; .NET CLR 2.0.50727; .NET CLR 3.5.30729; .NET CLR 3.0.30729; Media Center PC 6.0; .NET4.0C)"
136.147.227.152 - - [17/Nov/2017:18:30:45 +0000] "GET /category/games?from=20 HTTP/1.1" 200 42 "/item/office/863" "Mozilla/5.0 (Windows NT 6.1; WOW64) AppleWebKit/535.11 (KHTML, like Gecko) Chrome/17.0.963.56 Safari/535.11"
216.183.77.82 - - [17/Nov/2017:18:30:50 +0000] "GET /category/music HTTP/1.1" 200 54 "-" "Mozilla/5.0 (compatible; Googlebot/2.1; +http://www.google.com/bot.html)"
156.90.180.107 - - [17/Nov/2017:18:30:55 +0000] "POST /search/?c=Giftcards+Garden HTTP/1.1" 200 82 "/search/?c=Finance" "Mozilla/5.0 (Windows NT 5.1) AppleWebKit/535.11 (KHTML, like Gecko) Chrome/17.0.963.46 Safari/535.11"
116.210.150.60 - - [17/Nov/2017:18:31:00 +0000] "GET /category/electronics HTTP/1.1" 200 83 "/item/books/3336" "Mozilla/5.0 (Windows NT 6.0) AppleWebKit/535.11 (KHTML, like Gecko) Chrome/17.0.963.56 Safari/535.11"
216.129.86.169 - - [17/Nov/2017:18:31:05 +0000] "POST /search/?c=Books+Giftcards HTTP/1.1" 200 69 "-" "Mozilla/5.0 (Windows NT 6.1; WOW64) AppleWebKit/535.7 (KHTML, like Gecko) Chrome/16.0.912.77 Safari/535.7"
80.114.67.84 - - [17/Nov/2017:18:31:10 +0000] "GET /category/electronics HTTP/1.1" 200 91 "/category/games" "Mozilla/5.0 (compatible; Googlebot/2.1; +http://www.google.com/bot.html)"
84.117.68.27 - - [17/Nov/2017:18:31:15 +0000] "GET /category/software?from=0 HTTP/1.1" 200 91 "/item/electronics/4807" "Mozilla/4.0 (compatible; MSIE 8.0; Windows NT 6.1; WOW64; Trident/4.0; YTB730; GTB7.2; EasyBits GO v1.0; SLCC2; .NET CLR 2.0.50727; .NET CLR 3.5.30729; .NET CLR 3.0.30729; Media Center PC 6.0; .NET4.0C)"
40.174.209.108 - - [17/Nov/2017:18:31:20 +0000] "GET /item/sports/4699 HTTP/1.1" 200 130 "/category/computers" "Mozilla/4.0 (compatible; MSIE 8.0; Windows NT 6.1; Trident/4.0; YTB730; SLCC2; .NET CLR 2.0.50727; .NET CLR 3.5.30729; .NET CLR 3.0.30729; Media Center PC 6.0; .NET4.0C)"
144.210.145.43 - - [17/Nov/2017:18:31:25 +0000] "GET /category/games HTTP/1.1" 200 59 "/item/games/4108" "Mozilla/4.0 (compatible; MSIE 8.0; Windows NT 6.1; WOW64; Trident/4.0; YTB730; GTB7.2; SLCC2; .NET CLR 2.0.50727; .NET CLR 3.5.30729; .NET CLR 3.0.30729; .NET4.0C; .NET4.0E; Media Center PC 6.0)"
40.39.105.229 - - [17/Nov/2017:18:31:30 +0000] "GET /item/games/4398 HTTP/1.1" 200 112 "/search/?c=Games+Networking" "Mozilla/5.0 (Macintosh; Intel Mac OS X 10.6; rv:9.0.1) Gecko/20100101 Firefox/9.0.1"
164.45.62.175 - - [17/Nov/2017:18:31:35 +0000] "GET /category/electronics HTTP/1.1" 200 139 "-" "Mozilla/5.0 (Macintosh; Intel Mac OS X 10.6; rv:9.0.1) Gecko/20100101 Firefox/9.0.1"
220.93.97.101 - - [17/Nov/2017:18:31:40 +0000] "GET /category/games HTTP/1.1" 200 59 "-" "Mozilla/4.0 (compatible; MSIE 8.0; Windows NT 5.1; Trident/4.0; BTRS122159; GTB7.2; .NET CLR 1.1.4322; .NET CLR 2.0.50727; .NET CLR 3.0.04506.30; .NET CLR 3.0.4506.2152; .NET CLR 3.5.30729; BRI/2)"
128.123.27.92 - - [17/Nov/2017:18:31:45 +0000] "GET /item/books/335 HTTP/1.1" 200 49 "http://www.google.com/search?ie=UTF-8&q=google&sclient=psy-ab&q=Books&oq=Books&aq=f&aqi=g-vL1&aql=&pbx=1&bav=on.2,or.r_gc.r_pw.r_qf.,cf.osb&biw=1386&bih=36" "Mozilla/5.0 (Windows NT 6.1; WOW64) AppleWebKit/535.11 (KHTML, like Gecko) Chrome/17.0.963.56 Safari/535.11"
224.57.160.208 - - [17/Nov/2017:18:31:50 +0000] "GET /category/electronics HTTP/1.1" 200 67 "/category/electronics" "Mozilla/4.0 (compatible; MSIE 8.0; Windows NT 6.1; WOW64; Trident/4.0; GTB7.2; SLCC2; .NET CLR 2.0.50727; .NET CLR 3.5.30729; .NET CLR 3.0.30729; Media Center PC 6.0; .NET4.0C)"
60.99.81.68 - - [17/Nov/2017:18:31:55 +0000] "GET /item/giftcards/3907 HTTP/1.1" 200 93 "/search/?c=Electronics" "Mozilla/5.0 (Macintosh; Intel Mac OS X 10.6; rv:9.0.1) Gecko/20100101 Firefox/9.0.1"
92.132.142.60 - - [17/Nov/2017:18:32:00 +0000] "GET /category/books HTTP/1.1" 200 80 "/item/games/3868" "Mozilla/5.0 (Windows NT 6.1; WOW64) AppleWebKit/535.7 (KHTML, like Gecko) Chrome/16.0.912.77 Safari/535.7"
192.108.192.88 - - [17/Nov/2017:18:32:05 +0000] "POST /search/?c=Books+Finance HTTP/1.1" 200 93 "-" "Mozilla/5.0 (compatible; MSIE 9.0; Windows NT 6.1; WOW64; Trident/5.0)"
56.189.95.197 - - [17/Nov/2017:18:32:10 +0000] "GET /item/computers/811 HTTP/1.1" 200 128 "/item/cameras/1442" "Mozilla/5.0 (Windows NT 6.1; WOW64) AppleWebKit/535.7 (KHTML, like Gecko) Chrome/16.0.912.77 Safari/535.7"
60.96.221.113 - - [17/Nov/2017:18:32:15 +0000] "POST /search/?c=Health HTTP/1.1" 200 60 "-" "Mozilla/5.0 (Windows NT 6.1; WOW64; rv:10.0.1) Gecko/20100101 Firefox/10.0.1"
132.192.89.145 - - [17/Nov/2017:18:32:20 +0000] "GET /category/electronics HTTP/1.1" 200 49 "-" "Mozilla/5.0 (compatible; MSIE 9.0; Windows NT 6.1; WOW64; Trident/5.0)"
116.39.203.186 - - [17/Nov/2017:18:32:25 +0000] "GET /item/software/1046 HTTP/1.1" 200 90 "/item/books/469" "Mozilla/5.0 (compatible; MSIE 9.0; Windows NT 6.1; WOW64; Trident/5.0)"
112.222.91.42 - - [17/Nov/2017:18:32:30 +0000] "GET /item/books/939 HTTP/1.1" 200 48 "-" "Mozilla/5.0 (Windows NT 6.0; rv:10.0.1) Gecko/20100101 Firefox/10.0.1"
148.219.89.124 - - [17/Nov/2017:18:32:35 +0000] "GET /item/books/570 HTTP/1.1" 200 92 "/category/sports" "Mozilla/5.0 (compatible; MSIE 9.0; Windows NT 6.1; Trident/5.0)"
96.159.160.163 - - [17/Nov/2017:18:32:40 +0000] "GET /category/cameras HTTP/1.1" 200 80 "/category/toys" "Mozilla/5.0 (Windows NT 6.1; WOW64; rv:10.0.1) Gecko/20100101 Firefox/10.0.1"
84.108.138.186 - - [17/Nov/2017:18:32:45 +0000] "GET /item/cameras/2523 HTTP/1.1" 200 66 "-" "Mozilla/5.0 (Windows NT 6.0; rv:10.0.1) Gecko/20100101 Firefox/10.0.1"
128.36.120.25 - - [17/Nov/2017:18:32:50 +0000] "GET /category/software HTTP/1.1" 200 43 "/item/music/1760" "Mozilla/5.0 (Windows NT 6.1; WOW64; rv:10.0.1) Gecko/20100101 Firefox/10.0.1"
172.48.138.173 - - [17/Nov/2017:18:32:55 +0000] "GET /category/electronics HTTP/1.1" 200 84 "-" "Mozilla/5.0 (Macintosh; Intel Mac OS X 10.6; rv:9.0.1) Gecko/20100101 Firefox/9.0.1"
196.195.42.66 - - [17/Nov/2017:18:33:00 +0000] "GET /item/garden/957 HTTP/1.1" 200 106 "/category/software?from=20" "Mozilla/5.0 (compatible; MSIE 9.0; Windows NT 6.1; WOW64; Trident/5.0)"
216.144.153.181 - - [17/Nov/2017:18:33:05 +0000] "GET /item/electronics/705 HTTP/1.1" 200 92 "/category/software" "Mozilla/5.0 (Macintosh; Intel Mac OS X 10.6; rv:9.0.1) Gecko/20100101 Firefox/9.0.1"
168.195.218.121 - - [17/Nov/2017:18:33:10 +0000] "GET /item/cameras/2541 HTTP/1.1" 200 110 "/search/?c=Cameras+Software" "Mozilla/5.0 (Windows NT 6.1; WOW64) AppleWebKit/535.7 (KHTML, like Gecko) Chrome/16.0.912.77 Safari/535.7"
208.114.138.190 - - [17/Nov/2017:18:33:15 +0000] "GET /item/games/526 HTTP/1.1" 200 104 "-" "Mozilla/5.0 (Macintosh; Intel Mac OS X 10.6; rv:9.0.1) Gecko/20100101 Firefox/9.0.1"
164.42.137.37 - - [17/Nov/2017:18:33:20 +0000] "GET /item/games/4058 HTTP/1.1" 200 94 "-" "Mozilla/5.0 (Windows NT 6.1; WOW64) AppleWebKit/535.11 (KHTML, like Gecko) Chrome/17.0.963.56 Safari/535.11"
128.159.112.128 - - [17/Nov/2017:18:33:25 +0000] "GET /item/books/4067 HTTP/1.1" 200 121 "/category/computers" "Mozilla/5.0 (Windows NT 6.1; WOW64) AppleWebKit/535.11 (KHTML, like Gecko) Chrome/17.0.963.56 Safari/535.11"
156.168.77.168 - - [17/Nov/2017:18:33:30 +0000] "GET /item/garden/4052 HTTP/1.1" 200 88 "/category/office" "Mozilla/5.0 (Macintosh; Intel Mac OS X 10.6; rv:9.0.1) Gecko/20100101 Firefox/9.0.1"
132.84.135.35 - - [17/Nov/2017:18:33:35 +0000] "POST /search/?c=Giftcards HTTP/1.1" 200 116 "-" "Mozilla/5.0 (Windows NT 6.1; WOW64) AppleWebKit/535.7 (KHTML, like Gecko) Chrome/16.0.912.77 Safari/535.7"
216.210.62.164 - - [17/Nov/2017:18:33:40 +0000] "GET /item/electronics/3162 HTTP/1.1" 200 71 "/category/electronics" "Mozilla/5.0 (compatible; Googlebot/2.1; +http://www.google.com/bot.html)"
204.78.117.193 - - [17/Nov/2017:18:33:45 +0000] "GET /item/electronics/3377 HTTP/1.1" 200 125 "/item/networking/435" "Mozilla/5.0 (compatible; MSIE 9.0; Windows NT 6.1; WOW64; Trident/5.0)"
128.39.75.36 - - [17/Nov/2017:18:33:50 +0000] "GET /category/books HTTP/1.1" 200 68 "-" "Mozilla/4.0 (compatible; MSIE 8.0; Windows NT 6.0; WOW64; Trident/4.0; GTB6; SLCC1; .NET CLR 2.0.50727; Media Center PC 5.0; .NET CLR 3.5.30729; .NET CLR 3.0.30618; .NET4.0C)"
224.129.127.102 - - [17/Nov/2017:18:33:55 +0000] "GET /category/books HTTP/1.1" 200 121 "-" "Mozilla/5.0 (compatible; Googlebot/2.1; +http://www.google.com/bot.html)"
56.162.217.61 - - [17/Nov/2017:18:34:00 +0000] "GET /item/games/2827 HTTP/1.1" 200 113 "/category/software?from=10" "Mozilla/5.0 (Windows NT 6.1; WOW64; rv:10.0.1) Gecko/20100101 Firefox/10.0.1"
140.159.183.92 - - [17/Nov/2017:18:34:05 +0000] "GET /category/software HTTP/1.1" 200 77 "/category/electronics" "Mozilla/5.0 (Windows NT 6.0) AppleWebKit/535.11 (KHTML, like Gecko) Chrome/17.0.963.56 Safari/535.11"
188.213.34.150 - - [17/Nov/2017:18:34:10 +0000] "GET /category/music?from=0 HTTP/1.1" 200 51 "/search/?c=Software+Networking" "Mozilla/5.0 (Windows NT 6.1; WOW64) AppleWebKit/535.11 (KHTML, like Gecko) Chrome/17.0.963.56 Safari/535.11"
40.174.209.108 - - [17/Nov/2017:18:34:15 +0000] "GET /category/books HTTP/1.1" 200 72 "-" "Mozilla/4.0 (compatible; MSIE 8.0; Windows NT 6.1; WOW64; Trident/4.0; GTB7.2; SLCC2; .NET CLR 2.0.50727; .NET CLR 3.5.30729; .NET CLR 3.0.30729; Media Center PC 6.0; .NET4.0C)"
116.21.137.191 - - [17/Nov/2017:18:34:20 +0000] "POST /search/?c=Games+Giftcards HTTP/1.1" 200 78 "/item/electronics/3529" "Mozilla/5.0 (Windows NT 6.1; WOW64) AppleWebKit/535.11 (KHTML, like Gecko) Chrome/17.0.963.56 Safari/535.11"
52.192.158.142 - - [17/Nov/2017:18:34:25 +0000] "GET /item/software/517 HTTP/1.1" 200 123 "/category/games" "Mozilla/5.0 (Windows NT 6.1; WOW64) AppleWebKit/535.7 (KHTML, like Gecko) Chrome/16.0.912.77 Safari/535.7"
24.99.27.123 - - [17/Nov/2017:18:34:30 +0000] "GET /category/electronics HTTP/1.1" 200 44 "/category/electronics" "Mozilla/4.0 (compatible; MSIE 8.0; Windows NT 5.1; Trident/4.0; BTRS122159; GTB7.2; .NET CLR 1.1.4322; .NET CLR 2.0.50727; .NET CLR 3.0.04506.30; .NET CLR 3.0.4506.2152; .NET CLR 3.5.30729; BRI/2)"
96.24.145.93 - - [17/Nov/2017:18:34:35 +0000] "GET /category/games HTTP/1.1" 200 108 "/category/computers" "Mozilla/4.0 (compatible; MSIE 8.0; Windows NT 6.1; Trident/4.0; YTB730; SLCC2; .NET CLR 2.0.50727; .NET CLR 3.5.30729; .NET CLR 3.0.30729; Media Center PC 6.0; .NET4.0C)"
188.198.226.23 - - [17/Nov/2017:18:34:40 +0000] "GET /item/software/2036 HTTP/1.1" 200 55 "/category/books" "Mozilla/5.0 (Windows NT 6.0; rv:10.0.1) Gecko/20100101 Firefox/10.0.1"
108.159.46.114 - - [17/Nov/2017:18:34:45 +0000] "GET /category/electronics HTTP/1.1" 200 138 "/category/garden" "Mozilla/5.0 (Macintosh; Intel Mac OS X 10.6; rv:9.0.1) Gecko/20100101 Firefox/9.0.1"
76.144.80.172 - - [17/Nov/2017:18:34:50 +0000] "POST /search/?c=Music HTTP/1.1" 200 44 "/category/software" "Mozilla/5.0 (compatible; MSIE 9.0; Windows NT 6.1; Trident/5.0)"
188.210.194.32 - - [17/Nov/2017:18:34:55 +0000] "POST /search/?c=Electronics+Toys HTTP/1.1" 200 128 "-" "Mozilla/5.0 (Windows NT 6.1; WOW64) AppleWebKit/535.11 (KHTML, like Gecko) Chrome/17.0.963.56 Safari/535.11"
156.105.121.202 - - [17/Nov/2017:18:35:00 +0000] "GET /category/software HTTP/1.1" 200 99 "/category/software" "Mozilla/5.0 (Macintosh; Intel Mac OS X 10.6; rv:9.0.1) Gecko/20100101 Firefox/9.0.1"
216.177.42.228 - - [17/Nov/2017:18:35:05 +0000] "GET /item/books/1440 HTTP/1.1" 200 108 "/item/books/953" "Mozilla/5.0 (Windows NT 6.1; WOW64) AppleWebKit/535.7 (KHTML, like Gecko) Chrome/16.0.912.77 Safari/535.7"
88.189.31.220 - - [17/Nov/2017:18:35:10 +0000] "GET /category/office HTTP/1.1" 200 44 "-" "Mozilla/5.0 (compatible; MSIE 9.0; Windows NT 6.1; WOW64; Trident/5.0)"
156.90.180.107 - - [17/Nov/2017:18:35:15 +0000] "GET /item/electronics/867 HTTP/1.1" 200 83 "/search/?c=Electronics" "Mozilla/5.0 (Macintosh; Intel Mac OS X 10.6; rv:9.0.1) Gecko/20100101 Firefox/9.0.1"
40.180.147.109 - - [17/Nov/2017:18:35:20 +0000] "GET /category/software HTTP/1.1" 200 83 "/category/software" "Mozilla/5.0 (Windows NT 6.1; WOW64) AppleWebKit/535.11 (KHTML, like Gecko) Chrome/17.0.963.56 Safari/535.11"
168.159.181.20 - - [17/Nov/2017:18:35:25 +0000] "GET /category/electronics HTTP/1.1" 200 82 "/search/?c=Electronics+Books" "Mozilla/5.0 (iPhone; CPU iPhone OS 5_0_1 like Mac OS X) AppleWebKit/534.46 (KHTML, like Gecko) Version/5.1 Mobile/9A405 Safari/7534.48.3"
152.66.214.200 - - [17/Nov/2017:18:35:30 +0000] "GET /category/jewelry HTTP/1.1" 200 113 "-" "Mozilla/5.0 (Windows NT 6.1; WOW64; rv:10.0.1) Gecko/20100101 Firefox/10.0.1"
184.93.57.135 - - [17/Nov/2017:18:35:35 +0000] "GET /item/electronics/2698 HTTP/1.1" 200 129 "/item/finance/4492" "Mozilla/5.0 (Macintosh; Intel Mac OS X 10.6; rv:9.0.1) Gecko/20100101 Firefox/9.0.1"
188.162.174.58 - - [17/Nov/2017:18:35:40 +0000] "POST /search/?c=Cameras HTTP/1.1" 200 132 "/category/electronics" "Mozilla/5.0 (Windows NT 6.1; WOW64) AppleWebKit/535.7 (KHTML, like Gecko) Chrome/16.0.912.77 Safari/535.7"
200.78.216.173 - - [17/Nov/2017:18:35:45 +0000] "GET /category/computers HTTP/1.1" 200 131 "-" "Mozilla/4.0 (compatible; MSIE 8.0; Windows NT 6.0; WOW64; Trident/4.0; GTB6; SLCC1; .NET CLR 2.0.50727; Media Center PC 5.0; .NET CLR 3.5.30729; .NET CLR 3.0.30618; .NET4.0C)"
132.183.166.198 - - [17/Nov/2017:18:35:50 +0000] "GET /item/cameras/2523 HTTP/1.1" 200 66 "/category/software?from=0" "Mozilla/5.0 (Windows NT 6.1; WOW64; rv:10.0.1) Gecko/20100101 Firefox/10.0.1"
144.180.166.148 - - [17/Nov/2017:18:35:55 +0000] "GET /category/office?from=0 HTTP/1.1" 200 50 "-" "Mozilla/5.0 (Macintosh; Intel Mac OS X 10.6; rv:9.0.1) Gecko/20100101 Firefox/9.0.1"
164.228.120.56 - - [17/Nov/2017:18:36:00 +0000] "GET /category/electronics HTTP/1.1" 200 83 "-" "Mozilla/5.0 (compatible; MSIE 9.0; Windows NT 6.1; Trident/5.0)"
92.204.226.50 - - [17/Nov/2017:18:36:05 +0000] "GET /item/electronics/3224 HTTP/1.1" 200 120 "-" "Mozilla/5.0 (Windows NT 5.1) AppleWebKit/535.11 (KHTML, like Gecko) Chrome/17.0.963.46 Safari/535.11"
84.192.102.111 - - [17/Nov/2017:18:36:10 +0000] "GET /item/networking/2789 HTTP/1.1" 200 132 "/search/?c=Networking" "Mozilla/5.0 (compatible; MSIE 9.0; Windows NT 6.1; Trident/5.0)"
204.147.33.196 - - [17/Nov/2017:18:36:15 +0000] "GET /category/software HTTP/1.1" 200 72 "/category/garden" "Mozilla/5.0 (Macintosh; Intel Mac OS X 10.6; rv:9.0.1) Gecko/20100101 Firefox/9.0.1"
204.75.217.225 - - [17/Nov/2017:18:36:20 +0000] "GET /category/software HTTP/1.1" 200 94 "/category/cameras" "Mozilla/4.0 (compatible; MSIE 8.0; Windows NT 6.1; WOW64; Trident/4.0; YTB730; GTB7.2; EasyBits GO v1.0; SLCC2; .NET CLR 2.0.50727; .NET CLR 3.5.30729; .NET CLR 3.0.30729; Media Center PC 6.0; .NET4.0C)"
216.222.35.46 - - [17/Nov/2017:18:36:25 +0000] "GET /item/electronics/4512 HTTP/1.1" 200 41 "/item/giftcards/2757" "Mozilla/5.0 (Windows NT 6.1; WOW64) AppleWebKit/535.11 (KHTML, like Gecko) Chrome/17.0.963.56 Safari/535.11"
24.225.171.131 - - [17/Nov/2017:18:36:30 +0000] "GET /category/music?from=0 HTTP/1.1" 200 51 "/search/?c=Cameras+Books" "Mozilla/5.0 (Windows NT 6.1; WOW64) AppleWebKit/535.11 (KHTML, like Gecko) Chrome/17.0.963.56 Safari/535.11"
84.192.102.111 - - [17/Nov/2017:18:36:35 +0000] "GET /category/jewelry HTTP/1.1" 200 102 "-" "Mozilla/4.0 (compatible; MSIE 8.0; Windows NT 6.1; WOW64; Trident/4.0; YTB730; GTB7.2; EasyBits GO v1.0; SLCC2; .NET CLR 2.0.50727; .NET CLR 3.5.30729; .NET CLR 3.0.30729; Media Center PC 6.0; .NET4.0C)"
48.54.101.46 - - [17/Nov/2017:18:36:40 +0000] "GET /category/giftcards HTTP/1.1" 200 83 "/category/software" "Mozilla/5.0 (Windows NT 6.0; rv:10.0.1) Gecko/20100101 Firefox/10.0.1"
208.180.46.35 - - [17/Nov/2017:18:36:45 +0000] "GET /category/garden HTTP/1.1" 200 126 "-" "Mozilla/4.0 (compatible; MSIE 8.0; Windows NT 5.1; Trident/4.0; YTB720; GTB7.2; .NET CLR 1.1.4322; .NET CLR 2.0.50727; .NET CLR 3.0.4506.2152; .NET CLR 3.5.30729)"
56.150.202.109 - - [17/Nov/2017:18:36:50 +0000] "GET /category/books HTTP/1.1" 200 50 "http://www.google.com/search?ie=UTF-8&q=google&sclient=psy-ab&q=Books+Cameras&oq=Books+Cameras&aq=f&aqi=g-vL1&aql=&pbx=1&bav=on.2,or.r_gc.r_pw.r_qf.,cf.osb&biw=16&bih=226" "Mozilla/5.0 (Windows NT 6.0; rv:10.0.1) Gecko/20100101 Firefox/10.0.1"
48.39.50.112 - - [17/Nov/2017:18:36:55 +0000] "GET /item/games/905 HTTP/1.1" 200 55 "/category/games" "Mozilla/5.0 (compatible; MSIE 9.0; Windows NT 6.1; Trident/5.0)"
224.210.40.49 - - [17/Nov/2017:18:37:00 +0000] "GET /category/software HTTP/1.1" 200 65 "-" "Mozilla/5.0 (compatible; Googlebot/2.1; +http://www.google.com/bot.html)"
164.45.62.175 - - [17/Nov/2017:18:37:05 +0000] "GET /item/sports/4699 HTTP/1.1" 200 130 "/category/finance" "Mozilla/5.0 (Windows NT 6.0) AppleWebKit/535.11 (KHTML, like Gecko) Chrome/17.0.963.56 Safari/535.11"
56.48.89.225 - - [17/Nov/2017:18:37:10 +0000] "GET /category/finance HTTP/1.1" 200 71 "/search/?c=Cameras+Finance" "Mozilla/5.0 (Windows NT 5.1) AppleWebKit/535.11 (KHTML, like Gecko) Chrome/17.0.963.46 Safari/535.11"
212.75.227.45 - - [17/Nov/2017:18:37:15 +0000] "GET /category/music HTTP/1.1" 200 44 "/category/toys" "Mozilla/5.0 (Windows NT 6.1; WOW64) AppleWebKit/535.11 (KHTML, like Gecko) Chrome/17.0.963.56 Safari/535.11"
188.210.194.32 - - [17/Nov/2017:18:37:20 +0000] "GET /category/sports HTTP/1.1" 200 137 "/category/finance" "Mozilla/5.0 (Windows NT 6.1; WOW64) AppleWebKit/535.11 (KHTML, like Gecko) Chrome/17.0.963.56 Safari/535.11"
228.48.125.88 - - [17/Nov/2017:18:37:25 +0000] "GET /item/electronics/2104 HTTP/1.1" 200 59 "/category/jewelry" "Mozilla/5.0 (compatible; Googlebot/2.1; +http://www.google.com/bot.html)"
64.138.87.214 - - [17/Nov/2017:18:37:30 +0000] "GET /category/garden HTTP/1.1" 200 121 "-" "Mozilla/5.0 (iPad; CPU OS 5_0_1 like Mac OS X) AppleWebKit/534.46 (KHTML, like Gecko) Version/5.1 Mobile/9A405 Safari/7534.48.3"
140.108.166.217 - - [17/Nov/2017:18:37:35 +0000] "GET /category/toys HTTP/1.1" 200 115 "/category/games?from=0" "Mozilla/5.0 (Windows NT 6.0) AppleWebKit/535.11 (KHTML, like Gecko) Chrome/17.0.963.56 Safari/535.11"
144.213.38.93 - - [17/Nov/2017:18:37:40 +0000] "GET /category/music HTTP/1.1" 200 82 "-" "Mozilla/5.0 (Windows NT 6.0; rv:10.0.1) Gecko/20100101 Firefox/10.0.1"
144.180.57.180 - - [17/Nov/2017:18:37:45 +0000] "GET /category/electronics HTTP/1.1" 200 91 "-" "Mozilla/5.0 (Windows NT 6.0) AppleWebKit/535.11 (KHTML, like Gecko) Chrome/17.0.963.56 Safari/535.11"
160.222.46.45 - - [17/Nov/2017:18:37:50 +0000] "GET /category/electronics HTTP/1.1" 200 72 "/category/software" "Mozilla/5.0 (Windows NT 5.1) AppleWebKit/535.11 (KHTML, like Gecko) Chrome/17.0.963.46 Safari/535.11"
108.171.226.164 - - [17/Nov/2017:18:37:55 +0000] "GET /item/electronics/2792 HTTP/1.1" 200 114 "/item/books/3877" "Mozilla/5.0 (Windows NT 6.0; rv:10.0.1) Gecko/20100101 Firefox/10.0.1"
80.114.224.190 - - [17/Nov/2017:18:38:00 +0000] "GET /category/software HTTP/1.1" 200 71 "/category/office" "Mozilla/5.0 (Windows NT 6.0) AppleWebKit/535.11 (KHTML, like Gecko) Chrome/17.0.963.56 Safari/535.11"
156.174.158.57 - - [17/Nov/2017:18:38:05 +0000] "GET /category/computers HTTP/1.1" 200 127 "/item/software/1546" "Mozilla/5.0 (Windows NT 6.0; rv:10.0.1) Gecko/20100101 Firefox/10.0.1"
212.156.57.223 - - [17/Nov/2017:18:38:10 +0000] "GET /item/software/1017 HTTP/1.1" 200 109 "/category/electronics" "Mozilla/5.0 (iPad; CPU OS 5_0_1 like Mac OS X) AppleWebKit/534.46 (KHTML, like Gecko) Version/5.1 Mobile/9A405 Safari/7534.48.3"
36.126.180.91 - - [17/Nov/2017:18:38:15 +0000] "GET /category/cameras HTTP/1.1" 200 124 "/category/electronics?from=20" "Mozilla/5.0 (Windows NT 6.0; rv:10.0.1) Gecko/20100101 Firefox/10.0.1"
212.183.136.225 - - [17/Nov/2017:18:38:20 +0000] "GET /category/giftcards HTTP/1.1" 200 117 "-" "Mozilla/4.0 (compatible; MSIE 8.0; Windows NT 5.1; Trident/4.0; YTB720; GTB7.2; .NET CLR 1.1.4322; .NET CLR 2.0.50727; .NET CLR 3.0.4506.2152; .NET CLR 3.5.30729)"
48.219.110.88 - - [17/Nov/2017:18:38:25 +0000] "GET /category/office HTTP/1.1" 200 80 "/category/garden" "Mozilla/5.0 (iPad; CPU OS 5_0_1 like Mac OS X) AppleWebKit/534.46 (KHTML, like Gecko) Version/5.1 Mobile/9A405 Safari/7534.48.3"
228.54.175.57 - - [17/Nov/2017:18:38:30 +0000] "GET /item/electronics/3574 HTTP/1.1" 200 77 "http://www.google.com/search?ie=UTF-8&q=google&sclient=psy-ab&q=Electronics&oq=Electronics&aq=f&aqi=g-vL1&aql=&pbx=1&bav=on.2,or.r_gc.r_pw.r_qf.,cf.osb&biw=498&bih=361" "Mozilla/4.0 (compatible; MSIE 8.0; Windows NT 6.1; WOW64; Trident/4.0; YTB730; GTB7.2; SLCC2; .NET CLR 2.0.50727; .NET CLR 3.5.30729; .NET CLR 3.0.30729; .NET4.0C; .NET4.0E; Media Center PC 6.0)"
120.180.161.107 - - [17/Nov/2017:18:38:35 +0000] "GET /category/office HTTP/1.1" 200 109 "/item/office/4595" "Mozilla/5.0 (Windows NT 6.0) AppleWebKit/535.11 (KHTML, like Gecko) Chrome/17.0.963.56 Safari/535.11"
108.78.41.69 - - [17/Nov/2017:18:38:40 +0000] "GET /category/games?from=20 HTTP/1.1" 200 42 "/search/?c=Games+Software" "Mozilla/5.0 (compatible; MSIE 9.0; Windows NT 6.1; WOW64; Trident/5.0)"
72.111.113.84 - - [17/Nov/2017:18:38:45 +0000] "GET /item/sports/1656 HTTP/1.1" 200 118 "-" "Mozilla/5.0 (compatible; MSIE 9.0; Windows NT 6.1; Trident/5.0)"
40.180.147.109 - - [17/Nov/2017:18:38:50 +0000] "GET /category/cameras HTTP/1.1" 200 99 "-" "Mozilla/5.0 (Windows NT 6.1; WOW64) AppleWebKit/535.11 (KHTML, like Gecko) Chrome/17.0.963.56 Safari/535.11"
64.219.70.102 - - [17/Nov/2017:18:38:55 +0000] "GET /category/sports HTTP/1.1" 200 61 "/category/games?from=0" "Mozilla/5.0 (compatible; Googlebot/2.1; +http://www.google.com/bot.html)"
60.117.58.163 - - [17/Nov/2017:18:39:00 +0000] "POST /search/?c=Toys+Toys HTTP/1.1" 200 102 "/category/finance" "Mozilla/5.0 (compatible; MSIE 9.0; Windows NT 6.1; WOW64; Trident/5.0)"
40.195.97.189 - - [17/Nov/2017:18:39:05 +0000] "GET /category/giftcards HTTP/1.1" 200 49 "-" "Mozilla/5.0 (compatible; MSIE 9.0; Windows NT 6.1; WOW64; Trident/5.0)"
224.183.83.85 - - [17/Nov/2017:18:39:10 +0000] "GET /category/games HTTP/1.1" 200 42 "/category/toys?from=10" "Mozilla/5.0 (compatible; MSIE 9.0; Windows NT 6.1; Trident/5.0)"
76.168.181.34 - - [17/Nov/2017:18:39:15 +0000] "GET /category/books HTTP/1.1" 200 48 "-" "Mozilla/5.0 (Windows NT 5.1) AppleWebKit/535.11 (KHTML, like Gecko) Chrome/17.0.963.46 Safari/535.11"
28.66.41.90 - - [17/Nov/2017:18:39:20 +0000] "GET /category/office HTTP/1.1" 200 126 "-" "Mozilla/5.0 (Macintosh; Intel Mac OS X 10.6; rv:9.0.1) Gecko/20100101 Firefox/9.0.1"
220.42.55.83 - - [17/Nov/2017:18:39:25 +0000] "GET /item/finance/3901 HTTP/1.1" 200 107 "/category/jewelry" "Mozilla/5.0 (Windows NT 6.1; WOW64) AppleWebKit/535.11 (KHTML, like Gecko) Chrome/17.0.963.56 Safari/535.11"
136.126.144.37 - - [17/Nov/2017:18:39:30 +0000] "GET /category/software HTTP/1.1" 200 104 "/category/books?from=10" "Mozilla/5.0 (compatible; MSIE 9.0; Windows NT 6.1; WOW64; Trident/5.0)"
48.123.171.122 - - [17/Nov/2017:18:39:35 +0000] "GET /category/health HTTP/1.1" 200 103 "/category/computers" "Mozilla/5.0 (Windows NT 6.0) AppleWebKit/535.11 (KHTML, like Gecko) Chrome/17.0.963.56 Safari/535.11"
144.162.184.30 - - [17/Nov/2017:18:39:40 +0000] "GET /category/giftcards HTTP/1.1" 200 49 "/item/games/526" "Mozilla/4.0 (compatible; MSIE 8.0; Windows NT 5.1; Trident/4.0; BTRS122159; GTB7.2; .NET CLR 1.1.4322; .NET CLR 2.0.50727; .NET CLR 3.0.04506.30; .NET CLR 3.0.4506.2152; .NET CLR 3.5.30729; BRI/2)"
176.69.116.108 - - [17/Nov/2017:18:39:45 +0000] "GET /category/office HTTP/1.1" 200 79 "-" "Mozilla/5.0 (iPhone; CPU iPhone OS 5_0_1 like Mac OS X) AppleWebKit/534.46 (KHTML, like Gecko) Version/5.1 Mobile/9A405 Safari/7534.48.3"
176.177.94.159 - - [17/Nov/2017:18:39:50 +0000] "GET /category/books HTTP/1.1" 200 106 "/category/games" "Mozilla/5.0 (compatible; MSIE 9.0; Windows NT 6.1; WOW64; Trident/5.0)"
28.129.126.21 - - [17/Nov/2017:18:39:55 +0000] "GET /item/electronics/2524 HTTP/1.1" 200 57 "/search/?c=Electronics" "Mozilla/5.0 (Windows NT 6.0; rv:10.0.1) Gecko/20100101 Firefox/10.0.1"
164.195.181.157 - - [17/Nov/2017:18:40:00 +0000] "GET /category/sports HTTP/1.1" 200 56 "/item/books/180" "Mozilla/5.0 (compatible; MSIE 9.0; Windows NT 6.1; Trident/5.0)"
80.120.169.42 - - [17/Nov/2017:18:40:05 +0000] "GET /category/games HTTP/1.1" 200 78 "/category/networking?from=10" "Mozilla/5.0 (Windows NT 6.1; WOW64) AppleWebKit/535.7 (KHTML, like Gecko) Chrome/16.0.912.77 Safari/535.7"
36.156.149.92 - - [17/Nov/2017:18:40:10 +0000] "GET /category/giftcards HTTP/1.1" 200 93 "/search/?c=Garden+Electronics" "Mozilla/5.0 (Windows NT 6.0) AppleWebKit/535.11 (KHTML, like Gecko) Chrome/17.0.963.56 Safari/535.11"
60.195.75.126 - - [17/Nov/2017:18:40:15 +0000] "GET /category/garden HTTP/1.1" 200 94 "/category/software" "Mozilla/5.0 (Windows NT 6.0) AppleWebKit/535.11 (KHTML, like Gecko) Chrome/17.0.963.56 Safari/535.11"
28.132.108.116 - - [17/Nov/2017:18:40:20 +0000] "GET /category/music HTTP/1.1" 200 138 "-" "Mozilla/5.0 (compatible; MSIE 9.0; Windows NT 6.1; Trident/5.0)"
160.222.46.45 - - [17/Nov/2017:18:40:25 +0000] "GET /category/software?from=20 HTTP/1.1" 200 94 "/category/electronics" "Mozilla/5.0 (compatible; MSIE 9.0; Windows NT 6.1; WOW64; Trident/5.0)"
132.141.158.51 - - [17/Nov/2017:18:40:30 +0000] "GET /category/health HTTP/1.1" 200 79 "/category/finance" "Mozilla/5.0 (compatible; Googlebot/2.1; +http://www.google.com/bot.html)"
96.90.32.31 - - [17/Nov/2017:18:40:35 +0000] "GET /item/software/1831 HTTP/1.1" 200 69 "/item/health/4533" "Mozilla/5.0 (Windows NT 5.1) AppleWebKit/535.11 (KHTML, like Gecko) Chrome/17.0.963.46 Safari/535.11"
196.168.199.146 - - [17/Nov/2017:18:40:40 +0000] "GET /category/electronics HTTP/1.1" 200 90 "/item/finance/1295" "Mozilla/5.0 (Windows NT 6.0) AppleWebKit/535.11 (KHTML, like Gecko) Chrome/17.0.963.56 Safari/535.11"
56.195.124.151 - - [17/Nov/2017:18:40:45 +0000] "GET /category/games HTTP/1.1" 200 133 "/item/cameras/2822" "Mozilla/5.0 (Macintosh; Intel Mac OS X 10.6; rv:9.0.1) Gecko/20100101 Firefox/9.0.1"
84.216.173.176 - - [17/Nov/2017:18:40:50 +0000] "GET /category/electronics HTTP/1.1" 200 128 "-" "Mozilla/5.0 (compatible; MSIE 9.0; Windows NT 6.1; WOW64; Trident/5.0)"
180.225.166.107 - - [17/Nov/2017:18:40:55 +0000] "GET /category/books HTTP/1.1" 200 106 "/category/electronics" "Mozilla/5.0 (iPad; CPU OS 5_0_1 like Mac OS X) AppleWebKit/534.46 (KHTML, like Gecko) Version/5.1 Mobile/9A405 Safari/7534.48.3"
48.195.168.33 - - [17/Nov/2017:18:41:00 +0000] "GET /item/networking/3236 HTTP/1.1" 200 109 "/item/garden/4648" "Mozilla/4.0 (compatible; MSIE 8.0; Windows NT 6.1; WOW64; Trident/4.0; YTB730; GTB7.2; EasyBits GO v1.0; SLCC2; .NET CLR 2.0.50727; .NET CLR 3.5.30729; .NET CLR 3.0.30729; Media Center PC 6.0; .NET4.0C)"
212.204.212.109 - - [17/Nov/2017:18:41:05 +0000] "GET /item/electronics/4251 HTTP/1.1" 200 139 "-" "Mozilla/5.0 (compatible; MSIE 9.0; Windows NT 6.1; WOW64; Trident/5.0)"
72.120.175.129 - - [17/Nov/2017:18:41:10 +0000] "GET /category/electronics HTTP/1.1" 200 101 "-" "Mozilla/5.0 (compatible; MSIE 9.0; Windows NT 6.1; WOW64; Trident/5.0)"
120.168.180.96 - - [17/Nov/2017:18:41:15 +0000] "GET /category/books?from=0 HTTP/1.1" 200 114 "/category/toys" "Mozilla/5.0 (Windows NT 6.1; WOW64; rv:10.0.1) Gecko/20100101 Firefox/10.0.1"
132.135.20.22 - - [17/Nov/2017:18:41:20 +0000] "GET /item/books/469 HTTP/1.1" 200 95 "/item/finance/4175" "Mozilla/5.0 (Windows NT 6.0) AppleWebKit/535.11 (KHTML, like Gecko) Chrome/17.0.963.56 Safari/535.11"
136.27.27.51 - - [17/Nov/2017:18:41:25 +0000] "GET /category/finance HTTP/1.1" 200 49 "/category/jewelry" "Mozilla/5.0 (Windows NT 6.1; WOW64; rv:10.0.1) Gecko/20100101 Firefox/10.0.1"
172.201.30.205 - - [17/Nov/2017:18:41:30 +0000] "GET /item/software/71 HTTP/1.1" 200 116 "/category/giftcards?from=10" "Mozilla/5.0 (compatible; MSIE 9.0; Windows NT 6.1; WOW64; Trident/5.0)"
104.207.115.95 - - [17/Nov/2017:18:41:35 +0000] "GET /item/office/2035 HTTP/1.1" 200 120 "/category/office" "Mozilla/5.0 (iPhone; CPU iPhone OS 5_0_1 like Mac OS X) AppleWebKit/534.46 (KHTML, like Gecko) Version/5.1 Mobile/9A405 Safari/7534.48.3"
160.183.132.213 - - [17/Nov/2017:18:41:40 +0000] "GET /category/books HTTP/1.1" 200 101 "/category/books" "Mozilla/5.0 (Macintosh; Intel Mac OS X 10.6; rv:9.0.1) Gecko/20100101 Firefox/9.0.1"
124.222.42.225 - - [17/Nov/2017:18:41:45 +0000] "GET /category/electronics HTTP/1.1" 200 128 "-" "Mozilla/5.0 (Windows NT 6.1; WOW64) AppleWebKit/535.11 (KHTML, like Gecko) Chrome/17.0.963.56 Safari/535.11"
132.111.91.221 - - [17/Nov/2017:18:41:50 +0000] "POST /search/?c=Computers HTTP/1.1" 200 41 "-" "Mozilla/5.0 (compatible; MSIE 9.0; Windows NT 6.1; Trident/5.0)"
112.132.152.220 - - [17/Nov/2017:18:41:55 +0000] "GET /category/software HTTP/1.1" 200 89 "-" "Mozilla/5.0 (Windows NT 6.1; WOW64) AppleWebKit/535.11 (KHTML, like Gecko) Chrome/17.0.963.56 Safari/535.11"
36.183.156.215 - - [17/Nov/2017:18:42:00 +0000] "POST /search/?c=Garden HTTP/1.1" 200 44 "/item/finance/2915" "Mozilla/5.0 (Windows NT 6.0; rv:10.0.1) Gecko/20100101 Firefox/10.0.1"
224.183.83.85 - - [17/Nov/2017:18:42:05 +0000] "GET /category/cameras HTTP/1.1" 200 66 "-" "Mozilla/5.0 (compatible; MSIE 9.0; Windows NT 6.1; Trident/5.0)"
100.195.21.152 - - [17/Nov/2017:18:42:10 +0000] "GET /category/computers HTTP/1.1" 200 48 "-" "Mozilla/5.0 (iPhone; CPU iPhone OS 5_0_1 like Mac OS X) AppleWebKit/534.46 (KHTML, like Gecko) Version/5.1 Mobile/9A405 Safari/7534.48.3"
36.180.97.199 - - [17/Nov/2017:18:42:15 +0000] "GET /category/office HTTP/1.1" 200 71 "-" "Mozilla/4.0 (compatible; MSIE 8.0; Windows NT 6.1; Trident/4.0; YTB730; SLCC2; .NET CLR 2.0.50727; .NET CLR 3.5.30729; .NET CLR 3.0.30729; Media Center PC 6.0; .NET4.0C)"
64.99.106.139 - - [17/Nov/2017:18:42:20 +0000] "GET /item/software/2109 HTTP/1.1" 200 107 "/category/sports" "Mozilla/4.0 (compatible; MSIE 8.0; Windows NT 6.0; WOW64; Trident/4.0; GTB6; SLCC1; .NET CLR 2.0.50727; Media Center PC 5.0; .NET CLR 3.5.30729; .NET CLR 3.0.30618; .NET4.0C)"
160.135.24.226 - - [17/Nov/2017:18:42:25 +0000] "POST /search/?c=Electronics+Toys HTTP/1.1" 200 128 "/category/books" "Mozilla/5.0 (compatible; Googlebot/2.1; +http://www.google.com/bot.html)"
152.63.117.36 - - [17/Nov/2017:18:42:30 +0000] "GET /item/sports/3881 HTTP/1.1" 200 89 "http://www.google.com/search?ie=UTF-8&q=google&sclient=psy-ab&q=Sports+Music&oq=Sports+Music&aq=f&aqi=g-vL1&aql=&pbx=1&bav=on.2,or.r_gc.r_pw.r_qf.,cf.osb&biw=3678&bih=406" "Mozilla/5.0 (iPhone; CPU iPhone OS 5_0_1 like Mac OS X) AppleWebKit/534.46 (KHTML, like Gecko) Version/5.1 Mobile/9A405 Safari/7534.48.3"
140.36.89.127 - - [17/Nov/2017:18:42:35 +0000] "GET /item/networking/3624 HTTP/1.1" 200 44 "http://www.google.com/search?ie=UTF-8&q=google&sclient=psy-ab&q=Networking&oq=Networking&aq=f&aqi=g-vL1&aql=&pbx=1&bav=on.2,or.r_gc.r_pw.r_qf.,cf.osb&biw=442&bih=108" "Mozilla/5.0 (Windows NT 6.1; WOW64; rv:10.0.1) Gecko/20100101 Firefox/10.0.1"
128.159.112.128 - - [17/Nov/2017:18:42:40 +0000] "POST /search/?c=Health HTTP/1.1" 200 60 "/category/toys" "Mozilla/5.0 (Windows NT 6.1; WOW64) AppleWebKit/535.11 (KHTML, like Gecko) Chrome/17.0.963.56 Safari/535.11"
164.165.47.101 - - [17/Nov/2017:18:42:45 +0000] "GET /category/office HTTP/1.1" 200 126 "/item/games/743" "Mozilla/5.0 (iPhone; CPU iPhone OS 5_0_1 like Mac OS X) AppleWebKit/534.46 (KHTML, like Gecko) Version/5.1 Mobile/9A405 Safari/7534.48.3"
208.117.69.117 - - [17/Nov/2017:18:42:50 +0000] "GET /category/finance HTTP/1.1" 200 136 "/item/books/939" "Mozilla/5.0 (Macintosh; Intel Mac OS X 10.6; rv:9.0.1) Gecko/20100101 Firefox/9.0.1"
188.210.194.32 - - [17/Nov/2017:18:42:55 +0000] "GET /category/electronics HTTP/1.1" 200 125 "/category/computers" "Mozilla/5.0 (Windows NT 6.1; WOW64) AppleWebKit/535.11 (KHTML, like Gecko) Chrome/17.0.963.56 Safari/535.11"
200.201.187.211 - - [17/Nov/2017:18:43:00 +0000] "GET /category/garden HTTP/1.1" 200 117 "/category/books" "Mozilla/5.0 (compatible; Googlebot/2.1; +http://www.google.com/bot.html)"
60.225.108.28 - - [17/Nov/2017:18:43:05 +0000] "GET /item/electronics/4041 HTTP/1.1" 200 42 "-" "Mozilla/5.0 (compatible; MSIE 9.0; Windows NT 6.1; WOW64; Trident/5.0)"
212.75.227.45 - - [17/Nov/2017:18:43:10 +0000] "GET /item/electronics/2595 HTTP/1.1" 200 59 "/category/books" "Mozilla/5.0 (Macintosh; Intel Mac OS X 10.6; rv:9.0.1) Gecko/20100101 Firefox/9.0.1"
80.132.181.27 - - [17/Nov/2017:18:43:15 +0000] "GET /item/electronics/1089 HTTP/1.1" 200 54 "/item/computers/1158" "Mozilla/5.0 (Windows NT 5.1) AppleWebKit/535.11 (KHTML, like Gecko) Chrome/17.0.963.46 Safari/535.11"
44.198.64.135 - - [17/Nov/2017:18:43:20 +0000] "GET /category/books HTTP/1.1" 200 98 "/category/software" "Mozilla/5.0 (Windows NT 6.1; WOW64) AppleWebKit/535.11 (KHTML, like Gecko) Chrome/17.0.963.56 Safari/535.11"
144.90.208.217 - - [17/Nov/2017:18:43:25 +0000] "GET /category/software?from=20 HTTP/1.1" 200 57 "-" "Mozilla/5.0 (Windows NT 6.1; WOW64; rv:10.0.1) Gecko/20100101 Firefox/10.0.1"
140.27.162.195 - - [17/Nov/2017:18:43:30 +0000] "GET /category/games HTTP/1.1" 200 114 "/item/electronics/2698" "Mozilla/5.0 (Windows NT 6.1; WOW64) AppleWebKit/535.7 (KHTML, like Gecko) Chrome/16.0.912.77 Safari/535.7"
68.78.197.161 - - [17/Nov/2017:18:43:35 +0000] "GET /category/cameras HTTP/1.1" 200 53 "/category/software" "Mozilla/5.0 (Windows NT 6.1; WOW64) AppleWebKit/535.7 (KHTML, like Gecko) Chrome/16.0.912.77 Safari/535.7"
136.111.189.48 - - [17/Nov/2017:18:43:40 +0000] "GET /item/books/3156 HTTP/1.1" 200 102 "-" "Mozilla/5.0 (compatible; Googlebot/2.1; +http://www.google.com/bot.html)"
140.54.169.166 - - [17/Nov/2017:18:43:45 +0000] "POST /search/?c=Electronics+Toys HTTP/1.1" 200 128 "/category/electronics?from=0" "Mozilla/5.0 (compatible; Googlebot/2.1; +http://www.google.com/bot.html)"
144.180.166.148 - - [17/Nov/2017:18:43:50 +0000] "GET /category/electronics HTTP/1.1" 200 96 "/category/books" "Mozilla/5.0 (Macintosh; Intel Mac OS X 10.6; rv:9.0.1) Gecko/20100101 Firefox/9.0.1"
180.39.180.68 - - [17/Nov/2017:18:43:55 +0000] "GET /item/giftcards/3166 HTTP/1.1" 200 108 "/category/computers" "Mozilla/4.0 (compatible; MSIE 8.0; Windows NT 5.1; Trident/4.0; YTB720; GTB7.2; .NET CLR 1.1.4322; .NET CLR 2.0.50727; .NET CLR 3.0.4506.2152; .NET CLR 3.5.30729)"
188.171.194.118 - - [17/Nov/2017:18:44:00 +0000] "GET /item/garden/2199 HTTP/1.1" 200 74 "http://www.google.com/search?ie=UTF-8&q=google&sclient=psy-ab&q=Garden+Music&oq=Garden+Music&aq=f&aqi=g-vL1&aql=&pbx=1&bav=on.2,or.r_gc.r_pw.r_qf.,cf.osb&biw=8&bih=365" "Mozilla/4.0 (compatible; MSIE 8.0; Windows NT 6.1; WOW64; Trident/4.0; YTB730; GTB7.2; SLCC2; .NET CLR 2.0.50727; .NET CLR 3.5.30729; .NET CLR 3.0.30729; .NET4.0C; .NET4.0E; Media Center PC 6.0)"
164.87.165.83 - - [17/Nov/2017:18:44:05 +0000] "GET /category/games HTTP/1.1" 200 138 "-" "Mozilla/5.0 (Windows NT 6.0) AppleWebKit/535.11 (KHTML, like Gecko) Chrome/17.0.963.56 Safari/535.11"
156.90.180.107 - - [17/Nov/2017:18:44:10 +0000] "GET /category/music HTTP/1.1" 200 92 "-" "Mozilla/5.0 (Macintosh; Intel Mac OS X 10.6; rv:9.0.1) Gecko/20100101 Firefox/9.0.1"
68.24.152.91 - - [17/Nov/2017:18:44:15 +0000] "GET /item/cameras/2644 HTTP/1.1" 200 124 "/category/computers" "Mozilla/5.0 (compatible; MSIE 9.0; Windows NT 6.1; WOW64; Trident/5.0)"
68.201.134.81 - - [17/Nov/2017:18:44:20 +0000] "GET /item/games/1021 HTTP/1.1" 200 124 "/category/music" "Mozilla/5.0 (Windows NT 6.1; WOW64; rv:10.0.1) Gecko/20100101 Firefox/10.0.1"
148.219.89.124 - - [17/Nov/2017:18:44:25 +0000] "GET /item/giftcards/3622 HTTP/1.1" 200 59 "/item/electronics/2563" "Mozilla/5.0 (Windows NT 5.1) AppleWebKit/535.11 (KHTML, like Gecko) Chrome/17.0.963.46 Safari/535.11"
52.216.223.224 - - [17/Nov/2017:18:44:30 +0000] "GET /category/software HTTP/1.1" 200 121 "/item/games/2268" "Mozilla/5.0 (Windows NT 6.0; rv:10.0.1) Gecko/20100101 Firefox/10.0.1"
44.102.75.27 - - [17/Nov/2017:18:44:35 +0000] "GET /item/books/3992 HTTP/1.1" 200 70 "/category/games" "Mozilla/5.0 (compatible; Googlebot/2.1; +http://www.google.com/bot.html)"
48.105.77.215 - - [17/Nov/2017:18:44:40 +0000] "GET /item/sports/3851 HTTP/1.1" 200 49 "-" "Mozilla/4.0 (compatible; MSIE 8.0; Windows NT 6.1; WOW64; Trident/4.0; YTB730; GTB7.2; SLCC2; .NET CLR 2.0.50727; .NET CLR 3.5.30729; .NET CLR 3.0.30729; .NET4.0C; .NET4.0E; Media Center PC 6.0)"
172.171.155.192 - - [17/Nov/2017:18:44:45 +0000] "GET /category/computers HTTP/1.1" 200 133 "-" "Mozilla/5.0 (iPhone; CPU iPhone OS 5_0_1 like Mac OS X) AppleWebKit/534.46 (KHTML, like Gecko) Version/5.1 Mobile/9A405 Safari/7534.48.3"
152.153.163.83 - - [17/Nov/2017:18:44:50 +0000] "GET /item/computers/512 HTTP/1.1" 200 97 "/category/books" "Mozilla/5.0 (Windows NT 6.0) AppleWebKit/535.11 (KHTML, like Gecko) Chrome/17.0.963.56 Safari/535.11"
76.114.187.160 - - [17/Nov/2017:18:44:55 +0000] "GET /item/electronics/2972 HTTP/1.1" 200 130 "-" "Mozilla/5.0 (Macintosh; Intel Mac OS X 10.6; rv:9.0.1) Gecko/20100101 Firefox/9.0.1"
20.63.176.160 - - [17/Nov/2017:18:45:00 +0000] "GET /category/electronics?from=20 HTTP/1.1" 200 124 "-" "Mozilla/5.0 (Windows NT 6.0) AppleWebKit/535.11 (KHTML, like Gecko) Chrome/17.0.963.56 Safari/535.11"
80.75.100.166 - - [17/Nov/2017:18:45:05 +0000] "GET /category/electronics HTTP/1.1" 200 137 "-" "Mozilla/4.0 (compatible; MSIE 8.0; Windows NT 5.1; Trident/4.0; YTB720; GTB7.2; .NET CLR 1.1.4322; .NET CLR 2.0.50727; .NET CLR 3.0.4506.2152; .NET CLR 3.5.30729)"
212.219.108.195 - - [17/Nov/2017:18:45:10 +0000] "GET /item/finance/4175 HTTP/1.1" 200 42 "/category/giftcards" "Mozilla/4.0 (compatible; MSIE 8.0; Windows NT 5.1; Trident/4.0; BTRS122159; GTB7.2; .NET CLR 1.1.4322; .NET CLR 2.0.50727; .NET CLR 3.0.04506.30; .NET CLR 3.0.4506.2152; .NET CLR 3.5.30729; BRI/2)"
88.195.115.100 - - [17/Nov/2017:18:45:15 +0000] "GET /category/finance HTTP/1.1" 200 125 "/category/books" "Mozilla/5.0 (compatible; MSIE 9.0; Windows NT 6.1; WOW64; Trident/5.0)"
60.30.84.168 - - [17/Nov/2017:18:45:20 +0000] "GET /item/computers/1693 HTTP/1.1" 200 110 "/item/computers/3996" "Mozilla/4.0 (compatible; MSIE 8.0; Windows NT 6.1; Trident/4.0; YTB730; SLCC2; .NET CLR 2.0.50727; .NET CLR 3.5.30729; .NET CLR 3.0.30729; Media Center PC 6.0; .NET4.0C)"
72.123.144.157 - - [17/Nov/2017:18:45:25 +0000] "GET /category/office HTTP/1.1" 200 51 "-" "Mozilla/5.0 (Macintosh; Intel Mac OS X 10.6; rv:9.0.1) Gecko/20100101 Firefox/9.0.1"
88.195.115.100 - - [17/Nov/2017:18:45:30 +0000] "GET /item/giftcards/3166 HTTP/1.1" 200 108 "-" "Mozilla/5.0 (Windows NT 6.1; WOW64; rv:10.0.1) Gecko/20100101 Firefox/10.0.1"
228.210.130.193 - - [17/Nov/2017:18:45:35 +0000] "GET /category/health HTTP/1.1" 200 137 "-" "Mozilla/5.0 (Windows NT 6.0; rv:10.0.1) Gecko/20100101 Firefox/10.0.1"
60.30.84.168 - - [17/Nov/2017:18:45:40 +0000] "GET /category/garden?from=0 HTTP/1.1" 200 41 "/search/?c=Software+Software" "Mozilla/4.0 (compatible; MSIE 8.0; Windows NT 6.1; Trident/4.0; YTB730; SLCC2; .NET CLR 2.0.50727; .NET CLR 3.5.30729; .NET CLR 3.0.30729; Media Center PC 6.0; .NET4.0C)"
96.24.145.93 - - [17/Nov/2017:18:45:45 +0000] "GET /category/games?from=0 HTTP/1.1" 200 72 "/search/?c=Games+Electronics" "Mozilla/5.0 (compatible; Googlebot/2.1; +http://www.google.com/bot.html)"
200.225.111.124 - - [17/Nov/2017:18:45:50 +0000] "GET /item/giftcards/3622 HTTP/1.1" 200 59 "http://www.google.com/search?ie=UTF-8&q=google&sclient=psy-ab&q=Giftcards+Office&oq=Giftcards+Office&aq=f&aqi=g-vL1&aql=&pbx=1&bav=on.2,or.r_gc.r_pw.r_qf.,cf.osb&biw=2048&bih=175" "Mozilla/5.0 (compatible; MSIE 9.0; Windows NT 6.1; WOW64; Trident/5.0)"
128.120.138.51 - - [17/Nov/2017:18:45:55 +0000] "GET /item/networking/3831 HTTP/1.1" 200 85 "/item/games/743" "Mozilla/5.0 (compatible; MSIE 9.0; Windows NT 6.1; WOW64; Trident/5.0)"
80.39.220.94 - - [17/Nov/2017:18:46:00 +0000] "POST /search/?c=Software+Books HTTP/1.1" 200 79 "/search/?c=Health" "Mozilla/5.0 (Windows NT 6.0) AppleWebKit/535.11 (KHTML, like Gecko) Chrome/17.0.963.56 Safari/535.11"
76.168.181.34 - - [17/Nov/2017:18:46:05 +0000] "GET /category/games HTTP/1.1" 200 78 "/item/giftcards/202" "Mozilla/5.0 (compatible; Googlebot/2.1; +http://www.google.com/bot.html)"
152.174.211.73 - - [17/Nov/2017:18:46:10 +0000] "GET /category/networking HTTP/1.1" 200 83 "-" "Mozilla/5.0 (Windows NT 6.0; rv:10.0.1) Gecko/20100101 Firefox/10.0.1"
180.225.135.58 - - [17/Nov/2017:18:46:15 +0000] "GET /item/health/1094 HTTP/1.1" 200 86 "/item/garden/3051" "Mozilla/5.0 (compatible; MSIE 9.0; Windows NT 6.1; Trident/5.0)"
192.183.227.24 - - [17/Nov/2017:18:46:20 +0000] "GET /item/electronics/106 HTTP/1.1" 200 50 "/item/electronics/2606" "Mozilla/5.0 (Windows NT 6.0; rv:10.0.1) Gecko/20100101 Firefox/10.0.1"
108.102.68.52 - - [17/Nov/2017:18:46:25 +0000] "GET /category/games HTTP/1.1" 200 83 "/item/books/590" "Mozilla/5.0 (Windows NT 6.1; WOW64; rv:10.0.1) Gecko/20100101 Firefox/10.0.1"
128.39.75.36 - - [17/Nov/2017:18:46:30 +0000] "GET /item/electronics/450 HTTP/1.1" 200 123 "/category/software" "Mozilla/5.0 (Macintosh; Intel Mac OS X 10.6; rv:9.0.1) Gecko/20100101 Firefox/9.0.1"
40.42.114.155 - - [17/Nov/2017:18:46:35 +0000] "GET /category/electronics HTTP/1.1" 200 44 "/category/software" "Mozilla/5.0 (compatible; Googlebot/2.1; +http://www.google.com/bot.html)"
60.225.108.28 - - [17/Nov/2017:18:46:40 +0000] "GET /item/electronics/3842 HTTP/1.1" 200 50 "/search/?c=Electronics" "Mozilla/5.0 (compatible; MSIE 9.0; Windows NT 6.1; WOW64; Trident/5.0)"
196.81.179.31 - - [17/Nov/2017:18:46:45 +0000] "POST /search/?c=Software HTTP/1.1" 200 61 "/category/electronics" "Mozilla/5.0 (compatible; Googlebot/2.1; +http://www.google.com/bot.html)"
104.141.83.168 - - [17/Nov/2017:18:46:50 +0000] "POST /search/?c=Games HTTP/1.1" 200 73 "/search/?c=Software+Software" "Mozilla/4.0 (compatible; MSIE 8.0; Windows NT 6.1; WOW64; Trident/4.0; YTB730; GTB7.2; EasyBits GO v1.0; SLCC2; .NET CLR 2.0.50727; .NET CLR 3.5.30729; .NET CLR 3.0.30729; Media Center PC 6.0; .NET4.0C)"
36.75.71.169 - - [17/Nov/2017:18:46:55 +0000] "GET /category/electronics HTTP/1.1" 200 103 "/item/electronics/229" "Mozilla/5.0 (iPhone; CPU iPhone OS 5_0_1 like Mac OS X) AppleWebKit/534.46 (KHTML, like Gecko) Version/5.1 Mobile/9A405 Safari/7534.48.3"
44.198.69.129 - - [17/Nov/2017:18:47:00 +0000] "POST /search/?c=Office HTTP/1.1" 200 131 "-" "Mozilla/5.0 (compatible; Googlebot/2.1; +http://www.google.com/bot.html)"
64.138.87.214 - - [17/Nov/2017:18:47:05 +0000] "POST /search/?c=Giftcards HTTP/1.1" 200 104 "-" "Mozilla/4.0 (compatible; MSIE 8.0; Windows NT 5.1; Trident/4.0; YTB720; GTB7.2; .NET CLR 1.1.4322; .NET CLR 2.0.50727; .NET CLR 3.0.4506.2152; .NET CLR 3.5.30729)"
128.27.162.45 - - [17/Nov/2017:18:47:10 +0000] "GET /category/books HTTP/1.1" 200 89 "-" "Mozilla/5.0 (Windows NT 6.1; WOW64) AppleWebKit/535.7 (KHTML, like Gecko) Chrome/16.0.912.77 Safari/535.7"
196.84.86.62 - - [17/Nov/2017:18:47:15 +0000] "GET /category/office HTTP/1.1" 200 124 "-" "Mozilla/5.0 (Windows NT 6.1; WOW64) AppleWebKit/535.11 (KHTML, like Gecko) Chrome/17.0.963.56 Safari/535.11"
28.45.145.192 - - [17/Nov/2017:18:47:20 +0000] "GET /item/electronics/1911 HTTP/1.1" 200 122 "/search/?c=Electronics+Electronics" "Mozilla/5.0 (compatible; Googlebot/2.1; +http://www.google.com/bot.html)"
128.120.138.51 - - [17/Nov/2017:18:47:25 +0000] "GET /category/books?from=10 HTTP/1.1" 200 89 "/category/books" "Mozilla/5.0 (compatible; MSIE 9.0; Windows NT 6.1; WOW64; Trident/5.0)"
32.213.139.23 - - [17/Nov/2017:18:47:30 +0000] "GET /category/software HTTP/1.1" 200 116 "-" "Mozilla/5.0 (compatible; MSIE 9.0; Windows NT 6.1; Trident/5.0)"
60.30.84.168 - - [17/Nov/2017:18:47:35 +0000] "GET /category/software HTTP/1.1" 200 56 "/item/music/4221" "Mozilla/4.0 (compatible; MSIE 8.0; Windows NT 6.1; Trident/4.0; YTB730; SLCC2; .NET CLR 2.0.50727; .NET CLR 3.5.30729; .NET CLR 3.0.30729; Media Center PC 6.0; .NET4.0C)"
176.108.47.217 - - [17/Nov/2017:18:47:40 +0000] "GET /item/electronics/4512 HTTP/1.1" 200 41 "-" "Mozilla/5.0 (Windows NT 5.1) AppleWebKit/535.11 (KHTML, like Gecko) Chrome/17.0.963.46 Safari/535.11"
104.207.115.95 - - [17/Nov/2017:18:47:45 +0000] "GET /item/games/3186 HTTP/1.1" 200 47 "/category/games" "Mozilla/5.0 (compatible; MSIE 9.0; Windows NT 6.1; WOW64; Trident/5.0)"
208.150.70.225 - - [17/Nov/2017:18:47:50 +0000] "GET /category/garden HTTP/1.1" 200 86 "-" "Mozilla/5.0 (Macintosh; Intel Mac OS X 10.6; rv:9.0.1) Gecko/20100101 Firefox/9.0.1"
144.159.198.187 - - [17/Nov/2017:18:47:55 +0000] "GET /category/games?from=0 HTTP/1.1" 200 124 "/category/networking" "Mozilla/4.0 (compatible; MSIE 8.0; Windows NT 6.0; WOW64; Trident/4.0; GTB6; SLCC1; .NET CLR 2.0.50727; Media Center PC 5.0; .NET CLR 3.5.30729; .NET CLR 3.0.30618; .NET4.0C)"
104.195.68.101 - - [17/Nov/2017:18:48:00 +0000] "GET /item/toys/3901 HTTP/1.1" 200 122 "-" "Mozilla/5.0 (Windows NT 6.1; WOW64) AppleWebKit/535.11 (KHTML, like Gecko) Chrome/17.0.963.56 Safari/535.11"
32.132.45.143 - - [17/Nov/2017:18:48:05 +0000] "GET /category/electronics?from=20 HTTP/1.1" 200 48 "/search/?c=Electronics+Software" "Mozilla/5.0 (Windows NT 6.1; WOW64) AppleWebKit/535.7 (KHTML, like Gecko) Chrome/16.0.912.77 Safari/535.7"
52.135.193.44 - - [17/Nov/2017:18:48:10 +0000] "GET /item/health/2403 HTTP/1.1" 200 112 "/item/software/1950" "Mozilla/5.0 (compatible; Googlebot/2.1; +http://www.google.com/bot.html)"
224.159.219.206 - - [17/Nov/2017:18:48:15 +0000] "GET /category/software HTTP/1.1" 200 106 "-" "Mozilla/5.0 (compatible; MSIE 9.0; Windows NT 6.1; Trident/5.0)"
144.168.60.186 - - [17/Nov/2017:18:48:20 +0000] "GET /item/giftcards/1901 HTTP/1.1" 200 63 "-" "Mozilla/5.0 (Windows NT 6.0; rv:10.0.1) Gecko/20100101 Firefox/10.0.1"
164.219.67.33 - - [17/Nov/2017:18:48:25 +0000] "GET /category/office HTTP/1.1" 200 120 "/item/books/4818" "Mozilla/5.0 (compatible; MSIE 9.0; Windows NT 6.1; WOW64; Trident/5.0)"
60.81.133.199 - - [17/Nov/2017:18:48:30 +0000] "GET /item/finance/4175 HTTP/1.1" 200 42 "/category/cameras" "Mozilla/5.0 (iPhone; CPU iPhone OS 5_0_1 like Mac OS X) AppleWebKit/534.46 (KHTML, like Gecko) Version/5.1 Mobile/9A405 Safari/7534.48.3"
140.63.197.40 - - [17/Nov/2017:18:48:35 +0000] "GET /item/books/3992 HTTP/1.1" 200 70 "/category/electronics" "Mozilla/4.0 (compatible; MSIE 8.0; Windows NT 6.0; WOW64; Trident/4.0; GTB6; SLCC1; .NET CLR 2.0.50727; Media Center PC 5.0; .NET CLR 3.5.30729; .NET CLR 3.0.30618; .NET4.0C)"
192.132.36.118 - - [17/Nov/2017:18:48:40 +0000] "GET /category/games HTTP/1.1" 200 57 "/item/office/84" "Mozilla/5.0 (compatible; Googlebot/2.1; +http://www.google.com/bot.html)"
172.204.128.196 - - [17/Nov/2017:18:48:45 +0000] "GET /item/electronics/3030 HTTP/1.1" 200 84 "/item/electronics/2001" "Mozilla/5.0 (Windows NT 6.1; WOW64) AppleWebKit/535.11 (KHTML, like Gecko) Chrome/17.0.963.56 Safari/535.11"
92.180.180.225 - - [17/Nov/2017:18:48:50 +0000] "GET /item/software/3165 HTTP/1.1" 200 63 "/search/?c=Software" "Mozilla/5.0 (Windows NT 6.0; rv:10.0.1) Gecko/20100101 Firefox/10.0.1"
60.81.144.143 - - [17/Nov/2017:18:48:55 +0000] "GET /category/books HTTP/1.1" 200 80 "-" "Mozilla/5.0 (Macintosh; Intel Mac OS X 10.6; rv:9.0.1) Gecko/20100101 Firefox/9.0.1"
192.24.229.108 - - [17/Nov/2017:18:49:00 +0000] "GET /category/software HTTP/1.1" 200 87 "http://www.google.com/search?ie=UTF-8&q=google&sclient=psy-ab&q=Software&oq=Software&aq=f&aqi=g-vL1&aql=&pbx=1&bav=on.2,or.r_gc.r_pw.r_qf.,cf.osb&biw=4390&bih=69" "Mozilla/4.0 (compatible; MSIE 8.0; Windows NT 6.1; Trident/4.0; YTB730; SLCC2; .NET CLR 2.0.50727; .NET CLR 3.5.30729; .NET CLR 3.0.30729; Media Center PC 6.0; .NET4.0C)"
164.210.109.27 - - [17/Nov/2017:18:49:05 +0000] "POST /search/?c=Garden+Networking HTTP/1.1" 200 130 "/item/books/4062" "Mozilla/5.0 (Windows NT 6.0; rv:10.0.1) Gecko/20100101 Firefox/10.0.1"
68.195.70.77 - - [17/Nov/2017:18:49:10 +0000] "GET /category/cameras?from=0 HTTP/1.1" 200 139 "/item/books/3156" "Mozilla/5.0 (Windows NT 5.1) AppleWebKit/535.11 (KHTML, like Gecko) Chrome/17.0.963.46 Safari/535.11"
168.93.214.104 - - [17/Nov/2017:18:49:15 +0000] "GET /category/sports HTTP/1.1" 200 49 "-" "Mozilla/4.0 (compatible; MSIE 8.0; Windows NT 6.0; WOW64; Trident/4.0; GTB6; SLCC1; .NET CLR 2.0.50727; Media Center PC 5.0; .NET CLR 3.5.30729; .NET CLR 3.0.30618; .NET4.0C)"
40.180.147.109 - - [17/Nov/2017:18:49:20 +0000] "POST /search/?c=Garden HTTP/1.1" 200 44 "-" "Mozilla/5.0 (Windows NT 6.1; WOW64) AppleWebKit/535.11 (KHTML, like Gecko) Chrome/17.0.963.56 Safari/535.11"
168.99.27.181 - - [17/Nov/2017:18:49:25 +0000] "GET /category/computers HTTP/1.1" 200 103 "-" "Mozilla/5.0 (compatible; MSIE 9.0; Windows NT 6.1; Trident/5.0)"
188.21.107.76 - - [17/Nov/2017:18:49:30 +0000] "GET /category/garden HTTP/1.1" 200 122 "/category/finance?from=10" "Mozilla/5.0 (compatible; Googlebot/2.1; +http://www.google.com/bot.html)"
32.78.86.157 - - [17/Nov/2017:18:49:35 +0000] "POST /search/?c=Books HTTP/1.1" 200 114 "/category/toys" "Mozilla/5.0 (Windows NT 5.1) AppleWebKit/535.11 (KHTML, like Gecko) Chrome/17.0.963.46 Safari/535.11"
108.93.207.173 - - [17/Nov/2017:18:49:40 +0000] "GET /category/electronics HTTP/1.1" 200 110 "-" "Mozilla/4.0 (compatible; MSIE 8.0; Windows NT 6.1; WOW64; Trident/4.0; YTB730; GTB7.2; SLCC2; .NET CLR 2.0.50727; .NET CLR 3.5.30729; .NET CLR 3.0.30729; .NET4.0C; .NET4.0E; Media Center PC 6.0)"
188.111.114.167 - - [17/Nov/2017:18:49:45 +0000] "POST /search/?c=Games HTTP/1.1" 200 42 "-" "Mozilla/4.0 (compatible; MSIE 8.0; Windows NT 6.1; WOW64; Trident/4.0; YTB730; GTB7.2; EasyBits GO v1.0; SLCC2; .NET CLR 2.0.50727; .NET CLR 3.5.30729; .NET CLR 3.0.30729; Media Center PC 6.0; .NET4.0C)"
20.192.47.128 - - [17/Nov/2017:18:49:50 +0000] "POST /search/?c=Finance HTTP/1.1" 200 85 "/item/electronics/1628" "Mozilla/5.0 (Windows NT 6.1; WOW64) AppleWebKit/535.7 (KHTML, like Gecko) Chrome/16.0.912.77 Safari/535.7"
112.204.94.24 - - [17/Nov/2017:18:49:55 +0000] "GET /category/electronics HTTP/1.1" 200 96 "/item/software/3371" "Mozilla/5.0 (compatible; MSIE 9.0; Windows NT 6.1; WOW64; Trident/5.0)"
44.198.209.156 - - [17/Nov/2017:18:50:00 +0000] "GET /category/sports HTTP/1.1" 200 59 "/category/software" "Mozilla/5.0 (Macintosh; Intel Mac OS X 10.6; rv:9.0.1) Gecko/20100101 Firefox/9.0.1"
212.183.136.225 - - [17/Nov/2017:18:50:05 +0000] "GET /item/networking/2266 HTTP/1.1" 404 75 "/category/networking" "Mozilla/5.0 (Macintosh; Intel Mac OS X 10.6; rv:9.0.1) Gecko/20100101 Firefox/9.0.1"
140.138.221.130 - - [17/Nov/2017:18:50:10 +0000] "GET /item/computers/1106 HTTP/1.1" 200 57 "/item/electronics/2563" "Mozilla/5.0 (Windows NT 6.1; WOW64; rv:10.0.1) Gecko/20100101 Firefox/10.0.1"
188.210.194.32 - - [17/Nov/2017:18:50:15 +0000] "GET /category/software HTTP/1.1" 200 110 "-" "Mozilla/5.0 (Macintosh; Intel Mac OS X 10.6; rv:9.0.1) Gecko/20100101 Firefox/9.0.1"
108.78.86.154 - - [17/Nov/2017:18:50:20 +0000] "POST /search/?c=Software+Computers HTTP/1.1" 200 93 "/item/electronics/2940" "Mozilla/5.0 (compatible; MSIE 9.0; Windows NT 6.1; Trident/5.0)"
24.150.47.136 - - [17/Nov/2017:18:50:25 +0000] "GET /category/software?from=0 HTTP/1.1" 200 77 "/item/office/2855" "Mozilla/5.0 (Macintosh; Intel Mac OS X 10.6; rv:9.0.1) Gecko/20100101 Firefox/9.0.1"
20.63.78.107 - - [17/Nov/2017:18:50:30 +0000] "GET /item/office/393 HTTP/1.1" 200 128 "/item/software/2434" "Mozilla/5.0 (compatible; MSIE 9.0; Windows NT 6.1; WOW64; Trident/5.0)"
140.75.187.67 - - [17/Nov/2017:18:50:35 +0000] "GET /category/electronics HTTP/1.1" 200 82 "/category/electronics" "Mozilla/5.0 (Windows NT 5.1) AppleWebKit/535.11 (KHTML, like Gecko) Chrome/17.0.963.46 Safari/535.11"
208.93.164.196 - - [17/Nov/2017:18:50:40 +0000] "GET /category/games HTTP/1.1" 200 138 "-" "Mozilla/5.0 (Windows NT 6.1; WOW64; rv:10.0.1) Gecko/20100101 Firefox/10.0.1"
112.219.145.202 - - [17/Nov/2017:18:50:45 +0000] "GET /category/electronics HTTP/1.1" 200 61 "/category/health" "Mozilla/5.0 (Windows NT 6.0; rv:10.0.1) Gecko/20100101 Firefox/10.0.1"
168.183.144.126 - - [17/Nov/2017:18:50:50 +0000] "GET /category/software HTTP/1.1" 200 104 "-" "Mozilla/5.0 (compatible; MSIE 9.0; Windows NT 6.1; WOW64; Trident/5.0)"
92.204.226.50 - - [17/Nov/2017:18:50:55 +0000] "GET /category/software HTTP/1.1" 200 98 "-" "Mozilla/5.0 (compatible; MSIE 9.0; Windows NT 6.1; Trident/5.0)"
60.96.221.113 - - [17/Nov/2017:18:51:00 +0000] "GET /item/games/2746 HTTP/1.1" 200 135 "/item/games/3420" "Mozilla/5.0 (Windows NT 6.1; WOW64; rv:10.0.1) Gecko/20100101 Firefox/10.0.1"
156.123.139.120 - - [17/Nov/2017:18:51:05 +0000] "GET /category/health HTTP/1.1" 200 92 "-" "Mozilla/5.0 (Windows NT 6.0; rv:10.0.1) Gecko/20100101 Firefox/10.0.1"
176.87.116.29 - - [17/Nov/2017:18:51:10 +0000] "GET /category/software HTTP/1.1" 200 86 "/category/garden" "Mozilla/4.0 (compatible; MSIE 8.0; Windows NT 6.1; WOW64; Trident/4.0; YTB730; GTB7.2; EasyBits GO v1.0; SLCC2; .NET CLR 2.0.50727; .NET CLR 3.5.30729; .NET CLR 3.0.30729; Media Center PC 6.0; .NET4.0C)"
52.132.139.46 - - [17/Nov/2017:18:51:15 +0000] "GET /category/office HTTP/1.1" 200 135 "-" "Mozilla/4.0 (compatible; MSIE 8.0; Windows NT 6.1; WOW64; Trident/4.0; YTB730; GTB7.2; EasyBits GO v1.0; SLCC2; .NET CLR 2.0.50727; .NET CLR 3.5.30729; .NET CLR 3.0.30729; Media Center PC 6.0; .NET4.0C)"
28.63.225.191 - - [17/Nov/2017:18:51:20 +0000] "GET /category/office HTTP/1.1" 200 80 "http://www.google.com/search?ie=UTF-8&q=google&sclient=psy-ab&q=Office&oq=Office&aq=f&aqi=g-vL1&aql=&pbx=1&bav=on.2,or.r_gc.r_pw.r_qf.,cf.osb&biw=1871&bih=380" "Mozilla/5.0 (compatible; MSIE 9.0; Windows NT 6.1; Trident/5.0)"
228.54.175.57 - - [17/Nov/2017:18:51:25 +0000] "GET /category/software HTTP/1.1" 200 130 "-" "Mozilla/5.0 (Windows NT 6.1; WOW64; rv:10.0.1) Gecko/20100101 Firefox/10.0.1"
60.90.187.169 - - [17/Nov/2017:18:51:30 +0000] "GET /item/games/1885 HTTP/1.1" 200 83 "/category/software" "Mozilla/5.0 (compatible; MSIE 9.0; Windows NT 6.1; Trident/5.0)"
136.165.204.44 - - [17/Nov/2017:18:51:35 +0000] "GET /category/software HTTP/1.1" 200 43 "-" "Mozilla/5.0 (Windows NT 6.0; rv:10.0.1) Gecko/20100101 Firefox/10.0.1"
204.57.93.50 - - [17/Nov/2017:18:51:40 +0000] "GET /category/electronics HTTP/1.1" 200 54 "-" "Mozilla/5.0 (compatible; MSIE 9.0; Windows NT 6.1; WOW64; Trident/5.0)"
192.102.189.187 - - [17/Nov/2017:18:51:45 +0000] "GET /category/software HTTP/1.1" 200 134 "/category/electronics" "Mozilla/5.0 (compatible; MSIE 9.0; Windows NT 6.1; WOW64; Trident/5.0)"
192.54.212.194 - - [17/Nov/2017:18:51:50 +0000] "GET /item/electronics/1466 HTTP/1.1" 200 67 "/search/?c=Electronics+Books" "Mozilla/5.0 (compatible; MSIE 9.0; Windows NT 6.1; WOW64; Trident/5.0)"
96.195.40.31 - - [17/Nov/2017:18:51:55 +0000] "GET /category/software HTTP/1.1" 200 70 "/category/computers" "Mozilla/5.0 (Macintosh; Intel Mac OS X 10.6; rv:9.0.1) Gecko/20100101 Firefox/9.0.1"
88.63.121.43 - - [17/Nov/2017:18:52:00 +0000] "GET /category/books?from=10 HTTP/1.1" 200 86 "/category/books" "Mozilla/5.0 (Macintosh; Intel Mac OS X 10.6; rv:9.0.1) Gecko/20100101 Firefox/9.0.1"
216.219.89.75 - - [17/Nov/2017:18:52:05 +0000] "GET /category/sports HTTP/1.1" 200 98 "-" "Mozilla/5.0 (Windows NT 6.1; WOW64) AppleWebKit/535.7 (KHTML, like Gecko) Chrome/16.0.912.77 Safari/535.7"
76.90.203.178 - - [17/Nov/2017:18:52:10 +0000] "GET /category/electronics HTTP/1.1" 200 49 "-" "Mozilla/5.0 (Macintosh; Intel Mac OS X 10.6; rv:9.0.1) Gecko/20100101 Firefox/9.0.1"
28.165.95.144 - - [17/Nov/2017:18:52:15 +0000] "GET /category/jewelry HTTP/1.1" 200 78 "-" "Mozilla/5.0 (compatible; MSIE 9.0; Windows NT 6.1; Trident/5.0)"
216.222.35.46 - - [17/Nov/2017:18:52:20 +0000] "GET /category/books HTTP/1.1" 200 50 "-" "Mozilla/5.0 (Windows NT 6.1; WOW64) AppleWebKit/535.11 (KHTML, like Gecko) Chrome/17.0.963.56 Safari/535.11"
212.192.182.120 - - [17/Nov/2017:18:52:25 +0000] "GET /category/games HTTP/1.1" 200 114 "-" "Mozilla/5.0 (compatible; MSIE 9.0; Windows NT 6.1; Trident/5.0)"
36.24.74.155 - - [17/Nov/2017:18:52:30 +0000] "GET /category/office HTTP/1.1" 200 121 "/item/electronics/3821" "Mozilla/4.0 (compatible; MSIE 8.0; Windows NT 5.1; Trident/4.0; YTB720; GTB7.2; .NET CLR 1.1.4322; .NET CLR 2.0.50727; .NET CLR 3.0.4506.2152; .NET CLR 3.5.30729)"
168.129.116.168 - - [17/Nov/2017:18:52:35 +0000] "GET /item/music/2915 HTTP/1.1" 200 106 "/item/office/2904" "Mozilla/5.0 (Macintosh; Intel Mac OS X 10.6; rv:9.0.1) Gecko/20100101 Firefox/9.0.1"
28.87.124.152 - - [17/Nov/2017:18:52:40 +0000] "GET /item/health/3590 HTTP/1.1" 200 95 "-" "Mozilla/5.0 (Windows NT 6.1; WOW64) AppleWebKit/535.7 (KHTML, like Gecko) Chrome/16.0.912.77 Safari/535.7"
184.57.80.221 - - [17/Nov/2017:18:52:45 +0000] "GET /item/electronics/663 HTTP/1.1" 404 78 "/category/software" "Mozilla/4.0 (compatible; MSIE 8.0; Windows NT 5.1; Trident/4.0; BTRS122159; GTB7.2; .NET CLR 1.1.4322; .NET CLR 2.0.50727; .NET CLR 3.0.04506.30; .NET CLR 3.0.4506.2152; .NET CLR 3.5.30729; BRI/2)"
152.114.173.61 - - [17/Nov/2017:18:52:50 +0000] "GET /category/office HTTP/1.1" 200 126 "-" "Mozilla/5.0 (Windows NT 6.0) AppleWebKit/535.11 (KHTML, like Gecko) Chrome/17.0.963.56 Safari/535.11"
204.219.223.54 - - [17/Nov/2017:18:52:55 +0000] "GET /category/garden HTTP/1.1" 200 94 "/category/electronics" "Mozilla/5.0 (Windows NT 6.1; WOW64) AppleWebKit/535.7 (KHTML, like Gecko) Chrome/16.0.912.77 Safari/535.7"
212.66.174.222 - - [17/Nov/2017:18:53:00 +0000] "GET /category/software HTTP/1.1" 200 70 "/item/music/532" "Mozilla/5.0 (iPad; CPU OS 5_0_1 like Mac OS X) AppleWebKit/534.46 (KHTML, like Gecko) Version/5.1 Mobile/9A405 Safari/7534.48.3"
36.51.160.119 - - [17/Nov/2017:18:53:05 +0000] "GET /category/cameras HTTP/1.1" 200 47 "-" "Mozilla/5.0 (Windows NT 5.1) AppleWebKit/535.11 (KHTML, like Gecko) Chrome/17.0.963.46 Safari/535.11"
188.69.32.39 - - [17/Nov/2017:18:53:10 +0000] "GET /category/cameras HTTP/1.1" 200 127 "/category/office" "Mozilla/5.0 (Windows NT 5.1) AppleWebKit/535.11 (KHTML, like Gecko) Chrome/17.0.963.46 Safari/535.11"
116.63.29.208 - - [17/Nov/2017:18:53:15 +0000] "GET /item/electronics/2128 HTTP/1.1" 200 128 "/search/?c=Software+Games" "Mozilla/5.0 (iPad; CPU OS 5_0_1 like Mac OS X) AppleWebKit/534.46 (KHTML, like Gecko) Version/5.1 Mobile/9A405 Safari/7534.48.3"
128.54.131.218 - - [17/Nov/2017:18:53:20 +0000] "GET /item/finance/3226 HTTP/1.1" 200 48 "/item/electronics/4416" "Mozilla/5.0 (Windows NT 6.1; WOW64) AppleWebKit/535.11 (KHTML, like Gecko) Chrome/17.0.963.56 Safari/535.11"
228.111.87.205 - - [17/Nov/2017:18:53:25 +0000] "GET /category/electronics?from=20 HTTP/1.1" 200 45 "-" "Mozilla/5.0 (Windows NT 6.0; rv:10.0.1) Gecko/20100101 Firefox/10.0.1"
32.30.60.100 - - [17/Nov/2017:18:53:30 +0000] "GET /category/sports HTTP/1.1" 200 121 "-" "Mozilla/5.0 (compatible; MSIE 9.0; Windows NT 6.1; WOW64; Trident/5.0)"
132.195.184.30 - - [17/Nov/2017:18:53:35 +0000] "GET /category/books HTTP/1.1" 200 54 "/item/electronics/4041" "Mozilla/5.0 (compatible; MSIE 9.0; Windows NT 6.1; Trident/5.0)"
28.132.108.116 - - [17/Nov/2017:18:53:40 +0000] "GET /item/books/3877 HTTP/1.1" 200 47 "/category/software" "Mozilla/4.0 (compatible; MSIE 8.0; Windows NT 6.1; WOW64; Trident/4.0; GTB7.2; SLCC2; .NET CLR 2.0.50727; .NET CLR 3.5.30729; .NET CLR 3.0.30729; Media Center PC 6.0; .NET4.0C)"
132.120.123.35 - - [17/Nov/2017:18:53:45 +0000] "GET /item/office/512 HTTP/1.1" 200 41 "/category/giftcards?from=0" "Mozilla/5.0 (compatible; MSIE 9.0; Windows NT 6.1; WOW64; Trident/5.0)"
56.48.140.129 - - [17/Nov/2017:18:53:50 +0000] "GET /item/electronics/663 HTTP/1.1" 404 78 "/category/office" "Mozilla/5.0 (Windows NT 6.1; WOW64) AppleWebKit/535.11 (KHTML, like Gecko) Chrome/17.0.963.56 Safari/535.11"
60.147.125.150 - - [17/Nov/2017:18:53:55 +0000] "GET /item/finance/4175 HTTP/1.1" 200 42 "-" "Mozilla/5.0 (compatible; MSIE 9.0; Windows NT 6.1; Trident/5.0)"
56.123.41.47 - - [17/Nov/2017:18:54:00 +0000] "GET /item/giftcards/4709 HTTP/1.1" 200 53 "http://www.google.com/search?ie=UTF-8&q=google&sclient=psy-ab&q=Giftcards+Games&oq=Giftcards+Games&aq=f&aqi=g-vL1&aql=&pbx=1&bav=on.2,or.r_gc.r_pw.r_qf.,cf.osb&biw=956&bih=190" "Mozilla/5.0 (Windows NT 6.1; WOW64) AppleWebKit/535.7 (KHTML, like Gecko) Chrome/16.0.912.77 Safari/535.7"
208.174.27.69 - - [17/Nov/2017:18:54:05 +0000] "GET /category/toys HTTP/1.1" 200 115 "-" "Mozilla/5.0 (compatible; MSIE 9.0; Windows NT 6.1; Trident/5.0)"
32.63.131.213 - - [17/Nov/2017:18:54:10 +0000] "GET /category/office?from=0 HTTP/1.1" 200 93 "/category/office" "Mozilla/5.0 (Windows NT 6.0; rv:10.0.1) Gecko/20100101 Firefox/10.0.1"
172.111.229.114 - - [17/Nov/2017:18:54:15 +0000] "GET /category/software?from=20 HTTP/1.1" 200 100 "/search/?c=Books+Health" "Mozilla/4.0 (compatible; MSIE 8.0; Windows NT 5.1; Trident/4.0; YTB720; GTB7.2; .NET CLR 1.1.4322; .NET CLR 2.0.50727; .NET CLR 3.0.4506.2152; .NET CLR 3.5.30729)"
220.81.172.204 - - [17/Nov/2017:18:54:20 +0000] "GET /category/books HTTP/1.1" 200 131 "/search/?c=Books+Finance" "Mozilla/5.0 (compatible; Googlebot/2.1; +http://www.google.com/bot.html)"
140.159.183.92 - - [17/Nov/2017:18:54:25 +0000] "GET /category/software HTTP/1.1" 200 99 "-" "Mozilla/4.0 (compatible; MSIE 8.0; Windows NT 6.1; WOW64; Trident/4.0; GTB7.2; SLCC2; .NET CLR 2.0.50727; .NET CLR 3.5.30729; .NET CLR 3.0.30729; Media Center PC 6.0; .NET4.0C)"
88.102.169.148 - - [17/Nov/2017:18:54:30 +0000] "GET /item/books/4362 HTTP/1.1" 200 42 "/category/electronics?from=0" "Mozilla/5.0 (Windows NT 6.0; rv:10.0.1) Gecko/20100101 Firefox/10.0.1"
92.186.177.75 - - [17/Nov/2017:18:54:35 +0000] "GET /item/books/3156 HTTP/1.1" 200 102 "/category/cameras" "Mozilla/5.0 (Windows NT 6.0; rv:10.0.1) Gecko/20100101 Firefox/10.0.1"
204.189.85.23 - - [17/Nov/2017:18:54:40 +0000] "GET /item/books/939 HTTP/1.1" 200 48 "-" "Mozilla/5.0 (compatible; MSIE 9.0; Windows NT 6.1; WOW64; Trident/5.0)"
160.156.210.144 - - [17/Nov/2017:18:54:45 +0000] "GET /category/electronics HTTP/1.1" 200 113 "-" "Mozilla/5.0 (Windows NT 6.0; rv:10.0.1) Gecko/20100101 Firefox/10.0.1"
172.186.101.199 - - [17/Nov/2017:18:54:50 +0000] "GET /category/computers HTTP/1.1" 200 131 "-" "Mozilla/5.0 (Windows NT 6.1; WOW64) AppleWebKit/535.7 (KHTML, like Gecko) Chrome/16.0.912.77 Safari/535.7"
176.210.158.39 - - [17/Nov/2017:18:54:55 +0000] "GET /category/software HTTP/1.1" 200 86 "/item/electronics/4041" "Mozilla/5.0 (Windows NT 6.1; WOW64; rv:10.0.1) Gecko/20100101 Firefox/10.0.1"
112.21.69.67 - - [17/Nov/2017:18:55:00 +0000] "GET /item/books/1573 HTTP/1.1" 200 72 "-" "Mozilla/5.0 (compatible; MSIE 9.0; Windows NT 6.1; WOW64; Trident/5.0)"
180.225.227.228 - - [17/Nov/2017:18:55:05 +0000] "GET /category/software HTTP/1.1" 200 41 "-" "Mozilla/4.0 (compatible; MSIE 8.0; Windows NT 6.1; WOW64; Trident/4.0; GTB7.2; SLCC2; .NET CLR 2.0.50727; .NET CLR 3.5.30729; .NET CLR 3.0.30729; Media Center PC 6.0; .NET4.0C)"
220.153.74.79 - - [17/Nov/2017:18:55:10 +0000] "GET /item/cameras/2299 HTTP/1.1" 200 64 "/category/books" "Mozilla/4.0 (compatible; MSIE 8.0; Windows NT 6.1; WOW64; Trident/4.0; YTB730; GTB7.2; SLCC2; .NET CLR 2.0.50727; .NET CLR 3.5.30729; .NET CLR 3.0.30729; .NET4.0C; .NET4.0E; Media Center PC 6.0)"
212.186.23.183 - - [17/Nov/2017:18:55:15 +0000] "GET /item/office/1523 HTTP/1.1" 200 98 "/item/electronics/4947" "Mozilla/5.0 (compatible; Googlebot/2.1; +http://www.google.com/bot.html)"
132.225.76.162 - - [17/Nov/2017:18:55:20 +0000] "GET /category/music HTTP/1.1" 200 55 "/search/?c=Networking" "Mozilla/5.0 (Windows NT 6.1; WOW64; rv:10.0.1) Gecko/20100101 Firefox/10.0.1"
64.210.40.162 - - [17/Nov/2017:18:55:25 +0000] "GET /item/electronics/3410 HTTP/1.1" 200 123 "/category/garden" "Mozilla/5.0 (compatible; MSIE 9.0; Windows NT 6.1; Trident/5.0)"
196.63.209.217 - - [17/Nov/2017:18:55:30 +0000] "GET /item/games/2746 HTTP/1.1" 200 135 "-" "Mozilla/5.0 (compatible; MSIE 9.0; Windows NT 6.1; Trident/5.0)"
208.150.93.221 - - [17/Nov/2017:18:55:35 +0000] "POST /search/?c=Software+Software HTTP/1.1" 200 114 "/item/toys/1733" "Mozilla/5.0 (Windows NT 5.1) AppleWebKit/535.11 (KHTML, like Gecko) Chrome/17.0.963.46 Safari/535.11"
32.78.86.157 - - [17/Nov/2017:18:55:40 +0000] "GET /category/networking HTTP/1.1" 200 108 "/item/networking/435" "Mozilla/5.0 (compatible; MSIE 9.0; Windows NT 6.1; WOW64; Trident/5.0)"
160.78.211.42 - - [17/Nov/2017:18:55:45 +0000] "GET /category/garden HTTP/1.1" 200 135 "-" "Mozilla/5.0 (Windows NT 6.0) AppleWebKit/535.11 (KHTML, like Gecko) Chrome/17.0.963.56 Safari/535.11"
164.219.72.37 - - [17/Nov/2017:18:55:50 +0000] "GET /item/giftcards/4236 HTTP/1.1" 200 71 "-" "Mozilla/5.0 (compatible; MSIE 9.0; Windows NT 6.1; WOW64; Trident/5.0)"
24.90.183.170 - - [17/Nov/2017:18:55:55 +0000] "POST /search/?c=Software+Games HTTP/1.1" 200 124 "-" "Mozilla/5.0 (Windows NT 6.1; WOW64; rv:10.0.1) Gecko/20100101 Firefox/10.0.1"
28.207.139.33 - - [17/Nov/2017:18:56:00 +0000] "POST /search/?c=Music+Sports HTTP/1.1" 200 126 "/item/software/3887" "Mozilla/5.0 (compatible; MSIE 9.0; Windows NT 6.1; Trident/5.0)"
156.129.86.124 - - [17/Nov/2017:18:56:05 +0000] "GET /item/sports/4528 HTTP/1.1" 200 43 "/category/books" "Mozilla/5.0 (Windows NT 6.1; WOW64; rv:10.0.1) Gecko/20100101 Firefox/10.0.1"
148.84.138.22 - - [17/Nov/2017:18:56:10 +0000] "GET /item/music/532 HTTP/1.1" 200 43 "/search/?c=Music" "Mozilla/4.0 (compatible; MSIE 8.0; Windows NT 5.1; Trident/4.0; YTB720; GTB7.2; .NET CLR 1.1.4322; .NET CLR 2.0.50727; .NET CLR 3.0.4506.2152; .NET CLR 3.5.30729)"
48.63.222.76 - - [17/Nov/2017:18:56:15 +0000] "GET /category/giftcards?from=10 HTTP/1.1" 200 100 "/category/office" "Mozilla/4.0 (compatible; MSIE 8.0; Windows NT 6.1; Trident/4.0; YTB730; SLCC2; .NET CLR 2.0.50727; .NET CLR 3.5.30729; .NET CLR 3.0.30729; Media Center PC 6.0; .NET4.0C)"
204.60.81.51 - - [17/Nov/2017:18:56:20 +0000] "GET /category/books?from=20 HTTP/1.1" 200 86 "/category/electronics" "Mozilla/5.0 (Windows NT 6.0) AppleWebKit/535.11 (KHTML, like Gecko) Chrome/17.0.963.56 Safari/535.11"
72.153.193.186 - - [17/Nov/2017:18:56:25 +0000] "GET /category/electronics HTTP/1.1" 200 74 "/category/office" "Mozilla/5.0 (Windows NT 6.1; WOW64) AppleWebKit/535.11 (KHTML, like Gecko) Chrome/17.0.963.56 Safari/535.11"
144.45.41.37 - - [17/Nov/2017:18:56:30 +0000] "GET /item/electronics/4574 HTTP/1.1" 200 98 "/item/office/964" "Mozilla/5.0 (Windows NT 6.1; WOW64; rv:10.0.1) Gecko/20100101 Firefox/10.0.1"
108.141.179.49 - - [17/Nov/2017:18:56:35 +0000] "GET /item/electronics/3882 HTTP/1.1" 200 94 "/item/music/4699" "Mozilla/5.0 (Windows NT 6.0) AppleWebKit/535.11 (KHTML, like Gecko) Chrome/17.0.963.56 Safari/535.11"
124.42.157.72 - - [17/Nov/2017:18:56:40 +0000] "GET /item/electronics/4030 HTTP/1.1" 200 111 "/category/electronics" "Mozilla/5.0 (Windows NT 6.0) AppleWebKit/535.11 (KHTML, like Gecko) Chrome/17.0.963.56 Safari/535.11"
212.219.212.37 - - [17/Nov/2017:18:56:45 +0000] "GET /item/books/237 HTTP/1.1" 200 95 "/item/electronics/1057" "Mozilla/5.0 (iPhone; CPU iPhone OS 5_0_1 like Mac OS X) AppleWebKit/534.46 (KHTML, like Gecko) Version/5.1 Mobile/9A405 Safari/7534.48.3"
204.99.132.70 - - [17/Nov/2017:18:56:50 +0000] "GET /item/music/4221 HTTP/1.1" 200 94 "-" "Mozilla/5.0 (Windows NT 6.1; WOW64) AppleWebKit/535.11 (KHTML, like Gecko) Chrome/17.0.963.56 Safari/535.11"
128.27.162.45 - - [17/Nov/2017:18:56:55 +0000] "GET /category/electronics HTTP/1.1" 200 49 "-" "Mozilla/5.0 (iPad; CPU OS 5_0_1 like Mac OS X) AppleWebKit/534.46 (KHTML, like Gecko) Version/5.1 Mobile/9A405 Safari/7534.48.3"
92.99.34.90 - - [17/Nov/2017:18:57:00 +0000] "GET /category/electronics HTTP/1.1" 200 48 "/category/software" "Mozilla/5.0 (Windows NT 6.1; WOW64; rv:10.0.1) Gecko/20100101 Firefox/10.0.1"
192.90.171.212 - - [17/Nov/2017:18:57:05 +0000] "GET /category/sports HTTP/1.1" 200 137 "-" "Mozilla/5.0 (Windows NT 5.1) AppleWebKit/535.11 (KHTML, like Gecko) Chrome/17.0.963.46 Safari/535.11"
156.174.158.57 - - [17/Nov/2017:18:57:10 +0000] "GET /item/finance/4492 HTTP/1.1" 200 41 "-" "Mozilla/5.0 (Windows NT 6.0; rv:10.0.1) Gecko/20100101 Firefox/10.0.1"
128.90.218.42 - - [17/Nov/2017:18:57:15 +0000] "GET /item/electronics/1433 HTTP/1.1" 200 107 "/item/games/1021" "Mozilla/5.0 (Windows NT 6.1; WOW64) AppleWebKit/535.7 (KHTML, like Gecko) Chrome/16.0.912.77 Safari/535.7"
56.162.217.61 - - [17/Nov/2017:18:57:20 +0000] "GET /category/electronics HTTP/1.1" 200 113 "/category/electronics?from=20" "Mozilla/5.0 (Windows NT 6.1; WOW64) AppleWebKit/535.11 (KHTML, like Gecko) Chrome/17.0.963.56 Safari/535.11"
96.135.141.175 - - [17/Nov/2017:18:57:25 +0000] "GET /category/games HTTP/1.1" 200 77 "/item/garden/1912" "Mozilla/5.0 (Macintosh; Intel Mac OS X 10.6; rv:9.0.1) Gecko/20100101 Firefox/9.0.1"
164.228.120.56 - - [17/Nov/2017:18:57:30 +0000] "GET /category/computers HTTP/1.1" 200 101 "-" "Mozilla/5.0 (compatible; Googlebot/2.1; +http://www.google.com/bot.html)"
168.201.46.220 - - [17/Nov/2017:18:57:35 +0000] "GET /category/electronics HTTP/1.1" 200 98 "/category/finance" "Mozilla/5.0 (Macintosh; Intel Mac OS X 10.6; rv:9.0.1) Gecko/20100101 Firefox/9.0.1"
72.138.197.227 - - [17/Nov/2017:18:57:40 +0000] "GET /category/finance?from=0 HTTP/1.1" 200 90 "-" "Mozilla/4.0 (compatible; MSIE 8.0; Windows NT 5.1; Trident/4.0; YTB720; GTB7.2; .NET CLR 1.1.4322; .NET CLR 2.0.50727; .NET CLR 3.0.4506.2152; .NET CLR 3.5.30729)"
220.36.59.198 - - [17/Nov/2017:18:57:45 +0000] "GET /category/electronics?from=20 HTTP/1.1" 200 124 "/search/?c=Electronics+Software" "Mozilla/5.0 (compatible; MSIE 9.0; Windows NT 6.1; WOW64; Trident/5.0)"
204.60.81.51 - - [17/Nov/2017:18:57:50 +0000] "GET /category/finance HTTP/1.1" 200 76 "/item/books/4362" "Mozilla/5.0 (Windows NT 6.0) AppleWebKit/535.11 (KHTML, like Gecko) Chrome/17.0.963.56 Safari/535.11"
48.54.101.46 - - [17/Nov/2017:18:57:55 +0000] "GET /category/finance HTTP/1.1" 200 132 "-" "Mozilla/5.0 (Windows NT 6.0; rv:10.0.1) Gecko/20100101 Firefox/10.0.1"
168.108.147.195 - - [17/Nov/2017:18:58:00 +0000] "GET /item/jewelry/428 HTTP/1.1" 200 53 "/category/electronics" "Mozilla/5.0 (Windows NT 6.0; rv:10.0.1) Gecko/20100101 Firefox/10.0.1"
124.186.126.51 - - [17/Nov/2017:18:58:05 +0000] "GET /item/software/2487 HTTP/1.1" 200 51 "/item/electronics/1679" "Mozilla/5.0 (Windows NT 6.1; WOW64; rv:10.0.1) Gecko/20100101 Firefox/10.0.1"
148.213.116.158 - - [17/Nov/2017:18:58:10 +0000] "GET /item/giftcards/202 HTTP/1.1" 200 51 "/category/software" "Mozilla/5.0 (compatible; Googlebot/2.1; +http://www.google.com/bot.html)"
180.54.65.44 - - [17/Nov/2017:18:58:15 +0000] "POST /search/?c=Giftcards+Garden HTTP/1.1" 200 82 "/category/music" "Mozilla/5.0 (Macintosh; Intel Mac OS X 10.6; rv:9.0.1) Gecko/20100101 Firefox/9.0.1"
152.39.30.145 - - [17/Nov/2017:18:58:20 +0000] "GET /category/electronics HTTP/1.1" 200 108 "-" "Mozilla/5.0 (compatible; MSIE 9.0; Windows NT 6.1; Trident/5.0)"
80.198.63.143 - - [17/Nov/2017:18:58:25 +0000] "GET /item/music/532 HTTP/1.1" 200 43 "/category/cameras" "Mozilla/4.0 (compatible; MSIE 8.0; Windows NT 6.0; WOW64; Trident/4.0; GTB6; SLCC1; .NET CLR 2.0.50727; Media Center PC 5.0; .NET CLR 3.5.30729; .NET CLR 3.0.30618; .NET4.0C)"
72.153.193.186 - - [17/Nov/2017:18:58:30 +0000] "GET /category/software?from=0 HTTP/1.1" 200 73 "/category/games" "Mozilla/5.0 (Macintosh; Intel Mac OS X 10.6; rv:9.0.1) Gecko/20100101 Firefox/9.0.1"
72.39.200.100 - - [17/Nov/2017:18:58:35 +0000] "GET /category/toys HTTP/1.1" 200 120 "/item/giftcards/1901" "Mozilla/5.0 (Windows NT 6.0; rv:10.0.1) Gecko/20100101 Firefox/10.0.1"
48.219.110.88 - - [17/Nov/2017:18:58:40 +0000] "GET /item/giftcards/1476 HTTP/1.1" 200 113 "-" "Mozilla/5.0 (Macintosh; Intel Mac OS X 10.6; rv:9.0.1) Gecko/20100101 Firefox/9.0.1"
152.225.175.76 - - [17/Nov/2017:18:58:45 +0000] "GET /item/music/4004 HTTP/1.1" 200 64 "-" "Mozilla/4.0 (compatible; MSIE 8.0; Windows NT 6.1; WOW64; Trident/4.0; YTB730; GTB7.2; EasyBits GO v1.0; SLCC2; .NET CLR 2.0.50727; .NET CLR 3.5.30729; .NET CLR 3.0.30729; Media Center PC 6.0; .NET4.0C)"
156.111.173.188 - - [17/Nov/2017:18:58:50 +0000] "GET /category/finance HTTP/1.1" 200 68 "-" "Mozilla/5.0 (Windows NT 6.0) AppleWebKit/535.11 (KHTML, like Gecko) Chrome/17.0.963.56 Safari/535.11"
48.123.171.122 - - [17/Nov/2017:18:58:55 +0000] "GET /category/finance HTTP/1.1" 200 122 "/category/electronics" "Mozilla/5.0 (Windows NT 6.0) AppleWebKit/535.11 (KHTML, like Gecko) Chrome/17.0.963.56 Safari/535.11"
116.174.202.224 - - [17/Nov/2017:18:59:00 +0000] "GET /item/books/757 HTTP/1.1" 200 90 "/category/cameras" "Mozilla/5.0 (Macintosh; Intel Mac OS X 10.6; rv:9.0.1) Gecko/20100101 Firefox/9.0.1"
172.54.104.144 - - [17/Nov/2017:18:59:05 +0000] "POST /search/?c=Computers HTTP/1.1" 200 41 "-" "Mozilla/5.0 (compatible; MSIE 9.0; Windows NT 6.1; WOW64; Trident/5.0)"
180.96.213.98 - - [17/Nov/2017:18:59:10 +0000] "GET /category/music?from=10 HTTP/1.1" 200 101 "/category/music" "Mozilla/5.0 (Macintosh; Intel Mac OS X 10.6; rv:9.0.1) Gecko/20100101 Firefox/9.0.1"
172.165.66.62 - - [17/Nov/2017:18:59:15 +0000] "GET /category/sports HTTP/1.1" 200 137 "-" "Mozilla/5.0 (Windows NT 6.0; rv:10.0.1) Gecko/20100101 Firefox/10.0.1"
156.90.180.107 - - [17/Nov/2017:18:59:20 +0000] "GET /category/sports HTTP/1.1" 200 57 "-" "Mozilla/5.0 (Windows NT 5.1) AppleWebKit/535.11 (KHTML, like Gecko) Chrome/17.0.963.46 Safari/535.11"
224.192.71.37 - - [17/Nov/2017:18:59:25 +0000] "GET /item/networking/2266 HTTP/1.1" 404 75 "/category/software" "Mozilla/4.0 (compatible; MSIE 8.0; Windows NT 6.1; WOW64; Trident/4.0; YTB730; GTB7.2; EasyBits GO v1.0; SLCC2; .NET CLR 2.0.50727; .NET CLR 3.5.30729; .NET CLR 3.0.30729; Media Center PC 6.0; .NET4.0C)"
100.45.176.200 - - [17/Nov/2017:18:59:30 +0000] "GET /item/giftcards/905 HTTP/1.1" 200 94 "http://www.google.com/search?ie=UTF-8&q=google&sclient=psy-ab&q=Giftcards&oq=Giftcards&aq=f&aqi=g-vL1&aql=&pbx=1&bav=on.2,or.r_gc.r_pw.r_qf.,cf.osb&biw=160&bih=157" "Mozilla/5.0 (Windows NT 6.1; WOW64) AppleWebKit/535.11 (KHTML, like Gecko) Chrome/17.0.963.56 Safari/535.11"
216.111.41.52 - - [17/Nov/2017:18:59:35 +0000] "GET /category/finance?from=10 HTTP/1.1" 200 96 "/item/software/3371" "Mozilla/4.0 (compatible; MSIE 8.0; Windows NT 5.1; Trident/4.0; BTRS122159; GTB7.2; .NET CLR 1.1.4322; .NET CLR 2.0.50727; .NET CLR 3.0.04506.30; .NET CLR 3.0.4506.2152; .NET CLR 3.5.30729; BRI/2)"
152.150.62.199 - - [17/Nov/2017:18:59:40 +0000] "GET /category/office HTTP/1.1" 200 100 "/item/computers/2093" "Mozilla/5.0 (Windows NT 6.1; WOW64) AppleWebKit/535.11 (KHTML, like Gecko) Chrome/17.0.963.56 Safari/535.11"
84.30.95.135 - - [17/Nov/2017:18:59:45 +0000] "GET /item/toys/2543 HTTP/1.1" 200 73 "/search/?c=Toys" "Mozilla/5.0 (compatible; MSIE 9.0; Windows NT 6.1; Trident/5.0)"
160.177.125.192 - - [17/Nov/2017:18:59:50 +0000] "GET /category/music HTTP/1.1" 200 53 "-" "Mozilla/5.0 (Windows NT 5.1) AppleWebKit/535.11 (KHTML, like Gecko) Chrome/17.0.963.46 Safari/535.11"
40.177.178.144 - - [17/Nov/2017:18:59:55 +0000] "GET /category/electronics HTTP/1.1" 200 63 "-" "Mozilla/5.0 (compatible; MSIE 9.0; Windows NT 6.1; Trident/5.0)"
168.195.218.121 - - [17/Nov/2017:19:00:00 +0000] "GET /category/office HTTP/1.1" 200 100 "/item/books/237" "Mozilla/5.0 (Windows NT 6.1; WOW64) AppleWebKit/535.7 (KHTML, like Gecko) Chrome/16.0.912.77 Safari/535.7"
44.213.68.121 - - [17/Nov/2017:19:00:05 +0000] "GET /category/office HTTP/1.1" 200 118 "-" "Mozilla/5.0 (compatible; MSIE 9.0; Windows NT 6.1; Trident/5.0)"
208.54.112.203 - - [17/Nov/2017:19:00:10 +0000] "GET /category/jewelry HTTP/1.1" 200 102 "/category/games" "Mozilla/5.0 (compatible; Googlebot/2.1; +http://www.google.com/bot.html)"
68.36.207.172 - - [17/Nov/2017:19:00:15 +0000] "GET /category/cameras HTTP/1.1" 200 99 "/search/?c=Electronics" "Mozilla/5.0 (compatible; MSIE 9.0; Windows NT 6.1; Trident/5.0)"
196.186.196.93 - - [17/Nov/2017:19:00:20 +0000] "GET /category/books HTTP/1.1" 200 41 "/item/electronics/2277" "Mozilla/4.0 (compatible; MSIE 8.0; Windows NT 6.1; WOW64; Trident/4.0; GTB7.2; SLCC2; .NET CLR 2.0.50727; .NET CLR 3.5.30729; .NET CLR 3.0.30729; Media Center PC 6.0; .NET4.0C)"
172.33.83.66 - - [17/Nov/2017:19:00:25 +0000] "GET /category/electronics HTTP/1.1" 200 96 "/category/sports" "Mozilla/4.0 (compatible; MSIE 8.0; Windows NT 6.0; WOW64; Trident/4.0; GTB6; SLCC1; .NET CLR 2.0.50727; Media Center PC 5.0; .NET CLR 3.5.30729; .NET CLR 3.0.30618; .NET4.0C)"
80.162.143.170 - - [17/Nov/2017:19:00:30 +0000] "GET /category/computers HTTP/1.1" 200 113 "/category/electronics" "Mozilla/5.0 (Macintosh; Intel Mac OS X 10.6; rv:9.0.1) Gecko/20100101 Firefox/9.0.1"
72.129.64.28 - - [17/Nov/2017:19:00:35 +0000] "GET /category/software HTTP/1.1" 200 56 "/category/electronics" "Mozilla/4.0 (compatible; MSIE 8.0; Windows NT 6.1; WOW64; Trident/4.0; GTB7.2; SLCC2; .NET CLR 2.0.50727; .NET CLR 3.5.30729; .NET CLR 3.0.30729; Media Center PC 6.0; .NET4.0C)"
136.21.168.104 - - [17/Nov/2017:19:00:40 +0000] "GET /category/computers HTTP/1.1" 200 136 "/category/electronics?from=20" "Mozilla/4.0 (compatible; MSIE 8.0; Windows NT 6.1; WOW64; Trident/4.0; YTB730; GTB7.2; EasyBits GO v1.0; SLCC2; .NET CLR 2.0.50727; .NET CLR 3.5.30729; .NET CLR 3.0.30729; Media Center PC 6.0; .NET4.0C)"
44.198.209.156 - - [17/Nov/2017:19:00:45 +0000] "GET /category/games HTTP/1.1" 200 69 "/category/cameras" "Mozilla/5.0 (Macintosh; Intel Mac OS X 10.6; rv:9.0.1) Gecko/20100101 Firefox/9.0.1"
176.93.138.138 - - [17/Nov/2017:19:00:50 +0000] "GET /item/jewelry/2821 HTTP/1.1" 200 68 "/item/cameras/801" "Mozilla/5.0 (Windows NT 6.1; WOW64) AppleWebKit/535.7 (KHTML, like Gecko) Chrome/16.0.912.77 Safari/535.7"
132.102.43.57 - - [17/Nov/2017:19:00:55 +0000] "GET /item/finance/3737 HTTP/1.1" 200 127 "/search/?c=Finance" "Mozilla/5.0 (Windows NT 6.0) AppleWebKit/535.11 (KHTML, like Gecko) Chrome/17.0.963.56 Safari/535.11"
20.63.176.160 - - [17/Nov/2017:19:01:00 +0000] "GET /category/computers?from=0 HTTP/1.1" 200 85 "/category/games" "Mozilla/5.0 (compatible; Googlebot/2.1; +http://www.google.com/bot.html)"
172.108.215.191 - - [17/Nov/2017:19:01:05 +0000] "GET /category/games HTTP/1.1" 200 57 "-" "Mozilla/5.0 (Windows NT 6.1; WOW64) AppleWebKit/535.11 (KHTML, like Gecko) Chrome/17.0.963.56 Safari/535.11"
20.60.125.37 - - [17/Nov/2017:19:01:10 +0000] "GET /category/books HTTP/1.1" 200 40 "/category/software" "Mozilla/5.0 (Windows NT 6.1; WOW64) AppleWebKit/535.7 (KHTML, like Gecko) Chrome/16.0.912.77 Safari/535.7"
216.108.51.187 - - [17/Nov/2017:19:01:15 +0000] "POST /search/?c=Books+Health HTTP/1.1" 200 114 "-" "Mozilla/4.0 (compatible; MSIE 8.0; Windows NT 5.1; Trident/4.0; BTRS122159; GTB7.2; .NET CLR 1.1.4322; .NET CLR 2.0.50727; .NET CLR 3.0.04506.30; .NET CLR 3.0.4506.2152; .NET CLR 3.5.30729; BRI/2)"
72.138.197.227 - - [17/Nov/2017:19:01:20 +0000] "POST /search/?c=Garden HTTP/1.1" 200 44 "-" "Mozilla/5.0 (Windows NT 6.1; WOW64) AppleWebKit/535.11 (KHTML, like Gecko) Chrome/17.0.963.56 Safari/535.11"
208.81.168.36 - - [17/Nov/2017:19:01:25 +0000] "GET /category/networking HTTP/1.1" 200 82 "-" "Mozilla/5.0 (compatible; MSIE 9.0; Windows NT 6.1; Trident/5.0)"
216.192.41.57 - - [17/Nov/2017:19:01:30 +0000] "GET /item/books/3992 HTTP/1.1" 200 70 "-" "Mozilla/5.0 (Windows NT 6.1; WOW64; rv:10.0.1) Gecko/20100101 Firefox/10.0.1"
92.117.27.32 - - [17/Nov/2017:19:01:35 +0000] "GET /category/networking HTTP/1.1" 200 82 "-" "Mozilla/5.0 (compatible; MSIE 9.0; Windows NT 6.1; WOW64; Trident/5.0)"
28.27.177.180 - - [17/Nov/2017:19:01:40 +0000] "GET /category/toys HTTP/1.1" 200 41 "/category/jewelry" "Mozilla/5.0 (compatible; MSIE 9.0; Windows NT 6.1; WOW64; Trident/5.0)"
192.180.36.138 - - [17/Nov/2017:19:01:45 +0000] "GET /item/games/918 HTTP/1.1" 200 76 "http://www.google.com/search?ie=UTF-8&q=google&sclient=psy-ab&q=Games+Office&oq=Games+Office&aq=f&aqi=g-vL1&aql=&pbx=1&bav=on.2,or.r_gc.r_pw.r_qf.,cf.osb&biw=3382&bih=522" "Mozilla/5.0 (Windows NT 6.0; rv:10.0.1) Gecko/20100101 Firefox/10.0.1"
224.210.57.35 - - [17/Nov/2017:19:01:50 +0000] "GET /category/software?from=20 HTTP/1.1" 200 94 "/search/?c=Books+Networking" "Mozilla/5.0 (Windows NT 6.1; WOW64) AppleWebKit/535.11 (KHTML, like Gecko) Chrome/17.0.963.56 Safari/535.11"
196.57.135.222 - - [17/Nov/2017:19:01:55 +0000] "GET /item/computers/2093 HTTP/1.1" 200 91 "/item/computers/3996" "Mozilla/5.0 (Windows NT 6.1; WOW64) AppleWebKit/535.11 (KHTML, like Gecko) Chrome/17.0.963.56 Safari/535.11"
60.63.96.106 - - [17/Nov/2017:19:02:00 +0000] "GET /item/software/3586 HTTP/1.1" 200 111 "/category/software" "Mozilla/5.0 (Macintosh; Intel Mac OS X 10.6; rv:9.0.1) Gecko/20100101 Firefox/9.0.1"
64.207.189.196 - - [17/Nov/2017:19:02:05 +0000] "GET /category/books?from=10 HTTP/1.1" 200 86 "/category/electronics" "Mozilla/4.0 (compatible; MSIE 8.0; Windows NT 5.1; Trident/4.0; YTB720; GTB7.2; .NET CLR 1.1.4322; .NET CLR 2.0.50727; .NET CLR 3.0.4506.2152; .NET CLR 3.5.30729)"
144.21.111.211 - - [17/Nov/2017:19:02:10 +0000] "GET /category/software HTTP/1.1" 200 56 "-" "Mozilla/4.0 (compatible; MSIE 8.0; Windows NT 6.1; WOW64; Trident/4.0; GTB7.2; SLCC2; .NET CLR 2.0.50727; .NET CLR 3.5.30729; .NET CLR 3.0.30729; Media Center PC 6.0; .NET4.0C)"
156.174.158.57 - - [17/Nov/2017:19:02:15 +0000] "GET /item/finance/2915 HTTP/1.1" 200 87 "/search/?c=Finance" "Mozilla/5.0 (compatible; MSIE 9.0; Windows NT 6.1; WOW64; Trident/5.0)"
200.114.202.134 - - [17/Nov/2017:19:02:20 +0000] "GET /item/software/2456 HTTP/1.1" 200 77 "-" "Mozilla/4.0 (compatible; MSIE 8.0; Windows NT 6.0; WOW64; Trident/4.0; GTB6; SLCC1; .NET CLR 2.0.50727; Media Center PC 5.0; .NET CLR 3.5.30729; .NET CLR 3.0.30618; .NET4.0C)"
188.144.194.102 - - [17/Nov/2017:19:02:25 +0000] "GET /item/music/1232 HTTP/1.1" 200 62 "/category/music" "Mozilla/5.0 (Windows NT 6.0; rv:10.0.1) Gecko/20100101 Firefox/10.0.1"
52.198.156.151 - - [17/Nov/2017:19:02:30 +0000] "GET /category/software?from=0 HTTP/1.1" 200 64 "/search/?c=Software+Office" "Mozilla/4.0 (compatible; MSIE 8.0; Windows NT 6.1; Trident/4.0; YTB730; SLCC2; .NET CLR 2.0.50727; .NET CLR 3.5.30729; .NET CLR 3.0.30729; Media Center PC 6.0; .NET4.0C)"
124.186.126.51 - - [17/Nov/2017:19:02:35 +0000] "POST /search/?c=Games HTTP/1.1" 200 48 "/category/books?from=0" "Mozilla/5.0 (iPad; CPU OS 5_0_1 like Mac OS X) AppleWebKit/534.46 (KHTML, like Gecko) Version/5.1 Mobile/9A405 Safari/7534.48.3"
68.201.134.81 - - [17/Nov/2017:19:02:40 +0000] "GET /category/office HTTP/1.1" 200 51 "/item/games/3254" "Mozilla/5.0 (Windows NT 6.1; WOW64; rv:10.0.1) Gecko/20100101 Firefox/10.0.1"
52.189.217.120 - - [17/Nov/2017:19:02:45 +0000] "GET /category/games?from=0 HTTP/1.1" 200 72 "-" "Mozilla/5.0 (compatible; MSIE 9.0; Windows NT 6.1; Trident/5.0)"
100.54.117.195 - - [17/Nov/2017:19:02:50 +0000] "GET /item/jewelry/1164 HTTP/1.1" 200 106 "/search/?c=Jewelry" "Mozilla/5.0 (iPhone; CPU iPhone OS 5_0_1 like Mac OS X) AppleWebKit/534.46 (KHTML, like Gecko) Version/5.1 Mobile/9A405 Safari/7534.48.3"
116.225.31.103 - - [17/Nov/2017:19:02:55 +0000] "GET /category/software HTTP/1.1" 200 56 "-" "Mozilla/5.0 (Windows NT 5.1) AppleWebKit/535.11 (KHTML, like Gecko) Chrome/17.0.963.46 Safari/535.11"
52.198.156.151 - - [17/Nov/2017:19:03:00 +0000] "GET /category/software HTTP/1.1" 200 104 "/category/games" "Mozilla/5.0 (Windows NT 6.1; WOW64; rv:10.0.1) Gecko/20100101 Firefox/10.0.1"
176.39.156.216 - - [17/Nov/2017:19:03:05 +0000] "GET /category/toys HTTP/1.1" 200 77 "/category/jewelry" "Mozilla/5.0 (compatible; MSIE 9.0; Windows NT 6.1; Trident/5.0)"
164.36.150.129 - - [17/Nov/2017:19:03:10 +0000] "GET /item/electronics/950 HTTP/1.1" 200 92 "-" "Mozilla/5.0 (Windows NT 5.1) AppleWebKit/535.11 (KHTML, like Gecko) Chrome/17.0.963.46 Safari/535.11"
188.198.226.23 - - [17/Nov/2017:19:03:15 +0000] "GET /category/electronics HTTP/1.1" 200 82 "/item/electronics/950" "Mozilla/5.0 (Windows NT 6.1; WOW64; rv:10.0.1) Gecko/20100101 Firefox/10.0.1"
96.195.52.25 - - [17/Nov/2017:19:03:20 +0000] "POST /search/?c=Electronics HTTP/1.1" 200 69 "/category/office" "Mozilla/5.0 (Windows NT 6.0; rv:10.0.1) Gecko/20100101 Firefox/10.0.1"
116.60.31.130 - - [17/Nov/2017:19:03:25 +0000] "GET /category/books?from=0 HTTP/1.1" 200 56 "/category/cameras" "Mozilla/4.0 (compatible; MSIE 8.0; Windows NT 6.1; WOW64; Trident/4.0; GTB7.2; SLCC2; .NET CLR 2.0.50727; .NET CLR 3.5.30729; .NET CLR 3.0.30729; Media Center PC 6.0; .NET4.0C)"
36.81.83.145 - - [17/Nov/2017:19:03:30 +0000] "GET /category/electronics?from=0 HTTP/1.1" 200 71 "/search/?c=Electronics+Cameras" "Mozilla/5.0 (Windows NT 6.0; rv:10.0.1) Gecko/20100101 Firefox/10.0.1"
224.27.47.136 - - [17/Nov/2017:19:03:35 +0000] "GET /category/software?from=10 HTTP/1.1" 200 95 "/category/software" "Mozilla/5.0 (iPhone; CPU iPhone OS 5_0_1 like Mac OS X) AppleWebKit/534.46 (KHTML, like Gecko) Version/5.1 Mobile/9A405 Safari/7534.48.3"
220.225.191.68 - - [17/Nov/2017:19:03:40 +0000] "GET /item/electronics/2277 HTTP/1.1" 200 43 "/category/software" "Mozilla/5.0 (compatible; MSIE 9.0; Windows NT 6.1; WOW64; Trident/5.0)"
104.207.115.95 - - [17/Nov/2017:19:03:45 +0000] "GET /category/games HTTP/1.1" 200 138 "-" "Mozilla/5.0 (iPhone; CPU iPhone OS 5_0_1 like Mac OS X) AppleWebKit/534.46 (KHTML, like Gecko) Version/5.1 Mobile/9A405 Safari/7534.48.3"
216.222.35.46 - - [17/Nov/2017:19:03:50 +0000] "GET /category/giftcards HTTP/1.1" 200 55 "-" "Mozilla/5.0 (Windows NT 6.1; WOW64) AppleWebKit/535.7 (KHTML, like Gecko) Chrome/16.0.912.77 Safari/535.7"
184.210.167.77 - - [17/Nov/2017:19:03:55 +0000] "GET /category/software HTTP/1.1" 200 58 "-" "Mozilla/5.0 (Windows NT 6.0; rv:10.0.1) Gecko/20100101 Firefox/10.0.1"
40.174.209.108 - - [17/Nov/2017:19:04:00 +0000] "GET /category/jewelry HTTP/1.1" 200 56 "/category/software?from=20" "Mozilla/5.0 (Windows NT 6.0; rv:10.0.1) Gecko/20100101 Firefox/10.0.1"
164.120.163.97 - - [17/Nov/2017:19:04:05 +0000] "GET /item/electronics/2426 HTTP/1.1" 200 91 "-" "Mozilla/4.0 (compatible; MSIE 8.0; Windows NT 5.1; Trident/4.0; YTB720; GTB7.2; .NET CLR 1.1.4322; .NET CLR 2.0.50727; .NET CLR 3.0.4506.2152; .NET CLR 3.5.30729)"
36.183.156.215 - - [17/Nov/2017:19:04:10 +0000] "GET /category/finance HTTP/1.1" 200 68 "-" "Mozilla/4.0 (compatible; MSIE 8.0; Windows NT 6.0; WOW64; Trident/4.0; GTB6; SLCC1; .NET CLR 2.0.50727; Media Center PC 5.0; .NET CLR 3.5.30729; .NET CLR 3.0.30618; .NET4.0C)"
104.165.180.220 - - [17/Nov/2017:19:04:15 +0000] "GET /category/games HTTP/1.1" 200 97 "-" "Mozilla/5.0 (Macintosh; Intel Mac OS X 10.6; rv:9.0.1) Gecko/20100101 Firefox/9.0.1"
88.120.125.141 - - [17/Nov/2017:19:04:20 +0000] "GET /category/books?from=0 HTTP/1.1" 200 56 "/category/jewelry" "Mozilla/4.0 (compatible; MSIE 8.0; Windows NT 6.1; WOW64; Trident/4.0; GTB7.2; SLCC2; .NET CLR 2.0.50727; .NET CLR 3.5.30729; .NET CLR 3.0.30729; Media Center PC 6.0; .NET4.0C)"
188.177.87.130 - - [17/Nov/2017:19:04:25 +0000] "GET /category/electronics HTTP/1.1" 200 84 "/category/networking" "Mozilla/5.0 (Windows NT 6.0; rv:10.0.1) Gecko/20100101 Firefox/10.0.1"
160.111.20.54 - - [17/Nov/2017:19:04:30 +0000] "GET /category/games HTTP/1.1" 200 83 "-" "Mozilla/5.0 (Windows NT 6.1; WOW64) AppleWebKit/535.11 (KHTML, like Gecko) Chrome/17.0.963.56 Safari/535.11"
188.24.181.91 - - [17/Nov/2017:19:04:35 +0000] "POST /search/?c=Jewelry+Games HTTP/1.1" 200 129 "/category/books" "Mozilla/5.0 (Windows NT 6.1; WOW64) AppleWebKit/535.11 (KHTML, like Gecko) Chrome/17.0.963.56 Safari/535.11"
136.129.115.173 - - [17/Nov/2017:19:04:40 +0000] "GET /item/games/4604 HTTP/1.1" 200 54 "-" "Mozilla/5.0 (Macintosh; Intel Mac OS X 10.6; rv:9.0.1) Gecko/20100101 Firefox/9.0.1"
132.225.76.162 - - [17/Nov/2017:19:04:45 +0000] "GET /category/office?from=0 HTTP/1.1" 200 50 "/item/electronics/2653" "Mozilla/5.0 (Macintosh; Intel Mac OS X 10.6; rv:9.0.1) Gecko/20100101 Firefox/9.0.1"
80.144.46.167 - - [17/Nov/2017:19:04:50 +0000] "GET /category/electronics HTTP/1.1" 200 91 "-" "Mozilla/5.0 (compatible; MSIE 9.0; Windows NT 6.1; Trident/5.0)"
28.147.67.42 - - [17/Nov/2017:19:04:55 +0000] "GET /item/health/1329 HTTP/1.1" 200 66 "/category/software?from=0" "Mozilla/4.0 (compatible; MSIE 8.0; Windows NT 6.1; WOW64; Trident/4.0; GTB7.2; SLCC2; .NET CLR 2.0.50727; .NET CLR 3.5.30729; .NET CLR 3.0.30729; Media Center PC 6.0; .NET4.0C)"
20.192.47.128 - - [17/Nov/2017:19:05:00 +0000] "GET /item/software/2434 HTTP/1.1" 200 120 "-" "Mozilla/5.0 (Windows NT 6.1; WOW64) AppleWebKit/535.7 (KHTML, like Gecko) Chrome/16.0.912.77 Safari/535.7"
208.180.46.35 - - [17/Nov/2017:19:05:05 +0000] "GET /category/cameras?from=20 HTTP/1.1" 200 63 "/category/electronics" "Mozilla/5.0 (compatible; Googlebot/2.1; +http://www.google.com/bot.html)"
172.186.101.199 - - [17/Nov/2017:19:05:10 +0000] "GET /category/electronics HTTP/1.1" 200 49 "-" "Mozilla/5.0 (compatible; MSIE 9.0; Windows NT 6.1; WOW64; Trident/5.0)"
80.132.181.27 - - [17/Nov/2017:19:05:15 +0000] "GET /category/software HTTP/1.1" 200 69 "/category/finance" "Mozilla/5.0 (compatible; MSIE 9.0; Windows NT 6.1; WOW64; Trident/5.0)"
192.42.201.189 - - [17/Nov/2017:19:05:20 +0000] "GET /item/cameras/3741 HTTP/1.1" 200 90 "/search/?c=Cameras+Cameras" "Mozilla/5.0 (Windows NT 6.1; WOW64) AppleWebKit/535.11 (KHTML, like Gecko) Chrome/17.0.963.56 Safari/535.11"
32.99.62.111 - - [17/Nov/2017:19:05:25 +0000] "GET /category/games HTTP/1.1" 200 111 "/category/electronics" "Mozilla/5.0 (Windows NT 6.1; WOW64; rv:10.0.1) Gecko/20100101 Firefox/10.0.1"
136.177.181.50 - - [17/Nov/2017:19:05:30 +0000] "GET /item/electronics/1678 HTTP/1.1" 200 108 "http://www.google.com/search?ie=UTF-8&q=google&sclient=psy-ab&q=Electronics&oq=Electronics&aq=f&aqi=g-vL1&aql=&pbx=1&bav=on.2,or.r_gc.r_pw.r_qf.,cf.osb&biw=3961&bih=541" "Mozilla/5.0 (compatible; MSIE 9.0; Windows NT 6.1; WOW64; Trident/5.0)"
140.183.67.108 - - [17/Nov/2017:19:05:35 +0000] "GET /category/electronics HTTP/1.1" 200 97 "/item/electronics/4582" "Mozilla/5.0 (iPhone; CPU iPhone OS 5_0_1 like Mac OS X) AppleWebKit/534.46 (KHTML, like Gecko) Version/5.1 Mobile/9A405 Safari/7534.48.3"
56.48.140.129 - - [17/Nov/2017:19:05:40 +0000] "GET /category/software?from=20 HTTP/1.1" 200 78 "/category/software" "Mozilla/4.0 (compatible; MSIE 8.0; Windows NT 6.0; WOW64; Trident/4.0; GTB6; SLCC1; .NET CLR 2.0.50727; Media Center PC 5.0; .NET CLR 3.5.30729; .NET CLR 3.0.30618; .NET4.0C)"
148.84.20.175 - - [17/Nov/2017:19:05:45 +0000] "GET /category/office HTTP/1.1" 200 128 "-" "Mozilla/5.0 (Windows NT 6.1; WOW64) AppleWebKit/535.11 (KHTML, like Gecko) Chrome/17.0.963.56 Safari/535.11"
104.216.208.39 - - [17/Nov/2017:19:05:50 +0000] "GET /category/software HTTP/1.1" 200 93 "-" "Mozilla/5.0 (Windows NT 6.1; WOW64) AppleWebKit/535.11 (KHTML, like Gecko) Chrome/17.0.963.56 Safari/535.11"
136.126.144.37 - - [17/Nov/2017:19:05:55 +0000] "GET /item/electronics/1466 HTTP/1.1" 200 67 "-" "Mozilla/5.0 (compatible; MSIE 9.0; Windows NT 6.1; WOW64; Trident/5.0)"
120.189.186.127 - - [17/Nov/2017:19:06:00 +0000] "POST /search/?c=Books+Electronics HTTP/1.1" 200 79 "-" "Mozilla/5.0 (Macintosh; Intel Mac OS X 10.6; rv:9.0.1) Gecko/20100101 Firefox/9.0.1"
28.81.112.82 - - [17/Nov/2017:19:06:05 +0000] "GET /item/networking/67 HTTP/1.1" 200 52 "-" "Mozilla/5.0 (iPad; CPU OS 5_0_1 like Mac OS X) AppleWebKit/534.46 (KHTML, like Gecko) Version/5.1 Mobile/9A405 Safari/7534.48.3"
224.219.86.184 - - [17/Nov/2017:19:06:10 +0000] "GET /item/electronics/4582 HTTP/1.1" 200 48 "-" "Mozilla/5.0 (compatible; MSIE 9.0; Windows NT 6.1; Trident/5.0)"
68.111.65.149 - - [17/Nov/2017:19:06:15 +0000] "GET /item/office/1523 HTTP/1.1" 200 98 "/search/?c=Office+Sports" "Mozilla/5.0 (Windows NT 6.1; WOW64) AppleWebKit/535.11 (KHTML, like Gecko) Chrome/17.0.963.56 Safari/535.11"
24.201.68.49 - - [17/Nov/2017:19:06:20 +0000] "GET /item/electronics/3975 HTTP/1.1" 200 122 "/category/electronics" "Mozilla/5.0 (compatible; Googlebot/2.1; +http://www.google.com/bot.html)"
140.75.187.67 - - [17/Nov/2017:19:06:25 +0000] "GET /item/garden/2971 HTTP/1.1" 200 116 "/category/electronics" "Mozilla/5.0 (compatible; Googlebot/2.1; +http://www.google.com/bot.html)"
188.177.87.130 - - [17/Nov/2017:19:06:30 +0000] "GET /category/books HTTP/1.1" 200 51 "/item/health/3613" "Mozilla/5.0 (Windows NT 5.1) AppleWebKit/535.11 (KHTML, like Gecko) Chrome/17.0.963.46 Safari/535.11"
96.150.113.225 - - [17/Nov/2017:19:06:35 +0000] "GET /category/office?from=10 HTTP/1.1" 200 88 "/category/jewelry?from=20" "Mozilla/5.0 (Windows NT 6.0) AppleWebKit/535.11 (KHTML, like Gecko) Chrome/17.0.963.56 Safari/535.11"
212.174.139.73 - - [17/Nov/2017:19:06:40 +0000] "GET /category/networking HTTP/1.1" 200 82 "-" "Mozilla/5.0 (Windows NT 6.1; WOW64) AppleWebKit/535.7 (KHTML, like Gecko) Chrome/16.0.912.77 Safari/535.7"
188.66.87.61 - - [17/Nov/2017:19:06:45 +0000] "GET /item/finance/2872 HTTP/1.1" 200 40 "/search/?c=Finance+Jewelry" "Mozilla/5.0 (Macintosh; Intel Mac OS X 10.6; rv:9.0.1) Gecko/20100101 Firefox/9.0.1"
144.78.204.148 - - [17/Nov/2017:19:06:50 +0000] "GET /category/electronics HTTP/1.1" 200 78 "/search/?c=Electronics" "Mozilla/5.0 (compatible; MSIE 9.0; Windows NT 6.1; WOW64; Trident/5.0)"
204.162.85.31 - - [17/Nov/2017:19:06:55 +0000] "POST /search/?c=Books HTTP/1.1" 200 114 "-" "Mozilla/5.0 (compatible; MSIE 9.0; Windows NT 6.1; WOW64; Trident/5.0)"
28.147.67.42 - - [17/Nov/2017:19:07:00 +0000] "GET /category/electronics HTTP/1.1" 200 138 "/category/finance?from=0" "Mozilla/5.0 (iPhone; CPU iPhone OS 5_0_1 like Mac OS X) AppleWebKit/534.46 (KHTML, like Gecko) Version/5.1 Mobile/9A405 Safari/7534.48.3"
136.72.86.184 - - [17/Nov/2017:19:07:05 +0000] "GET /item/giftcards/4757 HTTP/1.1" 200 133 "-" "Mozilla/5.0 (Windows NT 6.0; rv:10.0.1) Gecko/20100101 Firefox/10.0.1"
100.45.176.200 - - [17/Nov/2017:19:07:10 +0000] "GET /category/jewelry HTTP/1.1" 200 95 "/item/electronics/2868" "Mozilla/5.0 (Windows NT 5.1) AppleWebKit/535.11 (KHTML, like Gecko) Chrome/17.0.963.46 Safari/535.11"
212.168.228.88 - - [17/Nov/2017:19:07:15 +0000] "GET /category/games HTTP/1.1" 200 99 "http://www.google.com/search?ie=UTF-8&q=google&sclient=psy-ab&q=Games&oq=Games&aq=f&aqi=g-vL1&aql=&pbx=1&bav=on.2,or.r_gc.r_pw.r_qf.,cf.osb&biw=2887&bih=150" "Mozilla/5.0 (Macintosh; Intel Mac OS X 10.6; rv:9.0.1) Gecko/20100101 Firefox/9.0.1"
152.63.117.36 - - [17/Nov/2017:19:07:20 +0000] "GET /category/jewelry HTTP/1.1" 200 138 "/category/music" "Mozilla/5.0 (Windows NT 6.1; WOW64) AppleWebKit/535.11 (KHTML, like Gecko) Chrome/17.0.963.56 Safari/535.11"
140.78.40.160 - - [17/Nov/2017:19:07:25 +0000] "GET /category/music HTTP/1.1" 200 95 "-" "Mozilla/5.0 (Windows NT 6.1; WOW64) AppleWebKit/535.11 (KHTML, like Gecko) Chrome/17.0.963.56 Safari/535.11"
196.207.160.124 - - [17/Nov/2017:19:07:30 +0000] "GET /category/software HTTP/1.1" 200 85 "-" "Mozilla/5.0 (Windows NT 6.1; WOW64) AppleWebKit/535.11 (KHTML, like Gecko) Chrome/17.0.963.56 Safari/535.11"
132.84.135.35 - - [17/Nov/2017:19:07:35 +0000] "GET /category/finance HTTP/1.1" 200 125 "-" "Mozilla/5.0 (iPad; CPU OS 5_0_1 like Mac OS X) AppleWebKit/534.46 (KHTML, like Gecko) Version/5.1 Mobile/9A405 Safari/7534.48.3"
136.138.110.70 - - [17/Nov/2017:19:07:40 +0000] "GET /item/garden/1220 HTTP/1.1" 200 112 "/category/electronics" "Mozilla/5.0 (Windows NT 6.0; rv:10.0.1) Gecko/20100101 Firefox/10.0.1"
124.186.126.51 - - [17/Nov/2017:19:07:45 +0000] "POST /search/?c=Office+Computers HTTP/1.1" 200 62 "-" "Mozilla/5.0 (Windows NT 6.1; WOW64; rv:10.0.1) Gecko/20100101 Firefox/10.0.1"
168.60.226.215 - - [17/Nov/2017:19:07:50 +0000] "POST /search/?c=Jewelry HTTP/1.1" 200 100 "-" "Mozilla/4.0 (compatible; MSIE 8.0; Windows NT 6.1; Trident/4.0; YTB730; SLCC2; .NET CLR 2.0.50727; .NET CLR 3.5.30729; .NET CLR 3.0.30729; Media Center PC 6.0; .NET4.0C)"
152.90.220.86 - - [17/Nov/2017:19:07:55 +0000] "GET /item/cameras/1442 HTTP/1.1" 200 56 "/category/software" "Mozilla/4.0 (compatible; MSIE 8.0; Windows NT 6.1; WOW64; Trident/4.0; YTB730; GTB7.2; EasyBits GO v1.0; SLCC2; .NET CLR 2.0.50727; .NET CLR 3.5.30729; .NET CLR 3.0.30729; Media Center PC 6.0; .NET4.0C)"
152.123.68.77 - - [17/Nov/2017:19:08:00 +0000] "GET /category/books HTTP/1.1" 200 83 "/search/?c=Software+Networking" "Mozilla/5.0 (compatible; MSIE 9.0; Windows NT 6.1; WOW64; Trident/5.0)"
224.66.34.113 - - [17/Nov/2017:19:08:05 +0000] "GET /category/software HTTP/1.1" 200 84 "-" "Mozilla/5.0 (compatible; MSIE 9.0; Windows NT 6.1; WOW64; Trident/5.0)"
60.99.81.68 - - [17/Nov/2017:19:08:10 +0000] "GET /category/computers HTTP/1.1" 200 131 "-" "Mozilla/5.0 (compatible; MSIE 9.0; Windows NT 6.1; WOW64; Trident/5.0)"
20.117.120.97 - - [17/Nov/2017:19:08:15 +0000] "GET /category/games HTTP/1.1" 200 107 "/category/books" "Mozilla/5.0 (Windows NT 6.1; WOW64) AppleWebKit/535.11 (KHTML, like Gecko) Chrome/17.0.963.56 Safari/535.11"
132.141.158.51 - - [17/Nov/2017:19:08:20 +0000] "GET /category/music HTTP/1.1" 200 44 "/item/games/3868" "Mozilla/5.0 (compatible; MSIE 9.0; Windows NT 6.1; Trident/5.0)"
128.36.120.25 - - [17/Nov/2017:19:08:25 +0000] "GET /item/electronics/2868 HTTP/1.1" 200 41 "http://www.google.com/search?ie=UTF-8&q=google&sclient=psy-ab&q=Electronics+Software&oq=Electronics+Software&aq=f&aqi=g-vL1&aql=&pbx=1&bav=on.2,or.r_gc.r_pw.r_qf.,cf.osb&biw=768&bih=475" "Mozilla/5.0 (Windows NT 6.1; WOW64; rv:10.0.1) Gecko/20100101 Firefox/10.0.1"
160.177.26.162 - - [17/Nov/2017:19:08:30 +0000] "GET /category/games HTTP/1.1" 200 111 "/item/finance/3737" "Mozilla/5.0 (Windows NT 6.1; WOW64) AppleWebKit/535.11 (KHTML, like Gecko) Chrome/17.0.963.56 Safari/535.11"
152.213.199.56 - - [17/Nov/2017:19:08:35 +0000] "GET /category/games HTTP/1.1" 200 121 "/category/software" "Mozilla/5.0 (Windows NT 6.1; WOW64) AppleWebKit/535.11 (KHTML, like Gecko) Chrome/17.0.963.56 Safari/535.11"
128.213.155.67 - - [17/Nov/2017:19:08:40 +0000] "GET /category/computers HTTP/1.1" 200 117 "/category/toys" "Mozilla/5.0 (Macintosh; Intel Mac OS X 10.6; rv:9.0.1) Gecko/20100101 Firefox/9.0.1"
152.87.67.123 - - [17/Nov/2017:19:08:45 +0000] "GET /category/networking HTTP/1.1" 200 127 "-" "Mozilla/5.0 (Windows NT 6.0; rv:10.0.1) Gecko/20100101 Firefox/10.0.1"
92.36.35.38 - - [17/Nov/2017:19:08:50 +0000] "GET /category/finance HTTP/1.1" 200 125 "/item/games/3868" "Mozilla/5.0 (Windows NT 6.0; rv:10.0.1) Gecko/20100101 Firefox/10.0.1"
108.63.102.146 - - [17/Nov/2017:19:08:55 +0000] "GET /item/books/3992 HTTP/1.1" 200 70 "/category/office" "Mozilla/5.0 (Windows NT 6.0; rv:10.0.1) Gecko/20100101 Firefox/10.0.1"
220.189.195.98 - - [17/Nov/2017:19:09:00 +0000] "GET /category/networking HTTP/1.1" 200 53 "-" "Mozilla/4.0 (compatible; MSIE 8.0; Windows NT 5.1; Trident/4.0; YTB720; GTB7.2; .NET CLR 1.1.4322; .NET CLR 2.0.50727; .NET CLR 3.0.4506.2152; .NET CLR 3.5.30729)"
124.66.153.212 - - [17/Nov/2017:19:09:05 +0000] "GET /item/games/905 HTTP/1.1" 200 55 "/category/electronics" "Mozilla/5.0 (Windows NT 6.0; rv:10.0.1) Gecko/20100101 Firefox/10.0.1"
172.33.83.66 - - [17/Nov/2017:19:09:10 +0000] "GET /category/electronics HTTP/1.1" 200 91 "/item/games/3186" "Mozilla/5.0 (Windows NT 6.1; WOW64) AppleWebKit/535.11 (KHTML, like Gecko) Chrome/17.0.963.56 Safari/535.11"
116.144.123.207 - - [17/Nov/2017:19:09:15 +0000] "GET /category/games HTTP/1.1" 200 58 "-" "Mozilla/5.0 (Macintosh; Intel Mac OS X 10.6; rv:9.0.1) Gecko/20100101 Firefox/9.0.1"
184.123.73.180 - - [17/Nov/2017:19:09:20 +0000] "GET /item/electronics/3972 HTTP/1.1" 200 114 "/item/electronics/2972" "Mozilla/5.0 (Windows NT 6.0; rv:10.0.1) Gecko/20100101 Firefox/10.0.1"
80.126.81.138 - - [17/Nov/2017:19:09:25 +0000] "GET /item/electronics/3975 HTTP/1.1" 200 122 "/category/garden" "Mozilla/5.0 (Macintosh; Intel Mac OS X 10.6; rv:9.0.1) Gecko/20100101 Firefox/9.0.1"
196.225.171.61 - - [17/Nov/2017:19:09:30 +0000] "GET /category/garden?from=20 HTTP/1.1" 200 86 "/search/?c=Garden+Electronics" "Mozilla/4.0 (compatible; MSIE 8.0; Windows NT 6.1; WOW64; Trident/4.0; YTB730; GTB7.2; SLCC2; .NET CLR 2.0.50727; .NET CLR 3.5.30729; .NET CLR 3.0.30729; .NET4.0C; .NET4.0E; Media Center PC 6.0)"
24.150.142.226 - - [17/Nov/2017:19:09:35 +0000] "GET /category/software HTTP/1.1" 200 43 "/item/toys/1044" "Mozilla/4.0 (compatible; MSIE 8.0; Windows NT 6.0; WOW64; Trident/4.0; GTB6; SLCC1; .NET CLR 2.0.50727; Media Center PC 5.0; .NET CLR 3.5.30729; .NET CLR 3.0.30618; .NET4.0C)"
208.180.75.49 - - [17/Nov/2017:19:09:40 +0000] "GET /category/software?from=0 HTTP/1.1" 200 137 "/category/books" "Mozilla/5.0 (Windows NT 6.0; rv:10.0.1) Gecko/20100101 Firefox/10.0.1"
160.78.146.93 - - [17/Nov/2017:19:09:45 +0000] "GET /category/giftcards HTTP/1.1" 200 126 "/category/electronics" "Mozilla/5.0 (Windows NT 6.1; WOW64) AppleWebKit/535.11 (KHTML, like Gecko) Chrome/17.0.963.56 Safari/535.11"
120.111.204.203 - - [17/Nov/2017:19:09:50 +0000] "GET /category/finance HTTP/1.1" 200 98 "/item/electronics/1079" "Mozilla/4.0 (compatible; MSIE 8.0; Windows NT 6.1; WOW64; Trident/4.0; YTB730; GTB7.2; EasyBits GO v1.0; SLCC2; .NET CLR 2.0.50727; .NET CLR 3.5.30729; .NET CLR 3.0.30729; Media Center PC 6.0; .NET4.0C)"
216.54.131.48 - - [17/Nov/2017:19:09:55 +0000] "GET /item/electronics/2277 HTTP/1.1" 200 43 "/category/cameras" "Mozilla/5.0 (Windows NT 5.1) AppleWebKit/535.11 (KHTML, like Gecko) Chrome/17.0.963.46 Safari/535.11"
36.180.97.199 - - [17/Nov/2017:19:10:00 +0000] "GET /item/computers/4182 HTTP/1.1" 200 50 "-" "Mozilla/5.0 (Windows NT 6.0) AppleWebKit/535.11 (KHTML, like Gecko) Chrome/17.0.963.56 Safari/535.11"
32.39.91.121 - - [17/Nov/2017:19:10:05 +0000] "GET /category/office HTTP/1.1" 200 77 "-" "Mozilla/5.0 (Windows NT 6.0) AppleWebKit/535.11 (KHTML, like Gecko) Chrome/17.0.963.56 Safari/535.11"
88.57.117.104 - - [17/Nov/2017:19:10:10 +0000] "GET /category/cameras HTTP/1.1" 200 55 "-" "Mozilla/5.0 (compatible; Googlebot/2.1; +http://www.google.com/bot.html)"
184.135.39.104 - - [17/Nov/2017:19:10:15 +0000] "GET /category/books HTTP/1.1" 200 49 "/search/?c=Electronics" "Mozilla/5.0 (Windows NT 6.0; rv:10.0.1) Gecko/20100101 Firefox/10.0.1"
124.192.214.79 - - [17/Nov/2017:19:10:20 +0000] "GET /category/jewelry HTTP/1.1" 200 114 "/category/garden" "Mozilla/5.0 (Windows NT 6.1; WOW64) AppleWebKit/535.11 (KHTML, like Gecko) Chrome/17.0.963.56 Safari/535.11"
72.45.161.107 - - [17/Nov/2017:19:10:25 +0000] "GET /item/computers/809 HTTP/1.1" 200 128 "/category/music" "Mozilla/5.0 (Windows NT 6.0) AppleWebKit/535.11 (KHTML, like Gecko) Chrome/17.0.963.56 Safari/535.11"
216.33.82.203 - - [17/Nov/2017:19:10:30 +0000] "GET /item/electronics/2699 HTTP/1.1" 200 124 "/category/electronics" "Mozilla/4.0 (compatible; MSIE 8.0; Windows NT 5.1; Trident/4.0; YTB720; GTB7.2; .NET CLR 1.1.4322; .NET CLR 2.0.50727; .NET CLR 3.0.4506.2152; .NET CLR 3.5.30729)"
196.225.171.61 - - [17/Nov/2017:19:10:35 +0000] "GET /item/books/3487 HTTP/1.1" 200 92 "/item/finance/3737" "Mozilla/5.0 (iPhone; CPU iPhone OS 5_0_1 like Mac OS X) AppleWebKit/534.46 (KHTML, like Gecko) Version/5.1 Mobile/9A405 Safari/7534.48.3"
40.105.210.146 - - [17/Nov/2017:19:10:40 +0000] "GET /item/networking/3831 HTTP/1.1" 200 85 "/category/networking" "Mozilla/5.0 (Macintosh; Intel Mac OS X 10.6; rv:9.0.1) Gecko/20100101 Firefox/9.0.1"
48.54.101.46 - - [17/Nov/2017:19:10:45 +0000] "GET /category/finance HTTP/1.1" 200 76 "-" "Mozilla/5.0 (Macintosh; Intel Mac OS X 10.6; rv:9.0.1) Gecko/20100101 Firefox/9.0.1"
32.213.139.23 - - [17/Nov/2017:19:10:50 +0000] "GET /category/electronics HTTP/1.1" 200 42 "/category/finance" "Mozilla/5.0 (Windows NT 6.1; WOW64) AppleWebKit/535.11 (KHTML, like Gecko) Chrome/17.0.963.56 Safari/535.11"
112.48.91.130 - - [17/Nov/2017:19:10:55 +0000] "GET /item/electronics/261 HTTP/1.1" 200 70 "/item/networking/2789" "Mozilla/5.0 (compatible; MSIE 9.0; Windows NT 6.1; Trident/5.0)"
80.45.209.74 - - [17/Nov/2017:19:11:00 +0000] "GET /category/games HTTP/1.1" 200 104 "http://www.google.com/search?ie=UTF-8&q=google&sclient=psy-ab&q=Games&oq=Games&aq=f&aqi=g-vL1&aql=&pbx=1&bav=on.2,or.r_gc.r_pw.r_qf.,cf.osb&biw=31&bih=235" "Mozilla/4.0 (compatible; MSIE 8.0; Windows NT 6.1; WOW64; Trident/4.0; GTB7.2; SLCC2; .NET CLR 2.0.50727; .NET CLR 3.5.30729; .NET CLR 3.0.30729; Media Center PC 6.0; .NET4.0C)"
216.123.39.202 - - [17/Nov/2017:19:11:05 +0000] "GET /category/computers HTTP/1.1" 200 131 "-" "Mozilla/5.0 (compatible; MSIE 9.0; Windows NT 6.1; Trident/5.0)"
188.120.42.55 - - [17/Nov/2017:19:11:10 +0000] "GET /item/electronics/4574 HTTP/1.1" 200 98 "-" "Mozilla/4.0 (compatible; MSIE 8.0; Windows NT 5.1; Trident/4.0; BTRS122159; GTB7.2; .NET CLR 1.1.4322; .NET CLR 2.0.50727; .NET CLR 3.0.04506.30; .NET CLR 3.0.4506.2152; .NET CLR 3.5.30729; BRI/2)"
64.72.99.80 - - [17/Nov/2017:19:11:15 +0000] "GET /category/finance HTTP/1.1" 200 55 "/item/finance/3479" "Mozilla/5.0 (Windows NT 6.1; WOW64) AppleWebKit/535.7 (KHTML, like Gecko) Chrome/16.0.912.77 Safari/535.7"
36.219.202.185 - - [17/Nov/2017:19:11:20 +0000] "GET /category/books?from=10 HTTP/1.1" 200 89 "-" "Mozilla/5.0 (Windows NT 6.0) AppleWebKit/535.11 (KHTML, like Gecko) Chrome/17.0.963.56 Safari/535.11"
48.183.212.212 - - [17/Nov/2017:19:11:25 +0000] "POST /search/?c=Books HTTP/1.1" 200 114 "-" "Mozilla/4.0 (compatible; MSIE 8.0; Windows NT 6.0; WOW64; Trident/4.0; GTB6; SLCC1; .NET CLR 2.0.50727; Media Center PC 5.0; .NET CLR 3.5.30729; .NET CLR 3.0.30618; .NET4.0C)"
136.225.199.202 - - [17/Nov/2017:19:11:30 +0000] "GET /item/electronics/722 HTTP/1.1" 200 102 "/item/office/278" "Mozilla/5.0 (Windows NT 6.0; rv:10.0.1) Gecko/20100101 Firefox/10.0.1"
120.63.173.157 - - [17/Nov/2017:19:11:35 +0000] "GET /category/cameras HTTP/1.1" 200 132 "/category/cameras?from=20" "Mozilla/4.0 (compatible; MSIE 8.0; Windows NT 6.1; WOW64; Trident/4.0; YTB730; GTB7.2; SLCC2; .NET CLR 2.0.50727; .NET CLR 3.5.30729; .NET CLR 3.0.30729; .NET4.0C; .NET4.0E; Media Center PC 6.0)"
156.198.60.199 - - [17/Nov/2017:19:11:40 +0000] "GET /category/sports HTTP/1.1" 200 57 "-" "Mozilla/5.0 (compatible; MSIE 9.0; Windows NT 6.1; Trident/5.0)"
188.54.62.28 - - [17/Nov/2017:19:11:45 +0000] "GET /item/computers/1106 HTTP/1.1" 200 57 "/category/computers" "Mozilla/5.0 (compatible; MSIE 9.0; Windows NT 6.1; Trident/5.0)"
40.126.50.218 - - [17/Nov/2017:19:11:50 +0000] "GET /item/electronics/1706 HTTP/1.1" 200 119 "-" "Mozilla/5.0 (Windows NT 6.0) AppleWebKit/535.11 (KHTML, like Gecko) Chrome/17.0.963.56 Safari/535.11"
176.210.158.39 - - [17/Nov/2017:19:11:55 +0000] "GET /category/electronics HTTP/1.1" 200 116 "-" "Mozilla/5.0 (iPad; CPU OS 5_0_1 like Mac OS X) AppleWebKit/534.46 (KHTML, like Gecko) Version/5.1 Mobile/9A405 Safari/7534.48.3"
32.78.107.79 - - [17/Nov/2017:19:12:00 +0000] "GET /category/books HTTP/1.1" 200 84 "/item/cameras/2822" "Mozilla/5.0 (Windows NT 6.1; WOW64) AppleWebKit/535.7 (KHTML, like Gecko) Chrome/16.0.912.77 Safari/535.7"
28.135.90.185 - - [17/Nov/2017:19:12:05 +0000] "POST /search/?c=Garden HTTP/1.1" 200 44 "-" "Mozilla/5.0 (compatible; Googlebot/2.1; +http://www.google.com/bot.html)"
116.174.202.224 - - [17/Nov/2017:19:12:10 +0000] "GET /category/giftcards?from=10 HTTP/1.1" 200 100 "-" "Mozilla/5.0 (compatible; MSIE 9.0; Windows NT 6.1; WOW64; Trident/5.0)"
52.57.147.82 - - [17/Nov/2017:19:12:15 +0000] "GET /item/finance/1295 HTTP/1.1" 200 105 "/category/finance" "Mozilla/5.0 (Windows NT 6.0; rv:10.0.1) Gecko/20100101 Firefox/10.0.1"
84.189.135.46 - - [17/Nov/2017:19:12:20 +0000] "GET /category/cameras HTTP/1.1" 200 116 "/category/games" "Mozilla/4.0 (compatible; MSIE 8.0; Windows NT 6.1; WOW64; Trident/4.0; GTB7.2; SLCC2; .NET CLR 2.0.50727; .NET CLR 3.5.30729; .NET CLR 3.0.30729; Media Center PC 6.0; .NET4.0C)"
124.66.153.212 - - [17/Nov/2017:19:12:25 +0000] "GET /item/electronics/379 HTTP/1.1" 200 114 "/category/garden" "Mozilla/5.0 (Windows NT 6.0; rv:10.0.1) Gecko/20100101 Firefox/10.0.1"
144.168.60.186 - - [17/Nov/2017:19:12:30 +0000] "GET /item/games/4398 HTTP/1.1" 200 112 "/category/games" "Mozilla/5.0 (Windows NT 6.1; WOW64; rv:10.0.1) Gecko/20100101 Firefox/10.0.1"
136.132.151.226 - - [17/Nov/2017:19:12:35 +0000] "GET /item/electronics/1 HTTP/1.1" 200 128 "/category/electronics" "Mozilla/5.0 (Windows NT 6.1; WOW64; rv:10.0.1) Gecko/20100101 Firefox/10.0.1"
88.189.31.220 - - [17/Nov/2017:19:12:40 +0000] "GET /item/cameras/801 HTTP/1.1" 200 114 "/category/computers?from=0" "Mozilla/5.0 (Windows NT 6.0; rv:10.0.1) Gecko/20100101 Firefox/10.0.1"
88.51.212.158 - - [17/Nov/2017:19:12:45 +0000] "GET /item/electronics/3377 HTTP/1.1" 200 125 "/category/electronics" "Mozilla/5.0 (Windows NT 6.1; WOW64) AppleWebKit/535.7 (KHTML, like Gecko) Chrome/16.0.912.77 Safari/535.7"
60.30.84.168 - - [17/Nov/2017:19:12:50 +0000] "GET /category/software HTTP/1.1" 200 93 "/item/software/875" "Mozilla/4.0 (compatible; MSIE 8.0; Windows NT 6.1; Trident/4.0; YTB730; SLCC2; .NET CLR 2.0.50727; .NET CLR 3.5.30729; .NET CLR 3.0.30729; Media Center PC 6.0; .NET4.0C)"
52.153.118.131 - - [17/Nov/2017:19:12:55 +0000] "GET /item/games/905 HTTP/1.1" 200 55 "-" "Mozilla/5.0 (Macintosh; Intel Mac OS X 10.6; rv:9.0.1) Gecko/20100101 Firefox/9.0.1"
172.165.66.62 - - [17/Nov/2017:19:13:00 +0000] "GET /item/software/2487 HTTP/1.1" 200 51 "/search/?c=Software" "Mozilla/5.0 (compatible; MSIE 9.0; Windows NT 6.1; WOW64; Trident/5.0)"
84.126.82.184 - - [17/Nov/2017:19:13:05 +0000] "GET /category/games HTTP/1.1" 200 135 "-" "Mozilla/4.0 (compatible; MSIE 8.0; Windows NT 6.1; WOW64; Trident/4.0; YTB730; GTB7.2; SLCC2; .NET CLR 2.0.50727; .NET CLR 3.5.30729; .NET CLR 3.0.30729; .NET4.0C; .NET4.0E; Media Center PC 6.0)"
132.132.44.91 - - [17/Nov/2017:19:13:10 +0000] "POST /search/?c=Software+Software HTTP/1.1" 200 123 "-" "Mozilla/5.0 (Windows NT 6.1; WOW64) AppleWebKit/535.11 (KHTML, like Gecko) Chrome/17.0.963.56 Safari/535.11"
80.174.167.30 - - [17/Nov/2017:19:13:15 +0000] "GET /category/games HTTP/1.1" 200 71 "/search/?c=Electronics" "Mozilla/5.0 (Windows NT 6.0; rv:10.0.1) Gecko/20100101 Firefox/10.0.1"
164.78.138.100 - - [17/Nov/2017:19:13:20 +0000] "GET /category/software HTTP/1.1" 200 105 "-" "Mozilla/5.0 (Windows NT 6.0; rv:10.0.1) Gecko/20100101 Firefox/10.0.1"
216.90.56.55 - - [17/Nov/2017:19:13:25 +0000] "GET /category/finance HTTP/1.1" 200 76 "/category/finance" "Mozilla/5.0 (compatible; MSIE 9.0; Windows NT 6.1; Trident/5.0)"
216.60.81.167 - - [17/Nov/2017:19:13:30 +0000] "GET /item/games/2882 HTTP/1.1" 200 130 "/category/games" "Mozilla/4.0 (compatible; MSIE 8.0; Windows NT 5.1; Trident/4.0; YTB720; GTB7.2; .NET CLR 1.1.4322; .NET CLR 2.0.50727; .NET CLR 3.0.4506.2152; .NET CLR 3.5.30729)"
140.36.89.127 - - [17/Nov/2017:19:13:35 +0000] "POST /search/?c=Computers+Electronics HTTP/1.1" 200 44 "/item/software/71" "Mozilla/5.0 (Windows NT 6.0; rv:10.0.1) Gecko/20100101 Firefox/10.0.1"
212.66.174.222 - - [17/Nov/2017:19:13:40 +0000] "GET /item/electronics/3882 HTTP/1.1" 200 94 "-" "Mozilla/5.0 (Windows NT 6.0; rv:10.0.1) Gecko/20100101 Firefox/10.0.1"
148.180.67.120 - - [17/Nov/2017:19:13:45 +0000] "POST /search/?c=Toys+Toys HTTP/1.1" 200 102 "/category/electronics" "Mozilla/4.0 (compatible; MSIE 8.0; Windows NT 5.1; Trident/4.0; BTRS122159; GTB7.2; .NET CLR 1.1.4322; .NET CLR 2.0.50727; .NET CLR 3.0.04506.30; .NET CLR 3.0.4506.2152; .NET CLR 3.5.30729; BRI/2)"
112.204.94.24 - - [17/Nov/2017:19:13:50 +0000] "GET /item/games/1547 HTTP/1.1" 200 113 "/category/sports" "Mozilla/5.0 (compatible; MSIE 9.0; Windows NT 6.1; WOW64; Trident/5.0)"
164.36.150.129 - - [17/Nov/2017:19:13:55 +0000] "GET /category/office HTTP/1.1" 200 128 "-" "Mozilla/4.0 (compatible; MSIE 8.0; Windows NT 6.0; WOW64; Trident/4.0; GTB6; SLCC1; .NET CLR 2.0.50727; Media Center PC 5.0; .NET CLR 3.5.30729; .NET CLR 3.0.30618; .NET4.0C)"
60.117.58.163 - - [17/Nov/2017:19:14:00 +0000] "GET /category/finance HTTP/1.1" 200 135 "/item/computers/811" "Mozilla/5.0 (compatible; MSIE 9.0; Windows NT 6.1; WOW64; Trident/5.0)"
48.123.171.122 - - [17/Nov/2017:19:14:05 +0000] "GET /item/health/4533 HTTP/1.1" 200 55 "http://www.google.com/search?ie=UTF-8&q=google&sclient=psy-ab&q=Health+Electronics&oq=Health+Electronics&aq=f&aqi=g-vL1&aql=&pbx=1&bav=on.2,or.r_gc.r_pw.r_qf.,cf.osb&biw=3954&bih=555" "Mozilla/5.0 (Windows NT 6.0) AppleWebKit/535.11 (KHTML, like Gecko) Chrome/17.0.963.56 Safari/535.11"
228.162.165.103 - - [17/Nov/2017:19:14:10 +0000] "POST /search/?c=Electronics HTTP/1.1" 200 130 "-" "Mozilla/5.0 (Windows NT 6.1; WOW64; rv:10.0.1) Gecko/20100101 Firefox/10.0.1"
72.225.153.31 - - [17/Nov/2017:19:14:15 +0000] "GET /item/software/3371 HTTP/1.1" 200 121 "-" "Mozilla/5.0 (Windows NT 6.1; WOW64) AppleWebKit/535.7 (KHTML, like Gecko) Chrome/16.0.912.77 Safari/535.7"
180.225.166.107 - - [17/Nov/2017:19:14:20 +0000] "POST /search/?c=Electronics+Games HTTP/1.1" 200 88 "-" "Mozilla/5.0 (Windows NT 6.0; rv:10.0.1) Gecko/20100101 Firefox/10.0.1"
192.93.155.127 - - [17/Nov/2017:19:14:25 +0000] "GET /category/electronics?from=20 HTTP/1.1" 200 48 "/search/?c=Electronics+Software" "Mozilla/5.0 (Windows NT 5.1) AppleWebKit/535.11 (KHTML, like Gecko) Chrome/17.0.963.46 Safari/535.11"
192.108.192.88 - - [17/Nov/2017:19:14:30 +0000] "POST /search/?c=Books+Networking HTTP/1.1" 200 82 "/item/software/3371" "Mozilla/4.0 (compatible; MSIE 8.0; Windows NT 6.1; WOW64; Trident/4.0; GTB7.2; SLCC2; .NET CLR 2.0.50727; .NET CLR 3.5.30729; .NET CLR 3.0.30729; Media Center PC 6.0; .NET4.0C)"
76.126.75.166 - - [17/Nov/2017:19:14:35 +0000] "GET /category/games HTTP/1.1" 200 111 "/search/?c=Software+Cameras" "Mozilla/5.0 (Windows NT 6.1; WOW64) AppleWebKit/535.11 (KHTML, like Gecko) Chrome/17.0.963.56 Safari/535.11"
56.189.95.197 - - [17/Nov/2017:19:14:40 +0000] "POST /search/?c=Books+Health HTTP/1.1" 200 114 "-" "Mozilla/5.0 (compatible; Googlebot/2.1; +http://www.google.com/bot.html)"
160.213.73.172 - - [17/Nov/2017:19:14:45 +0000] "GET /category/books HTTP/1.1" 200 89 "-" "Mozilla/5.0 (compatible; MSIE 9.0; Windows NT 6.1; WOW64; Trident/5.0)"
168.108.43.22 - - [17/Nov/2017:19:14:50 +0000] "GET /item/finance/3737 HTTP/1.1" 200 127 "/category/finance" "Mozilla/4.0 (compatible; MSIE 8.0; Windows NT 5.1; Trident/4.0; BTRS122159; GTB7.2; .NET CLR 1.1.4322; .NET CLR 2.0.50727; .NET CLR 3.0.04506.30; .NET CLR 3.0.4506.2152; .NET CLR 3.5.30729; BRI/2)"
196.57.59.219 - - [17/Nov/2017:19:14:55 +0000] "GET /item/garden/1634 HTTP/1.1" 200 43 "/item/giftcards/3622" "Mozilla/4.0 (compatible; MSIE 8.0; Windows NT 6.0; WOW64; Trident/4.0; GTB6; SLCC1; .NET CLR 2.0.50727; Media Center PC 5.0; .NET CLR 3.5.30729; .NET CLR 3.0.30618; .NET4.0C)"
152.150.118.201 - - [17/Nov/2017:19:15:00 +0000] "GET /category/books HTTP/1.1" 200 41 "-" "Mozilla/4.0 (compatible; MSIE 8.0; Windows NT 6.1; WOW64; Trident/4.0; GTB7.2; SLCC2; .NET CLR 2.0.50727; .NET CLR 3.5.30729; .NET CLR 3.0.30729; Media Center PC 6.0; .NET4.0C)"
164.219.72.37 - - [17/Nov/2017:19:15:05 +0000] "POST /search/?c=Cameras HTTP/1.1" 200 132 "/category/sports" "Mozilla/5.0 (Windows NT 6.0; rv:10.0.1) Gecko/20100101 Firefox/10.0.1"
40.42.114.155 - - [17/Nov/2017:19:15:10 +0000] "GET /item/giftcards/1901 HTTP/1.1" 200 63 "/category/books" "Mozilla/5.0 (compatible; Googlebot/2.1; +http://www.google.com/bot.html)"
48.195.168.33 - - [17/Nov/2017:19:15:15 +0000] "GET /category/games HTTP/1.1" 200 59 "/item/software/2036" "Mozilla/4.0 (compatible; MSIE 8.0; Windows NT 6.1; WOW64; Trident/4.0; YTB730; GTB7.2; EasyBits GO v1.0; SLCC2; .NET CLR 2.0.50727; .NET CLR 3.5.30729; .NET CLR 3.0.30729; Media Center PC 6.0; .NET4.0C)"
84.117.161.61 - - [17/Nov/2017:19:15:20 +0000] "GET /item/electronics/4788 HTTP/1.1" 200 46 "/item/games/1697" "Mozilla/5.0 (Windows NT 6.1; WOW64) AppleWebKit/535.7 (KHTML, like Gecko) Chrome/16.0.912.77 Safari/535.7"
44.162.33.184 - - [17/Nov/2017:19:15:25 +0000] "GET /item/garden/3631 HTTP/1.1" 200 102 "/category/garden" "Mozilla/5.0 (compatible; MSIE 9.0; Windows NT 6.1; Trident/5.0)"
100.54.117.195 - - [17/Nov/2017:19:15:30 +0000] "GET /item/books/4078 HTTP/1.1" 200 74 "/category/games?from=0" "Mozilla/5.0 (compatible; MSIE 9.0; Windows NT 6.1; Trident/5.0)"
84.201.48.127 - - [17/Nov/2017:19:15:35 +0000] "GET /item/garden/4052 HTTP/1.1" 200 88 "-" "Mozilla/5.0 (Macintosh; Intel Mac OS X 10.6; rv:9.0.1) Gecko/20100101 Firefox/9.0.1"
188.219.65.49 - - [17/Nov/2017:19:15:40 +0000] "GET /category/books HTTP/1.1" 200 99 "-" "Mozilla/4.0 (compatible; MSIE 8.0; Windows NT 6.1; Trident/4.0; YTB730; SLCC2; .NET CLR 2.0.50727; .NET CLR 3.5.30729; .NET CLR 3.0.30729; Media Center PC 6.0; .NET4.0C)"
68.192.196.217 - - [17/Nov/2017:19:15:45 +0000] "GET /category/health HTTP/1.1" 200 49 "-" "Mozilla/5.0 (compatible; MSIE 9.0; Windows NT 6.1; WOW64; Trident/5.0)"
60.126.127.74 - - [17/Nov/2017:19:15:50 +0000] "POST /search/?c=Software+Networking HTTP/1.1" 200 104 "-" "Mozilla/5.0 (Windows NT 6.0) AppleWebKit/535.11 (KHTML, like Gecko) Chrome/17.0.963.56 Safari/535.11"
220.153.74.79 - - [17/Nov/2017:19:15:55 +0000] "GET /item/games/905 HTTP/1.1" 200 55 "/category/garden" "Mozilla/4.0 (compatible; MSIE 8.0; Windows NT 5.1; Trident/4.0; YTB720; GTB7.2; .NET CLR 1.1.4322; .NET CLR 2.0.50727; .NET CLR 3.0.4506.2152; .NET CLR 3.5.30729)"
112.30.36.35 - - [17/Nov/2017:19:16:00 +0000] "GET /category/music HTTP/1.1" 200 53 "-" "Mozilla/5.0 (Windows NT 6.0; rv:10.0.1) Gecko/20100101 Firefox/10.0.1"
32.177.40.26 - - [17/Nov/2017:19:16:05 +0000] "GET /category/software HTTP/1.1" 200 71 "-" "Mozilla/4.0 (compatible; MSIE 8.0; Windows NT 5.1; Trident/4.0; YTB720; GTB7.2; .NET CLR 1.1.4322; .NET CLR 2.0.50727; .NET CLR 3.0.4506.2152; .NET CLR 3.5.30729)"
40.123.201.66 - - [17/Nov/2017:19:16:10 +0000] "GET /category/cameras HTTP/1.1" 200 53 "http://www.google.com/search?ie=UTF-8&q=google&sclient=psy-ab&q=Cameras+Software&oq=Cameras+Software&aq=f&aqi=g-vL1&aql=&pbx=1&bav=on.2,or.r_gc.r_pw.r_qf.,cf.osb&biw=3689&bih=475" "Mozilla/4.0 (compatible; MSIE 8.0; Windows NT 5.1; Trident/4.0; BTRS122159; GTB7.2; .NET CLR 1.1.4322; .NET CLR 2.0.50727; .NET CLR 3.0.04506.30; .NET CLR 3.0.4506.2152; .NET CLR 3.5.30729; BRI/2)"
120.123.162.208 - - [17/Nov/2017:19:16:15 +0000] "GET /item/sports/4622 HTTP/1.1" 200 109 "-" "Mozilla/4.0 (compatible; MSIE 8.0; Windows NT 5.1; Trident/4.0; YTB720; GTB7.2; .NET CLR 1.1.4322; .NET CLR 2.0.50727; .NET CLR 3.0.4506.2152; .NET CLR 3.5.30729)"
92.48.177.183 - - [17/Nov/2017:19:16:20 +0000] "POST /search/?c=Games+Books HTTP/1.1" 200 68 "-" "Mozilla/5.0 (compatible; MSIE 9.0; Windows NT 6.1; WOW64; Trident/5.0)"
168.183.144.126 - - [17/Nov/2017:19:16:25 +0000] "GET /category/software HTTP/1.1" 200 85 "/category/cameras" "Mozilla/5.0 (Windows NT 6.1; WOW64) AppleWebKit/535.7 (KHTML, like Gecko) Chrome/16.0.912.77 Safari/535.7"
60.54.78.101 - - [17/Nov/2017:19:16:30 +0000] "GET /item/software/4680 HTTP/1.1" 200 89 "/category/software" "Mozilla/5.0 (Windows NT 6.0) AppleWebKit/535.11 (KHTML, like Gecko) Chrome/17.0.963.56 Safari/535.11"
28.207.139.33 - - [17/Nov/2017:19:16:35 +0000] "POST /search/?c=Books+Electronics HTTP/1.1" 200 79 "-" "Mozilla/5.0 (Windows NT 6.0; rv:10.0.1) Gecko/20100101 Firefox/10.0.1"
188.66.87.61 - - [17/Nov/2017:19:16:40 +0000] "GET /category/electronics HTTP/1.1" 200 91 "-" "Mozilla/5.0 (Macintosh; Intel Mac OS X 10.6; rv:9.0.1) Gecko/20100101 Firefox/9.0.1"
132.132.44.91 - - [17/Nov/2017:19:16:45 +0000] "GET /item/finance/4688 HTTP/1.1" 200 96 "/search/?c=Finance+Games" "Mozilla/5.0 (iPhone; CPU iPhone OS 5_0_1 like Mac OS X) AppleWebKit/534.46 (KHTML, like Gecko) Version/5.1 Mobile/9A405 Safari/7534.48.3"
184.30.98.141 - - [17/Nov/2017:19:16:50 +0000] "GET /category/health HTTP/1.1" 200 59 "-" "Mozilla/4.0 (compatible; MSIE 8.0; Windows NT 5.1; Trident/4.0; YTB720; GTB7.2; .NET CLR 1.1.4322; .NET CLR 2.0.50727; .NET CLR 3.0.4506.2152; .NET CLR 3.5.30729)"
192.102.189.187 - - [17/Nov/2017:19:16:55 +0000] "POST /search/?c=Electronics+Books HTTP/1.1" 200 134 "-" "Mozilla/5.0 (Windows NT 6.0) AppleWebKit/535.11 (KHTML, like Gecko) Chrome/17.0.963.56 Safari/535.11"
116.150.145.77 - - [17/Nov/2017:19:17:00 +0000] "GET /category/books HTTP/1.1" 200 74 "http://www.google.com/search?ie=UTF-8&q=google&sclient=psy-ab&q=Books&oq=Books&aq=f&aqi=g-vL1&aql=&pbx=1&bav=on.2,or.r_gc.r_pw.r_qf.,cf.osb&biw=1307&bih=364" "Mozilla/5.0 (Windows NT 6.0) AppleWebKit/535.11 (KHTML, like Gecko) Chrome/17.0.963.56 Safari/535.11"
88.57.117.104 - - [17/Nov/2017:19:17:05 +0000] "GET /item/electronics/2595 HTTP/1.1" 200 59 "-" "Mozilla/5.0 (compatible; Googlebot/2.1; +http://www.google.com/bot.html)"
156.123.86.77 - - [17/Nov/2017:19:17:10 +0000] "GET /item/music/1232 HTTP/1.1" 200 62 "/search/?c=Music+Health" "Mozilla/5.0 (Windows NT 5.1) AppleWebKit/535.11 (KHTML, like Gecko) Chrome/17.0.963.46 Safari/535.11"
184.156.203.71 - - [17/Nov/2017:19:17:15 +0000] "GET /item/electronics/4629 HTTP/1.1" 200 83 "/item/garden/995" "Mozilla/5.0 (compatible; Googlebot/2.1; +http://www.google.com/bot.html)"
84.207.145.22 - - [17/Nov/2017:19:17:20 +0000] "GET /category/games HTTP/1.1" 200 87 "-" "Mozilla/5.0 (compatible; MSIE 9.0; Windows NT 6.1; WOW64; Trident/5.0)"
108.78.41.69 - - [17/Nov/2017:19:17:25 +0000] "GET /category/health HTTP/1.1" 200 133 "/category/sports" "Mozilla/5.0 (Windows NT 6.0; rv:10.0.1) Gecko/20100101 Firefox/10.0.1"
72.138.35.193 - - [17/Nov/2017:19:17:30 +0000] "GET /category/electronics HTTP/1.1" 200 58 "-" "Mozilla/5.0 (iPhone; CPU iPhone OS 5_0_1 like Mac OS X) AppleWebKit/534.46 (KHTML, like Gecko) Version/5.1 Mobile/9A405 Safari/7534.48.3"
100.93.108.122 - - [17/Nov/2017:19:17:35 +0000] "GET /item/games/1456 HTTP/1.1" 200 111 "/item/office/1523" "Mozilla/5.0 (Windows NT 6.1; WOW64; rv:10.0.1) Gecko/20100101 Firefox/10.0.1"
72.45.161.107 - - [17/Nov/2017:19:17:40 +0000] "GET /category/electronics HTTP/1.1" 200 138 "http://www.google.com/search?ie=UTF-8&q=google&sclient=psy-ab&q=Electronics+Computers&oq=Electronics+Computers&aq=f&aqi=g-vL1&aql=&pbx=1&bav=on.2,or.r_gc.r_pw.r_qf.,cf.osb&biw=1444&bih=256" "Mozilla/5.0 (compatible; MSIE 9.0; Windows NT 6.1; WOW64; Trident/5.0)"
148.213.116.158 - - [17/Nov/2017:19:17:45 +0000] "GET /category/electronics?from=0 HTTP/1.1" 200 40 "-" "Mozilla/5.0 (Windows NT 6.1; WOW64) AppleWebKit/535.11 (KHTML, like Gecko) Chrome/17.0.963.56 Safari/535.11"
204.189.85.23 - - [17/Nov/2017:19:17:50 +0000] "POST /search/?c=Office+Office HTTP/1.1" 200 86 "/item/books/939" "Mozilla/5.0 (iPad; CPU OS 5_0_1 like Mac OS X) AppleWebKit/534.46 (KHTML, like Gecko) Version/5.1 Mobile/9A405 Safari/7534.48.3"
108.60.40.114 - - [17/Nov/2017:19:17:55 +0000] "GET /item/electronics/1309 HTTP/1.1" 200 133 "/category/books" "Mozilla/4.0 (compatible; MSIE 8.0; Windows NT 6.1; WOW64; Trident/4.0; YTB730; GTB7.2; EasyBits GO v1.0; SLCC2; .NET CLR 2.0.50727; .NET CLR 3.5.30729; .NET CLR 3.0.30729; Media Center PC 6.0; .NET4.0C)"
28.66.41.90 - - [17/Nov/2017:19:18:00 +0000] "GET /item/books/3757 HTTP/1.1" 200 115 "/category/software" "Mozilla/5.0 (iPhone; CPU iPhone OS 5_0_1 like Mac OS X) AppleWebKit/534.46 (KHTML, like Gecko) Version/5.1 Mobile/9A405 Safari/7534.48.3"
84.72.133.74 - - [17/Nov/2017:19:18:05 +0000] "POST /search/?c=Electronics+Toys HTTP/1.1" 200 128 "/item/health/2887" "Mozilla/5.0 (Windows NT 5.1) AppleWebKit/535.11 (KHTML, like Gecko) Chrome/17.0.963.46 Safari/535.11"
184.210.167.77 - - [17/Nov/2017:19:18:10 +0000] "GET /item/garden/4029 HTTP/1.1" 200 64 "-" "Mozilla/5.0 (Windows NT 6.0; rv:10.0.1) Gecko/20100101 Firefox/10.0.1"
124.171.169.38 - - [17/Nov/2017:19:18:15 +0000] "GET /category/office HTTP/1.1" 200 74 "-" "Mozilla/5.0 (iPad; CPU OS 5_0_1 like Mac OS X) AppleWebKit/534.46 (KHTML, like Gecko) Version/5.1 Mobile/9A405 Safari/7534.48.3"
64.111.228.178 - - [17/Nov/2017:19:18:20 +0000] "GET /item/books/3336 HTTP/1.1" 200 88 "/category/books" "Mozilla/5.0 (Windows NT 6.1; WOW64; rv:10.0.1) Gecko/20100101 Firefox/10.0.1"
208.150.171.60 - - [17/Nov/2017:19:18:25 +0000] "GET /category/electronics HTTP/1.1" 200 83 "-" "Mozilla/4.0 (compatible; MSIE 8.0; Windows NT 6.1; WOW64; Trident/4.0; YTB730; GTB7.2; SLCC2; .NET CLR 2.0.50727; .NET CLR 3.5.30729; .NET CLR 3.0.30729; .NET4.0C; .NET4.0E; Media Center PC 6.0)"
60.99.81.68 - - [17/Nov/2017:19:18:30 +0000] "GET /item/electronics/3042 HTTP/1.1" 200 45 "/search/?c=Electronics" "Mozilla/5.0 (compatible; MSIE 9.0; Windows NT 6.1; Trident/5.0)"
28.66.41.90 - - [17/Nov/2017:19:18:35 +0000] "GET /item/games/4398 HTTP/1.1" 200 112 "http://www.google.com/search?ie=UTF-8&q=google&sclient=psy-ab&q=Games+Networking&oq=Games+Networking&aq=f&aqi=g-vL1&aql=&pbx=1&bav=on.2,or.r_gc.r_pw.r_qf.,cf.osb&biw=1780&bih=545" "Mozilla/5.0 (Windows NT 6.0) AppleWebKit/535.11 (KHTML, like Gecko) Chrome/17.0.963.56 Safari/535.11"
128.213.146.74 - - [17/Nov/2017:19:18:40 +0000] "GET /category/music?from=10 HTTP/1.1" 200 101 "-" "Mozilla/5.0 (Windows NT 6.1; WOW64) AppleWebKit/535.11 (KHTML, like Gecko) Chrome/17.0.963.56 Safari/535.11"
60.30.84.168 - - [17/Nov/2017:19:18:45 +0000] "GET /item/books/590 HTTP/1.1" 200 55 "/item/games/3420" "Mozilla/5.0 (Windows NT 6.0) AppleWebKit/535.11 (KHTML, like Gecko) Chrome/17.0.963.56 Safari/535.11"
72.156.195.112 - - [17/Nov/2017:19:18:50 +0000] "GET /category/jewelry HTTP/1.1" 200 56 "/category/games" "Mozilla/4.0 (compatible; MSIE 8.0; Windows NT 6.1; WOW64; Trident/4.0; GTB7.2; SLCC2; .NET CLR 2.0.50727; .NET CLR 3.5.30729; .NET CLR 3.0.30729; Media Center PC 6.0; .NET4.0C)"
60.123.32.130 - - [17/Nov/2017:19:18:55 +0000] "POST /search/?c=Electronics HTTP/1.1" 200 69 "/category/giftcards" "Mozilla/5.0 (Windows NT 6.0; rv:10.0.1) Gecko/20100101 Firefox/10.0.1"
44.213.68.121 - - [17/Nov/2017:19:19:00 +0000] "GET /category/sports HTTP/1.1" 200 56 "/category/software" "Mozilla/5.0 (Windows NT 6.1; WOW64) AppleWebKit/535.11 (KHTML, like Gecko) Chrome/17.0.963.56 Safari/535.11"
32.135.88.43 - - [17/Nov/2017:19:19:05 +0000] "GET /category/books?from=0 HTTP/1.1" 200 103 "/item/games/905" "Mozilla/5.0 (compatible; Googlebot/2.1; +http://www.google.com/bot.html)"
76.153.22.87 - - [17/Nov/2017:19:19:10 +0000] "GET /category/software?from=20 HTTP/1.1" 200 64 "/item/software/3887" "Mozilla/5.0 (Windows NT 6.1; WOW64) AppleWebKit/535.7 (KHTML, like Gecko) Chrome/16.0.912.77 Safari/535.7"
36.183.156.215 - - [17/Nov/2017:19:19:15 +0000] "GET /category/finance HTTP/1.1" 200 52 "-" "Mozilla/5.0 (Windows NT 6.0; rv:10.0.1) Gecko/20100101 Firefox/10.0.1"
200.114.202.134 - - [17/Nov/2017:19:19:20 +0000] "GET /item/games/4058 HTTP/1.1" 200 94 "/category/games" "Mozilla/4.0 (compatible; MSIE 8.0; Windows NT 6.1; Trident/4.0; YTB730; SLCC2; .NET CLR 2.0.50727; .NET CLR 3.5.30729; .NET CLR 3.0.30729; Media Center PC 6.0; .NET4.0C)"
188.96.82.146 - - [17/Nov/2017:19:19:25 +0000] "GET /item/office/512 HTTP/1.1" 200 41 "/category/office" "Mozilla/5.0 (Windows NT 6.1; WOW64) AppleWebKit/535.11 (KHTML, like Gecko) Chrome/17.0.963.56 Safari/535.11"
116.180.157.149 - - [17/Nov/2017:19:19:30 +0000] "GET /category/software HTTP/1.1" 200 43 "-" "Mozilla/5.0 (Windows NT 6.1; WOW64) AppleWebKit/535.7 (KHTML, like Gecko) Chrome/16.0.912.77 Safari/535.7"
140.63.197.40 - - [17/Nov/2017:19:19:35 +0000] "GET /item/electronics/3545 HTTP/1.1" 200 133 "http://www.google.com/search?ie=UTF-8&q=google&sclient=psy-ab&q=Electronics+Software&oq=Electronics+Software&aq=f&aqi=g-vL1&aql=&pbx=1&bav=on.2,or.r_gc.r_pw.r_qf.,cf.osb&biw=2211&bih=229" "Mozilla/5.0 (Windows NT 6.0) AppleWebKit/535.11 (KHTML, like Gecko) Chrome/17.0.963.56 Safari/535.11"
60.99.81.68 - - [17/Nov/2017:19:19:40 +0000] "GET /category/games HTTP/1.1" 200 110 "-" "Mozilla/5.0 (compatible; MSIE 9.0; Windows NT 6.1; WOW64; Trident/5.0)"
80.126.81.138 - - [17/Nov/2017:19:19:45 +0000] "GET /category/books HTTP/1.1" 200 93 "/category/giftcards" "Mozilla/5.0 (Windows NT 6.1; WOW64) AppleWebKit/535.7 (KHTML, like Gecko) Chrome/16.0.912.77 Safari/535.7"
192.183.227.24 - - [17/Nov/2017:19:19:50 +0000] "GET /category/health?from=0 HTTP/1.1" 200 81 "/category/games" "Mozilla/5.0 (Windows NT 6.0; rv:10.0.1) Gecko/20100101 Firefox/10.0.1"
36.138.203.140 - - [17/Nov/2017:19:19:55 +0000] "GET /category/software HTTP/1.1" 200 94 "-" "Mozilla/5.0 (compatible; Googlebot/2.1; +http://www.google.com/bot.html)"
156.93.179.59 - - [17/Nov/2017:19:20:00 +0000] "GET /item/software/4933 HTTP/1.1" 200 52 "/search/?c=Software" "Mozilla/5.0 (Windows NT 6.0; rv:10.0.1) Gecko/20100101 Firefox/10.0.1"
156.81.120.91 - - [17/Nov/2017:19:20:05 +0000] "GET /category/networking HTTP/1.1" 200 127 "/category/software" "Mozilla/5.0 (compatible; MSIE 9.0; Windows NT 6.1; WOW64; Trident/5.0)"
112.57.196.125 - - [17/Nov/2017:19:20:10 +0000] "GET /category/games HTTP/1.1" 200 133 "/category/software" "Mozilla/5.0 (compatible; Googlebot/2.1; +http://www.google.com/bot.html)"
72.27.184.75 - - [17/Nov/2017:19:20:15 +0000] "POST /search/?c=Cameras+Office HTTP/1.1" 200 71 "-" "Mozilla/5.0 (Windows NT 6.1; WOW64) AppleWebKit/535.11 (KHTML, like Gecko) Chrome/17.0.963.56 Safari/535.11"
108.84.228.94 - - [17/Nov/2017:19:20:20 +0000] "POST /search/?c=Software HTTP/1.1" 200 42 "/item/books/4322" "Mozilla/5.0 (Macintosh; Intel Mac OS X 10.6; rv:9.0.1) Gecko/20100101 Firefox/9.0.1"
92.102.204.173 - - [17/Nov/2017:19:20:25 +0000] "GET /item/books/3992 HTTP/1.1" 200 70 "/category/electronics" "Mozilla/5.0 (Windows NT 5.1) AppleWebKit/535.11 (KHTML, like Gecko) Chrome/17.0.963.46 Safari/535.11"
200.114.202.134 - - [17/Nov/2017:19:20:30 +0000] "GET /category/electronics HTTP/1.1" 200 50 "/category/software" "Mozilla/4.0 (compatible; MSIE 8.0; Windows NT 6.0; WOW64; Trident/4.0; GTB6; SLCC1; .NET CLR 2.0.50727; Media Center PC 5.0; .NET CLR 3.5.30729; .NET CLR 3.0.30618; .NET4.0C)"
172.219.78.39 - - [17/Nov/2017:19:20:35 +0000] "GET /category/books HTTP/1.1" 200 51 "-" "Mozilla/5.0 (Windows NT 6.0) AppleWebKit/535.11 (KHTML, like Gecko) Chrome/17.0.963.56 Safari/535.11"
108.171.226.164 - - [17/Nov/2017:19:20:40 +0000] "GET /category/electronics HTTP/1.1" 200 78 "-" "Mozilla/5.0 (Windows NT 6.0; rv:10.0.1) Gecko/20100101 Firefox/10.0.1"
148.66.143.65 - - [17/Nov/2017:19:20:45 +0000] "GET /item/games/526 HTTP/1.1" 200 104 "/category/electronics" "Mozilla/5.0 (compatible; MSIE 9.0; Windows NT 6.1; WOW64; Trident/5.0)"
136.147.227.152 - - [17/Nov/2017:19:20:50 +0000] "GET /category/electronics HTTP/1.1" 200 80 "/category/music?from=0" "Mozilla/5.0 (Windows NT 6.1; WOW64) AppleWebKit/535.11 (KHTML, like Gecko) Chrome/17.0.963.56 Safari/535.11"
28.45.145.192 - - [17/Nov/2017:19:20:55 +0000] "GET /item/books/939 HTTP/1.1" 200 48 "/category/cameras" "Mozilla/4.0 (compatible; MSIE 8.0; Windows NT 5.1; Trident/4.0; BTRS122159; GTB7.2; .NET CLR 1.1.4322; .NET CLR 2.0.50727; .NET CLR 3.0.04506.30; .NET CLR 3.0.4506.2152; .NET CLR 3.5.30729; BRI/2)"
40.126.50.218 - - [17/Nov/2017:19:21:00 +0000] "GET /category/electronics HTTP/1.1" 200 48 "-" "Mozilla/5.0 (Windows NT 6.0) AppleWebKit/535.11 (KHTML, like Gecko) Chrome/17.0.963.56 Safari/535.11"
224.189.104.73 - - [17/Nov/2017:19:21:05 +0000] "GET /category/electronics HTTP/1.1" 200 137 "-" "Mozilla/5.0 (Windows NT 6.1; WOW64) AppleWebKit/535.11 (KHTML, like Gecko) Chrome/17.0.963.56 Safari/535.11"
100.186.30.119 - - [17/Nov/2017:19:21:10 +0000] "GET /category/books HTTP/1.1" 200 51 "-" "Mozilla/4.0 (compatible; MSIE 8.0; Windows NT 6.1; WOW64; Trident/4.0; YTB730; GTB7.2; SLCC2; .NET CLR 2.0.50727; .NET CLR 3.5.30729; .NET CLR 3.0.30729; .NET4.0C; .NET4.0E; Media Center PC 6.0)"
208.171.120.182 - - [17/Nov/2017:19:21:15 +0000] "GET /category/electronics HTTP/1.1" 200 128 "/category/office" "Mozilla/5.0 (compatible; Googlebot/2.1; +http://www.google.com/bot.html)"
184.93.57.135 - - [17/Nov/2017:19:21:20 +0000] "GET /category/electronics HTTP/1.1" 200 61 "-" "Mozilla/5.0 (Windows NT 6.0; rv:10.0.1) Gecko/20100101 Firefox/10.0.1"
160.222.46.45 - - [17/Nov/2017:19:21:25 +0000] "GET /category/computers HTTP/1.1" 200 131 "/category/jewelry" "Mozilla/4.0 (compatible; MSIE 8.0; Windows NT 5.1; Trident/4.0; YTB720; GTB7.2; .NET CLR 1.1.4322; .NET CLR 2.0.50727; .NET CLR 3.0.4506.2152; .NET CLR 3.5.30729)"
192.51.157.22 - - [17/Nov/2017:19:21:30 +0000] "GET /item/electronics/1216 HTTP/1.1" 200 93 "/search/?c=Electronics" "Mozilla/5.0 (compatible; Googlebot/2.1; +http://www.google.com/bot.html)"
36.51.149.50 - - [17/Nov/2017:19:21:35 +0000] "GET /category/cameras HTTP/1.1" 200 132 "-" "Mozilla/5.0 (iPhone; CPU iPhone OS 5_0_1 like Mac OS X) AppleWebKit/534.46 (KHTML, like Gecko) Version/5.1 Mobile/9A405 Safari/7534.48.3"
216.30.210.172 - - [17/Nov/2017:19:21:40 +0000] "GET /item/electronics/2524 HTTP/1.1" 200 57 "/category/electronics" "Mozilla/5.0 (iPhone; CPU iPhone OS 5_0_1 like Mac OS X) AppleWebKit/534.46 (KHTML, like Gecko) Version/5.1 Mobile/9A405 Safari/7534.48.3"
152.225.175.76 - - [17/Nov/2017:19:21:45 +0000] "GET /item/computers/1943 HTTP/1.1" 200 77 "/category/electronics" "Mozilla/5.0 (Windows NT 6.1; WOW64) AppleWebKit/535.11 (KHTML, like Gecko) Chrome/17.0.963.56 Safari/535.11"
80.120.169.42 - - [17/Nov/2017:19:21:50 +0000] "GET /item/software/992 HTTP/1.1" 200 113 "/category/games?from=20" "Mozilla/5.0 (Windows NT 6.1; WOW64; rv:10.0.1) Gecko/20100101 Firefox/10.0.1"
96.219.205.43 - - [17/Nov/2017:19:21:55 +0000] "GET /item/music/4699 HTTP/1.1" 200 48 "http://www.google.com/search?ie=UTF-8&q=google&sclient=psy-ab&q=Music&oq=Music&aq=f&aqi=g-vL1&aql=&pbx=1&bav=on.2,or.r_gc.r_pw.r_qf.,cf.osb&biw=962&bih=495" "Mozilla/5.0 (Windows NT 6.1; WOW64) AppleWebKit/535.7 (KHTML, like Gecko) Chrome/16.0.912.77 Safari/535.7"
216.219.89.75 - - [17/Nov/2017:19:22:00 +0000] "POST /search/?c=Games+Electronics HTTP/1.1" 200 52 "/category/software" "Mozilla/5.0 (Windows NT 6.0) AppleWebKit/535.11 (KHTML, like Gecko) Chrome/17.0.963.56 Safari/535.11"
220.153.74.79 - - [17/Nov/2017:19:22:05 +0000] "GET /category/games HTTP/1.1" 200 114 "-" "Mozilla/4.0 (compatible; MSIE 8.0; Windows NT 6.1; WOW64; Trident/4.0; YTB730; GTB7.2; SLCC2; .NET CLR 2.0.50727; .NET CLR 3.5.30729; .NET CLR 3.0.30729; .NET4.0C; .NET4.0E; Media Center PC 6.0)"
172.126.211.27 - - [17/Nov/2017:19:22:10 +0000] "POST /search/?c=Books+Finance HTTP/1.1" 200 93 "/item/giftcards/357" "Mozilla/5.0 (compatible; MSIE 9.0; Windows NT 6.1; Trident/5.0)"
104.138.92.26 - - [17/Nov/2017:19:22:15 +0000] "GET /item/electronics/2805 HTTP/1.1" 200 55 "-" "Mozilla/5.0 (Windows NT 6.0; rv:10.0.1) Gecko/20100101 Firefox/10.0.1"
144.180.57.180 - - [17/Nov/2017:19:22:20 +0000] "GET /item/electronics/4629 HTTP/1.1" 200 83 "/category/books" "Mozilla/5.0 (compatible; Googlebot/2.1; +http://www.google.com/bot.html)"
176.27.101.193 - - [17/Nov/2017:19:22:25 +0000] "GET /category/books HTTP/1.1" 200 99 "-" "Mozilla/5.0 (Windows NT 6.1; WOW64; rv:10.0.1) Gecko/20100101 Firefox/10.0.1"
192.54.221.227 - - [17/Nov/2017:19:22:30 +0000] "GET /category/games HTTP/1.1" 200 47 "/category/garden" "Mozilla/5.0 (Windows NT 6.0; rv:10.0.1) Gecko/20100101 Firefox/10.0.1"
76.39.153.224 - - [17/Nov/2017:19:22:35 +0000] "GET /category/electronics HTTP/1.1" 200 44 "/category/health" "Mozilla/4.0 (compatible; MSIE 8.0; Windows NT 6.1; WOW64; Trident/4.0; GTB7.2; SLCC2; .NET CLR 2.0.50727; .NET CLR 3.5.30729; .NET CLR 3.0.30729; Media Center PC 6.0; .NET4.0C)"
20.168.121.199 - - [17/Nov/2017:19:22:40 +0000] "GET /category/books HTTP/1.1" 200 80 "-" "Mozilla/5.0 (Windows NT 6.1; WOW64) AppleWebKit/535.11 (KHTML, like Gecko) Chrome/17.0.963.56 Safari/535.11"
168.195.25.139 - - [17/Nov/2017:19:22:45 +0000] "GET /item/electronics/681 HTTP/1.1" 200 64 "/category/electronics" "Mozilla/5.0 (Macintosh; Intel Mac OS X 10.6; rv:9.0.1) Gecko/20100101 Firefox/9.0.1"
140.69.87.26 - - [17/Nov/2017:19:22:50 +0000] "GET /category/software HTTP/1.1" 200 90 "/category/games" "Mozilla/4.0 (compatible; MSIE 8.0; Windows NT 6.1; WOW64; Trident/4.0; GTB7.2; SLCC2; .NET CLR 2.0.50727; .NET CLR 3.5.30729; .NET CLR 3.0.30729; Media Center PC 6.0; .NET4.0C)"
172.111.229.114 - - [17/Nov/2017:19:22:55 +0000] "GET /category/office HTTP/1.1" 200 46 "/category/jewelry" "Mozilla/5.0 (Windows NT 6.1; WOW64) AppleWebKit/535.7 (KHTML, like Gecko) Chrome/16.0.912.77 Safari/535.7"
92.99.104.37 - - [17/Nov/2017:19:23:00 +0000] "GET /item/networking/3831 HTTP/1.1" 200 85 "/category/networking" "Mozilla/5.0 (Windows NT 6.1; WOW64; rv:10.0.1) Gecko/20100101 Firefox/10.0.1"
228.165.180.112 - - [17/Nov/2017:19:23:05 +0000] "GET /item/electronics/3314 HTTP/1.1" 200 46 "/item/electronics/2805" "Mozilla/5.0 (Windows NT 6.1; WOW64) AppleWebKit/535.7 (KHTML, like Gecko) Chrome/16.0.912.77 Safari/535.7"
92.225.46.39 - - [17/Nov/2017:19:23:10 +0000] "GET /category/books?from=10 HTTP/1.1" 200 99 "/search/?c=Books" "Mozilla/5.0 (Windows NT 6.0) AppleWebKit/535.11 (KHTML, like Gecko) Chrome/17.0.963.56 Safari/535.11"
80.132.181.27 - - [17/Nov/2017:19:23:15 +0000] "GET /category/software HTTP/1.1" 200 109 "/category/software" "Mozilla/5.0 (Windows NT 5.1) AppleWebKit/535.11 (KHTML, like Gecko) Chrome/17.0.963.46 Safari/535.11"
76.93.187.155 - - [17/Nov/2017:19:23:20 +0000] "GET /item/electronics/2104 HTTP/1.1" 200 59 "/search/?c=Electronics" "Mozilla/5.0 (Windows NT 6.1; WOW64) AppleWebKit/535.11 (KHTML, like Gecko) Chrome/17.0.963.56 Safari/535.11"
84.219.194.27 - - [17/Nov/2017:19:23:25 +0000] "POST /search/?c=Software HTTP/1.1" 200 98 "/category/garden?from=20" "Mozilla/5.0 (compatible; MSIE 9.0; Windows NT 6.1; WOW64; Trident/5.0)"
156.81.120.91 - - [17/Nov/2017:19:23:30 +0000] "GET /category/software HTTP/1.1" 200 86 "/category/software" "Mozilla/5.0 (compatible; MSIE 9.0; Windows NT 6.1; Trident/5.0)"
56.180.108.75 - - [17/Nov/2017:19:23:35 +0000] "GET /category/games HTTP/1.1" 200 59 "-" "Mozilla/4.0 (compatible; MSIE 8.0; Windows NT 6.1; WOW64; Trident/4.0; YTB730; GTB7.2; EasyBits GO v1.0; SLCC2; .NET CLR 2.0.50727; .NET CLR 3.5.30729; .NET CLR 3.0.30729; Media Center PC 6.0; .NET4.0C)"
148.57.150.184 - - [17/Nov/2017:19:23:40 +0000] "GET /category/office HTTP/1.1" 200 120 "-" "Mozilla/4.0 (compatible; MSIE 8.0; Windows NT 6.0; WOW64; Trident/4.0; GTB6; SLCC1; .NET CLR 2.0.50727; Media Center PC 5.0; .NET CLR 3.5.30729; .NET CLR 3.0.30618; .NET4.0C)"
68.24.152.91 - - [17/Nov/2017:19:23:45 +0000] "GET /item/software/3371 HTTP/1.1" 200 121 "/item/computers/3259" "Mozilla/4.0 (compatible; MSIE 8.0; Windows NT 5.1; Trident/4.0; BTRS122159; GTB7.2; .NET CLR 1.1.4322; .NET CLR 2.0.50727; .NET CLR 3.0.04506.30; .NET CLR 3.0.4506.2152; .NET CLR 3.5.30729; BRI/2)"
48.219.110.88 - - [17/Nov/2017:19:23:50 +0000] "GET /item/sports/1884 HTTP/1.1" 200 105 "/item/garden/348" "Mozilla/5.0 (iPad; CPU OS 5_0_1 like Mac OS X) AppleWebKit/534.46 (KHTML, like Gecko) Version/5.1 Mobile/9A405 Safari/7534.48.3"
204.186.37.92 - - [17/Nov/2017:19:23:55 +0000] "GET /item/health/3613 HTTP/1.1" 200 90 "/category/jewelry" "Mozilla/5.0 (Macintosh; Intel Mac OS X 10.6; rv:9.0.1) Gecko/20100101 Firefox/9.0.1"
32.81.139.201 - - [17/Nov/2017:19:24:00 +0000] "GET /category/books HTTP/1.1" 200 80 "/item/electronics/4807" "Mozilla/4.0 (compatible; MSIE 8.0; Windows NT 5.1; Trident/4.0; YTB720; GTB7.2; .NET CLR 1.1.4322; .NET CLR 2.0.50727; .NET CLR 3.0.4506.2152; .NET CLR 3.5.30729)"
208.171.196.220 - - [17/Nov/2017:19:24:05 +0000] "GET /item/electronics/3821 HTTP/1.1" 200 75 "/category/software?from=20" "Mozilla/4.0 (compatible; MSIE 8.0; Windows NT 5.1; Trident/4.0; YTB720; GTB7.2; .NET CLR 1.1.4322; .NET CLR 2.0.50727; .NET CLR 3.0.4506.2152; .NET CLR 3.5.30729)"
108.219.222.220 - - [17/Nov/2017:19:24:10 +0000] "GET /item/office/1168 HTTP/1.1" 200 135 "/category/electronics" "Mozilla/5.0 (Macintosh; Intel Mac OS X 10.6; rv:9.0.1) Gecko/20100101 Firefox/9.0.1"
68.183.57.183 - - [17/Nov/2017:19:24:15 +0000] "GET /category/games HTTP/1.1" 200 104 "/category/software" "Mozilla/5.0 (Windows NT 6.1; WOW64) AppleWebKit/535.11 (KHTML, like Gecko) Chrome/17.0.963.56 Safari/535.11"
56.51.48.185 - - [17/Nov/2017:19:24:20 +0000] "GET /item/electronics/106 HTTP/1.1" 200 50 "/category/electronics" "Mozilla/5.0 (compatible; Googlebot/2.1; +http://www.google.com/bot.html)"
192.207.80.72 - - [17/Nov/2017:19:24:25 +0000] "GET /item/office/1686 HTTP/1.1" 200 126 "/category/books" "Mozilla/5.0 (Windows NT 6.0; rv:10.0.1) Gecko/20100101 Firefox/10.0.1"
180.228.190.87 - - [17/Nov/2017:19:24:30 +0000] "GET /category/music HTTP/1.1" 200 138 "/category/software?from=20" "Mozilla/5.0 (Windows NT 5.1) AppleWebKit/535.11 (KHTML, like Gecko) Chrome/17.0.963.46 Safari/535.11"
44.123.149.113 - - [17/Nov/2017:19:24:35 +0000] "GET /category/toys HTTP/1.1" 200 115 "/item/health/4591" "Mozilla/4.0 (compatible; MSIE 8.0; Windows NT 6.0; WOW64; Trident/4.0; GTB6; SLCC1; .NET CLR 2.0.50727; Media Center PC 5.0; .NET CLR 3.5.30729; .NET CLR 3.0.30618; .NET4.0C)"
60.30.169.122 - - [17/Nov/2017:19:24:40 +0000] "GET /item/electronics/3882 HTTP/1.1" 200 94 "-" "Mozilla/4.0 (compatible; MSIE 8.0; Windows NT 6.1; WOW64; Trident/4.0; YTB730; GTB7.2; EasyBits GO v1.0; SLCC2; .NET CLR 2.0.50727; .NET CLR 3.5.30729; .NET CLR 3.0.30729; Media Center PC 6.0; .NET4.0C)"
156.111.173.188 - - [17/Nov/2017:19:24:45 +0000] "GET /item/electronics/1466 HTTP/1.1" 200 67 "/search/?c=Electronics+Books" "Mozilla/5.0 (Windows NT 6.0) AppleWebKit/535.11 (KHTML, like Gecko) Chrome/17.0.963.56 Safari/535.11"
80.63.29.149 - - [17/Nov/2017:19:24:50 +0000] "GET /category/computers HTTP/1.1" 200 103 "/item/electronics/3377" "Mozilla/4.0 (compatible; MSIE 8.0; Windows NT 6.1; Trident/4.0; YTB730; SLCC2; .NET CLR 2.0.50727; .NET CLR 3.5.30729; .NET CLR 3.0.30729; Media Center PC 6.0; .NET4.0C)"
32.78.107.79 - - [17/Nov/2017:19:24:55 +0000] "POST /search/?c=Books HTTP/1.1" 200 127 "-" "Mozilla/5.0 (Windows NT 6.1; WOW64) AppleWebKit/535.7 (KHTML, like Gecko) Chrome/16.0.912.77 Safari/535.7"
36.192.196.184 - - [17/Nov/2017:19:25:00 +0000] "GET /item/electronics/2049 HTTP/1.1" 200 101 "/item/software/1271" "Mozilla/5.0 (Windows NT 6.0; rv:10.0.1) Gecko/20100101 Firefox/10.0.1"
148.189.181.127 - - [17/Nov/2017:19:25:05 +0000] "GET /category/toys HTTP/1.1" 200 57 "-" "Mozilla/5.0 (compatible; MSIE 9.0; Windows NT 6.1; WOW64; Trident/5.0)"
44.51.178.212 - - [17/Nov/2017:19:25:10 +0000] "GET /category/books?from=20 HTTP/1.1" 200 121 "/category/office?from=0" "Mozilla/5.0 (Macintosh; Intel Mac OS X 10.6; rv:9.0.1) Gecko/20100101 Firefox/9.0.1"
168.60.226.215 - - [17/Nov/2017:19:25:15 +0000] "GET /category/electronics HTTP/1.1" 200 91 "/search/?c=Games+Office" "Mozilla/4.0 (compatible; MSIE 8.0; Windows NT 6.1; Trident/4.0; YTB730; SLCC2; .NET CLR 2.0.50727; .NET CLR 3.5.30729; .NET CLR 3.0.30729; Media Center PC 6.0; .NET4.0C)"
68.192.196.217 - - [17/Nov/2017:19:25:20 +0000] "GET /category/games HTTP/1.1" 200 71 "/category/music" "Mozilla/5.0 (Windows NT 6.1; WOW64) AppleWebKit/535.11 (KHTML, like Gecko) Chrome/17.0.963.56 Safari/535.11"
52.132.50.197 - - [17/Nov/2017:19:25:25 +0000] "POST /search/?c=Books+Health HTTP/1.1" 200 114 "/category/office?from=10" "Mozilla/4.0 (compatible; MSIE 8.0; Windows NT 6.1; WOW64; Trident/4.0; YTB730; GTB7.2; SLCC2; .NET CLR 2.0.50727; .NET CLR 3.5.30729; .NET CLR 3.0.30729; .NET4.0C; .NET4.0E; Media Center PC 6.0)"
164.120.163.97 - - [17/Nov/2017:19:25:30 +0000] "GET /item/giftcards/3275 HTTP/1.1" 200 95 "/category/software" "Mozilla/5.0 (Windows NT 6.0; rv:10.0.1) Gecko/20100101 Firefox/10.0.1"
216.111.181.162 - - [17/Nov/2017:19:25:35 +0000] "GET /category/electronics?from=20 HTTP/1.1" 200 48 "/search/?c=Electronics+Software" "Mozilla/5.0 (compatible; MSIE 9.0; Windows NT 6.1; WOW64; Trident/5.0)"
192.24.229.108 - - [17/Nov/2017:19:25:40 +0000] "GET /item/books/570 HTTP/1.1" 200 92 "/category/games" "Mozilla/4.0 (compatible; MSIE 8.0; Windows NT 6.1; Trident/4.0; YTB730; SLCC2; .NET CLR 2.0.50727; .NET CLR 3.5.30729; .NET CLR 3.0.30729; Media Center PC 6.0; .NET4.0C)"
68.33.56.24 - - [17/Nov/2017:19:25:45 +0000] "POST /search/?c=Garden+Office HTTP/1.1" 200 100 "-" "Mozilla/5.0 (Windows NT 6.1; WOW64) AppleWebKit/535.11 (KHTML, like Gecko) Chrome/17.0.963.56 Safari/535.11"
212.174.138.139 - - [17/Nov/2017:19:25:50 +0000] "POST /search/?c=Electronics+Garden HTTP/1.1" 200 104 "-" "Mozilla/5.0 (Windows NT 6.0) AppleWebKit/535.11 (KHTML, like Gecko) Chrome/17.0.963.56 Safari/535.11"
176.177.94.159 - - [17/Nov/2017:19:25:55 +0000] "GET /category/health HTTP/1.1" 200 119 "http://www.google.com/search?ie=UTF-8&q=google&sclient=psy-ab&q=Health&oq=Health&aq=f&aqi=g-vL1&aql=&pbx=1&bav=on.2,or.r_gc.r_pw.r_qf.,cf.osb&biw=4270&bih=227" "Mozilla/5.0 (Windows NT 5.1) AppleWebKit/535.11 (KHTML, like Gecko) Chrome/17.0.963.46 Safari/535.11"
216.219.89.75 - - [17/Nov/2017:19:26:00 +0000] "GET /item/electronics/4030 HTTP/1.1" 200 111 "/item/games/3284" "Mozilla/4.0 (compatible; MSIE 8.0; Windows NT 6.0; WOW64; Trident/4.0; GTB6; SLCC1; .NET CLR 2.0.50727; Media Center PC 5.0; .NET CLR 3.5.30729; .NET CLR 3.0.30618; .NET4.0C)"
84.207.145.22 - - [17/Nov/2017:19:26:05 +0000] "GET /item/games/3272 HTTP/1.1" 200 79 "/category/electronics" "Mozilla/5.0 (Windows NT 6.1; WOW64) AppleWebKit/535.11 (KHTML, like Gecko) Chrome/17.0.963.56 Safari/535.11"
188.21.107.76 - - [17/Nov/2017:19:26:10 +0000] "GET /category/electronics HTTP/1.1" 200 113 "-" "Mozilla/5.0 (compatible; Googlebot/2.1; +http://www.google.com/bot.html)"
212.174.139.73 - - [17/Nov/2017:19:26:15 +0000] "GET /category/software?from=20 HTTP/1.1" 200 64 "-" "Mozilla/4.0 (compatible; MSIE 8.0; Windows NT 5.1; Trident/4.0; BTRS122159; GTB7.2; .NET CLR 1.1.4322; .NET CLR 2.0.50727; .NET CLR 3.0.04506.30; .NET CLR 3.0.4506.2152; .NET CLR 3.5.30729; BRI/2)"
104.156.80.128 - - [17/Nov/2017:19:26:20 +0000] "POST /search/?c=Networking HTTP/1.1" 200 66 "-" "Mozilla/5.0 (compatible; MSIE 9.0; Windows NT 6.1; Trident/5.0)"
164.63.57.53 - - [17/Nov/2017:19:26:25 +0000] "GET /category/electronics?from=20 HTTP/1.1" 200 48 "/search/?c=Electronics+Software" "Mozilla/5.0 (Windows NT 6.1; WOW64; rv:10.0.1) Gecko/20100101 Firefox/10.0.1"
136.165.204.44 - - [17/Nov/2017:19:26:30 +0000] "GET /item/electronics/705 HTTP/1.1" 200 92 "http://www.google.com/search?ie=UTF-8&q=google&sclient=psy-ab&q=Electronics+Electronics&oq=Electronics+Electronics&aq=f&aqi=g-vL1&aql=&pbx=1&bav=on.2,or.r_gc.r_pw.r_qf.,cf.osb&biw=4226&bih=280" "Mozilla/5.0 (Windows NT 6.0; rv:10.0.1) Gecko/20100101 Firefox/10.0.1"
164.165.47.101 - - [17/Nov/2017:19:26:35 +0000] "GET /item/sports/2911 HTTP/1.1" 200 130 "/search/?c=Sports+Electronics" "Mozilla/5.0 (iPhone; CPU iPhone OS 5_0_1 like Mac OS X) AppleWebKit/534.46 (KHTML, like Gecko) Version/5.1 Mobile/9A405 Safari/7534.48.3"
192.51.157.22 - - [17/Nov/2017:19:26:40 +0000] "GET /item/books/237 HTTP/1.1" 200 95 "/category/software" "Mozilla/5.0 (compatible; Googlebot/2.1; +http://www.google.com/bot.html)"
32.156.124.60 - - [17/Nov/2017:19:26:45 +0000] "POST /search/?c=Giftcards HTTP/1.1" 200 116 "/category/office" "Mozilla/5.0 (Windows NT 6.1; WOW64; rv:10.0.1) Gecko/20100101 Firefox/10.0.1"
48.183.212.212 - - [17/Nov/2017:19:26:50 +0000] "GET /category/games HTTP/1.1" 200 111 "/item/finance/2915" "Mozilla/4.0 (compatible; MSIE 8.0; Windows NT 6.0; WOW64; Trident/4.0; GTB6; SLCC1; .NET CLR 2.0.50727; Media Center PC 5.0; .NET CLR 3.5.30729; .NET CLR 3.0.30618; .NET4.0C)"
52.219.45.68 - - [17/Nov/2017:19:26:55 +0000] "POST /search/?c=Cameras HTTP/1.1" 200 132 "/category/software" "Mozilla/4.0 (compatible; MSIE 8.0; Windows NT 6.1; WOW64; Trident/4.0; YTB730; GTB7.2; SLCC2; .NET CLR 2.0.50727; .NET CLR 3.5.30729; .NET CLR 3.0.30729; .NET4.0C; .NET4.0E; Media Center PC 6.0)"
220.189.195.98 - - [17/Nov/2017:19:27:00 +0000] "GET /category/computers HTTP/1.1" 200 113 "-" "Mozilla/5.0 (compatible; Googlebot/2.1; +http://www.google.com/bot.html)"
80.69.198.127 - - [17/Nov/2017:19:27:05 +0000] "GET /item/computers/1158 HTTP/1.1" 200 122 "/search/?c=Computers+Books" "Mozilla/4.0 (compatible; MSIE 8.0; Windows NT 6.1; WOW64; Trident/4.0; YTB730; GTB7.2; EasyBits GO v1.0; SLCC2; .NET CLR 2.0.50727; .NET CLR 3.5.30729; .NET CLR 3.0.30729; Media Center PC 6.0; .NET4.0C)"
148.108.60.129 - - [17/Nov/2017:19:27:10 +0000] "GET /category/giftcards HTTP/1.1" 200 83 "-" "Mozilla/5.0 (Windows NT 6.0; rv:10.0.1) Gecko/20100101 Firefox/10.0.1"
128.90.218.42 - - [17/Nov/2017:19:27:15 +0000] "GET /item/games/3420 HTTP/1.1" 200 120 "-" "Mozilla/5.0 (compatible; Googlebot/2.1; +http://www.google.com/bot.html)"
44.159.148.20 - - [17/Nov/2017:19:27:20 +0000] "GET /item/cameras/3320 HTTP/1.1" 200 109 "http://www.google.com/search?ie=UTF-8&q=google&sclient=psy-ab&q=Cameras+Books&oq=Cameras+Books&aq=f&aqi=g-vL1&aql=&pbx=1&bav=on.2,or.r_gc.r_pw.r_qf.,cf.osb&biw=4449&bih=244" "Mozilla/5.0 (Macintosh; Intel Mac OS X 10.6; rv:9.0.1) Gecko/20100101 Firefox/9.0.1"
144.99.170.128 - - [17/Nov/2017:19:27:25 +0000] "GET /category/software HTTP/1.1" 200 66 "-" "Mozilla/5.0 (iPad; CPU OS 5_0_1 like Mac OS X) AppleWebKit/534.46 (KHTML, like Gecko) Version/5.1 Mobile/9A405 Safari/7534.48.3"
56.36.38.124 - - [17/Nov/2017:19:27:30 +0000] "GET /category/jewelry HTTP/1.1" 200 76 "/item/games/3422" "Mozilla/5.0 (Windows NT 5.1) AppleWebKit/535.11 (KHTML, like Gecko) Chrome/17.0.963.46 Safari/535.11"
96.105.101.123 - - [17/Nov/2017:19:27:35 +0000] "GET /category/books HTTP/1.1" 200 88 "-" "Mozilla/5.0 (Windows NT 5.1) AppleWebKit/535.11 (KHTML, like Gecko) Chrome/17.0.963.46 Safari/535.11"
44.132.127.218 - - [17/Nov/2017:19:27:40 +0000] "GET /category/cameras HTTP/1.1" 200 77 "http://www.google.com/search?ie=UTF-8&q=google&sclient=psy-ab&q=Cameras&oq=Cameras&aq=f&aqi=g-vL1&aql=&pbx=1&bav=on.2,or.r_gc.r_pw.r_qf.,cf.osb&biw=4713&bih=385" "Mozilla/5.0 (compatible; MSIE 9.0; Windows NT 6.1; WOW64; Trident/5.0)"
104.45.160.209 - - [17/Nov/2017:19:27:45 +0000] "GET /category/electronics HTTP/1.1" 200 61 "/category/computers" "Mozilla/5.0 (compatible; MSIE 9.0; Windows NT 6.1; WOW64; Trident/5.0)"
164.126.158.215 - - [17/Nov/2017:19:27:50 +0000] "POST /search/?c=Office+Electronics HTTP/1.1" 200 82 "/category/electronics" "Mozilla/4.0 (compatible; MSIE 8.0; Windows NT 6.1; WOW64; Trident/4.0; GTB7.2; SLCC2; .NET CLR 2.0.50727; .NET CLR 3.5.30729; .NET CLR 3.0.30729; Media Center PC 6.0; .NET4.0C)"
60.147.125.150 - - [17/Nov/2017:19:27:55 +0000] "POST /search/?c=Health HTTP/1.1" 200 102 "-" "Mozilla/5.0 (compatible; MSIE 9.0; Windows NT 6.1; Trident/5.0)"
132.132.109.164 - - [17/Nov/2017:19:28:00 +0000] "GET /category/electronics HTTP/1.1" 200 138 "-" "Mozilla/5.0 (Windows NT 6.1; WOW64) AppleWebKit/535.11 (KHTML, like Gecko) Chrome/17.0.963.56 Safari/535.11"
124.99.44.123 - - [17/Nov/2017:19:28:05 +0000] "GET /category/games HTTP/1.1" 200 89 "-" "Mozilla/5.0 (compatible; MSIE 9.0; Windows NT 6.1; Trident/5.0)"
120.189.102.122 - - [17/Nov/2017:19:28:10 +0000] "GET /category/software HTTP/1.1" 200 82 "-" "Mozilla/4.0 (compatible; MSIE 8.0; Windows NT 6.1; WOW64; Trident/4.0; GTB7.2; SLCC2; .NET CLR 2.0.50727; .NET CLR 3.5.30729; .NET CLR 3.0.30729; Media Center PC 6.0; .NET4.0C)"
100.21.56.172 - - [17/Nov/2017:19:28:15 +0000] "GET /category/cameras?from=20 HTTP/1.1" 200 99 "/search/?c=Cameras" "Mozilla/5.0 (compatible; MSIE 9.0; Windows NT 6.1; WOW64; Trident/5.0)"
168.210.175.118 - - [17/Nov/2017:19:28:20 +0000] "GET /category/electronics HTTP/1.1" 200 50 "-" "Mozilla/5.0 (compatible; MSIE 9.0; Windows NT 6.1; WOW64; Trident/5.0)"
116.60.31.130 - - [17/Nov/2017:19:28:25 +0000] "GET /item/software/1046 HTTP/1.1" 200 90 "/item/electronics/2868" "Mozilla/5.0 (Windows NT 6.0; rv:10.0.1) Gecko/20100101 Firefox/10.0.1"
56.222.168.46 - - [17/Nov/2017:19:28:30 +0000] "GET /category/books HTTP/1.1" 200 80 "-" "Mozilla/5.0 (Windows NT 6.1; WOW64) AppleWebKit/535.11 (KHTML, like Gecko) Chrome/17.0.963.56 Safari/535.11"
44.132.181.113 - - [17/Nov/2017:19:28:35 +0000] "GET /item/software/992 HTTP/1.1" 200 113 "/category/games" "Mozilla/5.0 (Windows NT 6.0; rv:10.0.1) Gecko/20100101 Firefox/10.0.1"
144.72.194.63 - - [17/Nov/2017:19:28:40 +0000] "GET /category/games HTTP/1.1" 200 97 "-" "Mozilla/5.0 (Windows NT 6.1; WOW64; rv:10.0.1) Gecko/20100101 Firefox/10.0.1"
148.78.49.128 - - [17/Nov/2017:19:28:45 +0000] "GET /category/sports?from=20 HTTP/1.1" 200 98 "/search/?c=Sports+Sports" "Mozilla/5.0 (Windows NT 6.1; WOW64) AppleWebKit/535.11 (KHTML, like Gecko) Chrome/17.0.963.56 Safari/535.11"
152.102.198.201 - - [17/Nov/2017:19:28:50 +0000] "GET /category/books?from=0 HTTP/1.1" 200 56 "/category/books" "Mozilla/5.0 (Macintosh; Intel Mac OS X 10.6; rv:9.0.1) Gecko/20100101 Firefox/9.0.1"
116.198.83.162 - - [17/Nov/2017:19:28:55 +0000] "GET /category/toys HTTP/1.1" 200 126 "-" "Mozilla/5.0 (Windows NT 6.1; WOW64; rv:10.0.1) Gecko/20100101 Firefox/10.0.1"
68.72.35.74 - - [17/Nov/2017:19:29:00 +0000] "GET /category/office HTTP/1.1" 200 86 "/category/office" "Mozilla/4.0 (compatible; MSIE 8.0; Windows NT 6.1; Trident/4.0; YTB730; SLCC2; .NET CLR 2.0.50727; .NET CLR 3.5.30729; .NET CLR 3.0.30729; Media Center PC 6.0; .NET4.0C)"
192.168.159.47 - - [17/Nov/2017:19:29:05 +0000] "GET /item/electronics/1911 HTTP/1.1" 200 122 "-" "Mozilla/5.0 (Macintosh; Intel Mac OS X 10.6; rv:9.0.1) Gecko/20100101 Firefox/9.0.1"
40.123.201.66 - - [17/Nov/2017:19:29:10 +0000] "GET /item/games/2827 HTTP/1.1" 200 113 "/category/toys" "Mozilla/5.0 (Windows NT 6.0) AppleWebKit/535.11 (KHTML, like Gecko) Chrome/17.0.963.56 Safari/535.11"
124.42.157.72 - - [17/Nov/2017:19:29:15 +0000] "GET /item/finance/1207 HTTP/1.1" 200 57 "/search/?c=Cameras" "Mozilla/5.0 (compatible; MSIE 9.0; Windows NT 6.1; Trident/5.0)"
216.48.29.169 - - [17/Nov/2017:19:29:20 +0000] "GET /category/electronics HTTP/1.1" 200 78 "/category/games" "Mozilla/4.0 (compatible; MSIE 8.0; Windows NT 6.1; Trident/4.0; YTB730; SLCC2; .NET CLR 2.0.50727; .NET CLR 3.5.30729; .NET CLR 3.0.30729; Media Center PC 6.0; .NET4.0C)"
68.183.57.183 - - [17/Nov/2017:19:29:25 +0000] "GET /category/electronics HTTP/1.1" 200 90 "/item/books/757" "Mozilla/5.0 (Windows NT 6.1; WOW64) AppleWebKit/535.11 (KHTML, like Gecko) Chrome/17.0.963.56 Safari/535.11"
48.63.222.76 - - [17/Nov/2017:19:29:30 +0000] "GET /category/electronics HTTP/1.1" 200 101 "/search/?c=Software" "Mozilla/4.0 (compatible; MSIE 8.0; Windows NT 6.1; Trident/4.0; YTB730; SLCC2; .NET CLR 2.0.50727; .NET CLR 3.5.30729; .NET CLR 3.0.30729; Media Center PC 6.0; .NET4.0C)"
116.99.75.204 - - [17/Nov/2017:19:29:35 +0000] "GET /item/music/4221 HTTP/1.1" 200 94 "http://www.google.com/search?ie=UTF-8&q=google&sclient=psy-ab&q=Music&oq=Music&aq=f&aqi=g-vL1&aql=&pbx=1&bav=on.2,or.r_gc.r_pw.r_qf.,cf.osb&biw=3714&bih=9" "Mozilla/5.0 (Windows NT 6.1; WOW64) AppleWebKit/535.7 (KHTML, like Gecko) Chrome/16.0.912.77 Safari/535.7"
88.228.128.46 - - [17/Nov/2017:19:29:40 +0000] "GET /item/software/1876 HTTP/1.1" 200 42 "/category/electronics" "Mozilla/5.0 (compatible; MSIE 9.0; Windows NT 6.1; WOW64; Trident/5.0)"
28.27.177.180 - - [17/Nov/2017:19:29:45 +0000] "GET /category/cameras?from=10 HTTP/1.1" 200 72 "/category/electronics" "Mozilla/5.0 (compatible; MSIE 9.0; Windows NT 6.1; WOW64; Trident/5.0)"
84.30.118.31 - - [17/Nov/2017:19:29:50 +0000] "GET /category/jewelry HTTP/1.1" 200 107 "/category/software" "Mozilla/5.0 (Macintosh; Intel Mac OS X 10.6; rv:9.0.1) Gecko/20100101 Firefox/9.0.1"
188.69.32.39 - - [17/Nov/2017:19:29:55 +0000] "GET /category/health HTTP/1.1" 200 59 "/category/sports?from=10" "Mozilla/5.0 (compatible; MSIE 9.0; Windows NT 6.1; WOW64; Trident/5.0)"
68.117.130.229 - - [17/Nov/2017:19:30:00 +0000] "GET /category/toys HTTP/1.1" 200 132 "/category/software?from=0" "Mozilla/5.0 (compatible; MSIE 9.0; Windows NT 6.1; WOW64; Trident/5.0)"
80.21.83.68 - - [17/Nov/2017:19:30:05 +0000] "GET /category/electronics HTTP/1.1" 200 82 "-" "Mozilla/4.0 (compatible; MSIE 8.0; Windows NT 6.1; WOW64; Trident/4.0; YTB730; GTB7.2; EasyBits GO v1.0; SLCC2; .NET CLR 2.0.50727; .NET CLR 3.5.30729; .NET CLR 3.0.30729; Media Center PC 6.0; .NET4.0C)"
28.117.160.187 - - [17/Nov/2017:19:30:10 +0000] "GET /category/health HTTP/1.1" 200 103 "/category/giftcards" "Mozilla/5.0 (Windows NT 6.1; WOW64; rv:10.0.1) Gecko/20100101 Firefox/10.0.1"
216.132.160.25 - - [17/Nov/2017:19:30:15 +0000] "GET /category/electronics HTTP/1.1" 200 138 "-" "Mozilla/5.0 (compatible; Googlebot/2.1; +http://www.google.com/bot.html)"
20.45.119.184 - - [17/Nov/2017:19:30:20 +0000] "GET /item/electronics/695 HTTP/1.1" 200 125 "/item/giftcards/4032" "Mozilla/4.0 (compatible; MSIE 8.0; Windows NT 6.1; WOW64; Trident/4.0; YTB730; GTB7.2; EasyBits GO v1.0; SLCC2; .NET CLR 2.0.50727; .NET CLR 3.5.30729; .NET CLR 3.0.30729; Media Center PC 6.0; .NET4.0C)"
24.90.183.170 - - [17/Nov/2017:19:30:25 +0000] "GET /item/office/512 HTTP/1.1" 200 41 "/category/games" "Mozilla/5.0 (Windows NT 6.1; WOW64) AppleWebKit/535.11 (KHTML, like Gecko) Chrome/17.0.963.56 Safari/535.11"
168.183.144.126 - - [17/Nov/2017:19:30:30 +0000] "GET /category/computers?from=20 HTTP/1.1" 200 52 "/category/books" "Mozilla/5.0 (compatible; Googlebot/2.1; +http://www.google.com/bot.html)"
172.186.101.199 - - [17/Nov/2017:19:30:35 +0000] "GET /category/networking HTTP/1.1" 200 82 "http://www.google.com/search?ie=UTF-8&q=google&sclient=psy-ab&q=Networking&oq=Networking&aq=f&aqi=g-vL1&aql=&pbx=1&bav=on.2,or.r_gc.r_pw.r_qf.,cf.osb&biw=1145&bih=279" "Mozilla/5.0 (iPad; CPU OS 5_0_1 like Mac OS X) AppleWebKit/534.46 (KHTML, like Gecko) Version/5.1 Mobile/9A405 Safari/7534.48.3"
32.171.95.119 - - [17/Nov/2017:19:30:40 +0000] "GET /category/computers HTTP/1.1" 200 77 "/item/electronics/3821" "Mozilla/5.0 (Windows NT 6.0; rv:10.0.1) Gecko/20100101 Firefox/10.0.1"
56.222.85.33 - - [17/Nov/2017:19:30:45 +0000] "GET /category/electronics HTTP/1.1" 200 72 "-" "Mozilla/5.0 (Macintosh; Intel Mac OS X 10.6; rv:9.0.1) Gecko/20100101 Firefox/9.0.1"
128.87.206.114 - - [17/Nov/2017:19:30:50 +0000] "GET /category/networking?from=10 HTTP/1.1" 200 59 "-" "Mozilla/5.0 (Windows NT 6.0; rv:10.0.1) Gecko/20100101 Firefox/10.0.1"
148.219.89.124 - - [17/Nov/2017:19:30:55 +0000] "GET /category/computers HTTP/1.1" 200 131 "/search/?c=Software+Networking" "Mozilla/5.0 (Windows NT 5.1) AppleWebKit/535.11 (KHTML, like Gecko) Chrome/17.0.963.46 Safari/535.11"
180.228.190.87 - - [17/Nov/2017:19:31:00 +0000] "GET /item/electronics/3529 HTTP/1.1" 404 122 "/item/software/992" "Mozilla/4.0 (compatible; MSIE 8.0; Windows NT 5.1; Trident/4.0; BTRS122159; GTB7.2; .NET CLR 1.1.4322; .NET CLR 2.0.50727; .NET CLR 3.0.04506.30; .NET CLR 3.0.4506.2152; .NET CLR 3.5.30729; BRI/2)"
180.36.176.29 - - [17/Nov/2017:19:31:05 +0000] "GET /category/games HTTP/1.1" 200 69 "-" "Mozilla/5.0 (Windows NT 6.0) AppleWebKit/535.11 (KHTML, like Gecko) Chrome/17.0.963.56 Safari/535.11"
28.150.146.21 - - [17/Nov/2017:19:31:10 +0000] "GET /category/software HTTP/1.1" 200 134 "http://www.google.com/search?ie=UTF-8&q=google&sclient=psy-ab&q=Software+Toys&oq=Software+Toys&aq=f&aqi=g-vL1&aql=&pbx=1&bav=on.2,or.r_gc.r_pw.r_qf.,cf.osb&biw=1862&bih=445" "Mozilla/5.0 (Windows NT 6.1; WOW64; rv:10.0.1) Gecko/20100101 Firefox/10.0.1"
44.39.69.128 - - [17/Nov/2017:19:31:15 +0000] "GET /category/software HTTP/1.1" 200 66 "/item/electronics/1195" "Mozilla/5.0 (Windows NT 6.1; WOW64) AppleWebKit/535.7 (KHTML, like Gecko) Chrome/16.0.912.77 Safari/535.7"
152.66.214.200 - - [17/Nov/2017:19:31:20 +0000] "GET /category/electronics HTTP/1.1" 200 114 "/category/software" "Mozilla/5.0 (Windows NT 6.1; WOW64; rv:10.0.1) Gecko/20100101 Firefox/10.0.1"
52.216.117.160 - - [17/Nov/2017:19:31:25 +0000] "GET /category/sports HTTP/1.1" 200 118 "-" "Mozilla/5.0 (Windows NT 5.1) AppleWebKit/535.11 (KHTML, like Gecko) Chrome/17.0.963.46 Safari/535.11"
164.198.33.36 - - [17/Nov/2017:19:31:30 +0000] "GET /category/garden HTTP/1.1" 200 77 "/category/cameras" "Mozilla/5.0 (Macintosh; Intel Mac OS X 10.6; rv:9.0.1) Gecko/20100101 Firefox/9.0.1"
148.180.67.120 - - [17/Nov/2017:19:31:35 +0000] "GET /category/games HTTP/1.1" 200 59 "-" "Mozilla/4.0 (compatible; MSIE 8.0; Windows NT 5.1; Trident/4.0; BTRS122159; GTB7.2; .NET CLR 1.1.4322; .NET CLR 2.0.50727; .NET CLR 3.0.04506.30; .NET CLR 3.0.4506.2152; .NET CLR 3.5.30729; BRI/2)"
164.78.138.100 - - [17/Nov/2017:19:31:40 +0000] "POST /search/?c=Garden HTTP/1.1" 200 120 "-" "Mozilla/5.0 (Windows NT 6.1; WOW64; rv:10.0.1) Gecko/20100101 Firefox/10.0.1"
188.111.114.167 - - [17/Nov/2017:19:31:45 +0000] "GET /category/garden HTTP/1.1" 200 97 "-" "Mozilla/4.0 (compatible; MSIE 8.0; Windows NT 6.1; WOW64; Trident/4.0; YTB730; GTB7.2; EasyBits GO v1.0; SLCC2; .NET CLR 2.0.50727; .NET CLR 3.5.30729; .NET CLR 3.0.30729; Media Center PC 6.0; .NET4.0C)"
64.189.132.112 - - [17/Nov/2017:19:31:50 +0000] "GET /category/electronics HTTP/1.1" 200 101 "-" "Mozilla/4.0 (compatible; MSIE 8.0; Windows NT 6.1; WOW64; Trident/4.0; YTB730; GTB7.2; EasyBits GO v1.0; SLCC2; .NET CLR 2.0.50727; .NET CLR 3.5.30729; .NET CLR 3.0.30729; Media Center PC 6.0; .NET4.0C)"
152.66.214.200 - - [17/Nov/2017:19:31:55 +0000] "GET /category/software HTTP/1.1" 200 114 "-" "Mozilla/5.0 (Windows NT 6.1; WOW64; rv:10.0.1) Gecko/20100101 Firefox/10.0.1"
152.174.211.73 - - [17/Nov/2017:19:32:00 +0000] "GET /item/books/335 HTTP/1.1" 200 49 "/category/office" "Mozilla/5.0 (iPhone; CPU iPhone OS 5_0_1 like Mac OS X) AppleWebKit/534.46 (KHTML, like Gecko) Version/5.1 Mobile/9A405 Safari/7534.48.3"
156.105.121.202 - - [17/Nov/2017:19:32:05 +0000] "GET /item/electronics/4025 HTTP/1.1" 200 124 "-" "Mozilla/5.0 (Macintosh; Intel Mac OS X 10.6; rv:9.0.1) Gecko/20100101 Firefox/9.0.1"
80.189.195.176 - - [17/Nov/2017:19:32:10 +0000] "GET /category/electronics HTTP/1.1" 200 62 "-" "Mozilla/5.0 (Windows NT 6.1; WOW64) AppleWebKit/535.11 (KHTML, like Gecko) Chrome/17.0.963.56 Safari/535.11"
112.159.38.190 - - [17/Nov/2017:19:32:15 +0000] "GET /item/electronics/950 HTTP/1.1" 200 92 "/category/books" "Mozilla/5.0 (Windows NT 5.1) AppleWebKit/535.11 (KHTML, like Gecko) Chrome/17.0.963.46 Safari/535.11"
200.207.132.97 - - [17/Nov/2017:19:32:20 +0000] "GET /category/software HTTP/1.1" 200 50 "/item/giftcards/3907" "Mozilla/5.0 (Macintosh; Intel Mac OS X 10.6; rv:9.0.1) Gecko/20100101 Firefox/9.0.1"
228.81.180.20 - - [17/Nov/2017:19:32:25 +0000] "GET /category/games HTTP/1.1" 200 114 "-" "Mozilla/5.0 (Windows NT 6.0; rv:10.0.1) Gecko/20100101 Firefox/10.0.1"
200.78.216.173 - - [17/Nov/2017:19:32:30 +0000] "GET /category/books?from=10 HTTP/1.1" 200 97 "/search/?c=Sports+Giftcards" "Mozilla/4.0 (compatible; MSIE 8.0; Windows NT 6.0; WOW64; Trident/4.0; GTB6; SLCC1; .NET CLR 2.0.50727; Media Center PC 5.0; .NET CLR 3.5.30729; .NET CLR 3.0.30618; .NET4.0C)"
164.213.39.153 - - [17/Nov/2017:19:32:35 +0000] "GET /item/electronics/3574 HTTP/1.1" 200 77 "/search/?c=Electronics" "Mozilla/4.0 (compatible; MSIE 8.0; Windows NT 5.1; Trident/4.0; YTB720; GTB7.2; .NET CLR 1.1.4322; .NET CLR 2.0.50727; .NET CLR 3.0.4506.2152; .NET CLR 3.5.30729)"
76.216.93.173 - - [17/Nov/2017:19:32:40 +0000] "GET /category/health HTTP/1.1" 200 100 "-" "Mozilla/4.0 (compatible; MSIE 8.0; Windows NT 6.1; WOW64; Trident/4.0; YTB730; GTB7.2; SLCC2; .NET CLR 2.0.50727; .NET CLR 3.5.30729; .NET CLR 3.0.30729; .NET4.0C; .NET4.0E; Media Center PC 6.0)"
92.99.34.90 - - [17/Nov/2017:19:32:45 +0000] "GET /category/networking?from=20 HTTP/1.1" 200 133 "/item/books/2829" "Mozilla/4.0 (compatible; MSIE 8.0; Windows NT 6.1; WOW64; Trident/4.0; GTB7.2; SLCC2; .NET CLR 2.0.50727; .NET CLR 3.5.30729; .NET CLR 3.0.30729; Media Center PC 6.0; .NET4.0C)"
120.216.45.120 - - [17/Nov/2017:19:32:50 +0000] "GET /category/electronics HTTP/1.1" 200 48 "-" "Mozilla/4.0 (compatible; MSIE 8.0; Windows NT 6.1; WOW64; Trident/4.0; YTB730; GTB7.2; SLCC2; .NET CLR 2.0.50727; .NET CLR 3.5.30729; .NET CLR 3.0.30729; .NET4.0C; .NET4.0E; Media Center PC 6.0)"
52.93.144.151 - - [17/Nov/2017:19:32:55 +0000] "GET /category/software HTTP/1.1" 200 98 "/category/music" "Mozilla/4.0 (compatible; MSIE 8.0; Windows NT 6.0; WOW64; Trident/4.0; GTB6; SLCC1; .NET CLR 2.0.50727; Media Center PC 5.0; .NET CLR 3.5.30729; .NET CLR 3.0.30618; .NET4.0C)"
148.213.116.158 - - [17/Nov/2017:19:33:00 +0000] "GET /item/cameras/590 HTTP/1.1" 200 133 "/item/jewelry/2821" "Mozilla/5.0 (iPhone; CPU iPhone OS 5_0_1 like Mac OS X) AppleWebKit/534.46 (KHTML, like Gecko) Version/5.1 Mobile/9A405 Safari/7534.48.3"
192.168.159.47 - - [17/Nov/2017:19:33:05 +0000] "GET /item/health/961 HTTP/1.1" 200 102 "/category/health" "Mozilla/4.0 (compatible; MSIE 8.0; Windows NT 6.1; WOW64; Trident/4.0; GTB7.2; SLCC2; .NET CLR 2.0.50727; .NET CLR 3.5.30729; .NET CLR 3.0.30729; Media Center PC 6.0; .NET4.0C)"
100.150.67.191 - - [17/Nov/2017:19:33:10 +0000] "GET /item/garden/4383 HTTP/1.1" 200 95 "/category/software" "Mozilla/5.0 (Windows NT 6.0; rv:10.0.1) Gecko/20100101 Firefox/10.0.1"
92.144.202.140 - - [17/Nov/2017:19:33:15 +0000] "GET /item/books/1573 HTTP/1.1" 200 72 "-" "Mozilla/5.0 (Windows NT 6.0) AppleWebKit/535.11 (KHTML, like Gecko) Chrome/17.0.963.56 Safari/535.11"
156.93.179.59 - - [17/Nov/2017:19:33:20 +0000] "GET /item/giftcards/1901 HTTP/1.1" 200 63 "/item/books/4818" "Mozilla/5.0 (Windows NT 6.0; rv:10.0.1) Gecko/20100101 Firefox/10.0.1"
216.159.84.36 - - [17/Nov/2017:19:33:25 +0000] "GET /item/books/237 HTTP/1.1" 200 95 "/search/?c=Books" "Mozilla/4.0 (compatible; MSIE 8.0; Windows NT 6.1; WOW64; Trident/4.0; YTB730; GTB7.2; SLCC2; .NET CLR 2.0.50727; .NET CLR 3.5.30729; .NET CLR 3.0.30729; .NET4.0C; .NET4.0E; Media Center PC 6.0)"
172.225.223.37 - - [17/Nov/2017:19:33:30 +0000] "GET /item/software/71 HTTP/1.1" 200 116 "-" "Mozilla/4.0 (compatible; MSIE 8.0; Windows NT 6.1; WOW64; Trident/4.0; YTB730; GTB7.2; SLCC2; .NET CLR 2.0.50727; .NET CLR 3.5.30729; .NET CLR 3.0.30729; .NET4.0C; .NET4.0E; Media Center PC 6.0)"
116.222.179.198 - - [17/Nov/2017:19:33:35 +0000] "GET /category/office?from=0 HTTP/1.1" 200 59 "/search/?c=Office+Electronics" "Mozilla/5.0 (Windows NT 6.0; rv:10.0.1) Gecko/20100101 Firefox/10.0.1"
52.90.30.181 - - [17/Nov/2017:19:33:40 +0000] "POST /search/?c=Electronics+Electronics HTTP/1.1" 200 69 "/category/electronics?from=10" "Mozilla/4.0 (compatible; MSIE 8.0; Windows NT 6.1; Trident/4.0; YTB730; SLCC2; .NET CLR 2.0.50727; .NET CLR 3.5.30729; .NET CLR 3.0.30729; Media Center PC 6.0; .NET4.0C)"
184.57.118.95 - - [17/Nov/2017:19:33:45 +0000] "GET /item/software/1831 HTTP/1.1" 200 69 "http://www.google.com/search?ie=UTF-8&q=google&sclient=psy-ab&q=Software&oq=Software&aq=f&aqi=g-vL1&aql=&pbx=1&bav=on.2,or.r_gc.r_pw.r_qf.,cf.osb&biw=4573&bih=571" "Mozilla/5.0 (Windows NT 6.1; WOW64) AppleWebKit/535.11 (KHTML, like Gecko) Chrome/17.0.963.56 Safari/535.11"
156.90.180.107 - - [17/Nov/2017:19:33:50 +0000] "GET /item/games/905 HTTP/1.1" 200 55 "/item/software/2512" "Mozilla/4.0 (compatible; MSIE 8.0; Windows NT 5.1; Trident/4.0; YTB720; GTB7.2; .NET CLR 1.1.4322; .NET CLR 2.0.50727; .NET CLR 3.0.4506.2152; .NET CLR 3.5.30729)"
156.90.25.118 - - [17/Nov/2017:19:33:55 +0000] "GET /item/games/905 HTTP/1.1" 200 55 "/item/games/3868" "Mozilla/5.0 (Windows NT 6.0; rv:10.0.1) Gecko/20100101 Firefox/10.0.1"
80.132.181.27 - - [17/Nov/2017:19:34:00 +0000] "GET /category/software?from=20 HTTP/1.1" 200 64 "-" "Mozilla/5.0 (Macintosh; Intel Mac OS X 10.6; rv:9.0.1) Gecko/20100101 Firefox/9.0.1"
212.222.165.164 - - [17/Nov/2017:19:34:05 +0000] "GET /item/garden/3631 HTTP/1.1" 200 102 "http://www.google.com/search?ie=UTF-8&q=google&sclient=psy-ab&q=Garden&oq=Garden&aq=f&aqi=g-vL1&aql=&pbx=1&bav=on.2,or.r_gc.r_pw.r_qf.,cf.osb&biw=210&bih=106" "Mozilla/5.0 (Windows NT 6.0; rv:10.0.1) Gecko/20100101 Firefox/10.0.1"
180.114.21.38 - - [17/Nov/2017:19:34:10 +0000] "GET /category/electronics HTTP/1.1" 200 115 "-" "Mozilla/5.0 (Windows NT 6.1; WOW64) AppleWebKit/535.11 (KHTML, like Gecko) Chrome/17.0.963.56 Safari/535.11"
120.225.200.117 - - [17/Nov/2017:19:34:15 +0000] "GET /category/office HTTP/1.1" 200 46 "/category/garden" "Mozilla/5.0 (compatible; MSIE 9.0; Windows NT 6.1; WOW64; Trident/5.0)"
92.180.25.27 - - [17/Nov/2017:19:34:20 +0000] "GET /category/software HTTP/1.1" 200 110 "-" "Mozilla/5.0 (compatible; MSIE 9.0; Windows NT 6.1; WOW64; Trident/5.0)"
188.96.82.146 - - [17/Nov/2017:19:34:25 +0000] "GET /category/books HTTP/1.1" 200 88 "/search/?c=Software" "Mozilla/5.0 (compatible; MSIE 9.0; Windows NT 6.1; Trident/5.0)"
192.180.36.138 - - [17/Nov/2017:19:34:30 +0000] "GET /category/software HTTP/1.1" 200 128 "-" "Mozilla/5.0 (iPhone; CPU iPhone OS 5_0_1 like Mac OS X) AppleWebKit/534.46 (KHTML, like Gecko) Version/5.1 Mobile/9A405 Safari/7534.48.3"
196.162.93.51 - - [17/Nov/2017:19:34:35 +0000] "GET /item/giftcards/3622 HTTP/1.1" 200 59 "/category/books" "Mozilla/5.0 (Windows NT 5.1) AppleWebKit/535.11 (KHTML, like Gecko) Chrome/17.0.963.46 Safari/535.11"
56.24.223.76 - - [17/Nov/2017:19:34:40 +0000] "GET /category/jewelry HTTP/1.1" 200 40 "-" "Mozilla/4.0 (compatible; MSIE 8.0; Windows NT 6.1; WOW64; Trident/4.0; YTB730; GTB7.2; EasyBits GO v1.0; SLCC2; .NET CLR 2.0.50727; .NET CLR 3.5.30729; .NET CLR 3.0.30729; Media Center PC 6.0; .NET4.0C)"
48.54.186.185 - - [17/Nov/2017:19:34:45 +0000] "GET /category/software?from=20 HTTP/1.1" 200 49 "/item/electronics/2940" "Mozilla/5.0 (Windows NT 6.0; rv:10.0.1) Gecko/20100101 Firefox/10.0.1"
196.57.135.222 - - [17/Nov/2017:19:34:50 +0000] "GET /item/electronics/2451 HTTP/1.1" 200 108 "/item/garden/348" "Mozilla/5.0 (Windows NT 6.1; WOW64) AppleWebKit/535.11 (KHTML, like Gecko) Chrome/17.0.963.56 Safari/535.11"
200.102.224.162 - - [17/Nov/2017:19:34:55 +0000] "GET /item/garden/3631 HTTP/1.1" 200 102 "/category/software" "Mozilla/5.0 (compatible; MSIE 9.0; Windows NT 6.1; WOW64; Trident/5.0)"
84.30.95.135 - - [17/Nov/2017:19:35:00 +0000] "GET /item/games/110 HTTP/1.1" 200 48 "/category/garden" "Mozilla/5.0 (compatible; MSIE 9.0; Windows NT 6.1; Trident/5.0)"
28.27.177.180 - - [17/Nov/2017:19:35:05 +0000] "GET /item/games/2746 HTTP/1.1" 200 135 "/item/giftcards/2263" "Mozilla/5.0 (compatible; MSIE 9.0; Windows NT 6.1; WOW64; Trident/5.0)"
28.27.177.180 - - [17/Nov/2017:19:35:10 +0000] "GET /category/games HTTP/1.1" 200 59 "/item/software/1802" "Mozilla/5.0 (compatible; MSIE 9.0; Windows NT 6.1; Trident/5.0)"
196.63.209.217 - - [17/Nov/2017:19:35:15 +0000] "GET /category/software HTTP/1.1" 200 84 "/item/garden/4271" "Mozilla/5.0 (compatible; MSIE 9.0; Windows NT 6.1; WOW64; Trident/5.0)"
144.165.175.190 - - [17/Nov/2017:19:35:20 +0000] "GET /item/networking/973 HTTP/1.1" 200 48 "/category/books" "Mozilla/5.0 (Macintosh; Intel Mac OS X 10.6; rv:9.0.1) Gecko/20100101 Firefox/9.0.1"
196.216.204.193 - - [17/Nov/2017:19:35:25 +0000] "POST /search/?c=Electronics HTTP/1.1" 200 134 "-" "Mozilla/5.0 (Windows NT 6.1; WOW64) AppleWebKit/535.7 (KHTML, like Gecko) Chrome/16.0.912.77 Safari/535.7"
96.69.168.141 - - [17/Nov/2017:19:35:30 +0000] "GET /category/networking HTTP/1.1" 200 82 "/item/music/1760" "Mozilla/4.0 (compatible; MSIE 8.0; Windows NT 6.0; WOW64; Trident/4.0; GTB6; SLCC1; .NET CLR 2.0.50727; Media Center PC 5.0; .NET CLR 3.5.30729; .NET CLR 3.0.30618; .NET4.0C)"
172.186.53.43 - - [17/Nov/2017:19:35:35 +0000] "POST /search/?c=Computers HTTP/1.1" 200 41 "/category/networking" "Mozilla/4.0 (compatible; MSIE 8.0; Windows NT 6.0; WOW64; Trident/4.0; GTB6; SLCC1; .NET CLR 2.0.50727; Media Center PC 5.0; .NET CLR 3.5.30729; .NET CLR 3.0.30618; .NET4.0C)"
84.117.161.61 - - [17/Nov/2017:19:35:40 +0000] "GET /category/networking?from=10 HTTP/1.1" 200 127 "-" "Mozilla/4.0 (compatible; MSIE 8.0; Windows NT 6.1; Trident/4.0; YTB730; SLCC2; .NET CLR 2.0.50727; .NET CLR 3.5.30729; .NET CLR 3.0.30729; Media Center PC 6.0; .NET4.0C)"
120.168.187.112 - - [17/Nov/2017:19:35:45 +0000] "GET /category/office HTTP/1.1" 200 132 "/item/electronics/106" "Mozilla/5.0 (Windows NT 6.1; WOW64) AppleWebKit/535.11 (KHTML, like Gecko) Chrome/17.0.963.56 Safari/535.11"
44.138.105.89 - - [17/Nov/2017:19:35:50 +0000] "GET /item/electronics/2451 HTTP/1.1" 200 108 "-" "Mozilla/5.0 (compatible; MSIE 9.0; Windows NT 6.1; WOW64; Trident/5.0)"
76.156.48.156 - - [17/Nov/2017:19:35:55 +0000] "GET /item/electronics/3972 HTTP/1.1" 200 114 "-" "Mozilla/5.0 (Windows NT 6.0; rv:10.0.1) Gecko/20100101 Firefox/10.0.1"
160.93.50.158 - - [17/Nov/2017:19:36:00 +0000] "GET /category/electronics HTTP/1.1" 200 101 "-" "Mozilla/5.0 (Windows NT 6.0) AppleWebKit/535.11 (KHTML, like Gecko) Chrome/17.0.963.56 Safari/535.11"
48.213.177.74 - - [17/Nov/2017:19:36:05 +0000] "GET /category/music HTTP/1.1" 200 55 "-" "Mozilla/5.0 (Windows NT 6.1; WOW64) AppleWebKit/535.7 (KHTML, like Gecko) Chrome/16.0.912.77 Safari/535.7"
36.33.116.55 - - [17/Nov/2017:19:36:10 +0000] "GET /item/games/3186 HTTP/1.1" 200 47 "-" "Mozilla/4.0 (compatible; MSIE 8.0; Windows NT 6.1; WOW64; Trident/4.0; YTB730; GTB7.2; EasyBits GO v1.0; SLCC2; .NET CLR 2.0.50727; .NET CLR 3.5.30729; .NET CLR 3.0.30729; Media Center PC 6.0; .NET4.0C)"
168.69.28.43 - - [17/Nov/2017:19:36:15 +0000] "GET /category/finance HTTP/1.1" 200 139 "-" "Mozilla/5.0 (Macintosh; Intel Mac OS X 10.6; rv:9.0.1) Gecko/20100101 Firefox/9.0.1"
128.27.201.209 - - [17/Nov/2017:19:36:20 +0000] "GET /category/finance?from=20 HTTP/1.1" 200 122 "/category/finance" "Mozilla/5.0 (Windows NT 6.0) AppleWebKit/535.11 (KHTML, like Gecko) Chrome/17.0.963.56 Safari/535.11"
44.36.69.119 - - [17/Nov/2017:19:36:25 +0000] "GET /category/networking HTTP/1.1" 200 46 "http://www.google.com/search?ie=UTF-8&q=google&sclient=psy-ab&q=Networking+Computers&oq=Networking+Computers&aq=f&aqi=g-vL1&aql=&pbx=1&bav=on.2,or.r_gc.r_pw.r_qf.,cf.osb&biw=4909&bih=204" "Mozilla/5.0 (iPhone; CPU iPhone OS 5_0_1 like Mac OS X) AppleWebKit/534.46 (KHTML, like Gecko) Version/5.1 Mobile/9A405 Safari/7534.48.3"
212.189.191.81 - - [17/Nov/2017:19:36:30 +0000] "GET /category/electronics HTTP/1.1" 200 114 "/category/books" "Mozilla/5.0 (Macintosh; Intel Mac OS X 10.6; rv:9.0.1) Gecko/20100101 Firefox/9.0.1"
180.147.87.207 - - [17/Nov/2017:19:36:35 +0000] "GET /item/software/992 HTTP/1.1" 200 113 "http://www.google.com/search?ie=UTF-8&q=google&sclient=psy-ab&q=Software&oq=Software&aq=f&aqi=g-vL1&aql=&pbx=1&bav=on.2,or.r_gc.r_pw.r_qf.,cf.osb&biw=1077&bih=388" "Mozilla/5.0 (Macintosh; Intel Mac OS X 10.6; rv:9.0.1) Gecko/20100101 Firefox/9.0.1"
172.171.155.192 - - [17/Nov/2017:19:36:40 +0000] "GET /item/electronics/1270 HTTP/1.1" 200 107 "/category/health" "Mozilla/5.0 (iPhone; CPU iPhone OS 5_0_1 like Mac OS X) AppleWebKit/534.46 (KHTML, like Gecko) Version/5.1 Mobile/9A405 Safari/7534.48.3"
224.78.220.39 - - [17/Nov/2017:19:36:45 +0000] "GET /item/office/851 HTTP/1.1" 200 129 "/category/software?from=0" "Mozilla/4.0 (compatible; MSIE 8.0; Windows NT 6.1; WOW64; Trident/4.0; YTB730; GTB7.2; EasyBits GO v1.0; SLCC2; .NET CLR 2.0.50727; .NET CLR 3.5.30729; .NET CLR 3.0.30729; Media Center PC 6.0; .NET4.0C)"
224.57.160.208 - - [17/Nov/2017:19:36:50 +0000] "GET /category/giftcards HTTP/1.1" 200 81 "/category/electronics" "Mozilla/4.0 (compatible; MSIE 8.0; Windows NT 6.1; WOW64; Trident/4.0; YTB730; GTB7.2; EasyBits GO v1.0; SLCC2; .NET CLR 2.0.50727; .NET CLR 3.5.30729; .NET CLR 3.0.30729; Media Center PC 6.0; .NET4.0C)"
80.132.181.27 - - [17/Nov/2017:19:36:55 +0000] "GET /item/networking/3831 HTTP/1.1" 200 85 "-" "Mozilla/5.0 (Windows NT 6.1; WOW64; rv:10.0.1) Gecko/20100101 Firefox/10.0.1"
132.183.166.198 - - [17/Nov/2017:19:37:00 +0000] "GET /category/games HTTP/1.1" 200 59 "-" "Mozilla/5.0 (Windows NT 6.0; rv:10.0.1) Gecko/20100101 Firefox/10.0.1"
44.60.152.105 - - [17/Nov/2017:19:37:05 +0000] "POST /search/?c=Electronics+Games HTTP/1.1" 200 88 "-" "Mozilla/4.0 (compatible; MSIE 8.0; Windows NT 6.1; Trident/4.0; YTB730; SLCC2; .NET CLR 2.0.50727; .NET CLR 3.5.30729; .NET CLR 3.0.30729; Media Center PC 6.0; .NET4.0C)"
112.48.147.108 - - [17/Nov/2017:19:37:10 +0000] "POST /search/?c=Software+Games HTTP/1.1" 200 97 "/search/?c=Cameras" "Mozilla/5.0 (Windows NT 6.0; rv:10.0.1) Gecko/20100101 Firefox/10.0.1"
188.30.222.174 - - [17/Nov/2017:19:37:15 +0000] "GET /category/music HTTP/1.1" 200 44 "/category/games" "Mozilla/4.0 (compatible; MSIE 8.0; Windows NT 6.1; Trident/4.0; YTB730; SLCC2; .NET CLR 2.0.50727; .NET CLR 3.5.30729; .NET CLR 3.0.30729; Media Center PC 6.0; .NET4.0C)"
124.210.121.29 - - [17/Nov/2017:19:37:20 +0000] "GET /category/networking HTTP/1.1" 200 119 "-" "Mozilla/4.0 (compatible; MSIE 8.0; Windows NT 6.1; WOW64; Trident/4.0; GTB7.2; SLCC2; .NET CLR 2.0.50727; .NET CLR 3.5.30729; .NET CLR 3.0.30729; Media Center PC 6.0; .NET4.0C)"
32.126.192.64 - - [17/Nov/2017:19:37:25 +0000] "GET /category/cameras?from=20 HTTP/1.1" 200 114 "/category/cameras" "Mozilla/4.0 (compatible; MSIE 8.0; Windows NT 6.1; WOW64; Trident/4.0; YTB730; GTB7.2; SLCC2; .NET CLR 2.0.50727; .NET CLR 3.5.30729; .NET CLR 3.0.30729; .NET4.0C; .NET4.0E; Media Center PC 6.0)"
92.102.204.173 - - [17/Nov/2017:19:37:30 +0000] "GET /category/books HTTP/1.1" 200 49 "/item/finance/1103" "Mozilla/5.0 (Windows NT 5.1) AppleWebKit/535.11 (KHTML, like Gecko) Chrome/17.0.963.46 Safari/535.11"
28.129.94.208 - - [17/Nov/2017:19:37:35 +0000] "GET /category/software HTTP/1.1" 200 49 "/category/books" "Mozilla/4.0 (compatible; MSIE 8.0; Windows NT 6.1; Trident/4.0; YTB730; SLCC2; .NET CLR 2.0.50727; .NET CLR 3.5.30729; .NET CLR 3.0.30729; Media Center PC 6.0; .NET4.0C)"
92.180.25.27 - - [17/Nov/2017:19:37:40 +0000] "GET /category/toys HTTP/1.1" 200 93 "-" "Mozilla/4.0 (compatible; MSIE 8.0; Windows NT 6.1; WOW64; Trident/4.0; YTB730; GTB7.2; SLCC2; .NET CLR 2.0.50727; .NET CLR 3.5.30729; .NET CLR 3.0.30729; .NET4.0C; .NET4.0E; Media Center PC 6.0)"
92.99.104.37 - - [17/Nov/2017:19:37:45 +0000] "GET /category/games?from=0 HTTP/1.1" 200 72 "/item/networking/3624" "Mozilla/5.0 (compatible; MSIE 9.0; Windows NT 6.1; WOW64; Trident/5.0)"
56.153.218.154 - - [17/Nov/2017:19:37:50 +0000] "POST /search/?c=Electronics+Garden HTTP/1.1" 200 118 "/item/health/3601" "Mozilla/5.0 (compatible; MSIE 9.0; Windows NT 6.1; Trident/5.0)"
56.150.73.159 - - [17/Nov/2017:19:37:55 +0000] "GET /category/electronics HTTP/1.1" 200 139 "-" "Mozilla/5.0 (iPad; CPU OS 5_0_1 like Mac OS X) AppleWebKit/534.46 (KHTML, like Gecko) Version/5.1 Mobile/9A405 Safari/7534.48.3"
84.153.168.36 - - [17/Nov/2017:19:38:00 +0000] "GET /item/software/2487 HTTP/1.1" 200 51 "/search/?c=Software" "Mozilla/5.0 (Macintosh; Intel Mac OS X 10.6; rv:9.0.1) Gecko/20100101 Firefox/9.0.1"
132.183.166.198 - - [17/Nov/2017:19:38:05 +0000] "GET /item/games/2215 HTTP/1.1" 200 64 "/item/toys/3901" "Mozilla/5.0 (Windows NT 6.0; rv:10.0.1) Gecko/20100101 Firefox/10.0.1"
192.54.212.194 - - [17/Nov/2017:19:38:10 +0000] "GET /item/networking/2789 HTTP/1.1" 200 132 "-" "Mozilla/4.0 (compatible; MSIE 8.0; Windows NT 6.0; WOW64; Trident/4.0; GTB6; SLCC1; .NET CLR 2.0.50727; Media Center PC 5.0; .NET CLR 3.5.30729; .NET CLR 3.0.30618; .NET4.0C)"
64.111.228.178 - - [17/Nov/2017:19:38:15 +0000] "GET /category/software HTTP/1.1" 200 103 "-" "Mozilla/5.0 (Macintosh; Intel Mac OS X 10.6; rv:9.0.1) Gecko/20100101 Firefox/9.0.1"
120.111.204.203 - - [17/Nov/2017:19:38:20 +0000] "GET /category/books?from=10 HTTP/1.1" 200 97 "-" "Mozilla/5.0 (compatible; MSIE 9.0; Windows NT 6.1; Trident/5.0)"
84.162.134.68 - - [17/Nov/2017:19:38:25 +0000] "POST /search/?c=Electronics HTTP/1.1" 200 99 "-" "Mozilla/5.0 (Macintosh; Intel Mac OS X 10.6; rv:9.0.1) Gecko/20100101 Firefox/9.0.1"
208.171.120.182 - - [17/Nov/2017:19:38:30 +0000] "GET /category/electronics HTTP/1.1" 200 44 "-" "Mozilla/5.0 (Windows NT 6.0; rv:10.0.1) Gecko/20100101 Firefox/10.0.1"
188.144.194.102 - - [17/Nov/2017:19:38:35 +0000] "GET /item/networking/973 HTTP/1.1" 200 48 "/item/electronics/4807" "Mozilla/5.0 (Windows NT 6.0; rv:10.0.1) Gecko/20100101 Firefox/10.0.1"
188.96.82.146 - - [17/Nov/2017:19:38:40 +0000] "GET /item/office/4595 HTTP/1.1" 200 137 "-" "Mozilla/5.0 (compatible; MSIE 9.0; Windows NT 6.1; Trident/5.0)"
84.117.111.177 - - [17/Nov/2017:19:38:45 +0000] "GET /category/software HTTP/1.1" 200 50 "/item/jewelry/1981" "Mozilla/5.0 (Macintosh; Intel Mac OS X 10.6; rv:9.0.1) Gecko/20100101 Firefox/9.0.1"
200.189.168.228 - - [17/Nov/2017:19:38:50 +0000] "GET /category/finance HTTP/1.1" 200 136 "/category/garden?from=20" "Mozilla/5.0 (compatible; Googlebot/2.1; +http://www.google.com/bot.html)"
52.159.188.199 - - [17/Nov/2017:19:38:55 +0000] "POST /search/?c=Giftcards HTTP/1.1" 200 116 "/category/office" "Mozilla/4.0 (compatible; MSIE 8.0; Windows NT 6.1; Trident/4.0; YTB730; SLCC2; .NET CLR 2.0.50727; .NET CLR 3.5.30729; .NET CLR 3.0.30729; Media Center PC 6.0; .NET4.0C)"
160.129.152.167 - - [17/Nov/2017:19:39:00 +0000] "GET /category/garden HTTP/1.1" 200 47 "-" "Mozilla/5.0 (Windows NT 6.0; rv:10.0.1) Gecko/20100101 Firefox/10.0.1"
88.57.117.104 - - [17/Nov/2017:19:39:05 +0000] "GET /category/games?from=10 HTTP/1.1" 200 124 "/item/books/2829" "Mozilla/5.0 (Windows NT 6.0; rv:10.0.1) Gecko/20100101 Firefox/10.0.1"
72.66.199.152 - - [17/Nov/2017:19:39:10 +0000] "GET /category/garden HTTP/1.1" 200 111 "-" "Mozilla/5.0 (Windows NT 6.0; rv:10.0.1) Gecko/20100101 Firefox/10.0.1"
136.30.65.186 - - [17/Nov/2017:19:39:15 +0000] "POST /search/?c=Books+Giftcards HTTP/1.1" 200 69 "/category/cameras" "Mozilla/5.0 (Windows NT 6.1; WOW64) AppleWebKit/535.7 (KHTML, like Gecko) Chrome/16.0.912.77 Safari/535.7"
76.153.173.21 - - [17/Nov/2017:19:39:20 +0000] "GET /category/toys HTTP/1.1" 200 40 "/search/?c=Electronics+Electronics" "Mozilla/5.0 (Windows NT 6.1; WOW64) AppleWebKit/535.11 (KHTML, like Gecko) Chrome/17.0.963.56 Safari/535.11"
136.180.163.90 - - [17/Nov/2017:19:39:25 +0000] "GET /item/electronics/229 HTTP/1.1" 200 105 "/category/networking" "Mozilla/4.0 (compatible; MSIE 8.0; Windows NT 5.1; Trident/4.0; YTB720; GTB7.2; .NET CLR 1.1.4322; .NET CLR 2.0.50727; .NET CLR 3.0.4506.2152; .NET CLR 3.5.30729)"
52.54.64.167 - - [17/Nov/2017:19:39:30 +0000] "GET /item/toys/1283 HTTP/1.1" 200 49 "-" "Mozilla/5.0 (Windows NT 6.0; rv:10.0.1) Gecko/20100101 Firefox/10.0.1"
196.24.211.196 - - [17/Nov/2017:19:39:35 +0000] "GET /category/games HTTP/1.1" 200 121 "/category/software" "Mozilla/5.0 (Windows NT 5.1) AppleWebKit/535.11 (KHTML, like Gecko) Chrome/17.0.963.46 Safari/535.11"
140.144.140.227 - - [17/Nov/2017:19:39:40 +0000] "GET /item/software/4657 HTTP/1.1" 200 136 "/category/finance" "Mozilla/5.0 (compatible; MSIE 9.0; Windows NT 6.1; Trident/5.0)"
80.123.121.100 - - [17/Nov/2017:19:39:45 +0000] "GET /item/games/2882 HTTP/1.1" 200 130 "-" "Mozilla/5.0 (Windows NT 6.0; rv:10.0.1) Gecko/20100101 Firefox/10.0.1"
20.27.98.157 - - [17/Nov/2017:19:39:50 +0000] "GET /item/electronics/2101 HTTP/1.1" 200 84 "/search/?c=Music+Giftcards" "Mozilla/5.0 (compatible; MSIE 9.0; Windows NT 6.1; Trident/5.0)"
60.150.49.62 - - [17/Nov/2017:19:39:55 +0000] "GET /category/toys?from=10 HTTP/1.1" 200 96 "/category/toys" "Mozilla/5.0 (Windows NT 6.1; WOW64) AppleWebKit/535.7 (KHTML, like Gecko) Chrome/16.0.912.77 Safari/535.7"
212.60.196.21 - - [17/Nov/2017:19:40:00 +0000] "GET /category/office HTTP/1.1" 200 87 "/item/games/743" "Mozilla/5.0 (Windows NT 6.0; rv:10.0.1) Gecko/20100101 Firefox/10.0.1"
48.63.222.76 - - [17/Nov/2017:19:40:05 +0000] "GET /item/cameras/2523 HTTP/1.1" 200 66 "/search/?c=Cameras" "Mozilla/4.0 (compatible; MSIE 8.0; Windows NT 6.1; Trident/4.0; YTB730; SLCC2; .NET CLR 2.0.50727; .NET CLR 3.5.30729; .NET CLR 3.0.30729; Media Center PC 6.0; .NET4.0C)"
20.63.78.107 - - [17/Nov/2017:19:40:10 +0000] "GET /item/office/4637 HTTP/1.1" 200 70 "/category/office" "Mozilla/5.0 (Windows NT 6.0; rv:10.0.1) Gecko/20100101 Firefox/10.0.1"
112.219.145.202 - - [17/Nov/2017:19:40:15 +0000] "GET /category/software HTTP/1.1" 200 94 "/category/books?from=10" "Mozilla/5.0 (Windows NT 6.0; rv:10.0.1) Gecko/20100101 Firefox/10.0.1"
104.156.80.128 - - [17/Nov/2017:19:40:20 +0000] "GET /item/networking/4696 HTTP/1.1" 200 138 "http://www.google.com/search?ie=UTF-8&q=google&sclient=psy-ab&q=Networking+Sports&oq=Networking+Sports&aq=f&aqi=g-vL1&aql=&pbx=1&bav=on.2,or.r_gc.r_pw.r_qf.,cf.osb&biw=1342&bih=50" "Mozilla/5.0 (Windows NT 6.0) AppleWebKit/535.11 (KHTML, like Gecko) Chrome/17.0.963.56 Safari/535.11"
100.54.117.195 - - [17/Nov/2017:19:40:25 +0000] "GET /category/computers HTTP/1.1" 200 99 "/category/health" "Mozilla/5.0 (Windows NT 6.1; WOW64) AppleWebKit/535.7 (KHTML, like Gecko) Chrome/16.0.912.77 Safari/535.7"
32.135.88.43 - - [17/Nov/2017:19:40:30 +0000] "GET /category/garden HTTP/1.1" 200 129 "-" "Mozilla/5.0 (compatible; MSIE 9.0; Windows NT 6.1; WOW64; Trident/5.0)"
184.144.144.34 - - [17/Nov/2017:19:40:35 +0000] "POST /search/?c=Books+Networking HTTP/1.1" 200 82 "-" "Mozilla/5.0 (Windows NT 6.0) AppleWebKit/535.11 (KHTML, like Gecko) Chrome/17.0.963.56 Safari/535.11"
108.141.179.49 - - [17/Nov/2017:19:40:40 +0000] "GET /category/toys HTTP/1.1" 200 40 "/item/software/4520" "Mozilla/5.0 (compatible; MSIE 9.0; Windows NT 6.1; Trident/5.0)"
76.75.163.170 - - [17/Nov/2017:19:40:45 +0000] "GET /item/books/2649 HTTP/1.1" 200 60 "http://www.google.com/search?ie=UTF-8&q=google&sclient=psy-ab&q=Books&oq=Books&aq=f&aqi=g-vL1&aql=&pbx=1&bav=on.2,or.r_gc.r_pw.r_qf.,cf.osb&biw=4981&bih=247" "Mozilla/5.0 (Windows NT 6.1; WOW64; rv:10.0.1) Gecko/20100101 Firefox/10.0.1"
100.195.21.152 - - [17/Nov/2017:19:40:50 +0000] "GET /category/games HTTP/1.1" 200 88 "/item/office/4637" "Mozilla/5.0 (iPhone; CPU iPhone OS 5_0_1 like Mac OS X) AppleWebKit/534.46 (KHTML, like Gecko) Version/5.1 Mobile/9A405 Safari/7534.48.3"
100.69.57.39 - - [17/Nov/2017:19:40:55 +0000] "GET /category/books HTTP/1.1" 200 84 "-" "Mozilla/5.0 (Windows NT 6.0; rv:10.0.1) Gecko/20100101 Firefox/10.0.1"
60.81.133.199 - - [17/Nov/2017:19:41:00 +0000] "GET /category/jewelry HTTP/1.1" 200 48 "/item/garden/1634" "Mozilla/5.0 (Windows NT 6.0) AppleWebKit/535.11 (KHTML, like Gecko) Chrome/17.0.963.56 Safari/535.11"
152.150.62.199 - - [17/Nov/2017:19:41:05 +0000] "GET /category/office HTTP/1.1" 200 109 "/category/office" "Mozilla/5.0 (Windows NT 6.0; rv:10.0.1) Gecko/20100101 Firefox/10.0.1"
132.81.165.167 - - [17/Nov/2017:19:41:10 +0000] "GET /category/electronics HTTP/1.1" 200 99 "/category/networking" "Mozilla/5.0 (Macintosh; Intel Mac OS X 10.6; rv:9.0.1) Gecko/20100101 Firefox/9.0.1"
132.183.166.198 - - [17/Nov/2017:19:41:15 +0000] "GET /category/electronics?from=20 HTTP/1.1" 200 63 "-" "Mozilla/5.0 (Windows NT 6.1; WOW64; rv:10.0.1) Gecko/20100101 Firefox/10.0.1"
224.207.157.219 - - [17/Nov/2017:19:41:20 +0000] "GET /category/toys HTTP/1.1" 200 40 "-" "Mozilla/5.0 (iPad; CPU OS 5_0_1 like Mac OS X) AppleWebKit/534.46 (KHTML, like Gecko) Version/5.1 Mobile/9A405 Safari/7534.48.3"
80.39.121.152 - - [17/Nov/2017:19:41:25 +0000] "GET /item/electronics/1628 HTTP/1.1" 200 139 "/search/?c=Electronics+Computers" "Mozilla/5.0 (Windows NT 6.1; WOW64) AppleWebKit/535.11 (KHTML, like Gecko) Chrome/17.0.963.56 Safari/535.11"
68.210.170.88 - - [17/Nov/2017:19:41:30 +0000] "POST /search/?c=Giftcards HTTP/1.1" 200 104 "/category/books" "Mozilla/5.0 (compatible; Googlebot/2.1; +http://www.google.com/bot.html)"
224.189.104.73 - - [17/Nov/2017:19:41:35 +0000] "GET /item/health/1094 HTTP/1.1" 200 86 "/category/software" "Mozilla/4.0 (compatible; MSIE 8.0; Windows NT 5.1; Trident/4.0; YTB720; GTB7.2; .NET CLR 1.1.4322; .NET CLR 2.0.50727; .NET CLR 3.0.4506.2152; .NET CLR 3.5.30729)"
188.219.65.49 - - [17/Nov/2017:19:41:40 +0000] "GET /category/books HTTP/1.1" 200 139 "-" "Mozilla/4.0 (compatible; MSIE 8.0; Windows NT 6.1; Trident/4.0; YTB730; SLCC2; .NET CLR 2.0.50727; .NET CLR 3.5.30729; .NET CLR 3.0.30729; Media Center PC 6.0; .NET4.0C)"
156.174.158.57 - - [17/Nov/2017:19:41:45 +0000] "GET /item/software/4545 HTTP/1.1" 200 135 "/category/office?from=0" "Mozilla/5.0 (Windows NT 6.0; rv:10.0.1) Gecko/20100101 Firefox/10.0.1"
84.150.50.150 - - [17/Nov/2017:19:41:50 +0000] "POST /search/?c=Software HTTP/1.1" 200 126 "/category/games" "Mozilla/4.0 (compatible; MSIE 8.0; Windows NT 6.1; WOW64; Trident/4.0; GTB7.2; SLCC2; .NET CLR 2.0.50727; .NET CLR 3.5.30729; .NET CLR 3.0.30729; Media Center PC 6.0; .NET4.0C)"
44.159.148.20 - - [17/Nov/2017:19:41:55 +0000] "GET /item/electronics/3983 HTTP/1.1" 200 47 "/category/electronics" "Mozilla/4.0 (compatible; MSIE 8.0; Windows NT 6.1; WOW64; Trident/4.0; GTB7.2; SLCC2; .NET CLR 2.0.50727; .NET CLR 3.5.30729; .NET CLR 3.0.30729; Media Center PC 6.0; .NET4.0C)"
80.186.195.122 - - [17/Nov/2017:19:42:00 +0000] "GET /item/software/3887 HTTP/1.1" 200 100 "/category/computers" "Mozilla/5.0 (Windows NT 6.1; WOW64; rv:10.0.1) Gecko/20100101 Firefox/10.0.1"
28.66.41.90 - - [17/Nov/2017:19:42:05 +0000] "POST /search/?c=Giftcards+Garden HTTP/1.1" 200 82 "/search/?c=Software+Office" "Mozilla/5.0 (Macintosh; Intel Mac OS X 10.6; rv:9.0.1) Gecko/20100101 Firefox/9.0.1"
144.129.150.26 - - [17/Nov/2017:19:42:10 +0000] "GET /category/games HTTP/1.1" 200 137 "/item/books/4255" "Mozilla/4.0 (compatible; MSIE 8.0; Windows NT 6.1; WOW64; Trident/4.0; YTB730; GTB7.2; SLCC2; .NET CLR 2.0.50727; .NET CLR 3.5.30729; .NET CLR 3.0.30729; .NET4.0C; .NET4.0E; Media Center PC 6.0)"
152.39.30.145 - - [17/Nov/2017:19:42:15 +0000] "GET /category/books HTTP/1.1" 200 67 "-" "Mozilla/5.0 (Windows NT 6.0; rv:10.0.1) Gecko/20100101 Firefox/10.0.1"
80.45.35.178 - - [17/Nov/2017:19:42:20 +0000] "GET /category/electronics HTTP/1.1" 200 128 "-" "Mozilla/5.0 (Windows NT 6.1; WOW64) AppleWebKit/535.11 (KHTML, like Gecko) Chrome/17.0.963.56 Safari/535.11"
148.81.169.77 - - [17/Nov/2017:19:42:25 +0000] "GET /item/games/1021 HTTP/1.1" 200 124 "-" "Mozilla/5.0 (Macintosh; Intel Mac OS X 10.6; rv:9.0.1) Gecko/20100101 Firefox/9.0.1"
152.87.67.123 - - [17/Nov/2017:19:42:30 +0000] "GET /item/books/570 HTTP/1.1" 200 92 "/item/cameras/590" "Mozilla/5.0 (Windows NT 6.1; WOW64) AppleWebKit/535.7 (KHTML, like Gecko) Chrome/16.0.912.77 Safari/535.7"
104.165.180.220 - - [17/Nov/2017:19:42:35 +0000] "POST /search/?c=Finance HTTP/1.1" 200 85 "/category/sports" "Mozilla/5.0 (compatible; MSIE 9.0; Windows NT 6.1; Trident/5.0)"
116.150.145.77 - - [17/Nov/2017:19:42:40 +0000] "GET /item/finance/3568 HTTP/1.1" 200 126 "-" "Mozilla/5.0 (Windows NT 6.0) AppleWebKit/535.11 (KHTML, like Gecko) Chrome/17.0.963.56 Safari/535.11"
44.213.68.121 - - [17/Nov/2017:19:42:45 +0000] "GET /item/electronics/2128 HTTP/1.1" 200 128 "-" "Mozilla/5.0 (Windows NT 6.1; WOW64) AppleWebKit/535.11 (KHTML, like Gecko) Chrome/17.0.963.56 Safari/535.11"
176.228.179.33 - - [17/Nov/2017:19:42:50 +0000] "GET /item/finance/2549 HTTP/1.1" 200 114 "/category/garden" "Mozilla/5.0 (compatible; MSIE 9.0; Windows NT 6.1; WOW64; Trident/5.0)"
200.195.153.115 - - [17/Nov/2017:19:42:55 +0000] "POST /search/?c=Software HTTP/1.1" 200 61 "/search/?c=Software+Software" "Mozilla/5.0 (Macintosh; Intel Mac OS X 10.6; rv:9.0.1) Gecko/20100101 Firefox/9.0.1"
100.174.103.32 - - [17/Nov/2017:19:43:00 +0000] "GET /category/finance HTTP/1.1" 200 71 "-" "Mozilla/5.0 (Windows NT 6.0; rv:10.0.1) Gecko/20100101 Firefox/10.0.1"
76.126.75.166 - - [17/Nov/2017:19:43:05 +0000] "GET /category/health HTTP/1.1" 200 127 "/item/office/2035" "Mozilla/5.0 (Windows NT 6.1; WOW64) AppleWebKit/535.7 (KHTML, like Gecko) Chrome/16.0.912.77 Safari/535.7"
184.210.167.77 - - [17/Nov/2017:19:43:10 +0000] "GET /category/electronics HTTP/1.1" 200 91 "-" "Mozilla/5.0 (Windows NT 6.0) AppleWebKit/535.11 (KHTML, like Gecko) Chrome/17.0.963.56 Safari/535.11"
136.198.147.93 - - [17/Nov/2017:19:43:15 +0000] "GET /category/finance HTTP/1.1" 200 132 "-" "Mozilla/5.0 (Windows NT 6.1; WOW64; rv:10.0.1) Gecko/20100101 Firefox/10.0.1"
152.150.118.201 - - [17/Nov/2017:19:43:20 +0000] "GET /item/electronics/3271 HTTP/1.1" 200 138 "-" "Mozilla/5.0 (Windows NT 6.1; WOW64) AppleWebKit/535.7 (KHTML, like Gecko) Chrome/16.0.912.77 Safari/535.7"
172.201.30.205 - - [17/Nov/2017:19:43:25 +0000] "GET /item/software/2512 HTTP/1.1" 200 112 "/category/health" "Mozilla/5.0 (compatible; MSIE 9.0; Windows NT 6.1; WOW64; Trident/5.0)"
192.126.144.136 - - [17/Nov/2017:19:43:30 +0000] "GET /item/books/3487 HTTP/1.1" 200 92 "/category/books" "Mozilla/4.0 (compatible; MSIE 8.0; Windows NT 6.1; Trident/4.0; YTB730; SLCC2; .NET CLR 2.0.50727; .NET CLR 3.5.30729; .NET CLR 3.0.30729; Media Center PC 6.0; .NET4.0C)"
228.123.64.116 - - [17/Nov/2017:19:43:35 +0000] "GET /category/electronics?from=20 HTTP/1.1" 200 52 "/category/electronics" "Mozilla/5.0 (Macintosh; Intel Mac OS X 10.6; rv:9.0.1) Gecko/20100101 Firefox/9.0.1"
176.84.117.57 - - [17/Nov/2017:19:43:40 +0000] "GET /category/software HTTP/1.1" 200 70 "-" "Mozilla/5.0 (iPad; CPU OS 5_0_1 like Mac OS X) AppleWebKit/534.46 (KHTML, like Gecko) Version/5.1 Mobile/9A405 Safari/7534.48.3"
84.117.68.27 - - [17/Nov/2017:19:43:45 +0000] "GET /category/games?from=20 HTTP/1.1" 200 42 "/item/software/3523" "Mozilla/5.0 (Windows NT 6.0) AppleWebKit/535.11 (KHTML, like Gecko) Chrome/17.0.963.56 Safari/535.11"
192.90.171.212 - - [17/Nov/2017:19:43:50 +0000] "GET /item/games/2649 HTTP/1.1" 200 61 "-" "Mozilla/5.0 (compatible; Googlebot/2.1; +http://www.google.com/bot.html)"
56.168.99.190 - - [17/Nov/2017:19:43:55 +0000] "GET /category/games HTTP/1.1" 200 101 "/category/games?from=10" "Mozilla/5.0 (iPhone; CPU iPhone OS 5_0_1 like Mac OS X) AppleWebKit/534.46 (KHTML, like Gecko) Version/5.1 Mobile/9A405 Safari/7534.48.3"
152.207.187.181 - - [17/Nov/2017:19:44:00 +0000] "GET /category/toys HTTP/1.1" 200 93 "-" "Mozilla/4.0 (compatible; MSIE 8.0; Windows NT 6.1; WOW64; Trident/4.0; YTB730; GTB7.2; SLCC2; .NET CLR 2.0.50727; .NET CLR 3.5.30729; .NET CLR 3.0.30729; .NET4.0C; .NET4.0E; Media Center PC 6.0)"
40.135.213.74 - - [17/Nov/2017:19:44:05 +0000] "GET /item/office/1168 HTTP/1.1" 200 135 "/category/books" "Mozilla/5.0 (compatible; Googlebot/2.1; +http://www.google.com/bot.html)"
140.204.32.148 - - [17/Nov/2017:19:44:10 +0000] "GET /category/electronics HTTP/1.1" 200 44 "-" "Mozilla/5.0 (compatible; MSIE 9.0; Windows NT 6.1; Trident/5.0)"
48.54.101.46 - - [17/Nov/2017:19:44:15 +0000] "GET /category/jewelry?from=10 HTTP/1.1" 200 106 "/category/cameras" "Mozilla/5.0 (compatible; MSIE 9.0; Windows NT 6.1; Trident/5.0)"
172.186.119.42 - - [17/Nov/2017:19:44:20 +0000] "GET /category/books HTTP/1.1" 200 101 "-" "Mozilla/4.0 (compatible; MSIE 8.0; Windows NT 6.1; WOW64; Trident/4.0; YTB730; GTB7.2; EasyBits GO v1.0; SLCC2; .NET CLR 2.0.50727; .NET CLR 3.5.30729; .NET CLR 3.0.30729; Media Center PC 6.0; .NET4.0C)"
140.102.40.156 - - [17/Nov/2017:19:44:25 +0000] "GET /category/electronics?from=0 HTTP/1.1" 200 112 "-" "Mozilla/5.0 (Windows NT 6.1; WOW64) AppleWebKit/535.11 (KHTML, like Gecko) Chrome/17.0.963.56 Safari/535.11"
216.219.89.75 - - [17/Nov/2017:19:44:30 +0000] "GET /category/electronics HTTP/1.1" 200 112 "-" "Mozilla/4.0 (compatible; MSIE 8.0; Windows NT 6.0; WOW64; Trident/4.0; GTB6; SLCC1; .NET CLR 2.0.50727; Media Center PC 5.0; .NET CLR 3.5.30729; .NET CLR 3.0.30618; .NET4.0C)"
144.114.134.210 - - [17/Nov/2017:19:44:35 +0000] "GET /category/software HTTP/1.1" 200 93 "-" "Mozilla/5.0 (iPad; CPU OS 5_0_1 like Mac OS X) AppleWebKit/534.46 (KHTML, like Gecko) Version/5.1 Mobile/9A405 Safari/7534.48.3"
80.96.105.54 - - [17/Nov/2017:19:44:40 +0000] "GET /item/games/743 HTTP/1.1" 200 128 "-" "Mozilla/5.0 (compatible; MSIE 9.0; Windows NT 6.1; WOW64; Trident/5.0)"
144.210.145.43 - - [17/Nov/2017:19:44:45 +0000] "GET /item/electronics/681 HTTP/1.1" 200 64 "/category/electronics" "Mozilla/4.0 (compatible; MSIE 8.0; Windows NT 6.1; WOW64; Trident/4.0; YTB730; GTB7.2; SLCC2; .NET CLR 2.0.50727; .NET CLR 3.5.30729; .NET CLR 3.0.30729; .NET4.0C; .NET4.0E; Media Center PC 6.0)"
44.162.33.184 - - [17/Nov/2017:19:44:50 +0000] "GET /item/software/4933 HTTP/1.1" 200 52 "-" "Mozilla/5.0 (compatible; MSIE 9.0; Windows NT 6.1; Trident/5.0)"
76.225.209.116 - - [17/Nov/2017:19:44:55 +0000] "GET /category/finance HTTP/1.1" 200 71 "-" "Mozilla/5.0 (Macintosh; Intel Mac OS X 10.6; rv:9.0.1) Gecko/20100101 Firefox/9.0.1"
56.168.99.190 - - [17/Nov/2017:19:45:00 +0000] "GET /item/games/2649 HTTP/1.1" 200 61 "/category/health" "Mozilla/4.0 (compatible; MSIE 8.0; Windows NT 6.1; WOW64; Trident/4.0; YTB730; GTB7.2; EasyBits GO v1.0; SLCC2; .NET CLR 2.0.50727; .NET CLR 3.5.30729; .NET CLR 3.0.30729; Media Center PC 6.0; .NET4.0C)"
52.192.158.142 - - [17/Nov/2017:19:45:05 +0000] "GET /category/games HTTP/1.1" 200 137 "-" "Mozilla/5.0 (Windows NT 6.1; WOW64) AppleWebKit/535.7 (KHTML, like Gecko) Chrome/16.0.912.77 Safari/535.7"
192.54.221.227 - - [17/Nov/2017:19:45:10 +0000] "GET /category/garden HTTP/1.1" 200 47 "-" "Mozilla/5.0 (Windows NT 6.0; rv:10.0.1) Gecko/20100101 Firefox/10.0.1"
124.180.221.151 - - [17/Nov/2017:19:45:15 +0000] "GET /item/cameras/1442 HTTP/1.1" 200 56 "/search/?c=Cameras+Finance" "Mozilla/4.0 (compatible; MSIE 8.0; Windows NT 6.0; WOW64; Trident/4.0; GTB6; SLCC1; .NET CLR 2.0.50727; Media Center PC 5.0; .NET CLR 3.5.30729; .NET CLR 3.0.30618; .NET4.0C)"
20.192.47.128 - - [17/Nov/2017:19:45:20 +0000] "GET /category/electronics HTTP/1.1" 200 72 "/category/office" "Mozilla/5.0 (Windows NT 6.1; WOW64) AppleWebKit/535.7 (KHTML, like Gecko) Chrome/16.0.912.77 Safari/535.7"
148.108.60.129 - - [17/Nov/2017:19:45:25 +0000] "GET /item/garden/1912 HTTP/1.1" 200 84 "-" "Mozilla/4.0 (compatible; MSIE 8.0; Windows NT 5.1; Trident/4.0; BTRS122159; GTB7.2; .NET CLR 1.1.4322; .NET CLR 2.0.50727; .NET CLR 3.0.04506.30; .NET CLR 3.0.4506.2152; .NET CLR 3.5.30729; BRI/2)"
208.126.73.169 - - [17/Nov/2017:19:45:30 +0000] "GET /item/software/1323 HTTP/1.1" 200 74 "/search/?c=Electronics+Garden" "Mozilla/5.0 (Windows NT 6.0; rv:10.0.1) Gecko/20100101 Firefox/10.0.1"
24.150.142.226 - - [17/Nov/2017:19:45:35 +0000] "GET /category/jewelry HTTP/1.1" 200 113 "-" "Mozilla/4.0 (compatible; MSIE 8.0; Windows NT 6.0; WOW64; Trident/4.0; GTB6; SLCC1; .NET CLR 2.0.50727; Media Center PC 5.0; .NET CLR 3.5.30729; .NET CLR 3.0.30618; .NET4.0C)"
44.159.148.20 - - [17/Nov/2017:19:45:40 +0000] "GET /category/garden HTTP/1.1" 200 122 "-" "Mozilla/5.0 (compatible; MSIE 9.0; Windows NT 6.1; WOW64; Trident/5.0)"
216.30.210.172 - - [17/Nov/2017:19:45:45 +0000] "GET /category/books HTTP/1.1" 200 54 "/category/games" "Mozilla/5.0 (iPhone; CPU iPhone OS 5_0_1 like Mac OS X) AppleWebKit/534.46 (KHTML, like Gecko) Version/5.1 Mobile/9A405 Safari/7534.48.3"
164.177.22.225 - - [17/Nov/2017:19:45:50 +0000] "GET /item/games/3164 HTTP/1.1" 200 49 "http://www.google.com/search?ie=UTF-8&q=google&sclient=psy-ab&q=Games&oq=Games&aq=f&aqi=g-vL1&aql=&pbx=1&bav=on.2,or.r_gc.r_pw.r_qf.,cf.osb&biw=2681&bih=472" "Mozilla/5.0 (Windows NT 5.1) AppleWebKit/535.11 (KHTML, like Gecko) Chrome/17.0.963.46 Safari/535.11"
60.150.49.62 - - [17/Nov/2017:19:45:55 +0000] "GET /item/networking/3831 HTTP/1.1" 200 85 "/item/computers/3259" "Mozilla/5.0 (compatible; MSIE 9.0; Windows NT 6.1; WOW64; Trident/5.0)"
76.138.226.38 - - [17/Nov/2017:19:46:00 +0000] "GET /category/giftcards HTTP/1.1" 200 126 "-" "Mozilla/5.0 (Windows NT 6.1; WOW64; rv:10.0.1) Gecko/20100101 Firefox/10.0.1"
28.87.124.152 - - [17/Nov/2017:19:46:05 +0000] "GET /category/health HTTP/1.1" 200 103 "/category/software" "Mozilla/5.0 (Windows NT 6.0; rv:10.0.1) Gecko/20100101 Firefox/10.0.1"
184.162.181.93 - - [17/Nov/2017:19:46:10 +0000] "GET /item/software/1323 HTTP/1.1" 200 74 "http://www.google.com/search?ie=UTF-8&q=google&sclient=psy-ab&q=Software+Giftcards&oq=Software+Giftcards&aq=f&aqi=g-vL1&aql=&pbx=1&bav=on.2,or.r_gc.r_pw.r_qf.,cf.osb&biw=980&bih=102" "Mozilla/5.0 (Windows NT 6.1; WOW64) AppleWebKit/535.11 (KHTML, like Gecko) Chrome/17.0.963.56 Safari/535.11"
76.48.201.164 - - [17/Nov/2017:19:46:15 +0000] "GET /category/books HTTP/1.1" 200 41 "-" "Mozilla/4.0 (compatible; MSIE 8.0; Windows NT 6.1; WOW64; Trident/4.0; GTB7.2; SLCC2; .NET CLR 2.0.50727; .NET CLR 3.5.30729; .NET CLR 3.0.30729; Media Center PC 6.0; .NET4.0C)"
72.219.156.125 - - [17/Nov/2017:19:46:20 +0000] "GET /category/cameras HTTP/1.1" 200 69 "/category/garden" "Mozilla/5.0 (compatible; MSIE 9.0; Windows NT 6.1; WOW64; Trident/5.0)"
168.27.211.221 - - [17/Nov/2017:19:46:25 +0000] "GET /category/software HTTP/1.1" 200 118 "/item/giftcards/2452" "Mozilla/5.0 (Windows NT 6.1; WOW64; rv:10.0.1) Gecko/20100101 Firefox/10.0.1"
216.138.190.49 - - [17/Nov/2017:19:46:30 +0000] "GET /category/office HTTP/1.1" 200 128 "/item/electronics/1466" "Mozilla/5.0 (Windows NT 6.1; WOW64) AppleWebKit/535.7 (KHTML, like Gecko) Chrome/16.0.912.77 Safari/535.7"
104.141.80.150 - - [17/Nov/2017:19:46:35 +0000] "GET /item/electronics/4947 HTTP/1.1" 200 124 "-" "Mozilla/5.0 (compatible; MSIE 9.0; Windows NT 6.1; WOW64; Trident/5.0)"
120.57.151.184 - - [17/Nov/2017:19:46:40 +0000] "GET /item/software/3586 HTTP/1.1" 200 111 "-" "Mozilla/5.0 (iPhone; CPU iPhone OS 5_0_1 like Mac OS X) AppleWebKit/534.46 (KHTML, like Gecko) Version/5.1 Mobile/9A405 Safari/7534.48.3"
164.75.155.177 - - [17/Nov/2017:19:46:45 +0000] "GET /item/electronics/2670 HTTP/1.1" 200 51 "/item/books/4586" "Mozilla/5.0 (Macintosh; Intel Mac OS X 10.6; rv:9.0.1) Gecko/20100101 Firefox/9.0.1"
160.216.60.23 - - [17/Nov/2017:19:46:50 +0000] "GET /category/electronics HTTP/1.1" 200 61 "/item/office/2035" "Mozilla/5.0 (Windows NT 5.1) AppleWebKit/535.11 (KHTML, like Gecko) Chrome/17.0.963.46 Safari/535.11"
200.39.205.215 - - [17/Nov/2017:19:46:55 +0000] "GET /item/health/4912 HTTP/1.1" 200 105 "/category/music?from=0" "Mozilla/4.0 (compatible; MSIE 8.0; Windows NT 5.1; Trident/4.0; BTRS122159; GTB7.2; .NET CLR 1.1.4322; .NET CLR 2.0.50727; .NET CLR 3.0.04506.30; .NET CLR 3.0.4506.2152; .NET CLR 3.5.30729; BRI/2)"
40.135.213.74 - - [17/Nov/2017:19:47:00 +0000] "GET /item/sports/933 HTTP/1.1" 200 83 "http://www.google.com/search?ie=UTF-8&q=google&sclient=psy-ab&q=Sports&oq=Sports&aq=f&aqi=g-vL1&aql=&pbx=1&bav=on.2,or.r_gc.r_pw.r_qf.,cf.osb&biw=1733&bih=379" "Mozilla/5.0 (compatible; Googlebot/2.1; +http://www.google.com/bot.html)"
156.159.223.147 - - [17/Nov/2017:19:47:05 +0000] "GET /item/jewelry/4114 HTTP/1.1" 404 139 "/search/?c=Jewelry" "Mozilla/4.0 (compatible; MSIE 8.0; Windows NT 6.1; WOW64; Trident/4.0; YTB730; GTB7.2; SLCC2; .NET CLR 2.0.50727; .NET CLR 3.5.30729; .NET CLR 3.0.30729; .NET4.0C; .NET4.0E; Media Center PC 6.0)"
44.198.69.129 - - [17/Nov/2017:19:47:10 +0000] "GET /category/computers HTTP/1.1" 200 106 "/category/health" "Mozilla/5.0 (compatible; MSIE 9.0; Windows NT 6.1; WOW64; Trident/5.0)"
128.159.112.128 - - [17/Nov/2017:19:47:15 +0000] "GET /item/toys/1044 HTTP/1.1" 200 40 "/search/?c=Toys" "Mozilla/5.0 (Windows NT 5.1) AppleWebKit/535.11 (KHTML, like Gecko) Chrome/17.0.963.46 Safari/535.11"
128.90.218.42 - - [17/Nov/2017:19:47:20 +0000] "GET /category/computers?from=0 HTTP/1.1" 200 40 "/search/?c=Computers" "Mozilla/4.0 (compatible; MSIE 8.0; Windows NT 6.1; WOW64; Trident/4.0; GTB7.2; SLCC2; .NET CLR 2.0.50727; .NET CLR 3.5.30729; .NET CLR 3.0.30729; Media Center PC 6.0; .NET4.0C)"
112.165.201.203 - - [17/Nov/2017:19:47:25 +0000] "GET /category/networking HTTP/1.1" 200 108 "-" "Mozilla/5.0 (Windows NT 6.0) AppleWebKit/535.11 (KHTML, like Gecko) Chrome/17.0.963.56 Safari/535.11"
32.222.29.160 - - [17/Nov/2017:19:47:30 +0000] "GET /category/electronics HTTP/1.1" 200 113 "-" "Mozilla/5.0 (Macintosh; Intel Mac OS X 10.6; rv:9.0.1) Gecko/20100101 Firefox/9.0.1"
20.60.125.37 - - [17/Nov/2017:19:47:35 +0000] "GET /category/finance HTTP/1.1" 200 124 "/item/software/2711" "Mozilla/5.0 (Windows NT 6.1; WOW64) AppleWebKit/535.11 (KHTML, like Gecko) Chrome/17.0.963.56 Safari/535.11"
152.48.198.194 - - [17/Nov/2017:19:47:40 +0000] "GET /category/books HTTP/1.1" 200 55 "-" "Mozilla/4.0 (compatible; MSIE 8.0; Windows NT 6.1; WOW64; Trident/4.0; YTB730; GTB7.2; EasyBits GO v1.0; SLCC2; .NET CLR 2.0.50727; .NET CLR 3.5.30729; .NET CLR 3.0.30729; Media Center PC 6.0; .NET4.0C)"
136.147.227.152 - - [17/Nov/2017:19:47:45 +0000] "GET /category/garden HTTP/1.1" 200 94 "-" "Mozilla/5.0 (Windows NT 6.1; WOW64) AppleWebKit/535.11 (KHTML, like Gecko) Chrome/17.0.963.56 Safari/535.11"
120.33.154.173 - - [17/Nov/2017:19:47:50 +0000] "GET /item/garden/1060 HTTP/1.1" 200 74 "/category/health" "Mozilla/4.0 (compatible; MSIE 8.0; Windows NT 6.1; WOW64; Trident/4.0; YTB730; GTB7.2; SLCC2; .NET CLR 2.0.50727; .NET CLR 3.5.30729; .NET CLR 3.0.30729; .NET4.0C; .NET4.0E; Media Center PC 6.0)"
116.48.59.21 - - [17/Nov/2017:19:47:55 +0000] "GET /item/giftcards/3907 HTTP/1.1" 200 93 "/category/giftcards" "Mozilla/4.0 (compatible; MSIE 8.0; Windows NT 5.1; Trident/4.0; BTRS122159; GTB7.2; .NET CLR 1.1.4322; .NET CLR 2.0.50727; .NET CLR 3.0.04506.30; .NET CLR 3.0.4506.2152; .NET CLR 3.5.30729; BRI/2)"
72.129.64.28 - - [17/Nov/2017:19:48:00 +0000] "GET /category/networking?from=10 HTTP/1.1" 200 127 "-" "Mozilla/5.0 (Macintosh; Intel Mac OS X 10.6; rv:9.0.1) Gecko/20100101 Firefox/9.0.1"
192.126.144.136 - - [17/Nov/2017:19:48:05 +0000] "GET /category/office HTTP/1.1" 200 132 "-" "Mozilla/5.0 (Windows NT 6.0; rv:10.0.1) Gecko/20100101 Firefox/10.0.1"
136.108.176.209 - - [17/Nov/2017:19:48:10 +0000] "POST /search/?c=Garden+Networking HTTP/1.1" 200 130 "/category/games" "Mozilla/5.0 (Macintosh; Intel Mac OS X 10.6; rv:9.0.1) Gecko/20100101 Firefox/9.0.1"
112.18.198.226 - - [17/Nov/2017:19:48:15 +0000] "GET /item/electronics/3529 HTTP/1.1" 404 122 "-" "Mozilla/5.0 (Windows NT 6.0; rv:10.0.1) Gecko/20100101 Firefox/10.0.1"
152.90.220.86 - - [17/Nov/2017:19:48:20 +0000] "GET /item/electronics/1042 HTTP/1.1" 200 130 "-" "Mozilla/5.0 (Windows NT 6.1; WOW64; rv:10.0.1) Gecko/20100101 Firefox/10.0.1"
168.216.60.85 - - [17/Nov/2017:19:48:25 +0000] "GET /item/software/517 HTTP/1.1" 200 123 "/item/music/4221" "Mozilla/5.0 (Windows NT 6.1; WOW64) AppleWebKit/535.7 (KHTML, like Gecko) Chrome/16.0.912.77 Safari/535.7"
92.117.108.135 - - [17/Nov/2017:19:48:30 +0000] "GET /category/computers HTTP/1.1" 200 94 "/category/electronics" "Mozilla/5.0 (Windows NT 6.1; WOW64; rv:10.0.1) Gecko/20100101 Firefox/10.0.1"
48.213.177.74 - - [17/Nov/2017:19:48:35 +0000] "POST /search/?c=Games+Giftcards HTTP/1.1" 200 78 "/item/electronics/2595" "Mozilla/5.0 (Windows NT 6.1; WOW64) AppleWebKit/535.7 (KHTML, like Gecko) Chrome/16.0.912.77 Safari/535.7"
152.63.117.36 - - [17/Nov/2017:19:48:40 +0000] "GET /category/electronics?from=10 HTTP/1.1" 200 119 "-" "Mozilla/5.0 (Windows NT 6.1; WOW64; rv:10.0.1) Gecko/20100101 Firefox/10.0.1"
92.99.34.90 - - [17/Nov/2017:19:48:45 +0000] "GET /category/books?from=0 HTTP/1.1" 200 74 "/item/electronics/3314" "Mozilla/5.0 (compatible; Googlebot/2.1; +http://www.google.com/bot.html)"
128.177.137.56 - - [17/Nov/2017:19:48:50 +0000] "GET /item/games/905 HTTP/1.1" 200 55 "/category/electronics" "Mozilla/5.0 (compatible; Googlebot/2.1; +http://www.google.com/bot.html)"
44.198.69.129 - - [17/Nov/2017:19:48:55 +0000] "GET /category/books HTTP/1.1" 200 84 "/category/games" "Mozilla/5.0 (compatible; MSIE 9.0; Windows NT 6.1; WOW64; Trident/5.0)"
116.222.179.198 - - [17/Nov/2017:19:49:00 +0000] "GET /item/books/180 HTTP/1.1" 200 126 "/category/office" "Mozilla/5.0 (Windows NT 5.1) AppleWebKit/535.11 (KHTML, like Gecko) Chrome/17.0.963.46 Safari/535.11"
36.132.162.159 - - [17/Nov/2017:19:49:05 +0000] "GET /item/software/2512 HTTP/1.1" 200 112 "/search/?c=Software+Books" "Mozilla/5.0 (Macintosh; Intel Mac OS X 10.6; rv:9.0.1) Gecko/20100101 Firefox/9.0.1"
36.198.198.61 - - [17/Nov/2017:19:49:10 +0000] "GET /item/computers/1272 HTTP/1.1" 200 98 "/category/office?from=0" "Mozilla/5.0 (Windows NT 6.1; WOW64) AppleWebKit/535.11 (KHTML, like Gecko) Chrome/17.0.963.56 Safari/535.11"
104.30.165.166 - - [17/Nov/2017:19:49:15 +0000] "GET /category/giftcards?from=0 HTTP/1.1" 200 81 "/category/books" "Mozilla/5.0 (compatible; MSIE 9.0; Windows NT 6.1; WOW64; Trident/5.0)"
220.126.137.81 - - [17/Nov/2017:19:49:20 +0000] "GET /category/office HTTP/1.1" 200 117 "http://www.google.com/search?ie=UTF-8&q=google&sclient=psy-ab&q=Office&oq=Office&aq=f&aqi=g-vL1&aql=&pbx=1&bav=on.2,or.r_gc.r_pw.r_qf.,cf.osb&biw=2933&bih=327" "Mozilla/5.0 (Windows NT 6.0) AppleWebKit/535.11 (KHTML, like Gecko) Chrome/17.0.963.56 Safari/535.11"
100.48.146.116 - - [17/Nov/2017:19:49:25 +0000] "GET /category/jewelry HTTP/1.1" 200 77 "/category/software" "Mozilla/4.0 (compatible; MSIE 8.0; Windows NT 6.1; Trident/4.0; YTB730; SLCC2; .NET CLR 2.0.50727; .NET CLR 3.5.30729; .NET CLR 3.0.30729; Media Center PC 6.0; .NET4.0C)"
192.213.30.56 - - [17/Nov/2017:19:49:30 +0000] "GET /category/music HTTP/1.1" 200 92 "/item/games/1697" "Mozilla/5.0 (Windows NT 6.0; rv:10.0.1) Gecko/20100101 Firefox/10.0.1"
56.153.218.154 - - [17/Nov/2017:19:49:35 +0000] "GET /category/finance HTTP/1.1" 200 68 "/item/office/84" "Mozilla/5.0 (Windows NT 5.1) AppleWebKit/535.11 (KHTML, like Gecko) Chrome/17.0.963.46 Safari/535.11"
220.72.103.132 - - [17/Nov/2017:19:49:40 +0000] "GET /item/finance/2872 HTTP/1.1" 200 40 "/search/?c=Finance+Jewelry" "Mozilla/5.0 (Windows NT 6.0) AppleWebKit/535.11 (KHTML, like Gecko) Chrome/17.0.963.56 Safari/535.11"
168.225.50.133 - - [17/Nov/2017:19:49:45 +0000] "GET /category/electronics HTTP/1.1" 200 88 "-" "Mozilla/5.0 (Macintosh; Intel Mac OS X 10.6; rv:9.0.1) Gecko/20100101 Firefox/9.0.1"
84.222.57.97 - - [17/Nov/2017:19:49:50 +0000] "GET /item/electronics/2001 HTTP/1.1" 200 90 "/item/computers/1943" "Mozilla/5.0 (Windows NT 5.1) AppleWebKit/535.11 (KHTML, like Gecko) Chrome/17.0.963.46 Safari/535.11"
140.27.85.29 - - [17/Nov/2017:19:49:55 +0000] "GET /category/garden HTTP/1.1" 200 117 "-" "Mozilla/4.0 (compatible; MSIE 8.0; Windows NT 6.1; WOW64; Trident/4.0; GTB7.2; SLCC2; .NET CLR 2.0.50727; .NET CLR 3.5.30729; .NET CLR 3.0.30729; Media Center PC 6.0; .NET4.0C)"
184.210.102.195 - - [17/Nov/2017:19:50:00 +0000] "GET /category/garden HTTP/1.1" 200 134 "-" "Mozilla/5.0 (Windows NT 6.1; WOW64) AppleWebKit/535.11 (KHTML, like Gecko) Chrome/17.0.963.56 Safari/535.11"
52.192.158.142 - - [17/Nov/2017:19:50:05 +0000] "GET /item/music/2928 HTTP/1.1" 200 80 "-" "Mozilla/5.0 (compatible; MSIE 9.0; Windows NT 6.1; WOW64; Trident/5.0)"
140.63.197.40 - - [17/Nov/2017:19:50:10 +0000] "GET /item/electronics/722 HTTP/1.1" 200 102 "/category/electronics" "Mozilla/5.0 (Windows NT 6.1; WOW64) AppleWebKit/535.7 (KHTML, like Gecko) Chrome/16.0.912.77 Safari/535.7"
28.45.145.192 - - [17/Nov/2017:19:50:15 +0000] "GET /category/electronics HTTP/1.1" 200 62 "/category/books" "Mozilla/5.0 (Macintosh; Intel Mac OS X 10.6; rv:9.0.1) Gecko/20100101 Firefox/9.0.1"
140.102.40.156 - - [17/Nov/2017:19:50:20 +0000] "POST /search/?c=Toys HTTP/1.1" 200 96 "-" "Mozilla/5.0 (compatible; MSIE 9.0; Windows NT 6.1; WOW64; Trident/5.0)"
204.132.57.59 - - [17/Nov/2017:19:50:25 +0000] "GET /category/office HTTP/1.1" 200 132 "/item/office/2904" "Mozilla/5.0 (compatible; Googlebot/2.1; +http://www.google.com/bot.html)"
192.198.25.191 - - [17/Nov/2017:19:50:30 +0000] "GET /item/cameras/3403 HTTP/1.1" 200 108 "/category/networking" "Mozilla/5.0 (compatible; MSIE 9.0; Windows NT 6.1; Trident/5.0)"
132.84.135.35 - - [17/Nov/2017:19:50:35 +0000] "GET /category/games HTTP/1.1" 200 101 "-" "Mozilla/5.0 (iPad; CPU OS 5_0_1 like Mac OS X) AppleWebKit/534.46 (KHTML, like Gecko) Version/5.1 Mobile/9A405 Safari/7534.48.3"
104.189.169.48 - - [17/Nov/2017:19:50:40 +0000] "GET /category/jewelry HTTP/1.1" 200 40 "/item/sports/4699" "Mozilla/5.0 (Windows NT 6.0; rv:10.0.1) Gecko/20100101 Firefox/10.0.1"
128.54.131.218 - - [17/Nov/2017:19:50:45 +0000] "GET /category/books HTTP/1.1" 200 40 "/category/electronics" "Mozilla/5.0 (Windows NT 6.0; rv:10.0.1) Gecko/20100101 Firefox/10.0.1"
32.162.92.58 - - [17/Nov/2017:19:50:50 +0000] "GET /category/books HTTP/1.1" 200 41 "-" "Mozilla/5.0 (Windows NT 6.1; WOW64; rv:10.0.1) Gecko/20100101 Firefox/10.0.1"
188.171.194.118 - - [17/Nov/2017:19:50:55 +0000] "GET /item/software/1527 HTTP/1.1" 200 64 "/category/jewelry" "Mozilla/4.0 (compatible; MSIE 8.0; Windows NT 6.1; Trident/4.0; YTB730; SLCC2; .NET CLR 2.0.50727; .NET CLR 3.5.30729; .NET CLR 3.0.30729; Media Center PC 6.0; .NET4.0C)"
156.189.180.223 - - [17/Nov/2017:19:51:00 +0000] "GET /item/electronics/106 HTTP/1.1" 200 50 "/category/books" "Mozilla/5.0 (Windows NT 6.0; rv:10.0.1) Gecko/20100101 Firefox/10.0.1"
116.198.83.162 - - [17/Nov/2017:19:51:05 +0000] "GET /category/electronics HTTP/1.1" 200 138 "http://www.google.com/search?ie=UTF-8&q=google&sclient=psy-ab&q=Electronics&oq=Electronics&aq=f&aqi=g-vL1&aql=&pbx=1&bav=on.2,or.r_gc.r_pw.r_qf.,cf.osb&biw=4196&bih=208" "Mozilla/5.0 (Macintosh; Intel Mac OS X 10.6; rv:9.0.1) Gecko/20100101 Firefox/9.0.1"
84.189.117.50 - - [17/Nov/2017:19:51:10 +0000] "GET /category/office HTTP/1.1" 200 43 "-" "Mozilla/5.0 (compatible; MSIE 9.0; Windows NT 6.1; WOW64; Trident/5.0)"
60.117.58.163 - - [17/Nov/2017:19:51:15 +0000] "GET /category/office HTTP/1.1" 200 57 "/category/games" "Mozilla/4.0 (compatible; MSIE 8.0; Windows NT 6.0; WOW64; Trident/4.0; GTB6; SLCC1; .NET CLR 2.0.50727; Media Center PC 5.0; .NET CLR 3.5.30729; .NET CLR 3.0.30618; .NET4.0C)"
188.177.87.130 - - [17/Nov/2017:19:51:20 +0000] "GET /category/books HTTP/1.1" 200 78 "-" "Mozilla/5.0 (Windows NT 5.1) AppleWebKit/535.11 (KHTML, like Gecko) Chrome/17.0.963.46 Safari/535.11"
212.45.141.113 - - [17/Nov/2017:19:51:25 +0000] "GET /category/electronics HTTP/1.1" 200 52 "/category/electronics" "Mozilla/5.0 (Windows NT 6.1; WOW64) AppleWebKit/535.11 (KHTML, like Gecko) Chrome/17.0.963.56 Safari/535.11"
128.213.155.67 - - [17/Nov/2017:19:51:30 +0000] "GET /category/books HTTP/1.1" 200 49 "-" "Mozilla/5.0 (Windows NT 6.0; rv:10.0.1) Gecko/20100101 Firefox/10.0.1"
68.72.35.74 - - [17/Nov/2017:19:51:35 +0000] "GET /category/electronics HTTP/1.1" 200 130 "/category/toys" "Mozilla/4.0 (compatible; MSIE 8.0; Windows NT 6.1; Trident/4.0; YTB730; SLCC2; .NET CLR 2.0.50727; .NET CLR 3.5.30729; .NET CLR 3.0.30729; Media Center PC 6.0; .NET4.0C)"
52.153.207.187 - - [17/Nov/2017:19:51:40 +0000] "POST /search/?c=Games+Giftcards HTTP/1.1" 200 78 "/category/electronics" "Mozilla/4.0 (compatible; MSIE 8.0; Windows NT 6.1; Trident/4.0; YTB730; SLCC2; .NET CLR 2.0.50727; .NET CLR 3.5.30729; .NET CLR 3.0.30729; Media Center PC 6.0; .NET4.0C)"
116.123.101.195 - - [17/Nov/2017:19:51:45 +0000] "GET /item/software/71 HTTP/1.1" 200 116 "/category/computers?from=0" "Mozilla/5.0 (Windows NT 6.1; WOW64) AppleWebKit/535.11 (KHTML, like Gecko) Chrome/17.0.963.56 Safari/535.11"
160.93.50.158 - - [17/Nov/2017:19:51:50 +0000] "GET /category/games?from=0 HTTP/1.1" 200 72 "/category/software" "Mozilla/5.0 (compatible; MSIE 9.0; Windows NT 6.1; WOW64; Trident/5.0)"
164.120.163.97 - - [17/Nov/2017:19:51:55 +0000] "GET /category/software?from=0 HTTP/1.1" 200 40 "/search/?c=Music+Music" "Mozilla/5.0 (Windows NT 5.1) AppleWebKit/535.11 (KHTML, like Gecko) Chrome/17.0.963.46 Safari/535.11"
68.195.70.77 - - [17/Nov/2017:19:52:00 +0000] "GET /category/office HTTP/1.1" 200 43 "-" "Mozilla/5.0 (compatible; MSIE 9.0; Windows NT 6.1; WOW64; Trident/5.0)"
124.105.200.100 - - [17/Nov/2017:19:52:05 +0000] "GET /item/electronics/1678 HTTP/1.1" 200 108 "/category/software" "Mozilla/4.0 (compatible; MSIE 8.0; Windows NT 5.1; Trident/4.0; BTRS122159; GTB7.2; .NET CLR 1.1.4322; .NET CLR 2.0.50727; .NET CLR 3.0.04506.30; .NET CLR 3.0.4506.2152; .NET CLR 3.5.30729; BRI/2)"
56.189.95.197 - - [17/Nov/2017:19:52:10 +0000] "GET /category/health HTTP/1.1" 200 118 "/category/electronics" "Mozilla/5.0 (compatible; Googlebot/2.1; +http://www.google.com/bot.html)"
80.45.35.178 - - [17/Nov/2017:19:52:15 +0000] "GET /item/electronics/2101 HTTP/1.1" 200 84 "/category/electronics" "Mozilla/5.0 (Windows NT 6.1; WOW64) AppleWebKit/535.11 (KHTML, like Gecko) Chrome/17.0.963.56 Safari/535.11"
212.66.174.222 - - [17/Nov/2017:19:52:20 +0000] "GET /category/electronics HTTP/1.1" 200 61 "-" "Mozilla/5.0 (Windows NT 6.0; rv:10.0.1) Gecko/20100101 Firefox/10.0.1"
104.141.83.168 - - [17/Nov/2017:19:52:25 +0000] "GET /category/finance HTTP/1.1" 200 71 "-" "Mozilla/5.0 (Macintosh; Intel Mac OS X 10.6; rv:9.0.1) Gecko/20100101 Firefox/9.0.1"
56.123.41.47 - - [17/Nov/2017:19:52:30 +0000] "POST /search/?c=Games+Electronics HTTP/1.1" 200 52 "/category/electronics" "Mozilla/5.0 (Windows NT 6.0; rv:10.0.1) Gecko/20100101 Firefox/10.0.1"
20.144.126.37 - - [17/Nov/2017:19:52:35 +0000] "GET /category/health HTTP/1.1" 200 92 "/category/software" "Mozilla/5.0 (Windows NT 6.1; WOW64) AppleWebKit/535.7 (KHTML, like Gecko) Chrome/16.0.912.77 Safari/535.7"
160.78.146.93 - - [17/Nov/2017:19:52:40 +0000] "GET /category/software?from=0 HTTP/1.1" 200 64 "-" "Mozilla/4.0 (compatible; MSIE 8.0; Windows NT 6.0; WOW64; Trident/4.0; GTB6; SLCC1; .NET CLR 2.0.50727; Media Center PC 5.0; .NET CLR 3.5.30729; .NET CLR 3.0.30618; .NET4.0C)"
148.57.150.184 - - [17/Nov/2017:19:52:45 +0000] "GET /item/electronics/1089 HTTP/1.1" 200 54 "/category/games" "Mozilla/4.0 (compatible; MSIE 8.0; Windows NT 6.0; WOW64; Trident/4.0; GTB6; SLCC1; .NET CLR 2.0.50727; Media Center PC 5.0; .NET CLR 3.5.30729; .NET CLR 3.0.30618; .NET4.0C)"
112.177.180.133 - - [17/Nov/2017:19:52:50 +0000] "GET /item/electronics/950 HTTP/1.1" 200 92 "-" "Mozilla/5.0 (Windows NT 6.0; rv:10.0.1) Gecko/20100101 Firefox/10.0.1"
96.180.146.219 - - [17/Nov/2017:19:52:55 +0000] "GET /item/garden/4029 HTTP/1.1" 200 64 "-" "Mozilla/5.0 (Windows NT 6.0) AppleWebKit/535.11 (KHTML, like Gecko) Chrome/17.0.963.56 Safari/535.11"
52.159.188.199 - - [17/Nov/2017:19:53:00 +0000] "GET /category/networking HTTP/1.1" 200 122 "-" "Mozilla/4.0 (compatible; MSIE 8.0; Windows NT 6.1; Trident/4.0; YTB730; SLCC2; .NET CLR 2.0.50727; .NET CLR 3.5.30729; .NET CLR 3.0.30729; Media Center PC 6.0; .NET4.0C)"
184.156.203.71 - - [17/Nov/2017:19:53:05 +0000] "GET /category/sports HTTP/1.1" 200 61 "/item/finance/4688" "Mozilla/5.0 (compatible; Googlebot/2.1; +http://www.google.com/bot.html)"
36.192.196.184 - - [17/Nov/2017:19:53:10 +0000] "GET /category/software HTTP/1.1" 200 92 "-" "Mozilla/5.0 (Windows NT 6.1; WOW64) AppleWebKit/535.7 (KHTML, like Gecko) Chrome/16.0.912.77 Safari/535.7"
228.210.130.193 - - [17/Nov/2017:19:53:15 +0000] "GET /item/music/2069 HTTP/1.1" 200 133 "/category/health" "Mozilla/5.0 (Windows NT 5.1) AppleWebKit/535.11 (KHTML, like Gecko) Chrome/17.0.963.46 Safari/535.11"
224.36.38.130 - - [17/Nov/2017:19:53:20 +0000] "GET /category/garden HTTP/1.1" 200 114 "/category/garden" "Mozilla/5.0 (Windows NT 6.1; WOW64; rv:10.0.1) Gecko/20100101 Firefox/10.0.1"
108.171.226.164 - - [17/Nov/2017:19:53:25 +0000] "GET /category/software HTTP/1.1" 200 40 "/category/books" "Mozilla/5.0 (Windows NT 6.0; rv:10.0.1) Gecko/20100101 Firefox/10.0.1"
96.225.24.124 - - [17/Nov/2017:19:53:30 +0000] "GET /category/software HTTP/1.1" 200 116 "/category/electronics" "Mozilla/5.0 (compatible; MSIE 9.0; Windows NT 6.1; WOW64; Trident/5.0)"
128.177.137.56 - - [17/Nov/2017:19:53:35 +0000] "GET /category/electronics HTTP/1.1" 200 67 "-" "Mozilla/5.0 (compatible; Googlebot/2.1; +http://www.google.com/bot.html)"
92.48.136.180 - - [17/Nov/2017:19:53:40 +0000] "GET /item/software/3961 HTTP/1.1" 200 86 "/category/sports?from=0" "Mozilla/5.0 (Windows NT 6.1; WOW64) AppleWebKit/535.11 (KHTML, like Gecko) Chrome/17.0.963.56 Safari/535.11"
136.81.21.202 - - [17/Nov/2017:19:53:45 +0000] "GET /item/games/1885 HTTP/1.1" 200 83 "/item/electronics/1876" "Mozilla/4.0 (compatible; MSIE 8.0; Windows NT 5.1; Trident/4.0; BTRS122159; GTB7.2; .NET CLR 1.1.4322; .NET CLR 2.0.50727; .NET CLR 3.0.04506.30; .NET CLR 3.0.4506.2152; .NET CLR 3.5.30729; BRI/2)"
96.69.168.141 - - [17/Nov/2017:19:53:50 +0000] "GET /category/software HTTP/1.1" 200 87 "-" "Mozilla/5.0 (compatible; MSIE 9.0; Windows NT 6.1; WOW64; Trident/5.0)"
164.198.33.36 - - [17/Nov/2017:19:53:55 +0000] "GET /category/software HTTP/1.1" 200 123 "/search/?c=Software" "Mozilla/5.0 (iPad; CPU OS 5_0_1 like Mac OS X) AppleWebKit/534.46 (KHTML, like Gecko) Version/5.1 Mobile/9A405 Safari/7534.48.3"
140.69.87.26 - - [17/Nov/2017:19:54:00 +0000] "GET /item/electronics/681 HTTP/1.1" 200 64 "/category/software" "Mozilla/4.0 (compatible; MSIE 8.0; Windows NT 6.1; WOW64; Trident/4.0; YTB730; GTB7.2; EasyBits GO v1.0; SLCC2; .NET CLR 2.0.50727; .NET CLR 3.5.30729; .NET CLR 3.0.30729; Media Center PC 6.0; .NET4.0C)"
200.138.201.118 - - [17/Nov/2017:19:54:05 +0000] "GET /category/electronics?from=0 HTTP/1.1" 200 71 "-" "Mozilla/5.0 (Windows NT 6.1; WOW64; rv:10.0.1) Gecko/20100101 Firefox/10.0.1"
56.36.38.124 - - [17/Nov/2017:19:54:10 +0000] "GET /item/finance/4492 HTTP/1.1" 200 41 "/item/office/1168" "Mozilla/5.0 (compatible; MSIE 9.0; Windows NT 6.1; Trident/5.0)"
52.57.147.82 - - [17/Nov/2017:19:54:15 +0000] "GET /category/electronics HTTP/1.1" 200 91 "-" "Mozilla/5.0 (compatible; MSIE 9.0; Windows NT 6.1; Trident/5.0)"
104.63.161.214 - - [17/Nov/2017:19:54:20 +0000] "GET /item/garden/4153 HTTP/1.1" 200 77 "/search/?c=Garden+Games" "Mozilla/5.0 (Windows NT 6.0; rv:10.0.1) Gecko/20100101 Firefox/10.0.1"
156.90.180.107 - - [17/Nov/2017:19:54:25 +0000] "GET /item/electronics/4339 HTTP/1.1" 200 55 "/search/?c=Games" "Mozilla/5.0 (Windows NT 5.1) AppleWebKit/535.11 (KHTML, like Gecko) Chrome/17.0.963.46 Safari/535.11"
140.108.166.217 - - [17/Nov/2017:19:54:30 +0000] "GET /category/books HTTP/1.1" 200 57 "/item/games/3284" "Mozilla/5.0 (Windows NT 6.1; WOW64) AppleWebKit/535.7 (KHTML, like Gecko) Chrome/16.0.912.77 Safari/535.7"
216.30.210.172 - - [17/Nov/2017:19:54:35 +0000] "GET /category/software HTTP/1.1" 200 109 "-" "Mozilla/5.0 (iPhone; CPU iPhone OS 5_0_1 like Mac OS X) AppleWebKit/534.46 (KHTML, like Gecko) Version/5.1 Mobile/9A405 Safari/7534.48.3"
128.123.38.119 - - [17/Nov/2017:19:54:40 +0000] "GET /item/computers/809 HTTP/1.1" 200 128 "http://www.google.com/search?ie=UTF-8&q=google&sclient=psy-ab&q=Computers&oq=Computers&aq=f&aqi=g-vL1&aql=&pbx=1&bav=on.2,or.r_gc.r_pw.r_qf.,cf.osb&biw=4362&bih=138" "Mozilla/5.0 (iPhone; CPU iPhone OS 5_0_1 like Mac OS X) AppleWebKit/534.46 (KHTML, like Gecko) Version/5.1 Mobile/9A405 Safari/7534.48.3"
88.27.37.78 - - [17/Nov/2017:19:54:45 +0000] "GET /item/music/4004 HTTP/1.1" 200 64 "/item/electronics/4807" "Mozilla/5.0 (Windows NT 6.0; rv:10.0.1) Gecko/20100101 Firefox/10.0.1"
96.150.113.225 - - [17/Nov/2017:19:54:50 +0000] "GET /item/electronics/2001 HTTP/1.1" 200 90 "-" "Mozilla/5.0 (compatible; MSIE 9.0; Windows NT 6.1; WOW64; Trident/5.0)"
40.42.114.155 - - [17/Nov/2017:19:54:55 +0000] "GET /category/jewelry?from=20 HTTP/1.1" 200 107 "-" "Mozilla/5.0 (Macintosh; Intel Mac OS X 10.6; rv:9.0.1) Gecko/20100101 Firefox/9.0.1"
52.147.207.228 - - [17/Nov/2017:19:55:00 +0000] "GET /item/electronics/3030 HTTP/1.1" 200 84 "-" "Mozilla/5.0 (compatible; MSIE 9.0; Windows NT 6.1; WOW64; Trident/5.0)"
160.111.20.54 - - [17/Nov/2017:19:55:05 +0000] "GET /item/music/4004 HTTP/1.1" 200 64 "/category/music" "Mozilla/5.0 (Windows NT 5.1) AppleWebKit/535.11 (KHTML, like Gecko) Chrome/17.0.963.46 Safari/535.11"
76.144.80.172 - - [17/Nov/2017:19:55:10 +0000] "GET /category/finance HTTP/1.1" 200 68 "/item/books/939" "Mozilla/5.0 (Windows NT 6.0; rv:10.0.1) Gecko/20100101 Firefox/10.0.1"
52.27.56.220 - - [17/Nov/2017:19:55:15 +0000] "GET /category/electronics HTTP/1.1" 200 84 "-" "Mozilla/5.0 (compatible; MSIE 9.0; Windows NT 6.1; Trident/5.0)"
92.147.222.43 - - [17/Nov/2017:19:55:20 +0000] "POST /search/?c=Jewelry+Games HTTP/1.1" 200 129 "-" "Mozilla/5.0 (Windows NT 6.0) AppleWebKit/535.11 (KHTML, like Gecko) Chrome/17.0.963.56 Safari/535.11"
196.225.41.136 - - [17/Nov/2017:19:55:25 +0000] "GET /item/software/85 HTTP/1.1" 200 53 "/category/games" "Mozilla/5.0 (Macintosh; Intel Mac OS X 10.6; rv:9.0.1) Gecko/20100101 Firefox/9.0.1"
40.174.209.108 - - [17/Nov/2017:19:55:30 +0000] "POST /search/?c=Networking+Networking HTTP/1.1" 200 50 "-" "Mozilla/5.0 (Windows NT 6.0) AppleWebKit/535.11 (KHTML, like Gecko) Chrome/17.0.963.56 Safari/535.11"
44.198.64.135 - - [17/Nov/2017:19:55:35 +0000] "GET /item/garden/1634 HTTP/1.1" 200 43 "/search/?c=Garden+Garden" "Mozilla/4.0 (compatible; MSIE 8.0; Windows NT 6.1; WOW64; Trident/4.0; GTB7.2; SLCC2; .NET CLR 2.0.50727; .NET CLR 3.5.30729; .NET CLR 3.0.30729; Media Center PC 6.0; .NET4.0C)"
216.177.42.228 - - [17/Nov/2017:19:55:40 +0000] "GET /item/networking/4706 HTTP/1.1" 200 61 "-" "Mozilla/5.0 (Windows NT 6.1; WOW64) AppleWebKit/535.7 (KHTML, like Gecko) Chrome/16.0.912.77 Safari/535.7"
204.219.223.54 - - [17/Nov/2017:19:55:45 +0000] "GET /category/software HTTP/1.1" 200 110 "/category/books" "Mozilla/5.0 (Windows NT 6.1; WOW64) AppleWebKit/535.7 (KHTML, like Gecko) Chrome/16.0.912.77 Safari/535.7"
196.36.158.223 - - [17/Nov/2017:19:55:50 +0000] "GET /category/software HTTP/1.1" 200 128 "/category/electronics" "Mozilla/5.0 (Windows NT 6.0) AppleWebKit/535.11 (KHTML, like Gecko) Chrome/17.0.963.56 Safari/535.11"
60.225.108.28 - - [17/Nov/2017:19:55:55 +0000] "GET /category/software HTTP/1.1" 200 69 "-" "Mozilla/5.0 (compatible; MSIE 9.0; Windows NT 6.1; WOW64; Trident/5.0)"
112.165.201.203 - - [17/Nov/2017:19:56:00 +0000] "POST /search/?c=Books+Giftcards HTTP/1.1" 200 69 "/category/giftcards?from=10" "Mozilla/4.0 (compatible; MSIE 8.0; Windows NT 5.1; Trident/4.0; YTB720; GTB7.2; .NET CLR 1.1.4322; .NET CLR 2.0.50727; .NET CLR 3.0.4506.2152; .NET CLR 3.5.30729)"
168.210.175.118 - - [17/Nov/2017:19:56:05 +0000] "GET /category/jewelry HTTP/1.1" 200 40 "-" "Mozilla/5.0 (compatible; Googlebot/2.1; +http://www.google.com/bot.html)"
52.189.168.94 - - [17/Nov/2017:19:56:10 +0000] "GET /item/electronics/1095 HTTP/1.1" 200 106 "/search/?c=Electronics+Software" "Mozilla/5.0 (Windows NT 6.1; WOW64) AppleWebKit/535.7 (KHTML, like Gecko) Chrome/16.0.912.77 Safari/535.7"
84.108.138.186 - - [17/Nov/2017:19:56:15 +0000] "GET /category/health HTTP/1.1" 200 42 "-" "Mozilla/5.0 (Windows NT 6.0; rv:10.0.1) Gecko/20100101 Firefox/10.0.1"
196.180.153.197 - - [17/Nov/2017:19:56:20 +0000] "GET /item/electronics/1828 HTTP/1.1" 200 57 "/category/electronics" "Mozilla/4.0 (compatible; MSIE 8.0; Windows NT 5.1; Trident/4.0; BTRS122159; GTB7.2; .NET CLR 1.1.4322; .NET CLR 2.0.50727; .NET CLR 3.0.04506.30; .NET CLR 3.0.4506.2152; .NET CLR 3.5.30729; BRI/2)"
188.111.114.167 - - [17/Nov/2017:19:56:25 +0000] "GET /category/health HTTP/1.1" 200 94 "/category/jewelry" "Mozilla/5.0 (Windows NT 6.1; WOW64; rv:10.0.1) Gecko/20100101 Firefox/10.0.1"
160.78.146.93 - - [17/Nov/2017:19:56:30 +0000] "GET /category/jewelry HTTP/1.1" 200 102 "/category/books?from=0" "Mozilla/5.0 (Windows NT 6.1; WOW64) AppleWebKit/535.11 (KHTML, like Gecko) Chrome/17.0.963.56 Safari/535.11"
132.183.166.198 - - [17/Nov/2017:19:56:35 +0000] "GET /category/software HTTP/1.1" 200 108 "-" "Mozilla/5.0 (Windows NT 6.1; WOW64; rv:10.0.1) Gecko/20100101 Firefox/10.0.1"
68.210.170.88 - - [17/Nov/2017:19:56:40 +0000] "GET /item/books/1785 HTTP/1.1" 200 80 "/category/electronics" "Mozilla/5.0 (compatible; Googlebot/2.1; +http://www.google.com/bot.html)"
148.42.153.163 - - [17/Nov/2017:19:56:45 +0000] "GET /category/finance HTTP/1.1" 200 122 "/category/electronics" "Mozilla/5.0 (compatible; MSIE 9.0; Windows NT 6.1; WOW64; Trident/5.0)"
20.63.176.160 - - [17/Nov/2017:19:56:50 +0000] "GET /category/computers HTTP/1.1" 200 87 "/category/office" "Mozilla/5.0 (compatible; Googlebot/2.1; +http://www.google.com/bot.html)"
20.165.89.171 - - [17/Nov/2017:19:56:55 +0000] "POST /search/?c=Health HTTP/1.1" 200 105 "/item/electronics/3271" "Mozilla/4.0 (compatible; MSIE 8.0; Windows NT 6.1; WOW64; Trident/4.0; YTB730; GTB7.2; SLCC2; .NET CLR 2.0.50727; .NET CLR 3.5.30729; .NET CLR 3.0.30729; .NET4.0C; .NET4.0E; Media Center PC 6.0)"
160.216.60.23 - - [17/Nov/2017:19:57:00 +0000] "GET /item/games/2750 HTTP/1.1" 200 102 "/category/games" "Mozilla/5.0 (compatible; MSIE 9.0; Windows NT 6.1; Trident/5.0)"
40.126.194.206 - - [17/Nov/2017:19:57:05 +0000] "GET /category/games HTTP/1.1" 200 63 "/category/books?from=20" "Mozilla/5.0 (compatible; Googlebot/2.1; +http://www.google.com/bot.html)"
56.198.171.175 - - [17/Nov/2017:19:57:10 +0000] "GET /category/garden HTTP/1.1" 200 86 "/category/software" "Mozilla/5.0 (Windows NT 6.1; WOW64; rv:10.0.1) Gecko/20100101 Firefox/10.0.1"
160.156.210.144 - - [17/Nov/2017:19:57:15 +0000] "GET /item/cameras/590 HTTP/1.1" 200 133 "/category/cameras" "Mozilla/5.0 (Windows NT 6.1; WOW64) AppleWebKit/535.7 (KHTML, like Gecko) Chrome/16.0.912.77 Safari/535.7"
156.93.179.59 - - [17/Nov/2017:19:57:20 +0000] "GET /category/office HTTP/1.1" 200 87 "/item/games/1697" "Mozilla/5.0 (Windows NT 6.1; WOW64; rv:10.0.1) Gecko/20100101 Firefox/10.0.1"
68.111.65.149 - - [17/Nov/2017:19:57:25 +0000] "POST /search/?c=Giftcards HTTP/1.1" 200 116 "-" "Mozilla/5.0 (Macintosh; Intel Mac OS X 10.6; rv:9.0.1) Gecko/20100101 Firefox/9.0.1"
216.60.81.167 - - [17/Nov/2017:19:57:30 +0000] "GET /category/software HTTP/1.1" 200 82 "-" "Mozilla/5.0 (compatible; MSIE 9.0; Windows NT 6.1; WOW64; Trident/5.0)"
220.123.112.58 - - [17/Nov/2017:19:57:35 +0000] "GET /category/finance HTTP/1.1" 200 71 "-" "Mozilla/5.0 (iPhone; CPU iPhone OS 5_0_1 like Mac OS X) AppleWebKit/534.46 (KHTML, like Gecko) Version/5.1 Mobile/9A405 Safari/7534.48.3"
140.150.40.81 - - [17/Nov/2017:19:57:40 +0000] "GET /category/books?from=20 HTTP/1.1" 200 80 "/item/electronics/4788" "Mozilla/5.0 (Windows NT 5.1) AppleWebKit/535.11 (KHTML, like Gecko) Chrome/17.0.963.46 Safari/535.11"
64.126.80.139 - - [17/Nov/2017:19:57:45 +0000] "GET /category/electronics HTTP/1.1" 200 61 "/item/software/1323" "Mozilla/5.0 (Windows NT 6.1; WOW64) AppleWebKit/535.11 (KHTML, like Gecko) Chrome/17.0.963.56 Safari/535.11"
48.219.110.88 - - [17/Nov/2017:19:57:50 +0000] "GET /item/health/1983 HTTP/1.1" 200 59 "/item/cameras/4995" "Mozilla/5.0 (Macintosh; Intel Mac OS X 10.6; rv:9.0.1) Gecko/20100101 Firefox/9.0.1"
152.213.43.58 - - [17/Nov/2017:19:57:55 +0000] "GET /category/games HTTP/1.1" 200 58 "-" "Mozilla/4.0 (compatible; MSIE 8.0; Windows NT 6.1; WOW64; Trident/4.0; YTB730; GTB7.2; SLCC2; .NET CLR 2.0.50727; .NET CLR 3.5.30729; .NET CLR 3.0.30729; .NET4.0C; .NET4.0E; Media Center PC 6.0)"
216.210.62.164 - - [17/Nov/2017:19:58:00 +0000] "GET /category/electronics HTTP/1.1" 200 63 "-" "Mozilla/5.0 (Windows NT 6.0; rv:10.0.1) Gecko/20100101 Firefox/10.0.1"
64.156.78.228 - - [17/Nov/2017:19:58:05 +0000] "GET /category/toys HTTP/1.1" 200 93 "-" "Mozilla/5.0 (compatible; Googlebot/2.1; +http://www.google.com/bot.html)"
152.150.62.199 - - [17/Nov/2017:19:58:10 +0000] "GET /item/music/2928 HTTP/1.1" 200 80 "/item/electronics/3972" "Mozilla/5.0 (Windows NT 6.0; rv:10.0.1) Gecko/20100101 Firefox/10.0.1"
140.33.212.195 - - [17/Nov/2017:19:58:15 +0000] "GET /item/health/961 HTTP/1.1" 200 102 "/category/electronics" "Mozilla/5.0 (Windows NT 6.0) AppleWebKit/535.11 (KHTML, like Gecko) Chrome/17.0.963.56 Safari/535.11"
96.195.52.25 - - [17/Nov/2017:19:58:20 +0000] "POST /search/?c=Sports+Giftcards HTTP/1.1" 200 117 "/item/sports/4699" "Mozilla/5.0 (compatible; MSIE 9.0; Windows NT 6.1; Trident/5.0)"
192.132.36.118 - - [17/Nov/2017:19:58:25 +0000] "GET /category/games HTTP/1.1" 200 47 "/category/office" "Mozilla/5.0 (compatible; Googlebot/2.1; +http://www.google.com/bot.html)"
100.168.223.44 - - [17/Nov/2017:19:58:30 +0000] "GET /item/software/1802 HTTP/1.1" 200 125 "/category/books" "Mozilla/4.0 (compatible; MSIE 8.0; Windows NT 6.0; WOW64; Trident/4.0; GTB6; SLCC1; .NET CLR 2.0.50727; Media Center PC 5.0; .NET CLR 3.5.30729; .NET CLR 3.0.30618; .NET4.0C)"
216.123.84.162 - - [17/Nov/2017:19:58:35 +0000] "GET /category/office?from=0 HTTP/1.1" 200 59 "/category/office" "Mozilla/5.0 (compatible; MSIE 9.0; Windows NT 6.1; Trident/5.0)"
40.174.209.108 - - [17/Nov/2017:19:58:40 +0000] "GET /item/electronics/4788 HTTP/1.1" 200 46 "/item/games/4762" "Mozilla/4.0 (compatible; MSIE 8.0; Windows NT 6.1; Trident/4.0; YTB730; SLCC2; .NET CLR 2.0.50727; .NET CLR 3.5.30729; .NET CLR 3.0.30729; Media Center PC 6.0; .NET4.0C)"
108.135.211.36 - - [17/Nov/2017:19:58:45 +0000] "GET /category/books HTTP/1.1" 200 137 "-" "Mozilla/5.0 (Windows NT 6.0; rv:10.0.1) Gecko/20100101 Firefox/10.0.1"
148.180.67.120 - - [17/Nov/2017:19:58:50 +0000] "GET /category/games HTTP/1.1" 200 137 "/item/cameras/3741" "Mozilla/5.0 (Windows NT 6.1; WOW64) AppleWebKit/535.7 (KHTML, like Gecko) Chrome/16.0.912.77 Safari/535.7"
124.171.169.38 - - [17/Nov/2017:19:58:55 +0000] "GET /category/games?from=0 HTTP/1.1" 200 124 "/category/software" "Mozilla/5.0 (compatible; MSIE 9.0; Windows NT 6.1; Trident/5.0)"
196.144.108.166 - - [17/Nov/2017:19:59:00 +0000] "GET /item/toys/67 HTTP/1.1" 200 117 "/category/toys" "Mozilla/5.0 (iPhone; CPU iPhone OS 5_0_1 like Mac OS X) AppleWebKit/534.46 (KHTML, like Gecko) Version/5.1 Mobile/9A405 Safari/7534.48.3"
112.102.42.196 - - [17/Nov/2017:19:59:05 +0000] "GET /category/software HTTP/1.1" 200 85 "/category/electronics" "Mozilla/5.0 (compatible; Googlebot/2.1; +http://www.google.com/bot.html)"
224.171.144.182 - - [17/Nov/2017:19:59:10 +0000] "GET /category/networking HTTP/1.1" 200 40 "/category/finance?from=10" "Mozilla/4.0 (compatible; MSIE 8.0; Windows NT 6.1; WOW64; Trident/4.0; GTB7.2; SLCC2; .NET CLR 2.0.50727; .NET CLR 3.5.30729; .NET CLR 3.0.30729; Media Center PC 6.0; .NET4.0C)"
192.213.30.56 - - [17/Nov/2017:19:59:15 +0000] "GET /item/books/4619 HTTP/1.1" 200 59 "/category/electronics" "Mozilla/5.0 (Windows NT 6.0; rv:10.0.1) Gecko/20100101 Firefox/10.0.1"
216.183.77.82 - - [17/Nov/2017:19:59:20 +0000] "GET /category/giftcards HTTP/1.1" 200 81 "-" "Mozilla/5.0 (compatible; MSIE 9.0; Windows NT 6.1; Trident/5.0)"
28.117.160.187 - - [17/Nov/2017:19:59:25 +0000] "GET /item/electronics/4629 HTTP/1.1" 200 83 "-" "Mozilla/5.0 (Windows NT 6.0; rv:10.0.1) Gecko/20100101 Firefox/10.0.1"
128.54.131.218 - - [17/Nov/2017:19:59:30 +0000] "GET /category/books HTTP/1.1" 200 121 "-" "Mozilla/5.0 (Windows NT 6.0; rv:10.0.1) Gecko/20100101 Firefox/10.0.1"
212.174.139.73 - - [17/Nov/2017:19:59:35 +0000] "GET /category/electronics?from=0 HTTP/1.1" 200 112 "/search/?c=Electronics" "Mozilla/5.0 (compatible; MSIE 9.0; Windows NT 6.1; Trident/5.0)"
188.21.107.76 - - [17/Nov/2017:19:59:40 +0000] "GET /item/games/2750 HTTP/1.1" 200 102 "/item/software/272" "Mozilla/5.0 (compatible; Googlebot/2.1; +http://www.google.com/bot.html)"
20.165.89.171 - - [17/Nov/2017:19:59:45 +0000] "GET /category/books HTTP/1.1" 200 84 "-" "Mozilla/4.0 (compatible; MSIE 8.0; Windows NT 5.1; Trident/4.0; BTRS122159; GTB7.2; .NET CLR 1.1.4322; .NET CLR 2.0.50727; .NET CLR 3.0.04506.30; .NET CLR 3.0.4506.2152; .NET CLR 3.5.30729; BRI/2)"
196.216.154.206 - - [17/Nov/2017:19:59:50 +0000] "GET /item/cameras/590 HTTP/1.1" 200 133 "/search/?c=Cameras+Books" "Mozilla/4.0 (compatible; MSIE 8.0; Windows NT 6.1; WOW64; Trident/4.0; YTB730; GTB7.2; EasyBits GO v1.0; SLCC2; .NET CLR 2.0.50727; .NET CLR 3.5.30729; .NET CLR 3.0.30729; Media Center PC 6.0; .NET4.0C)"
148.81.169.77 - - [17/Nov/2017:19:59:55 +0000] "GET /item/electronics/1433 HTTP/1.1" 200 107 "/search/?c=Electronics+Garden" "Mozilla/5.0 (Macintosh; Intel Mac OS X 10.6; rv:9.0.1) Gecko/20100101 Firefox/9.0.1"
40.21.219.95 - - [17/Nov/2017:20:00:00 +0000] "GET /item/software/3523 HTTP/1.1" 200 68 "-" "Mozilla/5.0 (Windows NT 6.0) AppleWebKit/535.11 (KHTML, like Gecko) Chrome/17.0.963.56 Safari/535.11"
92.147.59.203 - - [17/Nov/2017:20:00:05 +0000] "GET /item/giftcards/2757 HTTP/1.1" 200 50 "/item/software/1950" "Mozilla/5.0 (compatible; MSIE 9.0; Windows NT 6.1; WOW64; Trident/5.0)"
152.150.118.201 - - [17/Nov/2017:20:00:10 +0000] "GET /category/electronics HTTP/1.1" 200 68 "-" "Mozilla/5.0 (compatible; Googlebot/2.1; +http://www.google.com/bot.html)"
52.153.207.187 - - [17/Nov/2017:20:00:15 +0000] "GET /item/computers/3259 HTTP/1.1" 200 112 "-" "Mozilla/5.0 (Windows NT 6.1; WOW64; rv:10.0.1) Gecko/20100101 Firefox/10.0.1"
152.114.173.61 - - [17/Nov/2017:20:00:20 +0000] "GET /item/games/4058 HTTP/1.1" 200 94 "-" "Mozilla/4.0 (compatible; MSIE 8.0; Windows NT 6.1; Trident/4.0; YTB730; SLCC2; .NET CLR 2.0.50727; .NET CLR 3.5.30729; .NET CLR 3.0.30729; Media Center PC 6.0; .NET4.0C)"
76.180.131.65 - - [17/Nov/2017:20:00:25 +0000] "GET /item/computers/770 HTTP/1.1" 200 105 "-" "Mozilla/4.0 (compatible; MSIE 8.0; Windows NT 5.1; Trident/4.0; BTRS122159; GTB7.2; .NET CLR 1.1.4322; .NET CLR 2.0.50727; .NET CLR 3.0.04506.30; .NET CLR 3.0.4506.2152; .NET CLR 3.5.30729; BRI/2)"
84.168.145.91 - - [17/Nov/2017:20:00:30 +0000] "GET /category/electronics HTTP/1.1" 200 72 "http://www.google.com/search?ie=UTF-8&q=google&sclient=psy-ab&q=Electronics+Electronics&oq=Electronics+Electronics&aq=f&aqi=g-vL1&aql=&pbx=1&bav=on.2,or.r_gc.r_pw.r_qf.,cf.osb&biw=799&bih=105" "Mozilla/5.0 (Macintosh; Intel Mac OS X 10.6; rv:9.0.1) Gecko/20100101 Firefox/9.0.1"
48.195.168.33 - - [17/Nov/2017:20:00:35 +0000] "GET /category/office HTTP/1.1" 200 121 "/category/electronics?from=20" "Mozilla/5.0 (compatible; Googlebot/2.1; +http://www.google.com/bot.html)"
56.102.229.220 - - [17/Nov/2017:20:00:40 +0000] "GET /category/electronics?from=0 HTTP/1.1" 200 101 "/item/networking/4696" "Mozilla/4.0 (compatible; MSIE 8.0; Windows NT 6.1; Trident/4.0; YTB730; SLCC2; .NET CLR 2.0.50727; .NET CLR 3.5.30729; .NET CLR 3.0.30729; Media Center PC 6.0; .NET4.0C)"
220.81.172.204 - - [17/Nov/2017:20:00:45 +0000] "GET /category/electronics HTTP/1.1" 200 64 "/category/giftcards?from=0" "Mozilla/4.0 (compatible; MSIE 8.0; Windows NT 6.1; WOW64; Trident/4.0; GTB7.2; SLCC2; .NET CLR 2.0.50727; .NET CLR 3.5.30729; .NET CLR 3.0.30729; Media Center PC 6.0; .NET4.0C)"
96.225.24.124 - - [17/Nov/2017:20:00:50 +0000] "GET /category/electronics HTTP/1.1" 200 96 "-" "Mozilla/5.0 (Windows NT 6.0) AppleWebKit/535.11 (KHTML, like Gecko) Chrome/17.0.963.56 Safari/535.11"
76.33.84.154 - - [17/Nov/2017:20:00:55 +0000] "GET /category/office?from=0 HTTP/1.1" 200 93 "-" "Mozilla/5.0 (Windows NT 6.1; WOW64) AppleWebKit/535.11 (KHTML, like Gecko) Chrome/17.0.963.56 Safari/535.11"
40.63.61.211 - - [17/Nov/2017:20:01:00 +0000] "GET /item/garden/2971 HTTP/1.1" 200 116 "-" "Mozilla/4.0 (compatible; MSIE 8.0; Windows NT 6.0; WOW64; Trident/4.0; GTB6; SLCC1; .NET CLR 2.0.50727; Media Center PC 5.0; .NET CLR 3.5.30729; .NET CLR 3.0.30618; .NET4.0C)"
212.189.47.176 - - [17/Nov/2017:20:01:05 +0000] "GET /category/computers?from=20 HTTP/1.1" 200 62 "/category/games" "Mozilla/5.0 (Windows NT 6.1; WOW64) AppleWebKit/535.11 (KHTML, like Gecko) Chrome/17.0.963.56 Safari/535.11"
152.150.62.199 - - [17/Nov/2017:20:01:10 +0000] "GET /category/garden HTTP/1.1" 200 111 "-" "Mozilla/5.0 (Windows NT 6.1; WOW64) AppleWebKit/535.11 (KHTML, like Gecko) Chrome/17.0.963.56 Safari/535.11"
64.189.132.112 - - [17/Nov/2017:20:01:15 +0000] "GET /category/software HTTP/1.1" 200 98 "/category/health" "Mozilla/5.0 (Macintosh; Intel Mac OS X 10.6; rv:9.0.1) Gecko/20100101 Firefox/9.0.1"
56.51.48.185 - - [17/Nov/2017:20:01:20 +0000] "GET /category/finance HTTP/1.1" 200 52 "-" "Mozilla/5.0 (compatible; Googlebot/2.1; +http://www.google.com/bot.html)"
108.60.40.114 - - [17/Nov/2017:20:01:25 +0000] "GET /category/garden HTTP/1.1" 200 47 "-" "Mozilla/5.0 (Windows NT 6.1; WOW64) AppleWebKit/535.7 (KHTML, like Gecko) Chrome/16.0.912.77 Safari/535.7"
204.156.85.164 - - [17/Nov/2017:20:01:30 +0000] "GET /category/electronics HTTP/1.1" 200 43 "-" "Mozilla/5.0 (Windows NT 6.1; WOW64) AppleWebKit/535.11 (KHTML, like Gecko) Chrome/17.0.963.56 Safari/535.11"
128.159.112.128 - - [17/Nov/2017:20:01:35 +0000] "GET /category/cameras HTTP/1.1" 200 117 "-" "Mozilla/5.0 (Windows NT 6.0; rv:10.0.1) Gecko/20100101 Firefox/10.0.1"
152.153.163.83 - - [17/Nov/2017:20:01:40 +0000] "GET /category/games HTTP/1.1" 200 44 "/search/?c=Software" "Mozilla/4.0 (compatible; MSIE 8.0; Windows NT 6.1; WOW64; Trident/4.0; YTB730; GTB7.2; SLCC2; .NET CLR 2.0.50727; .NET CLR 3.5.30729; .NET CLR 3.0.30729; .NET4.0C; .NET4.0E; Media Center PC 6.0)"
72.123.144.157 - - [17/Nov/2017:20:01:45 +0000] "GET /category/computers HTTP/1.1" 200 139 "-" "Mozilla/5.0 (Windows NT 6.1; WOW64) AppleWebKit/535.11 (KHTML, like Gecko) Chrome/17.0.963.56 Safari/535.11"
76.144.80.172 - - [17/Nov/2017:20:01:50 +0000] "GET /category/software HTTP/1.1" 200 119 "-" "Mozilla/4.0 (compatible; MSIE 8.0; Windows NT 6.1; WOW64; Trident/4.0; YTB730; GTB7.2; EasyBits GO v1.0; SLCC2; .NET CLR 2.0.50727; .NET CLR 3.5.30729; .NET CLR 3.0.30729; Media Center PC 6.0; .NET4.0C)"
88.102.169.148 - - [17/Nov/2017:20:01:55 +0000] "GET /category/books HTTP/1.1" 200 137 "/category/garden" "Mozilla/5.0 (Macintosh; Intel Mac OS X 10.6; rv:9.0.1) Gecko/20100101 Firefox/9.0.1"
216.117.163.69 - - [17/Nov/2017:20:02:00 +0000] "GET /item/health/3601 HTTP/1.1" 200 64 "/item/music/2915" "Mozilla/5.0 (compatible; MSIE 9.0; Windows NT 6.1; WOW64; Trident/5.0)"
104.147.188.161 - - [17/Nov/2017:20:02:05 +0000] "GET /item/office/278 HTTP/1.1" 200 108 "-" "Mozilla/5.0 (compatible; MSIE 9.0; Windows NT 6.1; WOW64; Trident/5.0)"
132.135.20.22 - - [17/Nov/2017:20:02:10 +0000] "GET /item/music/2915 HTTP/1.1" 200 106 "/item/games/1490" "Mozilla/5.0 (Windows NT 6.0) AppleWebKit/535.11 (KHTML, like Gecko) Chrome/17.0.963.56 Safari/535.11"
196.162.93.51 - - [17/Nov/2017:20:02:15 +0000] "POST /search/?c=Electronics+Garden HTTP/1.1" 200 139 "-" "Mozilla/5.0 (Windows NT 6.1; WOW64) AppleWebKit/535.11 (KHTML, like Gecko) Chrome/17.0.963.56 Safari/535.11"
168.60.103.103 - - [17/Nov/2017:20:02:20 +0000] "GET /category/software HTTP/1.1" 200 123 "/category/software" "Mozilla/5.0 (iPhone; CPU iPhone OS 5_0_1 like Mac OS X) AppleWebKit/534.46 (KHTML, like Gecko) Version/5.1 Mobile/9A405 Safari/7534.48.3"
200.189.168.228 - - [17/Nov/2017:20:02:25 +0000] "GET /item/electronics/379 HTTP/1.1" 200 114 "/search/?c=Electronics+Garden" "Mozilla/5.0 (Windows NT 6.1; WOW64) AppleWebKit/535.11 (KHTML, like Gecko) Chrome/17.0.963.56 Safari/535.11"
188.213.34.150 - - [17/Nov/2017:20:02:30 +0000] "GET /category/health HTTP/1.1" 200 92 "/item/networking/3624" "Mozilla/5.0 (Windows NT 6.1; WOW64) AppleWebKit/535.11 (KHTML, like Gecko) Chrome/17.0.963.56 Safari/535.11"
148.18.219.25 - - [17/Nov/2017:20:02:35 +0000] "GET /category/books HTTP/1.1" 200 126 "-" "Mozilla/5.0 (Windows NT 6.0; rv:10.0.1) Gecko/20100101 Firefox/10.0.1"
72.96.123.40 - - [17/Nov/2017:20:02:40 +0000] "GET /item/health/2887 HTTP/1.1" 200 65 "http://www.google.com/search?ie=UTF-8&q=google&sclient=psy-ab&q=Health&oq=Health&aq=f&aqi=g-vL1&aql=&pbx=1&bav=on.2,or.r_gc.r_pw.r_qf.,cf.osb&biw=4525&bih=507" "Mozilla/4.0 (compatible; MSIE 8.0; Windows NT 6.1; Trident/4.0; YTB730; SLCC2; .NET CLR 2.0.50727; .NET CLR 3.5.30729; .NET CLR 3.0.30729; Media Center PC 6.0; .NET4.0C)"
116.174.202.224 - - [17/Nov/2017:20:02:45 +0000] "GET /item/finance/3226 HTTP/1.1" 200 48 "/category/finance" "Mozilla/5.0 (Macintosh; Intel Mac OS X 10.6; rv:9.0.1) Gecko/20100101 Firefox/9.0.1"
200.102.224.162 - - [17/Nov/2017:20:02:50 +0000] "GET /category/office HTTP/1.1" 200 43 "-" "Mozilla/5.0 (Macintosh; Intel Mac OS X 10.6; rv:9.0.1) Gecko/20100101 Firefox/9.0.1"
192.168.159.47 - - [17/Nov/2017:20:02:55 +0000] "GET /category/office HTTP/1.1" 200 100 "-" "Mozilla/5.0 (Windows NT 6.1; WOW64) AppleWebKit/535.11 (KHTML, like Gecko) Chrome/17.0.963.56 Safari/535.11"
208.84.85.126 - - [17/Nov/2017:20:03:00 +0000] "GET /category/electronics HTTP/1.1" 200 52 "/search/?c=Electronics+Software" "Mozilla/5.0 (Windows NT 6.1; WOW64; rv:10.0.1) Gecko/20100101 Firefox/10.0.1"
56.195.124.151 - - [17/Nov/2017:20:03:05 +0000] "GET /item/games/918 HTTP/1.1" 200 76 "-" "Mozilla/4.0 (compatible; MSIE 8.0; Windows NT 5.1; Trident/4.0; YTB720; GTB7.2; .NET CLR 1.1.4322; .NET CLR 2.0.50727; .NET CLR 3.0.4506.2152; .NET CLR 3.5.30729)"
172.225.223.37 - - [17/Nov/2017:20:03:10 +0000] "GET /category/games HTTP/1.1" 200 59 "/category/software" "Mozilla/4.0 (compatible; MSIE 8.0; Windows NT 6.1; WOW64; Trident/4.0; YTB730; GTB7.2; EasyBits GO v1.0; SLCC2; .NET CLR 2.0.50727; .NET CLR 3.5.30729; .NET CLR 3.0.30729; Media Center PC 6.0; .NET4.0C)"
68.156.204.168 - - [17/Nov/2017:20:03:15 +0000] "GET /category/software HTTP/1.1" 200 107 "-" "Mozilla/5.0 (Windows NT 5.1) AppleWebKit/535.11 (KHTML, like Gecko) Chrome/17.0.963.46 Safari/535.11"
44.102.75.27 - - [17/Nov/2017:20:03:20 +0000] "GET /item/sports/1656 HTTP/1.1" 200 118 "-" "Mozilla/5.0 (compatible; Googlebot/2.1; +http://www.google.com/bot.html)"
100.93.108.122 - - [17/Nov/2017:20:03:25 +0000] "GET /item/software/155 HTTP/1.1" 200 61 "-" "Mozilla/5.0 (Windows NT 6.1; WOW64; rv:10.0.1) Gecko/20100101 Firefox/10.0.1"
60.54.78.101 - - [17/Nov/2017:20:03:30 +0000] "GET /category/games HTTP/1.1" 200 59 "-" "Mozilla/5.0 (Windows NT 6.0; rv:10.0.1) Gecko/20100101 Firefox/10.0.1"
156.174.158.57 - - [17/Nov/2017:20:03:35 +0000] "GET /item/computers/3996 HTTP/1.1" 200 70 "/item/electronics/4807" "Mozilla/5.0 (Windows NT 6.0; rv:10.0.1) Gecko/20100101 Firefox/10.0.1"
148.141.150.198 - - [17/Nov/2017:20:03:40 +0000] "GET /item/office/394 HTTP/1.1" 200 65 "/item/software/2512" "Mozilla/4.0 (compatible; MSIE 8.0; Windows NT 6.0; WOW64; Trident/4.0; GTB6; SLCC1; .NET CLR 2.0.50727; Media Center PC 5.0; .NET CLR 3.5.30729; .NET CLR 3.0.30618; .NET4.0C)"
100.45.176.200 - - [17/Nov/2017:20:03:45 +0000] "GET /item/software/155 HTTP/1.1" 200 61 "-" "Mozilla/5.0 (Windows NT 6.1; WOW64) AppleWebKit/535.7 (KHTML, like Gecko) Chrome/16.0.912.77 Safari/535.7"
140.57.182.120 - - [17/Nov/2017:20:03:50 +0000] "GET /item/books/4586 HTTP/1.1" 200 130 "/item/electronics/266" "Mozilla/5.0 (Windows NT 6.0) AppleWebKit/535.11 (KHTML, like Gecko) Chrome/17.0.963.56 Safari/535.11"
144.129.128.24 - - [17/Nov/2017:20:03:55 +0000] "GET /category/electronics HTTP/1.1" 200 77 "-" "Mozilla/4.0 (compatible; MSIE 8.0; Windows NT 6.1; WOW64; Trident/4.0; YTB730; GTB7.2; SLCC2; .NET CLR 2.0.50727; .NET CLR 3.5.30729; .NET CLR 3.0.30729; .NET4.0C; .NET4.0E; Media Center PC 6.0)"
24.216.105.63 - - [17/Nov/2017:20:04:00 +0000] "GET /category/software HTTP/1.1" 200 114 "/category/software" "Mozilla/4.0 (compatible; MSIE 8.0; Windows NT 5.1; Trident/4.0; BTRS122159; GTB7.2; .NET CLR 1.1.4322; .NET CLR 2.0.50727; .NET CLR 3.0.04506.30; .NET CLR 3.0.4506.2152; .NET CLR 3.5.30729; BRI/2)"
40.54.165.166 - - [17/Nov/2017:20:04:05 +0000] "GET /category/cameras?from=20 HTTP/1.1" 200 63 "/item/health/4591" "Mozilla/5.0 (Windows NT 6.0; rv:10.0.1) Gecko/20100101 Firefox/10.0.1"
88.228.108.129 - - [17/Nov/2017:20:04:10 +0000] "GET /category/toys HTTP/1.1" 200 40 "-" "Mozilla/4.0 (compatible; MSIE 8.0; Windows NT 5.1; Trident/4.0; BTRS122159; GTB7.2; .NET CLR 1.1.4322; .NET CLR 2.0.50727; .NET CLR 3.0.04506.30; .NET CLR 3.0.4506.2152; .NET CLR 3.5.30729; BRI/2)"
44.39.69.128 - - [17/Nov/2017:20:04:15 +0000] "GET /category/jewelry HTTP/1.1" 200 71 "/item/software/3371" "Mozilla/5.0 (Windows NT 6.1; WOW64) AppleWebKit/535.7 (KHTML, like Gecko) Chrome/16.0.912.77 Safari/535.7"
64.207.189.196 - - [17/Nov/2017:20:04:20 +0000] "GET /category/garden?from=0 HTTP/1.1" 200 90 "-" "Mozilla/4.0 (compatible; MSIE 8.0; Windows NT 5.1; Trident/4.0; YTB720; GTB7.2; .NET CLR 1.1.4322; .NET CLR 2.0.50727; .NET CLR 3.0.4506.2152; .NET CLR 3.5.30729)"
92.150.116.137 - - [17/Nov/2017:20:04:25 +0000] "GET /item/computers/4707 HTTP/1.1" 200 115 "/search/?c=Computers" "Mozilla/5.0 (Macintosh; Intel Mac OS X 10.6; rv:9.0.1) Gecko/20100101 Firefox/9.0.1"
208.30.147.227 - - [17/Nov/2017:20:04:30 +0000] "POST /search/?c=Computers+Electronics HTTP/1.1" 200 44 "/category/office" "Mozilla/5.0 (Windows NT 6.1; WOW64) AppleWebKit/535.11 (KHTML, like Gecko) Chrome/17.0.963.56 Safari/535.11"
224.189.104.73 - - [17/Nov/2017:20:04:35 +0000] "GET /category/electronics HTTP/1.1" 200 107 "/category/games" "Mozilla/4.0 (compatible; MSIE 8.0; Windows NT 5.1; Trident/4.0; YTB720; GTB7.2; .NET CLR 1.1.4322; .NET CLR 2.0.50727; .NET CLR 3.0.4506.2152; .NET CLR 3.5.30729)"
144.162.184.30 - - [17/Nov/2017:20:04:40 +0000] "GET /category/garden?from=20 HTTP/1.1" 200 69 "-" "Mozilla/5.0 (compatible; Googlebot/2.1; +http://www.google.com/bot.html)"
80.189.195.176 - - [17/Nov/2017:20:04:45 +0000] "GET /item/toys/2432 HTTP/1.1" 200 54 "-" "Mozilla/4.0 (compatible; MSIE 8.0; Windows NT 6.1; WOW64; Trident/4.0; GTB7.2; SLCC2; .NET CLR 2.0.50727; .NET CLR 3.5.30729; .NET CLR 3.0.30729; Media Center PC 6.0; .NET4.0C)"
80.144.46.167 - - [17/Nov/2017:20:04:50 +0000] "GET /category/toys HTTP/1.1" 200 115 "-" "Mozilla/5.0 (iPhone; CPU iPhone OS 5_0_1 like Mac OS X) AppleWebKit/534.46 (KHTML, like Gecko) Version/5.1 Mobile/9A405 Safari/7534.48.3"
140.102.40.156 - - [17/Nov/2017:20:04:55 +0000] "GET /category/finance HTTP/1.1" 200 52 "/item/networking/4706" "Mozilla/5.0 (Windows NT 6.1; WOW64) AppleWebKit/535.11 (KHTML, like Gecko) Chrome/17.0.963.56 Safari/535.11"
56.150.73.159 - - [17/Nov/2017:20:05:00 +0000] "GET /category/computers HTTP/1.1" 200 131 "-" "Mozilla/5.0 (compatible; MSIE 9.0; Windows NT 6.1; Trident/5.0)"
68.207.95.201 - - [17/Nov/2017:20:05:05 +0000] "POST /search/?c=Toys HTTP/1.1" 200 72 "-" "Mozilla/4.0 (compatible; MSIE 8.0; Windows NT 5.1; Trident/4.0; YTB720; GTB7.2; .NET CLR 1.1.4322; .NET CLR 2.0.50727; .NET CLR 3.0.4506.2152; .NET CLR 3.5.30729)"
192.198.25.191 - - [17/Nov/2017:20:05:10 +0000] "GET /category/cameras HTTP/1.1" 200 99 "-" "Mozilla/5.0 (compatible; MSIE 9.0; Windows NT 6.1; WOW64; Trident/5.0)"
120.33.154.173 - - [17/Nov/2017:20:05:15 +0000] "GET /category/office HTTP/1.1" 200 43 "-" "Mozilla/5.0 (Windows NT 6.0) AppleWebKit/535.11 (KHTML, like Gecko) Chrome/17.0.963.56 Safari/535.11"
80.45.35.178 - - [17/Nov/2017:20:05:20 +0000] "GET /item/electronics/3545 HTTP/1.1" 200 133 "/search/?c=Electronics+Software" "Mozilla/5.0 (Windows NT 6.0) AppleWebKit/535.11 (KHTML, like Gecko) Chrome/17.0.963.56 Safari/535.11"
196.186.196.93 - - [17/Nov/2017:20:05:25 +0000] "GET /category/office HTTP/1.1" 200 71 "-" "Mozilla/4.0 (compatible; MSIE 8.0; Windows NT 6.1; WOW64; Trident/4.0; GTB7.2; SLCC2; .NET CLR 2.0.50727; .NET CLR 3.5.30729; .NET CLR 3.0.30729; Media Center PC 6.0; .NET4.0C)"
148.66.143.65 - - [17/Nov/2017:20:05:30 +0000] "GET /category/electronics HTTP/1.1" 200 52 "/category/garden?from=20" "Mozilla/5.0 (compatible; Googlebot/2.1; +http://www.google.com/bot.html)"
32.81.139.201 - - [17/Nov/2017:20:05:35 +0000] "GET /item/electronics/3162 HTTP/1.1" 200 71 "-" "Mozilla/5.0 (Windows NT 6.1; WOW64; rv:10.0.1) Gecko/20100101 Firefox/10.0.1"
44.102.75.27 - - [17/Nov/2017:20:05:40 +0000] "GET /category/music HTTP/1.1" 200 92 "-" "Mozilla/5.0 (compatible; Googlebot/2.1; +http://www.google.com/bot.html)"
52.147.68.57 - - [17/Nov/2017:20:05:45 +0000] "GET /category/garden HTTP/1.1" 200 77 "/category/books?from=10" "Mozilla/5.0 (Windows NT 6.0; rv:10.0.1) Gecko/20100101 Firefox/10.0.1"
140.51.85.207 - - [17/Nov/2017:20:05:50 +0000] "GET /category/health HTTP/1.1" 200 92 "/category/games" "Mozilla/4.0 (compatible; MSIE 8.0; Windows NT 6.1; Trident/4.0; YTB730; SLCC2; .NET CLR 2.0.50727; .NET CLR 3.5.30729; .NET CLR 3.0.30729; Media Center PC 6.0; .NET4.0C)"
80.51.95.186 - - [17/Nov/2017:20:05:55 +0000] "GET /item/electronics/4251 HTTP/1.1" 200 139 "/category/books?from=10" "Mozilla/5.0 (compatible; MSIE 9.0; Windows NT 6.1; WOW64; Trident/5.0)"
100.192.111.52 - - [17/Nov/2017:20:06:00 +0000] "GET /item/garden/4153 HTTP/1.1" 200 77 "/search/?c=Garden+Games" "Mozilla/4.0 (compatible; MSIE 8.0; Windows NT 5.1; Trident/4.0; YTB720; GTB7.2; .NET CLR 1.1.4322; .NET CLR 2.0.50727; .NET CLR 3.0.4506.2152; .NET CLR 3.5.30729)"
152.48.198.194 - - [17/Nov/2017:20:06:05 +0000] "GET /item/music/4221 HTTP/1.1" 200 94 "/category/software" "Mozilla/4.0 (compatible; MSIE 8.0; Windows NT 6.1; WOW64; Trident/4.0; YTB730; GTB7.2; EasyBits GO v1.0; SLCC2; .NET CLR 2.0.50727; .NET CLR 3.5.30729; .NET CLR 3.0.30729; Media Center PC 6.0; .NET4.0C)"
220.30.157.208 - - [17/Nov/2017:20:06:10 +0000] "GET /item/toys/3509 HTTP/1.1" 200 89 "/item/finance/2915" "Mozilla/5.0 (Windows NT 6.0) AppleWebKit/535.11 (KHTML, like Gecko) Chrome/17.0.963.56 Safari/535.11"
112.159.38.190 - - [17/Nov/2017:20:06:15 +0000] "GET /category/networking HTTP/1.1" 200 103 "/search/?c=Garden+Electronics" "Mozilla/5.0 (Windows NT 6.0; rv:10.0.1) Gecko/20100101 Firefox/10.0.1"
100.54.117.195 - - [17/Nov/2017:20:06:20 +0000] "GET /category/jewelry HTTP/1.1" 200 40 "/item/software/4520" "Mozilla/5.0 (compatible; MSIE 9.0; Windows NT 6.1; WOW64; Trident/5.0)"
104.54.191.185 - - [17/Nov/2017:20:06:25 +0000] "GET /category/computers?from=20 HTTP/1.1" 200 52 "/search/?c=Computers" "Mozilla/5.0 (Windows NT 6.0; rv:10.0.1) Gecko/20100101 Firefox/10.0.1"
184.27.50.181 - - [17/Nov/2017:20:06:30 +0000] "GET /item/software/1594 HTTP/1.1" 200 80 "-" "Mozilla/5.0 (Windows NT 6.1; WOW64) AppleWebKit/535.11 (KHTML, like Gecko) Chrome/17.0.963.56 Safari/535.11"
124.135.65.135 - - [17/Nov/2017:20:06:35 +0000] "GET /item/jewelry/1164 HTTP/1.1" 200 106 "/item/electronics/4574" "Mozilla/4.0 (compatible; MSIE 8.0; Windows NT 6.1; WOW64; Trident/4.0; GTB7.2; SLCC2; .NET CLR 2.0.50727; .NET CLR 3.5.30729; .NET CLR 3.0.30729; Media Center PC 6.0; .NET4.0C)"
176.204.131.157 - - [17/Nov/2017:20:06:40 +0000] "POST /search/?c=Software+Games HTTP/1.1" 200 124 "-" "Mozilla/5.0 (compatible; MSIE 9.0; Windows NT 6.1; Trident/5.0)"
88.222.58.180 - - [17/Nov/2017:20:06:45 +0000] "GET /category/books HTTP/1.1" 200 80 "-" "Mozilla/5.0 (Windows NT 6.1; WOW64) AppleWebKit/535.7 (KHTML, like Gecko) Chrome/16.0.912.77 Safari/535.7"
92.150.116.137 - - [17/Nov/2017:20:06:50 +0000] "GET /category/health HTTP/1.1" 200 95 "-" "Mozilla/5.0 (Macintosh; Intel Mac OS X 10.6; rv:9.0.1) Gecko/20100101 Firefox/9.0.1"
188.198.226.23 - - [17/Nov/2017:20:06:55 +0000] "POST /search/?c=Health HTTP/1.1" 200 102 "/category/software?from=10" "Mozilla/5.0 (Windows NT 6.0; rv:10.0.1) Gecko/20100101 Firefox/10.0.1"
72.39.200.100 - - [17/Nov/2017:20:07:00 +0000] "GET /category/software HTTP/1.1" 200 94 "/category/finance?from=0" "Mozilla/5.0 (Windows NT 6.0; rv:10.0.1) Gecko/20100101 Firefox/10.0.1"
24.162.227.115 - - [17/Nov/2017:20:07:05 +0000] "GET /item/sports/2911 HTTP/1.1" 200 130 "/category/electronics" "Mozilla/5.0 (Windows NT 6.1; WOW64) AppleWebKit/535.11 (KHTML, like Gecko) Chrome/17.0.963.56 Safari/535.11"
44.60.152.105 - - [17/Nov/2017:20:07:10 +0000] "GET /item/giftcards/4709 HTTP/1.1" 200 53 "/item/computers/809" "Mozilla/4.0 (compatible; MSIE 8.0; Windows NT 6.1; Trident/4.0; YTB730; SLCC2; .NET CLR 2.0.50727; .NET CLR 3.5.30729; .NET CLR 3.0.30729; Media Center PC 6.0; .NET4.0C)"
204.162.54.90 - - [17/Nov/2017:20:07:15 +0000] "GET /item/electronics/2374 HTTP/1.1" 200 96 "/item/computers/1943" "Mozilla/5.0 (Windows NT 6.0; rv:10.0.1) Gecko/20100101 Firefox/10.0.1"
192.207.80.72 - - [17/Nov/2017:20:07:20 +0000] "POST /search/?c=Electronics+Books HTTP/1.1" 200 134 "-" "Mozilla/5.0 (Windows NT 6.0; rv:10.0.1) Gecko/20100101 Firefox/10.0.1"
208.150.70.225 - - [17/Nov/2017:20:07:25 +0000] "GET /item/electronics/4339 HTTP/1.1" 200 55 "-" "Mozilla/5.0 (Macintosh; Intel Mac OS X 10.6; rv:9.0.1) Gecko/20100101 Firefox/9.0.1"
56.102.229.220 - - [17/Nov/2017:20:07:30 +0000] "POST /search/?c=Electronics+Garden HTTP/1.1" 200 118 "-" "Mozilla/5.0 (Macintosh; Intel Mac OS X 10.6; rv:9.0.1) Gecko/20100101 Firefox/9.0.1"
48.63.222.76 - - [17/Nov/2017:20:07:35 +0000] "GET /item/giftcards/357 HTTP/1.1" 200 92 "/search/?c=Giftcards+Toys" "Mozilla/4.0 (compatible; MSIE 8.0; Windows NT 5.1; Trident/4.0; YTB720; GTB7.2; .NET CLR 1.1.4322; .NET CLR 2.0.50727; .NET CLR 3.0.4506.2152; .NET CLR 3.5.30729)"
212.171.62.26 - - [17/Nov/2017:20:07:40 +0000] "GET /category/software HTTP/1.1" 200 85 "-" "Mozilla/5.0 (compatible; MSIE 9.0; Windows NT 6.1; WOW64; Trident/5.0)"
68.117.130.229 - - [17/Nov/2017:20:07:45 +0000] "GET /item/health/961 HTTP/1.1" 200 102 "/search/?c=Health" "Mozilla/5.0 (compatible; MSIE 9.0; Windows NT 6.1; WOW64; Trident/5.0)"
52.57.147.82 - - [17/Nov/2017:20:07:50 +0000] "GET /category/finance HTTP/1.1" 200 71 "-" "Mozilla/5.0 (Windows NT 6.0; rv:10.0.1) Gecko/20100101 Firefox/10.0.1"
164.213.39.153 - - [17/Nov/2017:20:07:55 +0000] "GET /item/computers/512 HTTP/1.1" 200 97 "-" "Mozilla/5.0 (Windows NT 6.1; WOW64) AppleWebKit/535.7 (KHTML, like Gecko) Chrome/16.0.912.77 Safari/535.7"
188.117.206.31 - - [17/Nov/2017:20:08:00 +0000] "GET /category/finance HTTP/1.1" 200 46 "/category/electronics" "Mozilla/5.0 (Windows NT 6.0; rv:10.0.1) Gecko/20100101 Firefox/10.0.1"
192.132.36.118 - - [17/Nov/2017:20:08:05 +0000] "GET /category/books HTTP/1.1" 200 57 "/category/cameras" "Mozilla/5.0 (compatible; MSIE 9.0; Windows NT 6.1; WOW64; Trident/5.0)"
180.186.35.139 - - [17/Nov/2017:20:08:10 +0000] "GET /category/jewelry HTTP/1.1" 200 114 "-" "Mozilla/5.0 (compatible; Googlebot/2.1; +http://www.google.com/bot.html)"
56.117.147.155 - - [17/Nov/2017:20:08:15 +0000] "GET /category/books HTTP/1.1" 200 121 "-" "Mozilla/5.0 (Windows NT 6.0; rv:10.0.1) Gecko/20100101 Firefox/10.0.1"
168.210.175.118 - - [17/Nov/2017:20:08:20 +0000] "GET /item/electronics/3842 HTTP/1.1" 200 50 "-" "Mozilla/5.0 (compatible; MSIE 9.0; Windows NT 6.1; WOW64; Trident/5.0)"
92.141.177.68 - - [17/Nov/2017:20:08:25 +0000] "GET /category/software HTTP/1.1" 200 70 "-" "Mozilla/4.0 (compatible; MSIE 8.0; Windows NT 5.1; Trident/4.0; YTB720; GTB7.2; .NET CLR 1.1.4322; .NET CLR 2.0.50727; .NET CLR 3.0.4506.2152; .NET CLR 3.5.30729)"
200.69.111.217 - - [17/Nov/2017:20:08:30 +0000] "GET /category/books?from=10 HTTP/1.1" 200 137 "/item/toys/3180" "Mozilla/5.0 (compatible; MSIE 9.0; Windows NT 6.1; Trident/5.0)"
156.69.192.82 - - [17/Nov/2017:20:08:35 +0000] "GET /item/jewelry/1473 HTTP/1.1" 200 48 "/category/office" "Mozilla/4.0 (compatible; MSIE 8.0; Windows NT 6.0; WOW64; Trident/4.0; GTB6; SLCC1; .NET CLR 2.0.50727; Media Center PC 5.0; .NET CLR 3.5.30729; .NET CLR 3.0.30618; .NET4.0C)"
88.99.48.102 - - [17/Nov/2017:20:08:40 +0000] "GET /category/electronics HTTP/1.1" 200 47 "/category/health" "Mozilla/5.0 (compatible; MSIE 9.0; Windows NT 6.1; WOW64; Trident/5.0)"
144.129.128.24 - - [17/Nov/2017:20:08:45 +0000] "POST /search/?c=Software HTTP/1.1" 200 126 "-" "Mozilla/5.0 (Windows NT 6.1; WOW64) AppleWebKit/535.7 (KHTML, like Gecko) Chrome/16.0.912.77 Safari/535.7"
180.69.110.215 - - [17/Nov/2017:20:08:50 +0000] "GET /category/software HTTP/1.1" 200 131 "-" "Mozilla/5.0 (Windows NT 6.0; rv:10.0.1) Gecko/20100101 Firefox/10.0.1"
188.42.152.136 - - [17/Nov/2017:20:08:55 +0000] "GET /category/software HTTP/1.1" 200 105 "-" "Mozilla/5.0 (compatible; MSIE 9.0; Windows NT 6.1; WOW64; Trident/5.0)"
172.45.84.183 - - [17/Nov/2017:20:09:00 +0000] "POST /search/?c=Books HTTP/1.1" 200 40 "/category/networking" "Mozilla/4.0 (compatible; MSIE 8.0; Windows NT 6.1; WOW64; Trident/4.0; YTB730; GTB7.2; SLCC2; .NET CLR 2.0.50727; .NET CLR 3.5.30729; .NET CLR 3.0.30729; .NET4.0C; .NET4.0E; Media Center PC 6.0)"
196.81.179.31 - - [17/Nov/2017:20:09:05 +0000] "GET /category/books HTTP/1.1" 200 139 "/item/games/2268" "Mozilla/5.0 (compatible; Googlebot/2.1; +http://www.google.com/bot.html)"
156.189.180.223 - - [17/Nov/2017:20:09:10 +0000] "GET /item/jewelry/1164 HTTP/1.1" 200 106 "-" "Mozilla/4.0 (compatible; MSIE 8.0; Windows NT 6.0; WOW64; Trident/4.0; GTB6; SLCC1; .NET CLR 2.0.50727; Media Center PC 5.0; .NET CLR 3.5.30729; .NET CLR 3.0.30618; .NET4.0C)"
32.189.72.176 - - [17/Nov/2017:20:09:15 +0000] "GET /category/software HTTP/1.1" 200 130 "-" "Mozilla/4.0 (compatible; MSIE 8.0; Windows NT 6.0; WOW64; Trident/4.0; GTB6; SLCC1; .NET CLR 2.0.50727; Media Center PC 5.0; .NET CLR 3.5.30729; .NET CLR 3.0.30618; .NET4.0C)"
204.117.20.72 - - [17/Nov/2017:20:09:20 +0000] "GET /category/sports HTTP/1.1" 200 72 "/item/books/335" "Mozilla/5.0 (compatible; Googlebot/2.1; +http://www.google.com/bot.html)"
92.72.135.226 - - [17/Nov/2017:20:09:25 +0000] "GET /item/books/3101 HTTP/1.1" 200 61 "/category/electronics" "Mozilla/5.0 (Windows NT 6.1; WOW64) AppleWebKit/535.7 (KHTML, like Gecko) Chrome/16.0.912.77 Safari/535.7"
220.222.196.154 - - [17/Nov/2017:20:09:30 +0000] "GET /category/software HTTP/1.1" 200 116 "-" "Mozilla/4.0 (compatible; MSIE 8.0; Windows NT 5.1; Trident/4.0; YTB720; GTB7.2; .NET CLR 1.1.4322; .NET CLR 2.0.50727; .NET CLR 3.0.4506.2152; .NET CLR 3.5.30729)"
112.159.38.190 - - [17/Nov/2017:20:09:35 +0000] "GET /item/toys/3743 HTTP/1.1" 200 46 "http://www.google.com/search?ie=UTF-8&q=google&sclient=psy-ab&q=Toys+Games&oq=Toys+Games&aq=f&aqi=g-vL1&aql=&pbx=1&bav=on.2,or.r_gc.r_pw.r_qf.,cf.osb&biw=3284&bih=345" "Mozilla/5.0 (compatible; Googlebot/2.1; +http://www.google.com/bot.html)"
224.171.144.182 - - [17/Nov/2017:20:09:40 +0000] "GET /category/games HTTP/1.1" 200 83 "-" "Mozilla/4.0 (compatible; MSIE 8.0; Windows NT 6.1; WOW64; Trident/4.0; GTB7.2; SLCC2; .NET CLR 2.0.50727; .NET CLR 3.5.30729; .NET CLR 3.0.30729; Media Center PC 6.0; .NET4.0C)"
20.60.176.150 - - [17/Nov/2017:20:09:45 +0000] "GET /category/software HTTP/1.1" 200 104 "-" "Mozilla/5.0 (Windows NT 5.1) AppleWebKit/535.11 (KHTML, like Gecko) Chrome/17.0.963.46 Safari/535.11"
44.72.104.147 - - [17/Nov/2017:20:09:50 +0000] "GET /item/books/1785 HTTP/1.1" 200 80 "/search/?c=Books+Books" "Mozilla/5.0 (Windows NT 6.1; WOW64) AppleWebKit/535.7 (KHTML, like Gecko) Chrome/16.0.912.77 Safari/535.7"
208.171.196.220 - - [17/Nov/2017:20:09:55 +0000] "GET /item/music/4403 HTTP/1.1" 200 96 "-" "Mozilla/5.0 (compatible; MSIE 9.0; Windows NT 6.1; WOW64; Trident/5.0)"
68.117.130.229 - - [17/Nov/2017:20:10:00 +0000] "GET /item/electronics/4270 HTTP/1.1" 200 118 "/item/electronics/3162" "Mozilla/5.0 (Windows NT 5.1) AppleWebKit/535.11 (KHTML, like Gecko) Chrome/17.0.963.46 Safari/535.11"
124.201.55.168 - - [17/Nov/2017:20:10:05 +0000] "GET /item/electronics/3940 HTTP/1.1" 200 139 "/item/electronics/261" "Mozilla/5.0 (Windows NT 6.1; WOW64; rv:10.0.1) Gecko/20100101 Firefox/10.0.1"
88.195.115.100 - - [17/Nov/2017:20:10:10 +0000] "GET /category/books?from=20 HTTP/1.1" 200 80 "-" "Mozilla/5.0 (compatible; MSIE 9.0; Windows NT 6.1; Trident/5.0)"
104.141.83.168 - - [17/Nov/2017:20:10:15 +0000] "GET /category/finance HTTP/1.1" 200 132 "-" "Mozilla/5.0 (Windows NT 6.0) AppleWebKit/535.11 (KHTML, like Gecko) Chrome/17.0.963.56 Safari/535.11"
132.63.161.43 - - [17/Nov/2017:20:10:20 +0000] "GET /category/computers HTTP/1.1" 200 139 "/item/toys/3743" "Mozilla/5.0 (compatible; MSIE 9.0; Windows NT 6.1; WOW64; Trident/5.0)"
148.90.219.96 - - [17/Nov/2017:20:10:25 +0000] "GET /category/electronics HTTP/1.1" 200 61 "http://www.google.com/search?ie=UTF-8&q=google&sclient=psy-ab&q=Electronics&oq=Electronics&aq=f&aqi=g-vL1&aql=&pbx=1&bav=on.2,or.r_gc.r_pw.r_qf.,cf.osb&biw=1265&bih=96" "Mozilla/5.0 (Windows NT 6.1; WOW64) AppleWebKit/535.11 (KHTML, like Gecko) Chrome/17.0.963.56 Safari/535.11"
64.138.87.214 - - [17/Nov/2017:20:10:30 +0000] "GET /item/games/2649 HTTP/1.1" 200 61 "-" "Mozilla/5.0 (Windows NT 6.1; WOW64) AppleWebKit/535.11 (KHTML, like Gecko) Chrome/17.0.963.56 Safari/535.11"
52.78.205.139 - - [17/Nov/2017:20:10:35 +0000] "GET /category/cameras HTTP/1.1" 200 80 "-" "Mozilla/5.0 (Macintosh; Intel Mac OS X 10.6; rv:9.0.1) Gecko/20100101 Firefox/9.0.1"
196.36.158.223 - - [17/Nov/2017:20:10:40 +0000] "GET /category/giftcards HTTP/1.1" 200 127 "/item/games/110" "Mozilla/5.0 (Windows NT 6.1; WOW64) AppleWebKit/535.11 (KHTML, like Gecko) Chrome/17.0.963.56 Safari/535.11"
48.183.212.212 - - [17/Nov/2017:20:10:45 +0000] "GET /item/networking/3624 HTTP/1.1" 200 44 "-" "Mozilla/5.0 (Windows NT 5.1) AppleWebKit/535.11 (KHTML, like Gecko) Chrome/17.0.963.46 Safari/535.11"
64.108.210.186 - - [17/Nov/2017:20:10:50 +0000] "GET /category/electronics?from=20 HTTP/1.1" 200 124 "/category/computers" "Mozilla/4.0 (compatible; MSIE 8.0; Windows NT 6.0; WOW64; Trident/4.0; GTB6; SLCC1; .NET CLR 2.0.50727; Media Center PC 5.0; .NET CLR 3.5.30729; .NET CLR 3.0.30618; .NET4.0C)"
104.63.161.214 - - [17/Nov/2017:20:10:55 +0000] "GET /category/games HTTP/1.1" 200 47 "/category/software" "Mozilla/5.0 (compatible; MSIE 9.0; Windows NT 6.1; WOW64; Trident/5.0)"
104.141.80.150 - - [17/Nov/2017:20:11:00 +0000] "GET /category/jewelry HTTP/1.1" 200 48 "-" "Mozilla/4.0 (compatible; MSIE 8.0; Windows NT 6.1; Trident/4.0; YTB730; SLCC2; .NET CLR 2.0.50727; .NET CLR 3.5.30729; .NET CLR 3.0.30729; Media Center PC 6.0; .NET4.0C)"
32.132.45.143 - - [17/Nov/2017:20:11:05 +0000] "GET /category/games HTTP/1.1" 200 83 "/item/electronics/2101" "Mozilla/5.0 (iPad; CPU OS 5_0_1 like Mac OS X) AppleWebKit/534.46 (KHTML, like Gecko) Version/5.1 Mobile/9A405 Safari/7534.48.3"
60.147.125.150 - - [17/Nov/2017:20:11:10 +0000] "GET /category/games HTTP/1.1" 200 95 "/category/electronics" "Mozilla/5.0 (compatible; MSIE 9.0; Windows NT 6.1; WOW64; Trident/5.0)"
160.78.211.42 - - [17/Nov/2017:20:11:15 +0000] "GET /category/jewelry HTTP/1.1" 200 40 "-" "Mozilla/5.0 (Windows NT 6.0; rv:10.0.1) Gecko/20100101 Firefox/10.0.1"
188.54.62.28 - - [17/Nov/2017:20:11:20 +0000] "POST /search/?c=Electronics HTTP/1.1" 200 99 "/item/giftcards/2452" "Mozilla/4.0 (compatible; MSIE 8.0; Windows NT 6.0; WOW64; Trident/4.0; GTB6; SLCC1; .NET CLR 2.0.50727; Media Center PC 5.0; .NET CLR 3.5.30729; .NET CLR 3.0.30618; .NET4.0C)"
144.51.141.192 - - [17/Nov/2017:20:11:25 +0000] "GET /category/electronics HTTP/1.1" 200 48 "/item/music/532" "Mozilla/4.0 (compatible; MSIE 8.0; Windows NT 6.0; WOW64; Trident/4.0; GTB6; SLCC1; .NET CLR 2.0.50727; Media Center PC 5.0; .NET CLR 3.5.30729; .NET CLR 3.0.30618; .NET4.0C)"
196.57.135.222 - - [17/Nov/2017:20:11:30 +0000] "GET /category/jewelry HTTP/1.1" 200 107 "-" "Mozilla/4.0 (compatible; MSIE 8.0; Windows NT 6.0; WOW64; Trident/4.0; GTB6; SLCC1; .NET CLR 2.0.50727; Media Center PC 5.0; .NET CLR 3.5.30729; .NET CLR 3.0.30618; .NET4.0C)"
60.123.150.225 - - [17/Nov/2017:20:11:35 +0000] "GET /category/office HTTP/1.1" 200 42 "-" "Mozilla/4.0 (compatible; MSIE 8.0; Windows NT 5.1; Trident/4.0; BTRS122159; GTB7.2; .NET CLR 1.1.4322; .NET CLR 2.0.50727; .NET CLR 3.0.04506.30; .NET CLR 3.0.4506.2152; .NET CLR 3.5.30729; BRI/2)"
200.138.201.118 - - [17/Nov/2017:20:11:40 +0000] "GET /item/electronics/867 HTTP/1.1" 200 83 "-" "Mozilla/4.0 (compatible; MSIE 8.0; Windows NT 5.1; Trident/4.0; YTB720; GTB7.2; .NET CLR 1.1.4322; .NET CLR 2.0.50727; .NET CLR 3.0.4506.2152; .NET CLR 3.5.30729)"
192.183.227.24 - - [17/Nov/2017:20:11:45 +0000] "GET /item/giftcards/119 HTTP/1.1" 200 93 "-" "Mozilla/4.0 (compatible; MSIE 8.0; Windows NT 6.1; Trident/4.0; YTB730; SLCC2; .NET CLR 2.0.50727; .NET CLR 3.5.30729; .NET CLR 3.0.30729; Media Center PC 6.0; .NET4.0C)"
156.51.157.126 - - [17/Nov/2017:20:11:50 +0000] "GET /category/toys HTTP/1.1" 200 41 "-" "Mozilla/5.0 (Windows NT 6.0) AppleWebKit/535.11 (KHTML, like Gecko) Chrome/17.0.963.56 Safari/535.11"
160.222.46.45 - - [17/Nov/2017:20:11:55 +0000] "POST /search/?c=Office+Computers HTTP/1.1" 200 62 "-" "Mozilla/4.0 (compatible; MSIE 8.0; Windows NT 5.1; Trident/4.0; YTB720; GTB7.2; .NET CLR 1.1.4322; .NET CLR 2.0.50727; .NET CLR 3.0.4506.2152; .NET CLR 3.5.30729)"
100.171.120.84 - - [17/Nov/2017:20:12:00 +0000] "GET /category/books HTTP/1.1" 200 139 "-" "Mozilla/5.0 (compatible; Googlebot/2.1; +http://www.google.com/bot.html)"
64.72.99.80 - - [17/Nov/2017:20:12:05 +0000] "GET /item/networking/4696 HTTP/1.1" 200 138 "/category/cameras" "Mozilla/5.0 (compatible; MSIE 9.0; Windows NT 6.1; WOW64; Trident/5.0)"
80.144.46.167 - - [17/Nov/2017:20:12:10 +0000] "GET /category/office HTTP/1.1" 200 128 "-" "Mozilla/5.0 (compatible; MSIE 9.0; Windows NT 6.1; Trident/5.0)"
188.198.226.23 - - [17/Nov/2017:20:12:15 +0000] "GET /category/electronics?from=0 HTTP/1.1" 200 71 "/item/cameras/3403" "Mozilla/5.0 (Windows NT 6.1; WOW64; rv:10.0.1) Gecko/20100101 Firefox/10.0.1"
80.162.143.170 - - [17/Nov/2017:20:12:20 +0000] "GET /item/garden/4648 HTTP/1.1" 200 76 "/category/games" "Mozilla/5.0 (Windows NT 5.1) AppleWebKit/535.11 (KHTML, like Gecko) Chrome/17.0.963.46 Safari/535.11"
72.138.35.193 - - [17/Nov/2017:20:12:25 +0000] "GET /item/finance/1295 HTTP/1.1" 200 105 "-" "Mozilla/5.0 (Windows NT 6.1; WOW64; rv:10.0.1) Gecko/20100101 Firefox/10.0.1"
188.162.174.58 - - [17/Nov/2017:20:12:30 +0000] "GET /category/electronics HTTP/1.1" 200 126 "/category/software" "Mozilla/5.0 (Windows NT 6.1; WOW64) AppleWebKit/535.7 (KHTML, like Gecko) Chrome/16.0.912.77 Safari/535.7"
196.57.135.222 - - [17/Nov/2017:20:12:35 +0000] "GET /category/giftcards HTTP/1.1" 200 117 "-" "Mozilla/5.0 (Windows NT 6.1; WOW64; rv:10.0.1) Gecko/20100101 Firefox/10.0.1"
176.117.229.92 - - [17/Nov/2017:20:12:40 +0000] "GET /category/books?from=0 HTTP/1.1" 200 56 "/item/electronics/4005" "Mozilla/5.0 (Windows NT 6.0) AppleWebKit/535.11 (KHTML, like Gecko) Chrome/17.0.963.56 Safari/535.11"
120.216.45.120 - - [17/Nov/2017:20:12:45 +0000] "POST /search/?c=Electronics+Garden HTTP/1.1" 200 139 "/item/computers/1943" "Mozilla/5.0 (Windows NT 6.0; rv:10.0.1) Gecko/20100101 Firefox/10.0.1"
44.189.22.22 - - [17/Nov/2017:20:12:50 +0000] "GET /category/toys HTTP/1.1" 200 125 "/item/electronics/3821" "Mozilla/4.0 (compatible; MSIE 8.0; Windows NT 5.1; Trident/4.0; BTRS122159; GTB7.2; .NET CLR 1.1.4322; .NET CLR 2.0.50727; .NET CLR 3.0.04506.30; .NET CLR 3.0.4506.2152; .NET CLR 3.5.30729; BRI/2)"
20.45.200.182 - - [17/Nov/2017:20:12:55 +0000] "GET /item/games/110 HTTP/1.1" 200 48 "/category/electronics" "Mozilla/5.0 (Windows NT 6.0) AppleWebKit/535.11 (KHTML, like Gecko) Chrome/17.0.963.56 Safari/535.11"
88.228.128.46 - - [17/Nov/2017:20:13:00 +0000] "GET /category/electronics HTTP/1.1" 200 82 "/category/books" "Mozilla/5.0 (compatible; MSIE 9.0; Windows NT 6.1; WOW64; Trident/5.0)"
148.84.138.22 - - [17/Nov/2017:20:13:05 +0000] "GET /item/cameras/2644 HTTP/1.1" 200 124 "/category/jewelry" "Mozilla/5.0 (Windows NT 6.0; rv:10.0.1) Gecko/20100101 Firefox/10.0.1"
164.135.96.20 - - [17/Nov/2017:20:13:10 +0000] "GET /item/garden/2971 HTTP/1.1" 200 116 "/search/?c=Garden" "Mozilla/5.0 (Windows NT 6.1; WOW64) AppleWebKit/535.11 (KHTML, like Gecko) Chrome/17.0.963.56 Safari/535.11"
228.123.64.116 - - [17/Nov/2017:20:13:15 +0000] "GET /category/books HTTP/1.1" 200 121 "/item/music/2069" "Mozilla/4.0 (compatible; MSIE 8.0; Windows NT 6.1; WOW64; Trident/4.0; GTB7.2; SLCC2; .NET CLR 2.0.50727; .NET CLR 3.5.30729; .NET CLR 3.0.30729; Media Center PC 6.0; .NET4.0C)"
188.147.180.205 - - [17/Nov/2017:20:13:20 +0000] "GET /item/books/3156 HTTP/1.1" 200 102 "/search/?c=Books+Electronics" "Mozilla/5.0 (Windows NT 6.0; rv:10.0.1) Gecko/20100101 Firefox/10.0.1"
180.48.74.50 - - [17/Nov/2017:20:13:25 +0000] "GET /category/health HTTP/1.1" 200 119 "/category/garden" "Mozilla/5.0 (Macintosh; Intel Mac OS X 10.6; rv:9.0.1) Gecko/20100101 Firefox/9.0.1"
72.123.67.110 - - [17/Nov/2017:20:13:30 +0000] "GET /category/finance HTTP/1.1" 200 55 "-" "Mozilla/5.0 (iPhone; CPU iPhone OS 5_0_1 like Mac OS X) AppleWebKit/534.46 (KHTML, like Gecko) Version/5.1 Mobile/9A405 Safari/7534.48.3"
20.93.216.37 - - [17/Nov/2017:20:13:35 +0000] "GET /item/electronics/1706 HTTP/1.1" 200 119 "/item/electronics/3882" "Mozilla/5.0 (Windows NT 6.1; WOW64) AppleWebKit/535.11 (KHTML, like Gecko) Chrome/17.0.963.56 Safari/535.11"
224.171.159.48 - - [17/Nov/2017:20:13:40 +0000] "GET /item/electronics/2868 HTTP/1.1" 200 41 "/item/computers/811" "Mozilla/4.0 (compatible; MSIE 8.0; Windows NT 5.1; Trident/4.0; YTB720; GTB7.2; .NET CLR 1.1.4322; .NET CLR 2.0.50727; .NET CLR 3.0.4506.2152; .NET CLR 3.5.30729)"
216.90.56.55 - - [17/Nov/2017:20:13:45 +0000] "GET /category/software HTTP/1.1" 200 85 "/category/books" "Mozilla/5.0 (Windows NT 6.0; rv:10.0.1) Gecko/20100101 Firefox/10.0.1"
112.57.196.125 - - [17/Nov/2017:20:13:50 +0000] "GET /category/toys HTTP/1.1" 200 115 "-" "Mozilla/4.0 (compatible; MSIE 8.0; Windows NT 5.1; Trident/4.0; YTB720; GTB7.2; .NET CLR 1.1.4322; .NET CLR 2.0.50727; .NET CLR 3.0.4506.2152; .NET CLR 3.5.30729)"
148.60.198.141 - - [17/Nov/2017:20:13:55 +0000] "GET /item/software/2699 HTTP/1.1" 200 50 "/item/games/3032" "Mozilla/5.0 (compatible; Googlebot/2.1; +http://www.google.com/bot.html)"
124.210.121.29 - - [17/Nov/2017:20:14:00 +0000] "GET /category/office HTTP/1.1" 200 51 "-" "Mozilla/5.0 (Macintosh; Intel Mac OS X 10.6; rv:9.0.1) Gecko/20100101 Firefox/9.0.1"
108.219.222.220 - - [17/Nov/2017:20:14:05 +0000] "GET /item/software/875 HTTP/1.1" 200 132 "/category/books" "Mozilla/5.0 (Macintosh; Intel Mac OS X 10.6; rv:9.0.1) Gecko/20100101 Firefox/9.0.1"
112.132.152.220 - - [17/Nov/2017:20:14:10 +0000] "GET /category/software HTTP/1.1" 200 99 "/item/software/3961" "Mozilla/5.0 (Windows NT 6.1; WOW64) AppleWebKit/535.11 (KHTML, like Gecko) Chrome/17.0.963.56 Safari/535.11"
56.150.73.159 - - [17/Nov/2017:20:14:15 +0000] "GET /category/software HTTP/1.1" 200 93 "/item/games/2268" "Mozilla/5.0 (compatible; MSIE 9.0; Windows NT 6.1; Trident/5.0)"
80.114.151.203 - - [17/Nov/2017:20:14:20 +0000] "GET /item/cameras/2523 HTTP/1.1" 200 66 "/category/books?from=0" "Mozilla/5.0 (Windows NT 6.1; WOW64; rv:10.0.1) Gecko/20100101 Firefox/10.0.1"
64.111.228.178 - - [17/Nov/2017:20:14:25 +0000] "GET /item/books/4255 HTTP/1.1" 200 108 "/category/software" "Mozilla/5.0 (compatible; Googlebot/2.1; +http://www.google.com/bot.html)"
168.183.144.126 - - [17/Nov/2017:20:14:30 +0000] "GET /category/books?from=10 HTTP/1.1" 200 89 "/item/electronics/1079" "Mozilla/5.0 (compatible; Googlebot/2.1; +http://www.google.com/bot.html)"
132.81.165.167 - - [17/Nov/2017:20:14:35 +0000] "GET /category/electronics HTTP/1.1" 200 62 "-" "Mozilla/4.0 (compatible; MSIE 8.0; Windows NT 6.1; WOW64; Trident/4.0; YTB730; GTB7.2; SLCC2; .NET CLR 2.0.50727; .NET CLR 3.5.30729; .NET CLR 3.0.30729; .NET4.0C; .NET4.0E; Media Center PC 6.0)"
172.45.84.183 - - [17/Nov/2017:20:14:40 +0000] "GET /category/garden?from=0 HTTP/1.1" 200 77 "-" "Mozilla/4.0 (compatible; MSIE 8.0; Windows NT 5.1; Trident/4.0; BTRS122159; GTB7.2; .NET CLR 1.1.4322; .NET CLR 2.0.50727; .NET CLR 3.0.04506.30; .NET CLR 3.0.4506.2152; .NET CLR 3.5.30729; BRI/2)"
24.216.171.77 - - [17/Nov/2017:20:14:45 +0000] "POST /search/?c=Books+Electronics HTTP/1.1" 200 79 "-" "Mozilla/4.0 (compatible; MSIE 8.0; Windows NT 6.1; WOW64; Trident/4.0; GTB7.2; SLCC2; .NET CLR 2.0.50727; .NET CLR 3.5.30729; .NET CLR 3.0.30729; Media Center PC 6.0; .NET4.0C)"
176.27.158.207 - - [17/Nov/2017:20:14:50 +0000] "GET /item/garden/2166 HTTP/1.1" 200 139 "/category/electronics" "Mozilla/5.0 (compatible; MSIE 9.0; Windows NT 6.1; WOW64; Trident/5.0)"
148.63.165.61 - - [17/Nov/2017:20:14:55 +0000] "GET /category/electronics HTTP/1.1" 200 73 "-" "Mozilla/5.0 (iPad; CPU OS 5_0_1 like Mac OS X) AppleWebKit/534.46 (KHTML, like Gecko) Version/5.1 Mobile/9A405 Safari/7534.48.3"
212.117.157.59 - - [17/Nov/2017:20:15:00 +0000] "GET /category/electronics HTTP/1.1" 200 44 "-" "Mozilla/5.0 (compatible; MSIE 9.0; Windows NT 6.1; Trident/5.0)"
212.60.196.21 - - [17/Nov/2017:20:15:05 +0000] "GET /item/health/4027 HTTP/1.1" 200 58 "-" "Mozilla/4.0 (compatible; MSIE 8.0; Windows NT 6.1; Trident/4.0; YTB730; SLCC2; .NET CLR 2.0.50727; .NET CLR 3.5.30729; .NET CLR 3.0.30729; Media Center PC 6.0; .NET4.0C)"
160.168.34.130 - - [17/Nov/2017:20:15:10 +0000] "GET /item/electronics/4251 HTTP/1.1" 200 139 "-" "Mozilla/4.0 (compatible; MSIE 8.0; Windows NT 6.1; WOW64; Trident/4.0; YTB730; GTB7.2; EasyBits GO v1.0; SLCC2; .NET CLR 2.0.50727; .NET CLR 3.5.30729; .NET CLR 3.0.30729; Media Center PC 6.0; .NET4.0C)"
216.129.86.169 - - [17/Nov/2017:20:15:15 +0000] "GET /item/software/2434 HTTP/1.1" 200 120 "/category/electronics?from=20" "Mozilla/5.0 (compatible; MSIE 9.0; Windows NT 6.1; WOW64; Trident/5.0)"
172.48.138.173 - - [17/Nov/2017:20:15:20 +0000] "GET /category/software HTTP/1.1" 200 106 "/item/music/4699" "Mozilla/5.0 (Windows NT 6.1; WOW64) AppleWebKit/535.7 (KHTML, like Gecko) Chrome/16.0.912.77 Safari/535.7"
80.81.66.77 - - [17/Nov/2017:20:15:25 +0000] "GET /item/software/3586 HTTP/1.1" 200 111 "-" "Mozilla/5.0 (Windows NT 6.1; WOW64) AppleWebKit/535.11 (KHTML, like Gecko) Chrome/17.0.963.56 Safari/535.11"
76.138.226.38 - - [17/Nov/2017:20:15:30 +0000] "GET /category/software?from=0 HTTP/1.1" 200 77 "/search/?c=Software+Finance" "Mozilla/4.0 (compatible; MSIE 8.0; Windows NT 5.1; Trident/4.0; BTRS122159; GTB7.2; .NET CLR 1.1.4322; .NET CLR 2.0.50727; .NET CLR 3.0.04506.30; .NET CLR 3.0.4506.2152; .NET CLR 3.5.30729; BRI/2)"
56.123.71.53 - - [17/Nov/2017:20:15:35 +0000] "GET /category/software?from=0 HTTP/1.1" 200 40 "/search/?c=Software" "Mozilla/5.0 (Macintosh; Intel Mac OS X 10.6; rv:9.0.1) Gecko/20100101 Firefox/9.0.1"
120.189.186.127 - - [17/Nov/2017:20:15:40 +0000] "GET /category/software HTTP/1.1" 200 58 "/item/electronics/4574" "Mozilla/5.0 (Macintosh; Intel Mac OS X 10.6; rv:9.0.1) Gecko/20100101 Firefox/9.0.1"
168.210.175.118 - - [17/Nov/2017:20:15:45 +0000] "GET /item/electronics/2034 HTTP/1.1" 200 100 "/category/software" "Mozilla/5.0 (compatible; MSIE 9.0; Windows NT 6.1; WOW64; Trident/5.0)"
188.117.206.31 - - [17/Nov/2017:20:15:50 +0000] "GET /item/electronics/3529 HTTP/1.1" 404 122 "http://www.google.com/search?ie=UTF-8&q=google&sclient=psy-ab&q=Electronics+Health&oq=Electronics+Health&aq=f&aqi=g-vL1&aql=&pbx=1&bav=on.2,or.r_gc.r_pw.r_qf.,cf.osb&biw=568&bih=542" "Mozilla/5.0 (Windows NT 6.1; WOW64; rv:10.0.1) Gecko/20100101 Firefox/10.0.1"
216.222.35.46 - - [17/Nov/2017:20:15:55 +0000] "GET /category/computers HTTP/1.1" 200 133 "/category/cameras" "Mozilla/5.0 (compatible; MSIE 9.0; Windows NT 6.1; WOW64; Trident/5.0)"
208.120.110.135 - - [17/Nov/2017:20:16:00 +0000] "GET /category/electronics HTTP/1.1" 200 49 "/category/toys" "Mozilla/5.0 (Windows NT 6.1; WOW64; rv:10.0.1) Gecko/20100101 Firefox/10.0.1"
192.183.227.24 - - [17/Nov/2017:20:16:05 +0000] "GET /item/electronics/681 HTTP/1.1" 200 64 "/search/?c=Electronics" "Mozilla/5.0 (Windows NT 6.0; rv:10.0.1) Gecko/20100101 Firefox/10.0.1"
80.39.194.34 - - [17/Nov/2017:20:16:10 +0000] "GET /item/books/515 HTTP/1.1" 200 124 "/category/books" "Mozilla/5.0 (Macintosh; Intel Mac OS X 10.6; rv:9.0.1) Gecko/20100101 Firefox/9.0.1"
112.84.123.124 - - [17/Nov/2017:20:16:15 +0000] "GET /item/music/4403 HTTP/1.1" 200 96 "/item/games/3491" "Mozilla/5.0 (compatible; MSIE 9.0; Windows NT 6.1; Trident/5.0)"
124.66.153.212 - - [17/Nov/2017:20:16:20 +0000] "GET /category/jewelry HTTP/1.1" 200 122 "-" "Mozilla/5.0 (Windows NT 6.1; WOW64) AppleWebKit/535.7 (KHTML, like Gecko) Chrome/16.0.912.77 Safari/535.7"
44.102.75.27 - - [17/Nov/2017:20:16:25 +0000] "GET /category/jewelry HTTP/1.1" 200 80 "-" "Mozilla/4.0 (compatible; MSIE 8.0; Windows NT 6.1; WOW64; Trident/4.0; YTB730; GTB7.2; EasyBits GO v1.0; SLCC2; .NET CLR 2.0.50727; .NET CLR 3.5.30729; .NET CLR 3.0.30729; Media Center PC 6.0; .NET4.0C)"
184.57.118.95 - - [17/Nov/2017:20:16:30 +0000] "GET /category/software HTTP/1.1" 200 77 "-" "Mozilla/5.0 (Windows NT 6.1; WOW64) AppleWebKit/535.11 (KHTML, like Gecko) Chrome/17.0.963.56 Safari/535.11"
152.90.220.86 - - [17/Nov/2017:20:16:35 +0000] "GET /category/software HTTP/1.1" 200 129 "-" "Mozilla/5.0 (Windows NT 6.0; rv:10.0.1) Gecko/20100101 Firefox/10.0.1"
152.207.187.181 - - [17/Nov/2017:20:16:40 +0000] "GET /category/electronics HTTP/1.1" 200 57 "/category/toys?from=10" "Mozilla/5.0 (Windows NT 5.1) AppleWebKit/535.11 (KHTML, like Gecko) Chrome/17.0.963.46 Safari/535.11"
44.72.104.147 - - [17/Nov/2017:20:16:45 +0000] "GET /category/jewelry HTTP/1.1" 200 73 "-" "Mozilla/5.0 (compatible; MSIE 9.0; Windows NT 6.1; WOW64; Trident/5.0)"
144.126.86.47 - - [17/Nov/2017:20:16:50 +0000] "GET /category/electronics HTTP/1.1" 200 51 "/item/software/1323" "Mozilla/5.0 (Windows NT 6.1; WOW64; rv:10.0.1) Gecko/20100101 Firefox/10.0.1"
92.48.177.183 - - [17/Nov/2017:20:16:55 +0000] "GET /category/jewelry HTTP/1.1" 200 78 "-" "Mozilla/5.0 (compatible; MSIE 9.0; Windows NT 6.1; WOW64; Trident/5.0)"
104.156.80.128 - - [17/Nov/2017:20:17:00 +0000] "GET /category/giftcards HTTP/1.1" 200 60 "/category/computers" "Mozilla/5.0 (iPhone; CPU iPhone OS 5_0_1 like Mac OS X) AppleWebKit/534.46 (KHTML, like Gecko) Version/5.1 Mobile/9A405 Safari/7534.48.3"
228.210.130.193 - - [17/Nov/2017:20:17:05 +0000] "GET /category/finance HTTP/1.1" 200 71 "-" "Mozilla/5.0 (iPad; CPU OS 5_0_1 like Mac OS X) AppleWebKit/534.46 (KHTML, like Gecko) Version/5.1 Mobile/9A405 Safari/7534.48.3"
48.219.110.88 - - [17/Nov/2017:20:17:10 +0000] "GET /category/electronics?from=0 HTTP/1.1" 200 102 "-" "Mozilla/5.0 (Macintosh; Intel Mac OS X 10.6; rv:9.0.1) Gecko/20100101 Firefox/9.0.1"
136.30.65.186 - - [17/Nov/2017:20:17:15 +0000] "GET /category/software HTTP/1.1" 200 107 "/item/books/1533" "Mozilla/5.0 (compatible; Googlebot/2.1; +http://www.google.com/bot.html)"
36.222.81.121 - - [17/Nov/2017:20:17:20 +0000] "GET /category/electronics?from=20 HTTP/1.1" 200 63 "/item/giftcards/1901" "Mozilla/4.0 (compatible; MSIE 8.0; Windows NT 6.1; WOW64; Trident/4.0; GTB7.2; SLCC2; .NET CLR 2.0.50727; .NET CLR 3.5.30729; .NET CLR 3.0.30729; Media Center PC 6.0; .NET4.0C)"
116.21.137.191 - - [17/Nov/2017:20:17:25 +0000] "GET /category/electronics HTTP/1.1" 200 128 "-" "Mozilla/5.0 (Windows NT 6.1; WOW64) AppleWebKit/535.11 (KHTML, like Gecko) Chrome/17.0.963.56 Safari/535.11"
108.150.20.229 - - [17/Nov/2017:20:17:30 +0000] "GET /item/software/2724 HTTP/1.1" 200 123 "/category/electronics" "Mozilla/5.0 (compatible; Googlebot/2.1; +http://www.google.com/bot.html)"
108.225.225.104 - - [17/Nov/2017:20:17:35 +0000] "POST /search/?c=Electronics HTTP/1.1" 200 130 "-" "Mozilla/5.0 (Macintosh; Intel Mac OS X 10.6; rv:9.0.1) Gecko/20100101 Firefox/9.0.1"
180.150.61.142 - - [17/Nov/2017:20:17:40 +0000] "GET /item/games/526 HTTP/1.1" 200 104 "/category/software" "Mozilla/4.0 (compatible; MSIE 8.0; Windows NT 5.1; Trident/4.0; YTB720; GTB7.2; .NET CLR 1.1.4322; .NET CLR 2.0.50727; .NET CLR 3.0.4506.2152; .NET CLR 3.5.30729)"
104.225.169.202 - - [17/Nov/2017:20:17:45 +0000] "GET /item/books/1503 HTTP/1.1" 200 49 "-" "Mozilla/5.0 (Windows NT 6.1; WOW64) AppleWebKit/535.11 (KHTML, like Gecko) Chrome/17.0.963.56 Safari/535.11"
60.225.108.28 - - [17/Nov/2017:20:17:50 +0000] "GET /category/books HTTP/1.1" 200 41 "-" "Mozilla/4.0 (compatible; MSIE 8.0; Windows NT 5.1; Trident/4.0; YTB720; GTB7.2; .NET CLR 1.1.4322; .NET CLR 2.0.50727; .NET CLR 3.0.4506.2152; .NET CLR 3.5.30729)"
88.27.37.78 - - [17/Nov/2017:20:17:55 +0000] "GET /item/games/3868 HTTP/1.1" 200 98 "/category/games" "Mozilla/5.0 (compatible; MSIE 9.0; Windows NT 6.1; Trident/5.0)"
188.213.129.190 - - [17/Nov/2017:20:18:00 +0000] "GET /category/electronics HTTP/1.1" 200 138 "-" "Mozilla/4.0 (compatible; MSIE 8.0; Windows NT 6.1; WOW64; Trident/4.0; GTB7.2; SLCC2; .NET CLR 2.0.50727; .NET CLR 3.5.30729; .NET CLR 3.0.30729; Media Center PC 6.0; .NET4.0C)"
180.96.213.98 - - [17/Nov/2017:20:18:05 +0000] "GET /item/electronics/3036 HTTP/1.1" 200 49 "http://www.google.com/search?ie=UTF-8&q=google&sclient=psy-ab&q=Electronics+Computers&oq=Electronics+Computers&aq=f&aqi=g-vL1&aql=&pbx=1&bav=on.2,or.r_gc.r_pw.r_qf.,cf.osb&biw=3544&bih=172" "Mozilla/5.0 (Macintosh; Intel Mac OS X 10.6; rv:9.0.1) Gecko/20100101 Firefox/9.0.1"
192.96.212.129 - - [17/Nov/2017:20:18:10 +0000] "GET /item/electronics/2101 HTTP/1.1" 200 84 "/category/electronics" "Mozilla/5.0 (iPhone; CPU iPhone OS 5_0_1 like Mac OS X) AppleWebKit/534.46 (KHTML, like Gecko) Version/5.1 Mobile/9A405 Safari/7534.48.3"
20.192.47.128 - - [17/Nov/2017:20:18:15 +0000] "GET /category/electronics HTTP/1.1" 200 88 "-" "Mozilla/4.0 (compatible; MSIE 8.0; Windows NT 6.1; Trident/4.0; YTB730; SLCC2; .NET CLR 2.0.50727; .NET CLR 3.5.30729; .NET CLR 3.0.30729; Media Center PC 6.0; .NET4.0C)"
92.102.204.173 - - [17/Nov/2017:20:18:20 +0000] "GET /category/software HTTP/1.1" 200 76 "-" "Mozilla/5.0 (Windows NT 5.1) AppleWebKit/535.11 (KHTML, like Gecko) Chrome/17.0.963.46 Safari/535.11"
92.132.142.60 - - [17/Nov/2017:20:18:25 +0000] "GET /item/electronics/2670 HTTP/1.1" 200 51 "/category/electronics" "Mozilla/5.0 (Windows NT 6.1; WOW64) AppleWebKit/535.7 (KHTML, like Gecko) Chrome/16.0.912.77 Safari/535.7"
84.21.159.189 - - [17/Nov/2017:20:18:30 +0000] "GET /item/electronics/3377 HTTP/1.1" 200 125 "/item/cameras/2822" "Mozilla/5.0 (Windows NT 6.0) AppleWebKit/535.11 (KHTML, like Gecko) Chrome/17.0.963.56 Safari/535.11"
72.189.134.198 - - [17/Nov/2017:20:18:35 +0000] "GET /item/electronics/950 HTTP/1.1" 200 92 "-" "Mozilla/5.0 (compatible; Googlebot/2.1; +http://www.google.com/bot.html)"
112.102.42.196 - - [17/Nov/2017:20:18:40 +0000] "GET /category/garden HTTP/1.1" 200 121 "-" "Mozilla/4.0 (compatible; MSIE 8.0; Windows NT 6.1; Trident/4.0; YTB730; SLCC2; .NET CLR 2.0.50727; .NET CLR 3.5.30729; .NET CLR 3.0.30729; Media Center PC 6.0; .NET4.0C)"
140.27.85.29 - - [17/Nov/2017:20:18:45 +0000] "GET /category/electronics HTTP/1.1" 200 115 "-" "Mozilla/5.0 (Windows NT 6.0; rv:10.0.1) Gecko/20100101 Firefox/10.0.1"
84.150.155.34 - - [17/Nov/2017:20:18:50 +0000] "GET /category/electronics HTTP/1.1" 200 75 "http://www.google.com/search?ie=UTF-8&q=google&sclient=psy-ab&q=Electronics+Books&oq=Electronics+Books&aq=f&aqi=g-vL1&aql=&pbx=1&bav=on.2,or.r_gc.r_pw.r_qf.,cf.osb&biw=4164&bih=302" "Mozilla/5.0 (compatible; MSIE 9.0; Windows NT 6.1; WOW64; Trident/5.0)"
68.72.35.74 - - [17/Nov/2017:20:18:55 +0000] "GET /category/software?from=0 HTTP/1.1" 200 126 "/category/giftcards?from=0" "Mozilla/4.0 (compatible; MSIE 8.0; Windows NT 6.1; Trident/4.0; YTB730; SLCC2; .NET CLR 2.0.50727; .NET CLR 3.5.30729; .NET CLR 3.0.30729; Media Center PC 6.0; .NET4.0C)"
76.153.22.87 - - [17/Nov/2017:20:19:00 +0000] "GET /category/games?from=0 HTTP/1.1" 200 72 "/category/books" "Mozilla/5.0 (Windows NT 6.1; WOW64) AppleWebKit/535.7 (KHTML, like Gecko) Chrome/16.0.912.77 Safari/535.7"
108.225.225.104 - - [17/Nov/2017:20:19:05 +0000] "POST /search/?c=Music+Sports HTTP/1.1" 200 126 "-" "Mozilla/4.0 (compatible; MSIE 8.0; Windows NT 6.1; WOW64; Trident/4.0; GTB7.2; SLCC2; .NET CLR 2.0.50727; .NET CLR 3.5.30729; .NET CLR 3.0.30729; Media Center PC 6.0; .NET4.0C)"
140.183.67.108 - - [17/Nov/2017:20:19:10 +0000] "GET /category/games HTTP/1.1" 200 88 "-" "Mozilla/5.0 (iPad; CPU OS 5_0_1 like Mac OS X) AppleWebKit/534.46 (KHTML, like Gecko) Version/5.1 Mobile/9A405 Safari/7534.48.3"
168.108.43.22 - - [17/Nov/2017:20:19:15 +0000] "GET /category/electronics HTTP/1.1" 200 57 "/item/electronics/867" "Mozilla/5.0 (Windows NT 6.1; WOW64) AppleWebKit/535.11 (KHTML, like Gecko) Chrome/17.0.963.56 Safari/535.11"
96.90.32.31 - - [17/Nov/2017:20:19:20 +0000] "GET /category/computers HTTP/1.1" 200 89 "/category/giftcards" "Mozilla/5.0 (Windows NT 5.1) AppleWebKit/535.11 (KHTML, like Gecko) Chrome/17.0.963.46 Safari/535.11"
144.129.128.24 - - [17/Nov/2017:20:19:25 +0000] "GET /category/games HTTP/1.1" 200 49 "/search/?c=Software" "Mozilla/5.0 (iPhone; CPU iPhone OS 5_0_1 like Mac OS X) AppleWebKit/534.46 (KHTML, like Gecko) Version/5.1 Mobile/9A405 Safari/7534.48.3"
124.42.157.72 - - [17/Nov/2017:20:19:30 +0000] "GET /item/toys/1044 HTTP/1.1" 200 40 "http://www.google.com/search?ie=UTF-8&q=google&sclient=psy-ab&q=Toys&oq=Toys&aq=f&aqi=g-vL1&aql=&pbx=1&bav=on.2,or.r_gc.r_pw.r_qf.,cf.osb&biw=4187&bih=487" "Mozilla/4.0 (compatible; MSIE 8.0; Windows NT 6.1; WOW64; Trident/4.0; YTB730; GTB7.2; SLCC2; .NET CLR 2.0.50727; .NET CLR 3.5.30729; .NET CLR 3.0.30729; .NET4.0C; .NET4.0E; Media Center PC 6.0)"
176.228.179.33 - - [17/Nov/2017:20:19:35 +0000] "GET /category/software HTTP/1.1" 200 109 "-" "Mozilla/5.0 (compatible; Googlebot/2.1; +http://www.google.com/bot.html)"
212.189.128.184 - - [17/Nov/2017:20:19:40 +0000] "POST /search/?c=Cameras+Office HTTP/1.1" 200 71 "/category/electronics" "Mozilla/5.0 (Windows NT 6.0; rv:10.0.1) Gecko/20100101 Firefox/10.0.1"
132.60.108.133 - - [17/Nov/2017:20:19:45 +0000] "GET /category/electronics HTTP/1.1" 200 113 "-" "Mozilla/5.0 (Windows NT 5.1) AppleWebKit/535.11 (KHTML, like Gecko) Chrome/17.0.963.46 Safari/535.11"
80.75.100.166 - - [17/Nov/2017:20:19:50 +0000] "GET /item/software/875 HTTP/1.1" 200 132 "/item/toys/1044" "Mozilla/4.0 (compatible; MSIE 8.0; Windows NT 6.1; WOW64; Trident/4.0; YTB730; GTB7.2; EasyBits GO v1.0; SLCC2; .NET CLR 2.0.50727; .NET CLR 3.5.30729; .NET CLR 3.0.30729; Media Center PC 6.0; .NET4.0C)"
80.186.195.122 - - [17/Nov/2017:20:19:55 +0000] "GET /item/books/939 HTTP/1.1" 200 48 "http://www.google.com/search?ie=UTF-8&q=google&sclient=psy-ab&q=Books+Games&oq=Books+Games&aq=f&aqi=g-vL1&aql=&pbx=1&bav=on.2,or.r_gc.r_pw.r_qf.,cf.osb&biw=2843&bih=127" "Mozilla/5.0 (Windows NT 6.0) AppleWebKit/535.11 (KHTML, like Gecko) Chrome/17.0.963.56 Safari/535.11"
140.54.169.166 - - [17/Nov/2017:20:20:00 +0000] "GET /category/electronics HTTP/1.1" 200 78 "-" "Mozilla/5.0 (compatible; MSIE 9.0; Windows NT 6.1; WOW64; Trident/5.0)"
112.21.69.67 - - [17/Nov/2017:20:20:05 +0000] "GET /category/software?from=20 HTTP/1.1" 200 94 "-" "Mozilla/5.0 (compatible; MSIE 9.0; Windows NT 6.1; WOW64; Trident/5.0)"
188.147.180.205 - - [17/Nov/2017:20:20:10 +0000] "POST /search/?c=Software HTTP/1.1" 200 50 "/search/?c=Finance" "Mozilla/5.0 (compatible; Googlebot/2.1; +http://www.google.com/bot.html)"
40.123.201.66 - - [17/Nov/2017:20:20:15 +0000] "GET /category/networking HTTP/1.1" 200 127 "/item/electronics/3882" "Mozilla/5.0 (Windows NT 6.0) AppleWebKit/535.11 (KHTML, like Gecko) Chrome/17.0.963.56 Safari/535.11"
152.72.100.218 - - [17/Nov/2017:20:20:20 +0000] "GET /category/giftcards HTTP/1.1" 200 127 "-" "Mozilla/5.0 (iPhone; CPU iPhone OS 5_0_1 like Mac OS X) AppleWebKit/534.46 (KHTML, like Gecko) Version/5.1 Mobile/9A405 Safari/7534.48.3"
224.150.137.59 - - [17/Nov/2017:20:20:25 +0000] "GET /category/sports HTTP/1.1" 200 48 "/category/finance" "Mozilla/5.0 (iPad; CPU OS 5_0_1 like Mac OS X) AppleWebKit/534.46 (KHTML, like Gecko) Version/5.1 Mobile/9A405 Safari/7534.48.3"
212.213.59.205 - - [17/Nov/2017:20:20:30 +0000] "GET /item/games/1456 HTTP/1.1" 200 111 "-" "Mozilla/4.0 (compatible; MSIE 8.0; Windows NT 6.1; WOW64; Trident/4.0; YTB730; GTB7.2; EasyBits GO v1.0; SLCC2; .NET CLR 2.0.50727; .NET CLR 3.5.30729; .NET CLR 3.0.30729; Media Center PC 6.0; .NET4.0C)"
56.123.41.47 - - [17/Nov/2017:20:20:35 +0000] "POST /search/?c=Office+Electronics HTTP/1.1" 200 82 "-" "Mozilla/5.0 (Windows NT 6.1; WOW64) AppleWebKit/535.7 (KHTML, like Gecko) Chrome/16.0.912.77 Safari/535.7"
156.159.223.147 - - [17/Nov/2017:20:20:40 +0000] "GET /category/electronics HTTP/1.1" 200 44 "/category/games" "Mozilla/4.0 (compatible; MSIE 8.0; Windows NT 6.1; Trident/4.0; YTB730; SLCC2; .NET CLR 2.0.50727; .NET CLR 3.5.30729; .NET CLR 3.0.30729; Media Center PC 6.0; .NET4.0C)"
64.132.229.177 - - [17/Nov/2017:20:20:45 +0000] "GET /category/electronics?from=0 HTTP/1.1" 200 71 "/category/electronics" "Mozilla/5.0 (Windows NT 6.1; WOW64) AppleWebKit/535.11 (KHTML, like Gecko) Chrome/17.0.963.56 Safari/535.11"
108.27.225.109 - - [17/Nov/2017:20:20:50 +0000] "GET /category/books HTTP/1.1" 200 84 "/category/games?from=20" "Mozilla/5.0 (Windows NT 6.0; rv:10.0.1) Gecko/20100101 Firefox/10.0.1"
64.156.78.228 - - [17/Nov/2017:20:20:55 +0000] "GET /category/games HTTP/1.1" 200 100 "/item/cameras/2541" "Mozilla/5.0 (compatible; Googlebot/2.1; +http://www.google.com/bot.html)"
192.96.212.129 - - [17/Nov/2017:20:21:00 +0000] "POST /search/?c=Software+Games HTTP/1.1" 200 124 "/category/computers" "Mozilla/5.0 (Windows NT 6.1; WOW64; rv:10.0.1) Gecko/20100101 Firefox/10.0.1"
220.99.157.29 - - [17/Nov/2017:20:21:05 +0000] "GET /category/games HTTP/1.1" 200 99 "-" "Mozilla/5.0 (Windows NT 6.0; rv:10.0.1) Gecko/20100101 Firefox/10.0.1"
32.39.91.121 - - [17/Nov/2017:20:21:10 +0000] "GET /item/networking/4421 HTTP/1.1" 200 47 "/category/health" "Mozilla/5.0 (Windows NT 6.0) AppleWebKit/535.11 (KHTML, like Gecko) Chrome/17.0.963.56 Safari/535.11"
148.171.78.128 - - [17/Nov/2017:20:21:15 +0000] "GET /item/games/3032 HTTP/1.1" 200 115 "/search/?c=Games+Games" "Mozilla/5.0 (iPhone; CPU iPhone OS 5_0_1 like Mac OS X) AppleWebKit/534.46 (KHTML, like Gecko) Version/5.1 Mobile/9A405 Safari/7534.48.3"
124.192.214.79 - - [17/Nov/2017:20:21:20 +0000] "GET /category/toys HTTP/1.1" 200 115 "/category/cameras" "Mozilla/5.0 (Macintosh; Intel Mac OS X 10.6; rv:9.0.1) Gecko/20100101 Firefox/9.0.1"
152.51.200.216 - - [17/Nov/2017:20:21:25 +0000] "GET /category/books HTTP/1.1" 200 67 "/item/giftcards/2263" "Mozilla/5.0 (compatible; MSIE 9.0; Windows NT 6.1; WOW64; Trident/5.0)"
112.69.33.49 - - [17/Nov/2017:20:21:30 +0000] "GET /category/electronics HTTP/1.1" 200 108 "-" "Mozilla/5.0 (Windows NT 6.1; WOW64; rv:10.0.1) Gecko/20100101 Firefox/10.0.1"
120.57.151.184 - - [17/Nov/2017:20:21:35 +0000] "GET /item/garden/1912 HTTP/1.1" 200 84 "http://www.google.com/search?ie=UTF-8&q=google&sclient=psy-ab&q=Garden&oq=Garden&aq=f&aqi=g-vL1&aql=&pbx=1&bav=on.2,or.r_gc.r_pw.r_qf.,cf.osb&biw=788&bih=53" "Mozilla/5.0 (Windows NT 6.0) AppleWebKit/535.11 (KHTML, like Gecko) Chrome/17.0.963.56 Safari/535.11"
132.225.76.162 - - [17/Nov/2017:20:21:40 +0000] "GET /item/cameras/590 HTTP/1.1" 200 133 "/category/cameras" "Mozilla/5.0 (Macintosh; Intel Mac OS X 10.6; rv:9.0.1) Gecko/20100101 Firefox/9.0.1"
196.225.171.61 - - [17/Nov/2017:20:21:45 +0000] "POST /search/?c=Electronics+Games HTTP/1.1" 200 88 "/item/sports/13" "Mozilla/4.0 (compatible; MSIE 8.0; Windows NT 6.1; WOW64; Trident/4.0; YTB730; GTB7.2; SLCC2; .NET CLR 2.0.50727; .NET CLR 3.5.30729; .NET CLR 3.0.30729; .NET4.0C; .NET4.0E; Media Center PC 6.0)"
76.48.201.164 - - [17/Nov/2017:20:21:50 +0000] "GET /item/electronics/4629 HTTP/1.1" 200 83 "/item/giftcards/202" "Mozilla/4.0 (compatible; MSIE 8.0; Windows NT 6.1; WOW64; Trident/4.0; GTB7.2; SLCC2; .NET CLR 2.0.50727; .NET CLR 3.5.30729; .NET CLR 3.0.30729; Media Center PC 6.0; .NET4.0C)"
216.183.77.82 - - [17/Nov/2017:20:21:55 +0000] "GET /category/electronics?from=0 HTTP/1.1" 200 102 "/search/?c=Electronics" "Mozilla/5.0 (Windows NT 6.0; rv:10.0.1) Gecko/20100101 Firefox/10.0.1"
128.39.75.36 - - [17/Nov/2017:20:22:00 +0000] "GET /item/games/2215 HTTP/1.1" 200 64 "/search/?c=Games+Networking" "Mozilla/5.0 (Macintosh; Intel Mac OS X 10.6; rv:9.0.1) Gecko/20100101 Firefox/9.0.1"
216.54.131.48 - - [17/Nov/2017:20:22:05 +0000] "GET /item/games/2827 HTTP/1.1" 200 113 "/category/games" "Mozilla/5.0 (Windows NT 6.0; rv:10.0.1) Gecko/20100101 Firefox/10.0.1"
196.96.50.86 - - [17/Nov/2017:20:22:10 +0000] "GET /category/software?from=0 HTTP/1.1" 200 64 "/search/?c=Software+Office" "Mozilla/5.0 (compatible; MSIE 9.0; Windows NT 6.1; WOW64; Trident/5.0)"
156.105.121.202 - - [17/Nov/2017:20:22:15 +0000] "GET /item/finance/3901 HTTP/1.1" 200 107 "http://www.google.com/search?ie=UTF-8&q=google&sclient=psy-ab&q=Finance&oq=Finance&aq=f&aqi=g-vL1&aql=&pbx=1&bav=on.2,or.r_gc.r_pw.r_qf.,cf.osb&biw=507&bih=452" "Mozilla/5.0 (Windows NT 6.1; WOW64) AppleWebKit/535.11 (KHTML, like Gecko) Chrome/17.0.963.56 Safari/535.11"
220.102.98.97 - - [17/Nov/2017:20:22:20 +0000] "GET /item/giftcards/4757 HTTP/1.1" 200 102 "/search/?c=Giftcards" "Mozilla/5.0 (compatible; MSIE 9.0; Windows NT 6.1; Trident/5.0)"
64.156.78.228 - - [17/Nov/2017:20:22:25 +0000] "GET /item/garden/2971 HTTP/1.1" 200 116 "-" "Mozilla/4.0 (compatible; MSIE 8.0; Windows NT 5.1; Trident/4.0; YTB720; GTB7.2; .NET CLR 1.1.4322; .NET CLR 2.0.50727; .NET CLR 3.0.4506.2152; .NET CLR 3.5.30729)"
32.171.95.119 - - [17/Nov/2017:20:22:30 +0000] "GET /category/software HTTP/1.1" 200 94 "/item/office/964" "Mozilla/5.0 (Windows NT 6.1; WOW64) AppleWebKit/535.7 (KHTML, like Gecko) Chrome/16.0.912.77 Safari/535.7"
212.219.108.195 - - [17/Nov/2017:20:22:35 +0000] "GET /item/office/2855 HTTP/1.1" 200 52 "/category/jewelry" "Mozilla/5.0 (Windows NT 6.1; WOW64; rv:10.0.1) Gecko/20100101 Firefox/10.0.1"
92.72.135.226 - - [17/Nov/2017:20:22:40 +0000] "GET /category/software HTTP/1.1" 200 104 "-" "Mozilla/5.0 (Windows NT 6.1; WOW64) AppleWebKit/535.7 (KHTML, like Gecko) Chrome/16.0.912.77 Safari/535.7"
68.24.152.91 - - [17/Nov/2017:20:22:45 +0000] "GET /category/garden?from=0 HTTP/1.1" 200 41 "/category/electronics" "Mozilla/4.0 (compatible; MSIE 8.0; Windows NT 5.1; Trident/4.0; BTRS122159; GTB7.2; .NET CLR 1.1.4322; .NET CLR 2.0.50727; .NET CLR 3.0.04506.30; .NET CLR 3.0.4506.2152; .NET CLR 3.5.30729; BRI/2)"
24.156.218.186 - - [17/Nov/2017:20:22:50 +0000] "GET /category/sports HTTP/1.1" 200 57 "-" "Mozilla/5.0 (Windows NT 6.0; rv:10.0.1) Gecko/20100101 Firefox/10.0.1"
224.150.137.59 - - [17/Nov/2017:20:22:55 +0000] "GET /item/games/15 HTTP/1.1" 200 128 "/item/office/4637" "Mozilla/5.0 (Windows NT 6.1; WOW64) AppleWebKit/535.7 (KHTML, like Gecko) Chrome/16.0.912.77 Safari/535.7"
112.159.38.190 - - [17/Nov/2017:20:23:00 +0000] "GET /item/electronics/3983 HTTP/1.1" 200 47 "/category/music" "Mozilla/5.0 (Windows NT 6.1; WOW64; rv:10.0.1) Gecko/20100101 Firefox/10.0.1"
160.156.210.144 - - [17/Nov/2017:20:23:05 +0000] "GET /category/books HTTP/1.1" 200 85 "-" "Mozilla/5.0 (Windows NT 6.1; WOW64; rv:10.0.1) Gecko/20100101 Firefox/10.0.1"
60.225.108.28 - - [17/Nov/2017:20:23:10 +0000] "POST /search/?c=Computers HTTP/1.1" 200 100 "-" "Mozilla/4.0 (compatible; MSIE 8.0; Windows NT 5.1; Trident/4.0; YTB720; GTB7.2; .NET CLR 1.1.4322; .NET CLR 2.0.50727; .NET CLR 3.0.4506.2152; .NET CLR 3.5.30729)"
152.120.32.93 - - [17/Nov/2017:20:23:15 +0000] "GET /category/books HTTP/1.1" 200 94 "-" "Mozilla/5.0 (compatible; MSIE 9.0; Windows NT 6.1; Trident/5.0)"
208.180.52.36 - - [17/Nov/2017:20:23:20 +0000] "GET /item/giftcards/4757 HTTP/1.1" 200 102 "/category/giftcards" "Mozilla/5.0 (Windows NT 6.1; WOW64) AppleWebKit/535.7 (KHTML, like Gecko) Chrome/16.0.912.77 Safari/535.7"
172.186.119.42 - - [17/Nov/2017:20:23:25 +0000] "POST /search/?c=Garden HTTP/1.1" 200 44 "/category/garden" "Mozilla/4.0 (compatible; MSIE 8.0; Windows NT 6.1; WOW64; Trident/4.0; YTB730; GTB7.2; EasyBits GO v1.0; SLCC2; .NET CLR 2.0.50727; .NET CLR 3.5.30729; .NET CLR 3.0.30729; Media Center PC 6.0; .NET4.0C)"
96.39.228.165 - - [17/Nov/2017:20:23:30 +0000] "GET /category/office HTTP/1.1" 200 54 "/item/electronics/1678" "Mozilla/5.0 (compatible; MSIE 9.0; Windows NT 6.1; WOW64; Trident/5.0)"
44.39.69.128 - - [17/Nov/2017:20:23:35 +0000] "GET /category/jewelry HTTP/1.1" 500 48 "/category/electronics" "Mozilla/5.0 (Macintosh; Intel Mac OS X 10.6; rv:9.0.1) Gecko/20100101 Firefox/9.0.1"
212.171.62.26 - - [17/Nov/2017:20:23:40 +0000] "GET /item/software/3165 HTTP/1.1" 200 63 "-" "Mozilla/5.0 (compatible; MSIE 9.0; Windows NT 6.1; WOW64; Trident/5.0)"
180.183.221.119 - - [17/Nov/2017:20:23:45 +0000] "GET /item/software/2490 HTTP/1.1" 200 51 "/search/?c=Software+Jewelry" "Mozilla/4.0 (compatible; MSIE 8.0; Windows NT 5.1; Trident/4.0; YTB720; GTB7.2; .NET CLR 1.1.4322; .NET CLR 2.0.50727; .NET CLR 3.0.4506.2152; .NET CLR 3.5.30729)"
204.219.223.54 - - [17/Nov/2017:20:23:50 +0000] "GET /item/computers/3585 HTTP/1.1" 200 65 "-" "Mozilla/5.0 (compatible; MSIE 9.0; Windows NT 6.1; Trident/5.0)"
32.213.139.23 - - [17/Nov/2017:20:23:55 +0000] "GET /item/electronics/2795 HTTP/1.1" 200 52 "-" "Mozilla/4.0 (compatible; MSIE 8.0; Windows NT 6.1; WOW64; Trident/4.0; YTB730; GTB7.2; SLCC2; .NET CLR 2.0.50727; .NET CLR 3.5.30729; .NET CLR 3.0.30729; .NET4.0C; .NET4.0E; Media Center PC 6.0)"
176.27.101.193 - - [17/Nov/2017:20:24:00 +0000] "GET /category/cameras?from=20 HTTP/1.1" 200 99 "/item/electronics/4512" "Mozilla/5.0 (Windows NT 6.1; WOW64; rv:10.0.1) Gecko/20100101 Firefox/10.0.1"
176.84.117.57 - - [17/Nov/2017:20:24:05 +0000] "GET /category/computers HTTP/1.1" 200 106 "-" "Mozilla/5.0 (compatible; MSIE 9.0; Windows NT 6.1; WOW64; Trident/5.0)"
212.96.91.36 - - [17/Nov/2017:20:24:10 +0000] "POST /search/?c=Software HTTP/1.1" 200 102 "-" "Mozilla/4.0 (compatible; MSIE 8.0; Windows NT 6.1; WOW64; Trident/4.0; YTB730; GTB7.2; EasyBits GO v1.0; SLCC2; .NET CLR 2.0.50727; .NET CLR 3.5.30729; .NET CLR 3.0.30729; Media Center PC 6.0; .NET4.0C)"
156.198.60.199 - - [17/Nov/2017:20:24:15 +0000] "GET /category/games HTTP/1.1" 200 111 "/category/software" "Mozilla/5.0 (compatible; MSIE 9.0; Windows NT 6.1; Trident/5.0)"
32.156.124.60 - - [17/Nov/2017:20:24:20 +0000] "GET /category/books HTTP/1.1" 200 73 "-" "Mozilla/5.0 (Windows NT 6.1; WOW64) AppleWebKit/535.11 (KHTML, like Gecko) Chrome/17.0.963.56 Safari/535.11"
120.141.183.120 - - [17/Nov/2017:20:24:25 +0000] "GET /category/electronics HTTP/1.1" 200 65 "-" "Mozilla/5.0 (compatible; MSIE 9.0; Windows NT 6.1; WOW64; Trident/5.0)"
148.60.198.141 - - [17/Nov/2017:20:24:30 +0000] "GET /item/games/2882 HTTP/1.1" 200 130 "/item/software/4657" "Mozilla/5.0 (compatible; MSIE 9.0; Windows NT 6.1; WOW64; Trident/5.0)"
224.195.180.118 - - [17/Nov/2017:20:24:35 +0000] "GET /category/electronics HTTP/1.1" 200 75 "-" "Mozilla/5.0 (compatible; MSIE 9.0; Windows NT 6.1; WOW64; Trident/5.0)"
60.51.108.129 - - [17/Nov/2017:20:24:40 +0000] "GET /category/books HTTP/1.1" 200 126 "-" "Mozilla/5.0 (Macintosh; Intel Mac OS X 10.6; rv:9.0.1) Gecko/20100101 Firefox/9.0.1"
128.39.75.36 - - [17/Nov/2017:20:24:45 +0000] "GET /category/software?from=20 HTTP/1.1" 200 86 "/category/office" "Mozilla/5.0 (Macintosh; Intel Mac OS X 10.6; rv:9.0.1) Gecko/20100101 Firefox/9.0.1"
96.105.101.123 - - [17/Nov/2017:20:24:50 +0000] "GET /category/software HTTP/1.1" 200 87 "-" "Mozilla/5.0 (Windows NT 6.1; WOW64) AppleWebKit/535.11 (KHTML, like Gecko) Chrome/17.0.963.56 Safari/535.11"
60.81.144.143 - - [17/Nov/2017:20:24:55 +0000] "GET /item/software/1017 HTTP/1.1" 200 109 "/search/?c=Software" "Mozilla/5.0 (Macintosh; Intel Mac OS X 10.6; rv:9.0.1) Gecko/20100101 Firefox/9.0.1"
140.63.197.40 - - [17/Nov/2017:20:25:00 +0000] "GET /category/software HTTP/1.1" 200 49 "-" "Mozilla/5.0 (Windows NT 6.0) AppleWebKit/535.11 (KHTML, like Gecko) Chrome/17.0.963.56 Safari/535.11"
144.168.60.186 - - [17/Nov/2017:20:25:05 +0000] "GET /item/health/4301 HTTP/1.1" 200 104 "/category/software" "Mozilla/5.0 (Macintosh; Intel Mac OS X 10.6; rv:9.0.1) Gecko/20100101 Firefox/9.0.1"
124.159.56.90 - - [17/Nov/2017:20:25:10 +0000] "GET /category/giftcards HTTP/1.1" 200 126 "/item/office/84" "Mozilla/5.0 (Macintosh; Intel Mac OS X 10.6; rv:9.0.1) Gecko/20100101 Firefox/9.0.1"
224.159.219.206 - - [17/Nov/2017:20:25:15 +0000] "GET /item/electronics/2698 HTTP/1.1" 200 129 "/search/?c=Electronics+Electronics" "Mozilla/5.0 (compatible; MSIE 9.0; Windows NT 6.1; Trident/5.0)"
140.63.80.89 - - [17/Nov/2017:20:25:20 +0000] "GET /category/health HTTP/1.1" 200 82 "/category/toys" "Mozilla/4.0 (compatible; MSIE 8.0; Windows NT 5.1; Trident/4.0; BTRS122159; GTB7.2; .NET CLR 1.1.4322; .NET CLR 2.0.50727; .NET CLR 3.0.04506.30; .NET CLR 3.0.4506.2152; .NET CLR 3.5.30729; BRI/2)"
228.54.175.57 - - [17/Nov/2017:20:25:25 +0000] "GET /category/giftcards HTTP/1.1" 200 109 "-" "Mozilla/5.0 (Windows NT 6.0; rv:10.0.1) Gecko/20100101 Firefox/10.0.1"
208.114.138.190 - - [17/Nov/2017:20:25:30 +0000] "GET /category/electronics HTTP/1.1" 200 91 "http://www.google.com/search?ie=UTF-8&q=google&sclient=psy-ab&q=Electronics+Networking&oq=Electronics+Networking&aq=f&aqi=g-vL1&aql=&pbx=1&bav=on.2,or.r_gc.r_pw.r_qf.,cf.osb&biw=1082&bih=263" "Mozilla/5.0 (Macintosh; Intel Mac OS X 10.6; rv:9.0.1) Gecko/20100101 Firefox/9.0.1"
84.108.138.186 - - [17/Nov/2017:20:25:35 +0000] "GET /item/health/3590 HTTP/1.1" 200 95 "/search/?c=Health+Software" "Mozilla/5.0 (Windows NT 6.0; rv:10.0.1) Gecko/20100101 Firefox/10.0.1"
136.54.219.130 - - [17/Nov/2017:20:25:40 +0000] "GET /item/software/2487 HTTP/1.1" 200 51 "-" "Mozilla/4.0 (compatible; MSIE 8.0; Windows NT 6.0; WOW64; Trident/4.0; GTB6; SLCC1; .NET CLR 2.0.50727; Media Center PC 5.0; .NET CLR 3.5.30729; .NET CLR 3.0.30618; .NET4.0C)"
176.186.192.119 - - [17/Nov/2017:20:25:45 +0000] "GET /category/computers?from=0 HTTP/1.1" 200 40 "/item/cameras/2541" "Mozilla/5.0 (Windows NT 6.0; rv:10.0.1) Gecko/20100101 Firefox/10.0.1"
204.57.93.50 - - [17/Nov/2017:20:25:50 +0000] "GET /category/software HTTP/1.1" 200 84 "-" "Mozilla/5.0 (Windows NT 6.0; rv:10.0.1) Gecko/20100101 Firefox/10.0.1"
192.102.189.187 - - [17/Nov/2017:20:25:55 +0000] "GET /item/electronics/2698 HTTP/1.1" 200 129 "http://www.google.com/search?ie=UTF-8&q=google&sclient=psy-ab&q=Electronics+Electronics&oq=Electronics+Electronics&aq=f&aqi=g-vL1&aql=&pbx=1&bav=on.2,or.r_gc.r_pw.r_qf.,cf.osb&biw=4620&bih=194" "Mozilla/5.0 (Windows NT 6.0) AppleWebKit/535.11 (KHTML, like Gecko) Chrome/17.0.963.56 Safari/535.11"
196.225.41.136 - - [17/Nov/2017:20:26:00 +0000] "POST /search/?c=Books+Electronics HTTP/1.1" 200 79 "/item/electronics/2868" "Mozilla/5.0 (Macintosh; Intel Mac OS X 10.6; rv:9.0.1) Gecko/20100101 Firefox/9.0.1"
88.57.117.104 - - [17/Nov/2017:20:26:05 +0000] "GET /category/garden HTTP/1.1" 200 134 "-" "Mozilla/5.0 (Windows NT 6.0) AppleWebKit/535.11 (KHTML, like Gecko) Chrome/17.0.963.56 Safari/535.11"
216.54.131.48 - - [17/Nov/2017:20:26:10 +0000] "GET /category/networking?from=10 HTTP/1.1" 200 127 "/search/?c=Health" "Mozilla/5.0 (Windows NT 6.0; rv:10.0.1) Gecko/20100101 Firefox/10.0.1"
44.57.212.87 - - [17/Nov/2017:20:26:15 +0000] "GET /category/electronics HTTP/1.1" 200 95 "-" "Mozilla/4.0 (compatible; MSIE 8.0; Windows NT 5.1; Trident/4.0; BTRS122159; GTB7.2; .NET CLR 1.1.4322; .NET CLR 2.0.50727; .NET CLR 3.0.04506.30; .NET CLR 3.0.4506.2152; .NET CLR 3.5.30729; BRI/2)"
196.195.42.66 - - [17/Nov/2017:20:26:20 +0000] "GET /category/electronics HTTP/1.1" 200 103 "-" "Mozilla/5.0 (compatible; MSIE 9.0; Windows NT 6.1; WOW64; Trident/5.0)"
140.36.40.82 - - [17/Nov/2017:20:26:25 +0000] "GET /category/games HTTP/1.1" 200 63 "-" "Mozilla/5.0 (Windows NT 6.1; WOW64) AppleWebKit/535.11 (KHTML, like Gecko) Chrome/17.0.963.56 Safari/535.11"
88.87.28.220 - - [17/Nov/2017:20:26:30 +0000] "GET /category/electronics HTTP/1.1" 200 128 "-" "Mozilla/5.0 (Windows NT 6.0; rv:10.0.1) Gecko/20100101 Firefox/10.0.1"
164.45.62.175 - - [17/Nov/2017:20:26:35 +0000] "GET /item/software/3887 HTTP/1.1" 200 100 "-" "Mozilla/5.0 (Macintosh; Intel Mac OS X 10.6; rv:9.0.1) Gecko/20100101 Firefox/9.0.1"
168.156.229.181 - - [17/Nov/2017:20:26:40 +0000] "GET /item/garden/2199 HTTP/1.1" 200 74 "-" "Mozilla/5.0 (Macintosh; Intel Mac OS X 10.6; rv:9.0.1) Gecko/20100101 Firefox/9.0.1"
184.60.35.189 - - [17/Nov/2017:20:26:45 +0000] "GET /category/games HTTP/1.1" 200 101 "/category/games" "Mozilla/5.0 (iPhone; CPU iPhone OS 5_0_1 like Mac OS X) AppleWebKit/534.46 (KHTML, like Gecko) Version/5.1 Mobile/9A405 Safari/7534.48.3"
108.174.61.62 - - [17/Nov/2017:20:26:50 +0000] "GET /item/health/4591 HTTP/1.1" 200 101 "-" "Mozilla/5.0 (Windows NT 6.0) AppleWebKit/535.11 (KHTML, like Gecko) Chrome/17.0.963.56 Safari/535.11"
200.186.57.64 - - [17/Nov/2017:20:26:55 +0000] "GET /category/computers?from=0 HTTP/1.1" 200 40 "/search/?c=Computers" "Mozilla/5.0 (iPhone; CPU iPhone OS 5_0_1 like Mac OS X) AppleWebKit/534.46 (KHTML, like Gecko) Version/5.1 Mobile/9A405 Safari/7534.48.3"
148.99.211.139 - - [17/Nov/2017:20:27:00 +0000] "GET /item/software/2487 HTTP/1.1" 200 51 "/category/office?from=0" "Mozilla/4.0 (compatible; MSIE 8.0; Windows NT 6.1; WOW64; Trident/4.0; YTB730; GTB7.2; SLCC2; .NET CLR 2.0.50727; .NET CLR 3.5.30729; .NET CLR 3.0.30729; .NET4.0C; .NET4.0E; Media Center PC 6.0)"
112.204.94.24 - - [17/Nov/2017:20:27:05 +0000] "GET /category/software HTTP/1.1" 200 70 "-" "Mozilla/5.0 (Windows NT 6.1; WOW64) AppleWebKit/535.11 (KHTML, like Gecko) Chrome/17.0.963.56 Safari/535.11"
36.144.139.176 - - [17/Nov/2017:20:27:10 +0000] "GET /category/electronics?from=20 HTTP/1.1" 200 124 "/item/giftcards/3622" "Mozilla/4.0 (compatible; MSIE 8.0; Windows NT 5.1; Trident/4.0; BTRS122159; GTB7.2; .NET CLR 1.1.4322; .NET CLR 2.0.50727; .NET CLR 3.0.04506.30; .NET CLR 3.0.4506.2152; .NET CLR 3.5.30729; BRI/2)"
88.102.169.148 - - [17/Nov/2017:20:27:15 +0000] "POST /search/?c=Electronics HTTP/1.1" 200 99 "-" "Mozilla/5.0 (Windows NT 6.0; rv:10.0.1) Gecko/20100101 Firefox/10.0.1"
140.72.79.22 - - [17/Nov/2017:20:27:20 +0000] "GET /category/books HTTP/1.1" 200 137 "/item/health/1862" "Mozilla/5.0 (Windows NT 6.1; WOW64) AppleWebKit/535.7 (KHTML, like Gecko) Chrome/16.0.912.77 Safari/535.7"
84.207.145.22 - - [17/Nov/2017:20:27:25 +0000] "GET /item/finance/2915 HTTP/1.1" 200 87 "http://www.google.com/search?ie=UTF-8&q=google&sclient=psy-ab&q=Finance&oq=Finance&aq=f&aqi=g-vL1&aql=&pbx=1&bav=on.2,or.r_gc.r_pw.r_qf.,cf.osb&biw=1660&bih=112" "Mozilla/5.0 (compatible; MSIE 9.0; Windows NT 6.1; WOW64; Trident/5.0)"
120.180.161.107 - - [17/Nov/2017:20:27:30 +0000] "GET /item/software/1831 HTTP/1.1" 200 69 "/item/games/4819" "Mozilla/5.0 (Windows NT 6.0) AppleWebKit/535.11 (KHTML, like Gecko) Chrome/17.0.963.56 Safari/535.11"
152.48.198.194 - - [17/Nov/2017:20:27:35 +0000] "GET /category/garden HTTP/1.1" 200 114 "/item/computers/2093" "Mozilla/5.0 (Windows NT 6.1; WOW64) AppleWebKit/535.11 (KHTML, like Gecko) Chrome/17.0.963.56 Safari/535.11"
128.27.162.45 - - [17/Nov/2017:20:27:40 +0000] "GET /category/software HTTP/1.1" 200 73 "/item/software/4034" "Mozilla/5.0 (iPad; CPU OS 5_0_1 like Mac OS X) AppleWebKit/534.46 (KHTML, like Gecko) Version/5.1 Mobile/9A405 Safari/7534.48.3"
204.162.54.90 - - [17/Nov/2017:20:27:45 +0000] "GET /item/networking/3624 HTTP/1.1" 200 44 "/category/games" "Mozilla/5.0 (compatible; MSIE 9.0; Windows NT 6.1; WOW64; Trident/5.0)"
220.30.157.208 - - [17/Nov/2017:20:27:50 +0000] "GET /item/electronics/2426 HTTP/1.1" 200 91 "-" "Mozilla/5.0 (compatible; MSIE 9.0; Windows NT 6.1; Trident/5.0)"
64.219.144.181 - - [17/Nov/2017:20:27:55 +0000] "GET /category/finance HTTP/1.1" 200 68 "-" "Mozilla/5.0 (iPhone; CPU iPhone OS 5_0_1 like Mac OS X) AppleWebKit/534.46 (KHTML, like Gecko) Version/5.1 Mobile/9A405 Safari/7534.48.3"
72.165.89.172 - - [17/Nov/2017:20:28:00 +0000] "POST /search/?c=Cameras+Finance HTTP/1.1" 200 49 "-" "Mozilla/5.0 (iPad; CPU OS 5_0_1 like Mac OS X) AppleWebKit/534.46 (KHTML, like Gecko) Version/5.1 Mobile/9A405 Safari/7534.48.3"
20.180.93.217 - - [17/Nov/2017:20:28:05 +0000] "GET /category/software HTTP/1.1" 200 131 "-" "Mozilla/4.0 (compatible; MSIE 8.0; Windows NT 5.1; Trident/4.0; YTB720; GTB7.2; .NET CLR 1.1.4322; .NET CLR 2.0.50727; .NET CLR 3.0.4506.2152; .NET CLR 3.5.30729)"
136.180.163.90 - - [17/Nov/2017:20:28:10 +0000] "GET /item/sports/4622 HTTP/1.1" 200 109 "/item/networking/67" "Mozilla/5.0 (iPhone; CPU iPhone OS 5_0_1 like Mac OS X) AppleWebKit/534.46 (KHTML, like Gecko) Version/5.1 Mobile/9A405 Safari/7534.48.3"
52.189.217.120 - - [17/Nov/2017:20:28:15 +0000] "GET /category/giftcards HTTP/1.1" 200 120 "-" "Mozilla/5.0 (Windows NT 5.1) AppleWebKit/535.11 (KHTML, like Gecko) Chrome/17.0.963.46 Safari/535.11"
32.162.92.58 - - [17/Nov/2017:20:28:20 +0000] "GET /item/electronics/3821 HTTP/1.1" 200 75 "/category/electronics" "Mozilla/5.0 (Windows NT 6.1; WOW64; rv:10.0.1) Gecko/20100101 Firefox/10.0.1"
28.132.108.116 - - [17/Nov/2017:20:28:25 +0000] "GET /category/networking?from=10 HTTP/1.1" 200 127 "/category/sports" "Mozilla/5.0 (Windows NT 6.0) AppleWebKit/535.11 (KHTML, like Gecko) Chrome/17.0.963.56 Safari/535.11"
152.66.214.200 - - [17/Nov/2017:20:28:30 +0000] "GET /category/software HTTP/1.1" 200 123 "-" "Mozilla/5.0 (Windows NT 6.1; WOW64; rv:10.0.1) Gecko/20100101 Firefox/10.0.1"
208.138.152.63 - - [17/Nov/2017:20:28:35 +0000] "GET /item/software/875 HTTP/1.1" 200 132 "/category/software" "Mozilla/5.0 (iPad; CPU OS 5_0_1 like Mac OS X) AppleWebKit/534.46 (KHTML, like Gecko) Version/5.1 Mobile/9A405 Safari/7534.48.3"
32.135.88.43 - - [17/Nov/2017:20:28:40 +0000] "GET /item/cameras/590 HTTP/1.1" 200 133 "/category/cameras" "Mozilla/4.0 (compatible; MSIE 8.0; Windows NT 5.1; Trident/4.0; YTB720; GTB7.2; .NET CLR 1.1.4322; .NET CLR 2.0.50727; .NET CLR 3.0.4506.2152; .NET CLR 3.5.30729)"
100.66.170.80 - - [17/Nov/2017:20:28:45 +0000] "GET /category/software HTTP/1.1" 200 84 "-" "Mozilla/5.0 (Macintosh; Intel Mac OS X 10.6; rv:9.0.1) Gecko/20100101 Firefox/9.0.1"
72.216.215.73 - - [17/Nov/2017:20:28:50 +0000] "GET /category/games HTTP/1.1" 200 45 "/category/games" "Mozilla/5.0 (iPad; CPU OS 5_0_1 like Mac OS X) AppleWebKit/534.46 (KHTML, like Gecko) Version/5.1 Mobile/9A405 Safari/7534.48.3"
40.126.194.206 - - [17/Nov/2017:20:28:55 +0000] "GET /category/garden HTTP/1.1" 200 129 "-" "Mozilla/5.0 (Windows NT 6.0) AppleWebKit/535.11 (KHTML, like Gecko) Chrome/17.0.963.56 Safari/535.11"
120.57.151.184 - - [17/Nov/2017:20:29:00 +0000] "GET /item/garden/4271 HTTP/1.1" 200 127 "/category/sports" "Mozilla/5.0 (Windows NT 6.0) AppleWebKit/535.11 (KHTML, like Gecko) Chrome/17.0.963.56 Safari/535.11"
184.144.144.34 - - [17/Nov/2017:20:29:05 +0000] "GET /item/garden/1060 HTTP/1.1" 200 74 "/item/electronics/663" "Mozilla/5.0 (compatible; MSIE 9.0; Windows NT 6.1; WOW64; Trident/5.0)"
176.45.198.120 - - [17/Nov/2017:20:29:10 +0000] "GET /item/finance/4100 HTTP/1.1" 200 84 "/item/computers/809" "Mozilla/5.0 (Windows NT 6.1; WOW64) AppleWebKit/535.11 (KHTML, like Gecko) Chrome/17.0.963.56 Safari/535.11"
100.174.103.32 - - [17/Nov/2017:20:29:15 +0000] "GET /item/electronics/4041 HTTP/1.1" 200 42 "/category/electronics" "Mozilla/5.0 (Windows NT 6.0; rv:10.0.1) Gecko/20100101 Firefox/10.0.1"
208.210.156.79 - - [17/Nov/2017:20:29:20 +0000] "POST /search/?c=Software+Books HTTP/1.1" 200 79 "/category/toys" "Mozilla/5.0 (compatible; Googlebot/2.1; +http://www.google.com/bot.html)"
60.54.88.65 - - [17/Nov/2017:20:29:25 +0000] "GET /category/cameras HTTP/1.1" 200 48 "/item/software/1594" "Mozilla/5.0 (Windows NT 6.0; rv:10.0.1) Gecko/20100101 Firefox/10.0.1"
124.87.214.172 - - [17/Nov/2017:20:29:30 +0000] "POST /search/?c=Garden+Office HTTP/1.1" 200 100 "-" "Mozilla/5.0 (Windows NT 6.1; WOW64) AppleWebKit/535.11 (KHTML, like Gecko) Chrome/17.0.963.56 Safari/535.11"
136.147.227.152 - - [17/Nov/2017:20:29:35 +0000] "GET /item/computers/4182 HTTP/1.1" 200 50 "/item/office/4367" "Mozilla/5.0 (compatible; Googlebot/2.1; +http://www.google.com/bot.html)"
180.192.53.62 - - [17/Nov/2017:20:29:40 +0000] "GET /item/giftcards/3166 HTTP/1.1" 200 108 "/category/electronics" "Mozilla/4.0 (compatible; MSIE 8.0; Windows NT 5.1; Trident/4.0; YTB720; GTB7.2; .NET CLR 1.1.4322; .NET CLR 2.0.50727; .NET CLR 3.0.4506.2152; .NET CLR 3.5.30729)"
112.144.23.168 - - [17/Nov/2017:20:29:45 +0000] "GET /category/electronics HTTP/1.1" 200 97 "-" "Mozilla/5.0 (iPhone; CPU iPhone OS 5_0_1 like Mac OS X) AppleWebKit/534.46 (KHTML, like Gecko) Version/5.1 Mobile/9A405 Safari/7534.48.3"
196.63.209.217 - - [17/Nov/2017:20:29:50 +0000] "GET /category/jewelry HTTP/1.1" 200 48 "-" "Mozilla/5.0 (Macintosh; Intel Mac OS X 10.6; rv:9.0.1) Gecko/20100101 Firefox/9.0.1"
40.126.50.218 - - [17/Nov/2017:20:29:55 +0000] "GET /category/sports HTTP/1.1" 200 49 "/category/office" "Mozilla/5.0 (Windows NT 6.0) AppleWebKit/535.11 (KHTML, like Gecko) Chrome/17.0.963.56 Safari/535.11"
72.225.153.31 - - [17/Nov/2017:20:30:00 +0000] "GET /category/games?from=0 HTTP/1.1" 200 72 "/search/?c=Games" "Mozilla/5.0 (compatible; MSIE 9.0; Windows NT 6.1; Trident/5.0)"
220.126.137.81 - - [17/Nov/2017:20:30:05 +0000] "GET /category/books?from=0 HTTP/1.1" 200 103 "/item/computers/3259" "Mozilla/5.0 (Macintosh; Intel Mac OS X 10.6; rv:9.0.1) Gecko/20100101 Firefox/9.0.1"
132.84.135.35 - - [17/Nov/2017:20:30:10 +0000] "GET /item/software/875 HTTP/1.1" 200 132 "-" "Mozilla/4.0 (compatible; MSIE 8.0; Windows NT 6.1; WOW64; Trident/4.0; YTB730; GTB7.2; EasyBits GO v1.0; SLCC2; .NET CLR 2.0.50727; .NET CLR 3.5.30729; .NET CLR 3.0.30729; Media Center PC 6.0; .NET4.0C)"
180.48.74.50 - - [17/Nov/2017:20:30:15 +0000] "GET /category/electronics HTTP/1.1" 200 44 "/item/games/2746" "Mozilla/5.0 (Windows NT 6.0; rv:10.0.1) Gecko/20100101 Firefox/10.0.1"
96.72.174.129 - - [17/Nov/2017:20:30:20 +0000] "GET /category/computers HTTP/1.1" 200 126 "/category/software" "Mozilla/4.0 (compatible; MSIE 8.0; Windows NT 6.1; WOW64; Trident/4.0; YTB730; GTB7.2; SLCC2; .NET CLR 2.0.50727; .NET CLR 3.5.30729; .NET CLR 3.0.30729; .NET4.0C; .NET4.0E; Media Center PC 6.0)"
172.108.215.191 - - [17/Nov/2017:20:30:25 +0000] "GET /item/software/3387 HTTP/1.1" 200 121 "http://www.google.com/search?ie=UTF-8&q=google&sclient=psy-ab&q=Software+Electronics&oq=Software+Electronics&aq=f&aqi=g-vL1&aql=&pbx=1&bav=on.2,or.r_gc.r_pw.r_qf.,cf.osb&biw=4416&bih=275" "Mozilla/5.0 (Macintosh; Intel Mac OS X 10.6; rv:9.0.1) Gecko/20100101 Firefox/9.0.1"
72.189.134.198 - - [17/Nov/2017:20:30:30 +0000] "GET /item/electronics/1911 HTTP/1.1" 200 122 "/item/electronics/2699" "Mozilla/5.0 (compatible; Googlebot/2.1; +http://www.google.com/bot.html)"
112.144.23.168 - - [17/Nov/2017:20:30:35 +0000] "GET /item/jewelry/3466 HTTP/1.1" 200 130 "http://www.google.com/search?ie=UTF-8&q=google&sclient=psy-ab&q=Jewelry&oq=Jewelry&aq=f&aqi=g-vL1&aql=&pbx=1&bav=on.2,or.r_gc.r_pw.r_qf.,cf.osb&biw=1102&bih=517" "Mozilla/5.0 (iPhone; CPU iPhone OS 5_0_1 like Mac OS X) AppleWebKit/534.46 (KHTML, like Gecko) Version/5.1 Mobile/9A405 Safari/7534.48.3"
32.69.59.79 - - [17/Nov/2017:20:30:40 +0000] "GET /category/software HTTP/1.1" 200 64 "/item/finance/3226" "Mozilla/5.0 (Macintosh; Intel Mac OS X 10.6; rv:9.0.1) Gecko/20100101 Firefox/9.0.1"
192.108.192.88 - - [17/Nov/2017:20:30:45 +0000] "GET /category/electronics HTTP/1.1" 200 51 "http://www.google.com/search?ie=UTF-8&q=google&sclient=psy-ab&q=Electronics+Software&oq=Electronics+Software&aq=f&aqi=g-vL1&aql=&pbx=1&bav=on.2,or.r_gc.r_pw.r_qf.,cf.osb&biw=2420&bih=303" "Mozilla/5.0 (compatible; MSIE 9.0; Windows NT 6.1; WOW64; Trident/5.0)"
220.222.196.154 - - [17/Nov/2017:20:30:50 +0000] "GET /category/software?from=20 HTTP/1.1" 200 86 "/category/books" "Mozilla/4.0 (compatible; MSIE 8.0; Windows NT 5.1; Trident/4.0; YTB720; GTB7.2; .NET CLR 1.1.4322; .NET CLR 2.0.50727; .NET CLR 3.0.4506.2152; .NET CLR 3.5.30729)"
104.141.80.150 - - [17/Nov/2017:20:30:55 +0000] "GET /category/jewelry HTTP/1.1" 200 48 "-" "Mozilla/5.0 (compatible; Googlebot/2.1; +http://www.google.com/bot.html)"
188.78.192.171 - - [17/Nov/2017:20:31:00 +0000] "GET /category/software HTTP/1.1" 200 63 "/category/books" "Mozilla/5.0 (Windows NT 6.0; rv:10.0.1) Gecko/20100101 Firefox/10.0.1"
108.135.211.36 - - [17/Nov/2017:20:31:05 +0000] "POST /search/?c=Electronics+Garden HTTP/1.1" 200 139 "/item/electronics/450" "Mozilla/5.0 (iPhone; CPU iPhone OS 5_0_1 like Mac OS X) AppleWebKit/534.46 (KHTML, like Gecko) Version/5.1 Mobile/9A405 Safari/7534.48.3"
136.132.151.226 - - [17/Nov/2017:20:31:10 +0000] "GET /category/cameras HTTP/1.1" 200 53 "-" "Mozilla/5.0 (iPad; CPU OS 5_0_1 like Mac OS X) AppleWebKit/534.46 (KHTML, like Gecko) Version/5.1 Mobile/9A405 Safari/7534.48.3"
204.162.54.90 - - [17/Nov/2017:20:31:15 +0000] "GET /category/electronics?from=0 HTTP/1.1" 200 102 "/item/computers/1158" "Mozilla/5.0 (Windows NT 6.0; rv:10.0.1) Gecko/20100101 Firefox/10.0.1"
148.81.169.77 - - [17/Nov/2017:20:31:20 +0000] "GET /category/sports HTTP/1.1" 200 49 "/search/?c=Books+Electronics" "Mozilla/5.0 (compatible; MSIE 9.0; Windows NT 6.1; Trident/5.0)"
164.219.72.37 - - [17/Nov/2017:20:31:25 +0000] "GET /item/books/1785 HTTP/1.1" 200 80 "/category/sports" "Mozilla/5.0 (compatible; MSIE 9.0; Windows NT 6.1; WOW64; Trident/5.0)"
80.186.195.122 - - [17/Nov/2017:20:31:30 +0000] "GET /category/games HTTP/1.1" 200 114 "/item/games/4819" "Mozilla/5.0 (Windows NT 6.1; WOW64; rv:10.0.1) Gecko/20100101 Firefox/10.0.1"
228.111.87.205 - - [17/Nov/2017:20:31:35 +0000] "GET /category/office HTTP/1.1" 200 87 "/category/health" "Mozilla/5.0 (Windows NT 6.0; rv:10.0.1) Gecko/20100101 Firefox/10.0.1"
164.135.96.20 - - [17/Nov/2017:20:31:40 +0000] "GET /item/electronics/1216 HTTP/1.1" 200 93 "/category/books" "Mozilla/5.0 (iPad; CPU OS 5_0_1 like Mac OS X) AppleWebKit/534.46 (KHTML, like Gecko) Version/5.1 Mobile/9A405 Safari/7534.48.3"
40.39.105.229 - - [17/Nov/2017:20:31:45 +0000] "GET /item/giftcards/1476 HTTP/1.1" 200 113 "/search/?c=Giftcards" "Mozilla/5.0 (Windows NT 6.1; WOW64) AppleWebKit/535.11 (KHTML, like Gecko) Chrome/17.0.963.56 Safari/535.11"
148.198.144.149 - - [17/Nov/2017:20:31:50 +0000] "GET /category/health HTTP/1.1" 200 105 "/category/games" "Mozilla/5.0 (Windows NT 6.0; rv:10.0.1) Gecko/20100101 Firefox/10.0.1"
112.60.139.35 - - [17/Nov/2017:20:31:55 +0000] "GET /item/software/1768 HTTP/1.1" 200 96 "/search/?c=Cameras+Office" "Mozilla/4.0 (compatible; MSIE 8.0; Windows NT 6.1; Trident/4.0; YTB730; SLCC2; .NET CLR 2.0.50727; .NET CLR 3.5.30729; .NET CLR 3.0.30729; Media Center PC 6.0; .NET4.0C)"
100.144.219.108 - - [17/Nov/2017:20:32:00 +0000] "GET /category/books HTTP/1.1" 200 139 "-" "Mozilla/5.0 (Windows NT 6.1; WOW64) AppleWebKit/535.11 (KHTML, like Gecko) Chrome/17.0.963.56 Safari/535.11"
28.111.188.194 - - [17/Nov/2017:20:32:05 +0000] "GET /item/electronics/2792 HTTP/1.1" 200 114 "/item/electronics/2128" "Mozilla/5.0 (Macintosh; Intel Mac OS X 10.6; rv:9.0.1) Gecko/20100101 Firefox/9.0.1"
200.225.111.124 - - [17/Nov/2017:20:32:10 +0000] "GET /category/cameras HTTP/1.1" 200 53 "-" "Mozilla/5.0 (Windows NT 6.0) AppleWebKit/535.11 (KHTML, like Gecko) Chrome/17.0.963.56 Safari/535.11"
212.189.47.176 - - [17/Nov/2017:20:32:15 +0000] "GET /category/software HTTP/1.1" 200 94 "/category/toys" "Mozilla/5.0 (iPhone; CPU iPhone OS 5_0_1 like Mac OS X) AppleWebKit/534.46 (KHTML, like Gecko) Version/5.1 Mobile/9A405 Safari/7534.48.3"
92.225.46.39 - - [17/Nov/2017:20:32:20 +0000] "GET /category/jewelry?from=10 HTTP/1.1" 200 106 "/search/?c=Jewelry" "Mozilla/5.0 (Windows NT 6.1; WOW64) AppleWebKit/535.7 (KHTML, like Gecko) Chrome/16.0.912.77 Safari/535.7"
196.36.158.223 - - [17/Nov/2017:20:32:25 +0000] "GET /category/games HTTP/1.1" 200 49 "-" "Mozilla/5.0 (iPad; CPU OS 5_0_1 like Mac OS X) AppleWebKit/534.46 (KHTML, like Gecko) Version/5.1 Mobile/9A405 Safari/7534.48.3"
84.126.57.104 - - [17/Nov/2017:20:32:30 +0000] "GET /item/office/2035 HTTP/1.1" 200 120 "/item/garden/4271" "Mozilla/5.0 (Windows NT 6.0) AppleWebKit/535.11 (KHTML, like Gecko) Chrome/17.0.963.56 Safari/535.11"
164.135.167.29 - - [17/Nov/2017:20:32:35 +0000] "GET /item/software/71 HTTP/1.1" 200 116 "/item/electronics/2653" "Mozilla/4.0 (compatible; MSIE 8.0; Windows NT 5.1; Trident/4.0; YTB720; GTB7.2; .NET CLR 1.1.4322; .NET CLR 2.0.50727; .NET CLR 3.0.4506.2152; .NET CLR 3.5.30729)"
104.54.191.185 - - [17/Nov/2017:20:32:40 +0000] "GET /category/electronics HTTP/1.1" 200 139 "-" "Mozilla/4.0 (compatible; MSIE 8.0; Windows NT 6.1; WOW64; Trident/4.0; YTB730; GTB7.2; EasyBits GO v1.0; SLCC2; .NET CLR 2.0.50727; .NET CLR 3.5.30729; .NET CLR 3.0.30729; Media Center PC 6.0; .NET4.0C)"
144.78.204.148 - - [17/Nov/2017:20:32:45 +0000] "GET /item/electronics/2524 HTTP/1.1" 200 57 "/search/?c=Electronics" "Mozilla/5.0 (compatible; MSIE 9.0; Windows NT 6.1; WOW64; Trident/5.0)"
36.156.181.221 - - [17/Nov/2017:20:32:50 +0000] "GET /category/networking?from=10 HTTP/1.1" 200 59 "/category/jewelry" "Mozilla/5.0 (Windows NT 6.1; WOW64) AppleWebKit/535.7 (KHTML, like Gecko) Chrome/16.0.912.77 Safari/535.7"
32.213.139.23 - - [17/Nov/2017:20:32:55 +0000] "GET /category/electronics HTTP/1.1" 200 107 "/item/electronics/1678" "Mozilla/4.0 (compatible; MSIE 8.0; Windows NT 6.1; WOW64; Trident/4.0; YTB730; GTB7.2; SLCC2; .NET CLR 2.0.50727; .NET CLR 3.5.30729; .NET CLR 3.0.30729; .NET4.0C; .NET4.0E; Media Center PC 6.0)"
32.78.107.79 - - [17/Nov/2017:20:33:00 +0000] "GET /item/software/2456 HTTP/1.1" 200 77 "/category/games" "Mozilla/4.0 (compatible; MSIE 8.0; Windows NT 6.0; WOW64; Trident/4.0; GTB6; SLCC1; .NET CLR 2.0.50727; Media Center PC 5.0; .NET CLR 3.5.30729; .NET CLR 3.0.30618; .NET4.0C)"
196.216.204.193 - - [17/Nov/2017:20:33:05 +0000] "GET /category/electronics HTTP/1.1" 200 110 "/category/office" "Mozilla/5.0 (Windows NT 6.1; WOW64) AppleWebKit/535.7 (KHTML, like Gecko) Chrome/16.0.912.77 Safari/535.7"
40.36.176.35 - - [17/Nov/2017:20:33:10 +0000] "GET /category/electronics?from=20 HTTP/1.1" 200 63 "-" "Mozilla/4.0 (compatible; MSIE 8.0; Windows NT 6.1; Trident/4.0; YTB730; SLCC2; .NET CLR 2.0.50727; .NET CLR 3.5.30729; .NET CLR 3.0.30729; Media Center PC 6.0; .NET4.0C)"
216.123.84.162 - - [17/Nov/2017:20:33:15 +0000] "GET /category/electronics HTTP/1.1" 200 72 "/category/software" "Mozilla/5.0 (compatible; MSIE 9.0; Windows NT 6.1; Trident/5.0)"
164.213.39.153 - - [17/Nov/2017:20:33:20 +0000] "POST /search/?c=Software+Software HTTP/1.1" 200 114 "/category/books?from=10" "Mozilla/4.0 (compatible; MSIE 8.0; Windows NT 5.1; Trident/4.0; YTB720; GTB7.2; .NET CLR 1.1.4322; .NET CLR 2.0.50727; .NET CLR 3.0.4506.2152; .NET CLR 3.5.30729)"
84.225.150.149 - - [17/Nov/2017:20:33:25 +0000] "GET /category/electronics HTTP/1.1" 200 44 "/category/garden" "Mozilla/4.0 (compatible; MSIE 8.0; Windows NT 6.1; WOW64; Trident/4.0; GTB7.2; SLCC2; .NET CLR 2.0.50727; .NET CLR 3.5.30729; .NET CLR 3.0.30729; Media Center PC 6.0; .NET4.0C)"
136.129.115.173 - - [17/Nov/2017:20:33:30 +0000] "GET /category/networking HTTP/1.1" 200 119 "-" "Mozilla/5.0 (compatible; MSIE 9.0; Windows NT 6.1; Trident/5.0)"
36.198.198.61 - - [17/Nov/2017:20:33:35 +0000] "GET /category/software HTTP/1.1" 200 94 "/category/electronics" "Mozilla/4.0 (compatible; MSIE 8.0; Windows NT 5.1; Trident/4.0; YTB720; GTB7.2; .NET CLR 1.1.4322; .NET CLR 2.0.50727; .NET CLR 3.0.4506.2152; .NET CLR 3.5.30729)"
224.177.34.186 - - [17/Nov/2017:20:33:40 +0000] "POST /search/?c=Finance HTTP/1.1" 200 122 "-" "Mozilla/5.0 (compatible; MSIE 9.0; Windows NT 6.1; WOW64; Trident/5.0)"
44.36.69.119 - - [17/Nov/2017:20:33:45 +0000] "GET /item/software/1017 HTTP/1.1" 200 109 "/search/?c=Software" "Mozilla/5.0 (Windows NT 6.1; WOW64) AppleWebKit/535.7 (KHTML, like Gecko) Chrome/16.0.912.77 Safari/535.7"
144.228.38.65 - - [17/Nov/2017:20:33:50 +0000] "GET /category/electronics HTTP/1.1" 200 90 "http://www.google.com/search?ie=UTF-8&q=google&sclient=psy-ab&q=Electronics+Electronics&oq=Electronics+Electronics&aq=f&aqi=g-vL1&aql=&pbx=1&bav=on.2,or.r_gc.r_pw.r_qf.,cf.osb&biw=406&bih=213" "Mozilla/5.0 (Windows NT 6.1; WOW64) AppleWebKit/535.11 (KHTML, like Gecko) Chrome/17.0.963.56 Safari/535.11"
136.129.115.173 - - [17/Nov/2017:20:33:55 +0000] "GET /item/office/4367 HTTP/1.1" 200 64 "/category/electronics" "Mozilla/5.0 (compatible; MSIE 9.0; Windows NT 6.1; Trident/5.0)"
60.192.196.122 - - [17/Nov/2017:20:34:00 +0000] "GET /category/garden HTTP/1.1" 200 78 "/category/toys" "Mozilla/5.0 (Windows NT 6.0; rv:10.0.1) Gecko/20100101 Firefox/10.0.1"
44.60.152.105 - - [17/Nov/2017:20:34:05 +0000] "GET /category/computers HTTP/1.1" 200 103 "/item/games/4762" "Mozilla/5.0 (Windows NT 6.1; WOW64) AppleWebKit/535.7 (KHTML, like Gecko) Chrome/16.0.912.77 Safari/535.7"
192.54.212.194 - - [17/Nov/2017:20:34:10 +0000] "GET /item/games/743 HTTP/1.1" 200 128 "-" "Mozilla/5.0 (compatible; MSIE 9.0; Windows NT 6.1; Trident/5.0)"
60.147.125.150 - - [17/Nov/2017:20:34:15 +0000] "POST /search/?c=Networking+Networking HTTP/1.1" 200 50 "/category/books" "Mozilla/5.0 (compatible; Googlebot/2.1; +http://www.google.com/bot.html)"
88.99.48.102 - - [17/Nov/2017:20:34:20 +0000] "POST /search/?c=Electronics HTTP/1.1" 200 73 "/item/sports/3851" "Mozilla/5.0 (Windows NT 6.0; rv:10.0.1) Gecko/20100101 Firefox/10.0.1"
32.189.72.176 - - [17/Nov/2017:20:34:25 +0000] "GET /category/books HTTP/1.1" 200 80 "/item/electronics/3983" "Mozilla/5.0 (compatible; MSIE 9.0; Windows NT 6.1; WOW64; Trident/5.0)"
120.57.151.184 - - [17/Nov/2017:20:34:30 +0000] "GET /item/finance/2549 HTTP/1.1" 200 114 "-" "Mozilla/5.0 (Windows NT 6.0; rv:10.0.1) Gecko/20100101 Firefox/10.0.1"
48.84.25.228 - - [17/Nov/2017:20:34:35 +0000] "GET /item/games/3186 HTTP/1.1" 200 47 "-" "Mozilla/4.0 (compatible; MSIE 8.0; Windows NT 5.1; Trident/4.0; YTB720; GTB7.2; .NET CLR 1.1.4322; .NET CLR 2.0.50727; .NET CLR 3.0.4506.2152; .NET CLR 3.5.30729)"
28.147.67.42 - - [17/Nov/2017:20:34:40 +0000] "GET /item/electronics/1 HTTP/1.1" 200 128 "http://www.google.com/search?ie=UTF-8&q=google&sclient=psy-ab&q=Electronics+Software&oq=Electronics+Software&aq=f&aqi=g-vL1&aql=&pbx=1&bav=on.2,or.r_gc.r_pw.r_qf.,cf.osb&biw=3967&bih=268" "Mozilla/5.0 (Windows NT 6.0; rv:10.0.1) Gecko/20100101 Firefox/10.0.1"
44.198.64.135 - - [17/Nov/2017:20:34:45 +0000] "GET /category/office HTTP/1.1" 200 80 "/category/electronics" "Mozilla/4.0 (compatible; MSIE 8.0; Windows NT 6.1; WOW64; Trident/4.0; GTB7.2; SLCC2; .NET CLR 2.0.50727; .NET CLR 3.5.30729; .NET CLR 3.0.30729; Media Center PC 6.0; .NET4.0C)"
176.180.122.216 - - [17/Nov/2017:20:34:50 +0000] "GET /category/computers HTTP/1.1" 200 127 "-" "Mozilla/5.0 (Windows NT 6.0) AppleWebKit/535.11 (KHTML, like Gecko) Chrome/17.0.963.56 Safari/535.11"
152.159.202.129 - - [17/Nov/2017:20:34:55 +0000] "GET /item/books/3877 HTTP/1.1" 200 47 "/category/books" "Mozilla/5.0 (compatible; MSIE 9.0; Windows NT 6.1; WOW64; Trident/5.0)"
148.27.172.38 - - [17/Nov/2017:20:35:00 +0000] "GET /category/computers HTTP/1.1" 200 131 "/item/health/4591" "Mozilla/5.0 (Macintosh; Intel Mac OS X 10.6; rv:9.0.1) Gecko/20100101 Firefox/9.0.1"
200.42.228.158 - - [17/Nov/2017:20:35:05 +0000] "GET /category/giftcards HTTP/1.1" 200 81 "/item/cameras/801" "Mozilla/5.0 (Macintosh; Intel Mac OS X 10.6; rv:9.0.1) Gecko/20100101 Firefox/9.0.1"
220.195.117.90 - - [17/Nov/2017:20:35:10 +0000] "GET /category/toys HTTP/1.1" 200 130 "/category/games" "Mozilla/5.0 (Macintosh; Intel Mac OS X 10.6; rv:9.0.1) Gecko/20100101 Firefox/9.0.1"
96.213.225.72 - - [17/Nov/2017:20:35:15 +0000] "GET /item/computers/512 HTTP/1.1" 200 97 "/category/electronics" "Mozilla/4.0 (compatible; MSIE 8.0; Windows NT 6.1; WOW64; Trident/4.0; YTB730; GTB7.2; EasyBits GO v1.0; SLCC2; .NET CLR 2.0.50727; .NET CLR 3.5.30729; .NET CLR 3.0.30729; Media Center PC 6.0; .NET4.0C)"
164.210.109.27 - - [17/Nov/2017:20:35:20 +0000] "GET /category/health HTTP/1.1" 200 101 "-" "Mozilla/5.0 (Windows NT 6.0; rv:10.0.1) Gecko/20100101 Firefox/10.0.1"
140.138.221.130 - - [17/Nov/2017:20:35:25 +0000] "GET /item/books/4362 HTTP/1.1" 200 42 "/search/?c=Books" "Mozilla/5.0 (Windows NT 6.0; rv:10.0.1) Gecko/20100101 Firefox/10.0.1"
152.39.30.145 - - [17/Nov/2017:20:35:30 +0000] "GET /item/garden/2199 HTTP/1.1" 200 74 "/item/garden/348" "Mozilla/5.0 (compatible; MSIE 9.0; Windows NT 6.1; Trident/5.0)"
68.117.130.229 - - [17/Nov/2017:20:35:35 +0000] "GET /category/games HTTP/1.1" 200 88 "-" "Mozilla/5.0 (compatible; Googlebot/2.1; +http://www.google.com/bot.html)"
56.189.95.197 - - [17/Nov/2017:20:35:40 +0000] "GET /category/computers HTTP/1.1" 200 99 "/category/games" "Mozilla/5.0 (Macintosh; Intel Mac OS X 10.6; rv:9.0.1) Gecko/20100101 Firefox/9.0.1"
208.150.171.60 - - [17/Nov/2017:20:35:45 +0000] "GET /item/electronics/1206 HTTP/1.1" 200 136 "/item/games/4058" "Mozilla/5.0 (Windows NT 6.0; rv:10.0.1) Gecko/20100101 Firefox/10.0.1"
156.111.173.188 - - [17/Nov/2017:20:35:50 +0000] "GET /category/software HTTP/1.1" 200 41 "-" "Mozilla/5.0 (Windows NT 6.0) AppleWebKit/535.11 (KHTML, like Gecko) Chrome/17.0.963.56 Safari/535.11"
224.129.127.102 - - [17/Nov/2017:20:35:55 +0000] "GET /category/office HTTP/1.1" 200 117 "-" "Mozilla/5.0 (compatible; Googlebot/2.1; +http://www.google.com/bot.html)"
164.27.150.182 - - [17/Nov/2017:20:36:00 +0000] "GET /category/health HTTP/1.1" 200 104 "-" "Mozilla/5.0 (Windows NT 6.0; rv:10.0.1) Gecko/20100101 Firefox/10.0.1"
48.57.65.104 - - [17/Nov/2017:20:36:05 +0000] "GET /category/toys HTTP/1.1" 200 128 "/item/garden/957" "Mozilla/5.0 (Macintosh; Intel Mac OS X 10.6; rv:9.0.1) Gecko/20100101 Firefox/9.0.1"
88.228.108.129 - - [17/Nov/2017:20:36:10 +0000] "GET /item/electronics/2104 HTTP/1.1" 200 59 "-" "Mozilla/4.0 (compatible; MSIE 8.0; Windows NT 5.1; Trident/4.0; BTRS122159; GTB7.2; .NET CLR 1.1.4322; .NET CLR 2.0.50727; .NET CLR 3.0.04506.30; .NET CLR 3.0.4506.2152; .NET CLR 3.5.30729; BRI/2)"
148.75.141.188 - - [17/Nov/2017:20:36:15 +0000] "GET /item/sports/2911 HTTP/1.1" 200 130 "/category/health" "Mozilla/4.0 (compatible; MSIE 8.0; Windows NT 5.1; Trident/4.0; YTB720; GTB7.2; .NET CLR 1.1.4322; .NET CLR 2.0.50727; .NET CLR 3.0.4506.2152; .NET CLR 3.5.30729)"
216.210.62.164 - - [17/Nov/2017:20:36:20 +0000] "GET /category/health HTTP/1.1" 200 105 "-" "Mozilla/5.0 (Windows NT 6.0; rv:10.0.1) Gecko/20100101 Firefox/10.0.1"
140.108.166.217 - - [17/Nov/2017:20:36:25 +0000] "GET /category/books?from=0 HTTP/1.1" 200 56 "-" "Mozilla/4.0 (compatible; MSIE 8.0; Windows NT 6.0; WOW64; Trident/4.0; GTB6; SLCC1; .NET CLR 2.0.50727; Media Center PC 5.0; .NET CLR 3.5.30729; .NET CLR 3.0.30618; .NET4.0C)"
108.27.225.109 - - [17/Nov/2017:20:36:30 +0000] "GET /category/computers HTTP/1.1" 200 106 "/category/books" "Mozilla/5.0 (compatible; MSIE 9.0; Windows NT 6.1; Trident/5.0)"
224.57.160.208 - - [17/Nov/2017:20:36:35 +0000] "GET /category/music HTTP/1.1" 200 61 "/category/software?from=0" "Mozilla/4.0 (compatible; MSIE 8.0; Windows NT 6.0; WOW64; Trident/4.0; GTB6; SLCC1; .NET CLR 2.0.50727; Media Center PC 5.0; .NET CLR 3.5.30729; .NET CLR 3.0.30618; .NET4.0C)"
32.78.107.79 - - [17/Nov/2017:20:36:40 +0000] "POST /search/?c=Electronics+Software HTTP/1.1" 200 77 "-" "Mozilla/4.0 (compatible; MSIE 8.0; Windows NT 6.0; WOW64; Trident/4.0; GTB6; SLCC1; .NET CLR 2.0.50727; Media Center PC 5.0; .NET CLR 3.5.30729; .NET CLR 3.0.30618; .NET4.0C)"
84.117.68.27 - - [17/Nov/2017:20:36:45 +0000] "GET /category/electronics HTTP/1.1" 200 57 "http://www.google.com/search?ie=UTF-8&q=google&sclient=psy-ab&q=Electronics&oq=Electronics&aq=f&aqi=g-vL1&aql=&pbx=1&bav=on.2,or.r_gc.r_pw.r_qf.,cf.osb&biw=4879&bih=173" "Mozilla/5.0 (Windows NT 6.0) AppleWebKit/535.11 (KHTML, like Gecko) Chrome/17.0.963.56 Safari/535.11"
96.72.174.129 - - [17/Nov/2017:20:36:50 +0000] "GET /category/games HTTP/1.1" 200 107 "-" "Mozilla/4.0 (compatible; MSIE 8.0; Windows NT 6.1; WOW64; Trident/4.0; GTB7.2; SLCC2; .NET CLR 2.0.50727; .NET CLR 3.5.30729; .NET CLR 3.0.30729; Media Center PC 6.0; .NET4.0C)"
28.156.128.90 - - [17/Nov/2017:20:36:55 +0000] "GET /category/cameras HTTP/1.1" 200 77 "/item/games/4058" "Mozilla/4.0 (compatible; MSIE 8.0; Windows NT 6.1; WOW64; Trident/4.0; GTB7.2; SLCC2; .NET CLR 2.0.50727; .NET CLR 3.5.30729; .NET CLR 3.0.30729; Media Center PC 6.0; .NET4.0C)"
124.186.126.51 - - [17/Nov/2017:20:37:00 +0000] "GET /category/software HTTP/1.1" 200 109 "/category/electronics?from=0" "Mozilla/5.0 (iPad; CPU OS 5_0_1 like Mac OS X) AppleWebKit/534.46 (KHTML, like Gecko) Version/5.1 Mobile/9A405 Safari/7534.48.3"
148.108.60.129 - - [17/Nov/2017:20:37:05 +0000] "POST /search/?c=Health HTTP/1.1" 200 102 "/item/electronics/379" "Mozilla/4.0 (compatible; MSIE 8.0; Windows NT 5.1; Trident/4.0; BTRS122159; GTB7.2; .NET CLR 1.1.4322; .NET CLR 2.0.50727; .NET CLR 3.0.04506.30; .NET CLR 3.0.4506.2152; .NET CLR 3.5.30729; BRI/2)"
96.72.174.129 - - [17/Nov/2017:20:37:10 +0000] "GET /category/software?from=20 HTTP/1.1" 200 64 "/search/?c=Software+Software" "Mozilla/4.0 (compatible; MSIE 8.0; Windows NT 6.1; WOW64; Trident/4.0; YTB730; GTB7.2; SLCC2; .NET CLR 2.0.50727; .NET CLR 3.5.30729; .NET CLR 3.0.30729; .NET4.0C; .NET4.0E; Media Center PC 6.0)"
216.210.207.165 - - [17/Nov/2017:20:37:15 +0000] "GET /item/books/3487 HTTP/1.1" 200 92 "/category/giftcards" "Mozilla/5.0 (Macintosh; Intel Mac OS X 10.6; rv:9.0.1) Gecko/20100101 Firefox/9.0.1"
152.48.198.194 - - [17/Nov/2017:20:37:20 +0000] "GET /item/computers/3996 HTTP/1.1" 200 70 "/search/?c=Software" "Mozilla/5.0 (Windows NT 5.1) AppleWebKit/535.11 (KHTML, like Gecko) Chrome/17.0.963.46 Safari/535.11"
56.51.48.185 - - [17/Nov/2017:20:37:25 +0000] "POST /search/?c=Electronics+Software HTTP/1.1" 200 77 "-" "Mozilla/5.0 (iPad; CPU OS 5_0_1 like Mac OS X) AppleWebKit/534.46 (KHTML, like Gecko) Version/5.1 Mobile/9A405 Safari/7534.48.3"
164.120.163.97 - - [17/Nov/2017:20:37:30 +0000] "GET /item/toys/4220 HTTP/1.1" 200 102 "-" "Mozilla/4.0 (compatible; MSIE 8.0; Windows NT 5.1; Trident/4.0; YTB720; GTB7.2; .NET CLR 1.1.4322; .NET CLR 2.0.50727; .NET CLR 3.0.4506.2152; .NET CLR 3.5.30729)"
112.93.23.140 - - [17/Nov/2017:20:37:35 +0000] "GET /category/software HTTP/1.1" 200 116 "-" "Mozilla/5.0 (Windows NT 6.0; rv:10.0.1) Gecko/20100101 Firefox/10.0.1"
224.192.71.37 - - [17/Nov/2017:20:37:40 +0000] "GET /item/books/4362 HTTP/1.1" 200 42 "-" "Mozilla/5.0 (Windows NT 6.0; rv:10.0.1) Gecko/20100101 Firefox/10.0.1"
72.27.184.75 - - [17/Nov/2017:20:37:45 +0000] "GET /category/games HTTP/1.1" 200 89 "/category/electronics?from=20" "Mozilla/5.0 (Windows NT 6.1; WOW64) AppleWebKit/535.11 (KHTML, like Gecko) Chrome/17.0.963.56 Safari/535.11"
84.72.133.74 - - [17/Nov/2017:20:37:50 +0000] "GET /category/toys HTTP/1.1" 200 126 "/search/?c=Electronics+Books" "Mozilla/5.0 (Windows NT 6.1; WOW64; rv:10.0.1) Gecko/20100101 Firefox/10.0.1"
112.18.198.226 - - [17/Nov/2017:20:37:55 +0000] "GET /category/games?from=10 HTTP/1.1" 200 124 "/category/toys" "Mozilla/5.0 (Macintosh; Intel Mac OS X 10.6; rv:9.0.1) Gecko/20100101 Firefox/9.0.1"
32.189.72.176 - - [17/Nov/2017:20:38:00 +0000] "GET /item/electronics/4574 HTTP/1.1" 200 98 "-" "Mozilla/4.0 (compatible; MSIE 8.0; Windows NT 6.0; WOW64; Trident/4.0; GTB6; SLCC1; .NET CLR 2.0.50727; Media Center PC 5.0; .NET CLR 3.5.30729; .NET CLR 3.0.30618; .NET4.0C)"
72.225.153.31 - - [17/Nov/2017:20:38:05 +0000] "POST /search/?c=Toys HTTP/1.1" 200 96 "-" "Mozilla/5.0 (compatible; Googlebot/2.1; +http://www.google.com/bot.html)"
124.66.153.212 - - [17/Nov/2017:20:38:10 +0000] "GET /category/electronics HTTP/1.1" 200 78 "/category/electronics" "Mozilla/5.0 (Windows NT 6.1; WOW64) AppleWebKit/535.11 (KHTML, like Gecko) Chrome/17.0.963.56 Safari/535.11"
96.33.37.61 - - [17/Nov/2017:20:38:15 +0000] "GET /item/software/530 HTTP/1.1" 200 126 "-" "Mozilla/5.0 (Windows NT 6.0) AppleWebKit/535.11 (KHTML, like Gecko) Chrome/17.0.963.56 Safari/535.11"
216.222.35.46 - - [17/Nov/2017:20:38:20 +0000] "GET /category/computers HTTP/1.1" 200 131 "/category/health" "Mozilla/5.0 (Windows NT 6.1; WOW64) AppleWebKit/535.11 (KHTML, like Gecko) Chrome/17.0.963.56 Safari/535.11"
60.30.84.168 - - [17/Nov/2017:20:38:25 +0000] "GET /item/electronics/3444 HTTP/1.1" 200 131 "/item/electronics/4005" "Mozilla/4.0 (compatible; MSIE 8.0; Windows NT 6.1; Trident/4.0; YTB730; SLCC2; .NET CLR 2.0.50727; .NET CLR 3.5.30729; .NET CLR 3.0.30729; Media Center PC 6.0; .NET4.0C)"
60.213.58.52 - - [17/Nov/2017:20:38:30 +0000] "GET /category/office HTTP/1.1" 200 68 "/category/toys" "Mozilla/5.0 (compatible; MSIE 9.0; Windows NT 6.1; Trident/5.0)"
172.186.119.42 - - [17/Nov/2017:20:38:35 +0000] "GET /category/books HTTP/1.1" 200 129 "/item/electronics/3162" "Mozilla/4.0 (compatible; MSIE 8.0; Windows NT 6.1; WOW64; Trident/4.0; YTB730; GTB7.2; EasyBits GO v1.0; SLCC2; .NET CLR 2.0.50727; .NET CLR 3.5.30729; .NET CLR 3.0.30729; Media Center PC 6.0; .NET4.0C)"
24.216.171.77 - - [17/Nov/2017:20:38:40 +0000] "GET /item/giftcards/3622 HTTP/1.1" 200 59 "/search/?c=Giftcards+Office" "Mozilla/5.0 (Windows NT 6.1; WOW64; rv:10.0.1) Gecko/20100101 Firefox/10.0.1"
212.225.203.50 - - [17/Nov/2017:20:38:45 +0000] "GET /item/electronics/2606 HTTP/1.1" 200 138 "/item/giftcards/357" "Mozilla/5.0 (Windows NT 6.1; WOW64) AppleWebKit/535.11 (KHTML, like Gecko) Chrome/17.0.963.56 Safari/535.11"
120.141.183.120 - - [17/Nov/2017:20:38:50 +0000] "GET /category/software HTTP/1.1" 200 84 "/item/games/2694" "Mozilla/5.0 (compatible; MSIE 9.0; Windows NT 6.1; WOW64; Trident/5.0)"
60.30.169.122 - - [17/Nov/2017:20:38:55 +0000] "GET /item/software/3165 HTTP/1.1" 200 63 "-" "Mozilla/5.0 (compatible; MSIE 9.0; Windows NT 6.1; WOW64; Trident/5.0)"
36.207.70.163 - - [17/Nov/2017:20:39:00 +0000] "GET /item/music/2928 HTTP/1.1" 200 80 "/category/electronics" "Mozilla/5.0 (Windows NT 6.0; rv:10.0.1) Gecko/20100101 Firefox/10.0.1"
20.120.111.64 - - [17/Nov/2017:20:39:05 +0000] "GET /category/electronics HTTP/1.1" 200 83 "http://www.google.com/search?ie=UTF-8&q=google&sclient=psy-ab&q=Electronics+Health&oq=Electronics+Health&aq=f&aqi=g-vL1&aql=&pbx=1&bav=on.2,or.r_gc.r_pw.r_qf.,cf.osb&biw=1349&bih=3" "Mozilla/5.0 (compatible; MSIE 9.0; Windows NT 6.1; WOW64; Trident/5.0)"
60.195.75.126 - - [17/Nov/2017:20:39:10 +0000] "GET /category/games HTTP/1.1" 200 97 "/item/cameras/1329" "Mozilla/5.0 (Windows NT 6.0) AppleWebKit/535.11 (KHTML, like Gecko) Chrome/17.0.963.56 Safari/535.11"
228.54.175.57 - - [17/Nov/2017:20:39:15 +0000] "GET /category/cameras HTTP/1.1" 200 124 "/search/?c=Electronics" "Mozilla/4.0 (compatible; MSIE 8.0; Windows NT 6.1; WOW64; Trident/4.0; YTB730; GTB7.2; SLCC2; .NET CLR 2.0.50727; .NET CLR 3.5.30729; .NET CLR 3.0.30729; .NET4.0C; .NET4.0E; Media Center PC 6.0)"
116.99.75.204 - - [17/Nov/2017:20:39:20 +0000] "GET /category/office HTTP/1.1" 200 82 "/category/games" "Mozilla/5.0 (Windows NT 6.1; WOW64) AppleWebKit/535.11 (KHTML, like Gecko) Chrome/17.0.963.56 Safari/535.11"
36.180.97.199 - - [17/Nov/2017:20:39:25 +0000] "GET /category/electronics HTTP/1.1" 200 116 "-" "Mozilla/4.0 (compatible; MSIE 8.0; Windows NT 6.1; Trident/4.0; YTB730; SLCC2; .NET CLR 2.0.50727; .NET CLR 3.5.30729; .NET CLR 3.0.30729; Media Center PC 6.0; .NET4.0C)"
180.201.91.218 - - [17/Nov/2017:20:39:30 +0000] "GET /category/music HTTP/1.1" 200 87 "/search/?c=Software" "Mozilla/5.0 (Windows NT 6.1; WOW64) AppleWebKit/535.11 (KHTML, like Gecko) Chrome/17.0.963.56 Safari/535.11"
112.159.38.190 - - [17/Nov/2017:20:39:35 +0000] "GET /item/electronics/1876 HTTP/1.1" 200 54 "/category/electronics" "Mozilla/5.0 (compatible; Googlebot/2.1; +http://www.google.com/bot.html)"
136.180.163.90 - - [17/Nov/2017:20:39:40 +0000] "GET /category/electronics?from=20 HTTP/1.1" 200 97 "/category/electronics" "Mozilla/5.0 (Windows NT 6.0; rv:10.0.1) Gecko/20100101 Firefox/10.0.1"
112.159.47.221 - - [17/Nov/2017:20:39:45 +0000] "GET /item/software/1950 HTTP/1.1" 200 117 "/category/electronics?from=20" "Mozilla/5.0 (Windows NT 6.1; WOW64) AppleWebKit/535.7 (KHTML, like Gecko) Chrome/16.0.912.77 Safari/535.7"
20.45.200.182 - - [17/Nov/2017:20:39:50 +0000] "GET /category/electronics HTTP/1.1" 200 77 "-" "Mozilla/5.0 (Windows NT 6.0) AppleWebKit/535.11 (KHTML, like Gecko) Chrome/17.0.963.56 Safari/535.11"
164.210.109.27 - - [17/Nov/2017:20:39:55 +0000] "GET /item/electronics/4416 HTTP/1.1" 200 94 "-" "Mozilla/5.0 (Windows NT 6.0; rv:10.0.1) Gecko/20100101 Firefox/10.0.1"
176.39.156.216 - - [17/Nov/2017:20:40:00 +0000] "GET /category/electronics HTTP/1.1" 200 44 "-" "Mozilla/4.0 (compatible; MSIE 8.0; Windows NT 6.1; Trident/4.0; YTB730; SLCC2; .NET CLR 2.0.50727; .NET CLR 3.5.30729; .NET CLR 3.0.30729; Media Center PC 6.0; .NET4.0C)"
84.30.95.135 - - [17/Nov/2017:20:40:05 +0000] "GET /item/garden/1220 HTTP/1.1" 200 112 "/category/software?from=10" "Mozilla/5.0 (compatible; MSIE 9.0; Windows NT 6.1; Trident/5.0)"
36.198.198.61 - - [17/Nov/2017:20:40:10 +0000] "GET /category/software HTTP/1.1" 200 72 "-" "Mozilla/5.0 (Windows NT 6.0; rv:10.0.1) Gecko/20100101 Firefox/10.0.1"
120.57.151.184 - - [17/Nov/2017:20:40:15 +0000] "GET /category/health HTTP/1.1" 200 42 "/item/software/4933" "Mozilla/5.0 (Windows NT 6.0; rv:10.0.1) Gecko/20100101 Firefox/10.0.1"
212.222.165.164 - - [17/Nov/2017:20:40:20 +0000] "GET /category/networking?from=20 HTTP/1.1" 200 133 "-" "Mozilla/5.0 (Windows NT 6.0; rv:10.0.1) Gecko/20100101 Firefox/10.0.1"
112.57.196.125 - - [17/Nov/2017:20:40:25 +0000] "GET /item/computers/3585 HTTP/1.1" 200 65 "/item/games/2268" "Mozilla/4.0 (compatible; MSIE 8.0; Windows NT 5.1; Trident/4.0; YTB720; GTB7.2; .NET CLR 1.1.4322; .NET CLR 2.0.50727; .NET CLR 3.0.4506.2152; .NET CLR 3.5.30729)"
92.225.46.39 - - [17/Nov/2017:20:40:30 +0000] "GET /item/electronics/1678 HTTP/1.1" 200 108 "/search/?c=Electronics" "Mozilla/5.0 (Windows NT 6.1; WOW64) AppleWebKit/535.7 (KHTML, like Gecko) Chrome/16.0.912.77 Safari/535.7"
60.81.144.143 - - [17/Nov/2017:20:40:35 +0000] "GET /category/books HTTP/1.1" 200 41 "/category/finance" "Mozilla/5.0 (Macintosh; Intel Mac OS X 10.6; rv:9.0.1) Gecko/20100101 Firefox/9.0.1"
172.201.30.205 - - [17/Nov/2017:20:40:40 +0000] "GET /category/health HTTP/1.1" 200 104 "-" "Mozilla/5.0 (compatible; MSIE 9.0; Windows NT 6.1; WOW64; Trident/5.0)"
28.150.146.21 - - [17/Nov/2017:20:40:45 +0000] "GET /category/music HTTP/1.1" 200 117 "-" "Mozilla/5.0 (Windows NT 6.1; WOW64; rv:10.0.1) Gecko/20100101 Firefox/10.0.1"
76.153.173.21 - - [17/Nov/2017:20:40:50 +0000] "GET /category/games?from=0 HTTP/1.1" 200 72 "/category/software" "Mozilla/5.0 (Windows NT 6.1; WOW64) AppleWebKit/535.11 (KHTML, like Gecko) Chrome/17.0.963.56 Safari/535.11"
196.216.154.206 - - [17/Nov/2017:20:40:55 +0000] "GET /item/health/1094 HTTP/1.1" 200 86 "/category/books" "Mozilla/4.0 (compatible; MSIE 8.0; Windows NT 6.1; WOW64; Trident/4.0; YTB730; GTB7.2; EasyBits GO v1.0; SLCC2; .NET CLR 2.0.50727; .NET CLR 3.5.30729; .NET CLR 3.0.30729; Media Center PC 6.0; .NET4.0C)"
152.174.211.73 - - [17/Nov/2017:20:41:00 +0000] "GET /category/networking?from=20 HTTP/1.1" 200 133 "-" "Mozilla/5.0 (compatible; MSIE 9.0; Windows NT 6.1; Trident/5.0)"
80.45.209.74 - - [17/Nov/2017:20:41:05 +0000] "GET /category/electronics HTTP/1.1" 200 73 "-" "Mozilla/5.0 (compatible; MSIE 9.0; Windows NT 6.1; WOW64; Trident/5.0)"
144.180.57.180 - - [17/Nov/2017:20:41:10 +0000] "GET /category/books?from=0 HTTP/1.1" 200 56 "/category/electronics" "Mozilla/5.0 (Macintosh; Intel Mac OS X 10.6; rv:9.0.1) Gecko/20100101 Firefox/9.0.1"
192.102.189.187 - - [17/Nov/2017:20:41:15 +0000] "GET /category/software HTTP/1.1" 200 127 "-" "Mozilla/5.0 (compatible; MSIE 9.0; Windows NT 6.1; WOW64; Trident/5.0)"
140.108.166.217 - - [17/Nov/2017:20:41:20 +0000] "GET /category/office HTTP/1.1" 200 121 "/category/office" "Mozilla/5.0 (compatible; MSIE 9.0; Windows NT 6.1; WOW64; Trident/5.0)"
68.72.35.74 - - [17/Nov/2017:20:41:25 +0000] "GET /item/networking/3979 HTTP/1.1" 200 66 "/search/?c=Networking+Electronics" "Mozilla/5.0 (compatible; MSIE 9.0; Windows NT 6.1; WOW64; Trident/5.0)"
112.192.110.197 - - [17/Nov/2017:20:41:30 +0000] "GET /item/software/4545 HTTP/1.1" 200 135 "/item/electronics/2101" "Mozilla/5.0 (Windows NT 6.0) AppleWebKit/535.11 (KHTML, like Gecko) Chrome/17.0.963.56 Safari/535.11"
28.27.177.180 - - [17/Nov/2017:20:41:35 +0000] "POST /search/?c=Garden HTTP/1.1" 200 120 "/item/electronics/3410" "Mozilla/4.0 (compatible; MSIE 8.0; Windows NT 5.1; Trident/4.0; YTB720; GTB7.2; .NET CLR 1.1.4322; .NET CLR 2.0.50727; .NET CLR 3.0.4506.2152; .NET CLR 3.5.30729)"
164.186.39.214 - - [17/Nov/2017:20:41:40 +0000] "GET /item/electronics/2698 HTTP/1.1" 200 129 "/category/jewelry?from=10" "Mozilla/4.0 (compatible; MSIE 8.0; Windows NT 6.1; Trident/4.0; YTB730; SLCC2; .NET CLR 2.0.50727; .NET CLR 3.5.30729; .NET CLR 3.0.30729; Media Center PC 6.0; .NET4.0C)"
48.63.222.76 - - [17/Nov/2017:20:41:45 +0000] "POST /search/?c=Office HTTP/1.1" 200 138 "-" "Mozilla/4.0 (compatible; MSIE 8.0; Windows NT 6.1; WOW64; Trident/4.0; YTB730; GTB7.2; SLCC2; .NET CLR 2.0.50727; .NET CLR 3.5.30729; .NET CLR 3.0.30729; .NET4.0C; .NET4.0E; Media Center PC 6.0)"
172.111.229.114 - - [17/Nov/2017:20:41:50 +0000] "GET /item/office/1686 HTTP/1.1" 200 126 "/category/office" "Mozilla/5.0 (Windows NT 6.1; WOW64) AppleWebKit/535.7 (KHTML, like Gecko) Chrome/16.0.912.77 Safari/535.7"
120.144.87.152 - - [17/Nov/2017:20:41:55 +0000] "GET /category/finance?from=20 HTTP/1.1" 200 116 "/category/electronics" "Mozilla/5.0 (Windows NT 6.1; WOW64; rv:10.0.1) Gecko/20100101 Firefox/10.0.1"
148.75.141.188 - - [17/Nov/2017:20:42:00 +0000] "GET /item/books/335 HTTP/1.1" 200 49 "-" "Mozilla/5.0 (compatible; Googlebot/2.1; +http://www.google.com/bot.html)"
80.69.198.127 - - [17/Nov/2017:20:42:05 +0000] "GET /item/books/3487 HTTP/1.1" 200 92 "/item/office/1867" "Mozilla/5.0 (Macintosh; Intel Mac OS X 10.6; rv:9.0.1) Gecko/20100101 Firefox/9.0.1"
52.159.188.199 - - [17/Nov/2017:20:42:10 +0000] "POST /search/?c=Software HTTP/1.1" 200 98 "-" "Mozilla/5.0 (compatible; Googlebot/2.1; +http://www.google.com/bot.html)"
120.189.186.127 - - [17/Nov/2017:20:42:15 +0000] "GET /category/cameras?from=20 HTTP/1.1" 200 63 "/category/cameras" "Mozilla/5.0 (Macintosh; Intel Mac OS X 10.6; rv:9.0.1) Gecko/20100101 Firefox/9.0.1"
224.186.203.56 - - [17/Nov/2017:20:42:20 +0000] "GET /category/cameras HTTP/1.1" 200 80 "/category/finance" "Mozilla/5.0 (Windows NT 5.1) AppleWebKit/535.11 (KHTML, like Gecko) Chrome/17.0.963.46 Safari/535.11"
104.141.83.168 - - [17/Nov/2017:20:42:25 +0000] "GET /item/software/1323 HTTP/1.1" 200 74 "/category/games" "Mozilla/5.0 (compatible; Googlebot/2.1; +http://www.google.com/bot.html)"
44.51.178.212 - - [17/Nov/2017:20:42:30 +0000] "GET /category/jewelry HTTP/1.1" 200 102 "http://www.google.com/search?ie=UTF-8&q=google&sclient=psy-ab&q=Jewelry&oq=Jewelry&aq=f&aqi=g-vL1&aql=&pbx=1&bav=on.2,or.r_gc.r_pw.r_qf.,cf.osb&biw=3&bih=135" "Mozilla/5.0 (Macintosh; Intel Mac OS X 10.6; rv:9.0.1) Gecko/20100101 Firefox/9.0.1"
180.183.221.119 - - [17/Nov/2017:20:42:35 +0000] "GET /category/software HTTP/1.1" 200 121 "/category/office" "Mozilla/4.0 (compatible; MSIE 8.0; Windows NT 5.1; Trident/4.0; YTB720; GTB7.2; .NET CLR 1.1.4322; .NET CLR 2.0.50727; .NET CLR 3.0.4506.2152; .NET CLR 3.5.30729)"
72.66.199.152 - - [17/Nov/2017:20:42:40 +0000] "GET /item/books/3977 HTTP/1.1" 200 56 "/category/games" "Mozilla/4.0 (compatible; MSIE 8.0; Windows NT 6.0; WOW64; Trident/4.0; GTB6; SLCC1; .NET CLR 2.0.50727; Media Center PC 5.0; .NET CLR 3.5.30729; .NET CLR 3.0.30618; .NET4.0C)"
176.180.122.216 - - [17/Nov/2017:20:42:45 +0000] "GET /category/software HTTP/1.1" 200 55 "-" "Mozilla/5.0 (compatible; MSIE 9.0; Windows NT 6.1; WOW64; Trident/5.0)"
220.189.195.98 - - [17/Nov/2017:20:42:50 +0000] "GET /category/finance HTTP/1.1" 200 111 "-" "Mozilla/4.0 (compatible; MSIE 8.0; Windows NT 5.1; Trident/4.0; YTB720; GTB7.2; .NET CLR 1.1.4322; .NET CLR 2.0.50727; .NET CLR 3.0.4506.2152; .NET CLR 3.5.30729)"
100.165.48.87 - - [17/Nov/2017:20:42:55 +0000] "GET /item/music/4699 HTTP/1.1" 200 48 "/category/garden" "Mozilla/5.0 (compatible; MSIE 9.0; Windows NT 6.1; Trident/5.0)"
72.120.175.129 - - [17/Nov/2017:20:43:00 +0000] "GET /category/cameras?from=20 HTTP/1.1" 200 63 "/search/?c=Cameras" "Mozilla/5.0 (Macintosh; Intel Mac OS X 10.6; rv:9.0.1) Gecko/20100101 Firefox/9.0.1"
36.198.198.61 - - [17/Nov/2017:20:43:05 +0000] "GET /category/jewelry HTTP/1.1" 200 40 "-" "Mozilla/5.0 (Windows NT 6.1; WOW64) AppleWebKit/535.11 (KHTML, like Gecko) Chrome/17.0.963.56 Safari/535.11"
188.198.226.23 - - [17/Nov/2017:20:43:10 +0000] "GET /item/books/1533 HTTP/1.1" 200 97 "-" "Mozilla/5.0 (Windows NT 6.1; WOW64; rv:10.0.1) Gecko/20100101 Firefox/10.0.1"
212.156.57.223 - - [17/Nov/2017:20:43:15 +0000] "GET /item/electronics/4416 HTTP/1.1" 200 94 "http://www.google.com/search?ie=UTF-8&q=google&sclient=psy-ab&q=Electronics+Garden&oq=Electronics+Garden&aq=f&aqi=g-vL1&aql=&pbx=1&bav=on.2,or.r_gc.r_pw.r_qf.,cf.osb&biw=1959&bih=23" "Mozilla/5.0 (iPad; CPU OS 5_0_1 like Mac OS X) AppleWebKit/534.46 (KHTML, like Gecko) Version/5.1 Mobile/9A405 Safari/7534.48.3"
152.150.62.199 - - [17/Nov/2017:20:43:20 +0000] "GET /item/games/1885 HTTP/1.1" 200 83 "/category/toys" "Mozilla/5.0 (Windows NT 6.0; rv:10.0.1) Gecko/20100101 Firefox/10.0.1"
100.168.183.82 - - [17/Nov/2017:20:43:25 +0000] "GET /category/cameras HTTP/1.1" 200 97 "-" "Mozilla/5.0 (Windows NT 6.1; WOW64) AppleWebKit/535.11 (KHTML, like Gecko) Chrome/17.0.963.56 Safari/535.11"
40.21.219.95 - - [17/Nov/2017:20:43:30 +0000] "GET /item/computers/1106 HTTP/1.1" 200 57 "/search/?c=Computers+Books" "Mozilla/5.0 (compatible; MSIE 9.0; Windows NT 6.1; Trident/5.0)"
192.54.221.227 - - [17/Nov/2017:20:43:35 +0000] "GET /category/giftcards HTTP/1.1" 200 83 "-" "Mozilla/5.0 (Windows NT 6.0; rv:10.0.1) Gecko/20100101 Firefox/10.0.1"
64.156.78.228 - - [17/Nov/2017:20:43:40 +0000] "GET /category/garden HTTP/1.1" 200 88 "-" "Mozilla/4.0 (compatible; MSIE 8.0; Windows NT 5.1; Trident/4.0; YTB720; GTB7.2; .NET CLR 1.1.4322; .NET CLR 2.0.50727; .NET CLR 3.0.4506.2152; .NET CLR 3.5.30729)"
36.144.139.176 - - [17/Nov/2017:20:43:45 +0000] "GET /category/books HTTP/1.1" 200 101 "/category/games?from=10" "Mozilla/5.0 (Windows NT 6.1; WOW64) AppleWebKit/535.11 (KHTML, like Gecko) Chrome/17.0.963.56 Safari/535.11"
176.69.116.108 - - [17/Nov/2017:20:43:50 +0000] "GET /item/electronics/3393 HTTP/1.1" 404 59 "-" "Mozilla/5.0 (Macintosh; Intel Mac OS X 10.6; rv:9.0.1) Gecko/20100101 Firefox/9.0.1"
172.171.155.192 - - [17/Nov/2017:20:43:55 +0000] "GET /item/computers/1158 HTTP/1.1" 200 122 "-" "Mozilla/5.0 (compatible; MSIE 9.0; Windows NT 6.1; Trident/5.0)"
188.42.152.136 - - [17/Nov/2017:20:44:00 +0000] "GET /category/computers HTTP/1.1" 200 136 "/item/software/2456" "Mozilla/5.0 (Windows NT 5.1) AppleWebKit/535.11 (KHTML, like Gecko) Chrome/17.0.963.46 Safari/535.11"
92.123.218.35 - - [17/Nov/2017:20:44:05 +0000] "GET /item/electronics/2104 HTTP/1.1" 200 59 "/search/?c=Electronics" "Mozilla/5.0 (compatible; MSIE 9.0; Windows NT 6.1; WOW64; Trident/5.0)"
112.42.221.126 - - [17/Nov/2017:20:44:10 +0000] "GET /item/finance/4688 HTTP/1.1" 200 96 "/category/finance" "Mozilla/4.0 (compatible; MSIE 8.0; Windows NT 6.1; WOW64; Trident/4.0; YTB730; GTB7.2; SLCC2; .NET CLR 2.0.50727; .NET CLR 3.5.30729; .NET CLR 3.0.30729; .NET4.0C; .NET4.0E; Media Center PC 6.0)"
188.66.87.61 - - [17/Nov/2017:20:44:15 +0000] "GET /item/office/378 HTTP/1.1" 200 57 "-" "Mozilla/5.0 (Macintosh; Intel Mac OS X 10.6; rv:9.0.1) Gecko/20100101 Firefox/9.0.1"
72.27.184.75 - - [17/Nov/2017:20:44:20 +0000] "GET /item/office/4595 HTTP/1.1" 200 137 "-" "Mozilla/5.0 (Windows NT 6.1; WOW64) AppleWebKit/535.11 (KHTML, like Gecko) Chrome/17.0.963.56 Safari/535.11"
176.210.71.83 - - [17/Nov/2017:20:44:25 +0000] "GET /category/software HTTP/1.1" 200 56 "-" "Mozilla/5.0 (Windows NT 6.1; WOW64) AppleWebKit/535.7 (KHTML, like Gecko) Chrome/16.0.912.77 Safari/535.7"
44.165.199.141 - - [17/Nov/2017:20:44:30 +0000] "GET /category/software HTTP/1.1" 200 41 "-" "Mozilla/5.0 (Windows NT 5.1) AppleWebKit/535.11 (KHTML, like Gecko) Chrome/17.0.963.46 Safari/535.11"
168.108.43.22 - - [17/Nov/2017:20:44:35 +0000] "GET /item/electronics/450 HTTP/1.1" 200 123 "/item/networking/4421" "Mozilla/5.0 (Windows NT 6.0) AppleWebKit/535.11 (KHTML, like Gecko) Chrome/17.0.963.56 Safari/535.11"
196.216.154.206 - - [17/Nov/2017:20:44:40 +0000] "GET /category/toys HTTP/1.1" 200 109 "/category/cameras" "Mozilla/5.0 (Macintosh; Intel Mac OS X 10.6; rv:9.0.1) Gecko/20100101 Firefox/9.0.1"
208.171.120.182 - - [17/Nov/2017:20:44:45 +0000] "GET /category/games HTTP/1.1" 200 88 "-" "Mozilla/5.0 (Windows NT 6.0; rv:10.0.1) Gecko/20100101 Firefox/10.0.1"
188.66.87.61 - - [17/Nov/2017:20:44:50 +0000] "POST /search/?c=Electronics+Books HTTP/1.1" 200 96 "-" "Mozilla/5.0 (Macintosh; Intel Mac OS X 10.6; rv:9.0.1) Gecko/20100101 Firefox/9.0.1"
36.24.74.155 - - [17/Nov/2017:20:44:55 +0000] "POST /search/?c=Electronics+Electronics HTTP/1.1" 200 69 "/category/books" "Mozilla/4.0 (compatible; MSIE 8.0; Windows NT 5.1; Trident/4.0; YTB720; GTB7.2; .NET CLR 1.1.4322; .NET CLR 2.0.50727; .NET CLR 3.0.4506.2152; .NET CLR 3.5.30729)"
88.126.130.26 - - [17/Nov/2017:20:45:00 +0000] "GET /category/music HTTP/1.1" 200 95 "/category/electronics" "Mozilla/5.0 (compatible; MSIE 9.0; Windows NT 6.1; Trident/5.0)"
76.123.219.106 - - [17/Nov/2017:20:45:05 +0000] "GET /category/electronics HTTP/1.1" 200 115 "-" "Mozilla/5.0 (iPad; CPU OS 5_0_1 like Mac OS X) AppleWebKit/534.46 (KHTML, like Gecko) Version/5.1 Mobile/9A405 Safari/7534.48.3"
152.63.117.36 - - [17/Nov/2017:20:45:10 +0000] "GET /item/finance/3479 HTTP/1.1" 200 85 "/item/software/2699" "Mozilla/5.0 (Windows NT 6.1; WOW64; rv:10.0.1) Gecko/20100101 Firefox/10.0.1"
180.39.180.68 - - [17/Nov/2017:20:45:15 +0000] "GET /category/software HTTP/1.1" 200 113 "/category/cameras" "Mozilla/5.0 (compatible; MSIE 9.0; Windows NT 6.1; Trident/5.0)"
108.225.225.104 - - [17/Nov/2017:20:45:20 +0000] "GET /item/giftcards/202 HTTP/1.1" 200 51 "/item/electronics/4788" "Mozilla/5.0 (Windows NT 6.0; rv:10.0.1) Gecko/20100101 Firefox/10.0.1"
180.147.87.207 - - [17/Nov/2017:20:45:25 +0000] "GET /category/software HTTP/1.1" 200 71 "/category/garden?from=0" "Mozilla/5.0 (Windows NT 6.0; rv:10.0.1) Gecko/20100101 Firefox/10.0.1"
120.147.115.60 - - [17/Nov/2017:20:45:30 +0000] "GET /category/office HTTP/1.1" 200 58 "/item/games/2882" "Mozilla/5.0 (Windows NT 6.1; WOW64) AppleWebKit/535.7 (KHTML, like Gecko) Chrome/16.0.912.77 Safari/535.7"
196.57.135.222 - - [17/Nov/2017:20:45:35 +0000] "GET /item/software/2629 HTTP/1.1" 200 61 "/category/software" "Mozilla/5.0 (compatible; Googlebot/2.1; +http://www.google.com/bot.html)"
36.192.126.32 - - [17/Nov/2017:20:45:40 +0000] "GET /item/electronics/2034 HTTP/1.1" 200 100 "/category/software" "Mozilla/4.0 (compatible; MSIE 8.0; Windows NT 6.1; WOW64; Trident/4.0; GTB7.2; SLCC2; .NET CLR 2.0.50727; .NET CLR 3.5.30729; .NET CLR 3.0.30729; Media Center PC 6.0; .NET4.0C)"
96.90.32.31 - - [17/Nov/2017:20:45:45 +0000] "GET /category/games HTTP/1.1" 200 110 "-" "Mozilla/5.0 (Windows NT 5.1) AppleWebKit/535.11 (KHTML, like Gecko) Chrome/17.0.963.46 Safari/535.11"
116.189.197.54 - - [17/Nov/2017:20:45:50 +0000] "POST /search/?c=Jewelry HTTP/1.1" 200 100 "-" "Mozilla/4.0 (compatible; MSIE 8.0; Windows NT 6.0; WOW64; Trident/4.0; GTB6; SLCC1; .NET CLR 2.0.50727; Media Center PC 5.0; .NET CLR 3.5.30729; .NET CLR 3.0.30618; .NET4.0C)"
184.135.39.104 - - [17/Nov/2017:20:45:55 +0000] "GET /category/electronics HTTP/1.1" 200 50 "/item/books/3487" "Mozilla/4.0 (compatible; MSIE 8.0; Windows NT 6.1; WOW64; Trident/4.0; YTB730; GTB7.2; SLCC2; .NET CLR 2.0.50727; .NET CLR 3.5.30729; .NET CLR 3.0.30729; .NET4.0C; .NET4.0E; Media Center PC 6.0)"
44.162.33.184 - - [17/Nov/2017:20:46:00 +0000] "GET /category/software HTTP/1.1" 200 50 "-" "Mozilla/4.0 (compatible; MSIE 8.0; Windows NT 5.1; Trident/4.0; YTB720; GTB7.2; .NET CLR 1.1.4322; .NET CLR 2.0.50727; .NET CLR 3.0.4506.2152; .NET CLR 3.5.30729)"
220.189.195.98 - - [17/Nov/2017:20:46:05 +0000] "GET /item/electronics/4416 HTTP/1.1" 200 94 "/category/books" "Mozilla/5.0 (compatible; Googlebot/2.1; +http://www.google.com/bot.html)"
88.63.121.43 - - [17/Nov/2017:20:46:10 +0000] "GET /category/finance HTTP/1.1" 200 125 "/category/software" "Mozilla/5.0 (compatible; MSIE 9.0; Windows NT 6.1; WOW64; Trident/5.0)"
152.45.113.47 - - [17/Nov/2017:20:46:15 +0000] "GET /item/cameras/3320 HTTP/1.1" 200 109 "-" "Mozilla/5.0 (Macintosh; Intel Mac OS X 10.6; rv:9.0.1) Gecko/20100101 Firefox/9.0.1"
52.219.45.68 - - [17/Nov/2017:20:46:20 +0000] "GET /category/electronics HTTP/1.1" 200 112 "/category/office?from=0" "Mozilla/5.0 (Windows NT 6.1; WOW64) AppleWebKit/535.11 (KHTML, like Gecko) Chrome/17.0.963.56 Safari/535.11"
164.186.39.214 - - [17/Nov/2017:20:46:25 +0000] "GET /item/software/2487 HTTP/1.1" 200 51 "/item/software/2109" "Mozilla/5.0 (iPhone; CPU iPhone OS 5_0_1 like Mac OS X) AppleWebKit/534.46 (KHTML, like Gecko) Version/5.1 Mobile/9A405 Safari/7534.48.3"
160.183.132.213 - - [17/Nov/2017:20:46:30 +0000] "GET /item/computers/1693 HTTP/1.1" 200 110 "/category/software" "Mozilla/5.0 (Macintosh; Intel Mac OS X 10.6; rv:9.0.1) Gecko/20100101 Firefox/9.0.1"
76.216.93.173 - - [17/Nov/2017:20:46:35 +0000] "GET /category/office?from=0 HTTP/1.1" 200 59 "/category/giftcards" "Mozilla/5.0 (Macintosh; Intel Mac OS X 10.6; rv:9.0.1) Gecko/20100101 Firefox/9.0.1"
140.63.197.40 - - [17/Nov/2017:20:46:40 +0000] "GET /category/computers HTTP/1.1" 200 136 "-" "Mozilla/5.0 (Windows NT 6.1; WOW64) AppleWebKit/535.7 (KHTML, like Gecko) Chrome/16.0.912.77 Safari/535.7"
180.201.91.218 - - [17/Nov/2017:20:46:45 +0000] "POST /search/?c=Electronics+Books HTTP/1.1" 200 96 "/item/garden/1912" "Mozilla/5.0 (Windows NT 6.0; rv:10.0.1) Gecko/20100101 Firefox/10.0.1"
40.27.108.131 - - [17/Nov/2017:20:46:50 +0000] "POST /search/?c=Electronics HTTP/1.1" 200 69 "/category/finance" "Mozilla/5.0 (Macintosh; Intel Mac OS X 10.6; rv:9.0.1) Gecko/20100101 Firefox/9.0.1"
160.78.211.42 - - [17/Nov/2017:20:46:55 +0000] "GET /item/electronics/2277 HTTP/1.1" 200 43 "-" "Mozilla/5.0 (compatible; MSIE 9.0; Windows NT 6.1; Trident/5.0)"
152.90.227.164 - - [17/Nov/2017:20:47:00 +0000] "GET /category/sports HTTP/1.1" 200 72 "http://www.google.com/search?ie=UTF-8&q=google&sclient=psy-ab&q=Sports&oq=Sports&aq=f&aqi=g-vL1&aql=&pbx=1&bav=on.2,or.r_gc.r_pw.r_qf.,cf.osb&biw=4718&bih=394" "Mozilla/5.0 (Windows NT 6.1; WOW64) AppleWebKit/535.7 (KHTML, like Gecko) Chrome/16.0.912.77 Safari/535.7"
220.222.196.154 - - [17/Nov/2017:20:47:05 +0000] "GET /item/games/3868 HTTP/1.1" 200 98 "/search/?c=Games+Office" "Mozilla/5.0 (compatible; MSIE 9.0; Windows NT 6.1; Trident/5.0)"
48.39.50.112 - - [17/Nov/2017:20:47:10 +0000] "GET /item/computers/4182 HTTP/1.1" 200 50 "http://www.google.com/search?ie=UTF-8&q=google&sclient=psy-ab&q=Computers&oq=Computers&aq=f&aqi=g-vL1&aql=&pbx=1&bav=on.2,or.r_gc.r_pw.r_qf.,cf.osb&biw=3572&bih=552" "Mozilla/4.0 (compatible; MSIE 8.0; Windows NT 6.1; WOW64; Trident/4.0; YTB730; GTB7.2; EasyBits GO v1.0; SLCC2; .NET CLR 2.0.50727; .NET CLR 3.5.30729; .NET CLR 3.0.30729; Media Center PC 6.0; .NET4.0C)"
196.69.125.183 - - [17/Nov/2017:20:47:15 +0000] "GET /item/sports/1884 HTTP/1.1" 200 105 "-" "Mozilla/5.0 (iPad; CPU OS 5_0_1 like Mac OS X) AppleWebKit/534.46 (KHTML, like Gecko) Version/5.1 Mobile/9A405 Safari/7534.48.3"
172.219.78.39 - - [17/Nov/2017:20:47:20 +0000] "GET /item/electronics/2374 HTTP/1.1" 200 96 "/item/electronics/2524" "Mozilla/4.0 (compatible; MSIE 8.0; Windows NT 6.0; WOW64; Trident/4.0; GTB6; SLCC1; .NET CLR 2.0.50727; Media Center PC 5.0; .NET CLR 3.5.30729; .NET CLR 3.0.30618; .NET4.0C)"
60.177.133.24 - - [17/Nov/2017:20:47:25 +0000] "POST /search/?c=Garden+Office HTTP/1.1" 200 100 "-" "Mozilla/5.0 (compatible; MSIE 9.0; Windows NT 6.1; WOW64; Trident/5.0)"
60.81.144.143 - - [17/Nov/2017:20:47:30 +0000] "GET /item/games/2746 HTTP/1.1" 200 135 "/item/electronics/2653" "Mozilla/5.0 (Macintosh; Intel Mac OS X 10.6; rv:9.0.1) Gecko/20100101 Firefox/9.0.1"
44.132.181.113 - - [17/Nov/2017:20:47:35 +0000] "GET /category/giftcards HTTP/1.1" 200 117 "-" "Mozilla/5.0 (compatible; Googlebot/2.1; +http://www.google.com/bot.html)"
208.150.70.225 - - [17/Nov/2017:20:47:40 +0000] "GET /category/books HTTP/1.1" 200 101 "/category/computers" "Mozilla/5.0 (compatible; MSIE 9.0; Windows NT 6.1; WOW64; Trident/5.0)"
192.21.211.81 - - [17/Nov/2017:20:47:45 +0000] "GET /category/finance?from=10 HTTP/1.1" 200 96 "/search/?c=Finance" "Mozilla/5.0 (Windows NT 6.0) AppleWebKit/535.11 (KHTML, like Gecko) Chrome/17.0.963.56 Safari/535.11"
224.195.180.118 - - [17/Nov/2017:20:47:50 +0000] "GET /category/electronics HTTP/1.1" 200 71 "-" "Mozilla/5.0 (compatible; MSIE 9.0; Windows NT 6.1; WOW64; Trident/5.0)"
56.48.140.129 - - [17/Nov/2017:20:47:55 +0000] "GET /category/electronics HTTP/1.1" 200 84 "/category/books?from=0" "Mozilla/5.0 (compatible; MSIE 9.0; Windows NT 6.1; WOW64; Trident/5.0)"
108.219.222.220 - - [17/Nov/2017:20:48:00 +0000] "GET /item/electronics/3298 HTTP/1.1" 200 93 "-" "Mozilla/5.0 (Macintosh; Intel Mac OS X 10.6; rv:9.0.1) Gecko/20100101 Firefox/9.0.1"
184.27.50.181 - - [17/Nov/2017:20:48:05 +0000] "GET /item/electronics/2563 HTTP/1.1" 200 81 "/item/computers/4801" "Mozilla/5.0 (Windows NT 6.0; rv:10.0.1) Gecko/20100101 Firefox/10.0.1"
44.198.64.135 - - [17/Nov/2017:20:48:10 +0000] "GET /item/books/4619 HTTP/1.1" 200 59 "/search/?c=Books+Games" "Mozilla/4.0 (compatible; MSIE 8.0; Windows NT 6.1; WOW64; Trident/4.0; GTB7.2; SLCC2; .NET CLR 2.0.50727; .NET CLR 3.5.30729; .NET CLR 3.0.30729; Media Center PC 6.0; .NET4.0C)"
108.225.225.104 - - [17/Nov/2017:20:48:15 +0000] "GET /category/electronics HTTP/1.1" 200 82 "-" "Mozilla/4.0 (compatible; MSIE 8.0; Windows NT 6.1; WOW64; Trident/4.0; GTB7.2; SLCC2; .NET CLR 2.0.50727; .NET CLR 3.5.30729; .NET CLR 3.0.30729; Media Center PC 6.0; .NET4.0C)"
196.225.41.136 - - [17/Nov/2017:20:48:20 +0000] "GET /category/electronics HTTP/1.1" 200 78 "/item/health/1329" "Mozilla/5.0 (Macintosh; Intel Mac OS X 10.6; rv:9.0.1) Gecko/20100101 Firefox/9.0.1"
76.132.177.175 - - [17/Nov/2017:20:48:25 +0000] "GET /category/music HTTP/1.1" 200 54 "/search/?c=Games+Books" "Mozilla/5.0 (Windows NT 6.0) AppleWebKit/535.11 (KHTML, like Gecko) Chrome/17.0.963.56 Safari/535.11"
128.72.102.177 - - [17/Nov/2017:20:48:30 +0000] "GET /item/games/4762 HTTP/1.1" 200 96 "/category/books" "Mozilla/5.0 (Windows NT 6.1; WOW64) AppleWebKit/535.11 (KHTML, like Gecko) Chrome/17.0.963.56 Safari/535.11"
160.222.46.45 - - [17/Nov/2017:20:48:35 +0000] "GET /category/office HTTP/1.1" 200 117 "-" "Mozilla/5.0 (Windows NT 6.0) AppleWebKit/535.11 (KHTML, like Gecko) Chrome/17.0.963.56 Safari/535.11"
228.210.130.193 - - [17/Nov/2017:20:48:40 +0000] "GET /category/jewelry HTTP/1.1" 200 80 "/item/electronics/722" "Mozilla/5.0 (Windows NT 6.0; rv:10.0.1) Gecko/20100101 Firefox/10.0.1"
88.102.169.148 - - [17/Nov/2017:20:48:45 +0000] "GET /item/office/2904 HTTP/1.1" 200 59 "/item/computers/2093" "Mozilla/5.0 (Windows NT 6.0; rv:10.0.1) Gecko/20100101 Firefox/10.0.1"
204.117.20.72 - - [17/Nov/2017:20:48:50 +0000] "GET /item/books/3977 HTTP/1.1" 200 56 "/item/books/757" "Mozilla/5.0 (Windows NT 6.0; rv:10.0.1) Gecko/20100101 Firefox/10.0.1"
44.198.209.156 - - [17/Nov/2017:20:48:55 +0000] "GET /item/toys/1283 HTTP/1.1" 200 49 "/item/electronics/2451" "Mozilla/5.0 (Windows NT 6.1; WOW64) AppleWebKit/535.11 (KHTML, like Gecko) Chrome/17.0.963.56 Safari/535.11"
164.135.96.20 - - [17/Nov/2017:20:49:00 +0000] "GET /category/software?from=10 HTTP/1.1" 200 54 "/category/software" "Mozilla/4.0 (compatible; MSIE 8.0; Windows NT 5.1; Trident/4.0; YTB720; GTB7.2; .NET CLR 1.1.4322; .NET CLR 2.0.50727; .NET CLR 3.0.4506.2152; .NET CLR 3.5.30729)"
48.105.77.215 - - [17/Nov/2017:20:49:05 +0000] "GET /item/cameras/1442 HTTP/1.1" 200 56 "/category/cameras?from=20" "Mozilla/4.0 (compatible; MSIE 8.0; Windows NT 6.1; WOW64; Trident/4.0; YTB730; GTB7.2; SLCC2; .NET CLR 2.0.50727; .NET CLR 3.5.30729; .NET CLR 3.0.30729; .NET4.0C; .NET4.0E; Media Center PC 6.0)"
100.192.67.188 - - [17/Nov/2017:20:49:10 +0000] "GET /category/office HTTP/1.1" 200 68 "-" "Mozilla/5.0 (Macintosh; Intel Mac OS X 10.6; rv:9.0.1) Gecko/20100101 Firefox/9.0.1"
208.171.196.220 - - [17/Nov/2017:20:49:15 +0000] "GET /category/giftcards HTTP/1.1" 200 49 "-" "Mozilla/5.0 (compatible; Googlebot/2.1; +http://www.google.com/bot.html)"
40.105.210.146 - - [17/Nov/2017:20:49:20 +0000] "GET /category/office HTTP/1.1" 200 57 "-" "Mozilla/5.0 (compatible; Googlebot/2.1; +http://www.google.com/bot.html)"
20.132.185.140 - - [17/Nov/2017:20:49:25 +0000] "GET /item/computers/3585 HTTP/1.1" 200 65 "/search/?c=Computers+Games" "Mozilla/4.0 (compatible; MSIE 8.0; Windows NT 6.1; WOW64; Trident/4.0; YTB730; GTB7.2; SLCC2; .NET CLR 2.0.50727; .NET CLR 3.5.30729; .NET CLR 3.0.30729; .NET4.0C; .NET4.0E; Media Center PC 6.0)"
140.213.200.225 - - [17/Nov/2017:20:49:30 +0000] "GET /category/games HTTP/1.1" 200 135 "/item/computers/3996" "Mozilla/4.0 (compatible; MSIE 8.0; Windows NT 5.1; Trident/4.0; BTRS122159; GTB7.2; .NET CLR 1.1.4322; .NET CLR 2.0.50727; .NET CLR 3.0.04506.30; .NET CLR 3.0.4506.2152; .NET CLR 3.5.30729; BRI/2)"
196.180.153.197 - - [17/Nov/2017:20:49:35 +0000] "GET /item/sports/3851 HTTP/1.1" 200 49 "/item/electronics/4582" "Mozilla/5.0 (Macintosh; Intel Mac OS X 10.6; rv:9.0.1) Gecko/20100101 Firefox/9.0.1"
172.51.61.163 - - [17/Nov/2017:20:49:40 +0000] "POST /search/?c=Cameras+Books HTTP/1.1" 200 87 "-" "Mozilla/5.0 (Windows NT 6.1; WOW64; rv:10.0.1) Gecko/20100101 Firefox/10.0.1"
72.114.161.169 - - [17/Nov/2017:20:49:45 +0000] "GET /category/garden HTTP/1.1" 200 111 "/category/sports" "Mozilla/5.0 (iPad; CPU OS 5_0_1 like Mac OS X) AppleWebKit/534.46 (KHTML, like Gecko) Version/5.1 Mobile/9A405 Safari/7534.48.3"
164.63.56.171 - - [17/Nov/2017:20:49:50 +0000] "GET /category/software HTTP/1.1" 200 55 "-" "Mozilla/5.0 (Macintosh; Intel Mac OS X 10.6; rv:9.0.1) Gecko/20100101 Firefox/9.0.1"
212.219.108.195 - - [17/Nov/2017:20:49:55 +0000] "GET /item/games/4762 HTTP/1.1" 200 96 "/search/?c=Computers+Electronics" "Mozilla/4.0 (compatible; MSIE 8.0; Windows NT 5.1; Trident/4.0; BTRS122159; GTB7.2; .NET CLR 1.1.4322; .NET CLR 2.0.50727; .NET CLR 3.0.04506.30; .NET CLR 3.0.4506.2152; .NET CLR 3.5.30729; BRI/2)"
80.120.169.42 - - [17/Nov/2017:20:50:00 +0000] "GET /item/garden/348 HTTP/1.1" 200 50 "/category/music" "Mozilla/5.0 (Windows NT 6.1; WOW64; rv:10.0.1) Gecko/20100101 Firefox/10.0.1"
216.90.56.55 - - [17/Nov/2017:20:50:05 +0000] "GET /category/giftcards HTTP/1.1" 200 81 "/category/games" "Mozilla/5.0 (compatible; MSIE 9.0; Windows NT 6.1; WOW64; Trident/5.0)"
36.126.180.91 - - [17/Nov/2017:20:50:10 +0000] "GET /category/software?from=0 HTTP/1.1" 200 66 "/category/software" "Mozilla/5.0 (Windows NT 6.0; rv:10.0.1) Gecko/20100101 Firefox/10.0.1"
196.189.27.51 - - [17/Nov/2017:20:50:15 +0000] "POST /search/?c=Music HTTP/1.1" 200 44 "/item/sports/2911" "Mozilla/5.0 (compatible; MSIE 9.0; Windows NT 6.1; Trident/5.0)"
128.54.131.218 - - [17/Nov/2017:20:50:20 +0000] "GET /item/sports/3851 HTTP/1.1" 200 49 "/category/sports" "Mozilla/5.0 (Windows NT 6.0; rv:10.0.1) Gecko/20100101 Firefox/10.0.1"
88.48.32.227 - - [17/Nov/2017:20:50:25 +0000] "GET /category/computers HTTP/1.1" 200 139 "/category/finance?from=20" "Mozilla/4.0 (compatible; MSIE 8.0; Windows NT 6.1; WOW64; Trident/4.0; GTB7.2; SLCC2; .NET CLR 2.0.50727; .NET CLR 3.5.30729; .NET CLR 3.0.30729; Media Center PC 6.0; .NET4.0C)"
20.153.84.177 - - [17/Nov/2017:20:50:30 +0000] "GET /category/jewelry HTTP/1.1" 200 112 "/item/electronics/3940" "Mozilla/5.0 (Windows NT 6.1; WOW64) AppleWebKit/535.11 (KHTML, like Gecko) Chrome/17.0.963.56 Safari/535.11"
80.144.46.167 - - [17/Nov/2017:20:50:35 +0000] "GET /category/sports HTTP/1.1" 200 137 "-" "Mozilla/5.0 (iPhone; CPU iPhone OS 5_0_1 like Mac OS X) AppleWebKit/534.46 (KHTML, like Gecko) Version/5.1 Mobile/9A405 Safari/7534.48.3"
156.69.192.82 - - [17/Nov/2017:20:50:40 +0000] "GET /category/electronics HTTP/1.1" 200 90 "/category/software?from=20" "Mozilla/5.0 (compatible; MSIE 9.0; Windows NT 6.1; WOW64; Trident/5.0)"
176.117.229.92 - - [17/Nov/2017:20:50:45 +0000] "GET /category/software HTTP/1.1" 200 51 "/category/games" "Mozilla/5.0 (Windows NT 6.0; rv:10.0.1) Gecko/20100101 Firefox/10.0.1"
200.33.165.54 - - [17/Nov/2017:20:50:50 +0000] "GET /item/software/4034 HTTP/1.1" 200 131 "/item/toys/1044" "Mozilla/5.0 (Windows NT 6.0; rv:10.0.1) Gecko/20100101 Firefox/10.0.1"
168.129.116.168 - - [17/Nov/2017:20:50:55 +0000] "POST /search/?c=Software+Office HTTP/1.1" 200 103 "/item/giftcards/1476" "Mozilla/5.0 (Windows NT 6.0; rv:10.0.1) Gecko/20100101 Firefox/10.0.1"
56.189.95.197 - - [17/Nov/2017:20:51:00 +0000] "GET /item/games/4604 HTTP/1.1" 200 54 "/item/networking/2789" "Mozilla/5.0 (Windows NT 6.1; WOW64) AppleWebKit/535.7 (KHTML, like Gecko) Chrome/16.0.912.77 Safari/535.7"
144.105.154.81 - - [17/Nov/2017:20:51:05 +0000] "GET /category/books HTTP/1.1" 200 41 "/category/office" "Mozilla/5.0 (Macintosh; Intel Mac OS X 10.6; rv:9.0.1) Gecko/20100101 Firefox/9.0.1"
180.201.91.218 - - [17/Nov/2017:20:51:10 +0000] "POST /search/?c=Electronics+Sports HTTP/1.1" 200 139 "/category/electronics" "Mozilla/5.0 (Windows NT 6.0; rv:10.0.1) Gecko/20100101 Firefox/10.0.1"
108.78.41.69 - - [17/Nov/2017:20:51:15 +0000] "GET /item/music/4004 HTTP/1.1" 200 64 "-" "Mozilla/5.0 (Windows NT 6.0; rv:10.0.1) Gecko/20100101 Firefox/10.0.1"
36.219.202.185 - - [17/Nov/2017:20:51:20 +0000] "GET /category/books?from=0 HTTP/1.1" 200 56 "/search/?c=Software+Software" "Mozilla/4.0 (compatible; MSIE 8.0; Windows NT 6.1; WOW64; Trident/4.0; GTB7.2; SLCC2; .NET CLR 2.0.50727; .NET CLR 3.5.30729; .NET CLR 3.0.30729; Media Center PC 6.0; .NET4.0C)"
168.183.144.126 - - [17/Nov/2017:20:51:25 +0000] "GET /category/health HTTP/1.1" 200 105 "/category/software" "Mozilla/5.0 (Macintosh; Intel Mac OS X 10.6; rv:9.0.1) Gecko/20100101 Firefox/9.0.1"
176.180.122.216 - - [17/Nov/2017:20:51:30 +0000] "GET /category/electronics HTTP/1.1" 200 104 "-" "Mozilla/5.0 (compatible; MSIE 9.0; Windows NT 6.1; WOW64; Trident/5.0)"
36.75.71.169 - - [17/Nov/2017:20:51:35 +0000] "GET /category/books HTTP/1.1" 200 98 "/item/cameras/3403" "Mozilla/5.0 (iPhone; CPU iPhone OS 5_0_1 like Mac OS X) AppleWebKit/534.46 (KHTML, like Gecko) Version/5.1 Mobile/9A405 Safari/7534.48.3"
124.66.153.212 - - [17/Nov/2017:20:51:40 +0000] "GET /item/computers/1943 HTTP/1.1" 200 77 "-" "Mozilla/5.0 (Windows NT 6.1; WOW64) AppleWebKit/535.7 (KHTML, like Gecko) Chrome/16.0.912.77 Safari/535.7"
80.63.29.149 - - [17/Nov/2017:20:51:45 +0000] "GET /category/software HTTP/1.1" 200 84 "/search/?c=Electronics+Software" "Mozilla/5.0 (iPhone; CPU iPhone OS 5_0_1 like Mac OS X) AppleWebKit/534.46 (KHTML, like Gecko) Version/5.1 Mobile/9A405 Safari/7534.48.3"
36.51.160.119 - - [17/Nov/2017:20:51:50 +0000] "POST /search/?c=Software HTTP/1.1" 200 126 "/item/music/1695" "Mozilla/5.0 (compatible; Googlebot/2.1; +http://www.google.com/bot.html)"
52.216.117.160 - - [17/Nov/2017:20:51:55 +0000] "GET /item/software/992 HTTP/1.1" 200 113 "/item/finance/4688" "Mozilla/5.0 (Windows NT 5.1) AppleWebKit/535.11 (KHTML, like Gecko) Chrome/17.0.963.46 Safari/535.11"
100.174.103.32 - - [17/Nov/2017:20:52:00 +0000] "GET /item/giftcards/3622 HTTP/1.1" 200 59 "/category/computers" "Mozilla/5.0 (Windows NT 6.0) AppleWebKit/535.11 (KHTML, like Gecko) Chrome/17.0.963.56 Safari/535.11"
176.63.110.119 - - [17/Nov/2017:20:52:05 +0000] "GET /category/games HTTP/1.1" 200 63 "-" "Mozilla/5.0 (Windows NT 6.1; WOW64; rv:10.0.1) Gecko/20100101 Firefox/10.0.1"
180.225.227.228 - - [17/Nov/2017:20:52:10 +0000] "GET /category/cameras HTTP/1.1" 200 114 "-" "Mozilla/4.0 (compatible; MSIE 8.0; Windows NT 6.1; WOW64; Trident/4.0; YTB730; GTB7.2; EasyBits GO v1.0; SLCC2; .NET CLR 2.0.50727; .NET CLR 3.5.30729; .NET CLR 3.0.30729; Media Center PC 6.0; .NET4.0C)"
192.42.201.189 - - [17/Nov/2017:20:52:15 +0000] "GET /category/electronics HTTP/1.1" 200 86 "/category/electronics" "Mozilla/5.0 (Windows NT 6.1; WOW64) AppleWebKit/535.11 (KHTML, like Gecko) Chrome/17.0.963.56 Safari/535.11"
108.78.86.154 - - [17/Nov/2017:20:52:20 +0000] "GET /category/books HTTP/1.1" 200 68 "/category/computers" "Mozilla/4.0 (compatible; MSIE 8.0; Windows NT 6.0; WOW64; Trident/4.0; GTB6; SLCC1; .NET CLR 2.0.50727; Media Center PC 5.0; .NET CLR 3.5.30729; .NET CLR 3.0.30618; .NET4.0C)"
24.90.183.170 - - [17/Nov/2017:20:52:25 +0000] "GET /category/toys?from=10 HTTP/1.1" 200 96 "-" "Mozilla/5.0 (Windows NT 6.0; rv:10.0.1) Gecko/20100101 Firefox/10.0.1"
32.177.40.26 - - [17/Nov/2017:20:52:30 +0000] "GET /category/books HTTP/1.1" 200 94 "/item/computers/4182" "Mozilla/4.0 (compatible; MSIE 8.0; Windows NT 5.1; Trident/4.0; BTRS122159; GTB7.2; .NET CLR 1.1.4322; .NET CLR 2.0.50727; .NET CLR 3.0.04506.30; .NET CLR 3.0.4506.2152; .NET CLR 3.5.30729; BRI/2)"
176.27.101.193 - - [17/Nov/2017:20:52:35 +0000] "GET /category/electronics HTTP/1.1" 200 130 "-" "Mozilla/4.0 (compatible; MSIE 8.0; Windows NT 5.1; Trident/4.0; YTB720; GTB7.2; .NET CLR 1.1.4322; .NET CLR 2.0.50727; .NET CLR 3.0.4506.2152; .NET CLR 3.5.30729)"
104.45.160.209 - - [17/Nov/2017:20:52:40 +0000] "GET /category/finance HTTP/1.1" 200 52 "-" "Mozilla/5.0 (compatible; MSIE 9.0; Windows NT 6.1; WOW64; Trident/5.0)"
128.87.206.114 - - [17/Nov/2017:20:52:45 +0000] "GET /category/software HTTP/1.1" 200 90 "http://www.google.com/search?ie=UTF-8&q=google&sclient=psy-ab&q=Software+Games&oq=Software+Games&aq=f&aqi=g-vL1&aql=&pbx=1&bav=on.2,or.r_gc.r_pw.r_qf.,cf.osb&biw=4075&bih=550" "Mozilla/5.0 (Windows NT 6.1; WOW64; rv:10.0.1) Gecko/20100101 Firefox/10.0.1"
216.222.35.46 - - [17/Nov/2017:20:52:50 +0000] "GET /category/games HTTP/1.1" 200 114 "-" "Mozilla/5.0 (compatible; MSIE 9.0; Windows NT 6.1; WOW64; Trident/5.0)"
60.27.59.177 - - [17/Nov/2017:20:52:55 +0000] "GET /category/books HTTP/1.1" 200 94 "-" "Mozilla/5.0 (Macintosh; Intel Mac OS X 10.6; rv:9.0.1) Gecko/20100101 Firefox/9.0.1"
208.30.147.227 - - [17/Nov/2017:20:53:00 +0000] "GET /item/electronics/3882 HTTP/1.1" 200 94 "/category/toys" "Mozilla/5.0 (Windows NT 6.1; WOW64) AppleWebKit/535.7 (KHTML, like Gecko) Chrome/16.0.912.77 Safari/535.7"
156.222.94.210 - - [17/Nov/2017:20:53:05 +0000] "GET /item/toys/4220 HTTP/1.1" 200 102 "/category/jewelry" "Mozilla/5.0 (compatible; MSIE 9.0; Windows NT 6.1; WOW64; Trident/5.0)"
72.165.89.172 - - [17/Nov/2017:20:53:10 +0000] "GET /category/office HTTP/1.1" 200 43 "/category/books" "Mozilla/5.0 (Windows NT 6.1; WOW64) AppleWebKit/535.7 (KHTML, like Gecko) Chrome/16.0.912.77 Safari/535.7"
36.198.198.61 - - [17/Nov/2017:20:53:15 +0000] "GET /item/sports/2911 HTTP/1.1" 200 130 "/category/computers" "Mozilla/5.0 (Windows NT 6.0; rv:10.0.1) Gecko/20100101 Firefox/10.0.1"
184.123.73.180 - - [17/Nov/2017:20:53:20 +0000] "GET /category/music?from=20 HTTP/1.1" 200 40 "/category/jewelry" "Mozilla/5.0 (Macintosh; Intel Mac OS X 10.6; rv:9.0.1) Gecko/20100101 Firefox/9.0.1"
160.78.211.42 - - [17/Nov/2017:20:53:25 +0000] "GET /category/electronics HTTP/1.1" 200 72 "-" "Mozilla/5.0 (Windows NT 6.0) AppleWebKit/535.11 (KHTML, like Gecko) Chrome/17.0.963.56 Safari/535.11"
96.108.78.226 - - [17/Nov/2017:20:53:30 +0000] "GET /category/books HTTP/1.1" 200 84 "-" "Mozilla/4.0 (compatible; MSIE 8.0; Windows NT 5.1; Trident/4.0; BTRS122159; GTB7.2; .NET CLR 1.1.4322; .NET CLR 2.0.50727; .NET CLR 3.0.04506.30; .NET CLR 3.0.4506.2152; .NET CLR 3.5.30729; BRI/2)"
44.162.33.184 - - [17/Nov/2017:20:53:35 +0000] "GET /category/office?from=0 HTTP/1.1" 200 93 "/category/office" "Mozilla/5.0 (compatible; MSIE 9.0; Windows NT 6.1; Trident/5.0)"
80.69.198.127 - - [17/Nov/2017:20:53:40 +0000] "GET /category/software HTTP/1.1" 200 109 "-" "Mozilla/5.0 (Macintosh; Intel Mac OS X 10.6; rv:9.0.1) Gecko/20100101 Firefox/9.0.1"
84.150.50.150 - - [17/Nov/2017:20:53:45 +0000] "GET /category/books HTTP/1.1" 200 49 "/search/?c=Electronics+Sports" "Mozilla/5.0 (iPhone; CPU iPhone OS 5_0_1 like Mac OS X) AppleWebKit/534.46 (KHTML, like Gecko) Version/5.1 Mobile/9A405 Safari/7534.48.3"
24.150.142.226 - - [17/Nov/2017:20:53:50 +0000] "GET /category/electronics HTTP/1.1" 200 108 "-" "Mozilla/4.0 (compatible; MSIE 8.0; Windows NT 6.0; WOW64; Trident/4.0; GTB6; SLCC1; .NET CLR 2.0.50727; Media Center PC 5.0; .NET CLR 3.5.30729; .NET CLR 3.0.30618; .NET4.0C)"
136.81.127.192 - - [17/Nov/2017:20:53:55 +0000] "GET /category/software HTTP/1.1" 200 68 "/item/computers/1333" "Mozilla/5.0 (Windows NT 6.1; WOW64) AppleWebKit/535.11 (KHTML, like Gecko) Chrome/17.0.963.56 Safari/535.11"
180.201.91.218 - - [17/Nov/2017:20:54:00 +0000] "GET /category/music HTTP/1.1" 200 46 "-" "Mozilla/5.0 (Windows NT 6.1; WOW64) AppleWebKit/535.11 (KHTML, like Gecko) Chrome/17.0.963.56 Safari/535.11"
208.126.73.169 - - [17/Nov/2017:20:54:05 +0000] "GET /item/computers/3622 HTTP/1.1" 200 110 "-" "Mozilla/5.0 (compatible; MSIE 9.0; Windows NT 6.1; WOW64; Trident/5.0)"
164.228.120.56 - - [17/Nov/2017:20:54:10 +0000] "GET /item/computers/1710 HTTP/1.1" 200 47 "/search/?c=Computers+Jewelry" "Mozilla/5.0 (compatible; Googlebot/2.1; +http://www.google.com/bot.html)"
208.210.156.79 - - [17/Nov/2017:20:54:15 +0000] "GET /category/computers HTTP/1.1" 200 127 "-" "Mozilla/5.0 (compatible; Googlebot/2.1; +http://www.google.com/bot.html)"
212.174.138.139 - - [17/Nov/2017:20:54:20 +0000] "GET /category/software HTTP/1.1" 200 114 "/item/garden/4153" "Mozilla/5.0 (Windows NT 6.0; rv:10.0.1) Gecko/20100101 Firefox/10.0.1"
224.129.127.102 - - [17/Nov/2017:20:54:25 +0000] "GET /item/software/2711 HTTP/1.1" 200 89 "/item/cameras/3741" "Mozilla/5.0 (Windows NT 6.1; WOW64) AppleWebKit/535.7 (KHTML, like Gecko) Chrome/16.0.912.77 Safari/535.7"
36.69.107.106 - - [17/Nov/2017:20:54:30 +0000] "GET /category/electronics HTTP/1.1" 200 95 "http://www.google.com/search?ie=UTF-8&q=google&sclient=psy-ab&q=Electronics+Finance&oq=Electronics+Finance&aq=f&aqi=g-vL1&aql=&pbx=1&bav=on.2,or.r_gc.r_pw.r_qf.,cf.osb&biw=1629&bih=331" "Mozilla/5.0 (Windows NT 6.0; rv:10.0.1) Gecko/20100101 Firefox/10.0.1"
44.198.69.129 - - [17/Nov/2017:20:54:35 +0000] "GET /category/electronics HTTP/1.1" 200 116 "/category/cameras" "Mozilla/5.0 (Windows NT 6.1; WOW64; rv:10.0.1) Gecko/20100101 Firefox/10.0.1"
228.123.64.116 - - [17/Nov/2017:20:54:40 +0000] "GET /item/sports/933 HTTP/1.1" 200 83 "/search/?c=Sports" "Mozilla/5.0 (Windows NT 6.1; WOW64; rv:10.0.1) Gecko/20100101 Firefox/10.0.1"
92.72.135.226 - - [17/Nov/2017:20:54:45 +0000] "POST /search/?c=Garden+Office HTTP/1.1" 200 100 "-" "Mozilla/5.0 (Windows NT 6.0; rv:10.0.1) Gecko/20100101 Firefox/10.0.1"
32.39.91.121 - - [17/Nov/2017:20:54:50 +0000] "GET /item/electronics/3042 HTTP/1.1" 200 45 "/category/electronics" "Mozilla/5.0 (Windows NT 6.0) AppleWebKit/535.11 (KHTML, like Gecko) Chrome/17.0.963.56 Safari/535.11"
220.162.66.229 - - [17/Nov/2017:20:54:55 +0000] "GET /item/giftcards/3166 HTTP/1.1" 200 108 "-" "Mozilla/5.0 (Windows NT 6.0; rv:10.0.1) Gecko/20100101 Firefox/10.0.1"
216.144.153.181 - - [17/Nov/2017:20:55:00 +0000] "GET /item/books/4067 HTTP/1.1" 200 121 "/category/books" "Mozilla/5.0 (Windows NT 6.1; WOW64) AppleWebKit/535.11 (KHTML, like Gecko) Chrome/17.0.963.56 Safari/535.11"
116.174.202.224 - - [17/Nov/2017:20:55:05 +0000] "GET /item/computers/1693 HTTP/1.1" 500 110 "/search/?c=Computers+Electronics" "Mozilla/5.0 (Macintosh; Intel Mac OS X 10.6; rv:9.0.1) Gecko/20100101 Firefox/9.0.1"
224.27.58.174 - - [17/Nov/2017:20:55:10 +0000] "GET /category/office HTTP/1.1" 200 132 "http://www.google.com/search?ie=UTF-8&q=google&sclient=psy-ab&q=Office&oq=Office&aq=f&aqi=g-vL1&aql=&pbx=1&bav=on.2,or.r_gc.r_pw.r_qf.,cf.osb&biw=1918&bih=395" "Mozilla/5.0 (compatible; MSIE 9.0; Windows NT 6.1; Trident/5.0)"
108.171.226.164 - - [17/Nov/2017:20:55:15 +0000] "GET /category/software HTTP/1.1" 200 48 "/category/books" "Mozilla/4.0 (compatible; MSIE 8.0; Windows NT 5.1; Trident/4.0; YTB720; GTB7.2; .NET CLR 1.1.4322; .NET CLR 2.0.50727; .NET CLR 3.0.4506.2152; .NET CLR 3.5.30729)"
60.90.187.169 - - [17/Nov/2017:20:55:20 +0000] "POST /search/?c=Books HTTP/1.1" 200 114 "-" "Mozilla/4.0 (compatible; MSIE 8.0; Windows NT 6.1; Trident/4.0; YTB730; SLCC2; .NET CLR 2.0.50727; .NET CLR 3.5.30729; .NET CLR 3.0.30729; Media Center PC 6.0; .NET4.0C)"
52.216.223.224 - - [17/Nov/2017:20:55:25 +0000] "GET /item/electronics/367 HTTP/1.1" 200 79 "/item/finance/4492" "Mozilla/5.0 (compatible; MSIE 9.0; Windows NT 6.1; WOW64; Trident/5.0)"
56.150.202.109 - - [17/Nov/2017:20:55:30 +0000] "GET /item/electronics/4582 HTTP/1.1" 200 48 "/search/?c=Electronics" "Mozilla/4.0 (compatible; MSIE 8.0; Windows NT 5.1; Trident/4.0; YTB720; GTB7.2; .NET CLR 1.1.4322; .NET CLR 2.0.50727; .NET CLR 3.0.4506.2152; .NET CLR 3.5.30729)"
124.186.126.51 - - [17/Nov/2017:20:55:35 +0000] "POST /search/?c=Electronics+Garden HTTP/1.1" 200 118 "-" "Mozilla/5.0 (Macintosh; Intel Mac OS X 10.6; rv:9.0.1) Gecko/20100101 Firefox/9.0.1"
176.39.95.81 - - [17/Nov/2017:20:55:40 +0000] "GET /category/software HTTP/1.1" 200 114 "/category/office" "Mozilla/5.0 (Windows NT 6.0; rv:10.0.1) Gecko/20100101 Firefox/10.0.1"
24.114.164.152 - - [17/Nov/2017:20:55:45 +0000] "GET /category/games HTTP/1.1" 200 49 "-" "Mozilla/5.0 (Windows NT 6.1; WOW64) AppleWebKit/535.7 (KHTML, like Gecko) Chrome/16.0.912.77 Safari/535.7"
24.57.24.122 - - [17/Nov/2017:20:55:50 +0000] "GET /category/sports HTTP/1.1" 200 48 "-" "Mozilla/4.0 (compatible; MSIE 8.0; Windows NT 6.1; WOW64; Trident/4.0; GTB7.2; SLCC2; .NET CLR 2.0.50727; .NET CLR 3.5.30729; .NET CLR 3.0.30729; Media Center PC 6.0; .NET4.0C)"
152.159.202.129 - - [17/Nov/2017:20:55:55 +0000] "POST /search/?c=Giftcards+Games HTTP/1.1" 200 116 "/search/?c=Jewelry+Games" "Mozilla/5.0 (compatible; Googlebot/2.1; +http://www.google.com/bot.html)"
156.159.223.147 - - [17/Nov/2017:20:56:00 +0000] "GET /item/software/4034 HTTP/1.1" 200 131 "/search/?c=Toys+Toys" "Mozilla/5.0 (Windows NT 6.0; rv:10.0.1) Gecko/20100101 Firefox/10.0.1"
144.51.141.192 - - [17/Nov/2017:20:56:05 +0000] "GET /item/software/85 HTTP/1.1" 200 53 "-" "Mozilla/5.0 (Windows NT 6.0; rv:10.0.1) Gecko/20100101 Firefox/10.0.1"
104.30.165.166 - - [17/Nov/2017:20:56:10 +0000] "GET /item/software/2109 HTTP/1.1" 200 107 "/category/networking?from=10" "Mozilla/4.0 (compatible; MSIE 8.0; Windows NT 6.0; WOW64; Trident/4.0; GTB6; SLCC1; .NET CLR 2.0.50727; Media Center PC 5.0; .NET CLR 3.5.30729; .NET CLR 3.0.30618; .NET4.0C)"
36.51.160.119 - - [17/Nov/2017:20:56:15 +0000] "GET /category/books HTTP/1.1" 200 125 "/category/software" "Mozilla/5.0 (compatible; Googlebot/2.1; +http://www.google.com/bot.html)"
60.192.196.122 - - [17/Nov/2017:20:56:20 +0000] "GET /item/software/2456 HTTP/1.1" 200 77 "/category/software" "Mozilla/5.0 (Windows NT 6.0) AppleWebKit/535.11 (KHTML, like Gecko) Chrome/17.0.963.56 Safari/535.11"
172.186.53.43 - - [17/Nov/2017:20:56:25 +0000] "GET /category/electronics HTTP/1.1" 200 63 "/category/software" "Mozilla/5.0 (compatible; MSIE 9.0; Windows NT 6.1; Trident/5.0)"
112.66.219.85 - - [17/Nov/2017:20:56:30 +0000] "GET /category/software HTTP/1.1" 200 126 "/category/books?from=10" "Mozilla/5.0 (Windows NT 5.1) AppleWebKit/535.11 (KHTML, like Gecko) Chrome/17.0.963.46 Safari/535.11"
32.189.72.176 - - [17/Nov/2017:20:56:35 +0000] "GET /category/books HTTP/1.1" 200 89 "-" "Mozilla/4.0 (compatible; MSIE 8.0; Windows NT 6.0; WOW64; Trident/4.0; GTB6; SLCC1; .NET CLR 2.0.50727; Media Center PC 5.0; .NET CLR 3.5.30729; .NET CLR 3.0.30618; .NET4.0C)"
108.159.46.114 - - [17/Nov/2017:20:56:40 +0000] "GET /category/software HTTP/1.1" 200 85 "/category/electronics" "Mozilla/5.0 (Windows NT 6.1; WOW64) AppleWebKit/535.11 (KHTML, like Gecko) Chrome/17.0.963.56 Safari/535.11"
28.165.95.144 - - [17/Nov/2017:20:56:45 +0000] "GET /category/games HTTP/1.1" 200 138 "-" "Mozilla/5.0 (compatible; MSIE 9.0; Windows NT 6.1; Trident/5.0)"
192.24.229.108 - - [17/Nov/2017:20:56:50 +0000] "GET /category/jewelry HTTP/1.1" 200 107 "/search/?c=Giftcards+Garden" "Mozilla/5.0 (Windows NT 6.0; rv:10.0.1) Gecko/20100101 Firefox/10.0.1"
100.54.117.195 - - [17/Nov/2017:20:56:55 +0000] "GET /item/office/4792 HTTP/1.1" 200 56 "-" "Mozilla/5.0 (compatible; MSIE 9.0; Windows NT 6.1; Trident/5.0)"
80.123.121.100 - - [17/Nov/2017:20:57:00 +0000] "GET /item/health/1983 HTTP/1.1" 200 59 "http://www.google.com/search?ie=UTF-8&q=google&sclient=psy-ab&q=Health&oq=Health&aq=f&aqi=g-vL1&aql=&pbx=1&bav=on.2,or.r_gc.r_pw.r_qf.,cf.osb&biw=1126&bih=56" "Mozilla/5.0 (Windows NT 6.0; rv:10.0.1) Gecko/20100101 Firefox/10.0.1"
112.66.219.85 - - [17/Nov/2017:20:57:05 +0000] "GET /item/electronics/3972 HTTP/1.1" 200 114 "/category/sports" "Mozilla/5.0 (Windows NT 5.1) AppleWebKit/535.11 (KHTML, like Gecko) Chrome/17.0.963.46 Safari/535.11"
140.72.79.22 - - [17/Nov/2017:20:57:10 +0000] "GET /category/software HTTP/1.1" 200 104 "/category/software" "Mozilla/5.0 (Windows NT 6.1; WOW64; rv:10.0.1) Gecko/20100101 Firefox/10.0.1"
164.126.158.215 - - [17/Nov/2017:20:57:15 +0000] "GET /item/software/2699 HTTP/1.1" 200 50 "/category/software" "Mozilla/4.0 (compatible; MSIE 8.0; Windows NT 6.1; WOW64; Trident/4.0; GTB7.2; SLCC2; .NET CLR 2.0.50727; .NET CLR 3.5.30729; .NET CLR 3.0.30729; Media Center PC 6.0; .NET4.0C)"
84.153.168.36 - - [17/Nov/2017:20:57:20 +0000] "POST /search/?c=Cameras+Office HTTP/1.1" 200 71 "/category/computers" "Mozilla/4.0 (compatible; MSIE 8.0; Windows NT 6.1; WOW64; Trident/4.0; GTB7.2; SLCC2; .NET CLR 2.0.50727; .NET CLR 3.5.30729; .NET CLR 3.0.30729; Media Center PC 6.0; .NET4.0C)"
120.189.102.122 - - [17/Nov/2017:20:57:25 +0000] "GET /category/giftcards HTTP/1.1" 200 60 "/category/finance" "Mozilla/4.0 (compatible; MSIE 8.0; Windows NT 6.1; WOW64; Trident/4.0; GTB7.2; SLCC2; .NET CLR 2.0.50727; .NET CLR 3.5.30729; .NET CLR 3.0.30729; Media Center PC 6.0; .NET4.0C)"
124.186.126.51 - - [17/Nov/2017:20:57:30 +0000] "GET /category/garden HTTP/1.1" 200 117 "/category/electronics?from=10" "Mozilla/5.0 (Windows NT 6.1; WOW64; rv:10.0.1) Gecko/20100101 Firefox/10.0.1"
148.63.165.61 - - [17/Nov/2017:20:57:35 +0000] "GET /item/software/2456 HTTP/1.1" 200 77 "/search/?c=Software+Books" "Mozilla/5.0 (Macintosh; Intel Mac OS X 10.6; rv:9.0.1) Gecko/20100101 Firefox/9.0.1"
188.21.107.76 - - [17/Nov/2017:20:57:40 +0000] "GET /category/electronics?from=0 HTTP/1.1" 200 71 "/item/electronics/1270" "Mozilla/5.0 (Windows NT 6.1; WOW64) AppleWebKit/535.7 (KHTML, like Gecko) Chrome/16.0.912.77 Safari/535.7"
116.210.150.60 - - [17/Nov/2017:20:57:45 +0000] "GET /category/games HTTP/1.1" 200 137 "-" "Mozilla/5.0 (compatible; MSIE 9.0; Windows NT 6.1; WOW64; Trident/5.0)"
204.162.54.90 - - [17/Nov/2017:20:57:50 +0000] "GET /category/garden?from=20 HTTP/1.1" 200 69 "/category/office" "Mozilla/5.0 (compatible; Googlebot/2.1; +http://www.google.com/bot.html)"
204.156.85.164 - - [17/Nov/2017:20:57:55 +0000] "GET /category/electronics HTTP/1.1" 200 67 "/category/software" "Mozilla/5.0 (Windows NT 6.1; WOW64; rv:10.0.1) Gecko/20100101 Firefox/10.0.1"
128.72.102.177 - - [17/Nov/2017:20:58:00 +0000] "POST /search/?c=Software HTTP/1.1" 200 61 "-" "Mozilla/5.0 (compatible; MSIE 9.0; Windows NT 6.1; Trident/5.0)"
164.27.150.182 - - [17/Nov/2017:20:58:05 +0000] "GET /item/books/515 HTTP/1.1" 200 124 "/category/health" "Mozilla/5.0 (compatible; MSIE 9.0; Windows NT 6.1; WOW64; Trident/5.0)"
160.111.20.54 - - [17/Nov/2017:20:58:10 +0000] "GET /item/electronics/2972 HTTP/1.1" 200 130 "/category/office" "Mozilla/5.0 (Macintosh; Intel Mac OS X 10.6; rv:9.0.1) Gecko/20100101 Firefox/9.0.1"
72.216.45.153 - - [17/Nov/2017:20:58:15 +0000] "GET /item/electronics/1911 HTTP/1.1" 200 122 "http://www.google.com/search?ie=UTF-8&q=google&sclient=psy-ab&q=Electronics+Electronics&oq=Electronics+Electronics&aq=f&aqi=g-vL1&aql=&pbx=1&bav=on.2,or.r_gc.r_pw.r_qf.,cf.osb&biw=1377&bih=197" "Mozilla/4.0 (compatible; MSIE 8.0; Windows NT 6.1; Trident/4.0; YTB730; SLCC2; .NET CLR 2.0.50727; .NET CLR 3.5.30729; .NET CLR 3.0.30729; Media Center PC 6.0; .NET4.0C)"
180.183.221.119 - - [17/Nov/2017:20:58:20 +0000] "GET /item/software/1546 HTTP/1.1" 200 45 "/category/cameras?from=20" "Mozilla/4.0 (compatible; MSIE 8.0; Windows NT 5.1; Trident/4.0; YTB720; GTB7.2; .NET CLR 1.1.4322; .NET CLR 2.0.50727; .NET CLR 3.0.4506.2152; .NET CLR 3.5.30729)"
140.63.197.40 - - [17/Nov/2017:20:58:25 +0000] "POST /search/?c=Software+Books HTTP/1.1" 200 79 "-" "Mozilla/5.0 (Windows NT 6.0) AppleWebKit/535.11 (KHTML, like Gecko) Chrome/17.0.963.56 Safari/535.11"
180.69.110.215 - - [17/Nov/2017:20:58:30 +0000] "GET /item/music/1232 HTTP/1.1" 200 62 "/category/software" "Mozilla/5.0 (iPhone; CPU iPhone OS 5_0_1 like Mac OS X) AppleWebKit/534.46 (KHTML, like Gecko) Version/5.1 Mobile/9A405 Safari/7534.48.3"
212.189.191.81 - - [17/Nov/2017:20:58:35 +0000] "GET /category/software HTTP/1.1" 200 79 "/search/?c=Giftcards" "Mozilla/4.0 (compatible; MSIE 8.0; Windows NT 6.1; Trident/4.0; YTB730; SLCC2; .NET CLR 2.0.50727; .NET CLR 3.5.30729; .NET CLR 3.0.30729; Media Center PC 6.0; .NET4.0C)"
148.57.150.184 - - [17/Nov/2017:20:58:40 +0000] "GET /category/music HTTP/1.1" 200 82 "-" "Mozilla/5.0 (compatible; Googlebot/2.1; +http://www.google.com/bot.html)"
44.123.149.113 - - [17/Nov/2017:20:58:45 +0000] "POST /search/?c=Cameras HTTP/1.1" 200 132 "/item/books/3877" "Mozilla/5.0 (iPad; CPU OS 5_0_1 like Mac OS X) AppleWebKit/534.46 (KHTML, like Gecko) Version/5.1 Mobile/9A405 Safari/7534.48.3"
152.129.164.95 - - [17/Nov/2017:20:58:50 +0000] "GET /item/health/3590 HTTP/1.1" 200 95 "/search/?c=Health+Software" "Mozilla/5.0 (compatible; MSIE 9.0; Windows NT 6.1; Trident/5.0)"
60.195.75.126 - - [17/Nov/2017:20:58:55 +0000] "GET /category/office HTTP/1.1" 200 68 "-" "Mozilla/5.0 (Macintosh; Intel Mac OS X 10.6; rv:9.0.1) Gecko/20100101 Firefox/9.0.1"
84.117.111.177 - - [17/Nov/2017:20:59:00 +0000] "GET /category/games HTTP/1.1" 200 135 "-" "Mozilla/5.0 (Windows NT 6.0) AppleWebKit/535.11 (KHTML, like Gecko) Chrome/17.0.963.56 Safari/535.11"
140.63.80.89 - - [17/Nov/2017:20:59:05 +0000] "GET /category/games HTTP/1.1" 200 99 "/category/games" "Mozilla/5.0 (Windows NT 6.1; WOW64) AppleWebKit/535.7 (KHTML, like Gecko) Chrome/16.0.912.77 Safari/535.7"
180.150.61.142 - - [17/Nov/2017:20:59:10 +0000] "GET /category/books HTTP/1.1" 200 83 "/category/office" "Mozilla/4.0 (compatible; MSIE 8.0; Windows NT 6.1; WOW64; Trident/4.0; GTB7.2; SLCC2; .NET CLR 2.0.50727; .NET CLR 3.5.30729; .NET CLR 3.0.30729; Media Center PC 6.0; .NET4.0C)"
224.189.104.73 - - [17/Nov/2017:20:59:15 +0000] "GET /item/giftcards/4236 HTTP/1.1" 200 71 "/search/?c=Giftcards" "Mozilla/5.0 (Windows NT 6.1; WOW64) AppleWebKit/535.11 (KHTML, like Gecko) Chrome/17.0.963.56 Safari/535.11"
56.150.202.109 - - [17/Nov/2017:20:59:20 +0000] "GET /category/electronics?from=0 HTTP/1.1" 200 71 "/category/electronics" "Mozilla/4.0 (compatible; MSIE 8.0; Windows NT 5.1; Trident/4.0; YTB720; GTB7.2; .NET CLR 1.1.4322; .NET CLR 2.0.50727; .NET CLR 3.0.4506.2152; .NET CLR 3.5.30729)"
204.219.223.54 - - [17/Nov/2017:20:59:25 +0000] "GET /item/software/1323 HTTP/1.1" 200 74 "/search/?c=Office+Office" "Mozilla/5.0 (Windows NT 6.1; WOW64) AppleWebKit/535.7 (KHTML, like Gecko) Chrome/16.0.912.77 Safari/535.7"
40.126.194.206 - - [17/Nov/2017:20:59:30 +0000] "GET /category/finance HTTP/1.1" 200 76 "/item/garden/3631" "Mozilla/5.0 (compatible; Googlebot/2.1; +http://www.google.com/bot.html)"
32.99.62.111 - - [17/Nov/2017:20:59:35 +0000] "GET /item/health/3601 HTTP/1.1" 200 64 "-" "Mozilla/5.0 (Windows NT 6.1; WOW64; rv:10.0.1) Gecko/20100101 Firefox/10.0.1"
64.102.84.121 - - [17/Nov/2017:20:59:40 +0000] "GET /category/software HTTP/1.1" 200 129 "/category/cameras?from=20" "Mozilla/5.0 (Windows NT 5.1) AppleWebKit/535.11 (KHTML, like Gecko) Chrome/17.0.963.46 Safari/535.11"
176.171.208.90 - - [17/Nov/2017:20:59:45 +0000] "GET /category/games?from=0 HTTP/1.1" 200 124 "/category/games" "Mozilla/5.0 (Windows NT 6.0; rv:10.0.1) Gecko/20100101 Firefox/10.0.1"
100.192.67.188 - - [17/Nov/2017:20:59:50 +0000] "GET /category/games HTTP/1.1" 200 91 "/category/finance" "Mozilla/5.0 (Windows NT 6.0; rv:10.0.1) Gecko/20100101 Firefox/10.0.1"
24.162.227.115 - - [17/Nov/2017:20:59:55 +0000] "GET /item/electronics/3574 HTTP/1.1" 200 77 "/category/electronics" "Mozilla/5.0 (Windows NT 6.0; rv:10.0.1) Gecko/20100101 Firefox/10.0.1"
80.57.31.216 - - [17/Nov/2017:21:00:00 +0000] "GET /category/networking?from=10 HTTP/1.1" 200 127 "-" "Mozilla/5.0 (Windows NT 6.1; WOW64) AppleWebKit/535.7 (KHTML, like Gecko) Chrome/16.0.912.77 Safari/535.7"
196.195.42.66 - - [17/Nov/2017:21:00:05 +0000] "GET /category/electronics HTTP/1.1" 200 113 "-" "Mozilla/5.0 (compatible; MSIE 9.0; Windows NT 6.1; WOW64; Trident/5.0)"
188.198.226.23 - - [17/Nov/2017:21:00:10 +0000] "POST /search/?c=Books+Giftcards HTTP/1.1" 200 69 "-" "Mozilla/5.0 (compatible; MSIE 9.0; Windows NT 6.1; WOW64; Trident/5.0)"
108.150.20.229 - - [17/Nov/2017:21:00:15 +0000] "GET /item/electronics/450 HTTP/1.1" 200 123 "-" "Mozilla/5.0 (Windows NT 6.0; rv:10.0.1) Gecko/20100101 Firefox/10.0.1"
24.48.22.162 - - [17/Nov/2017:21:00:20 +0000] "POST /search/?c=Electronics HTTP/1.1" 200 69 "/category/books" "Mozilla/4.0 (compatible; MSIE 8.0; Windows NT 5.1; Trident/4.0; BTRS122159; GTB7.2; .NET CLR 1.1.4322; .NET CLR 2.0.50727; .NET CLR 3.0.04506.30; .NET CLR 3.0.4506.2152; .NET CLR 3.5.30729; BRI/2)"
20.135.151.124 - - [17/Nov/2017:21:00:25 +0000] "GET /item/electronics/695 HTTP/1.1" 200 125 "/item/garden/4052" "Mozilla/5.0 (Windows NT 6.1; WOW64; rv:10.0.1) Gecko/20100101 Firefox/10.0.1"
60.51.108.129 - - [17/Nov/2017:21:00:30 +0000] "GET /item/giftcards/905 HTTP/1.1" 200 94 "/category/giftcards" "Mozilla/5.0 (Macintosh; Intel Mac OS X 10.6; rv:9.0.1) Gecko/20100101 Firefox/9.0.1"
124.135.65.135 - - [17/Nov/2017:21:00:35 +0000] "GET /item/software/3586 HTTP/1.1" 200 111 "/item/electronics/681" "Mozilla/4.0 (compatible; MSIE 8.0; Windows NT 6.1; Trident/4.0; YTB730; SLCC2; .NET CLR 2.0.50727; .NET CLR 3.5.30729; .NET CLR 3.0.30729; Media Center PC 6.0; .NET4.0C)"
216.111.181.162 - - [17/Nov/2017:21:00:40 +0000] "GET /category/games HTTP/1.1" 200 88 "/search/?c=Electronics+Software" "Mozilla/5.0 (compatible; MSIE 9.0; Windows NT 6.1; WOW64; Trident/5.0)"
80.96.105.54 - - [17/Nov/2017:21:00:45 +0000] "GET /category/books HTTP/1.1" 200 94 "-" "Mozilla/5.0 (Windows NT 6.1; WOW64) AppleWebKit/535.7 (KHTML, like Gecko) Chrome/16.0.912.77 Safari/535.7"
28.21.175.63 - - [17/Nov/2017:21:00:50 +0000] "GET /category/office HTTP/1.1" 200 46 "-" "Mozilla/5.0 (compatible; MSIE 9.0; Windows NT 6.1; WOW64; Trident/5.0)"
216.138.190.49 - - [17/Nov/2017:21:00:55 +0000] "GET /item/giftcards/4757 HTTP/1.1" 200 102 "/category/electronics" "Mozilla/5.0 (iPhone; CPU iPhone OS 5_0_1 like Mac OS X) AppleWebKit/534.46 (KHTML, like Gecko) Version/5.1 Mobile/9A405 Safari/7534.48.3"
180.54.65.44 - - [17/Nov/2017:21:01:00 +0000] "GET /category/books HTTP/1.1" 200 84 "/category/software?from=0" "Mozilla/5.0 (Windows NT 6.1; WOW64) AppleWebKit/535.11 (KHTML, like Gecko) Chrome/17.0.963.56 Safari/535.11"
180.153.208.26 - - [17/Nov/2017:21:01:05 +0000] "GET /category/cameras HTTP/1.1" 200 106 "/category/giftcards" "Mozilla/4.0 (compatible; MSIE 8.0; Windows NT 6.1; WOW64; Trident/4.0; YTB730; GTB7.2; EasyBits GO v1.0; SLCC2; .NET CLR 2.0.50727; .NET CLR 3.5.30729; .NET CLR 3.0.30729; Media Center PC 6.0; .NET4.0C)"
136.165.204.44 - - [17/Nov/2017:21:01:10 +0000] "POST /search/?c=Electronics+Software HTTP/1.1" 200 77 "-" "Mozilla/5.0 (Windows NT 6.1; WOW64; rv:10.0.1) Gecko/20100101 Firefox/10.0.1"
72.111.113.84 - - [17/Nov/2017:21:01:15 +0000] "GET /category/electronics?from=10 HTTP/1.1" 200 119 "/item/software/1831" "Mozilla/5.0 (iPad; CPU OS 5_0_1 like Mac OS X) AppleWebKit/534.46 (KHTML, like Gecko) Version/5.1 Mobile/9A405 Safari/7534.48.3"
40.195.97.189 - - [17/Nov/2017:21:01:20 +0000] "POST /search/?c=Books+Electronics HTTP/1.1" 200 79 "-" "Mozilla/4.0 (compatible; MSIE 8.0; Windows NT 6.1; Trident/4.0; YTB730; SLCC2; .NET CLR 2.0.50727; .NET CLR 3.5.30729; .NET CLR 3.0.30729; Media Center PC 6.0; .NET4.0C)"
64.24.130.157 - - [17/Nov/2017:21:01:25 +0000] "POST /search/?c=Books+Health HTTP/1.1" 200 114 "/search/?c=Garden" "Mozilla/4.0 (compatible; MSIE 8.0; Windows NT 6.1; WOW64; Trident/4.0; YTB730; GTB7.2; EasyBits GO v1.0; SLCC2; .NET CLR 2.0.50727; .NET CLR 3.5.30729; .NET CLR 3.0.30729; Media Center PC 6.0; .NET4.0C)"
44.189.22.22 - - [17/Nov/2017:21:01:30 +0000] "GET /category/finance HTTP/1.1" 200 122 "-" "Mozilla/5.0 (Windows NT 6.1; WOW64) AppleWebKit/535.7 (KHTML, like Gecko) Chrome/16.0.912.77 Safari/535.7"
192.90.171.212 - - [17/Nov/2017:21:01:35 +0000] "GET /category/electronics HTTP/1.1" 200 44 "/category/networking" "Mozilla/5.0 (Windows NT 6.1; WOW64) AppleWebKit/535.11 (KHTML, like Gecko) Chrome/17.0.963.56 Safari/535.11"
68.24.152.91 - - [17/Nov/2017:21:01:40 +0000] "GET /item/games/3422 HTTP/1.1" 200 88 "-" "Mozilla/4.0 (compatible; MSIE 8.0; Windows NT 5.1; Trident/4.0; BTRS122159; GTB7.2; .NET CLR 1.1.4322; .NET CLR 2.0.50727; .NET CLR 3.0.04506.30; .NET CLR 3.0.4506.2152; .NET CLR 3.5.30729; BRI/2)"
88.216.133.209 - - [17/Nov/2017:21:01:45 +0000] "GET /category/jewelry HTTP/1.1" 200 77 "-" "Mozilla/5.0 (Windows NT 6.0; rv:10.0.1) Gecko/20100101 Firefox/10.0.1"
164.135.96.20 - - [17/Nov/2017:21:01:50 +0000] "GET /item/electronics/4807 HTTP/1.1" 200 121 "/category/games" "Mozilla/5.0 (Windows NT 6.1; WOW64) AppleWebKit/535.11 (KHTML, like Gecko) Chrome/17.0.963.56 Safari/535.11"
84.216.40.211 - - [17/Nov/2017:21:01:55 +0000] "GET /item/computers/1693 HTTP/1.1" 200 110 "-" "Mozilla/5.0 (Windows NT 6.1; WOW64) AppleWebKit/535.7 (KHTML, like Gecko) Chrome/16.0.912.77 Safari/535.7"
36.144.139.176 - - [17/Nov/2017:21:02:00 +0000] "POST /search/?c=Games HTTP/1.1" 200 48 "/search/?c=Games+Electronics" "Mozilla/5.0 (Windows NT 6.1; WOW64) AppleWebKit/535.11 (KHTML, like Gecko) Chrome/17.0.963.56 Safari/535.11"
100.150.67.191 - - [17/Nov/2017:21:02:05 +0000] "GET /category/electronics HTTP/1.1" 200 115 "/category/toys?from=20" "Mozilla/5.0 (Macintosh; Intel Mac OS X 10.6; rv:9.0.1) Gecko/20100101 Firefox/9.0.1"
76.153.22.87 - - [17/Nov/2017:21:02:10 +0000] "POST /search/?c=Games+Office HTTP/1.1" 200 72 "-" "Mozilla/4.0 (compatible; MSIE 8.0; Windows NT 6.1; WOW64; Trident/4.0; YTB730; GTB7.2; SLCC2; .NET CLR 2.0.50727; .NET CLR 3.5.30729; .NET CLR 3.0.30729; .NET4.0C; .NET4.0E; Media Center PC 6.0)"
164.45.62.175 - - [17/Nov/2017:21:02:15 +0000] "GET /item/giftcards/119 HTTP/1.1" 200 93 "/category/giftcards" "Mozilla/5.0 (Windows NT 6.0; rv:10.0.1) Gecko/20100101 Firefox/10.0.1"
216.84.184.134 - - [17/Nov/2017:21:02:20 +0000] "GET /category/computers HTTP/1.1" 200 131 "/category/software" "Mozilla/5.0 (Windows NT 6.1; WOW64) AppleWebKit/535.11 (KHTML, like Gecko) Chrome/17.0.963.56 Safari/535.11"
100.171.120.84 - - [17/Nov/2017:21:02:25 +0000] "GET /category/books HTTP/1.1" 200 41 "-" "Mozilla/5.0 (compatible; Googlebot/2.1; +http://www.google.com/bot.html)"
108.150.20.229 - - [17/Nov/2017:21:02:30 +0000] "GET /item/electronics/3298 HTTP/1.1" 200 93 "-" "Mozilla/5.0 (Windows NT 6.0; rv:10.0.1) Gecko/20100101 Firefox/10.0.1"
168.195.25.139 - - [17/Nov/2017:21:02:35 +0000] "GET /item/books/3336 HTTP/1.1" 200 88 "-" "Mozilla/5.0 (Macintosh; Intel Mac OS X 10.6; rv:9.0.1) Gecko/20100101 Firefox/9.0.1"
84.108.138.186 - - [17/Nov/2017:21:02:40 +0000] "GET /category/software HTTP/1.1" 200 81 "/item/software/3887" "Mozilla/4.0 (compatible; MSIE 8.0; Windows NT 6.0; WOW64; Trident/4.0; GTB6; SLCC1; .NET CLR 2.0.50727; Media Center PC 5.0; .NET CLR 3.5.30729; .NET CLR 3.0.30618; .NET4.0C)"
144.159.198.187 - - [17/Nov/2017:21:02:45 +0000] "GET /item/software/2109 HTTP/1.1" 200 107 "/category/garden" "Mozilla/4.0 (compatible; MSIE 8.0; Windows NT 6.1; WOW64; Trident/4.0; GTB7.2; SLCC2; .NET CLR 2.0.50727; .NET CLR 3.5.30729; .NET CLR 3.0.30729; Media Center PC 6.0; .NET4.0C)"
224.159.219.206 - - [17/Nov/2017:21:02:50 +0000] "GET /category/electronics HTTP/1.1" 200 79 "-" "Mozilla/5.0 (compatible; MSIE 9.0; Windows NT 6.1; Trident/5.0)"
192.213.30.56 - - [17/Nov/2017:21:02:55 +0000] "GET /category/cameras?from=20 HTTP/1.1" 200 133 "/item/electronics/1911" "Mozilla/5.0 (Macintosh; Intel Mac OS X 10.6; rv:9.0.1) Gecko/20100101 Firefox/9.0.1"
76.222.22.161 - - [17/Nov/2017:21:03:00 +0000] "GET /category/cameras?from=20 HTTP/1.1" 200 133 "/search/?c=Cameras" "Mozilla/5.0 (Windows NT 6.1; WOW64; rv:10.0.1) Gecko/20100101 Firefox/10.0.1"
196.138.160.145 - - [17/Nov/2017:21:03:05 +0000] "GET /category/electronics HTTP/1.1" 200 108 "-" "Mozilla/5.0 (Windows NT 6.0; rv:10.0.1) Gecko/20100101 Firefox/10.0.1"
172.201.30.205 - - [17/Nov/2017:21:03:10 +0000] "GET /category/music HTTP/1.1" 200 54 "http://www.google.com/search?ie=UTF-8&q=google&sclient=psy-ab&q=Music+Music&oq=Music+Music&aq=f&aqi=g-vL1&aql=&pbx=1&bav=on.2,or.r_gc.r_pw.r_qf.,cf.osb&biw=3038&bih=7" "Mozilla/5.0 (compatible; MSIE 9.0; Windows NT 6.1; WOW64; Trident/5.0)"
64.207.189.196 - - [17/Nov/2017:21:03:15 +0000] "GET /category/games HTTP/1.1" 200 49 "/category/finance" "Mozilla/4.0 (compatible; MSIE 8.0; Windows NT 5.1; Trident/4.0; YTB720; GTB7.2; .NET CLR 1.1.4322; .NET CLR 2.0.50727; .NET CLR 3.0.4506.2152; .NET CLR 3.5.30729)"
52.93.144.151 - - [17/Nov/2017:21:03:20 +0000] "GET /category/games HTTP/1.1" 200 115 "-" "Mozilla/4.0 (compatible; MSIE 8.0; Windows NT 6.0; WOW64; Trident/4.0; GTB6; SLCC1; .NET CLR 2.0.50727; Media Center PC 5.0; .NET CLR 3.5.30729; .NET CLR 3.0.30618; .NET4.0C)"
144.21.111.211 - - [17/Nov/2017:21:03:25 +0000] "POST /search/?c=Health HTTP/1.1" 200 102 "/category/electronics" "Mozilla/4.0 (compatible; MSIE 8.0; Windows NT 6.1; WOW64; Trident/4.0; GTB7.2; SLCC2; .NET CLR 2.0.50727; .NET CLR 3.5.30729; .NET CLR 3.0.30729; Media Center PC 6.0; .NET4.0C)"
88.123.35.97 - - [17/Nov/2017:21:03:30 +0000] "GET /category/health HTTP/1.1" 200 104 "/item/games/2779" "Mozilla/5.0 (Macintosh; Intel Mac OS X 10.6; rv:9.0.1) Gecko/20100101 Firefox/9.0.1"
68.225.106.184 - - [17/Nov/2017:21:03:35 +0000] "GET /category/games HTTP/1.1" 200 88 "/item/electronics/4574" "Mozilla/5.0 (compatible; MSIE 9.0; Windows NT 6.1; WOW64; Trident/5.0)"
192.108.192.88 - - [17/Nov/2017:21:03:40 +0000] "GET /category/music HTTP/1.1" 200 84 "/category/software" "Mozilla/5.0 (Macintosh; Intel Mac OS X 10.6; rv:9.0.1) Gecko/20100101 Firefox/9.0.1"
96.195.97.48 - - [17/Nov/2017:21:03:45 +0000] "GET /item/electronics/2653 HTTP/1.1" 200 139 "/item/computers/4182" "Mozilla/5.0 (compatible; MSIE 9.0; Windows NT 6.1; Trident/5.0)"
144.225.225.182 - - [17/Nov/2017:21:03:50 +0000] "GET /category/software HTTP/1.1" 200 119 "/item/games/918" "Mozilla/5.0 (Macintosh; Intel Mac OS X 10.6; rv:9.0.1) Gecko/20100101 Firefox/9.0.1"
40.126.128.141 - - [17/Nov/2017:21:03:55 +0000] "GET /category/electronics?from=20 HTTP/1.1" 200 45 "-" "Mozilla/5.0 (Windows NT 6.1; WOW64; rv:10.0.1) Gecko/20100101 Firefox/10.0.1"
128.39.75.36 - - [17/Nov/2017:21:04:00 +0000] "GET /item/cameras/2822 HTTP/1.1" 200 131 "/category/software" "Mozilla/4.0 (compatible; MSIE 8.0; Windows NT 6.0; WOW64; Trident/4.0; GTB6; SLCC1; .NET CLR 2.0.50727; Media Center PC 5.0; .NET CLR 3.5.30729; .NET CLR 3.0.30618; .NET4.0C)"
28.63.225.191 - - [17/Nov/2017:21:04:05 +0000] "GET /item/electronics/4041 HTTP/1.1" 200 42 "/category/electronics" "Mozilla/4.0 (compatible; MSIE 8.0; Windows NT 5.1; Trident/4.0; YTB720; GTB7.2; .NET CLR 1.1.4322; .NET CLR 2.0.50727; .NET CLR 3.0.4506.2152; .NET CLR 3.5.30729)"
80.162.143.170 - - [17/Nov/2017:21:04:10 +0000] "GET /item/games/2268 HTTP/1.1" 200 100 "-" "Mozilla/5.0 (Macintosh; Intel Mac OS X 10.6; rv:9.0.1) Gecko/20100101 Firefox/9.0.1"
172.186.101.199 - - [17/Nov/2017:21:04:15 +0000] "GET /item/giftcards/4032 HTTP/1.1" 200 122 "/category/office?from=0" "Mozilla/5.0 (iPad; CPU OS 5_0_1 like Mac OS X) AppleWebKit/534.46 (KHTML, like Gecko) Version/5.1 Mobile/9A405 Safari/7534.48.3"
148.66.143.65 - - [17/Nov/2017:21:04:20 +0000] "GET /category/cameras HTTP/1.1" 200 77 "/category/networking" "Mozilla/5.0 (compatible; Googlebot/2.1; +http://www.google.com/bot.html)"
208.126.73.169 - - [17/Nov/2017:21:04:25 +0000] "GET /category/electronics HTTP/1.1" 200 119 "-" "Mozilla/5.0 (iPad; CPU OS 5_0_1 like Mac OS X) AppleWebKit/534.46 (KHTML, like Gecko) Version/5.1 Mobile/9A405 Safari/7534.48.3"
60.123.32.130 - - [17/Nov/2017:21:04:30 +0000] "GET /category/electronics HTTP/1.1" 200 42 "/search/?c=Games+Electronics" "Mozilla/5.0 (Macintosh; Intel Mac OS X 10.6; rv:9.0.1) Gecko/20100101 Firefox/9.0.1"
80.39.194.34 - - [17/Nov/2017:21:04:35 +0000] "GET /category/games HTTP/1.1" 200 86 "/category/electronics" "Mozilla/5.0 (Windows NT 6.0) AppleWebKit/535.11 (KHTML, like Gecko) Chrome/17.0.963.56 Safari/535.11"
172.186.119.42 - - [17/Nov/2017:21:04:40 +0000] "GET /item/toys/4220 HTTP/1.1" 200 102 "-" "Mozilla/5.0 (compatible; MSIE 9.0; Windows NT 6.1; Trident/5.0)"
60.126.127.74 - - [17/Nov/2017:21:04:45 +0000] "GET /category/health?from=10 HTTP/1.1" 200 89 "/category/software" "Mozilla/5.0 (Windows NT 5.1) AppleWebKit/535.11 (KHTML, like Gecko) Chrome/17.0.963.46 Safari/535.11"
40.126.128.141 - - [17/Nov/2017:21:04:50 +0000] "GET /category/sports HTTP/1.1" 200 59 "/item/software/530" "Mozilla/5.0 (compatible; Googlebot/2.1; +http://www.google.com/bot.html)"
84.225.150.149 - - [17/Nov/2017:21:04:55 +0000] "GET /category/office HTTP/1.1" 200 96 "-" "Mozilla/5.0 (Macintosh; Intel Mac OS X 10.6; rv:9.0.1) Gecko/20100101 Firefox/9.0.1"
204.60.81.51 - - [17/Nov/2017:21:05:00 +0000] "GET /item/jewelry/1473 HTTP/1.1" 200 48 "/search/?c=Jewelry+Electronics" "Mozilla/5.0 (Windows NT 6.0; rv:10.0.1) Gecko/20100101 Firefox/10.0.1"
144.210.145.43 - - [17/Nov/2017:21:05:05 +0000] "GET /category/garden HTTP/1.1" 200 114 "-" "Mozilla/5.0 (Windows NT 6.1; WOW64) AppleWebKit/535.11 (KHTML, like Gecko) Chrome/17.0.963.56 Safari/535.11"
140.138.221.130 - - [17/Nov/2017:21:05:10 +0000] "GET /category/books HTTP/1.1" 200 136 "-" "Mozilla/5.0 (Windows NT 6.1; WOW64; rv:10.0.1) Gecko/20100101 Firefox/10.0.1"
20.180.93.217 - - [17/Nov/2017:21:05:15 +0000] "GET /category/office HTTP/1.1" 200 71 "/search/?c=Giftcards+Garden" "Mozilla/4.0 (compatible; MSIE 8.0; Windows NT 6.1; WOW64; Trident/4.0; YTB730; GTB7.2; SLCC2; .NET CLR 2.0.50727; .NET CLR 3.5.30729; .NET CLR 3.0.30729; .NET4.0C; .NET4.0E; Media Center PC 6.0)"
212.174.138.139 - - [17/Nov/2017:21:05:20 +0000] "GET /item/toys/1733 HTTP/1.1" 200 117 "http://www.google.com/search?ie=UTF-8&q=google&sclient=psy-ab&q=Toys+Jewelry&oq=Toys+Jewelry&aq=f&aqi=g-vL1&aql=&pbx=1&bav=on.2,or.r_gc.r_pw.r_qf.,cf.osb&biw=4722&bih=558" "Mozilla/5.0 (Macintosh; Intel Mac OS X 10.6; rv:9.0.1) Gecko/20100101 Firefox/9.0.1"
168.60.226.215 - - [17/Nov/2017:21:05:25 +0000] "GET /category/games HTTP/1.1" 200 135 "/category/cameras" "Mozilla/4.0 (compatible; MSIE 8.0; Windows NT 6.1; Trident/4.0; YTB730; SLCC2; .NET CLR 2.0.50727; .NET CLR 3.5.30729; .NET CLR 3.0.30729; Media Center PC 6.0; .NET4.0C)"
44.36.71.120 - - [17/Nov/2017:21:05:30 +0000] "GET /category/health HTTP/1.1" 200 79 "-" "Mozilla/5.0 (Windows NT 6.0; rv:10.0.1) Gecko/20100101 Firefox/10.0.1"
132.195.184.30 - - [17/Nov/2017:21:05:35 +0000] "POST /search/?c=Electronics HTTP/1.1" 200 73 "-" "Mozilla/5.0 (Macintosh; Intel Mac OS X 10.6; rv:9.0.1) Gecko/20100101 Firefox/9.0.1"
196.63.209.217 - - [17/Nov/2017:21:05:40 +0000] "GET /category/music HTTP/1.1" 200 55 "/item/giftcards/905" "Mozilla/5.0 (compatible; MSIE 9.0; Windows NT 6.1; WOW64; Trident/5.0)"
148.57.150.184 - - [17/Nov/2017:21:05:45 +0000] "GET /category/books HTTP/1.1" 200 85 "/category/office" "Mozilla/4.0 (compatible; MSIE 8.0; Windows NT 6.0; WOW64; Trident/4.0; GTB6; SLCC1; .NET CLR 2.0.50727; Media Center PC 5.0; .NET CLR 3.5.30729; .NET CLR 3.0.30618; .NET4.0C)"
184.57.118.95 - - [17/Nov/2017:21:05:50 +0000] "GET /category/electronics HTTP/1.1" 200 72 "-" "Mozilla/5.0 (Windows NT 6.1; WOW64) AppleWebKit/535.11 (KHTML, like Gecko) Chrome/17.0.963.56 Safari/535.11"
172.165.66.62 - - [17/Nov/2017:21:05:55 +0000] "GET /item/health/3613 HTTP/1.1" 200 90 "/category/finance?from=20" "Mozilla/4.0 (compatible; MSIE 8.0; Windows NT 5.1; Trident/4.0; YTB720; GTB7.2; .NET CLR 1.1.4322; .NET CLR 2.0.50727; .NET CLR 3.0.4506.2152; .NET CLR 3.5.30729)"
132.102.43.57 - - [17/Nov/2017:21:06:00 +0000] "GET /item/health/4912 HTTP/1.1" 200 105 "/category/software" "Mozilla/5.0 (Windows NT 6.0; rv:10.0.1) Gecko/20100101 Firefox/10.0.1"
60.30.84.168 - - [17/Nov/2017:21:06:05 +0000] "GET /item/giftcards/3907 HTTP/1.1" 200 93 "/item/garden/1060" "Mozilla/4.0 (compatible; MSIE 8.0; Windows NT 6.1; Trident/4.0; YTB730; SLCC2; .NET CLR 2.0.50727; .NET CLR 3.5.30729; .NET CLR 3.0.30729; Media Center PC 6.0; .NET4.0C)"
116.60.31.130 - - [17/Nov/2017:21:06:10 +0000] "GET /category/software HTTP/1.1" 200 41 "-" "Mozilla/5.0 (Windows NT 6.0; rv:10.0.1) Gecko/20100101 Firefox/10.0.1"
40.36.91.188 - - [17/Nov/2017:21:06:15 +0000] "GET /item/computers/3585 HTTP/1.1" 200 65 "-" "Mozilla/5.0 (compatible; Googlebot/2.1; +http://www.google.com/bot.html)"
24.216.171.77 - - [17/Nov/2017:21:06:20 +0000] "GET /category/games HTTP/1.1" 200 69 "-" "Mozilla/5.0 (Windows NT 6.1; WOW64; rv:10.0.1) Gecko/20100101 Firefox/10.0.1"
132.135.20.22 - - [17/Nov/2017:21:06:25 +0000] "POST /search/?c=Software HTTP/1.1" 200 61 "/item/software/2434" "Mozilla/5.0 (Windows NT 6.0) AppleWebKit/535.11 (KHTML, like Gecko) Chrome/17.0.963.56 Safari/535.11"
56.120.188.55 - - [17/Nov/2017:21:06:30 +0000] "GET /category/toys HTTP/1.1" 200 120 "/category/software" "Mozilla/5.0 (compatible; MSIE 9.0; Windows NT 6.1; Trident/5.0)"
56.153.218.154 - - [17/Nov/2017:21:06:35 +0000] "POST /search/?c=Office+Computers HTTP/1.1" 200 62 "-" "Mozilla/5.0 (compatible; MSIE 9.0; Windows NT 6.1; WOW64; Trident/5.0)"
112.60.139.35 - - [17/Nov/2017:21:06:40 +0000] "GET /category/networking?from=20 HTTP/1.1" 200 133 "/category/games" "Mozilla/4.0 (compatible; MSIE 8.0; Windows NT 6.1; WOW64; Trident/4.0; GTB7.2; SLCC2; .NET CLR 2.0.50727; .NET CLR 3.5.30729; .NET CLR 3.0.30729; Media Center PC 6.0; .NET4.0C)"
84.216.40.211 - - [17/Nov/2017:21:06:45 +0000] "GET /category/office HTTP/1.1" 200 68 "-" "Mozilla/5.0 (Windows NT 6.1; WOW64) AppleWebKit/535.7 (KHTML, like Gecko) Chrome/16.0.912.77 Safari/535.7"
28.165.95.144 - - [17/Nov/2017:21:06:50 +0000] "GET /item/health/1329 HTTP/1.1" 200 66 "/category/office" "Mozilla/5.0 (compatible; MSIE 9.0; Windows NT 6.1; Trident/5.0)"
60.177.133.24 - - [17/Nov/2017:21:06:55 +0000] "GET /item/software/272 HTTP/1.1" 200 71 "-" "Mozilla/5.0 (Windows NT 6.1; WOW64) AppleWebKit/535.11 (KHTML, like Gecko) Chrome/17.0.963.56 Safari/535.11"
68.225.106.184 - - [17/Nov/2017:21:07:00 +0000] "POST /search/?c=Garden+Electronics HTTP/1.1" 200 101 "-" "Mozilla/5.0 (Windows NT 6.0; rv:10.0.1) Gecko/20100101 Firefox/10.0.1"
104.63.161.214 - - [17/Nov/2017:21:07:05 +0000] "GET /item/books/3487 HTTP/1.1" 200 92 "/search/?c=Books+Finance" "Mozilla/5.0 (compatible; MSIE 9.0; Windows NT 6.1; WOW64; Trident/5.0)"
52.39.67.99 - - [17/Nov/2017:21:07:10 +0000] "GET /category/books HTTP/1.1" 200 41 "-" "Mozilla/5.0 (compatible; MSIE 9.0; Windows NT 6.1; Trident/5.0)"
32.78.86.157 - - [17/Nov/2017:21:07:15 +0000] "GET /item/electronics/2606 HTTP/1.1" 200 138 "-" "Mozilla/4.0 (compatible; MSIE 8.0; Windows NT 5.1; Trident/4.0; YTB720; GTB7.2; .NET CLR 1.1.4322; .NET CLR 2.0.50727; .NET CLR 3.0.4506.2152; .NET CLR 3.5.30729)"
192.228.189.65 - - [17/Nov/2017:21:07:20 +0000] "GET /category/books HTTP/1.1" 200 83 "-" "Mozilla/5.0 (Windows NT 6.1; WOW64) AppleWebKit/535.7 (KHTML, like Gecko) Chrome/16.0.912.77 Safari/535.7"
68.156.204.168 - - [17/Nov/2017:21:07:25 +0000] "GET /item/electronics/3882 HTTP/1.1" 200 94 "/category/office" "Mozilla/4.0 (compatible; MSIE 8.0; Windows NT 6.1; WOW64; Trident/4.0; YTB730; GTB7.2; EasyBits GO v1.0; SLCC2; .NET CLR 2.0.50727; .NET CLR 3.5.30729; .NET CLR 3.0.30729; Media Center PC 6.0; .NET4.0C)"
92.150.116.137 - - [17/Nov/2017:21:07:30 +0000] "GET /item/electronics/3377 HTTP/1.1" 200 125 "/item/health/4591" "Mozilla/5.0 (Macintosh; Intel Mac OS X 10.6; rv:9.0.1) Gecko/20100101 Firefox/9.0.1"
52.54.64.167 - - [17/Nov/2017:21:07:35 +0000] "GET /category/music HTTP/1.1" 200 51 "-" "Mozilla/4.0 (compatible; MSIE 8.0; Windows NT 6.0; WOW64; Trident/4.0; GTB6; SLCC1; .NET CLR 2.0.50727; Media Center PC 5.0; .NET CLR 3.5.30729; .NET CLR 3.0.30618; .NET4.0C)"
216.30.210.172 - - [17/Nov/2017:21:07:40 +0000] "GET /category/finance HTTP/1.1" 200 68 "-" "Mozilla/5.0 (compatible; MSIE 9.0; Windows NT 6.1; Trident/5.0)"
200.201.187.211 - - [17/Nov/2017:21:07:45 +0000] "GET /category/jewelry HTTP/1.1" 200 116 "-" "Mozilla/4.0 (compatible; MSIE 8.0; Windows NT 6.1; WOW64; Trident/4.0; YTB730; GTB7.2; EasyBits GO v1.0; SLCC2; .NET CLR 2.0.50727; .NET CLR 3.5.30729; .NET CLR 3.0.30729; Media Center PC 6.0; .NET4.0C)"
96.153.159.129 - - [17/Nov/2017:21:07:50 +0000] "POST /search/?c=Networking HTTP/1.1" 200 66 "/category/books" "Mozilla/4.0 (compatible; MSIE 8.0; Windows NT 6.1; WOW64; Trident/4.0; YTB730; GTB7.2; SLCC2; .NET CLR 2.0.50727; .NET CLR 3.5.30729; .NET CLR 3.0.30729; .NET4.0C; .NET4.0E; Media Center PC 6.0)"
40.180.101.220 - - [17/Nov/2017:21:07:55 +0000] "POST /search/?c=Games HTTP/1.1" 200 42 "/category/games" "Mozilla/5.0 (Windows NT 6.0) AppleWebKit/535.11 (KHTML, like Gecko) Chrome/17.0.963.56 Safari/535.11"
156.177.136.57 - - [17/Nov/2017:21:08:00 +0000] "GET /category/jewelry HTTP/1.1" 200 102 "/category/electronics" "Mozilla/5.0 (Macintosh; Intel Mac OS X 10.6; rv:9.0.1) Gecko/20100101 Firefox/9.0.1"
52.216.117.160 - - [17/Nov/2017:21:08:05 +0000] "GET /category/games HTTP/1.1" 200 83 "-" "Mozilla/5.0 (Windows NT 6.0; rv:10.0.1) Gecko/20100101 Firefox/10.0.1"
152.90.220.86 - - [17/Nov/2017:21:08:10 +0000] "GET /item/giftcards/119 HTTP/1.1" 200 93 "-" "Mozilla/4.0 (compatible; MSIE 8.0; Windows NT 6.1; WOW64; Trident/4.0; YTB730; GTB7.2; EasyBits GO v1.0; SLCC2; .NET CLR 2.0.50727; .NET CLR 3.5.30729; .NET CLR 3.0.30729; Media Center PC 6.0; .NET4.0C)"
160.213.73.172 - - [17/Nov/2017:21:08:15 +0000] "GET /category/jewelry?from=20 HTTP/1.1" 200 107 "/item/electronics/1095" "Mozilla/5.0 (Windows NT 6.1; WOW64) AppleWebKit/535.11 (KHTML, like Gecko) Chrome/17.0.963.56 Safari/535.11"
228.165.180.112 - - [17/Nov/2017:21:08:20 +0000] "GET /item/toys/2937 HTTP/1.1" 200 54 "/category/finance" "Mozilla/5.0 (compatible; Googlebot/2.1; +http://www.google.com/bot.html)"
80.69.198.127 - - [17/Nov/2017:21:08:25 +0000] "GET /category/computers?from=20 HTTP/1.1" 200 62 "/category/office" "Mozilla/5.0 (Windows NT 6.0) AppleWebKit/535.11 (KHTML, like Gecko) Chrome/17.0.963.56 Safari/535.11"
168.60.103.103 - - [17/Nov/2017:21:08:30 +0000] "GET /category/books HTTP/1.1" 200 126 "-" "Mozilla/5.0 (iPhone; CPU iPhone OS 5_0_1 like Mac OS X) AppleWebKit/534.46 (KHTML, like Gecko) Version/5.1 Mobile/9A405 Safari/7534.48.3"
80.186.195.122 - - [17/Nov/2017:21:08:35 +0000] "GET /item/electronics/3975 HTTP/1.1" 200 122 "-" "Mozilla/5.0 (Windows NT 6.1; WOW64; rv:10.0.1) Gecko/20100101 Firefox/10.0.1"
212.222.165.164 - - [17/Nov/2017:21:08:40 +0000] "POST /search/?c=Jewelry+Games HTTP/1.1" 200 129 "-" "Mozilla/5.0 (Windows NT 6.1; WOW64; rv:10.0.1) Gecko/20100101 Firefox/10.0.1"
208.117.69.117 - - [17/Nov/2017:21:08:45 +0000] "GET /item/games/526 HTTP/1.1" 200 104 "http://www.google.com/search?ie=UTF-8&q=google&sclient=psy-ab&q=Games&oq=Games&aq=f&aqi=g-vL1&aql=&pbx=1&bav=on.2,or.r_gc.r_pw.r_qf.,cf.osb&biw=3835&bih=405" "Mozilla/5.0 (Macintosh; Intel Mac OS X 10.6; rv:9.0.1) Gecko/20100101 Firefox/9.0.1"
224.219.86.184 - - [17/Nov/2017:21:08:50 +0000] "GET /item/cameras/2822 HTTP/1.1" 200 131 "/item/electronics/4248" "Mozilla/4.0 (compatible; MSIE 8.0; Windows NT 6.1; WOW64; Trident/4.0; YTB730; GTB7.2; SLCC2; .NET CLR 2.0.50727; .NET CLR 3.5.30729; .NET CLR 3.0.30729; .NET4.0C; .NET4.0E; Media Center PC 6.0)"
164.36.150.129 - - [17/Nov/2017:21:08:55 +0000] "GET /item/software/4520 HTTP/1.1" 200 75 "-" "Mozilla/4.0 (compatible; MSIE 8.0; Windows NT 6.0; WOW64; Trident/4.0; GTB6; SLCC1; .NET CLR 2.0.50727; Media Center PC 5.0; .NET CLR 3.5.30729; .NET CLR 3.0.30618; .NET4.0C)"
72.138.197.227 - - [17/Nov/2017:21:09:00 +0000] "GET /category/electronics HTTP/1.1" 200 61 "-" "Mozilla/5.0 (Windows NT 6.1; WOW64) AppleWebKit/535.11 (KHTML, like Gecko) Chrome/17.0.963.56 Safari/535.11"
216.144.153.181 - - [17/Nov/2017:21:09:05 +0000] "GET /category/networking HTTP/1.1" 200 82 "-" "Mozilla/5.0 (Macintosh; Intel Mac OS X 10.6; rv:9.0.1) Gecko/20100101 Firefox/9.0.1"
60.33.34.174 - - [17/Nov/2017:21:09:10 +0000] "POST /search/?c=Cameras+Office HTTP/1.1" 200 71 "/category/cameras" "Mozilla/5.0 (iPad; CPU OS 5_0_1 like Mac OS X) AppleWebKit/534.46 (KHTML, like Gecko) Version/5.1 Mobile/9A405 Safari/7534.48.3"
28.87.124.152 - - [17/Nov/2017:21:09:15 +0000] "GET /category/software HTTP/1.1" 200 49 "/category/finance" "Mozilla/5.0 (Windows NT 6.0; rv:10.0.1) Gecko/20100101 Firefox/10.0.1"
188.147.180.205 - - [17/Nov/2017:21:09:20 +0000] "GET /category/giftcards HTTP/1.1" 200 109 "-" "Mozilla/5.0 (Windows NT 6.0; rv:10.0.1) Gecko/20100101 Firefox/10.0.1"
92.147.222.43 - - [17/Nov/2017:21:09:25 +0000] "GET /category/office HTTP/1.1" 200 77 "/category/finance" "Mozilla/5.0 (iPhone; CPU iPhone OS 5_0_1 like Mac OS X) AppleWebKit/534.46 (KHTML, like Gecko) Version/5.1 Mobile/9A405 Safari/7534.48.3"
80.45.35.178 - - [17/Nov/2017:21:09:30 +0000] "GET /item/garden/1634 HTTP/1.1" 200 43 "/category/electronics" "Mozilla/4.0 (compatible; MSIE 8.0; Windows NT 6.1; WOW64; Trident/4.0; YTB730; GTB7.2; SLCC2; .NET CLR 2.0.50727; .NET CLR 3.5.30729; .NET CLR 3.0.30729; .NET4.0C; .NET4.0E; Media Center PC 6.0)"
140.69.87.26 - - [17/Nov/2017:21:09:35 +0000] "GET /category/finance?from=0 HTTP/1.1" 200 90 "/item/music/2069" "Mozilla/4.0 (compatible; MSIE 8.0; Windows NT 6.1; WOW64; Trident/4.0; GTB7.2; SLCC2; .NET CLR 2.0.50727; .NET CLR 3.5.30729; .NET CLR 3.0.30729; Media Center PC 6.0; .NET4.0C)"
152.51.72.184 - - [17/Nov/2017:21:09:40 +0000] "POST /search/?c=Software HTTP/1.1" 200 98 "/category/finance" "Mozilla/4.0 (compatible; MSIE 8.0; Windows NT 6.1; WOW64; Trident/4.0; GTB7.2; SLCC2; .NET CLR 2.0.50727; .NET CLR 3.5.30729; .NET CLR 3.0.30729; Media Center PC 6.0; .NET4.0C)"
192.102.189.187 - - [17/Nov/2017:21:09:45 +0000] "GET /item/software/4933 HTTP/1.1" 200 52 "-" "Mozilla/4.0 (compatible; MSIE 8.0; Windows NT 6.1; WOW64; Trident/4.0; YTB730; GTB7.2; EasyBits GO v1.0; SLCC2; .NET CLR 2.0.50727; .NET CLR 3.5.30729; .NET CLR 3.0.30729; Media Center PC 6.0; .NET4.0C)"
24.156.218.186 - - [17/Nov/2017:21:09:50 +0000] "GET /category/electronics?from=20 HTTP/1.1" 200 88 "-" "Mozilla/5.0 (iPad; CPU OS 5_0_1 like Mac OS X) AppleWebKit/534.46 (KHTML, like Gecko) Version/5.1 Mobile/9A405 Safari/7534.48.3"
132.183.166.198 - - [17/Nov/2017:21:09:55 +0000] "GET /category/software HTTP/1.1" 200 113 "-" "Mozilla/5.0 (Windows NT 6.0; rv:10.0.1) Gecko/20100101 Firefox/10.0.1"
112.48.147.108 - - [17/Nov/2017:21:10:00 +0000] "GET /category/books HTTP/1.1" 200 49 "http://www.google.com/search?ie=UTF-8&q=google&sclient=psy-ab&q=Books+Networking&oq=Books+Networking&aq=f&aqi=g-vL1&aql=&pbx=1&bav=on.2,or.r_gc.r_pw.r_qf.,cf.osb&biw=2498&bih=106" "Mozilla/5.0 (compatible; MSIE 9.0; Windows NT 6.1; WOW64; Trident/5.0)"
216.192.41.57 - - [17/Nov/2017:21:10:05 +0000] "GET /item/electronics/2895 HTTP/1.1" 200 47 "/category/electronics" "Mozilla/5.0 (Windows NT 6.1; WOW64; rv:10.0.1) Gecko/20100101 Firefox/10.0.1"
24.216.171.77 - - [17/Nov/2017:21:10:10 +0000] "GET /category/electronics HTTP/1.1" 200 83 "/category/computers?from=20" "Mozilla/4.0 (compatible; MSIE 8.0; Windows NT 6.1; WOW64; Trident/4.0; GTB7.2; SLCC2; .NET CLR 2.0.50727; .NET CLR 3.5.30729; .NET CLR 3.0.30729; Media Center PC 6.0; .NET4.0C)"
100.168.223.44 - - [17/Nov/2017:21:10:15 +0000] "GET /category/games HTTP/1.1" 200 58 "-" "Mozilla/4.0 (compatible; MSIE 8.0; Windows NT 6.1; WOW64; Trident/4.0; GTB7.2; SLCC2; .NET CLR 2.0.50727; .NET CLR 3.5.30729; .NET CLR 3.0.30729; Media Center PC 6.0; .NET4.0C)"
72.114.161.169 - - [17/Nov/2017:21:10:20 +0000] "GET /item/networking/973 HTTP/1.1" 200 48 "/category/jewelry" "Mozilla/5.0 (Windows NT 6.0) AppleWebKit/535.11 (KHTML, like Gecko) Chrome/17.0.963.56 Safari/535.11"
20.21.65.80 - - [17/Nov/2017:21:10:25 +0000] "GET /item/electronics/3224 HTTP/1.1" 200 120 "/category/software" "Mozilla/5.0 (Windows NT 6.1; WOW64) AppleWebKit/535.7 (KHTML, like Gecko) Chrome/16.0.912.77 Safari/535.7"
68.33.56.24 - - [17/Nov/2017:21:10:30 +0000] "GET /item/garden/231 HTTP/1.1" 200 59 "/item/giftcards/4757" "Mozilla/5.0 (Windows NT 6.1; WOW64) AppleWebKit/535.11 (KHTML, like Gecko) Chrome/17.0.963.56 Safari/535.11"
180.36.176.29 - - [17/Nov/2017:21:10:35 +0000] "GET /category/books HTTP/1.1" 200 67 "-" "Mozilla/5.0 (Windows NT 6.1; WOW64; rv:10.0.1) Gecko/20100101 Firefox/10.0.1"
28.165.95.144 - - [17/Nov/2017:21:10:40 +0000] "GET /category/electronics HTTP/1.1" 200 139 "-" "Mozilla/5.0 (Windows NT 6.1; WOW64) AppleWebKit/535.11 (KHTML, like Gecko) Chrome/17.0.963.56 Safari/535.11"
112.42.221.126 - - [17/Nov/2017:21:10:45 +0000] "GET /category/electronics HTTP/1.1" 200 49 "-" "Mozilla/4.0 (compatible; MSIE 8.0; Windows NT 6.0; WOW64; Trident/4.0; GTB6; SLCC1; .NET CLR 2.0.50727; Media Center PC 5.0; .NET CLR 3.5.30729; .NET CLR 3.0.30618; .NET4.0C)"
100.42.49.57 - - [17/Nov/2017:21:10:50 +0000] "POST /search/?c=Finance HTTP/1.1" 200 85 "/category/giftcards" "Mozilla/4.0 (compatible; MSIE 8.0; Windows NT 6.1; WOW64; Trident/4.0; GTB7.2; SLCC2; .NET CLR 2.0.50727; .NET CLR 3.5.30729; .NET CLR 3.0.30729; Media Center PC 6.0; .NET4.0C)"
152.39.30.145 - - [17/Nov/2017:21:10:55 +0000] "GET /category/software HTTP/1.1" 200 114 "-" "Mozilla/5.0 (compatible; MSIE 9.0; Windows NT 6.1; Trident/5.0)"
36.132.162.159 - - [17/Nov/2017:21:11:00 +0000] "GET /category/networking HTTP/1.1" 200 82 "-" "Mozilla/4.0 (compatible; MSIE 8.0; Windows NT 6.1; WOW64; Trident/4.0; YTB730; GTB7.2; EasyBits GO v1.0; SLCC2; .NET CLR 2.0.50727; .NET CLR 3.5.30729; .NET CLR 3.0.30729; Media Center PC 6.0; .NET4.0C)"
48.75.157.55 - - [17/Nov/2017:21:11:05 +0000] "GET /category/electronics HTTP/1.1" 200 44 "-" "Mozilla/4.0 (compatible; MSIE 8.0; Windows NT 6.1; WOW64; Trident/4.0; YTB730; GTB7.2; SLCC2; .NET CLR 2.0.50727; .NET CLR 3.5.30729; .NET CLR 3.0.30729; .NET4.0C; .NET4.0E; Media Center PC 6.0)"
48.123.171.122 - - [17/Nov/2017:21:11:10 +0000] "GET /item/electronics/2940 HTTP/1.1" 200 103 "/search/?c=Electronics" "Mozilla/4.0 (compatible; MSIE 8.0; Windows NT 6.0; WOW64; Trident/4.0; GTB6; SLCC1; .NET CLR 2.0.50727; Media Center PC 5.0; .NET CLR 3.5.30729; .NET CLR 3.0.30618; .NET4.0C)"
188.213.34.150 - - [17/Nov/2017:21:11:15 +0000] "GET /item/sports/4528 HTTP/1.1" 200 43 "/item/games/3491" "Mozilla/5.0 (Windows NT 5.1) AppleWebKit/535.11 (KHTML, like Gecko) Chrome/17.0.963.46 Safari/535.11"
188.69.32.39 - - [17/Nov/2017:21:11:20 +0000] "GET /category/cameras HTTP/1.1" 200 77 "/item/computers/1710" "Mozilla/5.0 (compatible; MSIE 9.0; Windows NT 6.1; WOW64; Trident/5.0)"
128.66.82.98 - - [17/Nov/2017:21:11:25 +0000] "GET /category/games HTTP/1.1" 200 105 "-" "Mozilla/4.0 (compatible; MSIE 8.0; Windows NT 6.1; Trident/4.0; YTB730; SLCC2; .NET CLR 2.0.50727; .NET CLR 3.5.30729; .NET CLR 3.0.30729; Media Center PC 6.0; .NET4.0C)"
128.72.102.177 - - [17/Nov/2017:21:11:30 +0000] "POST /search/?c=Music+Giftcards HTTP/1.1" 200 113 "-" "Mozilla/5.0 (Windows NT 6.1; WOW64) AppleWebKit/535.11 (KHTML, like Gecko) Chrome/17.0.963.56 Safari/535.11"
152.45.113.47 - - [17/Nov/2017:21:11:35 +0000] "GET /item/software/3887 HTTP/1.1" 200 100 "/category/electronics" "Mozilla/5.0 (Windows NT 6.0; rv:10.0.1) Gecko/20100101 Firefox/10.0.1"
60.72.43.103 - - [17/Nov/2017:21:11:40 +0000] "GET /category/games HTTP/1.1" 200 116 "http://www.google.com/search?ie=UTF-8&q=google&sclient=psy-ab&q=Games+Software&oq=Games+Software&aq=f&aqi=g-vL1&aql=&pbx=1&bav=on.2,or.r_gc.r_pw.r_qf.,cf.osb&biw=3897&bih=587" "Mozilla/5.0 (Windows NT 6.1; WOW64) AppleWebKit/535.11 (KHTML, like Gecko) Chrome/17.0.963.56 Safari/535.11"
228.162.165.103 - - [17/Nov/2017:21:11:45 +0000] "GET /item/software/2343 HTTP/1.1" 200 81 "/category/software" "Mozilla/5.0 (Windows NT 6.1; WOW64) AppleWebKit/535.7 (KHTML, like Gecko) Chrome/16.0.912.77 Safari/535.7"
60.126.127.74 - - [17/Nov/2017:21:11:50 +0000] "POST /search/?c=Electronics HTTP/1.1" 200 101 "-" "Mozilla/5.0 (Windows NT 5.1) AppleWebKit/535.11 (KHTML, like Gecko) Chrome/17.0.963.46 Safari/535.11"
112.159.38.190 - - [17/Nov/2017:21:11:55 +0000] "GET /category/toys HTTP/1.1" 200 126 "/category/software" "Mozilla/5.0 (Windows NT 6.1; WOW64; rv:10.0.1) Gecko/20100101 Firefox/10.0.1"
56.195.124.151 - - [17/Nov/2017:21:12:00 +0000] "GET /category/electronics HTTP/1.1" 200 72 "/item/electronics/2104" "Mozilla/5.0 (Windows NT 6.0; rv:10.0.1) Gecko/20100101 Firefox/10.0.1"
56.186.73.100 - - [17/Nov/2017:21:12:05 +0000] "POST /search/?c=Garden+Networking HTTP/1.1" 200 130 "-" "Mozilla/5.0 (Windows NT 6.1; WOW64) AppleWebKit/535.7 (KHTML, like Gecko) Chrome/16.0.912.77 Safari/535.7"
220.126.137.81 - - [17/Nov/2017:21:12:10 +0000] "GET /category/cameras HTTP/1.1" 200 48 "-" "Mozilla/5.0 (Macintosh; Intel Mac OS X 10.6; rv:9.0.1) Gecko/20100101 Firefox/9.0.1"
48.105.184.168 - - [17/Nov/2017:21:12:15 +0000] "GET /category/electronics HTTP/1.1" 200 79 "-" "Mozilla/5.0 (iPad; CPU OS 5_0_1 like Mac OS X) AppleWebKit/534.46 (KHTML, like Gecko) Version/5.1 Mobile/9A405 Safari/7534.48.3"
32.189.72.176 - - [17/Nov/2017:21:12:20 +0000] "GET /item/computers/3585 HTTP/1.1" 200 65 "-" "Mozilla/5.0 (Macintosh; Intel Mac OS X 10.6; rv:9.0.1) Gecko/20100101 Firefox/9.0.1"
112.84.123.124 - - [17/Nov/2017:21:12:25 +0000] "GET /category/electronics HTTP/1.1" 200 118 "-" "Mozilla/5.0 (Windows NT 6.1; WOW64; rv:10.0.1) Gecko/20100101 Firefox/10.0.1"
112.60.139.35 - - [17/Nov/2017:21:12:30 +0000] "GET /category/finance HTTP/1.1" 200 91 "/search/?c=Electronics+Toys" "Mozilla/4.0 (compatible; MSIE 8.0; Windows NT 5.1; Trident/4.0; BTRS122159; GTB7.2; .NET CLR 1.1.4322; .NET CLR 2.0.50727; .NET CLR 3.0.04506.30; .NET CLR 3.0.4506.2152; .NET CLR 3.5.30729; BRI/2)"
148.21.130.45 - - [17/Nov/2017:21:12:35 +0000] "GET /item/finance/3737 HTTP/1.1" 200 127 "/category/electronics" "Mozilla/5.0 (Windows NT 6.1; WOW64) AppleWebKit/535.11 (KHTML, like Gecko) Chrome/17.0.963.56 Safari/535.11"
144.132.101.155 - - [17/Nov/2017:21:12:40 +0000] "GET /category/electronics?from=20 HTTP/1.1" 200 88 "-" "Mozilla/5.0 (compatible; MSIE 9.0; Windows NT 6.1; WOW64; Trident/5.0)"
108.93.207.173 - - [17/Nov/2017:21:12:45 +0000] "GET /item/books/3992 HTTP/1.1" 200 70 "/category/books" "Mozilla/4.0 (compatible; MSIE 8.0; Windows NT 6.1; WOW64; Trident/4.0; YTB730; GTB7.2; SLCC2; .NET CLR 2.0.50727; .NET CLR 3.5.30729; .NET CLR 3.0.30729; .NET4.0C; .NET4.0E; Media Center PC 6.0)"
20.69.121.129 - - [17/Nov/2017:21:12:50 +0000] "GET /category/games HTTP/1.1" 200 104 "/category/electronics" "Mozilla/4.0 (compatible; MSIE 8.0; Windows NT 6.1; WOW64; Trident/4.0; GTB7.2; SLCC2; .NET CLR 2.0.50727; .NET CLR 3.5.30729; .NET CLR 3.0.30729; Media Center PC 6.0; .NET4.0C)"
192.213.228.212 - - [17/Nov/2017:21:12:55 +0000] "GET /category/games HTTP/1.1" 200 83 "-" "Mozilla/5.0 (Macintosh; Intel Mac OS X 10.6; rv:9.0.1) Gecko/20100101 Firefox/9.0.1"
104.147.188.161 - - [17/Nov/2017:21:13:00 +0000] "GET /item/games/4398 HTTP/1.1" 200 112 "/category/finance?from=20" "Mozilla/5.0 (compatible; MSIE 9.0; Windows NT 6.1; WOW64; Trident/5.0)"
140.27.162.195 - - [17/Nov/2017:21:13:05 +0000] "GET /item/software/2724 HTTP/1.1" 200 123 "/category/networking" "Mozilla/5.0 (Windows NT 6.1; WOW64) AppleWebKit/535.11 (KHTML, like Gecko) Chrome/17.0.963.56 Safari/535.11"
84.201.48.127 - - [17/Nov/2017:21:13:10 +0000] "GET /item/office/1867 HTTP/1.1" 200 83 "/item/finance/2549" "Mozilla/5.0 (iPhone; CPU iPhone OS 5_0_1 like Mac OS X) AppleWebKit/534.46 (KHTML, like Gecko) Version/5.1 Mobile/9A405 Safari/7534.48.3"
124.180.221.151 - - [17/Nov/2017:21:13:15 +0000] "GET /category/software?from=20 HTTP/1.1" 200 64 "/search/?c=Software+Software" "Mozilla/4.0 (compatible; MSIE 8.0; Windows NT 6.0; WOW64; Trident/4.0; GTB6; SLCC1; .NET CLR 2.0.50727; Media Center PC 5.0; .NET CLR 3.5.30729; .NET CLR 3.0.30618; .NET4.0C)"
108.84.228.94 - - [17/Nov/2017:21:13:20 +0000] "POST /search/?c=Books HTTP/1.1" 200 114 "/item/finance/3737" "Mozilla/5.0 (Windows NT 6.1; WOW64) AppleWebKit/535.11 (KHTML, like Gecko) Chrome/17.0.963.56 Safari/535.11"
196.96.50.86 - - [17/Nov/2017:21:13:25 +0000] "GET /item/games/152 HTTP/1.1" 200 133 "-" "Mozilla/5.0 (Windows NT 6.0) AppleWebKit/535.11 (KHTML, like Gecko) Chrome/17.0.963.56 Safari/535.11"
192.93.155.127 - - [17/Nov/2017:21:13:30 +0000] "GET /category/jewelry HTTP/1.1" 200 73 "/category/electronics?from=20" "Mozilla/5.0 (Macintosh; Intel Mac OS X 10.6; rv:9.0.1) Gecko/20100101 Firefox/9.0.1"
224.153.72.151 - - [17/Nov/2017:21:13:35 +0000] "GET /category/software HTTP/1.1" 200 81 "-" "Mozilla/5.0 (Windows NT 6.1; WOW64) AppleWebKit/535.11 (KHTML, like Gecko) Chrome/17.0.963.56 Safari/535.11"
164.63.57.53 - - [17/Nov/2017:21:13:40 +0000] "GET /item/electronics/722 HTTP/1.1" 200 102 "/search/?c=Electronics+Electronics" "Mozilla/4.0 (compatible; MSIE 8.0; Windows NT 6.1; WOW64; Trident/4.0; YTB730; GTB7.2; SLCC2; .NET CLR 2.0.50727; .NET CLR 3.5.30729; .NET CLR 3.0.30729; .NET4.0C; .NET4.0E; Media Center PC 6.0)"
208.150.93.221 - - [17/Nov/2017:21:13:45 +0000] "GET /category/cameras?from=0 HTTP/1.1" 200 139 "/item/electronics/950" "Mozilla/5.0 (compatible; MSIE 9.0; Windows NT 6.1; Trident/5.0)"
60.213.58.52 - - [17/Nov/2017:21:13:50 +0000] "GET /item/sports/13 HTTP/1.1" 200 100 "/category/electronics" "Mozilla/5.0 (iPhone; CPU iPhone OS 5_0_1 like Mac OS X) AppleWebKit/534.46 (KHTML, like Gecko) Version/5.1 Mobile/9A405 Safari/7534.48.3"
84.168.145.91 - - [17/Nov/2017:21:13:55 +0000] "POST /search/?c=Software+Electronics HTTP/1.1" 200 99 "-" "Mozilla/5.0 (Macintosh; Intel Mac OS X 10.6; rv:9.0.1) Gecko/20100101 Firefox/9.0.1"
60.63.96.106 - - [17/Nov/2017:21:14:00 +0000] "GET /item/electronics/681 HTTP/1.1" 200 64 "/item/music/1760" "Mozilla/5.0 (Macintosh; Intel Mac OS X 10.6; rv:9.0.1) Gecko/20100101 Firefox/9.0.1"
72.66.199.152 - - [17/Nov/2017:21:14:05 +0000] "GET /category/garden HTTP/1.1" 200 41 "/category/books" "Mozilla/4.0 (compatible; MSIE 8.0; Windows NT 6.0; WOW64; Trident/4.0; GTB6; SLCC1; .NET CLR 2.0.50727; Media Center PC 5.0; .NET CLR 3.5.30729; .NET CLR 3.0.30618; .NET4.0C)"
204.186.37.92 - - [17/Nov/2017:21:14:10 +0000] "GET /category/books?from=20 HTTP/1.1" 200 86 "/search/?c=Books+Software" "Mozilla/4.0 (compatible; MSIE 8.0; Windows NT 6.1; WOW64; Trident/4.0; YTB730; GTB7.2; SLCC2; .NET CLR 2.0.50727; .NET CLR 3.5.30729; .NET CLR 3.0.30729; .NET4.0C; .NET4.0E; Media Center PC 6.0)"
72.123.67.110 - - [17/Nov/2017:21:14:15 +0000] "GET /category/sports?from=20 HTTP/1.1" 200 98 "/search/?c=Sports+Sports" "Mozilla/5.0 (compatible; MSIE 9.0; Windows NT 6.1; Trident/5.0)"
140.75.187.67 - - [17/Nov/2017:21:14:20 +0000] "GET /category/books?from=20 HTTP/1.1" 200 88 "-" "Mozilla/5.0 (compatible; Googlebot/2.1; +http://www.google.com/bot.html)"
48.75.157.55 - - [17/Nov/2017:21:14:25 +0000] "GET /item/finance/2915 HTTP/1.1" 200 87 "/search/?c=Finance" "Mozilla/4.0 (compatible; MSIE 8.0; Windows NT 6.1; WOW64; Trident/4.0; YTB730; GTB7.2; SLCC2; .NET CLR 2.0.50727; .NET CLR 3.5.30729; .NET CLR 3.0.30729; .NET4.0C; .NET4.0E; Media Center PC 6.0)"
100.93.35.154 - - [17/Nov/2017:21:14:30 +0000] "GET /category/games?from=20 HTTP/1.1" 200 119 "/category/games" "Mozilla/5.0 (Windows NT 6.1; WOW64) AppleWebKit/535.7 (KHTML, like Gecko) Chrome/16.0.912.77 Safari/535.7"
100.171.120.84 - - [17/Nov/2017:21:14:35 +0000] "GET /category/toys HTTP/1.1" 200 41 "/item/software/4034" "Mozilla/5.0 (compatible; Googlebot/2.1; +http://www.google.com/bot.html)"
160.78.146.93 - - [17/Nov/2017:21:14:40 +0000] "GET /category/games HTTP/1.1" 200 57 "-" "Mozilla/5.0 (compatible; MSIE 9.0; Windows NT 6.1; Trident/5.0)"
36.81.83.145 - - [17/Nov/2017:21:14:45 +0000] "GET /item/games/2779 HTTP/1.1" 200 56 "-" "Mozilla/5.0 (Windows NT 6.0; rv:10.0.1) Gecko/20100101 Firefox/10.0.1"
144.105.154.81 - - [17/Nov/2017:21:14:50 +0000] "GET /category/office HTTP/1.1" 200 71 "-" "Mozilla/4.0 (compatible; MSIE 8.0; Windows NT 6.1; Trident/4.0; YTB730; SLCC2; .NET CLR 2.0.50727; .NET CLR 3.5.30729; .NET CLR 3.0.30729; Media Center PC 6.0; .NET4.0C)"
108.102.68.52 - - [17/Nov/2017:21:14:55 +0000] "GET /item/sports/933 HTTP/1.1" 200 83 "/category/books" "Mozilla/5.0 (compatible; MSIE 9.0; Windows NT 6.1; WOW64; Trident/5.0)"
108.84.228.94 - - [17/Nov/2017:21:15:00 +0000] "GET /item/electronics/4025 HTTP/1.1" 200 124 "-" "Mozilla/5.0 (Windows NT 6.0; rv:10.0.1) Gecko/20100101 Firefox/10.0.1"
228.48.125.88 - - [17/Nov/2017:21:15:05 +0000] "GET /category/electronics HTTP/1.1" 200 115 "-" "Mozilla/5.0 (Windows NT 6.1; WOW64; rv:10.0.1) Gecko/20100101 Firefox/10.0.1"
196.228.54.212 - - [17/Nov/2017:21:15:10 +0000] "GET /category/electronics HTTP/1.1" 200 67 "-" "Mozilla/5.0 (Windows NT 6.0) AppleWebKit/535.11 (KHTML, like Gecko) Chrome/17.0.963.56 Safari/535.11"
164.120.163.97 - - [17/Nov/2017:21:15:15 +0000] "GET /category/electronics HTTP/1.1" 200 49 "/category/jewelry" "Mozilla/5.0 (Windows NT 6.1; WOW64) AppleWebKit/535.7 (KHTML, like Gecko) Chrome/16.0.912.77 Safari/535.7"
136.198.147.93 - - [17/Nov/2017:21:15:20 +0000] "GET /category/electronics HTTP/1.1" 200 128 "/category/electronics" "Mozilla/5.0 (Windows NT 6.1; WOW64; rv:10.0.1) Gecko/20100101 Firefox/10.0.1"
84.108.138.186 - - [17/Nov/2017:21:15:25 +0000] "GET /category/games HTTP/1.1" 200 96 "http://www.google.com/search?ie=UTF-8&q=google&sclient=psy-ab&q=Games+Cameras&oq=Games+Cameras&aq=f&aqi=g-vL1&aql=&pbx=1&bav=on.2,or.r_gc.r_pw.r_qf.,cf.osb&biw=4108&bih=565" "Mozilla/5.0 (Windows NT 6.0) AppleWebKit/535.11 (KHTML, like Gecko) Chrome/17.0.963.56 Safari/535.11"
196.225.41.136 - - [17/Nov/2017:21:15:30 +0000] "GET /category/electronics HTTP/1.1" 200 79 "-" "Mozilla/5.0 (compatible; MSIE 9.0; Windows NT 6.1; Trident/5.0)"
216.138.190.49 - - [17/Nov/2017:21:15:35 +0000] "GET /item/electronics/1270 HTTP/1.1" 200 107 "-" "Mozilla/5.0 (Macintosh; Intel Mac OS X 10.6; rv:9.0.1) Gecko/20100101 Firefox/9.0.1"
128.114.217.21 - - [17/Nov/2017:21:15:40 +0000] "GET /item/garden/4029 HTTP/1.1" 200 64 "/category/office" "Mozilla/4.0 (compatible; MSIE 8.0; Windows NT 5.1; Trident/4.0; YTB720; GTB7.2; .NET CLR 1.1.4322; .NET CLR 2.0.50727; .NET CLR 3.0.4506.2152; .NET CLR 3.5.30729)"
72.123.67.110 - - [17/Nov/2017:21:15:45 +0000] "GET /category/electronics HTTP/1.1" 200 130 "/category/cameras" "Mozilla/5.0 (compatible; MSIE 9.0; Windows NT 6.1; Trident/5.0)"
64.219.144.181 - - [17/Nov/2017:21:15:50 +0000] "GET /item/music/2915 HTTP/1.1" 200 106 "/search/?c=Software+Software" "Mozilla/4.0 (compatible; MSIE 8.0; Windows NT 5.1; Trident/4.0; YTB720; GTB7.2; .NET CLR 1.1.4322; .NET CLR 2.0.50727; .NET CLR 3.0.4506.2152; .NET CLR 3.5.30729)"
48.120.174.143 - - [17/Nov/2017:21:15:55 +0000] "GET /category/office HTTP/1.1" 200 127 "-" "Mozilla/5.0 (Windows NT 6.0; rv:10.0.1) Gecko/20100101 Firefox/10.0.1"
176.84.117.57 - - [17/Nov/2017:21:16:00 +0000] "GET /category/books HTTP/1.1" 200 73 "/category/electronics?from=10" "Mozilla/5.0 (iPad; CPU OS 5_0_1 like Mac OS X) AppleWebKit/534.46 (KHTML, like Gecko) Version/5.1 Mobile/9A405 Safari/7534.48.3"
28.207.155.107 - - [17/Nov/2017:21:16:05 +0000] "GET /item/music/2069 HTTP/1.1" 200 133 "/search/?c=Music+Games" "Mozilla/4.0 (compatible; MSIE 8.0; Windows NT 5.1; Trident/4.0; BTRS122159; GTB7.2; .NET CLR 1.1.4322; .NET CLR 2.0.50727; .NET CLR 3.0.04506.30; .NET CLR 3.0.4506.2152; .NET CLR 3.5.30729; BRI/2)"
104.165.180.220 - - [17/Nov/2017:21:16:10 +0000] "GET /category/books HTTP/1.1" 200 126 "-" "Mozilla/5.0 (Windows NT 6.1; WOW64) AppleWebKit/535.11 (KHTML, like Gecko) Chrome/17.0.963.56 Safari/535.11"
88.51.212.158 - - [17/Nov/2017:21:16:15 +0000] "GET /item/software/3961 HTTP/1.1" 200 86 "-" "Mozilla/5.0 (Windows NT 6.1; WOW64) AppleWebKit/535.7 (KHTML, like Gecko) Chrome/16.0.912.77 Safari/535.7"
116.24.121.47 - - [17/Nov/2017:21:16:20 +0000] "GET /category/electronics HTTP/1.1" 200 79 "/item/electronics/1433" "Mozilla/4.0 (compatible; MSIE 8.0; Windows NT 6.1; WOW64; Trident/4.0; YTB730; GTB7.2; SLCC2; .NET CLR 2.0.50727; .NET CLR 3.5.30729; .NET CLR 3.0.30729; .NET4.0C; .NET4.0E; Media Center PC 6.0)"
148.84.138.22 - - [17/Nov/2017:21:16:25 +0000] "GET /item/electronics/681 HTTP/1.1" 200 64 "/item/cameras/3741" "Mozilla/4.0 (compatible; MSIE 8.0; Windows NT 5.1; Trident/4.0; YTB720; GTB7.2; .NET CLR 1.1.4322; .NET CLR 2.0.50727; .NET CLR 3.0.4506.2152; .NET CLR 3.5.30729)"
224.87.180.175 - - [17/Nov/2017:21:16:30 +0000] "GET /item/electronics/367 HTTP/1.1" 200 79 "-" "Mozilla/5.0 (Windows NT 6.1; WOW64) AppleWebKit/535.7 (KHTML, like Gecko) Chrome/16.0.912.77 Safari/535.7"
200.144.113.93 - - [17/Nov/2017:21:16:35 +0000] "GET /category/music?from=10 HTTP/1.1" 200 101 "/category/books?from=0" "Mozilla/5.0 (compatible; Googlebot/2.1; +http://www.google.com/bot.html)"
140.216.102.224 - - [17/Nov/2017:21:16:40 +0000] "GET /category/electronics HTTP/1.1" 200 83 "/category/software" "Mozilla/5.0 (Macintosh; Intel Mac OS X 10.6; rv:9.0.1) Gecko/20100101 Firefox/9.0.1"
132.219.26.113 - - [17/Nov/2017:21:16:45 +0000] "GET /category/software HTTP/1.1" 200 73 "/item/music/1760" "Mozilla/5.0 (Windows NT 5.1) AppleWebKit/535.11 (KHTML, like Gecko) Chrome/17.0.963.46 Safari/535.11"
200.201.187.211 - - [17/Nov/2017:21:16:50 +0000] "GET /item/garden/4153 HTTP/1.1" 200 77 "-" "Mozilla/5.0 (Windows NT 5.1) AppleWebKit/535.11 (KHTML, like Gecko) Chrome/17.0.963.46 Safari/535.11"
208.210.156.79 - - [17/Nov/2017:21:16:55 +0000] "GET /item/software/4545 HTTP/1.1" 200 135 "/item/software/1323" "Mozilla/5.0 (compatible; Googlebot/2.1; +http://www.google.com/bot.html)"
140.183.67.108 - - [17/Nov/2017:21:17:00 +0000] "GET /category/software HTTP/1.1" 200 93 "-" "Mozilla/5.0 (Macintosh; Intel Mac OS X 10.6; rv:9.0.1) Gecko/20100101 Firefox/9.0.1"
120.168.180.96 - - [17/Nov/2017:21:17:05 +0000] "GET /item/electronics/670 HTTP/1.1" 200 66 "/item/games/4277" "Mozilla/5.0 (Windows NT 6.1; WOW64; rv:10.0.1) Gecko/20100101 Firefox/10.0.1"
212.186.23.183 - - [17/Nov/2017:21:17:10 +0000] "GET /category/software?from=20 HTTP/1.1" 200 78 "-" "Mozilla/5.0 (compatible; Googlebot/2.1; +http://www.google.com/bot.html)"
116.36.140.116 - - [17/Nov/2017:21:17:15 +0000] "POST /search/?c=Computers+Electronics HTTP/1.1" 200 44 "-" "Mozilla/4.0 (compatible; MSIE 8.0; Windows NT 6.0; WOW64; Trident/4.0; GTB6; SLCC1; .NET CLR 2.0.50727; Media Center PC 5.0; .NET CLR 3.5.30729; .NET CLR 3.0.30618; .NET4.0C)"
172.204.128.196 - - [17/Nov/2017:21:17:20 +0000] "GET /category/cameras HTTP/1.1" 200 77 "/category/cameras" "Mozilla/5.0 (Windows NT 6.1; WOW64) AppleWebKit/535.7 (KHTML, like Gecko) Chrome/16.0.912.77 Safari/535.7"
104.165.180.220 - - [17/Nov/2017:21:17:25 +0000] "GET /item/games/4819 HTTP/1.1" 200 115 "-" "Mozilla/5.0 (Macintosh; Intel Mac OS X 10.6; rv:9.0.1) Gecko/20100101 Firefox/9.0.1"
108.78.41.69 - - [17/Nov/2017:21:17:30 +0000] "GET /category/electronics HTTP/1.1" 200 74 "/category/finance" "Mozilla/5.0 (Windows NT 6.0; rv:10.0.1) Gecko/20100101 Firefox/10.0.1"
112.48.147.108 - - [17/Nov/2017:21:17:35 +0000] "GET /category/games HTTP/1.1" 200 100 "/item/sports/1656" "Mozilla/5.0 (Windows NT 6.1; WOW64) AppleWebKit/535.11 (KHTML, like Gecko) Chrome/17.0.963.56 Safari/535.11"
36.183.156.215 - - [17/Nov/2017:21:17:40 +0000] "GET /category/jewelry?from=20 HTTP/1.1" 200 127 "/item/electronics/287" "Mozilla/5.0 (Windows NT 6.0; rv:10.0.1) Gecko/20100101 Firefox/10.0.1"
148.78.49.128 - - [17/Nov/2017:21:17:45 +0000] "GET /category/games HTTP/1.1" 200 95 "-" "Mozilla/5.0 (Windows NT 6.1; WOW64) AppleWebKit/535.11 (KHTML, like Gecko) Chrome/17.0.963.56 Safari/535.11"
44.189.22.22 - - [17/Nov/2017:21:17:50 +0000] "GET /category/software?from=20 HTTP/1.1" 200 49 "/category/sports" "Mozilla/5.0 (Windows NT 6.0; rv:10.0.1) Gecko/20100101 Firefox/10.0.1"
216.99.176.92 - - [17/Nov/2017:21:17:55 +0000] "GET /item/electronics/1216 HTTP/1.1" 200 93 "/item/office/2904" "Mozilla/5.0 (iPad; CPU OS 5_0_1 like Mac OS X) AppleWebKit/534.46 (KHTML, like Gecko) Version/5.1 Mobile/9A405 Safari/7534.48.3"
208.171.196.220 - - [17/Nov/2017:21:18:00 +0000] "GET /item/networking/973 HTTP/1.1" 200 48 "/item/electronics/450" "Mozilla/5.0 (compatible; Googlebot/2.1; +http://www.google.com/bot.html)"
184.54.99.170 - - [17/Nov/2017:21:18:05 +0000] "GET /item/computers/512 HTTP/1.1" 200 97 "/category/electronics" "Mozilla/5.0 (compatible; Googlebot/2.1; +http://www.google.com/bot.html)"
80.39.121.152 - - [17/Nov/2017:21:18:10 +0000] "GET /item/books/4067 HTTP/1.1" 200 121 "/category/sports?from=0" "Mozilla/5.0 (Windows NT 6.1; WOW64) AppleWebKit/535.11 (KHTML, like Gecko) Chrome/17.0.963.56 Safari/535.11"
188.96.51.51 - - [17/Nov/2017:21:18:15 +0000] "GET /item/software/2711 HTTP/1.1" 200 89 "/item/games/3390" "Mozilla/5.0 (Windows NT 5.1) AppleWebKit/535.11 (KHTML, like Gecko) Chrome/17.0.963.46 Safari/535.11"
44.159.148.20 - - [17/Nov/2017:21:18:20 +0000] "GET /category/games?from=0 HTTP/1.1" 200 72 "/category/finance" "Mozilla/4.0 (compatible; MSIE 8.0; Windows NT 6.1; WOW64; Trident/4.0; GTB7.2; SLCC2; .NET CLR 2.0.50727; .NET CLR 3.5.30729; .NET CLR 3.0.30729; Media Center PC 6.0; .NET4.0C)"
184.135.39.104 - - [17/Nov/2017:21:18:25 +0000] "GET /item/books/3101 HTTP/1.1" 200 61 "/search/?c=Books" "Mozilla/5.0 (Windows NT 6.1; WOW64) AppleWebKit/535.7 (KHTML, like Gecko) Chrome/16.0.912.77 Safari/535.7"
164.210.109.27 - - [17/Nov/2017:21:18:30 +0000] "GET /category/software?from=20 HTTP/1.1" 200 49 "/category/books" "Mozilla/5.0 (Windows NT 6.0; rv:10.0.1) Gecko/20100101 Firefox/10.0.1"
32.213.139.23 - - [17/Nov/2017:21:18:35 +0000] "GET /category/music HTTP/1.1" 200 117 "-" "Mozilla/5.0 (compatible; MSIE 9.0; Windows NT 6.1; Trident/5.0)"
200.78.131.141 - - [17/Nov/2017:21:18:40 +0000] "GET /item/giftcards/4236 HTTP/1.1" 200 71 "/category/games" "Mozilla/5.0 (Windows NT 6.1; WOW64) AppleWebKit/535.7 (KHTML, like Gecko) Chrome/16.0.912.77 Safari/535.7"
148.18.219.25 - - [17/Nov/2017:21:18:45 +0000] "GET /item/electronics/2034 HTTP/1.1" 200 100 "/item/networking/322" "Mozilla/5.0 (Windows NT 6.0; rv:10.0.1) Gecko/20100101 Firefox/10.0.1"
28.135.90.185 - - [17/Nov/2017:21:18:50 +0000] "GET /category/electronics HTTP/1.1" 200 67 "/category/sports?from=10" "Mozilla/5.0 (Windows NT 6.0; rv:10.0.1) Gecko/20100101 Firefox/10.0.1"
24.138.192.196 - - [17/Nov/2017:21:18:55 +0000] "GET /item/giftcards/4709 HTTP/1.1" 200 53 "-" "Mozilla/5.0 (Macintosh; Intel Mac OS X 10.6; rv:9.0.1) Gecko/20100101 Firefox/9.0.1"
208.150.171.60 - - [17/Nov/2017:21:19:00 +0000] "GET /item/garden/231 HTTP/1.1" 200 59 "-" "Mozilla/5.0 (compatible; MSIE 9.0; Windows NT 6.1; WOW64; Trident/5.0)"
56.102.229.220 - - [17/Nov/2017:21:19:05 +0000] "GET /item/software/1768 HTTP/1.1" 200 96 "http://www.google.com/search?ie=UTF-8&q=google&sclient=psy-ab&q=Software&oq=Software&aq=f&aqi=g-vL1&aql=&pbx=1&bav=on.2,or.r_gc.r_pw.r_qf.,cf.osb&biw=2373&bih=529" "Mozilla/5.0 (Windows NT 6.1; WOW64; rv:10.0.1) Gecko/20100101 Firefox/10.0.1"
204.57.93.50 - - [17/Nov/2017:21:19:10 +0000] "GET /item/electronics/3393 HTTP/1.1" 404 59 "/category/games" "Mozilla/5.0 (compatible; MSIE 9.0; Windows NT 6.1; WOW64; Trident/5.0)"
76.126.75.166 - - [17/Nov/2017:21:19:15 +0000] "GET /category/health HTTP/1.1" 200 137 "-" "Mozilla/5.0 (Windows NT 6.0) AppleWebKit/535.11 (KHTML, like Gecko) Chrome/17.0.963.56 Safari/535.11"
20.45.119.184 - - [17/Nov/2017:21:19:20 +0000] "POST /search/?c=Software+Office HTTP/1.1" 200 103 "-" "Mozilla/5.0 (Windows NT 6.0; rv:10.0.1) Gecko/20100101 Firefox/10.0.1"
116.180.157.149 - - [17/Nov/2017:21:19:25 +0000] "GET /category/cameras HTTP/1.1" 200 114 "/category/networking?from=10" "Mozilla/5.0 (Windows NT 6.1; WOW64) AppleWebKit/535.11 (KHTML, like Gecko) Chrome/17.0.963.56 Safari/535.11"
160.213.73.172 - - [17/Nov/2017:21:19:30 +0000] "GET /category/computers HTTP/1.1" 200 99 "/category/sports?from=10" "Mozilla/5.0 (compatible; MSIE 9.0; Windows NT 6.1; WOW64; Trident/5.0)"
176.93.138.138 - - [17/Nov/2017:21:19:35 +0000] "GET /category/garden HTTP/1.1" 200 111 "/category/garden" "Mozilla/5.0 (Windows NT 6.1; WOW64) AppleWebKit/535.11 (KHTML, like Gecko) Chrome/17.0.963.56 Safari/535.11"
156.198.60.199 - - [17/Nov/2017:21:19:40 +0000] "GET /item/games/110 HTTP/1.1" 200 48 "-" "Mozilla/4.0 (compatible; MSIE 8.0; Windows NT 6.1; WOW64; Trident/4.0; YTB730; GTB7.2; SLCC2; .NET CLR 2.0.50727; .NET CLR 3.5.30729; .NET CLR 3.0.30729; .NET4.0C; .NET4.0E; Media Center PC 6.0)"
24.99.27.123 - - [17/Nov/2017:21:19:45 +0000] "GET /category/books?from=10 HTTP/1.1" 200 97 "/category/computers" "Mozilla/4.0 (compatible; MSIE 8.0; Windows NT 5.1; Trident/4.0; BTRS122159; GTB7.2; .NET CLR 1.1.4322; .NET CLR 2.0.50727; .NET CLR 3.0.04506.30; .NET CLR 3.0.4506.2152; .NET CLR 3.5.30729; BRI/2)"
48.168.148.167 - - [17/Nov/2017:21:19:50 +0000] "POST /search/?c=Cameras+Office HTTP/1.1" 200 71 "/category/electronics" "Mozilla/5.0 (Windows NT 6.1; WOW64) AppleWebKit/535.11 (KHTML, like Gecko) Chrome/17.0.963.56 Safari/535.11"
192.54.221.227 - - [17/Nov/2017:21:19:55 +0000] "GET /category/office HTTP/1.1" 200 121 "-" "Mozilla/5.0 (Windows NT 6.0; rv:10.0.1) Gecko/20100101 Firefox/10.0.1"
168.159.181.20 - - [17/Nov/2017:21:20:00 +0000] "POST /search/?c=Electronics HTTP/1.1" 200 99 "-" "Mozilla/5.0 (Windows NT 6.1; WOW64; rv:10.0.1) Gecko/20100101 Firefox/10.0.1"
52.216.223.224 - - [17/Nov/2017:21:20:05 +0000] "GET /item/music/1695 HTTP/1.1" 200 97 "/search/?c=Music+Electronics" "Mozilla/5.0 (iPhone; CPU iPhone OS 5_0_1 like Mac OS X) AppleWebKit/534.46 (KHTML, like Gecko) Version/5.1 Mobile/9A405 Safari/7534.48.3"
192.96.212.129 - - [17/Nov/2017:21:20:10 +0000] "GET /item/electronics/2001 HTTP/1.1" 200 90 "/search/?c=Electronics+Software" "Mozilla/5.0 (Windows NT 6.1; WOW64; rv:10.0.1) Gecko/20100101 Firefox/10.0.1"
192.168.214.196 - - [17/Nov/2017:21:20:15 +0000] "GET /category/software HTTP/1.1" 200 76 "/item/electronics/3224" "Mozilla/4.0 (compatible; MSIE 8.0; Windows NT 6.1; Trident/4.0; YTB730; SLCC2; .NET CLR 2.0.50727; .NET CLR 3.5.30729; .NET CLR 3.0.30729; Media Center PC 6.0; .NET4.0C)"
116.180.157.149 - - [17/Nov/2017:21:20:20 +0000] "GET /item/garden/4153 HTTP/1.1" 200 77 "/category/garden" "Mozilla/5.0 (Windows NT 6.1; WOW64) AppleWebKit/535.11 (KHTML, like Gecko) Chrome/17.0.963.56 Safari/535.11"
56.195.124.151 - - [17/Nov/2017:21:20:25 +0000] "GET /item/electronics/1466 HTTP/1.1" 200 67 "-" "Mozilla/4.0 (compatible; MSIE 8.0; Windows NT 5.1; Trident/4.0; YTB720; GTB7.2; .NET CLR 1.1.4322; .NET CLR 2.0.50727; .NET CLR 3.0.4506.2152; .NET CLR 3.5.30729)"
64.111.228.178 - - [17/Nov/2017:21:20:30 +0000] "GET /category/electronics HTTP/1.1" 200 80 "/category/finance" "Mozilla/5.0 (Windows NT 6.1; WOW64; rv:10.0.1) Gecko/20100101 Firefox/10.0.1"
124.87.214.172 - - [17/Nov/2017:21:20:35 +0000] "GET /category/electronics HTTP/1.1" 200 44 "-" "Mozilla/4.0 (compatible; MSIE 8.0; Windows NT 5.1; Trident/4.0; BTRS122159; GTB7.2; .NET CLR 1.1.4322; .NET CLR 2.0.50727; .NET CLR 3.0.04506.30; .NET CLR 3.0.4506.2152; .NET CLR 3.5.30729; BRI/2)"
208.81.168.36 - - [17/Nov/2017:21:20:40 +0000] "GET /category/software HTTP/1.1" 200 92 "-" "Mozilla/5.0 (compatible; MSIE 9.0; Windows NT 6.1; Trident/5.0)"
120.33.154.173 - - [17/Nov/2017:21:20:45 +0000] "GET /category/garden HTTP/1.1" 200 121 "/item/software/992" "Mozilla/5.0 (Windows NT 6.0) AppleWebKit/535.11 (KHTML, like Gecko) Chrome/17.0.963.56 Safari/535.11"
152.153.163.83 - - [17/Nov/2017:21:20:50 +0000] "GET /category/software HTTP/1.1" 200 118 "-" "Mozilla/4.0 (compatible; MSIE 8.0; Windows NT 6.1; WOW64; Trident/4.0; YTB730; GTB7.2; SLCC2; .NET CLR 2.0.50727; .NET CLR 3.5.30729; .NET CLR 3.0.30729; .NET4.0C; .NET4.0E; Media Center PC 6.0)"
72.153.193.186 - - [17/Nov/2017:21:20:55 +0000] "GET /item/sports/4528 HTTP/1.1" 200 43 "-" "Mozilla/5.0 (Macintosh; Intel Mac OS X 10.6; rv:9.0.1) Gecko/20100101 Firefox/9.0.1"
224.207.157.219 - - [17/Nov/2017:21:21:00 +0000] "GET /item/games/4604 HTTP/1.1" 200 54 "/category/finance" "Mozilla/5.0 (iPad; CPU OS 5_0_1 like Mac OS X) AppleWebKit/534.46 (KHTML, like Gecko) Version/5.1 Mobile/9A405 Safari/7534.48.3"
20.144.126.37 - - [17/Nov/2017:21:21:05 +0000] "GET /item/electronics/1628 HTTP/1.1" 200 139 "/category/books" "Mozilla/5.0 (Windows NT 6.0; rv:10.0.1) Gecko/20100101 Firefox/10.0.1"
48.222.150.132 - - [17/Nov/2017:21:21:10 +0000] "GET /category/software?from=20 HTTP/1.1" 200 94 "/category/software" "Mozilla/4.0 (compatible; MSIE 8.0; Windows NT 5.1; Trident/4.0; YTB720; GTB7.2; .NET CLR 1.1.4322; .NET CLR 2.0.50727; .NET CLR 3.0.4506.2152; .NET CLR 3.5.30729)"
108.84.228.94 - - [17/Nov/2017:21:21:15 +0000] "GET /item/software/2109 HTTP/1.1" 200 107 "/search/?c=Software" "Mozilla/5.0 (Windows NT 6.1; WOW64; rv:10.0.1) Gecko/20100101 Firefox/10.0.1"
20.165.89.171 - - [17/Nov/2017:21:21:20 +0000] "GET /category/software HTTP/1.1" 200 134 "-" "Mozilla/4.0 (compatible; MSIE 8.0; Windows NT 5.1; Trident/4.0; BTRS122159; GTB7.2; .NET CLR 1.1.4322; .NET CLR 2.0.50727; .NET CLR 3.0.04506.30; .NET CLR 3.0.4506.2152; .NET CLR 3.5.30729; BRI/2)"
160.198.155.53 - - [17/Nov/2017:21:21:25 +0000] "GET /item/networking/3831 HTTP/1.1" 200 85 "/item/cameras/2541" "Mozilla/5.0 (compatible; Googlebot/2.1; +http://www.google.com/bot.html)"
100.84.214.95 - - [17/Nov/2017:21:21:30 +0000] "GET /item/electronics/446 HTTP/1.1" 200 44 "/category/games" "Mozilla/5.0 (Windows NT 6.1; WOW64) AppleWebKit/535.7 (KHTML, like Gecko) Chrome/16.0.912.77 Safari/535.7"
104.165.180.220 - - [17/Nov/2017:21:21:35 +0000] "GET /item/networking/435 HTTP/1.1" 200 109 "-" "Mozilla/5.0 (Windows NT 6.1; WOW64) AppleWebKit/535.11 (KHTML, like Gecko) Chrome/17.0.963.56 Safari/535.11"
128.120.138.51 - - [17/Nov/2017:21:21:40 +0000] "GET /category/garden HTTP/1.1" 200 135 "-" "Mozilla/5.0 (compatible; MSIE 9.0; Windows NT 6.1; WOW64; Trident/5.0)"
196.78.91.172 - - [17/Nov/2017:21:21:45 +0000] "GET /item/health/1862 HTTP/1.1" 200 89 "/category/music" "Mozilla/5.0 (iPad; CPU OS 5_0_1 like Mac OS X) AppleWebKit/534.46 (KHTML, like Gecko) Version/5.1 Mobile/9A405 Safari/7534.48.3"
184.30.98.141 - - [17/Nov/2017:21:21:50 +0000] "GET /category/toys HTTP/1.1" 200 132 "-" "Mozilla/5.0 (iPhone; CPU iPhone OS 5_0_1 like Mac OS X) AppleWebKit/534.46 (KHTML, like Gecko) Version/5.1 Mobile/9A405 Safari/7534.48.3"
60.225.108.28 - - [17/Nov/2017:21:21:55 +0000] "GET /item/garden/4648 HTTP/1.1" 200 76 "/search/?c=Jewelry" "Mozilla/5.0 (compatible; MSIE 9.0; Windows NT 6.1; WOW64; Trident/5.0)"
116.63.29.208 - - [17/Nov/2017:21:22:00 +0000] "GET /item/sports/4699 HTTP/1.1" 200 130 "-" "Mozilla/5.0 (Windows NT 6.1; WOW64; rv:10.0.1) Gecko/20100101 Firefox/10.0.1"
224.93.67.44 - - [17/Nov/2017:21:22:05 +0000] "GET /item/office/394 HTTP/1.1" 200 65 "-" "Mozilla/5.0 (Windows NT 6.1; WOW64) AppleWebKit/535.7 (KHTML, like Gecko) Chrome/16.0.912.77 Safari/535.7"
156.198.60.199 - - [17/Nov/2017:21:22:10 +0000] "POST /search/?c=Garden+Networking HTTP/1.1" 200 130 "-" "Mozilla/4.0 (compatible; MSIE 8.0; Windows NT 6.1; WOW64; Trident/4.0; YTB730; GTB7.2; SLCC2; .NET CLR 2.0.50727; .NET CLR 3.5.30729; .NET CLR 3.0.30729; .NET4.0C; .NET4.0E; Media Center PC 6.0)"
164.120.51.110 - - [17/Nov/2017:21:22:15 +0000] "GET /item/electronics/3529 HTTP/1.1" 404 122 "/search/?c=Software+Software" "Mozilla/5.0 (Macintosh; Intel Mac OS X 10.6; rv:9.0.1) Gecko/20100101 Firefox/9.0.1"
140.183.67.108 - - [17/Nov/2017:21:22:20 +0000] "GET /category/networking HTTP/1.1" 200 103 "/category/electronics" "Mozilla/5.0 (Macintosh; Intel Mac OS X 10.6; rv:9.0.1) Gecko/20100101 Firefox/9.0.1"
220.105.182.218 - - [17/Nov/2017:21:22:25 +0000] "GET /category/electronics HTTP/1.1" 200 61 "/category/software" "Mozilla/5.0 (Windows NT 6.1; WOW64) AppleWebKit/535.11 (KHTML, like Gecko) Chrome/17.0.963.56 Safari/535.11"
164.48.123.206 - - [17/Nov/2017:21:22:30 +0000] "GET /item/books/570 HTTP/1.1" 200 92 "-" "Mozilla/5.0 (compatible; MSIE 9.0; Windows NT 6.1; WOW64; Trident/5.0)"
88.228.108.129 - - [17/Nov/2017:21:22:35 +0000] "GET /category/software HTTP/1.1" 200 108 "-" "Mozilla/4.0 (compatible; MSIE 8.0; Windows NT 6.1; WOW64; Trident/4.0; GTB7.2; SLCC2; .NET CLR 2.0.50727; .NET CLR 3.5.30729; .NET CLR 3.0.30729; Media Center PC 6.0; .NET4.0C)"
76.132.177.175 - - [17/Nov/2017:21:22:40 +0000] "GET /category/office HTTP/1.1" 200 87 "/category/office" "Mozilla/5.0 (Windows NT 6.0) AppleWebKit/535.11 (KHTML, like Gecko) Chrome/17.0.963.56 Safari/535.11"
36.126.150.23 - - [17/Nov/2017:21:22:45 +0000] "GET /category/electronics HTTP/1.1" 200 82 "-" "Mozilla/5.0 (iPad; CPU OS 5_0_1 like Mac OS X) AppleWebKit/534.46 (KHTML, like Gecko) Version/5.1 Mobile/9A405 Safari/7534.48.3"
176.87.116.29 - - [17/Nov/2017:21:22:50 +0000] "GET /item/books/515 HTTP/1.1" 200 124 "/category/electronics" "Mozilla/5.0 (compatible; MSIE 9.0; Windows NT 6.1; Trident/5.0)"
56.168.99.190 - - [17/Nov/2017:21:22:55 +0000] "POST /search/?c=Software HTTP/1.1" 200 42 "-" "Mozilla/5.0 (compatible; MSIE 9.0; Windows NT 6.1; Trident/5.0)"
52.153.207.187 - - [17/Nov/2017:21:23:00 +0000] "GET /category/software HTTP/1.1" 200 127 "-" "Mozilla/5.0 (Windows NT 6.1; WOW64; rv:10.0.1) Gecko/20100101 Firefox/10.0.1"
212.156.57.223 - - [17/Nov/2017:21:23:05 +0000] "GET /category/giftcards HTTP/1.1" 200 109 "-" "Mozilla/4.0 (compatible; MSIE 8.0; Windows NT 5.1; Trident/4.0; YTB720; GTB7.2; .NET CLR 1.1.4322; .NET CLR 2.0.50727; .NET CLR 3.0.4506.2152; .NET CLR 3.5.30729)"
144.51.141.192 - - [17/Nov/2017:21:23:10 +0000] "GET /category/books HTTP/1.1" 200 84 "/item/books/4586" "Mozilla/5.0 (Windows NT 6.0; rv:10.0.1) Gecko/20100101 Firefox/10.0.1"
84.216.40.211 - - [17/Nov/2017:21:23:15 +0000] "GET /category/software HTTP/1.1" 200 94 "-" "Mozilla/5.0 (Windows NT 6.1; WOW64) AppleWebKit/535.7 (KHTML, like Gecko) Chrome/16.0.912.77 Safari/535.7"
40.36.91.188 - - [17/Nov/2017:21:23:20 +0000] "GET /category/software HTTP/1.1" 200 121 "-" "Mozilla/5.0 (iPhone; CPU iPhone OS 5_0_1 like Mac OS X) AppleWebKit/534.46 (KHTML, like Gecko) Version/5.1 Mobile/9A405 Safari/7534.48.3"
156.198.60.199 - - [17/Nov/2017:21:23:25 +0000] "GET /item/electronics/4582 HTTP/1.1" 200 48 "/category/office" "Mozilla/5.0 (compatible; MSIE 9.0; Windows NT 6.1; WOW64; Trident/5.0)"
200.78.216.173 - - [17/Nov/2017:21:23:30 +0000] "GET /category/office HTTP/1.1" 200 43 "/item/networking/2789" "Mozilla/5.0 (Windows NT 6.0; rv:10.0.1) Gecko/20100101 Firefox/10.0.1"
164.165.47.101 - - [17/Nov/2017:21:23:35 +0000] "GET /category/software HTTP/1.1" 200 113 "-" "Mozilla/5.0 (Windows NT 6.1; WOW64) AppleWebKit/535.11 (KHTML, like Gecko) Chrome/17.0.963.56 Safari/535.11"
216.129.86.169 - - [17/Nov/2017:21:23:40 +0000] "GET /item/giftcards/2263 HTTP/1.1" 200 78 "-" "Mozilla/5.0 (compatible; MSIE 9.0; Windows NT 6.1; WOW64; Trident/5.0)"
104.216.208.39 - - [17/Nov/2017:21:23:45 +0000] "GET /category/electronics HTTP/1.1" 200 116 "-" "Mozilla/5.0 (Windows NT 6.1; WOW64) AppleWebKit/535.11 (KHTML, like Gecko) Chrome/17.0.963.56 Safari/535.11"
212.204.212.109 - - [17/Nov/2017:21:23:50 +0000] "GET /category/books HTTP/1.1" 200 78 "http://www.google.com/search?ie=UTF-8&q=google&sclient=psy-ab&q=Books&oq=Books&aq=f&aqi=g-vL1&aql=&pbx=1&bav=on.2,or.r_gc.r_pw.r_qf.,cf.osb&biw=4638&bih=188" "Mozilla/5.0 (Macintosh; Intel Mac OS X 10.6; rv:9.0.1) Gecko/20100101 Firefox/9.0.1"
220.93.97.101 - - [17/Nov/2017:21:23:55 +0000] "GET /category/software?from=0 HTTP/1.1" 200 77 "/search/?c=Software+Finance" "Mozilla/5.0 (compatible; MSIE 9.0; Windows NT 6.1; Trident/5.0)"
80.126.81.138 - - [17/Nov/2017:21:24:00 +0000] "GET /item/office/278 HTTP/1.1" 200 108 "/search/?c=Office" "Mozilla/5.0 (Windows NT 6.1; WOW64) AppleWebKit/535.7 (KHTML, like Gecko) Chrome/16.0.912.77 Safari/535.7"
28.207.155.107 - - [17/Nov/2017:21:24:05 +0000] "GET /category/electronics HTTP/1.1" 200 58 "http://www.google.com/search?ie=UTF-8&q=google&sclient=psy-ab&q=Electronics+Garden&oq=Electronics+Garden&aq=f&aqi=g-vL1&aql=&pbx=1&bav=on.2,or.r_gc.r_pw.r_qf.,cf.osb&biw=18&bih=214" "Mozilla/5.0 (Windows NT 6.1; WOW64) AppleWebKit/535.11 (KHTML, like Gecko) Chrome/17.0.963.56 Safari/535.11"
40.36.91.188 - - [17/Nov/2017:21:24:10 +0000] "GET /category/electronics HTTP/1.1" 200 48 "/category/networking" "Mozilla/5.0 (Windows NT 6.0) AppleWebKit/535.11 (KHTML, like Gecko) Chrome/17.0.963.56 Safari/535.11"
32.171.95.119 - - [17/Nov/2017:21:24:15 +0000] "GET /category/jewelry HTTP/1.1" 200 40 "/category/software?from=10" "Mozilla/4.0 (compatible; MSIE 8.0; Windows NT 5.1; Trident/4.0; BTRS122159; GTB7.2; .NET CLR 1.1.4322; .NET CLR 2.0.50727; .NET CLR 3.0.04506.30; .NET CLR 3.0.4506.2152; .NET CLR 3.5.30729; BRI/2)"
156.51.157.126 - - [17/Nov/2017:21:24:20 +0000] "GET /item/finance/4688 HTTP/1.1" 200 96 "/category/jewelry" "Mozilla/4.0 (compatible; MSIE 8.0; Windows NT 6.0; WOW64; Trident/4.0; GTB6; SLCC1; .NET CLR 2.0.50727; Media Center PC 5.0; .NET CLR 3.5.30729; .NET CLR 3.0.30618; .NET4.0C)"
20.69.121.129 - - [17/Nov/2017:21:24:25 +0000] "GET /item/cameras/2299 HTTP/1.1" 200 64 "-" "Mozilla/4.0 (compatible; MSIE 8.0; Windows NT 6.1; WOW64; Trident/4.0; GTB7.2; SLCC2; .NET CLR 2.0.50727; .NET CLR 3.5.30729; .NET CLR 3.0.30729; Media Center PC 6.0; .NET4.0C)"
100.168.183.82 - - [17/Nov/2017:21:24:30 +0000] "GET /item/electronics/4574 HTTP/1.1" 200 98 "-" "Mozilla/5.0 (Windows NT 6.0) AppleWebKit/535.11 (KHTML, like Gecko) Chrome/17.0.963.56 Safari/535.11"
72.96.123.40 - - [17/Nov/2017:21:24:35 +0000] "GET /category/software HTTP/1.1" 200 84 "/category/office" "Mozilla/5.0 (Windows NT 6.0) AppleWebKit/535.11 (KHTML, like Gecko) Chrome/17.0.963.56 Safari/535.11"
108.27.225.109 - - [17/Nov/2017:21:24:40 +0000] "GET /item/computers/1693 HTTP/1.1" 200 110 "/category/electronics?from=20" "Mozilla/5.0 (Windows NT 6.0; rv:10.0.1) Gecko/20100101 Firefox/10.0.1"
84.72.133.74 - - [17/Nov/2017:21:24:45 +0000] "GET /category/software?from=0 HTTP/1.1" 200 40 "-" "Mozilla/5.0 (Windows NT 5.1) AppleWebKit/535.11 (KHTML, like Gecko) Chrome/17.0.963.46 Safari/535.11"
84.123.83.114 - - [17/Nov/2017:21:24:50 +0000] "POST /search/?c=Office HTTP/1.1" 200 131 "-" "Mozilla/5.0 (Windows NT 5.1) AppleWebKit/535.11 (KHTML, like Gecko) Chrome/17.0.963.46 Safari/535.11"
192.36.167.103 - - [17/Nov/2017:21:24:55 +0000] "GET /category/office?from=0 HTTP/1.1" 200 50 "/category/giftcards?from=10" "Mozilla/5.0 (Windows NT 6.1; WOW64) AppleWebKit/535.11 (KHTML, like Gecko) Chrome/17.0.963.56 Safari/535.11"
92.180.25.27 - - [17/Nov/2017:21:25:00 +0000] "GET /item/electronics/1095 HTTP/1.1" 200 106 "-" "Mozilla/4.0 (compatible; MSIE 8.0; Windows NT 6.1; WOW64; Trident/4.0; YTB730; GTB7.2; SLCC2; .NET CLR 2.0.50727; .NET CLR 3.5.30729; .NET CLR 3.0.30729; .NET4.0C; .NET4.0E; Media Center PC 6.0)"
112.69.33.49 - - [17/Nov/2017:21:25:05 +0000] "GET /category/electronics HTTP/1.1" 200 52 "-" "Mozilla/5.0 (Windows NT 6.1; WOW64; rv:10.0.1) Gecko/20100101 Firefox/10.0.1"
216.192.41.57 - - [17/Nov/2017:21:25:10 +0000] "GET /item/electronics/261 HTTP/1.1" 200 70 "/item/toys/2937" "Mozilla/4.0 (compatible; MSIE 8.0; Windows NT 5.1; Trident/4.0; YTB720; GTB7.2; .NET CLR 1.1.4322; .NET CLR 2.0.50727; .NET CLR 3.0.4506.2152; .NET CLR 3.5.30729)"
112.60.183.55 - - [17/Nov/2017:21:25:15 +0000] "GET /category/books HTTP/1.1" 200 129 "/item/garden/1220" "Mozilla/4.0 (compatible; MSIE 8.0; Windows NT 6.1; Trident/4.0; YTB730; SLCC2; .NET CLR 2.0.50727; .NET CLR 3.5.30729; .NET CLR 3.0.30729; Media Center PC 6.0; .NET4.0C)"
100.81.22.31 - - [17/Nov/2017:21:25:20 +0000] "GET /item/toys/1044 HTTP/1.1" 200 40 "/category/electronics" "Mozilla/5.0 (iPhone; CPU iPhone OS 5_0_1 like Mac OS X) AppleWebKit/534.46 (KHTML, like Gecko) Version/5.1 Mobile/9A405 Safari/7534.48.3"
192.54.221.227 - - [17/Nov/2017:21:25:25 +0000] "GET /category/electronics HTTP/1.1" 200 67 "/category/software" "Mozilla/5.0 (compatible; MSIE 9.0; Windows NT 6.1; WOW64; Trident/5.0)"
208.201.84.127 - - [17/Nov/2017:21:25:30 +0000] "GET /category/electronics HTTP/1.1" 200 49 "/item/health/1094" "Mozilla/5.0 (Windows NT 6.1; WOW64) AppleWebKit/535.7 (KHTML, like Gecko) Chrome/16.0.912.77 Safari/535.7"
72.225.153.31 - - [17/Nov/2017:21:25:35 +0000] "GET /item/office/2035 HTTP/1.1" 200 120 "/search/?c=Office" "Mozilla/5.0 (Windows NT 6.0; rv:10.0.1) Gecko/20100101 Firefox/10.0.1"
192.36.167.103 - - [17/Nov/2017:21:25:40 +0000] "GET /item/electronics/953 HTTP/1.1" 200 59 "/item/garden/2308" "Mozilla/5.0 (Windows NT 6.1; WOW64) AppleWebKit/535.11 (KHTML, like Gecko) Chrome/17.0.963.56 Safari/535.11"
112.192.110.197 - - [17/Nov/2017:21:25:45 +0000] "GET /category/garden HTTP/1.1" 200 47 "/category/books" "Mozilla/5.0 (Windows NT 6.1; WOW64; rv:10.0.1) Gecko/20100101 Firefox/10.0.1"
180.60.171.28 - - [17/Nov/2017:21:25:50 +0000] "GET /category/electronics HTTP/1.1" 200 61 "http://www.google.com/search?ie=UTF-8&q=google&sclient=psy-ab&q=Electronics&oq=Electronics&aq=f&aqi=g-vL1&aql=&pbx=1&bav=on.2,or.r_gc.r_pw.r_qf.,cf.osb&biw=2934&bih=408" "Mozilla/5.0 (Windows NT 6.1; WOW64; rv:10.0.1) Gecko/20100101 Firefox/10.0.1"
136.60.226.41 - - [17/Nov/2017:21:25:55 +0000] "GET /category/electronics HTTP/1.1" 200 88 "-" "Mozilla/4.0 (compatible; MSIE 8.0; Windows NT 5.1; Trident/4.0; BTRS122159; GTB7.2; .NET CLR 1.1.4322; .NET CLR 2.0.50727; .NET CLR 3.0.04506.30; .NET CLR 3.0.4506.2152; .NET CLR 3.5.30729; BRI/2)"
124.159.56.90 - - [17/Nov/2017:21:26:00 +0000] "GET /category/software?from=0 HTTP/1.1" 200 64 "/category/sports" "Mozilla/5.0 (compatible; MSIE 9.0; Windows NT 6.1; Trident/5.0)"
36.33.116.55 - - [17/Nov/2017:21:26:05 +0000] "GET /item/electronics/4270 HTTP/1.1" 200 118 "/search/?c=Electronics" "Mozilla/4.0 (compatible; MSIE 8.0; Windows NT 5.1; Trident/4.0; BTRS122159; GTB7.2; .NET CLR 1.1.4322; .NET CLR 2.0.50727; .NET CLR 3.0.04506.30; .NET CLR 3.0.4506.2152; .NET CLR 3.5.30729; BRI/2)"
116.153.59.162 - - [17/Nov/2017:21:26:10 +0000] "GET /category/electronics HTTP/1.1" 200 83 "-" "Mozilla/5.0 (compatible; MSIE 9.0; Windows NT 6.1; WOW64; Trident/5.0)"
92.123.218.35 - - [17/Nov/2017:21:26:15 +0000] "GET /item/software/2699 HTTP/1.1" 200 50 "/category/sports?from=0" "Mozilla/5.0 (compatible; MSIE 9.0; Windows NT 6.1; WOW64; Trident/5.0)"
216.99.176.92 - - [17/Nov/2017:21:26:20 +0000] "GET /item/jewelry/3466 HTTP/1.1" 200 130 "/search/?c=Software+Garden" "Mozilla/5.0 (Windows NT 6.1; WOW64) AppleWebKit/535.11 (KHTML, like Gecko) Chrome/17.0.963.56 Safari/535.11"
164.195.181.157 - - [17/Nov/2017:21:26:25 +0000] "GET /item/games/2751 HTTP/1.1" 200 43 "/search/?c=Games" "Mozilla/5.0 (compatible; MSIE 9.0; Windows NT 6.1; Trident/5.0)"
48.75.157.55 - - [17/Nov/2017:21:26:30 +0000] "GET /item/electronics/1195 HTTP/1.1" 200 46 "http://www.google.com/search?ie=UTF-8&q=google&sclient=psy-ab&q=Electronics+Software&oq=Electronics+Software&aq=f&aqi=g-vL1&aql=&pbx=1&bav=on.2,or.r_gc.r_pw.r_qf.,cf.osb&biw=3551&bih=358" "Mozilla/5.0 (Windows NT 6.0) AppleWebKit/535.11 (KHTML, like Gecko) Chrome/17.0.963.56 Safari/535.11"
56.150.73.159 - - [17/Nov/2017:21:26:35 +0000] "GET /category/software HTTP/1.1" 200 105 "http://www.google.com/search?ie=UTF-8&q=google&sclient=psy-ab&q=Software+Office&oq=Software+Office&aq=f&aqi=g-vL1&aql=&pbx=1&bav=on.2,or.r_gc.r_pw.r_qf.,cf.osb&biw=1641&bih=393" "Mozilla/5.0 (iPad; CPU OS 5_0_1 like Mac OS X) AppleWebKit/534.46 (KHTML, like Gecko) Version/5.1 Mobile/9A405 Safari/7534.48.3"
212.117.157.59 - - [17/Nov/2017:21:26:40 +0000] "GET /category/electronics HTTP/1.1" 200 61 "http://www.google.com/search?ie=UTF-8&q=google&sclient=psy-ab&q=Electronics&oq=Electronics&aq=f&aqi=g-vL1&aql=&pbx=1&bav=on.2,or.r_gc.r_pw.r_qf.,cf.osb&biw=3889&bih=329" "Mozilla/5.0 (compatible; MSIE 9.0; Windows NT 6.1; Trident/5.0)"
196.24.211.196 - - [17/Nov/2017:21:26:45 +0000] "GET /item/toys/2937 HTTP/1.1" 200 54 "/category/finance" "Mozilla/5.0 (compatible; Googlebot/2.1; +http://www.google.com/bot.html)"
212.189.128.184 - - [17/Nov/2017:21:26:50 +0000] "GET /item/cameras/4503 HTTP/1.1" 200 92 "http://www.google.com/search?ie=UTF-8&q=google&sclient=psy-ab&q=Cameras+Software&oq=Cameras+Software&aq=f&aqi=g-vL1&aql=&pbx=1&bav=on.2,or.r_gc.r_pw.r_qf.,cf.osb&biw=2954&bih=154" "Mozilla/5.0 (Windows NT 6.1; WOW64) AppleWebKit/535.7 (KHTML, like Gecko) Chrome/16.0.912.77 Safari/535.7"
116.36.140.116 - - [17/Nov/2017:21:26:55 +0000] "GET /category/software HTTP/1.1" 200 73 "/item/electronics/1678" "Mozilla/5.0 (Windows NT 6.0) AppleWebKit/535.11 (KHTML, like Gecko) Chrome/17.0.963.56 Safari/535.11"
144.165.175.190 - - [17/Nov/2017:21:27:00 +0000] "GET /item/office/394 HTTP/1.1" 200 65 "-" "Mozilla/5.0 (Macintosh; Intel Mac OS X 10.6; rv:9.0.1) Gecko/20100101 Firefox/9.0.1"
52.135.193.44 - - [17/Nov/2017:21:27:05 +0000] "GET /category/games HTTP/1.1" 200 104 "-" "Mozilla/5.0 (compatible; Googlebot/2.1; +http://www.google.com/bot.html)"
152.225.175.76 - - [17/Nov/2017:21:27:10 +0000] "GET /category/jewelry HTTP/1.1" 200 48 "/item/electronics/1216" "Mozilla/5.0 (Macintosh; Intel Mac OS X 10.6; rv:9.0.1) Gecko/20100101 Firefox/9.0.1"
84.126.57.104 - - [17/Nov/2017:21:27:15 +0000] "GET /item/games/4058 HTTP/1.1" 200 94 "/item/software/1271" "Mozilla/5.0 (Windows NT 6.0; rv:10.0.1) Gecko/20100101 Firefox/10.0.1"
136.222.62.176 - - [17/Nov/2017:21:27:20 +0000] "GET /item/software/2190 HTTP/1.1" 200 70 "/category/office" "Mozilla/5.0 (compatible; MSIE 9.0; Windows NT 6.1; Trident/5.0)"
192.168.214.196 - - [17/Nov/2017:21:27:25 +0000] "GET /item/computers/3622 HTTP/1.1" 200 110 "/category/books?from=10" "Mozilla/5.0 (Windows NT 6.0; rv:10.0.1) Gecko/20100101 Firefox/10.0.1"
112.57.196.125 - - [17/Nov/2017:21:27:30 +0000] "GET /category/electronics HTTP/1.1" 200 107 "/category/books" "Mozilla/5.0 (Windows NT 6.0; rv:10.0.1) Gecko/20100101 Firefox/10.0.1"
72.120.175.129 - - [17/Nov/2017:21:27:35 +0000] "GET /category/software HTTP/1.1" 200 68 "-" "Mozilla/5.0 (iPhone; CPU iPhone OS 5_0_1 like Mac OS X) AppleWebKit/534.46 (KHTML, like Gecko) Version/5.1 Mobile/9A405 Safari/7534.48.3"
84.21.159.189 - - [17/Nov/2017:21:27:40 +0000] "GET /category/electronics HTTP/1.1" 200 91 "/category/finance" "Mozilla/5.0 (Macintosh; Intel Mac OS X 10.6; rv:9.0.1) Gecko/20100101 Firefox/9.0.1"
124.87.214.172 - - [17/Nov/2017:21:27:45 +0000] "GET /category/software?from=20 HTTP/1.1" 200 100 "/category/software" "Mozilla/4.0 (compatible; MSIE 8.0; Windows NT 5.1; Trident/4.0; BTRS122159; GTB7.2; .NET CLR 1.1.4322; .NET CLR 2.0.50727; .NET CLR 3.0.04506.30; .NET CLR 3.0.4506.2152; .NET CLR 3.5.30729; BRI/2)"
132.192.89.145 - - [17/Nov/2017:21:27:50 +0000] "GET /item/electronics/2972 HTTP/1.1" 200 130 "/category/electronics" "Mozilla/4.0 (compatible; MSIE 8.0; Windows NT 5.1; Trident/4.0; BTRS122159; GTB7.2; .NET CLR 1.1.4322; .NET CLR 2.0.50727; .NET CLR 3.0.04506.30; .NET CLR 3.0.4506.2152; .NET CLR 3.5.30729; BRI/2)"
124.222.42.225 - - [17/Nov/2017:21:27:55 +0000] "GET /category/jewelry HTTP/1.1" 200 116 "-" "Mozilla/5.0 (Macintosh; Intel Mac OS X 10.6; rv:9.0.1) Gecko/20100101 Firefox/9.0.1"
44.36.69.119 - - [17/Nov/2017:21:28:00 +0000] "GET /item/toys/2937 HTTP/1.1" 200 54 "/search/?c=Toys" "Mozilla/5.0 (compatible; MSIE 9.0; Windows NT 6.1; Trident/5.0)"
200.192.163.62 - - [17/Nov/2017:21:28:05 +0000] "GET /category/office HTTP/1.1" 200 128 "/category/music" "Mozilla/5.0 (compatible; Googlebot/2.1; +http://www.google.com/bot.html)"
192.108.192.88 - - [17/Nov/2017:21:28:10 +0000] "GET /category/software HTTP/1.1" 200 105 "-" "Mozilla/5.0 (compatible; MSIE 9.0; Windows NT 6.1; WOW64; Trident/5.0)"
152.90.227.164 - - [17/Nov/2017:21:28:15 +0000] "GET /category/software HTTP/1.1" 200 98 "-" "Mozilla/4.0 (compatible; MSIE 8.0; Windows NT 5.1; Trident/4.0; BTRS122159; GTB7.2; .NET CLR 1.1.4322; .NET CLR 2.0.50727; .NET CLR 3.0.04506.30; .NET CLR 3.0.4506.2152; .NET CLR 3.5.30729; BRI/2)"
24.216.105.63 - - [17/Nov/2017:21:28:20 +0000] "GET /item/books/939 HTTP/1.1" 200 48 "/item/electronics/1089" "Mozilla/5.0 (Windows NT 5.1) AppleWebKit/535.11 (KHTML, like Gecko) Chrome/17.0.963.46 Safari/535.11"
100.144.219.108 - - [17/Nov/2017:21:28:25 +0000] "POST /search/?c=Software+Electronics HTTP/1.1" 200 97 "/category/office" "Mozilla/5.0 (Windows NT 6.1; WOW64) AppleWebKit/535.11 (KHTML, like Gecko) Chrome/17.0.963.56 Safari/535.11"
44.138.105.89 - - [17/Nov/2017:21:28:30 +0000] "GET /category/electronics HTTP/1.1" 200 82 "-" "Mozilla/5.0 (Windows NT 6.0; rv:10.0.1) Gecko/20100101 Firefox/10.0.1"
192.42.201.189 - - [17/Nov/2017:21:28:35 +0000] "GET /category/books?from=10 HTTP/1.1" 200 89 "/category/music" "Mozilla/5.0 (Windows NT 6.1; WOW64) AppleWebKit/535.11 (KHTML, like Gecko) Chrome/17.0.963.56 Safari/535.11"
140.51.85.207 - - [17/Nov/2017:21:28:40 +0000] "GET /category/electronics HTTP/1.1" 200 64 "/category/cameras" "Mozilla/5.0 (Windows NT 6.1; WOW64) AppleWebKit/535.11 (KHTML, like Gecko) Chrome/17.0.963.56 Safari/535.11"
56.36.38.124 - - [17/Nov/2017:21:28:45 +0000] "GET /category/finance HTTP/1.1" 200 52 "/category/software" "Mozilla/5.0 (iPad; CPU OS 5_0_1 like Mac OS X) AppleWebKit/534.46 (KHTML, like Gecko) Version/5.1 Mobile/9A405 Safari/7534.48.3"
216.129.86.169 - - [17/Nov/2017:21:28:50 +0000] "GET /category/software HTTP/1.1" 200 105 "/category/games?from=20" "Mozilla/5.0 (compatible; MSIE 9.0; Windows NT 6.1; WOW64; Trident/5.0)"
208.30.147.227 - - [17/Nov/2017:21:28:55 +0000] "GET /item/giftcards/202 HTTP/1.1" 200 51 "/search/?c=Giftcards+Cameras" "Mozilla/5.0 (Windows NT 6.1; WOW64) AppleWebKit/535.7 (KHTML, like Gecko) Chrome/16.0.912.77 Safari/535.7"
228.165.180.112 - - [17/Nov/2017:21:29:00 +0000] "GET /item/games/2750 HTTP/1.1" 200 102 "-" "Mozilla/5.0 (compatible; Googlebot/2.1; +http://www.google.com/bot.html)"
168.150.74.102 - - [17/Nov/2017:21:29:05 +0000] "GET /item/games/1456 HTTP/1.1" 200 111 "/category/software?from=10" "Mozilla/5.0 (compatible; MSIE 9.0; Windows NT 6.1; WOW64; Trident/5.0)"
228.81.180.20 - - [17/Nov/2017:21:29:10 +0000] "GET /category/cameras HTTP/1.1" 200 55 "http://www.google.com/search?ie=UTF-8&q=google&sclient=psy-ab&q=Cameras&oq=Cameras&aq=f&aqi=g-vL1&aql=&pbx=1&bav=on.2,or.r_gc.r_pw.r_qf.,cf.osb&biw=4944&bih=271" "Mozilla/4.0 (compatible; MSIE 8.0; Windows NT 6.1; WOW64; Trident/4.0; YTB730; GTB7.2; EasyBits GO v1.0; SLCC2; .NET CLR 2.0.50727; .NET CLR 3.5.30729; .NET CLR 3.0.30729; Media Center PC 6.0; .NET4.0C)"
216.129.86.169 - - [17/Nov/2017:21:29:15 +0000] "GET /item/networking/4174 HTTP/1.1" 200 125 "/item/books/3101" "Mozilla/5.0 (Windows NT 6.1; WOW64) AppleWebKit/535.11 (KHTML, like Gecko) Chrome/17.0.963.56 Safari/535.11"
152.225.175.76 - - [17/Nov/2017:21:29:20 +0000] "GET /category/office HTTP/1.1" 200 46 "-" "Mozilla/5.0 (Windows NT 6.1; WOW64) AppleWebKit/535.11 (KHTML, like Gecko) Chrome/17.0.963.56 Safari/535.11"
148.51.21.124 - - [17/Nov/2017:21:29:25 +0000] "GET /category/books HTTP/1.1" 200 57 "/item/office/1686" "Mozilla/5.0 (compatible; MSIE 9.0; Windows NT 6.1; WOW64; Trident/5.0)"
172.171.155.192 - - [17/Nov/2017:21:29:30 +0000] "GET /item/electronics/3224 HTTP/1.1" 200 120 "/category/electronics" "Mozilla/5.0 (iPhone; CPU iPhone OS 5_0_1 like Mac OS X) AppleWebKit/534.46 (KHTML, like Gecko) Version/5.1 Mobile/9A405 Safari/7534.48.3"
180.54.65.44 - - [17/Nov/2017:21:29:35 +0000] "GET /category/garden?from=0 HTTP/1.1" 200 90 "-" "Mozilla/5.0 (Windows NT 6.1; WOW64) AppleWebKit/535.7 (KHTML, like Gecko) Chrome/16.0.912.77 Safari/535.7"
28.21.175.63 - - [17/Nov/2017:21:29:40 +0000] "GET /category/software HTTP/1.1" 200 76 "-" "Mozilla/5.0 (Windows NT 6.1; WOW64) AppleWebKit/535.11 (KHTML, like Gecko) Chrome/17.0.963.56 Safari/535.11"
176.117.229.92 - - [17/Nov/2017:21:29:45 +0000] "GET /category/electronics HTTP/1.1" 200 65 "-" "Mozilla/5.0 (Windows NT 6.0) AppleWebKit/535.11 (KHTML, like Gecko) Chrome/17.0.963.56 Safari/535.11"
184.198.208.220 - - [17/Nov/2017:21:29:50 +0000] "GET /item/electronics/4574 HTTP/1.1" 200 98 "/category/electronics" "Mozilla/5.0 (Windows NT 5.1) AppleWebKit/535.11 (KHTML, like Gecko) Chrome/17.0.963.46 Safari/535.11"
224.210.40.49 - - [17/Nov/2017:21:29:55 +0000] "GET /item/sports/3881 HTTP/1.1" 200 89 "-" "Mozilla/5.0 (compatible; Googlebot/2.1; +http://www.google.com/bot.html)"
204.78.117.193 - - [17/Nov/2017:21:30:00 +0000] "GET /category/software HTTP/1.1" 200 134 "/category/office" "Mozilla/5.0 (Windows NT 6.0) AppleWebKit/535.11 (KHTML, like Gecko) Chrome/17.0.963.56 Safari/535.11"
72.120.175.129 - - [17/Nov/2017:21:30:05 +0000] "GET /category/finance HTTP/1.1" 200 132 "/category/computers" "Mozilla/5.0 (Windows NT 6.0) AppleWebKit/535.11 (KHTML, like Gecko) Chrome/17.0.963.56 Safari/535.11"
72.138.197.227 - - [17/Nov/2017:21:30:10 +0000] "GET /category/games HTTP/1.1" 200 44 "/item/electronics/379" "Mozilla/5.0 (compatible; Googlebot/2.1; +http://www.google.com/bot.html)"
140.36.89.127 - - [17/Nov/2017:21:30:15 +0000] "GET /category/finance?from=10 HTTP/1.1" 200 96 "/item/books/1503" "Mozilla/5.0 (Windows NT 6.1; WOW64; rv:10.0.1) Gecko/20100101 Firefox/10.0.1"
188.138.65.208 - - [17/Nov/2017:21:30:20 +0000] "GET /category/computers HTTP/1.1" 200 114 "/item/software/1527" "Mozilla/5.0 (compatible; MSIE 9.0; Windows NT 6.1; Trident/5.0)"
24.99.27.123 - - [17/Nov/2017:21:30:25 +0000] "GET /category/software?from=20 HTTP/1.1" 200 78 "/search/?c=Software" "Mozilla/4.0 (compatible; MSIE 8.0; Windows NT 5.1; Trident/4.0; BTRS122159; GTB7.2; .NET CLR 1.1.4322; .NET CLR 2.0.50727; .NET CLR 3.0.04506.30; .NET CLR 3.0.4506.2152; .NET CLR 3.5.30729; BRI/2)"
76.39.153.224 - - [17/Nov/2017:21:30:30 +0000] "GET /category/books?from=20 HTTP/1.1" 200 121 "/category/computers" "Mozilla/4.0 (compatible; MSIE 8.0; Windows NT 5.1; Trident/4.0; BTRS122159; GTB7.2; .NET CLR 1.1.4322; .NET CLR 2.0.50727; .NET CLR 3.0.04506.30; .NET CLR 3.0.4506.2152; .NET CLR 3.5.30729; BRI/2)"
116.60.31.130 - - [17/Nov/2017:21:30:35 +0000] "GET /item/computers/4448 HTTP/1.1" 200 100 "/search/?c=Office" "Mozilla/4.0 (compatible; MSIE 8.0; Windows NT 6.1; Trident/4.0; YTB730; SLCC2; .NET CLR 2.0.50727; .NET CLR 3.5.30729; .NET CLR 3.0.30729; Media Center PC 6.0; .NET4.0C)"
192.207.80.72 - - [17/Nov/2017:21:30:40 +0000] "GET /category/software HTTP/1.1" 200 129 "/category/toys" "Mozilla/4.0 (compatible; MSIE 8.0; Windows NT 6.1; WOW64; Trident/4.0; YTB730; GTB7.2; EasyBits GO v1.0; SLCC2; .NET CLR 2.0.50727; .NET CLR 3.5.30729; .NET CLR 3.0.30729; Media Center PC 6.0; .NET4.0C)"
96.219.205.43 - - [17/Nov/2017:21:30:45 +0000] "GET /category/health HTTP/1.1" 200 104 "/category/cameras" "Mozilla/5.0 (Windows NT 6.0; rv:10.0.1) Gecko/20100101 Firefox/10.0.1"
204.111.23.227 - - [17/Nov/2017:21:30:50 +0000] "GET /category/jewelry HTTP/1.1" 200 40 "/category/games" "Mozilla/4.0 (compatible; MSIE 8.0; Windows NT 6.1; WOW64; Trident/4.0; GTB7.2; SLCC2; .NET CLR 2.0.50727; .NET CLR 3.5.30729; .NET CLR 3.0.30729; Media Center PC 6.0; .NET4.0C)"
208.201.84.127 - - [17/Nov/2017:21:30:55 +0000] "GET /category/jewelry HTTP/1.1" 200 82 "/category/garden" "Mozilla/4.0 (compatible; MSIE 8.0; Windows NT 6.1; WOW64; Trident/4.0; GTB7.2; SLCC2; .NET CLR 2.0.50727; .NET CLR 3.5.30729; .NET CLR 3.0.30729; Media Center PC 6.0; .NET4.0C)"
28.63.225.191 - - [17/Nov/2017:21:31:00 +0000] "GET /item/electronics/2653 HTTP/1.1" 200 139 "/item/giftcards/4709" "Mozilla/4.0 (compatible; MSIE 8.0; Windows NT 5.1; Trident/4.0; YTB720; GTB7.2; .NET CLR 1.1.4322; .NET CLR 2.0.50727; .NET CLR 3.0.4506.2152; .NET CLR 3.5.30729)"
44.198.209.156 - - [17/Nov/2017:21:31:05 +0000] "GET /category/garden?from=20 HTTP/1.1" 200 69 "/item/software/85" "Mozilla/5.0 (Windows NT 6.1; WOW64) AppleWebKit/535.11 (KHTML, like Gecko) Chrome/17.0.963.56 Safari/535.11"
152.87.163.219 - - [17/Nov/2017:21:31:10 +0000] "GET /item/games/110 HTTP/1.1" 200 48 "/category/cameras?from=0" "Mozilla/5.0 (Windows NT 6.1; WOW64; rv:10.0.1) Gecko/20100101 Firefox/10.0.1"
76.225.209.116 - - [17/Nov/2017:21:31:15 +0000] "GET /item/games/1021 HTTP/1.1" 200 124 "-" "Mozilla/5.0 (Windows NT 6.1; WOW64) AppleWebKit/535.11 (KHTML, like Gecko) Chrome/17.0.963.56 Safari/535.11"
196.69.125.183 - - [17/Nov/2017:21:31:20 +0000] "GET /item/games/2882 HTTP/1.1" 200 130 "/search/?c=Health" "Mozilla/5.0 (Windows NT 6.0; rv:10.0.1) Gecko/20100101 Firefox/10.0.1"
164.63.56.171 - - [17/Nov/2017:21:31:25 +0000] "GET /item/software/1876 HTTP/1.1" 200 42 "/search/?c=Software" "Mozilla/5.0 (Windows NT 6.1; WOW64) AppleWebKit/535.7 (KHTML, like Gecko) Chrome/16.0.912.77 Safari/535.7"
216.192.41.57 - - [17/Nov/2017:21:31:30 +0000] "GET /category/software HTTP/1.1" 200 118 "/category/software" "Mozilla/5.0 (compatible; MSIE 9.0; Windows NT 6.1; Trident/5.0)"
168.39.135.79 - - [17/Nov/2017:21:31:35 +0000] "GET /category/cameras HTTP/1.1" 200 124 "-" "Mozilla/5.0 (Windows NT 6.1; WOW64) AppleWebKit/535.7 (KHTML, like Gecko) Chrome/16.0.912.77 Safari/535.7"
24.216.105.63 - - [17/Nov/2017:21:31:40 +0000] "GET /item/office/564 HTTP/1.1" 200 125 "/search/?c=Office+Electronics" "Mozilla/5.0 (compatible; MSIE 9.0; Windows NT 6.1; Trident/5.0)"
36.75.71.169 - - [17/Nov/2017:21:31:45 +0000] "GET /category/games HTTP/1.1" 200 77 "-" "Mozilla/5.0 (Windows NT 6.1; WOW64; rv:10.0.1) Gecko/20100101 Firefox/10.0.1"
84.168.145.91 - - [17/Nov/2017:21:31:50 +0000] "GET /item/games/3284 HTTP/1.1" 200 120 "/category/computers" "Mozilla/5.0 (Windows NT 6.0) AppleWebKit/535.11 (KHTML, like Gecko) Chrome/17.0.963.56 Safari/535.11"
52.153.118.131 - - [17/Nov/2017:21:31:55 +0000] "POST /search/?c=Books+Health HTTP/1.1" 200 114 "/category/electronics" "Mozilla/5.0 (compatible; MSIE 9.0; Windows NT 6.1; WOW64; Trident/5.0)"
204.111.23.227 - - [17/Nov/2017:21:32:00 +0000] "GET /category/garden HTTP/1.1" 200 87 "/category/games" "Mozilla/4.0 (compatible; MSIE 8.0; Windows NT 6.1; Trident/4.0; YTB730; SLCC2; .NET CLR 2.0.50727; .NET CLR 3.5.30729; .NET CLR 3.0.30729; Media Center PC 6.0; .NET4.0C)"
88.27.37.78 - - [17/Nov/2017:21:32:05 +0000] "GET /item/health/2403 HTTP/1.1" 200 112 "/item/electronics/1628" "Mozilla/5.0 (Windows NT 6.0; rv:10.0.1) Gecko/20100101 Firefox/10.0.1"
184.162.181.93 - - [17/Nov/2017:21:32:10 +0000] "GET /category/software HTTP/1.1" 200 72 "/category/books" "Mozilla/5.0 (Windows NT 6.1; WOW64) AppleWebKit/535.11 (KHTML, like Gecko) Chrome/17.0.963.56 Safari/535.11"
48.213.177.74 - - [17/Nov/2017:21:32:15 +0000] "GET /item/office/1686 HTTP/1.1" 200 126 "/category/books" "Mozilla/5.0 (Windows NT 6.1; WOW64) AppleWebKit/535.7 (KHTML, like Gecko) Chrome/16.0.912.77 Safari/535.7"
212.204.212.109 - - [17/Nov/2017:21:32:20 +0000] "GET /item/books/3156 HTTP/1.1" 200 102 "/category/books" "Mozilla/5.0 (compatible; MSIE 9.0; Windows NT 6.1; WOW64; Trident/5.0)"
72.123.144.157 - - [17/Nov/2017:21:32:25 +0000] "GET /item/cameras/2822 HTTP/1.1" 200 131 "-" "Mozilla/5.0 (Macintosh; Intel Mac OS X 10.6; rv:9.0.1) Gecko/20100101 Firefox/9.0.1"
152.153.163.83 - - [17/Nov/2017:21:32:30 +0000] "GET /category/sports?from=0 HTTP/1.1" 200 81 "-" "Mozilla/4.0 (compatible; MSIE 8.0; Windows NT 6.1; WOW64; Trident/4.0; YTB730; GTB7.2; SLCC2; .NET CLR 2.0.50727; .NET CLR 3.5.30729; .NET CLR 3.0.30729; .NET4.0C; .NET4.0E; Media Center PC 6.0)"
212.174.138.139 - - [17/Nov/2017:21:32:35 +0000] "GET /category/books?from=0 HTTP/1.1" 200 74 "/category/toys?from=20" "Mozilla/5.0 (Windows NT 6.0) AppleWebKit/535.11 (KHTML, like Gecko) Chrome/17.0.963.56 Safari/535.11"
36.192.126.32 - - [17/Nov/2017:21:32:40 +0000] "GET /item/garden/473 HTTP/1.1" 200 137 "/category/games" "Mozilla/4.0 (compatible; MSIE 8.0; Windows NT 6.1; WOW64; Trident/4.0; GTB7.2; SLCC2; .NET CLR 2.0.50727; .NET CLR 3.5.30729; .NET CLR 3.0.30729; Media Center PC 6.0; .NET4.0C)"
172.186.101.199 - - [17/Nov/2017:21:32:45 +0000] "GET /item/electronics/2104 HTTP/1.1" 200 59 "/search/?c=Electronics" "Mozilla/5.0 (compatible; MSIE 9.0; Windows NT 6.1; WOW64; Trident/5.0)"
80.114.224.190 - - [17/Nov/2017:21:32:50 +0000] "GET /item/giftcards/4757 HTTP/1.1" 200 133 "/search/?c=Giftcards+Games" "Mozilla/5.0 (Windows NT 6.1; WOW64) AppleWebKit/535.7 (KHTML, like Gecko) Chrome/16.0.912.77 Safari/535.7"
192.213.24.121 - - [17/Nov/2017:21:32:55 +0000] "GET /category/games HTTP/1.1" 200 115 "-" "Mozilla/4.0 (compatible; MSIE 8.0; Windows NT 5.1; Trident/4.0; BTRS122159; GTB7.2; .NET CLR 1.1.4322; .NET CLR 2.0.50727; .NET CLR 3.0.04506.30; .NET CLR 3.0.4506.2152; .NET CLR 3.5.30729; BRI/2)"
40.63.61.211 - - [17/Nov/2017:21:33:00 +0000] "GET /category/jewelry HTTP/1.1" 200 138 "/item/computers/3622" "Mozilla/4.0 (compatible; MSIE 8.0; Windows NT 6.0; WOW64; Trident/4.0; GTB6; SLCC1; .NET CLR 2.0.50727; Media Center PC 5.0; .NET CLR 3.5.30729; .NET CLR 3.0.30618; .NET4.0C)"
136.111.189.48 - - [17/Nov/2017:21:33:05 +0000] "GET /item/games/918 HTTP/1.1" 200 76 "/search/?c=Games+Office" "Mozilla/5.0 (compatible; MSIE 9.0; Windows NT 6.1; WOW64; Trident/5.0)"
52.216.117.160 - - [17/Nov/2017:21:33:10 +0000] "GET /category/software HTTP/1.1" 200 65 "/category/books" "Mozilla/5.0 (Windows NT 6.1; WOW64) AppleWebKit/535.11 (KHTML, like Gecko) Chrome/17.0.963.56 Safari/535.11"
48.57.65.104 - - [17/Nov/2017:21:33:15 +0000] "GET /category/electronics HTTP/1.1" 200 128 "/category/electronics" "Mozilla/5.0 (Macintosh; Intel Mac OS X 10.6; rv:9.0.1) Gecko/20100101 Firefox/9.0.1"
60.30.84.168 - - [17/Nov/2017:21:33:20 +0000] "GET /item/office/393 HTTP/1.1" 200 128 "/search/?c=Office" "Mozilla/5.0 (Windows NT 6.0) AppleWebKit/535.11 (KHTML, like Gecko) Chrome/17.0.963.56 Safari/535.11"
224.189.104.73 - - [17/Nov/2017:21:33:25 +0000] "GET /category/electronics HTTP/1.1" 200 110 "-" "Mozilla/4.0 (compatible; MSIE 8.0; Windows NT 5.1; Trident/4.0; YTB720; GTB7.2; .NET CLR 1.1.4322; .NET CLR 2.0.50727; .NET CLR 3.0.4506.2152; .NET CLR 3.5.30729)"
148.42.153.163 - - [17/Nov/2017:21:33:30 +0000] "GET /item/finance/1639 HTTP/1.1" 200 114 "/search/?c=Giftcards+Garden" "Mozilla/5.0 (Windows NT 6.0) AppleWebKit/535.11 (KHTML, like Gecko) Chrome/17.0.963.56 Safari/535.11"
180.228.190.87 - - [17/Nov/2017:21:33:35 +0000] "GET /category/software?from=0 HTTP/1.1" 200 126 "/item/cameras/2822" "Mozilla/4.0 (compatible; MSIE 8.0; Windows NT 5.1; Trident/4.0; YTB720; GTB7.2; .NET CLR 1.1.4322; .NET CLR 2.0.50727; .NET CLR 3.0.4506.2152; .NET CLR 3.5.30729)"
112.57.196.125 - - [17/Nov/2017:21:33:40 +0000] "GET /category/electronics HTTP/1.1" 200 49 "/search/?c=Electronics" "Mozilla/4.0 (compatible; MSIE 8.0; Windows NT 5.1; Trident/4.0; YTB720; GTB7.2; .NET CLR 1.1.4322; .NET CLR 2.0.50727; .NET CLR 3.0.4506.2152; .NET CLR 3.5.30729)"
64.126.80.139 - - [17/Nov/2017:21:33:45 +0000] "GET /item/electronics/3030 HTTP/1.1" 200 84 "/category/jewelry" "Mozilla/5.0 (Windows NT 6.1; WOW64) AppleWebKit/535.11 (KHTML, like Gecko) Chrome/17.0.963.56 Safari/535.11"
84.192.102.111 - - [17/Nov/2017:21:33:50 +0000] "GET /category/electronics HTTP/1.1" 200 98 "/category/electronics" "Mozilla/5.0 (compatible; MSIE 9.0; Windows NT 6.1; Trident/5.0)"
168.93.214.104 - - [17/Nov/2017:21:33:55 +0000] "GET /item/games/1697 HTTP/1.1" 200 63 "/category/office" "Mozilla/4.0 (compatible; MSIE 8.0; Windows NT 6.0; WOW64; Trident/4.0; GTB6; SLCC1; .NET CLR 2.0.50727; Media Center PC 5.0; .NET CLR 3.5.30729; .NET CLR 3.0.30618; .NET4.0C)"
200.114.202.134 - - [17/Nov/2017:21:34:00 +0000] "GET /category/office HTTP/1.1" 200 86 "/item/electronics/1206" "Mozilla/5.0 (Windows NT 6.1; WOW64; rv:10.0.1) Gecko/20100101 Firefox/10.0.1"
116.99.75.204 - - [17/Nov/2017:21:34:05 +0000] "GET /category/electronics HTTP/1.1" 200 78 "/category/books?from=0" "Mozilla/5.0 (Windows NT 6.1; WOW64) AppleWebKit/535.11 (KHTML, like Gecko) Chrome/17.0.963.56 Safari/535.11"
68.222.159.224 - - [17/Nov/2017:21:34:10 +0000] "GET /category/jewelry HTTP/1.1" 200 77 "/category/jewelry" "Mozilla/4.0 (compatible; MSIE 8.0; Windows NT 6.1; WOW64; Trident/4.0; YTB730; GTB7.2; EasyBits GO v1.0; SLCC2; .NET CLR 2.0.50727; .NET CLR 3.5.30729; .NET CLR 3.0.30729; Media Center PC 6.0; .NET4.0C)"
124.180.126.94 - - [17/Nov/2017:21:34:15 +0000] "GET /category/software HTTP/1.1" 200 98 "/category/software" "Mozilla/4.0 (compatible; MSIE 8.0; Windows NT 6.1; WOW64; Trident/4.0; GTB7.2; SLCC2; .NET CLR 2.0.50727; .NET CLR 3.5.30729; .NET CLR 3.0.30729; Media Center PC 6.0; .NET4.0C)"
64.24.130.157 - - [17/Nov/2017:21:34:20 +0000] "GET /category/software HTTP/1.1" 200 113 "-" "Mozilla/5.0 (compatible; MSIE 9.0; Windows NT 6.1; Trident/5.0)"
144.45.41.37 - - [17/Nov/2017:21:34:25 +0000] "GET /category/office HTTP/1.1" 200 69 "-" "Mozilla/5.0 (Windows NT 6.0) AppleWebKit/535.11 (KHTML, like Gecko) Chrome/17.0.963.56 Safari/535.11"
84.168.145.91 - - [17/Nov/2017:21:34:30 +0000] "GET /category/electronics HTTP/1.1" 200 126 "/category/software?from=20" "Mozilla/5.0 (Windows NT 6.0; rv:10.0.1) Gecko/20100101 Firefox/10.0.1"
208.171.120.182 - - [17/Nov/2017:21:34:35 +0000] "GET /category/office HTTP/1.1" 200 71 "-" "Mozilla/5.0 (Windows NT 6.0; rv:10.0.1) Gecko/20100101 Firefox/10.0.1"
100.144.219.108 - - [17/Nov/2017:21:34:40 +0000] "GET /category/music?from=0 HTTP/1.1" 200 51 "/category/music" "Mozilla/5.0 (Windows NT 5.1) AppleWebKit/535.11 (KHTML, like Gecko) Chrome/17.0.963.46 Safari/535.11"
208.171.120.182 - - [17/Nov/2017:21:34:45 +0000] "GET /category/music HTTP/1.1" 200 61 "/item/books/939" "Mozilla/5.0 (Windows NT 6.0; rv:10.0.1) Gecko/20100101 Firefox/10.0.1"
56.102.229.220 - - [17/Nov/2017:21:34:50 +0000] "GET /category/health HTTP/1.1" 200 82 "/category/books" "Mozilla/4.0 (compatible; MSIE 8.0; Windows NT 6.1; Trident/4.0; YTB730; SLCC2; .NET CLR 2.0.50727; .NET CLR 3.5.30729; .NET CLR 3.0.30729; Media Center PC 6.0; .NET4.0C)"
40.105.210.146 - - [17/Nov/2017:21:34:55 +0000] "GET /category/cameras HTTP/1.1" 200 127 "/category/software" "Mozilla/5.0 (Macintosh; Intel Mac OS X 10.6; rv:9.0.1) Gecko/20100101 Firefox/9.0.1"
52.54.64.167 - - [17/Nov/2017:21:35:00 +0000] "GET /category/garden HTTP/1.1" 200 86 "-" "Mozilla/5.0 (Windows NT 6.0; rv:10.0.1) Gecko/20100101 Firefox/10.0.1"
116.225.31.103 - - [17/Nov/2017:21:35:05 +0000] "GET /item/electronics/3393 HTTP/1.1" 404 59 "-" "Mozilla/5.0 (Macintosh; Intel Mac OS X 10.6; rv:9.0.1) Gecko/20100101 Firefox/9.0.1"
36.69.107.106 - - [17/Nov/2017:21:35:10 +0000] "GET /item/electronics/1344 HTTP/1.1" 200 61 "/category/electronics" "Mozilla/5.0 (compatible; MSIE 9.0; Windows NT 6.1; Trident/5.0)"
216.138.190.49 - - [17/Nov/2017:21:35:15 +0000] "GET /item/electronics/4416 HTTP/1.1" 200 94 "-" "Mozilla/5.0 (Macintosh; Intel Mac OS X 10.6; rv:9.0.1) Gecko/20100101 Firefox/9.0.1"
176.210.127.134 - - [17/Nov/2017:21:35:20 +0000] "POST /search/?c=Finance+Books HTTP/1.1" 200 54 "/category/electronics" "Mozilla/4.0 (compatible; MSIE 8.0; Windows NT 6.1; WOW64; Trident/4.0; GTB7.2; SLCC2; .NET CLR 2.0.50727; .NET CLR 3.5.30729; .NET CLR 3.0.30729; Media Center PC 6.0; .NET4.0C)"
176.177.94.159 - - [17/Nov/2017:21:35:25 +0000] "GET /item/music/2069 HTTP/1.1" 200 133 "/item/giftcards/2757" "Mozilla/5.0 (Windows NT 5.1) AppleWebKit/535.11 (KHTML, like Gecko) Chrome/17.0.963.46 Safari/535.11"
76.222.22.161 - - [17/Nov/2017:21:35:30 +0000] "GET /item/office/851 HTTP/1.1" 200 129 "-" "Mozilla/5.0 (Windows NT 6.1; WOW64; rv:10.0.1) Gecko/20100101 Firefox/10.0.1"
60.30.84.168 - - [17/Nov/2017:21:35:35 +0000] "GET /category/sports HTTP/1.1" 200 56 "/item/books/757" "Mozilla/5.0 (Windows NT 6.0) AppleWebKit/535.11 (KHTML, like Gecko) Chrome/17.0.963.56 Safari/535.11"
216.222.35.46 - - [17/Nov/2017:21:35:40 +0000] "GET /item/electronics/1344 HTTP/1.1" 200 61 "/category/cameras?from=20" "Mozilla/5.0 (Windows NT 6.1; WOW64) AppleWebKit/535.7 (KHTML, like Gecko) Chrome/16.0.912.77 Safari/535.7"
32.135.88.43 - - [17/Nov/2017:21:35:45 +0000] "GET /category/finance HTTP/1.1" 200 132 "/category/office" "Mozilla/5.0 (Windows NT 6.1; WOW64) AppleWebKit/535.11 (KHTML, like Gecko) Chrome/17.0.963.56 Safari/535.11"
168.210.175.118 - - [17/Nov/2017:21:35:50 +0000] "GET /category/software HTTP/1.1" 200 72 "/item/electronics/1466" "Mozilla/5.0 (compatible; MSIE 9.0; Windows NT 6.1; WOW64; Trident/5.0)"
88.57.117.104 - - [17/Nov/2017:21:35:55 +0000] "GET /item/office/851 HTTP/1.1" 200 129 "/search/?c=Office" "Mozilla/5.0 (Windows NT 6.0) AppleWebKit/535.11 (KHTML, like Gecko) Chrome/17.0.963.56 Safari/535.11"
132.132.109.164 - - [17/Nov/2017:21:36:00 +0000] "GET /category/health HTTP/1.1" 200 103 "/category/finance" "Mozilla/5.0 (Windows NT 6.1; WOW64) AppleWebKit/535.11 (KHTML, like Gecko) Chrome/17.0.963.56 Safari/535.11"
24.156.218.186 - - [17/Nov/2017:21:36:05 +0000] "GET /item/computers/3996 HTTP/1.1" 200 70 "-" "Mozilla/5.0 (compatible; MSIE 9.0; Windows NT 6.1; WOW64; Trident/5.0)"
188.42.152.136 - - [17/Nov/2017:21:36:10 +0000] "GET /category/health HTTP/1.1" 200 132 "/category/electronics?from=10" "Mozilla/5.0 (compatible; MSIE 9.0; Windows NT 6.1; WOW64; Trident/5.0)"
76.93.187.155 - - [17/Nov/2017:21:36:15 +0000] "GET /category/software HTTP/1.1" 200 128 "-" "Mozilla/5.0 (Windows NT 6.1; WOW64) AppleWebKit/535.11 (KHTML, like Gecko) Chrome/17.0.963.56 Safari/535.11"
212.117.157.59 - - [17/Nov/2017:21:36:20 +0000] "GET /category/software HTTP/1.1" 200 128 "/category/electronics" "Mozilla/5.0 (compatible; MSIE 9.0; Windows NT 6.1; Trident/5.0)"
132.132.109.164 - - [17/Nov/2017:21:36:25 +0000] "GET /category/electronics HTTP/1.1" 200 63 "-" "Mozilla/5.0 (Windows NT 6.1; WOW64) AppleWebKit/535.11 (KHTML, like Gecko) Chrome/17.0.963.56 Safari/535.11"
116.39.203.186 - - [17/Nov/2017:21:36:30 +0000] "GET /category/books HTTP/1.1" 200 98 "/item/electronics/2374" "Mozilla/5.0 (compatible; MSIE 9.0; Windows NT 6.1; WOW64; Trident/5.0)"
192.168.159.47 - - [17/Nov/2017:21:36:35 +0000] "GET /category/networking HTTP/1.1" 200 127 "-" "Mozilla/5.0 (Windows NT 6.1; WOW64; rv:10.0.1) Gecko/20100101 Firefox/10.0.1"
120.168.187.112 - - [17/Nov/2017:21:36:40 +0000] "GET /item/jewelry/2821 HTTP/1.1" 200 68 "/category/software" "Mozilla/5.0 (Windows NT 6.0; rv:10.0.1) Gecko/20100101 Firefox/10.0.1"
132.120.217.35 - - [17/Nov/2017:21:36:45 +0000] "GET /category/games HTTP/1.1" 200 133 "-" "Mozilla/5.0 (Windows NT 6.1; WOW64) AppleWebKit/535.7 (KHTML, like Gecko) Chrome/16.0.912.77 Safari/535.7"
192.54.221.227 - - [17/Nov/2017:21:36:50 +0000] "GET /item/books/3977 HTTP/1.1" 200 56 "/search/?c=Books+Electronics" "Mozilla/5.0 (Windows NT 6.0; rv:10.0.1) Gecko/20100101 Firefox/10.0.1"
216.33.82.203 - - [17/Nov/2017:21:36:55 +0000] "GET /category/games HTTP/1.1" 200 101 "/category/networking" "Mozilla/5.0 (iPad; CPU OS 5_0_1 like Mac OS X) AppleWebKit/534.46 (KHTML, like Gecko) Version/5.1 Mobile/9A405 Safari/7534.48.3"
80.51.95.186 - - [17/Nov/2017:21:37:00 +0000] "GET /item/giftcards/2452 HTTP/1.1" 200 53 "/item/electronics/3972" "Mozilla/5.0 (Macintosh; Intel Mac OS X 10.6; rv:9.0.1) Gecko/20100101 Firefox/9.0.1"
164.87.165.83 - - [17/Nov/2017:21:37:05 +0000] "GET /category/electronics HTTP/1.1" 200 82 "/category/garden" "Mozilla/5.0 (Windows NT 6.1; WOW64; rv:10.0.1) Gecko/20100101 Firefox/10.0.1"
128.123.27.92 - - [17/Nov/2017:21:37:10 +0000] "GET /category/computers HTTP/1.1" 200 101 "/item/electronics/2606" "Mozilla/5.0 (compatible; MSIE 9.0; Windows NT 6.1; Trident/5.0)"
148.84.138.22 - - [17/Nov/2017:21:37:15 +0000] "GET /item/books/757 HTTP/1.1" 200 90 "/item/finance/1639" "Mozilla/5.0 (Windows NT 6.0; rv:10.0.1) Gecko/20100101 Firefox/10.0.1"
72.39.200.100 - - [17/Nov/2017:21:37:20 +0000] "POST /search/?c=Books+Health HTTP/1.1" 200 114 "/item/music/2048" "Mozilla/5.0 (Windows NT 6.0) AppleWebKit/535.11 (KHTML, like Gecko) Chrome/17.0.963.56 Safari/535.11"
40.39.105.229 - - [17/Nov/2017:21:37:25 +0000] "GET /item/toys/1283 HTTP/1.1" 200 49 "/category/software" "Mozilla/4.0 (compatible; MSIE 8.0; Windows NT 6.0; WOW64; Trident/4.0; GTB6; SLCC1; .NET CLR 2.0.50727; Media Center PC 5.0; .NET CLR 3.5.30729; .NET CLR 3.0.30618; .NET4.0C)"
100.174.103.32 - - [17/Nov/2017:21:37:30 +0000] "GET /category/electronics HTTP/1.1" 200 80 "-" "Mozilla/5.0 (Windows NT 6.0; rv:10.0.1) Gecko/20100101 Firefox/10.0.1"
108.144.39.52 - - [17/Nov/2017:21:37:35 +0000] "GET /category/software HTTP/1.1" 200 58 "/item/toys/1283" "Mozilla/5.0 (Windows NT 5.1) AppleWebKit/535.11 (KHTML, like Gecko) Chrome/17.0.963.46 Safari/535.11"
172.186.119.42 - - [17/Nov/2017:21:37:40 +0000] "GET /item/giftcards/3622 HTTP/1.1" 200 59 "/category/electronics" "Mozilla/5.0 (Windows NT 6.0; rv:10.0.1) Gecko/20100101 Firefox/10.0.1"
116.153.59.162 - - [17/Nov/2017:21:37:45 +0000] "GET /item/books/2649 HTTP/1.1" 200 60 "/item/software/2490" "Mozilla/5.0 (Windows NT 6.0; rv:10.0.1) Gecko/20100101 Firefox/10.0.1"
72.120.175.129 - - [17/Nov/2017:21:37:50 +0000] "GET /category/books HTTP/1.1" 200 55 "/item/electronics/663" "Mozilla/5.0 (iPhone; CPU iPhone OS 5_0_1 like Mac OS X) AppleWebKit/534.46 (KHTML, like Gecko) Version/5.1 Mobile/9A405 Safari/7534.48.3"
88.87.28.220 - - [17/Nov/2017:21:37:55 +0000] "GET /item/garden/348 HTTP/1.1" 200 50 "-" "Mozilla/5.0 (Windows NT 6.1; WOW64) AppleWebKit/535.11 (KHTML, like Gecko) Chrome/17.0.963.56 Safari/535.11"
24.156.128.139 - - [17/Nov/2017:21:38:00 +0000] "GET /category/software HTTP/1.1" 200 87 "/item/games/1547" "Mozilla/5.0 (Windows NT 6.0; rv:10.0.1) Gecko/20100101 Firefox/10.0.1"
180.225.166.107 - - [17/Nov/2017:21:38:05 +0000] "GET /item/software/1527 HTTP/1.1" 200 64 "/category/electronics" "Mozilla/5.0 (iPad; CPU OS 5_0_1 like Mac OS X) AppleWebKit/534.46 (KHTML, like Gecko) Version/5.1 Mobile/9A405 Safari/7534.48.3"
80.69.198.127 - - [17/Nov/2017:21:38:10 +0000] "GET /item/computers/3259 HTTP/1.1" 200 112 "/category/garden" "Mozilla/5.0 (Windows NT 6.0) AppleWebKit/535.11 (KHTML, like Gecko) Chrome/17.0.963.56 Safari/535.11"
212.60.196.21 - - [17/Nov/2017:21:38:15 +0000] "GET /item/electronics/695 HTTP/1.1" 200 125 "/item/toys/3743" "Mozilla/5.0 (Windows NT 6.0; rv:10.0.1) Gecko/20100101 Firefox/10.0.1"
184.45.158.136 - - [17/Nov/2017:21:38:20 +0000] "GET /item/finance/2915 HTTP/1.1" 200 87 "-" "Mozilla/5.0 (Windows NT 6.1; WOW64; rv:10.0.1) Gecko/20100101 Firefox/10.0.1"
148.84.100.197 - - [17/Nov/2017:21:38:25 +0000] "GET /category/games HTTP/1.1" 200 86 "/category/health" "Mozilla/5.0 (compatible; MSIE 9.0; Windows NT 6.1; WOW64; Trident/5.0)"
200.33.165.54 - - [17/Nov/2017:21:38:30 +0000] "GET /item/jewelry/1164 HTTP/1.1" 200 106 "/category/office?from=0" "Mozilla/5.0 (Windows NT 6.1; WOW64) AppleWebKit/535.7 (KHTML, like Gecko) Chrome/16.0.912.77 Safari/535.7"
60.147.125.150 - - [17/Nov/2017:21:38:35 +0000] "GET /category/software HTTP/1.1" 200 85 "-" "Mozilla/5.0 (compatible; MSIE 9.0; Windows NT 6.1; WOW64; Trident/5.0)"
208.84.85.126 - - [17/Nov/2017:21:38:40 +0000] "GET /category/books HTTP/1.1" 200 139 "/category/music" "Mozilla/5.0 (iPhone; CPU iPhone OS 5_0_1 like Mac OS X) AppleWebKit/534.46 (KHTML, like Gecko) Version/5.1 Mobile/9A405 Safari/7534.48.3"
36.219.202.185 - - [17/Nov/2017:21:38:45 +0000] "GET /item/health/2423 HTTP/1.1" 200 131 "-" "Mozilla/5.0 (iPhone; CPU iPhone OS 5_0_1 like Mac OS X) AppleWebKit/534.46 (KHTML, like Gecko) Version/5.1 Mobile/9A405 Safari/7534.48.3"
100.48.146.116 - - [17/Nov/2017:21:38:50 +0000] "GET /category/electronics HTTP/1.1" 200 51 "-" "Mozilla/4.0 (compatible; MSIE 8.0; Windows NT 6.1; Trident/4.0; YTB730; SLCC2; .NET CLR 2.0.50727; .NET CLR 3.5.30729; .NET CLR 3.0.30729; Media Center PC 6.0; .NET4.0C)"
188.42.152.136 - - [17/Nov/2017:21:38:55 +0000] "GET /item/office/278 HTTP/1.1" 200 108 "/category/office" "Mozilla/5.0 (Windows NT 6.0) AppleWebKit/535.11 (KHTML, like Gecko) Chrome/17.0.963.56 Safari/535.11"
80.162.143.170 - - [17/Nov/2017:21:39:00 +0000] "GET /category/electronics HTTP/1.1" 200 103 "-" "Mozilla/5.0 (iPad; CPU OS 5_0_1 like Mac OS X) AppleWebKit/534.46 (KHTML, like Gecko) Version/5.1 Mobile/9A405 Safari/7534.48.3"
200.42.228.158 - - [17/Nov/2017:21:39:05 +0000] "GET /category/sports HTTP/1.1" 200 49 "-" "Mozilla/5.0 (compatible; MSIE 9.0; Windows NT 6.1; WOW64; Trident/5.0)"
208.171.196.220 - - [17/Nov/2017:21:39:10 +0000] "GET /category/networking HTTP/1.1" 200 119 "-" "Mozilla/5.0 (compatible; Googlebot/2.1; +http://www.google.com/bot.html)"
76.219.110.59 - - [17/Nov/2017:21:39:15 +0000] "GET /item/music/1695 HTTP/1.1" 200 97 "-" "Mozilla/5.0 (Windows NT 5.1) AppleWebKit/535.11 (KHTML, like Gecko) Chrome/17.0.963.46 Safari/535.11"
48.75.157.55 - - [17/Nov/2017:21:39:20 +0000] "GET /category/games HTTP/1.1" 200 47 "-" "Mozilla/5.0 (Macintosh; Intel Mac OS X 10.6; rv:9.0.1) Gecko/20100101 Firefox/9.0.1"
92.48.136.180 - - [17/Nov/2017:21:39:25 +0000] "GET /category/books HTTP/1.1" 200 126 "/category/software" "Mozilla/5.0 (Windows NT 6.1; WOW64) AppleWebKit/535.11 (KHTML, like Gecko) Chrome/17.0.963.56 Safari/535.11"
60.30.169.122 - - [17/Nov/2017:21:39:30 +0000] "GET /category/finance HTTP/1.1" 200 111 "/search/?c=Electronics+Toys" "Mozilla/4.0 (compatible; MSIE 8.0; Windows NT 6.1; WOW64; Trident/4.0; GTB7.2; SLCC2; .NET CLR 2.0.50727; .NET CLR 3.5.30729; .NET CLR 3.0.30729; Media Center PC 6.0; .NET4.0C)"
24.156.128.139 - - [17/Nov/2017:21:39:35 +0000] "POST /search/?c=Games HTTP/1.1" 200 73 "-" "Mozilla/5.0 (iPhone; CPU iPhone OS 5_0_1 like Mac OS X) AppleWebKit/534.46 (KHTML, like Gecko) Version/5.1 Mobile/9A405 Safari/7534.48.3"
72.153.193.186 - - [17/Nov/2017:21:39:40 +0000] "GET /category/games HTTP/1.1" 200 110 "-" "Mozilla/4.0 (compatible; MSIE 8.0; Windows NT 6.1; WOW64; Trident/4.0; YTB730; GTB7.2; EasyBits GO v1.0; SLCC2; .NET CLR 2.0.50727; .NET CLR 3.5.30729; .NET CLR 3.0.30729; Media Center PC 6.0; .NET4.0C)"
192.102.189.187 - - [17/Nov/2017:21:39:45 +0000] "GET /item/health/1329 HTTP/1.1" 200 66 "/category/software" "Mozilla/5.0 (Windows NT 6.0) AppleWebKit/535.11 (KHTML, like Gecko) Chrome/17.0.963.56 Safari/535.11"
20.27.98.157 - - [17/Nov/2017:21:39:50 +0000] "GET /item/software/1017 HTTP/1.1" 200 109 "-" "Mozilla/5.0 (Macintosh; Intel Mac OS X 10.6; rv:9.0.1) Gecko/20100101 Firefox/9.0.1"
212.219.212.37 - - [17/Nov/2017:21:39:55 +0000] "GET /category/sports HTTP/1.1" 200 48 "-" "Mozilla/5.0 (compatible; Googlebot/2.1; +http://www.google.com/bot.html)"
192.54.212.194 - - [17/Nov/2017:21:40:00 +0000] "GET /category/jewelry HTTP/1.1" 200 112 "-" "Mozilla/4.0 (compatible; MSIE 8.0; Windows NT 6.0; WOW64; Trident/4.0; GTB6; SLCC1; .NET CLR 2.0.50727; Media Center PC 5.0; .NET CLR 3.5.30729; .NET CLR 3.0.30618; .NET4.0C)"
76.39.153.224 - - [17/Nov/2017:21:40:05 +0000] "GET /category/books HTTP/1.1" 200 41 "/category/office" "Mozilla/4.0 (compatible; MSIE 8.0; Windows NT 6.0; WOW64; Trident/4.0; GTB6; SLCC1; .NET CLR 2.0.50727; Media Center PC 5.0; .NET CLR 3.5.30729; .NET CLR 3.0.30618; .NET4.0C)"
188.30.222.174 - - [17/Nov/2017:21:40:10 +0000] "GET /category/jewelry HTTP/1.1" 200 114 "-" "Mozilla/4.0 (compatible; MSIE 8.0; Windows NT 6.1; Trident/4.0; YTB730; SLCC2; .NET CLR 2.0.50727; .NET CLR 3.5.30729; .NET CLR 3.0.30729; Media Center PC 6.0; .NET4.0C)"
88.48.32.227 - - [17/Nov/2017:21:40:15 +0000] "GET /category/office HTTP/1.1" 200 100 "-" "Mozilla/5.0 (Macintosh; Intel Mac OS X 10.6; rv:9.0.1) Gecko/20100101 Firefox/9.0.1"
168.108.147.195 - - [17/Nov/2017:21:40:20 +0000] "GET /category/electronics HTTP/1.1" 200 75 "-" "Mozilla/5.0 (Windows NT 6.0; rv:10.0.1) Gecko/20100101 Firefox/10.0.1"
100.150.67.191 - - [17/Nov/2017:21:40:25 +0000] "GET /item/sports/1656 HTTP/1.1" 200 118 "http://www.google.com/search?ie=UTF-8&q=google&sclient=psy-ab&q=Sports&oq=Sports&aq=f&aqi=g-vL1&aql=&pbx=1&bav=on.2,or.r_gc.r_pw.r_qf.,cf.osb&biw=2155&bih=0" "Mozilla/5.0 (Windows NT 6.0; rv:10.0.1) Gecko/20100101 Firefox/10.0.1"
52.153.207.187 - - [17/Nov/2017:21:40:30 +0000] "GET /category/books?from=20 HTTP/1.1" 200 80 "-" "Mozilla/4.0 (compatible; MSIE 8.0; Windows NT 6.1; Trident/4.0; YTB730; SLCC2; .NET CLR 2.0.50727; .NET CLR 3.5.30729; .NET CLR 3.0.30729; Media Center PC 6.0; .NET4.0C)"
104.141.80.150 - - [17/Nov/2017:21:40:35 +0000] "GET /item/networking/2789 HTTP/1.1" 200 132 "/item/electronics/3298" "Mozilla/4.0 (compatible; MSIE 8.0; Windows NT 6.1; Trident/4.0; YTB730; SLCC2; .NET CLR 2.0.50727; .NET CLR 3.5.30729; .NET CLR 3.0.30729; Media Center PC 6.0; .NET4.0C)"
92.57.122.229 - - [17/Nov/2017:21:40:40 +0000] "GET /item/health/4591 HTTP/1.1" 200 101 "/category/health" "Mozilla/5.0 (Windows NT 6.1; WOW64) AppleWebKit/535.11 (KHTML, like Gecko) Chrome/17.0.963.56 Safari/535.11"
216.111.41.52 - - [17/Nov/2017:21:40:45 +0000] "GET /item/electronics/3975 HTTP/1.1" 200 122 "/category/software" "Mozilla/5.0 (Windows NT 6.1; WOW64; rv:10.0.1) Gecko/20100101 Firefox/10.0.1"
108.144.39.52 - - [17/Nov/2017:21:40:50 +0000] "GET /category/office HTTP/1.1" 200 46 "/category/electronics?from=20" "Mozilla/5.0 (Windows NT 5.1) AppleWebKit/535.11 (KHTML, like Gecko) Chrome/17.0.963.46 Safari/535.11"
60.192.196.122 - - [17/Nov/2017:21:40:55 +0000] "GET /item/electronics/2825 HTTP/1.1" 200 108 "/category/cameras?from=20" "Mozilla/5.0 (Windows NT 6.0; rv:10.0.1) Gecko/20100101 Firefox/10.0.1"
32.78.86.157 - - [17/Nov/2017:21:41:00 +0000] "GET /item/software/2490 HTTP/1.1" 200 51 "/category/computers" "Mozilla/5.0 (compatible; MSIE 9.0; Windows NT 6.1; WOW64; Trident/5.0)"
228.48.125.88 - - [17/Nov/2017:21:41:05 +0000] "GET /item/games/4819 HTTP/1.1" 200 115 "/search/?c=Games+Garden" "Mozilla/5.0 (Windows NT 6.1; WOW64; rv:10.0.1) Gecko/20100101 Firefox/10.0.1"
152.90.227.164 - - [17/Nov/2017:21:41:10 +0000] "GET /category/office?from=0 HTTP/1.1" 200 93 "/category/office" "Mozilla/4.0 (compatible; MSIE 8.0; Windows NT 6.1; WOW64; Trident/4.0; YTB730; GTB7.2; EasyBits GO v1.0; SLCC2; .NET CLR 2.0.50727; .NET CLR 3.5.30729; .NET CLR 3.0.30729; Media Center PC 6.0; .NET4.0C)"
228.186.82.142 - - [17/Nov/2017:21:41:15 +0000] "GET /category/software HTTP/1.1" 200 87 "/item/books/4818" "Mozilla/4.0 (compatible; MSIE 8.0; Windows NT 5.1; Trident/4.0; YTB720; GTB7.2; .NET CLR 1.1.4322; .NET CLR 2.0.50727; .NET CLR 3.0.4506.2152; .NET CLR 3.5.30729)"
192.180.36.138 - - [17/Nov/2017:21:41:20 +0000] "GET /category/electronics HTTP/1.1" 200 61 "/search/?c=Health" "Mozilla/5.0 (Macintosh; Intel Mac OS X 10.6; rv:9.0.1) Gecko/20100101 Firefox/9.0.1"
44.57.212.87 - - [17/Nov/2017:21:41:25 +0000] "GET /item/electronics/2653 HTTP/1.1" 200 139 "/search/?c=Electronics" "Mozilla/4.0 (compatible; MSIE 8.0; Windows NT 5.1; Trident/4.0; YTB720; GTB7.2; .NET CLR 1.1.4322; .NET CLR 2.0.50727; .NET CLR 3.0.4506.2152; .NET CLR 3.5.30729)"
72.219.156.125 - - [17/Nov/2017:21:41:30 +0000] "GET /category/software HTTP/1.1" 200 75 "-" "Mozilla/5.0 (compatible; MSIE 9.0; Windows NT 6.1; WOW64; Trident/5.0)"
68.183.57.183 - - [17/Nov/2017:21:41:35 +0000] "GET /category/cameras HTTP/1.1" 200 77 "/item/software/880" "Mozilla/5.0 (compatible; MSIE 9.0; Windows NT 6.1; Trident/5.0)"
60.30.84.168 - - [17/Nov/2017:21:41:40 +0000] "GET /item/electronics/1466 HTTP/1.1" 200 67 "http://www.google.com/search?ie=UTF-8&q=google&sclient=psy-ab&q=Electronics+Books&oq=Electronics+Books&aq=f&aqi=g-vL1&aql=&pbx=1&bav=on.2,or.r_gc.r_pw.r_qf.,cf.osb&biw=4476&bih=343" "Mozilla/5.0 (Macintosh; Intel Mac OS X 10.6; rv:9.0.1) Gecko/20100101 Firefox/9.0.1"
196.144.108.166 - - [17/Nov/2017:21:41:45 +0000] "GET /item/games/3186 HTTP/1.1" 200 47 "/category/finance" "Mozilla/5.0 (compatible; Googlebot/2.1; +http://www.google.com/bot.html)"
128.147.75.132 - - [17/Nov/2017:21:41:50 +0000] "GET /category/sports HTTP/1.1" 200 98 "-" "Mozilla/4.0 (compatible; MSIE 8.0; Windows NT 6.1; Trident/4.0; YTB730; SLCC2; .NET CLR 2.0.50727; .NET CLR 3.5.30729; .NET CLR 3.0.30729; Media Center PC 6.0; .NET4.0C)"
44.132.181.113 - - [17/Nov/2017:21:41:55 +0000] "GET /category/networking HTTP/1.1" 200 83 "/item/electronics/3030" "Mozilla/5.0 (compatible; Googlebot/2.1; +http://www.google.com/bot.html)"
60.126.127.74 - - [17/Nov/2017:21:42:00 +0000] "GET /category/giftcards?from=10 HTTP/1.1" 200 100 "/item/garden/2971" "Mozilla/5.0 (Windows NT 6.1; WOW64) AppleWebKit/535.11 (KHTML, like Gecko) Chrome/17.0.963.56 Safari/535.11"
176.105.22.32 - - [17/Nov/2017:21:42:05 +0000] "GET /item/music/4004 HTTP/1.1" 200 64 "/category/giftcards" "Mozilla/4.0 (compatible; MSIE 8.0; Windows NT 6.0; WOW64; Trident/4.0; GTB6; SLCC1; .NET CLR 2.0.50727; Media Center PC 5.0; .NET CLR 3.5.30729; .NET CLR 3.0.30618; .NET4.0C)"
88.63.121.43 - - [17/Nov/2017:21:42:10 +0000] "GET /item/electronics/4416 HTTP/1.1" 200 94 "/item/software/1594" "Mozilla/5.0 (compatible; MSIE 9.0; Windows NT 6.1; WOW64; Trident/5.0)"
120.123.162.208 - - [17/Nov/2017:21:42:15 +0000] "GET /item/finance/2549 HTTP/1.1" 200 114 "/item/electronics/4416" "Mozilla/4.0 (compatible; MSIE 8.0; Windows NT 5.1; Trident/4.0; BTRS122159; GTB7.2; .NET CLR 1.1.4322; .NET CLR 2.0.50727; .NET CLR 3.0.04506.30; .NET CLR 3.0.4506.2152; .NET CLR 3.5.30729; BRI/2)"
20.153.84.177 - - [17/Nov/2017:21:42:20 +0000] "GET /item/games/3420 HTTP/1.1" 200 120 "-" "Mozilla/5.0 (Windows NT 6.1; WOW64) AppleWebKit/535.7 (KHTML, like Gecko) Chrome/16.0.912.77 Safari/535.7"
88.132.208.162 - - [17/Nov/2017:21:42:25 +0000] "GET /item/networking/3624 HTTP/1.1" 200 44 "/category/electronics" "Mozilla/4.0 (compatible; MSIE 8.0; Windows NT 6.1; Trident/4.0; YTB730; SLCC2; .NET CLR 2.0.50727; .NET CLR 3.5.30729; .NET CLR 3.0.30729; Media Center PC 6.0; .NET4.0C)"
228.210.130.193 - - [17/Nov/2017:21:42:30 +0000] "POST /search/?c=Garden+Office HTTP/1.1" 200 100 "-" "Mozilla/5.0 (Windows NT 6.0; rv:10.0.1) Gecko/20100101 Firefox/10.0.1"
80.144.46.167 - - [17/Nov/2017:21:42:35 +0000] "GET /category/music HTTP/1.1" 200 138 "http://www.google.com/search?ie=UTF-8&q=google&sclient=psy-ab&q=Music&oq=Music&aq=f&aqi=g-vL1&aql=&pbx=1&bav=on.2,or.r_gc.r_pw.r_qf.,cf.osb&biw=1788&bih=463" "Mozilla/5.0 (compatible; MSIE 9.0; Windows NT 6.1; WOW64; Trident/5.0)"
164.45.62.175 - - [17/Nov/2017:21:42:40 +0000] "GET /item/books/570 HTTP/1.1" 200 92 "-" "Mozilla/4.0 (compatible; MSIE 8.0; Windows NT 5.1; Trident/4.0; BTRS122159; GTB7.2; .NET CLR 1.1.4322; .NET CLR 2.0.50727; .NET CLR 3.0.04506.30; .NET CLR 3.0.4506.2152; .NET CLR 3.5.30729; BRI/2)"
192.213.30.56 - - [17/Nov/2017:21:42:45 +0000] "GET /category/software HTTP/1.1" 200 116 "/item/computers/1710" "Mozilla/5.0 (Windows NT 6.1; WOW64) AppleWebKit/535.7 (KHTML, like Gecko) Chrome/16.0.912.77 Safari/535.7"
40.180.101.220 - - [17/Nov/2017:21:42:50 +0000] "GET /category/cameras HTTP/1.1" 200 77 "/item/office/4367" "Mozilla/5.0 (Windows NT 5.1) AppleWebKit/535.11 (KHTML, like Gecko) Chrome/17.0.963.46 Safari/535.11"
128.39.75.36 - - [17/Nov/2017:21:42:55 +0000] "GET /category/software HTTP/1.1" 200 105 "/category/office" "Mozilla/5.0 (Macintosh; Intel Mac OS X 10.6; rv:9.0.1) Gecko/20100101 Firefox/9.0.1"
32.132.45.143 - - [17/Nov/2017:21:43:00 +0000] "GET /item/electronics/2792 HTTP/1.1" 200 114 "-" "Mozilla/5.0 (Windows NT 6.1; WOW64; rv:10.0.1) Gecko/20100101 Firefox/10.0.1"
216.138.190.49 - - [17/Nov/2017:21:43:05 +0000] "GET /category/office HTTP/1.1" 200 71 "/category/books" "Mozilla/5.0 (Macintosh; Intel Mac OS X 10.6; rv:9.0.1) Gecko/20100101 Firefox/9.0.1"
152.216.71.152 - - [17/Nov/2017:21:43:10 +0000] "GET /category/books HTTP/1.1" 200 98 "/category/software" "Mozilla/5.0 (compatible; MSIE 9.0; Windows NT 6.1; WOW64; Trident/5.0)"
124.159.56.90 - - [17/Nov/2017:21:43:15 +0000] "GET /category/electronics?from=0 HTTP/1.1" 200 112 "-" "Mozilla/5.0 (compatible; MSIE 9.0; Windows NT 6.1; Trident/5.0)"
216.144.153.181 - - [17/Nov/2017:21:43:20 +0000] "GET /category/software?from=0 HTTP/1.1" 200 91 "-" "Mozilla/5.0 (Windows NT 6.1; WOW64) AppleWebKit/535.11 (KHTML, like Gecko) Chrome/17.0.963.56 Safari/535.11"
52.132.50.197 - - [17/Nov/2017:21:43:25 +0000] "GET /item/sports/3851 HTTP/1.1" 200 49 "/item/computers/811" "Mozilla/5.0 (Windows NT 6.0) AppleWebKit/535.11 (KHTML, like Gecko) Chrome/17.0.963.56 Safari/535.11"
148.90.219.96 - - [17/Nov/2017:21:43:30 +0000] "GET /category/electronics HTTP/1.1" 200 130 "/category/giftcards" "Mozilla/5.0 (Windows NT 6.1; WOW64) AppleWebKit/535.11 (KHTML, like Gecko) Chrome/17.0.963.56 Safari/535.11"
196.216.204.193 - - [17/Nov/2017:21:43:35 +0000] "GET /item/electronics/2277 HTTP/1.1" 200 43 "/category/software" "Mozilla/5.0 (Windows NT 6.1; WOW64) AppleWebKit/535.7 (KHTML, like Gecko) Chrome/16.0.912.77 Safari/535.7"
136.27.27.51 - - [17/Nov/2017:21:43:40 +0000] "GET /category/games HTTP/1.1" 200 115 "/item/electronics/2101" "Mozilla/5.0 (Windows NT 6.1; WOW64) AppleWebKit/535.7 (KHTML, like Gecko) Chrome/16.0.912.77 Safari/535.7"
84.72.133.74 - - [17/Nov/2017:21:43:45 +0000] "POST /search/?c=Office HTTP/1.1" 200 131 "/item/games/1456" "Mozilla/5.0 (Windows NT 5.1) AppleWebKit/535.11 (KHTML, like Gecko) Chrome/17.0.963.46 Safari/535.11"
160.168.34.130 - - [17/Nov/2017:21:43:50 +0000] "GET /category/electronics HTTP/1.1" 200 61 "-" "Mozilla/4.0 (compatible; MSIE 8.0; Windows NT 6.1; WOW64; Trident/4.0; YTB730; GTB7.2; EasyBits GO v1.0; SLCC2; .NET CLR 2.0.50727; .NET CLR 3.5.30729; .NET CLR 3.0.30729; Media Center PC 6.0; .NET4.0C)"
216.111.181.162 - - [17/Nov/2017:21:43:55 +0000] "GET /category/books HTTP/1.1" 200 72 "/item/computers/3996" "Mozilla/5.0 (compatible; MSIE 9.0; Windows NT 6.1; WOW64; Trident/5.0)"
224.78.220.39 - - [17/Nov/2017:21:44:00 +0000] "GET /category/finance HTTP/1.1" 200 71 "/item/electronics/2868" "Mozilla/5.0 (compatible; MSIE 9.0; Windows NT 6.1; WOW64; Trident/5.0)"
168.108.171.195 - - [17/Nov/2017:21:44:05 +0000] "GET /category/electronics?from=20 HTTP/1.1" 200 124 "-" "Mozilla/5.0 (Macintosh; Intel Mac OS X 10.6; rv:9.0.1) Gecko/20100101 Firefox/9.0.1"
56.162.217.61 - - [17/Nov/2017:21:44:10 +0000] "GET /category/jewelry HTTP/1.1" 200 112 "/item/sports/4622" "Mozilla/5.0 (Windows NT 6.1; WOW64; rv:10.0.1) Gecko/20100101 Firefox/10.0.1"
48.54.186.185 - - [17/Nov/2017:21:44:15 +0000] "GET /category/electronics HTTP/1.1" 200 44 "-" "Mozilla/5.0 (Windows NT 6.0; rv:10.0.1) Gecko/20100101 Firefox/10.0.1"
148.51.21.124 - - [17/Nov/2017:21:44:20 +0000] "GET /category/games HTTP/1.1" 200 115 "/item/books/4062" "Mozilla/5.0 (Windows NT 6.1; WOW64) AppleWebKit/535.11 (KHTML, like Gecko) Chrome/17.0.963.56 Safari/535.11"
96.150.113.225 - - [17/Nov/2017:21:44:25 +0000] "GET /category/books HTTP/1.1" 200 98 "/category/books" "Mozilla/5.0 (compatible; MSIE 9.0; Windows NT 6.1; WOW64; Trident/5.0)"
184.186.89.120 - - [17/Nov/2017:21:44:30 +0000] "POST /search/?c=Office+Computers HTTP/1.1" 200 62 "-" "Mozilla/5.0 (compatible; Googlebot/2.1; +http://www.google.com/bot.html)"
24.162.227.115 - - [17/Nov/2017:21:44:35 +0000] "GET /category/electronics?from=10 HTTP/1.1" 200 119 "/item/computers/4182" "Mozilla/5.0 (Windows NT 6.0; rv:10.0.1) Gecko/20100101 Firefox/10.0.1"
72.216.45.153 - - [17/Nov/2017:21:44:40 +0000] "GET /category/games HTTP/1.1" 200 114 "/category/music" "Mozilla/5.0 (Windows NT 6.0) AppleWebKit/535.11 (KHTML, like Gecko) Chrome/17.0.963.56 Safari/535.11"
160.93.50.158 - - [17/Nov/2017:21:44:45 +0000] "GET /item/electronics/670 HTTP/1.1" 200 66 "/search/?c=Electronics+Electronics" "Mozilla/5.0 (compatible; MSIE 9.0; Windows NT 6.1; WOW64; Trident/5.0)"
52.159.188.199 - - [17/Nov/2017:21:44:50 +0000] "GET /item/computers/1158 HTTP/1.1" 200 122 "http://www.google.com/search?ie=UTF-8&q=google&sclient=psy-ab&q=Computers+Books&oq=Computers+Books&aq=f&aqi=g-vL1&aql=&pbx=1&bav=on.2,or.r_gc.r_pw.r_qf.,cf.osb&biw=2458&bih=558" "Mozilla/4.0 (compatible; MSIE 8.0; Windows NT 6.1; Trident/4.0; YTB730; SLCC2; .NET CLR 2.0.50727; .NET CLR 3.5.30729; .NET CLR 3.0.30729; Media Center PC 6.0; .NET4.0C)"
116.21.137.191 - - [17/Nov/2017:21:44:55 +0000] "GET /item/software/1950 HTTP/1.1" 200 117 "/category/software" "Mozilla/4.0 (compatible; MSIE 8.0; Windows NT 6.1; WOW64; Trident/4.0; YTB730; GTB7.2; SLCC2; .NET CLR 2.0.50727; .NET CLR 3.5.30729; .NET CLR 3.0.30729; .NET4.0C; .NET4.0E; Media Center PC 6.0)"
120.189.102.122 - - [17/Nov/2017:21:45:00 +0000] "GET /category/books HTTP/1.1" 200 81 "-" "Mozilla/5.0 (Windows NT 6.1; WOW64) AppleWebKit/535.7 (KHTML, like Gecko) Chrome/16.0.912.77 Safari/535.7"
160.183.132.213 - - [17/Nov/2017:21:45:05 +0000] "GET /item/electronics/1911 HTTP/1.1" 200 122 "/search/?c=Electronics+Electronics" "Mozilla/4.0 (compatible; MSIE 8.0; Windows NT 6.1; Trident/4.0; YTB730; SLCC2; .NET CLR 2.0.50727; .NET CLR 3.5.30729; .NET CLR 3.0.30729; Media Center PC 6.0; .NET4.0C)"
88.48.32.227 - - [17/Nov/2017:21:45:10 +0000] "GET /category/books HTTP/1.1" 200 74 "/category/software" "Mozilla/4.0 (compatible; MSIE 8.0; Windows NT 6.1; WOW64; Trident/4.0; GTB7.2; SLCC2; .NET CLR 2.0.50727; .NET CLR 3.5.30729; .NET CLR 3.0.30729; Media Center PC 6.0; .NET4.0C)"
148.180.67.120 - - [17/Nov/2017:21:45:15 +0000] "GET /category/books HTTP/1.1" 200 80 "/category/electronics" "Mozilla/4.0 (compatible; MSIE 8.0; Windows NT 5.1; Trident/4.0; BTRS122159; GTB7.2; .NET CLR 1.1.4322; .NET CLR 2.0.50727; .NET CLR 3.0.04506.30; .NET CLR 3.0.4506.2152; .NET CLR 3.5.30729; BRI/2)"
140.51.85.207 - - [17/Nov/2017:21:45:20 +0000] "GET /category/electronics HTTP/1.1" 200 62 "-" "Mozilla/4.0 (compatible; MSIE 8.0; Windows NT 6.1; Trident/4.0; YTB730; SLCC2; .NET CLR 2.0.50727; .NET CLR 3.5.30729; .NET CLR 3.0.30729; Media Center PC 6.0; .NET4.0C)"
64.99.106.139 - - [17/Nov/2017:21:45:25 +0000] "GET /category/electronics HTTP/1.1" 200 82 "-" "Mozilla/4.0 (compatible; MSIE 8.0; Windows NT 6.0; WOW64; Trident/4.0; GTB6; SLCC1; .NET CLR 2.0.50727; Media Center PC 5.0; .NET CLR 3.5.30729; .NET CLR 3.0.30618; .NET4.0C)"
124.135.65.135 - - [17/Nov/2017:21:45:30 +0000] "GET /item/finance/4492 HTTP/1.1" 200 41 "/search/?c=Finance+Software" "Mozilla/5.0 (Macintosh; Intel Mac OS X 10.6; rv:9.0.1) Gecko/20100101 Firefox/9.0.1"
216.81.116.200 - - [17/Nov/2017:21:45:35 +0000] "GET /category/electronics HTTP/1.1" 200 57 "/item/electronics/4005" "Mozilla/5.0 (Windows NT 6.1; WOW64) AppleWebKit/535.7 (KHTML, like Gecko) Chrome/16.0.912.77 Safari/535.7"
200.138.201.118 - - [17/Nov/2017:21:45:40 +0000] "GET /item/garden/3631 HTTP/1.1" 200 102 "/search/?c=Garden" "Mozilla/5.0 (Windows NT 6.1; WOW64; rv:10.0.1) Gecko/20100101 Firefox/10.0.1"
152.213.199.56 - - [17/Nov/2017:21:45:45 +0000] "GET /category/jewelry HTTP/1.1" 200 56 "/search/?c=Electronics+Garden" "Mozilla/4.0 (compatible; MSIE 8.0; Windows NT 5.1; Trident/4.0; BTRS122159; GTB7.2; .NET CLR 1.1.4322; .NET CLR 2.0.50727; .NET CLR 3.0.04506.30; .NET CLR 3.0.4506.2152; .NET CLR 3.5.30729; BRI/2)"
104.195.68.101 - - [17/Nov/2017:21:45:50 +0000] "GET /category/jewelry HTTP/1.1" 200 82 "-" "Mozilla/5.0 (Macintosh; Intel Mac OS X 10.6; rv:9.0.1) Gecko/20100101 Firefox/9.0.1"
68.117.130.229 - - [17/Nov/2017:21:45:55 +0000] "GET /category/books?from=20 HTTP/1.1" 200 80 "-" "Mozilla/5.0 (compatible; MSIE 9.0; Windows NT 6.1; WOW64; Trident/5.0)"
176.141.46.22 - - [17/Nov/2017:21:46:00 +0000] "GET /category/software HTTP/1.1" 200 129 "-" "Mozilla/4.0 (compatible; MSIE 8.0; Windows NT 6.1; WOW64; Trident/4.0; YTB730; GTB7.2; EasyBits GO v1.0; SLCC2; .NET CLR 2.0.50727; .NET CLR 3.5.30729; .NET CLR 3.0.30729; Media Center PC 6.0; .NET4.0C)"
148.75.141.188 - - [17/Nov/2017:21:46:05 +0000] "GET /category/electronics HTTP/1.1" 200 98 "/category/toys?from=10" "Mozilla/4.0 (compatible; MSIE 8.0; Windows NT 5.1; Trident/4.0; YTB720; GTB7.2; .NET CLR 1.1.4322; .NET CLR 2.0.50727; .NET CLR 3.0.4506.2152; .NET CLR 3.5.30729)"
52.192.158.142 - - [17/Nov/2017:21:46:10 +0000] "GET /category/office HTTP/1.1" 200 85 "/item/computers/1943" "Mozilla/5.0 (compatible; MSIE 9.0; Windows NT 6.1; WOW64; Trident/5.0)"
128.27.162.45 - - [17/Nov/2017:21:46:15 +0000] "GET /category/books HTTP/1.1" 200 131 "-" "Mozilla/5.0 (iPad; CPU OS 5_0_1 like Mac OS X) AppleWebKit/534.46 (KHTML, like Gecko) Version/5.1 Mobile/9A405 Safari/7534.48.3"
92.99.34.90 - - [17/Nov/2017:21:46:20 +0000] "GET /category/electronics HTTP/1.1" 200 105 "/category/electronics" "Mozilla/5.0 (iPhone; CPU iPhone OS 5_0_1 like Mac OS X) AppleWebKit/534.46 (KHTML, like Gecko) Version/5.1 Mobile/9A405 Safari/7534.48.3"
52.198.156.151 - - [17/Nov/2017:21:46:25 +0000] "GET /category/software?from=20 HTTP/1.1" 200 78 "/search/?c=Software" "Mozilla/5.0 (Windows NT 5.1) AppleWebKit/535.11 (KHTML, like Gecko) Chrome/17.0.963.46 Safari/535.11"
48.75.157.55 - - [17/Nov/2017:21:46:30 +0000] "GET /item/software/992 HTTP/1.1" 200 113 "-" "Mozilla/5.0 (Windows NT 6.0) AppleWebKit/535.11 (KHTML, like Gecko) Chrome/17.0.963.56 Safari/535.11"
140.150.40.81 - - [17/Nov/2017:21:46:35 +0000] "GET /item/electronics/2868 HTTP/1.1" 200 41 "/category/electronics" "Mozilla/5.0 (Macintosh; Intel Mac OS X 10.6; rv:9.0.1) Gecko/20100101 Firefox/9.0.1"
60.165.28.148 - - [17/Nov/2017:21:46:40 +0000] "GET /item/networking/4706 HTTP/1.1" 200 61 "/search/?c=Networking" "Mozilla/5.0 (Windows NT 6.0) AppleWebKit/535.11 (KHTML, like Gecko) Chrome/17.0.963.56 Safari/535.11"
36.219.69.202 - - [17/Nov/2017:21:46:45 +0000] "GET /category/software?from=10 HTTP/1.1" 200 54 "-" "Mozilla/4.0 (compatible; MSIE 8.0; Windows NT 5.1; Trident/4.0; YTB720; GTB7.2; .NET CLR 1.1.4322; .NET CLR 2.0.50727; .NET CLR 3.0.4506.2152; .NET CLR 3.5.30729)"
64.30.173.72 - - [17/Nov/2017:21:46:50 +0000] "GET /item/electronics/663 HTTP/1.1" 404 78 "/category/office" "Mozilla/4.0 (compatible; MSIE 8.0; Windows NT 6.1; Trident/4.0; YTB730; SLCC2; .NET CLR 2.0.50727; .NET CLR 3.5.30729; .NET CLR 3.0.30729; Media Center PC 6.0; .NET4.0C)"
216.210.207.165 - - [17/Nov/2017:21:46:55 +0000] "GET /item/cameras/2644 HTTP/1.1" 200 124 "/category/software" "Mozilla/5.0 (iPhone; CPU iPhone OS 5_0_1 like Mac OS X) AppleWebKit/534.46 (KHTML, like Gecko) Version/5.1 Mobile/9A405 Safari/7534.48.3"
132.72.140.78 - - [17/Nov/2017:21:47:00 +0000] "GET /category/software HTTP/1.1" 200 107 "-" "Mozilla/5.0 (Macintosh; Intel Mac OS X 10.6; rv:9.0.1) Gecko/20100101 Firefox/9.0.1"
192.168.159.47 - - [17/Nov/2017:21:47:05 +0000] "POST /search/?c=Games+Giftcards HTTP/1.1" 200 78 "/category/books" "Mozilla/5.0 (Macintosh; Intel Mac OS X 10.6; rv:9.0.1) Gecko/20100101 Firefox/9.0.1"
132.84.135.35 - - [17/Nov/2017:21:47:10 +0000] "GET /category/electronics HTTP/1.1" 200 44 "-" "Mozilla/4.0 (compatible; MSIE 8.0; Windows NT 6.1; WOW64; Trident/4.0; YTB730; GTB7.2; EasyBits GO v1.0; SLCC2; .NET CLR 2.0.50727; .NET CLR 3.5.30729; .NET CLR 3.0.30729; Media Center PC 6.0; .NET4.0C)"
208.171.120.182 - - [17/Nov/2017:21:47:15 +0000] "GET /item/electronics/3882 HTTP/1.1" 200 94 "/category/software" "Mozilla/5.0 (compatible; Googlebot/2.1; +http://www.google.com/bot.html)"
156.129.86.124 - - [17/Nov/2017:21:47:20 +0000] "GET /category/sports?from=10 HTTP/1.1" 200 52 "/search/?c=Electronics+Garden" "Mozilla/5.0 (Windows NT 6.0) AppleWebKit/535.11 (KHTML, like Gecko) Chrome/17.0.963.56 Safari/535.11"
80.81.66.77 - - [17/Nov/2017:21:47:25 +0000] "GET /category/electronics HTTP/1.1" 200 59 "/category/electronics" "Mozilla/5.0 (Windows NT 6.1; WOW64) AppleWebKit/535.11 (KHTML, like Gecko) Chrome/17.0.963.56 Safari/535.11"
88.120.125.141 - - [17/Nov/2017:21:47:30 +0000] "POST /search/?c=Games+Giftcards HTTP/1.1" 200 78 "/category/sports" "Mozilla/5.0 (compatible; MSIE 9.0; Windows NT 6.1; WOW64; Trident/5.0)"
72.219.156.125 - - [17/Nov/2017:21:47:35 +0000] "POST /search/?c=Electronics+Software HTTP/1.1" 200 67 "/item/games/2882" "Mozilla/5.0 (Windows NT 6.1; WOW64) AppleWebKit/535.7 (KHTML, like Gecko) Chrome/16.0.912.77 Safari/535.7"
88.123.35.97 - - [17/Nov/2017:21:47:40 +0000] "GET /category/software HTTP/1.1" 200 71 "/category/books" "Mozilla/5.0 (compatible; MSIE 9.0; Windows NT 6.1; Trident/5.0)"
192.168.159.47 - - [17/Nov/2017:21:47:45 +0000] "GET /item/software/3371 HTTP/1.1" 200 121 "/category/finance" "Mozilla/5.0 (Macintosh; Intel Mac OS X 10.6; rv:9.0.1) Gecko/20100101 Firefox/9.0.1"
120.129.24.195 - - [17/Nov/2017:21:47:50 +0000] "GET /category/electronics HTTP/1.1" 200 93 "-" "Mozilla/5.0 (Windows NT 6.1; WOW64) AppleWebKit/535.7 (KHTML, like Gecko) Chrome/16.0.912.77 Safari/535.7"
188.24.181.91 - - [17/Nov/2017:21:47:55 +0000] "GET /category/jewelry HTTP/1.1" 200 80 "/item/games/1885" "Mozilla/5.0 (Windows NT 6.1; WOW64) AppleWebKit/535.7 (KHTML, like Gecko) Chrome/16.0.912.77 Safari/535.7"
100.144.219.108 - - [17/Nov/2017:21:48:00 +0000] "GET /category/computers HTTP/1.1" 200 94 "/item/sports/13" "Mozilla/5.0 (Windows NT 5.1) AppleWebKit/535.11 (KHTML, like Gecko) Chrome/17.0.963.46 Safari/535.11"
224.210.57.35 - - [17/Nov/2017:21:48:05 +0000] "GET /item/software/155 HTTP/1.1" 200 61 "/search/?c=Software+Music" "Mozilla/5.0 (compatible; MSIE 9.0; Windows NT 6.1; Trident/5.0)"
152.72.100.218 - - [17/Nov/2017:21:48:10 +0000] "GET /category/electronics HTTP/1.1" 200 139 "/item/games/1697" "Mozilla/5.0 (Windows NT 6.1; WOW64) AppleWebKit/535.7 (KHTML, like Gecko) Chrome/16.0.912.77 Safari/535.7"
220.93.97.101 - - [17/Nov/2017:21:48:15 +0000] "GET /category/finance HTTP/1.1" 200 132 "/item/giftcards/4709" "Mozilla/5.0 (compatible; MSIE 9.0; Windows NT 6.1; Trident/5.0)"
40.123.201.66 - - [17/Nov/2017:21:48:20 +0000] "GET /item/toys/67 HTTP/1.1" 200 117 "/category/software" "Mozilla/5.0 (Windows NT 6.0) AppleWebKit/535.11 (KHTML, like Gecko) Chrome/17.0.963.56 Safari/535.11"
132.183.166.198 - - [17/Nov/2017:21:48:25 +0000] "GET /category/software HTTP/1.1" 200 43 "-" "Mozilla/5.0 (Windows NT 6.1; WOW64; rv:10.0.1) Gecko/20100101 Firefox/10.0.1"
136.129.115.173 - - [17/Nov/2017:21:48:30 +0000] "GET /item/software/2487 HTTP/1.1" 200 51 "/search/?c=Office" "Mozilla/5.0 (compatible; MSIE 9.0; Windows NT 6.1; WOW64; Trident/5.0)"
208.210.156.79 - - [17/Nov/2017:21:48:35 +0000] "GET /category/cameras?from=10 HTTP/1.1" 200 72 "/category/books?from=0" "Mozilla/5.0 (compatible; Googlebot/2.1; +http://www.google.com/bot.html)"
184.189.139.105 - - [17/Nov/2017:21:48:40 +0000] "GET /category/garden?from=20 HTTP/1.1" 200 69 "/category/garden" "Mozilla/5.0 (Macintosh; Intel Mac OS X 10.6; rv:9.0.1) Gecko/20100101 Firefox/9.0.1"
20.60.176.150 - - [17/Nov/2017:21:48:45 +0000] "GET /category/books HTTP/1.1" 200 51 "/item/electronics/1679" "Mozilla/5.0 (Windows NT 5.1) AppleWebKit/535.11 (KHTML, like Gecko) Chrome/17.0.963.46 Safari/535.11"
216.159.84.36 - - [17/Nov/2017:21:48:50 +0000] "GET /item/electronics/2101 HTTP/1.1" 200 84 "/item/electronics/3042" "Mozilla/5.0 (Windows NT 6.0) AppleWebKit/535.11 (KHTML, like Gecko) Chrome/17.0.963.56 Safari/535.11"
192.168.214.196 - - [17/Nov/2017:21:48:55 +0000] "GET /category/toys HTTP/1.1" 200 109 "-" "Mozilla/4.0 (compatible; MSIE 8.0; Windows NT 6.1; Trident/4.0; YTB730; SLCC2; .NET CLR 2.0.50727; .NET CLR 3.5.30729; .NET CLR 3.0.30729; Media Center PC 6.0; .NET4.0C)"
128.147.75.132 - - [17/Nov/2017:21:49:00 +0000] "GET /item/electronics/2606 HTTP/1.1" 200 138 "/item/software/1594" "Mozilla/5.0 (Windows NT 6.1; WOW64) AppleWebKit/535.7 (KHTML, like Gecko) Chrome/16.0.912.77 Safari/535.7"
120.225.200.117 - - [17/Nov/2017:21:49:05 +0000] "GET /category/books HTTP/1.1" 200 40 "-" "Mozilla/4.0 (compatible; MSIE 8.0; Windows NT 5.1; Trident/4.0; YTB720; GTB7.2; .NET CLR 1.1.4322; .NET CLR 2.0.50727; .NET CLR 3.0.4506.2152; .NET CLR 3.5.30729)"
176.105.22.32 - - [17/Nov/2017:21:49:10 +0000] "GET /item/electronics/2277 HTTP/1.1" 200 43 "/search/?c=Electronics" "Mozilla/5.0 (Windows NT 5.1) AppleWebKit/535.11 (KHTML, like Gecko) Chrome/17.0.963.46 Safari/535.11"
100.66.170.80 - - [17/Nov/2017:21:49:15 +0000] "GET /category/giftcards HTTP/1.1" 200 99 "/search/?c=Jewelry+Games" "Mozilla/4.0 (compatible; MSIE 8.0; Windows NT 6.1; WOW64; Trident/4.0; YTB730; GTB7.2; SLCC2; .NET CLR 2.0.50727; .NET CLR 3.5.30729; .NET CLR 3.0.30729; .NET4.0C; .NET4.0E; Media Center PC 6.0)"
176.117.229.92 - - [17/Nov/2017:21:49:20 +0000] "GET /category/electronics HTTP/1.1" 200 126 "http://www.google.com/search?ie=UTF-8&q=google&sclient=psy-ab&q=Electronics+Books&oq=Electronics+Books&aq=f&aqi=g-vL1&aql=&pbx=1&bav=on.2,or.r_gc.r_pw.r_qf.,cf.osb&biw=2183&bih=124" "Mozilla/5.0 (Windows NT 6.0) AppleWebKit/535.11 (KHTML, like Gecko) Chrome/17.0.963.56 Safari/535.11"
64.111.228.178 - - [17/Nov/2017:21:49:25 +0000] "GET /item/office/4792 HTTP/1.1" 200 56 "/category/games" "Mozilla/5.0 (Windows NT 6.1; WOW64; rv:10.0.1) Gecko/20100101 Firefox/10.0.1"
216.210.62.164 - - [17/Nov/2017:21:49:30 +0000] "GET /category/electronics HTTP/1.1" 200 128 "/category/games" "Mozilla/4.0 (compatible; MSIE 8.0; Windows NT 6.1; WOW64; Trident/4.0; YTB730; GTB7.2; EasyBits GO v1.0; SLCC2; .NET CLR 2.0.50727; .NET CLR 3.5.30729; .NET CLR 3.0.30729; Media Center PC 6.0; .NET4.0C)"
32.189.72.176 - - [17/Nov/2017:21:49:35 +0000] "GET /category/software?from=0 HTTP/1.1" 200 64 "/search/?c=Software+Office" "Mozilla/5.0 (Macintosh; Intel Mac OS X 10.6; rv:9.0.1) Gecko/20100101 Firefox/9.0.1"
224.192.171.198 - - [17/Nov/2017:21:49:40 +0000] "GET /category/books HTTP/1.1" 200 96 "-" "Mozilla/5.0 (Macintosh; Intel Mac OS X 10.6; rv:9.0.1) Gecko/20100101 Firefox/9.0.1"
32.81.139.201 - - [17/Nov/2017:21:49:45 +0000] "GET /category/jewelry HTTP/1.1" 200 111 "/item/software/3523" "Mozilla/4.0 (compatible; MSIE 8.0; Windows NT 5.1; Trident/4.0; YTB720; GTB7.2; .NET CLR 1.1.4322; .NET CLR 2.0.50727; .NET CLR 3.0.4506.2152; .NET CLR 3.5.30729)"
76.222.22.161 - - [17/Nov/2017:21:49:50 +0000] "GET /item/finance/3479 HTTP/1.1" 200 85 "/category/finance" "Mozilla/5.0 (compatible; MSIE 9.0; Windows NT 6.1; WOW64; Trident/5.0)"
76.75.163.170 - - [17/Nov/2017:21:49:55 +0000] "GET /category/toys?from=10 HTTP/1.1" 200 96 "/search/?c=Software+Office" "Mozilla/5.0 (Windows NT 6.1; WOW64) AppleWebKit/535.11 (KHTML, like Gecko) Chrome/17.0.963.56 Safari/535.11"
144.180.166.148 - - [17/Nov/2017:21:50:00 +0000] "GET /item/toys/2937 HTTP/1.1" 200 54 "-" "Mozilla/5.0 (Windows NT 6.1; WOW64) AppleWebKit/535.11 (KHTML, like Gecko) Chrome/17.0.963.56 Safari/535.11"
140.78.40.160 - - [17/Nov/2017:21:50:05 +0000] "GET /item/garden/231 HTTP/1.1" 200 59 "/category/garden" "Mozilla/5.0 (Windows NT 6.1; WOW64) AppleWebKit/535.11 (KHTML, like Gecko) Chrome/17.0.963.56 Safari/535.11"
196.144.108.166 - - [17/Nov/2017:21:50:10 +0000] "GET /category/giftcards HTTP/1.1" 200 81 "-" "Mozilla/4.0 (compatible; MSIE 8.0; Windows NT 6.1; WOW64; Trident/4.0; YTB730; GTB7.2; EasyBits GO v1.0; SLCC2; .NET CLR 2.0.50727; .NET CLR 3.5.30729; .NET CLR 3.0.30729; Media Center PC 6.0; .NET4.0C)"
36.183.156.215 - - [17/Nov/2017:21:50:15 +0000] "GET /item/electronics/1309 HTTP/1.1" 200 133 "-" "Mozilla/5.0 (Windows NT 6.0) AppleWebKit/535.11 (KHTML, like Gecko) Chrome/17.0.963.56 Safari/535.11"
36.138.203.140 - - [17/Nov/2017:21:50:20 +0000] "GET /category/software?from=20 HTTP/1.1" 200 100 "/item/electronics/1706" "Mozilla/5.0 (Windows NT 6.0; rv:10.0.1) Gecko/20100101 Firefox/10.0.1"
196.63.209.217 - - [17/Nov/2017:21:50:25 +0000] "GET /item/giftcards/202 HTTP/1.1" 200 51 "-" "Mozilla/5.0 (Macintosh; Intel Mac OS X 10.6; rv:9.0.1) Gecko/20100101 Firefox/9.0.1"
96.75.214.176 - - [17/Nov/2017:21:50:30 +0000] "GET /category/games HTTP/1.1" 200 59 "-" "Mozilla/5.0 (compatible; Googlebot/2.1; +http://www.google.com/bot.html)"
108.93.207.173 - - [17/Nov/2017:21:50:35 +0000] "GET /category/toys HTTP/1.1" 200 40 "/category/software" "Mozilla/4.0 (compatible; MSIE 8.0; Windows NT 6.1; WOW64; Trident/4.0; YTB730; GTB7.2; SLCC2; .NET CLR 2.0.50727; .NET CLR 3.5.30729; .NET CLR 3.0.30729; .NET4.0C; .NET4.0E; Media Center PC 6.0)"
148.108.60.129 - - [17/Nov/2017:21:50:40 +0000] "GET /category/electronics HTTP/1.1" 200 90 "/category/jewelry" "Mozilla/4.0 (compatible; MSIE 8.0; Windows NT 5.1; Trident/4.0; BTRS122159; GTB7.2; .NET CLR 1.1.4322; .NET CLR 2.0.50727; .NET CLR 3.0.04506.30; .NET CLR 3.0.4506.2152; .NET CLR 3.5.30729; BRI/2)"
140.120.88.217 - - [17/Nov/2017:21:50:45 +0000] "GET /category/cameras?from=10 HTTP/1.1" 200 72 "/search/?c=Cameras+Software" "Mozilla/5.0 (Windows NT 6.0; rv:10.0.1) Gecko/20100101 Firefox/10.0.1"
96.33.37.61 - - [17/Nov/2017:21:50:50 +0000] "GET /category/jewelry HTTP/1.1" 200 59 "/category/books" "Mozilla/5.0 (Windows NT 6.0) AppleWebKit/535.11 (KHTML, like Gecko) Chrome/17.0.963.56 Safari/535.11"
220.126.137.81 - - [17/Nov/2017:21:50:55 +0000] "GET /category/sports HTTP/1.1" 200 57 "/category/jewelry?from=20" "Mozilla/5.0 (Macintosh; Intel Mac OS X 10.6; rv:9.0.1) Gecko/20100101 Firefox/9.0.1"
60.27.59.177 - - [17/Nov/2017:21:51:00 +0000] "GET /category/books HTTP/1.1" 200 84 "/category/software" "Mozilla/5.0 (Macintosh; Intel Mac OS X 10.6; rv:9.0.1) Gecko/20100101 Firefox/9.0.1"
164.177.22.225 - - [17/Nov/2017:21:51:05 +0000] "GET /category/electronics HTTP/1.1" 200 62 "-" "Mozilla/5.0 (Windows NT 5.1) AppleWebKit/535.11 (KHTML, like Gecko) Chrome/17.0.963.46 Safari/535.11"
216.33.82.203 - - [17/Nov/2017:21:51:10 +0000] "GET /category/electronics HTTP/1.1" 200 108 "-" "Mozilla/5.0 (compatible; Googlebot/2.1; +http://www.google.com/bot.html)"
180.36.176.29 - - [17/Nov/2017:21:51:15 +0000] "GET /item/books/237 HTTP/1.1" 200 95 "/item/games/4762" "Mozilla/5.0 (Windows NT 6.1; WOW64; rv:10.0.1) Gecko/20100101 Firefox/10.0.1"
20.45.119.184 - - [17/Nov/2017:21:51:20 +0000] "GET /category/jewelry HTTP/1.1" 200 71 "-" "Mozilla/4.0 (compatible; MSIE 8.0; Windows NT 6.1; WOW64; Trident/4.0; YTB730; GTB7.2; EasyBits GO v1.0; SLCC2; .NET CLR 2.0.50727; .NET CLR 3.5.30729; .NET CLR 3.0.30729; Media Center PC 6.0; .NET4.0C)"
184.45.158.136 - - [17/Nov/2017:21:51:25 +0000] "POST /search/?c=Electronics+Toys HTTP/1.1" 200 128 "-" "Mozilla/5.0 (Windows NT 6.0; rv:10.0.1) Gecko/20100101 Firefox/10.0.1"
204.213.121.181 - - [17/Nov/2017:21:51:30 +0000] "GET /category/sports HTTP/1.1" 200 48 "-" "Mozilla/5.0 (iPhone; CPU iPhone OS 5_0_1 like Mac OS X) AppleWebKit/534.46 (KHTML, like Gecko) Version/5.1 Mobile/9A405 Safari/7534.48.3"
224.36.20.68 - - [17/Nov/2017:21:51:35 +0000] "GET /category/books?from=10 HTTP/1.1" 200 137 "/category/books" "Mozilla/5.0 (compatible; Googlebot/2.1; +http://www.google.com/bot.html)"
24.48.22.162 - - [17/Nov/2017:21:51:40 +0000] "GET /category/electronics HTTP/1.1" 200 82 "-" "Mozilla/4.0 (compatible; MSIE 8.0; Windows NT 5.1; Trident/4.0; BTRS122159; GTB7.2; .NET CLR 1.1.4322; .NET CLR 2.0.50727; .NET CLR 3.0.04506.30; .NET CLR 3.0.4506.2152; .NET CLR 3.5.30729; BRI/2)"
152.90.220.86 - - [17/Nov/2017:21:51:45 +0000] "GET /category/software HTTP/1.1" 200 90 "-" "Mozilla/4.0 (compatible; MSIE 8.0; Windows NT 5.1; Trident/4.0; BTRS122159; GTB7.2; .NET CLR 1.1.4322; .NET CLR 2.0.50727; .NET CLR 3.0.04506.30; .NET CLR 3.0.4506.2152; .NET CLR 3.5.30729; BRI/2)"
116.63.29.208 - - [17/Nov/2017:21:51:50 +0000] "POST /search/?c=Books HTTP/1.1" 200 114 "/item/computers/512" "Mozilla/5.0 (Windows NT 6.1; WOW64; rv:10.0.1) Gecko/20100101 Firefox/10.0.1"
224.27.58.174 - - [17/Nov/2017:21:51:55 +0000] "GET /category/electronics HTTP/1.1" 200 137 "-" "Mozilla/5.0 (compatible; MSIE 9.0; Windows NT 6.1; Trident/5.0)"
128.54.20.112 - - [17/Nov/2017:21:52:00 +0000] "POST /search/?c=Toys+Toys HTTP/1.1" 200 102 "-" "Mozilla/5.0 (Windows NT 6.1; WOW64) AppleWebKit/535.7 (KHTML, like Gecko) Chrome/16.0.912.77 Safari/535.7"
24.201.68.49 - - [17/Nov/2017:21:52:05 +0000] "GET /category/games HTTP/1.1" 200 137 "/category/software" "Mozilla/4.0 (compatible; MSIE 8.0; Windows NT 6.0; WOW64; Trident/4.0; GTB6; SLCC1; .NET CLR 2.0.50727; Media Center PC 5.0; .NET CLR 3.5.30729; .NET CLR 3.0.30618; .NET4.0C)"
40.168.92.164 - - [17/Nov/2017:21:52:10 +0000] "GET /item/electronics/1216 HTTP/1.1" 200 93 "/category/electronics" "Mozilla/5.0 (compatible; Googlebot/2.1; +http://www.google.com/bot.html)"
156.177.136.57 - - [17/Nov/2017:21:52:15 +0000] "GET /item/electronics/2795 HTTP/1.1" 200 52 "/category/electronics" "Mozilla/4.0 (compatible; MSIE 8.0; Windows NT 6.0; WOW64; Trident/4.0; GTB6; SLCC1; .NET CLR 2.0.50727; Media Center PC 5.0; .NET CLR 3.5.30729; .NET CLR 3.0.30618; .NET4.0C)"
52.51.140.109 - - [17/Nov/2017:21:52:20 +0000] "GET /category/electronics HTTP/1.1" 200 67 "-" "Mozilla/4.0 (compatible; MSIE 8.0; Windows NT 5.1; Trident/4.0; YTB720; GTB7.2; .NET CLR 1.1.4322; .NET CLR 2.0.50727; .NET CLR 3.0.4506.2152; .NET CLR 3.5.30729)"
164.63.57.53 - - [17/Nov/2017:21:52:25 +0000] "GET /category/electronics HTTP/1.1" 200 96 "-" "Mozilla/5.0 (Windows NT 6.1; WOW64; rv:10.0.1) Gecko/20100101 Firefox/10.0.1"
96.90.32.31 - - [17/Nov/2017:21:52:30 +0000] "GET /item/electronics/2792 HTTP/1.1" 200 114 "-" "Mozilla/5.0 (Windows NT 5.1) AppleWebKit/535.11 (KHTML, like Gecko) Chrome/17.0.963.46 Safari/535.11"
92.99.34.90 - - [17/Nov/2017:21:52:35 +0000] "GET /category/software?from=0 HTTP/1.1" 200 137 "/category/garden" "Mozilla/5.0 (compatible; Googlebot/2.1; +http://www.google.com/bot.html)"
116.39.203.186 - - [17/Nov/2017:21:52:40 +0000] "GET /category/sports HTTP/1.1" 200 72 "/item/games/4398" "Mozilla/5.0 (Macintosh; Intel Mac OS X 10.6; rv:9.0.1) Gecko/20100101 Firefox/9.0.1"
144.45.41.37 - - [17/Nov/2017:21:52:45 +0000] "GET /category/networking HTTP/1.1" 200 136 "http://www.google.com/search?ie=UTF-8&q=google&sclient=psy-ab&q=Networking+Books&oq=Networking+Books&aq=f&aqi=g-vL1&aql=&pbx=1&bav=on.2,or.r_gc.r_pw.r_qf.,cf.osb&biw=1314&bih=319" "Mozilla/5.0 (Windows NT 6.0) AppleWebKit/535.11 (KHTML, like Gecko) Chrome/17.0.963.56 Safari/535.11"
188.162.174.58 - - [17/Nov/2017:21:52:50 +0000] "GET /category/giftcards HTTP/1.1" 200 83 "-" "Mozilla/5.0 (Windows NT 6.1; WOW64) AppleWebKit/535.11 (KHTML, like Gecko) Chrome/17.0.963.56 Safari/535.11"
100.168.183.82 - - [17/Nov/2017:21:52:55 +0000] "GET /category/health HTTP/1.1" 200 59 "/item/games/3491" "Mozilla/5.0 (Windows NT 6.0; rv:10.0.1) Gecko/20100101 Firefox/10.0.1"
128.177.137.56 - - [17/Nov/2017:21:53:00 +0000] "POST /search/?c=Books+Electronics HTTP/1.1" 200 79 "/category/health?from=10" "Mozilla/5.0 (Windows NT 6.0; rv:10.0.1) Gecko/20100101 Firefox/10.0.1"
88.63.121.43 - - [17/Nov/2017:21:53:05 +0000] "GET /item/electronics/705 HTTP/1.1" 200 92 "/item/electronics/3940" "Mozilla/5.0 (Windows NT 6.1; WOW64) AppleWebKit/535.11 (KHTML, like Gecko) Chrome/17.0.963.56 Safari/535.11"
188.24.181.91 - - [17/Nov/2017:21:53:10 +0000] "GET /category/software?from=0 HTTP/1.1" 200 64 "/category/electronics" "Mozilla/5.0 (compatible; Googlebot/2.1; +http://www.google.com/bot.html)"
152.90.220.86 - - [17/Nov/2017:21:53:15 +0000] "GET /category/garden HTTP/1.1" 200 94 "-" "Mozilla/4.0 (compatible; MSIE 8.0; Windows NT 6.1; WOW64; Trident/4.0; YTB730; GTB7.2; EasyBits GO v1.0; SLCC2; .NET CLR 2.0.50727; .NET CLR 3.5.30729; .NET CLR 3.0.30729; Media Center PC 6.0; .NET4.0C)"
76.132.177.175 - - [17/Nov/2017:21:53:20 +0000] "GET /item/networking/4174 HTTP/1.1" 200 125 "/category/jewelry" "Mozilla/5.0 (Windows NT 6.0) AppleWebKit/535.11 (KHTML, like Gecko) Chrome/17.0.963.56 Safari/535.11"
148.75.141.188 - - [17/Nov/2017:21:53:25 +0000] "POST /search/?c=Electronics+Garden HTTP/1.1" 200 139 "-" "Mozilla/4.0 (compatible; MSIE 8.0; Windows NT 5.1; Trident/4.0; YTB720; GTB7.2; .NET CLR 1.1.4322; .NET CLR 2.0.50727; .NET CLR 3.0.4506.2152; .NET CLR 3.5.30729)"
176.171.208.90 - - [17/Nov/2017:21:53:30 +0000] "GET /category/games HTTP/1.1" 200 83 "-" "Mozilla/5.0 (compatible; Googlebot/2.1; +http://www.google.com/bot.html)"
100.93.108.122 - - [17/Nov/2017:21:53:35 +0000] "POST /search/?c=Giftcards HTTP/1.1" 200 116 "-" "Mozilla/5.0 (Windows NT 6.1; WOW64) AppleWebKit/535.11 (KHTML, like Gecko) Chrome/17.0.963.56 Safari/535.11"
28.150.146.21 - - [17/Nov/2017:21:53:40 +0000] "GET /item/books/4619 HTTP/1.1" 200 59 "/search/?c=Books+Games" "Mozilla/5.0 (Windows NT 6.1; WOW64; rv:10.0.1) Gecko/20100101 Firefox/10.0.1"
160.222.46.45 - - [17/Nov/2017:21:53:45 +0000] "GET /item/books/237 HTTP/1.1" 200 95 "/item/electronics/695" "Mozilla/5.0 (compatible; MSIE 9.0; Windows NT 6.1; WOW64; Trident/5.0)"
48.54.186.185 - - [17/Nov/2017:21:53:50 +0000] "GET /item/electronics/379 HTTP/1.1" 200 114 "/category/games" "Mozilla/4.0 (compatible; MSIE 8.0; Windows NT 6.1; WOW64; Trident/4.0; YTB730; GTB7.2; EasyBits GO v1.0; SLCC2; .NET CLR 2.0.50727; .NET CLR 3.5.30729; .NET CLR 3.0.30729; Media Center PC 6.0; .NET4.0C)"
28.201.26.192 - - [17/Nov/2017:21:53:55 +0000] "GET /category/electronics HTTP/1.1" 200 105 "-" "Mozilla/5.0 (Windows NT 6.1; WOW64) AppleWebKit/535.11 (KHTML, like Gecko) Chrome/17.0.963.56 Safari/535.11"
44.72.104.147 - - [17/Nov/2017:21:54:00 +0000] "GET /item/games/1456 HTTP/1.1" 200 111 "http://www.google.com/search?ie=UTF-8&q=google&sclient=psy-ab&q=Games&oq=Games&aq=f&aqi=g-vL1&aql=&pbx=1&bav=on.2,or.r_gc.r_pw.r_qf.,cf.osb&biw=3246&bih=387" "Mozilla/4.0 (compatible; MSIE 8.0; Windows NT 6.1; WOW64; Trident/4.0; YTB730; GTB7.2; SLCC2; .NET CLR 2.0.50727; .NET CLR 3.5.30729; .NET CLR 3.0.30729; .NET4.0C; .NET4.0E; Media Center PC 6.0)"
188.117.206.31 - - [17/Nov/2017:21:54:05 +0000] "GET /category/electronics HTTP/1.1" 200 59 "-" "Mozilla/5.0 (Windows NT 6.1; WOW64; rv:10.0.1) Gecko/20100101 Firefox/10.0.1"
80.186.195.122 - - [17/Nov/2017:21:54:10 +0000] "GET /category/jewelry HTTP/1.1" 200 56 "-" "Mozilla/5.0 (Windows NT 6.1; WOW64; rv:10.0.1) Gecko/20100101 Firefox/10.0.1"
40.195.97.189 - - [17/Nov/2017:21:54:15 +0000] "GET /category/software HTTP/1.1" 200 72 "http://www.google.com/search?ie=UTF-8&q=google&sclient=psy-ab&q=Software+Jewelry&oq=Software+Jewelry&aq=f&aqi=g-vL1&aql=&pbx=1&bav=on.2,or.r_gc.r_pw.r_qf.,cf.osb&biw=3966&bih=392" "Mozilla/5.0 (Macintosh; Intel Mac OS X 10.6; rv:9.0.1) Gecko/20100101 Firefox/9.0.1"
116.132.223.92 - - [17/Nov/2017:21:54:20 +0000] "GET /category/electronics HTTP/1.1" 200 82 "/search/?c=Software" "Mozilla/5.0 (Windows NT 6.1; WOW64; rv:10.0.1) Gecko/20100101 Firefox/10.0.1"
76.216.93.173 - - [17/Nov/2017:21:54:25 +0000] "POST /search/?c=Networking HTTP/1.1" 200 110 "/item/health/3531" "Mozilla/5.0 (compatible; Googlebot/2.1; +http://www.google.com/bot.html)"
112.21.69.67 - - [17/Nov/2017:21:54:30 +0000] "GET /item/office/84 HTTP/1.1" 200 137 "/item/garden/4052" "Mozilla/5.0 (Windows NT 6.0) AppleWebKit/535.11 (KHTML, like Gecko) Chrome/17.0.963.56 Safari/535.11"
188.165.183.191 - - [17/Nov/2017:21:54:35 +0000] "GET /item/networking/3236 HTTP/1.1" 200 109 "/search/?c=Software" "Mozilla/5.0 (Windows NT 6.0; rv:10.0.1) Gecko/20100101 Firefox/10.0.1"
136.222.62.176 - - [17/Nov/2017:21:54:40 +0000] "GET /item/software/4545 HTTP/1.1" 200 135 "/search/?c=Electronics+Software" "Mozilla/5.0 (compatible; MSIE 9.0; Windows NT 6.1; Trident/5.0)"
156.177.136.57 - - [17/Nov/2017:21:54:45 +0000] "GET /item/software/71 HTTP/1.1" 200 116 "http://www.google.com/search?ie=UTF-8&q=google&sclient=psy-ab&q=Software+Office&oq=Software+Office&aq=f&aqi=g-vL1&aql=&pbx=1&bav=on.2,or.r_gc.r_pw.r_qf.,cf.osb&biw=443&bih=314" "Mozilla/5.0 (Windows NT 6.0) AppleWebKit/535.11 (KHTML, like Gecko) Chrome/17.0.963.56 Safari/535.11"
112.60.183.55 - - [17/Nov/2017:21:54:50 +0000] "GET /item/electronics/1089 HTTP/1.1" 200 54 "/item/electronics/2972" "Mozilla/5.0 (Windows NT 6.1; WOW64; rv:10.0.1) Gecko/20100101 Firefox/10.0.1"
52.216.223.224 - - [17/Nov/2017:21:54:55 +0000] "GET /category/software HTTP/1.1" 200 116 "/category/software" "Mozilla/5.0 (iPhone; CPU iPhone OS 5_0_1 like Mac OS X) AppleWebKit/534.46 (KHTML, like Gecko) Version/5.1 Mobile/9A405 Safari/7534.48.3"
52.90.30.181 - - [17/Nov/2017:21:55:00 +0000] "GET /item/software/2490 HTTP/1.1" 200 51 "/category/electronics" "Mozilla/4.0 (compatible; MSIE 8.0; Windows NT 6.1; WOW64; Trident/4.0; YTB730; GTB7.2; SLCC2; .NET CLR 2.0.50727; .NET CLR 3.5.30729; .NET CLR 3.0.30729; .NET4.0C; .NET4.0E; Media Center PC 6.0)"
184.57.118.95 - - [17/Nov/2017:21:55:05 +0000] "GET /category/office HTTP/1.1" 200 77 "/category/software" "Mozilla/5.0 (Macintosh; Intel Mac OS X 10.6; rv:9.0.1) Gecko/20100101 Firefox/9.0.1"
136.129.115.173 - - [17/Nov/2017:21:55:10 +0000] "POST /search/?c=Electronics+Garden HTTP/1.1" 200 53 "-" "Mozilla/5.0 (compatible; MSIE 9.0; Windows NT 6.1; Trident/5.0)"
40.168.92.164 - - [17/Nov/2017:21:55:15 +0000] "GET /category/finance HTTP/1.1" 200 71 "/item/electronics/3298" "Mozilla/4.0 (compatible; MSIE 8.0; Windows NT 5.1; Trident/4.0; YTB720; GTB7.2; .NET CLR 1.1.4322; .NET CLR 2.0.50727; .NET CLR 3.0.4506.2152; .NET CLR 3.5.30729)"
208.114.138.190 - - [17/Nov/2017:21:55:20 +0000] "GET /category/electronics HTTP/1.1" 200 79 "/item/books/3101" "Mozilla/5.0 (Windows NT 6.1; WOW64) AppleWebKit/535.11 (KHTML, like Gecko) Chrome/17.0.963.56 Safari/535.11"
44.138.105.89 - - [17/Nov/2017:21:55:25 +0000] "GET /category/games?from=20 HTTP/1.1" 200 119 "/category/software" "Mozilla/5.0 (Windows NT 6.0; rv:10.0.1) Gecko/20100101 Firefox/10.0.1"
148.171.78.128 - - [17/Nov/2017:21:55:30 +0000] "GET /category/cameras?from=20 HTTP/1.1" 200 114 "/category/cameras" "Mozilla/5.0 (Windows NT 6.1; WOW64) AppleWebKit/535.11 (KHTML, like Gecko) Chrome/17.0.963.56 Safari/535.11"
80.69.198.127 - - [17/Nov/2017:21:55:35 +0000] "GET /category/books?from=20 HTTP/1.1" 200 88 "/search/?c=Books" "Mozilla/4.0 (compatible; MSIE 8.0; Windows NT 6.1; WOW64; Trident/4.0; YTB730; GTB7.2; EasyBits GO v1.0; SLCC2; .NET CLR 2.0.50727; .NET CLR 3.5.30729; .NET CLR 3.0.30729; Media Center PC 6.0; .NET4.0C)"
32.63.131.213 - - [17/Nov/2017:21:55:40 +0000] "GET /item/garden/4271 HTTP/1.1" 200 127 "/category/garden" "Mozilla/4.0 (compatible; MSIE 8.0; Windows NT 5.1; Trident/4.0; YTB720; GTB7.2; .NET CLR 1.1.4322; .NET CLR 2.0.50727; .NET CLR 3.0.4506.2152; .NET CLR 3.5.30729)"
40.141.85.63 - - [17/Nov/2017:21:55:45 +0000] "GET /category/software HTTP/1.1" 200 84 "-" "Mozilla/4.0 (compatible; MSIE 8.0; Windows NT 6.1; Trident/4.0; YTB730; SLCC2; .NET CLR 2.0.50727; .NET CLR 3.5.30729; .NET CLR 3.0.30729; Media Center PC 6.0; .NET4.0C)"
28.207.139.33 - - [17/Nov/2017:21:55:50 +0000] "GET /category/computers HTTP/1.1" 200 103 "/category/health" "Mozilla/5.0 (Windows NT 6.0; rv:10.0.1) Gecko/20100101 Firefox/10.0.1"
192.24.229.108 - - [17/Nov/2017:21:55:55 +0000] "GET /item/networking/4696 HTTP/1.1" 200 138 "/item/electronics/1206" "Mozilla/4.0 (compatible; MSIE 8.0; Windows NT 6.1; WOW64; Trident/4.0; GTB7.2; SLCC2; .NET CLR 2.0.50727; .NET CLR 3.5.30729; .NET CLR 3.0.30729; Media Center PC 6.0; .NET4.0C)"
168.183.144.126 - - [17/Nov/2017:21:56:00 +0000] "POST /search/?c=Software+Games HTTP/1.1" 200 97 "-" "Mozilla/5.0 (compatible; MSIE 9.0; Windows NT 6.1; WOW64; Trident/5.0)"
128.39.75.36 - - [17/Nov/2017:21:56:05 +0000] "GET /item/electronics/2104 HTTP/1.1" 200 59 "/search/?c=Games+Giftcards" "Mozilla/5.0 (Macintosh; Intel Mac OS X 10.6; rv:9.0.1) Gecko/20100101 Firefox/9.0.1"
140.27.85.29 - - [17/Nov/2017:21:56:10 +0000] "POST /search/?c=Office+Office HTTP/1.1" 200 86 "/search/?c=Music" "Mozilla/4.0 (compatible; MSIE 8.0; Windows NT 6.1; WOW64; Trident/4.0; GTB7.2; SLCC2; .NET CLR 2.0.50727; .NET CLR 3.5.30729; .NET CLR 3.0.30729; Media Center PC 6.0; .NET4.0C)"
32.81.139.201 - - [17/Nov/2017:21:56:15 +0000] "GET /category/books HTTP/1.1" 200 131 "-" "Mozilla/5.0 (compatible; Googlebot/2.1; +http://www.google.com/bot.html)"
136.225.199.202 - - [17/Nov/2017:21:56:20 +0000] "GET /item/games/152 HTTP/1.1" 200 133 "/search/?c=Games" "Mozilla/5.0 (Windows NT 6.0; rv:10.0.1) Gecko/20100101 Firefox/10.0.1"
140.27.162.195 - - [17/Nov/2017:21:56:25 +0000] "GET /category/jewelry HTTP/1.1" 200 82 "/category/garden" "Mozilla/5.0 (Windows NT 6.1; WOW64) AppleWebKit/535.7 (KHTML, like Gecko) Chrome/16.0.912.77 Safari/535.7"
112.165.201.203 - - [17/Nov/2017:21:56:30 +0000] "GET /item/networking/3236 HTTP/1.1" 200 109 "/item/books/515" "Mozilla/5.0 (Windows NT 6.0) AppleWebKit/535.11 (KHTML, like Gecko) Chrome/17.0.963.56 Safari/535.11"
40.33.157.65 - - [17/Nov/2017:21:56:35 +0000] "GET /category/games HTTP/1.1" 200 110 "-" "Mozilla/5.0 (compatible; MSIE 9.0; Windows NT 6.1; Trident/5.0)"
76.114.187.160 - - [17/Nov/2017:21:56:40 +0000] "GET /category/books HTTP/1.1" 200 67 "/category/giftcards" "Mozilla/5.0 (Macintosh; Intel Mac OS X 10.6; rv:9.0.1) Gecko/20100101 Firefox/9.0.1"
144.99.170.128 - - [17/Nov/2017:21:56:45 +0000] "GET /category/office HTTP/1.1" 200 54 "/category/software" "Mozilla/5.0 (Windows NT 6.0) AppleWebKit/535.11 (KHTML, like Gecko) Chrome/17.0.963.56 Safari/535.11"
224.57.160.208 - - [17/Nov/2017:21:56:50 +0000] "GET /category/software HTTP/1.1" 200 76 "-" "Mozilla/5.0 (Windows NT 6.0) AppleWebKit/535.11 (KHTML, like Gecko) Chrome/17.0.963.56 Safari/535.11"
112.18.198.226 - - [17/Nov/2017:21:56:55 +0000] "POST /search/?c=Books HTTP/1.1" 200 40 "-" "Mozilla/5.0 (Windows NT 6.0; rv:10.0.1) Gecko/20100101 Firefox/10.0.1"
212.168.228.88 - - [17/Nov/2017:21:57:00 +0000] "GET /item/cameras/4503 HTTP/1.1" 200 92 "/category/cameras" "Mozilla/5.0 (Macintosh; Intel Mac OS X 10.6; rv:9.0.1) Gecko/20100101 Firefox/9.0.1"
140.27.162.195 - - [17/Nov/2017:21:57:05 +0000] "GET /category/music HTTP/1.1" 200 54 "http://www.google.com/search?ie=UTF-8&q=google&sclient=psy-ab&q=Music+Music&oq=Music+Music&aq=f&aqi=g-vL1&aql=&pbx=1&bav=on.2,or.r_gc.r_pw.r_qf.,cf.osb&biw=3038&bih=7" "Mozilla/5.0 (Windows NT 6.1; WOW64) AppleWebKit/535.11 (KHTML, like Gecko) Chrome/17.0.963.56 Safari/535.11"
132.219.26.113 - - [17/Nov/2017:21:57:10 +0000] "GET /category/electronics HTTP/1.1" 200 78 "-" "Mozilla/4.0 (compatible; MSIE 8.0; Windows NT 5.1; Trident/4.0; BTRS122159; GTB7.2; .NET CLR 1.1.4322; .NET CLR 2.0.50727; .NET CLR 3.0.04506.30; .NET CLR 3.0.4506.2152; .NET CLR 3.5.30729; BRI/2)"
160.168.34.130 - - [17/Nov/2017:21:57:15 +0000] "GET /item/books/590 HTTP/1.1" 200 55 "/category/books" "Mozilla/5.0 (Windows NT 6.0; rv:10.0.1) Gecko/20100101 Firefox/10.0.1"
156.159.223.147 - - [17/Nov/2017:21:57:20 +0000] "GET /category/electronics HTTP/1.1" 200 72 "/category/office" "Mozilla/5.0 (Windows NT 6.1; WOW64; rv:10.0.1) Gecko/20100101 Firefox/10.0.1"
108.132.126.119 - - [17/Nov/2017:21:57:25 +0000] "POST /search/?c=Books HTTP/1.1" 200 114 "-" "Mozilla/4.0 (compatible; MSIE 8.0; Windows NT 5.1; Trident/4.0; BTRS122159; GTB7.2; .NET CLR 1.1.4322; .NET CLR 2.0.50727; .NET CLR 3.0.04506.30; .NET CLR 3.0.4506.2152; .NET CLR 3.5.30729; BRI/2)"
32.213.139.23 - - [17/Nov/2017:21:57:30 +0000] "GET /category/electronics HTTP/1.1" 200 78 "-" "Mozilla/5.0 (Windows NT 6.1; WOW64) AppleWebKit/535.11 (KHTML, like Gecko) Chrome/17.0.963.56 Safari/535.11"
72.27.184.75 - - [17/Nov/2017:21:57:35 +0000] "GET /category/electronics HTTP/1.1" 200 107 "/category/office" "Mozilla/5.0 (Windows NT 6.1; WOW64) AppleWebKit/535.11 (KHTML, like Gecko) Chrome/17.0.963.56 Safari/535.11"
92.225.46.39 - - [17/Nov/2017:21:57:40 +0000] "POST /search/?c=Music+Sports HTTP/1.1" 200 126 "-" "Mozilla/4.0 (compatible; MSIE 8.0; Windows NT 5.1; Trident/4.0; BTRS122159; GTB7.2; .NET CLR 1.1.4322; .NET CLR 2.0.50727; .NET CLR 3.0.04506.30; .NET CLR 3.0.4506.2152; .NET CLR 3.5.30729; BRI/2)"
100.186.30.119 - - [17/Nov/2017:21:57:45 +0000] "GET /item/games/2827 HTTP/1.1" 200 113 "-" "Mozilla/5.0 (compatible; MSIE 9.0; Windows NT 6.1; WOW64; Trident/5.0)"
208.114.138.190 - - [17/Nov/2017:21:57:50 +0000] "GET /category/office HTTP/1.1" 200 79 "/item/office/84" "Mozilla/5.0 (Windows NT 6.0) AppleWebKit/535.11 (KHTML, like Gecko) Chrome/17.0.963.56 Safari/535.11"
216.210.207.165 - - [17/Nov/2017:21:57:55 +0000] "GET /item/cameras/3403 HTTP/1.1" 200 108 "/item/electronics/3042" "Mozilla/5.0 (Macintosh; Intel Mac OS X 10.6; rv:9.0.1) Gecko/20100101 Firefox/9.0.1"
112.102.42.196 - - [17/Nov/2017:21:58:00 +0000] "GET /category/software HTTP/1.1" 200 68 "-" "Mozilla/4.0 (compatible; MSIE 8.0; Windows NT 6.1; Trident/4.0; YTB730; SLCC2; .NET CLR 2.0.50727; .NET CLR 3.5.30729; .NET CLR 3.0.30729; Media Center PC 6.0; .NET4.0C)"
212.66.174.222 - - [17/Nov/2017:21:58:05 +0000] "POST /search/?c=Electronics HTTP/1.1" 200 130 "-" "Mozilla/5.0 (Macintosh; Intel Mac OS X 10.6; rv:9.0.1) Gecko/20100101 Firefox/9.0.1"
100.21.56.172 - - [17/Nov/2017:21:58:10 +0000] "GET /item/games/2779 HTTP/1.1" 200 56 "/item/electronics/2825" "Mozilla/5.0 (compatible; MSIE 9.0; Windows NT 6.1; WOW64; Trident/5.0)"
80.45.209.74 - - [17/Nov/2017:21:58:15 +0000] "POST /search/?c=Electronics+Software HTTP/1.1" 200 77 "/item/software/1950" "Mozilla/5.0 (compatible; MSIE 9.0; Windows NT 6.1; WOW64; Trident/5.0)"
120.129.24.195 - - [17/Nov/2017:21:58:20 +0000] "GET /category/health HTTP/1.1" 200 42 "-" "Mozilla/5.0 (Windows NT 6.0; rv:10.0.1) Gecko/20100101 Firefox/10.0.1"
176.69.100.211 - - [17/Nov/2017:21:58:25 +0000] "GET /item/office/564 HTTP/1.1" 200 125 "/category/networking" "Mozilla/5.0 (Windows NT 6.1; WOW64) AppleWebKit/535.11 (KHTML, like Gecko) Chrome/17.0.963.56 Safari/535.11"
100.195.21.152 - - [17/Nov/2017:21:58:30 +0000] "GET /category/networking?from=10 HTTP/1.1" 200 127 "-" "Mozilla/4.0 (compatible; MSIE 8.0; Windows NT 6.1; Trident/4.0; YTB730; SLCC2; .NET CLR 2.0.50727; .NET CLR 3.5.30729; .NET CLR 3.0.30729; Media Center PC 6.0; .NET4.0C)"
200.78.131.141 - - [17/Nov/2017:21:58:35 +0000] "GET /category/books?from=10 HTTP/1.1" 200 89 "/item/giftcards/3622" "Mozilla/5.0 (Windows NT 6.1; WOW64) AppleWebKit/535.7 (KHTML, like Gecko) Chrome/16.0.912.77 Safari/535.7"
56.51.48.185 - - [17/Nov/2017:21:58:40 +0000] "GET /category/sports HTTP/1.1" 200 95 "-" "Mozilla/4.0 (compatible; MSIE 8.0; Windows NT 6.0; WOW64; Trident/4.0; GTB6; SLCC1; .NET CLR 2.0.50727; Media Center PC 5.0; .NET CLR 3.5.30729; .NET CLR 3.0.30618; .NET4.0C)"
172.204.128.196 - - [17/Nov/2017:21:58:45 +0000] "GET /item/books/4586 HTTP/1.1" 200 130 "/item/computers/3259" "Mozilla/5.0 (Macintosh; Intel Mac OS X 10.6; rv:9.0.1) Gecko/20100101 Firefox/9.0.1"
24.150.47.136 - - [17/Nov/2017:21:58:50 +0000] "GET /category/software HTTP/1.1" 200 45 "/category/finance" "Mozilla/5.0 (compatible; MSIE 9.0; Windows NT 6.1; WOW64; Trident/5.0)"
180.228.190.87 - - [17/Nov/2017:21:58:55 +0000] "GET /category/jewelry HTTP/1.1" 200 102 "/category/software" "Mozilla/4.0 (compatible; MSIE 8.0; Windows NT 5.1; Trident/4.0; BTRS122159; GTB7.2; .NET CLR 1.1.4322; .NET CLR 2.0.50727; .NET CLR 3.0.04506.30; .NET CLR 3.0.4506.2152; .NET CLR 3.5.30729; BRI/2)"
204.117.20.72 - - [17/Nov/2017:21:59:00 +0000] "GET /category/giftcards HTTP/1.1" 200 81 "-" "Mozilla/5.0 (Windows NT 6.0; rv:10.0.1) Gecko/20100101 Firefox/10.0.1"
212.183.136.225 - - [17/Nov/2017:21:59:05 +0000] "GET /item/games/3032 HTTP/1.1" 200 115 "/category/electronics" "Mozilla/5.0 (Windows NT 6.0) AppleWebKit/535.11 (KHTML, like Gecko) Chrome/17.0.963.56 Safari/535.11"
204.225.98.113 - - [17/Nov/2017:21:59:10 +0000] "POST /search/?c=Software HTTP/1.1" 200 50 "/item/software/1768" "Mozilla/5.0 (Windows NT 6.1; WOW64) AppleWebKit/535.11 (KHTML, like Gecko) Chrome/17.0.963.56 Safari/535.11"
40.27.108.131 - - [17/Nov/2017:21:59:15 +0000] "GET /item/software/1271 HTTP/1.1" 200 103 "/item/finance/2549" "Mozilla/5.0 (Windows NT 6.0; rv:10.0.1) Gecko/20100101 Firefox/10.0.1"
216.60.81.167 - - [17/Nov/2017:21:59:20 +0000] "GET /category/computers HTTP/1.1" 200 136 "-" "Mozilla/5.0 (compatible; MSIE 9.0; Windows NT 6.1; WOW64; Trident/5.0)"
64.207.189.196 - - [17/Nov/2017:21:59:25 +0000] "GET /category/software HTTP/1.1" 200 113 "-" "Mozilla/5.0 (compatible; Googlebot/2.1; +http://www.google.com/bot.html)"
112.102.42.196 - - [17/Nov/2017:21:59:30 +0000] "GET /category/music HTTP/1.1" 200 54 "/category/books" "Mozilla/4.0 (compatible; MSIE 8.0; Windows NT 5.1; Trident/4.0; YTB720; GTB7.2; .NET CLR 1.1.4322; .NET CLR 2.0.50727; .NET CLR 3.0.4506.2152; .NET CLR 3.5.30729)"
136.126.144.37 - - [17/Nov/2017:21:59:35 +0000] "GET /category/books HTTP/1.1" 200 41 "/category/music" "Mozilla/5.0 (compatible; MSIE 9.0; Windows NT 6.1; WOW64; Trident/5.0)"
80.39.220.94 - - [17/Nov/2017:21:59:40 +0000] "GET /category/books HTTP/1.1" 200 131 "-" "Mozilla/5.0 (Windows NT 6.0) AppleWebKit/535.11 (KHTML, like Gecko) Chrome/17.0.963.56 Safari/535.11"
72.156.195.112 - - [17/Nov/2017:21:59:45 +0000] "POST /search/?c=Books+Networking HTTP/1.1" 200 82 "/search/?c=Electronics+Garden" "Mozilla/4.0 (compatible; MSIE 8.0; Windows NT 5.1; Trident/4.0; YTB720; GTB7.2; .NET CLR 1.1.4322; .NET CLR 2.0.50727; .NET CLR 3.0.4506.2152; .NET CLR 3.5.30729)"
76.33.84.154 - - [17/Nov/2017:21:59:50 +0000] "GET /category/games HTTP/1.1" 200 111 "/item/books/4255" "Mozilla/4.0 (compatible; MSIE 8.0; Windows NT 5.1; Trident/4.0; BTRS122159; GTB7.2; .NET CLR 1.1.4322; .NET CLR 2.0.50727; .NET CLR 3.0.04506.30; .NET CLR 3.0.4506.2152; .NET CLR 3.5.30729; BRI/2)"
120.216.45.120 - - [17/Nov/2017:21:59:55 +0000] "GET /category/software HTTP/1.1" 200 72 "/category/music?from=20" "Mozilla/5.0 (Windows NT 6.1; WOW64) AppleWebKit/535.11 (KHTML, like Gecko) Chrome/17.0.963.56 Safari/535.11"
224.117.61.161 - - [17/Nov/2017:22:00:00 +0000] "POST /search/?c=Electronics HTTP/1.1" 200 69 "-" "Mozilla/5.0 (Windows NT 6.1; WOW64) AppleWebKit/535.11 (KHTML, like Gecko) Chrome/17.0.963.56 Safari/535.11"
136.21.168.104 - - [17/Nov/2017:22:00:05 +0000] "GET /category/jewelry HTTP/1.1" 200 118 "/item/office/851" "Mozilla/4.0 (compatible; MSIE 8.0; Windows NT 6.1; WOW64; Trident/4.0; YTB730; GTB7.2; EasyBits GO v1.0; SLCC2; .NET CLR 2.0.50727; .NET CLR 3.5.30729; .NET CLR 3.0.30729; Media Center PC 6.0; .NET4.0C)"
32.81.139.201 - - [17/Nov/2017:22:00:10 +0000] "GET /item/games/4398 HTTP/1.1" 200 112 "/category/giftcards" "Mozilla/4.0 (compatible; MSIE 8.0; Windows NT 5.1; Trident/4.0; YTB720; GTB7.2; .NET CLR 1.1.4322; .NET CLR 2.0.50727; .NET CLR 3.0.4506.2152; .NET CLR 3.5.30729)"
92.117.108.135 - - [17/Nov/2017:22:00:15 +0000] "GET /category/software HTTP/1.1" 200 65 "-" "Mozilla/5.0 (Windows NT 6.1; WOW64; rv:10.0.1) Gecko/20100101 Firefox/10.0.1"
120.216.45.120 - - [17/Nov/2017:22:00:20 +0000] "GET /item/networking/3236 HTTP/1.1" 200 109 "-" "Mozilla/4.0 (compatible; MSIE 8.0; Windows NT 6.1; WOW64; Trident/4.0; YTB730; GTB7.2; SLCC2; .NET CLR 2.0.50727; .NET CLR 3.5.30729; .NET CLR 3.0.30729; .NET4.0C; .NET4.0E; Media Center PC 6.0)"
184.30.98.141 - - [17/Nov/2017:22:00:25 +0000] "GET /item/electronics/4629 HTTP/1.1" 200 83 "/category/software" "Mozilla/5.0 (Windows NT 6.0) AppleWebKit/535.11 (KHTML, like Gecko) Chrome/17.0.963.56 Safari/535.11"
120.189.102.122 - - [17/Nov/2017:22:00:30 +0000] "GET /category/jewelry HTTP/1.1" 200 73 "-" "Mozilla/5.0 (Windows NT 6.0; rv:10.0.1) Gecko/20100101 Firefox/10.0.1"
108.150.20.229 - - [17/Nov/2017:22:00:35 +0000] "GET /category/finance HTTP/1.1" 200 124 "-" "Mozilla/4.0 (compatible; MSIE 8.0; Windows NT 6.1; Trident/4.0; YTB730; SLCC2; .NET CLR 2.0.50727; .NET CLR 3.5.30729; .NET CLR 3.0.30729; Media Center PC 6.0; .NET4.0C)"
132.84.135.35 - - [17/Nov/2017:22:00:40 +0000] "GET /category/games HTTP/1.1" 200 45 "/category/books" "Mozilla/5.0 (Windows NT 6.1; WOW64) AppleWebKit/535.7 (KHTML, like Gecko) Chrome/16.0.912.77 Safari/535.7"
28.105.55.188 - - [17/Nov/2017:22:00:45 +0000] "POST /search/?c=Software+Garden HTTP/1.1" 200 98 "-" "Mozilla/5.0 (Windows NT 6.0; rv:10.0.1) Gecko/20100101 Firefox/10.0.1"
104.189.169.48 - - [17/Nov/2017:22:00:50 +0000] "GET /category/music HTTP/1.1" 200 44 "http://www.google.com/search?ie=UTF-8&q=google&sclient=psy-ab&q=Music&oq=Music&aq=f&aqi=g-vL1&aql=&pbx=1&bav=on.2,or.r_gc.r_pw.r_qf.,cf.osb&biw=4892&bih=368" "Mozilla/5.0 (Windows NT 6.1; WOW64) AppleWebKit/535.11 (KHTML, like Gecko) Chrome/17.0.963.56 Safari/535.11"
56.48.140.129 - - [17/Nov/2017:22:00:55 +0000] "POST /search/?c=Office+Electronics HTTP/1.1" 200 82 "-" "Mozilla/5.0 (compatible; MSIE 9.0; Windows NT 6.1; WOW64; Trident/5.0)"
136.63.21.83 - - [17/Nov/2017:22:01:00 +0000] "GET /category/giftcards HTTP/1.1" 200 99 "-" "Mozilla/5.0 (compatible; MSIE 9.0; Windows NT 6.1; WOW64; Trident/5.0)"
60.195.75.126 - - [17/Nov/2017:22:01:05 +0000] "GET /category/jewelry HTTP/1.1" 200 40 "/category/electronics" "Mozilla/5.0 (Windows NT 6.0; rv:10.0.1) Gecko/20100101 Firefox/10.0.1"
196.195.42.66 - - [17/Nov/2017:22:01:10 +0000] "GET /category/software HTTP/1.1" 200 83 "-" "Mozilla/4.0 (compatible; MSIE 8.0; Windows NT 5.1; Trident/4.0; YTB720; GTB7.2; .NET CLR 1.1.4322; .NET CLR 2.0.50727; .NET CLR 3.0.4506.2152; .NET CLR 3.5.30729)"
104.141.80.150 - - [17/Nov/2017:22:01:15 +0000] "GET /category/books HTTP/1.1" 200 57 "-" "Mozilla/5.0 (compatible; MSIE 9.0; Windows NT 6.1; WOW64; Trident/5.0)"
140.183.67.108 - - [17/Nov/2017:22:01:20 +0000] "POST /search/?c=Electronics HTTP/1.1" 200 101 "/category/electronics" "Mozilla/5.0 (Macintosh; Intel Mac OS X 10.6; rv:9.0.1) Gecko/20100101 Firefox/9.0.1"
172.45.84.183 - - [17/Nov/2017:22:01:25 +0000] "GET /item/garden/4383 HTTP/1.1" 200 95 "/search/?c=Health" "Mozilla/4.0 (compatible; MSIE 8.0; Windows NT 6.1; WOW64; Trident/4.0; YTB730; GTB7.2; SLCC2; .NET CLR 2.0.50727; .NET CLR 3.5.30729; .NET CLR 3.0.30729; .NET4.0C; .NET4.0E; Media Center PC 6.0)"
160.111.20.54 - - [17/Nov/2017:22:01:30 +0000] "GET /category/office HTTP/1.1" 200 87 "/search/?c=Electronics+Garden" "Mozilla/5.0 (Windows NT 6.1; WOW64) AppleWebKit/535.11 (KHTML, like Gecko) Chrome/17.0.963.56 Safari/535.11"
196.225.171.61 - - [17/Nov/2017:22:01:35 +0000] "GET /item/music/2069 HTTP/1.1" 200 133 "/category/software" "Mozilla/5.0 (compatible; MSIE 9.0; Windows NT 6.1; WOW64; Trident/5.0)"
112.30.36.35 - - [17/Nov/2017:22:01:40 +0000] "GET /item/sports/1884 HTTP/1.1" 200 105 "/category/sports" "Mozilla/5.0 (Windows NT 6.0; rv:10.0.1) Gecko/20100101 Firefox/10.0.1"
104.111.99.133 - - [17/Nov/2017:22:01:45 +0000] "GET /item/cameras/4995 HTTP/1.1" 200 97 "-" "Mozilla/5.0 (compatible; Googlebot/2.1; +http://www.google.com/bot.html)"
116.144.123.207 - - [17/Nov/2017:22:01:50 +0000] "GET /category/software HTTP/1.1" 200 127 "-" "Mozilla/5.0 (Macintosh; Intel Mac OS X 10.6; rv:9.0.1) Gecko/20100101 Firefox/9.0.1"
28.135.90.185 - - [17/Nov/2017:22:01:55 +0000] "POST /search/?c=Electronics HTTP/1.1" 200 130 "-" "Mozilla/5.0 (Windows NT 5.1) AppleWebKit/535.11 (KHTML, like Gecko) Chrome/17.0.963.46 Safari/535.11"
84.207.145.22 - - [17/Nov/2017:22:02:00 +0000] "GET /item/books/3757 HTTP/1.1" 200 115 "/category/books" "Mozilla/4.0 (compatible; MSIE 8.0; Windows NT 6.1; WOW64; Trident/4.0; GTB7.2; SLCC2; .NET CLR 2.0.50727; .NET CLR 3.5.30729; .NET CLR 3.0.30729; Media Center PC 6.0; .NET4.0C)"
152.66.214.200 - - [17/Nov/2017:22:02:05 +0000] "GET /category/electronics HTTP/1.1" 200 61 "-" "Mozilla/5.0 (Windows NT 5.1) AppleWebKit/535.11 (KHTML, like Gecko) Chrome/17.0.963.46 Safari/535.11"
96.99.105.24 - - [17/Nov/2017:22:02:10 +0000] "GET /category/office HTTP/1.1" 200 120 "-" "Mozilla/4.0 (compatible; MSIE 8.0; Windows NT 6.0; WOW64; Trident/4.0; GTB6; SLCC1; .NET CLR 2.0.50727; Media Center PC 5.0; .NET CLR 3.5.30729; .NET CLR 3.0.30618; .NET4.0C)"
52.159.188.199 - - [17/Nov/2017:22:02:15 +0000] "GET /category/cameras HTTP/1.1" 200 127 "/category/games" "Mozilla/5.0 (compatible; MSIE 9.0; Windows NT 6.1; WOW64; Trident/5.0)"
156.81.120.91 - - [17/Nov/2017:22:02:20 +0000] "GET /category/electronics HTTP/1.1" 200 138 "-" "Mozilla/5.0 (compatible; MSIE 9.0; Windows NT 6.1; Trident/5.0)"
172.48.138.173 - - [17/Nov/2017:22:02:25 +0000] "GET /item/health/4533 HTTP/1.1" 200 55 "/category/electronics?from=0" "Mozilla/5.0 (Windows NT 6.1; WOW64) AppleWebKit/535.7 (KHTML, like Gecko) Chrome/16.0.912.77 Safari/535.7"
140.75.187.67 - - [17/Nov/2017:22:02:30 +0000] "GET /category/books HTTP/1.1" 200 55 "-" "Mozilla/5.0 (Windows NT 6.0; rv:10.0.1) Gecko/20100101 Firefox/10.0.1"
100.219.202.52 - - [17/Nov/2017:22:02:35 +0000] "GET /category/electronics HTTP/1.1" 200 139 "/item/electronics/1679" "Mozilla/4.0 (compatible; MSIE 8.0; Windows NT 6.1; WOW64; Trident/4.0; GTB7.2; SLCC2; .NET CLR 2.0.50727; .NET CLR 3.5.30729; .NET CLR 3.0.30729; Media Center PC 6.0; .NET4.0C)"
212.189.191.81 - - [17/Nov/2017:22:02:40 +0000] "GET /category/toys HTTP/1.1" 200 109 "/item/software/2487" "Mozilla/4.0 (compatible; MSIE 8.0; Windows NT 6.1; Trident/4.0; YTB730; SLCC2; .NET CLR 2.0.50727; .NET CLR 3.5.30729; .NET CLR 3.0.30729; Media Center PC 6.0; .NET4.0C)"
96.99.84.183 - - [17/Nov/2017:22:02:45 +0000] "GET /item/garden/348 HTTP/1.1" 200 50 "/category/software" "Mozilla/5.0 (Windows NT 6.1; WOW64; rv:10.0.1) Gecko/20100101 Firefox/10.0.1"
176.69.116.108 - - [17/Nov/2017:22:02:50 +0000] "GET /item/electronics/1057 HTTP/1.1" 200 137 "-" "Mozilla/5.0 (Windows NT 6.1; WOW64) AppleWebKit/535.11 (KHTML, like Gecko) Chrome/17.0.963.56 Safari/535.11"
212.192.182.120 - - [17/Nov/2017:22:02:55 +0000] "GET /category/networking HTTP/1.1" 200 40 "-" "Mozilla/5.0 (compatible; Googlebot/2.1; +http://www.google.com/bot.html)"
196.168.199.146 - - [17/Nov/2017:22:03:00 +0000] "GET /category/cameras?from=20 HTTP/1.1" 200 99 "-" "Mozilla/5.0 (Macintosh; Intel Mac OS X 10.6; rv:9.0.1) Gecko/20100101 Firefox/9.0.1"
192.126.144.136 - - [17/Nov/2017:22:03:05 +0000] "GET /category/computers HTTP/1.1" 200 113 "-" "Mozilla/4.0 (compatible; MSIE 8.0; Windows NT 6.0; WOW64; Trident/4.0; GTB6; SLCC1; .NET CLR 2.0.50727; Media Center PC 5.0; .NET CLR 3.5.30729; .NET CLR 3.0.30618; .NET4.0C)"
24.138.192.196 - - [17/Nov/2017:22:03:10 +0000] "GET /item/electronics/670 HTTP/1.1" 200 66 "-" "Mozilla/5.0 (Windows NT 6.1; WOW64; rv:10.0.1) Gecko/20100101 Firefox/10.0.1"
212.174.138.139 - - [17/Nov/2017:22:03:15 +0000] "GET /category/electronics HTTP/1.1" 200 67 "-" "Mozilla/5.0 (Macintosh; Intel Mac OS X 10.6; rv:9.0.1) Gecko/20100101 Firefox/9.0.1"
136.177.181.50 - - [17/Nov/2017:22:03:20 +0000] "POST /search/?c=Giftcards+Music HTTP/1.1" 200 118 "-" "Mozilla/5.0 (compatible; MSIE 9.0; Windows NT 6.1; WOW64; Trident/5.0)"
172.201.30.205 - - [17/Nov/2017:22:03:25 +0000] "GET /item/toys/67 HTTP/1.1" 200 117 "/item/cameras/3741" "Mozilla/4.0 (compatible; MSIE 8.0; Windows NT 6.1; WOW64; Trident/4.0; YTB730; GTB7.2; EasyBits GO v1.0; SLCC2; .NET CLR 2.0.50727; .NET CLR 3.5.30729; .NET CLR 3.0.30729; Media Center PC 6.0; .NET4.0C)"
80.174.167.30 - - [17/Nov/2017:22:03:30 +0000] "GET /category/games HTTP/1.1" 200 98 "/item/garden/2971" "Mozilla/5.0 (Windows NT 6.0; rv:10.0.1) Gecko/20100101 Firefox/10.0.1"
180.147.87.207 - - [17/Nov/2017:22:03:35 +0000] "GET /category/finance HTTP/1.1" 200 49 "/search/?c=Sports+Giftcards" "Mozilla/4.0 (compatible; MSIE 8.0; Windows NT 6.1; WOW64; Trident/4.0; YTB730; GTB7.2; EasyBits GO v1.0; SLCC2; .NET CLR 2.0.50727; .NET CLR 3.5.30729; .NET CLR 3.0.30729; Media Center PC 6.0; .NET4.0C)"
152.63.117.36 - - [17/Nov/2017:22:03:40 +0000] "POST /search/?c=Electronics HTTP/1.1" 200 130 "/category/garden?from=20" "Mozilla/5.0 (Windows NT 6.1; WOW64; rv:10.0.1) Gecko/20100101 Firefox/10.0.1"
136.222.62.176 - - [17/Nov/2017:22:03:45 +0000] "GET /category/games HTTP/1.1" 200 133 "/item/books/4062" "Mozilla/4.0 (compatible; MSIE 8.0; Windows NT 6.1; WOW64; Trident/4.0; GTB7.2; SLCC2; .NET CLR 2.0.50727; .NET CLR 3.5.30729; .NET CLR 3.0.30729; Media Center PC 6.0; .NET4.0C)"
60.225.108.28 - - [17/Nov/2017:22:03:50 +0000] "GET /category/electronics HTTP/1.1" 200 90 "/category/networking" "Mozilla/4.0 (compatible; MSIE 8.0; Windows NT 5.1; Trident/4.0; YTB720; GTB7.2; .NET CLR 1.1.4322; .NET CLR 2.0.50727; .NET CLR 3.0.4506.2152; .NET CLR 3.5.30729)"
208.30.147.227 - - [17/Nov/2017:22:03:55 +0000] "GET /item/books/2829 HTTP/1.1" 200 80 "http://www.google.com/search?ie=UTF-8&q=google&sclient=psy-ab&q=Books&oq=Books&aq=f&aqi=g-vL1&aql=&pbx=1&bav=on.2,or.r_gc.r_pw.r_qf.,cf.osb&biw=4329&bih=147" "Mozilla/5.0 (iPad; CPU OS 5_0_1 like Mac OS X) AppleWebKit/534.46 (KHTML, like Gecko) Version/5.1 Mobile/9A405 Safari/7534.48.3"
56.150.202.109 - - [17/Nov/2017:22:04:00 +0000] "GET /category/games?from=0 HTTP/1.1" 200 124 "/search/?c=Games+Games" "Mozilla/4.0 (compatible; MSIE 8.0; Windows NT 5.1; Trident/4.0; YTB720; GTB7.2; .NET CLR 1.1.4322; .NET CLR 2.0.50727; .NET CLR 3.0.4506.2152; .NET CLR 3.5.30729)"
132.141.158.51 - - [17/Nov/2017:22:04:05 +0000] "GET /item/electronics/2795 HTTP/1.1" 200 52 "/category/health" "Mozilla/5.0 (compatible; Googlebot/2.1; +http://www.google.com/bot.html)"
220.159.151.36 - - [17/Nov/2017:22:04:10 +0000] "GET /category/software HTTP/1.1" 200 78 "/category/games" "Mozilla/5.0 (iPad; CPU OS 5_0_1 like Mac OS X) AppleWebKit/534.46 (KHTML, like Gecko) Version/5.1 Mobile/9A405 Safari/7534.48.3"
28.96.205.110 - - [17/Nov/2017:22:04:15 +0000] "GET /category/office HTTP/1.1" 200 121 "-" "Mozilla/5.0 (Windows NT 6.1; WOW64) AppleWebKit/535.11 (KHTML, like Gecko) Chrome/17.0.963.56 Safari/535.11"
192.132.36.118 - - [17/Nov/2017:22:04:20 +0000] "GET /category/electronics HTTP/1.1" 200 72 "-" "Mozilla/5.0 (Windows NT 6.1; WOW64; rv:10.0.1) Gecko/20100101 Firefox/10.0.1"
44.213.68.121 - - [17/Nov/2017:22:04:25 +0000] "GET /category/games?from=20 HTTP/1.1" 200 119 "/category/electronics" "Mozilla/5.0 (compatible; MSIE 9.0; Windows NT 6.1; Trident/5.0)"
216.144.153.181 - - [17/Nov/2017:22:04:30 +0000] "GET /category/software?from=0 HTTP/1.1" 200 73 "/category/software" "Mozilla/5.0 (Macintosh; Intel Mac OS X 10.6; rv:9.0.1) Gecko/20100101 Firefox/9.0.1"
40.33.157.65 - - [17/Nov/2017:22:04:35 +0000] "GET /category/electronics HTTP/1.1" 200 101 "/item/music/4403" "Mozilla/5.0 (Windows NT 6.1; WOW64) AppleWebKit/535.11 (KHTML, like Gecko) Chrome/17.0.963.56 Safari/535.11"
64.30.173.72 - - [17/Nov/2017:22:04:40 +0000] "GET /category/software?from=20 HTTP/1.1" 200 49 "/category/software" "Mozilla/5.0 (Windows NT 6.1; WOW64) AppleWebKit/535.11 (KHTML, like Gecko) Chrome/17.0.963.56 Safari/535.11"
152.51.200.216 - - [17/Nov/2017:22:04:45 +0000] "GET /category/office HTTP/1.1" 200 124 "-" "Mozilla/5.0 (compatible; MSIE 9.0; Windows NT 6.1; WOW64; Trident/5.0)"
84.207.145.22 - - [17/Nov/2017:22:04:50 +0000] "GET /category/giftcards HTTP/1.1" 200 127 "/search/?c=Software" "Mozilla/5.0 (compatible; MSIE 9.0; Windows NT 6.1; WOW64; Trident/5.0)"
164.177.22.225 - - [17/Nov/2017:22:04:55 +0000] "GET /item/giftcards/2452 HTTP/1.1" 200 53 "-" "Mozilla/4.0 (compatible; MSIE 8.0; Windows NT 6.1; WOW64; Trident/4.0; GTB7.2; SLCC2; .NET CLR 2.0.50727; .NET CLR 3.5.30729; .NET CLR 3.0.30729; Media Center PC 6.0; .NET4.0C)"
32.39.91.121 - - [17/Nov/2017:22:05:00 +0000] "GET /category/toys HTTP/1.1" 200 129 "/item/health/1094" "Mozilla/5.0 (Windows NT 6.0; rv:10.0.1) Gecko/20100101 Firefox/10.0.1"
172.45.84.183 - - [17/Nov/2017:22:05:05 +0000] "GET /item/health/4912 HTTP/1.1" 200 105 "-" "Mozilla/4.0 (compatible; MSIE 8.0; Windows NT 6.0; WOW64; Trident/4.0; GTB6; SLCC1; .NET CLR 2.0.50727; Media Center PC 5.0; .NET CLR 3.5.30729; .NET CLR 3.0.30618; .NET4.0C)"
108.60.40.114 - - [17/Nov/2017:22:05:10 +0000] "GET /item/games/4058 HTTP/1.1" 200 94 "-" "Mozilla/5.0 (Windows NT 6.1; WOW64) AppleWebKit/535.7 (KHTML, like Gecko) Chrome/16.0.912.77 Safari/535.7"
72.66.199.152 - - [17/Nov/2017:22:05:15 +0000] "GET /category/giftcards HTTP/1.1" 200 59 "/category/jewelry" "Mozilla/5.0 (Windows NT 6.1; WOW64; rv:10.0.1) Gecko/20100101 Firefox/10.0.1"
120.189.102.122 - - [17/Nov/2017:22:05:20 +0000] "GET /category/software?from=20 HTTP/1.1" 200 100 "/item/software/3387" "Mozilla/5.0 (Windows NT 6.0; rv:10.0.1) Gecko/20100101 Firefox/10.0.1"
120.57.151.184 - - [17/Nov/2017:22:05:25 +0000] "GET /category/books HTTP/1.1" 200 85 "/category/networking" "Mozilla/5.0 (iPhone; CPU iPhone OS 5_0_1 like Mac OS X) AppleWebKit/534.46 (KHTML, like Gecko) Version/5.1 Mobile/9A405 Safari/7534.48.3"
192.51.157.22 - - [17/Nov/2017:22:05:30 +0000] "GET /category/software HTTP/1.1" 200 99 "-" "Mozilla/5.0 (Windows NT 6.1; WOW64; rv:10.0.1) Gecko/20100101 Firefox/10.0.1"
192.198.24.209 - - [17/Nov/2017:22:05:35 +0000] "GET /item/giftcards/4709 HTTP/1.1" 200 53 "/category/software" "Mozilla/5.0 (Windows NT 6.0) AppleWebKit/535.11 (KHTML, like Gecko) Chrome/17.0.963.56 Safari/535.11"
144.180.166.148 - - [17/Nov/2017:22:05:40 +0000] "GET /item/office/512 HTTP/1.1" 200 41 "/item/giftcards/3166" "Mozilla/5.0 (Windows NT 6.1; WOW64) AppleWebKit/535.11 (KHTML, like Gecko) Chrome/17.0.963.56 Safari/535.11"
208.54.112.203 - - [17/Nov/2017:22:05:45 +0000] "GET /item/sports/2911 HTTP/1.1" 200 130 "/search/?c=Sports+Electronics" "Mozilla/5.0 (compatible; MSIE 9.0; Windows NT 6.1; Trident/5.0)"
108.171.226.164 - - [17/Nov/2017:22:05:50 +0000] "GET /item/electronics/4025 HTTP/1.1" 200 124 "-" "Mozilla/4.0 (compatible; MSIE 8.0; Windows NT 5.1; Trident/4.0; YTB720; GTB7.2; .NET CLR 1.1.4322; .NET CLR 2.0.50727; .NET CLR 3.0.4506.2152; .NET CLR 3.5.30729)"
56.198.171.175 - - [17/Nov/2017:22:05:55 +0000] "GET /category/books HTTP/1.1" 200 80 "-" "Mozilla/5.0 (Windows NT 6.1; WOW64; rv:10.0.1) Gecko/20100101 Firefox/10.0.1"
188.138.65.208 - - [17/Nov/2017:22:06:00 +0000] "GET /item/electronics/1433 HTTP/1.1" 200 107 "/item/health/4533" "Mozilla/5.0 (Windows NT 6.1; WOW64; rv:10.0.1) Gecko/20100101 Firefox/10.0.1"
156.129.86.124 - - [17/Nov/2017:22:06:05 +0000] "GET /category/garden HTTP/1.1" 200 126 "/item/electronics/3036" "Mozilla/5.0 (Windows NT 6.0) AppleWebKit/535.11 (KHTML, like Gecko) Chrome/17.0.963.56 Safari/535.11"
28.63.225.191 - - [17/Nov/2017:22:06:10 +0000] "GET /category/finance?from=20 HTTP/1.1" 200 122 "-" "Mozilla/5.0 (compatible; MSIE 9.0; Windows NT 6.1; Trident/5.0)"
100.168.183.82 - - [17/Nov/2017:22:06:15 +0000] "GET /category/software HTTP/1.1" 200 81 "-" "Mozilla/5.0 (Windows NT 6.0; rv:10.0.1) Gecko/20100101 Firefox/10.0.1"
188.78.192.171 - - [17/Nov/2017:22:06:20 +0000] "GET /category/sports HTTP/1.1" 200 49 "-" "Mozilla/4.0 (compatible; MSIE 8.0; Windows NT 5.1; Trident/4.0; BTRS122159; GTB7.2; .NET CLR 1.1.4322; .NET CLR 2.0.50727; .NET CLR 3.0.04506.30; .NET CLR 3.0.4506.2152; .NET CLR 3.5.30729; BRI/2)"
156.90.25.118 - - [17/Nov/2017:22:06:25 +0000] "GET /category/networking HTTP/1.1" 200 46 "-" "Mozilla/5.0 (Windows NT 6.0; rv:10.0.1) Gecko/20100101 Firefox/10.0.1"
120.123.162.208 - - [17/Nov/2017:22:06:30 +0000] "GET /item/giftcards/3275 HTTP/1.1" 200 95 "http://www.google.com/search?ie=UTF-8&q=google&sclient=psy-ab&q=Giftcards+Books&oq=Giftcards+Books&aq=f&aqi=g-vL1&aql=&pbx=1&bav=on.2,or.r_gc.r_pw.r_qf.,cf.osb&biw=520&bih=245" "Mozilla/5.0 (Windows NT 6.1; WOW64; rv:10.0.1) Gecko/20100101 Firefox/10.0.1"
208.207.38.30 - - [17/Nov/2017:22:06:35 +0000] "GET /category/electronics HTTP/1.1" 200 78 "/item/games/4762" "Mozilla/4.0 (compatible; MSIE 8.0; Windows NT 6.0; WOW64; Trident/4.0; GTB6; SLCC1; .NET CLR 2.0.50727; Media Center PC 5.0; .NET CLR 3.5.30729; .NET CLR 3.0.30618; .NET4.0C)"
140.213.200.225 - - [17/Nov/2017:22:06:40 +0000] "GET /category/books HTTP/1.1" 200 55 "/item/electronics/4025" "Mozilla/5.0 (Windows NT 6.0; rv:10.0.1) Gecko/20100101 Firefox/10.0.1"
60.165.28.148 - - [17/Nov/2017:22:06:45 +0000] "GET /category/office HTTP/1.1" 200 128 "-" "Mozilla/5.0 (Windows NT 6.0) AppleWebKit/535.11 (KHTML, like Gecko) Chrome/17.0.963.56 Safari/535.11"
76.180.131.65 - - [17/Nov/2017:22:06:50 +0000] "GET /item/games/526 HTTP/1.1" 200 104 "/category/cameras" "Mozilla/5.0 (compatible; MSIE 9.0; Windows NT 6.1; Trident/5.0)"
224.150.137.59 - - [17/Nov/2017:22:06:55 +0000] "GET /category/cameras?from=20 HTTP/1.1" 200 133 "/category/networking" "Mozilla/5.0 (Windows NT 6.1; WOW64) AppleWebKit/535.7 (KHTML, like Gecko) Chrome/16.0.912.77 Safari/535.7"
100.93.108.122 - - [17/Nov/2017:22:07:00 +0000] "GET /category/books HTTP/1.1" 200 41 "/category/music" "Mozilla/5.0 (Windows NT 6.1; WOW64; rv:10.0.1) Gecko/20100101 Firefox/10.0.1"
140.204.32.148 - - [17/Nov/2017:22:07:05 +0000] "GET /category/software HTTP/1.1" 200 43 "-" "Mozilla/5.0 (compatible; MSIE 9.0; Windows NT 6.1; Trident/5.0)"
120.144.87.152 - - [17/Nov/2017:22:07:10 +0000] "GET /category/giftcards HTTP/1.1" 200 126 "/category/cameras" "Mozilla/5.0 (Windows NT 6.1; WOW64) AppleWebKit/535.11 (KHTML, like Gecko) Chrome/17.0.963.56 Safari/535.11"
44.159.148.20 - - [17/Nov/2017:22:07:15 +0000] "GET /category/software HTTP/1.1" 200 104 "/item/garden/995" "Mozilla/5.0 (Macintosh; Intel Mac OS X 10.6; rv:9.0.1) Gecko/20100101 Firefox/9.0.1"
212.66.174.222 - - [17/Nov/2017:22:07:20 +0000] "GET /category/games HTTP/1.1" 200 133 "/category/books" "Mozilla/5.0 (iPad; CPU OS 5_0_1 like Mac OS X) AppleWebKit/534.46 (KHTML, like Gecko) Version/5.1 Mobile/9A405 Safari/7534.48.3"
224.66.34.113 - - [17/Nov/2017:22:07:25 +0000] "GET /category/electronics HTTP/1.1" 200 79 "/category/software" "Mozilla/5.0 (Windows NT 6.0; rv:10.0.1) Gecko/20100101 Firefox/10.0.1"
72.156.195.112 - - [17/Nov/2017:22:07:30 +0000] "GET /item/games/905 HTTP/1.1" 200 55 "/category/games" "Mozilla/4.0 (compatible; MSIE 8.0; Windows NT 6.1; WOW64; Trident/4.0; GTB7.2; SLCC2; .NET CLR 2.0.50727; .NET CLR 3.5.30729; .NET CLR 3.0.30729; Media Center PC 6.0; .NET4.0C)"
152.129.164.95 - - [17/Nov/2017:22:07:35 +0000] "GET /category/garden HTTP/1.1" 200 134 "-" "Mozilla/5.0 (compatible; MSIE 9.0; Windows NT 6.1; Trident/5.0)"
128.123.38.119 - - [17/Nov/2017:22:07:40 +0000] "GET /category/music HTTP/1.1" 200 46 "/category/electronics" "Mozilla/5.0 (Windows NT 5.1) AppleWebKit/535.11 (KHTML, like Gecko) Chrome/17.0.963.46 Safari/535.11"
52.216.223.224 - - [17/Nov/2017:22:07:45 +0000] "GET /category/health HTTP/1.1" 200 118 "-" "Mozilla/5.0 (Windows NT 6.0; rv:10.0.1) Gecko/20100101 Firefox/10.0.1"
156.111.173.188 - - [17/Nov/2017:22:07:50 +0000] "POST /search/?c=Electronics+Electronics HTTP/1.1" 200 69 "/category/software?from=20" "Mozilla/5.0 (iPad; CPU OS 5_0_1 like Mac OS X) AppleWebKit/534.46 (KHTML, like Gecko) Version/5.1 Mobile/9A405 Safari/7534.48.3"
124.192.214.79 - - [17/Nov/2017:22:07:55 +0000] "POST /search/?c=Toys HTTP/1.1" 200 72 "-" "Mozilla/5.0 (Windows NT 6.1; WOW64) AppleWebKit/535.11 (KHTML, like Gecko) Chrome/17.0.963.56 Safari/535.11"
176.177.94.159 - - [17/Nov/2017:22:08:00 +0000] "GET /item/music/4004 HTTP/1.1" 200 64 "/category/music" "Mozilla/5.0 (Windows NT 6.0) AppleWebKit/535.11 (KHTML, like Gecko) Chrome/17.0.963.56 Safari/535.11"
228.111.87.205 - - [17/Nov/2017:22:08:05 +0000] "GET /category/electronics HTTP/1.1" 200 82 "/category/software?from=0" "Mozilla/5.0 (Windows NT 6.0; rv:10.0.1) Gecko/20100101 Firefox/10.0.1"
196.69.125.183 - - [17/Nov/2017:22:08:10 +0000] "GET /category/games HTTP/1.1" 200 114 "-" "Mozilla/5.0 (iPad; CPU OS 5_0_1 like Mac OS X) AppleWebKit/534.46 (KHTML, like Gecko) Version/5.1 Mobile/9A405 Safari/7534.48.3"
172.186.119.42 - - [17/Nov/2017:22:08:15 +0000] "GET /category/software HTTP/1.1" 200 109 "-" "Mozilla/5.0 (compatible; MSIE 9.0; Windows NT 6.1; Trident/5.0)"
108.174.61.62 - - [17/Nov/2017:22:08:20 +0000] "GET /item/software/2 HTTP/1.1" 200 139 "-" "Mozilla/4.0 (compatible; MSIE 8.0; Windows NT 6.1; WOW64; Trident/4.0; YTB730; GTB7.2; SLCC2; .NET CLR 2.0.50727; .NET CLR 3.5.30729; .NET CLR 3.0.30729; .NET4.0C; .NET4.0E; Media Center PC 6.0)"
36.207.70.163 - - [17/Nov/2017:22:08:25 +0000] "GET /item/electronics/4947 HTTP/1.1" 200 124 "/category/electronics" "Mozilla/4.0 (compatible; MSIE 8.0; Windows NT 6.1; WOW64; Trident/4.0; YTB730; GTB7.2; SLCC2; .NET CLR 2.0.50727; .NET CLR 3.5.30729; .NET CLR 3.0.30729; .NET4.0C; .NET4.0E; Media Center PC 6.0)"
120.93.127.152 - - [17/Nov/2017:22:08:30 +0000] "GET /item/books/1573 HTTP/1.1" 200 72 "/category/electronics" "Mozilla/5.0 (iPad; CPU OS 5_0_1 like Mac OS X) AppleWebKit/534.46 (KHTML, like Gecko) Version/5.1 Mobile/9A405 Safari/7534.48.3"
80.144.46.167 - - [17/Nov/2017:22:08:35 +0000] "GET /category/health HTTP/1.1" 200 94 "-" "Mozilla/5.0 (compatible; MSIE 9.0; Windows NT 6.1; Trident/5.0)"
60.72.43.103 - - [17/Nov/2017:22:08:40 +0000] "GET /category/books HTTP/1.1" 200 80 "/search/?c=Electronics+Garden" "Mozilla/5.0 (Windows NT 6.1; WOW64) AppleWebKit/535.7 (KHTML, like Gecko) Chrome/16.0.912.77 Safari/535.7"
52.153.207.187 - - [17/Nov/2017:22:08:45 +0000] "GET /category/electronics HTTP/1.1" 200 78 "/category/garden" "Mozilla/5.0 (Windows NT 6.1; WOW64; rv:10.0.1) Gecko/20100101 Firefox/10.0.1"
200.69.111.217 - - [17/Nov/2017:22:08:50 +0000] "POST /search/?c=Electronics HTTP/1.1" 200 73 "-" "Mozilla/5.0 (Windows NT 6.1; WOW64) AppleWebKit/535.11 (KHTML, like Gecko) Chrome/17.0.963.56 Safari/535.11"
208.84.85.126 - - [17/Nov/2017:22:08:55 +0000] "GET /item/electronics/1466 HTTP/1.1" 200 67 "/search/?c=Electronics+Books" "Mozilla/5.0 (iPhone; CPU iPhone OS 5_0_1 like Mac OS X) AppleWebKit/534.46 (KHTML, like Gecko) Version/5.1 Mobile/9A405 Safari/7534.48.3"
104.111.99.133 - - [17/Nov/2017:22:09:00 +0000] "GET /category/electronics HTTP/1.1" 200 112 "/item/electronics/2101" "Mozilla/5.0 (compatible; Googlebot/2.1; +http://www.google.com/bot.html)"
48.213.177.74 - - [17/Nov/2017:22:09:05 +0000] "GET /category/electronics HTTP/1.1" 200 44 "-" "Mozilla/5.0 (compatible; MSIE 9.0; Windows NT 6.1; WOW64; Trident/5.0)"
144.105.154.81 - - [17/Nov/2017:22:09:10 +0000] "GET /item/electronics/2895 HTTP/1.1" 200 47 "-" "Mozilla/4.0 (compatible; MSIE 8.0; Windows NT 6.1; Trident/4.0; YTB730; SLCC2; .NET CLR 2.0.50727; .NET CLR 3.5.30729; .NET CLR 3.0.30729; Media Center PC 6.0; .NET4.0C)"
160.177.26.162 - - [17/Nov/2017:22:09:15 +0000] "POST /search/?c=Jewelry HTTP/1.1" 200 89 "-" "Mozilla/5.0 (Windows NT 6.1; WOW64) AppleWebKit/535.11 (KHTML, like Gecko) Chrome/17.0.963.56 Safari/535.11"
96.159.160.163 - - [17/Nov/2017:22:09:20 +0000] "GET /item/electronics/2825 HTTP/1.1" 200 108 "/category/cameras?from=20" "Mozilla/5.0 (Windows NT 6.1; WOW64; rv:10.0.1) Gecko/20100101 Firefox/10.0.1"
132.120.217.35 - - [17/Nov/2017:22:09:25 +0000] "GET /item/computers/3622 HTTP/1.1" 200 110 "-" "Mozilla/5.0 (Windows NT 6.1; WOW64) AppleWebKit/535.7 (KHTML, like Gecko) Chrome/16.0.912.77 Safari/535.7"
168.27.211.221 - - [17/Nov/2017:22:09:30 +0000] "GET /item/software/3387 HTTP/1.1" 200 121 "-" "Mozilla/5.0 (compatible; MSIE 9.0; Windows NT 6.1; Trident/5.0)"
140.63.80.89 - - [17/Nov/2017:22:09:35 +0000] "GET /category/electronics HTTP/1.1" 200 75 "/item/games/3164" "Mozilla/5.0 (Windows NT 6.1; WOW64) AppleWebKit/535.7 (KHTML, like Gecko) Chrome/16.0.912.77 Safari/535.7"
84.72.133.74 - - [17/Nov/2017:22:09:40 +0000] "GET /category/electronics HTTP/1.1" 200 63 "/item/games/110" "Mozilla/5.0 (Windows NT 5.1) AppleWebKit/535.11 (KHTML, like Gecko) Chrome/17.0.963.46 Safari/535.11"
132.63.161.43 - - [17/Nov/2017:22:09:45 +0000] "GET /category/games HTTP/1.1" 200 104 "-" "Mozilla/5.0 (compatible; MSIE 9.0; Windows NT 6.1; Trident/5.0)"
148.141.150.198 - - [17/Nov/2017:22:09:50 +0000] "GET /category/finance HTTP/1.1" 200 71 "-" "Mozilla/4.0 (compatible; MSIE 8.0; Windows NT 6.1; WOW64; Trident/4.0; YTB730; GTB7.2; EasyBits GO v1.0; SLCC2; .NET CLR 2.0.50727; .NET CLR 3.5.30729; .NET CLR 3.0.30729; Media Center PC 6.0; .NET4.0C)"
108.60.40.114 - - [17/Nov/2017:22:09:55 +0000] "GET /category/toys HTTP/1.1" 200 77 "-" "Mozilla/5.0 (Windows NT 6.1; WOW64) AppleWebKit/535.7 (KHTML, like Gecko) Chrome/16.0.912.77 Safari/535.7"
128.123.38.119 - - [17/Nov/2017:22:10:00 +0000] "POST /search/?c=Office+Computers HTTP/1.1" 200 62 "/search/?c=Games+Software" "Mozilla/4.0 (compatible; MSIE 8.0; Windows NT 6.0; WOW64; Trident/4.0; GTB6; SLCC1; .NET CLR 2.0.50727; Media Center PC 5.0; .NET CLR 3.5.30729; .NET CLR 3.0.30618; .NET4.0C)"
216.132.160.25 - - [17/Nov/2017:22:10:05 +0000] "GET /item/garden/4804 HTTP/1.1" 200 82 "/item/electronics/4005" "Mozilla/4.0 (compatible; MSIE 8.0; Windows NT 6.1; WOW64; Trident/4.0; YTB730; GTB7.2; SLCC2; .NET CLR 2.0.50727; .NET CLR 3.5.30729; .NET CLR 3.0.30729; .NET4.0C; .NET4.0E; Media Center PC 6.0)"
220.123.112.58 - - [17/Nov/2017:22:10:10 +0000] "GET /category/finance?from=20 HTTP/1.1" 200 116 "-" "Mozilla/5.0 (Windows NT 5.1) AppleWebKit/535.11 (KHTML, like Gecko) Chrome/17.0.963.46 Safari/535.11"
124.48.209.187 - - [17/Nov/2017:22:10:15 +0000] "GET /category/health HTTP/1.1" 200 132 "-" "Mozilla/4.0 (compatible; MSIE 8.0; Windows NT 5.1; Trident/4.0; YTB720; GTB7.2; .NET CLR 1.1.4322; .NET CLR 2.0.50727; .NET CLR 3.0.4506.2152; .NET CLR 3.5.30729)"
104.30.165.166 - - [17/Nov/2017:22:10:20 +0000] "GET /item/electronics/4788 HTTP/1.1" 200 46 "/item/sports/3851" "Mozilla/5.0 (compatible; MSIE 9.0; Windows NT 6.1; WOW64; Trident/5.0)"
220.24.100.197 - - [17/Nov/2017:22:10:25 +0000] "GET /item/software/2109 HTTP/1.1" 200 107 "/category/computers" "Mozilla/5.0 (Windows NT 5.1) AppleWebKit/535.11 (KHTML, like Gecko) Chrome/17.0.963.46 Safari/535.11"
140.93.196.122 - - [17/Nov/2017:22:10:30 +0000] "GET /category/office HTTP/1.1" 200 126 "http://www.google.com/search?ie=UTF-8&q=google&sclient=psy-ab&q=Office&oq=Office&aq=f&aqi=g-vL1&aql=&pbx=1&bav=on.2,or.r_gc.r_pw.r_qf.,cf.osb&biw=4210&bih=207" "Mozilla/5.0 (Windows NT 6.0; rv:10.0.1) Gecko/20100101 Firefox/10.0.1"
184.156.203.71 - - [17/Nov/2017:22:10:35 +0000] "GET /category/networking HTTP/1.1" 200 87 "http://www.google.com/search?ie=UTF-8&q=google&sclient=psy-ab&q=Networking&oq=Networking&aq=f&aqi=g-vL1&aql=&pbx=1&bav=on.2,or.r_gc.r_pw.r_qf.,cf.osb&biw=4487&bih=21" "Mozilla/5.0 (Windows NT 6.0; rv:10.0.1) Gecko/20100101 Firefox/10.0.1"
152.120.32.93 - - [17/Nov/2017:22:10:40 +0000] "GET /item/games/4108 HTTP/1.1" 200 60 "-" "Mozilla/5.0 (compatible; MSIE 9.0; Windows NT 6.1; Trident/5.0)"
208.183.145.211 - - [17/Nov/2017:22:10:45 +0000] "GET /category/electronics HTTP/1.1" 200 61 "-" "Mozilla/5.0 (Windows NT 6.0) AppleWebKit/535.11 (KHTML, like Gecko) Chrome/17.0.963.56 Safari/535.11"
84.153.168.36 - - [17/Nov/2017:22:10:50 +0000] "GET /item/electronics/3842 HTTP/1.1" 200 50 "/category/computers" "Mozilla/5.0 (compatible; MSIE 9.0; Windows NT 6.1; WOW64; Trident/5.0)"
168.93.214.104 - - [17/Nov/2017:22:10:55 +0000] "POST /search/?c=Games+Software HTTP/1.1" 200 55 "/item/networking/3979" "Mozilla/4.0 (compatible; MSIE 8.0; Windows NT 6.0; WOW64; Trident/4.0; GTB6; SLCC1; .NET CLR 2.0.50727; Media Center PC 5.0; .NET CLR 3.5.30729; .NET CLR 3.0.30618; .NET4.0C)"
72.123.144.157 - - [17/Nov/2017:22:11:00 +0000] "POST /search/?c=Finance+Books HTTP/1.1" 200 54 "/category/networking?from=20" "Mozilla/5.0 (Windows NT 6.1; WOW64) AppleWebKit/535.11 (KHTML, like Gecko) Chrome/17.0.963.56 Safari/535.11"
132.225.76.162 - - [17/Nov/2017:22:11:05 +0000] "GET /category/jewelry HTTP/1.1" 200 73 "-" "Mozilla/5.0 (Windows NT 6.1; WOW64; rv:10.0.1) Gecko/20100101 Firefox/10.0.1"
144.165.175.190 - - [17/Nov/2017:22:11:10 +0000] "GET /category/software HTTP/1.1" 200 95 "/category/software" "Mozilla/5.0 (Windows NT 6.1; WOW64; rv:10.0.1) Gecko/20100101 Firefox/10.0.1"
152.114.173.61 - - [17/Nov/2017:22:11:15 +0000] "POST /search/?c=Software HTTP/1.1" 200 61 "-" "Mozilla/5.0 (compatible; MSIE 9.0; Windows NT 6.1; Trident/5.0)"
164.219.67.33 - - [17/Nov/2017:22:11:20 +0000] "GET /category/finance?from=20 HTTP/1.1" 200 116 "-" "Mozilla/4.0 (compatible; MSIE 8.0; Windows NT 6.1; WOW64; Trident/4.0; YTB730; GTB7.2; SLCC2; .NET CLR 2.0.50727; .NET CLR 3.5.30729; .NET CLR 3.0.30729; .NET4.0C; .NET4.0E; Media Center PC 6.0)"
80.39.220.94 - - [17/Nov/2017:22:11:25 +0000] "GET /item/sports/3881 HTTP/1.1" 200 89 "-" "Mozilla/5.0 (Windows NT 6.0) AppleWebKit/535.11 (KHTML, like Gecko) Chrome/17.0.963.56 Safari/535.11"
120.63.173.157 - - [17/Nov/2017:22:11:30 +0000] "GET /category/finance HTTP/1.1" 200 52 "http://www.google.com/search?ie=UTF-8&q=google&sclient=psy-ab&q=Finance+Electronics&oq=Finance+Electronics&aq=f&aqi=g-vL1&aql=&pbx=1&bav=on.2,or.r_gc.r_pw.r_qf.,cf.osb&biw=4211&bih=556" "Mozilla/4.0 (compatible; MSIE 8.0; Windows NT 6.1; Trident/4.0; YTB730; SLCC2; .NET CLR 2.0.50727; .NET CLR 3.5.30729; .NET CLR 3.0.30729; Media Center PC 6.0; .NET4.0C)"
220.36.59.198 - - [17/Nov/2017:22:11:35 +0000] "GET /item/finance/1103 HTTP/1.1" 200 109 "-" "Mozilla/5.0 (compatible; MSIE 9.0; Windows NT 6.1; WOW64; Trident/5.0)"
188.147.180.205 - - [17/Nov/2017:22:11:40 +0000] "GET /item/software/4933 HTTP/1.1" 200 52 "/item/books/3487" "Mozilla/5.0 (compatible; MSIE 9.0; Windows NT 6.1; WOW64; Trident/5.0)"
44.162.33.184 - - [17/Nov/2017:22:11:45 +0000] "GET /category/games HTTP/1.1" 200 50 "-" "Mozilla/4.0 (compatible; MSIE 8.0; Windows NT 5.1; Trident/4.0; YTB720; GTB7.2; .NET CLR 1.1.4322; .NET CLR 2.0.50727; .NET CLR 3.0.4506.2152; .NET CLR 3.5.30729)"
84.117.68.27 - - [17/Nov/2017:22:11:50 +0000] "GET /item/electronics/3314 HTTP/1.1" 200 46 "-" "Mozilla/5.0 (Windows NT 6.0) AppleWebKit/535.11 (KHTML, like Gecko) Chrome/17.0.963.56 Safari/535.11"
76.48.201.164 - - [17/Nov/2017:22:11:55 +0000] "GET /item/office/1686 HTTP/1.1" 200 126 "/item/networking/3236" "Mozilla/4.0 (compatible; MSIE 8.0; Windows NT 5.1; Trident/4.0; BTRS122159; GTB7.2; .NET CLR 1.1.4322; .NET CLR 2.0.50727; .NET CLR 3.0.04506.30; .NET CLR 3.0.4506.2152; .NET CLR 3.5.30729; BRI/2)"
140.120.215.134 - - [17/Nov/2017:22:12:00 +0000] "POST /search/?c=Books HTTP/1.1" 200 40 "/category/books" "Mozilla/5.0 (Windows NT 6.1; WOW64; rv:10.0.1) Gecko/20100101 Firefox/10.0.1"
80.126.81.138 - - [17/Nov/2017:22:12:05 +0000] "GET /category/games?from=20 HTTP/1.1" 200 42 "/search/?c=Games+Software" "Mozilla/5.0 (Macintosh; Intel Mac OS X 10.6; rv:9.0.1) Gecko/20100101 Firefox/9.0.1"
164.219.72.37 - - [17/Nov/2017:22:12:10 +0000] "GET /category/electronics HTTP/1.1" 200 58 "/item/games/3390" "Mozilla/4.0 (compatible; MSIE 8.0; Windows NT 5.1; Trident/4.0; YTB720; GTB7.2; .NET CLR 1.1.4322; .NET CLR 2.0.50727; .NET CLR 3.0.4506.2152; .NET CLR 3.5.30729)"
196.207.160.124 - - [17/Nov/2017:22:12:15 +0000] "GET /category/cameras HTTP/1.1" 200 48 "-" "Mozilla/5.0 (compatible; MSIE 9.0; Windows NT 6.1; Trident/5.0)"
60.150.49.62 - - [17/Nov/2017:22:12:20 +0000] "GET /category/finance HTTP/1.1" 200 55 "/category/networking" "Mozilla/5.0 (Windows NT 5.1) AppleWebKit/535.11 (KHTML, like Gecko) Chrome/17.0.963.46 Safari/535.11"
116.24.121.47 - - [17/Nov/2017:22:12:25 +0000] "GET /item/giftcards/3907 HTTP/1.1" 200 93 "/search/?c=Giftcards" "Mozilla/4.0 (compatible; MSIE 8.0; Windows NT 6.1; WOW64; Trident/4.0; YTB730; GTB7.2; SLCC2; .NET CLR 2.0.50727; .NET CLR 3.5.30729; .NET CLR 3.0.30729; .NET4.0C; .NET4.0E; Media Center PC 6.0)"
76.75.163.170 - - [17/Nov/2017:22:12:30 +0000] "GET /category/cameras?from=0 HTTP/1.1" 200 139 "/search/?c=Cameras" "Mozilla/5.0 (Windows NT 6.0; rv:10.0.1) Gecko/20100101 Firefox/10.0.1"
92.123.218.35 - - [17/Nov/2017:22:12:35 +0000] "GET /category/jewelry HTTP/1.1" 200 86 "/item/toys/1283" "Mozilla/5.0 (Windows NT 6.0; rv:10.0.1) Gecko/20100101 Firefox/10.0.1"
60.51.108.129 - - [17/Nov/2017:22:12:40 +0000] "GET /category/garden HTTP/1.1" 200 121 "/item/books/180" "Mozilla/5.0 (Macintosh; Intel Mac OS X 10.6; rv:9.0.1) Gecko/20100101 Firefox/9.0.1"
216.129.86.169 - - [17/Nov/2017:22:12:45 +0000] "GET /item/sports/13 HTTP/1.1" 200 100 "http://www.google.com/search?ie=UTF-8&q=google&sclient=psy-ab&q=Sports&oq=Sports&aq=f&aqi=g-vL1&aql=&pbx=1&bav=on.2,or.r_gc.r_pw.r_qf.,cf.osb&biw=51&bih=144" "Mozilla/5.0 (Windows NT 6.1; WOW64; rv:10.0.1) Gecko/20100101 Firefox/10.0.1"
196.78.91.172 - - [17/Nov/2017:22:12:50 +0000] "GET /category/computers HTTP/1.1" 200 117 "http://www.google.com/search?ie=UTF-8&q=google&sclient=psy-ab&q=Computers&oq=Computers&aq=f&aqi=g-vL1&aql=&pbx=1&bav=on.2,or.r_gc.r_pw.r_qf.,cf.osb&biw=993&bih=252" "Mozilla/5.0 (Windows NT 6.1; WOW64; rv:10.0.1) Gecko/20100101 Firefox/10.0.1"
220.126.137.81 - - [17/Nov/2017:22:12:55 +0000] "GET /category/cameras HTTP/1.1" 200 109 "-" "Mozilla/5.0 (Macintosh; Intel Mac OS X 10.6; rv:9.0.1) Gecko/20100101 Firefox/9.0.1"
52.189.217.120 - - [17/Nov/2017:22:13:00 +0000] "GET /category/electronics HTTP/1.1" 200 110 "-" "Mozilla/5.0 (Windows NT 5.1) AppleWebKit/535.11 (KHTML, like Gecko) Chrome/17.0.963.46 Safari/535.11"
132.135.20.22 - - [17/Nov/2017:22:13:05 +0000] "POST /search/?c=Software+Cameras HTTP/1.1" 200 60 "-" "Mozilla/5.0 (Windows NT 5.1) AppleWebKit/535.11 (KHTML, like Gecko) Chrome/17.0.963.46 Safari/535.11"
96.195.40.31 - - [17/Nov/2017:22:13:10 +0000] "GET /category/office HTTP/1.1" 200 124 "-" "Mozilla/5.0 (Windows NT 6.0; rv:10.0.1) Gecko/20100101 Firefox/10.0.1"
208.99.126.192 - - [17/Nov/2017:22:13:15 +0000] "GET /item/electronics/3574 HTTP/1.1" 200 77 "/category/music" "Mozilla/5.0 (compatible; Googlebot/2.1; +http://www.google.com/bot.html)"
168.195.25.139 - - [17/Nov/2017:22:13:20 +0000] "GET /category/software?from=0 HTTP/1.1" 200 91 "/category/office" "Mozilla/5.0 (Windows NT 6.0) AppleWebKit/535.11 (KHTML, like Gecko) Chrome/17.0.963.56 Safari/535.11"
20.153.84.177 - - [17/Nov/2017:22:13:25 +0000] "GET /item/software/2343 HTTP/1.1" 200 81 "/item/office/393" "Mozilla/5.0 (Windows NT 6.1; WOW64) AppleWebKit/535.11 (KHTML, like Gecko) Chrome/17.0.963.56 Safari/535.11"
88.222.58.180 - - [17/Nov/2017:22:13:30 +0000] "POST /search/?c=Electronics+Electronics HTTP/1.1" 200 69 "-" "Mozilla/5.0 (compatible; MSIE 9.0; Windows NT 6.1; Trident/5.0)"
92.102.204.173 - - [17/Nov/2017:22:13:35 +0000] "GET /item/electronics/1466 HTTP/1.1" 200 67 "/item/books/1503" "Mozilla/5.0 (Windows NT 6.1; WOW64) AppleWebKit/535.7 (KHTML, like Gecko) Chrome/16.0.912.77 Safari/535.7"
76.33.84.154 - - [17/Nov/2017:22:13:40 +0000] "GET /category/electronics HTTP/1.1" 200 51 "-" "Mozilla/4.0 (compatible; MSIE 8.0; Windows NT 5.1; Trident/4.0; BTRS122159; GTB7.2; .NET CLR 1.1.4322; .NET CLR 2.0.50727; .NET CLR 3.0.04506.30; .NET CLR 3.0.4506.2152; .NET CLR 3.5.30729; BRI/2)"
200.138.201.118 - - [17/Nov/2017:22:13:45 +0000] "GET /category/games HTTP/1.1" 200 49 "-" "Mozilla/4.0 (compatible; MSIE 8.0; Windows NT 5.1; Trident/4.0; YTB720; GTB7.2; .NET CLR 1.1.4322; .NET CLR 2.0.50727; .NET CLR 3.0.4506.2152; .NET CLR 3.5.30729)"
172.165.188.104 - - [17/Nov/2017:22:13:50 +0000] "GET /category/electronics?from=20 HTTP/1.1" 200 63 "/category/office?from=0" "Mozilla/5.0 (compatible; MSIE 9.0; Windows NT 6.1; WOW64; Trident/5.0)"
52.159.188.199 - - [17/Nov/2017:22:13:55 +0000] "GET /category/garden?from=20 HTTP/1.1" 200 86 "/category/health" "Mozilla/5.0 (compatible; Googlebot/2.1; +http://www.google.com/bot.html)"
172.165.188.104 - - [17/Nov/2017:22:14:00 +0000] "GET /item/cameras/4995 HTTP/1.1" 200 97 "http://www.google.com/search?ie=UTF-8&q=google&sclient=psy-ab&q=Cameras+Electronics&oq=Cameras+Electronics&aq=f&aqi=g-vL1&aql=&pbx=1&bav=on.2,or.r_gc.r_pw.r_qf.,cf.osb&biw=2694&bih=183" "Mozilla/5.0 (Macintosh; Intel Mac OS X 10.6; rv:9.0.1) Gecko/20100101 Firefox/9.0.1"
92.48.136.180 - - [17/Nov/2017:22:14:05 +0000] "GET /category/software HTTP/1.1" 200 113 "/category/books" "Mozilla/5.0 (compatible; MSIE 9.0; Windows NT 6.1; WOW64; Trident/5.0)"
104.147.188.161 - - [17/Nov/2017:22:14:10 +0000] "GET /category/electronics HTTP/1.1" 200 86 "/item/books/4255" "Mozilla/5.0 (compatible; MSIE 9.0; Windows NT 6.1; WOW64; Trident/5.0)"
80.114.224.190 - - [17/Nov/2017:22:14:15 +0000] "GET /item/computers/3259 HTTP/1.1" 200 112 "/category/computers" "Mozilla/5.0 (Windows NT 6.1; WOW64) AppleWebKit/535.11 (KHTML, like Gecko) Chrome/17.0.963.56 Safari/535.11"
44.213.68.121 - - [17/Nov/2017:22:14:20 +0000] "GET /category/cameras HTTP/1.1" 200 117 "/category/giftcards" "Mozilla/5.0 (Windows NT 6.0; rv:10.0.1) Gecko/20100101 Firefox/10.0.1"
224.150.137.59 - - [17/Nov/2017:22:14:25 +0000] "GET /item/sports/4528 HTTP/1.1" 200 43 "/category/software" "Mozilla/5.0 (iPad; CPU OS 5_0_1 like Mac OS X) AppleWebKit/534.46 (KHTML, like Gecko) Version/5.1 Mobile/9A405 Safari/7534.48.3"
84.150.50.150 - - [17/Nov/2017:22:14:30 +0000] "GET /item/books/4255 HTTP/1.1" 200 108 "/category/games" "Mozilla/5.0 (iPhone; CPU iPhone OS 5_0_1 like Mac OS X) AppleWebKit/534.46 (KHTML, like Gecko) Version/5.1 Mobile/9A405 Safari/7534.48.3"
28.165.95.144 - - [17/Nov/2017:22:14:35 +0000] "GET /category/books HTTP/1.1" 200 139 "-" "Mozilla/5.0 (compatible; MSIE 9.0; Windows NT 6.1; Trident/5.0)"
168.159.154.110 - - [17/Nov/2017:22:14:40 +0000] "GET /category/cameras HTTP/1.1" 200 124 "-" "Mozilla/5.0 (compatible; MSIE 9.0; Windows NT 6.1; Trident/5.0)"
192.228.50.109 - - [17/Nov/2017:22:14:45 +0000] "GET /item/software/3887 HTTP/1.1" 200 100 "-" "Mozilla/5.0 (Windows NT 6.1; WOW64) AppleWebKit/535.11 (KHTML, like Gecko) Chrome/17.0.963.56 Safari/535.11"
192.168.214.196 - - [17/Nov/2017:22:14:50 +0000] "GET /category/health HTTP/1.1" 200 119 "-" "Mozilla/4.0 (compatible; MSIE 8.0; Windows NT 6.1; Trident/4.0; YTB730; SLCC2; .NET CLR 2.0.50727; .NET CLR 3.5.30729; .NET CLR 3.0.30729; Media Center PC 6.0; .NET4.0C)"
128.39.75.36 - - [17/Nov/2017:22:14:55 +0000] "GET /category/jewelry HTTP/1.1" 200 116 "/category/books" "Mozilla/5.0 (Macintosh; Intel Mac OS X 10.6; rv:9.0.1) Gecko/20100101 Firefox/9.0.1"
208.150.70.225 - - [17/Nov/2017:22:15:00 +0000] "POST /search/?c=Office HTTP/1.1" 200 138 "/item/games/905" "Mozilla/5.0 (compatible; MSIE 9.0; Windows NT 6.1; WOW64; Trident/5.0)"
64.210.40.162 - - [17/Nov/2017:22:15:05 +0000] "GET /item/electronics/3940 HTTP/1.1" 200 139 "/search/?c=Electronics" "Mozilla/5.0 (compatible; MSIE 9.0; Windows NT 6.1; Trident/5.0)"
88.102.169.148 - - [17/Nov/2017:22:15:10 +0000] "GET /item/finance/2915 HTTP/1.1" 200 87 "/category/finance" "Mozilla/5.0 (Windows NT 5.1) AppleWebKit/535.11 (KHTML, like Gecko) Chrome/17.0.963.46 Safari/535.11"
80.96.105.54 - - [17/Nov/2017:22:15:15 +0000] "GET /category/health HTTP/1.1" 200 42 "-" "Mozilla/5.0 (compatible; MSIE 9.0; Windows NT 6.1; WOW64; Trident/5.0)"
76.93.187.155 - - [17/Nov/2017:22:15:20 +0000] "GET /category/electronics HTTP/1.1" 200 79 "/category/music" "Mozilla/5.0 (Windows NT 6.1; WOW64) AppleWebKit/535.7 (KHTML, like Gecko) Chrome/16.0.912.77 Safari/535.7"
128.114.217.21 - - [17/Nov/2017:22:15:25 +0000] "GET /category/giftcards HTTP/1.1" 200 59 "/category/music" "Mozilla/4.0 (compatible; MSIE 8.0; Windows NT 5.1; Trident/4.0; YTB720; GTB7.2; .NET CLR 1.1.4322; .NET CLR 2.0.50727; .NET CLR 3.0.4506.2152; .NET CLR 3.5.30729)"
144.129.128.24 - - [17/Nov/2017:22:15:30 +0000] "GET /category/books HTTP/1.1" 200 112 "/category/books" "Mozilla/4.0 (compatible; MSIE 8.0; Windows NT 6.1; WOW64; Trident/4.0; YTB730; GTB7.2; SLCC2; .NET CLR 2.0.50727; .NET CLR 3.5.30729; .NET CLR 3.0.30729; .NET4.0C; .NET4.0E; Media Center PC 6.0)"
136.81.127.192 - - [17/Nov/2017:22:15:35 +0000] "GET /item/electronics/266 HTTP/1.1" 200 95 "/search/?c=Electronics" "Mozilla/5.0 (Windows NT 6.1; WOW64; rv:10.0.1) Gecko/20100101 Firefox/10.0.1"
152.39.30.145 - - [17/Nov/2017:22:15:40 +0000] "GET /category/software HTTP/1.1" 200 98 "http://www.google.com/search?ie=UTF-8&q=google&sclient=psy-ab&q=Software&oq=Software&aq=f&aqi=g-vL1&aql=&pbx=1&bav=on.2,or.r_gc.r_pw.r_qf.,cf.osb&biw=267&bih=207" "Mozilla/5.0 (Windows NT 6.1; WOW64) AppleWebKit/535.7 (KHTML, like Gecko) Chrome/16.0.912.77 Safari/535.7"
40.177.178.144 - - [17/Nov/2017:22:15:45 +0000] "GET /item/books/237 HTTP/1.1" 200 95 "-" "Mozilla/5.0 (Macintosh; Intel Mac OS X 10.6; rv:9.0.1) Gecko/20100101 Firefox/9.0.1"
28.93.191.106 - - [17/Nov/2017:22:15:50 +0000] "GET /category/finance HTTP/1.1" 200 49 "-" "Mozilla/5.0 (compatible; MSIE 9.0; Windows NT 6.1; Trident/5.0)"
36.126.180.91 - - [17/Nov/2017:22:15:55 +0000] "GET /category/software HTTP/1.1" 200 69 "/category/giftcards" "Mozilla/5.0 (Windows NT 6.0; rv:10.0.1) Gecko/20100101 Firefox/10.0.1"
156.81.120.91 - - [17/Nov/2017:22:16:00 +0000] "GET /item/networking/4174 HTTP/1.1" 200 125 "/search/?c=Networking+Electronics" "Mozilla/5.0 (compatible; MSIE 9.0; Windows NT 6.1; Trident/5.0)"
196.144.108.166 - - [17/Nov/2017:22:16:05 +0000] "GET /item/electronics/3271 HTTP/1.1" 200 138 "/category/electronics" "Mozilla/4.0 (compatible; MSIE 8.0; Windows NT 6.1; WOW64; Trident/4.0; YTB730; GTB7.2; EasyBits GO v1.0; SLCC2; .NET CLR 2.0.50727; .NET CLR 3.5.30729; .NET CLR 3.0.30729; Media Center PC 6.0; .NET4.0C)"
148.99.211.139 - - [17/Nov/2017:22:16:10 +0000] "GET /item/finance/3226 HTTP/1.1" 200 48 "/category/giftcards" "Mozilla/4.0 (compatible; MSIE 8.0; Windows NT 6.1; WOW64; Trident/4.0; YTB730; GTB7.2; SLCC2; .NET CLR 2.0.50727; .NET CLR 3.5.30729; .NET CLR 3.0.30729; .NET4.0C; .NET4.0E; Media Center PC 6.0)"
140.120.88.217 - - [17/Nov/2017:22:16:15 +0000] "GET /item/health/961 HTTP/1.1" 200 102 "/search/?c=Health" "Mozilla/5.0 (Windows NT 6.1; WOW64; rv:10.0.1) Gecko/20100101 Firefox/10.0.1"
88.27.37.78 - - [17/Nov/2017:22:16:20 +0000] "GET /category/electronics HTTP/1.1" 200 42 "/category/office" "Mozilla/5.0 (Windows NT 6.0; rv:10.0.1) Gecko/20100101 Firefox/10.0.1"
216.177.75.217 - - [17/Nov/2017:22:16:25 +0000] "GET /category/electronics HTTP/1.1" 200 74 "-" "Mozilla/4.0 (compatible; MSIE 8.0; Windows NT 5.1; Trident/4.0; YTB720; GTB7.2; .NET CLR 1.1.4322; .NET CLR 2.0.50727; .NET CLR 3.0.4506.2152; .NET CLR 3.5.30729)"
160.24.68.124 - - [17/Nov/2017:22:16:30 +0000] "GET /item/health/1983 HTTP/1.1" 200 59 "/search/?c=Health" "Mozilla/5.0 (Windows NT 6.0; rv:10.0.1) Gecko/20100101 Firefox/10.0.1"
176.120.38.36 - - [17/Nov/2017:22:16:35 +0000] "GET /item/software/1017 HTTP/1.1" 200 109 "/category/electronics" "Mozilla/5.0 (Windows NT 6.0) AppleWebKit/535.11 (KHTML, like Gecko) Chrome/17.0.963.56 Safari/535.11"
80.69.198.127 - - [17/Nov/2017:22:16:40 +0000] "GET /item/electronics/3529 HTTP/1.1" 404 122 "-" "Mozilla/5.0 (compatible; Googlebot/2.1; +http://www.google.com/bot.html)"
200.78.216.173 - - [17/Nov/2017:22:16:45 +0000] "GET /category/electronics HTTP/1.1" 200 107 "/category/computers" "Mozilla/5.0 (Windows NT 6.0; rv:10.0.1) Gecko/20100101 Firefox/10.0.1"
40.78.48.94 - - [17/Nov/2017:22:16:50 +0000] "GET /category/books?from=0 HTTP/1.1" 200 74 "/item/games/2746" "Mozilla/4.0 (compatible; MSIE 8.0; Windows NT 6.1; WOW64; Trident/4.0; GTB7.2; SLCC2; .NET CLR 2.0.50727; .NET CLR 3.5.30729; .NET CLR 3.0.30729; Media Center PC 6.0; .NET4.0C)"
72.111.113.84 - - [17/Nov/2017:22:16:55 +0000] "GET /category/software HTTP/1.1" 200 63 "/item/games/4108" "Mozilla/5.0 (compatible; MSIE 9.0; Windows NT 6.1; Trident/5.0)"
196.138.160.145 - - [17/Nov/2017:22:17:00 +0000] "GET /item/cameras/3741 HTTP/1.1" 200 90 "/category/office" "Mozilla/5.0 (Macintosh; Intel Mac OS X 10.6; rv:9.0.1) Gecko/20100101 Firefox/9.0.1"
140.78.40.160 - - [17/Nov/2017:22:17:05 +0000] "GET /category/games HTTP/1.1" 200 137 "-" "Mozilla/5.0 (Windows NT 6.1; WOW64) AppleWebKit/535.11 (KHTML, like Gecko) Chrome/17.0.963.56 Safari/535.11"
140.183.67.108 - - [17/Nov/2017:22:17:10 +0000] "GET /item/music/4004 HTTP/1.1" 200 64 "/category/office?from=0" "Mozilla/5.0 (iPad; CPU OS 5_0_1 like Mac OS X) AppleWebKit/534.46 (KHTML, like Gecko) Version/5.1 Mobile/9A405 Safari/7534.48.3"
60.96.221.113 - - [17/Nov/2017:22:17:15 +0000] "GET /category/office HTTP/1.1" 200 80 "-" "Mozilla/5.0 (compatible; MSIE 9.0; Windows NT 6.1; WOW64; Trident/5.0)"
152.120.32.93 - - [17/Nov/2017:22:17:20 +0000] "GET /category/music HTTP/1.1" 200 84 "/category/software?from=0" "Mozilla/5.0 (compatible; MSIE 9.0; Windows NT 6.1; Trident/5.0)"
44.198.102.63 - - [17/Nov/2017:22:17:25 +0000] "GET /category/games?from=20 HTTP/1.1" 200 119 "/category/games" "Mozilla/4.0 (compatible; MSIE 8.0; Windows NT 5.1; Trident/4.0; YTB720; GTB7.2; .NET CLR 1.1.4322; .NET CLR 2.0.50727; .NET CLR 3.0.4506.2152; .NET CLR 3.5.30729)"
144.78.204.148 - - [17/Nov/2017:22:17:30 +0000] "GET /category/office?from=0 HTTP/1.1" 200 93 "/search/?c=Office" "Mozilla/5.0 (Windows NT 6.0) AppleWebKit/535.11 (KHTML, like Gecko) Chrome/17.0.963.56 Safari/535.11"
176.171.208.90 - - [17/Nov/2017:22:17:35 +0000] "GET /category/jewelry HTTP/1.1" 200 107 "-" "Mozilla/5.0 (iPad; CPU OS 5_0_1 like Mac OS X) AppleWebKit/534.46 (KHTML, like Gecko) Version/5.1 Mobile/9A405 Safari/7534.48.3"
192.168.159.47 - - [17/Nov/2017:22:17:40 +0000] "GET /item/electronics/1678 HTTP/1.1" 200 108 "/item/health/4912" "Mozilla/5.0 (Windows NT 6.1; WOW64) AppleWebKit/535.11 (KHTML, like Gecko) Chrome/17.0.963.56 Safari/535.11"
76.222.22.161 - - [17/Nov/2017:22:17:45 +0000] "GET /category/electronics HTTP/1.1" 200 95 "/category/garden?from=20" "Mozilla/5.0 (compatible; MSIE 9.0; Windows NT 6.1; WOW64; Trident/5.0)"
164.126.158.215 - - [17/Nov/2017:22:17:50 +0000] "GET /item/electronics/1089 HTTP/1.1" 200 54 "/search/?c=Electronics+Networking" "Mozilla/5.0 (compatible; MSIE 9.0; Windows NT 6.1; Trident/5.0)"
28.129.126.21 - - [17/Nov/2017:22:17:55 +0000] "GET /item/books/1573 HTTP/1.1" 200 72 "-" "Mozilla/4.0 (compatible; MSIE 8.0; Windows NT 6.1; WOW64; Trident/4.0; GTB7.2; SLCC2; .NET CLR 2.0.50727; .NET CLR 3.5.30729; .NET CLR 3.0.30729; Media Center PC 6.0; .NET4.0C)"
216.81.116.200 - - [17/Nov/2017:22:18:00 +0000] "GET /category/books HTTP/1.1" 200 101 "/item/electronics/2868" "Mozilla/5.0 (Windows NT 6.1; WOW64) AppleWebKit/535.7 (KHTML, like Gecko) Chrome/16.0.912.77 Safari/535.7"
28.21.175.63 - - [17/Nov/2017:22:18:05 +0000] "POST /search/?c=Software HTTP/1.1" 200 98 "/item/jewelry/2479" "Mozilla/5.0 (compatible; MSIE 9.0; Windows NT 6.1; WOW64; Trident/5.0)"
136.126.144.37 - - [17/Nov/2017:22:18:10 +0000] "GET /item/electronics/1 HTTP/1.1" 200 128 "/item/electronics/3975" "Mozilla/5.0 (compatible; MSIE 9.0; Windows NT 6.1; WOW64; Trident/5.0)"
168.183.144.126 - - [17/Nov/2017:22:18:15 +0000] "GET /category/giftcards HTTP/1.1" 200 55 "-" "Mozilla/5.0 (Windows NT 6.1; WOW64) AppleWebKit/535.7 (KHTML, like Gecko) Chrome/16.0.912.77 Safari/535.7"
120.189.102.122 - - [17/Nov/2017:22:18:20 +0000] "GET /item/giftcards/119 HTTP/1.1" 200 93 "-" "Mozilla/5.0 (Windows NT 6.1; WOW64) AppleWebKit/535.7 (KHTML, like Gecko) Chrome/16.0.912.77 Safari/535.7"
80.81.66.77 - - [17/Nov/2017:22:18:25 +0000] "GET /item/software/1876 HTTP/1.1" 200 42 "/category/electronics" "Mozilla/5.0 (Windows NT 6.0) AppleWebKit/535.11 (KHTML, like Gecko) Chrome/17.0.963.56 Safari/535.11"
104.141.83.168 - - [17/Nov/2017:22:18:30 +0000] "GET /category/books?from=10 HTTP/1.1" 200 97 "/category/finance?from=20" "Mozilla/5.0 (compatible; Googlebot/2.1; +http://www.google.com/bot.html)"
32.69.59.79 - - [17/Nov/2017:22:18:35 +0000] "GET /category/games HTTP/1.1" 200 111 "/item/electronics/4030" "Mozilla/5.0 (Macintosh; Intel Mac OS X 10.6; rv:9.0.1) Gecko/20100101 Firefox/9.0.1"
220.102.98.97 - - [17/Nov/2017:22:18:40 +0000] "GET /category/electronics HTTP/1.1" 200 73 "/item/games/4762" "Mozilla/5.0 (Macintosh; Intel Mac OS X 10.6; rv:9.0.1) Gecko/20100101 Firefox/9.0.1"
156.105.121.202 - - [17/Nov/2017:22:18:45 +0000] "POST /search/?c=Books+Electronics HTTP/1.1" 200 79 "-" "Mozilla/5.0 (Windows NT 6.1; WOW64; rv:10.0.1) Gecko/20100101 Firefox/10.0.1"
152.207.144.27 - - [17/Nov/2017:22:18:50 +0000] "GET /category/health HTTP/1.1" 200 103 "-" "Mozilla/5.0 (Windows NT 6.0) AppleWebKit/535.11 (KHTML, like Gecko) Chrome/17.0.963.56 Safari/535.11"
28.165.95.144 - - [17/Nov/2017:22:18:55 +0000] "GET /item/giftcards/905 HTTP/1.1" 200 94 "/item/computers/1158" "Mozilla/5.0 (compatible; MSIE 9.0; Windows NT 6.1; Trident/5.0)"
224.27.47.136 - - [17/Nov/2017:22:19:00 +0000] "GET /category/games HTTP/1.1" 200 58 "/category/giftcards" "Mozilla/5.0 (Windows NT 6.1; WOW64) AppleWebKit/535.7 (KHTML, like Gecko) Chrome/16.0.912.77 Safari/535.7"
200.138.201.118 - - [17/Nov/2017:22:19:05 +0000] "GET /category/toys HTTP/1.1" 200 93 "/category/garden" "Mozilla/5.0 (Windows NT 6.0; rv:10.0.1) Gecko/20100101 Firefox/10.0.1"
124.186.126.51 - - [17/Nov/2017:22:19:10 +0000] "POST /search/?c=Electronics HTTP/1.1" 200 134 "/category/computers" "Mozilla/5.0 (Macintosh; Intel Mac OS X 10.6; rv:9.0.1) Gecko/20100101 Firefox/9.0.1"
148.84.100.197 - - [17/Nov/2017:22:19:15 +0000] "GET /category/books HTTP/1.1" 200 72 "-" "Mozilla/5.0 (Windows NT 6.0) AppleWebKit/535.11 (KHTML, like Gecko) Chrome/17.0.963.56 Safari/535.11"
200.69.111.217 - - [17/Nov/2017:22:19:20 +0000] "POST /search/?c=Software HTTP/1.1" 200 98 "-" "Mozilla/5.0 (compatible; MSIE 9.0; Windows NT 6.1; WOW64; Trident/5.0)"
56.123.41.47 - - [17/Nov/2017:22:19:25 +0000] "GET /category/software HTTP/1.1" 200 128 "-" "Mozilla/5.0 (iPad; CPU OS 5_0_1 like Mac OS X) AppleWebKit/534.46 (KHTML, like Gecko) Version/5.1 Mobile/9A405 Safari/7534.48.3"
76.90.203.178 - - [17/Nov/2017:22:19:30 +0000] "GET /item/giftcards/119 HTTP/1.1" 200 93 "/category/software" "Mozilla/5.0 (compatible; MSIE 9.0; Windows NT 6.1; WOW64; Trident/5.0)"
188.30.222.174 - - [17/Nov/2017:22:19:35 +0000] "GET /category/software HTTP/1.1" 200 106 "/category/office" "Mozilla/5.0 (compatible; MSIE 9.0; Windows NT 6.1; Trident/5.0)"
68.33.56.24 - - [17/Nov/2017:22:19:40 +0000] "GET /item/computers/3622 HTTP/1.1" 200 110 "/category/networking?from=10" "Mozilla/5.0 (Windows NT 6.0; rv:10.0.1) Gecko/20100101 Firefox/10.0.1"
80.81.66.77 - - [17/Nov/2017:22:19:45 +0000] "GET /category/office HTTP/1.1" 200 51 "/category/music" "Mozilla/5.0 (Windows NT 6.1; WOW64) AppleWebKit/535.11 (KHTML, like Gecko) Chrome/17.0.963.56 Safari/535.11"
44.162.33.184 - - [17/Nov/2017:22:19:50 +0000] "POST /search/?c=Electronics HTTP/1.1" 200 101 "/category/electronics?from=10" "Mozilla/5.0 (compatible; MSIE 9.0; Windows NT 6.1; Trident/5.0)"
36.126.150.23 - - [17/Nov/2017:22:19:55 +0000] "GET /category/electronics HTTP/1.1" 200 59 "-" "Mozilla/5.0 (iPad; CPU OS 5_0_1 like Mac OS X) AppleWebKit/534.46 (KHTML, like Gecko) Version/5.1 Mobile/9A405 Safari/7534.48.3"
76.225.209.116 - - [17/Nov/2017:22:20:00 +0000] "GET /item/electronics/4574 HTTP/1.1" 200 98 "-" "Mozilla/5.0 (Windows NT 6.1; WOW64; rv:10.0.1) Gecko/20100101 Firefox/10.0.1"
80.144.46.167 - - [17/Nov/2017:22:20:05 +0000] "GET /category/books HTTP/1.1" 200 57 "/item/games/3032" "Mozilla/5.0 (compatible; MSIE 9.0; Windows NT 6.1; Trident/5.0)"
112.18.198.226 - - [17/Nov/2017:22:20:10 +0000] "GET /category/software?from=20 HTTP/1.1" 200 49 "/category/games" "Mozilla/5.0 (Windows NT 6.0; rv:10.0.1) Gecko/20100101 Firefox/10.0.1"
84.108.138.186 - - [17/Nov/2017:22:20:15 +0000] "GET /category/sports?from=10 HTTP/1.1" 200 52 "/search/?c=Sports" "Mozilla/5.0 (compatible; MSIE 9.0; Windows NT 6.1; WOW64; Trident/5.0)"
224.129.127.102 - - [17/Nov/2017:22:20:20 +0000] "GET /category/electronics?from=20 HTTP/1.1" 200 52 "/search/?c=Electronics+Sports" "Mozilla/5.0 (Windows NT 6.1; WOW64) AppleWebKit/535.7 (KHTML, like Gecko) Chrome/16.0.912.77 Safari/535.7"
24.90.183.170 - - [17/Nov/2017:22:20:25 +0000] "GET /category/jewelry?from=20 HTTP/1.1" 200 127 "/category/jewelry" "Mozilla/5.0 (Windows NT 6.0; rv:10.0.1) Gecko/20100101 Firefox/10.0.1"
32.135.88.43 - - [17/Nov/2017:22:20:30 +0000] "GET /category/sports HTTP/1.1" 200 49 "/category/health" "Mozilla/5.0 (compatible; Googlebot/2.1; +http://www.google.com/bot.html)"
164.186.39.214 - - [17/Nov/2017:22:20:35 +0000] "GET /category/office HTTP/1.1" 200 43 "-" "Mozilla/5.0 (Windows NT 6.1; WOW64) AppleWebKit/535.11 (KHTML, like Gecko) Chrome/17.0.963.56 Safari/535.11"
56.48.89.225 - - [17/Nov/2017:22:20:40 +0000] "GET /item/electronics/450 HTTP/1.1" 200 123 "/item/software/4933" "Mozilla/4.0 (compatible; MSIE 8.0; Windows NT 6.1; WOW64; Trident/4.0; GTB7.2; SLCC2; .NET CLR 2.0.50727; .NET CLR 3.5.30729; .NET CLR 3.0.30729; Media Center PC 6.0; .NET4.0C)"
196.63.209.217 - - [17/Nov/2017:22:20:45 +0000] "GET /category/jewelry HTTP/1.1" 200 78 "-" "Mozilla/5.0 (Windows NT 6.0) AppleWebKit/535.11 (KHTML, like Gecko) Chrome/17.0.963.56 Safari/535.11"
200.201.187.211 - - [17/Nov/2017:22:20:50 +0000] "GET /category/giftcards HTTP/1.1" 200 113 "/category/electronics" "Mozilla/4.0 (compatible; MSIE 8.0; Windows NT 6.1; WOW64; Trident/4.0; YTB730; GTB7.2; EasyBits GO v1.0; SLCC2; .NET CLR 2.0.50727; .NET CLR 3.5.30729; .NET CLR 3.0.30729; Media Center PC 6.0; .NET4.0C)"
224.159.219.206 - - [17/Nov/2017:22:20:55 +0000] "GET /item/giftcards/3907 HTTP/1.1" 200 93 "/category/books" "Mozilla/5.0 (Windows NT 6.1; WOW64; rv:10.0.1) Gecko/20100101 Firefox/10.0.1"
64.30.21.149 - - [17/Nov/2017:22:21:00 +0000] "GET /category/office HTTP/1.1" 200 85 "-" "Mozilla/5.0 (compatible; Googlebot/2.1; +http://www.google.com/bot.html)"
180.186.35.139 - - [17/Nov/2017:22:21:05 +0000] "GET /item/office/4637 HTTP/1.1" 200 70 "-" "Mozilla/5.0 (compatible; Googlebot/2.1; +http://www.google.com/bot.html)"
140.159.183.92 - - [17/Nov/2017:22:21:10 +0000] "GET /item/software/3523 HTTP/1.1" 200 68 "/search/?c=Software" "Mozilla/4.0 (compatible; MSIE 8.0; Windows NT 6.1; WOW64; Trident/4.0; YTB730; GTB7.2; EasyBits GO v1.0; SLCC2; .NET CLR 2.0.50727; .NET CLR 3.5.30729; .NET CLR 3.0.30729; Media Center PC 6.0; .NET4.0C)"
128.90.218.42 - - [17/Nov/2017:22:21:15 +0000] "GET /category/garden HTTP/1.1" 200 111 "-" "Mozilla/4.0 (compatible; MSIE 8.0; Windows NT 5.1; Trident/4.0; YTB720; GTB7.2; .NET CLR 1.1.4322; .NET CLR 2.0.50727; .NET CLR 3.0.4506.2152; .NET CLR 3.5.30729)"
104.117.61.206 - - [17/Nov/2017:22:21:20 +0000] "GET /category/electronics HTTP/1.1" 200 79 "/category/electronics" "Mozilla/5.0 (Windows NT 6.0; rv:10.0.1) Gecko/20100101 Firefox/10.0.1"
144.168.60.186 - - [17/Nov/2017:22:21:25 +0000] "GET /item/games/1490 HTTP/1.1" 200 47 "/item/software/85" "Mozilla/5.0 (Macintosh; Intel Mac OS X 10.6; rv:9.0.1) Gecko/20100101 Firefox/9.0.1"
212.189.128.184 - - [17/Nov/2017:22:21:30 +0000] "GET /category/jewelry HTTP/1.1" 200 111 "-" "Mozilla/5.0 (Windows NT 6.0; rv:10.0.1) Gecko/20100101 Firefox/10.0.1"
136.198.147.93 - - [17/Nov/2017:22:21:35 +0000] "GET /item/software/272 HTTP/1.1" 200 71 "-" "Mozilla/5.0 (compatible; MSIE 9.0; Windows NT 6.1; WOW64; Trident/5.0)"
120.144.87.152 - - [17/Nov/2017:22:21:40 +0000] "GET /category/music HTTP/1.1" 200 121 "-" "Mozilla/5.0 (Windows NT 6.0) AppleWebKit/535.11 (KHTML, like Gecko) Chrome/17.0.963.56 Safari/535.11"
176.45.198.120 - - [17/Nov/2017:22:21:45 +0000] "GET /item/electronics/3042 HTTP/1.1" 200 45 "-" "Mozilla/5.0 (compatible; MSIE 9.0; Windows NT 6.1; WOW64; Trident/5.0)"
180.114.21.38 - - [17/Nov/2017:22:21:50 +0000] "GET /category/books?from=10 HTTP/1.1" 200 99 "/category/garden?from=0" "Mozilla/5.0 (Windows NT 6.1; WOW64) AppleWebKit/535.11 (KHTML, like Gecko) Chrome/17.0.963.56 Safari/535.11"
24.201.68.49 - - [17/Nov/2017:22:21:55 +0000] "GET /item/electronics/2451 HTTP/1.1" 200 108 "/item/electronics/1706" "Mozilla/5.0 (Windows NT 6.1; WOW64) AppleWebKit/535.11 (KHTML, like Gecko) Chrome/17.0.963.56 Safari/535.11"
88.222.58.180 - - [17/Nov/2017:22:22:00 +0000] "GET /category/health?from=0 HTTP/1.1" 200 81 "/category/software" "Mozilla/5.0 (Windows NT 6.1; WOW64) AppleWebKit/535.7 (KHTML, like Gecko) Chrome/16.0.912.77 Safari/535.7"
108.78.86.154 - - [17/Nov/2017:22:22:05 +0000] "GET /category/jewelry?from=10 HTTP/1.1" 200 106 "/item/games/4604" "Mozilla/4.0 (compatible; MSIE 8.0; Windows NT 6.0; WOW64; Trident/4.0; GTB6; SLCC1; .NET CLR 2.0.50727; Media Center PC 5.0; .NET CLR 3.5.30729; .NET CLR 3.0.30618; .NET4.0C)"
124.42.157.72 - - [17/Nov/2017:22:22:10 +0000] "GET /category/books?from=10 HTTP/1.1" 200 89 "/search/?c=Books+Giftcards" "Mozilla/5.0 (compatible; MSIE 9.0; Windows NT 6.1; Trident/5.0)"
104.156.80.128 - - [17/Nov/2017:22:22:15 +0000] "GET /category/electronics HTTP/1.1" 200 65 "-" "Mozilla/5.0 (iPad; CPU OS 5_0_1 like Mac OS X) AppleWebKit/534.46 (KHTML, like Gecko) Version/5.1 Mobile/9A405 Safari/7534.48.3"
32.78.86.157 - - [17/Nov/2017:22:22:20 +0000] "GET /item/electronics/3030 HTTP/1.1" 200 84 "/search/?c=Electronics" "Mozilla/4.0 (compatible; MSIE 8.0; Windows NT 6.1; WOW64; Trident/4.0; YTB730; GTB7.2; SLCC2; .NET CLR 2.0.50727; .NET CLR 3.5.30729; .NET CLR 3.0.30729; .NET4.0C; .NET4.0E; Media Center PC 6.0)"
72.153.193.186 - - [17/Nov/2017:22:22:25 +0000] "GET /item/electronics/705 HTTP/1.1" 200 92 "/category/electronics" "Mozilla/5.0 (Windows NT 6.1; WOW64) AppleWebKit/535.11 (KHTML, like Gecko) Chrome/17.0.963.56 Safari/535.11"
116.210.150.60 - - [17/Nov/2017:22:22:30 +0000] "GET /category/music HTTP/1.1" 200 54 "-" "Mozilla/5.0 (compatible; MSIE 9.0; Windows NT 6.1; WOW64; Trident/5.0)"
220.93.97.101 - - [17/Nov/2017:22:22:35 +0000] "GET /category/cameras?from=20 HTTP/1.1" 200 99 "/search/?c=Cameras" "Mozilla/5.0 (compatible; MSIE 9.0; Windows NT 6.1; Trident/5.0)"
48.63.222.76 - - [17/Nov/2017:22:22:40 +0000] "GET /category/software HTTP/1.1" 200 84 "-" "Mozilla/4.0 (compatible; MSIE 8.0; Windows NT 5.1; Trident/4.0; YTB720; GTB7.2; .NET CLR 1.1.4322; .NET CLR 2.0.50727; .NET CLR 3.0.4506.2152; .NET CLR 3.5.30729)"
148.108.60.129 - - [17/Nov/2017:22:22:45 +0000] "GET /category/games HTTP/1.1" 200 97 "/category/jewelry" "Mozilla/4.0 (compatible; MSIE 8.0; Windows NT 5.1; Trident/4.0; BTRS122159; GTB7.2; .NET CLR 1.1.4322; .NET CLR 2.0.50727; .NET CLR 3.0.04506.30; .NET CLR 3.0.4506.2152; .NET CLR 3.5.30729; BRI/2)"
172.45.84.183 - - [17/Nov/2017:22:22:50 +0000] "GET /category/music HTTP/1.1" 200 82 "/category/books" "Mozilla/4.0 (compatible; MSIE 8.0; Windows NT 6.1; WOW64; Trident/4.0; YTB730; GTB7.2; SLCC2; .NET CLR 2.0.50727; .NET CLR 3.5.30729; .NET CLR 3.0.30729; .NET4.0C; .NET4.0E; Media Center PC 6.0)"
24.48.22.162 - - [17/Nov/2017:22:22:55 +0000] "GET /category/electronics HTTP/1.1" 200 108 "/category/finance" "Mozilla/4.0 (compatible; MSIE 8.0; Windows NT 6.1; WOW64; Trident/4.0; YTB730; GTB7.2; EasyBits GO v1.0; SLCC2; .NET CLR 2.0.50727; .NET CLR 3.5.30729; .NET CLR 3.0.30729; Media Center PC 6.0; .NET4.0C)"
224.210.40.49 - - [17/Nov/2017:22:23:00 +0000] "GET /category/electronics HTTP/1.1" 200 72 "-" "Mozilla/5.0 (compatible; Googlebot/2.1; +http://www.google.com/bot.html)"
40.174.209.108 - - [17/Nov/2017:22:23:05 +0000] "GET /item/electronics/2374 HTTP/1.1" 200 96 "/category/finance" "Mozilla/5.0 (Windows NT 6.0) AppleWebKit/535.11 (KHTML, like Gecko) Chrome/17.0.963.56 Safari/535.11"
92.144.202.140 - - [17/Nov/2017:22:23:10 +0000] "GET /item/software/2109 HTTP/1.1" 200 107 "/category/electronics" "Mozilla/4.0 (compatible; MSIE 8.0; Windows NT 5.1; Trident/4.0; BTRS122159; GTB7.2; .NET CLR 1.1.4322; .NET CLR 2.0.50727; .NET CLR 3.0.04506.30; .NET CLR 3.0.4506.2152; .NET CLR 3.5.30729; BRI/2)"
172.51.61.163 - - [17/Nov/2017:22:23:15 +0000] "GET /category/software HTTP/1.1" 200 110 "-" "Mozilla/5.0 (Windows NT 6.0) AppleWebKit/535.11 (KHTML, like Gecko) Chrome/17.0.963.56 Safari/535.11"
148.84.20.175 - - [17/Nov/2017:22:23:20 +0000] "GET /category/finance HTTP/1.1" 200 71 "-" "Mozilla/4.0 (compatible; MSIE 8.0; Windows NT 6.0; WOW64; Trident/4.0; GTB6; SLCC1; .NET CLR 2.0.50727; Media Center PC 5.0; .NET CLR 3.5.30729; .NET CLR 3.0.30618; .NET4.0C)"
144.99.170.128 - - [17/Nov/2017:22:23:25 +0000] "GET /category/electronics HTTP/1.1" 200 90 "-" "Mozilla/5.0 (compatible; Googlebot/2.1; +http://www.google.com/bot.html)"
80.81.66.77 - - [17/Nov/2017:22:23:30 +0000] "GET /category/finance HTTP/1.1" 200 132 "-" "Mozilla/4.0 (compatible; MSIE 8.0; Windows NT 6.1; WOW64; Trident/4.0; YTB730; GTB7.2; EasyBits GO v1.0; SLCC2; .NET CLR 2.0.50727; .NET CLR 3.5.30729; .NET CLR 3.0.30729; Media Center PC 6.0; .NET4.0C)"
212.192.182.120 - - [17/Nov/2017:22:23:35 +0000] "POST /search/?c=Office+Electronics HTTP/1.1" 200 82 "-" "Mozilla/5.0 (compatible; MSIE 9.0; Windows NT 6.1; Trident/5.0)"
164.135.96.20 - - [17/Nov/2017:22:23:40 +0000] "GET /category/games HTTP/1.1" 200 59 "-" "Mozilla/5.0 (iPad; CPU OS 5_0_1 like Mac OS X) AppleWebKit/534.46 (KHTML, like Gecko) Version/5.1 Mobile/9A405 Safari/7534.48.3"
196.57.135.222 - - [17/Nov/2017:22:23:45 +0000] "GET /item/giftcards/905 HTTP/1.1" 200 94 "/category/computers" "Mozilla/4.0 (compatible; MSIE 8.0; Windows NT 6.0; WOW64; Trident/4.0; GTB6; SLCC1; .NET CLR 2.0.50727; Media Center PC 5.0; .NET CLR 3.5.30729; .NET CLR 3.0.30618; .NET4.0C)"
40.126.128.141 - - [17/Nov/2017:22:23:50 +0000] "POST /search/?c=Office HTTP/1.1" 200 131 "-" "Mozilla/5.0 (Windows NT 6.1; WOW64; rv:10.0.1) Gecko/20100101 Firefox/10.0.1"
164.126.158.215 - - [17/Nov/2017:22:23:55 +0000] "GET /category/sports HTTP/1.1" 200 48 "/category/electronics" "Mozilla/4.0 (compatible; MSIE 8.0; Windows NT 6.1; WOW64; Trident/4.0; GTB7.2; SLCC2; .NET CLR 2.0.50727; .NET CLR 3.5.30729; .NET CLR 3.0.30729; Media Center PC 6.0; .NET4.0C)"
176.228.179.33 - - [17/Nov/2017:22:24:00 +0000] "GET /category/software HTTP/1.1" 200 92 "/search/?c=Sports+Giftcards" "Mozilla/5.0 (Macintosh; Intel Mac OS X 10.6; rv:9.0.1) Gecko/20100101 Firefox/9.0.1"
196.216.204.193 - - [17/Nov/2017:22:24:05 +0000] "GET /category/garden HTTP/1.1" 200 41 "-" "Mozilla/5.0 (compatible; MSIE 9.0; Windows NT 6.1; WOW64; Trident/5.0)"
192.213.30.56 - - [17/Nov/2017:22:24:10 +0000] "POST /search/?c=Electronics+Sports HTTP/1.1" 200 139 "-" "Mozilla/5.0 (Macintosh; Intel Mac OS X 10.6; rv:9.0.1) Gecko/20100101 Firefox/9.0.1"
208.81.168.36 - - [17/Nov/2017:22:24:15 +0000] "GET /category/games HTTP/1.1" 200 58 "/item/software/2490" "Mozilla/5.0 (Windows NT 6.1; WOW64; rv:10.0.1) Gecko/20100101 Firefox/10.0.1"
188.78.192.171 - - [17/Nov/2017:22:24:20 +0000] "POST /search/?c=Toys HTTP/1.1" 200 72 "/search/?c=Giftcards" "Mozilla/4.0 (compatible; MSIE 8.0; Windows NT 5.1; Trident/4.0; YTB720; GTB7.2; .NET CLR 1.1.4322; .NET CLR 2.0.50727; .NET CLR 3.0.4506.2152; .NET CLR 3.5.30729)"
160.222.46.45 - - [17/Nov/2017:22:24:25 +0000] "GET /category/books HTTP/1.1" 200 67 "/category/finance" "Mozilla/5.0 (Windows NT 6.0) AppleWebKit/535.11 (KHTML, like Gecko) Chrome/17.0.963.56 Safari/535.11"
92.102.204.173 - - [17/Nov/2017:22:24:30 +0000] "GET /category/computers HTTP/1.1" 200 114 "/category/software" "Mozilla/5.0 (Windows NT 6.1; WOW64) AppleWebKit/535.11 (KHTML, like Gecko) Chrome/17.0.963.56 Safari/535.11"
88.222.58.180 - - [17/Nov/2017:22:24:35 +0000] "GET /item/giftcards/3622 HTTP/1.1" 200 59 "http://www.google.com/search?ie=UTF-8&q=google&sclient=psy-ab&q=Giftcards+Office&oq=Giftcards+Office&aq=f&aqi=g-vL1&aql=&pbx=1&bav=on.2,or.r_gc.r_pw.r_qf.,cf.osb&biw=2048&bih=175" "Mozilla/5.0 (Windows NT 6.1; WOW64) AppleWebKit/535.7 (KHTML, like Gecko) Chrome/16.0.912.77 Safari/535.7"
160.213.73.172 - - [17/Nov/2017:22:24:40 +0000] "GET /category/garden HTTP/1.1" 200 41 "/category/games" "Mozilla/5.0 (Windows NT 6.1; WOW64) AppleWebKit/535.7 (KHTML, like Gecko) Chrome/16.0.912.77 Safari/535.7"
136.126.144.37 - - [17/Nov/2017:22:24:45 +0000] "GET /item/electronics/4416 HTTP/1.1" 200 94 "/category/electronics" "Mozilla/5.0 (compatible; MSIE 9.0; Windows NT 6.1; WOW64; Trident/5.0)"
188.78.192.171 - - [17/Nov/2017:22:24:50 +0000] "GET /item/music/4221 HTTP/1.1" 200 94 "-" "Mozilla/4.0 (compatible; MSIE 8.0; Windows NT 5.1; Trident/4.0; BTRS122159; GTB7.2; .NET CLR 1.1.4322; .NET CLR 2.0.50727; .NET CLR 3.0.04506.30; .NET CLR 3.0.4506.2152; .NET CLR 3.5.30729; BRI/2)"
52.27.56.220 - - [17/Nov/2017:22:24:55 +0000] "GET /item/finance/4492 HTTP/1.1" 200 41 "http://www.google.com/search?ie=UTF-8&q=google&sclient=psy-ab&q=Finance+Software&oq=Finance+Software&aq=f&aqi=g-vL1&aql=&pbx=1&bav=on.2,or.r_gc.r_pw.r_qf.,cf.osb&biw=1090&bih=340" "Mozilla/5.0 (Windows NT 6.0) AppleWebKit/535.11 (KHTML, like Gecko) Chrome/17.0.963.56 Safari/535.11"
84.216.40.211 - - [17/Nov/2017:22:25:00 +0000] "GET /category/books HTTP/1.1" 200 40 "-" "Mozilla/5.0 (compatible; MSIE 9.0; Windows NT 6.1; Trident/5.0)"
56.48.140.129 - - [17/Nov/2017:22:25:05 +0000] "GET /category/music HTTP/1.1" 200 51 "-" "Mozilla/5.0 (compatible; MSIE 9.0; Windows NT 6.1; WOW64; Trident/5.0)"
112.66.219.85 - - [17/Nov/2017:22:25:10 +0000] "GET /category/games HTTP/1.1" 200 83 "/item/software/272" "Mozilla/5.0 (Windows NT 5.1) AppleWebKit/535.11 (KHTML, like Gecko) Chrome/17.0.963.46 Safari/535.11"
60.30.84.168 - - [17/Nov/2017:22:25:15 +0000] "GET /category/electronics?from=20 HTTP/1.1" 200 88 "-" "Mozilla/4.0 (compatible; MSIE 8.0; Windows NT 6.1; Trident/4.0; YTB730; SLCC2; .NET CLR 2.0.50727; .NET CLR 3.5.30729; .NET CLR 3.0.30729; Media Center PC 6.0; .NET4.0C)"
216.156.23.194 - - [17/Nov/2017:22:25:20 +0000] "GET /category/networking HTTP/1.1" 200 103 "/search/?c=Electronics+Garden" "Mozilla/4.0 (compatible; MSIE 8.0; Windows NT 6.1; WOW64; Trident/4.0; YTB730; GTB7.2; EasyBits GO v1.0; SLCC2; .NET CLR 2.0.50727; .NET CLR 3.5.30729; .NET CLR 3.0.30729; Media Center PC 6.0; .NET4.0C)"
32.78.86.157 - - [17/Nov/2017:22:25:25 +0000] "GET /category/electronics HTTP/1.1" 200 44 "-" "Mozilla/4.0 (compatible; MSIE 8.0; Windows NT 5.1; Trident/4.0; YTB720; GTB7.2; .NET CLR 1.1.4322; .NET CLR 2.0.50727; .NET CLR 3.0.4506.2152; .NET CLR 3.5.30729)"
112.33.59.25 - - [17/Nov/2017:22:25:30 +0000] "GET /category/office?from=0 HTTP/1.1" 200 93 "/category/electronics" "Mozilla/5.0 (Windows NT 6.0) AppleWebKit/535.11 (KHTML, like Gecko) Chrome/17.0.963.56 Safari/535.11"
84.225.150.149 - - [17/Nov/2017:22:25:35 +0000] "GET /category/software HTTP/1.1" 200 41 "-" "Mozilla/5.0 (Windows NT 6.1; WOW64) AppleWebKit/535.11 (KHTML, like Gecko) Chrome/17.0.963.56 Safari/535.11"
60.126.127.74 - - [17/Nov/2017:22:25:40 +0000] "GET /item/electronics/3444 HTTP/1.1" 200 131 "/search/?c=Electronics+Jewelry" "Mozilla/5.0 (Windows NT 5.1) AppleWebKit/535.11 (KHTML, like Gecko) Chrome/17.0.963.46 Safari/535.11"
80.96.105.54 - - [17/Nov/2017:22:25:45 +0000] "GET /category/electronics HTTP/1.1" 200 48 "/search/?c=Software" "Mozilla/5.0 (Macintosh; Intel Mac OS X 10.6; rv:9.0.1) Gecko/20100101 Firefox/9.0.1"
60.213.58.52 - - [17/Nov/2017:22:25:50 +0000] "GET /item/jewelry/1981 HTTP/1.1" 200 89 "/category/electronics?from=0" "Mozilla/5.0 (iPhone; CPU iPhone OS 5_0_1 like Mac OS X) AppleWebKit/534.46 (KHTML, like Gecko) Version/5.1 Mobile/9A405 Safari/7534.48.3"
84.150.50.150 - - [17/Nov/2017:22:25:55 +0000] "GET /category/games?from=20 HTTP/1.1" 200 101 "/item/giftcards/2452" "Mozilla/5.0 (iPhone; CPU iPhone OS 5_0_1 like Mac OS X) AppleWebKit/534.46 (KHTML, like Gecko) Version/5.1 Mobile/9A405 Safari/7534.48.3"
192.108.192.88 - - [17/Nov/2017:22:26:00 +0000] "GET /item/software/1531 HTTP/1.1" 200 102 "/search/?c=Software+Software" "Mozilla/4.0 (compatible; MSIE 8.0; Windows NT 5.1; Trident/4.0; BTRS122159; GTB7.2; .NET CLR 1.1.4322; .NET CLR 2.0.50727; .NET CLR 3.0.04506.30; .NET CLR 3.0.4506.2152; .NET CLR 3.5.30729; BRI/2)"
164.213.39.153 - - [17/Nov/2017:22:26:05 +0000] "POST /search/?c=Office HTTP/1.1" 200 138 "-" "Mozilla/5.0 (Windows NT 6.1; WOW64) AppleWebKit/535.7 (KHTML, like Gecko) Chrome/16.0.912.77 Safari/535.7"
172.165.66.62 - - [17/Nov/2017:22:26:10 +0000] "GET /category/books HTTP/1.1" 200 74 "-" "Mozilla/5.0 (compatible; MSIE 9.0; Windows NT 6.1; WOW64; Trident/5.0)"
64.210.40.162 - - [17/Nov/2017:22:26:15 +0000] "GET /category/books HTTP/1.1" 200 131 "/category/software" "Mozilla/5.0 (compatible; MSIE 9.0; Windows NT 6.1; Trident/5.0)"
76.138.226.38 - - [17/Nov/2017:22:26:20 +0000] "GET /category/software HTTP/1.1" 200 56 "/item/software/2487" "Mozilla/5.0 (Windows NT 6.0; rv:10.0.1) Gecko/20100101 Firefox/10.0.1"
180.225.135.58 - - [17/Nov/2017:22:26:25 +0000] "GET /category/electronics?from=20 HTTP/1.1" 200 124 "-" "Mozilla/5.0 (compatible; MSIE 9.0; Windows NT 6.1; Trident/5.0)"
160.198.155.53 - - [17/Nov/2017:22:26:30 +0000] "GET /category/software HTTP/1.1" 200 50 "-" "Mozilla/5.0 (compatible; Googlebot/2.1; +http://www.google.com/bot.html)"
152.105.117.77 - - [17/Nov/2017:22:26:35 +0000] "GET /category/electronics HTTP/1.1" 200 97 "-" "Mozilla/5.0 (iPad; CPU OS 5_0_1 like Mac OS X) AppleWebKit/534.46 (KHTML, like Gecko) Version/5.1 Mobile/9A405 Safari/7534.48.3"
224.207.157.219 - - [17/Nov/2017:22:26:40 +0000] "GET /category/electronics HTTP/1.1" 200 48 "/search/?c=Office" "Mozilla/5.0 (iPad; CPU OS 5_0_1 like Mac OS X) AppleWebKit/534.46 (KHTML, like Gecko) Version/5.1 Mobile/9A405 Safari/7534.48.3"
100.195.21.152 - - [17/Nov/2017:22:26:45 +0000] "GET /category/software HTTP/1.1" 200 94 "/item/books/1533" "Mozilla/5.0 (iPhone; CPU iPhone OS 5_0_1 like Mac OS X) AppleWebKit/534.46 (KHTML, like Gecko) Version/5.1 Mobile/9A405 Safari/7534.48.3"
44.51.178.212 - - [17/Nov/2017:22:26:50 +0000] "GET /item/software/2699 HTTP/1.1" 200 50 "/category/software" "Mozilla/5.0 (Windows NT 6.0; rv:10.0.1) Gecko/20100101 Firefox/10.0.1"
220.57.136.83 - - [17/Nov/2017:22:26:55 +0000] "POST /search/?c=Books HTTP/1.1" 200 85 "-" "Mozilla/4.0 (compatible; MSIE 8.0; Windows NT 6.1; WOW64; Trident/4.0; YTB730; GTB7.2; SLCC2; .NET CLR 2.0.50727; .NET CLR 3.5.30729; .NET CLR 3.0.30729; .NET4.0C; .NET4.0E; Media Center PC 6.0)"
188.198.226.23 - - [17/Nov/2017:22:27:00 +0000] "POST /search/?c=Jewelry+Games HTTP/1.1" 200 129 "/category/software" "Mozilla/5.0 (compatible; MSIE 9.0; Windows NT 6.1; WOW64; Trident/5.0)"
176.210.127.134 - - [17/Nov/2017:22:27:05 +0000] "GET /item/electronics/3314 HTTP/1.1" 200 46 "-" "Mozilla/5.0 (Macintosh; Intel Mac OS X 10.6; rv:9.0.1) Gecko/20100101 Firefox/9.0.1"
156.123.139.120 - - [17/Nov/2017:22:27:10 +0000] "GET /category/cameras HTTP/1.1" 200 69 "-" "Mozilla/5.0 (Windows NT 6.0) AppleWebKit/535.11 (KHTML, like Gecko) Chrome/17.0.963.56 Safari/535.11"
208.183.145.211 - - [17/Nov/2017:22:27:15 +0000] "POST /search/?c=Networking HTTP/1.1" 200 110 "/category/software" "Mozilla/5.0 (compatible; MSIE 9.0; Windows NT 6.1; WOW64; Trident/5.0)"
112.144.23.168 - - [17/Nov/2017:22:27:20 +0000] "POST /search/?c=Computers HTTP/1.1" 200 41 "-" "Mozilla/4.0 (compatible; MSIE 8.0; Windows NT 6.1; WOW64; Trident/4.0; YTB730; GTB7.2; EasyBits GO v1.0; SLCC2; .NET CLR 2.0.50727; .NET CLR 3.5.30729; .NET CLR 3.0.30729; Media Center PC 6.0; .NET4.0C)"
80.75.100.166 - - [17/Nov/2017:22:27:25 +0000] "GET /item/garden/2166 HTTP/1.1" 200 139 "-" "Mozilla/5.0 (Macintosh; Intel Mac OS X 10.6; rv:9.0.1) Gecko/20100101 Firefox/9.0.1"
60.54.88.65 - - [17/Nov/2017:22:27:30 +0000] "GET /item/electronics/1466 HTTP/1.1" 200 67 "/search/?c=Electronics+Books" "Mozilla/5.0 (Windows NT 6.1; WOW64) AppleWebKit/535.11 (KHTML, like Gecko) Chrome/17.0.963.56 Safari/535.11"
108.150.20.229 - - [17/Nov/2017:22:27:35 +0000] "GET /item/finance/4175 HTTP/1.1" 200 42 "/category/finance" "Mozilla/4.0 (compatible; MSIE 8.0; Windows NT 6.1; Trident/4.0; YTB730; SLCC2; .NET CLR 2.0.50727; .NET CLR 3.5.30729; .NET CLR 3.0.30729; Media Center PC 6.0; .NET4.0C)"
96.33.37.61 - - [17/Nov/2017:22:27:40 +0000] "GET /category/giftcards HTTP/1.1" 200 117 "-" "Mozilla/5.0 (Windows NT 6.0) AppleWebKit/535.11 (KHTML, like Gecko) Chrome/17.0.963.56 Safari/535.11"
168.60.103.103 - - [17/Nov/2017:22:27:45 +0000] "GET /category/finance HTTP/1.1" 200 136 "-" "Mozilla/5.0 (Windows NT 6.0) AppleWebKit/535.11 (KHTML, like Gecko) Chrome/17.0.963.56 Safari/535.11"
100.144.219.108 - - [17/Nov/2017:22:27:50 +0000] "GET /category/networking?from=10 HTTP/1.1" 200 127 "-" "Mozilla/4.0 (compatible; MSIE 8.0; Windows NT 5.1; Trident/4.0; YTB720; GTB7.2; .NET CLR 1.1.4322; .NET CLR 2.0.50727; .NET CLR 3.0.4506.2152; .NET CLR 3.5.30729)"
64.111.228.178 - - [17/Nov/2017:22:27:55 +0000] "GET /item/electronics/1828 HTTP/1.1" 200 57 "/search/?c=Electronics" "Mozilla/5.0 (Windows NT 6.1; WOW64; rv:10.0.1) Gecko/20100101 Firefox/10.0.1"
152.87.67.123 - - [17/Nov/2017:22:28:00 +0000] "GET /item/sports/13 HTTP/1.1" 200 100 "/item/garden/4648" "Mozilla/5.0 (Windows NT 6.1; WOW64) AppleWebKit/535.7 (KHTML, like Gecko) Chrome/16.0.912.77 Safari/535.7"
192.198.24.209 - - [17/Nov/2017:22:28:05 +0000] "GET /category/music HTTP/1.1" 200 117 "/category/electronics" "Mozilla/5.0 (Windows NT 6.0) AppleWebKit/535.11 (KHTML, like Gecko) Chrome/17.0.963.56 Safari/535.11"
128.27.201.209 - - [17/Nov/2017:22:28:10 +0000] "GET /item/games/2694 HTTP/1.1" 200 90 "/category/games" "Mozilla/5.0 (compatible; MSIE 9.0; Windows NT 6.1; WOW64; Trident/5.0)"
84.153.168.36 - - [17/Nov/2017:22:28:15 +0000] "GET /category/books HTTP/1.1" 200 50 "/category/electronics?from=0" "Mozilla/5.0 (Macintosh; Intel Mac OS X 10.6; rv:9.0.1) Gecko/20100101 Firefox/9.0.1"
120.147.115.60 - - [17/Nov/2017:22:28:20 +0000] "GET /category/electronics HTTP/1.1" 200 83 "/item/music/4221" "Mozilla/5.0 (Windows NT 6.0; rv:10.0.1) Gecko/20100101 Firefox/10.0.1"
216.60.81.167 - - [17/Nov/2017:22:28:25 +0000] "GET /category/software HTTP/1.1" 200 116 "-" "Mozilla/5.0 (Windows NT 6.1; WOW64) AppleWebKit/535.7 (KHTML, like Gecko) Chrome/16.0.912.77 Safari/535.7"
212.84.86.22 - - [17/Nov/2017:22:28:30 +0000] "POST /search/?c=Software+Software HTTP/1.1" 200 123 "-" "Mozilla/5.0 (Windows NT 6.0) AppleWebKit/535.11 (KHTML, like Gecko) Chrome/17.0.963.56 Safari/535.11"
216.177.42.228 - - [17/Nov/2017:22:28:35 +0000] "GET /item/cameras/2299 HTTP/1.1" 200 64 "/search/?c=Computers" "Mozilla/5.0 (iPad; CPU OS 5_0_1 like Mac OS X) AppleWebKit/534.46 (KHTML, like Gecko) Version/5.1 Mobile/9A405 Safari/7534.48.3"
136.21.168.104 - - [17/Nov/2017:22:28:40 +0000] "POST /search/?c=Music HTTP/1.1" 200 44 "/category/software" "Mozilla/5.0 (Macintosh; Intel Mac OS X 10.6; rv:9.0.1) Gecko/20100101 Firefox/9.0.1"
104.138.92.26 - - [17/Nov/2017:22:28:45 +0000] "GET /category/software HTTP/1.1" 200 137 "/category/jewelry" "Mozilla/5.0 (Windows NT 6.0; rv:10.0.1) Gecko/20100101 Firefox/10.0.1"
160.129.152.167 - - [17/Nov/2017:22:28:50 +0000] "POST /search/?c=Games+Office HTTP/1.1" 200 72 "-" "Mozilla/5.0 (Windows NT 6.0; rv:10.0.1) Gecko/20100101 Firefox/10.0.1"
176.108.47.217 - - [17/Nov/2017:22:28:55 +0000] "GET /item/giftcards/3622 HTTP/1.1" 200 59 "/search/?c=Giftcards+Office" "Mozilla/5.0 (compatible; MSIE 9.0; Windows NT 6.1; WOW64; Trident/5.0)"
212.189.191.81 - - [17/Nov/2017:22:29:00 +0000] "GET /category/software HTTP/1.1" 200 77 "/category/electronics" "Mozilla/4.0 (compatible; MSIE 8.0; Windows NT 5.1; Trident/4.0; BTRS122159; GTB7.2; .NET CLR 1.1.4322; .NET CLR 2.0.50727; .NET CLR 3.0.04506.30; .NET CLR 3.0.4506.2152; .NET CLR 3.5.30729; BRI/2)"
88.63.121.43 - - [17/Nov/2017:22:29:05 +0000] "POST /search/?c=Networking HTTP/1.1" 200 110 "/item/electronics/950" "Mozilla/5.0 (Macintosh; Intel Mac OS X 10.6; rv:9.0.1) Gecko/20100101 Firefox/9.0.1"
144.225.225.182 - - [17/Nov/2017:22:29:10 +0000] "GET /item/games/2827 HTTP/1.1" 200 113 "http://www.google.com/search?ie=UTF-8&q=google&sclient=psy-ab&q=Games+Electronics&oq=Games+Electronics&aq=f&aqi=g-vL1&aql=&pbx=1&bav=on.2,or.r_gc.r_pw.r_qf.,cf.osb&biw=1212&bih=362" "Mozilla/5.0 (Windows NT 6.0; rv:10.0.1) Gecko/20100101 Firefox/10.0.1"
192.96.212.129 - - [17/Nov/2017:22:29:15 +0000] "GET /category/health?from=0 HTTP/1.1" 200 81 "/item/electronics/4248" "Mozilla/4.0 (compatible; MSIE 8.0; Windows NT 6.1; WOW64; Trident/4.0; GTB7.2; SLCC2; .NET CLR 2.0.50727; .NET CLR 3.5.30729; .NET CLR 3.0.30729; Media Center PC 6.0; .NET4.0C)"
116.60.150.29 - - [17/Nov/2017:22:29:20 +0000] "GET /item/toys/2432 HTTP/1.1" 200 54 "/item/garden/4804" "Mozilla/4.0 (compatible; MSIE 8.0; Windows NT 5.1; Trident/4.0; YTB720; GTB7.2; .NET CLR 1.1.4322; .NET CLR 2.0.50727; .NET CLR 3.0.4506.2152; .NET CLR 3.5.30729)"
84.216.173.176 - - [17/Nov/2017:22:29:25 +0000] "GET /category/software?from=0 HTTP/1.1" 200 73 "/item/health/961" "Mozilla/5.0 (compatible; MSIE 9.0; Windows NT 6.1; WOW64; Trident/5.0)"
100.45.176.200 - - [17/Nov/2017:22:29:30 +0000] "GET /category/games HTTP/1.1" 200 44 "/search/?c=Giftcards" "Mozilla/4.0 (compatible; MSIE 8.0; Windows NT 5.1; Trident/4.0; BTRS122159; GTB7.2; .NET CLR 1.1.4322; .NET CLR 2.0.50727; .NET CLR 3.0.04506.30; .NET CLR 3.0.4506.2152; .NET CLR 3.5.30729; BRI/2)"
96.75.214.176 - - [17/Nov/2017:22:29:35 +0000] "GET /item/giftcards/3622 HTTP/1.1" 200 59 "/category/software?from=20" "Mozilla/5.0 (Windows NT 6.0; rv:10.0.1) Gecko/20100101 Firefox/10.0.1"
108.93.215.147 - - [17/Nov/2017:22:29:40 +0000] "GET /item/electronics/1095 HTTP/1.1" 200 106 "/item/software/3586" "Mozilla/4.0 (compatible; MSIE 8.0; Windows NT 6.0; WOW64; Trident/4.0; GTB6; SLCC1; .NET CLR 2.0.50727; Media Center PC 5.0; .NET CLR 3.5.30729; .NET CLR 3.0.30618; .NET4.0C)"
208.21.55.191 - - [17/Nov/2017:22:29:45 +0000] "GET /item/office/2904 HTTP/1.1" 200 59 "/item/computers/1272" "Mozilla/5.0 (iPad; CPU OS 5_0_1 like Mac OS X) AppleWebKit/534.46 (KHTML, like Gecko) Version/5.1 Mobile/9A405 Safari/7534.48.3"
40.111.117.84 - - [17/Nov/2017:22:29:50 +0000] "GET /category/software?from=10 HTTP/1.1" 200 95 "/category/software" "Mozilla/5.0 (Windows NT 5.1) AppleWebKit/535.11 (KHTML, like Gecko) Chrome/17.0.963.46 Safari/535.11"
188.213.34.150 - - [17/Nov/2017:22:29:55 +0000] "POST /search/?c=Office+Computers HTTP/1.1" 200 62 "/category/games" "Mozilla/5.0 (Windows NT 6.1; WOW64) AppleWebKit/535.11 (KHTML, like Gecko) Chrome/17.0.963.56 Safari/535.11"
212.192.182.120 - - [17/Nov/2017:22:30:00 +0000] "GET /item/health/4591 HTTP/1.1" 200 101 "http://www.google.com/search?ie=UTF-8&q=google&sclient=psy-ab&q=Health+Games&oq=Health+Games&aq=f&aqi=g-vL1&aql=&pbx=1&bav=on.2,or.r_gc.r_pw.r_qf.,cf.osb&biw=2732&bih=75" "Mozilla/5.0 (compatible; Googlebot/2.1; +http://www.google.com/bot.html)"
76.216.93.173 - - [17/Nov/2017:22:30:05 +0000] "GET /category/electronics HTTP/1.1" 200 117 "-" "Mozilla/5.0 (compatible; Googlebot/2.1; +http://www.google.com/bot.html)"
156.69.192.82 - - [17/Nov/2017:22:30:10 +0000] "GET /item/books/3487 HTTP/1.1" 200 92 "-" "Mozilla/4.0 (compatible; MSIE 8.0; Windows NT 6.1; WOW64; Trident/4.0; GTB7.2; SLCC2; .NET CLR 2.0.50727; .NET CLR 3.5.30729; .NET CLR 3.0.30729; Media Center PC 6.0; .NET4.0C)"
156.90.25.118 - - [17/Nov/2017:22:30:15 +0000] "GET /category/software HTTP/1.1" 200 66 "-" "Mozilla/5.0 (Windows NT 6.1; WOW64) AppleWebKit/535.11 (KHTML, like Gecko) Chrome/17.0.963.56 Safari/535.11"
96.219.205.43 - - [17/Nov/2017:22:30:20 +0000] "GET /item/games/2827 HTTP/1.1" 200 113 "/category/health" "Mozilla/5.0 (Windows NT 6.0; rv:10.0.1) Gecko/20100101 Firefox/10.0.1"
120.168.180.96 - - [17/Nov/2017:22:30:25 +0000] "GET /category/cameras HTTP/1.1" 200 106 "-" "Mozilla/4.0 (compatible; MSIE 8.0; Windows NT 6.1; WOW64; Trident/4.0; GTB7.2; SLCC2; .NET CLR 2.0.50727; .NET CLR 3.5.30729; .NET CLR 3.0.30729; Media Center PC 6.0; .NET4.0C)"
48.90.222.139 - - [17/Nov/2017:22:30:30 +0000] "GET /category/books HTTP/1.1" 200 84 "-" "Mozilla/5.0 (iPhone; CPU iPhone OS 5_0_1 like Mac OS X) AppleWebKit/534.46 (KHTML, like Gecko) Version/5.1 Mobile/9A405 Safari/7534.48.3"
84.216.40.211 - - [17/Nov/2017:22:30:35 +0000] "POST /search/?c=Software+Garden HTTP/1.1" 200 98 "-" "Mozilla/4.0 (compatible; MSIE 8.0; Windows NT 6.1; WOW64; Trident/4.0; GTB7.2; SLCC2; .NET CLR 2.0.50727; .NET CLR 3.5.30729; .NET CLR 3.0.30729; Media Center PC 6.0; .NET4.0C)"
164.27.150.182 - - [17/Nov/2017:22:30:40 +0000] "GET /category/garden HTTP/1.1" 200 52 "/item/computers/1333" "Mozilla/5.0 (Windows NT 6.0; rv:10.0.1) Gecko/20100101 Firefox/10.0.1"
28.132.108.116 - - [17/Nov/2017:22:30:45 +0000] "GET /category/software HTTP/1.1" 200 71 "-" "Mozilla/5.0 (compatible; MSIE 9.0; Windows NT 6.1; Trident/5.0)"
152.207.144.27 - - [17/Nov/2017:22:30:50 +0000] "GET /item/giftcards/3907 HTTP/1.1" 200 93 "http://www.google.com/search?ie=UTF-8&q=google&sclient=psy-ab&q=Giftcards&oq=Giftcards&aq=f&aqi=g-vL1&aql=&pbx=1&bav=on.2,or.r_gc.r_pw.r_qf.,cf.osb&biw=4588&bih=395" "Mozilla/5.0 (compatible; MSIE 9.0; Windows NT 6.1; WOW64; Trident/5.0)"
172.51.61.163 - - [17/Nov/2017:22:30:55 +0000] "GET /category/electronics HTTP/1.1" 200 113 "/category/software" "Mozilla/4.0 (compatible; MSIE 8.0; Windows NT 6.1; Trident/4.0; YTB730; SLCC2; .NET CLR 2.0.50727; .NET CLR 3.5.30729; .NET CLR 3.0.30729; Media Center PC 6.0; .NET4.0C)"
212.189.128.184 - - [17/Nov/2017:22:31:00 +0000] "POST /search/?c=Electronics+Books HTTP/1.1" 200 96 "/search/?c=Sports+Giftcards" "Mozilla/4.0 (compatible; MSIE 8.0; Windows NT 6.1; WOW64; Trident/4.0; YTB730; GTB7.2; EasyBits GO v1.0; SLCC2; .NET CLR 2.0.50727; .NET CLR 3.5.30729; .NET CLR 3.0.30729; Media Center PC 6.0; .NET4.0C)"
140.213.200.225 - - [17/Nov/2017:22:31:05 +0000] "GET /category/giftcards HTTP/1.1" 200 99 "/category/music" "Mozilla/5.0 (Windows NT 6.0; rv:10.0.1) Gecko/20100101 Firefox/10.0.1"
120.144.87.152 - - [17/Nov/2017:22:31:10 +0000] "GET /category/music HTTP/1.1" 200 84 "-" "Mozilla/5.0 (Windows NT 6.0) AppleWebKit/535.11 (KHTML, like Gecko) Chrome/17.0.963.56 Safari/535.11"
60.81.144.143 - - [17/Nov/2017:22:31:15 +0000] "GET /item/electronics/261 HTTP/1.1" 200 70 "-" "Mozilla/5.0 (Macintosh; Intel Mac OS X 10.6; rv:9.0.1) Gecko/20100101 Firefox/9.0.1"
212.141.30.226 - - [17/Nov/2017:22:31:20 +0000] "GET /category/electronics HTTP/1.1" 200 63 "http://www.google.com/search?ie=UTF-8&q=google&sclient=psy-ab&q=Electronics&oq=Electronics&aq=f&aqi=g-vL1&aql=&pbx=1&bav=on.2,or.r_gc.r_pw.r_qf.,cf.osb&biw=3254&bih=543" "Mozilla/5.0 (Macintosh; Intel Mac OS X 10.6; rv:9.0.1) Gecko/20100101 Firefox/9.0.1"
24.162.227.115 - - [17/Nov/2017:22:31:25 +0000] "GET /item/games/3390 HTTP/1.1" 200 42 "/item/software/2036" "Mozilla/5.0 (Windows NT 6.1; WOW64) AppleWebKit/535.11 (KHTML, like Gecko) Chrome/17.0.963.56 Safari/535.11"
60.54.88.65 - - [17/Nov/2017:22:31:30 +0000] "GET /category/electronics HTTP/1.1" 200 83 "-" "Mozilla/5.0 (compatible; MSIE 9.0; Windows NT 6.1; Trident/5.0)"
60.54.88.65 - - [17/Nov/2017:22:31:35 +0000] "GET /category/electronics HTTP/1.1" 200 113 "-" "Mozilla/5.0 (compatible; MSIE 9.0; Windows NT 6.1; Trident/5.0)"
140.144.63.69 - - [17/Nov/2017:22:31:40 +0000] "GET /category/electronics HTTP/1.1" 200 117 "/category/electronics" "Mozilla/5.0 (Windows NT 6.0) AppleWebKit/535.11 (KHTML, like Gecko) Chrome/17.0.963.56 Safari/535.11"
48.219.110.88 - - [17/Nov/2017:22:31:45 +0000] "GET /item/software/1768 HTTP/1.1" 200 96 "/category/software" "Mozilla/5.0 (Macintosh; Intel Mac OS X 10.6; rv:9.0.1) Gecko/20100101 Firefox/9.0.1"
52.39.67.99 - - [17/Nov/2017:22:31:50 +0000] "GET /item/garden/2166 HTTP/1.1" 200 139 "/category/books" "Mozilla/5.0 (Windows NT 6.1; WOW64) AppleWebKit/535.7 (KHTML, like Gecko) Chrome/16.0.912.77 Safari/535.7"
136.108.176.209 - - [17/Nov/2017:22:31:55 +0000] "GET /item/music/4403 HTTP/1.1" 200 96 "/search/?c=Music" "Mozilla/5.0 (Windows NT 6.0; rv:10.0.1) Gecko/20100101 Firefox/10.0.1"
140.144.63.69 - - [17/Nov/2017:22:32:00 +0000] "GET /item/books/4067 HTTP/1.1" 200 121 "/item/electronics/2001" "Mozilla/5.0 (Windows NT 6.0) AppleWebKit/535.11 (KHTML, like Gecko) Chrome/17.0.963.56 Safari/535.11"
180.69.110.215 - - [17/Nov/2017:22:32:05 +0000] "POST /search/?c=Electronics+Software HTTP/1.1" 200 77 "/category/music" "Mozilla/5.0 (Windows NT 6.1; WOW64) AppleWebKit/535.11 (KHTML, like Gecko) Chrome/17.0.963.56 Safari/535.11"
100.42.49.57 - - [17/Nov/2017:22:32:10 +0000] "GET /category/electronics HTTP/1.1" 200 137 "/category/finance" "Mozilla/4.0 (compatible; MSIE 8.0; Windows NT 6.1; WOW64; Trident/4.0; YTB730; GTB7.2; EasyBits GO v1.0; SLCC2; .NET CLR 2.0.50727; .NET CLR 3.5.30729; .NET CLR 3.0.30729; Media Center PC 6.0; .NET4.0C)"
160.216.60.23 - - [17/Nov/2017:22:32:15 +0000] "GET /category/electronics?from=20 HTTP/1.1" 200 124 "/category/office?from=0" "Mozilla/5.0 (compatible; MSIE 9.0; Windows NT 6.1; Trident/5.0)"
152.150.118.201 - - [17/Nov/2017:22:32:20 +0000] "GET /item/office/564 HTTP/1.1" 200 125 "/item/electronics/4041" "Mozilla/4.0 (compatible; MSIE 8.0; Windows NT 6.1; WOW64; Trident/4.0; GTB7.2; SLCC2; .NET CLR 2.0.50727; .NET CLR 3.5.30729; .NET CLR 3.0.30729; Media Center PC 6.0; .NET4.0C)"
180.39.180.68 - - [17/Nov/2017:22:32:25 +0000] "GET /item/office/1523 HTTP/1.1" 200 98 "/category/cameras" "Mozilla/4.0 (compatible; MSIE 8.0; Windows NT 5.1; Trident/4.0; YTB720; GTB7.2; .NET CLR 1.1.4322; .NET CLR 2.0.50727; .NET CLR 3.0.4506.2152; .NET CLR 3.5.30729)"
52.153.118.131 - - [17/Nov/2017:22:32:30 +0000] "GET /category/computers HTTP/1.1" 200 131 "/category/books" "Mozilla/5.0 (Macintosh; Intel Mac OS X 10.6; rv:9.0.1) Gecko/20100101 Firefox/9.0.1"
44.36.69.119 - - [17/Nov/2017:22:32:35 +0000] "GET /category/garden HTTP/1.1" 200 134 "-" "Mozilla/5.0 (iPhone; CPU iPhone OS 5_0_1 like Mac OS X) AppleWebKit/534.46 (KHTML, like Gecko) Version/5.1 Mobile/9A405 Safari/7534.48.3"
76.126.75.166 - - [17/Nov/2017:22:32:40 +0000] "GET /category/finance HTTP/1.1" 200 68 "-" "Mozilla/5.0 (Windows NT 6.1; WOW64) AppleWebKit/535.7 (KHTML, like Gecko) Chrome/16.0.912.77 Safari/535.7"
144.180.166.148 - - [17/Nov/2017:22:32:45 +0000] "GET /item/electronics/450 HTTP/1.1" 200 123 "/category/jewelry" "Mozilla/5.0 (Windows NT 6.0; rv:10.0.1) Gecko/20100101 Firefox/10.0.1"
180.192.53.62 - - [17/Nov/2017:22:32:50 +0000] "GET /item/books/3487 HTTP/1.1" 200 92 "/item/electronics/2792" "Mozilla/4.0 (compatible; MSIE 8.0; Windows NT 5.1; Trident/4.0; YTB720; GTB7.2; .NET CLR 1.1.4322; .NET CLR 2.0.50727; .NET CLR 3.0.4506.2152; .NET CLR 3.5.30729)"
128.54.20.112 - - [17/Nov/2017:22:32:55 +0000] "GET /category/software HTTP/1.1" 200 94 "/category/games" "Mozilla/4.0 (compatible; MSIE 8.0; Windows NT 6.1; WOW64; Trident/4.0; GTB7.2; SLCC2; .NET CLR 2.0.50727; .NET CLR 3.5.30729; .NET CLR 3.0.30729; Media Center PC 6.0; .NET4.0C)"
140.216.85.20 - - [17/Nov/2017:22:33:00 +0000] "GET /category/software HTTP/1.1" 200 51 "-" "Mozilla/5.0 (Windows NT 6.1; WOW64; rv:10.0.1) Gecko/20100101 Firefox/10.0.1"
168.216.60.85 - - [17/Nov/2017:22:33:05 +0000] "GET /category/electronics HTTP/1.1" 200 48 "-" "Mozilla/5.0 (compatible; Googlebot/2.1; +http://www.google.com/bot.html)"
76.180.131.65 - - [17/Nov/2017:22:33:10 +0000] "GET /item/electronics/4416 HTTP/1.1" 200 94 "/search/?c=Electronics+Garden" "Mozilla/5.0 (compatible; MSIE 9.0; Windows NT 6.1; Trident/5.0)"
116.48.59.21 - - [17/Nov/2017:22:33:15 +0000] "GET /category/software HTTP/1.1" 200 121 "-" "Mozilla/5.0 (Windows NT 6.1; WOW64; rv:10.0.1) Gecko/20100101 Firefox/10.0.1"
212.186.212.20 - - [17/Nov/2017:22:33:20 +0000] "POST /search/?c=Toys+Games HTTP/1.1" 200 92 "-" "Mozilla/4.0 (compatible; MSIE 8.0; Windows NT 5.1; Trident/4.0; YTB720; GTB7.2; .NET CLR 1.1.4322; .NET CLR 2.0.50727; .NET CLR 3.0.4506.2152; .NET CLR 3.5.30729)"
148.84.138.22 - - [17/Nov/2017:22:33:25 +0000] "GET /item/electronics/1309 HTTP/1.1" 200 133 "/category/software" "Mozilla/5.0 (Windows NT 6.0; rv:10.0.1) Gecko/20100101 Firefox/10.0.1"
68.183.57.183 - - [17/Nov/2017:22:33:30 +0000] "GET /item/electronics/287 HTTP/1.1" 200 50 "/category/electronics" "Mozilla/4.0 (compatible; MSIE 8.0; Windows NT 6.1; WOW64; Trident/4.0; GTB7.2; SLCC2; .NET CLR 2.0.50727; .NET CLR 3.5.30729; .NET CLR 3.0.30729; Media Center PC 6.0; .NET4.0C)"
36.33.116.55 - - [17/Nov/2017:22:33:35 +0000] "GET /item/games/3868 HTTP/1.1" 200 98 "-" "Mozilla/4.0 (compatible; MSIE 8.0; Windows NT 6.1; WOW64; Trident/4.0; GTB7.2; SLCC2; .NET CLR 2.0.50727; .NET CLR 3.5.30729; .NET CLR 3.0.30729; Media Center PC 6.0; .NET4.0C)"
156.81.120.91 - - [17/Nov/2017:22:33:40 +0000] "GET /item/health/3613 HTTP/1.1" 200 90 "/item/games/2751" "Mozilla/5.0 (Windows NT 6.0; rv:10.0.1) Gecko/20100101 Firefox/10.0.1"
76.126.75.166 - - [17/Nov/2017:22:33:45 +0000] "GET /item/software/3961 HTTP/1.1" 200 86 "/category/software" "Mozilla/5.0 (Windows NT 6.1; WOW64) AppleWebKit/535.7 (KHTML, like Gecko) Chrome/16.0.912.77 Safari/535.7"
76.48.201.164 - - [17/Nov/2017:22:33:50 +0000] "GET /item/garden/4153 HTTP/1.1" 200 77 "http://www.google.com/search?ie=UTF-8&q=google&sclient=psy-ab&q=Garden+Games&oq=Garden+Games&aq=f&aqi=g-vL1&aql=&pbx=1&bav=on.2,or.r_gc.r_pw.r_qf.,cf.osb&biw=1171&bih=204" "Mozilla/5.0 (Windows NT 6.1; WOW64; rv:10.0.1) Gecko/20100101 Firefox/10.0.1"
216.90.56.55 - - [17/Nov/2017:22:33:55 +0000] "GET /category/games?from=20 HTTP/1.1" 200 101 "-" "Mozilla/4.0 (compatible; MSIE 8.0; Windows NT 6.1; Trident/4.0; YTB730; SLCC2; .NET CLR 2.0.50727; .NET CLR 3.5.30729; .NET CLR 3.0.30729; Media Center PC 6.0; .NET4.0C)"
60.99.81.68 - - [17/Nov/2017:22:34:00 +0000] "GET /item/games/2882 HTTP/1.1" 200 130 "-" "Mozilla/5.0 (compatible; MSIE 9.0; Windows NT 6.1; Trident/5.0)"
92.36.35.38 - - [17/Nov/2017:22:34:05 +0000] "GET /category/garden HTTP/1.1" 200 114 "/category/jewelry" "Mozilla/5.0 (compatible; MSIE 9.0; Windows NT 6.1; Trident/5.0)"
76.222.22.161 - - [17/Nov/2017:22:34:10 +0000] "GET /category/jewelry HTTP/1.1" 200 138 "-" "Mozilla/5.0 (compatible; MSIE 9.0; Windows NT 6.1; WOW64; Trident/5.0)"
68.36.207.172 - - [17/Nov/2017:22:34:15 +0000] "GET /category/office HTTP/1.1" 200 124 "-" "Mozilla/5.0 (compatible; MSIE 9.0; Windows NT 6.1; Trident/5.0)"
212.189.128.184 - - [17/Nov/2017:22:34:20 +0000] "GET /category/electronics HTTP/1.1" 200 48 "/item/finance/4100" "Mozilla/4.0 (compatible; MSIE 8.0; Windows NT 6.1; WOW64; Trident/4.0; YTB730; GTB7.2; EasyBits GO v1.0; SLCC2; .NET CLR 2.0.50727; .NET CLR 3.5.30729; .NET CLR 3.0.30729; Media Center PC 6.0; .NET4.0C)"
72.189.134.198 - - [17/Nov/2017:22:34:25 +0000] "GET /item/books/1573 HTTP/1.1" 200 72 "/category/cameras" "Mozilla/5.0 (compatible; Googlebot/2.1; +http://www.google.com/bot.html)"
48.183.212.212 - - [17/Nov/2017:22:34:30 +0000] "GET /category/garden?from=20 HTTP/1.1" 200 69 "/category/garden" "Mozilla/5.0 (Windows NT 5.1) AppleWebKit/535.11 (KHTML, like Gecko) Chrome/17.0.963.46 Safari/535.11"
184.186.89.120 - - [17/Nov/2017:22:34:35 +0000] "GET /item/finance/2872 HTTP/1.1" 200 40 "/search/?c=Finance+Jewelry" "Mozilla/5.0 (compatible; Googlebot/2.1; +http://www.google.com/bot.html)"
120.171.185.176 - - [17/Nov/2017:22:34:40 +0000] "GET /category/health HTTP/1.1" 200 82 "/category/books" "Mozilla/5.0 (Windows NT 6.0; rv:10.0.1) Gecko/20100101 Firefox/10.0.1"
188.165.183.191 - - [17/Nov/2017:22:34:45 +0000] "GET /category/music HTTP/1.1" 200 61 "-" "Mozilla/4.0 (compatible; MSIE 8.0; Windows NT 6.1; WOW64; Trident/4.0; YTB730; GTB7.2; SLCC2; .NET CLR 2.0.50727; .NET CLR 3.5.30729; .NET CLR 3.0.30729; .NET4.0C; .NET4.0E; Media Center PC 6.0)"
84.168.145.91 - - [17/Nov/2017:22:34:50 +0000] "GET /item/garden/2308 HTTP/1.1" 200 62 "-" "Mozilla/5.0 (Macintosh; Intel Mac OS X 10.6; rv:9.0.1) Gecko/20100101 Firefox/9.0.1"
116.63.29.208 - - [17/Nov/2017:22:34:55 +0000] "GET /category/garden HTTP/1.1" 200 122 "/category/games" "Mozilla/5.0 (iPad; CPU OS 5_0_1 like Mac OS X) AppleWebKit/534.46 (KHTML, like Gecko) Version/5.1 Mobile/9A405 Safari/7534.48.3"
24.216.105.63 - - [17/Nov/2017:22:35:00 +0000] "GET /category/finance HTTP/1.1" 200 132 "/item/computers/1272" "Mozilla/5.0 (Macintosh; Intel Mac OS X 10.6; rv:9.0.1) Gecko/20100101 Firefox/9.0.1"
224.219.86.184 - - [17/Nov/2017:22:35:05 +0000] "GET /category/books HTTP/1.1" 200 131 "/item/electronics/1089" "Mozilla/4.0 (compatible; MSIE 8.0; Windows NT 6.1; WOW64; Trident/4.0; GTB7.2; SLCC2; .NET CLR 2.0.50727; .NET CLR 3.5.30729; .NET CLR 3.0.30729; Media Center PC 6.0; .NET4.0C)"
112.159.38.190 - - [17/Nov/2017:22:35:10 +0000] "GET /item/electronics/1216 HTTP/1.1" 200 93 "/category/electronics" "Mozilla/5.0 (Windows NT 5.1) AppleWebKit/535.11 (KHTML, like Gecko) Chrome/17.0.963.46 Safari/535.11"
212.192.182.120 - - [17/Nov/2017:22:35:15 +0000] "GET /category/toys?from=20 HTTP/1.1" 200 70 "-" "Mozilla/4.0 (compatible; MSIE 8.0; Windows NT 6.1; WOW64; Trident/4.0; YTB730; GTB7.2; EasyBits GO v1.0; SLCC2; .NET CLR 2.0.50727; .NET CLR 3.5.30729; .NET CLR 3.0.30729; Media Center PC 6.0; .NET4.0C)"
192.228.50.109 - - [17/Nov/2017:22:35:20 +0000] "GET /item/software/2724 HTTP/1.1" 200 123 "/category/software" "Mozilla/5.0 (iPad; CPU OS 5_0_1 like Mac OS X) AppleWebKit/534.46 (KHTML, like Gecko) Version/5.1 Mobile/9A405 Safari/7534.48.3"
140.78.40.160 - - [17/Nov/2017:22:35:25 +0000] "GET /category/garden?from=0 HTTP/1.1" 200 41 "/category/electronics" "Mozilla/5.0 (Windows NT 6.1; WOW64) AppleWebKit/535.11 (KHTML, like Gecko) Chrome/17.0.963.56 Safari/535.11"
136.138.38.142 - - [17/Nov/2017:22:35:30 +0000] "GET /category/books HTTP/1.1" 200 129 "/category/jewelry" "Mozilla/5.0 (Windows NT 6.1; WOW64) AppleWebKit/535.11 (KHTML, like Gecko) Chrome/17.0.963.56 Safari/535.11"
204.120.171.145 - - [17/Nov/2017:22:35:35 +0000] "POST /search/?c=Sports+Giftcards HTTP/1.1" 200 117 "/category/software" "Mozilla/5.0 (compatible; MSIE 9.0; Windows NT 6.1; Trident/5.0)"
216.120.179.55 - - [17/Nov/2017:22:35:40 +0000] "GET /item/computers/3622 HTTP/1.1" 200 110 "/category/computers" "Mozilla/5.0 (Windows NT 6.1; WOW64) AppleWebKit/535.7 (KHTML, like Gecko) Chrome/16.0.912.77 Safari/535.7"
104.156.80.128 - - [17/Nov/2017:22:35:45 +0000] "GET /category/software?from=20 HTTP/1.1" 200 86 "/category/software?from=0" "Mozilla/5.0 (Windows NT 6.0) AppleWebKit/535.11 (KHTML, like Gecko) Chrome/17.0.963.56 Safari/535.11"
68.171.43.168 - - [17/Nov/2017:22:35:50 +0000] "GET /category/sports HTTP/1.1" 200 72 "-" "Mozilla/4.0 (compatible; MSIE 8.0; Windows NT 5.1; Trident/4.0; YTB720; GTB7.2; .NET CLR 1.1.4322; .NET CLR 2.0.50727; .NET CLR 3.0.4506.2152; .NET CLR 3.5.30729)"
208.126.73.169 - - [17/Nov/2017:22:35:55 +0000] "GET /category/books HTTP/1.1" 200 101 "-" "Mozilla/5.0 (Windows NT 6.0; rv:10.0.1) Gecko/20100101 Firefox/10.0.1"
152.48.198.194 - - [17/Nov/2017:22:36:00 +0000] "GET /item/computers/4707 HTTP/1.1" 200 115 "/search/?c=Computers" "Mozilla/5.0 (Windows NT 6.1; WOW64; rv:10.0.1) Gecko/20100101 Firefox/10.0.1"
196.186.196.93 - - [17/Nov/2017:22:36:05 +0000] "GET /item/networking/435 HTTP/1.1" 200 109 "/category/computers" "Mozilla/4.0 (compatible; MSIE 8.0; Windows NT 6.1; Trident/4.0; YTB730; SLCC2; .NET CLR 2.0.50727; .NET CLR 3.5.30729; .NET CLR 3.0.30729; Media Center PC 6.0; .NET4.0C)"
88.126.130.26 - - [17/Nov/2017:22:36:10 +0000] "GET /item/books/1503 HTTP/1.1" 200 49 "/category/electronics" "Mozilla/4.0 (compatible; MSIE 8.0; Windows NT 6.1; Trident/4.0; YTB730; SLCC2; .NET CLR 2.0.50727; .NET CLR 3.5.30729; .NET CLR 3.0.30729; Media Center PC 6.0; .NET4.0C)"
136.72.86.184 - - [17/Nov/2017:22:36:15 +0000] "GET /category/cameras?from=20 HTTP/1.1" 200 99 "/search/?c=Cameras" "Mozilla/5.0 (Windows NT 6.0; rv:10.0.1) Gecko/20100101 Firefox/10.0.1"
208.171.196.220 - - [17/Nov/2017:22:36:20 +0000] "GET /item/electronics/3393 HTTP/1.1" 404 59 "-" "Mozilla/4.0 (compatible; MSIE 8.0; Windows NT 6.1; WOW64; Trident/4.0; YTB730; GTB7.2; EasyBits GO v1.0; SLCC2; .NET CLR 2.0.50727; .NET CLR 3.5.30729; .NET CLR 3.0.30729; Media Center PC 6.0; .NET4.0C)"
200.225.111.124 - - [17/Nov/2017:22:36:25 +0000] "GET /category/electronics HTTP/1.1" 200 114 "/category/giftcards" "Mozilla/5.0 (Windows NT 6.0) AppleWebKit/535.11 (KHTML, like Gecko) Chrome/17.0.963.56 Safari/535.11"
136.81.21.202 - - [17/Nov/2017:22:36:30 +0000] "GET /category/jewelry?from=20 HTTP/1.1" 200 127 "/category/electronics" "Mozilla/5.0 (Windows NT 6.0; rv:10.0.1) Gecko/20100101 Firefox/10.0.1"
116.24.121.47 - - [17/Nov/2017:22:36:35 +0000] "GET /category/music HTTP/1.1" 200 55 "-" "Mozilla/5.0 (Windows NT 6.1; WOW64) AppleWebKit/535.11 (KHTML, like Gecko) Chrome/17.0.963.56 Safari/535.11"
100.171.120.84 - - [17/Nov/2017:22:36:40 +0000] "GET /item/games/526 HTTP/1.1" 200 104 "-" "Mozilla/5.0 (compatible; MSIE 9.0; Windows NT 6.1; Trident/5.0)"
76.153.22.87 - - [17/Nov/2017:22:36:45 +0000] "GET /category/books HTTP/1.1" 200 139 "-" "Mozilla/5.0 (Windows NT 6.1; WOW64) AppleWebKit/535.7 (KHTML, like Gecko) Chrome/16.0.912.77 Safari/535.7"
56.195.124.151 - - [17/Nov/2017:22:36:50 +0000] "GET /item/finance/2915 HTTP/1.1" 200 87 "/item/games/3032" "Mozilla/4.0 (compatible; MSIE 8.0; Windows NT 5.1; Trident/4.0; YTB720; GTB7.2; .NET CLR 1.1.4322; .NET CLR 2.0.50727; .NET CLR 3.0.4506.2152; .NET CLR 3.5.30729)"
224.207.157.219 - - [17/Nov/2017:22:36:55 +0000] "GET /category/games?from=20 HTTP/1.1" 200 101 "-" "Mozilla/5.0 (iPad; CPU OS 5_0_1 like Mac OS X) AppleWebKit/534.46 (KHTML, like Gecko) Version/5.1 Mobile/9A405 Safari/7534.48.3"
128.159.112.128 - - [17/Nov/2017:22:37:00 +0000] "GET /item/books/4078 HTTP/1.1" 200 74 "-" "Mozilla/5.0 (Windows NT 6.0; rv:10.0.1) Gecko/20100101 Firefox/10.0.1"
196.51.65.141 - - [17/Nov/2017:22:37:05 +0000] "POST /search/?c=Software HTTP/1.1" 200 98 "/category/books" "Mozilla/5.0 (Windows NT 6.1; WOW64) AppleWebKit/535.7 (KHTML, like Gecko) Chrome/16.0.912.77 Safari/535.7"
148.81.169.77 - - [17/Nov/2017:22:37:10 +0000] "GET /category/health HTTP/1.1" 200 92 "-" "Mozilla/5.0 (compatible; MSIE 9.0; Windows NT 6.1; Trident/5.0)"
140.120.215.134 - - [17/Nov/2017:22:37:15 +0000] "GET /item/electronics/2606 HTTP/1.1" 200 138 "-" "Mozilla/5.0 (Windows NT 6.1; WOW64) AppleWebKit/535.7 (KHTML, like Gecko) Chrome/16.0.912.77 Safari/535.7"
56.24.57.163 - - [17/Nov/2017:22:37:20 +0000] "GET /category/garden HTTP/1.1" 200 77 "/category/cameras" "Mozilla/5.0 (compatible; Googlebot/2.1; +http://www.google.com/bot.html)"
72.114.161.169 - - [17/Nov/2017:22:37:25 +0000] "GET /item/games/4709 HTTP/1.1" 200 43 "-" "Mozilla/5.0 (Windows NT 6.0) AppleWebKit/535.11 (KHTML, like Gecko) Chrome/17.0.963.56 Safari/535.11"
36.33.116.55 - - [17/Nov/2017:22:37:30 +0000] "GET /category/office HTTP/1.1" 200 127 "/item/electronics/2606" "Mozilla/4.0 (compatible; MSIE 8.0; Windows NT 6.1; WOW64; Trident/4.0; GTB7.2; SLCC2; .NET CLR 2.0.50727; .NET CLR 3.5.30729; .NET CLR 3.0.30729; Media Center PC 6.0; .NET4.0C)"
100.48.146.116 - - [17/Nov/2017:22:37:35 +0000] "GET /item/sports/4699 HTTP/1.1" 200 130 "-" "Mozilla/4.0 (compatible; MSIE 8.0; Windows NT 6.1; Trident/4.0; YTB730; SLCC2; .NET CLR 2.0.50727; .NET CLR 3.5.30729; .NET CLR 3.0.30729; Media Center PC 6.0; .NET4.0C)"
52.93.144.151 - - [17/Nov/2017:22:37:40 +0000] "GET /category/computers?from=0 HTTP/1.1" 200 85 "/search/?c=Software+Software" "Mozilla/5.0 (Macintosh; Intel Mac OS X 10.6; rv:9.0.1) Gecko/20100101 Firefox/9.0.1"
160.213.73.172 - - [17/Nov/2017:22:37:45 +0000] "GET /item/electronics/1628 HTTP/1.1" 200 139 "/search/?c=Electronics+Computers" "Mozilla/5.0 (Windows NT 6.1; WOW64) AppleWebKit/535.11 (KHTML, like Gecko) Chrome/17.0.963.56 Safari/535.11"
152.123.68.77 - - [17/Nov/2017:22:37:50 +0000] "GET /item/software/85 HTTP/1.1" 200 53 "/item/software/4680" "Mozilla/5.0 (Windows NT 6.0) AppleWebKit/535.11 (KHTML, like Gecko) Chrome/17.0.963.56 Safari/535.11"
20.63.78.107 - - [17/Nov/2017:22:37:55 +0000] "GET /category/jewelry HTTP/1.1" 200 114 "-" "Mozilla/5.0 (compatible; MSIE 9.0; Windows NT 6.1; WOW64; Trident/5.0)"
224.171.159.48 - - [17/Nov/2017:22:38:00 +0000] "GET /category/software HTTP/1.1" 200 134 "/category/software" "Mozilla/5.0 (compatible; Googlebot/2.1; +http://www.google.com/bot.html)"
56.153.218.154 - - [17/Nov/2017:22:38:05 +0000] "POST /search/?c=Electronics+Garden HTTP/1.1" 200 139 "-" "Mozilla/5.0 (compatible; MSIE 9.0; Windows NT 6.1; Trident/5.0)"
48.39.50.112 - - [17/Nov/2017:22:38:10 +0000] "GET /category/music HTTP/1.1" 200 61 "-" "Mozilla/5.0 (compatible; MSIE 9.0; Windows NT 6.1; Trident/5.0)"
44.36.71.120 - - [17/Nov/2017:22:38:15 +0000] "GET /category/toys HTTP/1.1" 200 128 "-" "Mozilla/5.0 (Windows NT 6.0; rv:10.0.1) Gecko/20100101 Firefox/10.0.1"
176.39.95.81 - - [17/Nov/2017:22:38:20 +0000] "GET /category/jewelry HTTP/1.1" 200 137 "/search/?c=Garden+Networking" "Mozilla/5.0 (compatible; MSIE 9.0; Windows NT 6.1; Trident/5.0)"
116.132.223.92 - - [17/Nov/2017:22:38:25 +0000] "GET /item/electronics/2825 HTTP/1.1" 200 108 "-" "Mozilla/5.0 (Windows NT 6.1; WOW64; rv:10.0.1) Gecko/20100101 Firefox/10.0.1"
204.60.81.51 - - [17/Nov/2017:22:38:30 +0000] "GET /category/books HTTP/1.1" 200 94 "-" "Mozilla/5.0 (compatible; MSIE 9.0; Windows NT 6.1; WOW64; Trident/5.0)"
72.120.175.129 - - [17/Nov/2017:22:38:35 +0000] "GET /category/health HTTP/1.1" 200 133 "-" "Mozilla/5.0 (iPhone; CPU iPhone OS 5_0_1 like Mac OS X) AppleWebKit/534.46 (KHTML, like Gecko) Version/5.1 Mobile/9A405 Safari/7534.48.3"
28.45.145.192 - - [17/Nov/2017:22:38:40 +0000] "GET /item/networking/973 HTTP/1.1" 200 48 "/item/computers/2093" "Mozilla/5.0 (iPad; CPU OS 5_0_1 like Mac OS X) AppleWebKit/534.46 (KHTML, like Gecko) Version/5.1 Mobile/9A405 Safari/7534.48.3"
188.42.152.136 - - [17/Nov/2017:22:38:45 +0000] "GET /item/electronics/3574 HTTP/1.1" 200 77 "-" "Mozilla/4.0 (compatible; MSIE 8.0; Windows NT 6.1; WOW64; Trident/4.0; YTB730; GTB7.2; EasyBits GO v1.0; SLCC2; .NET CLR 2.0.50727; .NET CLR 3.5.30729; .NET CLR 3.0.30729; Media Center PC 6.0; .NET4.0C)"
112.165.201.203 - - [17/Nov/2017:22:38:50 +0000] "GET /category/games HTTP/1.1" 200 135 "/search/?c=Games" "Mozilla/4.0 (compatible; MSIE 8.0; Windows NT 6.1; WOW64; Trident/4.0; YTB730; GTB7.2; EasyBits GO v1.0; SLCC2; .NET CLR 2.0.50727; .NET CLR 3.5.30729; .NET CLR 3.0.30729; Media Center PC 6.0; .NET4.0C)"
124.201.55.168 - - [17/Nov/2017:22:38:55 +0000] "GET /category/games HTTP/1.1" 200 58 "/item/computers/4182" "Mozilla/5.0 (Windows NT 6.1; WOW64; rv:10.0.1) Gecko/20100101 Firefox/10.0.1"
172.219.78.39 - - [17/Nov/2017:22:39:00 +0000] "GET /category/games HTTP/1.1" 200 88 "-" "Mozilla/5.0 (Windows NT 6.0) AppleWebKit/535.11 (KHTML, like Gecko) Chrome/17.0.963.56 Safari/535.11"
88.27.37.78 - - [17/Nov/2017:22:39:05 +0000] "POST /search/?c=Toys+Toys HTTP/1.1" 200 102 "/search/?c=Music+Sports" "Mozilla/5.0 (Windows NT 6.0; rv:10.0.1) Gecko/20100101 Firefox/10.0.1"
164.45.62.175 - - [17/Nov/2017:22:39:10 +0000] "GET /category/networking HTTP/1.1" 200 136 "/category/office" "Mozilla/5.0 (Macintosh; Intel Mac OS X 10.6; rv:9.0.1) Gecko/20100101 Firefox/9.0.1"
212.204.212.109 - - [17/Nov/2017:22:39:15 +0000] "GET /category/software HTTP/1.1" 200 92 "/category/computers" "Mozilla/5.0 (compatible; MSIE 9.0; Windows NT 6.1; WOW64; Trident/5.0)"
84.36.65.60 - - [17/Nov/2017:22:39:20 +0000] "GET /category/software HTTP/1.1" 200 87 "-" "Mozilla/5.0 (compatible; Googlebot/2.1; +http://www.google.com/bot.html)"
56.123.41.47 - - [17/Nov/2017:22:39:25 +0000] "GET /category/computers HTTP/1.1" 200 99 "/search/?c=Books+Jewelry" "Mozilla/5.0 (Windows NT 6.1; WOW64) AppleWebKit/535.7 (KHTML, like Gecko) Chrome/16.0.912.77 Safari/535.7"
56.24.57.163 - - [17/Nov/2017:22:39:30 +0000] "GET /category/electronics HTTP/1.1" 200 88 "-" "Mozilla/5.0 (Windows NT 6.1; WOW64; rv:10.0.1) Gecko/20100101 Firefox/10.0.1"
72.123.67.110 - - [17/Nov/2017:22:39:35 +0000] "GET /category/jewelry HTTP/1.1" 200 76 "/category/office?from=0" "Mozilla/5.0 (Windows NT 6.1; WOW64) AppleWebKit/535.11 (KHTML, like Gecko) Chrome/17.0.963.56 Safari/535.11"
96.213.225.72 - - [17/Nov/2017:22:39:40 +0000] "GET /category/software HTTP/1.1" 200 110 "/search/?c=Toys" "Mozilla/4.0 (compatible; MSIE 8.0; Windows NT 6.1; WOW64; Trident/4.0; YTB730; GTB7.2; EasyBits GO v1.0; SLCC2; .NET CLR 2.0.50727; .NET CLR 3.5.30729; .NET CLR 3.0.30729; Media Center PC 6.0; .NET4.0C)"
168.225.50.133 - - [17/Nov/2017:22:39:45 +0000] "GET /category/electronics?from=20 HTTP/1.1" 200 45 "/category/finance" "Mozilla/5.0 (Macintosh; Intel Mac OS X 10.6; rv:9.0.1) Gecko/20100101 Firefox/9.0.1"
120.63.173.157 - - [17/Nov/2017:22:39:50 +0000] "GET /category/electronics HTTP/1.1" 200 112 "-" "Mozilla/5.0 (Windows NT 6.0) AppleWebKit/535.11 (KHTML, like Gecko) Chrome/17.0.963.56 Safari/535.11"
224.186.203.56 - - [17/Nov/2017:22:39:55 +0000] "GET /item/toys/3180 HTTP/1.1" 200 46 "/category/office" "Mozilla/5.0 (compatible; Googlebot/2.1; +http://www.google.com/bot.html)"
100.48.203.91 - - [17/Nov/2017:22:40:00 +0000] "GET /category/software HTTP/1.1" 200 137 "-" "Mozilla/4.0 (compatible; MSIE 8.0; Windows NT 6.1; Trident/4.0; YTB730; SLCC2; .NET CLR 2.0.50727; .NET CLR 3.5.30729; .NET CLR 3.0.30729; Media Center PC 6.0; .NET4.0C)"
196.57.135.222 - - [17/Nov/2017:22:40:05 +0000] "GET /item/garden/4804 HTTP/1.1" 200 82 "/category/software" "Mozilla/5.0 (Windows NT 6.1; WOW64) AppleWebKit/535.11 (KHTML, like Gecko) Chrome/17.0.963.56 Safari/535.11"
20.168.121.199 - - [17/Nov/2017:22:40:10 +0000] "GET /item/software/2512 HTTP/1.1" 200 112 "/category/finance" "Mozilla/5.0 (Windows NT 6.0) AppleWebKit/535.11 (KHTML, like Gecko) Chrome/17.0.963.56 Safari/535.11"
68.72.35.74 - - [17/Nov/2017:22:40:15 +0000] "POST /search/?c=Software+Software HTTP/1.1" 200 114 "/category/electronics" "Mozilla/4.0 (compatible; MSIE 8.0; Windows NT 6.1; Trident/4.0; YTB730; SLCC2; .NET CLR 2.0.50727; .NET CLR 3.5.30729; .NET CLR 3.0.30729; Media Center PC 6.0; .NET4.0C)"
20.69.121.129 - - [17/Nov/2017:22:40:20 +0000] "GET /category/software?from=20 HTTP/1.1" 200 49 "-" "Mozilla/5.0 (Windows NT 6.0; rv:10.0.1) Gecko/20100101 Firefox/10.0.1"
220.159.151.36 - - [17/Nov/2017:22:40:25 +0000] "GET /category/games HTTP/1.1" 200 77 "/category/electronics" "Mozilla/5.0 (compatible; Googlebot/2.1; +http://www.google.com/bot.html)"
84.72.133.74 - - [17/Nov/2017:22:40:30 +0000] "GET /item/software/1625 HTTP/1.1" 200 82 "-" "Mozilla/5.0 (Windows NT 5.1) AppleWebKit/535.11 (KHTML, like Gecko) Chrome/17.0.963.46 Safari/535.11"
32.135.88.43 - - [17/Nov/2017:22:40:35 +0000] "GET /item/software/3523 HTTP/1.1" 200 68 "/category/cameras" "Mozilla/4.0 (compatible; MSIE 8.0; Windows NT 5.1; Trident/4.0; YTB720; GTB7.2; .NET CLR 1.1.4322; .NET CLR 2.0.50727; .NET CLR 3.0.4506.2152; .NET CLR 3.5.30729)"
224.183.83.85 - - [17/Nov/2017:22:40:40 +0000] "GET /item/software/2699 HTTP/1.1" 200 50 "-" "Mozilla/5.0 (compatible; Googlebot/2.1; +http://www.google.com/bot.html)"
176.120.38.36 - - [17/Nov/2017:22:40:45 +0000] "GET /category/electronics HTTP/1.1" 200 44 "-" "Mozilla/5.0 (compatible; Googlebot/2.1; +http://www.google.com/bot.html)"
100.174.103.32 - - [17/Nov/2017:22:40:50 +0000] "GET /category/software HTTP/1.1" 200 109 "/item/sports/2911" "Mozilla/5.0 (Windows NT 6.0) AppleWebKit/535.11 (KHTML, like Gecko) Chrome/17.0.963.56 Safari/535.11"
76.75.163.170 - - [17/Nov/2017:22:40:55 +0000] "GET /item/giftcards/357 HTTP/1.1" 200 92 "/category/health" "Mozilla/5.0 (Windows NT 6.1; WOW64; rv:10.0.1) Gecko/20100101 Firefox/10.0.1"
52.198.156.151 - - [17/Nov/2017:22:41:00 +0000] "GET /category/office HTTP/1.1" 200 139 "/category/games" "Mozilla/5.0 (Windows NT 5.1) AppleWebKit/535.11 (KHTML, like Gecko) Chrome/17.0.963.46 Safari/535.11"
180.228.190.87 - - [17/Nov/2017:22:41:05 +0000] "GET /item/software/1876 HTTP/1.1" 200 42 "-" "Mozilla/5.0 (iPhone; CPU iPhone OS 5_0_1 like Mac OS X) AppleWebKit/534.46 (KHTML, like Gecko) Version/5.1 Mobile/9A405 Safari/7534.48.3"
184.60.35.189 - - [17/Nov/2017:22:41:10 +0000] "GET /category/office HTTP/1.1" 200 132 "http://www.google.com/search?ie=UTF-8&q=google&sclient=psy-ab&q=Office&oq=Office&aq=f&aqi=g-vL1&aql=&pbx=1&bav=on.2,or.r_gc.r_pw.r_qf.,cf.osb&biw=1918&bih=395" "Mozilla/5.0 (compatible; Googlebot/2.1; +http://www.google.com/bot.html)"
32.99.62.111 - - [17/Nov/2017:22:41:15 +0000] "GET /item/software/3523 HTTP/1.1" 200 68 "/search/?c=Finance+Books" "Mozilla/5.0 (Windows NT 6.1; WOW64) AppleWebKit/535.11 (KHTML, like Gecko) Chrome/17.0.963.56 Safari/535.11"
52.78.205.139 - - [17/Nov/2017:22:41:20 +0000] "GET /category/health HTTP/1.1" 200 82 "http://www.google.com/search?ie=UTF-8&q=google&sclient=psy-ab&q=Health+Cameras&oq=Health+Cameras&aq=f&aqi=g-vL1&aql=&pbx=1&bav=on.2,or.r_gc.r_pw.r_qf.,cf.osb&biw=3651&bih=223" "Mozilla/5.0 (compatible; MSIE 9.0; Windows NT 6.1; Trident/5.0)"
76.153.22.87 - - [17/Nov/2017:22:41:25 +0000] "GET /item/electronics/2101 HTTP/1.1" 200 84 "/search/?c=Health" "Mozilla/5.0 (Windows NT 6.1; WOW64) AppleWebKit/535.7 (KHTML, like Gecko) Chrome/16.0.912.77 Safari/535.7"
80.81.66.77 - - [17/Nov/2017:22:41:30 +0000] "GET /category/finance HTTP/1.1" 200 86 "/category/games" "Mozilla/4.0 (compatible; MSIE 8.0; Windows NT 6.1; WOW64; Trident/4.0; GTB7.2; SLCC2; .NET CLR 2.0.50727; .NET CLR 3.5.30729; .NET CLR 3.0.30729; Media Center PC 6.0; .NET4.0C)"
44.198.102.63 - - [17/Nov/2017:22:41:35 +0000] "GET /category/software?from=0 HTTP/1.1" 200 91 "/category/software" "Mozilla/5.0 (Windows NT 6.0; rv:10.0.1) Gecko/20100101 Firefox/10.0.1"
184.186.89.120 - - [17/Nov/2017:22:41:40 +0000] "POST /search/?c=Games HTTP/1.1" 200 48 "-" "Mozilla/5.0 (compatible; Googlebot/2.1; +http://www.google.com/bot.html)"
104.147.188.161 - - [17/Nov/2017:22:41:45 +0000] "GET /category/books HTTP/1.1" 200 57 "-" "Mozilla/5.0 (compatible; MSIE 9.0; Windows NT 6.1; WOW64; Trident/5.0)"
36.132.162.159 - - [17/Nov/2017:22:41:50 +0000] "GET /item/software/1831 HTTP/1.1" 200 69 "/category/office" "Mozilla/4.0 (compatible; MSIE 8.0; Windows NT 6.1; Trident/4.0; YTB730; SLCC2; .NET CLR 2.0.50727; .NET CLR 3.5.30729; .NET CLR 3.0.30729; Media Center PC 6.0; .NET4.0C)"
52.216.223.224 - - [17/Nov/2017:22:41:55 +0000] "POST /search/?c=Electronics+Garden HTTP/1.1" 200 118 "-" "Mozilla/5.0 (iPhone; CPU iPhone OS 5_0_1 like Mac OS X) AppleWebKit/534.46 (KHTML, like Gecko) Version/5.1 Mobile/9A405 Safari/7534.48.3"
108.27.225.109 - - [17/Nov/2017:22:42:00 +0000] "GET /category/jewelry HTTP/1.1" 200 77 "-" "Mozilla/5.0 (compatible; MSIE 9.0; Windows NT 6.1; Trident/5.0)"
216.33.82.203 - - [17/Nov/2017:22:42:05 +0000] "GET /category/electronics HTTP/1.1" 200 112 "/item/software/2699" "Mozilla/4.0 (compatible; MSIE 8.0; Windows NT 6.0; WOW64; Trident/4.0; GTB6; SLCC1; .NET CLR 2.0.50727; Media Center PC 5.0; .NET CLR 3.5.30729; .NET CLR 3.0.30618; .NET4.0C)"
144.129.150.26 - - [17/Nov/2017:22:42:10 +0000] "POST /search/?c=Books HTTP/1.1" 200 127 "-" "Mozilla/5.0 (Windows NT 6.0; rv:10.0.1) Gecko/20100101 Firefox/10.0.1"
72.39.200.100 - - [17/Nov/2017:22:42:15 +0000] "GET /category/networking HTTP/1.1" 200 87 "/item/sports/3881" "Mozilla/5.0 (Windows NT 6.0; rv:10.0.1) Gecko/20100101 Firefox/10.0.1"
160.207.59.34 - - [17/Nov/2017:22:42:20 +0000] "GET /category/jewelry?from=20 HTTP/1.1" 200 127 "-" "Mozilla/4.0 (compatible; MSIE 8.0; Windows NT 5.1; Trident/4.0; BTRS122159; GTB7.2; .NET CLR 1.1.4322; .NET CLR 2.0.50727; .NET CLR 3.0.04506.30; .NET CLR 3.0.4506.2152; .NET CLR 3.5.30729; BRI/2)"
60.177.133.24 - - [17/Nov/2017:22:42:25 +0000] "GET /category/music HTTP/1.1" 200 138 "-" "Mozilla/4.0 (compatible; MSIE 8.0; Windows NT 5.1; Trident/4.0; YTB720; GTB7.2; .NET CLR 1.1.4322; .NET CLR 2.0.50727; .NET CLR 3.0.4506.2152; .NET CLR 3.5.30729)"
192.183.227.24 - - [17/Nov/2017:22:42:30 +0000] "GET /category/cameras HTTP/1.1" 200 80 "/category/electronics" "Mozilla/5.0 (Windows NT 6.0; rv:10.0.1) Gecko/20100101 Firefox/10.0.1"
196.162.93.51 - - [17/Nov/2017:22:42:35 +0000] "GET /item/networking/4696 HTTP/1.1" 200 138 "http://www.google.com/search?ie=UTF-8&q=google&sclient=psy-ab&q=Networking+Sports&oq=Networking+Sports&aq=f&aqi=g-vL1&aql=&pbx=1&bav=on.2,or.r_gc.r_pw.r_qf.,cf.osb&biw=1342&bih=50" "Mozilla/5.0 (compatible; MSIE 9.0; Windows NT 6.1; WOW64; Trident/5.0)"
32.198.203.102 - - [17/Nov/2017:22:42:40 +0000] "GET /category/books HTTP/1.1" 200 85 "/category/networking" "Mozilla/5.0 (Windows NT 6.0; rv:10.0.1) Gecko/20100101 Firefox/10.0.1"
192.213.228.212 - - [17/Nov/2017:22:42:45 +0000] "GET /item/books/3877 HTTP/1.1" 200 47 "-" "Mozilla/5.0 (Windows NT 6.0) AppleWebKit/535.11 (KHTML, like Gecko) Chrome/17.0.963.56 Safari/535.11"
24.48.22.162 - - [17/Nov/2017:22:42:50 +0000] "POST /search/?c=Electronics+Garden HTTP/1.1" 200 104 "/category/books?from=10" "Mozilla/5.0 (compatible; MSIE 9.0; Windows NT 6.1; WOW64; Trident/5.0)"
212.219.108.195 - - [17/Nov/2017:22:42:55 +0000] "GET /category/electronics HTTP/1.1" 200 113 "/category/office" "Mozilla/4.0 (compatible; MSIE 8.0; Windows NT 5.1; Trident/4.0; BTRS122159; GTB7.2; .NET CLR 1.1.4322; .NET CLR 2.0.50727; .NET CLR 3.0.04506.30; .NET CLR 3.0.4506.2152; .NET CLR 3.5.30729; BRI/2)"
200.78.216.173 - - [17/Nov/2017:22:43:00 +0000] "GET /category/computers HTTP/1.1" 200 126 "-" "Mozilla/5.0 (compatible; MSIE 9.0; Windows NT 6.1; WOW64; Trident/5.0)"
112.33.59.25 - - [17/Nov/2017:22:43:05 +0000] "GET /item/garden/348 HTTP/1.1" 200 50 "/item/software/1531" "Mozilla/4.0 (compatible; MSIE 8.0; Windows NT 5.1; Trident/4.0; YTB720; GTB7.2; .NET CLR 1.1.4322; .NET CLR 2.0.50727; .NET CLR 3.0.4506.2152; .NET CLR 3.5.30729)"
52.147.68.57 - - [17/Nov/2017:22:43:10 +0000] "GET /category/books HTTP/1.1" 200 96 "-" "Mozilla/5.0 (Windows NT 6.1; WOW64) AppleWebKit/535.7 (KHTML, like Gecko) Chrome/16.0.912.77 Safari/535.7"
100.135.99.62 - - [17/Nov/2017:22:43:15 +0000] "GET /category/electronics HTTP/1.1" 200 91 "-" "Mozilla/5.0 (compatible; MSIE 9.0; Windows NT 6.1; WOW64; Trident/5.0)"
112.102.42.196 - - [17/Nov/2017:22:43:20 +0000] "GET /category/sports?from=0 HTTP/1.1" 200 81 "/category/electronics" "Mozilla/4.0 (compatible; MSIE 8.0; Windows NT 6.1; Trident/4.0; YTB730; SLCC2; .NET CLR 2.0.50727; .NET CLR 3.5.30729; .NET CLR 3.0.30729; Media Center PC 6.0; .NET4.0C)"
152.120.32.93 - - [17/Nov/2017:22:43:25 +0000] "GET /category/jewelry HTTP/1.1" 200 77 "/category/garden" "Mozilla/5.0 (compatible; MSIE 9.0; Windows NT 6.1; Trident/5.0)"
96.153.159.129 - - [17/Nov/2017:22:43:30 +0000] "GET /item/books/3977 HTTP/1.1" 200 56 "/category/books" "Mozilla/5.0 (iPhone; CPU iPhone OS 5_0_1 like Mac OS X) AppleWebKit/534.46 (KHTML, like Gecko) Version/5.1 Mobile/9A405 Safari/7534.48.3"
224.192.71.37 - - [17/Nov/2017:22:43:35 +0000] "GET /category/office?from=0 HTTP/1.1" 200 50 "/category/software" "Mozilla/5.0 (compatible; MSIE 9.0; Windows NT 6.1; WOW64; Trident/5.0)"
80.186.195.122 - - [17/Nov/2017:22:43:40 +0000] "GET /category/electronics HTTP/1.1" 200 49 "/category/electronics" "Mozilla/5.0 (Windows NT 6.1; WOW64; rv:10.0.1) Gecko/20100101 Firefox/10.0.1"
76.123.219.106 - - [17/Nov/2017:22:43:45 +0000] "GET /category/garden HTTP/1.1" 200 121 "-" "Mozilla/5.0 (iPad; CPU OS 5_0_1 like Mac OS X) AppleWebKit/534.46 (KHTML, like Gecko) Version/5.1 Mobile/9A405 Safari/7534.48.3"
148.126.188.205 - - [17/Nov/2017:22:43:50 +0000] "GET /category/office HTTP/1.1" 200 51 "/category/finance" "Mozilla/5.0 (Macintosh; Intel Mac OS X 10.6; rv:9.0.1) Gecko/20100101 Firefox/9.0.1"
60.54.88.65 - - [17/Nov/2017:22:43:55 +0000] "GET /category/software HTTP/1.1" 200 127 "/item/games/4709" "Mozilla/5.0 (compatible; MSIE 9.0; Windows NT 6.1; Trident/5.0)"
112.84.123.124 - - [17/Nov/2017:22:44:00 +0000] "GET /item/computers/4182 HTTP/1.1" 200 50 "-" "Mozilla/5.0 (compatible; MSIE 9.0; Windows NT 6.1; Trident/5.0)"
80.162.143.170 - - [17/Nov/2017:22:44:05 +0000] "GET /category/software?from=0 HTTP/1.1" 200 73 "/item/games/3390" "Mozilla/5.0 (iPad; CPU OS 5_0_1 like Mac OS X) AppleWebKit/534.46 (KHTML, like Gecko) Version/5.1 Mobile/9A405 Safari/7534.48.3"
208.150.70.225 - - [17/Nov/2017:22:44:10 +0000] "GET /item/games/905 HTTP/1.1" 200 55 "/search/?c=Games" "Mozilla/5.0 (Windows NT 6.1; WOW64) AppleWebKit/535.11 (KHTML, like Gecko) Chrome/17.0.963.56 Safari/535.11"
60.99.81.68 - - [17/Nov/2017:22:44:15 +0000] "GET /category/software HTTP/1.1" 200 42 "/search/?c=Jewelry" "Mozilla/5.0 (compatible; MSIE 9.0; Windows NT 6.1; Trident/5.0)"
28.150.146.21 - - [17/Nov/2017:22:44:20 +0000] "GET /item/electronics/2653 HTTP/1.1" 200 139 "/category/electronics" "Mozilla/5.0 (compatible; Googlebot/2.1; +http://www.google.com/bot.html)"
36.75.71.169 - - [17/Nov/2017:22:44:25 +0000] "POST /search/?c=Books HTTP/1.1" 200 114 "-" "Mozilla/5.0 (Windows NT 6.1; WOW64; rv:10.0.1) Gecko/20100101 Firefox/10.0.1"
84.117.161.61 - - [17/Nov/2017:22:44:30 +0000] "GET /item/electronics/2606 HTTP/1.1" 200 138 "/item/books/1573" "Mozilla/4.0 (compatible; MSIE 8.0; Windows NT 5.1; Trident/4.0; BTRS122159; GTB7.2; .NET CLR 1.1.4322; .NET CLR 2.0.50727; .NET CLR 3.0.04506.30; .NET CLR 3.0.4506.2152; .NET CLR 3.5.30729; BRI/2)"
152.51.200.216 - - [17/Nov/2017:22:44:35 +0000] "GET /item/electronics/4788 HTTP/1.1" 200 46 "/category/software" "Mozilla/5.0 (Windows NT 6.0) AppleWebKit/535.11 (KHTML, like Gecko) Chrome/17.0.963.56 Safari/535.11"
176.177.74.90 - - [17/Nov/2017:22:44:40 +0000] "GET /category/games HTTP/1.1" 200 108 "-" "Mozilla/5.0 (compatible; MSIE 9.0; Windows NT 6.1; WOW64; Trident/5.0)"
116.198.83.162 - - [17/Nov/2017:22:44:45 +0000] "GET /category/books HTTP/1.1" 200 40 "/item/electronics/3393" "Mozilla/5.0 (Windows NT 6.1; WOW64) AppleWebKit/535.11 (KHTML, like Gecko) Chrome/17.0.963.56 Safari/535.11"
176.120.38.36 - - [17/Nov/2017:22:44:50 +0000] "GET /category/software HTTP/1.1" 200 64 "/category/toys" "Mozilla/5.0 (Windows NT 6.0) AppleWebKit/535.11 (KHTML, like Gecko) Chrome/17.0.963.56 Safari/535.11"
60.81.133.199 - - [17/Nov/2017:22:44:55 +0000] "GET /category/finance?from=20 HTTP/1.1" 200 116 "/category/computers" "Mozilla/5.0 (Windows NT 6.0; rv:10.0.1) Gecko/20100101 Firefox/10.0.1"
208.126.73.169 - - [17/Nov/2017:22:45:00 +0000] "GET /category/garden HTTP/1.1" 200 77 "/item/garden/957" "Mozilla/5.0 (iPad; CPU OS 5_0_1 like Mac OS X) AppleWebKit/534.46 (KHTML, like Gecko) Version/5.1 Mobile/9A405 Safari/7534.48.3"
36.24.74.155 - - [17/Nov/2017:22:45:05 +0000] "GET /category/software?from=20 HTTP/1.1" 200 100 "/category/health" "Mozilla/4.0 (compatible; MSIE 8.0; Windows NT 5.1; Trident/4.0; YTB720; GTB7.2; .NET CLR 1.1.4322; .NET CLR 2.0.50727; .NET CLR 3.0.4506.2152; .NET CLR 3.5.30729)"
60.213.58.52 - - [17/Nov/2017:22:45:10 +0000] "GET /item/jewelry/1473 HTTP/1.1" 200 48 "/category/computers" "Mozilla/5.0 (compatible; Googlebot/2.1; +http://www.google.com/bot.html)"
24.138.192.196 - - [17/Nov/2017:22:45:15 +0000] "GET /category/sports HTTP/1.1" 200 95 "-" "Mozilla/5.0 (Windows NT 6.1; WOW64) AppleWebKit/535.7 (KHTML, like Gecko) Chrome/16.0.912.77 Safari/535.7"
188.117.206.31 - - [17/Nov/2017:22:45:20 +0000] "GET /category/electronics?from=20 HTTP/1.1" 200 45 "/category/games?from=0" "Mozilla/5.0 (Windows NT 6.1; WOW64) AppleWebKit/535.11 (KHTML, like Gecko) Chrome/17.0.963.56 Safari/535.11"
124.207.71.32 - - [17/Nov/2017:22:45:25 +0000] "GET /item/software/2 HTTP/1.1" 200 139 "-" "Mozilla/5.0 (compatible; Googlebot/2.1; +http://www.google.com/bot.html)"
152.21.213.161 - - [17/Nov/2017:22:45:30 +0000] "GET /category/cameras HTTP/1.1" 200 99 "/item/toys/3180" "Mozilla/5.0 (Windows NT 6.1; WOW64) AppleWebKit/535.7 (KHTML, like Gecko) Chrome/16.0.912.77 Safari/535.7"
192.36.167.103 - - [17/Nov/2017:22:45:35 +0000] "GET /category/games HTTP/1.1" 200 96 "-" "Mozilla/5.0 (Windows NT 6.1; WOW64) AppleWebKit/535.11 (KHTML, like Gecko) Chrome/17.0.963.56 Safari/535.11"
168.150.74.102 - - [17/Nov/2017:22:45:40 +0000] "GET /category/health HTTP/1.1" 200 100 "-" "Mozilla/5.0 (Windows NT 6.0; rv:10.0.1) Gecko/20100101 Firefox/10.0.1"
224.210.40.49 - - [17/Nov/2017:22:45:45 +0000] "GET /category/games HTTP/1.1" 200 44 "-" "Mozilla/5.0 (Windows NT 6.1; WOW64) AppleWebKit/535.11 (KHTML, like Gecko) Chrome/17.0.963.56 Safari/535.11"
152.105.117.77 - - [17/Nov/2017:22:45:50 +0000] "GET /item/garden/4804 HTTP/1.1" 200 82 "/category/electronics?from=20" "Mozilla/5.0 (compatible; MSIE 9.0; Windows NT 6.1; WOW64; Trident/5.0)"
96.69.168.141 - - [17/Nov/2017:22:45:55 +0000] "GET /category/health HTTP/1.1" 200 49 "-" "Mozilla/5.0 (Windows NT 6.1; WOW64) AppleWebKit/535.11 (KHTML, like Gecko) Chrome/17.0.963.56 Safari/535.11"
148.99.211.139 - - [17/Nov/2017:22:46:00 +0000] "GET /category/health HTTP/1.1" 200 133 "-" "Mozilla/4.0 (compatible; MSIE 8.0; Windows NT 5.1; Trident/4.0; YTB720; GTB7.2; .NET CLR 1.1.4322; .NET CLR 2.0.50727; .NET CLR 3.0.4506.2152; .NET CLR 3.5.30729)"
176.177.94.159 - - [17/Nov/2017:22:46:05 +0000] "GET /category/office HTTP/1.1" 200 57 "/category/electronics?from=20" "Mozilla/5.0 (Windows NT 6.1; WOW64) AppleWebKit/535.7 (KHTML, like Gecko) Chrome/16.0.912.77 Safari/535.7"
104.189.169.48 - - [17/Nov/2017:22:46:10 +0000] "GET /category/software HTTP/1.1" 200 92 "/category/software" "Mozilla/4.0 (compatible; MSIE 8.0; Windows NT 6.1; WOW64; Trident/4.0; YTB730; GTB7.2; EasyBits GO v1.0; SLCC2; .NET CLR 2.0.50727; .NET CLR 3.5.30729; .NET CLR 3.0.30729; Media Center PC 6.0; .NET4.0C)"
140.150.40.81 - - [17/Nov/2017:22:46:15 +0000] "GET /category/computers HTTP/1.1" 200 131 "-" "Mozilla/5.0 (Windows NT 6.0) AppleWebKit/535.11 (KHTML, like Gecko) Chrome/17.0.963.56 Safari/535.11"
48.195.168.33 - - [17/Nov/2017:22:46:20 +0000] "GET /category/books HTTP/1.1" 200 84 "-" "Mozilla/5.0 (Windows NT 6.1; WOW64) AppleWebKit/535.11 (KHTML, like Gecko) Chrome/17.0.963.56 Safari/535.11"
196.96.50.86 - - [17/Nov/2017:22:46:25 +0000] "GET /category/networking HTTP/1.1" 200 83 "http://www.google.com/search?ie=UTF-8&q=google&sclient=psy-ab&q=Networking+Electronics&oq=Networking+Electronics&aq=f&aqi=g-vL1&aql=&pbx=1&bav=on.2,or.r_gc.r_pw.r_qf.,cf.osb&biw=3273&bih=496" "Mozilla/5.0 (Windows NT 6.0) AppleWebKit/535.11 (KHTML, like Gecko) Chrome/17.0.963.56 Safari/535.11"
176.33.111.181 - - [17/Nov/2017:22:46:30 +0000] "GET /item/electronics/4251 HTTP/1.1" 200 139 "http://www.google.com/search?ie=UTF-8&q=google&sclient=psy-ab&q=Electronics+Books&oq=Electronics+Books&aq=f&aqi=g-vL1&aql=&pbx=1&bav=on.2,or.r_gc.r_pw.r_qf.,cf.osb&biw=4832&bih=507" "Mozilla/5.0 (Macintosh; Intel Mac OS X 10.6; rv:9.0.1) Gecko/20100101 Firefox/9.0.1"
84.201.48.127 - - [17/Nov/2017:22:46:35 +0000] "GET /category/health HTTP/1.1" 200 105 "-" "Mozilla/5.0 (Windows NT 6.0; rv:10.0.1) Gecko/20100101 Firefox/10.0.1"
44.162.33.184 - - [17/Nov/2017:22:46:40 +0000] "GET /category/computers HTTP/1.1" 200 117 "/category/office" "Mozilla/5.0 (Macintosh; Intel Mac OS X 10.6; rv:9.0.1) Gecko/20100101 Firefox/9.0.1"
172.48.138.173 - - [17/Nov/2017:22:46:45 +0000] "GET /category/electronics HTTP/1.1" 200 128 "-" "Mozilla/5.0 (Windows NT 6.1; WOW64) AppleWebKit/535.7 (KHTML, like Gecko) Chrome/16.0.912.77 Safari/535.7"
44.72.104.147 - - [17/Nov/2017:22:46:50 +0000] "GET /category/cameras?from=20 HTTP/1.1" 200 99 "/search/?c=Cameras" "Mozilla/5.0 (Windows NT 6.1; WOW64) AppleWebKit/535.7 (KHTML, like Gecko) Chrome/16.0.912.77 Safari/535.7"
136.108.176.209 - - [17/Nov/2017:22:46:55 +0000] "GET /item/giftcards/202 HTTP/1.1" 200 51 "-" "Mozilla/5.0 (Windows NT 6.1; WOW64; rv:10.0.1) Gecko/20100101 Firefox/10.0.1"
212.174.138.139 - - [17/Nov/2017:22:47:00 +0000] "GET /category/software HTTP/1.1" 200 128 "/item/electronics/695" "Mozilla/5.0 (Windows NT 6.0; rv:10.0.1) Gecko/20100101 Firefox/10.0.1"
176.177.94.159 - - [17/Nov/2017:22:47:05 +0000] "POST /search/?c=Health HTTP/1.1" 200 60 "/category/finance" "Mozilla/5.0 (Windows NT 6.1; WOW64) AppleWebKit/535.7 (KHTML, like Gecko) Chrome/16.0.912.77 Safari/535.7"
136.81.127.192 - - [17/Nov/2017:22:47:10 +0000] "GET /item/finance/1103 HTTP/1.1" 200 109 "http://www.google.com/search?ie=UTF-8&q=google&sclient=psy-ab&q=Finance+Electronics&oq=Finance+Electronics&aq=f&aqi=g-vL1&aql=&pbx=1&bav=on.2,or.r_gc.r_pw.r_qf.,cf.osb&biw=505&bih=554" "Mozilla/5.0 (Windows NT 6.1; WOW64; rv:10.0.1) Gecko/20100101 Firefox/10.0.1"
168.159.181.20 - - [17/Nov/2017:22:47:15 +0000] "POST /search/?c=Cameras+Books HTTP/1.1" 200 87 "/item/electronics/4005" "Mozilla/5.0 (compatible; MSIE 9.0; Windows NT 6.1; WOW64; Trident/5.0)"
40.63.61.211 - - [17/Nov/2017:22:47:20 +0000] "POST /search/?c=Giftcards+Music HTTP/1.1" 200 118 "-" "Mozilla/4.0 (compatible; MSIE 8.0; Windows NT 5.1; Trident/4.0; YTB720; GTB7.2; .NET CLR 1.1.4322; .NET CLR 2.0.50727; .NET CLR 3.0.4506.2152; .NET CLR 3.5.30729)"
100.48.146.116 - - [17/Nov/2017:22:47:25 +0000] "GET /item/electronics/670 HTTP/1.1" 200 66 "/category/electronics" "Mozilla/5.0 (Windows NT 6.1; WOW64; rv:10.0.1) Gecko/20100101 Firefox/10.0.1"
184.162.181.93 - - [17/Nov/2017:22:47:30 +0000] "POST /search/?c=Books+Health HTTP/1.1" 200 114 "-" "Mozilla/5.0 (Windows NT 5.1) AppleWebKit/535.11 (KHTML, like Gecko) Chrome/17.0.963.46 Safari/535.11"
48.105.184.168 - - [17/Nov/2017:22:47:35 +0000] "GET /item/electronics/2426 HTTP/1.1" 200 91 "/search/?c=Electronics+Sports" "Mozilla/5.0 (iPad; CPU OS 5_0_1 like Mac OS X) AppleWebKit/534.46 (KHTML, like Gecko) Version/5.1 Mobile/9A405 Safari/7534.48.3"
20.120.111.64 - - [17/Nov/2017:22:47:40 +0000] "GET /category/software HTTP/1.1" 200 129 "/item/networking/4174" "Mozilla/5.0 (compatible; MSIE 9.0; Windows NT 6.1; WOW64; Trident/5.0)"
48.54.186.185 - - [17/Nov/2017:22:47:45 +0000] "POST /search/?c=Electronics+Garden HTTP/1.1" 200 53 "/category/jewelry" "Mozilla/4.0 (compatible; MSIE 8.0; Windows NT 6.1; WOW64; Trident/4.0; YTB730; GTB7.2; EasyBits GO v1.0; SLCC2; .NET CLR 2.0.50727; .NET CLR 3.5.30729; .NET CLR 3.0.30729; Media Center PC 6.0; .NET4.0C)"
148.213.116.158 - - [17/Nov/2017:22:47:50 +0000] "POST /search/?c=Electronics HTTP/1.1" 200 73 "/category/giftcards" "Mozilla/5.0 (iPhone; CPU iPhone OS 5_0_1 like Mac OS X) AppleWebKit/534.46 (KHTML, like Gecko) Version/5.1 Mobile/9A405 Safari/7534.48.3"
196.162.93.51 - - [17/Nov/2017:22:47:55 +0000] "GET /category/software HTTP/1.1" 200 121 "/category/electronics" "Mozilla/5.0 (Windows NT 6.1; WOW64) AppleWebKit/535.11 (KHTML, like Gecko) Chrome/17.0.963.56 Safari/535.11"
28.165.95.144 - - [17/Nov/2017:22:48:00 +0000] "GET /category/networking?from=20 HTTP/1.1" 200 133 "/category/garden" "Mozilla/5.0 (compatible; MSIE 9.0; Windows NT 6.1; Trident/5.0)"
136.21.168.104 - - [17/Nov/2017:22:48:05 +0000] "GET /category/sports?from=0 HTTP/1.1" 200 81 "/category/books" "Mozilla/4.0 (compatible; MSIE 8.0; Windows NT 6.1; WOW64; Trident/4.0; YTB730; GTB7.2; EasyBits GO v1.0; SLCC2; .NET CLR 2.0.50727; .NET CLR 3.5.30729; .NET CLR 3.0.30729; Media Center PC 6.0; .NET4.0C)"
224.171.159.48 - - [17/Nov/2017:22:48:10 +0000] "GET /category/software HTTP/1.1" 200 121 "-" "Mozilla/4.0 (compatible; MSIE 8.0; Windows NT 5.1; Trident/4.0; YTB720; GTB7.2; .NET CLR 1.1.4322; .NET CLR 2.0.50727; .NET CLR 3.0.4506.2152; .NET CLR 3.5.30729)"
216.132.160.25 - - [17/Nov/2017:22:48:15 +0000] "GET /item/software/2343 HTTP/1.1" 200 81 "/item/garden/2199" "Mozilla/4.0 (compatible; MSIE 8.0; Windows NT 6.1; WOW64; Trident/4.0; YTB730; GTB7.2; SLCC2; .NET CLR 2.0.50727; .NET CLR 3.5.30729; .NET CLR 3.0.30729; .NET4.0C; .NET4.0E; Media Center PC 6.0)"
88.87.28.220 - - [17/Nov/2017:22:48:20 +0000] "GET /item/finance/4075 HTTP/1.1" 200 77 "/search/?c=Finance+Cameras" "Mozilla/5.0 (Windows NT 6.0; rv:10.0.1) Gecko/20100101 Firefox/10.0.1"
144.225.225.182 - - [17/Nov/2017:22:48:25 +0000] "GET /category/software HTTP/1.1" 200 89 "/item/games/3032" "Mozilla/5.0 (Windows NT 6.0) AppleWebKit/535.11 (KHTML, like Gecko) Chrome/17.0.963.56 Safari/535.11"
156.51.157.126 - - [17/Nov/2017:22:48:30 +0000] "GET /item/software/2487 HTTP/1.1" 200 51 "/category/software" "Mozilla/5.0 (compatible; MSIE 9.0; Windows NT 6.1; Trident/5.0)"
156.189.180.223 - - [17/Nov/2017:22:48:35 +0000] "POST /search/?c=Music+Sports HTTP/1.1" 200 126 "-" "Mozilla/5.0 (Windows NT 6.0; rv:10.0.1) Gecko/20100101 Firefox/10.0.1"
92.99.104.37 - - [17/Nov/2017:22:48:40 +0000] "GET /item/electronics/2895 HTTP/1.1" 200 47 "-" "Mozilla/5.0 (Windows NT 6.1; WOW64; rv:10.0.1) Gecko/20100101 Firefox/10.0.1"
192.54.212.194 - - [17/Nov/2017:22:48:45 +0000] "GET /category/electronics HTTP/1.1" 200 44 "/category/office" "Mozilla/4.0 (compatible; MSIE 8.0; Windows NT 6.0; WOW64; Trident/4.0; GTB6; SLCC1; .NET CLR 2.0.50727; Media Center PC 5.0; .NET CLR 3.5.30729; .NET CLR 3.0.30618; .NET4.0C)"
200.78.131.141 - - [17/Nov/2017:22:48:50 +0000] "GET /category/toys HTTP/1.1" 200 115 "/item/toys/1733" "Mozilla/5.0 (compatible; MSIE 9.0; Windows NT 6.1; WOW64; Trident/5.0)"
216.111.181.162 - - [17/Nov/2017:22:48:55 +0000] "POST /search/?c=Cameras+Finance HTTP/1.1" 200 49 "/item/software/2629" "Mozilla/5.0 (compatible; MSIE 9.0; Windows NT 6.1; WOW64; Trident/5.0)"
176.27.101.193 - - [17/Nov/2017:22:49:00 +0000] "GET /category/office HTTP/1.1" 200 85 "-" "Mozilla/5.0 (Windows NT 6.1; WOW64; rv:10.0.1) Gecko/20100101 Firefox/10.0.1"
84.117.161.61 - - [17/Nov/2017:22:49:05 +0000] "GET /category/office?from=10 HTTP/1.1" 200 88 "/category/games" "Mozilla/4.0 (compatible; MSIE 8.0; Windows NT 6.1; Trident/4.0; YTB730; SLCC2; .NET CLR 2.0.50727; .NET CLR 3.5.30729; .NET CLR 3.0.30729; Media Center PC 6.0; .NET4.0C)"
192.198.25.191 - - [17/Nov/2017:22:49:10 +0000] "GET /item/toys/2543 HTTP/1.1" 200 73 "/category/toys" "Mozilla/5.0 (compatible; MSIE 9.0; Windows NT 6.1; Trident/5.0)"
124.105.200.100 - - [17/Nov/2017:22:49:15 +0000] "GET /item/giftcards/4709 HTTP/1.1" 200 53 "/search/?c=Giftcards+Games" "Mozilla/5.0 (compatible; MSIE 9.0; Windows NT 6.1; WOW64; Trident/5.0)"
176.204.131.157 - - [17/Nov/2017:22:49:20 +0000] "GET /item/toys/4220 HTTP/1.1" 200 102 "/search/?c=Office+Computers" "Mozilla/4.0 (compatible; MSIE 8.0; Windows NT 5.1; Trident/4.0; YTB720; GTB7.2; .NET CLR 1.1.4322; .NET CLR 2.0.50727; .NET CLR 3.0.4506.2152; .NET CLR 3.5.30729)"
176.39.95.81 - - [17/Nov/2017:22:49:25 +0000] "GET /item/computers/4801 HTTP/1.1" 200 128 "/item/books/1568" "Mozilla/5.0 (Windows NT 6.0; rv:10.0.1) Gecko/20100101 Firefox/10.0.1"
200.114.202.134 - - [17/Nov/2017:22:49:30 +0000] "GET /category/health?from=10 HTTP/1.1" 200 89 "-" "Mozilla/4.0 (compatible; MSIE 8.0; Windows NT 6.1; Trident/4.0; YTB730; SLCC2; .NET CLR 2.0.50727; .NET CLR 3.5.30729; .NET CLR 3.0.30729; Media Center PC 6.0; .NET4.0C)"
56.150.202.109 - - [17/Nov/2017:22:49:35 +0000] "GET /category/books?from=20 HTTP/1.1" 200 86 "/category/garden" "Mozilla/5.0 (Windows NT 6.0; rv:10.0.1) Gecko/20100101 Firefox/10.0.1"
84.162.134.68 - - [17/Nov/2017:22:49:40 +0000] "POST /search/?c=Books HTTP/1.1" 200 40 "/item/finance/3226" "Mozilla/5.0 (compatible; MSIE 9.0; Windows NT 6.1; Trident/5.0)"
196.186.196.93 - - [17/Nov/2017:22:49:45 +0000] "GET /item/music/4403 HTTP/1.1" 200 96 "/category/music" "Mozilla/5.0 (Windows NT 6.1; WOW64) AppleWebKit/535.11 (KHTML, like Gecko) Chrome/17.0.963.56 Safari/535.11"
224.96.137.128 - - [17/Nov/2017:22:49:50 +0000] "GET /category/games HTTP/1.1" 200 95 "/item/games/4762" "Mozilla/4.0 (compatible; MSIE 8.0; Windows NT 6.1; WOW64; Trident/4.0; YTB730; GTB7.2; EasyBits GO v1.0; SLCC2; .NET CLR 2.0.50727; .NET CLR 3.5.30729; .NET CLR 3.0.30729; Media Center PC 6.0; .NET4.0C)"
20.132.185.140 - - [17/Nov/2017:22:49:55 +0000] "GET /category/giftcards?from=0 HTTP/1.1" 200 81 "/search/?c=Giftcards" "Mozilla/4.0 (compatible; MSIE 8.0; Windows NT 6.1; WOW64; Trident/4.0; YTB730; GTB7.2; SLCC2; .NET CLR 2.0.50727; .NET CLR 3.5.30729; .NET CLR 3.0.30729; .NET4.0C; .NET4.0E; Media Center PC 6.0)"
192.24.229.108 - - [17/Nov/2017:22:50:00 +0000] "GET /category/networking HTTP/1.1" 200 46 "-" "Mozilla/5.0 (compatible; MSIE 9.0; Windows NT 6.1; Trident/5.0)"
112.222.91.42 - - [17/Nov/2017:22:50:05 +0000] "GET /category/software HTTP/1.1" 200 77 "/category/music" "Mozilla/5.0 (compatible; MSIE 9.0; Windows NT 6.1; WOW64; Trident/5.0)"
216.30.210.172 - - [17/Nov/2017:22:50:10 +0000] "GET /category/software HTTP/1.1" 200 64 "-" "Mozilla/5.0 (iPad; CPU OS 5_0_1 like Mac OS X) AppleWebKit/534.46 (KHTML, like Gecko) Version/5.1 Mobile/9A405 Safari/7534.48.3"
48.222.150.132 - - [17/Nov/2017:22:50:15 +0000] "GET /item/software/3887 HTTP/1.1" 200 100 "-" "Mozilla/4.0 (compatible; MSIE 8.0; Windows NT 5.1; Trident/4.0; YTB720; GTB7.2; .NET CLR 1.1.4322; .NET CLR 2.0.50727; .NET CLR 3.0.4506.2152; .NET CLR 3.5.30729)"
120.129.24.195 - - [17/Nov/2017:22:50:20 +0000] "GET /category/computers?from=0 HTTP/1.1" 200 85 "/category/electronics" "Mozilla/5.0 (Windows NT 6.0; rv:10.0.1) Gecko/20100101 Firefox/10.0.1"
124.210.121.29 - - [17/Nov/2017:22:50:25 +0000] "GET /item/health/4591 HTTP/1.1" 200 101 "-" "Mozilla/4.0 (compatible; MSIE 8.0; Windows NT 6.1; WOW64; Trident/4.0; GTB7.2; SLCC2; .NET CLR 2.0.50727; .NET CLR 3.5.30729; .NET CLR 3.0.30729; Media Center PC 6.0; .NET4.0C)"
164.186.39.214 - - [17/Nov/2017:22:50:30 +0000] "GET /item/software/4657 HTTP/1.1" 200 136 "/item/garden/4271" "Mozilla/5.0 (Windows NT 6.1; WOW64) AppleWebKit/535.11 (KHTML, like Gecko) Chrome/17.0.963.56 Safari/535.11"
132.102.43.57 - - [17/Nov/2017:22:50:35 +0000] "GET /item/office/4367 HTTP/1.1" 200 64 "/category/electronics" "Mozilla/4.0 (compatible; MSIE 8.0; Windows NT 6.1; Trident/4.0; YTB730; SLCC2; .NET CLR 2.0.50727; .NET CLR 3.5.30729; .NET CLR 3.0.30729; Media Center PC 6.0; .NET4.0C)"
160.78.146.93 - - [17/Nov/2017:22:50:40 +0000] "GET /category/jewelry HTTP/1.1" 200 78 "/item/software/3586" "Mozilla/4.0 (compatible; MSIE 8.0; Windows NT 6.0; WOW64; Trident/4.0; GTB6; SLCC1; .NET CLR 2.0.50727; Media Center PC 5.0; .NET CLR 3.5.30729; .NET CLR 3.0.30618; .NET4.0C)"
208.180.52.36 - - [17/Nov/2017:22:50:45 +0000] "GET /item/electronics/3940 HTTP/1.1" 200 139 "/category/jewelry" "Mozilla/5.0 (Windows NT 6.1; WOW64) AppleWebKit/535.7 (KHTML, like Gecko) Chrome/16.0.912.77 Safari/535.7"
20.84.216.48 - - [17/Nov/2017:22:50:50 +0000] "GET /category/electronics HTTP/1.1" 200 48 "/item/electronics/4248" "Mozilla/5.0 (Windows NT 6.1; WOW64; rv:10.0.1) Gecko/20100101 Firefox/10.0.1"
208.183.145.211 - - [17/Nov/2017:22:50:55 +0000] "GET /category/games?from=0 HTTP/1.1" 200 124 "/category/games" "Mozilla/5.0 (Windows NT 6.1; WOW64) AppleWebKit/535.7 (KHTML, like Gecko) Chrome/16.0.912.77 Safari/535.7"
196.162.93.51 - - [17/Nov/2017:22:51:00 +0000] "GET /item/software/2036 HTTP/1.1" 200 55 "/item/electronics/2426" "Mozilla/5.0 (Windows NT 5.1) AppleWebKit/535.11 (KHTML, like Gecko) Chrome/17.0.963.46 Safari/535.11"
184.210.102.195 - - [17/Nov/2017:22:51:05 +0000] "GET /item/electronics/3821 HTTP/1.1" 200 75 "/item/health/3590" "Mozilla/5.0 (Windows NT 6.0; rv:10.0.1) Gecko/20100101 Firefox/10.0.1"
192.21.211.81 - - [17/Nov/2017:22:51:10 +0000] "GET /category/books HTTP/1.1" 200 67 "-" "Mozilla/4.0 (compatible; MSIE 8.0; Windows NT 6.1; WOW64; Trident/4.0; YTB730; GTB7.2; SLCC2; .NET CLR 2.0.50727; .NET CLR 3.5.30729; .NET CLR 3.0.30729; .NET4.0C; .NET4.0E; Media Center PC 6.0)"
72.156.55.140 - - [17/Nov/2017:22:51:15 +0000] "GET /category/books?from=0 HTTP/1.1" 200 56 "/search/?c=Books" "Mozilla/4.0 (compatible; MSIE 8.0; Windows NT 5.1; Trident/4.0; YTB720; GTB7.2; .NET CLR 1.1.4322; .NET CLR 2.0.50727; .NET CLR 3.0.4506.2152; .NET CLR 3.5.30729)"
164.120.51.110 - - [17/Nov/2017:22:51:20 +0000] "GET /category/toys HTTP/1.1" 200 41 "/category/office" "Mozilla/4.0 (compatible; MSIE 8.0; Windows NT 6.1; WOW64; Trident/4.0; YTB730; GTB7.2; EasyBits GO v1.0; SLCC2; .NET CLR 2.0.50727; .NET CLR 3.5.30729; .NET CLR 3.0.30729; Media Center PC 6.0; .NET4.0C)"
176.30.78.65 - - [17/Nov/2017:22:51:25 +0000] "GET /item/garden/348 HTTP/1.1" 200 50 "/category/books?from=20" "Mozilla/5.0 (compatible; MSIE 9.0; Windows NT 6.1; WOW64; Trident/5.0)"
32.78.107.79 - - [17/Nov/2017:22:51:30 +0000] "GET /item/health/1094 HTTP/1.1" 200 86 "/item/books/4818" "Mozilla/5.0 (Windows NT 6.1; WOW64) AppleWebKit/535.7 (KHTML, like Gecko) Chrome/16.0.912.77 Safari/535.7"
96.135.141.175 - - [17/Nov/2017:22:51:35 +0000] "POST /search/?c=Jewelry+Games HTTP/1.1" 200 129 "/category/jewelry" "Mozilla/5.0 (Windows NT 6.1; WOW64) AppleWebKit/535.11 (KHTML, like Gecko) Chrome/17.0.963.56 Safari/535.11"
88.57.117.104 - - [17/Nov/2017:22:51:40 +0000] "GET /category/books HTTP/1.1" 200 112 "/category/games" "Mozilla/5.0 (Macintosh; Intel Mac OS X 10.6; rv:9.0.1) Gecko/20100101 Firefox/9.0.1"
192.168.159.47 - - [17/Nov/2017:22:51:45 +0000] "GET /item/electronics/4574 HTTP/1.1" 200 98 "/search/?c=Software" "Mozilla/5.0 (Windows NT 6.1; WOW64) AppleWebKit/535.11 (KHTML, like Gecko) Chrome/17.0.963.56 Safari/535.11"
164.228.120.56 - - [17/Nov/2017:22:51:50 +0000] "GET /item/electronics/3882 HTTP/1.1" 200 94 "/item/garden/2199" "Mozilla/5.0 (compatible; MSIE 9.0; Windows NT 6.1; Trident/5.0)"
40.42.114.155 - - [17/Nov/2017:22:51:55 +0000] "GET /category/software HTTP/1.1" 200 108 "-" "Mozilla/5.0 (Macintosh; Intel Mac OS X 10.6; rv:9.0.1) Gecko/20100101 Firefox/9.0.1"
148.171.78.128 - - [17/Nov/2017:22:52:00 +0000] "GET /category/books HTTP/1.1" 200 85 "-" "Mozilla/5.0 (Windows NT 6.1; WOW64) AppleWebKit/535.11 (KHTML, like Gecko) Chrome/17.0.963.56 Safari/535.11"
196.195.42.66 - - [17/Nov/2017:22:52:05 +0000] "GET /category/electronics HTTP/1.1" 200 51 "/category/electronics" "Mozilla/4.0 (compatible; MSIE 8.0; Windows NT 5.1; Trident/4.0; YTB720; GTB7.2; .NET CLR 1.1.4322; .NET CLR 2.0.50727; .NET CLR 3.0.4506.2152; .NET CLR 3.5.30729)"
200.195.153.115 - - [17/Nov/2017:22:52:10 +0000] "GET /category/computers HTTP/1.1" 200 77 "-" "Mozilla/5.0 (Macintosh; Intel Mac OS X 10.6; rv:9.0.1) Gecko/20100101 Firefox/9.0.1"
112.177.180.133 - - [17/Nov/2017:22:52:15 +0000] "GET /category/toys HTTP/1.1" 200 126 "/category/toys" "Mozilla/5.0 (Windows NT 6.1; WOW64) AppleWebKit/535.11 (KHTML, like Gecko) Chrome/17.0.963.56 Safari/535.11"
216.90.56.55 - - [17/Nov/2017:22:52:20 +0000] "GET /category/electronics?from=20 HTTP/1.1" 200 124 "/category/jewelry" "Mozilla/5.0 (compatible; MSIE 9.0; Windows NT 6.1; WOW64; Trident/5.0)"
92.48.177.183 - - [17/Nov/2017:22:52:25 +0000] "GET /category/electronics HTTP/1.1" 200 104 "/search/?c=Computers+Jewelry" "Mozilla/5.0 (compatible; MSIE 9.0; Windows NT 6.1; WOW64; Trident/5.0)"
68.156.204.168 - - [17/Nov/2017:22:52:30 +0000] "GET /item/electronics/2795 HTTP/1.1" 200 52 "/category/electronics" "Mozilla/5.0 (Windows NT 5.1) AppleWebKit/535.11 (KHTML, like Gecko) Chrome/17.0.963.46 Safari/535.11"
68.225.106.184 - - [17/Nov/2017:22:52:35 +0000] "GET /item/computers/809 HTTP/1.1" 200 128 "-" "Mozilla/5.0 (compatible; MSIE 9.0; Windows NT 6.1; Trident/5.0)"
24.225.171.131 - - [17/Nov/2017:22:52:40 +0000] "GET /category/office HTTP/1.1" 200 46 "/category/garden" "Mozilla/4.0 (compatible; MSIE 8.0; Windows NT 6.1; Trident/4.0; YTB730; SLCC2; .NET CLR 2.0.50727; .NET CLR 3.5.30729; .NET CLR 3.0.30729; Media Center PC 6.0; .NET4.0C)"
60.186.25.54 - - [17/Nov/2017:22:52:45 +0000] "GET /item/jewelry/1473 HTTP/1.1" 200 48 "/search/?c=Jewelry+Electronics" "Mozilla/5.0 (Windows NT 6.1; WOW64; rv:10.0.1) Gecko/20100101 Firefox/10.0.1"
80.186.195.122 - - [17/Nov/2017:22:52:50 +0000] "GET /category/cameras?from=20 HTTP/1.1" 200 133 "/category/office" "Mozilla/5.0 (Windows NT 6.1; WOW64) AppleWebKit/535.11 (KHTML, like Gecko) Chrome/17.0.963.56 Safari/535.11"
88.48.32.227 - - [17/Nov/2017:22:52:55 +0000] "GET /item/software/85 HTTP/1.1" 200 53 "/category/electronics?from=0" "Mozilla/4.0 (compatible; MSIE 8.0; Windows NT 6.1; WOW64; Trident/4.0; GTB7.2; SLCC2; .NET CLR 2.0.50727; .NET CLR 3.5.30729; .NET CLR 3.0.30729; Media Center PC 6.0; .NET4.0C)"
76.156.48.156 - - [17/Nov/2017:22:53:00 +0000] "GET /category/software HTTP/1.1" 200 51 "/category/electronics" "Mozilla/5.0 (Windows NT 6.1; WOW64; rv:10.0.1) Gecko/20100101 Firefox/10.0.1"
112.132.152.220 - - [17/Nov/2017:22:53:05 +0000] "GET /item/games/1547 HTTP/1.1" 200 113 "-" "Mozilla/5.0 (Windows NT 6.1; WOW64) AppleWebKit/535.11 (KHTML, like Gecko) Chrome/17.0.963.56 Safari/535.11"
144.90.208.217 - - [17/Nov/2017:22:53:10 +0000] "GET /category/music HTTP/1.1" 200 82 "-" "Mozilla/5.0 (compatible; Googlebot/2.1; +http://www.google.com/bot.html)"
100.84.214.95 - - [17/Nov/2017:22:53:15 +0000] "GET /item/games/4398 HTTP/1.1" 200 112 "/search/?c=Games+Networking" "Mozilla/5.0 (compatible; Googlebot/2.1; +http://www.google.com/bot.html)"
96.195.52.25 - - [17/Nov/2017:22:53:20 +0000] "GET /category/games HTTP/1.1" 200 91 "-" "Mozilla/5.0 (compatible; MSIE 9.0; Windows NT 6.1; Trident/5.0)"
52.39.67.99 - - [17/Nov/2017:22:53:25 +0000] "POST /search/?c=Software HTTP/1.1" 200 102 "/category/books" "Mozilla/5.0 (iPad; CPU OS 5_0_1 like Mac OS X) AppleWebKit/534.46 (KHTML, like Gecko) Version/5.1 Mobile/9A405 Safari/7534.48.3"
124.105.200.100 - - [17/Nov/2017:22:53:30 +0000] "GET /item/computers/1943 HTTP/1.1" 200 77 "/search/?c=Computers" "Mozilla/4.0 (compatible; MSIE 8.0; Windows NT 5.1; Trident/4.0; BTRS122159; GTB7.2; .NET CLR 1.1.4322; .NET CLR 2.0.50727; .NET CLR 3.0.04506.30; .NET CLR 3.0.4506.2152; .NET CLR 3.5.30729; BRI/2)"
76.33.84.154 - - [17/Nov/2017:22:53:35 +0000] "GET /item/games/3032 HTTP/1.1" 200 115 "/category/sports" "Mozilla/5.0 (Windows NT 6.1; WOW64) AppleWebKit/535.11 (KHTML, like Gecko) Chrome/17.0.963.56 Safari/535.11"
120.216.45.120 - - [17/Nov/2017:22:53:40 +0000] "GET /category/cameras?from=10 HTTP/1.1" 200 72 "-" "Mozilla/5.0 (Windows NT 6.1; WOW64) AppleWebKit/535.11 (KHTML, like Gecko) Chrome/17.0.963.56 Safari/535.11"
224.57.160.208 - - [17/Nov/2017:22:53:45 +0000] "GET /item/electronics/4072 HTTP/1.1" 200 63 "-" "Mozilla/4.0 (compatible; MSIE 8.0; Windows NT 6.1; WOW64; Trident/4.0; GTB7.2; SLCC2; .NET CLR 2.0.50727; .NET CLR 3.5.30729; .NET CLR 3.0.30729; Media Center PC 6.0; .NET4.0C)"
32.39.91.121 - - [17/Nov/2017:22:53:50 +0000] "GET /item/electronics/2805 HTTP/1.1" 200 55 "/category/electronics" "Mozilla/5.0 (Windows NT 6.0) AppleWebKit/535.11 (KHTML, like Gecko) Chrome/17.0.963.56 Safari/535.11"
176.171.208.90 - - [17/Nov/2017:22:53:55 +0000] "GET /category/books HTTP/1.1" 200 129 "/category/software" "Mozilla/5.0 (Windows NT 6.0; rv:10.0.1) Gecko/20100101 Firefox/10.0.1"
132.81.165.167 - - [17/Nov/2017:22:54:00 +0000] "GET /category/health HTTP/1.1" 200 79 "-" "Mozilla/5.0 (Macintosh; Intel Mac OS X 10.6; rv:9.0.1) Gecko/20100101 Firefox/9.0.1"
220.81.172.204 - - [17/Nov/2017:22:54:05 +0000] "GET /item/electronics/266 HTTP/1.1" 200 95 "/search/?c=Electronics" "Mozilla/5.0 (compatible; Googlebot/2.1; +http://www.google.com/bot.html)"
36.207.70.163 - - [17/Nov/2017:22:54:10 +0000] "GET /item/games/1456 HTTP/1.1" 200 111 "/search/?c=Games" "Mozilla/5.0 (iPhone; CPU iPhone OS 5_0_1 like Mac OS X) AppleWebKit/534.46 (KHTML, like Gecko) Version/5.1 Mobile/9A405 Safari/7534.48.3"
152.39.30.145 - - [17/Nov/2017:22:54:15 +0000] "GET /category/networking HTTP/1.1" 200 83 "-" "Mozilla/5.0 (compatible; MSIE 9.0; Windows NT 6.1; Trident/5.0)"
164.87.165.83 - - [17/Nov/2017:22:54:20 +0000] "GET /item/electronics/867 HTTP/1.1" 200 83 "/search/?c=Electronics" "Mozilla/5.0 (Windows NT 6.1; WOW64; rv:10.0.1) Gecko/20100101 Firefox/10.0.1"
24.99.27.123 - - [17/Nov/2017:22:54:25 +0000] "GET /category/software HTTP/1.1" 200 126 "/category/games" "Mozilla/5.0 (Windows NT 6.1; WOW64) AppleWebKit/535.7 (KHTML, like Gecko) Chrome/16.0.912.77 Safari/535.7"
100.168.223.44 - - [17/Nov/2017:22:54:30 +0000] "GET /item/finance/2915 HTTP/1.1" 200 87 "/category/giftcards" "Mozilla/4.0 (compatible; MSIE 8.0; Windows NT 5.1; Trident/4.0; YTB720; GTB7.2; .NET CLR 1.1.4322; .NET CLR 2.0.50727; .NET CLR 3.0.4506.2152; .NET CLR 3.5.30729)"
188.210.194.32 - - [17/Nov/2017:22:54:35 +0000] "GET /category/toys HTTP/1.1" 200 47 "/category/jewelry?from=10" "Mozilla/5.0 (Macintosh; Intel Mac OS X 10.6; rv:9.0.1) Gecko/20100101 Firefox/9.0.1"
172.201.30.205 - - [17/Nov/2017:22:54:40 +0000] "GET /item/jewelry/2821 HTTP/1.1" 200 68 "-" "Mozilla/5.0 (Windows NT 6.1; WOW64; rv:10.0.1) Gecko/20100101 Firefox/10.0.1"
24.114.164.152 - - [17/Nov/2017:22:54:45 +0000] "GET /category/sports HTTP/1.1" 200 118 "/search/?c=Computers+Jewelry" "Mozilla/5.0 (Windows NT 6.1; WOW64) AppleWebKit/535.7 (KHTML, like Gecko) Chrome/16.0.912.77 Safari/535.7"
128.120.138.51 - - [17/Nov/2017:22:54:50 +0000] "GET /category/software HTTP/1.1" 200 129 "-" "Mozilla/5.0 (compatible; MSIE 9.0; Windows NT 6.1; WOW64; Trident/5.0)"
160.222.46.45 - - [17/Nov/2017:22:54:55 +0000] "GET /category/finance HTTP/1.1" 200 118 "-" "Mozilla/5.0 (Windows NT 6.0) AppleWebKit/535.11 (KHTML, like Gecko) Chrome/17.0.963.56 Safari/535.11"
164.165.47.101 - - [17/Nov/2017:22:55:00 +0000] "GET /category/electronics HTTP/1.1" 200 75 "/category/office" "Mozilla/5.0 (iPhone; CPU iPhone OS 5_0_1 like Mac OS X) AppleWebKit/534.46 (KHTML, like Gecko) Version/5.1 Mobile/9A405 Safari/7534.48.3"
160.222.46.45 - - [17/Nov/2017:22:55:05 +0000] "GET /item/games/905 HTTP/1.1" 200 55 "/category/cameras?from=20" "Mozilla/5.0 (compatible; MSIE 9.0; Windows NT 6.1; WOW64; Trident/5.0)"
212.219.212.37 - - [17/Nov/2017:22:55:10 +0000] "GET /category/electronics HTTP/1.1" 200 57 "-" "Mozilla/5.0 (iPhone; CPU iPhone OS 5_0_1 like Mac OS X) AppleWebKit/534.46 (KHTML, like Gecko) Version/5.1 Mobile/9A405 Safari/7534.48.3"
180.147.87.207 - - [17/Nov/2017:22:55:15 +0000] "GET /category/electronics HTTP/1.1" 200 61 "-" "Mozilla/5.0 (Windows NT 5.1) AppleWebKit/535.11 (KHTML, like Gecko) Chrome/17.0.963.46 Safari/535.11"
212.174.138.139 - - [17/Nov/2017:22:55:20 +0000] "GET /item/books/590 HTTP/1.1" 200 55 "/item/garden/4804" "Mozilla/5.0 (Windows NT 6.0; rv:10.0.1) Gecko/20100101 Firefox/10.0.1"
36.126.150.23 - - [17/Nov/2017:22:55:25 +0000] "GET /category/software HTTP/1.1" 200 109 "/category/jewelry?from=20" "Mozilla/5.0 (iPhone; CPU iPhone OS 5_0_1 like Mac OS X) AppleWebKit/534.46 (KHTML, like Gecko) Version/5.1 Mobile/9A405 Safari/7534.48.3"
176.228.179.33 - - [17/Nov/2017:22:55:30 +0000] "GET /item/books/590 HTTP/1.1" 200 55 "/item/electronics/2606" "Mozilla/4.0 (compatible; MSIE 8.0; Windows NT 5.1; Trident/4.0; YTB720; GTB7.2; .NET CLR 1.1.4322; .NET CLR 2.0.50727; .NET CLR 3.0.4506.2152; .NET CLR 3.5.30729)"
28.201.26.192 - - [17/Nov/2017:22:55:35 +0000] "GET /category/garden HTTP/1.1" 200 78 "/category/music" "Mozilla/5.0 (compatible; Googlebot/2.1; +http://www.google.com/bot.html)"
120.33.154.173 - - [17/Nov/2017:22:55:40 +0000] "GET /category/finance?from=20 HTTP/1.1" 200 122 "/item/electronics/2034" "Mozilla/5.0 (Windows NT 6.0; rv:10.0.1) Gecko/20100101 Firefox/10.0.1"
196.189.27.51 - - [17/Nov/2017:22:55:45 +0000] "GET /category/books HTTP/1.1" 200 136 "-" "Mozilla/5.0 (Windows NT 6.0; rv:10.0.1) Gecko/20100101 Firefox/10.0.1"
160.129.152.167 - - [17/Nov/2017:22:55:50 +0000] "GET /category/software HTTP/1.1" 200 68 "-" "Mozilla/5.0 (Windows NT 6.0; rv:10.0.1) Gecko/20100101 Firefox/10.0.1"
60.99.81.68 - - [17/Nov/2017:22:55:55 +0000] "GET /item/games/4398 HTTP/1.1" 200 112 "-" "Mozilla/5.0 (compatible; MSIE 9.0; Windows NT 6.1; WOW64; Trident/5.0)"
80.75.100.166 - - [17/Nov/2017:22:56:00 +0000] "POST /search/?c=Games+Books HTTP/1.1" 200 68 "-" "Mozilla/4.0 (compatible; MSIE 8.0; Windows NT 6.1; WOW64; Trident/4.0; YTB730; GTB7.2; EasyBits GO v1.0; SLCC2; .NET CLR 2.0.50727; .NET CLR 3.5.30729; .NET CLR 3.0.30729; Media Center PC 6.0; .NET4.0C)"
40.126.50.218 - - [17/Nov/2017:22:56:05 +0000] "GET /category/music?from=20 HTTP/1.1" 200 40 "/item/software/1594" "Mozilla/5.0 (compatible; Googlebot/2.1; +http://www.google.com/bot.html)"
84.222.57.97 - - [17/Nov/2017:22:56:10 +0000] "GET /item/electronics/4251 HTTP/1.1" 200 139 "/category/electronics?from=0" "Mozilla/5.0 (compatible; MSIE 9.0; Windows NT 6.1; WOW64; Trident/5.0)"
120.144.87.152 - - [17/Nov/2017:22:56:15 +0000] "GET /category/games?from=20 HTTP/1.1" 200 42 "/search/?c=Games+Software" "Mozilla/5.0 (Windows NT 6.1; WOW64; rv:10.0.1) Gecko/20100101 Firefox/10.0.1"
212.192.182.120 - - [17/Nov/2017:22:56:20 +0000] "GET /category/health HTTP/1.1" 200 103 "/category/electronics" "Mozilla/5.0 (Windows NT 6.0) AppleWebKit/535.11 (KHTML, like Gecko) Chrome/17.0.963.56 Safari/535.11"
136.81.127.192 - - [17/Nov/2017:22:56:25 +0000] "GET /item/finance/4688 HTTP/1.1" 200 96 "/search/?c=Finance+Games" "Mozilla/5.0 (Windows NT 6.1; WOW64) AppleWebKit/535.11 (KHTML, like Gecko) Chrome/17.0.963.56 Safari/535.11"
60.54.78.101 - - [17/Nov/2017:22:56:30 +0000] "GET /category/software HTTP/1.1" 200 70 "-" "Mozilla/5.0 (Windows NT 6.1; WOW64) AppleWebKit/535.7 (KHTML, like Gecko) Chrome/16.0.912.77 Safari/535.7"
212.90.155.59 - - [17/Nov/2017:22:56:35 +0000] "GET /category/electronics HTTP/1.1" 200 93 "-" "Mozilla/5.0 (Windows NT 6.0; rv:10.0.1) Gecko/20100101 Firefox/10.0.1"
120.123.162.208 - - [17/Nov/2017:22:56:40 +0000] "GET /item/cameras/4503 HTTP/1.1" 200 92 "/category/cameras" "Mozilla/5.0 (Windows NT 6.1; WOW64; rv:10.0.1) Gecko/20100101 Firefox/10.0.1"
104.24.39.126 - - [17/Nov/2017:22:56:45 +0000] "GET /item/software/2343 HTTP/1.1" 200 81 "/search/?c=Software" "Mozilla/5.0 (Windows NT 6.0; rv:10.0.1) Gecko/20100101 Firefox/10.0.1"
124.207.71.32 - - [17/Nov/2017:22:56:50 +0000] "GET /category/electronics HTTP/1.1" 200 57 "/category/electronics" "Mozilla/5.0 (compatible; MSIE 9.0; Windows NT 6.1; WOW64; Trident/5.0)"
72.216.215.73 - - [17/Nov/2017:22:56:55 +0000] "GET /category/cameras HTTP/1.1" 200 132 "/item/office/84" "Mozilla/4.0 (compatible; MSIE 8.0; Windows NT 5.1; Trident/4.0; BTRS122159; GTB7.2; .NET CLR 1.1.4322; .NET CLR 2.0.50727; .NET CLR 3.0.04506.30; .NET CLR 3.0.4506.2152; .NET CLR 3.5.30729; BRI/2)"
192.108.192.88 - - [17/Nov/2017:22:57:00 +0000] "POST /search/?c=Electronics HTTP/1.1" 200 73 "/category/books" "Mozilla/4.0 (compatible; MSIE 8.0; Windows NT 5.1; Trident/4.0; BTRS122159; GTB7.2; .NET CLR 1.1.4322; .NET CLR 2.0.50727; .NET CLR 3.0.04506.30; .NET CLR 3.0.4506.2152; .NET CLR 3.5.30729; BRI/2)"
128.39.75.36 - - [17/Nov/2017:22:57:05 +0000] "GET /category/electronics HTTP/1.1" 200 115 "-" "Mozilla/5.0 (Macintosh; Intel Mac OS X 10.6; rv:9.0.1) Gecko/20100101 Firefox/9.0.1"
40.135.213.74 - - [17/Nov/2017:22:57:10 +0000] "GET /category/electronics HTTP/1.1" 200 110 "/category/jewelry" "Mozilla/5.0 (Windows NT 6.0) AppleWebKit/535.11 (KHTML, like Gecko) Chrome/17.0.963.56 Safari/535.11"
216.48.29.169 - - [17/Nov/2017:22:57:15 +0000] "GET /item/jewelry/428 HTTP/1.1" 200 53 "-" "Mozilla/5.0 (Windows NT 6.0) AppleWebKit/535.11 (KHTML, like Gecko) Chrome/17.0.963.56 Safari/535.11"
36.156.181.221 - - [17/Nov/2017:22:57:20 +0000] "POST /search/?c=Computers HTTP/1.1" 200 41 "/category/books" "Mozilla/5.0 (compatible; MSIE 9.0; Windows NT 6.1; WOW64; Trident/5.0)"
168.27.211.221 - - [17/Nov/2017:22:57:25 +0000] "GET /category/electronics?from=20 HTTP/1.1" 200 97 "/search/?c=Music+Giftcards" "Mozilla/5.0 (compatible; MSIE 9.0; Windows NT 6.1; Trident/5.0)"
92.144.202.140 - - [17/Nov/2017:22:57:30 +0000] "GET /category/music HTTP/1.1" 200 95 "/category/electronics?from=20" "Mozilla/5.0 (Windows NT 6.0) AppleWebKit/535.11 (KHTML, like Gecko) Chrome/17.0.963.56 Safari/535.11"
20.60.176.150 - - [17/Nov/2017:22:57:35 +0000] "GET /category/electronics HTTP/1.1" 200 61 "/item/office/4637" "Mozilla/5.0 (Windows NT 6.0; rv:10.0.1) Gecko/20100101 Firefox/10.0.1"
56.120.188.55 - - [17/Nov/2017:22:57:40 +0000] "GET /category/finance HTTP/1.1" 200 139 "-" "Mozilla/5.0 (iPad; CPU OS 5_0_1 like Mac OS X) AppleWebKit/534.46 (KHTML, like Gecko) Version/5.1 Mobile/9A405 Safari/7534.48.3"
136.30.65.186 - - [17/Nov/2017:22:57:45 +0000] "GET /item/finance/2915 HTTP/1.1" 200 87 "/item/electronics/3975" "Mozilla/5.0 (Windows NT 6.1; WOW64) AppleWebKit/535.7 (KHTML, like Gecko) Chrome/16.0.912.77 Safari/535.7"
184.54.99.170 - - [17/Nov/2017:22:57:50 +0000] "GET /item/garden/4804 HTTP/1.1" 200 82 "/item/garden/4383" "Mozilla/5.0 (Windows NT 6.1; WOW64) AppleWebKit/535.7 (KHTML, like Gecko) Chrome/16.0.912.77 Safari/535.7"
112.177.180.133 - - [17/Nov/2017:22:57:55 +0000] "GET /item/networking/4696 HTTP/1.1" 200 138 "/search/?c=Networking+Sports" "Mozilla/5.0 (Windows NT 5.1) AppleWebKit/535.11 (KHTML, like Gecko) Chrome/17.0.963.46 Safari/535.11"
176.117.229.92 - - [17/Nov/2017:22:58:00 +0000] "GET /category/giftcards HTTP/1.1" 200 99 "/item/sports/1656" "Mozilla/5.0 (compatible; MSIE 9.0; Windows NT 6.1; WOW64; Trident/5.0)"
72.138.197.227 - - [17/Nov/2017:22:58:05 +0000] "GET /item/electronics/1876 HTTP/1.1" 200 54 "-" "Mozilla/5.0 (compatible; Googlebot/2.1; +http://www.google.com/bot.html)"
120.129.24.195 - - [17/Nov/2017:22:58:10 +0000] "GET /category/jewelry HTTP/1.1" 200 112 "-" "Mozilla/5.0 (Windows NT 6.1; WOW64) AppleWebKit/535.7 (KHTML, like Gecko) Chrome/16.0.912.77 Safari/535.7"
128.63.115.118 - - [17/Nov/2017:22:58:15 +0000] "GET /category/games HTTP/1.1" 200 77 "/category/music" "Mozilla/5.0 (Windows NT 6.0; rv:10.0.1) Gecko/20100101 Firefox/10.0.1"
220.72.103.132 - - [17/Nov/2017:22:58:20 +0000] "GET /category/books HTTP/1.1" 200 101 "-" "Mozilla/5.0 (Macintosh; Intel Mac OS X 10.6; rv:9.0.1) Gecko/20100101 Firefox/9.0.1"
188.69.32.39 - - [17/Nov/2017:22:58:25 +0000] "GET /category/software?from=10 HTTP/1.1" 200 67 "/search/?c=Software+Health" "Mozilla/4.0 (compatible; MSIE 8.0; Windows NT 6.0; WOW64; Trident/4.0; GTB6; SLCC1; .NET CLR 2.0.50727; Media Center PC 5.0; .NET CLR 3.5.30729; .NET CLR 3.0.30618; .NET4.0C)"
48.39.50.112 - - [17/Nov/2017:22:58:30 +0000] "GET /item/electronics/4005 HTTP/1.1" 200 107 "-" "Mozilla/5.0 (compatible; MSIE 9.0; Windows NT 6.1; WOW64; Trident/5.0)"
144.126.86.47 - - [17/Nov/2017:22:58:35 +0000] "GET /category/office HTTP/1.1" 200 44 "/item/electronics/4339" "Mozilla/5.0 (Windows NT 6.0; rv:10.0.1) Gecko/20100101 Firefox/10.0.1"
112.42.221.126 - - [17/Nov/2017:22:58:40 +0000] "GET /category/software HTTP/1.1" 200 103 "http://www.google.com/search?ie=UTF-8&q=google&sclient=psy-ab&q=Software&oq=Software&aq=f&aqi=g-vL1&aql=&pbx=1&bav=on.2,or.r_gc.r_pw.r_qf.,cf.osb&biw=3249&bih=373" "Mozilla/5.0 (Windows NT 6.1; WOW64; rv:10.0.1) Gecko/20100101 Firefox/10.0.1"
160.183.132.213 - - [17/Nov/2017:22:58:45 +0000] "GET /item/giftcards/4757 HTTP/1.1" 200 133 "/item/electronics/3042" "Mozilla/4.0 (compatible; MSIE 8.0; Windows NT 6.0; WOW64; Trident/4.0; GTB6; SLCC1; .NET CLR 2.0.50727; Media Center PC 5.0; .NET CLR 3.5.30729; .NET CLR 3.0.30618; .NET4.0C)"
96.72.174.129 - - [17/Nov/2017:22:58:50 +0000] "GET /category/electronics HTTP/1.1" 200 128 "-" "Mozilla/4.0 (compatible; MSIE 8.0; Windows NT 6.1; WOW64; Trident/4.0; GTB7.2; SLCC2; .NET CLR 2.0.50727; .NET CLR 3.5.30729; .NET CLR 3.0.30729; Media Center PC 6.0; .NET4.0C)"
144.126.86.47 - - [17/Nov/2017:22:58:55 +0000] "GET /category/electronics HTTP/1.1" 200 113 "-" "Mozilla/5.0 (compatible; Googlebot/2.1; +http://www.google.com/bot.html)"
160.216.60.23 - - [17/Nov/2017:22:59:00 +0000] "GET /item/music/532 HTTP/1.1" 200 43 "/category/office" "Mozilla/5.0 (Windows NT 5.1) AppleWebKit/535.11 (KHTML, like Gecko) Chrome/17.0.963.46 Safari/535.11"
32.156.124.60 - - [17/Nov/2017:22:59:05 +0000] "GET /item/games/4819 HTTP/1.1" 200 115 "/item/electronics/379" "Mozilla/5.0 (Windows NT 6.1; WOW64) AppleWebKit/535.11 (KHTML, like Gecko) Chrome/17.0.963.56 Safari/535.11"
92.204.226.50 - - [17/Nov/2017:22:59:10 +0000] "GET /item/toys/2432 HTTP/1.1" 200 54 "/category/toys" "Mozilla/5.0 (Windows NT 5.1) AppleWebKit/535.11 (KHTML, like Gecko) Chrome/17.0.963.46 Safari/535.11"
196.69.125.183 - - [17/Nov/2017:22:59:15 +0000] "POST /search/?c=Office+Computers HTTP/1.1" 200 62 "-" "Mozilla/4.0 (compatible; MSIE 8.0; Windows NT 5.1; Trident/4.0; YTB720; GTB7.2; .NET CLR 1.1.4322; .NET CLR 2.0.50727; .NET CLR 3.0.4506.2152; .NET CLR 3.5.30729)"
24.48.22.162 - - [17/Nov/2017:22:59:20 +0000] "GET /category/garden?from=0 HTTP/1.1" 200 77 "/category/garden" "Mozilla/5.0 (compatible; MSIE 9.0; Windows NT 6.1; WOW64; Trident/5.0)"
188.78.192.171 - - [17/Nov/2017:22:59:25 +0000] "GET /item/electronics/3314 HTTP/1.1" 200 46 "/category/games" "Mozilla/5.0 (Windows NT 6.1; WOW64) AppleWebKit/535.11 (KHTML, like Gecko) Chrome/17.0.963.56 Safari/535.11"
128.54.131.218 - - [17/Nov/2017:22:59:30 +0000] "GET /category/finance HTTP/1.1" 200 46 "/item/electronics/106" "Mozilla/5.0 (Windows NT 6.0; rv:10.0.1) Gecko/20100101 Firefox/10.0.1"
224.228.152.212 - - [17/Nov/2017:22:59:35 +0000] "GET /item/electronics/3042 HTTP/1.1" 200 45 "/search/?c=Electronics" "Mozilla/5.0 (Macintosh; Intel Mac OS X 10.6; rv:9.0.1) Gecko/20100101 Firefox/9.0.1"
68.201.134.81 - - [17/Nov/2017:22:59:40 +0000] "GET /category/finance HTTP/1.1" 200 98 "/search/?c=Giftcards+Games" "Mozilla/5.0 (Windows NT 6.1; WOW64; rv:10.0.1) Gecko/20100101 Firefox/10.0.1"
208.174.27.69 - - [17/Nov/2017:22:59:45 +0000] "GET /category/computers HTTP/1.1" 200 127 "/category/garden" "Mozilla/5.0 (Windows NT 6.1; WOW64) AppleWebKit/535.11 (KHTML, like Gecko) Chrome/17.0.963.56 Safari/535.11"
208.99.126.192 - - [17/Nov/2017:22:59:50 +0000] "GET /category/games HTTP/1.1" 200 114 "-" "Mozilla/4.0 (compatible; MSIE 8.0; Windows NT 5.1; Trident/4.0; YTB720; GTB7.2; .NET CLR 1.1.4322; .NET CLR 2.0.50727; .NET CLR 3.0.4506.2152; .NET CLR 3.5.30729)"
96.195.97.48 - - [17/Nov/2017:22:59:55 +0000] "GET /item/electronics/3393 HTTP/1.1" 404 59 "-" "Mozilla/5.0 (compatible; MSIE 9.0; Windows NT 6.1; Trident/5.0)"
56.153.218.154 - - [17/Nov/2017:23:00:00 +0000] "GET /category/games?from=10 HTTP/1.1" 200 124 "/category/games" "Mozilla/5.0 (compatible; MSIE 9.0; Windows NT 6.1; Trident/5.0)"
116.132.223.92 - - [17/Nov/2017:23:00:05 +0000] "GET /category/electronics HTTP/1.1" 200 65 "/category/computers" "Mozilla/5.0 (Macintosh; Intel Mac OS X 10.6; rv:9.0.1) Gecko/20100101 Firefox/9.0.1"
188.210.194.32 - - [17/Nov/2017:23:00:10 +0000] "GET /item/books/3588 HTTP/1.1" 200 117 "/item/health/2423" "Mozilla/5.0 (Macintosh; Intel Mac OS X 10.6; rv:9.0.1) Gecko/20100101 Firefox/9.0.1"
60.126.223.156 - - [17/Nov/2017:23:00:15 +0000] "GET /category/software HTTP/1.1" 200 73 "-" "Mozilla/5.0 (Windows NT 6.0; rv:10.0.1) Gecko/20100101 Firefox/10.0.1"
164.45.62.175 - - [17/Nov/2017:23:00:20 +0000] "GET /category/software HTTP/1.1" 200 90 "-" "Mozilla/4.0 (compatible; MSIE 8.0; Windows NT 5.1; Trident/4.0; BTRS122159; GTB7.2; .NET CLR 1.1.4322; .NET CLR 2.0.50727; .NET CLR 3.0.04506.30; .NET CLR 3.0.4506.2152; .NET CLR 3.5.30729; BRI/2)"
112.177.180.133 - - [17/Nov/2017:23:00:25 +0000] "POST /search/?c=Computers+Electronics HTTP/1.1" 200 136 "/category/books" "Mozilla/5.0 (compatible; MSIE 9.0; Windows NT 6.1; WOW64; Trident/5.0)"
140.27.85.29 - - [17/Nov/2017:23:00:30 +0000] "GET /item/computers/4451 HTTP/1.1" 200 42 "http://www.google.com/search?ie=UTF-8&q=google&sclient=psy-ab&q=Computers&oq=Computers&aq=f&aqi=g-vL1&aql=&pbx=1&bav=on.2,or.r_gc.r_pw.r_qf.,cf.osb&biw=1228&bih=250" "Mozilla/4.0 (compatible; MSIE 8.0; Windows NT 5.1; Trident/4.0; YTB720; GTB7.2; .NET CLR 1.1.4322; .NET CLR 2.0.50727; .NET CLR 3.0.4506.2152; .NET CLR 3.5.30729)"
212.228.110.108 - - [17/Nov/2017:23:00:35 +0000] "GET /item/books/4255 HTTP/1.1" 200 108 "/item/electronics/1" "Mozilla/4.0 (compatible; MSIE 8.0; Windows NT 6.1; WOW64; Trident/4.0; GTB7.2; SLCC2; .NET CLR 2.0.50727; .NET CLR 3.5.30729; .NET CLR 3.0.30729; Media Center PC 6.0; .NET4.0C)"
32.156.124.60 - - [17/Nov/2017:23:00:40 +0000] "GET /category/music HTTP/1.1" 200 92 "-" "Mozilla/5.0 (Windows NT 6.1; WOW64; rv:10.0.1) Gecko/20100101 Firefox/10.0.1"
224.177.34.186 - - [17/Nov/2017:23:00:45 +0000] "GET /category/software HTTP/1.1" 200 121 "/item/health/1329" "Mozilla/5.0 (compatible; MSIE 9.0; Windows NT 6.1; Trident/5.0)"
212.84.86.22 - - [17/Nov/2017:23:00:50 +0000] "GET /item/toys/2432 HTTP/1.1" 200 54 "/item/networking/3831" "Mozilla/4.0 (compatible; MSIE 8.0; Windows NT 6.1; WOW64; Trident/4.0; YTB730; GTB7.2; SLCC2; .NET CLR 2.0.50727; .NET CLR 3.5.30729; .NET CLR 3.0.30729; .NET4.0C; .NET4.0E; Media Center PC 6.0)"
92.180.180.225 - - [17/Nov/2017:23:00:55 +0000] "GET /item/health/2403 HTTP/1.1" 200 112 "/category/health" "Mozilla/5.0 (Windows NT 6.0) AppleWebKit/535.11 (KHTML, like Gecko) Chrome/17.0.963.56 Safari/535.11"
116.144.123.207 - - [17/Nov/2017:23:01:00 +0000] "GET /item/software/3961 HTTP/1.1" 200 86 "/item/software/2512" "Mozilla/5.0 (Macintosh; Intel Mac OS X 10.6; rv:9.0.1) Gecko/20100101 Firefox/9.0.1"
144.51.141.192 - - [17/Nov/2017:23:01:05 +0000] "GET /category/electronics HTTP/1.1" 200 89 "-" "Mozilla/5.0 (Macintosh; Intel Mac OS X 10.6; rv:9.0.1) Gecko/20100101 Firefox/9.0.1"
220.99.157.29 - - [17/Nov/2017:23:01:10 +0000] "GET /category/software HTTP/1.1" 200 131 "-" "Mozilla/5.0 (Windows NT 6.0; rv:10.0.1) Gecko/20100101 Firefox/10.0.1"
136.222.62.176 - - [17/Nov/2017:23:01:15 +0000] "GET /item/sports/2911 HTTP/1.1" 200 130 "/category/health?from=10" "Mozilla/4.0 (compatible; MSIE 8.0; Windows NT 6.1; WOW64; Trident/4.0; GTB7.2; SLCC2; .NET CLR 2.0.50727; .NET CLR 3.5.30729; .NET CLR 3.0.30729; Media Center PC 6.0; .NET4.0C)"
192.198.25.191 - - [17/Nov/2017:23:01:20 +0000] "GET /category/office HTTP/1.1" 200 54 "/category/computers" "Mozilla/5.0 (compatible; MSIE 9.0; Windows NT 6.1; WOW64; Trident/5.0)"
120.111.204.203 - - [17/Nov/2017:23:01:25 +0000] "GET /item/electronics/1344 HTTP/1.1" 200 61 "/item/games/4398" "Mozilla/4.0 (compatible; MSIE 8.0; Windows NT 6.1; WOW64; Trident/4.0; YTB730; GTB7.2; SLCC2; .NET CLR 2.0.50727; .NET CLR 3.5.30729; .NET CLR 3.0.30729; .NET4.0C; .NET4.0E; Media Center PC 6.0)"
32.189.72.176 - - [17/Nov/2017:23:01:30 +0000] "GET /category/software HTTP/1.1" 200 109 "/item/office/4367" "Mozilla/4.0 (compatible; MSIE 8.0; Windows NT 6.0; WOW64; Trident/4.0; GTB6; SLCC1; .NET CLR 2.0.50727; Media Center PC 5.0; .NET CLR 3.5.30729; .NET CLR 3.0.30618; .NET4.0C)"
224.87.199.41 - - [17/Nov/2017:23:01:35 +0000] "GET /item/games/3254 HTTP/1.1" 200 41 "/category/finance?from=0" "Mozilla/5.0 (Windows NT 6.0; rv:10.0.1) Gecko/20100101 Firefox/10.0.1"
40.219.75.36 - - [17/Nov/2017:23:01:40 +0000] "GET /item/electronics/261 HTTP/1.1" 200 70 "/search/?c=Electronics" "Mozilla/4.0 (compatible; MSIE 8.0; Windows NT 6.1; WOW64; Trident/4.0; YTB730; GTB7.2; EasyBits GO v1.0; SLCC2; .NET CLR 2.0.50727; .NET CLR 3.5.30729; .NET CLR 3.0.30729; Media Center PC 6.0; .NET4.0C)"
20.27.98.157 - - [17/Nov/2017:23:01:45 +0000] "GET /category/sports?from=0 HTTP/1.1" 200 81 "/category/jewelry" "Mozilla/4.0 (compatible; MSIE 8.0; Windows NT 6.1; Trident/4.0; YTB730; SLCC2; .NET CLR 2.0.50727; .NET CLR 3.5.30729; .NET CLR 3.0.30729; Media Center PC 6.0; .NET4.0C)"
136.138.110.70 - - [17/Nov/2017:23:01:50 +0000] "GET /category/office?from=0 HTTP/1.1" 200 93 "/search/?c=Sports+Giftcards" "Mozilla/5.0 (Windows NT 6.0; rv:10.0.1) Gecko/20100101 Firefox/10.0.1"
144.168.60.186 - - [17/Nov/2017:23:01:55 +0000] "GET /category/jewelry HTTP/1.1" 200 40 "/item/giftcards/4757" "Mozilla/5.0 (Macintosh; Intel Mac OS X 10.6; rv:9.0.1) Gecko/20100101 Firefox/9.0.1"
168.108.147.195 - - [17/Nov/2017:23:02:00 +0000] "GET /item/networking/4696 HTTP/1.1" 200 138 "/category/finance?from=20" "Mozilla/5.0 (Windows NT 6.1; WOW64) AppleWebKit/535.7 (KHTML, like Gecko) Chrome/16.0.912.77 Safari/535.7"
196.57.135.222 - - [17/Nov/2017:23:02:05 +0000] "GET /category/software HTTP/1.1" 200 50 "-" "Mozilla/4.0 (compatible; MSIE 8.0; Windows NT 6.0; WOW64; Trident/4.0; GTB6; SLCC1; .NET CLR 2.0.50727; Media Center PC 5.0; .NET CLR 3.5.30729; .NET CLR 3.0.30618; .NET4.0C)"
176.45.134.220 - - [17/Nov/2017:23:02:10 +0000] "POST /search/?c=Music HTTP/1.1" 200 44 "/category/software" "Mozilla/5.0 (Windows NT 6.0) AppleWebKit/535.11 (KHTML, like Gecko) Chrome/17.0.963.56 Safari/535.11"
168.27.211.221 - - [17/Nov/2017:23:02:15 +0000] "GET /item/electronics/663 HTTP/1.1" 404 78 "/category/networking" "Mozilla/4.0 (compatible; MSIE 8.0; Windows NT 5.1; Trident/4.0; YTB720; GTB7.2; .NET CLR 1.1.4322; .NET CLR 2.0.50727; .NET CLR 3.0.4506.2152; .NET CLR 3.5.30729)"
148.81.169.77 - - [17/Nov/2017:23:02:20 +0000] "GET /item/networking/67 HTTP/1.1" 200 52 "/search/?c=Electronics" "Mozilla/5.0 (Macintosh; Intel Mac OS X 10.6; rv:9.0.1) Gecko/20100101 Firefox/9.0.1"
144.114.134.210 - - [17/Nov/2017:23:02:25 +0000] "GET /item/books/3757 HTTP/1.1" 200 115 "/item/electronics/4030" "Mozilla/4.0 (compatible; MSIE 8.0; Windows NT 5.1; Trident/4.0; BTRS122159; GTB7.2; .NET CLR 1.1.4322; .NET CLR 2.0.50727; .NET CLR 3.0.04506.30; .NET CLR 3.0.4506.2152; .NET CLR 3.5.30729; BRI/2)"
24.225.171.131 - - [17/Nov/2017:23:02:30 +0000] "GET /category/books HTTP/1.1" 200 57 "-" "Mozilla/4.0 (compatible; MSIE 8.0; Windows NT 6.1; Trident/4.0; YTB730; SLCC2; .NET CLR 2.0.50727; .NET CLR 3.5.30729; .NET CLR 3.0.30729; Media Center PC 6.0; .NET4.0C)"
164.165.47.101 - - [17/Nov/2017:23:02:35 +0000] "GET /category/games HTTP/1.1" 200 66 "/category/sports?from=10" "Mozilla/5.0 (iPhone; CPU iPhone OS 5_0_1 like Mac OS X) AppleWebKit/534.46 (KHTML, like Gecko) Version/5.1 Mobile/9A405 Safari/7534.48.3"
192.168.214.196 - - [17/Nov/2017:23:02:40 +0000] "GET /item/books/3588 HTTP/1.1" 200 117 "-" "Mozilla/4.0 (compatible; MSIE 8.0; Windows NT 5.1; Trident/4.0; BTRS122159; GTB7.2; .NET CLR 1.1.4322; .NET CLR 2.0.50727; .NET CLR 3.0.04506.30; .NET CLR 3.0.4506.2152; .NET CLR 3.5.30729; BRI/2)"
132.183.166.198 - - [17/Nov/2017:23:02:45 +0000] "GET /item/books/4322 HTTP/1.1" 200 44 "-" "Mozilla/5.0 (Windows NT 6.0; rv:10.0.1) Gecko/20100101 Firefox/10.0.1"
60.30.169.122 - - [17/Nov/2017:23:02:50 +0000] "GET /category/computers HTTP/1.1" 200 133 "-" "Mozilla/4.0 (compatible; MSIE 8.0; Windows NT 6.1; WOW64; Trident/4.0; GTB7.2; SLCC2; .NET CLR 2.0.50727; .NET CLR 3.5.30729; .NET CLR 3.0.30729; Media Center PC 6.0; .NET4.0C)"
148.171.78.128 - - [17/Nov/2017:23:02:55 +0000] "GET /category/electronics HTTP/1.1" 200 96 "/item/health/3531" "Mozilla/5.0 (Windows NT 6.1; WOW64) AppleWebKit/535.11 (KHTML, like Gecko) Chrome/17.0.963.56 Safari/535.11"
20.144.126.37 - - [17/Nov/2017:23:03:00 +0000] "GET /category/giftcards HTTP/1.1" 200 43 "-" "Mozilla/5.0 (Windows NT 6.1; WOW64) AppleWebKit/535.7 (KHTML, like Gecko) Chrome/16.0.912.77 Safari/535.7"
184.45.158.136 - - [17/Nov/2017:23:03:05 +0000] "GET /item/games/2779 HTTP/1.1" 200 56 "/item/games/15" "Mozilla/4.0 (compatible; MSIE 8.0; Windows NT 6.1; WOW64; Trident/4.0; YTB730; GTB7.2; SLCC2; .NET CLR 2.0.50727; .NET CLR 3.5.30729; .NET CLR 3.0.30729; .NET4.0C; .NET4.0E; Media Center PC 6.0)"
196.51.65.141 - - [17/Nov/2017:23:03:10 +0000] "GET /category/electronics HTTP/1.1" 200 98 "-" "Mozilla/5.0 (compatible; MSIE 9.0; Windows NT 6.1; Trident/5.0)"
64.138.87.214 - - [17/Nov/2017:23:03:15 +0000] "GET /category/games HTTP/1.1" 200 59 "/item/electronics/670" "Mozilla/5.0 (iPad; CPU OS 5_0_1 like Mac OS X) AppleWebKit/534.46 (KHTML, like Gecko) Version/5.1 Mobile/9A405 Safari/7534.48.3"
148.84.20.175 - - [17/Nov/2017:23:03:20 +0000] "GET /category/electronics HTTP/1.1" 200 101 "-" "Mozilla/5.0 (compatible; MSIE 9.0; Windows NT 6.1; WOW64; Trident/5.0)"
52.219.45.68 - - [17/Nov/2017:23:03:25 +0000] "GET /category/electronics HTTP/1.1" 200 75 "/category/networking" "Mozilla/5.0 (Windows NT 6.0) AppleWebKit/535.11 (KHTML, like Gecko) Chrome/17.0.963.56 Safari/535.11"
124.207.71.32 - - [17/Nov/2017:23:03:30 +0000] "GET /item/jewelry/3466 HTTP/1.1" 200 130 "-" "Mozilla/5.0 (Windows NT 6.0; rv:10.0.1) Gecko/20100101 Firefox/10.0.1"
192.180.36.138 - - [17/Nov/2017:23:03:35 +0000] "GET /category/sports HTTP/1.1" 200 49 "-" "Mozilla/4.0 (compatible; MSIE 8.0; Windows NT 6.0; WOW64; Trident/4.0; GTB6; SLCC1; .NET CLR 2.0.50727; Media Center PC 5.0; .NET CLR 3.5.30729; .NET CLR 3.0.30618; .NET4.0C)"
112.18.198.226 - - [17/Nov/2017:23:03:40 +0000] "GET /category/networking HTTP/1.1" 200 82 "/category/computers" "Mozilla/5.0 (Windows NT 6.0; rv:10.0.1) Gecko/20100101 Firefox/10.0.1"
76.75.163.170 - - [17/Nov/2017:23:03:45 +0000] "GET /item/networking/3831 HTTP/1.1" 200 85 "/category/office" "Mozilla/5.0 (Windows NT 6.0; rv:10.0.1) Gecko/20100101 Firefox/10.0.1"
212.219.212.37 - - [17/Nov/2017:23:03:50 +0000] "GET /item/health/3613 HTTP/1.1" 200 90 "/category/games" "Mozilla/5.0 (iPhone; CPU iPhone OS 5_0_1 like Mac OS X) AppleWebKit/534.46 (KHTML, like Gecko) Version/5.1 Mobile/9A405 Safari/7534.48.3"
152.129.164.95 - - [17/Nov/2017:23:03:55 +0000] "GET /item/computers/1333 HTTP/1.1" 200 108 "-" "Mozilla/4.0 (compatible; MSIE 8.0; Windows NT 5.1; Trident/4.0; YTB720; GTB7.2; .NET CLR 1.1.4322; .NET CLR 2.0.50727; .NET CLR 3.0.4506.2152; .NET CLR 3.5.30729)"
128.213.146.74 - - [17/Nov/2017:23:04:00 +0000] "GET /category/computers?from=0 HTTP/1.1" 200 40 "/category/computers" "Mozilla/4.0 (compatible; MSIE 8.0; Windows NT 5.1; Trident/4.0; YTB720; GTB7.2; .NET CLR 1.1.4322; .NET CLR 2.0.50727; .NET CLR 3.0.4506.2152; .NET CLR 3.5.30729)"
132.219.26.113 - - [17/Nov/2017:23:04:05 +0000] "GET /category/health HTTP/1.1" 200 101 "-" "Mozilla/4.0 (compatible; MSIE 8.0; Windows NT 6.1; WOW64; Trident/4.0; GTB7.2; SLCC2; .NET CLR 2.0.50727; .NET CLR 3.5.30729; .NET CLR 3.0.30729; Media Center PC 6.0; .NET4.0C)"
112.159.38.190 - - [17/Nov/2017:23:04:10 +0000] "GET /category/music HTTP/1.1" 200 46 "-" "Mozilla/5.0 (Windows NT 6.0; rv:10.0.1) Gecko/20100101 Firefox/10.0.1"
48.39.50.112 - - [17/Nov/2017:23:04:15 +0000] "GET /item/cameras/590 HTTP/1.1" 200 133 "/search/?c=Cameras+Books" "Mozilla/5.0 (compatible; MSIE 9.0; Windows NT 6.1; Trident/5.0)"
140.120.88.217 - - [17/Nov/2017:23:04:20 +0000] "GET /category/toys HTTP/1.1" 200 125 "/category/music?from=0" "Mozilla/5.0 (Windows NT 6.1; WOW64; rv:10.0.1) Gecko/20100101 Firefox/10.0.1"
152.66.214.200 - - [17/Nov/2017:23:04:25 +0000] "POST /search/?c=Games+Software HTTP/1.1" 200 55 "/category/electronics" "Mozilla/5.0 (compatible; Googlebot/2.1; +http://www.google.com/bot.html)"
184.27.50.181 - - [17/Nov/2017:23:04:30 +0000] "GET /category/books?from=10 HTTP/1.1" 200 86 "/search/?c=Books" "Mozilla/5.0 (Windows NT 6.0; rv:10.0.1) Gecko/20100101 Firefox/10.0.1"
68.222.159.224 - - [17/Nov/2017:23:04:35 +0000] "GET /category/sports HTTP/1.1" 200 48 "/category/finance" "Mozilla/5.0 (compatible; MSIE 9.0; Windows NT 6.1; WOW64; Trident/5.0)"
36.33.116.55 - - [17/Nov/2017:23:04:40 +0000] "GET /category/games HTTP/1.1" 200 59 "/search/?c=Electronics" "Mozilla/4.0 (compatible; MSIE 8.0; Windows NT 5.1; Trident/4.0; BTRS122159; GTB7.2; .NET CLR 1.1.4322; .NET CLR 2.0.50727; .NET CLR 3.0.04506.30; .NET CLR 3.0.4506.2152; .NET CLR 3.5.30729; BRI/2)"
208.180.75.49 - - [17/Nov/2017:23:04:45 +0000] "GET /category/software HTTP/1.1" 200 63 "-" "Mozilla/5.0 (Windows NT 6.1; WOW64) AppleWebKit/535.11 (KHTML, like Gecko) Chrome/17.0.963.56 Safari/535.11"
92.48.136.180 - - [17/Nov/2017:23:04:50 +0000] "POST /search/?c=Office HTTP/1.1" 200 138 "/category/electronics" "Mozilla/5.0 (compatible; MSIE 9.0; Windows NT 6.1; WOW64; Trident/5.0)"
40.36.205.118 - - [17/Nov/2017:23:04:55 +0000] "GET /category/electronics HTTP/1.1" 200 46 "-" "Mozilla/4.0 (compatible; MSIE 8.0; Windows NT 6.0; WOW64; Trident/4.0; GTB6; SLCC1; .NET CLR 2.0.50727; Media Center PC 5.0; .NET CLR 3.5.30729; .NET CLR 3.0.30618; .NET4.0C)"
124.210.121.29 - - [17/Nov/2017:23:05:00 +0000] "GET /category/games HTTP/1.1" 200 100 "/item/software/2036" "Mozilla/5.0 (compatible; MSIE 9.0; Windows NT 6.1; Trident/5.0)"
100.192.67.188 - - [17/Nov/2017:23:05:05 +0000] "GET /item/games/1021 HTTP/1.1" 200 124 "/search/?c=Office+Electronics" "Mozilla/5.0 (Macintosh; Intel Mac OS X 10.6; rv:9.0.1) Gecko/20100101 Firefox/9.0.1"
112.144.23.168 - - [17/Nov/2017:23:05:10 +0000] "GET /item/electronics/106 HTTP/1.1" 200 50 "http://www.google.com/search?ie=UTF-8&q=google&sclient=psy-ab&q=Electronics+Electronics&oq=Electronics+Electronics&aq=f&aqi=g-vL1&aql=&pbx=1&bav=on.2,or.r_gc.r_pw.r_qf.,cf.osb&biw=2097&bih=511" "Mozilla/4.0 (compatible; MSIE 8.0; Windows NT 6.1; WOW64; Trident/4.0; YTB730; GTB7.2; EasyBits GO v1.0; SLCC2; .NET CLR 2.0.50727; .NET CLR 3.5.30729; .NET CLR 3.0.30729; Media Center PC 6.0; .NET4.0C)"
44.39.69.128 - - [17/Nov/2017:23:05:15 +0000] "GET /item/computers/770 HTTP/1.1" 200 105 "/search/?c=Computers+Office" "Mozilla/5.0 (Windows NT 6.1; WOW64) AppleWebKit/535.7 (KHTML, like Gecko) Chrome/16.0.912.77 Safari/535.7"
100.54.117.195 - - [17/Nov/2017:23:05:20 +0000] "GET /category/electronics HTTP/1.1" 200 83 "-" "Mozilla/5.0 (iPhone; CPU iPhone OS 5_0_1 like Mac OS X) AppleWebKit/534.46 (KHTML, like Gecko) Version/5.1 Mobile/9A405 Safari/7534.48.3"
104.225.169.202 - - [17/Nov/2017:23:05:25 +0000] "GET /item/electronics/2670 HTTP/1.1" 200 51 "/search/?c=Electronics" "Mozilla/5.0 (Windows NT 6.1; WOW64) AppleWebKit/535.11 (KHTML, like Gecko) Chrome/17.0.963.56 Safari/535.11"
212.192.182.120 - - [17/Nov/2017:23:05:30 +0000] "GET /category/software HTTP/1.1" 200 49 "/item/books/469" "Mozilla/4.0 (compatible; MSIE 8.0; Windows NT 6.1; WOW64; Trident/4.0; YTB730; GTB7.2; EasyBits GO v1.0; SLCC2; .NET CLR 2.0.50727; .NET CLR 3.5.30729; .NET CLR 3.0.30729; Media Center PC 6.0; .NET4.0C)"
68.117.130.229 - - [17/Nov/2017:23:05:35 +0000] "GET /category/games HTTP/1.1" 200 49 "-" "Mozilla/5.0 (compatible; Googlebot/2.1; +http://www.google.com/bot.html)"
72.27.184.75 - - [17/Nov/2017:23:05:40 +0000] "GET /category/books?from=0 HTTP/1.1" 200 74 "/item/software/3961" "Mozilla/5.0 (iPhone; CPU iPhone OS 5_0_1 like Mac OS X) AppleWebKit/534.46 (KHTML, like Gecko) Version/5.1 Mobile/9A405 Safari/7534.48.3"
48.120.174.143 - - [17/Nov/2017:23:05:45 +0000] "GET /item/books/2649 HTTP/1.1" 200 60 "/item/software/4680" "Mozilla/5.0 (Windows NT 6.0) AppleWebKit/535.11 (KHTML, like Gecko) Chrome/17.0.963.56 Safari/535.11"
68.33.56.24 - - [17/Nov/2017:23:05:50 +0000] "GET /item/electronics/1042 HTTP/1.1" 200 130 "/category/software" "Mozilla/5.0 (Windows NT 6.1; WOW64) AppleWebKit/535.11 (KHTML, like Gecko) Chrome/17.0.963.56 Safari/535.11"
64.111.228.178 - - [17/Nov/2017:23:05:55 +0000] "GET /category/computers?from=20 HTTP/1.1" 200 52 "/category/games" "Mozilla/5.0 (Macintosh; Intel Mac OS X 10.6; rv:9.0.1) Gecko/20100101 Firefox/9.0.1"
116.219.67.62 - - [17/Nov/2017:23:06:00 +0000] "GET /category/software HTTP/1.1" 200 49 "-" "Mozilla/5.0 (Windows NT 6.1; WOW64; rv:10.0.1) Gecko/20100101 Firefox/10.0.1"
152.105.117.77 - - [17/Nov/2017:23:06:05 +0000] "GET /item/games/3284 HTTP/1.1" 200 120 "/category/books" "Mozilla/4.0 (compatible; MSIE 8.0; Windows NT 6.0; WOW64; Trident/4.0; GTB6; SLCC1; .NET CLR 2.0.50727; Media Center PC 5.0; .NET CLR 3.5.30729; .NET CLR 3.0.30618; .NET4.0C)"
128.36.120.25 - - [17/Nov/2017:23:06:10 +0000] "GET /category/games HTTP/1.1" 200 63 "/item/games/4762" "Mozilla/5.0 (compatible; Googlebot/2.1; +http://www.google.com/bot.html)"
180.96.213.98 - - [17/Nov/2017:23:06:15 +0000] "GET /category/software HTTP/1.1" 200 43 "/category/electronics" "Mozilla/5.0 (Macintosh; Intel Mac OS X 10.6; rv:9.0.1) Gecko/20100101 Firefox/9.0.1"
148.189.181.127 - - [17/Nov/2017:23:06:20 +0000] "GET /item/software/1950 HTTP/1.1" 200 117 "-" "Mozilla/4.0 (compatible; MSIE 8.0; Windows NT 5.1; Trident/4.0; YTB720; GTB7.2; .NET CLR 1.1.4322; .NET CLR 2.0.50727; .NET CLR 3.0.4506.2152; .NET CLR 3.5.30729)"
76.90.203.178 - - [17/Nov/2017:23:06:25 +0000] "GET /category/music HTTP/1.1" 200 138 "/category/music" "Mozilla/5.0 (Macintosh; Intel Mac OS X 10.6; rv:9.0.1) Gecko/20100101 Firefox/9.0.1"
176.30.78.65 - - [17/Nov/2017:23:06:30 +0000] "GET /category/software HTTP/1.1" 200 106 "-" "Mozilla/5.0 (compatible; MSIE 9.0; Windows NT 6.1; WOW64; Trident/5.0)"
20.21.65.80 - - [17/Nov/2017:23:06:35 +0000] "GET /category/games HTTP/1.1" 200 58 "http://www.google.com/search?ie=UTF-8&q=google&sclient=psy-ab&q=Games+Music&oq=Games+Music&aq=f&aqi=g-vL1&aql=&pbx=1&bav=on.2,or.r_gc.r_pw.r_qf.,cf.osb&biw=2897&bih=168" "Mozilla/5.0 (Windows NT 6.1; WOW64) AppleWebKit/535.7 (KHTML, like Gecko) Chrome/16.0.912.77 Safari/535.7"
172.48.138.173 - - [17/Nov/2017:23:06:40 +0000] "GET /category/books?from=20 HTTP/1.1" 200 121 "/category/books" "Mozilla/5.0 (compatible; Googlebot/2.1; +http://www.google.com/bot.html)"
72.216.215.73 - - [17/Nov/2017:23:06:45 +0000] "GET /item/electronics/2101 HTTP/1.1" 200 84 "/category/software" "Mozilla/4.0 (compatible; MSIE 8.0; Windows NT 5.1; Trident/4.0; BTRS122159; GTB7.2; .NET CLR 1.1.4322; .NET CLR 2.0.50727; .NET CLR 3.0.04506.30; .NET CLR 3.0.4506.2152; .NET CLR 3.5.30729; BRI/2)"
128.213.155.67 - - [17/Nov/2017:23:06:50 +0000] "GET /item/games/1456 HTTP/1.1" 200 111 "-" "Mozilla/5.0 (Macintosh; Intel Mac OS X 10.6; rv:9.0.1) Gecko/20100101 Firefox/9.0.1"
164.75.155.177 - - [17/Nov/2017:23:06:55 +0000] "GET /category/books HTTP/1.1" 200 83 "/search/?c=Office+Office" "Mozilla/5.0 (Macintosh; Intel Mac OS X 10.6; rv:9.0.1) Gecko/20100101 Firefox/9.0.1"
212.189.191.81 - - [17/Nov/2017:23:07:00 +0000] "POST /search/?c=Office+Office HTTP/1.1" 200 86 "-" "Mozilla/4.0 (compatible; MSIE 8.0; Windows NT 5.1; Trident/4.0; BTRS122159; GTB7.2; .NET CLR 1.1.4322; .NET CLR 2.0.50727; .NET CLR 3.0.04506.30; .NET CLR 3.0.4506.2152; .NET CLR 3.5.30729; BRI/2)"
216.120.179.55 - - [17/Nov/2017:23:07:05 +0000] "POST /search/?c=Software+Garden HTTP/1.1" 200 98 "/category/software" "Mozilla/5.0 (Macintosh; Intel Mac OS X 10.6; rv:9.0.1) Gecko/20100101 Firefox/9.0.1"
20.153.84.177 - - [17/Nov/2017:23:07:10 +0000] "GET /category/software HTTP/1.1" 200 99 "/item/books/4362" "Mozilla/5.0 (Windows NT 6.0) AppleWebKit/535.11 (KHTML, like Gecko) Chrome/17.0.963.56 Safari/535.11"
92.180.25.27 - - [17/Nov/2017:23:07:15 +0000] "GET /item/electronics/2524 HTTP/1.1" 200 57 "/search/?c=Electronics" "Mozilla/4.0 (compatible; MSIE 8.0; Windows NT 6.1; WOW64; Trident/4.0; YTB730; GTB7.2; SLCC2; .NET CLR 2.0.50727; .NET CLR 3.5.30729; .NET CLR 3.0.30729; .NET4.0C; .NET4.0E; Media Center PC 6.0)"
76.180.131.65 - - [17/Nov/2017:23:07:20 +0000] "GET /item/electronics/3983 HTTP/1.1" 200 47 "/category/computers?from=20" "Mozilla/4.0 (compatible; MSIE 8.0; Windows NT 5.1; Trident/4.0; BTRS122159; GTB7.2; .NET CLR 1.1.4322; .NET CLR 2.0.50727; .NET CLR 3.0.04506.30; .NET CLR 3.0.4506.2152; .NET CLR 3.5.30729; BRI/2)"
176.177.94.159 - - [17/Nov/2017:23:07:25 +0000] "GET /category/electronics?from=20 HTTP/1.1" 200 124 "/item/software/992" "Mozilla/5.0 (Windows NT 5.1) AppleWebKit/535.11 (KHTML, like Gecko) Chrome/17.0.963.46 Safari/535.11"
24.225.171.131 - - [17/Nov/2017:23:07:30 +0000] "GET /category/sports HTTP/1.1" 200 98 "-" "Mozilla/4.0 (compatible; MSIE 8.0; Windows NT 6.1; Trident/4.0; YTB730; SLCC2; .NET CLR 2.0.50727; .NET CLR 3.5.30729; .NET CLR 3.0.30729; Media Center PC 6.0; .NET4.0C)"
168.27.211.221 - - [17/Nov/2017:23:07:35 +0000] "GET /category/software HTTP/1.1" 200 78 "/item/health/3531" "Mozilla/5.0 (Windows NT 6.0) AppleWebKit/535.11 (KHTML, like Gecko) Chrome/17.0.963.56 Safari/535.11"
52.39.67.99 - - [17/Nov/2017:23:07:40 +0000] "GET /category/electronics HTTP/1.1" 200 125 "/item/garden/2308" "Mozilla/5.0 (Windows NT 6.1; WOW64) AppleWebKit/535.7 (KHTML, like Gecko) Chrome/16.0.912.77 Safari/535.7"
212.219.212.37 - - [17/Nov/2017:23:07:45 +0000] "GET /item/computers/1272 HTTP/1.1" 200 98 "/category/computers" "Mozilla/4.0 (compatible; MSIE 8.0; Windows NT 5.1; Trident/4.0; BTRS122159; GTB7.2; .NET CLR 1.1.4322; .NET CLR 2.0.50727; .NET CLR 3.0.04506.30; .NET CLR 3.0.4506.2152; .NET CLR 3.5.30729; BRI/2)"
112.132.152.220 - - [17/Nov/2017:23:07:50 +0000] "GET /item/networking/3236 HTTP/1.1" 200 109 "http://www.google.com/search?ie=UTF-8&q=google&sclient=psy-ab&q=Networking&oq=Networking&aq=f&aqi=g-vL1&aql=&pbx=1&bav=on.2,or.r_gc.r_pw.r_qf.,cf.osb&biw=1590&bih=105" "Mozilla/5.0 (Windows NT 6.1; WOW64; rv:10.0.1) Gecko/20100101 Firefox/10.0.1"
152.66.214.200 - - [17/Nov/2017:23:07:55 +0000] "GET /item/music/4403 HTTP/1.1" 200 96 "-" "Mozilla/5.0 (Windows NT 5.1) AppleWebKit/535.11 (KHTML, like Gecko) Chrome/17.0.963.46 Safari/535.11"
156.81.120.91 - - [17/Nov/2017:23:08:00 +0000] "GET /category/networking HTTP/1.1" 200 82 "-" "Mozilla/5.0 (compatible; MSIE 9.0; Windows NT 6.1; WOW64; Trident/5.0)"
184.162.181.93 - - [17/Nov/2017:23:08:05 +0000] "GET /category/jewelry?from=20 HTTP/1.1" 200 127 "/item/electronics/3314" "Mozilla/5.0 (Windows NT 6.1; WOW64; rv:10.0.1) Gecko/20100101 Firefox/10.0.1"
32.222.29.160 - - [17/Nov/2017:23:08:10 +0000] "GET /item/books/515 HTTP/1.1" 200 124 "-" "Mozilla/5.0 (Macintosh; Intel Mac OS X 10.6; rv:9.0.1) Gecko/20100101 Firefox/9.0.1"
132.141.158.51 - - [17/Nov/2017:23:08:15 +0000] "GET /category/garden HTTP/1.1" 200 87 "-" "Mozilla/5.0 (compatible; MSIE 9.0; Windows NT 6.1; WOW64; Trident/5.0)"
28.129.53.32 - - [17/Nov/2017:23:08:20 +0000] "GET /category/office?from=0 HTTP/1.1" 200 93 "-" "Mozilla/5.0 (Windows NT 6.1; WOW64) AppleWebKit/535.11 (KHTML, like Gecko) Chrome/17.0.963.56 Safari/535.11"
112.204.94.24 - - [17/Nov/2017:23:08:25 +0000] "GET /category/finance HTTP/1.1" 200 76 "/category/software" "Mozilla/5.0 (compatible; MSIE 9.0; Windows NT 6.1; WOW64; Trident/5.0)"
116.144.123.207 - - [17/Nov/2017:23:08:30 +0000] "GET /item/health/2403 HTTP/1.1" 200 112 "/category/jewelry" "Mozilla/5.0 (Macintosh; Intel Mac OS X 10.6; rv:9.0.1) Gecko/20100101 Firefox/9.0.1"
32.213.139.23 - - [17/Nov/2017:23:08:35 +0000] "GET /category/electronics HTTP/1.1" 200 98 "/category/cameras" "Mozilla/5.0 (compatible; MSIE 9.0; Windows NT 6.1; Trident/5.0)"
84.108.138.186 - - [17/Nov/2017:23:08:40 +0000] "GET /item/office/4637 HTTP/1.1" 200 70 "-" "Mozilla/5.0 (Windows NT 6.0; rv:10.0.1) Gecko/20100101 Firefox/10.0.1"
196.168.199.146 - - [17/Nov/2017:23:08:45 +0000] "GET /category/computers?from=20 HTTP/1.1" 200 52 "/category/computers" "Mozilla/4.0 (compatible; MSIE 8.0; Windows NT 6.1; WOW64; Trident/4.0; YTB730; GTB7.2; SLCC2; .NET CLR 2.0.50727; .NET CLR 3.5.30729; .NET CLR 3.0.30729; .NET4.0C; .NET4.0E; Media Center PC 6.0)"
104.207.115.95 - - [17/Nov/2017:23:08:50 +0000] "GET /category/software HTTP/1.1" 200 89 "/item/software/1876" "Mozilla/5.0 (Macintosh; Intel Mac OS X 10.6; rv:9.0.1) Gecko/20100101 Firefox/9.0.1"
136.54.219.130 - - [17/Nov/2017:23:08:55 +0000] "GET /item/finance/2915 HTTP/1.1" 200 87 "http://www.google.com/search?ie=UTF-8&q=google&sclient=psy-ab&q=Finance&oq=Finance&aq=f&aqi=g-vL1&aql=&pbx=1&bav=on.2,or.r_gc.r_pw.r_qf.,cf.osb&biw=1660&bih=112" "Mozilla/5.0 (Windows NT 6.0) AppleWebKit/535.11 (KHTML, like Gecko) Chrome/17.0.963.56 Safari/535.11"
144.129.150.26 - - [17/Nov/2017:23:09:00 +0000] "GET /item/garden/995 HTTP/1.1" 200 77 "/category/games" "Mozilla/4.0 (compatible; MSIE 8.0; Windows NT 6.1; WOW64; Trident/4.0; YTB730; GTB7.2; SLCC2; .NET CLR 2.0.50727; .NET CLR 3.5.30729; .NET CLR 3.0.30729; .NET4.0C; .NET4.0E; Media Center PC 6.0)"
40.78.48.94 - - [17/Nov/2017:23:09:05 +0000] "GET /category/software HTTP/1.1" 200 94 "-" "Mozilla/4.0 (compatible; MSIE 8.0; Windows NT 6.1; WOW64; Trident/4.0; GTB7.2; SLCC2; .NET CLR 2.0.50727; .NET CLR 3.5.30729; .NET CLR 3.0.30729; Media Center PC 6.0; .NET4.0C)"
100.174.103.32 - - [17/Nov/2017:23:09:10 +0000] "GET /item/games/2268 HTTP/1.1" 200 100 "/category/garden" "Mozilla/4.0 (compatible; MSIE 8.0; Windows NT 6.1; WOW64; Trident/4.0; GTB7.2; SLCC2; .NET CLR 2.0.50727; .NET CLR 3.5.30729; .NET CLR 3.0.30729; Media Center PC 6.0; .NET4.0C)"
168.93.214.104 - - [17/Nov/2017:23:09:15 +0000] "GET /item/software/2109 HTTP/1.1" 200 107 "/search/?c=Software" "Mozilla/5.0 (Macintosh; Intel Mac OS X 10.6; rv:9.0.1) Gecko/20100101 Firefox/9.0.1"
140.69.87.26 - - [17/Nov/2017:23:09:20 +0000] "GET /item/games/3491 HTTP/1.1" 200 100 "http://www.google.com/search?ie=UTF-8&q=google&sclient=psy-ab&q=Games&oq=Games&aq=f&aqi=g-vL1&aql=&pbx=1&bav=on.2,or.r_gc.r_pw.r_qf.,cf.osb&biw=1209&bih=420" "Mozilla/4.0 (compatible; MSIE 8.0; Windows NT 6.1; WOW64; Trident/4.0; YTB730; GTB7.2; EasyBits GO v1.0; SLCC2; .NET CLR 2.0.50727; .NET CLR 3.5.30729; .NET CLR 3.0.30729; Media Center PC 6.0; .NET4.0C)"
144.51.141.192 - - [17/Nov/2017:23:09:25 +0000] "GET /item/electronics/3529 HTTP/1.1" 404 122 "-" "Mozilla/5.0 (Windows NT 6.0; rv:10.0.1) Gecko/20100101 Firefox/10.0.1"
56.222.168.46 - - [17/Nov/2017:23:09:30 +0000] "GET /category/office HTTP/1.1" 200 124 "/item/cameras/2299" "Mozilla/5.0 (Windows NT 6.0) AppleWebKit/535.11 (KHTML, like Gecko) Chrome/17.0.963.56 Safari/535.11"
128.114.217.21 - - [17/Nov/2017:23:09:35 +0000] "GET /category/garden HTTP/1.1" 200 129 "http://www.google.com/search?ie=UTF-8&q=google&sclient=psy-ab&q=Garden&oq=Garden&aq=f&aqi=g-vL1&aql=&pbx=1&bav=on.2,or.r_gc.r_pw.r_qf.,cf.osb&biw=923&bih=417" "Mozilla/4.0 (compatible; MSIE 8.0; Windows NT 5.1; Trident/4.0; YTB720; GTB7.2; .NET CLR 1.1.4322; .NET CLR 2.0.50727; .NET CLR 3.0.4506.2152; .NET CLR 3.5.30729)"
44.159.148.20 - - [17/Nov/2017:23:09:40 +0000] "GET /category/cameras HTTP/1.1" 200 53 "-" "Mozilla/5.0 (Macintosh; Intel Mac OS X 10.6; rv:9.0.1) Gecko/20100101 Firefox/9.0.1"
72.129.64.28 - - [17/Nov/2017:23:09:45 +0000] "GET /category/electronics HTTP/1.1" 200 113 "/category/software" "Mozilla/4.0 (compatible; MSIE 8.0; Windows NT 6.1; WOW64; Trident/4.0; GTB7.2; SLCC2; .NET CLR 2.0.50727; .NET CLR 3.5.30729; .NET CLR 3.0.30729; Media Center PC 6.0; .NET4.0C)"
20.60.125.37 - - [17/Nov/2017:23:09:50 +0000] "GET /category/games HTTP/1.1" 200 87 "-" "Mozilla/5.0 (Windows NT 6.1; WOW64) AppleWebKit/535.11 (KHTML, like Gecko) Chrome/17.0.963.56 Safari/535.11"
208.207.38.30 - - [17/Nov/2017:23:09:55 +0000] "GET /category/office HTTP/1.1" 200 42 "-" "Mozilla/5.0 (Windows NT 6.0; rv:10.0.1) Gecko/20100101 Firefox/10.0.1"
104.147.188.161 - - [17/Nov/2017:23:10:00 +0000] "POST /search/?c=Electronics+Garden HTTP/1.1" 200 118 "-" "Mozilla/5.0 (Windows NT 6.0; rv:10.0.1) Gecko/20100101 Firefox/10.0.1"
116.33.181.169 - - [17/Nov/2017:23:10:05 +0000] "GET /category/books HTTP/1.1" 200 131 "-" "Mozilla/4.0 (compatible; MSIE 8.0; Windows NT 5.1; Trident/4.0; YTB720; GTB7.2; .NET CLR 1.1.4322; .NET CLR 2.0.50727; .NET CLR 3.0.4506.2152; .NET CLR 3.5.30729)"
144.222.227.44 - - [17/Nov/2017:23:10:10 +0000] "GET /category/software HTTP/1.1" 200 131 "/category/networking" "Mozilla/5.0 (Windows NT 6.1; WOW64; rv:10.0.1) Gecko/20100101 Firefox/10.0.1"
136.177.181.50 - - [17/Nov/2017:23:10:15 +0000] "GET /category/electronics HTTP/1.1" 200 115 "/category/cameras" "Mozilla/5.0 (compatible; MSIE 9.0; Windows NT 6.1; WOW64; Trident/5.0)"
112.186.182.189 - - [17/Nov/2017:23:10:20 +0000] "GET /item/games/3868 HTTP/1.1" 200 98 "/category/cameras" "Mozilla/5.0 (iPad; CPU OS 5_0_1 like Mac OS X) AppleWebKit/534.46 (KHTML, like Gecko) Version/5.1 Mobile/9A405 Safari/7534.48.3"
156.132.137.129 - - [17/Nov/2017:23:10:25 +0000] "GET /category/electronics HTTP/1.1" 200 79 "-" "Mozilla/4.0 (compatible; MSIE 8.0; Windows NT 6.1; WOW64; Trident/4.0; YTB730; GTB7.2; EasyBits GO v1.0; SLCC2; .NET CLR 2.0.50727; .NET CLR 3.5.30729; .NET CLR 3.0.30729; Media Center PC 6.0; .NET4.0C)"
124.210.121.29 - - [17/Nov/2017:23:10:30 +0000] "GET /category/electronics HTTP/1.1" 200 83 "/category/giftcards" "Mozilla/5.0 (Macintosh; Intel Mac OS X 10.6; rv:9.0.1) Gecko/20100101 Firefox/9.0.1"
132.63.161.43 - - [17/Nov/2017:23:10:35 +0000] "GET /category/music HTTP/1.1" 200 117 "/category/networking" "Mozilla/5.0 (Macintosh; Intel Mac OS X 10.6; rv:9.0.1) Gecko/20100101 Firefox/9.0.1"
48.219.110.88 - - [17/Nov/2017:23:10:40 +0000] "GET /item/electronics/2606 HTTP/1.1" 200 138 "/search/?c=Electronics+Health" "Mozilla/4.0 (compatible; MSIE 8.0; Windows NT 6.1; WOW64; Trident/4.0; GTB7.2; SLCC2; .NET CLR 2.0.50727; .NET CLR 3.5.30729; .NET CLR 3.0.30729; Media Center PC 6.0; .NET4.0C)"
184.57.118.95 - - [17/Nov/2017:23:10:45 +0000] "GET /item/computers/811 HTTP/1.1" 200 128 "-" "Mozilla/5.0 (Windows NT 6.1; WOW64) AppleWebKit/535.11 (KHTML, like Gecko) Chrome/17.0.963.56 Safari/535.11"
128.120.138.51 - - [17/Nov/2017:23:10:50 +0000] "GET /item/games/918 HTTP/1.1" 200 76 "/search/?c=Games+Office" "Mozilla/5.0 (compatible; MSIE 9.0; Windows NT 6.1; WOW64; Trident/5.0)"
108.219.222.220 - - [17/Nov/2017:23:10:55 +0000] "GET /category/software HTTP/1.1" 200 121 "/item/books/3992" "Mozilla/5.0 (compatible; MSIE 9.0; Windows NT 6.1; WOW64; Trident/5.0)"
20.153.84.177 - - [17/Nov/2017:23:11:00 +0000] "GET /category/software?from=0 HTTP/1.1" 200 91 "/category/garden" "Mozilla/5.0 (compatible; MSIE 9.0; Windows NT 6.1; Trident/5.0)"
80.144.46.167 - - [17/Nov/2017:23:11:05 +0000] "GET /category/electronics HTTP/1.1" 200 47 "-" "Mozilla/5.0 (iPhone; CPU iPhone OS 5_0_1 like Mac OS X) AppleWebKit/534.46 (KHTML, like Gecko) Version/5.1 Mobile/9A405 Safari/7534.48.3"
72.27.184.75 - - [17/Nov/2017:23:11:10 +0000] "GET /category/books HTTP/1.1" 200 96 "/item/finance/1103" "Mozilla/5.0 (iPhone; CPU iPhone OS 5_0_1 like Mac OS X) AppleWebKit/534.46 (KHTML, like Gecko) Version/5.1 Mobile/9A405 Safari/7534.48.3"
76.138.226.38 - - [17/Nov/2017:23:11:15 +0000] "GET /category/networking HTTP/1.1" 200 82 "http://www.google.com/search?ie=UTF-8&q=google&sclient=psy-ab&q=Networking&oq=Networking&aq=f&aqi=g-vL1&aql=&pbx=1&bav=on.2,or.r_gc.r_pw.r_qf.,cf.osb&biw=3465&bih=222" "Mozilla/5.0 (Windows NT 6.0; rv:10.0.1) Gecko/20100101 Firefox/10.0.1"
100.93.108.122 - - [17/Nov/2017:23:11:20 +0000] "GET /category/electronics HTTP/1.1" 200 43 "/category/office" "Mozilla/5.0 (Windows NT 6.1; WOW64) AppleWebKit/535.11 (KHTML, like Gecko) Chrome/17.0.963.56 Safari/535.11"
208.84.85.126 - - [17/Nov/2017:23:11:25 +0000] "GET /category/electronics HTTP/1.1" 200 116 "/category/health" "Mozilla/5.0 (Macintosh; Intel Mac OS X 10.6; rv:9.0.1) Gecko/20100101 Firefox/9.0.1"
104.117.61.206 - - [17/Nov/2017:23:11:30 +0000] "POST /search/?c=Computers HTTP/1.1" 200 100 "/item/office/1168" "Mozilla/5.0 (Windows NT 6.0; rv:10.0.1) Gecko/20100101 Firefox/10.0.1"
168.156.229.181 - - [17/Nov/2017:23:11:35 +0000] "GET /item/sports/2911 HTTP/1.1" 200 130 "/category/computers?from=0" "Mozilla/4.0 (compatible; MSIE 8.0; Windows NT 6.1; Trident/4.0; YTB730; SLCC2; .NET CLR 2.0.50727; .NET CLR 3.5.30729; .NET CLR 3.0.30729; Media Center PC 6.0; .NET4.0C)"
204.75.217.225 - - [17/Nov/2017:23:11:40 +0000] "GET /category/health HTTP/1.1" 200 94 "/item/jewelry/2593" "Mozilla/4.0 (compatible; MSIE 8.0; Windows NT 6.1; Trident/4.0; YTB730; SLCC2; .NET CLR 2.0.50727; .NET CLR 3.5.30729; .NET CLR 3.0.30729; Media Center PC 6.0; .NET4.0C)"
220.24.100.197 - - [17/Nov/2017:23:11:45 +0000] "GET /category/jewelry HTTP/1.1" 200 73 "-" "Mozilla/5.0 (Windows NT 6.0; rv:10.0.1) Gecko/20100101 Firefox/10.0.1"
92.117.27.32 - - [17/Nov/2017:23:11:50 +0000] "GET /item/office/378 HTTP/1.1" 200 57 "-" "Mozilla/5.0 (Windows NT 5.1) AppleWebKit/535.11 (KHTML, like Gecko) Chrome/17.0.963.46 Safari/535.11"
140.36.89.127 - - [17/Nov/2017:23:11:55 +0000] "GET /category/electronics HTTP/1.1" 200 48 "/category/electronics?from=0" "Mozilla/5.0 (Windows NT 6.0; rv:10.0.1) Gecko/20100101 Firefox/10.0.1"
172.33.83.66 - - [17/Nov/2017:23:12:00 +0000] "GET /item/software/2109 HTTP/1.1" 200 107 "-" "Mozilla/5.0 (compatible; Googlebot/2.1; +http://www.google.com/bot.html)"
172.51.88.88 - - [17/Nov/2017:23:12:05 +0000] "GET /category/electronics HTTP/1.1" 200 80 "-" "Mozilla/4.0 (compatible; MSIE 8.0; Windows NT 6.1; WOW64; Trident/4.0; GTB7.2; SLCC2; .NET CLR 2.0.50727; .NET CLR 3.5.30729; .NET CLR 3.0.30729; Media Center PC 6.0; .NET4.0C)"
64.207.189.196 - - [17/Nov/2017:23:12:10 +0000] "GET /category/jewelry HTTP/1.1" 200 40 "/item/games/4108" "Mozilla/4.0 (compatible; MSIE 8.0; Windows NT 5.1; Trident/4.0; YTB720; GTB7.2; .NET CLR 1.1.4322; .NET CLR 2.0.50727; .NET CLR 3.0.4506.2152; .NET CLR 3.5.30729)"
204.147.33.196 - - [17/Nov/2017:23:12:15 +0000] "GET /category/jewelry HTTP/1.1" 200 60 "-" "Mozilla/5.0 (Macintosh; Intel Mac OS X 10.6; rv:9.0.1) Gecko/20100101 Firefox/9.0.1"
88.120.125.141 - - [17/Nov/2017:23:12:20 +0000] "GET /category/electronics HTTP/1.1" 200 138 "-" "Mozilla/5.0 (compatible; MSIE 9.0; Windows NT 6.1; WOW64; Trident/5.0)"
124.99.44.123 - - [17/Nov/2017:23:12:25 +0000] "GET /category/cameras HTTP/1.1" 200 99 "/category/jewelry" "Mozilla/5.0 (Windows NT 6.0; rv:10.0.1) Gecko/20100101 Firefox/10.0.1"
100.54.117.195 - - [17/Nov/2017:23:12:30 +0000] "POST /search/?c=Office HTTP/1.1" 200 138 "-" "Mozilla/5.0 (compatible; MSIE 9.0; Windows NT 6.1; WOW64; Trident/5.0)"
88.57.117.104 - - [17/Nov/2017:23:12:35 +0000] "GET /category/cameras HTTP/1.1" 200 55 "-" "Mozilla/5.0 (Windows NT 6.0; rv:10.0.1) Gecko/20100101 Firefox/10.0.1"
184.156.203.71 - - [17/Nov/2017:23:12:40 +0000] "GET /category/health HTTP/1.1" 200 103 "/category/electronics" "Mozilla/5.0 (Windows NT 6.1; WOW64) AppleWebKit/535.7 (KHTML, like Gecko) Chrome/16.0.912.77 Safari/535.7"
168.129.116.168 - - [17/Nov/2017:23:12:45 +0000] "GET /category/electronics HTTP/1.1" 200 116 "/category/books" "Mozilla/5.0 (Windows NT 6.0; rv:10.0.1) Gecko/20100101 Firefox/10.0.1"
48.123.171.122 - - [17/Nov/2017:23:12:50 +0000] "GET /category/software HTTP/1.1" 200 106 "-" "Mozilla/4.0 (compatible; MSIE 8.0; Windows NT 6.0; WOW64; Trident/4.0; GTB6; SLCC1; .NET CLR 2.0.50727; Media Center PC 5.0; .NET CLR 3.5.30729; .NET CLR 3.0.30618; .NET4.0C)"
164.219.72.37 - - [17/Nov/2017:23:12:55 +0000] "GET /category/software HTTP/1.1" 200 109 "/category/office" "Mozilla/5.0 (Windows NT 6.0; rv:10.0.1) Gecko/20100101 Firefox/10.0.1"
208.183.145.211 - - [17/Nov/2017:23:13:00 +0000] "POST /search/?c=Electronics+Software HTTP/1.1" 200 77 "-" "Mozilla/5.0 (compatible; MSIE 9.0; Windows NT 6.1; WOW64; Trident/5.0)"
124.180.221.151 - - [17/Nov/2017:23:13:05 +0000] "GET /category/sports HTTP/1.1" 200 72 "-" "Mozilla/4.0 (compatible; MSIE 8.0; Windows NT 6.0; WOW64; Trident/4.0; GTB6; SLCC1; .NET CLR 2.0.50727; Media Center PC 5.0; .NET CLR 3.5.30729; .NET CLR 3.0.30618; .NET4.0C)"
60.81.144.143 - - [17/Nov/2017:23:13:10 +0000] "GET /category/toys HTTP/1.1" 200 109 "/category/books" "Mozilla/5.0 (Macintosh; Intel Mac OS X 10.6; rv:9.0.1) Gecko/20100101 Firefox/9.0.1"
224.87.199.41 - - [17/Nov/2017:23:13:15 +0000] "GET /item/sports/13 HTTP/1.1" 200 100 "/category/software" "Mozilla/5.0 (Windows NT 6.0; rv:10.0.1) Gecko/20100101 Firefox/10.0.1"
24.150.47.136 - - [17/Nov/2017:23:13:20 +0000] "GET /category/giftcards HTTP/1.1" 200 109 "/category/software?from=0" "Mozilla/5.0 (Macintosh; Intel Mac OS X 10.6; rv:9.0.1) Gecko/20100101 Firefox/9.0.1"
224.87.180.175 - - [17/Nov/2017:23:13:25 +0000] "GET /category/books?from=0 HTTP/1.1" 200 114 "/item/health/1862" "Mozilla/5.0 (compatible; Googlebot/2.1; +http://www.google.com/bot.html)"
76.126.75.166 - - [17/Nov/2017:23:13:30 +0000] "GET /item/games/4604 HTTP/1.1" 200 54 "/item/books/939" "Mozilla/5.0 (Windows NT 6.1; WOW64) AppleWebKit/535.11 (KHTML, like Gecko) Chrome/17.0.963.56 Safari/535.11"
28.87.124.152 - - [17/Nov/2017:23:13:35 +0000] "GET /category/software HTTP/1.1" 200 55 "-" "Mozilla/5.0 (Windows NT 6.1; WOW64) AppleWebKit/535.11 (KHTML, like Gecko) Chrome/17.0.963.56 Safari/535.11"
196.189.27.51 - - [17/Nov/2017:23:13:40 +0000] "GET /category/software?from=20 HTTP/1.1" 200 100 "/search/?c=Software+Electronics" "Mozilla/5.0 (iPad; CPU OS 5_0_1 like Mac OS X) AppleWebKit/534.46 (KHTML, like Gecko) Version/5.1 Mobile/9A405 Safari/7534.48.3"
120.93.127.152 - - [17/Nov/2017:23:13:45 +0000] "GET /item/books/4255 HTTP/1.1" 200 108 "/search/?c=Software" "Mozilla/5.0 (compatible; MSIE 9.0; Windows NT 6.1; WOW64; Trident/5.0)"
52.54.64.167 - - [17/Nov/2017:23:13:50 +0000] "GET /category/computers HTTP/1.1" 200 106 "/search/?c=Software+Games" "Mozilla/4.0 (compatible; MSIE 8.0; Windows NT 6.0; WOW64; Trident/4.0; GTB6; SLCC1; .NET CLR 2.0.50727; Media Center PC 5.0; .NET CLR 3.5.30729; .NET CLR 3.0.30618; .NET4.0C)"
132.120.123.35 - - [17/Nov/2017:23:13:55 +0000] "GET /category/office HTTP/1.1" 200 136 "/item/electronics/4512" "Mozilla/5.0 (Windows NT 6.1; WOW64) AppleWebKit/535.7 (KHTML, like Gecko) Chrome/16.0.912.77 Safari/535.7"
192.126.144.136 - - [17/Nov/2017:23:14:00 +0000] "GET /item/music/4699 HTTP/1.1" 200 48 "/category/electronics" "Mozilla/5.0 (Windows NT 6.1; WOW64; rv:10.0.1) Gecko/20100101 Firefox/10.0.1"
172.171.155.192 - - [17/Nov/2017:23:14:05 +0000] "GET /item/games/4398 HTTP/1.1" 200 112 "http://www.google.com/search?ie=UTF-8&q=google&sclient=psy-ab&q=Games+Networking&oq=Games+Networking&aq=f&aqi=g-vL1&aql=&pbx=1&bav=on.2,or.r_gc.r_pw.r_qf.,cf.osb&biw=1780&bih=545" "Mozilla/5.0 (compatible; MSIE 9.0; Windows NT 6.1; Trident/5.0)"
140.54.169.166 - - [17/Nov/2017:23:14:10 +0000] "GET /category/networking HTTP/1.1" 200 94 "/category/electronics" "Mozilla/5.0 (compatible; MSIE 9.0; Windows NT 6.1; WOW64; Trident/5.0)"
220.57.136.83 - - [17/Nov/2017:23:14:15 +0000] "GET /item/computers/1333 HTTP/1.1" 200 108 "/item/electronics/953" "Mozilla/4.0 (compatible; MSIE 8.0; Windows NT 6.1; WOW64; Trident/4.0; YTB730; GTB7.2; SLCC2; .NET CLR 2.0.50727; .NET CLR 3.5.30729; .NET CLR 3.0.30729; .NET4.0C; .NET4.0E; Media Center PC 6.0)"
88.216.133.209 - - [17/Nov/2017:23:14:20 +0000] "GET /category/cameras HTTP/1.1" 200 115 "/item/electronics/1706" "Mozilla/5.0 (Windows NT 6.1; WOW64) AppleWebKit/535.11 (KHTML, like Gecko) Chrome/17.0.963.56 Safari/535.11"
168.210.175.118 - - [17/Nov/2017:23:14:25 +0000] "GET /category/software HTTP/1.1" 200 107 "/category/garden" "Mozilla/4.0 (compatible; MSIE 8.0; Windows NT 6.1; Trident/4.0; YTB730; SLCC2; .NET CLR 2.0.50727; .NET CLR 3.5.30729; .NET CLR 3.0.30729; Media Center PC 6.0; .NET4.0C)"
128.27.201.209 - - [17/Nov/2017:23:14:30 +0000] "GET /category/health HTTP/1.1" 200 79 "-" "Mozilla/4.0 (compatible; MSIE 8.0; Windows NT 5.1; Trident/4.0; YTB720; GTB7.2; .NET CLR 1.1.4322; .NET CLR 2.0.50727; .NET CLR 3.0.4506.2152; .NET CLR 3.5.30729)"
176.210.71.83 - - [17/Nov/2017:23:14:35 +0000] "GET /category/books HTTP/1.1" 200 126 "-" "Mozilla/5.0 (Windows NT 6.1; WOW64; rv:10.0.1) Gecko/20100101 Firefox/10.0.1"
144.114.134.210 - - [17/Nov/2017:23:14:40 +0000] "GET /category/electronics HTTP/1.1" 200 138 "/category/electronics" "Mozilla/5.0 (Macintosh; Intel Mac OS X 10.6; rv:9.0.1) Gecko/20100101 Firefox/9.0.1"
100.42.49.57 - - [17/Nov/2017:23:14:45 +0000] "GET /item/electronics/1679 HTTP/1.1" 200 70 "/category/garden" "Mozilla/5.0 (Windows NT 6.0; rv:10.0.1) Gecko/20100101 Firefox/10.0.1"
108.219.222.220 - - [17/Nov/2017:23:14:50 +0000] "GET /category/electronics HTTP/1.1" 200 95 "/category/games" "Mozilla/5.0 (Windows NT 6.0; rv:10.0.1) Gecko/20100101 Firefox/10.0.1"
224.228.152.212 - - [17/Nov/2017:23:14:55 +0000] "GET /category/health HTTP/1.1" 200 133 "-" "Mozilla/5.0 (Macintosh; Intel Mac OS X 10.6; rv:9.0.1) Gecko/20100101 Firefox/9.0.1"
192.207.80.72 - - [17/Nov/2017:23:15:00 +0000] "GET /item/software/1831 HTTP/1.1" 200 69 "http://www.google.com/search?ie=UTF-8&q=google&sclient=psy-ab&q=Software&oq=Software&aq=f&aqi=g-vL1&aql=&pbx=1&bav=on.2,or.r_gc.r_pw.r_qf.,cf.osb&biw=4573&bih=571" "Mozilla/5.0 (compatible; MSIE 9.0; Windows NT 6.1; Trident/5.0)"
224.189.104.73 - - [17/Nov/2017:23:15:05 +0000] "POST /search/?c=Software+Cameras HTTP/1.1" 200 60 "/item/games/3422" "Mozilla/4.0 (compatible; MSIE 8.0; Windows NT 6.0; WOW64; Trident/4.0; GTB6; SLCC1; .NET CLR 2.0.50727; Media Center PC 5.0; .NET CLR 3.5.30729; .NET CLR 3.0.30618; .NET4.0C)"
208.21.55.191 - - [17/Nov/2017:23:15:10 +0000] "GET /category/health HTTP/1.1" 200 79 "/category/toys" "Mozilla/5.0 (Windows NT 6.0; rv:10.0.1) Gecko/20100101 Firefox/10.0.1"
44.72.104.147 - - [17/Nov/2017:23:15:15 +0000] "GET /item/toys/2432 HTTP/1.1" 200 54 "/category/garden?from=0" "Mozilla/5.0 (Windows NT 6.1; WOW64) AppleWebKit/535.7 (KHTML, like Gecko) Chrome/16.0.912.77 Safari/535.7"
116.222.179.198 - - [17/Nov/2017:23:15:20 +0000] "GET /category/networking HTTP/1.1" 200 53 "-" "Mozilla/4.0 (compatible; MSIE 8.0; Windows NT 6.1; WOW64; Trident/4.0; GTB7.2; SLCC2; .NET CLR 2.0.50727; .NET CLR 3.5.30729; .NET CLR 3.0.30729; Media Center PC 6.0; .NET4.0C)"
212.183.136.225 - - [17/Nov/2017:23:15:25 +0000] "GET /item/electronics/4072 HTTP/1.1" 200 63 "/category/books" "Mozilla/5.0 (Windows NT 6.0) AppleWebKit/535.11 (KHTML, like Gecko) Chrome/17.0.963.56 Safari/535.11"
36.81.83.145 - - [17/Nov/2017:23:15:30 +0000] "GET /category/electronics HTTP/1.1" 200 57 "-" "Mozilla/5.0 (Windows NT 6.0; rv:10.0.1) Gecko/20100101 Firefox/10.0.1"
100.165.48.87 - - [17/Nov/2017:23:15:35 +0000] "GET /category/jewelry HTTP/1.1" 200 77 "-" "Mozilla/4.0 (compatible; MSIE 8.0; Windows NT 6.0; WOW64; Trident/4.0; GTB6; SLCC1; .NET CLR 2.0.50727; Media Center PC 5.0; .NET CLR 3.5.30729; .NET CLR 3.0.30618; .NET4.0C)"
20.192.47.128 - - [17/Nov/2017:23:15:40 +0000] "POST /search/?c=Electronics HTTP/1.1" 200 134 "-" "Mozilla/5.0 (Windows NT 6.0) AppleWebKit/535.11 (KHTML, like Gecko) Chrome/17.0.963.56 Safari/535.11"
40.36.176.35 - - [17/Nov/2017:23:15:45 +0000] "GET /category/health HTTP/1.1" 200 119 "-" "Mozilla/4.0 (compatible; MSIE 8.0; Windows NT 6.1; Trident/4.0; YTB730; SLCC2; .NET CLR 2.0.50727; .NET CLR 3.5.30729; .NET CLR 3.0.30729; Media Center PC 6.0; .NET4.0C)"
32.99.62.111 - - [17/Nov/2017:23:15:50 +0000] "GET /category/office HTTP/1.1" 200 72 "-" "Mozilla/5.0 (Windows NT 6.1; WOW64; rv:10.0.1) Gecko/20100101 Firefox/10.0.1"
144.180.166.148 - - [17/Nov/2017:23:15:55 +0000] "GET /category/software HTTP/1.1" 200 55 "/category/garden" "Mozilla/5.0 (Macintosh; Intel Mac OS X 10.6; rv:9.0.1) Gecko/20100101 Firefox/9.0.1"
100.69.57.39 - - [17/Nov/2017:23:16:00 +0000] "GET /category/software HTTP/1.1" 200 84 "-" "Mozilla/5.0 (compatible; MSIE 9.0; Windows NT 6.1; WOW64; Trident/5.0)"
24.156.128.139 - - [17/Nov/2017:23:16:05 +0000] "GET /category/toys?from=10 HTTP/1.1" 200 96 "/category/toys" "Mozilla/5.0 (iPhone; CPU iPhone OS 5_0_1 like Mac OS X) AppleWebKit/534.46 (KHTML, like Gecko) Version/5.1 Mobile/9A405 Safari/7534.48.3"
124.66.153.212 - - [17/Nov/2017:23:16:10 +0000] "GET /category/electronics HTTP/1.1" 200 97 "-" "Mozilla/5.0 (Windows NT 6.1; WOW64) AppleWebKit/535.11 (KHTML, like Gecko) Chrome/17.0.963.56 Safari/535.11"
168.99.27.181 - - [17/Nov/2017:23:16:15 +0000] "GET /category/electronics HTTP/1.1" 200 128 "-" "Mozilla/4.0 (compatible; MSIE 8.0; Windows NT 6.1; WOW64; Trident/4.0; YTB730; GTB7.2; EasyBits GO v1.0; SLCC2; .NET CLR 2.0.50727; .NET CLR 3.5.30729; .NET CLR 3.0.30729; Media Center PC 6.0; .NET4.0C)"
100.165.48.87 - - [17/Nov/2017:23:16:20 +0000] "POST /search/?c=Office+Computers HTTP/1.1" 200 62 "/category/games" "Mozilla/4.0 (compatible; MSIE 8.0; Windows NT 6.0; WOW64; Trident/4.0; GTB6; SLCC1; .NET CLR 2.0.50727; Media Center PC 5.0; .NET CLR 3.5.30729; .NET CLR 3.0.30618; .NET4.0C)"
144.201.149.141 - - [17/Nov/2017:23:16:25 +0000] "GET /item/music/2069 HTTP/1.1" 200 133 "/category/software" "Mozilla/5.0 (Windows NT 6.0) AppleWebKit/535.11 (KHTML, like Gecko) Chrome/17.0.963.56 Safari/535.11"
84.222.57.97 - - [17/Nov/2017:23:16:30 +0000] "POST /search/?c=Software+Software HTTP/1.1" 200 114 "/category/office?from=0" "Mozilla/5.0 (Windows NT 5.1) AppleWebKit/535.11 (KHTML, like Gecko) Chrome/17.0.963.46 Safari/535.11"
160.129.152.167 - - [17/Nov/2017:23:16:35 +0000] "GET /item/software/4657 HTTP/1.1" 200 136 "-" "Mozilla/5.0 (Windows NT 6.1; WOW64; rv:10.0.1) Gecko/20100101 Firefox/10.0.1"
116.72.59.134 - - [17/Nov/2017:23:16:40 +0000] "GET /item/electronics/367 HTTP/1.1" 200 79 "/item/electronics/4512" "Mozilla/5.0 (compatible; Googlebot/2.1; +http://www.google.com/bot.html)"
224.171.144.182 - - [17/Nov/2017:23:16:45 +0000] "GET /category/games HTTP/1.1" 200 49 "-" "Mozilla/4.0 (compatible; MSIE 8.0; Windows NT 5.1; Trident/4.0; BTRS122159; GTB7.2; .NET CLR 1.1.4322; .NET CLR 2.0.50727; .NET CLR 3.0.04506.30; .NET CLR 3.0.4506.2152; .NET CLR 3.5.30729; BRI/2)"
156.51.157.126 - - [17/Nov/2017:23:16:50 +0000] "GET /category/electronics HTTP/1.1" 200 74 "/category/giftcards" "Mozilla/5.0 (compatible; MSIE 9.0; Windows NT 6.1; Trident/5.0)"
208.183.145.211 - - [17/Nov/2017:23:16:55 +0000] "GET /item/electronics/379 HTTP/1.1" 200 114 "/category/health" "Mozilla/5.0 (compatible; MSIE 9.0; Windows NT 6.1; WOW64; Trident/5.0)"
160.129.152.167 - - [17/Nov/2017:23:17:00 +0000] "GET /category/garden HTTP/1.1" 200 138 "/category/electronics?from=10" "Mozilla/4.0 (compatible; MSIE 8.0; Windows NT 6.0; WOW64; Trident/4.0; GTB6; SLCC1; .NET CLR 2.0.50727; Media Center PC 5.0; .NET CLR 3.5.30729; .NET CLR 3.0.30618; .NET4.0C)"
216.123.84.162 - - [17/Nov/2017:23:17:05 +0000] "GET /category/health HTTP/1.1" 200 94 "/item/computers/811" "Mozilla/5.0 (Windows NT 6.0) AppleWebKit/535.11 (KHTML, like Gecko) Chrome/17.0.963.56 Safari/535.11"
168.69.212.143 - - [17/Nov/2017:23:17:10 +0000] "GET /category/software HTTP/1.1" 200 105 "/category/electronics" "Mozilla/5.0 (compatible; MSIE 9.0; Windows NT 6.1; WOW64; Trident/5.0)"
100.93.35.154 - - [17/Nov/2017:23:17:15 +0000] "POST /search/?c=Giftcards HTTP/1.1" 200 116 "/category/games" "Mozilla/5.0 (Windows NT 6.1; WOW64) AppleWebKit/535.7 (KHTML, like Gecko) Chrome/16.0.912.77 Safari/535.7"
212.210.55.128 - - [17/Nov/2017:23:17:20 +0000] "GET /category/music HTTP/1.1" 200 51 "-" "Mozilla/5.0 (compatible; MSIE 9.0; Windows NT 6.1; WOW64; Trident/5.0)"
200.102.224.162 - - [17/Nov/2017:23:17:25 +0000] "GET /item/jewelry/1981 HTTP/1.1" 200 89 "/category/cameras" "Mozilla/5.0 (compatible; MSIE 9.0; Windows NT 6.1; WOW64; Trident/5.0)"
112.159.47.221 - - [17/Nov/2017:23:17:30 +0000] "GET /category/finance HTTP/1.1" 200 76 "/category/electronics" "Mozilla/5.0 (Windows NT 6.1; WOW64; rv:10.0.1) Gecko/20100101 Firefox/10.0.1"
76.144.80.172 - - [17/Nov/2017:23:17:35 +0000] "GET /category/software HTTP/1.1" 200 76 "/category/cameras" "Mozilla/5.0 (compatible; MSIE 9.0; Windows NT 6.1; Trident/5.0)"
100.93.108.122 - - [17/Nov/2017:23:17:40 +0000] "GET /item/games/15 HTTP/1.1" 200 128 "http://www.google.com/search?ie=UTF-8&q=google&sclient=psy-ab&q=Games&oq=Games&aq=f&aqi=g-vL1&aql=&pbx=1&bav=on.2,or.r_gc.r_pw.r_qf.,cf.osb&biw=380&bih=590" "Mozilla/5.0 (Windows NT 6.1; WOW64) AppleWebKit/535.11 (KHTML, like Gecko) Chrome/17.0.963.56 Safari/535.11"
224.186.203.56 - - [17/Nov/2017:23:17:45 +0000] "GET /category/software HTTP/1.1" 200 104 "-" "Mozilla/5.0 (Windows NT 5.1) AppleWebKit/535.11 (KHTML, like Gecko) Chrome/17.0.963.46 Safari/535.11"
224.210.57.35 - - [17/Nov/2017:23:17:50 +0000] "GET /item/books/4619 HTTP/1.1" 200 59 "/category/electronics" "Mozilla/5.0 (compatible; MSIE 9.0; Windows NT 6.1; Trident/5.0)"
100.150.67.191 - - [17/Nov/2017:23:17:55 +0000] "GET /category/toys HTTP/1.1" 200 57 "/item/software/1271" "Mozilla/4.0 (compatible; MSIE 8.0; Windows NT 6.1; WOW64; Trident/4.0; YTB730; GTB7.2; SLCC2; .NET CLR 2.0.50727; .NET CLR 3.5.30729; .NET CLR 3.0.30729; .NET4.0C; .NET4.0E; Media Center PC 6.0)"
208.150.171.60 - - [17/Nov/2017:23:18:00 +0000] "GET /category/electronics HTTP/1.1" 200 130 "/category/software" "Mozilla/5.0 (Windows NT 6.1; WOW64) AppleWebKit/535.7 (KHTML, like Gecko) Chrome/16.0.912.77 Safari/535.7"
24.150.142.226 - - [17/Nov/2017:23:18:05 +0000] "GET /category/electronics HTTP/1.1" 200 63 "-" "Mozilla/5.0 (compatible; MSIE 9.0; Windows NT 6.1; WOW64; Trident/5.0)"
224.177.34.186 - - [17/Nov/2017:23:18:10 +0000] "GET /item/networking/973 HTTP/1.1" 200 48 "/category/toys" "Mozilla/5.0 (compatible; MSIE 9.0; Windows NT 6.1; Trident/5.0)"
108.150.20.229 - - [17/Nov/2017:23:18:15 +0000] "GET /item/cameras/1329 HTTP/1.1" 200 59 "/category/music" "Mozilla/4.0 (compatible; MSIE 8.0; Windows NT 6.1; Trident/4.0; YTB730; SLCC2; .NET CLR 2.0.50727; .NET CLR 3.5.30729; .NET CLR 3.0.30729; Media Center PC 6.0; .NET4.0C)"
64.30.21.149 - - [17/Nov/2017:23:18:20 +0000] "GET /category/electronics?from=20 HTTP/1.1" 200 45 "/item/books/1785" "Mozilla/5.0 (Windows NT 6.1; WOW64) AppleWebKit/535.7 (KHTML, like Gecko) Chrome/16.0.912.77 Safari/535.7"
44.162.33.184 - - [17/Nov/2017:23:18:25 +0000] "GET /item/music/2069 HTTP/1.1" 200 133 "-" "Mozilla/5.0 (Macintosh; Intel Mac OS X 10.6; rv:9.0.1) Gecko/20100101 Firefox/9.0.1"
56.186.73.100 - - [17/Nov/2017:23:18:30 +0000] "GET /category/games?from=0 HTTP/1.1" 200 70 "/category/finance" "Mozilla/5.0 (Windows NT 6.1; WOW64) AppleWebKit/535.7 (KHTML, like Gecko) Chrome/16.0.912.77 Safari/535.7"
204.57.93.50 - - [17/Nov/2017:23:18:35 +0000] "GET /item/toys/1733 HTTP/1.1" 200 117 "http://www.google.com/search?ie=UTF-8&q=google&sclient=psy-ab&q=Toys+Jewelry&oq=Toys+Jewelry&aq=f&aqi=g-vL1&aql=&pbx=1&bav=on.2,or.r_gc.r_pw.r_qf.,cf.osb&biw=4722&bih=558" "Mozilla/5.0 (Macintosh; Intel Mac OS X 10.6; rv:9.0.1) Gecko/20100101 Firefox/9.0.1"
152.39.30.145 - - [17/Nov/2017:23:18:40 +0000] "GET /category/health HTTP/1.1" 200 42 "/category/electronics" "Mozilla/5.0 (Macintosh; Intel Mac OS X 10.6; rv:9.0.1) Gecko/20100101 Firefox/9.0.1"
136.60.226.41 - - [17/Nov/2017:23:18:45 +0000] "GET /item/books/4942 HTTP/1.1" 200 76 "/category/books" "Mozilla/5.0 (Windows NT 6.0; rv:10.0.1) Gecko/20100101 Firefox/10.0.1"
140.102.40.156 - - [17/Nov/2017:23:18:50 +0000] "GET /category/software HTTP/1.1" 200 118 "/search/?c=Sports+Giftcards" "Mozilla/5.0 (compatible; MSIE 9.0; Windows NT 6.1; WOW64; Trident/5.0)"
220.30.157.208 - - [17/Nov/2017:23:18:55 +0000] "GET /item/office/393 HTTP/1.1" 200 128 "/search/?c=Office" "Mozilla/5.0 (Windows NT 6.0) AppleWebKit/535.11 (KHTML, like Gecko) Chrome/17.0.963.56 Safari/535.11"
204.120.171.145 - - [17/Nov/2017:23:19:00 +0000] "GET /category/software HTTP/1.1" 200 50 "-" "Mozilla/5.0 (compatible; MSIE 9.0; Windows NT 6.1; Trident/5.0)"
72.216.45.153 - - [17/Nov/2017:23:19:05 +0000] "GET /item/networking/4696 HTTP/1.1" 200 138 "-" "Mozilla/4.0 (compatible; MSIE 8.0; Windows NT 6.1; WOW64; Trident/4.0; YTB730; GTB7.2; EasyBits GO v1.0; SLCC2; .NET CLR 2.0.50727; .NET CLR 3.5.30729; .NET CLR 3.0.30729; Media Center PC 6.0; .NET4.0C)"
188.219.65.49 - - [17/Nov/2017:23:19:10 +0000] "GET /item/software/2512 HTTP/1.1" 200 112 "/category/software" "Mozilla/4.0 (compatible; MSIE 8.0; Windows NT 6.1; Trident/4.0; YTB730; SLCC2; .NET CLR 2.0.50727; .NET CLR 3.5.30729; .NET CLR 3.0.30729; Media Center PC 6.0; .NET4.0C)"
52.39.67.99 - - [17/Nov/2017:23:19:15 +0000] "GET /item/electronics/2374 HTTP/1.1" 200 96 "-" "Mozilla/5.0 (compatible; MSIE 9.0; Windows NT 6.1; Trident/5.0)"
32.132.45.143 - - [17/Nov/2017:23:19:20 +0000] "GET /item/computers/3135 HTTP/1.1" 200 107 "http://www.google.com/search?ie=UTF-8&q=google&sclient=psy-ab&q=Computers&oq=Computers&aq=f&aqi=g-vL1&aql=&pbx=1&bav=on.2,or.r_gc.r_pw.r_qf.,cf.osb&biw=1773&bih=485" "Mozilla/5.0 (compatible; Googlebot/2.1; +http://www.google.com/bot.html)"
184.144.144.34 - - [17/Nov/2017:23:19:25 +0000] "GET /item/finance/1295 HTTP/1.1" 200 105 "-" "Mozilla/5.0 (compatible; MSIE 9.0; Windows NT 6.1; WOW64; Trident/5.0)"
180.48.74.50 - - [17/Nov/2017:23:19:30 +0000] "GET /item/finance/1207 HTTP/1.1" 200 57 "/category/games" "Mozilla/5.0 (Macintosh; Intel Mac OS X 10.6; rv:9.0.1) Gecko/20100101 Firefox/9.0.1"
192.183.227.24 - - [17/Nov/2017:23:19:35 +0000] "GET /item/electronics/4807 HTTP/1.1" 200 121 "http://www.google.com/search?ie=UTF-8&q=google&sclient=psy-ab&q=Electronics&oq=Electronics&aq=f&aqi=g-vL1&aql=&pbx=1&bav=on.2,or.r_gc.r_pw.r_qf.,cf.osb&biw=3646&bih=185" "Mozilla/5.0 (Windows NT 6.0; rv:10.0.1) Gecko/20100101 Firefox/10.0.1"
108.78.41.69 - - [17/Nov/2017:23:19:40 +0000] "GET /category/software HTTP/1.1" 200 83 "/category/garden?from=20" "Mozilla/5.0 (Windows NT 6.0; rv:10.0.1) Gecko/20100101 Firefox/10.0.1"
184.57.80.221 - - [17/Nov/2017:23:19:45 +0000] "GET /category/finance HTTP/1.1" 200 125 "/category/software" "Mozilla/5.0 (compatible; MSIE 9.0; Windows NT 6.1; WOW64; Trident/5.0)"
60.99.81.68 - - [17/Nov/2017:23:19:50 +0000] "GET /category/jewelry HTTP/1.1" 200 40 "/search/?c=Music+Sports" "Mozilla/5.0 (compatible; MSIE 9.0; Windows NT 6.1; WOW64; Trident/5.0)"
212.186.212.20 - - [17/Nov/2017:23:19:55 +0000] "POST /search/?c=Books+Finance HTTP/1.1" 200 93 "-" "Mozilla/5.0 (Windows NT 6.1; WOW64) AppleWebKit/535.11 (KHTML, like Gecko) Chrome/17.0.963.56 Safari/535.11"
80.144.46.167 - - [17/Nov/2017:23:20:00 +0000] "GET /item/garden/2971 HTTP/1.1" 200 116 "/search/?c=Garden" "Mozilla/5.0 (iPhone; CPU iPhone OS 5_0_1 like Mac OS X) AppleWebKit/534.46 (KHTML, like Gecko) Version/5.1 Mobile/9A405 Safari/7534.48.3"
224.177.225.75 - - [17/Nov/2017:23:20:05 +0000] "GET /category/health HTTP/1.1" 200 95 "/category/finance" "Mozilla/5.0 (Windows NT 5.1) AppleWebKit/535.11 (KHTML, like Gecko) Chrome/17.0.963.46 Safari/535.11"
208.93.164.196 - - [17/Nov/2017:23:20:10 +0000] "GET /item/office/84 HTTP/1.1" 200 137 "/item/music/2069" "Mozilla/5.0 (compatible; MSIE 9.0; Windows NT 6.1; Trident/5.0)"
144.129.150.26 - - [17/Nov/2017:23:20:15 +0000] "GET /category/games HTTP/1.1" 200 100 "-" "Mozilla/5.0 (Windows NT 6.1; WOW64) AppleWebKit/535.7 (KHTML, like Gecko) Chrome/16.0.912.77 Safari/535.7"
216.210.62.164 - - [17/Nov/2017:23:20:20 +0000] "GET /item/office/863 HTTP/1.1" 200 125 "/item/electronics/4807" "Mozilla/5.0 (compatible; MSIE 9.0; Windows NT 6.1; WOW64; Trident/5.0)"
80.126.81.138 - - [17/Nov/2017:23:20:25 +0000] "GET /item/giftcards/4757 HTTP/1.1" 200 102 "-" "Mozilla/5.0 (Macintosh; Intel Mac OS X 10.6; rv:9.0.1) Gecko/20100101 Firefox/9.0.1"
152.90.220.86 - - [17/Nov/2017:23:20:30 +0000] "GET /item/games/918 HTTP/1.1" 200 76 "/category/health" "Mozilla/5.0 (Windows NT 6.1; WOW64; rv:10.0.1) Gecko/20100101 Firefox/10.0.1"
152.150.62.199 - - [17/Nov/2017:23:20:35 +0000] "GET /item/electronics/3940 HTTP/1.1" 200 139 "/category/electronics" "Mozilla/5.0 (Windows NT 6.0; rv:10.0.1) Gecko/20100101 Firefox/10.0.1"
220.99.157.29 - - [17/Nov/2017:23:20:40 +0000] "GET /category/software HTTP/1.1" 200 123 "-" "Mozilla/5.0 (Windows NT 6.0; rv:10.0.1) Gecko/20100101 Firefox/10.0.1"
136.54.219.130 - - [17/Nov/2017:23:20:45 +0000] "GET /item/books/4255 HTTP/1.1" 200 108 "/search/?c=Books" "Mozilla/5.0 (compatible; MSIE 9.0; Windows NT 6.1; Trident/5.0)"
148.75.141.188 - - [17/Nov/2017:23:20:50 +0000] "GET /category/office HTTP/1.1" 200 121 "-" "Mozilla/4.0 (compatible; MSIE 8.0; Windows NT 6.1; WOW64; Trident/4.0; YTB730; GTB7.2; SLCC2; .NET CLR 2.0.50727; .NET CLR 3.5.30729; .NET CLR 3.0.30729; .NET4.0C; .NET4.0E; Media Center PC 6.0)"
56.123.41.47 - - [17/Nov/2017:23:20:55 +0000] "GET /category/giftcards HTTP/1.1" 200 117 "-" "Mozilla/5.0 (Windows NT 6.1; WOW64) AppleWebKit/535.7 (KHTML, like Gecko) Chrome/16.0.912.77 Safari/535.7"
36.219.202.185 - - [17/Nov/2017:23:21:00 +0000] "GET /category/toys HTTP/1.1" 200 77 "-" "Mozilla/5.0 (iPad; CPU OS 5_0_1 like Mac OS X) AppleWebKit/534.46 (KHTML, like Gecko) Version/5.1 Mobile/9A405 Safari/7534.48.3"
200.225.159.107 - - [17/Nov/2017:23:21:05 +0000] "GET /item/health/1862 HTTP/1.1" 200 89 "-" "Mozilla/5.0 (compatible; Googlebot/2.1; +http://www.google.com/bot.html)"
160.177.125.192 - - [17/Nov/2017:23:21:10 +0000] "GET /category/games HTTP/1.1" 200 66 "-" "Mozilla/5.0 (compatible; MSIE 9.0; Windows NT 6.1; Trident/5.0)"
104.141.83.168 - - [17/Nov/2017:23:21:15 +0000] "GET /category/office HTTP/1.1" 200 43 "/category/finance" "Mozilla/4.0 (compatible; MSIE 8.0; Windows NT 6.1; WOW64; Trident/4.0; YTB730; GTB7.2; EasyBits GO v1.0; SLCC2; .NET CLR 2.0.50727; .NET CLR 3.5.30729; .NET CLR 3.0.30729; Media Center PC 6.0; .NET4.0C)"
208.150.171.60 - - [17/Nov/2017:23:21:20 +0000] "GET /item/electronics/1706 HTTP/1.1" 200 119 "/category/music" "Mozilla/5.0 (Windows NT 6.0; rv:10.0.1) Gecko/20100101 Firefox/10.0.1"
176.93.138.138 - - [17/Nov/2017:23:21:25 +0000] "POST /search/?c=Jewelry HTTP/1.1" 200 89 "/category/finance" "Mozilla/5.0 (compatible; Googlebot/2.1; +http://www.google.com/bot.html)"
20.180.93.217 - - [17/Nov/2017:23:21:30 +0000] "POST /search/?c=Electronics HTTP/1.1" 200 99 "/category/sports" "Mozilla/4.0 (compatible; MSIE 8.0; Windows NT 5.1; Trident/4.0; YTB720; GTB7.2; .NET CLR 1.1.4322; .NET CLR 2.0.50727; .NET CLR 3.0.4506.2152; .NET CLR 3.5.30729)"
24.216.171.77 - - [17/Nov/2017:23:21:35 +0000] "GET /category/giftcards HTTP/1.1" 200 49 "/item/software/2487" "Mozilla/4.0 (compatible; MSIE 8.0; Windows NT 6.1; WOW64; Trident/4.0; GTB7.2; SLCC2; .NET CLR 2.0.50727; .NET CLR 3.5.30729; .NET CLR 3.0.30729; Media Center PC 6.0; .NET4.0C)"
136.54.219.130 - - [17/Nov/2017:23:21:40 +0000] "GET /item/electronics/450 HTTP/1.1" 200 123 "-" "Mozilla/4.0 (compatible; MSIE 8.0; Windows NT 6.0; WOW64; Trident/4.0; GTB6; SLCC1; .NET CLR 2.0.50727; Media Center PC 5.0; .NET CLR 3.5.30729; .NET CLR 3.0.30618; .NET4.0C)"
100.192.67.188 - - [17/Nov/2017:23:21:45 +0000] "GET /item/software/530 HTTP/1.1" 200 126 "/item/sports/4699" "Mozilla/5.0 (Windows NT 6.0; rv:10.0.1) Gecko/20100101 Firefox/10.0.1"
208.150.93.221 - - [17/Nov/2017:23:21:50 +0000] "GET /item/electronics/379 HTTP/1.1" 200 114 "http://www.google.com/search?ie=UTF-8&q=google&sclient=psy-ab&q=Electronics+Electronics&oq=Electronics+Electronics&aq=f&aqi=g-vL1&aql=&pbx=1&bav=on.2,or.r_gc.r_pw.r_qf.,cf.osb&biw=467&bih=182" "Mozilla/5.0 (compatible; MSIE 9.0; Windows NT 6.1; WOW64; Trident/5.0)"
228.165.180.112 - - [17/Nov/2017:23:21:55 +0000] "GET /category/toys HTTP/1.1" 200 40 "/category/software" "Mozilla/5.0 (Macintosh; Intel Mac OS X 10.6; rv:9.0.1) Gecko/20100101 Firefox/9.0.1"
112.144.23.168 - - [17/Nov/2017:23:22:00 +0000] "GET /category/computers HTTP/1.1" 200 139 "/item/electronics/3377" "Mozilla/5.0 (iPhone; CPU iPhone OS 5_0_1 like Mac OS X) AppleWebKit/534.46 (KHTML, like Gecko) Version/5.1 Mobile/9A405 Safari/7534.48.3"
196.225.41.136 - - [17/Nov/2017:23:22:05 +0000] "GET /category/games HTTP/1.1" 200 111 "/category/books?from=20" "Mozilla/5.0 (Macintosh; Intel Mac OS X 10.6; rv:9.0.1) Gecko/20100101 Firefox/9.0.1"
40.111.117.84 - - [17/Nov/2017:23:22:10 +0000] "GET /category/electronics HTTP/1.1" 200 88 "/category/software" "Mozilla/5.0 (compatible; MSIE 9.0; Windows NT 6.1; WOW64; Trident/5.0)"
228.81.180.20 - - [17/Nov/2017:23:22:15 +0000] "GET /category/software HTTP/1.1" 200 109 "-" "Mozilla/5.0 (Macintosh; Intel Mac OS X 10.6; rv:9.0.1) Gecko/20100101 Firefox/9.0.1"
164.42.137.37 - - [17/Nov/2017:23:22:20 +0000] "GET /item/games/2215 HTTP/1.1" 200 64 "/category/music" "Mozilla/4.0 (compatible; MSIE 8.0; Windows NT 6.1; WOW64; Trident/4.0; GTB7.2; SLCC2; .NET CLR 2.0.50727; .NET CLR 3.5.30729; .NET CLR 3.0.30729; Media Center PC 6.0; .NET4.0C)"
176.69.100.211 - - [17/Nov/2017:23:22:25 +0000] "POST /search/?c=Electronics+Garden HTTP/1.1" 200 139 "/item/books/1869" "Mozilla/5.0 (Windows NT 6.1; WOW64) AppleWebKit/535.11 (KHTML, like Gecko) Chrome/17.0.963.56 Safari/535.11"
132.183.166.198 - - [17/Nov/2017:23:22:30 +0000] "POST /search/?c=Games+Books HTTP/1.1" 200 68 "-" "Mozilla/5.0 (Windows NT 6.1; WOW64; rv:10.0.1) Gecko/20100101 Firefox/10.0.1"
48.123.171.122 - - [17/Nov/2017:23:22:35 +0000] "GET /item/computers/1693 HTTP/1.1" 200 110 "/category/office" "Mozilla/4.0 (compatible; MSIE 8.0; Windows NT 6.0; WOW64; Trident/4.0; GTB6; SLCC1; .NET CLR 2.0.50727; Media Center PC 5.0; .NET CLR 3.5.30729; .NET CLR 3.0.30618; .NET4.0C)"
48.57.65.104 - - [17/Nov/2017:23:22:40 +0000] "GET /category/toys HTTP/1.1" 200 63 "-" "Mozilla/5.0 (Macintosh; Intel Mac OS X 10.6; rv:9.0.1) Gecko/20100101 Firefox/9.0.1"
48.105.184.168 - - [17/Nov/2017:23:22:45 +0000] "GET /item/books/1869 HTTP/1.1" 200 134 "/category/books" "Mozilla/4.0 (compatible; MSIE 8.0; Windows NT 6.1; Trident/4.0; YTB730; SLCC2; .NET CLR 2.0.50727; .NET CLR 3.5.30729; .NET CLR 3.0.30729; Media Center PC 6.0; .NET4.0C)"
192.228.50.109 - - [17/Nov/2017:23:22:50 +0000] "GET /category/software HTTP/1.1" 200 123 "/category/health" "Mozilla/5.0 (iPad; CPU OS 5_0_1 like Mac OS X) AppleWebKit/534.46 (KHTML, like Gecko) Version/5.1 Mobile/9A405 Safari/7534.48.3"
100.219.202.52 - - [17/Nov/2017:23:22:55 +0000] "GET /item/computers/3135 HTTP/1.1" 200 107 "-" "Mozilla/5.0 (Windows NT 6.0) AppleWebKit/535.11 (KHTML, like Gecko) Chrome/17.0.963.56 Safari/535.11"
224.219.86.184 - - [17/Nov/2017:23:23:00 +0000] "GET /category/electronics HTTP/1.1" 200 51 "/search/?c=Jewelry+Games" "Mozilla/5.0 (compatible; MSIE 9.0; Windows NT 6.1; Trident/5.0)"
180.60.171.28 - - [17/Nov/2017:23:23:05 +0000] "GET /category/electronics HTTP/1.1" 200 50 "/item/electronics/861" "Mozilla/5.0 (compatible; MSIE 9.0; Windows NT 6.1; Trident/5.0)"
224.219.86.184 - - [17/Nov/2017:23:23:10 +0000] "GET /category/electronics HTTP/1.1" 200 108 "/category/computers" "Mozilla/4.0 (compatible; MSIE 8.0; Windows NT 6.1; WOW64; Trident/4.0; GTB7.2; SLCC2; .NET CLR 2.0.50727; .NET CLR 3.5.30729; .NET CLR 3.0.30729; Media Center PC 6.0; .NET4.0C)"
36.219.69.202 - - [17/Nov/2017:23:23:15 +0000] "GET /item/health/2887 HTTP/1.1" 200 65 "/category/garden" "Mozilla/4.0 (compatible; MSIE 8.0; Windows NT 5.1; Trident/4.0; YTB720; GTB7.2; .NET CLR 1.1.4322; .NET CLR 2.0.50727; .NET CLR 3.0.4506.2152; .NET CLR 3.5.30729)"
184.45.158.136 - - [17/Nov/2017:23:23:20 +0000] "GET /item/games/3186 HTTP/1.1" 200 47 "/category/office" "Mozilla/5.0 (Windows NT 6.0; rv:10.0.1) Gecko/20100101 Firefox/10.0.1"
176.69.100.211 - - [17/Nov/2017:23:23:25 +0000] "GET /category/electronics HTTP/1.1" 200 56 "/category/games" "Mozilla/5.0 (Windows NT 6.1; WOW64) AppleWebKit/535.11 (KHTML, like Gecko) Chrome/17.0.963.56 Safari/535.11"
224.210.40.49 - - [17/Nov/2017:23:23:30 +0000] "GET /category/toys HTTP/1.1" 200 109 "-" "Mozilla/4.0 (compatible; MSIE 8.0; Windows NT 5.1; Trident/4.0; YTB720; GTB7.2; .NET CLR 1.1.4322; .NET CLR 2.0.50727; .NET CLR 3.0.4506.2152; .NET CLR 3.5.30729)"
152.120.32.93 - - [17/Nov/2017:23:23:35 +0000] "GET /category/networking?from=10 HTTP/1.1" 200 127 "-" "Mozilla/5.0 (compatible; MSIE 9.0; Windows NT 6.1; Trident/5.0)"
188.96.51.51 - - [17/Nov/2017:23:23:40 +0000] "GET /item/giftcards/4032 HTTP/1.1" 200 122 "/search/?c=Giftcards+Garden" "Mozilla/5.0 (Windows NT 5.1) AppleWebKit/535.11 (KHTML, like Gecko) Chrome/17.0.963.46 Safari/535.11"
180.174.143.124 - - [17/Nov/2017:23:23:45 +0000] "GET /item/electronics/3271 HTTP/1.1" 200 138 "/category/electronics" "Mozilla/5.0 (Macintosh; Intel Mac OS X 10.6; rv:9.0.1) Gecko/20100101 Firefox/9.0.1"
152.21.213.161 - - [17/Nov/2017:23:23:50 +0000] "GET /category/cameras HTTP/1.1" 200 127 "http://www.google.com/search?ie=UTF-8&q=google&sclient=psy-ab&q=Cameras+Books&oq=Cameras+Books&aq=f&aqi=g-vL1&aql=&pbx=1&bav=on.2,or.r_gc.r_pw.r_qf.,cf.osb&biw=4940&bih=578" "Mozilla/5.0 (iPad; CPU OS 5_0_1 like Mac OS X) AppleWebKit/534.46 (KHTML, like Gecko) Version/5.1 Mobile/9A405 Safari/7534.48.3"
84.123.83.114 - - [17/Nov/2017:23:23:55 +0000] "GET /category/electronics HTTP/1.1" 200 77 "-" "Mozilla/5.0 (Windows NT 6.1; WOW64; rv:10.0.1) Gecko/20100101 Firefox/10.0.1"
196.57.59.219 - - [17/Nov/2017:23:24:00 +0000] "GET /item/electronics/1042 HTTP/1.1" 200 130 "-" "Mozilla/4.0 (compatible; MSIE 8.0; Windows NT 6.0; WOW64; Trident/4.0; GTB6; SLCC1; .NET CLR 2.0.50727; Media Center PC 5.0; .NET CLR 3.5.30729; .NET CLR 3.0.30618; .NET4.0C)"
156.132.137.129 - - [17/Nov/2017:23:24:05 +0000] "GET /item/electronics/1667 HTTP/1.1" 200 121 "/search/?c=Electronics+Games" "Mozilla/5.0 (Windows NT 6.1; WOW64) AppleWebKit/535.11 (KHTML, like Gecko) Chrome/17.0.963.56 Safari/535.11"
32.156.124.60 - - [17/Nov/2017:23:24:10 +0000] "GET /category/finance HTTP/1.1" 200 132 "/category/computers" "Mozilla/5.0 (Windows NT 6.1; WOW64; rv:10.0.1) Gecko/20100101 Firefox/10.0.1"
204.186.37.92 - - [17/Nov/2017:23:24:15 +0000] "GET /category/electronics HTTP/1.1" 200 88 "/category/software" "Mozilla/4.0 (compatible; MSIE 8.0; Windows NT 6.1; WOW64; Trident/4.0; YTB730; GTB7.2; SLCC2; .NET CLR 2.0.50727; .NET CLR 3.5.30729; .NET CLR 3.0.30729; .NET4.0C; .NET4.0E; Media Center PC 6.0)"
164.126.158.215 - - [17/Nov/2017:23:24:20 +0000] "GET /category/electronics HTTP/1.1" 200 101 "/search/?c=Games+Books" "Mozilla/5.0 (iPhone; CPU iPhone OS 5_0_1 like Mac OS X) AppleWebKit/534.46 (KHTML, like Gecko) Version/5.1 Mobile/9A405 Safari/7534.48.3"
168.27.211.221 - - [17/Nov/2017:23:24:25 +0000] "POST /search/?c=Garden HTTP/1.1" 200 120 "/category/software" "Mozilla/5.0 (compatible; MSIE 9.0; Windows NT 6.1; Trident/5.0)"
104.45.160.209 - - [17/Nov/2017:23:24:30 +0000] "GET /category/electronics HTTP/1.1" 200 130 "/category/toys?from=20" "Mozilla/5.0 (Windows NT 6.1; WOW64; rv:10.0.1) Gecko/20100101 Firefox/10.0.1"
24.156.218.186 - - [17/Nov/2017:23:24:35 +0000] "POST /search/?c=Office+Computers HTTP/1.1" 200 62 "-" "Mozilla/5.0 (compatible; MSIE 9.0; Windows NT 6.1; WOW64; Trident/5.0)"
96.24.145.93 - - [17/Nov/2017:23:24:40 +0000] "POST /search/?c=Toys+Toys HTTP/1.1" 200 102 "-" "Mozilla/5.0 (Windows NT 6.1; WOW64) AppleWebKit/535.11 (KHTML, like Gecko) Chrome/17.0.963.56 Safari/535.11"
108.132.126.119 - - [17/Nov/2017:23:24:45 +0000] "GET /category/books HTTP/1.1" 200 84 "-" "Mozilla/4.0 (compatible; MSIE 8.0; Windows NT 5.1; Trident/4.0; BTRS122159; GTB7.2; .NET CLR 1.1.4322; .NET CLR 2.0.50727; .NET CLR 3.0.04506.30; .NET CLR 3.0.4506.2152; .NET CLR 3.5.30729; BRI/2)"
116.210.150.60 - - [17/Nov/2017:23:24:50 +0000] "GET /category/computers?from=0 HTTP/1.1" 200 85 "-" "Mozilla/4.0 (compatible; MSIE 8.0; Windows NT 5.1; Trident/4.0; YTB720; GTB7.2; .NET CLR 1.1.4322; .NET CLR 2.0.50727; .NET CLR 3.0.4506.2152; .NET CLR 3.5.30729)"
188.21.107.76 - - [17/Nov/2017:23:24:55 +0000] "POST /search/?c=Games HTTP/1.1" 200 48 "-" "Mozilla/5.0 (compatible; Googlebot/2.1; +http://www.google.com/bot.html)"
136.198.147.93 - - [17/Nov/2017:23:25:00 +0000] "POST /search/?c=Electronics+Books HTTP/1.1" 200 96 "-" "Mozilla/5.0 (Windows NT 6.1; WOW64; rv:10.0.1) Gecko/20100101 Firefox/10.0.1"
84.162.134.68 - - [17/Nov/2017:23:25:05 +0000] "POST /search/?c=Software+Games HTTP/1.1" 200 97 "/item/music/4221" "Mozilla/5.0 (Macintosh; Intel Mac OS X 10.6; rv:9.0.1) Gecko/20100101 Firefox/9.0.1"
48.213.177.74 - - [17/Nov/2017:23:25:10 +0000] "GET /category/software HTTP/1.1" 200 123 "-" "Mozilla/5.0 (compatible; MSIE 9.0; Windows NT 6.1; WOW64; Trident/5.0)"
56.48.140.129 - - [17/Nov/2017:23:25:15 +0000] "GET /category/garden HTTP/1.1" 200 114 "/item/electronics/106" "Mozilla/5.0 (compatible; MSIE 9.0; Windows NT 6.1; WOW64; Trident/5.0)"
168.159.181.20 - - [17/Nov/2017:23:25:20 +0000] "GET /category/jewelry HTTP/1.1" 200 102 "-" "Mozilla/5.0 (iPhone; CPU iPhone OS 5_0_1 like Mac OS X) AppleWebKit/534.46 (KHTML, like Gecko) Version/5.1 Mobile/9A405 Safari/7534.48.3"
100.168.183.82 - - [17/Nov/2017:23:25:25 +0000] "GET /category/computers HTTP/1.1" 200 89 "/item/games/1490" "Mozilla/5.0 (Windows NT 6.1; WOW64) AppleWebKit/535.11 (KHTML, like Gecko) Chrome/17.0.963.56 Safari/535.11"
148.27.172.38 - - [17/Nov/2017:23:25:30 +0000] "GET /category/books HTTP/1.1" 200 41 "-" "Mozilla/5.0 (compatible; MSIE 9.0; Windows NT 6.1; WOW64; Trident/5.0)"
140.120.215.134 - - [17/Nov/2017:23:25:35 +0000] "GET /item/games/3420 HTTP/1.1" 200 120 "/category/music" "Mozilla/5.0 (Windows NT 6.1; WOW64) AppleWebKit/535.7 (KHTML, like Gecko) Chrome/16.0.912.77 Safari/535.7"
112.219.145.202 - - [17/Nov/2017:23:25:40 +0000] "GET /item/computers/4707 HTTP/1.1" 200 115 "/item/electronics/1344" "Mozilla/5.0 (compatible; MSIE 9.0; Windows NT 6.1; Trident/5.0)"
176.210.71.83 - - [17/Nov/2017:23:25:45 +0000] "GET /category/electronics HTTP/1.1" 200 79 "-" "Mozilla/4.0 (compatible; MSIE 8.0; Windows NT 6.1; WOW64; Trident/4.0; GTB7.2; SLCC2; .NET CLR 2.0.50727; .NET CLR 3.5.30729; .NET CLR 3.0.30729; Media Center PC 6.0; .NET4.0C)"
76.90.203.178 - - [17/Nov/2017:23:25:50 +0000] "GET /category/software HTTP/1.1" 200 128 "-" "Mozilla/5.0 (Windows NT 6.1; WOW64) AppleWebKit/535.7 (KHTML, like Gecko) Chrome/16.0.912.77 Safari/535.7"
196.180.153.197 - - [17/Nov/2017:23:25:55 +0000] "GET /item/garden/3051 HTTP/1.1" 200 40 "/category/toys?from=10" "Mozilla/5.0 (Windows NT 6.1; WOW64; rv:10.0.1) Gecko/20100101 Firefox/10.0.1"
28.129.53.32 - - [17/Nov/2017:23:26:00 +0000] "GET /item/software/1802 HTTP/1.1" 200 125 "/item/electronics/1" "Mozilla/5.0 (Windows NT 6.1; WOW64) AppleWebKit/535.11 (KHTML, like Gecko) Chrome/17.0.963.56 Safari/535.11"
208.138.152.63 - - [17/Nov/2017:23:26:05 +0000] "POST /search/?c=Software+Electronics HTTP/1.1" 200 97 "-" "Mozilla/5.0 (Macintosh; Intel Mac OS X 10.6; rv:9.0.1) Gecko/20100101 Firefox/9.0.1"
204.213.121.181 - - [17/Nov/2017:23:26:10 +0000] "POST /search/?c=Office+Office HTTP/1.1" 200 86 "-" "Mozilla/5.0 (iPhone; CPU iPhone OS 5_0_1 like Mac OS X) AppleWebKit/534.46 (KHTML, like Gecko) Version/5.1 Mobile/9A405 Safari/7534.48.3"
120.129.24.195 - - [17/Nov/2017:23:26:15 +0000] "GET /item/toys/3509 HTTP/1.1" 200 89 "/category/software" "Mozilla/5.0 (Windows NT 6.0; rv:10.0.1) Gecko/20100101 Firefox/10.0.1"
52.93.144.151 - - [17/Nov/2017:23:26:20 +0000] "GET /category/finance?from=10 HTTP/1.1" 200 96 "/item/garden/995" "Mozilla/4.0 (compatible; MSIE 8.0; Windows NT 6.0; WOW64; Trident/4.0; GTB6; SLCC1; .NET CLR 2.0.50727; Media Center PC 5.0; .NET CLR 3.5.30729; .NET CLR 3.0.30618; .NET4.0C)"
84.36.65.60 - - [17/Nov/2017:23:26:25 +0000] "GET /item/electronics/3162 HTTP/1.1" 200 71 "-" "Mozilla/5.0 (iPad; CPU OS 5_0_1 like Mac OS X) AppleWebKit/534.46 (KHTML, like Gecko) Version/5.1 Mobile/9A405 Safari/7534.48.3"
168.27.211.221 - - [17/Nov/2017:23:26:30 +0000] "GET /category/games HTTP/1.1" 200 45 "-" "Mozilla/5.0 (Windows NT 6.1; WOW64; rv:10.0.1) Gecko/20100101 Firefox/10.0.1"
88.63.121.43 - - [17/Nov/2017:23:26:35 +0000] "GET /item/electronics/3377 HTTP/1.1" 200 125 "-" "Mozilla/4.0 (compatible; MSIE 8.0; Windows NT 6.0; WOW64; Trident/4.0; GTB6; SLCC1; .NET CLR 2.0.50727; Media Center PC 5.0; .NET CLR 3.5.30729; .NET CLR 3.0.30618; .NET4.0C)"
36.156.149.92 - - [17/Nov/2017:23:26:40 +0000] "GET /item/electronics/1679 HTTP/1.1" 200 70 "-" "Mozilla/5.0 (compatible; Googlebot/2.1; +http://www.google.com/bot.html)"
64.72.99.80 - - [17/Nov/2017:23:26:45 +0000] "GET /category/office HTTP/1.1" 200 46 "-" "Mozilla/5.0 (Windows NT 6.1; WOW64) AppleWebKit/535.7 (KHTML, like Gecko) Chrome/16.0.912.77 Safari/535.7"
132.111.91.221 - - [17/Nov/2017:23:26:50 +0000] "GET /category/computers HTTP/1.1" 200 117 "/item/office/863" "Mozilla/5.0 (compatible; MSIE 9.0; Windows NT 6.1; Trident/5.0)"
148.219.89.124 - - [17/Nov/2017:23:26:55 +0000] "POST /search/?c=Books HTTP/1.1" 200 127 "/category/electronics" "Mozilla/5.0 (compatible; MSIE 9.0; Windows NT 6.1; Trident/5.0)"
80.75.100.166 - - [17/Nov/2017:23:27:00 +0000] "GET /category/books HTTP/1.1" 200 137 "/item/networking/4421" "Mozilla/4.0 (compatible; MSIE 8.0; Windows NT 6.1; WOW64; Trident/4.0; YTB730; GTB7.2; EasyBits GO v1.0; SLCC2; .NET CLR 2.0.50727; .NET CLR 3.5.30729; .NET CLR 3.0.30729; Media Center PC 6.0; .NET4.0C)"
188.111.114.167 - - [17/Nov/2017:23:27:05 +0000] "GET /item/health/3531 HTTP/1.1" 200 50 "-" "Mozilla/5.0 (compatible; Googlebot/2.1; +http://www.google.com/bot.html)"
144.27.80.155 - - [17/Nov/2017:23:27:10 +0000] "GET /category/books HTTP/1.1" 200 49 "-" "Mozilla/4.0 (compatible; MSIE 8.0; Windows NT 6.1; WOW64; Trident/4.0; GTB7.2; SLCC2; .NET CLR 2.0.50727; .NET CLR 3.5.30729; .NET CLR 3.0.30729; Media Center PC 6.0; .NET4.0C)"
152.21.213.161 - - [17/Nov/2017:23:27:15 +0000] "GET /category/games HTTP/1.1" 200 42 "/item/books/953" "Mozilla/5.0 (Windows NT 6.1; WOW64) AppleWebKit/535.7 (KHTML, like Gecko) Chrome/16.0.912.77 Safari/535.7"
76.144.80.172 - - [17/Nov/2017:23:27:20 +0000] "GET /category/jewelry HTTP/1.1" 200 77 "/item/books/515" "Mozilla/5.0 (compatible; MSIE 9.0; Windows NT 6.1; Trident/5.0)"
96.72.174.129 - - [17/Nov/2017:23:27:25 +0000] "GET /category/electronics HTTP/1.1" 200 82 "-" "Mozilla/4.0 (compatible; MSIE 8.0; Windows NT 6.1; WOW64; Trident/4.0; GTB7.2; SLCC2; .NET CLR 2.0.50727; .NET CLR 3.5.30729; .NET CLR 3.0.30729; Media Center PC 6.0; .NET4.0C)"
224.228.152.212 - - [17/Nov/2017:23:27:30 +0000] "GET /item/games/4398 HTTP/1.1" 200 112 "/search/?c=Games+Networking" "Mozilla/5.0 (Macintosh; Intel Mac OS X 10.6; rv:9.0.1) Gecko/20100101 Firefox/9.0.1"
64.219.144.181 - - [17/Nov/2017:23:27:35 +0000] "GET /category/software HTTP/1.1" 200 42 "/item/electronics/2940" "Mozilla/5.0 (compatible; MSIE 9.0; Windows NT 6.1; Trident/5.0)"
164.228.120.56 - - [17/Nov/2017:23:27:40 +0000] "GET /category/software HTTP/1.1" 200 92 "-" "Mozilla/5.0 (compatible; MSIE 9.0; Windows NT 6.1; Trident/5.0)"
144.168.60.186 - - [17/Nov/2017:23:27:45 +0000] "GET /category/sports HTTP/1.1" 200 137 "/category/books" "Mozilla/5.0 (Macintosh; Intel Mac OS X 10.6; rv:9.0.1) Gecko/20100101 Firefox/9.0.1"
160.78.146.93 - - [17/Nov/2017:23:27:50 +0000] "GET /item/music/2069 HTTP/1.1" 200 133 "/category/music" "Mozilla/5.0 (compatible; MSIE 9.0; Windows NT 6.1; Trident/5.0)"
192.36.167.103 - - [17/Nov/2017:23:27:55 +0000] "GET /item/books/3156 HTTP/1.1" 200 102 "/category/books" "Mozilla/5.0 (compatible; MSIE 9.0; Windows NT 6.1; WOW64; Trident/5.0)"
200.69.111.217 - - [17/Nov/2017:23:28:00 +0000] "GET /category/garden HTTP/1.1" 200 111 "-" "Mozilla/5.0 (Windows NT 6.1; WOW64) AppleWebKit/535.11 (KHTML, like Gecko) Chrome/17.0.963.56 Safari/535.11"
188.96.51.51 - - [17/Nov/2017:23:28:05 +0000] "GET /category/office HTTP/1.1" 200 136 "/category/office" "Mozilla/5.0 (compatible; MSIE 9.0; Windows NT 6.1; Trident/5.0)"
144.78.204.148 - - [17/Nov/2017:23:28:10 +0000] "GET /category/networking HTTP/1.1" 200 136 "/category/garden" "Mozilla/5.0 (compatible; MSIE 9.0; Windows NT 6.1; WOW64; Trident/5.0)"
192.213.24.121 - - [17/Nov/2017:23:28:15 +0000] "GET /item/software/2490 HTTP/1.1" 200 51 "-" "Mozilla/5.0 (Windows NT 6.1; WOW64) AppleWebKit/535.11 (KHTML, like Gecko) Chrome/17.0.963.56 Safari/535.11"
176.63.34.227 - - [17/Nov/2017:23:28:20 +0000] "GET /category/sports HTTP/1.1" 200 137 "-" "Mozilla/5.0 (compatible; Googlebot/2.1; +http://www.google.com/bot.html)"
212.84.86.22 - - [17/Nov/2017:23:28:25 +0000] "GET /item/electronics/2374 HTTP/1.1" 200 96 "/category/software" "Mozilla/5.0 (Windows NT 6.0; rv:10.0.1) Gecko/20100101 Firefox/10.0.1"
28.87.124.152 - - [17/Nov/2017:23:28:30 +0000] "GET /category/health?from=10 HTTP/1.1" 200 89 "/category/music" "Mozilla/5.0 (Windows NT 6.1; WOW64) AppleWebKit/535.11 (KHTML, like Gecko) Chrome/17.0.963.56 Safari/535.11"
72.96.123.40 - - [17/Nov/2017:23:28:35 +0000] "POST /search/?c=Electronics+Games HTTP/1.1" 200 88 "-" "Mozilla/5.0 (Windows NT 6.1; WOW64) AppleWebKit/535.11 (KHTML, like Gecko) Chrome/17.0.963.56 Safari/535.11"
200.42.228.158 - - [17/Nov/2017:23:28:40 +0000] "GET /item/electronics/4416 HTTP/1.1" 200 94 "/category/electronics" "Mozilla/5.0 (Macintosh; Intel Mac OS X 10.6; rv:9.0.1) Gecko/20100101 Firefox/9.0.1"
28.63.225.191 - - [17/Nov/2017:23:28:45 +0000] "POST /search/?c=Software+Games HTTP/1.1" 200 124 "-" "Mozilla/5.0 (Windows NT 6.1; WOW64) AppleWebKit/535.7 (KHTML, like Gecko) Chrome/16.0.912.77 Safari/535.7"
216.219.89.75 - - [17/Nov/2017:23:28:50 +0000] "POST /search/?c=Health HTTP/1.1" 200 102 "/category/electronics" "Mozilla/5.0 (compatible; MSIE 9.0; Windows NT 6.1; WOW64; Trident/5.0)"
168.195.25.139 - - [17/Nov/2017:23:28:55 +0000] "GET /category/electronics HTTP/1.1" 200 62 "/category/jewelry" "Mozilla/5.0 (iPad; CPU OS 5_0_1 like Mac OS X) AppleWebKit/534.46 (KHTML, like Gecko) Version/5.1 Mobile/9A405 Safari/7534.48.3"
108.174.61.62 - - [17/Nov/2017:23:29:00 +0000] "GET /category/electronics?from=20 HTTP/1.1" 200 45 "/search/?c=Electronics+Software" "Mozilla/4.0 (compatible; MSIE 8.0; Windows NT 6.1; WOW64; Trident/4.0; YTB730; GTB7.2; SLCC2; .NET CLR 2.0.50727; .NET CLR 3.5.30729; .NET CLR 3.0.30729; .NET4.0C; .NET4.0E; Media Center PC 6.0)"
60.126.223.156 - - [17/Nov/2017:23:29:05 +0000] "GET /category/office HTTP/1.1" 200 86 "/item/health/4912" "Mozilla/5.0 (iPad; CPU OS 5_0_1 like Mac OS X) AppleWebKit/534.46 (KHTML, like Gecko) Version/5.1 Mobile/9A405 Safari/7534.48.3"
84.189.117.50 - - [17/Nov/2017:23:29:10 +0000] "GET /category/finance HTTP/1.1" 200 111 "-" "Mozilla/5.0 (compatible; MSIE 9.0; Windows NT 6.1; WOW64; Trident/5.0)"
36.198.198.61 - - [17/Nov/2017:23:29:15 +0000] "GET /item/electronics/3298 HTTP/1.1" 200 93 "/search/?c=Electronics" "Mozilla/4.0 (compatible; MSIE 8.0; Windows NT 5.1; Trident/4.0; YTB720; GTB7.2; .NET CLR 1.1.4322; .NET CLR 2.0.50727; .NET CLR 3.0.4506.2152; .NET CLR 3.5.30729)"
156.93.179.59 - - [17/Nov/2017:23:29:20 +0000] "GET /category/software HTTP/1.1" 200 72 "/item/computers/1106" "Mozilla/5.0 (iPhone; CPU iPhone OS 5_0_1 like Mac OS X) AppleWebKit/534.46 (KHTML, like Gecko) Version/5.1 Mobile/9A405 Safari/7534.48.3"
172.219.78.39 - - [17/Nov/2017:23:29:25 +0000] "GET /item/office/278 HTTP/1.1" 200 108 "-" "Mozilla/4.0 (compatible; MSIE 8.0; Windows NT 6.0; WOW64; Trident/4.0; GTB6; SLCC1; .NET CLR 2.0.50727; Media Center PC 5.0; .NET CLR 3.5.30729; .NET CLR 3.0.30618; .NET4.0C)"
192.21.211.81 - - [17/Nov/2017:23:29:30 +0000] "GET /item/electronics/3529 HTTP/1.1" 404 122 "/category/electronics" "Mozilla/4.0 (compatible; MSIE 8.0; Windows NT 6.1; WOW64; Trident/4.0; YTB730; GTB7.2; SLCC2; .NET CLR 2.0.50727; .NET CLR 3.5.30729; .NET CLR 3.0.30729; .NET4.0C; .NET4.0E; Media Center PC 6.0)"
100.144.219.108 - - [17/Nov/2017:23:29:35 +0000] "GET /category/books HTTP/1.1" 200 68 "/item/electronics/4807" "Mozilla/5.0 (Windows NT 6.1; WOW64) AppleWebKit/535.11 (KHTML, like Gecko) Chrome/17.0.963.56 Safari/535.11"
68.117.130.229 - - [17/Nov/2017:23:29:40 +0000] "GET /item/games/3284 HTTP/1.1" 200 120 "/search/?c=Games+Electronics" "Mozilla/5.0 (Windows NT 5.1) AppleWebKit/535.11 (KHTML, like Gecko) Chrome/17.0.963.46 Safari/535.11"
192.180.36.138 - - [17/Nov/2017:23:29:45 +0000] "GET /category/jewelry HTTP/1.1" 200 76 "/category/music" "Mozilla/5.0 (Macintosh; Intel Mac OS X 10.6; rv:9.0.1) Gecko/20100101 Firefox/9.0.1"
188.117.206.31 - - [17/Nov/2017:23:29:50 +0000] "GET /category/software HTTP/1.1" 200 58 "http://www.google.com/search?ie=UTF-8&q=google&sclient=psy-ab&q=Software&oq=Software&aq=f&aqi=g-vL1&aql=&pbx=1&bav=on.2,or.r_gc.r_pw.r_qf.,cf.osb&biw=4113&bih=479" "Mozilla/5.0 (Windows NT 6.0; rv:10.0.1) Gecko/20100101 Firefox/10.0.1"
72.153.193.186 - - [17/Nov/2017:23:29:55 +0000] "GET /category/electronics HTTP/1.1" 200 49 "-" "Mozilla/4.0 (compatible; MSIE 8.0; Windows NT 6.1; WOW64; Trident/4.0; YTB730; GTB7.2; EasyBits GO v1.0; SLCC2; .NET CLR 2.0.50727; .NET CLR 3.5.30729; .NET CLR 3.0.30729; Media Center PC 6.0; .NET4.0C)"
44.123.149.113 - - [17/Nov/2017:23:30:00 +0000] "GET /category/networking HTTP/1.1" 200 82 "/item/software/2036" "Mozilla/4.0 (compatible; MSIE 8.0; Windows NT 6.0; WOW64; Trident/4.0; GTB6; SLCC1; .NET CLR 2.0.50727; Media Center PC 5.0; .NET CLR 3.5.30729; .NET CLR 3.0.30618; .NET4.0C)"
188.36.41.47 - - [17/Nov/2017:23:30:05 +0000] "GET /category/office HTTP/1.1" 200 46 "-" "Mozilla/5.0 (iPad; CPU OS 5_0_1 like Mac OS X) AppleWebKit/534.46 (KHTML, like Gecko) Version/5.1 Mobile/9A405 Safari/7534.48.3"
208.171.196.220 - - [17/Nov/2017:23:30:10 +0000] "GET /category/music HTTP/1.1" 200 121 "/category/cameras" "Mozilla/4.0 (compatible; MSIE 8.0; Windows NT 5.1; Trident/4.0; YTB720; GTB7.2; .NET CLR 1.1.4322; .NET CLR 2.0.50727; .NET CLR 3.0.4506.2152; .NET CLR 3.5.30729)"
112.159.38.190 - - [17/Nov/2017:23:30:15 +0000] "GET /category/jewelry HTTP/1.1" 200 137 "-" "Mozilla/5.0 (Windows NT 5.1) AppleWebKit/535.11 (KHTML, like Gecko) Chrome/17.0.963.46 Safari/535.11"
32.30.60.100 - - [17/Nov/2017:23:30:20 +0000] "GET /category/games HTTP/1.1" 200 100 "http://www.google.com/search?ie=UTF-8&q=google&sclient=psy-ab&q=Games+Music&oq=Games+Music&aq=f&aqi=g-vL1&aql=&pbx=1&bav=on.2,or.r_gc.r_pw.r_qf.,cf.osb&biw=413&bih=82" "Mozilla/4.0 (compatible; MSIE 8.0; Windows NT 5.1; Trident/4.0; BTRS122159; GTB7.2; .NET CLR 1.1.4322; .NET CLR 2.0.50727; .NET CLR 3.0.04506.30; .NET CLR 3.0.4506.2152; .NET CLR 3.5.30729; BRI/2)"
168.60.226.215 - - [17/Nov/2017:23:30:25 +0000] "POST /search/?c=Jewelry HTTP/1.1" 200 100 "/category/software" "Mozilla/5.0 (Windows NT 6.0; rv:10.0.1) Gecko/20100101 Firefox/10.0.1"
104.210.132.59 - - [17/Nov/2017:23:30:30 +0000] "GET /category/health HTTP/1.1" 200 100 "/category/finance" "Mozilla/5.0 (Windows NT 6.0; rv:10.0.1) Gecko/20100101 Firefox/10.0.1"
20.84.216.48 - - [17/Nov/2017:23:30:35 +0000] "GET /category/finance HTTP/1.1" 200 68 "/item/books/1568" "Mozilla/5.0 (Macintosh; Intel Mac OS X 10.6; rv:9.0.1) Gecko/20100101 Firefox/9.0.1"
140.108.166.217 - - [17/Nov/2017:23:30:40 +0000] "GET /category/office HTTP/1.1" 200 74 "/category/electronics" "Mozilla/5.0 (Windows NT 6.1; WOW64) AppleWebKit/535.7 (KHTML, like Gecko) Chrome/16.0.912.77 Safari/535.7"
100.93.108.122 - - [17/Nov/2017:23:30:45 +0000] "GET /item/toys/4220 HTTP/1.1" 200 102 "/category/games" "Mozilla/5.0 (Windows NT 6.1; WOW64) AppleWebKit/535.11 (KHTML, like Gecko) Chrome/17.0.963.56 Safari/535.11"
224.186.203.56 - - [17/Nov/2017:23:30:50 +0000] "POST /search/?c=Electronics+Sports HTTP/1.1" 200 139 "/category/electronics?from=20" "Mozilla/5.0 (Macintosh; Intel Mac OS X 10.6; rv:9.0.1) Gecko/20100101 Firefox/9.0.1"
72.114.161.169 - - [17/Nov/2017:23:30:55 +0000] "GET /category/software HTTP/1.1" 200 104 "/category/music" "Mozilla/5.0 (compatible; MSIE 9.0; Windows NT 6.1; Trident/5.0)"
172.201.30.205 - - [17/Nov/2017:23:31:00 +0000] "GET /category/electronics HTTP/1.1" 200 50 "/item/software/530" "Mozilla/4.0 (compatible; MSIE 8.0; Windows NT 6.1; WOW64; Trident/4.0; YTB730; GTB7.2; EasyBits GO v1.0; SLCC2; .NET CLR 2.0.50727; .NET CLR 3.5.30729; .NET CLR 3.0.30729; Media Center PC 6.0; .NET4.0C)"
108.78.41.69 - - [17/Nov/2017:23:31:05 +0000] "GET /category/games HTTP/1.1" 200 63 "/category/games" "Mozilla/5.0 (Windows NT 6.0; rv:10.0.1) Gecko/20100101 Firefox/10.0.1"
160.198.155.53 - - [17/Nov/2017:23:31:10 +0000] "GET /category/software HTTP/1.1" 200 78 "-" "Mozilla/4.0 (compatible; MSIE 8.0; Windows NT 6.1; WOW64; Trident/4.0; GTB7.2; SLCC2; .NET CLR 2.0.50727; .NET CLR 3.5.30729; .NET CLR 3.0.30729; Media Center PC 6.0; .NET4.0C)"
184.189.139.105 - - [17/Nov/2017:23:31:15 +0000] "GET /category/software HTTP/1.1" 200 94 "-" "Mozilla/5.0 (Macintosh; Intel Mac OS X 10.6; rv:9.0.1) Gecko/20100101 Firefox/9.0.1"
176.39.95.81 - - [17/Nov/2017:23:31:20 +0000] "GET /category/games?from=20 HTTP/1.1" 200 119 "/item/electronics/3444" "Mozilla/5.0 (compatible; MSIE 9.0; Windows NT 6.1; Trident/5.0)"
172.219.78.39 - - [17/Nov/2017:23:31:25 +0000] "GET /item/software/1802 HTTP/1.1" 200 125 "http://www.google.com/search?ie=UTF-8&q=google&sclient=psy-ab&q=Software+Cameras&oq=Software+Cameras&aq=f&aqi=g-vL1&aql=&pbx=1&bav=on.2,or.r_gc.r_pw.r_qf.,cf.osb&biw=533&bih=296" "Mozilla/4.0 (compatible; MSIE 8.0; Windows NT 5.1; Trident/4.0; YTB720; GTB7.2; .NET CLR 1.1.4322; .NET CLR 2.0.50727; .NET CLR 3.0.4506.2152; .NET CLR 3.5.30729)"
164.213.39.153 - - [17/Nov/2017:23:31:30 +0000] "GET /item/software/2724 HTTP/1.1" 200 123 "-" "Mozilla/4.0 (compatible; MSIE 8.0; Windows NT 5.1; Trident/4.0; YTB720; GTB7.2; .NET CLR 1.1.4322; .NET CLR 2.0.50727; .NET CLR 3.0.4506.2152; .NET CLR 3.5.30729)"
168.39.135.79 - - [17/Nov/2017:23:31:35 +0000] "POST /search/?c=Electronics+Software HTTP/1.1" 200 67 "/item/games/918" "Mozilla/5.0 (Macintosh; Intel Mac OS X 10.6; rv:9.0.1) Gecko/20100101 Firefox/9.0.1"
28.129.126.21 - - [17/Nov/2017:23:31:40 +0000] "GET /category/garden?from=0 HTTP/1.1" 200 77 "-" "Mozilla/5.0 (compatible; Googlebot/2.1; +http://www.google.com/bot.html)"
100.45.176.200 - - [17/Nov/2017:23:31:45 +0000] "GET /category/electronics HTTP/1.1" 200 84 "-" "Mozilla/5.0 (Windows NT 6.1; WOW64) AppleWebKit/535.11 (KHTML, like Gecko) Chrome/17.0.963.56 Safari/535.11"
184.225.210.39 - - [17/Nov/2017:23:31:50 +0000] "POST /search/?c=Networking+Networking HTTP/1.1" 200 50 "-" "Mozilla/4.0 (compatible; MSIE 8.0; Windows NT 6.1; WOW64; Trident/4.0; YTB730; GTB7.2; EasyBits GO v1.0; SLCC2; .NET CLR 2.0.50727; .NET CLR 3.5.30729; .NET CLR 3.0.30729; Media Center PC 6.0; .NET4.0C)"
176.63.34.227 - - [17/Nov/2017:23:31:55 +0000] "GET /category/software HTTP/1.1" 200 95 "/search/?c=Toys+Toys" "Mozilla/5.0 (Windows NT 6.1; WOW64) AppleWebKit/535.11 (KHTML, like Gecko) Chrome/17.0.963.56 Safari/535.11"
52.147.207.228 - - [17/Nov/2017:23:32:00 +0000] "GET /item/software/2434 HTTP/1.1" 200 120 "/category/giftcards" "Mozilla/5.0 (compatible; Googlebot/2.1; +http://www.google.com/bot.html)"
128.123.38.119 - - [17/Nov/2017:23:32:05 +0000] "GET /item/books/4255 HTTP/1.1" 200 108 "-" "Mozilla/4.0 (compatible; MSIE 8.0; Windows NT 6.0; WOW64; Trident/4.0; GTB6; SLCC1; .NET CLR 2.0.50727; Media Center PC 5.0; .NET CLR 3.5.30729; .NET CLR 3.0.30618; .NET4.0C)"
92.99.34.90 - - [17/Nov/2017:23:32:10 +0000] "GET /item/computers/3135 HTTP/1.1" 200 107 "/category/electronics" "Mozilla/5.0 (compatible; Googlebot/2.1; +http://www.google.com/bot.html)"
208.201.84.127 - - [17/Nov/2017:23:32:15 +0000] "GET /category/books?from=0 HTTP/1.1" 200 103 "-" "Mozilla/5.0 (Windows NT 6.1; WOW64) AppleWebKit/535.11 (KHTML, like Gecko) Chrome/17.0.963.56 Safari/535.11"
52.93.144.151 - - [17/Nov/2017:23:32:20 +0000] "GET /category/software HTTP/1.1" 200 125 "/item/finance/3479" "Mozilla/4.0 (compatible; MSIE 8.0; Windows NT 6.0; WOW64; Trident/4.0; GTB6; SLCC1; .NET CLR 2.0.50727; Media Center PC 5.0; .NET CLR 3.5.30729; .NET CLR 3.0.30618; .NET4.0C)"
120.129.24.195 - - [17/Nov/2017:23:32:25 +0000] "GET /category/software HTTP/1.1" 200 81 "-" "Mozilla/5.0 (Windows NT 6.1; WOW64) AppleWebKit/535.7 (KHTML, like Gecko) Chrome/16.0.912.77 Safari/535.7"
68.24.152.91 - - [17/Nov/2017:23:32:30 +0000] "GET /category/office HTTP/1.1" 200 54 "/category/electronics" "Mozilla/5.0 (compatible; MSIE 9.0; Windows NT 6.1; WOW64; Trident/5.0)"
24.57.24.122 - - [17/Nov/2017:23:32:35 +0000] "GET /category/office HTTP/1.1" 200 57 "/item/electronics/4339" "Mozilla/5.0 (compatible; MSIE 9.0; Windows NT 6.1; WOW64; Trident/5.0)"
208.93.164.196 - - [17/Nov/2017:23:32:40 +0000] "GET /item/cameras/2299 HTTP/1.1" 200 64 "/item/networking/4696" "Mozilla/5.0 (compatible; MSIE 9.0; Windows NT 6.1; Trident/5.0)"
216.90.56.55 - - [17/Nov/2017:23:32:45 +0000] "GET /category/electronics HTTP/1.1" 200 138 "/category/software" "Mozilla/4.0 (compatible; MSIE 8.0; Windows NT 6.1; Trident/4.0; YTB730; SLCC2; .NET CLR 2.0.50727; .NET CLR 3.5.30729; .NET CLR 3.0.30729; Media Center PC 6.0; .NET4.0C)"
136.111.189.48 - - [17/Nov/2017:23:32:50 +0000] "GET /category/cameras HTTP/1.1" 200 116 "/category/electronics" "Mozilla/5.0 (compatible; MSIE 9.0; Windows NT 6.1; WOW64; Trident/5.0)"
88.189.31.220 - - [17/Nov/2017:23:32:55 +0000] "GET /category/cameras HTTP/1.1" 200 114 "/item/games/4108" "Mozilla/5.0 (Windows NT 6.0; rv:10.0.1) Gecko/20100101 Firefox/10.0.1"
52.159.188.199 - - [17/Nov/2017:23:33:00 +0000] "GET /item/books/570 HTTP/1.1" 200 92 "-" "Mozilla/4.0 (compatible; MSIE 8.0; Windows NT 6.1; Trident/4.0; YTB730; SLCC2; .NET CLR 2.0.50727; .NET CLR 3.5.30729; .NET CLR 3.0.30729; Media Center PC 6.0; .NET4.0C)"
216.222.35.46 - - [17/Nov/2017:23:33:05 +0000] "GET /category/software HTTP/1.1" 200 56 "-" "Mozilla/5.0 (compatible; MSIE 9.0; Windows NT 6.1; WOW64; Trident/5.0)"
96.195.97.48 - - [17/Nov/2017:23:33:10 +0000] "GET /category/software HTTP/1.1" 200 121 "http://www.google.com/search?ie=UTF-8&q=google&sclient=psy-ab&q=Software&oq=Software&aq=f&aqi=g-vL1&aql=&pbx=1&bav=on.2,or.r_gc.r_pw.r_qf.,cf.osb&biw=836&bih=294" "Mozilla/5.0 (Windows NT 6.0; rv:10.0.1) Gecko/20100101 Firefox/10.0.1"
80.21.83.68 - - [17/Nov/2017:23:33:15 +0000] "GET /item/books/4942 HTTP/1.1" 200 76 "/category/books" "Mozilla/4.0 (compatible; MSIE 8.0; Windows NT 6.1; WOW64; Trident/4.0; YTB730; GTB7.2; EasyBits GO v1.0; SLCC2; .NET CLR 2.0.50727; .NET CLR 3.5.30729; .NET CLR 3.0.30729; Media Center PC 6.0; .NET4.0C)"
152.207.187.181 - - [17/Nov/2017:23:33:20 +0000] "GET /category/games HTTP/1.1" 200 116 "-" "Mozilla/4.0 (compatible; MSIE 8.0; Windows NT 6.1; WOW64; Trident/4.0; YTB730; GTB7.2; SLCC2; .NET CLR 2.0.50727; .NET CLR 3.5.30729; .NET CLR 3.0.30729; .NET4.0C; .NET4.0E; Media Center PC 6.0)"
184.135.39.104 - - [17/Nov/2017:23:33:25 +0000] "GET /category/electronics HTTP/1.1" 200 67 "-" "Mozilla/5.0 (Windows NT 6.1; WOW64) AppleWebKit/535.7 (KHTML, like Gecko) Chrome/16.0.912.77 Safari/535.7"
56.24.223.76 - - [17/Nov/2017:23:33:30 +0000] "GET /category/software HTTP/1.1" 200 85 "-" "Mozilla/4.0 (compatible; MSIE 8.0; Windows NT 6.1; Trident/4.0; YTB730; SLCC2; .NET CLR 2.0.50727; .NET CLR 3.5.30729; .NET CLR 3.0.30729; Media Center PC 6.0; .NET4.0C)"
84.153.168.36 - - [17/Nov/2017:23:33:35 +0000] "POST /search/?c=Software+Games HTTP/1.1" 200 97 "/item/jewelry/4114" "Mozilla/5.0 (compatible; MSIE 9.0; Windows NT 6.1; WOW64; Trident/5.0)"
148.102.155.163 - - [17/Nov/2017:23:33:40 +0000] "GET /category/electronics HTTP/1.1" 200 51 "-" "Mozilla/5.0 (Windows NT 6.1; WOW64) AppleWebKit/535.11 (KHTML, like Gecko) Chrome/17.0.963.56 Safari/535.11"
188.213.129.190 - - [17/Nov/2017:23:33:45 +0000] "GET /category/jewelry HTTP/1.1" 200 111 "-" "Mozilla/5.0 (Windows NT 6.1; WOW64) AppleWebKit/535.7 (KHTML, like Gecko) Chrome/16.0.912.77 Safari/535.7"
28.132.108.116 - - [17/Nov/2017:23:33:50 +0000] "GET /category/books HTTP/1.1" 200 125 "-" "Mozilla/4.0 (compatible; MSIE 8.0; Windows NT 6.1; WOW64; Trident/4.0; GTB7.2; SLCC2; .NET CLR 2.0.50727; .NET CLR 3.5.30729; .NET CLR 3.0.30729; Media Center PC 6.0; .NET4.0C)"
212.228.110.108 - - [17/Nov/2017:23:33:55 +0000] "GET /category/games HTTP/1.1" 200 47 "/category/giftcards" "Mozilla/4.0 (compatible; MSIE 8.0; Windows NT 6.1; WOW64; Trident/4.0; GTB7.2; SLCC2; .NET CLR 2.0.50727; .NET CLR 3.5.30729; .NET CLR 3.0.30729; Media Center PC 6.0; .NET4.0C)"
108.141.179.49 - - [17/Nov/2017:23:34:00 +0000] "POST /search/?c=Electronics+Games HTTP/1.1" 200 88 "/category/office" "Mozilla/5.0 (Windows NT 6.0) AppleWebKit/535.11 (KHTML, like Gecko) Chrome/17.0.963.56 Safari/535.11"
60.33.34.174 - - [17/Nov/2017:23:34:05 +0000] "GET /item/software/1625 HTTP/1.1" 200 82 "/category/software" "Mozilla/5.0 (Windows NT 5.1) AppleWebKit/535.11 (KHTML, like Gecko) Chrome/17.0.963.46 Safari/535.11"
132.171.86.44 - - [17/Nov/2017:23:34:10 +0000] "GET /category/electronics HTTP/1.1" 200 90 "-" "Mozilla/5.0 (Macintosh; Intel Mac OS X 10.6; rv:9.0.1) Gecko/20100101 Firefox/9.0.1"
204.117.20.72 - - [17/Nov/2017:23:34:15 +0000] "GET /category/software HTTP/1.1" 200 72 "-" "Mozilla/4.0 (compatible; MSIE 8.0; Windows NT 6.1; WOW64; Trident/4.0; YTB730; GTB7.2; EasyBits GO v1.0; SLCC2; .NET CLR 2.0.50727; .NET CLR 3.5.30729; .NET CLR 3.0.30729; Media Center PC 6.0; .NET4.0C)"
172.204.128.196 - - [17/Nov/2017:23:34:20 +0000] "POST /search/?c=Software+Software HTTP/1.1" 200 114 "-" "Mozilla/5.0 (Windows NT 6.1; WOW64) AppleWebKit/535.7 (KHTML, like Gecko) Chrome/16.0.912.77 Safari/535.7"
84.30.95.135 - - [17/Nov/2017:23:34:25 +0000] "GET /category/electronics HTTP/1.1" 200 67 "-" "Mozilla/5.0 (Windows NT 6.0) AppleWebKit/535.11 (KHTML, like Gecko) Chrome/17.0.963.56 Safari/535.11"
216.210.207.165 - - [17/Nov/2017:23:34:30 +0000] "GET /category/giftcards HTTP/1.1" 200 138 "-" "Mozilla/5.0 (Macintosh; Intel Mac OS X 10.6; rv:9.0.1) Gecko/20100101 Firefox/9.0.1"
56.120.188.55 - - [17/Nov/2017:23:34:35 +0000] "GET /item/finance/3226 HTTP/1.1" 200 48 "/category/software" "Mozilla/5.0 (compatible; MSIE 9.0; Windows NT 6.1; Trident/5.0)"
80.39.220.94 - - [17/Nov/2017:23:34:40 +0000] "GET /category/sports?from=0 HTTP/1.1" 200 81 "/category/sports" "Mozilla/5.0 (Windows NT 6.1; WOW64) AppleWebKit/535.7 (KHTML, like Gecko) Chrome/16.0.912.77 Safari/535.7"
52.93.144.151 - - [17/Nov/2017:23:34:45 +0000] "GET /category/books HTTP/1.1" 200 121 "/category/software" "Mozilla/5.0 (Macintosh; Intel Mac OS X 10.6; rv:9.0.1) Gecko/20100101 Firefox/9.0.1"
148.108.60.129 - - [17/Nov/2017:23:34:50 +0000] "POST /search/?c=Games HTTP/1.1" 200 42 "/category/electronics" "Mozilla/4.0 (compatible; MSIE 8.0; Windows NT 6.1; WOW64; Trident/4.0; YTB730; GTB7.2; EasyBits GO v1.0; SLCC2; .NET CLR 2.0.50727; .NET CLR 3.5.30729; .NET CLR 3.0.30729; Media Center PC 6.0; .NET4.0C)"
124.159.56.90 - - [17/Nov/2017:23:34:55 +0000] "GET /category/software HTTP/1.1" 200 128 "-" "Mozilla/5.0 (Macintosh; Intel Mac OS X 10.6; rv:9.0.1) Gecko/20100101 Firefox/9.0.1"
104.147.188.161 - - [17/Nov/2017:23:35:00 +0000] "GET /item/electronics/3410 HTTP/1.1" 200 123 "/category/networking" "Mozilla/5.0 (compatible; MSIE 9.0; Windows NT 6.1; WOW64; Trident/5.0)"
60.192.196.122 - - [17/Nov/2017:23:35:05 +0000] "GET /category/games HTTP/1.1" 200 83 "-" "Mozilla/5.0 (Windows NT 6.0; rv:10.0.1) Gecko/20100101 Firefox/10.0.1"
136.30.65.186 - - [17/Nov/2017:23:35:10 +0000] "GET /item/cameras/801 HTTP/1.1" 200 114 "/item/cameras/3741" "Mozilla/5.0 (iPhone; CPU iPhone OS 5_0_1 like Mac OS X) AppleWebKit/534.46 (KHTML, like Gecko) Version/5.1 Mobile/9A405 Safari/7534.48.3"
224.186.203.56 - - [17/Nov/2017:23:35:15 +0000] "GET /category/computers HTTP/1.1" 200 126 "-" "Mozilla/5.0 (compatible; Googlebot/2.1; +http://www.google.com/bot.html)"
88.102.169.148 - - [17/Nov/2017:23:35:20 +0000] "GET /item/health/4027 HTTP/1.1" 200 58 "-" "Mozilla/5.0 (Windows NT 5.1) AppleWebKit/535.11 (KHTML, like Gecko) Chrome/17.0.963.46 Safari/535.11"
192.93.155.127 - - [17/Nov/2017:23:35:25 +0000] "GET /category/books?from=20 HTTP/1.1" 200 88 "/category/toys" "Mozilla/5.0 (Macintosh; Intel Mac OS X 10.6; rv:9.0.1) Gecko/20100101 Firefox/9.0.1"
116.174.202.224 - - [17/Nov/2017:23:35:30 +0000] "GET /category/games HTTP/1.1" 200 87 "-" "Mozilla/5.0 (compatible; MSIE 9.0; Windows NT 6.1; WOW64; Trident/5.0)"
224.195.180.118 - - [17/Nov/2017:23:35:35 +0000] "GET /item/electronics/1042 HTTP/1.1" 200 130 "/category/electronics" "Mozilla/5.0 (compatible; MSIE 9.0; Windows NT 6.1; WOW64; Trident/5.0)"
64.30.173.72 - - [17/Nov/2017:23:35:40 +0000] "GET /item/books/4586 HTTP/1.1" 200 130 "-" "Mozilla/5.0 (Windows NT 6.1; WOW64) AppleWebKit/535.11 (KHTML, like Gecko) Chrome/17.0.963.56 Safari/535.11"
224.150.137.59 - - [17/Nov/2017:23:35:45 +0000] "GET /item/giftcards/1476 HTTP/1.1" 200 113 "/item/games/3284" "Mozilla/5.0 (Windows NT 6.1; WOW64) AppleWebKit/535.7 (KHTML, like Gecko) Chrome/16.0.912.77 Safari/535.7"
140.183.67.108 - - [17/Nov/2017:23:35:50 +0000] "GET /category/electronics?from=20 HTTP/1.1" 200 124 "/category/electronics" "Mozilla/5.0 (Macintosh; Intel Mac OS X 10.6; rv:9.0.1) Gecko/20100101 Firefox/9.0.1"
148.219.89.124 - - [17/Nov/2017:23:35:55 +0000] "GET /category/computers HTTP/1.1" 200 133 "-" "Mozilla/5.0 (Windows NT 6.0; rv:10.0.1) Gecko/20100101 Firefox/10.0.1"
172.204.128.196 - - [17/Nov/2017:23:36:00 +0000] "GET /category/electronics HTTP/1.1" 200 98 "/category/office" "Mozilla/5.0 (Windows NT 6.1; WOW64) AppleWebKit/535.7 (KHTML, like Gecko) Chrome/16.0.912.77 Safari/535.7"
132.132.44.91 - - [17/Nov/2017:23:36:05 +0000] "POST /search/?c=Software+Software HTTP/1.1" 200 114 "-" "Mozilla/4.0 (compatible; MSIE 8.0; Windows NT 6.1; WOW64; Trident/4.0; YTB730; GTB7.2; SLCC2; .NET CLR 2.0.50727; .NET CLR 3.5.30729; .NET CLR 3.0.30729; .NET4.0C; .NET4.0E; Media Center PC 6.0)"
196.228.54.212 - - [17/Nov/2017:23:36:10 +0000] "GET /item/toys/1733 HTTP/1.1" 200 117 "/item/music/1695" "Mozilla/5.0 (compatible; MSIE 9.0; Windows NT 6.1; WOW64; Trident/5.0)"
164.207.101.92 - - [17/Nov/2017:23:36:15 +0000] "GET /category/books?from=20 HTTP/1.1" 200 80 "-" "Mozilla/5.0 (Windows NT 6.1; WOW64) AppleWebKit/535.7 (KHTML, like Gecko) Chrome/16.0.912.77 Safari/535.7"
88.228.108.129 - - [17/Nov/2017:23:36:20 +0000] "GET /item/electronics/1057 HTTP/1.1" 200 137 "-" "Mozilla/4.0 (compatible; MSIE 8.0; Windows NT 5.1; Trident/4.0; BTRS122159; GTB7.2; .NET CLR 1.1.4322; .NET CLR 2.0.50727; .NET CLR 3.0.04506.30; .NET CLR 3.0.4506.2152; .NET CLR 3.5.30729; BRI/2)"
180.150.61.142 - - [17/Nov/2017:23:36:25 +0000] "GET /category/finance HTTP/1.1" 200 76 "/category/software" "Mozilla/4.0 (compatible; MSIE 8.0; Windows NT 6.1; WOW64; Trident/4.0; GTB7.2; SLCC2; .NET CLR 2.0.50727; .NET CLR 3.5.30729; .NET CLR 3.0.30729; Media Center PC 6.0; .NET4.0C)"
136.132.151.226 - - [17/Nov/2017:23:36:30 +0000] "GET /category/garden HTTP/1.1" 200 135 "/search/?c=Books+Finance" "Mozilla/5.0 (compatible; MSIE 9.0; Windows NT 6.1; Trident/5.0)"
120.189.102.122 - - [17/Nov/2017:23:36:35 +0000] "GET /category/games?from=0 HTTP/1.1" 200 124 "/category/music?from=20" "Mozilla/4.0 (compatible; MSIE 8.0; Windows NT 6.1; WOW64; Trident/4.0; GTB7.2; SLCC2; .NET CLR 2.0.50727; .NET CLR 3.5.30729; .NET CLR 3.0.30729; Media Center PC 6.0; .NET4.0C)"
36.51.160.119 - - [17/Nov/2017:23:36:40 +0000] "GET /item/games/3420 HTTP/1.1" 200 120 "http://www.google.com/search?ie=UTF-8&q=google&sclient=psy-ab&q=Games+Finance&oq=Games+Finance&aq=f&aqi=g-vL1&aql=&pbx=1&bav=on.2,or.r_gc.r_pw.r_qf.,cf.osb&biw=3846&bih=589" "Mozilla/5.0 (compatible; Googlebot/2.1; +http://www.google.com/bot.html)"
212.186.23.183 - - [17/Nov/2017:23:36:45 +0000] "GET /category/computers HTTP/1.1" 200 139 "-" "Mozilla/5.0 (Macintosh; Intel Mac OS X 10.6; rv:9.0.1) Gecko/20100101 Firefox/9.0.1"
92.204.226.50 - - [17/Nov/2017:23:36:50 +0000] "GET /category/computers HTTP/1.1" 200 127 "-" "Mozilla/5.0 (compatible; MSIE 9.0; Windows NT 6.1; WOW64; Trident/5.0)"
84.189.117.50 - - [17/Nov/2017:23:36:55 +0000] "GET /category/electronics HTTP/1.1" 200 49 "/category/office?from=0" "Mozilla/5.0 (Windows NT 5.1) AppleWebKit/535.11 (KHTML, like Gecko) Chrome/17.0.963.46 Safari/535.11"
128.147.75.132 - - [17/Nov/2017:23:37:00 +0000] "GET /item/garden/1220 HTTP/1.1" 200 112 "/category/garden" "Mozilla/5.0 (Windows NT 6.1; WOW64) AppleWebKit/535.7 (KHTML, like Gecko) Chrome/16.0.912.77 Safari/535.7"
48.105.77.215 - - [17/Nov/2017:23:37:05 +0000] "GET /category/jewelry HTTP/1.1" 200 107 "/search/?c=Software" "Mozilla/5.0 (compatible; MSIE 9.0; Windows NT 6.1; WOW64; Trident/5.0)"
196.57.135.222 - - [17/Nov/2017:23:37:10 +0000] "GET /category/games HTTP/1.1" 200 138 "-" "Mozilla/5.0 (compatible; Googlebot/2.1; +http://www.google.com/bot.html)"
52.78.205.139 - - [17/Nov/2017:23:37:15 +0000] "GET /category/computers HTTP/1.1" 200 131 "-" "Mozilla/5.0 (Windows NT 6.1; WOW64) AppleWebKit/535.11 (KHTML, like Gecko) Chrome/17.0.963.56 Safari/535.11"
88.228.128.46 - - [17/Nov/2017:23:37:20 +0000] "GET /category/electronics HTTP/1.1" 200 139 "-" "Mozilla/5.0 (compatible; MSIE 9.0; Windows NT 6.1; WOW64; Trident/5.0)"
152.102.198.201 - - [17/Nov/2017:23:37:25 +0000] "GET /item/software/880 HTTP/1.1" 200 138 "/category/office" "Mozilla/5.0 (Macintosh; Intel Mac OS X 10.6; rv:9.0.1) Gecko/20100101 Firefox/9.0.1"
168.216.60.85 - - [17/Nov/2017:23:37:30 +0000] "GET /item/networking/4421 HTTP/1.1" 200 47 "-" "Mozilla/5.0 (Windows NT 6.1; WOW64) AppleWebKit/535.11 (KHTML, like Gecko) Chrome/17.0.963.56 Safari/535.11"
188.66.87.61 - - [17/Nov/2017:23:37:35 +0000] "POST /search/?c=Electronics+Books HTTP/1.1" 200 96 "-" "Mozilla/5.0 (Windows NT 6.1; WOW64; rv:10.0.1) Gecko/20100101 Firefox/10.0.1"
64.210.40.162 - - [17/Nov/2017:23:37:40 +0000] "POST /search/?c=Software+Games HTTP/1.1" 200 124 "/item/finance/2872" "Mozilla/5.0 (compatible; MSIE 9.0; Windows NT 6.1; Trident/5.0)"
68.201.134.81 - - [17/Nov/2017:23:37:45 +0000] "GET /category/electronics HTTP/1.1" 200 47 "/item/games/2882" "Mozilla/5.0 (Windows NT 6.1; WOW64; rv:10.0.1) Gecko/20100101 Firefox/10.0.1"
212.117.157.59 - - [17/Nov/2017:23:37:50 +0000] "GET /item/games/3422 HTTP/1.1" 200 88 "http://www.google.com/search?ie=UTF-8&q=google&sclient=psy-ab&q=Games&oq=Games&aq=f&aqi=g-vL1&aql=&pbx=1&bav=on.2,or.r_gc.r_pw.r_qf.,cf.osb&biw=932&bih=231" "Mozilla/5.0 (compatible; MSIE 9.0; Windows NT 6.1; Trident/5.0)"
44.165.199.141 - - [17/Nov/2017:23:37:55 +0000] "POST /search/?c=Networking+Networking HTTP/1.1" 200 50 "/search/?c=Games" "Mozilla/5.0 (Windows NT 5.1) AppleWebKit/535.11 (KHTML, like Gecko) Chrome/17.0.963.46 Safari/535.11"
116.21.137.191 - - [17/Nov/2017:23:38:00 +0000] "POST /search/?c=Books HTTP/1.1" 200 85 "/category/music" "Mozilla/5.0 (Windows NT 6.1; WOW64) AppleWebKit/535.11 (KHTML, like Gecko) Chrome/17.0.963.56 Safari/535.11"
164.228.120.56 - - [17/Nov/2017:23:38:05 +0000] "GET /category/computers HTTP/1.1" 200 117 "-" "Mozilla/5.0 (compatible; MSIE 9.0; Windows NT 6.1; Trident/5.0)"
64.156.78.228 - - [17/Nov/2017:23:38:10 +0000] "GET /category/health HTTP/1.1" 200 42 "/category/giftcards" "Mozilla/5.0 (Windows NT 6.1; WOW64) AppleWebKit/535.7 (KHTML, like Gecko) Chrome/16.0.912.77 Safari/535.7"
112.186.182.189 - - [17/Nov/2017:23:38:15 +0000] "GET /item/electronics/1057 HTTP/1.1" 200 137 "/item/office/1686" "Mozilla/5.0 (compatible; MSIE 9.0; Windows NT 6.1; WOW64; Trident/5.0)"
20.120.111.64 - - [17/Nov/2017:23:38:20 +0000] "GET /category/networking HTTP/1.1" 200 108 "-" "Mozilla/5.0 (compatible; MSIE 9.0; Windows NT 6.1; WOW64; Trident/5.0)"
208.201.84.127 - - [17/Nov/2017:23:38:25 +0000] "POST /search/?c=Cameras+Finance HTTP/1.1" 200 49 "-" "Mozilla/5.0 (Windows NT 6.1; WOW64) AppleWebKit/535.7 (KHTML, like Gecko) Chrome/16.0.912.77 Safari/535.7"
152.45.113.47 - - [17/Nov/2017:23:38:30 +0000] "GET /category/software HTTP/1.1" 200 98 "-" "Mozilla/5.0 (Windows NT 6.1; WOW64) AppleWebKit/535.7 (KHTML, like Gecko) Chrome/16.0.912.77 Safari/535.7"
148.51.21.124 - - [17/Nov/2017:23:38:35 +0000] "GET /item/cameras/3320 HTTP/1.1" 200 109 "/search/?c=Cameras+Books" "Mozilla/5.0 (Windows NT 6.1; WOW64) AppleWebKit/535.11 (KHTML, like Gecko) Chrome/17.0.963.56 Safari/535.11"
176.141.46.22 - - [17/Nov/2017:23:38:40 +0000] "GET /category/finance HTTP/1.1" 200 124 "/category/finance" "Mozilla/4.0 (compatible; MSIE 8.0; Windows NT 6.1; WOW64; Trident/4.0; YTB730; GTB7.2; EasyBits GO v1.0; SLCC2; .NET CLR 2.0.50727; .NET CLR 3.5.30729; .NET CLR 3.0.30729; Media Center PC 6.0; .NET4.0C)"
124.99.44.123 - - [17/Nov/2017:23:38:45 +0000] "POST /search/?c=Electronics+Games HTTP/1.1" 200 88 "-" "Mozilla/5.0 (Windows NT 6.1; WOW64) AppleWebKit/535.7 (KHTML, like Gecko) Chrome/16.0.912.77 Safari/535.7"
148.60.198.141 - - [17/Nov/2017:23:38:50 +0000] "GET /category/office HTTP/1.1" 200 127 "/category/electronics" "Mozilla/5.0 (compatible; MSIE 9.0; Windows NT 6.1; WOW64; Trident/5.0)"
164.213.39.153 - - [17/Nov/2017:23:38:55 +0000] "GET /item/office/2904 HTTP/1.1" 200 59 "/category/office" "Mozilla/4.0 (compatible; MSIE 8.0; Windows NT 6.1; Trident/4.0; YTB730; SLCC2; .NET CLR 2.0.50727; .NET CLR 3.5.30729; .NET CLR 3.0.30729; Media Center PC 6.0; .NET4.0C)"
212.93.61.84 - - [17/Nov/2017:23:39:00 +0000] "GET /category/games HTTP/1.1" 200 87 "-" "Mozilla/5.0 (Windows NT 5.1) AppleWebKit/535.11 (KHTML, like Gecko) Chrome/17.0.963.46 Safari/535.11"
52.153.207.187 - - [17/Nov/2017:23:39:05 +0000] "GET /item/garden/2971 HTTP/1.1" 200 116 "/category/software" "Mozilla/5.0 (Windows NT 6.1; WOW64; rv:10.0.1) Gecko/20100101 Firefox/10.0.1"
84.192.102.111 - - [17/Nov/2017:23:39:10 +0000] "GET /category/electronics?from=0 HTTP/1.1" 200 71 "/category/office?from=0" "Mozilla/5.0 (iPad; CPU OS 5_0_1 like Mac OS X) AppleWebKit/534.46 (KHTML, like Gecko) Version/5.1 Mobile/9A405 Safari/7534.48.3"
152.120.32.93 - - [17/Nov/2017:23:39:15 +0000] "GET /category/office?from=0 HTTP/1.1" 200 93 "/category/software" "Mozilla/4.0 (compatible; MSIE 8.0; Windows NT 5.1; Trident/4.0; BTRS122159; GTB7.2; .NET CLR 1.1.4322; .NET CLR 2.0.50727; .NET CLR 3.0.04506.30; .NET CLR 3.0.4506.2152; .NET CLR 3.5.30729; BRI/2)"
20.69.121.129 - - [17/Nov/2017:23:39:20 +0000] "GET /category/electronics HTTP/1.1" 200 68 "-" "Mozilla/5.0 (Windows NT 6.0; rv:10.0.1) Gecko/20100101 Firefox/10.0.1"
68.117.130.229 - - [17/Nov/2017:23:39:25 +0000] "GET /category/software?from=10 HTTP/1.1" 200 67 "/category/jewelry" "Mozilla/5.0 (compatible; MSIE 9.0; Windows NT 6.1; WOW64; Trident/5.0)"
176.69.116.108 - - [17/Nov/2017:23:39:30 +0000] "GET /category/software HTTP/1.1" 200 66 "/item/books/3877" "Mozilla/5.0 (Macintosh; Intel Mac OS X 10.6; rv:9.0.1) Gecko/20100101 Firefox/9.0.1"
156.69.192.82 - - [17/Nov/2017:23:39:35 +0000] "GET /category/software HTTP/1.1" 200 123 "-" "Mozilla/4.0 (compatible; MSIE 8.0; Windows NT 6.1; WOW64; Trident/4.0; GTB7.2; SLCC2; .NET CLR 2.0.50727; .NET CLR 3.5.30729; .NET CLR 3.0.30729; Media Center PC 6.0; .NET4.0C)"
152.150.118.201 - - [17/Nov/2017:23:39:40 +0000] "GET /item/finance/3226 HTTP/1.1" 200 48 "/category/finance" "Mozilla/5.0 (Windows NT 6.1; WOW64) AppleWebKit/535.7 (KHTML, like Gecko) Chrome/16.0.912.77 Safari/535.7"
44.198.64.135 - - [17/Nov/2017:23:39:45 +0000] "GET /category/garden HTTP/1.1" 200 77 "/category/electronics" "Mozilla/4.0 (compatible; MSIE 8.0; Windows NT 6.1; WOW64; Trident/4.0; GTB7.2; SLCC2; .NET CLR 2.0.50727; .NET CLR 3.5.30729; .NET CLR 3.0.30729; Media Center PC 6.0; .NET4.0C)"
28.63.225.191 - - [17/Nov/2017:23:39:50 +0000] "GET /category/networking HTTP/1.1" 200 119 "/item/software/1876" "Mozilla/4.0 (compatible; MSIE 8.0; Windows NT 5.1; Trident/4.0; YTB720; GTB7.2; .NET CLR 1.1.4322; .NET CLR 2.0.50727; .NET CLR 3.0.4506.2152; .NET CLR 3.5.30729)"
224.195.180.118 - - [17/Nov/2017:23:39:55 +0000] "POST /search/?c=Games+Electronics HTTP/1.1" 200 81 "/category/electronics" "Mozilla/5.0 (Windows NT 6.1; WOW64) AppleWebKit/535.7 (KHTML, like Gecko) Chrome/16.0.912.77 Safari/535.7"
220.153.74.79 - - [17/Nov/2017:23:40:00 +0000] "GET /category/sports HTTP/1.1" 200 48 "/item/electronics/1679" "Mozilla/4.0 (compatible; MSIE 8.0; Windows NT 5.1; Trident/4.0; YTB720; GTB7.2; .NET CLR 1.1.4322; .NET CLR 2.0.50727; .NET CLR 3.0.4506.2152; .NET CLR 3.5.30729)"
68.111.65.149 - - [17/Nov/2017:23:40:05 +0000] "GET /category/electronics HTTP/1.1" 200 116 "-" "Mozilla/5.0 (Windows NT 6.0; rv:10.0.1) Gecko/20100101 Firefox/10.0.1"
48.57.65.104 - - [17/Nov/2017:23:40:10 +0000] "GET /category/games HTTP/1.1" 200 44 "-" "Mozilla/5.0 (Macintosh; Intel Mac OS X 10.6; rv:9.0.1) Gecko/20100101 Firefox/9.0.1"
144.159.198.187 - - [17/Nov/2017:23:40:15 +0000] "GET /item/electronics/1911 HTTP/1.1" 200 122 "-" "Mozilla/4.0 (compatible; MSIE 8.0; Windows NT 6.0; WOW64; Trident/4.0; GTB6; SLCC1; .NET CLR 2.0.50727; Media Center PC 5.0; .NET CLR 3.5.30729; .NET CLR 3.0.30618; .NET4.0C)"
116.219.67.62 - - [17/Nov/2017:23:40:20 +0000] "GET /item/finance/2549 HTTP/1.1" 200 114 "http://www.google.com/search?ie=UTF-8&q=google&sclient=psy-ab&q=Finance+Music&oq=Finance+Music&aq=f&aqi=g-vL1&aql=&pbx=1&bav=on.2,or.r_gc.r_pw.r_qf.,cf.osb&biw=3043&bih=181" "Mozilla/4.0 (compatible; MSIE 8.0; Windows NT 6.0; WOW64; Trident/4.0; GTB6; SLCC1; .NET CLR 2.0.50727; Media Center PC 5.0; .NET CLR 3.5.30729; .NET CLR 3.0.30618; .NET4.0C)"
96.150.113.225 - - [17/Nov/2017:23:40:25 +0000] "GET /category/electronics?from=0 HTTP/1.1" 200 101 "-" "Mozilla/5.0 (compatible; MSIE 9.0; Windows NT 6.1; Trident/5.0)"
32.177.40.26 - - [17/Nov/2017:23:40:30 +0000] "GET /item/music/4221 HTTP/1.1" 200 94 "/search/?c=Music" "Mozilla/5.0 (compatible; Googlebot/2.1; +http://www.google.com/bot.html)"
220.162.66.229 - - [17/Nov/2017:23:40:35 +0000] "GET /category/electronics HTTP/1.1" 200 88 "-" "Mozilla/5.0 (Windows NT 6.0; rv:10.0.1) Gecko/20100101 Firefox/10.0.1"
160.93.50.158 - - [17/Nov/2017:23:40:40 +0000] "GET /item/electronics/663 HTTP/1.1" 404 78 "/item/software/1531" "Mozilla/4.0 (compatible; MSIE 8.0; Windows NT 6.1; WOW64; Trident/4.0; YTB730; GTB7.2; EasyBits GO v1.0; SLCC2; .NET CLR 2.0.50727; .NET CLR 3.5.30729; .NET CLR 3.0.30729; Media Center PC 6.0; .NET4.0C)"
84.216.40.211 - - [17/Nov/2017:23:40:45 +0000] "GET /item/cameras/2299 HTTP/1.1" 200 64 "-" "Mozilla/4.0 (compatible; MSIE 8.0; Windows NT 6.1; WOW64; Trident/4.0; GTB7.2; SLCC2; .NET CLR 2.0.50727; .NET CLR 3.5.30729; .NET CLR 3.0.30729; Media Center PC 6.0; .NET4.0C)"
200.225.111.124 - - [17/Nov/2017:23:40:50 +0000] "GET /category/music HTTP/1.1" 200 56 "-" "Mozilla/5.0 (Windows NT 6.1; WOW64; rv:10.0.1) Gecko/20100101 Firefox/10.0.1"
188.117.206.31 - - [17/Nov/2017:23:40:55 +0000] "GET /category/cameras HTTP/1.1" 200 116 "-" "Mozilla/5.0 (Windows NT 6.1; WOW64) AppleWebKit/535.11 (KHTML, like Gecko) Chrome/17.0.963.56 Safari/535.11"
36.33.116.55 - - [17/Nov/2017:23:41:00 +0000] "GET /category/garden HTTP/1.1" 200 134 "/item/books/515" "Mozilla/4.0 (compatible; MSIE 8.0; Windows NT 6.1; WOW64; Trident/4.0; GTB7.2; SLCC2; .NET CLR 2.0.50727; .NET CLR 3.5.30729; .NET CLR 3.0.30729; Media Center PC 6.0; .NET4.0C)"
156.105.121.202 - - [17/Nov/2017:23:41:05 +0000] "GET /category/books HTTP/1.1" 200 49 "/item/music/4004" "Mozilla/5.0 (Windows NT 6.1; WOW64; rv:10.0.1) Gecko/20100101 Firefox/10.0.1"
180.225.227.228 - - [17/Nov/2017:23:41:10 +0000] "GET /category/games HTTP/1.1" 200 69 "/item/garden/348" "Mozilla/4.0 (compatible; MSIE 8.0; Windows NT 6.1; WOW64; Trident/4.0; GTB7.2; SLCC2; .NET CLR 2.0.50727; .NET CLR 3.5.30729; .NET CLR 3.0.30729; Media Center PC 6.0; .NET4.0C)"
176.210.127.134 - - [17/Nov/2017:23:41:15 +0000] "POST /search/?c=Software HTTP/1.1" 200 102 "/category/software" "Mozilla/5.0 (Windows NT 6.1; WOW64) AppleWebKit/535.11 (KHTML, like Gecko) Chrome/17.0.963.56 Safari/535.11"
80.21.83.68 - - [17/Nov/2017:23:41:20 +0000] "GET /category/software HTTP/1.1" 200 93 "-" "Mozilla/5.0 (Windows NT 6.1; WOW64) AppleWebKit/535.7 (KHTML, like Gecko) Chrome/16.0.912.77 Safari/535.7"
36.69.107.106 - - [17/Nov/2017:23:41:25 +0000] "GET /category/garden?from=0 HTTP/1.1" 200 90 "/search/?c=Garden" "Mozilla/5.0 (Windows NT 6.1; WOW64; rv:10.0.1) Gecko/20100101 Firefox/10.0.1"
188.213.129.190 - - [17/Nov/2017:23:41:30 +0000] "GET /item/electronics/367 HTTP/1.1" 200 79 "-" "Mozilla/4.0 (compatible; MSIE 8.0; Windows NT 6.1; WOW64; Trident/4.0; GTB7.2; SLCC2; .NET CLR 2.0.50727; .NET CLR 3.5.30729; .NET CLR 3.0.30729; Media Center PC 6.0; .NET4.0C)"
112.33.59.25 - - [17/Nov/2017:23:41:35 +0000] "GET /item/software/85 HTTP/1.1" 200 53 "/category/software" "Mozilla/5.0 (Windows NT 6.0) AppleWebKit/535.11 (KHTML, like Gecko) Chrome/17.0.963.56 Safari/535.11"
188.198.226.23 - - [17/Nov/2017:23:41:40 +0000] "GET /item/software/3165 HTTP/1.1" 200 63 "/search/?c=Software" "Mozilla/5.0 (Windows NT 6.0; rv:10.0.1) Gecko/20100101 Firefox/10.0.1"
220.159.151.36 - - [17/Nov/2017:23:41:45 +0000] "GET /item/games/1456 HTTP/1.1" 200 111 "-" "Mozilla/5.0 (iPad; CPU OS 5_0_1 like Mac OS X) AppleWebKit/534.46 (KHTML, like Gecko) Version/5.1 Mobile/9A405 Safari/7534.48.3"
20.63.176.160 - - [17/Nov/2017:23:41:50 +0000] "GET /category/software HTTP/1.1" 200 92 "/item/toys/1283" "Mozilla/5.0 (Windows NT 5.1) AppleWebKit/535.11 (KHTML, like Gecko) Chrome/17.0.963.46 Safari/535.11"
20.165.89.171 - - [17/Nov/2017:23:41:55 +0000] "POST /search/?c=Jewelry HTTP/1.1" 200 100 "/item/electronics/2825" "Mozilla/4.0 (compatible; MSIE 8.0; Windows NT 6.1; WOW64; Trident/4.0; YTB730; GTB7.2; SLCC2; .NET CLR 2.0.50727; .NET CLR 3.5.30729; .NET CLR 3.0.30729; .NET4.0C; .NET4.0E; Media Center PC 6.0)"
224.57.160.208 - - [17/Nov/2017:23:42:00 +0000] "GET /category/office HTTP/1.1" 200 71 "-" "Mozilla/5.0 (Windows NT 6.0) AppleWebKit/535.11 (KHTML, like Gecko) Chrome/17.0.963.56 Safari/535.11"
156.168.77.168 - - [17/Nov/2017:23:42:05 +0000] "GET /category/software HTTP/1.1" 200 64 "-" "Mozilla/5.0 (compatible; MSIE 9.0; Windows NT 6.1; WOW64; Trident/5.0)"
112.60.183.55 - - [17/Nov/2017:23:42:10 +0000] "GET /category/electronics HTTP/1.1" 200 72 "/item/electronics/950" "Mozilla/5.0 (Macintosh; Intel Mac OS X 10.6; rv:9.0.1) Gecko/20100101 Firefox/9.0.1"
160.222.46.45 - - [17/Nov/2017:23:42:15 +0000] "GET /category/books?from=20 HTTP/1.1" 200 86 "/category/books" "Mozilla/5.0 (Windows NT 5.1) AppleWebKit/535.11 (KHTML, like Gecko) Chrome/17.0.963.46 Safari/535.11"
96.225.24.124 - - [17/Nov/2017:23:42:20 +0000] "POST /search/?c=Software HTTP/1.1" 200 42 "/item/toys/1044" "Mozilla/4.0 (compatible; MSIE 8.0; Windows NT 6.1; WOW64; Trident/4.0; YTB730; GTB7.2; SLCC2; .NET CLR 2.0.50727; .NET CLR 3.5.30729; .NET CLR 3.0.30729; .NET4.0C; .NET4.0E; Media Center PC 6.0)"
204.75.217.225 - - [17/Nov/2017:23:42:25 +0000] "GET /item/books/3588 HTTP/1.1" 200 117 "/search/?c=Garden+Networking" "Mozilla/5.0 (Windows NT 6.0) AppleWebKit/535.11 (KHTML, like Gecko) Chrome/17.0.963.56 Safari/535.11"
60.150.49.62 - - [17/Nov/2017:23:42:30 +0000] "GET /category/games HTTP/1.1" 200 83 "-" "Mozilla/4.0 (compatible; MSIE 8.0; Windows NT 5.1; Trident/4.0; YTB720; GTB7.2; .NET CLR 1.1.4322; .NET CLR 2.0.50727; .NET CLR 3.0.4506.2152; .NET CLR 3.5.30729)"
100.42.49.57 - - [17/Nov/2017:23:42:35 +0000] "GET /item/books/3487 HTTP/1.1" 200 92 "/item/networking/67" "Mozilla/5.0 (Macintosh; Intel Mac OS X 10.6; rv:9.0.1) Gecko/20100101 Firefox/9.0.1"
164.120.51.110 - - [17/Nov/2017:23:42:40 +0000] "GET /item/finance/4175 HTTP/1.1" 200 42 "/category/finance" "Mozilla/4.0 (compatible; MSIE 8.0; Windows NT 5.1; Trident/4.0; BTRS122159; GTB7.2; .NET CLR 1.1.4322; .NET CLR 2.0.50727; .NET CLR 3.0.04506.30; .NET CLR 3.0.4506.2152; .NET CLR 3.5.30729; BRI/2)"
32.81.139.201 - - [17/Nov/2017:23:42:45 +0000] "GET /category/electronics HTTP/1.1" 200 108 "/item/networking/435" "Mozilla/5.0 (iPhone; CPU iPhone OS 5_0_1 like Mac OS X) AppleWebKit/534.46 (KHTML, like Gecko) Version/5.1 Mobile/9A405 Safari/7534.48.3"
40.168.92.164 - - [17/Nov/2017:23:42:50 +0000] "GET /item/software/4657 HTTP/1.1" 200 136 "/category/software" "Mozilla/5.0 (compatible; Googlebot/2.1; +http://www.google.com/bot.html)"
204.78.117.193 - - [17/Nov/2017:23:42:55 +0000] "GET /item/music/1760 HTTP/1.1" 200 112 "/search/?c=Music+Electronics" "Mozilla/5.0 (Windows NT 6.0; rv:10.0.1) Gecko/20100101 Firefox/10.0.1"
76.216.93.173 - - [17/Nov/2017:23:43:00 +0000] "GET /category/books HTTP/1.1" 200 41 "-" "Mozilla/5.0 (compatible; Googlebot/2.1; +http://www.google.com/bot.html)"
124.99.44.123 - - [17/Nov/2017:23:43:05 +0000] "GET /category/cameras HTTP/1.1" 200 114 "-" "Mozilla/5.0 (Windows NT 5.1) AppleWebKit/535.11 (KHTML, like Gecko) Chrome/17.0.963.46 Safari/535.11"
176.177.94.159 - - [17/Nov/2017:23:43:10 +0000] "GET /category/software HTTP/1.1" 200 109 "-" "Mozilla/5.0 (Windows NT 5.1) AppleWebKit/535.11 (KHTML, like Gecko) Chrome/17.0.963.46 Safari/535.11"
196.81.179.31 - - [17/Nov/2017:23:43:15 +0000] "GET /item/cameras/2523 HTTP/1.1" 200 66 "/category/games" "Mozilla/5.0 (Macintosh; Intel Mac OS X 10.6; rv:9.0.1) Gecko/20100101 Firefox/9.0.1"
132.183.166.198 - - [17/Nov/2017:23:43:20 +0000] "GET /item/office/2904 HTTP/1.1" 200 59 "-" "Mozilla/5.0 (Windows NT 6.0; rv:10.0.1) Gecko/20100101 Firefox/10.0.1"
116.174.202.224 - - [17/Nov/2017:23:43:25 +0000] "POST /search/?c=Games HTTP/1.1" 200 42 "-" "Mozilla/5.0 (Windows NT 6.1; WOW64) AppleWebKit/535.7 (KHTML, like Gecko) Chrome/16.0.912.77 Safari/535.7"
64.219.144.181 - - [17/Nov/2017:23:43:30 +0000] "GET /category/office HTTP/1.1" 200 72 "http://www.google.com/search?ie=UTF-8&q=google&sclient=psy-ab&q=Office+Giftcards&oq=Office+Giftcards&aq=f&aqi=g-vL1&aql=&pbx=1&bav=on.2,or.r_gc.r_pw.r_qf.,cf.osb&biw=4516&bih=400" "Mozilla/5.0 (compatible; MSIE 9.0; Windows NT 6.1; Trident/5.0)"
96.138.127.49 - - [17/Nov/2017:23:43:35 +0000] "GET /category/software HTTP/1.1" 200 58 "-" "Mozilla/5.0 (iPad; CPU OS 5_0_1 like Mac OS X) AppleWebKit/534.46 (KHTML, like Gecko) Version/5.1 Mobile/9A405 Safari/7534.48.3"
208.201.84.127 - - [17/Nov/2017:23:43:40 +0000] "GET /item/office/1523 HTTP/1.1" 200 98 "/item/music/4699" "Mozilla/4.0 (compatible; MSIE 8.0; Windows NT 6.1; WOW64; Trident/4.0; GTB7.2; SLCC2; .NET CLR 2.0.50727; .NET CLR 3.5.30729; .NET CLR 3.0.30729; Media Center PC 6.0; .NET4.0C)"
44.102.49.36 - - [17/Nov/2017:23:43:45 +0000] "GET /category/garden HTTP/1.1" 200 94 "-" "Mozilla/5.0 (Windows NT 6.1; WOW64) AppleWebKit/535.11 (KHTML, like Gecko) Chrome/17.0.963.56 Safari/535.11"
192.54.212.194 - - [17/Nov/2017:23:43:50 +0000] "GET /category/books HTTP/1.1" 200 125 "-" "Mozilla/5.0 (Macintosh; Intel Mac OS X 10.6; rv:9.0.1) Gecko/20100101 Firefox/9.0.1"
68.111.65.149 - - [17/Nov/2017:23:43:55 +0000] "GET /item/garden/3051 HTTP/1.1" 200 40 "/category/health" "Mozilla/5.0 (Macintosh; Intel Mac OS X 10.6; rv:9.0.1) Gecko/20100101 Firefox/9.0.1"
88.99.48.102 - - [17/Nov/2017:23:44:00 +0000] "GET /category/electronics HTTP/1.1" 200 82 "/category/software" "Mozilla/5.0 (compatible; MSIE 9.0; Windows NT 6.1; WOW64; Trident/5.0)"
44.36.71.120 - - [17/Nov/2017:23:44:05 +0000] "GET /category/office HTTP/1.1" 200 69 "-" "Mozilla/5.0 (Windows NT 6.0; rv:10.0.1) Gecko/20100101 Firefox/10.0.1"
48.183.212.212 - - [17/Nov/2017:23:44:10 +0000] "GET /category/books HTTP/1.1" 200 125 "/category/health" "Mozilla/4.0 (compatible; MSIE 8.0; Windows NT 6.0; WOW64; Trident/4.0; GTB6; SLCC1; .NET CLR 2.0.50727; Media Center PC 5.0; .NET CLR 3.5.30729; .NET CLR 3.0.30618; .NET4.0C)"
220.195.117.90 - - [17/Nov/2017:23:44:15 +0000] "GET /category/electronics HTTP/1.1" 200 139 "-" "Mozilla/5.0 (Windows NT 6.0; rv:10.0.1) Gecko/20100101 Firefox/10.0.1"
56.102.229.220 - - [17/Nov/2017:23:44:20 +0000] "GET /item/electronics/663 HTTP/1.1" 404 78 "-" "Mozilla/5.0 (Windows NT 6.1; WOW64; rv:10.0.1) Gecko/20100101 Firefox/10.0.1"
76.126.75.166 - - [17/Nov/2017:23:44:25 +0000] "GET /item/software/3387 HTTP/1.1" 200 121 "/category/software" "Mozilla/5.0 (Windows NT 6.0) AppleWebKit/535.11 (KHTML, like Gecko) Chrome/17.0.963.56 Safari/535.11"
200.225.159.107 - - [17/Nov/2017:23:44:30 +0000] "GET /category/cameras HTTP/1.1" 200 97 "-" "Mozilla/5.0 (Windows NT 6.1; WOW64; rv:10.0.1) Gecko/20100101 Firefox/10.0.1"
88.87.28.220 - - [17/Nov/2017:23:44:35 +0000] "GET /category/jewelry HTTP/1.1" 200 111 "/category/electronics?from=10" "Mozilla/5.0 (Windows NT 6.0; rv:10.0.1) Gecko/20100101 Firefox/10.0.1"
88.228.108.129 - - [17/Nov/2017:23:44:40 +0000] "GET /item/electronics/1 HTTP/1.1" 200 128 "-" "Mozilla/5.0 (Windows NT 6.0; rv:10.0.1) Gecko/20100101 Firefox/10.0.1"
52.159.188.199 - - [17/Nov/2017:23:44:45 +0000] "GET /category/books HTTP/1.1" 200 84 "-" "Mozilla/4.0 (compatible; MSIE 8.0; Windows NT 6.1; Trident/4.0; YTB730; SLCC2; .NET CLR 2.0.50727; .NET CLR 3.5.30729; .NET CLR 3.0.30729; Media Center PC 6.0; .NET4.0C)"
128.123.134.69 - - [17/Nov/2017:23:44:50 +0000] "GET /category/software HTTP/1.1" 200 73 "-" "Mozilla/5.0 (compatible; MSIE 9.0; Windows NT 6.1; Trident/5.0)"
104.216.208.39 - - [17/Nov/2017:23:44:55 +0000] "GET /item/garden/1060 HTTP/1.1" 200 74 "/item/giftcards/2263" "Mozilla/5.0 (Windows NT 5.1) AppleWebKit/535.11 (KHTML, like Gecko) Chrome/17.0.963.46 Safari/535.11"
140.150.40.81 - - [17/Nov/2017:23:45:00 +0000] "GET /category/finance HTTP/1.1" 200 125 "/search/?c=Electronics+Software" "Mozilla/5.0 (iPad; CPU OS 5_0_1 like Mac OS X) AppleWebKit/534.46 (KHTML, like Gecko) Version/5.1 Mobile/9A405 Safari/7534.48.3"
176.27.101.193 - - [17/Nov/2017:23:45:05 +0000] "GET /item/computers/1158 HTTP/1.1" 200 122 "/item/finance/3479" "Mozilla/5.0 (Windows NT 6.1; WOW64; rv:10.0.1) Gecko/20100101 Firefox/10.0.1"
52.159.188.199 - - [17/Nov/2017:23:45:10 +0000] "GET /category/software HTTP/1.1" 200 123 "/search/?c=Toys" "Mozilla/5.0 (compatible; MSIE 9.0; Windows NT 6.1; WOW64; Trident/5.0)"
56.162.217.61 - - [17/Nov/2017:23:45:15 +0000] "GET /category/electronics HTTP/1.1" 200 68 "-" "Mozilla/5.0 (Macintosh; Intel Mac OS X 10.6; rv:9.0.1) Gecko/20100101 Firefox/9.0.1"
128.123.134.69 - - [17/Nov/2017:23:45:20 +0000] "GET /category/office HTTP/1.1" 200 57 "-" "Mozilla/5.0 (compatible; MSIE 9.0; Windows NT 6.1; Trident/5.0)"
172.186.119.42 - - [17/Nov/2017:23:45:25 +0000] "GET /item/health/2403 HTTP/1.1" 200 112 "-" "Mozilla/5.0 (compatible; MSIE 9.0; Windows NT 6.1; WOW64; Trident/5.0)"
192.213.228.212 - - [17/Nov/2017:23:45:30 +0000] "GET /category/games HTTP/1.1" 200 83 "/category/finance" "Mozilla/5.0 (Windows NT 6.0) AppleWebKit/535.11 (KHTML, like Gecko) Chrome/17.0.963.56 Safari/535.11"
224.189.104.73 - - [17/Nov/2017:23:45:35 +0000] "GET /category/software HTTP/1.1" 200 90 "-" "Mozilla/4.0 (compatible; MSIE 8.0; Windows NT 5.1; Trident/4.0; YTB720; GTB7.2; .NET CLR 1.1.4322; .NET CLR 2.0.50727; .NET CLR 3.0.4506.2152; .NET CLR 3.5.30729)"
24.150.142.226 - - [17/Nov/2017:23:45:40 +0000] "GET /category/office HTTP/1.1" 200 54 "-" "Mozilla/5.0 (Windows NT 6.0; rv:10.0.1) Gecko/20100101 Firefox/10.0.1"
192.198.24.209 - - [17/Nov/2017:23:45:45 +0000] "GET /category/software HTTP/1.1" 200 129 "-" "Mozilla/5.0 (Macintosh; Intel Mac OS X 10.6; rv:9.0.1) Gecko/20100101 Firefox/9.0.1"
128.54.20.112 - - [17/Nov/2017:23:45:50 +0000] "GET /category/sports HTTP/1.1" 200 59 "-" "Mozilla/5.0 (compatible; MSIE 9.0; Windows NT 6.1; Trident/5.0)"
144.180.57.180 - - [17/Nov/2017:23:45:55 +0000] "GET /category/computers HTTP/1.1" 200 126 "/category/software" "Mozilla/5.0 (compatible; Googlebot/2.1; +http://www.google.com/bot.html)"
220.123.112.58 - - [17/Nov/2017:23:46:00 +0000] "GET /item/office/394 HTTP/1.1" 200 65 "/item/toys/3509" "Mozilla/5.0 (iPhone; CPU iPhone OS 5_0_1 like Mac OS X) AppleWebKit/534.46 (KHTML, like Gecko) Version/5.1 Mobile/9A405 Safari/7534.48.3"
148.171.78.128 - - [17/Nov/2017:23:46:05 +0000] "GET /item/electronics/3842 HTTP/1.1" 200 50 "/item/music/2069" "Mozilla/5.0 (Windows NT 6.1; WOW64) AppleWebKit/535.11 (KHTML, like Gecko) Chrome/17.0.963.56 Safari/535.11"
68.201.134.81 - - [17/Nov/2017:23:46:10 +0000] "GET /category/garden HTTP/1.1" 200 94 "-" "Mozilla/5.0 (Windows NT 6.1; WOW64; rv:10.0.1) Gecko/20100101 Firefox/10.0.1"
192.213.228.212 - - [17/Nov/2017:23:46:15 +0000] "GET /category/office?from=10 HTTP/1.1" 200 88 "-" "Mozilla/5.0 (Windows NT 6.0) AppleWebKit/535.11 (KHTML, like Gecko) Chrome/17.0.963.56 Safari/535.11"
112.57.196.125 - - [17/Nov/2017:23:46:20 +0000] "GET /category/jewelry HTTP/1.1" 200 113 "/item/networking/973" "Mozilla/4.0 (compatible; MSIE 8.0; Windows NT 5.1; Trident/4.0; YTB720; GTB7.2; .NET CLR 1.1.4322; .NET CLR 2.0.50727; .NET CLR 3.0.4506.2152; .NET CLR 3.5.30729)"
216.99.176.92 - - [17/Nov/2017:23:46:25 +0000] "GET /category/cameras HTTP/1.1" 200 97 "-" "Mozilla/5.0 (Windows NT 6.0) AppleWebKit/535.11 (KHTML, like Gecko) Chrome/17.0.963.56 Safari/535.11"
204.75.217.225 - - [17/Nov/2017:23:46:30 +0000] "GET /category/books?from=20 HTTP/1.1" 200 88 "/category/office" "Mozilla/4.0 (compatible; MSIE 8.0; Windows NT 6.1; WOW64; Trident/4.0; YTB730; GTB7.2; EasyBits GO v1.0; SLCC2; .NET CLR 2.0.50727; .NET CLR 3.5.30729; .NET CLR 3.0.30729; Media Center PC 6.0; .NET4.0C)"
224.117.61.161 - - [17/Nov/2017:23:46:35 +0000] "GET /category/music HTTP/1.1" 200 54 "http://www.google.com/search?ie=UTF-8&q=google&sclient=psy-ab&q=Music+Music&oq=Music+Music&aq=f&aqi=g-vL1&aql=&pbx=1&bav=on.2,or.r_gc.r_pw.r_qf.,cf.osb&biw=3038&bih=7" "Mozilla/5.0 (compatible; Googlebot/2.1; +http://www.google.com/bot.html)"
32.135.88.43 - - [17/Nov/2017:23:46:40 +0000] "GET /category/software HTTP/1.1" 200 68 "/category/giftcards" "Mozilla/5.0 (Windows NT 6.1; WOW64) AppleWebKit/535.11 (KHTML, like Gecko) Chrome/17.0.963.56 Safari/535.11"
208.207.38.30 - - [17/Nov/2017:23:46:45 +0000] "GET /item/computers/1158 HTTP/1.1" 200 122 "-" "Mozilla/5.0 (Windows NT 6.0; rv:10.0.1) Gecko/20100101 Firefox/10.0.1"
24.162.227.115 - - [17/Nov/2017:23:46:50 +0000] "GET /category/games HTTP/1.1" 200 87 "-" "Mozilla/5.0 (Windows NT 6.0; rv:10.0.1) Gecko/20100101 Firefox/10.0.1"
32.132.45.143 - - [17/Nov/2017:23:46:55 +0000] "GET /item/books/1440 HTTP/1.1" 200 108 "/category/books" "Mozilla/5.0 (iPad; CPU OS 5_0_1 like Mac OS X) AppleWebKit/534.46 (KHTML, like Gecko) Version/5.1 Mobile/9A405 Safari/7534.48.3"
132.132.44.91 - - [17/Nov/2017:23:47:00 +0000] "GET /item/cameras/2541 HTTP/1.1" 200 110 "/category/health" "Mozilla/4.0 (compatible; MSIE 8.0; Windows NT 6.1; WOW64; Trident/4.0; YTB730; GTB7.2; SLCC2; .NET CLR 2.0.50727; .NET CLR 3.5.30729; .NET CLR 3.0.30729; .NET4.0C; .NET4.0E; Media Center PC 6.0)"
24.225.171.131 - - [17/Nov/2017:23:47:05 +0000] "GET /category/giftcards HTTP/1.1" 200 60 "/item/software/4520" "Mozilla/5.0 (Windows NT 6.1; WOW64; rv:10.0.1) Gecko/20100101 Firefox/10.0.1"
20.21.65.80 - - [17/Nov/2017:23:47:10 +0000] "GET /category/finance HTTP/1.1" 200 86 "/item/giftcards/2452" "Mozilla/5.0 (Windows NT 6.1; WOW64) AppleWebKit/535.7 (KHTML, like Gecko) Chrome/16.0.912.77 Safari/535.7"
80.39.220.94 - - [17/Nov/2017:23:47:15 +0000] "GET /category/electronics HTTP/1.1" 200 91 "/category/books" "Mozilla/5.0 (Windows NT 6.0) AppleWebKit/535.11 (KHTML, like Gecko) Chrome/17.0.963.56 Safari/535.11"
220.81.172.204 - - [17/Nov/2017:23:47:20 +0000] "GET /category/office HTTP/1.1" 200 60 "-" "Mozilla/4.0 (compatible; MSIE 8.0; Windows NT 6.1; WOW64; Trident/4.0; GTB7.2; SLCC2; .NET CLR 2.0.50727; .NET CLR 3.5.30729; .NET CLR 3.0.30729; Media Center PC 6.0; .NET4.0C)"
152.150.118.201 - - [17/Nov/2017:23:47:25 +0000] "POST /search/?c=Electronics+Toys HTTP/1.1" 200 128 "-" "Mozilla/5.0 (Windows NT 6.1; WOW64) AppleWebKit/535.7 (KHTML, like Gecko) Chrome/16.0.912.77 Safari/535.7"
144.201.149.141 - - [17/Nov/2017:23:47:30 +0000] "GET /item/health/4301 HTTP/1.1" 200 104 "-" "Mozilla/5.0 (Windows NT 6.0) AppleWebKit/535.11 (KHTML, like Gecko) Chrome/17.0.963.56 Safari/535.11"
148.18.219.25 - - [17/Nov/2017:23:47:35 +0000] "GET /category/toys HTTP/1.1" 200 40 "/category/books" "Mozilla/5.0 (Windows NT 6.0; rv:10.0.1) Gecko/20100101 Firefox/10.0.1"
200.201.187.211 - - [17/Nov/2017:23:47:40 +0000] "GET /category/electronics HTTP/1.1" 200 54 "/item/electronics/2805" "Mozilla/4.0 (compatible; MSIE 8.0; Windows NT 6.1; WOW64; Trident/4.0; YTB730; GTB7.2; EasyBits GO v1.0; SLCC2; .NET CLR 2.0.50727; .NET CLR 3.5.30729; .NET CLR 3.0.30729; Media Center PC 6.0; .NET4.0C)"
180.36.176.29 - - [17/Nov/2017:23:47:45 +0000] "GET /item/electronics/1679 HTTP/1.1" 200 70 "/category/office" "Mozilla/5.0 (Macintosh; Intel Mac OS X 10.6; rv:9.0.1) Gecko/20100101 Firefox/9.0.1"
164.126.158.215 - - [17/Nov/2017:23:47:50 +0000] "GET /item/finance/3737 HTTP/1.1" 200 127 "/search/?c=Electronics+Software" "Mozilla/5.0 (compatible; MSIE 9.0; Windows NT 6.1; Trident/5.0)"
44.162.33.184 - - [17/Nov/2017:23:47:55 +0000] "GET /item/office/4595 HTTP/1.1" 200 137 "/category/electronics" "Mozilla/4.0 (compatible; MSIE 8.0; Windows NT 6.1; WOW64; Trident/4.0; GTB7.2; SLCC2; .NET CLR 2.0.50727; .NET CLR 3.5.30729; .NET CLR 3.0.30729; Media Center PC 6.0; .NET4.0C)"
96.195.97.48 - - [17/Nov/2017:23:48:00 +0000] "GET /category/office HTTP/1.1" 200 139 "-" "Mozilla/4.0 (compatible; MSIE 8.0; Windows NT 5.1; Trident/4.0; BTRS122159; GTB7.2; .NET CLR 1.1.4322; .NET CLR 2.0.50727; .NET CLR 3.0.04506.30; .NET CLR 3.0.4506.2152; .NET CLR 3.5.30729; BRI/2)"
72.219.156.125 - - [17/Nov/2017:23:48:05 +0000] "GET /category/books HTTP/1.1" 200 40 "-" "Mozilla/4.0 (compatible; MSIE 8.0; Windows NT 6.0; WOW64; Trident/4.0; GTB6; SLCC1; .NET CLR 2.0.50727; Media Center PC 5.0; .NET CLR 3.5.30729; .NET CLR 3.0.30618; .NET4.0C)"
60.123.32.130 - - [17/Nov/2017:23:48:10 +0000] "GET /category/books HTTP/1.1" 200 49 "/category/electronics" "Mozilla/4.0 (compatible; MSIE 8.0; Windows NT 5.1; Trident/4.0; YTB720; GTB7.2; .NET CLR 1.1.4322; .NET CLR 2.0.50727; .NET CLR 3.0.4506.2152; .NET CLR 3.5.30729)"
188.165.102.75 - - [17/Nov/2017:23:48:15 +0000] "GET /item/electronics/2034 HTTP/1.1" 200 100 "-" "Mozilla/5.0 (Windows NT 6.1; WOW64) AppleWebKit/535.7 (KHTML, like Gecko) Chrome/16.0.912.77 Safari/535.7"
204.117.20.72 - - [17/Nov/2017:23:48:20 +0000] "GET /category/computers HTTP/1.1" 200 131 "-" "Mozilla/5.0 (compatible; Googlebot/2.1; +http://www.google.com/bot.html)"
84.126.82.184 - - [17/Nov/2017:23:48:25 +0000] "GET /item/software/4933 HTTP/1.1" 200 52 "-" "Mozilla/4.0 (compatible; MSIE 8.0; Windows NT 6.1; WOW64; Trident/4.0; YTB730; GTB7.2; SLCC2; .NET CLR 2.0.50727; .NET CLR 3.5.30729; .NET CLR 3.0.30729; .NET4.0C; .NET4.0E; Media Center PC 6.0)"
88.222.58.180 - - [17/Nov/2017:23:48:30 +0000] "GET /category/health HTTP/1.1" 200 120 "/category/jewelry" "Mozilla/5.0 (compatible; MSIE 9.0; Windows NT 6.1; Trident/5.0)"
96.105.101.123 - - [17/Nov/2017:23:48:35 +0000] "GET /category/electronics HTTP/1.1" 200 107 "/category/electronics" "Mozilla/5.0 (Windows NT 5.1) AppleWebKit/535.11 (KHTML, like Gecko) Chrome/17.0.963.46 Safari/535.11"
192.213.228.212 - - [17/Nov/2017:23:48:40 +0000] "GET /category/office HTTP/1.1" 200 59 "/category/health" "Mozilla/5.0 (Macintosh; Intel Mac OS X 10.6; rv:9.0.1) Gecko/20100101 Firefox/9.0.1"
92.147.222.43 - - [17/Nov/2017:23:48:45 +0000] "GET /item/software/2629 HTTP/1.1" 200 61 "-" "Mozilla/5.0 (Windows NT 6.0) AppleWebKit/535.11 (KHTML, like Gecko) Chrome/17.0.963.56 Safari/535.11"
112.84.123.124 - - [17/Nov/2017:23:48:50 +0000] "GET /category/software HTTP/1.1" 200 94 "http://www.google.com/search?ie=UTF-8&q=google&sclient=psy-ab&q=Software+Jewelry&oq=Software+Jewelry&aq=f&aqi=g-vL1&aql=&pbx=1&bav=on.2,or.r_gc.r_pw.r_qf.,cf.osb&biw=2342&bih=15" "Mozilla/5.0 (Windows NT 6.1; WOW64) AppleWebKit/535.7 (KHTML, like Gecko) Chrome/16.0.912.77 Safari/535.7"
56.117.147.155 - - [17/Nov/2017:23:48:55 +0000] "GET /item/cameras/801 HTTP/1.1" 200 114 "/category/games" "Mozilla/4.0 (compatible; MSIE 8.0; Windows NT 6.0; WOW64; Trident/4.0; GTB6; SLCC1; .NET CLR 2.0.50727; Media Center PC 5.0; .NET CLR 3.5.30729; .NET CLR 3.0.30618; .NET4.0C)"
40.36.91.188 - - [17/Nov/2017:23:49:00 +0000] "POST /search/?c=Giftcards HTTP/1.1" 200 116 "-" "Mozilla/5.0 (iPhone; CPU iPhone OS 5_0_1 like Mac OS X) AppleWebKit/534.46 (KHTML, like Gecko) Version/5.1 Mobile/9A405 Safari/7534.48.3"
104.72.204.155 - - [17/Nov/2017:23:49:05 +0000] "GET /category/finance?from=20 HTTP/1.1" 200 116 "/search/?c=Finance" "Mozilla/5.0 (Windows NT 6.0; rv:10.0.1) Gecko/20100101 Firefox/10.0.1"
92.150.116.137 - - [17/Nov/2017:23:49:10 +0000] "GET /category/cameras?from=20 HTTP/1.1" 200 114 "/category/cameras" "Mozilla/5.0 (Macintosh; Intel Mac OS X 10.6; rv:9.0.1) Gecko/20100101 Firefox/9.0.1"
156.69.192.82 - - [17/Nov/2017:23:49:15 +0000] "GET /category/software HTTP/1.1" 200 129 "/category/games" "Mozilla/4.0 (compatible; MSIE 8.0; Windows NT 6.1; WOW64; Trident/4.0; YTB730; GTB7.2; SLCC2; .NET CLR 2.0.50727; .NET CLR 3.5.30729; .NET CLR 3.0.30729; .NET4.0C; .NET4.0E; Media Center PC 6.0)"
108.141.179.49 - - [17/Nov/2017:23:49:20 +0000] "GET /category/health HTTP/1.1" 200 118 "-" "Mozilla/5.0 (compatible; MSIE 9.0; Windows NT 6.1; Trident/5.0)"
88.27.37.78 - - [17/Nov/2017:23:49:25 +0000] "GET /item/electronics/4582 HTTP/1.1" 200 48 "/category/books" "Mozilla/5.0 (Windows NT 6.0; rv:10.0.1) Gecko/20100101 Firefox/10.0.1"
208.174.27.69 - - [17/Nov/2017:23:49:30 +0000] "GET /category/electronics HTTP/1.1" 200 107 "-" "Mozilla/5.0 (Windows NT 6.1; WOW64; rv:10.0.1) Gecko/20100101 Firefox/10.0.1"
124.66.153.212 - - [17/Nov/2017:23:49:35 +0000] "GET /category/games HTTP/1.1" 200 135 "/category/networking" "Mozilla/5.0 (Windows NT 6.0; rv:10.0.1) Gecko/20100101 Firefox/10.0.1"
136.132.151.226 - - [17/Nov/2017:23:49:40 +0000] "GET /item/games/3422 HTTP/1.1" 200 88 "http://www.google.com/search?ie=UTF-8&q=google&sclient=psy-ab&q=Games&oq=Games&aq=f&aqi=g-vL1&aql=&pbx=1&bav=on.2,or.r_gc.r_pw.r_qf.,cf.osb&biw=932&bih=231" "Mozilla/5.0 (compatible; MSIE 9.0; Windows NT 6.1; Trident/5.0)"
44.198.102.63 - - [17/Nov/2017:23:49:45 +0000] "GET /item/software/880 HTTP/1.1" 200 138 "/search/?c=Software+Games" "Mozilla/5.0 (compatible; MSIE 9.0; Windows NT 6.1; Trident/5.0)"
164.42.137.37 - - [17/Nov/2017:23:49:50 +0000] "GET /item/books/757 HTTP/1.1" 200 90 "/item/networking/4696" "Mozilla/4.0 (compatible; MSIE 8.0; Windows NT 6.1; WOW64; Trident/4.0; YTB730; GTB7.2; SLCC2; .NET CLR 2.0.50727; .NET CLR 3.5.30729; .NET CLR 3.0.30729; .NET4.0C; .NET4.0E; Media Center PC 6.0)"
80.123.121.100 - - [17/Nov/2017:23:49:55 +0000] "GET /item/books/3487 HTTP/1.1" 200 92 "/search/?c=Electronics+Games" "Mozilla/5.0 (Macintosh; Intel Mac OS X 10.6; rv:9.0.1) Gecko/20100101 Firefox/9.0.1"
172.51.88.88 - - [17/Nov/2017:23:50:00 +0000] "GET /category/giftcards HTTP/1.1" 200 109 "/category/electronics" "Mozilla/4.0 (compatible; MSIE 8.0; Windows NT 6.1; WOW64; Trident/4.0; GTB7.2; SLCC2; .NET CLR 2.0.50727; .NET CLR 3.5.30729; .NET CLR 3.0.30729; Media Center PC 6.0; .NET4.0C)"
192.90.171.212 - - [17/Nov/2017:23:50:05 +0000] "GET /category/music HTTP/1.1" 200 51 "/item/finance/4688" "Mozilla/5.0 (Windows NT 6.1; WOW64) AppleWebKit/535.11 (KHTML, like Gecko) Chrome/17.0.963.56 Safari/535.11"
52.57.147.82 - - [17/Nov/2017:23:50:10 +0000] "POST /search/?c=Electronics HTTP/1.1" 200 73 "-" "Mozilla/5.0 (iPhone; CPU iPhone OS 5_0_1 like Mac OS X) AppleWebKit/534.46 (KHTML, like Gecko) Version/5.1 Mobile/9A405 Safari/7534.48.3"
176.30.78.65 - - [17/Nov/2017:23:50:15 +0000] "GET /category/electronics HTTP/1.1" 200 104 "/item/electronics/1667" "Mozilla/5.0 (compatible; MSIE 9.0; Windows NT 6.1; WOW64; Trident/5.0)"
132.66.131.85 - - [17/Nov/2017:23:50:20 +0000] "GET /category/software HTTP/1.1" 200 84 "/item/books/1573" "Mozilla/4.0 (compatible; MSIE 8.0; Windows NT 6.0; WOW64; Trident/4.0; GTB6; SLCC1; .NET CLR 2.0.50727; Media Center PC 5.0; .NET CLR 3.5.30729; .NET CLR 3.0.30618; .NET4.0C)"
204.162.54.90 - - [17/Nov/2017:23:50:25 +0000] "GET /item/networking/67 HTTP/1.1" 200 52 "/category/sports" "Mozilla/5.0 (compatible; Googlebot/2.1; +http://www.google.com/bot.html)"
76.90.203.178 - - [17/Nov/2017:23:50:30 +0000] "GET /item/computers/1158 HTTP/1.1" 200 122 "/category/electronics" "Mozilla/5.0 (compatible; MSIE 9.0; Windows NT 6.1; WOW64; Trident/5.0)"
152.78.91.213 - - [17/Nov/2017:23:50:35 +0000] "GET /category/electronics HTTP/1.1" 200 57 "/category/jewelry" "Mozilla/5.0 (compatible; MSIE 9.0; Windows NT 6.1; Trident/5.0)"
76.144.80.172 - - [17/Nov/2017:23:50:40 +0000] "GET /category/books?from=10 HTTP/1.1" 200 97 "/category/books" "Mozilla/5.0 (compatible; MSIE 9.0; Windows NT 6.1; Trident/5.0)"
88.99.48.102 - - [17/Nov/2017:23:50:45 +0000] "GET /item/books/757 HTTP/1.1" 200 90 "/category/books" "Mozilla/5.0 (Windows NT 6.0; rv:10.0.1) Gecko/20100101 Firefox/10.0.1"
228.81.180.20 - - [17/Nov/2017:23:50:50 +0000] "GET /category/books HTTP/1.1" 200 48 "/category/office" "Mozilla/5.0 (Windows NT 6.0; rv:10.0.1) Gecko/20100101 Firefox/10.0.1"
180.228.190.87 - - [17/Nov/2017:23:50:55 +0000] "GET /item/jewelry/3466 HTTP/1.1" 200 130 "/category/software" "Mozilla/5.0 (iPhone; CPU iPhone OS 5_0_1 like Mac OS X) AppleWebKit/534.46 (KHTML, like Gecko) Version/5.1 Mobile/9A405 Safari/7534.48.3"
108.27.225.109 - - [17/Nov/2017:23:51:00 +0000] "GET /item/garden/231 HTTP/1.1" 200 59 "/item/software/2724" "Mozilla/5.0 (compatible; MSIE 9.0; Windows NT 6.1; Trident/5.0)"
56.102.229.220 - - [17/Nov/2017:23:51:05 +0000] "GET /category/books HTTP/1.1" 200 67 "-" "Mozilla/5.0 (Windows NT 6.1; WOW64; rv:10.0.1) Gecko/20100101 Firefox/10.0.1"
44.198.69.129 - - [17/Nov/2017:23:51:10 +0000] "GET /category/electronics HTTP/1.1" 200 103 "/category/sports" "Mozilla/5.0 (compatible; Googlebot/2.1; +http://www.google.com/bot.html)"
156.159.223.147 - - [17/Nov/2017:23:51:15 +0000] "GET /category/games?from=20 HTTP/1.1" 200 42 "/category/games" "Mozilla/4.0 (compatible; MSIE 8.0; Windows NT 6.1; Trident/4.0; YTB730; SLCC2; .NET CLR 2.0.50727; .NET CLR 3.5.30729; .NET CLR 3.0.30729; Media Center PC 6.0; .NET4.0C)"
20.84.216.48 - - [17/Nov/2017:23:51:20 +0000] "GET /category/finance?from=10 HTTP/1.1" 200 96 "/search/?c=Finance" "Mozilla/5.0 (Macintosh; Intel Mac OS X 10.6; rv:9.0.1) Gecko/20100101 Firefox/9.0.1"
200.186.57.64 - - [17/Nov/2017:23:51:25 +0000] "GET /category/office HTTP/1.1" 200 42 "/category/electronics" "Mozilla/5.0 (Windows NT 6.1; WOW64) AppleWebKit/535.7 (KHTML, like Gecko) Chrome/16.0.912.77 Safari/535.7"
124.42.157.72 - - [17/Nov/2017:23:51:30 +0000] "GET /category/books?from=0 HTTP/1.1" 200 114 "/search/?c=Books" "Mozilla/5.0 (compatible; MSIE 9.0; Windows NT 6.1; Trident/5.0)"
56.150.202.109 - - [17/Nov/2017:23:51:35 +0000] "GET /item/electronics/4248 HTTP/1.1" 200 48 "/category/games" "Mozilla/5.0 (Windows NT 6.1; WOW64) AppleWebKit/535.11 (KHTML, like Gecko) Chrome/17.0.963.56 Safari/535.11"
92.99.34.90 - - [17/Nov/2017:23:51:40 +0000] "POST /search/?c=Networking HTTP/1.1" 200 66 "-" "Mozilla/5.0 (iPhone; CPU iPhone OS 5_0_1 like Mac OS X) AppleWebKit/534.46 (KHTML, like Gecko) Version/5.1 Mobile/9A405 Safari/7534.48.3"
100.150.67.191 - - [17/Nov/2017:23:51:45 +0000] "GET /item/electronics/2805 HTTP/1.1" 200 55 "http://www.google.com/search?ie=UTF-8&q=google&sclient=psy-ab&q=Electronics&oq=Electronics&aq=f&aqi=g-vL1&aql=&pbx=1&bav=on.2,or.r_gc.r_pw.r_qf.,cf.osb&biw=2802&bih=50" "Mozilla/5.0 (Windows NT 6.1; WOW64) AppleWebKit/535.11 (KHTML, like Gecko) Chrome/17.0.963.56 Safari/535.11"
140.204.32.148 - - [17/Nov/2017:23:51:50 +0000] "GET /item/music/2048 HTTP/1.1" 200 56 "/item/books/590" "Mozilla/5.0 (iPad; CPU OS 5_0_1 like Mac OS X) AppleWebKit/534.46 (KHTML, like Gecko) Version/5.1 Mobile/9A405 Safari/7534.48.3"
28.21.175.63 - - [17/Nov/2017:23:51:55 +0000] "GET /item/games/4398 HTTP/1.1" 200 112 "-" "Mozilla/5.0 (Windows NT 6.1; WOW64) AppleWebKit/535.11 (KHTML, like Gecko) Chrome/17.0.963.56 Safari/535.11"
68.171.43.168 - - [17/Nov/2017:23:52:00 +0000] "GET /item/giftcards/3622 HTTP/1.1" 200 59 "-" "Mozilla/4.0 (compatible; MSIE 8.0; Windows NT 5.1; Trident/4.0; YTB720; GTB7.2; .NET CLR 1.1.4322; .NET CLR 2.0.50727; .NET CLR 3.0.4506.2152; .NET CLR 3.5.30729)"
180.48.74.50 - - [17/Nov/2017:23:52:05 +0000] "GET /item/electronics/2698 HTTP/1.1" 200 129 "-" "Mozilla/5.0 (Macintosh; Intel Mac OS X 10.6; rv:9.0.1) Gecko/20100101 Firefox/9.0.1"
52.51.140.109 - - [17/Nov/2017:23:52:10 +0000] "GET /category/office HTTP/1.1" 200 57 "-" "Mozilla/4.0 (compatible; MSIE 8.0; Windows NT 5.1; Trident/4.0; YTB720; GTB7.2; .NET CLR 1.1.4322; .NET CLR 2.0.50727; .NET CLR 3.0.4506.2152; .NET CLR 3.5.30729)"
212.171.62.26 - - [17/Nov/2017:23:52:15 +0000] "GET /item/garden/1912 HTTP/1.1" 200 84 "/category/sports" "Mozilla/5.0 (compatible; MSIE 9.0; Windows NT 6.1; WOW64; Trident/5.0)"
140.213.200.225 - - [17/Nov/2017:23:52:20 +0000] "GET /item/electronics/2805 HTTP/1.1" 200 55 "/search/?c=Electronics" "Mozilla/5.0 (Windows NT 6.0; rv:10.0.1) Gecko/20100101 Firefox/10.0.1"
208.207.38.30 - - [17/Nov/2017:23:52:25 +0000] "GET /item/finance/3568 HTTP/1.1" 200 126 "/item/electronics/1433" "Mozilla/5.0 (compatible; MSIE 9.0; Windows NT 6.1; WOW64; Trident/5.0)"
44.198.209.156 - - [17/Nov/2017:23:52:30 +0000] "GET /category/cameras HTTP/1.1" 200 117 "/search/?c=Finance+Books" "Mozilla/5.0 (Windows NT 6.1; WOW64) AppleWebKit/535.11 (KHTML, like Gecko) Chrome/17.0.963.56 Safari/535.11"
196.81.179.31 - - [17/Nov/2017:23:52:35 +0000] "GET /category/software HTTP/1.1" 200 89 "-" "Mozilla/5.0 (Windows NT 6.1; WOW64) AppleWebKit/535.7 (KHTML, like Gecko) Chrome/16.0.912.77 Safari/535.7"
64.207.189.196 - - [17/Nov/2017:23:52:40 +0000] "GET /category/electronics HTTP/1.1" 200 78 "-" "Mozilla/5.0 (Windows NT 6.0; rv:10.0.1) Gecko/20100101 Firefox/10.0.1"
216.192.151.63 - - [17/Nov/2017:23:52:45 +0000] "GET /item/electronics/3821 HTTP/1.1" 200 75 "-" "Mozilla/5.0 (Windows NT 6.0) AppleWebKit/535.11 (KHTML, like Gecko) Chrome/17.0.963.56 Safari/535.11"
192.93.155.127 - - [17/Nov/2017:23:52:50 +0000] "GET /category/software HTTP/1.1" 200 109 "-" "Mozilla/5.0 (Macintosh; Intel Mac OS X 10.6; rv:9.0.1) Gecko/20100101 Firefox/9.0.1"
60.123.150.225 - - [17/Nov/2017:23:52:55 +0000] "GET /item/cameras/2299 HTTP/1.1" 200 64 "/search/?c=Cameras" "Mozilla/5.0 (iPhone; CPU iPhone OS 5_0_1 like Mac OS X) AppleWebKit/534.46 (KHTML, like Gecko) Version/5.1 Mobile/9A405 Safari/7534.48.3"
136.63.21.83 - - [17/Nov/2017:23:53:00 +0000] "GET /category/computers HTTP/1.1" 200 45 "/category/electronics?from=0" "Mozilla/4.0 (compatible; MSIE 8.0; Windows NT 5.1; Trident/4.0; BTRS122159; GTB7.2; .NET CLR 1.1.4322; .NET CLR 2.0.50727; .NET CLR 3.0.04506.30; .NET CLR 3.0.4506.2152; .NET CLR 3.5.30729; BRI/2)"
56.150.202.109 - - [17/Nov/2017:23:53:05 +0000] "GET /item/books/4078 HTTP/1.1" 200 74 "-" "Mozilla/4.0 (compatible; MSIE 8.0; Windows NT 5.1; Trident/4.0; BTRS122159; GTB7.2; .NET CLR 1.1.4322; .NET CLR 2.0.50727; .NET CLR 3.0.04506.30; .NET CLR 3.0.4506.2152; .NET CLR 3.5.30729; BRI/2)"
72.216.215.73 - - [17/Nov/2017:23:53:10 +0000] "GET /category/games HTTP/1.1" 200 59 "-" "Mozilla/4.0 (compatible; MSIE 8.0; Windows NT 6.1; Trident/4.0; YTB730; SLCC2; .NET CLR 2.0.50727; .NET CLR 3.5.30729; .NET CLR 3.0.30729; Media Center PC 6.0; .NET4.0C)"
216.84.184.134 - - [17/Nov/2017:23:53:15 +0000] "GET /item/games/152 HTTP/1.1" 200 133 "/search/?c=Games" "Mozilla/5.0 (Windows NT 6.1; WOW64) AppleWebKit/535.11 (KHTML, like Gecko) Chrome/17.0.963.56 Safari/535.11"
124.48.209.187 - - [17/Nov/2017:23:53:20 +0000] "POST /search/?c=Books HTTP/1.1" 200 114 "/item/electronics/2805" "Mozilla/5.0 (Windows NT 6.1; WOW64) AppleWebKit/535.11 (KHTML, like Gecko) Chrome/17.0.963.56 Safari/535.11"
40.36.176.35 - - [17/Nov/2017:23:53:25 +0000] "GET /item/books/3757 HTTP/1.1" 200 115 "/item/finance/4175" "Mozilla/5.0 (Windows NT 6.0; rv:10.0.1) Gecko/20100101 Firefox/10.0.1"
108.78.86.154 - - [17/Nov/2017:23:53:30 +0000] "GET /category/games HTTP/1.1" 200 133 "-" "Mozilla/5.0 (Windows NT 6.1; WOW64) AppleWebKit/535.7 (KHTML, like Gecko) Chrome/16.0.912.77 Safari/535.7"
116.198.83.162 - - [17/Nov/2017:23:53:35 +0000] "POST /search/?c=Giftcards HTTP/1.1" 200 116 "-" "Mozilla/5.0 (Windows NT 6.1; WOW64) AppleWebKit/535.11 (KHTML, like Gecko) Chrome/17.0.963.56 Safari/535.11"
184.45.158.136 - - [17/Nov/2017:23:53:40 +0000] "GET /category/health?from=10 HTTP/1.1" 200 89 "-" "Mozilla/5.0 (Windows NT 6.0; rv:10.0.1) Gecko/20100101 Firefox/10.0.1"
176.180.122.216 - - [17/Nov/2017:23:53:45 +0000] "GET /category/software HTTP/1.1" 200 72 "-" "Mozilla/5.0 (Windows NT 6.0) AppleWebKit/535.11 (KHTML, like Gecko) Chrome/17.0.963.56 Safari/535.11"
184.144.144.34 - - [17/Nov/2017:23:53:50 +0000] "GET /category/books HTTP/1.1" 200 74 "-" "Mozilla/5.0 (compatible; MSIE 9.0; Windows NT 6.1; Trident/5.0)"
160.93.50.158 - - [17/Nov/2017:23:53:55 +0000] "GET /item/garden/957 HTTP/1.1" 200 106 "http://www.google.com/search?ie=UTF-8&q=google&sclient=psy-ab&q=Garden+Office&oq=Garden+Office&aq=f&aqi=g-vL1&aql=&pbx=1&bav=on.2,or.r_gc.r_pw.r_qf.,cf.osb&biw=3425&bih=40" "Mozilla/5.0 (Windows NT 6.0; rv:10.0.1) Gecko/20100101 Firefox/10.0.1"
72.156.195.112 - - [17/Nov/2017:23:54:00 +0000] "GET /category/games HTTP/1.1" 200 114 "/category/office" "Mozilla/5.0 (compatible; MSIE 9.0; Windows NT 6.1; Trident/5.0)"
64.24.130.157 - - [17/Nov/2017:23:54:05 +0000] "GET /category/software HTTP/1.1" 200 58 "/category/electronics" "Mozilla/4.0 (compatible; MSIE 8.0; Windows NT 6.1; WOW64; Trident/4.0; YTB730; GTB7.2; EasyBits GO v1.0; SLCC2; .NET CLR 2.0.50727; .NET CLR 3.5.30729; .NET CLR 3.0.30729; Media Center PC 6.0; .NET4.0C)"
180.207.97.33 - - [17/Nov/2017:23:54:10 +0000] "GET /category/electronics HTTP/1.1" 200 78 "-" "Mozilla/5.0 (Windows NT 6.0; rv:10.0.1) Gecko/20100101 Firefox/10.0.1"
192.198.24.209 - - [17/Nov/2017:23:54:15 +0000] "GET /category/software HTTP/1.1" 200 103 "-" "Mozilla/5.0 (Windows NT 6.0) AppleWebKit/535.11 (KHTML, like Gecko) Chrome/17.0.963.56 Safari/535.11"
64.210.40.162 - - [17/Nov/2017:23:54:20 +0000] "GET /item/cameras/4503 HTTP/1.1" 200 92 "/item/office/2035" "Mozilla/5.0 (Macintosh; Intel Mac OS X 10.6; rv:9.0.1) Gecko/20100101 Firefox/9.0.1"
156.168.77.168 - - [17/Nov/2017:23:54:25 +0000] "GET /category/computers HTTP/1.1" 200 131 "-" "Mozilla/5.0 (Macintosh; Intel Mac OS X 10.6; rv:9.0.1) Gecko/20100101 Firefox/9.0.1"
220.159.151.36 - - [17/Nov/2017:23:54:30 +0000] "GET /category/electronics HTTP/1.1" 200 137 "/item/garden/4383" "Mozilla/5.0 (compatible; Googlebot/2.1; +http://www.google.com/bot.html)"
108.174.61.62 - - [17/Nov/2017:23:54:35 +0000] "GET /category/books HTTP/1.1" 200 55 "/category/jewelry?from=20" "Mozilla/5.0 (Windows NT 6.0) AppleWebKit/535.11 (KHTML, like Gecko) Chrome/17.0.963.56 Safari/535.11"
84.150.50.150 - - [17/Nov/2017:23:54:40 +0000] "GET /category/books?from=10 HTTP/1.1" 200 99 "/item/electronics/1706" "Mozilla/4.0 (compatible; MSIE 8.0; Windows NT 6.1; WOW64; Trident/4.0; GTB7.2; SLCC2; .NET CLR 2.0.50727; .NET CLR 3.5.30729; .NET CLR 3.0.30729; Media Center PC 6.0; .NET4.0C)"
136.81.21.202 - - [17/Nov/2017:23:54:45 +0000] "GET /item/electronics/229 HTTP/1.1" 200 105 "/category/sports" "Mozilla/5.0 (Windows NT 6.0; rv:10.0.1) Gecko/20100101 Firefox/10.0.1"
40.39.105.229 - - [17/Nov/2017:23:54:50 +0000] "GET /category/software HTTP/1.1" 200 64 "/category/electronics" "Mozilla/5.0 (Macintosh; Intel Mac OS X 10.6; rv:9.0.1) Gecko/20100101 Firefox/9.0.1"
156.168.77.168 - - [17/Nov/2017:23:54:55 +0000] "GET /category/electronics HTTP/1.1" 200 138 "/item/software/1546" "Mozilla/5.0 (compatible; MSIE 9.0; Windows NT 6.1; WOW64; Trident/5.0)"
224.87.180.175 - - [17/Nov/2017:23:55:00 +0000] "GET /category/electronics HTTP/1.1" 200 82 "-" "Mozilla/5.0 (Windows NT 6.1; WOW64) AppleWebKit/535.7 (KHTML, like Gecko) Chrome/16.0.912.77 Safari/535.7"
40.126.50.218 - - [17/Nov/2017:23:55:05 +0000] "GET /category/software HTTP/1.1" 200 77 "-" "Mozilla/5.0 (Windows NT 6.0; rv:10.0.1) Gecko/20100101 Firefox/10.0.1"
32.198.203.102 - - [17/Nov/2017:23:55:10 +0000] "GET /category/software HTTP/1.1" 200 63 "-" "Mozilla/5.0 (Windows NT 6.0; rv:10.0.1) Gecko/20100101 Firefox/10.0.1"
20.93.216.37 - - [17/Nov/2017:23:55:15 +0000] "GET /item/software/1271 HTTP/1.1" 200 103 "http://www.google.com/search?ie=UTF-8&q=google&sclient=psy-ab&q=Software&oq=Software&aq=f&aqi=g-vL1&aql=&pbx=1&bav=on.2,or.r_gc.r_pw.r_qf.,cf.osb&biw=855&bih=550" "Mozilla/5.0 (Windows NT 6.0; rv:10.0.1) Gecko/20100101 Firefox/10.0.1"
140.216.102.224 - - [17/Nov/2017:23:55:20 +0000] "GET /item/software/1802 HTTP/1.1" 200 125 "-" "Mozilla/5.0 (Macintosh; Intel Mac OS X 10.6; rv:9.0.1) Gecko/20100101 Firefox/9.0.1"
20.165.89.171 - - [17/Nov/2017:23:55:25 +0000] "GET /item/sports/3881 HTTP/1.1" 200 89 "-" "Mozilla/5.0 (Windows NT 6.0) AppleWebKit/535.11 (KHTML, like Gecko) Chrome/17.0.963.56 Safari/535.11"
164.228.120.56 - - [17/Nov/2017:23:55:30 +0000] "POST /search/?c=Electronics+Garden HTTP/1.1" 200 139 "-" "Mozilla/5.0 (compatible; Googlebot/2.1; +http://www.google.com/bot.html)"
112.159.47.221 - - [17/Nov/2017:23:55:35 +0000] "GET /item/sports/1884 HTTP/1.1" 200 105 "/category/finance" "Mozilla/5.0 (Windows NT 6.0; rv:10.0.1) Gecko/20100101 Firefox/10.0.1"
52.51.140.109 - - [17/Nov/2017:23:55:40 +0000] "GET /category/software HTTP/1.1" 200 85 "-" "Mozilla/5.0 (Macintosh; Intel Mac OS X 10.6; rv:9.0.1) Gecko/20100101 Firefox/9.0.1"
92.147.59.203 - - [17/Nov/2017:23:55:45 +0000] "GET /item/games/2268 HTTP/1.1" 200 100 "/item/games/4604" "Mozilla/5.0 (Windows NT 6.1; WOW64) AppleWebKit/535.7 (KHTML, like Gecko) Chrome/16.0.912.77 Safari/535.7"
140.216.85.20 - - [17/Nov/2017:23:55:50 +0000] "GET /category/electronics HTTP/1.1" 200 61 "/category/books" "Mozilla/5.0 (Windows NT 6.1; WOW64; rv:10.0.1) Gecko/20100101 Firefox/10.0.1"
208.150.93.221 - - [17/Nov/2017:23:55:55 +0000] "GET /item/electronics/2595 HTTP/1.1" 200 59 "/item/electronics/2606" "Mozilla/5.0 (Windows NT 6.1; WOW64; rv:10.0.1) Gecko/20100101 Firefox/10.0.1"
48.39.50.112 - - [17/Nov/2017:23:56:00 +0000] "POST /search/?c=Books+Electronics HTTP/1.1" 200 79 "-" "Mozilla/5.0 (compatible; MSIE 9.0; Windows NT 6.1; Trident/5.0)"
164.45.62.175 - - [17/Nov/2017:23:56:05 +0000] "GET /category/office HTTP/1.1" 200 96 "/category/garden" "Mozilla/4.0 (compatible; MSIE 8.0; Windows NT 5.1; Trident/4.0; BTRS122159; GTB7.2; .NET CLR 1.1.4322; .NET CLR 2.0.50727; .NET CLR 3.0.04506.30; .NET CLR 3.0.4506.2152; .NET CLR 3.5.30729; BRI/2)"
148.99.211.139 - - [17/Nov/2017:23:56:10 +0000] "GET /item/electronics/1679 HTTP/1.1" 200 70 "-" "Mozilla/4.0 (compatible; MSIE 8.0; Windows NT 6.1; WOW64; Trident/4.0; YTB730; GTB7.2; SLCC2; .NET CLR 2.0.50727; .NET CLR 3.5.30729; .NET CLR 3.0.30729; .NET4.0C; .NET4.0E; Media Center PC 6.0)"
88.126.130.26 - - [17/Nov/2017:23:56:15 +0000] "GET /category/electronics HTTP/1.1" 200 84 "-" "Mozilla/5.0 (Windows NT 6.0; rv:10.0.1) Gecko/20100101 Firefox/10.0.1"
104.165.180.220 - - [17/Nov/2017:23:56:20 +0000] "POST /search/?c=Cameras+Office HTTP/1.1" 200 71 "-" "Mozilla/4.0 (compatible; MSIE 8.0; Windows NT 5.1; Trident/4.0; BTRS122159; GTB7.2; .NET CLR 1.1.4322; .NET CLR 2.0.50727; .NET CLR 3.0.04506.30; .NET CLR 3.0.4506.2152; .NET CLR 3.5.30729; BRI/2)"
72.165.89.172 - - [17/Nov/2017:23:56:25 +0000] "GET /category/jewelry HTTP/1.1" 200 102 "-" "Mozilla/5.0 (compatible; Googlebot/2.1; +http://www.google.com/bot.html)"
188.147.180.205 - - [17/Nov/2017:23:56:30 +0000] "GET /category/jewelry HTTP/1.1" 200 48 "/category/games?from=20" "Mozilla/5.0 (compatible; MSIE 9.0; Windows NT 6.1; WOW64; Trident/5.0)"
152.207.187.181 - - [17/Nov/2017:23:56:35 +0000] "GET /category/health HTTP/1.1" 200 101 "/category/books" "Mozilla/5.0 (Windows NT 6.1; WOW64; rv:10.0.1) Gecko/20100101 Firefox/10.0.1"
32.30.60.100 - - [17/Nov/2017:23:56:40 +0000] "GET /item/books/469 HTTP/1.1" 200 95 "/category/books" "Mozilla/5.0 (compatible; MSIE 9.0; Windows NT 6.1; WOW64; Trident/5.0)"
196.57.59.219 - - [17/Nov/2017:23:56:45 +0000] "GET /category/software HTTP/1.1" 200 105 "/item/games/3390" "Mozilla/5.0 (Windows NT 6.1; WOW64; rv:10.0.1) Gecko/20100101 Firefox/10.0.1"
44.213.68.121 - - [17/Nov/2017:23:56:50 +0000] "GET /category/jewelry HTTP/1.1" 200 77 "-" "Mozilla/5.0 (Windows NT 6.0; rv:10.0.1) Gecko/20100101 Firefox/10.0.1"
224.210.173.173 - - [17/Nov/2017:23:56:55 +0000] "GET /category/computers HTTP/1.1" 200 94 "/category/books?from=10" "Mozilla/5.0 (iPhone; CPU iPhone OS 5_0_1 like Mac OS X) AppleWebKit/534.46 (KHTML, like Gecko) Version/5.1 Mobile/9A405 Safari/7534.48.3"
28.147.67.42 - - [17/Nov/2017:23:57:00 +0000] "GET /category/electronics HTTP/1.1" 200 72 "-" "Mozilla/4.0 (compatible; MSIE 8.0; Windows NT 6.1; WOW64; Trident/4.0; GTB7.2; SLCC2; .NET CLR 2.0.50727; .NET CLR 3.5.30729; .NET CLR 3.0.30729; Media Center PC 6.0; .NET4.0C)"
184.99.31.112 - - [17/Nov/2017:23:57:05 +0000] "GET /item/cameras/3741 HTTP/1.1" 200 90 "/item/books/515" "Mozilla/5.0 (compatible; Googlebot/2.1; +http://www.google.com/bot.html)"
208.30.147.227 - - [17/Nov/2017:23:57:10 +0000] "GET /category/electronics HTTP/1.1" 200 139 "/item/office/394" "Mozilla/5.0 (Windows NT 6.1; WOW64) AppleWebKit/535.11 (KHTML, like Gecko) Chrome/17.0.963.56 Safari/535.11"
20.93.216.37 - - [17/Nov/2017:23:57:15 +0000] "GET /category/electronics HTTP/1.1" 200 62 "-" "Mozilla/5.0 (Windows NT 6.1; WOW64) AppleWebKit/535.11 (KHTML, like Gecko) Chrome/17.0.963.56 Safari/535.11"
20.132.185.140 - - [17/Nov/2017:23:57:20 +0000] "GET /category/jewelry HTTP/1.1" 200 77 "/category/toys" "Mozilla/4.0 (compatible; MSIE 8.0; Windows NT 6.1; WOW64; Trident/4.0; YTB730; GTB7.2; SLCC2; .NET CLR 2.0.50727; .NET CLR 3.5.30729; .NET CLR 3.0.30729; .NET4.0C; .NET4.0E; Media Center PC 6.0)"
180.153.208.26 - - [17/Nov/2017:23:57:25 +0000] "GET /item/electronics/3842 HTTP/1.1" 200 50 "-" "Mozilla/5.0 (Windows NT 6.0) AppleWebKit/535.11 (KHTML, like Gecko) Chrome/17.0.963.56 Safari/535.11"
32.222.29.160 - - [17/Nov/2017:23:57:30 +0000] "GET /item/garden/2199 HTTP/1.1" 200 74 "-" "Mozilla/4.0 (compatible; MSIE 8.0; Windows NT 6.0; WOW64; Trident/4.0; GTB6; SLCC1; .NET CLR 2.0.50727; Media Center PC 5.0; .NET CLR 3.5.30729; .NET CLR 3.0.30618; .NET4.0C)"
132.192.89.145 - - [17/Nov/2017:23:57:35 +0000] "GET /category/toys HTTP/1.1" 200 47 "-" "Mozilla/4.0 (compatible; MSIE 8.0; Windows NT 5.1; Trident/4.0; BTRS122159; GTB7.2; .NET CLR 1.1.4322; .NET CLR 2.0.50727; .NET CLR 3.0.04506.30; .NET CLR 3.0.4506.2152; .NET CLR 3.5.30729; BRI/2)"
40.21.219.95 - - [17/Nov/2017:23:57:40 +0000] "GET /item/books/3101 HTTP/1.1" 200 61 "-" "Mozilla/5.0 (compatible; MSIE 9.0; Windows NT 6.1; Trident/5.0)"
160.198.155.53 - - [17/Nov/2017:23:57:45 +0000] "GET /item/games/4108 HTTP/1.1" 200 60 "/search/?c=Games+Office" "Mozilla/5.0 (iPhone; CPU iPhone OS 5_0_1 like Mac OS X) AppleWebKit/534.46 (KHTML, like Gecko) Version/5.1 Mobile/9A405 Safari/7534.48.3"
36.132.162.159 - - [17/Nov/2017:23:57:50 +0000] "GET /category/jewelry HTTP/1.1" 200 86 "-" "Mozilla/5.0 (Macintosh; Intel Mac OS X 10.6; rv:9.0.1) Gecko/20100101 Firefox/9.0.1"
36.75.71.169 - - [17/Nov/2017:23:57:55 +0000] "GET /item/toys/2543 HTTP/1.1" 200 73 "/category/office" "Mozilla/5.0 (Windows NT 6.0) AppleWebKit/535.11 (KHTML, like Gecko) Chrome/17.0.963.56 Safari/535.11"
152.78.91.213 - - [17/Nov/2017:23:58:00 +0000] "GET /category/electronics HTTP/1.1" 200 46 "/category/health?from=10" "Mozilla/5.0 (Windows NT 6.1; WOW64) AppleWebKit/535.11 (KHTML, like Gecko) Chrome/17.0.963.56 Safari/535.11"
84.168.145.91 - - [17/Nov/2017:23:58:05 +0000] "GET /category/electronics HTTP/1.1" 200 126 "-" "Mozilla/5.0 (Windows NT 6.0) AppleWebKit/535.11 (KHTML, like Gecko) Chrome/17.0.963.56 Safari/535.11"
92.180.180.225 - - [17/Nov/2017:23:58:10 +0000] "GET /item/books/1869 HTTP/1.1" 200 134 "/item/electronics/266" "Mozilla/5.0 (Windows NT 6.0; rv:10.0.1) Gecko/20100101 Firefox/10.0.1"
188.54.62.28 - - [17/Nov/2017:23:58:15 +0000] "POST /search/?c=Games+Electronics HTTP/1.1" 200 52 "/category/electronics?from=20" "Mozilla/4.0 (compatible; MSIE 8.0; Windows NT 6.0; WOW64; Trident/4.0; GTB6; SLCC1; .NET CLR 2.0.50727; Media Center PC 5.0; .NET CLR 3.5.30729; .NET CLR 3.0.30618; .NET4.0C)"
132.192.89.145 - - [17/Nov/2017:23:58:20 +0000] "GET /category/games HTTP/1.1" 200 111 "/category/software" "Mozilla/4.0 (compatible; MSIE 8.0; Windows NT 5.1; Trident/4.0; BTRS122159; GTB7.2; .NET CLR 1.1.4322; .NET CLR 2.0.50727; .NET CLR 3.0.04506.30; .NET CLR 3.0.4506.2152; .NET CLR 3.5.30729; BRI/2)"
216.84.184.134 - - [17/Nov/2017:23:58:25 +0000] "GET /category/electronics HTTP/1.1" 200 103 "-" "Mozilla/5.0 (Windows NT 6.1; WOW64) AppleWebKit/535.11 (KHTML, like Gecko) Chrome/17.0.963.56 Safari/535.11"
20.84.216.48 - - [17/Nov/2017:23:58:30 +0000] "GET /category/garden HTTP/1.1" 200 138 "/category/books" "Mozilla/5.0 (Macintosh; Intel Mac OS X 10.6; rv:9.0.1) Gecko/20100101 Firefox/9.0.1"
80.198.63.143 - - [17/Nov/2017:23:58:35 +0000] "GET /category/software HTTP/1.1" 200 123 "/category/giftcards" "Mozilla/5.0 (iPhone; CPU iPhone OS 5_0_1 like Mac OS X) AppleWebKit/534.46 (KHTML, like Gecko) Version/5.1 Mobile/9A405 Safari/7534.48.3"
224.150.137.59 - - [17/Nov/2017:23:58:40 +0000] "GET /category/books HTTP/1.1" 200 122 "-" "Mozilla/5.0 (Windows NT 6.1; WOW64) AppleWebKit/535.7 (KHTML, like Gecko) Chrome/16.0.912.77 Safari/535.7"
172.33.83.66 - - [17/Nov/2017:23:58:45 +0000] "POST /search/?c=Electronics+Toys HTTP/1.1" 200 128 "-" "Mozilla/5.0 (Windows NT 6.1; WOW64) AppleWebKit/535.11 (KHTML, like Gecko) Chrome/17.0.963.56 Safari/535.11"
184.30.98.141 - - [17/Nov/2017:23:58:50 +0000] "GET /category/giftcards HTTP/1.1" 200 126 "/category/electronics" "Mozilla/4.0 (compatible; MSIE 8.0; Windows NT 5.1; Trident/4.0; YTB720; GTB7.2; .NET CLR 1.1.4322; .NET CLR 2.0.50727; .NET CLR 3.0.4506.2152; .NET CLR 3.5.30729)"
204.162.85.31 - - [17/Nov/2017:23:58:55 +0000] "GET /category/office HTTP/1.1" 200 126 "-" "Mozilla/4.0 (compatible; MSIE 8.0; Windows NT 5.1; Trident/4.0; YTB720; GTB7.2; .NET CLR 1.1.4322; .NET CLR 2.0.50727; .NET CLR 3.0.4506.2152; .NET CLR 3.5.30729)"
72.123.67.110 - - [17/Nov/2017:23:59:00 +0000] "GET /category/electronics?from=20 HTTP/1.1" 200 88 "/category/office" "Mozilla/5.0 (iPhone; CPU iPhone OS 5_0_1 like Mac OS X) AppleWebKit/534.46 (KHTML, like Gecko) Version/5.1 Mobile/9A405 Safari/7534.48.3"
208.138.152.63 - - [17/Nov/2017:23:59:05 +0000] "POST /search/?c=Electronics+Books HTTP/1.1" 200 96 "-" "Mozilla/5.0 (Windows NT 6.0; rv:10.0.1) Gecko/20100101 Firefox/10.0.1"
36.180.97.199 - - [17/Nov/2017:23:59:10 +0000] "GET /item/giftcards/119 HTTP/1.1" 200 93 "/item/health/4591" "Mozilla/4.0 (compatible; MSIE 8.0; Windows NT 6.1; Trident/4.0; YTB730; SLCC2; .NET CLR 2.0.50727; .NET CLR 3.5.30729; .NET CLR 3.0.30729; Media Center PC 6.0; .NET4.0C)"
20.120.111.64 - - [17/Nov/2017:23:59:15 +0000] "GET /item/giftcards/2757 HTTP/1.1" 200 50 "/category/software" "Mozilla/5.0 (compatible; MSIE 9.0; Windows NT 6.1; WOW64; Trident/5.0)"
220.222.196.154 - - [17/Nov/2017:23:59:20 +0000] "GET /category/software HTTP/1.1" 200 114 "/category/jewelry" "Mozilla/5.0 (compatible; Googlebot/2.1; +http://www.google.com/bot.html)"
28.66.41.90 - - [17/Nov/2017:23:59:25 +0000] "GET /category/software HTTP/1.1" 200 119 "/item/garden/4383" "Mozilla/5.0 (Macintosh; Intel Mac OS X 10.6; rv:9.0.1) Gecko/20100101 Firefox/9.0.1"
36.183.156.215 - - [17/Nov/2017:23:59:30 +0000] "GET /category/books HTTP/1.1" 200 84 "-" "Mozilla/5.0 (Windows NT 6.0; rv:10.0.1) Gecko/20100101 Firefox/10.0.1"
44.60.152.105 - - [17/Nov/2017:23:59:35 +0000] "GET /category/books HTTP/1.1" 200 80 "-" "Mozilla/5.0 (Windows NT 6.0; rv:10.0.1) Gecko/20100101 Firefox/10.0.1"
140.216.85.20 - - [17/Nov/2017:23:59:40 +0000] "GET /item/games/1697 HTTP/1.1" 200 63 "/item/electronics/3574" "Mozilla/5.0 (Windows NT 6.1; WOW64; rv:10.0.1) Gecko/20100101 Firefox/10.0.1"
112.93.23.140 - - [17/Nov/2017:23:59:45 +0000] "GET /item/giftcards/2757 HTTP/1.1" 200 50 "/category/giftcards" "Mozilla/5.0 (Windows NT 6.0; rv:10.0.1) Gecko/20100101 Firefox/10.0.1"
208.171.120.182 - - [17/Nov/2017:23:59:50 +0000] "GET /category/computers HTTP/1.1" 200 114 "-" "Mozilla/5.0 (compatible; Googlebot/2.1; +http://www.google.com/bot.html)"
184.135.39.104 - - [17/Nov/2017:23:59:55 +0000] "GET /item/games/152 HTTP/1.1" 200 133 "-" "Mozilla/5.0 (Windows NT 6.1; WOW64) AppleWebKit/535.7 (KHTML, like Gecko) Chrome/16.0.912.77 Safari/535.7"
